# freecell — v89 free-cell substance test (exp=blob)
# laws = laws_V2g VERBATIM (defaults): C=1 w1=1.65 w2=2.9 q_detune=1.2
# gamma_res=0.25 gamma_res_m=0.1 p_gate=8 lock_floor=0.005 k_dep=1.2 k_dep_m=2 cap=2.5
# e_s0=1 es_floor=0.05 e_cond=0 f_conv=0.25 f_evap=0.5 s_pull=0.15
# kappa_lock=1 kappa_align=0.5 s_k=0.06 s_disp=0.3 sigma_tumble=0.01
# comb_limit=6 rough_k=0.35 gamma_rough=0.5 mob_sym=1 mob_floor=0.004 field_J=1.8
# quant_A0=1.15 quant_mode=2 (A0eff=1.15)
# v91 radiance (laws_V3r candidate A): k_rad=0 p_rad=4 rad_clock=0
# v91 cantus (coherent-channel candidate B): k_cant=0 k_tune=0 cant_tau=50 cant_seed=0 cant_grow=1
# v91 registry (exchange-registry lane, REGISTRY.md): reg_tau=0 reg_gate=0 reg_f0=0
# v91 identity (parcel-identity lane, IDENTITY.md): par_tau=0 par_gate=0 par_form=0 par_lo=0.002 par_hi=0.02 par_mature=400
# v91 workfn (emergent-threshold lane, WORKFN.md): wf_on=1 wf_floor=0.01 wf_far=99
# v91 amplitude (field-side-identity lane Phase M, AMPLITUDE.md): amp_tau=0
# v92 amplitude Phase L lane L-1 (L0_DESIGN.md): amp_drv=0 amp_mmin=2
# QUENCH-2 apparatus: conf_r=0 conf_gap=0.3 conf_th=1.6 conf_pinw=3 spin_m=0 imp_k=0 qp_phase=0
# HORIZON apparatus (HORIZON.md): bh_r=0 bh_k=1 bh_sep=0
# FLOW apparatus (FLOW.md): bed_k=0 bed_tau=30
# GEOMETRY (apparatus): cfac=1.15 k_rep=1 mob_geo=1 kappa_bond=1 freeze_geo=0
# bath=1 bath_frac=1 jam_sweeps=800 jam_k=0.1 L=16 dt=0.02 T=80 seed=111 diag_every=200
# JAM sweeps=800 max_step=1.449e-04 (tol 1.0e-04, k_end=0.0010) — witness for the settle
# SEED blob: amp=0.5 sigma=2.5 kx=1.1 tagged=620 (add>5% of amp)
# INIT NC=2663 slots=25030 live=20014 phi_nom=1.6685 z_live=15.03 dbar=1.4077 sigma_d=14.50% E0=2742.803485306
#
# t | drift_rel | phi_nom z_live NLa NLd births deaths | dbar sigma_d% | maxstep maxbond | Em_tag ret com_dev rms conn z_tag | pair: d delta gf gb | core/far
t=    0.00 +0.00e+00 | 1.6685 15.03  20014    0      0      0 | 1.4077 14.50 | 0.00e+00 0.00e+00 |  81.7142 1.0000  0.0168  3.8197 1.000 14.85 | es_core/far=0.9324
t=    4.00 +0.00e+00 | 1.6685 15.66  20855    8   1339   1132 | 1.4216 14.66 | 2.10e-03 2.07e-03 |  80.3921 0.9838  0.1328  3.8023 1.000 15.59 | es_core/far=0.9185
t=    8.00 +0.00e+00 | 1.6684 15.91  21185   34   2086   1754 | 1.4272 14.74 | 1.76e-03 6.34e-03 |  78.0325 0.9549  0.2710  3.8338 1.000 15.74 | es_core/far=0.9075
t=   12.00 +0.00e+00 | 1.6684 16.08  21415   31   2602   2231 | 1.4309 14.80 | 1.68e-03 5.23e-03 |  76.1789 0.9323  0.3608  3.8545 1.000 15.94 | es_core/far=0.8876
t=   16.00 +0.00e+00 | 1.6684 16.18  21550   27   3025   2633 | 1.4332 14.83 | 2.36e-03 8.18e-03 |  74.9643 0.9174  0.3998  3.8570 1.000 16.02 | es_core/far=0.9262
t=   20.00 +0.00e+00 | 1.6684 16.28  21672   26   3433   2998 | 1.4350 14.85 | 4.84e-03 1.15e-02 |  73.7141 0.9021  0.4019  3.8720 1.000 16.09 | es_core/far=0.9406
t=   24.00 +0.00e+00 | 1.6684 16.29  21686   26   3825   3323 | 1.4354 14.86 | 4.70e-03 1.14e-02 |  72.5096 0.8874  0.3817  3.8452 1.000 16.08 | es_core/far=0.9421
t=   28.00 +0.00e+00 | 1.6684 16.35  21769   23   4166   3669 | 1.4366 14.86 | 6.03e-03 1.52e-02 |  71.8531 0.8793  0.3526  3.8446 1.000 16.14 | es_core/far=0.9372
t=   32.00 +0.00e+00 | 1.6684 16.38  21808   23   4549   4031 | 1.4372 14.87 | 5.63e-03 1.57e-02 |  71.3076 0.8726  0.3625  3.8527 1.000 16.16 | es_core/far=0.9383
t=   36.00 +0.00e+00 | 1.6684 16.42  21857   21   4867   4352 | 1.4380 14.88 | 2.00e-03 1.00e-02 |  70.9436 0.8682  0.3492  3.8463 1.000 16.19 | es_core/far=0.9400
t=   40.00 +0.00e+00 | 1.6684 16.44  21887   12   5145   4648 | 1.4385 14.89 | 3.26e-03 1.05e-02 |  70.4802 0.8625  0.3552  3.8535 1.000 16.19 | es_core/far=0.9326
t=   44.00 +0.00e+00 | 1.6684 16.46  21922   19   5402   4880 | 1.4391 14.90 | 2.40e-03 8.24e-03 |  69.9035 0.8555  0.3615  3.8394 1.000 16.20 | es_core/far=0.9327
t=   48.00 +0.00e+00 | 1.6684 16.49  21963   10   5646   5134 | 1.4397 14.91 | 1.47e-03 6.55e-03 |  69.5116 0.8507  0.3853  3.8464 1.000 16.24 | es_core/far=0.9319
t=   52.00 +0.00e+00 | 1.6684 16.50  21976    5   5909   5374 | 1.4400 14.92 | 4.52e-03 1.05e-02 |  69.2653 0.8477  0.4282  3.8294 1.000 16.22 | es_core/far=0.9306
t=   56.00 +0.00e+00 | 1.6684 16.52  21992   17   6194   5657 | 1.4401 14.91 | 3.37e-03 9.29e-03 |  68.5159 0.8385  0.4189  3.8142 1.000 16.23 | es_core/far=0.9370
t=   60.00 +0.00e+00 | 1.6684 16.52  21990   12   6440   5932 | 1.4401 14.90 | 5.03e-03 1.23e-02 |  68.2648 0.8354  0.4387  3.7934 1.000 16.22 | es_core/far=0.9386
t=   64.00 +1.66e-16 | 1.6684 16.53  22005   10   6721   6204 | 1.4403 14.90 | 3.10e-03 1.39e-02 |  68.1062 0.8335  0.4689  3.7990 1.000 16.25 | es_core/far=0.9323
t=   68.00 +0.00e+00 | 1.6684 16.53  22015   14   6970   6435 | 1.4404 14.91 | 3.82e-03 8.58e-03 |  67.6219 0.8275  0.4631  3.7759 1.000 16.27 | es_core/far=0.9269
t=   72.00 +0.00e+00 | 1.6684 16.55  22035    9   7255   6723 | 1.4407 14.91 | 3.70e-03 1.14e-02 |  67.2872 0.8234  0.4569  3.7814 1.000 16.27 | es_core/far=0.9314
t=   76.00 +0.00e+00 | 1.6684 16.56  22055    6   7511   6983 | 1.4410 14.91 | 6.02e-03 1.82e-02 |  67.0605 0.8207  0.4593  3.7954 1.000 16.27 | es_core/far=0.9311
t=   80.00 +0.00e+00 | 1.6685 16.59  22089    7   7742   7210 | 1.4414 14.91 | 4.13e-03 9.53e-03 |  66.9431 0.8192  0.4714  3.8014 1.000 16.34 | es_core/far=0.9132
#
# RESULT drift_rel 0.000e+00
# RESULT births 7742 deaths 7210 beta_returns 0 beta_energy 0.000000e+00
# RESULT conv rough=0.000000 cond=0.000000 evap=0.000000 backs=0.000000 rad=0.000000
# RESULT credit qcnvD=0.000000 qcnvF=143.635054
# RESULT geometry phi_nom=1.6685 z_live=16.59 dbar=1.4414 sigma_d=0.1491
# RESULT es_shells 0.9113 0.9213 0.9438 0.9627 0.9823 0.9946 0.9990 1.0000
# RESULT blob Em_tag=66.94309 com=(7.532,7.985,7.944) rms=3.8014 conn=1.0000 z_tag=16.34
# RESULT blob_drift speed=0.003138 cos_to_kdir=-0.9394 v=(-2.95e-03,6.45e-04,-8.60e-04)
