# freecell — v89 free-cell substance test (exp=blob)
# laws = laws_V2g VERBATIM (defaults): C=1 w1=1.65 w2=2.9 q_detune=1.2
# gamma_res=0.25 gamma_res_m=0.1 p_gate=8 lock_floor=0.005 k_dep=1.2 k_dep_m=2 cap=2.5
# e_s0=1 es_floor=0.05 e_cond=0 f_conv=0.25 f_evap=0.5 s_pull=0.15
# kappa_lock=1 kappa_align=0.5 s_k=0.06 s_disp=0.3 sigma_tumble=0.01
# comb_limit=6 rough_k=0.35 gamma_rough=0.5 mob_sym=1 mob_floor=0.004 field_J=1.8
# quant_A0=1.15 quant_mode=2 (A0eff=1.15)
# v91 radiance (laws_V3r candidate A): k_rad=0 p_rad=4 rad_clock=0
# v91 cantus (coherent-channel candidate B): k_cant=0 k_tune=0 cant_tau=50 cant_seed=0 cant_grow=1
# v91 registry (exchange-registry lane, REGISTRY.md): reg_tau=0 reg_gate=0 reg_f0=0
# v91 identity (parcel-identity lane, IDENTITY.md): par_tau=0 par_gate=0 par_form=0 par_lo=0.002 par_hi=0.02 par_mature=400
# v91 workfn (emergent-threshold lane, WORKFN.md): wf_on=1 wf_floor=0.01 wf_far=99
# v91 amplitude (field-side-identity lane Phase M, AMPLITUDE.md): amp_tau=0
# v92 amplitude Phase L lane L-1 (L0_DESIGN.md): amp_drv=0 amp_mmin=2
# QUENCH-2 apparatus: conf_r=0 conf_gap=0.3 conf_th=1.6 conf_pinw=3 spin_m=0 imp_k=0 qp_phase=0
# HORIZON apparatus (HORIZON.md): bh_r=0 bh_k=1 bh_sep=0
# FLOW apparatus (FLOW.md): bed_k=0 bed_tau=30
# GEOMETRY (apparatus): cfac=1.15 k_rep=1 mob_geo=1 kappa_bond=1 freeze_geo=0
# bath=1 bath_frac=1 jam_sweeps=800 jam_k=0.1 L=24 dt=0.02 T=120 seed=111 diag_every=500
# JAM sweeps=800 max_step=1.793e-04 (tol 1.0e-04, k_end=0.0010) — witness for the settle
# SEED blob: amp=0.5 sigma=2.5 kx=1.1 tagged=617 (add>5% of amp)
# INIT NC=9078 slots=86379 live=68497 phi_nom=1.6920 z_live=15.09 dbar=1.4049 sigma_d=14.66% E0=9158.481961448
#
# t | drift_rel | phi_nom z_live NLa NLd births deaths | dbar sigma_d% | maxstep maxbond | Em_tag ret com_dev rms conn z_tag | pair: d delta gf gb | core/far
t=    0.00 +0.00e+00 | 1.6920 15.09  68497    0      0      0 | 1.4049 14.66 | 0.00e+00 0.00e+00 |  81.9328 1.0000  0.0103  3.8109 1.000 14.80 | es_core/far=0.9325
t=   10.00 +0.00e+00 | 1.6920 16.24  73707   84   8807   7552 | 1.4306 14.99 | 2.67e-03 8.03e-03 |  76.2619 0.9308  0.2576  3.8231 1.000 16.07 | es_core/far=0.8924
t=   20.00 -1.99e-16 | 1.6920 16.50  74911  104  12694  10884 | 1.4363 15.06 | 2.27e-03 8.35e-03 |  72.1727 0.8809  0.3394  3.8402 1.000 16.28 | es_core/far=0.8688
t=   30.00 -1.99e-16 | 1.6920 16.64  75537   85  15289  13287 | 1.4392 15.09 | 2.51e-03 9.23e-03 |  70.8431 0.8646  0.3652  3.8730 1.000 16.41 | es_core/far=0.8886
t=   40.00 -1.99e-16 | 1.6920 16.73  75919   64  17292  15157 | 1.4410 15.12 | 3.44e-03 1.02e-02 |  68.9304 0.8413  0.3452  3.8476 1.000 16.39 | es_core/far=0.8805
