# freecell — v89 free-cell substance test (exp=blob)
# laws = laws_V2g VERBATIM (defaults): C=1 w1=1.65 w2=2.9 q_detune=1.2
# gamma_res=0.25 gamma_res_m=0.1 p_gate=8 lock_floor=0.005 k_dep=1.2 k_dep_m=2 cap=2.5
# e_s0=1 es_floor=0.05 e_cond=0 f_conv=0.25 f_evap=0.5 s_pull=0.15
# kappa_lock=1 kappa_align=0.5 s_k=0.06 s_disp=0.3 sigma_tumble=0.01
# comb_limit=6 rough_k=0.35 gamma_rough=0.5 mob_sym=1 mob_floor=0.004 field_J=1.8
# quant_A0=1.15 quant_mode=2 (A0eff=1.15)
# v91 radiance (laws_V3r candidate A): k_rad=0 p_rad=4 rad_clock=0
# v91 cantus (coherent-channel candidate B): k_cant=0 k_tune=0 cant_tau=50 cant_seed=0 cant_grow=1
# v91 registry (exchange-registry lane, REGISTRY.md): reg_tau=0 reg_gate=0 reg_f0=0
# v91 identity (parcel-identity lane, IDENTITY.md): par_tau=0 par_gate=0 par_form=0 par_lo=0.002 par_hi=0.02 par_mature=400
# v91 workfn (emergent-threshold lane, WORKFN.md): wf_on=1 wf_floor=0.01 wf_far=99
# v91 amplitude (field-side-identity lane Phase M, AMPLITUDE.md): amp_tau=30
# v92 amplitude Phase L lane L-1 (L0_DESIGN.md): amp_drv=0.1 amp_mmin=1
# QUENCH-2 apparatus: conf_r=0 conf_gap=0.3 conf_th=1.6 conf_pinw=3 spin_m=0 imp_k=0 qp_phase=0
# HORIZON apparatus (HORIZON.md): bh_r=0 bh_k=1 bh_sep=0
# FLOW apparatus (FLOW.md): bed_k=0 bed_tau=30
# GEOMETRY (apparatus): cfac=1.15 k_rep=1 mob_geo=1 kappa_bond=1 freeze_geo=0
# bath=1 bath_frac=1 jam_sweeps=800 jam_k=0.1 L=16 dt=0.02 T=80 seed=20260802 diag_every=200
# JAM sweeps=800 max_step=1.402e-04 (tol 1.0e-04, k_end=0.0010) — witness for the settle
# SEED blob: amp=0.5 sigma=2.5 kx=1.1 tagged=629 (add>5% of amp)
# INIT NC=2700 slots=25884 live=20764 phi_nom=1.6968 z_live=15.38 dbar=1.4102 sigma_d=14.78% E0=2780.845839558
#
# t | drift_rel | phi_nom z_live NLa NLd births deaths | dbar sigma_d% | maxstep maxbond | Em_tag ret com_dev rms conn z_tag | pair: d delta gf gb | core/far
t=    0.00 +0.00e+00 | 1.6968 15.38  20764    0      0      0 | 1.4102 14.78 | 0.00e+00 0.00e+00 |  82.7751 1.0000  0.0080  3.8202 1.000 15.07 | es_core/far=0.9303
# AMP t=0.00 tp n=0 rho=[0.000 0.000 0.000 0.000] mag=0.00000 | ba n=0 rho=[0.000 0.000 0.000 0.000] mag=0.00000
t=    4.00 +0.00e+00 | 1.6968 15.98  21574    7   1196   1102 | 1.4230 14.92 | 2.12e-03 2.76e-03 |  81.6104 0.9859  0.1336  3.8162 1.000 15.76 | es_core/far=0.9158
# AMP t=4.00 tp n=4029 rho=[0.951 0.989 0.997 1.000] mag=0.00041 | ba n=15468 rho=[0.924 0.988 0.998 1.000] mag=0.00018
t=    8.00 +0.00e+00 | 1.6968 16.18  21849   42   1984   1708 | 1.4279 15.00 | 1.63e-03 1.11e-02 |  79.0391 0.9549  0.2141  3.8439 1.000 15.97 | es_core/far=0.9381
# AMP t=8.00 tp n=4215 rho=[0.865 0.959 0.986 0.996] mag=0.00104 | ba n=16248 rho=[0.726 0.940 0.986 0.996] mag=0.00041
t=   12.00 +1.64e-16 | 1.6968 16.37  22094   40   2546   2221 | 1.4316 15.04 | 1.81e-03 1.30e-02 |  77.0925 0.9313  0.2447  3.8615 1.000 16.21 | es_core/far=0.9381
# AMP t=12.00 tp n=4349 rho=[0.808 0.931 0.974 0.990] mag=0.00197 | ba n=16614 rho=[0.639 0.892 0.973 0.991] mag=0.00066
t=   16.00 +1.64e-16 | 1.6968 16.48  22250   36   3026   2681 | 1.4339 15.06 | 6.63e-03 1.90e-02 |  75.9642 0.9177  0.2864  3.8859 1.000 16.30 | es_core/far=0.9246
# AMP t=16.00 tp n=4398 rho=[0.771 0.901 0.960 0.983] mag=0.00317 | ba n=16861 rho=[0.589 0.849 0.959 0.986] mag=0.00095
t=   20.00 +1.64e-16 | 1.6968 16.55  22345   29   3444   3048 | 1.4352 15.06 | 5.04e-03 1.38e-02 |  74.9636 0.9056  0.2773  3.8941 1.000 16.30 | es_core/far=0.9171
# AMP t=20.00 tp n=4440 rho=[0.738 0.868 0.944 0.975] mag=0.00443 | ba n=17012 rho=[0.559 0.816 0.944 0.980] mag=0.00127
t=   24.00 +1.64e-16 | 1.6968 16.60  22416   21   3781   3380 | 1.4363 15.07 | 1.78e-03 7.93e-03 |  74.2679 0.8972  0.2646  3.8958 1.000 16.34 | es_core/far=0.9107
# AMP t=24.00 tp n=4476 rho=[0.715 0.843 0.926 0.967] mag=0.00563 | ba n=17133 rho=[0.544 0.787 0.927 0.974] mag=0.00163
t=   28.00 +1.64e-16 | 1.6968 16.62  22439   23   4101   3704 | 1.4367 15.08 | 2.56e-03 9.02e-03 |  73.7876 0.8914  0.2510  3.8954 1.000 16.32 | es_core/far=0.9002
# AMP t=28.00 tp n=4477 rho=[0.700 0.819 0.910 0.957] mag=0.00678 | ba n=17225 rho=[0.533 0.763 0.911 0.967] mag=0.00211
t=   32.00 +1.64e-16 | 1.6969 16.65  22482   18   4428   4004 | 1.4374 15.08 | 2.68e-03 9.80e-03 |  73.1963 0.8843  0.2459  3.9067 1.000 16.39 | es_core/far=0.8918
# AMP t=32.00 tp n=4497 rho=[0.696 0.807 0.894 0.948] mag=0.00751 | ba n=17303 rho=[0.527 0.742 0.896 0.960] mag=0.00257
t=   36.00 +1.64e-16 | 1.6969 16.68  22522   17   4715   4303 | 1.4379 15.08 | 6.40e-03 1.55e-02 |  72.5744 0.8768  0.2459  3.8985 1.000 16.43 | es_core/far=0.8928
# AMP t=36.00 tp n=4519 rho=[0.688 0.795 0.883 0.939] mag=0.00832 | ba n=17346 rho=[0.522 0.727 0.880 0.954] mag=0.00308
t=   40.00 +1.64e-16 | 1.6969 16.72  22578   21   4997   4600 | 1.4387 15.09 | 9.29e-03 2.19e-02 |  72.0496 0.8704  0.2566  3.8809 1.000 16.47 | es_core/far=0.9013
# AMP t=40.00 tp n=4530 rho=[0.681 0.788 0.871 0.931] mag=0.00903 | ba n=17405 rho=[0.514 0.714 0.866 0.945] mag=0.00355
t=   44.00 +1.64e-16 | 1.6969 16.72  22577   10   5273   4860 | 1.4388 15.09 | 2.30e-03 8.22e-03 |  71.6565 0.8657  0.2540  3.8882 1.000 16.45 | es_core/far=0.9076
# AMP t=44.00 tp n=4531 rho=[0.678 0.780 0.861 0.922] mag=0.00954 | ba n=17444 rho=[0.513 0.703 0.853 0.937] mag=0.00398
t=   48.00 +1.64e-16 | 1.6969 16.73  22591   14   5563   5133 | 1.4391 15.10 | 4.65e-03 1.18e-02 |  70.9863 0.8576  0.2521  3.8826 1.000 16.45 | es_core/far=0.9161
# AMP t=48.00 tp n=4537 rho=[0.672 0.772 0.851 0.916] mag=0.00983 | ba n=17478 rho=[0.511 0.695 0.839 0.926] mag=0.00449
t=   52.00 +1.64e-16 | 1.6969 16.75  22614   15   5813   5383 | 1.4395 15.10 | 5.35e-03 1.29e-02 |  70.8775 0.8563  0.2775  3.8814 1.000 16.51 | es_core/far=0.9146
# AMP t=52.00 tp n=4552 rho=[0.670 0.765 0.844 0.909] mag=0.01001 | ba n=17500 rho=[0.510 0.689 0.827 0.920] mag=0.00494
t=   56.00 +1.64e-16 | 1.6969 16.79  22669   10   6072   5662 | 1.4402 15.11 | 3.13e-03 9.19e-03 |  70.3834 0.8503  0.2834  3.8554 1.000 16.56 | es_core/far=0.9119
# AMP t=56.00 tp n=4561 rho=[0.668 0.761 0.836 0.903] mag=0.01011 | ba n=17520 rho=[0.505 0.679 0.816 0.909] mag=0.00538
t=   60.00 +1.64e-16 | 1.6969 16.83  22715   13   6351   5916 | 1.4407 15.11 | 3.23e-03 1.11e-02 |  69.9401 0.8449  0.2916  3.8422 1.000 16.58 | es_core/far=0.9087
# AMP t=60.00 tp n=4563 rho=[0.662 0.755 0.832 0.897] mag=0.01011 | ba n=17561 rho=[0.500 0.671 0.806 0.902] mag=0.00577
t=   64.00 +1.64e-16 | 1.6969 16.83  22720   13   6599   6144 | 1.4409 15.12 | 4.18e-03 1.16e-02 |  69.4615 0.8392  0.2763  3.8419 1.000 16.56 | es_core/far=0.9104
# AMP t=64.00 tp n=4558 rho=[0.661 0.752 0.826 0.893] mag=0.01023 | ba n=17576 rho=[0.497 0.664 0.797 0.894] mag=0.00609
t=   68.00 +1.64e-16 | 1.6969 16.84  22734    9   6832   6405 | 1.4410 15.12 | 3.91e-03 1.19e-02 |  69.0763 0.8345  0.2734  3.8492 1.000 16.55 | es_core/far=0.8939
# AMP t=68.00 tp n=4559 rho=[0.661 0.748 0.821 0.889] mag=0.01045 | ba n=17586 rho=[0.496 0.655 0.786 0.886] mag=0.00644
t=   72.00 +1.64e-16 | 1.6969 16.84  22732   13   7135   6684 | 1.4410 15.11 | 3.47e-03 8.49e-03 |  68.5789 0.8285  0.2619  3.8456 1.000 16.54 | es_core/far=0.8781
# AMP t=72.00 tp n=4555 rho=[0.656 0.745 0.818 0.886] mag=0.01053 | ba n=17596 rho=[0.493 0.648 0.776 0.878] mag=0.00673
t=   76.00 +1.64e-16 | 1.6969 16.84  22736    8   7429   6977 | 1.4412 15.12 | 4.39e-03 1.26e-02 |  68.2745 0.8248  0.2643  3.8339 1.000 16.56 | es_core/far=0.8842
# AMP t=76.00 tp n=4548 rho=[0.653 0.741 0.814 0.880] mag=0.01072 | ba n=17611 rho=[0.492 0.643 0.770 0.872] mag=0.00708
t=   80.00 +1.64e-16 | 1.6968 16.84  22738   16   7716   7253 | 1.4412 15.12 | 2.85e-03 1.09e-02 |  67.9177 0.8205  0.2779  3.8384 1.000 16.56 | es_core/far=0.8853
# AMP t=80.00 tp n=4554 rho=[0.651 0.738 0.810 0.877] mag=0.01078 | ba n=17620 rho=[0.491 0.636 0.760 0.862] mag=0.00742
#
# RESULT drift_rel 1.635e-16
# RESULT births 7716 deaths 7253 beta_returns 0 beta_energy 0.000000e+00
# RESULT conv rough=0.000000 cond=0.000000 evap=0.000000 backs=0.000000 rad=0.000000
# RESULT credit qcnvD=0.000000 qcnvF=161.513638
# RESULT amp tp n=4554 rho=[0.6515 0.7380 0.8104 0.8767] mag=0.010776 | ba n=17620 rho=[0.4905 0.6362 0.7602 0.8623] mag=0.007420
# RESULT geometry phi_nom=1.6968 z_live=16.84 dbar=1.4412 sigma_d=0.1512
# RESULT es_shells 0.8829 0.9241 0.9345 0.9699 0.9851 0.9938 0.9977 1.0001
# RESULT blob Em_tag=67.91768 com=(7.733,7.922,8.001) rms=3.8384 conn=1.0000 z_tag=16.56
# RESULT blob_drift speed=0.001795 cos_to_kdir=-0.0825 v=(-1.48e-04,-1.61e-03,-7.82e-04)
