# cellfab — v89 cell-fabric kernel (no lattice, no prior code)
# cfg seed=20260727 mode=field init=pairs
# cfg L=30 dmin=1.25 r0=0.85 rjit=0.06
# cfg C=1 w1=1.65 w2=2.9 q_detune=1.2 gamma_res=0.25 gamma_res_m=0.1 p_gate=8
# cfg lock_floor=0.005
# cfg k_dep=1.2 k_dep_m=2 cap=2.5 e_s0=1 es_floor=0.05
# cfg e_cond=0 f_conv=0.25 f_evap=0.5 s_pull=0.15
# cfg kappa_lock=1 kappa_align=0.5 kappa_freq=0 kappa_reac=0 sigma_tumble=0.01
# cfg space: s_k=0.06 s_disp=0.3 es_gx=0
# cfg dt=0.02 T=80 diag_every=500 snap_every=0
# cfg center=(-1,-1,-1) amp=1 sigma=2.5 k=(0,0,0) prealign=0 noise_amp=0
# cfg music: comb_limit=6 rough_k=0.35 gamma_rough=0.5 mob_sym=1 mob_floor=0.004
# cfg field sector: two-component signed amplitude, unitary hops, field_J=1.8
# cfg ledger: mode=3 u=1.000e-12 (cellfabi INT_LEDGER)
# cfg pairs: n=60 x0=0.34 x1=0.34 pq=1:1 seedlock=1 d=[1,1.55] gap=5
# GEOM relax start: NC=9741 contact_floor=1.5200 sweeps=800 k=0.3
# GEOM relax done: residual_close_pairs=23624 (below floor 1.5200)
# GEOM links: NL=37058 dbar=1.5437 sigma_d=0.0465 (3.01%)
# action atom: A0=1.1500 (dbar=1.5437) mode=2 — eps(w)=A0*w/2pi; atoms at mode boundaries, transport continuous
# edge coloring: 14 colors for 37058 links
# pairs: seeded 60 of 60 requested, d=[1,1.55], x0=0.34, phases=locked
# fabric: cells=9741 channels=37058 mean_degree=7.61 box=30 dmin=1.25
# LEDGER seed mode=3 u=1.000e-12 E0_int=9848934782608720 NC=9741 NL=37058
# LEDGER seed mode=3 u=1.000e-12 E0_int=9848934782608720 NC=9741 NL=37058
# t	E_space	E_dense	E_field	E_transfer	E_total	rel_drift	live_ch	cm_x	cm_y	cm_z	contain	front_r	r_core	defA	r_far	r_ratio	w_core	w_far
0.000	9724.80978	124.125	0	0	9848.93478261	0.000e+00	36181	14.777	15.358	16.098	0.029	0.0000	0.8431	0	0.8493	0.9927	1.65000	1.64312	0.0000	0.0000	0.0000	0	0	0	0	0	0
# CONV t=0.00 cond=0 evap=0 rough=0 back_s=0
# LEDGER t=0.000 mode=3 sum_err=0 max|E-iEu|=4.783e-13 run_max_diff=0.000e+00 run_max_sum_err=0 steps=0 E0_int=9848934782608720 sum=9848934782608720
# PAIR t=0.0 p=0 d=1.518 pq=1:1 delta=-0.029 x=0.340 ratio=1.0000 dth=-0.000 gg=0.9983 fl=0.000 ret=1.000 shed=0.000 act=0.0000 flq=0.00
# PAIR t=0.0 p=1 d=1.518 pq=1:1 delta=-0.045 x=0.343 ratio=0.9958 dth=+0.000 gg=0.9959 fl=0.000 ret=1.000 shed=0.000 act=0.0000 flq=0.00
# PAIR t=0.0 p=2 d=1.518 pq=1:1 delta=-0.058 x=0.345 ratio=0.9915 dth=+0.000 gg=0.9934 fl=0.000 ret=1.000 shed=0.000 act=0.0000 flq=0.00
# PAIR t=0.0 p=3 d=1.519 pq=1:1 delta=-0.063 x=0.348 ratio=0.9874 dth=-0.000 gg=0.9920 fl=0.000 ret=1.000 shed=0.000 act=0.0000 flq=0.00
# PAIR t=0.0 p=4 d=1.519 pq=1:1 delta=-0.078 x=0.350 ratio=0.9832 dth=+0.000 gg=0.9878 fl=0.000 ret=1.000 shed=0.000 act=0.0000 flq=0.00
# PAIR t=0.0 p=5 d=1.522 pq=1:1 delta=-0.078 x=0.353 ratio=0.9791 dth=-0.000 gg=0.9878 fl=0.000 ret=1.000 shed=0.000 act=0.0000 flq=0.00
# PAIR t=0.0 p=6 d=1.520 pq=1:1 delta=-0.101 x=0.355 ratio=0.9751 dth=+0.000 gg=0.9800 fl=0.000 ret=1.000 shed=0.000 act=0.0000 flq=0.00
# PAIR t=0.0 p=7 d=1.520 pq=1:1 delta=-0.113 x=0.358 ratio=0.9710 dth=-0.000 gg=0.9746 fl=0.000 ret=1.000 shed=0.000 act=0.0000 flq=0.00
# PAIR t=0.0 p=8 d=1.519 pq=1:1 delta=-0.129 x=0.360 ratio=0.9670 dth=+0.000 gg=0.9672 fl=0.000 ret=1.000 shed=0.000 act=0.0000 flq=0.00
# PAIR t=0.0 p=9 d=1.520 pq=1:1 delta=-0.139 x=0.363 ratio=0.9631 dth=-0.000 gg=0.9620 fl=0.000 ret=1.000 shed=0.000 act=0.0000 flq=0.00
# PAIR t=0.0 p=10 d=1.520 pq=1:1 delta=-0.150 x=0.365 ratio=0.9591 dth=+0.000 gg=0.9562 fl=0.000 ret=1.000 shed=0.000 act=0.0000 flq=0.00
# PAIR t=0.0 p=11 d=1.519 pq=1:1 delta=-0.165 x=0.368 ratio=0.9552 dth=+0.000 gg=0.9471 fl=0.000 ret=1.000 shed=0.000 act=0.0000 flq=0.00
# PAIR t=0.0 p=12 d=1.519 pq=1:1 delta=-0.177 x=0.370 ratio=0.9514 dth=+0.000 gg=0.9390 fl=0.000 ret=1.000 shed=0.000 act=0.0000 flq=0.00
# PAIR t=0.0 p=13 d=1.520 pq=1:1 delta=-0.188 x=0.373 ratio=0.9475 dth=+0.000 gg=0.9318 fl=0.000 ret=1.000 shed=0.000 act=0.0000 flq=0.00
# PAIR t=0.0 p=14 d=1.520 pq=1:1 delta=-0.199 x=0.375 ratio=0.9437 dth=-0.000 gg=0.9236 fl=0.000 ret=1.000 shed=0.000 act=0.0000 flq=0.00
# PAIR t=0.0 p=15 d=1.520 pq=1:1 delta=-0.211 x=0.378 ratio=0.9399 dth=+0.000 gg=0.9147 fl=0.000 ret=1.000 shed=0.000 act=0.0000 flq=0.00
# PAIR t=0.0 p=16 d=1.519 pq=1:1 delta=-0.225 x=0.380 ratio=0.9362 dth=+0.000 gg=0.9037 fl=0.000 ret=1.000 shed=0.000 act=0.0000 flq=0.00
# PAIR t=0.0 p=17 d=1.518 pq=1:1 delta=-0.241 x=0.383 ratio=0.9325 dth=+0.000 gg=0.8901 fl=0.000 ret=1.000 shed=0.000 act=0.0000 flq=0.00
# PAIR t=0.0 p=18 d=1.519 pq=1:1 delta=-0.248 x=0.385 ratio=0.9288 dth=-0.000 gg=0.8840 fl=0.000 ret=1.000 shed=0.000 act=0.0000 flq=0.00
# PAIR t=0.0 p=19 d=1.520 pq=1:1 delta=-0.257 x=0.388 ratio=0.9251 dth=+0.000 gg=0.8757 fl=0.000 ret=1.000 shed=0.000 act=0.0000 flq=0.00
# PAIR t=0.0 p=20 d=1.518 pq=1:1 delta=-0.274 x=0.390 ratio=0.9215 dth=-0.000 gg=0.8604 fl=0.000 ret=1.000 shed=0.000 act=0.0000 flq=0.00
# PAIR t=0.0 p=21 d=1.520 pq=1:1 delta=-0.279 x=0.393 ratio=0.9179 dth=-0.000 gg=0.8550 fl=0.000 ret=1.000 shed=0.000 act=0.0000 flq=0.00
# PAIR t=0.0 p=22 d=1.518 pq=1:1 delta=-0.299 x=0.395 ratio=0.9143 dth=+0.000 gg=0.8359 fl=0.000 ret=1.000 shed=0.000 act=0.0000 flq=0.00
# PAIR t=0.0 p=23 d=1.549 pq=1:1 delta=-0.188 x=0.398 ratio=0.9107 dth=+0.000 gg=0.9316 fl=0.000 ret=1.000 shed=0.000 act=0.0000 flq=0.00
# PAIR t=0.0 p=24 d=1.519 pq=1:1 delta=-0.315 x=0.400 ratio=0.9072 dth=-0.000 gg=0.8189 fl=0.000 ret=1.000 shed=0.000 act=0.0000 flq=0.00
# PAIR t=0.0 p=25 d=1.520 pq=1:1 delta=-0.324 x=0.403 ratio=0.9037 dth=+0.000 gg=0.8096 fl=0.000 ret=1.000 shed=0.000 act=0.0000 flq=0.00
# PAIR t=0.0 p=26 d=1.519 pq=1:1 delta=-0.336 x=0.405 ratio=0.9003 dth=-0.000 gg=0.7968 fl=0.000 ret=1.000 shed=0.000 act=0.0000 flq=0.00
# PAIR t=0.0 p=27 d=1.520 pq=1:1 delta=-0.346 x=0.408 ratio=0.8968 dth=+0.000 gg=0.7857 fl=0.000 ret=1.000 shed=0.000 act=0.0000 flq=0.00
# PAIR t=0.0 p=28 d=1.520 pq=1:1 delta=-0.357 x=0.410 ratio=0.8934 dth=+0.000 gg=0.7744 fl=0.000 ret=1.000 shed=0.000 act=0.0000 flq=0.00
# PAIR t=0.0 p=29 d=1.519 pq=1:1 delta=-0.370 x=0.413 ratio=0.8900 dth=+0.000 gg=0.7589 fl=0.000 ret=1.000 shed=0.000 act=0.0000 flq=0.00
# PAIR t=0.0 p=30 d=1.517 pq=1:1 delta=-0.387 x=0.415 ratio=0.8866 dth=-0.000 gg=0.7403 fl=0.000 ret=1.000 shed=0.000 act=0.0000 flq=0.00
# PAIR t=0.0 p=31 d=1.516 pq=1:1 delta=-0.402 x=0.418 ratio=0.8833 dth=+0.000 gg=0.7226 fl=0.000 ret=1.000 shed=0.000 act=0.0000 flq=0.00
# PAIR t=0.0 p=32 d=1.520 pq=1:1 delta=-0.399 x=0.420 ratio=0.8800 dth=+0.000 gg=0.7256 fl=0.000 ret=1.000 shed=0.000 act=0.0000 flq=0.00
# PAIR t=0.0 p=33 d=1.519 pq=1:1 delta=-0.411 x=0.423 ratio=0.8767 dth=-0.000 gg=0.7112 fl=0.000 ret=1.000 shed=0.000 act=0.0000 flq=0.00
# PAIR t=0.0 p=34 d=1.527 pq=1:1 delta=-0.392 x=0.425 ratio=0.8734 dth=-0.000 gg=0.7335 fl=0.000 ret=1.000 shed=0.000 act=0.0000 flq=0.00
# PAIR t=0.0 p=35 d=1.540 pq=1:1 delta=-0.353 x=0.428 ratio=0.8702 dth=+0.000 gg=0.7786 fl=0.000 ret=1.000 shed=0.000 act=0.0000 flq=0.00
# PAIR t=0.0 p=36 d=1.519 pq=1:1 delta=-0.443 x=0.430 ratio=0.8670 dth=-0.000 gg=0.6731 fl=0.000 ret=1.000 shed=0.000 act=0.0000 flq=0.00
# PAIR t=0.0 p=37 d=1.519 pq=1:1 delta=-0.451 x=0.433 ratio=0.8638 dth=-0.000 gg=0.6639 fl=0.000 ret=1.000 shed=0.000 act=0.0000 flq=0.00
# PAIR t=0.0 p=38 d=1.519 pq=1:1 delta=-0.461 x=0.435 ratio=0.8606 dth=-0.000 gg=0.6518 fl=0.000 ret=1.000 shed=0.000 act=0.0000 flq=0.00
# PAIR t=0.0 p=39 d=1.519 pq=1:1 delta=-0.470 x=0.438 ratio=0.8575 dth=+0.000 gg=0.6399 fl=0.000 ret=1.000 shed=0.000 act=0.0000 flq=0.00
# PAIR t=0.0 p=40 d=1.520 pq=1:1 delta=-0.478 x=0.440 ratio=0.8544 dth=+0.000 gg=0.6298 fl=0.000 ret=1.000 shed=0.000 act=0.0000 flq=0.00
# PAIR t=0.0 p=41 d=1.518 pq=1:1 delta=-0.496 x=0.443 ratio=0.8513 dth=+0.000 gg=0.6088 fl=0.000 ret=1.000 shed=0.000 act=0.0000 flq=0.00
# PAIR t=0.0 p=42 d=1.535 pq=1:1 delta=-0.439 x=0.445 ratio=0.8482 dth=-0.000 gg=0.6774 fl=0.000 ret=1.000 shed=0.000 act=0.0000 flq=0.00
# PAIR t=0.0 p=43 d=1.520 pq=1:1 delta=-0.509 x=0.448 ratio=0.8451 dth=-0.000 gg=0.5928 fl=0.000 ret=1.000 shed=0.000 act=0.0000 flq=0.00
# PAIR t=0.0 p=44 d=1.520 pq=1:1 delta=-0.518 x=0.450 ratio=0.8421 dth=-0.000 gg=0.5818 fl=0.000 ret=1.000 shed=0.000 act=0.0000 flq=0.00
# PAIR t=0.0 p=45 d=1.520 pq=1:1 delta=-0.526 x=0.453 ratio=0.8391 dth=-0.000 gg=0.5717 fl=0.000 ret=1.000 shed=0.000 act=0.0000 flq=0.00
# PAIR t=0.0 p=46 d=1.522 pq=1:1 delta=-0.526 x=0.455 ratio=0.8361 dth=-0.000 gg=0.5715 fl=0.000 ret=1.000 shed=0.000 act=0.0000 flq=0.00
# PAIR t=0.0 p=47 d=1.519 pq=1:1 delta=-0.548 x=0.458 ratio=0.8331 dth=+0.000 gg=0.5442 fl=0.000 ret=1.000 shed=0.000 act=0.0000 flq=0.00
# PAIR t=0.0 p=48 d=1.520 pq=1:1 delta=-0.555 x=0.460 ratio=0.8302 dth=-0.000 gg=0.5356 fl=0.000 ret=1.000 shed=0.000 act=0.0000 flq=0.00
# PAIR t=0.0 p=49 d=1.518 pq=1:1 delta=-0.569 x=0.463 ratio=0.8273 dth=-0.000 gg=0.5190 fl=0.000 ret=1.000 shed=0.000 act=0.0000 flq=0.00
# PAIR t=0.0 p=50 d=1.519 pq=1:1 delta=-0.574 x=0.465 ratio=0.8244 dth=-0.000 gg=0.5127 fl=0.000 ret=1.000 shed=0.000 act=0.0000 flq=0.00
# PAIR t=0.0 p=51 d=1.519 pq=1:1 delta=-0.584 x=0.468 ratio=0.8215 dth=-0.000 gg=0.5005 fl=0.000 ret=1.000 shed=0.000 act=0.0000 flq=0.00
# PAIR t=0.0 p=52 d=1.518 pq=1:1 delta=-0.598 x=0.470 ratio=0.8186 dth=+0.000 gg=0.4841 fl=0.000 ret=1.000 shed=0.000 act=0.0000 flq=0.00
# PAIR t=0.0 p=53 d=1.519 pq=1:1 delta=-0.602 x=0.473 ratio=0.8158 dth=-0.000 gg=0.4788 fl=0.000 ret=1.000 shed=0.000 act=0.0000 flq=0.00
# PAIR t=0.0 p=54 d=1.520 pq=1:1 delta=-0.608 x=0.475 ratio=0.8129 dth=-0.000 gg=0.4718 fl=0.000 ret=1.000 shed=0.000 act=0.0000 flq=0.00
# PAIR t=0.0 p=55 d=1.519 pq=1:1 delta=-0.619 x=0.478 ratio=0.8101 dth=-0.000 gg=0.4591 fl=0.000 ret=1.000 shed=0.000 act=0.0000 flq=0.00
# PAIR t=0.0 p=56 d=1.524 pq=1:1 delta=-0.611 x=0.480 ratio=0.8073 dth=+0.000 gg=0.4683 fl=0.000 ret=1.000 shed=0.000 act=0.0000 flq=0.00
# PAIR t=0.0 p=57 d=1.519 pq=1:1 delta=-0.636 x=0.483 ratio=0.8046 dth=-0.000 gg=0.4391 fl=0.000 ret=1.000 shed=0.000 act=0.0000 flq=0.00
# PAIR t=0.0 p=58 d=1.518 pq=1:1 delta=-0.649 x=0.485 ratio=0.8018 dth=+0.000 gg=0.4245 fl=0.000 ret=1.000 shed=0.000 act=0.0000 flq=0.00
# PAIR t=0.0 p=59 d=1.518 pq=1:1 delta=-0.657 x=0.488 ratio=0.7991 dth=+0.000 gg=0.4148 fl=0.000 ret=1.000 shed=0.000 act=0.0000 flq=0.00
10.000	9724.80978	118.886794	0	5.23820643	9848.93478261	2.586e-15	36162	14.853	15.313	16.047	0.026	0.0000	0.8432	1.9429	0.8493	0.9929	1.65000	1.64310	0.0000	0.0000	0.0000	0.0093733	0.034321	0.0085559	0	0	0
# CONV t=10.00 cond=0 evap=0 rough=0 back_s=0
# LEDGER t=10.000 mode=3 sum_err=0 max|E-iEu|=1.110e-16 run_max_diff=0.000e+00 run_max_sum_err=0 steps=500 E0_int=9848934782608720 sum=9848934782608720
# PAIR t=10.0 p=0 d=1.518 pq=1:1 delta=-0.027 x=0.338 ratio=1.0002 dth=+0.014 gg=0.9993 fl=0.172 ret=0.999 shed=0.002 act=0.8889 flq=0.78
# PAIR t=10.0 p=1 d=1.518 pq=1:1 delta=-0.044 x=0.340 ratio=0.9998 dth=+0.022 gg=0.9981 fl=0.251 ret=0.999 shed=0.001 act=1.3046 flq=1.14
# PAIR t=10.0 p=2 d=1.518 pq=1:1 delta=-0.056 x=0.344 ratio=0.9995 dth=+0.024 gg=0.9968 fl=0.118 ret=0.999 shed=0.001 act=0.6182 flq=0.54
# PAIR t=10.0 p=3 d=1.519 pq=1:1 delta=-0.062 x=0.346 ratio=0.9993 dth=+0.026 gg=0.9960 fl=0.120 ret=0.999 shed=0.001 act=0.6336 flq=0.56
# PAIR t=10.0 p=4 d=1.519 pq=1:1 delta=-0.077 x=0.349 ratio=0.9994 dth=+0.033 gg=0.9939 fl=0.115 ret=0.999 shed=0.001 act=0.6107 flq=0.54
# PAIR t=10.0 p=5 d=1.522 pq=1:1 delta=-0.077 x=0.351 ratio=0.9994 dth=+0.034 gg=0.9940 fl=0.118 ret=0.999 shed=0.002 act=0.6352 flq=0.56
# PAIR t=10.0 p=6 d=1.520 pq=1:1 delta=-0.100 x=0.354 ratio=1.0001 dth=+0.047 gg=0.9899 fl=0.122 ret=0.999 shed=0.001 act=0.6574 flq=0.58
# PAIR t=10.0 p=7 d=1.520 pq=1:1 delta=-0.113 x=0.356 ratio=1.0003 dth=+0.056 gg=0.9873 fl=0.139 ret=0.999 shed=0.002 act=0.7539 flq=0.67
# PAIR t=10.0 p=8 d=1.519 pq=1:1 delta=-0.129 x=0.359 ratio=1.0011 dth=+0.066 gg=0.9836 fl=0.124 ret=0.999 shed=0.002 act=0.6778 flq=0.60
# PAIR t=10.0 p=9 d=1.520 pq=1:1 delta=-0.140 x=0.362 ratio=1.0039 dth=+0.054 gg=0.9795 fl=0.074 ret=1.000 shed=0.001 act=0.4065 flq=0.36
# PAIR t=10.0 p=10 d=1.520 pq=1:1 delta=-0.151 x=0.363 ratio=1.0008 dth=+0.079 gg=0.9775 fl=0.148 ret=0.999 shed=0.002 act=0.8194 flq=0.73
# PAIR t=10.0 p=11 d=1.519 pq=1:1 delta=-0.167 x=0.366 ratio=1.0045 dth=+0.097 gg=0.9718 fl=0.099 ret=0.999 shed=0.001 act=0.5530 flq=0.49
# PAIR t=10.0 p=12 d=1.519 pq=1:1 delta=-0.180 x=0.368 ratio=1.0003 dth=+0.095 gg=0.9681 fl=0.177 ret=0.999 shed=0.001 act=0.9967 flq=0.89
# PAIR t=10.0 p=13 d=1.520 pq=1:1 delta=-0.191 x=0.372 ratio=1.0025 dth=-0.224 gg=0.6399 fl=0.024 ret=0.999 shed=0.001 act=0.1385 flq=0.12
# PAIR t=10.0 p=14 d=1.520 pq=1:1 delta=-0.204 x=0.374 ratio=1.0032 dth=+0.127 gg=0.9569 fl=0.133 ret=1.000 shed=0.001 act=0.7585 flq=0.68
# PAIR t=10.0 p=15 d=1.520 pq=1:1 delta=-0.215 x=0.376 ratio=1.0075 dth=+0.152 gg=0.9473 fl=0.112 ret=0.999 shed=0.002 act=0.6435 flq=0.58
# PAIR t=10.0 p=16 d=1.519 pq=1:1 delta=-0.226 x=0.379 ratio=1.0242 dth=+0.058 gg=0.9387 fl=0.045 ret=0.997 shed=0.005 act=0.2579 flq=0.23
# PAIR t=10.0 p=17 d=1.518 pq=1:1 delta=-0.247 x=0.381 ratio=0.9971 dth=+0.129 gg=0.9407 fl=0.187 ret=0.999 shed=0.001 act=1.0860 flq=0.98
# PAIR t=10.0 p=18 d=1.519 pq=1:1 delta=-0.255 x=0.383 ratio=0.9962 dth=+0.138 gg=0.9367 fl=0.180 ret=0.999 shed=0.001 act=1.0515 flq=0.95
# PAIR t=10.0 p=19 d=1.520 pq=1:1 delta=-0.263 x=0.386 ratio=1.0003 dth=+0.185 gg=0.9224 fl=0.141 ret=0.998 shed=0.003 act=0.8277 flq=0.75
# PAIR t=10.0 p=20 d=1.518 pq=1:1 delta=-0.280 x=0.389 ratio=1.0432 dth=-0.040 gg=0.8118 fl=0.035 ret=0.999 shed=0.002 act=0.2051 flq=0.19
# PAIR t=10.0 p=21 d=1.520 pq=1:1 delta=-0.269 x=0.388 ratio=1.0381 dth=+0.231 gg=0.8959 fl=0.060 ret=0.990 shed=0.020 act=0.3590 flq=0.33
# PAIR t=10.0 p=22 d=1.518 pq=1:1 delta=-0.305 x=0.393 ratio=1.0254 dth=+0.322 gg=0.8112 fl=0.090 ret=0.998 shed=0.005 act=0.5402 flq=0.49
# PAIR t=10.0 p=23 d=1.549 pq=1:1 delta=-0.194 x=0.397 ratio=0.9400 dth=-1.297 gg=0.0002 fl=0.000 ret=0.999 shed=0.001 act=0.0016 flq=0.00
# PAIR t=10.0 p=24 d=1.519 pq=1:1 delta=-0.321 x=0.400 ratio=0.9323 dth=-1.471 gg=0.0000 fl=0.000 ret=0.999 shed=0.001 act=0.0004 flq=0.00
# PAIR t=10.0 p=25 d=1.520 pq=1:1 delta=-0.331 x=0.402 ratio=1.0672 dth=+0.269 gg=0.8584 fl=0.042 ret=0.999 shed=0.002 act=0.2571 flq=0.24
# PAIR t=10.0 p=26 d=1.519 pq=1:1 delta=-0.342 x=0.405 ratio=0.9235 dth=-1.635 gg=0.0000 fl=0.000 ret=0.999 shed=0.002 act=0.0001 flq=0.00
# PAIR t=10.0 p=27 d=1.520 pq=1:1 delta=-0.361 x=0.407 ratio=1.0004 dth=-0.838 gg=0.0110 fl=0.013 ret=0.998 shed=0.003 act=0.0775 flq=0.07
# PAIR t=10.0 p=28 d=1.520 pq=1:1 delta=-0.367 x=0.410 ratio=0.9341 dth=-1.509 gg=0.0000 fl=0.000 ret=0.999 shed=0.001 act=0.0009 flq=0.00
# PAIR t=10.0 p=29 d=1.519 pq=1:1 delta=-0.372 x=0.412 ratio=0.8985 dth=-2.099 gg=0.0000 fl=0.000 ret=0.999 shed=0.001 act=0.0000 flq=0.00
# PAIR t=10.0 p=30 d=1.517 pq=1:1 delta=-0.399 x=0.415 ratio=0.9361 dth=-1.506 gg=0.0000 fl=0.000 ret=0.999 shed=0.002 act=0.0011 flq=0.00
# PAIR t=10.0 p=31 d=1.516 pq=1:1 delta=-0.404 x=0.417 ratio=0.8901 dth=-2.268 gg=0.0000 fl=0.000 ret=1.000 shed=0.001 act=0.0000 flq=0.00
# PAIR t=10.0 p=32 d=1.520 pq=1:1 delta=-0.412 x=0.420 ratio=0.9207 dth=-1.752 gg=0.0000 fl=0.000 ret=0.999 shed=0.002 act=0.0002 flq=0.00
# PAIR t=10.0 p=33 d=1.519 pq=1:1 delta=-0.413 x=0.422 ratio=0.8837 dth=-2.399 gg=0.0000 fl=0.000 ret=0.999 shed=0.001 act=0.0000 flq=0.00
# PAIR t=10.0 p=34 d=1.527 pq=1:1 delta=-0.394 x=0.425 ratio=0.8789 dth=-2.494 gg=0.0000 fl=0.000 ret=1.000 shed=0.001 act=0.0000 flq=0.00
# PAIR t=10.0 p=35 d=1.540 pq=1:1 delta=-0.360 x=0.427 ratio=0.8917 dth=-2.253 gg=0.0000 fl=0.000 ret=0.999 shed=0.002 act=0.0000 flq=0.00
# PAIR t=10.0 p=36 d=1.519 pq=1:1 delta=-0.454 x=0.430 ratio=0.8980 dth=-2.157 gg=0.0000 fl=0.000 ret=0.999 shed=0.002 act=0.0000 flq=0.00
# PAIR t=10.0 p=37 d=1.519 pq=1:1 delta=-0.459 x=0.432 ratio=0.8873 dth=-2.350 gg=0.0000 fl=0.000 ret=0.999 shed=0.002 act=0.0000 flq=0.00
# PAIR t=10.0 p=38 d=1.519 pq=1:1 delta=-0.467 x=0.435 ratio=0.8755 dth=-2.577 gg=0.0000 fl=0.000 ret=1.000 shed=0.001 act=0.0000 flq=0.00
# PAIR t=10.0 p=39 d=1.519 pq=1:1 delta=-0.489 x=0.437 ratio=0.9031 dth=-2.094 gg=0.0000 fl=0.000 ret=1.000 shed=0.001 act=0.0000 flq=0.00
# PAIR t=10.0 p=40 d=1.520 pq=1:1 delta=-0.485 x=0.440 ratio=0.8705 dth=-2.678 gg=0.0000 fl=0.000 ret=0.999 shed=0.002 act=0.0000 flq=0.00
# PAIR t=10.0 p=41 d=1.518 pq=1:1 delta=-0.502 x=0.442 ratio=0.8661 dth=-2.767 gg=0.0000 fl=0.000 ret=1.000 shed=0.001 act=0.0000 flq=0.00
# PAIR t=10.0 p=42 d=1.535 pq=1:1 delta=-0.446 x=0.445 ratio=0.8618 dth=-2.848 gg=0.0000 fl=0.000 ret=0.999 shed=0.001 act=0.0000 flq=0.00
# PAIR t=10.0 p=43 d=1.520 pq=1:1 delta=-0.509 x=0.447 ratio=0.8483 dth=-3.123 gg=0.0000 fl=0.000 ret=0.999 shed=0.001 act=0.0000 flq=0.00
# PAIR t=10.0 p=44 d=1.520 pq=1:1 delta=-0.528 x=0.450 ratio=0.8646 dth=-2.801 gg=0.0000 fl=0.000 ret=0.999 shed=0.001 act=0.0000 flq=0.00
# PAIR t=10.0 p=45 d=1.520 pq=1:1 delta=-0.534 x=0.452 ratio=0.8544 dth=-3.003 gg=0.0000 fl=0.000 ret=1.000 shed=0.001 act=0.0000 flq=0.00
# PAIR t=10.0 p=46 d=1.522 pq=1:1 delta=-0.528 x=0.455 ratio=0.8407 dth=+3.004 gg=0.0000 fl=0.000 ret=0.999 shed=0.001 act=0.0000 flq=0.00
# PAIR t=10.0 p=47 d=1.519 pq=1:1 delta=-0.551 x=0.457 ratio=0.8399 dth=+2.989 gg=0.0000 fl=0.000 ret=0.999 shed=0.001 act=0.0000 flq=0.00
# PAIR t=10.0 p=48 d=1.520 pq=1:1 delta=-0.563 x=0.460 ratio=0.8474 dth=-3.141 gg=0.0000 fl=0.000 ret=0.999 shed=0.002 act=0.0000 flq=0.00
# PAIR t=10.0 p=49 d=1.518 pq=1:1 delta=-0.569 x=0.462 ratio=0.8285 dth=+2.753 gg=0.0000 fl=0.000 ret=1.000 shed=0.001 act=0.0000 flq=0.00
# PAIR t=10.0 p=50 d=1.519 pq=1:1 delta=-0.580 x=0.465 ratio=0.8346 dth=+2.881 gg=0.0000 fl=0.000 ret=1.000 shed=0.001 act=0.0000 flq=0.00
# PAIR t=10.0 p=51 d=1.519 pq=1:1 delta=-0.595 x=0.467 ratio=0.8415 dth=+3.022 gg=0.0000 fl=0.000 ret=0.999 shed=0.002 act=0.0000 flq=0.00
# PAIR t=10.0 p=52 d=1.518 pq=1:1 delta=-0.604 x=0.470 ratio=0.8307 dth=+2.804 gg=0.0000 fl=0.000 ret=0.999 shed=0.002 act=0.0000 flq=0.00
# PAIR t=10.0 p=53 d=1.519 pq=1:1 delta=-0.603 x=0.472 ratio=0.8180 dth=+2.538 gg=0.0000 fl=0.000 ret=0.999 shed=0.001 act=0.0000 flq=0.00
# PAIR t=10.0 p=54 d=1.520 pq=1:1 delta=-0.611 x=0.475 ratio=0.8184 dth=+2.549 gg=0.0000 fl=0.000 ret=1.000 shed=0.001 act=0.0000 flq=0.00
# PAIR t=10.0 p=55 d=1.519 pq=1:1 delta=-0.627 x=0.477 ratio=0.8234 dth=+2.655 gg=0.0000 fl=0.000 ret=0.999 shed=0.002 act=0.0000 flq=0.00
# PAIR t=10.0 p=56 d=1.524 pq=1:1 delta=-0.612 x=0.480 ratio=0.8099 dth=+2.373 gg=0.0000 fl=0.000 ret=0.999 shed=0.001 act=0.0000 flq=0.00
# PAIR t=10.0 p=57 d=1.519 pq=1:1 delta=-0.646 x=0.482 ratio=0.8208 dth=+2.608 gg=0.0000 fl=0.000 ret=0.999 shed=0.002 act=0.0000 flq=0.00
# PAIR t=10.0 p=58 d=1.518 pq=1:1 delta=-0.652 x=0.485 ratio=0.8067 dth=+2.309 gg=0.0000 fl=0.000 ret=1.000 shed=0.001 act=0.0000 flq=0.00
# PAIR t=10.0 p=59 d=1.518 pq=1:1 delta=-0.661 x=0.487 ratio=0.8043 dth=+2.262 gg=0.0000 fl=0.000 ret=1.000 shed=0.001 act=0.0000 flq=0.00
20.000	9724.80978	122.130753	0	1.99424679	9848.93478261	2.401e-15	36153	14.829	15.350	16.115	0.026	0.0000	0.8433	2.6968	0.8493	0.9930	1.65000	1.64309	0.0000	0.0000	0.0000	-0.0096944	-0.0014413	0.00082873	0	0	0
# CONV t=20.00 cond=0 evap=0 rough=0 back_s=0
# LEDGER t=20.000 mode=3 sum_err=0 max|E-iEu|=1.110e-16 run_max_diff=0.000e+00 run_max_sum_err=0 steps=1000 E0_int=9848934782608720 sum=9848934782608720
# PAIR t=20.0 p=0 d=1.518 pq=1:1 delta=-0.025 x=0.338 ratio=1.0001 dth=+0.013 gg=0.9994 fl=0.041 ret=0.998 shed=0.004 act=0.2129 flq=0.19
# PAIR t=20.0 p=1 d=1.518 pq=1:1 delta=-0.042 x=0.340 ratio=0.9999 dth=+0.021 gg=0.9982 fl=0.065 ret=0.998 shed=0.003 act=0.3400 flq=0.30
# PAIR t=20.0 p=2 d=1.518 pq=1:1 delta=-0.055 x=0.344 ratio=1.0000 dth=+0.027 gg=0.9970 fl=0.025 ret=0.998 shed=0.003 act=0.1288 flq=0.11
# PAIR t=20.0 p=3 d=1.519 pq=1:1 delta=-0.061 x=0.346 ratio=1.0000 dth=+0.030 gg=0.9963 fl=0.025 ret=0.999 shed=0.002 act=0.1327 flq=0.12
# PAIR t=20.0 p=4 d=1.519 pq=1:1 delta=-0.076 x=0.349 ratio=0.9999 dth=+0.037 gg=0.9943 fl=0.024 ret=0.998 shed=0.003 act=0.1262 flq=0.11
# PAIR t=20.0 p=5 d=1.522 pq=1:1 delta=-0.076 x=0.351 ratio=0.9999 dth=+0.037 gg=0.9943 fl=0.186 ret=0.998 shed=0.003 act=0.9975 flq=0.88
# PAIR t=20.0 p=6 d=1.520 pq=1:1 delta=-0.099 x=0.354 ratio=0.9999 dth=+0.050 gg=0.9903 fl=0.026 ret=0.999 shed=0.003 act=0.1424 flq=0.13
# PAIR t=20.0 p=7 d=1.520 pq=1:1 delta=-0.111 x=0.356 ratio=0.9999 dth=+0.055 gg=0.9877 fl=0.031 ret=0.998 shed=0.003 act=0.1663 flq=0.15
# PAIR t=20.0 p=8 d=1.519 pq=1:1 delta=-0.127 x=0.358 ratio=0.9999 dth=+0.063 gg=0.9841 fl=0.027 ret=0.998 shed=0.004 act=0.1465 flq=0.13
# PAIR t=20.0 p=9 d=1.520 pq=1:1 delta=-0.139 x=0.362 ratio=1.0003 dth=+0.081 gg=0.9802 fl=0.013 ret=0.999 shed=0.002 act=0.0726 flq=0.06
# PAIR t=20.0 p=10 d=1.520 pq=1:1 delta=-0.149 x=0.363 ratio=1.0001 dth=+0.075 gg=0.9779 fl=0.248 ret=0.998 shed=0.003 act=1.3745 flq=1.22
# PAIR t=20.0 p=11 d=1.519 pq=1:1 delta=-0.165 x=0.366 ratio=0.9993 dth=+0.082 gg=0.9731 fl=0.020 ret=0.998 shed=0.003 act=0.1109 flq=0.10
# PAIR t=20.0 p=12 d=1.519 pq=1:1 delta=-0.179 x=0.368 ratio=1.0000 dth=+0.089 gg=0.9686 fl=0.042 ret=0.999 shed=0.003 act=0.2385 flq=0.21
# PAIR t=20.0 p=13 d=1.520 pq=1:1 delta=-0.190 x=0.372 ratio=1.0154 dth=+0.122 gg=0.9619 fl=0.000 ret=0.999 shed=0.002 act=0.0027 flq=0.00
# PAIR t=20.0 p=14 d=1.520 pq=1:1 delta=-0.203 x=0.374 ratio=1.0001 dth=+0.100 gg=0.9596 fl=0.030 ret=0.999 shed=0.001 act=0.1692 flq=0.15
# PAIR t=20.0 p=15 d=1.520 pq=1:1 delta=-0.214 x=0.376 ratio=0.9999 dth=+0.102 gg=0.9552 fl=0.025 ret=0.998 shed=0.003 act=0.1406 flq=0.13
# PAIR t=20.0 p=16 d=1.519 pq=1:1 delta=-0.225 x=0.379 ratio=0.9992 dth=+0.235 gg=0.8952 fl=0.006 ret=0.997 shed=0.006 act=0.0372 flq=0.03
# PAIR t=20.0 p=17 d=1.518 pq=1:1 delta=-0.246 x=0.381 ratio=1.0000 dth=+0.123 gg=0.9413 fl=0.045 ret=0.999 shed=0.003 act=0.2640 flq=0.24
# PAIR t=20.0 p=18 d=1.519 pq=1:1 delta=-0.253 x=0.383 ratio=1.0000 dth=+0.127 gg=0.9378 fl=0.043 ret=0.999 shed=0.003 act=0.2525 flq=0.23
# PAIR t=20.0 p=19 d=1.520 pq=1:1 delta=-0.262 x=0.386 ratio=1.0010 dth=+0.133 gg=0.9338 fl=0.032 ret=0.997 shed=0.005 act=0.1866 flq=0.17
# PAIR t=20.0 p=20 d=1.518 pq=1:1 delta=-0.277 x=0.388 ratio=0.9936 dth=+0.359 gg=0.7607 fl=0.008 ret=0.996 shed=0.007 act=0.0494 flq=0.04
# PAIR t=20.0 p=21 d=1.520 pq=1:1 delta=-0.269 x=0.388 ratio=0.9930 dth=+0.089 gg=0.9226 fl=0.018 ret=0.989 shed=0.022 act=0.1101 flq=0.10
# PAIR t=20.0 p=22 d=1.518 pq=1:1 delta=-0.305 x=0.393 ratio=1.0057 dth=+0.136 gg=0.9103 fl=0.026 ret=0.997 shed=0.006 act=0.1554 flq=0.14
# PAIR t=20.0 p=23 d=1.549 pq=1:1 delta=-0.193 x=0.397 ratio=0.9401 dth=-2.508 gg=0.0000 fl=0.000 ret=0.998 shed=0.003 act=0.0000 flq=0.00
# PAIR t=20.0 p=24 d=1.519 pq=1:1 delta=-0.320 x=0.400 ratio=0.9323 dth=-2.845 gg=0.0000 fl=0.000 ret=0.999 shed=0.002 act=0.0000 flq=0.00
# PAIR t=20.0 p=25 d=1.520 pq=1:1 delta=-0.332 x=0.400 ratio=0.9853 dth=+0.043 gg=0.8431 fl=0.020 ret=0.995 shed=0.009 act=0.1250 flq=0.11
# PAIR t=20.0 p=26 d=1.519 pq=1:1 delta=-0.341 x=0.404 ratio=0.9235 dth=+3.093 gg=0.0000 fl=0.000 ret=0.999 shed=0.003 act=0.0000 flq=0.00
# PAIR t=20.0 p=27 d=1.520 pq=1:1 delta=-0.352 x=0.406 ratio=1.0733 dth=+0.350 gg=0.7822 fl=0.005 ret=0.998 shed=0.005 act=0.0312 flq=0.03
# PAIR t=20.0 p=28 d=1.520 pq=1:1 delta=-0.366 x=0.409 ratio=0.9347 dth=-2.829 gg=0.0000 fl=0.000 ret=0.999 shed=0.003 act=0.0000 flq=0.00
# PAIR t=20.0 p=29 d=1.519 pq=1:1 delta=-0.370 x=0.412 ratio=0.8983 dth=+2.100 gg=0.0000 fl=0.000 ret=0.998 shed=0.003 act=0.0000 flq=0.00
# PAIR t=20.0 p=30 d=1.517 pq=1:1 delta=-0.398 x=0.414 ratio=0.9361 dth=-2.783 gg=0.0000 fl=0.000 ret=0.998 shed=0.004 act=0.0000 flq=0.00
# PAIR t=20.0 p=31 d=1.516 pq=1:1 delta=-0.402 x=0.417 ratio=0.8901 dth=+1.760 gg=0.0000 fl=0.000 ret=0.999 shed=0.002 act=0.0000 flq=0.00
# PAIR t=20.0 p=32 d=1.520 pq=1:1 delta=-0.410 x=0.419 ratio=0.9205 dth=+2.933 gg=0.0000 fl=0.000 ret=0.998 shed=0.003 act=0.0000 flq=0.00
# PAIR t=20.0 p=33 d=1.519 pq=1:1 delta=-0.412 x=0.422 ratio=0.8835 dth=+1.496 gg=0.0006 fl=0.000 ret=0.999 shed=0.002 act=0.0000 flq=0.00
# PAIR t=20.0 p=34 d=1.527 pq=1:1 delta=-0.393 x=0.425 ratio=0.8785 dth=+1.299 gg=0.0048 fl=0.000 ret=0.999 shed=0.002 act=0.0000 flq=0.00
# PAIR t=20.0 p=35 d=1.540 pq=1:1 delta=-0.358 x=0.427 ratio=0.8917 dth=+1.827 gg=0.0000 fl=0.000 ret=0.998 shed=0.004 act=0.0000 flq=0.00
# PAIR t=20.0 p=36 d=1.519 pq=1:1 delta=-0.452 x=0.429 ratio=0.8979 dth=+2.062 gg=0.0000 fl=0.000 ret=0.998 shed=0.004 act=0.0000 flq=0.00
# PAIR t=20.0 p=37 d=1.519 pq=1:1 delta=-0.457 x=0.432 ratio=0.8868 dth=+1.640 gg=0.0001 fl=0.000 ret=0.998 shed=0.004 act=0.0001 flq=0.00
# PAIR t=20.0 p=38 d=1.519 pq=1:1 delta=-0.466 x=0.435 ratio=0.8747 dth=+1.163 gg=0.0210 fl=0.000 ret=0.999 shed=0.001 act=0.0010 flq=0.00
# PAIR t=20.0 p=39 d=1.519 pq=1:1 delta=-0.488 x=0.437 ratio=0.9031 dth=+2.247 gg=0.0000 fl=0.000 ret=0.999 shed=0.001 act=0.0000 flq=0.00
# PAIR t=20.0 p=40 d=1.520 pq=1:1 delta=-0.483 x=0.439 ratio=0.8695 dth=+0.958 gg=0.0935 fl=0.000 ret=0.998 shed=0.004 act=0.0019 flq=0.00
# PAIR t=20.0 p=41 d=1.518 pq=1:1 delta=-0.500 x=0.442 ratio=0.8638 dth=+0.771 gg=0.2550 fl=0.002 ret=0.999 shed=0.002 act=0.0137 flq=0.01
# PAIR t=20.0 p=42 d=1.535 pq=1:1 delta=-0.444 x=0.445 ratio=0.8598 dth=+0.600 gg=0.4584 fl=0.002 ret=0.999 shed=0.002 act=0.0142 flq=0.01
# PAIR t=20.0 p=43 d=1.520 pq=1:1 delta=-0.508 x=0.447 ratio=0.8482 dth=+0.040 gg=0.6404 fl=0.000 ret=0.999 shed=0.002 act=0.0000 flq=0.00
# PAIR t=20.0 p=44 d=1.520 pq=1:1 delta=-0.524 x=0.449 ratio=0.8599 dth=+0.705 gg=0.3390 fl=0.005 ret=0.999 shed=0.003 act=0.0330 flq=0.03
# PAIR t=20.0 p=45 d=1.520 pq=1:1 delta=-0.531 x=0.452 ratio=0.8510 dth=+0.279 gg=0.7529 fl=0.002 ret=0.999 shed=0.002 act=0.0140 flq=0.01
# PAIR t=20.0 p=46 d=1.522 pq=1:1 delta=-0.527 x=0.455 ratio=0.8406 dth=-0.270 gg=0.2349 fl=0.000 ret=0.999 shed=0.002 act=0.0000 flq=0.00
# PAIR t=20.0 p=47 d=1.519 pq=1:1 delta=-0.549 x=0.457 ratio=0.8395 dth=-0.299 gg=0.1895 fl=0.000 ret=0.999 shed=0.003 act=0.0002 flq=0.00
# PAIR t=20.0 p=48 d=1.520 pq=1:1 delta=-0.560 x=0.459 ratio=0.8451 dth=-0.007 gg=0.5212 fl=0.004 ret=0.998 shed=0.004 act=0.0280 flq=0.03
# PAIR t=20.0 p=49 d=1.518 pq=1:1 delta=-0.568 x=0.462 ratio=0.8284 dth=-0.779 gg=0.0056 fl=0.000 ret=0.999 shed=0.001 act=0.0000 flq=0.00
# PAIR t=20.0 p=50 d=1.519 pq=1:1 delta=-0.580 x=0.465 ratio=0.8359 dth=-0.517 gg=0.0458 fl=0.000 ret=1.000 shed=0.001 act=0.0012 flq=0.00
# PAIR t=20.0 p=51 d=1.519 pq=1:1 delta=-0.591 x=0.466 ratio=0.8401 dth=-0.259 gg=0.1967 fl=0.008 ret=0.998 shed=0.005 act=0.0576 flq=0.06
# PAIR t=20.0 p=52 d=1.518 pq=1:1 delta=-0.604 x=0.469 ratio=0.8333 dth=-0.674 gg=0.0117 fl=0.000 ret=0.998 shed=0.004 act=0.0031 flq=0.00
# PAIR t=20.0 p=53 d=1.519 pq=1:1 delta=-0.601 x=0.472 ratio=0.8178 dth=-1.208 gg=0.0000 fl=0.000 ret=0.999 shed=0.003 act=0.0000 flq=0.00
# PAIR t=20.0 p=54 d=1.520 pq=1:1 delta=-0.611 x=0.475 ratio=0.8191 dth=-1.181 gg=0.0000 fl=0.000 ret=0.999 shed=0.001 act=0.0005 flq=0.00
# PAIR t=20.0 p=55 d=1.519 pq=1:1 delta=-0.629 x=0.477 ratio=0.8283 dth=-0.961 gg=0.0005 fl=0.001 ret=0.999 shed=0.003 act=0.0061 flq=0.01
# PAIR t=20.0 p=56 d=1.524 pq=1:1 delta=-0.611 x=0.479 ratio=0.8097 dth=-1.540 gg=0.0000 fl=0.000 ret=0.999 shed=0.003 act=0.0000 flq=0.00
# PAIR t=20.0 p=57 d=1.519 pq=1:1 delta=-0.649 x=0.482 ratio=0.8282 dth=-1.050 gg=0.0001 fl=0.001 ret=0.998 shed=0.004 act=0.0069 flq=0.01
# PAIR t=20.0 p=58 d=1.518 pq=1:1 delta=-0.652 x=0.485 ratio=0.8076 dth=-1.659 gg=0.0000 fl=0.000 ret=0.999 shed=0.002 act=0.0001 flq=0.00
# PAIR t=20.0 p=59 d=1.518 pq=1:1 delta=-0.660 x=0.487 ratio=0.8047 dth=-1.759 gg=0.0000 fl=0.000 ret=0.999 shed=0.002 act=0.0000 flq=0.00
30.000	9724.80978	119.421347	0	4.70365342	9848.93478261	2.401e-15	36140	14.824	15.338	16.038	0.027	0.0000	0.8433	2.8746	0.8493	0.9930	1.65000	1.64309	0.0000	0.0000	0.0000	0.011265	-0.005234	-5.3522e-05	0	0	0
# CONV t=30.00 cond=0 evap=0 rough=0 back_s=0
# LEDGER t=30.000 mode=3 sum_err=0 max|E-iEu|=1.110e-16 run_max_diff=0.000e+00 run_max_sum_err=0 steps=1500 E0_int=9848934782608720 sum=9848934782608720
# PAIR t=30.0 p=0 d=1.518 pq=1:1 delta=-0.023 x=0.338 ratio=1.0000 dth=+0.012 gg=0.9995 fl=0.165 ret=0.997 shed=0.006 act=0.8525 flq=0.74
# PAIR t=30.0 p=1 d=1.518 pq=1:1 delta=-0.041 x=0.340 ratio=1.0000 dth=+0.021 gg=0.9983 fl=0.272 ret=0.998 shed=0.004 act=1.4112 flq=1.24
# PAIR t=30.0 p=2 d=1.518 pq=1:1 delta=-0.053 x=0.344 ratio=0.9999 dth=+0.026 gg=0.9972 fl=0.091 ret=0.998 shed=0.004 act=0.4775 flq=0.42
# PAIR t=30.0 p=3 d=1.519 pq=1:1 delta=-0.060 x=0.346 ratio=1.0000 dth=+0.030 gg=0.9964 fl=0.093 ret=0.998 shed=0.004 act=0.4918 flq=0.43
# PAIR t=30.0 p=4 d=1.519 pq=1:1 delta=-0.074 x=0.349 ratio=1.0000 dth=+0.037 gg=0.9945 fl=0.088 ret=0.998 shed=0.004 act=0.4674 flq=0.41
# PAIR t=30.0 p=5 d=1.522 pq=1:1 delta=-0.074 x=0.351 ratio=0.9999 dth=+0.037 gg=0.9945 fl=0.078 ret=0.998 shed=0.004 act=0.4187 flq=0.37
# PAIR t=30.0 p=6 d=1.520 pq=1:1 delta=-0.098 x=0.354 ratio=1.0000 dth=+0.049 gg=0.9905 fl=0.099 ret=0.998 shed=0.004 act=0.5327 flq=0.47
# PAIR t=30.0 p=7 d=1.520 pq=1:1 delta=-0.109 x=0.356 ratio=0.9998 dth=+0.054 gg=0.9881 fl=0.117 ret=0.997 shed=0.005 act=0.6380 flq=0.56
# PAIR t=30.0 p=8 d=1.519 pq=1:1 delta=-0.125 x=0.358 ratio=0.9999 dth=+0.062 gg=0.9845 fl=0.100 ret=0.997 shed=0.006 act=0.5473 flq=0.49
# PAIR t=30.0 p=9 d=1.520 pq=1:1 delta=-0.138 x=0.362 ratio=0.9997 dth=+0.069 gg=0.9810 fl=0.038 ret=0.998 shed=0.003 act=0.2100 flq=0.19
# PAIR t=30.0 p=10 d=1.520 pq=1:1 delta=-0.149 x=0.363 ratio=1.0000 dth=+0.075 gg=0.9782 fl=0.112 ret=0.998 shed=0.004 act=0.6221 flq=0.55
# PAIR t=30.0 p=11 d=1.519 pq=1:1 delta=-0.164 x=0.366 ratio=1.0000 dth=+0.081 gg=0.9734 fl=0.071 ret=0.998 shed=0.004 act=0.3966 flq=0.35
# PAIR t=30.0 p=12 d=1.519 pq=1:1 delta=-0.177 x=0.368 ratio=0.9999 dth=+0.088 gg=0.9691 fl=0.170 ret=0.998 shed=0.004 act=0.9532 flq=0.85
# PAIR t=30.0 p=13 d=1.520 pq=1:1 delta=-0.188 x=0.372 ratio=1.0151 dth=+0.425 gg=0.6212 fl=0.001 ret=0.998 shed=0.004 act=0.0061 flq=0.01
# PAIR t=30.0 p=14 d=1.520 pq=1:1 delta=-0.202 x=0.374 ratio=1.0000 dth=+0.101 gg=0.9599 fl=0.114 ret=0.999 shed=0.002 act=0.6471 flq=0.58
# PAIR t=30.0 p=15 d=1.520 pq=1:1 delta=-0.213 x=0.376 ratio=1.0000 dth=+0.108 gg=0.9557 fl=0.090 ret=0.998 shed=0.004 act=0.5170 flq=0.47
# PAIR t=30.0 p=16 d=1.519 pq=1:1 delta=-0.224 x=0.378 ratio=0.9935 dth=+0.100 gg=0.9507 fl=0.006 ret=0.996 shed=0.008 act=0.0367 flq=0.03
# PAIR t=30.0 p=17 d=1.518 pq=1:1 delta=-0.245 x=0.381 ratio=1.0000 dth=+0.122 gg=0.9418 fl=0.185 ret=0.998 shed=0.004 act=1.0732 flq=0.97
# PAIR t=30.0 p=18 d=1.519 pq=1:1 delta=-0.252 x=0.383 ratio=1.0000 dth=+0.126 gg=0.9385 fl=0.176 ret=0.998 shed=0.004 act=1.0290 flq=0.93
# PAIR t=30.0 p=19 d=1.520 pq=1:1 delta=-0.260 x=0.385 ratio=0.9999 dth=+0.129 gg=0.9345 fl=0.125 ret=0.997 shed=0.006 act=0.7340 flq=0.67
# PAIR t=30.0 p=20 d=1.518 pq=1:1 delta=-0.276 x=0.388 ratio=0.9861 dth=+0.010 gg=0.8670 fl=0.018 ret=0.996 shed=0.008 act=0.1069 flq=0.10
# PAIR t=30.0 p=21 d=1.520 pq=1:1 delta=-0.267 x=0.387 ratio=1.0023 dth=+0.151 gg=0.9300 fl=0.066 ret=0.988 shed=0.024 act=0.3914 flq=0.36
# PAIR t=30.0 p=22 d=1.518 pq=1:1 delta=-0.303 x=0.393 ratio=0.9984 dth=+0.147 gg=0.9122 fl=0.099 ret=0.996 shed=0.008 act=0.5918 flq=0.54
# PAIR t=30.0 p=23 d=1.549 pq=1:1 delta=-0.191 x=0.397 ratio=0.9399 dth=+2.559 gg=0.0000 fl=0.000 ret=0.998 shed=0.004 act=0.0000 flq=0.00
# PAIR t=30.0 p=24 d=1.519 pq=1:1 delta=-0.319 x=0.399 ratio=0.9322 dth=+2.060 gg=0.0000 fl=0.000 ret=0.998 shed=0.003 act=0.0000 flq=0.00
# PAIR t=30.0 p=25 d=1.520 pq=1:1 delta=-0.327 x=0.399 ratio=0.9990 dth=+0.207 gg=0.8913 fl=0.087 ret=0.994 shed=0.013 act=0.5338 flq=0.49
# PAIR t=30.0 p=26 d=1.519 pq=1:1 delta=-0.340 x=0.404 ratio=0.9235 dth=+1.536 gg=0.0002 fl=0.000 ret=0.998 shed=0.004 act=0.0000 flq=0.00
# PAIR t=30.0 p=27 d=1.520 pq=1:1 delta=-0.356 x=0.406 ratio=0.9706 dth=+0.634 gg=0.3785 fl=0.025 ret=0.996 shed=0.008 act=0.1531 flq=0.14
# PAIR t=30.0 p=28 d=1.520 pq=1:1 delta=-0.365 x=0.409 ratio=0.9350 dth=+2.142 gg=0.0000 fl=0.000 ret=0.998 shed=0.004 act=0.0000 flq=0.00
# PAIR t=30.0 p=29 d=1.519 pq=1:1 delta=-0.368 x=0.411 ratio=0.8980 dth=+0.010 gg=0.7721 fl=0.000 ret=0.997 shed=0.006 act=0.0000 flq=0.00
# PAIR t=30.0 p=30 d=1.517 pq=1:1 delta=-0.397 x=0.414 ratio=0.9358 dth=+2.217 gg=0.0000 fl=0.000 ret=0.998 shed=0.005 act=0.0000 flq=0.00
# PAIR t=30.0 p=31 d=1.516 pq=1:1 delta=-0.401 x=0.417 ratio=0.8901 dth=-0.496 gg=0.1148 fl=0.000 ret=0.998 shed=0.004 act=0.0000 flq=0.00
# PAIR t=30.0 p=32 d=1.520 pq=1:1 delta=-0.408 x=0.419 ratio=0.9191 dth=+1.326 gg=0.0039 fl=0.000 ret=0.998 shed=0.005 act=0.0004 flq=0.00
# PAIR t=30.0 p=33 d=1.519 pq=1:1 delta=-0.411 x=0.422 ratio=0.8833 dth=-0.897 gg=0.0047 fl=0.000 ret=0.999 shed=0.003 act=0.0000 flq=0.00
# PAIR t=30.0 p=34 d=1.527 pq=1:1 delta=-0.391 x=0.424 ratio=0.8781 dth=-1.202 gg=0.0002 fl=0.000 ret=0.998 shed=0.004 act=0.0000 flq=0.00
# PAIR t=30.0 p=35 d=1.540 pq=1:1 delta=-0.356 x=0.426 ratio=0.8908 dth=-0.399 gg=0.2259 fl=0.001 ret=0.997 shed=0.006 act=0.0040 flq=0.00
# PAIR t=30.0 p=36 d=1.519 pq=1:1 delta=-0.449 x=0.429 ratio=0.8941 dth=-0.089 gg=0.5476 fl=0.006 ret=0.997 shed=0.006 act=0.0385 flq=0.04
# PAIR t=30.0 p=37 d=1.519 pq=1:1 delta=-0.456 x=0.431 ratio=0.8878 dth=-0.705 gg=0.0206 fl=0.001 ret=0.997 shed=0.006 act=0.0047 flq=0.00
# PAIR t=30.0 p=38 d=1.519 pq=1:1 delta=-0.467 x=0.435 ratio=0.8773 dth=-1.394 gg=0.0000 fl=0.000 ret=0.999 shed=0.002 act=0.0001 flq=0.00
# PAIR t=30.0 p=39 d=1.519 pq=1:1 delta=-0.482 x=0.437 ratio=0.8866 dth=+0.092 gg=0.7241 fl=0.009 ret=0.999 shed=0.002 act=0.0615 flq=0.06
# PAIR t=30.0 p=40 d=1.520 pq=1:1 delta=-0.482 x=0.439 ratio=0.8711 dth=-1.698 gg=0.0000 fl=0.000 ret=0.998 shed=0.005 act=0.0000 flq=0.00
# PAIR t=30.0 p=41 d=1.518 pq=1:1 delta=-0.503 x=0.442 ratio=0.8698 dth=-1.945 gg=0.0000 fl=0.000 ret=0.999 shed=0.003 act=0.0000 flq=0.00
# PAIR t=30.0 p=42 d=1.535 pq=1:1 delta=-0.445 x=0.444 ratio=0.8641 dth=-2.204 gg=0.0000 fl=0.000 ret=0.998 shed=0.004 act=0.0000 flq=0.00
# PAIR t=30.0 p=43 d=1.520 pq=1:1 delta=-0.507 x=0.447 ratio=0.8481 dth=-3.084 gg=0.0000 fl=0.000 ret=0.998 shed=0.004 act=0.0000 flq=0.00
# PAIR t=30.0 p=44 d=1.520 pq=1:1 delta=-0.529 x=0.449 ratio=0.8725 dth=-1.987 gg=0.0000 fl=0.000 ret=0.998 shed=0.005 act=0.0000 flq=0.00
# PAIR t=30.0 p=45 d=1.520 pq=1:1 delta=-0.535 x=0.452 ratio=0.8597 dth=-2.608 gg=0.0000 fl=0.000 ret=0.999 shed=0.002 act=0.0000 flq=0.00
# PAIR t=30.0 p=46 d=1.522 pq=1:1 delta=-0.526 x=0.454 ratio=0.8405 dth=+2.737 gg=0.0000 fl=0.000 ret=0.999 shed=0.003 act=0.0000 flq=0.00
# PAIR t=30.0 p=47 d=1.519 pq=1:1 delta=-0.548 x=0.457 ratio=0.8393 dth=+2.688 gg=0.0000 fl=0.000 ret=0.998 shed=0.005 act=0.0002 flq=0.00
# PAIR t=30.0 p=48 d=1.520 pq=1:1 delta=-0.562 x=0.459 ratio=0.8520 dth=-3.026 gg=0.0000 fl=0.000 ret=0.997 shed=0.007 act=0.0000 flq=0.00
# PAIR t=30.0 p=49 d=1.518 pq=1:1 delta=-0.567 x=0.462 ratio=0.8282 dth=+1.968 gg=0.0000 fl=0.000 ret=0.999 shed=0.002 act=0.0000 flq=0.00
# PAIR t=30.0 p=50 d=1.519 pq=1:1 delta=-0.580 x=0.465 ratio=0.8370 dth=+2.434 gg=0.0000 fl=0.000 ret=0.999 shed=0.002 act=0.0000 flq=0.00
# PAIR t=30.0 p=51 d=1.519 pq=1:1 delta=-0.594 x=0.466 ratio=0.8491 dth=+2.968 gg=0.0000 fl=0.000 ret=0.996 shed=0.008 act=0.0000 flq=0.00
# PAIR t=30.0 p=52 d=1.518 pq=1:1 delta=-0.603 x=0.469 ratio=0.8342 dth=+2.229 gg=0.0000 fl=0.000 ret=0.998 shed=0.006 act=0.0000 flq=0.00
# PAIR t=30.0 p=53 d=1.519 pq=1:1 delta=-0.600 x=0.472 ratio=0.8176 dth=+1.323 gg=0.0077 fl=0.000 ret=0.998 shed=0.004 act=0.0000 flq=0.00
# PAIR t=30.0 p=54 d=1.520 pq=1:1 delta=-0.611 x=0.475 ratio=0.8190 dth=+1.390 gg=0.0042 fl=0.000 ret=0.999 shed=0.002 act=0.0000 flq=0.00
# PAIR t=30.0 p=55 d=1.519 pq=1:1 delta=-0.628 x=0.477 ratio=0.8290 dth=+1.847 gg=0.0000 fl=0.000 ret=0.998 shed=0.005 act=0.0002 flq=0.00
# PAIR t=30.0 p=56 d=1.524 pq=1:1 delta=-0.609 x=0.479 ratio=0.8093 dth=+0.823 gg=0.2266 fl=0.000 ret=0.998 shed=0.005 act=0.0000 flq=0.00
# PAIR t=30.0 p=57 d=1.519 pq=1:1 delta=-0.648 x=0.481 ratio=0.8287 dth=+1.767 gg=0.0000 fl=0.000 ret=0.998 shed=0.006 act=0.0002 flq=0.00
# PAIR t=30.0 p=58 d=1.518 pq=1:1 delta=-0.651 x=0.485 ratio=0.8075 dth=+0.676 gg=0.3938 fl=0.000 ret=0.999 shed=0.002 act=0.0000 flq=0.00
# PAIR t=30.0 p=59 d=1.518 pq=1:1 delta=-0.657 x=0.487 ratio=0.8043 dth=+0.509 gg=0.5668 fl=0.000 ret=0.998 shed=0.005 act=0.0000 flq=0.00
40.000	9724.80978	121.795149	0	2.32985126	9848.93478261	2.401e-15	36129	14.823	15.344	16.089	0.026	0.0000	0.8434	2.7888	0.8492	0.9931	1.65000	1.64308	0.0000	0.0000	0.0000	-0.016508	0.0097657	-0.0063681	0	0	0
# CONV t=40.00 cond=0 evap=0 rough=0 back_s=0
# LEDGER t=40.000 mode=3 sum_err=0 max|E-iEu|=1.110e-16 run_max_diff=0.000e+00 run_max_sum_err=0 steps=2000 E0_int=9848934782608720 sum=9848934782608720
# PAIR t=40.0 p=0 d=1.518 pq=1:1 delta=-0.021 x=0.338 ratio=1.0002 dth=+0.011 gg=0.9996 fl=0.066 ret=0.995 shed=0.008 act=0.3433 flq=0.30
# PAIR t=40.0 p=1 d=1.518 pq=1:1 delta=-0.040 x=0.340 ratio=0.9999 dth=+0.020 gg=0.9984 fl=0.116 ret=0.997 shed=0.005 act=0.6048 flq=0.53
# PAIR t=40.0 p=2 d=1.518 pq=1:1 delta=-0.052 x=0.343 ratio=0.9999 dth=+0.025 gg=0.9973 fl=0.033 ret=0.997 shed=0.005 act=0.1742 flq=0.15
# PAIR t=40.0 p=3 d=1.519 pq=1:1 delta=-0.059 x=0.346 ratio=1.0000 dth=+0.029 gg=0.9965 fl=0.034 ret=0.997 shed=0.005 act=0.1802 flq=0.16
# PAIR t=40.0 p=4 d=1.519 pq=1:1 delta=-0.073 x=0.348 ratio=0.9999 dth=+0.036 gg=0.9947 fl=0.032 ret=0.997 shed=0.006 act=0.1681 flq=0.15
# PAIR t=40.0 p=5 d=1.522 pq=1:1 delta=-0.073 x=0.351 ratio=0.9998 dth=+0.036 gg=0.9947 fl=0.137 ret=0.997 shed=0.006 act=0.7349 flq=0.65
# PAIR t=40.0 p=6 d=1.520 pq=1:1 delta=-0.097 x=0.354 ratio=0.9999 dth=+0.048 gg=0.9907 fl=0.036 ret=0.997 shed=0.005 act=0.1934 flq=0.17
# PAIR t=40.0 p=7 d=1.520 pq=1:1 delta=-0.108 x=0.355 ratio=0.9999 dth=+0.053 gg=0.9885 fl=0.044 ret=0.996 shed=0.007 act=0.2384 flq=0.21
# PAIR t=40.0 p=8 d=1.519 pq=1:1 delta=-0.123 x=0.358 ratio=1.0000 dth=+0.061 gg=0.9850 fl=0.037 ret=0.996 shed=0.008 act=0.2048 flq=0.18
# PAIR t=40.0 p=9 d=1.520 pq=1:1 delta=-0.138 x=0.362 ratio=1.0000 dth=+0.067 gg=0.9812 fl=0.008 ret=0.998 shed=0.004 act=0.0458 flq=0.04
# PAIR t=40.0 p=10 d=1.520 pq=1:1 delta=-0.147 x=0.363 ratio=1.0001 dth=+0.074 gg=0.9786 fl=0.204 ret=0.997 shed=0.005 act=1.1301 flq=1.01
# PAIR t=40.0 p=11 d=1.519 pq=1:1 delta=-0.163 x=0.366 ratio=0.9999 dth=+0.081 gg=0.9737 fl=0.024 ret=0.997 shed=0.005 act=0.1357 flq=0.12
# PAIR t=40.0 p=12 d=1.519 pq=1:1 delta=-0.176 x=0.368 ratio=1.0000 dth=+0.088 gg=0.9694 fl=0.068 ret=0.997 shed=0.005 act=0.3801 flq=0.34
# PAIR t=40.0 p=13 d=1.520 pq=1:1 delta=-0.187 x=0.372 ratio=1.0151 dth=+0.725 gg=0.1901 fl=0.001 ret=0.998 shed=0.005 act=0.0061 flq=0.01
# PAIR t=40.0 p=14 d=1.520 pq=1:1 delta=-0.202 x=0.374 ratio=1.0000 dth=+0.101 gg=0.9601 fl=0.042 ret=0.999 shed=0.002 act=0.2388 flq=0.21
# PAIR t=40.0 p=15 d=1.520 pq=1:1 delta=-0.212 x=0.376 ratio=1.0000 dth=+0.106 gg=0.9562 fl=0.032 ret=0.997 shed=0.005 act=0.1810 flq=0.16
# PAIR t=40.0 p=16 d=1.519 pq=1:1 delta=-0.222 x=0.378 ratio=0.9937 dth=-0.027 gg=0.8820 fl=0.001 ret=0.995 shed=0.009 act=0.0031 flq=0.00
# PAIR t=40.0 p=17 d=1.518 pq=1:1 delta=-0.243 x=0.380 ratio=1.0000 dth=+0.122 gg=0.9424 fl=0.073 ret=0.997 shed=0.005 act=0.4264 flq=0.39
# PAIR t=40.0 p=18 d=1.519 pq=1:1 delta=-0.250 x=0.383 ratio=1.0000 dth=+0.125 gg=0.9392 fl=0.071 ret=0.997 shed=0.006 act=0.4157 flq=0.38
# PAIR t=40.0 p=19 d=1.520 pq=1:1 delta=-0.259 x=0.385 ratio=0.9999 dth=+0.129 gg=0.9352 fl=0.049 ret=0.996 shed=0.008 act=0.2869 flq=0.26
# PAIR t=40.0 p=20 d=1.518 pq=1:1 delta=-0.276 x=0.388 ratio=0.9975 dth=-0.088 gg=0.7545 fl=0.001 ret=0.996 shed=0.008 act=0.0035 flq=0.00
# PAIR t=40.0 p=21 d=1.520 pq=1:1 delta=-0.266 x=0.387 ratio=0.9989 dth=+0.128 gg=0.9316 fl=0.021 ret=0.987 shed=0.025 act=0.1275 flq=0.12
# PAIR t=40.0 p=22 d=1.518 pq=1:1 delta=-0.301 x=0.392 ratio=1.0003 dth=+0.153 gg=0.9131 fl=0.036 ret=0.995 shed=0.010 act=0.2181 flq=0.20
# PAIR t=40.0 p=23 d=1.549 pq=1:1 delta=-0.190 x=0.396 ratio=0.9397 dth=+1.338 gg=0.0013 fl=0.000 ret=0.997 shed=0.006 act=0.0000 flq=0.00
# PAIR t=40.0 p=24 d=1.519 pq=1:1 delta=-0.318 x=0.399 ratio=0.9321 dth=+0.680 gg=0.2992 fl=0.000 ret=0.998 shed=0.004 act=0.0000 flq=0.00
# PAIR t=40.0 p=25 d=1.520 pq=1:1 delta=-0.326 x=0.399 ratio=1.0021 dth=+0.153 gg=0.8988 fl=0.032 ret=0.993 shed=0.014 act=0.1941 flq=0.18
# PAIR t=40.0 p=26 d=1.519 pq=1:1 delta=-0.338 x=0.404 ratio=0.9233 dth=-0.022 gg=0.7692 fl=0.000 ret=0.997 shed=0.005 act=0.0000 flq=0.00
# PAIR t=40.0 p=27 d=1.520 pq=1:1 delta=-0.354 x=0.406 ratio=0.9738 dth=-0.220 gg=0.4653 fl=0.008 ret=0.995 shed=0.009 act=0.0521 flq=0.05
# PAIR t=40.0 p=28 d=1.520 pq=1:1 delta=-0.363 x=0.409 ratio=0.9341 dth=+0.826 gg=0.1591 fl=0.001 ret=0.997 shed=0.006 act=0.0039 flq=0.00
# PAIR t=40.0 p=29 d=1.519 pq=1:1 delta=-0.367 x=0.411 ratio=0.8978 dth=-2.087 gg=0.0000 fl=0.000 ret=0.997 shed=0.007 act=0.0000 flq=0.00
# PAIR t=40.0 p=30 d=1.517 pq=1:1 delta=-0.395 x=0.414 ratio=0.9329 dth=+0.908 gg=0.1062 fl=0.002 ret=0.997 shed=0.007 act=0.0098 flq=0.01
# PAIR t=40.0 p=31 d=1.516 pq=1:1 delta=-0.400 x=0.417 ratio=0.8900 dth=-2.754 gg=0.0000 fl=0.000 ret=0.998 shed=0.005 act=0.0000 flq=0.00
# PAIR t=40.0 p=32 d=1.520 pq=1:1 delta=-0.406 x=0.419 ratio=0.9164 dth=-0.426 gg=0.1669 fl=0.005 ret=0.997 shed=0.006 act=0.0301 flq=0.03
# PAIR t=40.0 p=33 d=1.519 pq=1:1 delta=-0.410 x=0.422 ratio=0.8831 dth=+2.989 gg=0.0000 fl=0.000 ret=0.998 shed=0.004 act=0.0000 flq=0.00
# PAIR t=40.0 p=34 d=1.527 pq=1:1 delta=-0.389 x=0.424 ratio=0.8776 dth=+2.571 gg=0.0000 fl=0.000 ret=0.997 shed=0.005 act=0.0000 flq=0.00
# PAIR t=40.0 p=35 d=1.540 pq=1:1 delta=-0.355 x=0.426 ratio=0.8910 dth=-2.617 gg=0.0000 fl=0.000 ret=0.997 shed=0.007 act=0.0006 flq=0.00
# PAIR t=40.0 p=36 d=1.519 pq=1:1 delta=-0.451 x=0.429 ratio=0.9029 dth=-2.074 gg=0.0000 fl=0.000 ret=0.997 shed=0.007 act=0.0000 flq=0.00
# PAIR t=40.0 p=37 d=1.519 pq=1:1 delta=-0.454 x=0.431 ratio=0.8885 dth=-2.966 gg=0.0000 fl=0.000 ret=0.996 shed=0.008 act=0.0000 flq=0.00
# PAIR t=40.0 p=38 d=1.519 pq=1:1 delta=-0.466 x=0.435 ratio=0.8773 dth=+2.387 gg=0.0000 fl=0.000 ret=0.999 shed=0.002 act=0.0000 flq=0.00
# PAIR t=40.0 p=39 d=1.519 pq=1:1 delta=-0.496 x=0.437 ratio=0.9387 dth=-1.428 gg=0.0000 fl=0.001 ret=0.999 shed=0.003 act=0.0037 flq=0.00
# PAIR t=40.0 p=40 d=1.520 pq=1:1 delta=-0.481 x=0.439 ratio=0.8708 dth=+1.952 gg=0.0000 fl=0.000 ret=0.997 shed=0.007 act=0.0000 flq=0.00
# PAIR t=40.0 p=41 d=1.518 pq=1:1 delta=-0.502 x=0.442 ratio=0.8697 dth=+1.685 gg=0.0001 fl=0.000 ret=0.999 shed=0.003 act=0.0001 flq=0.00
# PAIR t=40.0 p=42 d=1.535 pq=1:1 delta=-0.444 x=0.444 ratio=0.8639 dth=+1.304 gg=0.0055 fl=0.000 ret=0.998 shed=0.005 act=0.0002 flq=0.00
# PAIR t=40.0 p=43 d=1.520 pq=1:1 delta=-0.506 x=0.447 ratio=0.8479 dth=+0.072 gg=0.6771 fl=0.000 ret=0.998 shed=0.005 act=0.0000 flq=0.00
# PAIR t=40.0 p=44 d=1.520 pq=1:1 delta=-0.528 x=0.449 ratio=0.8723 dth=+1.715 gg=0.0001 fl=0.000 ret=0.997 shed=0.006 act=0.0004 flq=0.00
# PAIR t=40.0 p=45 d=1.520 pq=1:1 delta=-0.534 x=0.452 ratio=0.8586 dth=+0.819 gg=0.2136 fl=0.000 ret=0.999 shed=0.003 act=0.0023 flq=0.00
# PAIR t=40.0 p=46 d=1.522 pq=1:1 delta=-0.525 x=0.454 ratio=0.8403 dth=-0.543 gg=0.0499 fl=0.000 ret=0.998 shed=0.004 act=0.0000 flq=0.00
# PAIR t=40.0 p=47 d=1.519 pq=1:1 delta=-0.546 x=0.456 ratio=0.8390 dth=-0.614 gg=0.0266 fl=0.000 ret=0.997 shed=0.006 act=0.0002 flq=0.00
# PAIR t=40.0 p=48 d=1.520 pq=1:1 delta=-0.560 x=0.458 ratio=0.8505 dth=+0.232 gg=0.7234 fl=0.001 ret=0.996 shed=0.008 act=0.0067 flq=0.01
# PAIR t=40.0 p=49 d=1.518 pq=1:1 delta=-0.567 x=0.462 ratio=0.8280 dth=-1.571 gg=0.0000 fl=0.000 ret=0.999 shed=0.003 act=0.0000 flq=0.00
# PAIR t=40.0 p=50 d=1.519 pq=1:1 delta=-0.580 x=0.465 ratio=0.8371 dth=-0.897 gg=0.0015 fl=0.000 ret=0.999 shed=0.002 act=0.0001 flq=0.00
# PAIR t=40.0 p=51 d=1.519 pq=1:1 delta=-0.589 x=0.465 ratio=0.8452 dth=-0.130 gg=0.3359 fl=0.005 ret=0.995 shed=0.011 act=0.0344 flq=0.03
# PAIR t=40.0 p=52 d=1.518 pq=1:1 delta=-0.602 x=0.469 ratio=0.8352 dth=-1.160 gg=0.0000 fl=0.000 ret=0.997 shed=0.007 act=0.0003 flq=0.00
# PAIR t=40.0 p=53 d=1.519 pq=1:1 delta=-0.599 x=0.471 ratio=0.8174 dth=-2.433 gg=0.0000 fl=0.000 ret=0.998 shed=0.005 act=0.0000 flq=0.00
# PAIR t=40.0 p=54 d=1.520 pq=1:1 delta=-0.609 x=0.474 ratio=0.8187 dth=-2.327 gg=0.0000 fl=0.000 ret=0.998 shed=0.004 act=0.0000 flq=0.00
# PAIR t=40.0 p=55 d=1.519 pq=1:1 delta=-0.629 x=0.476 ratio=0.8324 dth=-1.623 gg=0.0000 fl=0.000 ret=0.998 shed=0.006 act=0.0005 flq=0.00
# PAIR t=40.0 p=56 d=1.524 pq=1:1 delta=-0.607 x=0.479 ratio=0.8090 dth=-3.106 gg=0.0000 fl=0.000 ret=0.998 shed=0.006 act=0.0000 flq=0.00
# PAIR t=40.0 p=57 d=1.519 pq=1:1 delta=-0.651 x=0.481 ratio=0.8351 dth=-1.681 gg=0.0000 fl=0.000 ret=0.997 shed=0.007 act=0.0000 flq=0.00
# PAIR t=40.0 p=58 d=1.518 pq=1:1 delta=-0.650 x=0.484 ratio=0.8075 dth=+3.008 gg=0.0000 fl=0.000 ret=0.999 shed=0.003 act=0.0000 flq=0.00
# PAIR t=40.0 p=59 d=1.518 pq=1:1 delta=-0.655 x=0.486 ratio=0.8038 dth=+2.766 gg=0.0000 fl=0.000 ret=0.997 shed=0.007 act=0.0000 flq=0.00
50.000	9724.80978	119.753812	0	4.37118796	9848.93478261	2.401e-15	36123	14.818	15.331	16.022	0.027	0.0000	0.8434	2.5616	0.8492	0.9931	1.65000	1.64308	0.0000	0.0000	0.0000	-0.002961	0.0023489	-0.0038024	0	0	0
# CONV t=50.00 cond=0 evap=0 rough=0 back_s=0
# LEDGER t=50.000 mode=3 sum_err=0 max|E-iEu|=1.110e-16 run_max_diff=0.000e+00 run_max_sum_err=0 steps=2500 E0_int=9848934782608720 sum=9848934782608720
# PAIR t=50.0 p=0 d=1.518 pq=1:1 delta=-0.019 x=0.337 ratio=1.0001 dth=+0.010 gg=0.9996 fl=0.171 ret=0.995 shed=0.009 act=0.8838 flq=0.77
# PAIR t=50.0 p=1 d=1.518 pq=1:1 delta=-0.039 x=0.340 ratio=0.9999 dth=+0.019 gg=0.9985 fl=0.296 ret=0.997 shed=0.006 act=1.5396 flq=1.35
# PAIR t=50.0 p=2 d=1.518 pq=1:1 delta=-0.051 x=0.343 ratio=0.9999 dth=+0.025 gg=0.9974 fl=0.082 ret=0.996 shed=0.007 act=0.4272 flq=0.37
# PAIR t=50.0 p=3 d=1.519 pq=1:1 delta=-0.058 x=0.346 ratio=1.0000 dth=+0.029 gg=0.9966 fl=0.084 ret=0.997 shed=0.005 act=0.4442 flq=0.39
# PAIR t=50.0 p=4 d=1.519 pq=1:1 delta=-0.071 x=0.348 ratio=0.9999 dth=+0.035 gg=0.9949 fl=0.077 ret=0.996 shed=0.007 act=0.4075 flq=0.36
# PAIR t=50.0 p=5 d=1.522 pq=1:1 delta=-0.072 x=0.351 ratio=0.9998 dth=+0.035 gg=0.9949 fl=0.060 ret=0.996 shed=0.007 act=0.3218 flq=0.28
# PAIR t=50.0 p=6 d=1.520 pq=1:1 delta=-0.096 x=0.353 ratio=0.9999 dth=+0.047 gg=0.9909 fl=0.086 ret=0.997 shed=0.006 act=0.4643 flq=0.41
# PAIR t=50.0 p=7 d=1.520 pq=1:1 delta=-0.106 x=0.355 ratio=0.9999 dth=+0.052 gg=0.9888 fl=0.110 ret=0.995 shed=0.008 act=0.5952 flq=0.53
# PAIR t=50.0 p=8 d=1.519 pq=1:1 delta=-0.121 x=0.358 ratio=0.9999 dth=+0.060 gg=0.9853 fl=0.092 ret=0.995 shed=0.009 act=0.5014 flq=0.44
# PAIR t=50.0 p=9 d=1.520 pq=1:1 delta=-0.137 x=0.362 ratio=1.0001 dth=+0.069 gg=0.9814 fl=0.007 ret=0.998 shed=0.004 act=0.0384 flq=0.03
# PAIR t=50.0 p=10 d=1.520 pq=1:1 delta=-0.146 x=0.363 ratio=1.0001 dth=+0.073 gg=0.9789 fl=0.093 ret=0.997 shed=0.006 act=0.5187 flq=0.46
# PAIR t=50.0 p=11 d=1.519 pq=1:1 delta=-0.162 x=0.366 ratio=0.9998 dth=+0.079 gg=0.9742 fl=0.056 ret=0.997 shed=0.006 act=0.3136 flq=0.28
# PAIR t=50.0 p=12 d=1.519 pq=1:1 delta=-0.175 x=0.368 ratio=1.0000 dth=+0.088 gg=0.9697 fl=0.176 ret=0.997 shed=0.006 act=0.9893 flq=0.88
# PAIR t=50.0 p=13 d=1.520 pq=1:1 delta=-0.186 x=0.371 ratio=1.0148 dth=+1.022 gg=0.0266 fl=0.001 ret=0.997 shed=0.006 act=0.0061 flq=0.01
# PAIR t=50.0 p=14 d=1.520 pq=1:1 delta=-0.201 x=0.374 ratio=1.0000 dth=+0.101 gg=0.9602 fl=0.102 ret=0.998 shed=0.003 act=0.5824 flq=0.52
# PAIR t=50.0 p=15 d=1.520 pq=1:1 delta=-0.211 x=0.376 ratio=1.0001 dth=+0.106 gg=0.9566 fl=0.074 ret=0.997 shed=0.006 act=0.4235 flq=0.38
# PAIR t=50.0 p=16 d=1.519 pq=1:1 delta=-0.221 x=0.378 ratio=0.9938 dth=-0.153 gg=0.7203 fl=0.001 ret=0.994 shed=0.011 act=0.0031 flq=0.00
# PAIR t=50.0 p=17 d=1.518 pq=1:1 delta=-0.242 x=0.380 ratio=1.0000 dth=+0.121 gg=0.9429 fl=0.192 ret=0.997 shed=0.006 act=1.1162 flq=1.01
# PAIR t=50.0 p=18 d=1.519 pq=1:1 delta=-0.249 x=0.383 ratio=1.0001 dth=+0.124 gg=0.9399 fl=0.183 ret=0.996 shed=0.007 act=1.0686 flq=0.97
# PAIR t=50.0 p=19 d=1.520 pq=1:1 delta=-0.257 x=0.385 ratio=1.0000 dth=+0.128 gg=0.9359 fl=0.126 ret=0.995 shed=0.009 act=0.7428 flq=0.67
# PAIR t=50.0 p=20 d=1.518 pq=1:1 delta=-0.275 x=0.388 ratio=0.9975 dth=-0.137 gg=0.6839 fl=0.001 ret=0.995 shed=0.009 act=0.0057 flq=0.01
# PAIR t=50.0 p=21 d=1.520 pq=1:1 delta=-0.264 x=0.387 ratio=1.0005 dth=+0.130 gg=0.9325 fl=0.047 ret=0.986 shed=0.027 act=0.2776 flq=0.25
# PAIR t=50.0 p=22 d=1.518 pq=1:1 delta=-0.300 x=0.392 ratio=0.9999 dth=+0.149 gg=0.9140 fl=0.089 ret=0.994 shed=0.012 act=0.5359 flq=0.49
# PAIR t=50.0 p=23 d=1.549 pq=1:1 delta=-0.189 x=0.396 ratio=0.9395 dth=+0.113 gg=0.9638 fl=0.000 ret=0.996 shed=0.007 act=0.0000 flq=0.00
# PAIR t=50.0 p=24 d=1.519 pq=1:1 delta=-0.318 x=0.399 ratio=0.9319 dth=-0.702 gg=0.0415 fl=0.000 ret=0.998 shed=0.005 act=0.0000 flq=0.00
# PAIR t=50.0 p=25 d=1.520 pq=1:1 delta=-0.324 x=0.399 ratio=0.9991 dth=+0.165 gg=0.9001 fl=0.078 ret=0.992 shed=0.016 act=0.4757 flq=0.44
# PAIR t=50.0 p=26 d=1.519 pq=1:1 delta=-0.337 x=0.404 ratio=0.9233 dth=-1.582 gg=0.0000 fl=0.000 ret=0.997 shed=0.006 act=0.0000 flq=0.00
# PAIR t=50.0 p=27 d=1.520 pq=1:1 delta=-0.349 x=0.405 ratio=1.0295 dth=+0.031 gg=0.8148 fl=0.020 ret=0.993 shed=0.014 act=0.1218 flq=0.11
# PAIR t=50.0 p=28 d=1.520 pq=1:1 delta=-0.362 x=0.409 ratio=0.9340 dth=-0.509 gg=0.1237 fl=0.000 ret=0.996 shed=0.007 act=0.0007 flq=0.00
# PAIR t=50.0 p=29 d=1.519 pq=1:1 delta=-0.365 x=0.411 ratio=0.8976 dth=+2.096 gg=0.0000 fl=0.000 ret=0.996 shed=0.009 act=0.0000 flq=0.00
# PAIR t=50.0 p=30 d=1.517 pq=1:1 delta=-0.393 x=0.413 ratio=0.9322 dth=-0.492 gg=0.1213 fl=0.000 ret=0.996 shed=0.008 act=0.0020 flq=0.00
# PAIR t=50.0 p=31 d=1.516 pq=1:1 delta=-0.399 x=0.416 ratio=0.8900 dth=+1.270 gg=0.0065 fl=0.000 ret=0.997 shed=0.006 act=0.0000 flq=0.00
# PAIR t=50.0 p=32 d=1.520 pq=1:1 delta=-0.407 x=0.419 ratio=0.9237 dth=-1.966 gg=0.0000 fl=0.000 ret=0.997 shed=0.007 act=0.0000 flq=0.00
# PAIR t=50.0 p=33 d=1.519 pq=1:1 delta=-0.409 x=0.421 ratio=0.8830 dth=+0.587 gg=0.4664 fl=0.000 ret=0.998 shed=0.005 act=0.0000 flq=0.00
# PAIR t=50.0 p=34 d=1.527 pq=1:1 delta=-0.388 x=0.424 ratio=0.8772 dth=+0.050 gg=0.7909 fl=0.000 ret=0.997 shed=0.007 act=0.0000 flq=0.00
# PAIR t=50.0 p=35 d=1.540 pq=1:1 delta=-0.353 x=0.426 ratio=0.8908 dth=+1.444 gg=0.0008 fl=0.000 ret=0.996 shed=0.009 act=0.0006 flq=0.00
# PAIR t=50.0 p=36 d=1.519 pq=1:1 delta=-0.449 x=0.428 ratio=0.9027 dth=+2.246 gg=0.0000 fl=0.000 ret=0.996 shed=0.009 act=0.0000 flq=0.00
# PAIR t=50.0 p=37 d=1.519 pq=1:1 delta=-0.453 x=0.431 ratio=0.8883 dth=+1.049 gg=0.0481 fl=0.000 ret=0.996 shed=0.009 act=0.0000 flq=0.00
# PAIR t=50.0 p=38 d=1.519 pq=1:1 delta=-0.466 x=0.434 ratio=0.8772 dth=-0.117 gg=0.4891 fl=0.000 ret=0.999 shed=0.003 act=0.0000 flq=0.00
# PAIR t=50.0 p=39 d=1.519 pq=1:1 delta=-0.496 x=0.437 ratio=0.9394 dth=-2.616 gg=0.0000 fl=0.000 ret=0.998 shed=0.004 act=0.0000 flq=0.00
# PAIR t=50.0 p=40 d=1.520 pq=1:1 delta=-0.479 x=0.438 ratio=0.8707 dth=-0.686 gg=0.0214 fl=0.000 ret=0.996 shed=0.008 act=0.0000 flq=0.00
# PAIR t=50.0 p=41 d=1.518 pq=1:1 delta=-0.501 x=0.442 ratio=0.8698 dth=-0.980 gg=0.0010 fl=0.000 ret=0.998 shed=0.004 act=0.0006 flq=0.00
# PAIR t=50.0 p=42 d=1.535 pq=1:1 delta=-0.443 x=0.444 ratio=0.8637 dth=-1.478 gg=0.0000 fl=0.000 ret=0.997 shed=0.006 act=0.0001 flq=0.00
# PAIR t=50.0 p=43 d=1.520 pq=1:1 delta=-0.505 x=0.446 ratio=0.8478 dth=-3.058 gg=0.0000 fl=0.000 ret=0.998 shed=0.005 act=0.0000 flq=0.00
# PAIR t=50.0 p=44 d=1.520 pq=1:1 delta=-0.528 x=0.449 ratio=0.8757 dth=-0.898 gg=0.0021 fl=0.001 ret=0.997 shed=0.007 act=0.0081 flq=0.01
# PAIR t=50.0 p=45 d=1.520 pq=1:1 delta=-0.535 x=0.452 ratio=0.8618 dth=-2.020 gg=0.0000 fl=0.000 ret=0.999 shed=0.003 act=0.0000 flq=0.00
# PAIR t=50.0 p=46 d=1.522 pq=1:1 delta=-0.524 x=0.454 ratio=0.8401 dth=+2.455 gg=0.0000 fl=0.000 ret=0.998 shed=0.005 act=0.0000 flq=0.00
# PAIR t=50.0 p=47 d=1.519 pq=1:1 delta=-0.545 x=0.456 ratio=0.8388 dth=+2.360 gg=0.0000 fl=0.000 ret=0.997 shed=0.008 act=0.0002 flq=0.00
# PAIR t=50.0 p=48 d=1.520 pq=1:1 delta=-0.560 x=0.458 ratio=0.8538 dth=-2.749 gg=0.0000 fl=0.000 ret=0.996 shed=0.010 act=0.0000 flq=0.00
# PAIR t=50.0 p=49 d=1.518 pq=1:1 delta=-0.566 x=0.462 ratio=0.8279 dth=+1.168 gg=0.0263 fl=0.000 ret=0.999 shed=0.003 act=0.0000 flq=0.00
# PAIR t=50.0 p=50 d=1.519 pq=1:1 delta=-0.579 x=0.464 ratio=0.8371 dth=+2.057 gg=0.0000 fl=0.000 ret=0.999 shed=0.003 act=0.0001 flq=0.00
# PAIR t=50.0 p=51 d=1.519 pq=1:1 delta=-0.591 x=0.465 ratio=0.8544 dth=-3.083 gg=0.0000 fl=0.000 ret=0.994 shed=0.015 act=0.0000 flq=0.00
# PAIR t=50.0 p=52 d=1.518 pq=1:1 delta=-0.601 x=0.468 ratio=0.8351 dth=+1.760 gg=0.0000 fl=0.000 ret=0.996 shed=0.009 act=0.0000 flq=0.00
# PAIR t=50.0 p=53 d=1.519 pq=1:1 delta=-0.598 x=0.471 ratio=0.8173 dth=+0.089 gg=0.5832 fl=0.000 ret=0.997 shed=0.006 act=0.0000 flq=0.00
# PAIR t=50.0 p=54 d=1.520 pq=1:1 delta=-0.608 x=0.474 ratio=0.8185 dth=+0.231 gg=0.6756 fl=0.000 ret=0.998 shed=0.005 act=0.0000 flq=0.00
# PAIR t=50.0 p=55 d=1.519 pq=1:1 delta=-0.628 x=0.476 ratio=0.8321 dth=+1.255 gg=0.0152 fl=0.000 ret=0.997 shed=0.007 act=0.0019 flq=0.00
# PAIR t=50.0 p=56 d=1.524 pq=1:1 delta=-0.606 x=0.479 ratio=0.8088 dth=-0.759 gg=0.0053 fl=0.000 ret=0.997 shed=0.007 act=0.0000 flq=0.00
# PAIR t=50.0 p=57 d=1.519 pq=1:1 delta=-0.649 x=0.481 ratio=0.8343 dth=+1.265 gg=0.0148 fl=0.001 ret=0.996 shed=0.009 act=0.0051 flq=0.00
# PAIR t=50.0 p=58 d=1.518 pq=1:1 delta=-0.649 x=0.484 ratio=0.8075 dth=-0.944 gg=0.0005 fl=0.000 ret=0.998 shed=0.004 act=0.0000 flq=0.00
# PAIR t=50.0 p=59 d=1.518 pq=1:1 delta=-0.653 x=0.486 ratio=0.8036 dth=-1.270 gg=0.0000 fl=0.000 ret=0.996 shed=0.009 act=0.0000 flq=0.00
60.000	9724.80978	121.510024	0	2.61497599	9848.93478261	2.401e-15	36116	14.818	15.340	16.069	0.027	0.0000	0.8434	2.2993	0.8492	0.9932	1.65000	1.64308	0.0000	0.0000	0.0000	0.0021464	-0.0023919	-0.0071471	0	0	0
# CONV t=60.00 cond=0 evap=0 rough=0 back_s=0
# LEDGER t=60.000 mode=3 sum_err=0 max|E-iEu|=1.110e-16 run_max_diff=0.000e+00 run_max_sum_err=0 steps=3000 E0_int=9848934782608720 sum=9848934782608720
# PAIR t=60.0 p=0 d=1.518 pq=1:1 delta=-0.018 x=0.337 ratio=1.0000 dth=+0.009 gg=0.9997 fl=0.088 ret=0.994 shed=0.011 act=0.4544 flq=0.40
# PAIR t=60.0 p=1 d=1.518 pq=1:1 delta=-0.038 x=0.340 ratio=1.0000 dth=+0.019 gg=0.9986 fl=0.161 ret=0.996 shed=0.007 act=0.8381 flq=0.73
# PAIR t=60.0 p=2 d=1.518 pq=1:1 delta=-0.050 x=0.343 ratio=0.9999 dth=+0.024 gg=0.9975 fl=0.039 ret=0.996 shed=0.008 act=0.2046 flq=0.18
# PAIR t=60.0 p=3 d=1.519 pq=1:1 delta=-0.057 x=0.346 ratio=1.0001 dth=+0.029 gg=0.9967 fl=0.040 ret=0.996 shed=0.006 act=0.2118 flq=0.19
# PAIR t=60.0 p=4 d=1.519 pq=1:1 delta=-0.070 x=0.348 ratio=1.0000 dth=+0.034 gg=0.9951 fl=0.036 ret=0.995 shed=0.008 act=0.1898 flq=0.17
# PAIR t=60.0 p=5 d=1.522 pq=1:1 delta=-0.070 x=0.350 ratio=0.9999 dth=+0.034 gg=0.9950 fl=0.112 ret=0.995 shed=0.008 act=0.5995 flq=0.53
# PAIR t=60.0 p=6 d=1.520 pq=1:1 delta=-0.095 x=0.353 ratio=0.9999 dth=+0.047 gg=0.9910 fl=0.040 ret=0.996 shed=0.006 act=0.2159 flq=0.19
# PAIR t=60.0 p=7 d=1.520 pq=1:1 delta=-0.104 x=0.355 ratio=0.9999 dth=+0.051 gg=0.9892 fl=0.054 ret=0.994 shed=0.010 act=0.2948 flq=0.26
# PAIR t=60.0 p=8 d=1.519 pq=1:1 delta=-0.120 x=0.357 ratio=0.9999 dth=+0.060 gg=0.9857 fl=0.043 ret=0.994 shed=0.011 act=0.2368 flq=0.21
# PAIR t=60.0 p=9 d=1.520 pq=1:1 delta=-0.136 x=0.361 ratio=1.0003 dth=+0.072 gg=0.9816 fl=0.000 ret=0.997 shed=0.005 act=0.0024 flq=0.00
# PAIR t=60.0 p=10 d=1.520 pq=1:1 delta=-0.145 x=0.363 ratio=1.0001 dth=+0.073 gg=0.9792 fl=0.179 ret=0.996 shed=0.007 act=0.9905 flq=0.88
# PAIR t=60.0 p=11 d=1.519 pq=1:1 delta=-0.161 x=0.366 ratio=0.9999 dth=+0.079 gg=0.9745 fl=0.025 ret=0.996 shed=0.007 act=0.1380 flq=0.12
# PAIR t=60.0 p=12 d=1.519 pq=1:1 delta=-0.174 x=0.368 ratio=0.9999 dth=+0.087 gg=0.9701 fl=0.089 ret=0.996 shed=0.007 act=0.5029 flq=0.45
# PAIR t=60.0 p=13 d=1.520 pq=1:1 delta=-0.185 x=0.371 ratio=1.0148 dth=+1.316 gg=0.0016 fl=0.001 ret=0.996 shed=0.007 act=0.0061 flq=0.01
# PAIR t=60.0 p=14 d=1.520 pq=1:1 delta=-0.201 x=0.374 ratio=1.0000 dth=+0.101 gg=0.9604 fl=0.049 ret=0.998 shed=0.003 act=0.2785 flq=0.25
# PAIR t=60.0 p=15 d=1.520 pq=1:1 delta=-0.210 x=0.376 ratio=1.0001 dth=+0.105 gg=0.9569 fl=0.033 ret=0.996 shed=0.007 act=0.1873 flq=0.17
# PAIR t=60.0 p=16 d=1.519 pq=1:1 delta=-0.219 x=0.377 ratio=0.9939 dth=-0.278 gg=0.5196 fl=0.001 ret=0.993 shed=0.013 act=0.0031 flq=0.00
# PAIR t=60.0 p=17 d=1.518 pq=1:1 delta=-0.241 x=0.380 ratio=1.0000 dth=+0.121 gg=0.9434 fl=0.098 ret=0.996 shed=0.007 act=0.5719 flq=0.52
# PAIR t=60.0 p=18 d=1.519 pq=1:1 delta=-0.247 x=0.382 ratio=0.9999 dth=+0.124 gg=0.9407 fl=0.091 ret=0.995 shed=0.009 act=0.5317 flq=0.48
# PAIR t=60.0 p=19 d=1.520 pq=1:1 delta=-0.256 x=0.385 ratio=0.9999 dth=+0.128 gg=0.9366 fl=0.064 ret=0.994 shed=0.011 act=0.3790 flq=0.34
# PAIR t=60.0 p=20 d=1.518 pq=1:1 delta=-0.274 x=0.388 ratio=0.9977 dth=-0.185 gg=0.6100 fl=0.001 ret=0.995 shed=0.010 act=0.0057 flq=0.01
# PAIR t=60.0 p=21 d=1.520 pq=1:1 delta=-0.263 x=0.387 ratio=1.0000 dth=+0.134 gg=0.9332 fl=0.019 ret=0.986 shed=0.028 act=0.1131 flq=0.10
# PAIR t=60.0 p=22 d=1.518 pq=1:1 delta=-0.298 x=0.392 ratio=1.0000 dth=+0.149 gg=0.9147 fl=0.043 ret=0.994 shed=0.013 act=0.2566 flq=0.23
# PAIR t=60.0 p=23 d=1.549 pq=1:1 delta=-0.187 x=0.396 ratio=0.9393 dth=-1.118 gg=0.0018 fl=0.000 ret=0.996 shed=0.008 act=0.0000 flq=0.00
# PAIR t=60.0 p=24 d=1.519 pq=1:1 delta=-0.316 x=0.399 ratio=0.9318 dth=-2.087 gg=0.0000 fl=0.000 ret=0.997 shed=0.006 act=0.0000 flq=0.00
# PAIR t=60.0 p=25 d=1.520 pq=1:1 delta=-0.323 x=0.399 ratio=1.0005 dth=+0.160 gg=0.9010 fl=0.036 ret=0.991 shed=0.017 act=0.2222 flq=0.20
# PAIR t=60.0 p=26 d=1.519 pq=1:1 delta=-0.336 x=0.404 ratio=0.9233 dth=+3.140 gg=0.0000 fl=0.000 ret=0.996 shed=0.007 act=0.0000 flq=0.00
# PAIR t=60.0 p=27 d=1.520 pq=1:1 delta=-0.349 x=0.404 ratio=1.0138 dth=+0.512 gg=0.5573 fl=0.007 ret=0.992 shed=0.016 act=0.0449 flq=0.04
# PAIR t=60.0 p=28 d=1.520 pq=1:1 delta=-0.361 x=0.408 ratio=0.9342 dth=-1.838 gg=0.0000 fl=0.000 ret=0.996 shed=0.008 act=0.0007 flq=0.00
# PAIR t=60.0 p=29 d=1.519 pq=1:1 delta=-0.363 x=0.410 ratio=0.8974 dth=-0.010 gg=0.7558 fl=0.000 ret=0.995 shed=0.010 act=0.0000 flq=0.00
# PAIR t=60.0 p=30 d=1.517 pq=1:1 delta=-0.392 x=0.413 ratio=0.9329 dth=-1.838 gg=0.0000 fl=0.000 ret=0.996 shed=0.009 act=0.0000 flq=0.00
# PAIR t=60.0 p=31 d=1.516 pq=1:1 delta=-0.398 x=0.416 ratio=0.8899 dth=-0.991 gg=0.0019 fl=0.000 ret=0.997 shed=0.007 act=0.0000 flq=0.00
# PAIR t=60.0 p=32 d=1.520 pq=1:1 delta=-0.406 x=0.418 ratio=0.9235 dth=+2.781 gg=0.0000 fl=0.000 ret=0.996 shed=0.008 act=0.0000 flq=0.00
# PAIR t=60.0 p=33 d=1.519 pq=1:1 delta=-0.408 x=0.421 ratio=0.8828 dth=-1.818 gg=0.0000 fl=0.000 ret=0.997 shed=0.006 act=0.0000 flq=0.00
# PAIR t=60.0 p=34 d=1.527 pq=1:1 delta=-0.386 x=0.423 ratio=0.8768 dth=-2.481 gg=0.0000 fl=0.000 ret=0.996 shed=0.008 act=0.0000 flq=0.00
# PAIR t=60.0 p=35 d=1.540 pq=1:1 delta=-0.351 x=0.425 ratio=0.8905 dth=-0.784 gg=0.0185 fl=0.000 ret=0.995 shed=0.011 act=0.0006 flq=0.00
# PAIR t=60.0 p=36 d=1.519 pq=1:1 delta=-0.447 x=0.428 ratio=0.9000 dth=+0.262 gg=0.8138 fl=0.001 ret=0.995 shed=0.011 act=0.0078 flq=0.01
# PAIR t=60.0 p=37 d=1.519 pq=1:1 delta=-0.451 x=0.430 ratio=0.8881 dth=-1.224 gg=0.0001 fl=0.000 ret=0.995 shed=0.011 act=0.0000 flq=0.00
# PAIR t=60.0 p=38 d=1.519 pq=1:1 delta=-0.465 x=0.434 ratio=0.8771 dth=-2.623 gg=0.0000 fl=0.000 ret=0.998 shed=0.003 act=0.0000 flq=0.00
# PAIR t=60.0 p=39 d=1.519 pq=1:1 delta=-0.495 x=0.437 ratio=0.9394 dth=+2.477 gg=0.0000 fl=0.000 ret=0.998 shed=0.004 act=0.0000 flq=0.00
# PAIR t=60.0 p=40 d=1.520 pq=1:1 delta=-0.478 x=0.438 ratio=0.8706 dth=+2.956 gg=0.0000 fl=0.000 ret=0.996 shed=0.010 act=0.0000 flq=0.00
# PAIR t=60.0 p=41 d=1.518 pq=1:1 delta=-0.501 x=0.442 ratio=0.8698 dth=+2.651 gg=0.0000 fl=0.000 ret=0.998 shed=0.005 act=0.0000 flq=0.00
# PAIR t=60.0 p=42 d=1.535 pq=1:1 delta=-0.441 x=0.444 ratio=0.8634 dth=+2.019 gg=0.0000 fl=0.000 ret=0.997 shed=0.007 act=0.0001 flq=0.00
# PAIR t=60.0 p=43 d=1.520 pq=1:1 delta=-0.504 x=0.446 ratio=0.8477 dth=+0.092 gg=0.6984 fl=0.000 ret=0.997 shed=0.006 act=0.0000 flq=0.00
# PAIR t=60.0 p=44 d=1.520 pq=1:1 delta=-0.528 x=0.448 ratio=0.8768 dth=+2.904 gg=0.0000 fl=0.000 ret=0.996 shed=0.008 act=0.0000 flq=0.00
# PAIR t=60.0 p=45 d=1.520 pq=1:1 delta=-0.535 x=0.452 ratio=0.8618 dth=+1.456 gg=0.0016 fl=0.000 ret=0.998 shed=0.004 act=0.0002 flq=0.00
# PAIR t=60.0 p=46 d=1.522 pq=1:1 delta=-0.523 x=0.454 ratio=0.8400 dth=-0.833 gg=0.0044 fl=0.000 ret=0.998 shed=0.005 act=0.0000 flq=0.00
# PAIR t=60.0 p=47 d=1.519 pq=1:1 delta=-0.544 x=0.456 ratio=0.8386 dth=-0.956 gg=0.0010 fl=0.000 ret=0.996 shed=0.009 act=0.0002 flq=0.00
# PAIR t=60.0 p=48 d=1.520 pq=1:1 delta=-0.558 x=0.458 ratio=0.8529 dth=+0.556 gg=0.5343 fl=0.001 ret=0.995 shed=0.012 act=0.0042 flq=0.00
# PAIR t=60.0 p=49 d=1.518 pq=1:1 delta=-0.565 x=0.462 ratio=0.8277 dth=-2.379 gg=0.0000 fl=0.000 ret=0.998 shed=0.004 act=0.0000 flq=0.00
# PAIR t=60.0 p=50 d=1.519 pq=1:1 delta=-0.578 x=0.464 ratio=0.8372 dth=-1.272 gg=0.0000 fl=0.000 ret=0.998 shed=0.004 act=0.0001 flq=0.00
# PAIR t=60.0 p=51 d=1.519 pq=1:1 delta=-0.587 x=0.464 ratio=0.8510 dth=+0.225 gg=0.6942 fl=0.003 ret=0.993 shed=0.017 act=0.0196 flq=0.02
# PAIR t=60.0 p=52 d=1.518 pq=1:1 delta=-0.599 x=0.468 ratio=0.8348 dth=-1.610 gg=0.0000 fl=0.000 ret=0.996 shed=0.011 act=0.0000 flq=0.00
# PAIR t=60.0 p=53 d=1.519 pq=1:1 delta=-0.597 x=0.471 ratio=0.8171 dth=+2.608 gg=0.0000 fl=0.000 ret=0.997 shed=0.007 act=0.0000 flq=0.00
# PAIR t=60.0 p=54 d=1.520 pq=1:1 delta=-0.606 x=0.474 ratio=0.8182 dth=+2.783 gg=0.0000 fl=0.000 ret=0.997 shed=0.006 act=0.0000 flq=0.00
# PAIR t=60.0 p=55 d=1.519 pq=1:1 delta=-0.628 x=0.476 ratio=0.8342 dth=-2.139 gg=0.0000 fl=0.000 ret=0.997 shed=0.008 act=0.0000 flq=0.00
# PAIR t=60.0 p=56 d=1.524 pq=1:1 delta=-0.605 x=0.478 ratio=0.8085 dth=+1.582 gg=0.0005 fl=0.000 ret=0.996 shed=0.009 act=0.0000 flq=0.00
# PAIR t=60.0 p=57 d=1.519 pq=1:1 delta=-0.651 x=0.480 ratio=0.8401 dth=-2.040 gg=0.0000 fl=0.000 ret=0.996 shed=0.010 act=0.0000 flq=0.00
# PAIR t=60.0 p=58 d=1.518 pq=1:1 delta=-0.649 x=0.484 ratio=0.8074 dth=+1.386 gg=0.0049 fl=0.000 ret=0.998 shed=0.005 act=0.0000 flq=0.00
# PAIR t=60.0 p=59 d=1.518 pq=1:1 delta=-0.650 x=0.485 ratio=0.8031 dth=+0.967 gg=0.1165 fl=0.000 ret=0.995 shed=0.012 act=0.0000 flq=0.00
70.000	9724.80978	123.556683	0	0.568317124	9848.93478261	2.401e-15	36112	14.782	15.345	16.094	0.028	0.0000	0.8434	2.038	0.8492	0.9932	1.64999	1.64307	0.0000	0.0000	0.0000	0.0051821	0.0032512	0.0016117	0	0	0
# CONV t=70.00 cond=0 evap=0 rough=0 back_s=0
# LEDGER t=70.000 mode=3 sum_err=0 max|E-iEu|=1.110e-16 run_max_diff=0.000e+00 run_max_sum_err=0 steps=3500 E0_int=9848934782608720 sum=9848934782608720
# PAIR t=70.0 p=0 d=1.518 pq=1:1 delta=-0.016 x=0.337 ratio=1.0001 dth=+0.008 gg=0.9997 fl=0.010 ret=0.993 shed=0.012 act=0.0501 flq=0.04
# PAIR t=70.0 p=1 d=1.518 pq=1:1 delta=-0.037 x=0.339 ratio=1.0000 dth=+0.018 gg=0.9987 fl=0.018 ret=0.995 shed=0.008 act=0.0946 flq=0.08
# PAIR t=70.0 p=2 d=1.518 pq=1:1 delta=-0.049 x=0.343 ratio=1.0000 dth=+0.024 gg=0.9976 fl=0.004 ret=0.995 shed=0.008 act=0.0210 flq=0.02
# PAIR t=70.0 p=3 d=1.519 pq=1:1 delta=-0.057 x=0.346 ratio=1.0000 dth=+0.029 gg=0.9968 fl=0.004 ret=0.996 shed=0.007 act=0.0217 flq=0.02
# PAIR t=70.0 p=4 d=1.519 pq=1:1 delta=-0.069 x=0.348 ratio=0.9999 dth=+0.034 gg=0.9953 fl=0.004 ret=0.995 shed=0.009 act=0.0190 flq=0.02
# PAIR t=70.0 p=5 d=1.522 pq=1:1 delta=-0.069 x=0.350 ratio=0.9998 dth=+0.034 gg=0.9953 fl=0.050 ret=0.995 shed=0.010 act=0.2660 flq=0.23
# PAIR t=70.0 p=6 d=1.520 pq=1:1 delta=-0.094 x=0.353 ratio=0.9999 dth=+0.046 gg=0.9912 fl=0.004 ret=0.996 shed=0.007 act=0.0216 flq=0.02
# PAIR t=70.0 p=7 d=1.520 pq=1:1 delta=-0.103 x=0.355 ratio=0.9999 dth=+0.050 gg=0.9895 fl=0.006 ret=0.994 shed=0.012 act=0.0309 flq=0.03
# PAIR t=70.0 p=8 d=1.519 pq=1:1 delta=-0.118 x=0.357 ratio=0.9999 dth=+0.059 gg=0.9861 fl=0.004 ret=0.993 shed=0.012 act=0.0241 flq=0.02
# PAIR t=70.0 p=9 d=1.520 pq=1:1 delta=-0.135 x=0.361 ratio=1.0004 dth=+0.078 gg=0.9816 fl=0.000 ret=0.996 shed=0.006 act=0.0024 flq=0.00
# PAIR t=70.0 p=10 d=1.520 pq=1:1 delta=-0.144 x=0.362 ratio=1.0001 dth=+0.072 gg=0.9796 fl=0.083 ret=0.995 shed=0.008 act=0.4587 flq=0.41
# PAIR t=70.0 p=11 d=1.519 pq=1:1 delta=-0.160 x=0.366 ratio=0.9998 dth=+0.078 gg=0.9749 fl=0.002 ret=0.995 shed=0.008 act=0.0129 flq=0.01
# PAIR t=70.0 p=12 d=1.519 pq=1:1 delta=-0.173 x=0.368 ratio=1.0000 dth=+0.087 gg=0.9703 fl=0.010 ret=0.996 shed=0.007 act=0.0540 flq=0.05
# PAIR t=70.0 p=13 d=1.520 pq=1:1 delta=-0.184 x=0.371 ratio=1.0146 dth=+1.608 gg=0.0000 fl=0.001 ret=0.996 shed=0.008 act=0.0061 flq=0.01
# PAIR t=70.0 p=14 d=1.520 pq=1:1 delta=-0.201 x=0.374 ratio=1.0000 dth=+0.100 gg=0.9605 fl=0.005 ret=0.998 shed=0.004 act=0.0282 flq=0.03
# PAIR t=70.0 p=15 d=1.520 pq=1:1 delta=-0.209 x=0.376 ratio=1.0000 dth=+0.105 gg=0.9573 fl=0.003 ret=0.996 shed=0.008 act=0.0176 flq=0.02
# PAIR t=70.0 p=16 d=1.519 pq=1:1 delta=-0.217 x=0.377 ratio=0.9942 dth=-0.400 gg=0.3350 fl=0.001 ret=0.992 shed=0.015 act=0.0031 flq=0.00
# PAIR t=70.0 p=17 d=1.518 pq=1:1 delta=-0.240 x=0.380 ratio=1.0000 dth=+0.120 gg=0.9439 fl=0.011 ret=0.996 shed=0.008 act=0.0634 flq=0.06
# PAIR t=70.0 p=18 d=1.519 pq=1:1 delta=-0.246 x=0.382 ratio=1.0000 dth=+0.123 gg=0.9415 fl=0.010 ret=0.994 shed=0.011 act=0.0566 flq=0.05
# PAIR t=70.0 p=19 d=1.520 pq=1:1 delta=-0.254 x=0.384 ratio=0.9999 dth=+0.127 gg=0.9373 fl=0.007 ret=0.994 shed=0.012 act=0.0411 flq=0.04
# PAIR t=70.0 p=20 d=1.518 pq=1:1 delta=-0.273 x=0.388 ratio=0.9978 dth=-0.230 gg=0.5381 fl=0.001 ret=0.995 shed=0.011 act=0.0057 flq=0.01
# PAIR t=70.0 p=21 d=1.520 pq=1:1 delta=-0.261 x=0.386 ratio=0.9998 dth=+0.129 gg=0.9339 fl=0.002 ret=0.985 shed=0.030 act=0.0094 flq=0.01
# PAIR t=70.0 p=22 d=1.518 pq=1:1 delta=-0.297 x=0.392 ratio=0.9999 dth=+0.148 gg=0.9155 fl=0.004 ret=0.993 shed=0.014 act=0.0263 flq=0.02
# PAIR t=70.0 p=23 d=1.549 pq=1:1 delta=-0.186 x=0.396 ratio=0.9390 dth=-2.353 gg=0.0000 fl=0.000 ret=0.995 shed=0.010 act=0.0000 flq=0.00
# PAIR t=70.0 p=24 d=1.519 pq=1:1 delta=-0.316 x=0.399 ratio=0.9317 dth=+2.808 gg=0.0000 fl=0.000 ret=0.997 shed=0.007 act=0.0000 flq=0.00
# PAIR t=70.0 p=25 d=1.520 pq=1:1 delta=-0.321 x=0.398 ratio=0.9998 dth=+0.162 gg=0.9019 fl=0.004 ret=0.991 shed=0.019 act=0.0222 flq=0.02
# PAIR t=70.0 p=26 d=1.519 pq=1:1 delta=-0.335 x=0.403 ratio=0.9232 dth=+1.578 gg=0.0001 fl=0.000 ret=0.996 shed=0.008 act=0.0000 flq=0.00
# PAIR t=70.0 p=27 d=1.520 pq=1:1 delta=-0.348 x=0.404 ratio=0.9881 dth=+0.442 gg=0.6618 fl=0.000 ret=0.992 shed=0.017 act=0.0029 flq=0.00
# PAIR t=70.0 p=28 d=1.520 pq=1:1 delta=-0.359 x=0.408 ratio=0.9345 dth=+3.122 gg=0.0000 fl=0.000 ret=0.995 shed=0.010 act=0.0007 flq=0.00
# PAIR t=70.0 p=29 d=1.519 pq=1:1 delta=-0.362 x=0.410 ratio=0.8972 dth=-2.120 gg=0.0000 fl=0.000 ret=0.994 shed=0.012 act=0.0000 flq=0.00
# PAIR t=70.0 p=30 d=1.517 pq=1:1 delta=-0.391 x=0.413 ratio=0.9326 dth=+3.094 gg=0.0000 fl=0.000 ret=0.995 shed=0.010 act=0.0000 flq=0.00
# PAIR t=70.0 p=31 d=1.516 pq=1:1 delta=-0.397 x=0.416 ratio=0.8899 dth=+3.030 gg=0.0000 fl=0.000 ret=0.996 shed=0.008 act=0.0000 flq=0.00
# PAIR t=70.0 p=32 d=1.520 pq=1:1 delta=-0.405 x=0.418 ratio=0.9233 dth=+1.241 gg=0.0087 fl=0.000 ret=0.996 shed=0.009 act=0.0002 flq=0.00
# PAIR t=70.0 p=33 d=1.519 pq=1:1 delta=-0.408 x=0.421 ratio=0.8826 dth=+2.056 gg=0.0000 fl=0.000 ret=0.997 shed=0.007 act=0.0000 flq=0.00
# PAIR t=70.0 p=34 d=1.527 pq=1:1 delta=-0.385 x=0.423 ratio=0.8764 dth=+1.262 gg=0.0066 fl=0.000 ret=0.995 shed=0.010 act=0.0000 flq=0.00
# PAIR t=70.0 p=35 d=1.540 pq=1:1 delta=-0.350 x=0.425 ratio=0.8904 dth=-3.017 gg=0.0000 fl=0.000 ret=0.994 shed=0.012 act=0.0006 flq=0.00
# PAIR t=70.0 p=36 d=1.519 pq=1:1 delta=-0.447 x=0.428 ratio=0.9040 dth=-1.698 gg=0.0000 fl=0.000 ret=0.994 shed=0.012 act=0.0000 flq=0.00
# PAIR t=70.0 p=37 d=1.519 pq=1:1 delta=-0.449 x=0.430 ratio=0.8879 dth=+2.781 gg=0.0000 fl=0.000 ret=0.994 shed=0.013 act=0.0000 flq=0.00
# PAIR t=70.0 p=38 d=1.519 pq=1:1 delta=-0.465 x=0.434 ratio=0.8770 dth=+1.151 gg=0.0230 fl=0.000 ret=0.998 shed=0.004 act=0.0000 flq=0.00
# PAIR t=70.0 p=39 d=1.519 pq=1:1 delta=-0.493 x=0.436 ratio=0.9311 dth=+1.242 gg=0.0116 fl=0.003 ret=0.998 shed=0.005 act=0.0210 flq=0.02
# PAIR t=70.0 p=40 d=1.520 pq=1:1 delta=-0.476 x=0.438 ratio=0.8703 dth=+0.309 gg=0.7807 fl=0.000 ret=0.995 shed=0.012 act=0.0000 flq=0.00
# PAIR t=70.0 p=41 d=1.518 pq=1:1 delta=-0.500 x=0.441 ratio=0.8697 dth=-0.002 gg=0.6003 fl=0.000 ret=0.998 shed=0.005 act=0.0000 flq=0.00
# PAIR t=70.0 p=42 d=1.535 pq=1:1 delta=-0.440 x=0.443 ratio=0.8632 dth=-0.773 gg=0.0126 fl=0.000 ret=0.997 shed=0.008 act=0.0001 flq=0.00
# PAIR t=70.0 p=43 d=1.520 pq=1:1 delta=-0.503 x=0.446 ratio=0.8476 dth=-3.044 gg=0.0000 fl=0.000 ret=0.997 shed=0.007 act=0.0000 flq=0.00
# PAIR t=70.0 p=44 d=1.520 pq=1:1 delta=-0.525 x=0.448 ratio=0.8727 dth=+0.398 gg=0.7041 fl=0.002 ret=0.996 shed=0.009 act=0.0116 flq=0.01
# PAIR t=70.0 p=45 d=1.520 pq=1:1 delta=-0.534 x=0.452 ratio=0.8618 dth=-1.355 gg=0.0000 fl=0.000 ret=0.998 shed=0.004 act=0.0000 flq=0.00
# PAIR t=70.0 p=46 d=1.522 pq=1:1 delta=-0.523 x=0.454 ratio=0.8399 dth=+2.158 gg=0.0000 fl=0.000 ret=0.997 shed=0.006 act=0.0000 flq=0.00
# PAIR t=70.0 p=47 d=1.519 pq=1:1 delta=-0.542 x=0.455 ratio=0.8383 dth=+2.007 gg=0.0000 fl=0.000 ret=0.996 shed=0.010 act=0.0002 flq=0.00
# PAIR t=70.0 p=48 d=1.520 pq=1:1 delta=-0.557 x=0.457 ratio=0.8542 dth=-2.415 gg=0.0000 fl=0.000 ret=0.994 shed=0.014 act=0.0000 flq=0.00
# PAIR t=70.0 p=49 d=1.518 pq=1:1 delta=-0.565 x=0.462 ratio=0.8276 dth=+0.354 gg=0.7111 fl=0.000 ret=0.998 shed=0.005 act=0.0000 flq=0.00
# PAIR t=70.0 p=50 d=1.519 pq=1:1 delta=-0.578 x=0.464 ratio=0.8372 dth=+1.683 gg=0.0001 fl=0.000 ret=0.998 shed=0.005 act=0.0001 flq=0.00
# PAIR t=70.0 p=51 d=1.519 pq=1:1 delta=-0.589 x=0.464 ratio=0.8591 dth=-2.644 gg=0.0000 fl=0.000 ret=0.992 shed=0.020 act=0.0000 flq=0.00
# PAIR t=70.0 p=52 d=1.518 pq=1:1 delta=-0.598 x=0.468 ratio=0.8345 dth=+1.298 gg=0.0097 fl=0.000 ret=0.995 shed=0.012 act=0.0000 flq=0.00
# PAIR t=70.0 p=53 d=1.519 pq=1:1 delta=-0.596 x=0.471 ratio=0.8170 dth=-1.162 gg=0.0000 fl=0.000 ret=0.997 shed=0.008 act=0.0000 flq=0.00
# PAIR t=70.0 p=54 d=1.520 pq=1:1 delta=-0.605 x=0.473 ratio=0.8179 dth=-0.956 gg=0.0006 fl=0.000 ret=0.997 shed=0.008 act=0.0000 flq=0.00
# PAIR t=70.0 p=55 d=1.519 pq=1:1 delta=-0.627 x=0.476 ratio=0.8337 dth=+0.776 gg=0.2776 fl=0.001 ret=0.996 shed=0.009 act=0.0040 flq=0.00
# PAIR t=70.0 p=56 d=1.524 pq=1:1 delta=-0.603 x=0.478 ratio=0.8082 dth=-2.368 gg=0.0000 fl=0.000 ret=0.996 shed=0.010 act=0.0000 flq=0.00
# PAIR t=70.0 p=57 d=1.519 pq=1:1 delta=-0.649 x=0.480 ratio=0.8387 dth=+1.013 gg=0.0894 fl=0.001 ret=0.995 shed=0.012 act=0.0069 flq=0.01
# PAIR t=70.0 p=58 d=1.518 pq=1:1 delta=-0.648 x=0.484 ratio=0.8074 dth=-2.568 gg=0.0000 fl=0.000 ret=0.998 shed=0.006 act=0.0000 flq=0.00
# PAIR t=70.0 p=59 d=1.518 pq=1:1 delta=-0.648 x=0.485 ratio=0.8027 dth=-3.090 gg=0.0000 fl=0.000 ret=0.994 shed=0.014 act=0.0000 flq=0.00
80.000	9724.80978	121.183741	0	2.94125938	9848.93478261	2.401e-15	36107	14.814	15.334	16.047	0.027	0.0000	0.8435	1.7812	0.8492	0.9932	1.64999	1.64307	0.0000	0.0000	0.0000	-0.001534	-0.0071419	-0.0098604	0	0	0
# CONV t=80.00 cond=0 evap=0 rough=0 back_s=0
# LEDGER t=80.000 mode=3 sum_err=0 max|E-iEu|=1.110e-16 run_max_diff=0.000e+00 run_max_sum_err=0 steps=4000 E0_int=9848934782608720 sum=9848934782608720
# PAIR t=80.0 p=0 d=1.518 pq=1:1 delta=-0.014 x=0.337 ratio=1.0001 dth=+0.008 gg=0.9998 fl=0.110 ret=0.992 shed=0.014 act=0.5680 flq=0.50
# PAIR t=80.0 p=1 d=1.518 pq=1:1 delta=-0.035 x=0.339 ratio=0.9999 dth=+0.017 gg=0.9988 fl=0.202 ret=0.995 shed=0.009 act=1.0507 flq=0.92
# PAIR t=80.0 p=2 d=1.518 pq=1:1 delta=-0.048 x=0.343 ratio=1.0000 dth=+0.023 gg=0.9977 fl=0.045 ret=0.995 shed=0.009 act=0.2337 flq=0.20
# PAIR t=80.0 p=3 d=1.519 pq=1:1 delta=-0.056 x=0.346 ratio=1.0001 dth=+0.028 gg=0.9969 fl=0.046 ret=0.996 shed=0.008 act=0.2440 flq=0.21
# PAIR t=80.0 p=4 d=1.519 pq=1:1 delta=-0.068 x=0.348 ratio=0.9999 dth=+0.033 gg=0.9954 fl=0.039 ret=0.994 shed=0.011 act=0.2054 flq=0.18
# PAIR t=80.0 p=5 d=1.522 pq=1:1 delta=-0.068 x=0.350 ratio=0.9998 dth=+0.033 gg=0.9954 fl=0.097 ret=0.994 shed=0.011 act=0.5183 flq=0.46
# PAIR t=80.0 p=6 d=1.520 pq=1:1 delta=-0.094 x=0.353 ratio=0.9999 dth=+0.046 gg=0.9913 fl=0.043 ret=0.996 shed=0.008 act=0.2319 flq=0.20
# PAIR t=80.0 p=7 d=1.520 pq=1:1 delta=-0.101 x=0.354 ratio=0.9999 dth=+0.050 gg=0.9898 fl=0.064 ret=0.993 shed=0.013 act=0.3462 flq=0.31
# PAIR t=80.0 p=8 d=1.519 pq=1:1 delta=-0.117 x=0.357 ratio=0.9999 dth=+0.058 gg=0.9864 fl=0.049 ret=0.992 shed=0.014 act=0.2659 flq=0.24
# PAIR t=80.0 p=9 d=1.520 pq=1:1 delta=-0.134 x=0.361 ratio=1.0006 dth=+0.087 gg=0.9807 fl=0.000 ret=0.996 shed=0.007 act=0.0024 flq=0.00
# PAIR t=80.0 p=10 d=1.520 pq=1:1 delta=-0.143 x=0.362 ratio=1.0001 dth=+0.072 gg=0.9798 fl=0.163 ret=0.995 shed=0.009 act=0.9054 flq=0.81
# PAIR t=80.0 p=11 d=1.519 pq=1:1 delta=-0.158 x=0.365 ratio=0.9998 dth=+0.076 gg=0.9752 fl=0.023 ret=0.995 shed=0.009 act=0.1312 flq=0.12
# PAIR t=80.0 p=12 d=1.519 pq=1:1 delta=-0.172 x=0.367 ratio=0.9999 dth=+0.086 gg=0.9707 fl=0.109 ret=0.995 shed=0.009 act=0.6135 flq=0.55
# PAIR t=80.0 p=13 d=1.520 pq=1:1 delta=-0.183 x=0.371 ratio=1.0145 dth=+1.897 gg=0.0000 fl=0.001 ret=0.995 shed=0.009 act=0.0061 flq=0.01
# PAIR t=80.0 p=14 d=1.520 pq=1:1 delta=-0.200 x=0.374 ratio=1.0000 dth=+0.100 gg=0.9607 fl=0.054 ret=0.998 shed=0.004 act=0.3053 flq=0.27
# PAIR t=80.0 p=15 d=1.520 pq=1:1 delta=-0.208 x=0.376 ratio=1.0000 dth=+0.105 gg=0.9576 fl=0.032 ret=0.995 shed=0.009 act=0.1821 flq=0.16
# PAIR t=80.0 p=16 d=1.519 pq=1:1 delta=-0.215 x=0.377 ratio=0.9945 dth=-0.516 gg=0.1962 fl=0.001 ret=0.991 shed=0.017 act=0.0031 flq=0.00
# PAIR t=80.0 p=17 d=1.518 pq=1:1 delta=-0.239 x=0.380 ratio=1.0000 dth=+0.120 gg=0.9444 fl=0.125 ret=0.995 shed=0.009 act=0.7279 flq=0.66
# PAIR t=80.0 p=18 d=1.519 pq=1:1 delta=-0.244 x=0.382 ratio=1.0000 dth=+0.122 gg=0.9422 fl=0.113 ret=0.994 shed=0.012 act=0.6605 flq=0.60
# PAIR t=80.0 p=19 d=1.520 pq=1:1 delta=-0.253 x=0.384 ratio=1.0000 dth=+0.126 gg=0.9380 fl=0.080 ret=0.993 shed=0.014 act=0.4707 flq=0.43
# PAIR t=80.0 p=20 d=1.518 pq=1:1 delta=-0.272 x=0.388 ratio=0.9981 dth=-0.272 gg=0.4726 fl=0.001 ret=0.994 shed=0.012 act=0.0057 flq=0.01
# PAIR t=80.0 p=21 d=1.520 pq=1:1 delta=-0.260 x=0.386 ratio=1.0000 dth=+0.127 gg=0.9346 fl=0.014 ret=0.984 shed=0.031 act=0.0861 flq=0.08
# PAIR t=80.0 p=22 d=1.518 pq=1:1 delta=-0.296 x=0.392 ratio=1.0000 dth=+0.148 gg=0.9161 fl=0.049 ret=0.992 shed=0.015 act=0.2909 flq=0.27
# PAIR t=80.0 p=23 d=1.549 pq=1:1 delta=-0.185 x=0.395 ratio=0.9388 dth=+2.690 gg=0.0000 fl=0.000 ret=0.995 shed=0.011 act=0.0000 flq=0.00
# PAIR t=80.0 p=24 d=1.519 pq=1:1 delta=-0.315 x=0.398 ratio=0.9316 dth=+1.418 gg=0.0009 fl=0.000 ret=0.996 shed=0.008 act=0.0000 flq=0.00
# PAIR t=80.0 p=25 d=1.520 pq=1:1 delta=-0.320 x=0.398 ratio=1.0001 dth=+0.159 gg=0.9028 fl=0.039 ret=0.990 shed=0.021 act=0.2391 flq=0.22
# PAIR t=80.0 p=26 d=1.519 pq=1:1 delta=-0.334 x=0.403 ratio=0.9232 dth=+0.014 gg=0.8138 fl=0.000 ret=0.995 shed=0.009 act=0.0000 flq=0.00
# PAIR t=80.0 p=27 d=1.520 pq=1:1 delta=-0.342 x=0.403 ratio=0.9854 dth=+0.142 gg=0.8869 fl=0.002 ret=0.989 shed=0.023 act=0.0129 flq=0.01
# PAIR t=80.0 p=28 d=1.520 pq=1:1 delta=-0.358 x=0.408 ratio=0.9347 dth=+1.803 gg=0.0000 fl=0.000 ret=0.995 shed=0.011 act=0.0007 flq=0.00
# PAIR t=80.0 p=29 d=1.519 pq=1:1 delta=-0.360 x=0.410 ratio=0.8970 dth=+2.047 gg=0.0000 fl=0.000 ret=0.993 shed=0.013 act=0.0000 flq=0.00
# PAIR t=80.0 p=30 d=1.517 pq=1:1 delta=-0.390 x=0.413 ratio=0.9324 dth=+1.738 gg=0.0000 fl=0.000 ret=0.994 shed=0.012 act=0.0000 flq=0.00
# PAIR t=80.0 p=31 d=1.516 pq=1:1 delta=-0.396 x=0.416 ratio=0.8898 dth=+0.767 gg=0.2265 fl=0.000 ret=0.996 shed=0.009 act=0.0000 flq=0.00
# PAIR t=80.0 p=32 d=1.520 pq=1:1 delta=-0.404 x=0.418 ratio=0.9230 dth=-0.307 gg=0.2947 fl=0.000 ret=0.995 shed=0.010 act=0.0001 flq=0.00
# PAIR t=80.0 p=33 d=1.519 pq=1:1 delta=-0.407 x=0.421 ratio=0.8824 dth=-0.358 gg=0.2333 fl=0.000 ret=0.996 shed=0.008 act=0.0000 flq=0.00
# PAIR t=80.0 p=34 d=1.527 pq=1:1 delta=-0.384 x=0.423 ratio=0.8761 dth=-1.287 gg=0.0000 fl=0.000 ret=0.995 shed=0.011 act=0.0000 flq=0.00
# PAIR t=80.0 p=35 d=1.540 pq=1:1 delta=-0.348 x=0.425 ratio=0.8901 dth=+1.027 gg=0.0430 fl=0.000 ret=0.993 shed=0.014 act=0.0006 flq=0.00
# PAIR t=80.0 p=36 d=1.519 pq=1:1 delta=-0.445 x=0.427 ratio=0.9039 dth=+2.646 gg=0.0000 fl=0.000 ret=0.994 shed=0.014 act=0.0000 flq=0.00
# PAIR t=80.0 p=37 d=1.519 pq=1:1 delta=-0.448 x=0.430 ratio=0.8877 dth=+0.498 gg=0.6031 fl=0.000 ret=0.994 shed=0.014 act=0.0000 flq=0.00
# PAIR t=80.0 p=38 d=1.519 pq=1:1 delta=-0.464 x=0.434 ratio=0.8768 dth=-1.360 gg=0.0000 fl=0.000 ret=0.998 shed=0.004 act=0.0000 flq=0.00
# PAIR t=80.0 p=39 d=1.519 pq=1:1 delta=-0.493 x=0.436 ratio=0.9356 dth=-0.439 gg=0.1116 fl=0.005 ret=0.997 shed=0.006 act=0.0338 flq=0.03
# PAIR t=80.0 p=40 d=1.520 pq=1:1 delta=-0.475 x=0.437 ratio=0.8702 dth=-2.342 gg=0.0000 fl=0.000 ret=0.994 shed=0.013 act=0.0000 flq=0.00
# PAIR t=80.0 p=41 d=1.518 pq=1:1 delta=-0.500 x=0.441 ratio=0.8697 dth=-2.657 gg=0.0000 fl=0.000 ret=0.997 shed=0.006 act=0.0000 flq=0.00
# PAIR t=80.0 p=42 d=1.535 pq=1:1 delta=-0.439 x=0.443 ratio=0.8630 dth=+2.713 gg=0.0000 fl=0.000 ret=0.996 shed=0.009 act=0.0001 flq=0.00
# PAIR t=80.0 p=43 d=1.520 pq=1:1 delta=-0.503 x=0.446 ratio=0.8474 dth=+0.099 gg=0.7065 fl=0.000 ret=0.996 shed=0.008 act=0.0000 flq=0.00
# PAIR t=80.0 p=44 d=1.520 pq=1:1 delta=-0.527 x=0.448 ratio=0.8794 dth=-2.068 gg=0.0000 fl=0.000 ret=0.995 shed=0.011 act=0.0000 flq=0.00
# PAIR t=80.0 p=45 d=1.520 pq=1:1 delta=-0.534 x=0.452 ratio=0.8619 dth=+2.122 gg=0.0000 fl=0.000 ret=0.998 shed=0.005 act=0.0000 flq=0.00
# PAIR t=80.0 p=46 d=1.522 pq=1:1 delta=-0.522 x=0.454 ratio=0.8397 dth=-1.138 gg=0.0001 fl=0.000 ret=0.997 shed=0.007 act=0.0000 flq=0.00
# PAIR t=80.0 p=47 d=1.519 pq=1:1 delta=-0.541 x=0.455 ratio=0.8381 dth=-1.319 gg=0.0000 fl=0.000 ret=0.995 shed=0.012 act=0.0002 flq=0.00
# PAIR t=80.0 p=48 d=1.520 pq=1:1 delta=-0.555 x=0.457 ratio=0.8538 dth=+0.900 gg=0.1474 fl=0.000 ret=0.993 shed=0.015 act=0.0006 flq=0.00
# PAIR t=80.0 p=49 d=1.518 pq=1:1 delta=-0.564 x=0.461 ratio=0.8275 dth=+3.083 gg=0.0000 fl=0.000 ret=0.998 shed=0.005 act=0.0000 flq=0.00
# PAIR t=80.0 p=50 d=1.519 pq=1:1 delta=-0.577 x=0.464 ratio=0.8372 dth=-1.645 gg=0.0000 fl=0.000 ret=0.997 shed=0.006 act=0.0001 flq=0.00
# PAIR t=80.0 p=51 d=1.519 pq=1:1 delta=-0.585 x=0.463 ratio=0.8566 dth=+0.784 gg=0.2617 fl=0.001 ret=0.990 shed=0.022 act=0.0093 flq=0.01
# PAIR t=80.0 p=52 d=1.518 pq=1:1 delta=-0.596 x=0.467 ratio=0.8343 dth=-2.084 gg=0.0000 fl=0.000 ret=0.994 shed=0.014 act=0.0000 flq=0.00
# PAIR t=80.0 p=53 d=1.519 pq=1:1 delta=-0.595 x=0.471 ratio=0.8168 dth=+1.348 gg=0.0060 fl=0.000 ret=0.996 shed=0.009 act=0.0000 flq=0.00
# PAIR t=80.0 p=54 d=1.520 pq=1:1 delta=-0.604 x=0.473 ratio=0.8176 dth=+1.581 gg=0.0005 fl=0.000 ret=0.996 shed=0.009 act=0.0000 flq=0.00
# PAIR t=80.0 p=55 d=1.519 pq=1:1 delta=-0.627 x=0.475 ratio=0.8352 dth=-2.579 gg=0.0000 fl=0.000 ret=0.996 shed=0.010 act=0.0000 flq=0.00
# PAIR t=80.0 p=56 d=1.524 pq=1:1 delta=-0.603 x=0.478 ratio=0.8081 dth=-0.041 gg=0.4294 fl=0.000 ret=0.996 shed=0.010 act=0.0000 flq=0.00
# PAIR t=80.0 p=57 d=1.519 pq=1:1 delta=-0.651 x=0.480 ratio=0.8446 dth=-2.176 gg=0.0000 fl=0.000 ret=0.995 shed=0.013 act=0.0000 flq=0.00
# PAIR t=80.0 p=58 d=1.518 pq=1:1 delta=-0.647 x=0.484 ratio=0.8074 dth=-0.241 gg=0.1739 fl=0.000 ret=0.997 shed=0.007 act=0.0000 flq=0.00
# PAIR t=80.0 p=59 d=1.518 pq=1:1 delta=-0.646 x=0.484 ratio=0.8024 dth=-0.874 gg=0.0012 fl=0.000 ret=0.994 shed=0.016 act=0.0000 flq=0.00
# RESULT es_shells 0.94:1.0009 2.81:0.9977 4.69:0.9982 6.56:1.0005 8.44:0.9973 10.31:0.9995 12.19:0.9977 14.06:0.9977
# RESULT LEDGER mode=3 E0_int=9848934782608720 sum_int=9848934782608720 max_sum_err=0 max|E-iEu|=0.000e+00 steps=4000
# RESULT conservation E0=9848.93478261 Efinal=9848.93478261 rel_drift=2.401e-15
# RESULT roughness_radiated=0 (dissonant dense deliveries converted to field, conserved)
# RESULT curvature_fit defA_per_Em=-0.26989 r2=0.3015 (linear defect ~ converted energy)
# PAIR t=80.0 p=0 d=1.518 pq=1:1 delta=-0.014 x=0.337 ratio=1.0001 dth=+0.008 gg=0.9998 fl=0.110 ret=0.992 shed=0.014 act=0.5680 flq=0.50
# PAIR t=80.0 p=1 d=1.518 pq=1:1 delta=-0.035 x=0.339 ratio=0.9999 dth=+0.017 gg=0.9988 fl=0.202 ret=0.995 shed=0.009 act=1.0507 flq=0.92
# PAIR t=80.0 p=2 d=1.518 pq=1:1 delta=-0.048 x=0.343 ratio=1.0000 dth=+0.023 gg=0.9977 fl=0.045 ret=0.995 shed=0.009 act=0.2337 flq=0.20
# PAIR t=80.0 p=3 d=1.519 pq=1:1 delta=-0.056 x=0.346 ratio=1.0001 dth=+0.028 gg=0.9969 fl=0.046 ret=0.996 shed=0.008 act=0.2440 flq=0.21
# PAIR t=80.0 p=4 d=1.519 pq=1:1 delta=-0.068 x=0.348 ratio=0.9999 dth=+0.033 gg=0.9954 fl=0.039 ret=0.994 shed=0.011 act=0.2054 flq=0.18
# PAIR t=80.0 p=5 d=1.522 pq=1:1 delta=-0.068 x=0.350 ratio=0.9998 dth=+0.033 gg=0.9954 fl=0.097 ret=0.994 shed=0.011 act=0.5183 flq=0.46
# PAIR t=80.0 p=6 d=1.520 pq=1:1 delta=-0.094 x=0.353 ratio=0.9999 dth=+0.046 gg=0.9913 fl=0.043 ret=0.996 shed=0.008 act=0.2319 flq=0.20
# PAIR t=80.0 p=7 d=1.520 pq=1:1 delta=-0.101 x=0.354 ratio=0.9999 dth=+0.050 gg=0.9898 fl=0.064 ret=0.993 shed=0.013 act=0.3462 flq=0.31
# PAIR t=80.0 p=8 d=1.519 pq=1:1 delta=-0.117 x=0.357 ratio=0.9999 dth=+0.058 gg=0.9864 fl=0.049 ret=0.992 shed=0.014 act=0.2659 flq=0.24
# PAIR t=80.0 p=9 d=1.520 pq=1:1 delta=-0.134 x=0.361 ratio=1.0006 dth=+0.087 gg=0.9807 fl=0.000 ret=0.996 shed=0.007 act=0.0024 flq=0.00
# PAIR t=80.0 p=10 d=1.520 pq=1:1 delta=-0.143 x=0.362 ratio=1.0001 dth=+0.072 gg=0.9798 fl=0.163 ret=0.995 shed=0.009 act=0.9054 flq=0.81
# PAIR t=80.0 p=11 d=1.519 pq=1:1 delta=-0.158 x=0.365 ratio=0.9998 dth=+0.076 gg=0.9752 fl=0.023 ret=0.995 shed=0.009 act=0.1312 flq=0.12
# PAIR t=80.0 p=12 d=1.519 pq=1:1 delta=-0.172 x=0.367 ratio=0.9999 dth=+0.086 gg=0.9707 fl=0.109 ret=0.995 shed=0.009 act=0.6135 flq=0.55
# PAIR t=80.0 p=13 d=1.520 pq=1:1 delta=-0.183 x=0.371 ratio=1.0145 dth=+1.897 gg=0.0000 fl=0.001 ret=0.995 shed=0.009 act=0.0061 flq=0.01
# PAIR t=80.0 p=14 d=1.520 pq=1:1 delta=-0.200 x=0.374 ratio=1.0000 dth=+0.100 gg=0.9607 fl=0.054 ret=0.998 shed=0.004 act=0.3053 flq=0.27
# PAIR t=80.0 p=15 d=1.520 pq=1:1 delta=-0.208 x=0.376 ratio=1.0000 dth=+0.105 gg=0.9576 fl=0.032 ret=0.995 shed=0.009 act=0.1821 flq=0.16
# PAIR t=80.0 p=16 d=1.519 pq=1:1 delta=-0.215 x=0.377 ratio=0.9945 dth=-0.516 gg=0.1962 fl=0.001 ret=0.991 shed=0.017 act=0.0031 flq=0.00
# PAIR t=80.0 p=17 d=1.518 pq=1:1 delta=-0.239 x=0.380 ratio=1.0000 dth=+0.120 gg=0.9444 fl=0.125 ret=0.995 shed=0.009 act=0.7279 flq=0.66
# PAIR t=80.0 p=18 d=1.519 pq=1:1 delta=-0.244 x=0.382 ratio=1.0000 dth=+0.122 gg=0.9422 fl=0.113 ret=0.994 shed=0.012 act=0.6605 flq=0.60
# PAIR t=80.0 p=19 d=1.520 pq=1:1 delta=-0.253 x=0.384 ratio=1.0000 dth=+0.126 gg=0.9380 fl=0.080 ret=0.993 shed=0.014 act=0.4707 flq=0.43
# PAIR t=80.0 p=20 d=1.518 pq=1:1 delta=-0.272 x=0.388 ratio=0.9981 dth=-0.272 gg=0.4726 fl=0.001 ret=0.994 shed=0.012 act=0.0057 flq=0.01
# PAIR t=80.0 p=21 d=1.520 pq=1:1 delta=-0.260 x=0.386 ratio=1.0000 dth=+0.127 gg=0.9346 fl=0.014 ret=0.984 shed=0.031 act=0.0861 flq=0.08
# PAIR t=80.0 p=22 d=1.518 pq=1:1 delta=-0.296 x=0.392 ratio=1.0000 dth=+0.148 gg=0.9161 fl=0.049 ret=0.992 shed=0.015 act=0.2909 flq=0.27
# PAIR t=80.0 p=23 d=1.549 pq=1:1 delta=-0.185 x=0.395 ratio=0.9388 dth=+2.690 gg=0.0000 fl=0.000 ret=0.995 shed=0.011 act=0.0000 flq=0.00
# PAIR t=80.0 p=24 d=1.519 pq=1:1 delta=-0.315 x=0.398 ratio=0.9316 dth=+1.418 gg=0.0009 fl=0.000 ret=0.996 shed=0.008 act=0.0000 flq=0.00
# PAIR t=80.0 p=25 d=1.520 pq=1:1 delta=-0.320 x=0.398 ratio=1.0001 dth=+0.159 gg=0.9028 fl=0.039 ret=0.990 shed=0.021 act=0.2391 flq=0.22
# PAIR t=80.0 p=26 d=1.519 pq=1:1 delta=-0.334 x=0.403 ratio=0.9232 dth=+0.014 gg=0.8138 fl=0.000 ret=0.995 shed=0.009 act=0.0000 flq=0.00
# PAIR t=80.0 p=27 d=1.520 pq=1:1 delta=-0.342 x=0.403 ratio=0.9854 dth=+0.142 gg=0.8869 fl=0.002 ret=0.989 shed=0.023 act=0.0129 flq=0.01
# PAIR t=80.0 p=28 d=1.520 pq=1:1 delta=-0.358 x=0.408 ratio=0.9347 dth=+1.803 gg=0.0000 fl=0.000 ret=0.995 shed=0.011 act=0.0007 flq=0.00
# PAIR t=80.0 p=29 d=1.519 pq=1:1 delta=-0.360 x=0.410 ratio=0.8970 dth=+2.047 gg=0.0000 fl=0.000 ret=0.993 shed=0.013 act=0.0000 flq=0.00
# PAIR t=80.0 p=30 d=1.517 pq=1:1 delta=-0.390 x=0.413 ratio=0.9324 dth=+1.738 gg=0.0000 fl=0.000 ret=0.994 shed=0.012 act=0.0000 flq=0.00
# PAIR t=80.0 p=31 d=1.516 pq=1:1 delta=-0.396 x=0.416 ratio=0.8898 dth=+0.767 gg=0.2265 fl=0.000 ret=0.996 shed=0.009 act=0.0000 flq=0.00
# PAIR t=80.0 p=32 d=1.520 pq=1:1 delta=-0.404 x=0.418 ratio=0.9230 dth=-0.307 gg=0.2947 fl=0.000 ret=0.995 shed=0.010 act=0.0001 flq=0.00
# PAIR t=80.0 p=33 d=1.519 pq=1:1 delta=-0.407 x=0.421 ratio=0.8824 dth=-0.358 gg=0.2333 fl=0.000 ret=0.996 shed=0.008 act=0.0000 flq=0.00
# PAIR t=80.0 p=34 d=1.527 pq=1:1 delta=-0.384 x=0.423 ratio=0.8761 dth=-1.287 gg=0.0000 fl=0.000 ret=0.995 shed=0.011 act=0.0000 flq=0.00
# PAIR t=80.0 p=35 d=1.540 pq=1:1 delta=-0.348 x=0.425 ratio=0.8901 dth=+1.027 gg=0.0430 fl=0.000 ret=0.993 shed=0.014 act=0.0006 flq=0.00
# PAIR t=80.0 p=36 d=1.519 pq=1:1 delta=-0.445 x=0.427 ratio=0.9039 dth=+2.646 gg=0.0000 fl=0.000 ret=0.994 shed=0.014 act=0.0000 flq=0.00
# PAIR t=80.0 p=37 d=1.519 pq=1:1 delta=-0.448 x=0.430 ratio=0.8877 dth=+0.498 gg=0.6031 fl=0.000 ret=0.994 shed=0.014 act=0.0000 flq=0.00
# PAIR t=80.0 p=38 d=1.519 pq=1:1 delta=-0.464 x=0.434 ratio=0.8768 dth=-1.360 gg=0.0000 fl=0.000 ret=0.998 shed=0.004 act=0.0000 flq=0.00
# PAIR t=80.0 p=39 d=1.519 pq=1:1 delta=-0.493 x=0.436 ratio=0.9356 dth=-0.439 gg=0.1116 fl=0.005 ret=0.997 shed=0.006 act=0.0338 flq=0.03
# PAIR t=80.0 p=40 d=1.520 pq=1:1 delta=-0.475 x=0.437 ratio=0.8702 dth=-2.342 gg=0.0000 fl=0.000 ret=0.994 shed=0.013 act=0.0000 flq=0.00
# PAIR t=80.0 p=41 d=1.518 pq=1:1 delta=-0.500 x=0.441 ratio=0.8697 dth=-2.657 gg=0.0000 fl=0.000 ret=0.997 shed=0.006 act=0.0000 flq=0.00
# PAIR t=80.0 p=42 d=1.535 pq=1:1 delta=-0.439 x=0.443 ratio=0.8630 dth=+2.713 gg=0.0000 fl=0.000 ret=0.996 shed=0.009 act=0.0001 flq=0.00
# PAIR t=80.0 p=43 d=1.520 pq=1:1 delta=-0.503 x=0.446 ratio=0.8474 dth=+0.099 gg=0.7065 fl=0.000 ret=0.996 shed=0.008 act=0.0000 flq=0.00
# PAIR t=80.0 p=44 d=1.520 pq=1:1 delta=-0.527 x=0.448 ratio=0.8794 dth=-2.068 gg=0.0000 fl=0.000 ret=0.995 shed=0.011 act=0.0000 flq=0.00
# PAIR t=80.0 p=45 d=1.520 pq=1:1 delta=-0.534 x=0.452 ratio=0.8619 dth=+2.122 gg=0.0000 fl=0.000 ret=0.998 shed=0.005 act=0.0000 flq=0.00
# PAIR t=80.0 p=46 d=1.522 pq=1:1 delta=-0.522 x=0.454 ratio=0.8397 dth=-1.138 gg=0.0001 fl=0.000 ret=0.997 shed=0.007 act=0.0000 flq=0.00
# PAIR t=80.0 p=47 d=1.519 pq=1:1 delta=-0.541 x=0.455 ratio=0.8381 dth=-1.319 gg=0.0000 fl=0.000 ret=0.995 shed=0.012 act=0.0002 flq=0.00
# PAIR t=80.0 p=48 d=1.520 pq=1:1 delta=-0.555 x=0.457 ratio=0.8538 dth=+0.900 gg=0.1474 fl=0.000 ret=0.993 shed=0.015 act=0.0006 flq=0.00
# PAIR t=80.0 p=49 d=1.518 pq=1:1 delta=-0.564 x=0.461 ratio=0.8275 dth=+3.083 gg=0.0000 fl=0.000 ret=0.998 shed=0.005 act=0.0000 flq=0.00
# PAIR t=80.0 p=50 d=1.519 pq=1:1 delta=-0.577 x=0.464 ratio=0.8372 dth=-1.645 gg=0.0000 fl=0.000 ret=0.997 shed=0.006 act=0.0001 flq=0.00
# PAIR t=80.0 p=51 d=1.519 pq=1:1 delta=-0.585 x=0.463 ratio=0.8566 dth=+0.784 gg=0.2617 fl=0.001 ret=0.990 shed=0.022 act=0.0093 flq=0.01
# PAIR t=80.0 p=52 d=1.518 pq=1:1 delta=-0.596 x=0.467 ratio=0.8343 dth=-2.084 gg=0.0000 fl=0.000 ret=0.994 shed=0.014 act=0.0000 flq=0.00
# PAIR t=80.0 p=53 d=1.519 pq=1:1 delta=-0.595 x=0.471 ratio=0.8168 dth=+1.348 gg=0.0060 fl=0.000 ret=0.996 shed=0.009 act=0.0000 flq=0.00
# PAIR t=80.0 p=54 d=1.520 pq=1:1 delta=-0.604 x=0.473 ratio=0.8176 dth=+1.581 gg=0.0005 fl=0.000 ret=0.996 shed=0.009 act=0.0000 flq=0.00
# PAIR t=80.0 p=55 d=1.519 pq=1:1 delta=-0.627 x=0.475 ratio=0.8352 dth=-2.579 gg=0.0000 fl=0.000 ret=0.996 shed=0.010 act=0.0000 flq=0.00
# PAIR t=80.0 p=56 d=1.524 pq=1:1 delta=-0.603 x=0.478 ratio=0.8081 dth=-0.041 gg=0.4294 fl=0.000 ret=0.996 shed=0.010 act=0.0000 flq=0.00
# PAIR t=80.0 p=57 d=1.519 pq=1:1 delta=-0.651 x=0.480 ratio=0.8446 dth=-2.176 gg=0.0000 fl=0.000 ret=0.995 shed=0.013 act=0.0000 flq=0.00
# PAIR t=80.0 p=58 d=1.518 pq=1:1 delta=-0.647 x=0.484 ratio=0.8074 dth=-0.241 gg=0.1739 fl=0.000 ret=0.997 shed=0.007 act=0.0000 flq=0.00
# PAIR t=80.0 p=59 d=1.518 pq=1:1 delta=-0.646 x=0.484 ratio=0.8024 dth=-0.874 gg=0.0012 fl=0.000 ret=0.994 shed=0.016 act=0.0000 flq=0.00
# RESULT pair_tongue |delta|<0.6: n=54 gg=0.470 ret=0.994 fl=0.028 | 0.6-1.2: n=6 gg=0.101 ret=0.995 fl=0.000 | >1.2: n=0 gg=0.000 ret=0.000 fl=0.000
