# freecell — v89 free-cell substance test (exp=slit)
# laws = laws_V2g VERBATIM (defaults): C=1 w1=1.65 w2=2.9 q_detune=1.2
# gamma_res=0.25 gamma_res_m=0.1 p_gate=8 lock_floor=0.005 k_dep=1.2 k_dep_m=2 cap=2.5
# e_s0=1 es_floor=0.05 e_cond=0 f_conv=0.25 f_evap=0.5 s_pull=0.15
# kappa_lock=1 kappa_align=0.5 s_k=0.06 s_disp=0.3 sigma_tumble=0.01
# comb_limit=6 rough_k=0.35 gamma_rough=0.5 mob_sym=1 mob_floor=0.004 field_J=1.8
# quant_A0=1.15 quant_mode=2 (A0eff=1.15)
# GEOMETRY (apparatus): cfac=1.15 k_rep=1 mob_geo=1 kappa_bond=1 freeze_geo=0
# bath=1 bath_frac=1 jam_sweeps=800 jam_k=0.1 L=64 dt=0.02 T=44 seed=20260802 diag_every=100
# JAM sweeps=800 max_step=1.163e-04 (tol 1.0e-04, k_end=0.0010) — witness for the settle
# CARVE slit wall: removed 0 cells (mask=3 wall_x=22 th=2.4 slits y=27.00/37.00 hw=2.8)
# PIN wall fixture: 0 cells within +-3 of x=22
# SEED slit_obj: amp=0.5 sigma=1.6 tagged=34 (dense occulter at centre)
# SEED slit: src_x=12 sigma_x=4 sigma_y=14 kx=0.9 amp=1 -> lam_seed=6.9813
# SEED slit loci: D=14.00 s=10.00 dy_smallangle=9.774 screen_x=36 gate=[20,36]
# INIT NC=2755 slots=9327 live=8274 phi_nom=0.0270 z_live=6.01 dbar=1.3407 sigma_d=12.64% E0=2989.895057553
#
# t | drift_rel | phi_nom z_live NLa NLd births deaths | dbar sigma_d% | maxstep maxbond | Em_tag ret com_dev rms conn z_tag | pair: d delta gf gb | core/far
t=    0.00 +0.00e+00 | 0.0270  6.01   8274    0      0      0 | 1.3407 12.64 | 0.00e+00 0.00e+00 |   6.0263 1.0000  0.0133  2.0899 1.000  6.00
t=    2.00 -1.52e-16 | 0.0270  6.05   8337    0    126    173 | 1.3412 12.19 | 2.41e-03 6.85e-03 |   5.9239 0.9830  0.0497  2.0519 1.000  5.91
t=    4.00 -3.04e-16 | 0.0270  6.08   8381    0    220    309 | 1.3417 11.94 | 1.97e-03 8.13e-03 |   5.8548 0.9715  0.1073  2.0509 1.000  5.97
# QATOM t=5.16 dir=FD w=1.65 e=0.301996504517
t=    6.00 -3.04e-16 | 0.0270  6.09   8390    1    281    404 | 1.3413 11.73 | 1.64e-03 4.16e-03 |   5.8295 0.9673  0.1533  2.1021 1.000  6.00
t=    8.00 -4.56e-16 | 0.0270  6.11   8419    3    344    477 | 1.3419 11.63 | 1.13e-03 5.22e-03 |   5.8113 0.9643  0.1858  2.0481 1.000  6.00
t=   10.00 -4.56e-16 | 0.0270  6.12   8426    3    395    544 | 1.3418 11.54 | 4.90e-03 1.01e-02 |   5.7830 0.9596  0.1991  2.0708 1.000  6.00
t=   12.00 -4.56e-16 | 0.0270  6.13   8439    1    439    604 | 1.3420 11.47 | 1.37e-03 5.17e-03 |   5.7493 0.9540  0.2188  2.0379 1.000  6.00
t=   14.00 -4.56e-16 | 0.0270  6.13   8450    1    483    664 | 1.3421 11.40 | 1.09e-03 4.58e-03 |   5.7141 0.9482  0.2368  2.0344 1.000  6.09
t=   16.00 -4.56e-16 | 0.0270  6.14   8458    1    520    703 | 1.3421 11.34 | 1.66e-03 7.53e-03 |   6.0140 0.9979  0.1298  2.1442 1.000  6.03
t=   18.00 -4.56e-16 | 0.0270  6.14   8455    2    560    742 | 1.3417 11.27 | 1.64e-03 6.47e-03 |   6.9349 1.1508  0.4230  2.1529 1.000  6.00
t=   20.00 -4.56e-16 | 0.0270  6.15   8465    0    596    783 | 1.3419 11.25 | 5.60e-03 1.29e-02 |   9.1688 1.5215  0.6601  2.3948 1.000  5.97
t=   22.00 -4.56e-16 | 0.0270  6.15   8473    4    625    808 | 1.3422 11.25 | 3.77e-03 1.08e-02 |   9.4345 1.5656  0.6664  2.3995 1.000  6.03
t=   24.00 -6.08e-16 | 0.0270  6.16   8482    3    657    847 | 1.3426 11.26 | 4.20e-03 1.19e-02 |   9.7678 1.6209  0.6312  2.3925 1.000  6.06
t=   26.00 -6.08e-16 | 0.0270  6.16   8489    2    683    878 | 1.3428 11.25 | 1.83e-03 7.80e-03 |   9.7703 1.6213  0.6352  2.3769 1.000  6.00
t=   28.00 -6.08e-16 | 0.0270  6.16   8490    6    706    904 | 1.3427 11.23 | 1.33e-03 1.08e-02 |   9.7643 1.6203  0.6260  2.3692 1.000  5.97
t=   30.00 -6.08e-16 | 0.0270  6.17   8501    1    731    932 | 1.3431 11.24 | 1.49e-03 7.23e-03 |   9.7563 1.6189  0.6074  2.3525 1.000  6.03
t=   32.00 -6.08e-16 | 0.0270  6.18   8517    2    759    961 | 1.3436 11.24 | 2.00e-03 1.07e-02 |   9.7496 1.6178  0.6041  2.3437 1.000  6.03
t=   34.00 -6.08e-16 | 0.0270  6.18   8512    1    776    982 | 1.3433 11.20 | 4.32e-03 1.07e-02 |   9.7537 1.6185  0.6053  2.3428 1.000  6.03
t=   36.00 -6.08e-16 | 0.0270  6.18   8512    2    794   1008 | 1.3432 11.17 | 6.40e-03 1.59e-02 |   9.7696 1.6212  0.6031  2.3666 1.000  6.09
t=   38.00 -6.08e-16 | 0.0270  6.19   8520    2    817   1036 | 1.3434 11.16 | 2.73e-03 7.63e-03 |   9.7917 1.6248  0.5943  2.3466 1.000  6.09
t=   40.00 -6.08e-16 | 0.0270  6.18   8511    2    838   1065 | 1.3429 11.10 | 2.50e-03 1.02e-02 |   9.7915 1.6248  0.5778  2.3507 1.000  6.06
t=   42.00 -7.60e-16 | 0.0270  6.18   8512    3    861   1086 | 1.3428 11.08 | 1.36e-03 7.47e-03 |   9.7782 1.6226  0.5613  2.3476 1.000  6.03
t=   44.00 -7.60e-16 | 0.0270  6.18   8508    2    875   1112 | 1.3425 11.04 | 3.69e-03 1.01e-02 |   9.7622 1.6199  0.5494  2.3466 1.000  6.03
#
# RESULT drift_rel -7.605e-16
# RESULT births 875 deaths 1112 beta_returns 0 beta_energy 0.000000e+00
# RESULT conv rough=0.000000 cond=49.902656 evap=0.000000 backs=0.000000
# RESULT geometry phi_nom=0.0270 z_live=6.18 dbar=1.3425 sigma_d=0.1104
# RESULT ds exposure=149.750408 gate=[20,36] screen_x=36 nbin=96
# SCREEN y=0.3333 I=0.00000000
# SCREEN y=1.0000 I=0.84874186
# SCREEN y=1.6667 I=1.01200751
# SCREEN y=2.3333 I=0.00000000
# SCREEN y=3.0000 I=0.95016461
# SCREEN y=3.6667 I=0.00000000
# SCREEN y=4.3333 I=1.32358658
# SCREEN y=5.0000 I=0.00000000
# SCREEN y=5.6667 I=0.59978212
# SCREEN y=6.3333 I=0.00000000
# SCREEN y=7.0000 I=1.07026004
# SCREEN y=7.6667 I=0.00000000
# SCREEN y=8.3333 I=1.67593116
# SCREEN y=9.0000 I=1.93373340
# SCREEN y=9.6667 I=2.74970543
# SCREEN y=10.3333 I=0.00000000
# SCREEN y=11.0000 I=2.71184688
# SCREEN y=11.6667 I=2.63826713
# SCREEN y=12.3333 I=2.58441318
# SCREEN y=13.0000 I=0.00000000
# SCREEN y=13.6667 I=2.32050465
# SCREEN y=14.3333 I=0.00000000
# SCREEN y=15.0000 I=1.68493042
# SCREEN y=15.6667 I=0.00000000
# SCREEN y=16.3333 I=1.66128921
# SCREEN y=17.0000 I=0.00000000
# SCREEN y=17.6667 I=2.40893894
# SCREEN y=18.3333 I=2.91367302
# SCREEN y=19.0000 I=0.00000000
# SCREEN y=19.6667 I=3.69793541
# SCREEN y=20.3333 I=3.19465293
# SCREEN y=21.0000 I=0.00000000
# SCREEN y=21.6667 I=2.70602536
# SCREEN y=22.3333 I=0.00000000
# SCREEN y=23.0000 I=4.37056708
# SCREEN y=23.6667 I=3.17447835
# SCREEN y=24.3333 I=1.30625002
# SCREEN y=25.0000 I=4.79216866
# SCREEN y=25.6667 I=0.00000000
# SCREEN y=26.3333 I=3.50960172
# SCREEN y=27.0000 I=0.00000000
# SCREEN y=27.6667 I=3.53340076
# SCREEN y=28.3333 I=2.57672799
# SCREEN y=29.0000 I=2.98125271
# SCREEN y=29.6667 I=0.00000000
# SCREEN y=30.3333 I=1.11344719
# SCREEN y=31.0000 I=1.12137289
# SCREEN y=31.6667 I=0.09707684
# SCREEN y=32.3333 I=1.62114552
# SCREEN y=33.0000 I=0.00000000
# SCREEN y=33.6667 I=1.43934186
# SCREEN y=34.3333 I=0.30267759
# SCREEN y=35.0000 I=1.62943370
# SCREEN y=35.6667 I=0.76311389
# SCREEN y=36.3333 I=4.02284488
# SCREEN y=37.0000 I=3.87664665
# SCREEN y=37.6667 I=0.00000000
# SCREEN y=38.3333 I=4.26184570
# SCREEN y=39.0000 I=0.00000000
# SCREEN y=39.6667 I=4.82940303
# SCREEN y=40.3333 I=3.46539875
# SCREEN y=41.0000 I=0.00000000
# SCREEN y=41.6667 I=3.99602859
# SCREEN y=42.3333 I=5.24980008
# SCREEN y=43.0000 I=5.30314929
# SCREEN y=43.6667 I=0.00000000
# SCREEN y=44.3333 I=3.22298460
# SCREEN y=45.0000 I=3.92504109
# SCREEN y=45.6667 I=3.04445424
# SCREEN y=46.3333 I=0.07296799
# SCREEN y=47.0000 I=3.78173987
# SCREEN y=47.6667 I=0.00000000
# SCREEN y=48.3333 I=3.26876250
# SCREEN y=49.0000 I=3.55039747
# SCREEN y=49.6667 I=2.69261291
# SCREEN y=50.3333 I=0.00000000
# SCREEN y=51.0000 I=2.09183795
# SCREEN y=51.6667 I=0.00000000
# SCREEN y=52.3333 I=1.24298581
# SCREEN y=53.0000 I=0.00000000
# SCREEN y=53.6667 I=1.30271855
# SCREEN y=54.3333 I=2.13790946
# SCREEN y=55.0000 I=0.00000000
# SCREEN y=55.6667 I=1.97458679
# SCREEN y=56.3333 I=0.00000000
# SCREEN y=57.0000 I=1.44819638
# SCREEN y=57.6667 I=0.83768360
# SCREEN y=58.3333 I=0.18084517
# SCREEN y=59.0000 I=0.91648917
# SCREEN y=59.6667 I=0.00000000
# SCREEN y=60.3333 I=1.11388766
# SCREEN y=61.0000 I=0.00000000
# SCREEN y=61.6667 I=1.21863691
# SCREEN y=62.3333 I=0.87393175
# SCREEN y=63.0000 I=0.00000000
# SCREEN y=63.6667 I=0.82817447
# SCREENCELL y=43.2696 x=36.0680 I=5.30314929
# SCREENCELL y=22.9707 x=36.3314 I=4.37056708
# SCREENCELL y=51.1407 x=35.4397 I=1.63071890
# SCREENCELL y=6.6762 x=35.9387 I=1.07026004
# SCREENCELL y=61.5283 x=36.5815 I=1.21863691
# SCREENCELL y=45.8822 x=35.4797 I=3.04445424
# SCREENCELL y=39.4217 x=36.3627 I=4.82940303
# SCREENCELL y=56.6480 x=36.0456 I=1.44819638
# SCREENCELL y=47.3088 x=36.0174 I=3.78173987
# SCREENCELL y=17.3304 x=35.9779 I=2.40893894
# SCREENCELL y=26.6015 x=36.2226 I=3.50960172
# SCREENCELL y=9.6608 x=36.2723 I=2.74970543
# SCREENCELL y=3.1878 x=36.1469 I=0.95016461
# SCREENCELL y=19.5922 x=35.4569 I=3.69793541
# SCREENCELL y=16.1461 x=35.5502 I=1.66128921
# SCREENCELL y=13.6275 x=36.0344 I=2.32050465
# SCREENCELL y=4.4374 x=36.6450 I=0.54592019
# SCREENCELL y=8.0847 x=35.8427 I=1.67593116
# SCREENCELL y=48.4058 x=35.3602 I=3.26876250
# SCREENCELL y=31.3675 x=35.7554 I=1.21844973
# SCREENCELL y=28.0005 x=36.5179 I=3.24312514
# SCREENCELL y=4.1413 x=35.3112 I=0.77766639
# SCREENCELL y=42.0960 x=36.6061 I=5.24980008
# SCREENCELL y=28.8715 x=35.2841 I=1.45638743
# SCREENCELL y=48.7939 x=36.4598 I=3.55039747
# SCREENCELL y=30.1365 x=35.4958 I=1.08806422
# SCREENCELL y=30.5557 x=36.7424 I=0.02538297
# SCREENCELL y=1.8286 x=35.6609 I=1.01200751
# SCREENCELL y=58.0176 x=35.7907 I=1.01852876
# SCREENCELL y=10.7838 x=36.3566 I=2.71184688
# SCREENCELL y=44.9381 x=36.4861 I=3.92504109
# SCREENCELL y=55.4469 x=36.0320 I=1.97458679
# SCREENCELL y=37.3575 x=36.9414 I=3.81099215
# SCREENCELL y=12.0160 x=36.6232 I=2.63826713
# SCREENCELL y=63.3467 x=35.8083 I=0.82817447
# SCREENCELL y=50.9278 x=36.7789 I=0.46111905
# SCREENCELL y=21.7410 x=35.4683 I=2.70602536
# SCREENCELL y=5.5004 x=36.1546 I=0.59978212
# SCREENCELL y=33.9953 x=35.8741 I=1.74201945
# SCREENCELL y=52.3183 x=36.0763 I=1.24298581
# SCREENCELL y=49.9057 x=35.8051 I=2.69261291
# SCREENCELL y=9.0488 x=35.2319 I=1.93373340
# SCREENCELL y=18.4541 x=36.1810 I=2.91367302
# SCREENCELL y=54.3854 x=35.6272 I=2.13790946
# SCREENCELL y=60.3915 x=36.2073 I=1.11388766
# SCREENCELL y=24.2271 x=35.7156 I=4.48072836
# SCREENCELL y=38.0901 x=36.0068 I=4.26184570
# SCREENCELL y=32.6738 x=35.8774 I=1.62114552
# SCREENCELL y=59.3446 x=35.7379 I=0.91648917
# SCREENCELL y=25.3830 x=35.8475 I=4.79216866
# SCREENCELL y=41.6204 x=35.5025 I=3.99602859
# SCREENCELL y=27.6858 x=35.3942 I=2.86700361
# SCREENCELL y=62.1654 x=35.4877 I=0.87393175
# SCREENCELL y=14.9371 x=35.9395 I=1.68493042
# SCREENCELL y=20.6766 x=35.9957 I=3.19465293
# SCREENCELL y=0.6952 x=35.8720 I=0.84874186
# SCREENCELL y=40.4037 x=35.5568 I=3.46539875
# SCREENCELL y=35.4432 x=35.8000 I=2.39254758
# SCREENCELL y=53.5373 x=36.5340 I=1.30271855
# SCREENCELL y=44.3201 x=35.5310 I=3.22298460
# SCREENCELL y=46.2986 x=36.7321 I=0.07296799
# SCREENCELL y=36.7076 x=35.8342 I=4.08849938
# SCREENCELL y=12.5917 x=35.5841 I=2.58441318
# SCREENCELL y=29.2777 x=36.4963 I=1.52486528
