# cellfab — v89 cell-fabric kernel (no lattice, no prior code)
# cfg seed=20260727 mode=field init=blob
# cfg L=24 dmin=1 r0=0.85 rjit=0.06
# cfg C=1 w1=1.65 w2=2.9 q_detune=1.2 gamma_res=0.25 gamma_res_m=0.1 p_gate=8
# cfg lock_floor=0.005
# cfg k_dep=1.2 k_dep_m=2 cap=2.5 e_s0=1 es_floor=0.05
# cfg e_cond=0 f_conv=0.25 f_evap=0.5 s_pull=0.15
# cfg kappa_lock=1 kappa_align=0.5 kappa_freq=0 kappa_reac=0 sigma_tumble=0.01
# cfg space: s_k=0.06 s_disp=0.3 es_gx=0
# cfg dt=0.02 T=80 diag_every=100 snap_every=0
# cfg center=(-1,-1,-1) amp=1.6 sigma=2.2 k=(0,0,0) prealign=0 noise_amp=0
# cfg music: comb_limit=6 rough_k=0.35 gamma_rough=0.5 mob_sym=1 mob_floor=0.004
# cfg field sector: two-component signed amplitude, unitary hops, field_J=1.8
# cfg ledger: mode=3 u=1.000e-12 (cellfabi INT_LEDGER)
# action atom: A0=1.1500 (dbar=1.5053) mode=2 — eps(w)=A0*w/2pi; atoms at mode boundaries, transport continuous
# edge coloring: 29 colors for 85886 links
# fabric: cells=9741 channels=85886 mean_degree=17.63 box=24 dmin=1
# LEDGER seed mode=3 u=1.000e-12 E0_int=9917909407125846 NC=9741 NL=85886
# LEDGER seed mode=3 u=1.000e-12 E0_int=9917909407125846 NC=9741 NL=85886
# t	E_space	E_dense	E_field	E_transfer	E_total	rel_drift	live_ch	cm_x	cm_y	cm_z	contain	front_r	r_core	defA	r_far	r_ratio	w_core	w_far
0.000	9714.46359	203.445818	0	0	9917.90940713	0.000e+00	57535	12.017	11.997	11.985	0.906	0.0000	0.7904	0	0.8498	0.9302	0.99690	1.65000	0.0000	0.0000	0.0000	0	0	0	0	0	0
# CONV t=0.00 cond=0 evap=0 rough=0 back_s=0
# LEDGER t=0.000 mode=3 sum_err=0 max|E-iEu|=5.000e-13 run_max_diff=0.000e+00 run_max_sum_err=0 steps=0 E0_int=9917909407125846 sum=9917909407125846
2.000	9714.46359	202.975788	0	0.470030072	9917.90940713	-1.100e-15	57538	12.017	11.996	11.984	0.908	0.0000	0.7859	-0.71842	0.8498	0.9248	0.99690	1.64999	0.0000	0.0000	0.0000	0.0099734	0.022269	-0.0034877	0	0	0
# CONV t=2.00 cond=0 evap=0 rough=0 back_s=0
# LEDGER t=2.000 mode=3 sum_err=0 max|E-iEu|=1.110e-16 run_max_diff=0.000e+00 run_max_sum_err=0 steps=100 E0_int=9917909407125846 sum=9917909407125846
4.000	9714.46359	202.659565	0	0.786252826	9917.90940713	-1.284e-15	57536	12.018	11.996	11.984	0.909	0.0000	0.7817	-1.3958	0.8498	0.9199	0.99675	1.64997	0.0000	0.0000	0.0000	-0.011026	0.0024978	-0.018677	0	0	0
# CONV t=4.00 cond=0 evap=0 rough=0 back_s=0
# LEDGER t=4.000 mode=3 sum_err=0 max|E-iEu|=1.110e-16 run_max_diff=0.000e+00 run_max_sum_err=0 steps=200 E0_int=9917909407125846 sum=9917909407125846
6.000	9714.46359	201.92217	0	1.52364821	9917.90940713	-1.100e-15	57534	12.018	11.996	11.983	0.909	0.0000	0.7778	-2.0364	0.8498	0.9153	0.99409	1.64995	0.0000	0.0000	0.0000	-0.044542	-0.015314	-0.044218	0	0	0
# CONV t=6.00 cond=0 evap=0 rough=0 back_s=0
# LEDGER t=6.000 mode=3 sum_err=0 max|E-iEu|=1.110e-16 run_max_diff=0.000e+00 run_max_sum_err=0 steps=300 E0_int=9917909407125846 sum=9917909407125846
8.000	9714.46359	200.21993	0	3.22588849	9917.90940713	-1.284e-15	57532	12.019	11.996	11.984	0.909	0.0000	0.7740	-2.6216	0.8498	0.9108	0.98514	1.64993	0.0000	0.0000	0.0000	-0.00024957	-0.027544	-0.0082737	0	0	0
# CONV t=8.00 cond=0 evap=0 rough=0 back_s=0
# LEDGER t=8.000 mode=3 sum_err=0 max|E-iEu|=1.110e-16 run_max_diff=0.000e+00 run_max_sum_err=0 steps=400 E0_int=9917909407125846 sum=9917909407125846
10.000	9714.46359	197.823304	0	5.62251391	9917.90940713	-1.100e-15	57534	12.020	11.996	11.986	0.906	0.0000	0.7700	-3.1136	0.8498	0.9061	0.97640	1.64992	0.0000	0.0000	0.0000	0.026022	-0.10901	0.016405	0	0	0
# CONV t=10.00 cond=0 evap=0 rough=0 back_s=0
# LEDGER t=10.000 mode=3 sum_err=0 max|E-iEu|=1.389e-16 run_max_diff=0.000e+00 run_max_sum_err=0 steps=500 E0_int=9917909407125846 sum=9917909407125846
12.000	9714.46359	194.195878	0	9.24994043	9917.90940713	-1.100e-15	57534	12.019	11.992	11.984	0.897	0.0000	0.7663	-3.6159	0.8498	0.9017	0.97672	1.64991	0.0000	0.0000	0.0000	0.18365	-0.26091	0.038095	0	0	0
# CONV t=12.00 cond=0 evap=0 rough=0 back_s=0
# LEDGER t=12.000 mode=3 sum_err=0 max|E-iEu|=1.110e-16 run_max_diff=0.000e+00 run_max_sum_err=0 steps=600 E0_int=9917909407125846 sum=9917909407125846
14.000	9714.46359	190.775479	0	12.6703387	9917.90940713	-1.100e-15	57531	12.020	11.978	11.992	0.881	0.0000	0.7628	-3.9563	0.8498	0.8976	0.99461	1.64990	0.0000	0.0000	0.0000	0.24291	0.19404	-0.26953	0	0	0
# CONV t=14.00 cond=0 evap=0 rough=0 back_s=0
# LEDGER t=14.000 mode=3 sum_err=0 max|E-iEu|=2.039e-16 run_max_diff=0.000e+00 run_max_sum_err=0 steps=700 E0_int=9917909407125846 sum=9917909407125846
16.000	9714.46359	189.72653	0	13.7192884	9917.90940713	-1.100e-15	57520	12.044	11.989	11.997	0.866	0.0000	0.7604	-3.8862	0.8498	0.8948	1.02559	1.64989	0.0000	0.0000	0.0000	0.57483	-0.18012	0.11153	0	0	0
# CONV t=16.00 cond=0 evap=0 rough=0 back_s=0
# LEDGER t=16.000 mode=3 sum_err=0 max|E-iEu|=1.220e-16 run_max_diff=0.000e+00 run_max_sum_err=0 steps=800 E0_int=9917909407125846 sum=9917909407125846
18.000	9714.46359	189.757193	0	13.6886256	9917.90940713	-1.100e-15	57523	12.052	11.997	12.007	0.858	0.0000	0.7596	-3.1914	0.8498	0.8939	1.04743	1.64989	0.0000	0.0000	0.0000	0.38596	-0.12222	0.21032	0	0	0
# CONV t=18.00 cond=0 evap=0 rough=0 back_s=0
# LEDGER t=18.000 mode=3 sum_err=0 max|E-iEu|=1.736e-16 run_max_diff=0.000e+00 run_max_sum_err=0 steps=900 E0_int=9917909407125846 sum=9917909407125846
20.000	9714.46359	188.275395	0	15.1704227	9917.90940713	-1.284e-15	57524	12.063	11.975	12.005	0.853	0.0000	0.7597	-2.7112	0.8498	0.8939	1.05464	1.64987	0.0000	0.0000	0.0000	0.36353	0.4915	0.76452	0	0	0
# CONV t=20.00 cond=0 evap=0 rough=0 back_s=0
# LEDGER t=20.000 mode=3 sum_err=0 max|E-iEu|=2.021e-16 run_max_diff=0.000e+00 run_max_sum_err=0 steps=1000 E0_int=9917909407125846 sum=9917909407125846
22.000	9714.46359	188.225983	0	15.2198351	9917.90940713	-1.284e-15	57522	12.070	11.989	12.010	0.850	0.0000	0.7589	-2.4265	0.8498	0.8930	1.04429	1.64986	0.0000	0.0000	0.0000	-0.34738	-0.22506	-0.26461	0	0	0
# CONV t=22.00 cond=0 evap=0 rough=0 back_s=0
# LEDGER t=22.000 mode=3 sum_err=0 max|E-iEu|=1.110e-16 run_max_diff=0.000e+00 run_max_sum_err=0 steps=1100 E0_int=9917909407125846 sum=9917909407125846
24.000	9714.46359	186.721191	0	16.7246272	9917.90940713	-1.100e-15	57522	12.062	11.994	12.003	0.847	0.0000	0.7575	-2.6353	0.8498	0.8913	1.03811	1.64984	0.0000	0.0000	0.0000	0.21815	0.044781	0.17802	0	0	0
# CONV t=24.00 cond=0 evap=0 rough=0 back_s=0
# LEDGER t=24.000 mode=3 sum_err=0 max|E-iEu|=2.198e-16 run_max_diff=0.000e+00 run_max_sum_err=0 steps=1200 E0_int=9917909407125846 sum=9917909407125846
26.000	9714.46359	185.626623	0	17.8191956	9917.90940713	-1.100e-15	57522	12.060	11.996	12.013	0.848	0.0000	0.7556	-3.1825	0.8498	0.8891	1.03278	1.64982	0.0000	0.0000	0.0000	-0.0030342	-0.4155	-0.34992	0	0	0
# CONV t=26.00 cond=0 evap=0 rough=0 back_s=0
# LEDGER t=26.000 mode=3 sum_err=0 max|E-iEu|=1.722e-16 run_max_diff=0.000e+00 run_max_sum_err=0 steps=1300 E0_int=9917909407125846 sum=9917909407125846
28.000	9714.46359	184.606264	0	18.8395539	9917.90940713	-9.170e-16	57524	12.054	11.996	11.993	0.848	0.0000	0.7529	-3.7264	0.8498	0.8859	1.02813	1.64980	0.0000	0.0000	0.0000	-0.15673	-0.37125	-0.070335	0	0	0
# CONV t=28.00 cond=0 evap=0 rough=0 back_s=0
# LEDGER t=28.000 mode=3 sum_err=0 max|E-iEu|=1.110e-16 run_max_diff=0.000e+00 run_max_sum_err=0 steps=1400 E0_int=9917909407125846 sum=9917909407125846
30.000	9714.46359	182.715629	0	20.7301891	9917.90940713	-1.100e-15	57527	12.045	11.991	11.998	0.850	0.0000	0.7505	-4.3376	0.8499	0.8831	1.02354	1.64977	0.0000	0.0000	0.0000	-0.14918	-0.0063175	0.8002	0	0	0
# CONV t=30.00 cond=0 evap=0 rough=0 back_s=0
# LEDGER t=30.000 mode=3 sum_err=0 max|E-iEu|=1.110e-16 run_max_diff=0.000e+00 run_max_sum_err=0 steps=1500 E0_int=9917909407125846 sum=9917909407125846
32.000	9714.46359	180.318794	0	23.1270242	9917.90940713	-1.100e-15	57533	12.049	11.991	12.001	0.854	0.0000	0.7485	-4.7047	0.8499	0.8807	1.02395	1.64975	0.0000	0.0000	0.0000	-0.17523	0.22066	-0.2314	0	0	0
# CONV t=32.00 cond=0 evap=0 rough=0 back_s=0
# LEDGER t=32.000 mode=3 sum_err=0 max|E-iEu|=1.222e-16 run_max_diff=0.000e+00 run_max_sum_err=0 steps=1600 E0_int=9917909407125846 sum=9917909407125846
# QATOM t=33.24 dir=DF w=1.60245508 e=0.293294444275
34.000	9714.50184	180.183719	0.255038647	22.9688049	9917.90940713	5.502e-16	57535	12.032	12.002	12.002	0.853	1.4284	0.7472	-5.3587	0.8499	0.8792	1.02629	1.64971	12.4138	11.4117	10.7872	-0.57807	-0.37133	-0.35706	-0.00071062	-0.12613	0.072938
# CONV t=34.00 cond=0 evap=0 rough=0.293294 back_s=0.0382558
# LEDGER t=34.000 mode=3 sum_err=0 max|E-iEu|=4.988e-13 run_max_diff=1.485e-12 run_max_sum_err=0 steps=1700 E0_int=9917909407125846 sum=9917909407125846
36.000	9714.50184	178.664846	0.255038647	24.4876775	9917.90940713	3.301e-15	57531	12.039	11.987	11.994	0.854	0.0000	0.7456	-5.4276	0.8499	0.8773	1.03367	1.64968	12.4611	11.1714	11.0050	-0.035629	-0.34671	-0.31349	0.037869	-0.036009	0.001675
# CONV t=36.00 cond=0 evap=0 rough=0.293294 back_s=0.0382558
# LEDGER t=36.000 mode=3 sum_err=0 max|E-iEu|=4.998e-13 run_max_diff=1.497e-12 run_max_sum_err=0 steps=1800 E0_int=9917909407125846 sum=9917909407125846
38.000	9714.54765	178.391691	0.560429062	24.4096333	9917.90940713	1.155e-14	57531	12.046	11.992	11.996	0.857	0.0000	0.7446	-6.0927	0.8499	0.8761	1.04673	1.64964	13.0937	10.4125	10.9015	0.46866	0.18013	0.24368	-0.019435	-0.11295	-0.18848
# CONV t=38.00 cond=0 evap=0 rough=0.644493 back_s=0.0840644
# LEDGER t=38.000 mode=3 sum_err=0 max|E-iEu|=5.000e-13 run_max_diff=1.497e-12 run_max_sum_err=0 steps=1900 E0_int=9917909407125846 sum=9917909407125846
40.000	9714.67474	176.866013	1.40769934	24.9609511	9917.90940713	7.336e-15	57531	12.042	11.991	11.969	0.854	2.4695	0.7448	-7.7943	0.8499	0.8763	1.06064	1.64960	12.7489	11.3502	11.6108	0.43324	0.058021	-0.22915	0.25082	-0.44951	-0.14736
# CONV t=40.00 cond=0 evap=0 rough=1.61885 back_s=0.211155
# LEDGER t=40.000 mode=3 sum_err=0 max|E-iEu|=4.999e-13 run_max_diff=1.500e-12 run_max_sum_err=0 steps=2000 E0_int=9917909407125846 sum=9917909407125846
42.000	9714.67474	176.886773	1.40769934	24.9401907	9917.90940713	9.354e-15	57532	12.051	11.977	11.971	0.855	2.2804	0.7442	-8.2439	0.8499	0.8756	1.06591	1.64956	12.8001	11.2151	11.5765	-0.32997	-0.077143	-0.054189	0.20585	-0.27221	-0.074026
# CONV t=42.00 cond=0 evap=0 rough=1.61885 back_s=0.211155
# LEDGER t=42.000 mode=3 sum_err=0 max|E-iEu|=4.999e-13 run_max_diff=1.500e-12 run_max_sum_err=0 steps=2100 E0_int=9917909407125846 sum=9917909407125846
44.000	9714.67474	175.567104	1.40769934	26.2598602	9917.90940713	-1.284e-15	57529	12.027	11.991	11.987	0.859	2.2804	0.7439	-8.3074	0.8499	0.8752	1.07079	1.64952	12.7966	11.1788	11.6091	-0.15828	-0.38578	0.16483	-0.04723	-0.056523	0.14561
# CONV t=44.00 cond=0 evap=0 rough=1.61885 back_s=0.211155
# LEDGER t=44.000 mode=3 sum_err=0 max|E-iEu|=5.000e-13 run_max_diff=1.500e-12 run_max_sum_err=0 steps=2200 E0_int=9917909407125846 sum=9917909407125846
46.000	9714.67474	175.298048	1.40769934	26.5289163	9917.90940713	1.100e-15	57531	12.009	12.001	11.975	0.860	0.0000	0.7432	-8.5994	0.8499	0.8745	1.06268	1.64949	12.7693	11.1672	11.6550	-0.14469	-0.27695	0.49807	-0.15324	0.013338	0.079909
# CONV t=46.00 cond=0 evap=0 rough=1.61885 back_s=0.211155
# LEDGER t=46.000 mode=3 sum_err=0 max|E-iEu|=5.000e-13 run_max_diff=1.500e-12 run_max_sum_err=0 steps=2300 E0_int=9917909407125846 sum=9917909407125846
48.000	9714.67474	174.825432	1.40769934	27.0015321	9917.90940713	-2.201e-15	57529	12.006	11.992	11.984	0.857	0.0000	0.7421	-8.5933	0.8499	0.8732	1.05557	1.64945	12.7496	11.1936	11.6782	-0.24497	-0.5494	0.54314	-0.013929	0.046198	0.033005
# CONV t=48.00 cond=0 evap=0 rough=1.61885 back_s=0.211155
# LEDGER t=48.000 mode=3 sum_err=0 max|E-iEu|=5.000e-13 run_max_diff=1.500e-12 run_max_sum_err=0 steps=2400 E0_int=9917909407125846 sum=9917909407125846
50.000	9714.71397	174.264191	1.66922179	27.2620217	9917.90940713	-3.668e-16	57542	12.002	11.985	11.987	0.859	1.5804	0.7402	-8.7703	0.8499	0.8709	1.04716	1.64941	12.7736	11.5263	11.6551	-0.028086	-0.1853	-0.36401	0.12733	-0.067161	0.084244
# CONV t=50.00 cond=0 evap=0 rough=1.91961 back_s=0.250383
# LEDGER t=50.000 mode=3 sum_err=0 max|E-iEu|=5.000e-13 run_max_diff=1.500e-12 run_max_sum_err=0 steps=2500 E0_int=9917909407125846 sum=9917909407125846
52.000	9714.75398	172.628341	1.93596507	28.5911168	9917.90940713	1.651e-15	57543	12.019	11.958	11.994	0.861	2.6812	0.7381	-9.1307	0.8500	0.8684	1.04636	1.64936	12.7227	11.9598	11.8582	0.36383	-0.15696	0.19365	0.15523	0.16619	0.19886
# CONV t=52.00 cond=0 evap=0 rough=2.22636 back_s=0.290395
# LEDGER t=52.000 mode=3 sum_err=0 max|E-iEu|=5.000e-13 run_max_diff=1.500e-12 run_max_sum_err=0 steps=2600 E0_int=9917909407125846 sum=9917909407125846
54.000	9714.75398	172.059305	1.93596507	29.1601536	9917.90940713	-1.284e-15	57542	12.006	11.969	12.009	0.867	2.6812	0.7363	-8.6695	0.8500	0.8662	1.04663	1.64932	12.7496	11.9963	11.9282	-1.0584	-0.16487	0.44457	-0.056437	0.21889	0.29434
# CONV t=54.00 cond=0 evap=0 rough=2.22636 back_s=0.290395
# LEDGER t=54.000 mode=3 sum_err=0 max|E-iEu|=5.000e-13 run_max_diff=1.500e-12 run_max_sum_err=0 steps=2700 E0_int=9917909407125846 sum=9917909407125846
56.000	9714.80204	171.671734	2.25634794	29.1792835	9917.90940713	-7.886e-15	57538	11.999	11.980	12.020	0.869	3.7590	0.7348	-9.0764	0.8500	0.8645	1.04896	1.64927	13.0658	12.0671	12.2961	-0.26449	-0.20123	-0.34906	-0.27544	-0.055941	0.19515
# CONV t=56.00 cond=0 evap=0 rough=2.5948 back_s=0.338452
# LEDGER t=56.000 mode=3 sum_err=0 max|E-iEu|=5.000e-13 run_max_diff=1.500e-12 run_max_sum_err=0 steps=2800 E0_int=9917909407125846 sum=9917909407125846
58.000	9714.89005	169.048899	2.84307966	31.1273771	9917.90940713	-2.934e-15	57535	12.022	11.964	11.998	0.869	3.7590	0.7338	-10.142	0.8500	0.8634	1.05205	1.64923	12.3335	11.8140	12.1228	0.024667	0.14017	-0.3329	-0.49152	0.15887	0.17528
# CONV t=58.00 cond=0 evap=0 rough=3.26954 back_s=0.426462
# LEDGER t=58.000 mode=3 sum_err=0 max|E-iEu|=5.000e-13 run_max_diff=1.500e-12 run_max_sum_err=0 steps=2900 E0_int=9917909407125846 sum=9917909407125846
60.000	9714.89005	169.912593	2.84307966	30.2636832	9917.90940713	-2.201e-15	57536	12.027	11.986	11.993	0.871	4.0424	0.7326	-10.278	0.8500	0.8619	1.04704	1.64919	12.2896	11.8447	12.1585	0.13057	-0.068066	0.16233	-0.21717	0.042485	0.088388
# CONV t=60.00 cond=0 evap=0 rough=3.26954 back_s=0.426462
# LEDGER t=60.000 mode=3 sum_err=0 max|E-iEu|=5.000e-13 run_max_diff=1.500e-12 run_max_sum_err=0 steps=3000 E0_int=9917909407125846 sum=9917909407125846
62.000	9714.93208	170.865796	3.12328324	28.9882469	9917.90940713	9.170e-16	57543	12.008	11.976	11.976	0.871	2.7130	0.7316	-10.746	0.8500	0.8607	1.04136	1.64915	12.2293	12.0194	12.3123	-0.22226	0.43696	0.0071856	-0.051219	0.042372	0.03411
# CONV t=62.00 cond=0 evap=0 rough=3.59178 back_s=0.468492
# LEDGER t=62.000 mode=3 sum_err=0 max|E-iEu|=4.999e-13 run_max_diff=1.500e-12 run_max_sum_err=0 steps=3100 E0_int=9917909407125846 sum=9917909407125846
64.000	9714.93208	171.231053	3.12328324	28.6229894	9917.90940713	-6.236e-15	57545	12.019	11.954	11.980	0.869	2.7130	0.7304	-11.039	0.8500	0.8593	1.03254	1.64911	12.2577	12.0095	12.3185	-0.93118	0.003382	0.45133	0.0065646	0.084549	-0.048125
# CONV t=64.00 cond=0 evap=0 rough=3.59178 back_s=0.468492
# LEDGER t=64.000 mode=3 sum_err=0 max|E-iEu|=4.999e-13 run_max_diff=1.500e-12 run_max_sum_err=0 steps=3200 E0_int=9917909407125846 sum=9917909407125846
66.000	9714.93208	169.387678	3.12328324	30.4663643	9917.90940713	-4.585e-15	57546	11.997	11.938	11.978	0.872	2.2525	0.7288	-11.43	0.8500	0.8574	1.03162	1.64906	12.2618	12.0193	12.2997	0.36209	0.47158	-0.5234	0.072181	0.2816	-0.17222
# CONV t=66.00 cond=0 evap=0 rough=3.59178 back_s=0.468492
# LEDGER t=66.000 mode=3 sum_err=0 max|E-iEu|=4.999e-13 run_max_diff=1.500e-12 run_max_sum_err=0 steps=3300 E0_int=9917909407125846 sum=9917909407125846
68.000	9714.97307	167.764573	3.39655553	31.7752067	9917.90940713	1.651e-15	57547	12.013	11.953	11.993	0.877	2.2525	0.7271	-12.461	0.8500	0.8554	1.03395	1.64902	12.0470	12.0353	12.2317	0.042926	-0.45327	0.075328	-0.18134	0.45195	-0.3287
# CONV t=68.00 cond=0 evap=0 rough=3.90604 back_s=0.509483
# LEDGER t=68.000 mode=3 sum_err=0 max|E-iEu|=5.000e-13 run_max_diff=1.500e-12 run_max_sum_err=0 steps=3400 E0_int=9917909407125846 sum=9917909407125846
70.000	9714.97307	169.240873	3.39655553	30.2989064	9917.90940713	-5.502e-16	57547	12.002	11.940	11.998	0.877	2.5547	0.7258	-13.064	0.8500	0.8539	1.03657	1.64898	12.0365	12.1005	12.1777	0.0096375	0.10892	-1.021	0.049808	0.27579	-0.23092
# CONV t=70.00 cond=0 evap=0 rough=3.90604 back_s=0.509483
# LEDGER t=70.000 mode=3 sum_err=0 max|E-iEu|=4.999e-13 run_max_diff=1.500e-12 run_max_sum_err=0 steps=3500 E0_int=9917909407125846 sum=9917909407125846
72.000	9715.02032	169.262031	3.71153931	29.9155172	9917.90940713	-3.118e-15	57545	12.002	11.932	11.991	0.876	2.5216	0.7252	-13.391	0.8500	0.8531	1.03544	1.64894	11.9321	12.1172	11.9758	0.42181	-0.00029372	-0.048352	0.43272	-0.047753	-0.0067665
# CONV t=72.00 cond=0 evap=0 rough=4.26827 back_s=0.556731
# LEDGER t=72.000 mode=3 sum_err=0 max|E-iEu|=4.999e-13 run_max_diff=1.500e-12 run_max_sum_err=0 steps=3600 E0_int=9917909407125846 sum=9917909407125846
74.000	9715.02032	166.443755	3.71153931	32.7337926	9917.90940713	-1.834e-15	57536	12.021	11.926	11.983	0.875	2.9065	0.7255	-13.146	0.8500	0.8535	1.04944	1.64890	11.9802	12.1227	11.9810	-0.35123	-0.0007025	0.064109	-0.029731	-0.036074	0.14645
# CONV t=74.00 cond=0 evap=0 rough=4.26827 back_s=0.556731
# LEDGER t=74.000 mode=3 sum_err=0 max|E-iEu|=5.000e-13 run_max_diff=1.500e-12 run_max_sum_err=0 steps=3700 E0_int=9917909407125846 sum=9917909407125846
76.000	9715.02032	167.358294	3.71153931	31.8192539	9917.90940713	-3.301e-15	57544	12.016	11.950	11.953	0.874	2.9065	0.7261	-13.193	0.8500	0.8542	1.06033	1.64886	11.9829	12.1236	11.9865	0.20918	-0.16946	0.33404	-0.011981	0.029443	0.083292
# CONV t=76.00 cond=0 evap=0 rough=4.26827 back_s=0.556731
# LEDGER t=76.000 mode=3 sum_err=0 max|E-iEu|=5.000e-13 run_max_diff=1.500e-12 run_max_sum_err=0 steps=3800 E0_int=9917909407125846 sum=9917909407125846
78.000	9715.02032	167.877436	3.71153931	31.3001114	9917.90940713	-3.668e-16	57541	12.027	11.987	11.983	0.873	2.0342	0.7268	-13.023	0.8500	0.8551	1.06307	1.64882	12.0215	12.1499	11.9837	-0.18134	0.3062	-0.02902	0.27052	0.11785	-0.13528
# CONV t=78.00 cond=0 evap=0 rough=4.26827 back_s=0.556731
# LEDGER t=78.000 mode=3 sum_err=0 max|E-iEu|=5.000e-13 run_max_diff=1.500e-12 run_max_sum_err=0 steps=3900 E0_int=9917909407125846 sum=9917909407125846
80.000	9715.05858	166.418928	3.96663989	32.4652547	9917.90940713	-3.118e-15	57540	11.995	11.950	11.966	0.879	2.1251	0.7273	-12.587	0.8500	0.8556	1.05582	1.64877	12.1287	12.0932	12.0395	0.12428	-0.032926	-0.45691	0.24529	0.065587	-0.34446
# CONV t=80.00 cond=0 evap=0 rough=4.56164 back_s=0.594996
# LEDGER t=80.000 mode=3 sum_err=0 max|E-iEu|=4.999e-13 run_max_diff=1.500e-12 run_max_sum_err=0 steps=4000 E0_int=9917909407125846 sum=9917909407125846
# RESULT es_shells 0.75:0.5350 2.25:0.7543 3.75:0.9299 5.25:0.9896 6.75:1.0025 8.25:1.0032 9.75:1.0023 11.25:1.0013
# RESULT LEDGER mode=3 E0_int=9917909407125846 sum_int=9917909407125846 max_sum_err=0 max|E-iEu|=1.500e-12 steps=4000
# RESULT conservation E0=9917.90940713 Efinal=9917.90940713 rel_drift=-3.118e-15
# RESULT roughness_radiated=4.56164 (dissonant dense deliveries converted to field, conserved)
# RESULT blob_drift v=(-0.00048,-0.00124,-0.00015) speed=0.00134 cos_to_kdir=0.0000
# RESULT curvature_fit defA_per_Em=0.32857 r2=0.8684 (linear defect ~ converted energy)
