# cellfab — v89 cell-fabric kernel (no lattice, no prior code)
# cfg seed=222222 mode=field init=pairs
# cfg L=30 dmin=1 r0=0.85 rjit=0.06
# cfg C=1 w1=1.65 w2=2.9 q_detune=1.2 gamma_res=0.25 gamma_res_m=0.1 p_gate=8
# cfg lock_floor=0.005
# cfg k_dep=1.2 k_dep_m=2 cap=2.5 e_s0=1 es_floor=0.05
# cfg e_cond=0 f_conv=0.25 f_evap=0.5 s_pull=0.15
# cfg kappa_lock=1 kappa_align=0.5 kappa_freq=0 kappa_reac=0 sigma_tumble=0.01
# cfg space: s_k=0.06 s_disp=0.3 es_gx=0
# cfg dt=0.02 T=60 diag_every=500 snap_every=0
# cfg center=(-1,-1,-1) amp=1 sigma=2.5 k=(0,0,0) prealign=0 noise_amp=0.08
# cfg music: comb_limit=1 rough_k=0.35 gamma_rough=0.5 mob_sym=1 mob_floor=0.004
# cfg field sector: two-component signed amplitude, unitary hops, field_J=1.8
# cfg ledger: mode=3 u=1.000e-12 (cellfabi INT_LEDGER)
# cfg pairs: n=60 x0=-1 x1=-1 pq=1:1 seedlock=1 d=[1,1.55] gap=5
# action atom: A0=1.1500 (dbar=1.5081) mode=2 — eps(w)=A0*w/2pi; atoms at mode boundaries, transport continuous
# edge coloring: 29 colors for 165930 links
# pairs: seeded 60 of 60 requested, d=[1,1.55], x0=x*(d), example 0.128, phases=locked
# fabric: cells=18607 channels=165930 mean_degree=17.84 box=30 dmin=1
# LEDGER seed mode=3 u=1.000e-12 E0_int=19402329296608804 NC=18607 NL=165930
# LEDGER seed mode=3 u=1.000e-12 E0_int=19402329296608804 NC=18607 NL=165930
# t	E_space	E_dense	E_field	E_transfer	E_total	rel_drift	live_ch	cm_x	cm_y	cm_z	contain	front_r	r_core	defA	r_far	r_ratio	w_core	w_far
0.000	18598.8182	62.727451	740.783687	0	19402.3292966	0.000e+00	110798	14.838	14.919	15.133	0.056	25.6235	0.8516	0	0.8499	1.0020	1.65000	1.64803	14.9825	15.0167	15.0060	0	0	0	7.0552	9.0443	-4.4359
# CONV t=0.00 cond=0 evap=0 rough=0 back_s=0
# LEDGER t=0.000 mode=3 sum_err=0 max|E-iEu|=4.999e-13 run_max_diff=0.000e+00 run_max_sum_err=0 steps=0 E0_int=19402329296608804 sum=19402329296608804
# PAIR t=0.0 p=0 d=1.321 pq=1:1 delta=+0.000 x=0.183 ratio=1.0000 dth=+0.000 gg=1.0000 fl=0.000 ret=1.000 shed=0.000 act=0.0000 flq=0.00
# PAIR t=0.0 p=1 d=1.547 pq=1:1 delta=+0.000 x=0.356 ratio=1.0000 dth=+0.000 gg=1.0000 fl=0.000 ret=1.000 shed=0.000 act=0.0000 flq=0.00
# PAIR t=0.0 p=2 d=1.370 pq=1:1 delta=+0.000 x=0.220 ratio=1.0000 dth=-0.000 gg=1.0000 fl=0.000 ret=1.000 shed=0.000 act=0.0000 flq=0.00
# PAIR t=0.0 p=3 d=1.525 pq=1:1 delta=+0.000 x=0.340 ratio=1.0000 dth=+0.000 gg=1.0000 fl=0.000 ret=1.000 shed=0.000 act=0.0000 flq=0.00
# PAIR t=0.0 p=4 d=1.149 pq=1:1 delta=+0.000 x=0.051 ratio=1.0000 dth=-0.000 gg=1.0000 fl=0.000 ret=1.000 shed=0.000 act=0.0000 flq=0.00
# PAIR t=0.0 p=5 d=1.291 pq=1:1 delta=+0.000 x=0.160 ratio=1.0000 dth=+0.000 gg=1.0000 fl=0.000 ret=1.000 shed=0.000 act=0.0000 flq=0.00
# PAIR t=0.0 p=6 d=1.390 pq=1:1 delta=+0.000 x=0.236 ratio=1.0000 dth=-0.000 gg=1.0000 fl=0.000 ret=1.000 shed=0.000 act=0.0000 flq=0.00
# PAIR t=0.0 p=7 d=1.529 pq=1:1 delta=+0.000 x=0.343 ratio=1.0000 dth=+0.000 gg=1.0000 fl=0.000 ret=1.000 shed=0.000 act=0.0000 flq=0.00
# PAIR t=0.0 p=8 d=1.343 pq=1:1 delta=+0.000 x=0.199 ratio=1.0000 dth=+0.000 gg=1.0000 fl=0.000 ret=1.000 shed=0.000 act=0.0000 flq=0.00
# PAIR t=0.0 p=9 d=1.242 pq=1:1 delta=+0.000 x=0.122 ratio=1.0000 dth=-0.000 gg=1.0000 fl=0.000 ret=1.000 shed=0.000 act=0.0000 flq=0.00
# PAIR t=0.0 p=10 d=1.450 pq=1:1 delta=+0.000 x=0.282 ratio=1.0000 dth=+0.000 gg=1.0000 fl=0.000 ret=1.000 shed=0.000 act=0.0000 flq=0.00
# PAIR t=0.0 p=11 d=1.148 pq=1:1 delta=+0.000 x=0.049 ratio=1.0000 dth=+0.000 gg=1.0000 fl=0.000 ret=1.000 shed=0.000 act=0.0000 flq=0.00
# PAIR t=0.0 p=12 d=1.540 pq=1:1 delta=+0.000 x=0.352 ratio=1.0000 dth=-0.000 gg=1.0000 fl=0.000 ret=1.000 shed=0.000 act=0.0000 flq=0.00
# PAIR t=0.0 p=13 d=1.541 pq=1:1 delta=+0.000 x=0.352 ratio=1.0000 dth=+0.000 gg=1.0000 fl=0.000 ret=1.000 shed=0.000 act=0.0000 flq=0.00
# PAIR t=0.0 p=14 d=1.203 pq=1:1 delta=+0.000 x=0.092 ratio=1.0000 dth=-0.000 gg=1.0000 fl=0.000 ret=1.000 shed=0.000 act=0.0000 flq=0.00
# PAIR t=0.0 p=15 d=1.512 pq=1:1 delta=+0.000 x=0.330 ratio=1.0000 dth=-0.000 gg=1.0000 fl=0.000 ret=1.000 shed=0.000 act=0.0000 flq=0.00
# PAIR t=0.0 p=16 d=1.299 pq=1:1 delta=+0.000 x=0.166 ratio=1.0000 dth=+0.000 gg=1.0000 fl=0.000 ret=1.000 shed=0.000 act=0.0000 flq=0.00
# PAIR t=0.0 p=17 d=1.411 pq=1:1 delta=+0.000 x=0.252 ratio=1.0000 dth=+0.000 gg=1.0000 fl=0.000 ret=1.000 shed=0.000 act=0.0000 flq=0.00
# PAIR t=0.0 p=18 d=1.180 pq=1:1 delta=+0.000 x=0.074 ratio=1.0000 dth=+0.000 gg=1.0000 fl=0.000 ret=1.000 shed=0.000 act=0.0000 flq=0.00
# PAIR t=0.0 p=19 d=1.134 pq=1:1 delta=+0.000 x=0.039 ratio=1.0000 dth=-0.000 gg=1.0000 fl=0.000 ret=1.000 shed=0.000 act=0.0000 flq=0.00
# PAIR t=0.0 p=20 d=1.548 pq=1:1 delta=+0.000 x=0.357 ratio=1.0000 dth=-0.000 gg=1.0000 fl=0.000 ret=1.000 shed=0.000 act=0.0000 flq=0.00
# PAIR t=0.0 p=21 d=1.182 pq=1:1 delta=+0.000 x=0.076 ratio=1.0000 dth=+0.000 gg=1.0000 fl=0.000 ret=1.000 shed=0.000 act=0.0000 flq=0.00
# PAIR t=0.0 p=22 d=1.374 pq=1:1 delta=+0.000 x=0.224 ratio=1.0000 dth=+0.000 gg=1.0000 fl=0.000 ret=1.000 shed=0.000 act=0.0000 flq=0.00
# PAIR t=0.0 p=23 d=1.193 pq=1:1 delta=+0.000 x=0.084 ratio=1.0000 dth=+0.000 gg=1.0000 fl=0.000 ret=1.000 shed=0.000 act=0.0000 flq=0.00
# PAIR t=0.0 p=24 d=1.397 pq=1:1 delta=+0.000 x=0.241 ratio=1.0000 dth=-0.000 gg=1.0000 fl=0.000 ret=1.000 shed=0.000 act=0.0000 flq=0.00
# PAIR t=0.0 p=25 d=1.446 pq=1:1 delta=+0.000 x=0.279 ratio=1.0000 dth=-0.000 gg=1.0000 fl=0.000 ret=1.000 shed=0.000 act=0.0000 flq=0.00
# PAIR t=0.0 p=26 d=1.449 pq=1:1 delta=+0.000 x=0.281 ratio=1.0000 dth=+0.000 gg=1.0000 fl=0.000 ret=1.000 shed=0.000 act=0.0000 flq=0.00
# PAIR t=0.0 p=27 d=1.527 pq=1:1 delta=+0.000 x=0.341 ratio=1.0000 dth=+0.000 gg=1.0000 fl=0.000 ret=1.000 shed=0.000 act=0.0000 flq=0.00
# PAIR t=0.0 p=28 d=1.236 pq=1:1 delta=+0.000 x=0.118 ratio=1.0000 dth=+0.000 gg=1.0000 fl=0.000 ret=1.000 shed=0.000 act=0.0000 flq=0.00
# PAIR t=0.0 p=29 d=1.171 pq=1:1 delta=+0.000 x=0.067 ratio=1.0000 dth=-0.000 gg=1.0000 fl=0.000 ret=1.000 shed=0.000 act=0.0000 flq=0.00
# PAIR t=0.0 p=30 d=1.482 pq=1:1 delta=+0.000 x=0.306 ratio=1.0000 dth=-0.000 gg=1.0000 fl=0.000 ret=1.000 shed=0.000 act=0.0000 flq=0.00
# PAIR t=0.0 p=31 d=1.517 pq=1:1 delta=+0.000 x=0.334 ratio=1.0000 dth=-0.000 gg=1.0000 fl=0.000 ret=1.000 shed=0.000 act=0.0000 flq=0.00
# PAIR t=0.0 p=32 d=1.402 pq=1:1 delta=+0.000 x=0.245 ratio=1.0000 dth=-0.000 gg=1.0000 fl=0.000 ret=1.000 shed=0.000 act=0.0000 flq=0.00
# PAIR t=0.0 p=33 d=1.398 pq=1:1 delta=+0.000 x=0.242 ratio=1.0000 dth=+0.000 gg=1.0000 fl=0.000 ret=1.000 shed=0.000 act=0.0000 flq=0.00
# PAIR t=0.0 p=34 d=1.416 pq=1:1 delta=+0.000 x=0.256 ratio=1.0000 dth=-0.000 gg=1.0000 fl=0.000 ret=1.000 shed=0.000 act=0.0000 flq=0.00
# PAIR t=0.0 p=35 d=1.486 pq=1:1 delta=+0.000 x=0.309 ratio=1.0000 dth=+0.000 gg=1.0000 fl=0.000 ret=1.000 shed=0.000 act=0.0000 flq=0.00
# PAIR t=0.0 p=36 d=1.506 pq=1:1 delta=+0.000 x=0.325 ratio=1.0000 dth=+0.000 gg=1.0000 fl=0.000 ret=1.000 shed=0.000 act=0.0000 flq=0.00
# PAIR t=0.0 p=37 d=1.139 pq=1:1 delta=+0.000 x=0.043 ratio=1.0000 dth=-0.000 gg=1.0000 fl=0.000 ret=1.000 shed=0.000 act=0.0000 flq=0.00
# PAIR t=0.0 p=38 d=1.314 pq=1:1 delta=+0.000 x=0.177 ratio=1.0000 dth=-0.000 gg=1.0000 fl=0.000 ret=1.000 shed=0.000 act=0.0000 flq=0.00
# PAIR t=0.0 p=39 d=1.521 pq=1:1 delta=+0.000 x=0.337 ratio=1.0000 dth=-0.000 gg=1.0000 fl=0.000 ret=1.000 shed=0.000 act=0.0000 flq=0.00
# PAIR t=0.0 p=40 d=1.242 pq=1:1 delta=+0.000 x=0.122 ratio=1.0000 dth=+0.000 gg=1.0000 fl=0.000 ret=1.000 shed=0.000 act=0.0000 flq=0.00
# PAIR t=0.0 p=41 d=1.248 pq=1:1 delta=+0.000 x=0.127 ratio=1.0000 dth=-0.000 gg=1.0000 fl=0.000 ret=1.000 shed=0.000 act=0.0000 flq=0.00
# PAIR t=0.0 p=42 d=1.243 pq=1:1 delta=+0.000 x=0.123 ratio=1.0000 dth=+0.000 gg=1.0000 fl=0.000 ret=1.000 shed=0.000 act=0.0000 flq=0.00
# PAIR t=0.0 p=43 d=1.503 pq=1:1 delta=+0.000 x=0.323 ratio=1.0000 dth=+0.000 gg=1.0000 fl=0.000 ret=1.000 shed=0.000 act=0.0000 flq=0.00
# PAIR t=0.0 p=44 d=1.281 pq=1:1 delta=+0.000 x=0.152 ratio=1.0000 dth=+0.000 gg=1.0000 fl=0.000 ret=1.000 shed=0.000 act=0.0000 flq=0.00
# PAIR t=0.0 p=45 d=1.320 pq=1:1 delta=+0.000 x=0.182 ratio=1.0000 dth=-0.000 gg=1.0000 fl=0.000 ret=1.000 shed=0.000 act=0.0000 flq=0.00
# PAIR t=0.0 p=46 d=1.377 pq=1:1 delta=+0.000 x=0.226 ratio=1.0000 dth=-0.000 gg=1.0000 fl=0.000 ret=1.000 shed=0.000 act=0.0000 flq=0.00
# PAIR t=0.0 p=47 d=1.518 pq=1:1 delta=+0.000 x=0.334 ratio=1.0000 dth=+0.000 gg=1.0000 fl=0.000 ret=1.000 shed=0.000 act=0.0000 flq=0.00
# PAIR t=0.0 p=48 d=1.517 pq=1:1 delta=+0.000 x=0.333 ratio=1.0000 dth=+0.000 gg=1.0000 fl=0.000 ret=1.000 shed=0.000 act=0.0000 flq=0.00
# PAIR t=0.0 p=49 d=1.174 pq=1:1 delta=+0.000 x=0.070 ratio=1.0000 dth=+0.000 gg=1.0000 fl=0.000 ret=1.000 shed=0.000 act=0.0000 flq=0.00
# PAIR t=0.0 p=50 d=1.250 pq=1:1 delta=+0.000 x=0.128 ratio=1.0000 dth=-0.000 gg=1.0000 fl=0.000 ret=1.000 shed=0.000 act=0.0000 flq=0.00
# PAIR t=0.0 p=51 d=1.401 pq=1:1 delta=+0.000 x=0.244 ratio=1.0000 dth=-0.000 gg=1.0000 fl=0.000 ret=1.000 shed=0.000 act=0.0000 flq=0.00
# PAIR t=0.0 p=52 d=1.187 pq=1:1 delta=+0.000 x=0.080 ratio=1.0000 dth=+0.000 gg=1.0000 fl=0.000 ret=1.000 shed=0.000 act=0.0000 flq=0.00
# PAIR t=0.0 p=53 d=1.228 pq=1:1 delta=+0.000 x=0.111 ratio=1.0000 dth=-0.000 gg=1.0000 fl=0.000 ret=1.000 shed=0.000 act=0.0000 flq=0.00
# PAIR t=0.0 p=54 d=1.208 pq=1:1 delta=+0.000 x=0.096 ratio=1.0000 dth=+0.000 gg=1.0000 fl=0.000 ret=1.000 shed=0.000 act=0.0000 flq=0.00
# PAIR t=0.0 p=55 d=1.518 pq=1:1 delta=+0.000 x=0.335 ratio=1.0000 dth=+0.000 gg=1.0000 fl=0.000 ret=1.000 shed=0.000 act=0.0000 flq=0.00
# PAIR t=0.0 p=56 d=1.464 pq=1:1 delta=+0.000 x=0.293 ratio=1.0000 dth=-0.000 gg=1.0000 fl=0.000 ret=1.000 shed=0.000 act=0.0000 flq=0.00
# PAIR t=0.0 p=57 d=1.162 pq=1:1 delta=+0.000 x=0.061 ratio=1.0000 dth=-0.000 gg=1.0000 fl=0.000 ret=1.000 shed=0.000 act=0.0000 flq=0.00
# PAIR t=0.0 p=58 d=1.192 pq=1:1 delta=+0.000 x=0.084 ratio=1.0000 dth=-0.000 gg=1.0000 fl=0.000 ret=1.000 shed=0.000 act=0.0000 flq=0.00
# PAIR t=0.0 p=59 d=1.445 pq=1:1 delta=+0.000 x=0.278 ratio=1.0000 dth=-0.000 gg=1.0000 fl=0.000 ret=1.000 shed=0.000 act=0.0000 flq=0.00
10.000	18598.8182	48.9739556	740.783687	13.7534953	19402.3292966	2.625e-15	110797	14.887	14.714	15.341	0.057	25.7492	0.8520	4.3038	0.8499	1.0024	1.64996	1.64802	15.0004	15.0561	14.9875	0.009222	-0.01212	0.0070746	6.295	7.5048	-16.721
# CONV t=10.00 cond=0 evap=0 rough=0 back_s=0
# LEDGER t=10.000 mode=3 sum_err=0 max|E-iEu|=5.000e-13 run_max_diff=1.500e-12 run_max_sum_err=0 steps=500 E0_int=19402329296608804 sum=19402329296608804
# PAIR t=10.0 p=0 d=1.321 pq=1:1 delta=+0.016 x=0.178 ratio=0.9908 dth=-0.016 gg=0.9995 fl=0.421 ret=0.985 shed=0.014 act=1.0159 flq=0.88
# PAIR t=10.0 p=1 d=1.547 pq=1:1 delta=+0.010 x=0.354 ratio=1.0044 dth=+0.023 gg=0.9967 fl=0.062 ret=0.994 shed=0.010 act=0.3421 flq=0.30
# PAIR t=10.0 p=2 d=1.370 pq=1:1 delta=+0.010 x=0.216 ratio=1.0129 dth=+0.008 gg=0.9992 fl=0.188 ret=0.991 shed=0.009 act=0.5688 flq=0.49
# PAIR t=10.0 p=3 d=1.525 pq=1:1 delta=+0.012 x=0.338 ratio=1.0189 dth=+0.206 gg=0.8360 fl=0.001 ret=0.994 shed=0.010 act=0.0055 flq=0.00
# PAIR t=10.0 p=4 d=1.149 pq=1:1 delta=+0.117 x=0.034 ratio=0.9953 dth=-0.094 gg=0.9815 fl=0.536 ret=0.673 shed=0.083 act=0.3115 flq=0.27
# PAIR t=10.0 p=5 d=1.291 pq=1:1 delta=+0.019 x=0.156 ratio=1.0132 dth=+0.005 gg=0.9988 fl=0.517 ret=0.981 shed=0.015 act=1.0693 flq=0.93
# PAIR t=10.0 p=6 d=1.390 pq=1:1 delta=+0.010 x=0.231 ratio=0.9974 dth=-0.005 gg=0.9999 fl=0.115 ret=0.993 shed=0.009 act=0.3754 flq=0.33
# PAIR t=10.0 p=7 d=1.529 pq=1:1 delta=+0.007 x=0.342 ratio=1.0010 dth=+0.008 gg=0.9994 fl=0.017 ret=0.996 shed=0.007 act=0.0888 flq=0.08
# PAIR t=10.0 p=8 d=1.343 pq=1:1 delta=+0.012 x=0.195 ratio=1.0111 dth=+0.004 gg=0.9995 fl=0.281 ret=0.990 shed=0.010 act=0.7520 flq=0.65
# PAIR t=10.0 p=9 d=1.242 pq=1:1 delta=+0.023 x=0.118 ratio=0.9932 dth=-0.019 gg=0.9993 fl=0.735 ret=0.971 shed=0.018 act=1.1168 flq=0.97
# PAIR t=10.0 p=10 d=1.450 pq=1:1 delta=+0.018 x=0.278 ratio=0.9772 dth=-0.058 gg=0.9900 fl=0.307 ret=0.989 shed=0.015 act=1.2571 flq=1.09
# PAIR t=10.0 p=11 d=1.148 pq=1:1 delta=+0.125 x=0.032 ratio=0.9971 dth=-0.082 gg=0.9830 fl=0.486 ret=0.617 shed=0.095 act=0.2763 flq=0.24
# PAIR t=10.0 p=12 d=1.540 pq=1:1 delta=+0.005 x=0.351 ratio=1.0004 dth=+0.001 gg=0.9999 fl=0.000 ret=0.997 shed=0.005 act=0.0000 flq=0.00
# PAIR t=10.0 p=13 d=1.541 pq=1:1 delta=+0.011 x=0.350 ratio=0.9990 dth=-0.011 gg=0.9998 fl=0.004 ret=0.994 shed=0.010 act=0.0239 flq=0.02
# PAIR t=10.0 p=14 d=1.203 pq=1:1 delta=+0.044 x=0.084 ratio=1.0060 dth=-0.021 gg=0.9981 fl=0.257 ret=0.926 shed=0.034 act=0.2849 flq=0.25
# PAIR t=10.0 p=15 d=1.512 pq=1:1 delta=+0.013 x=0.326 ratio=1.0090 dth=+0.021 gg=0.9969 fl=0.172 ret=0.992 shed=0.013 act=0.8595 flq=0.75
# PAIR t=10.0 p=16 d=1.299 pq=1:1 delta=+0.018 x=0.162 ratio=0.9772 dth=-0.029 gg=0.9981 fl=0.476 ret=0.984 shed=0.013 act=1.0276 flq=0.89
# PAIR t=10.0 p=17 d=1.411 pq=1:1 delta=+0.015 x=0.248 ratio=1.0190 dth=-0.006 gg=0.9998 fl=0.024 ret=0.990 shed=0.013 act=0.0862 flq=0.07
# PAIR t=10.0 p=18 d=1.180 pq=1:1 delta=+0.042 x=0.067 ratio=0.9986 dth=-0.021 gg=0.9982 fl=0.502 ret=0.916 shed=0.031 act=0.4393 flq=0.38
# PAIR t=10.0 p=19 d=1.134 pq=1:1 delta=+0.060 x=0.030 ratio=0.9992 dth=-0.031 gg=0.9964 fl=0.662 ret=0.777 shed=0.043 act=0.2900 flq=0.25
# PAIR t=10.0 p=20 d=1.548 pq=1:1 delta=+0.008 x=0.356 ratio=0.9994 dth=-0.007 gg=0.9999 fl=0.001 ret=0.995 shed=0.008 act=0.0048 flq=0.00
# PAIR t=10.0 p=21 d=1.182 pq=1:1 delta=+0.047 x=0.068 ratio=0.9932 dth=-0.026 gg=0.9978 fl=0.452 ret=0.909 shed=0.035 act=0.4075 flq=0.35
# PAIR t=10.0 p=22 d=1.374 pq=1:1 delta=+0.004 x=0.221 ratio=1.0184 dth=+0.001 gg=0.9999 fl=0.185 ret=0.997 shed=0.003 act=0.5704 flq=0.50
# PAIR t=10.0 p=23 d=1.193 pq=1:1 delta=+0.039 x=0.077 ratio=0.9938 dth=-0.022 gg=0.9985 fl=0.492 ret=0.929 shed=0.030 act=0.4935 flq=0.43
# PAIR t=10.0 p=24 d=1.397 pq=1:1 delta=+0.016 x=0.235 ratio=0.9968 dth=-0.010 gg=0.9997 fl=0.133 ret=0.989 shed=0.014 act=0.4486 flq=0.39
# PAIR t=10.0 p=25 d=1.446 pq=1:1 delta=+0.009 x=0.275 ratio=0.9937 dth=-0.016 gg=0.9994 fl=0.410 ret=0.994 shed=0.008 act=1.6500 flq=1.43
# PAIR t=10.0 p=26 d=1.449 pq=1:1 delta=+0.014 x=0.278 ratio=0.9967 dth=-0.020 gg=0.9991 fl=0.231 ret=0.991 shed=0.013 act=0.9411 flq=0.82
# PAIR t=10.0 p=27 d=1.527 pq=1:1 delta=+0.005 x=0.339 ratio=1.0118 dth=+0.023 gg=0.9975 fl=0.114 ret=0.997 shed=0.004 act=0.5949 flq=0.52
# PAIR t=10.0 p=28 d=1.236 pq=1:1 delta=+0.032 x=0.110 ratio=1.0041 dth=-0.017 gg=0.9990 fl=0.095 ret=0.958 shed=0.025 act=0.1379 flq=0.12
# PAIR t=10.0 p=29 d=1.171 pq=1:1 delta=+0.028 x=0.062 ratio=0.9882 dth=-0.018 gg=0.9992 fl=0.528 ret=0.940 shed=0.020 act=0.4151 flq=0.36
# PAIR t=10.0 p=30 d=1.482 pq=1:1 delta=+0.008 x=0.304 ratio=0.9871 dth=-0.043 gg=0.9940 fl=0.220 ret=0.995 shed=0.007 act=1.0010 flq=0.87
# PAIR t=10.0 p=31 d=1.517 pq=1:1 delta=+0.010 x=0.331 ratio=1.0055 dth=+0.007 gg=0.9993 fl=0.131 ret=0.994 shed=0.010 act=0.6630 flq=0.58
# PAIR t=10.0 p=32 d=1.402 pq=1:1 delta=+0.010 x=0.241 ratio=0.9942 dth=-0.007 gg=0.9999 fl=0.027 ret=0.993 shed=0.009 act=0.0924 flq=0.08
# PAIR t=10.0 p=33 d=1.398 pq=1:1 delta=+0.008 x=0.239 ratio=1.0183 dth=-0.005 gg=0.9999 fl=0.085 ret=0.994 shed=0.007 act=0.2873 flq=0.25
# PAIR t=10.0 p=34 d=1.416 pq=1:1 delta=+0.007 x=0.254 ratio=0.9672 dth=-0.005 gg=0.9999 fl=0.015 ret=0.997 shed=0.004 act=0.0557 flq=0.05
# PAIR t=10.0 p=35 d=1.486 pq=1:1 delta=+0.016 x=0.305 ratio=0.9974 dth=-0.018 gg=0.9994 fl=0.266 ret=0.990 shed=0.015 act=1.2211 flq=1.06
# PAIR t=10.0 p=36 d=1.506 pq=1:1 delta=+0.012 x=0.323 ratio=1.0139 dth=+0.060 gg=0.9826 fl=0.061 ret=0.993 shed=0.011 act=0.2991 flq=0.26
# PAIR t=10.0 p=37 d=1.139 pq=1:1 delta=+0.100 x=0.029 ratio=1.0006 dth=-0.056 gg=0.9900 fl=0.548 ret=0.664 shed=0.072 act=0.2680 flq=0.23
# PAIR t=10.0 p=38 d=1.314 pq=1:1 delta=+0.016 x=0.173 ratio=0.9974 dth=-0.005 gg=0.9997 fl=0.427 ret=0.984 shed=0.014 act=0.9945 flq=0.86
# PAIR t=10.0 p=39 d=1.521 pq=1:1 delta=+0.009 x=0.335 ratio=1.0003 dth=-0.001 gg=0.9999 fl=0.003 ret=0.995 shed=0.009 act=0.0150 flq=0.01
# PAIR t=10.0 p=40 d=1.242 pq=1:1 delta=+0.041 x=0.115 ratio=0.9992 dth=-0.021 gg=0.9983 fl=0.751 ret=0.948 shed=0.032 act=1.1360 flq=0.98
# PAIR t=10.0 p=41 d=1.248 pq=1:1 delta=+0.015 x=0.124 ratio=1.0062 dth=-0.002 gg=0.9997 fl=0.744 ret=0.981 shed=0.012 act=1.1783 flq=1.02
# PAIR t=10.0 p=42 d=1.243 pq=1:1 delta=+0.029 x=0.117 ratio=1.0028 dth=-0.020 gg=0.9990 fl=0.779 ret=0.961 shed=0.024 act=1.1863 flq=1.03
# PAIR t=10.0 p=43 d=1.503 pq=1:1 delta=+0.009 x=0.321 ratio=0.9978 dth=-0.025 gg=0.9982 fl=0.016 ret=0.994 shed=0.009 act=0.0758 flq=0.07
# PAIR t=10.0 p=44 d=1.281 pq=1:1 delta=+0.009 x=0.150 ratio=1.0021 dth=-0.000 gg=0.9998 fl=0.596 ret=0.990 shed=0.007 act=1.1634 flq=1.01
# PAIR t=10.0 p=45 d=1.320 pq=1:1 delta=+0.019 x=0.177 ratio=1.0048 dth=-0.004 gg=0.9995 fl=0.459 ret=0.982 shed=0.016 act=1.1035 flq=0.96
# PAIR t=10.0 p=46 d=1.377 pq=1:1 delta=+0.016 x=0.221 ratio=0.9985 dth=-0.011 gg=0.9997 fl=0.165 ret=0.988 shed=0.014 act=0.5121 flq=0.44
# PAIR t=10.0 p=47 d=1.518 pq=1:1 delta=+0.012 x=0.331 ratio=1.0036 dth=+0.008 gg=0.9991 fl=0.116 ret=0.993 shed=0.011 act=0.5899 flq=0.51
# PAIR t=10.0 p=48 d=1.517 pq=1:1 delta=+0.013 x=0.330 ratio=0.9959 dth=-0.018 gg=0.9993 fl=0.179 ret=0.993 shed=0.012 act=0.9041 flq=0.78
# PAIR t=10.0 p=49 d=1.174 pq=1:1 delta=+0.019 x=0.066 ratio=1.0009 dth=-0.010 gg=0.9996 fl=0.600 ret=0.958 shed=0.015 act=0.4931 flq=0.43
# PAIR t=10.0 p=50 d=1.250 pq=1:1 delta=+0.027 x=0.124 ratio=1.0053 dth=-0.008 gg=0.9992 fl=0.686 ret=0.968 shed=0.021 act=1.1011 flq=0.95
# PAIR t=10.0 p=51 d=1.401 pq=1:1 delta=+0.016 x=0.240 ratio=1.0084 dth=-0.005 gg=0.9997 fl=0.021 ret=0.988 shed=0.014 act=0.0733 flq=0.06
# PAIR t=10.0 p=52 d=1.187 pq=1:1 delta=+0.067 x=0.069 ratio=0.9992 dth=-0.044 gg=0.9952 fl=0.362 ret=0.867 shed=0.053 act=0.3440 flq=0.30
# PAIR t=10.0 p=53 d=1.228 pq=1:1 delta=+0.032 x=0.104 ratio=1.0022 dth=-0.014 gg=0.9990 fl=0.098 ret=0.955 shed=0.025 act=0.1343 flq=0.12
# PAIR t=10.0 p=54 d=1.208 pq=1:1 delta=+0.027 x=0.090 ratio=1.0001 dth=-0.012 gg=0.9993 fl=0.250 ret=0.955 shed=0.021 act=0.2887 flq=0.25
# PAIR t=10.0 p=55 d=1.518 pq=1:1 delta=+0.006 x=0.333 ratio=1.0013 dth=+0.020 gg=0.9979 fl=0.079 ret=0.996 shed=0.006 act=0.4034 flq=0.35
# PAIR t=10.0 p=56 d=1.464 pq=1:1 delta=+0.013 x=0.289 ratio=1.0171 dth=+0.032 gg=0.9940 fl=0.264 ret=0.992 shed=0.012 act=1.1340 flq=0.98
# PAIR t=10.0 p=57 d=1.162 pq=1:1 delta=+0.068 x=0.051 ratio=0.9941 dth=-0.051 gg=0.9942 fl=0.540 ret=0.826 shed=0.053 act=0.3818 flq=0.33
# PAIR t=10.0 p=58 d=1.192 pq=1:1 delta=+0.067 x=0.073 ratio=0.9967 dth=-0.036 gg=0.9955 fl=0.417 ret=0.883 shed=0.049 act=0.4156 flq=0.36
# PAIR t=10.0 p=59 d=1.445 pq=1:1 delta=+0.008 x=0.275 ratio=0.9930 dth=-0.011 gg=0.9997 fl=0.332 ret=0.995 shed=0.007 act=1.3352 flq=1.16
20.000	18598.8182	49.2224332	740.783687	13.5050177	19402.3292966	6.375e-15	110768	14.844	15.053	15.404	0.058	25.8044	0.8520	4.6133	0.8499	1.0025	1.64989	1.64801	15.0139	15.0537	14.9574	-0.028242	0.015318	0.0040836	10.802	-9.8237	5.1288
# CONV t=20.00 cond=0 evap=0 rough=0 back_s=0
# LEDGER t=20.000 mode=3 sum_err=0 max|E-iEu|=5.000e-13 run_max_diff=1.500e-12 run_max_sum_err=0 steps=1000 E0_int=19402329296608804 sum=19402329296608804
# PAIR t=20.0 p=0 d=1.321 pq=1:1 delta=+0.031 x=0.177 ratio=1.0070 dth=-0.008 gg=0.9988 fl=0.669 ret=0.972 shed=0.025 act=1.6168 flq=1.40
# PAIR t=20.0 p=1 d=1.547 pq=1:1 delta=+0.020 x=0.352 ratio=1.0007 dth=-0.003 gg=0.9994 fl=0.114 ret=0.989 shed=0.020 act=0.6308 flq=0.55
# PAIR t=20.0 p=2 d=1.370 pq=1:1 delta=+0.022 x=0.215 ratio=1.0016 dth=-0.011 gg=0.9995 fl=0.392 ret=0.983 shed=0.019 act=1.1825 flq=1.02
# PAIR t=20.0 p=3 d=1.525 pq=1:1 delta=+0.023 x=0.335 ratio=1.0193 dth=+0.591 gg=0.2283 fl=0.001 ret=0.987 shed=0.021 act=0.0055 flq=0.00
# PAIR t=20.0 p=4 d=1.149 pq=1:1 delta=+0.237 x=0.018 ratio=1.0002 dth=-0.117 gg=0.9453 fl=0.152 ret=0.326 shed=0.170 act=0.0882 flq=0.07
# PAIR t=20.0 p=5 d=1.291 pq=1:1 delta=+0.037 x=0.152 ratio=1.0067 dth=-0.015 gg=0.9986 fl=0.344 ret=0.963 shed=0.030 act=0.7117 flq=0.62
# PAIR t=20.0 p=6 d=1.390 pq=1:1 delta=+0.021 x=0.230 ratio=0.9933 dth=-0.015 gg=0.9995 fl=0.212 ret=0.985 shed=0.018 act=0.6957 flq=0.60
# PAIR t=20.0 p=7 d=1.529 pq=1:1 delta=+0.015 x=0.340 ratio=1.0002 dth=+0.013 gg=0.9980 fl=0.007 ret=0.992 shed=0.015 act=0.0367 flq=0.03
# PAIR t=20.0 p=8 d=1.343 pq=1:1 delta=+0.028 x=0.193 ratio=0.9928 dth=-0.017 gg=0.9992 fl=0.490 ret=0.977 shed=0.023 act=1.3121 flq=1.14
# PAIR t=20.0 p=9 d=1.242 pq=1:1 delta=+0.051 x=0.114 ratio=0.9895 dth=-0.034 gg=0.9971 fl=0.669 ret=0.935 shed=0.040 act=1.0174 flq=0.88
# PAIR t=20.0 p=10 d=1.450 pq=1:1 delta=+0.035 x=0.275 ratio=0.9912 dth=-0.042 gg=0.9965 fl=0.301 ret=0.978 shed=0.031 act=1.2332 flq=1.07
# PAIR t=20.0 p=11 d=1.148 pq=1:1 delta=+0.345 x=0.003 ratio=1.0009 dth=-0.241 gg=0.8709 fl=0.023 ret=0.032 shed=0.239 act=0.0130 flq=0.01
# PAIR t=20.0 p=12 d=1.540 pq=1:1 delta=+0.009 x=0.350 ratio=1.0010 dth=+0.013 gg=0.9987 fl=0.000 ret=0.995 shed=0.009 act=0.0000 flq=0.00
# PAIR t=20.0 p=13 d=1.541 pq=1:1 delta=+0.024 x=0.348 ratio=0.9968 dth=-0.058 gg=0.9908 fl=0.004 ret=0.987 shed=0.023 act=0.0239 flq=0.02
# PAIR t=20.0 p=14 d=1.203 pq=1:1 delta=+0.077 x=0.080 ratio=0.9961 dth=-0.038 gg=0.9941 fl=0.428 ret=0.876 shed=0.057 act=0.4746 flq=0.41
# PAIR t=20.0 p=15 d=1.512 pq=1:1 delta=+0.027 x=0.324 ratio=0.9935 dth=-0.013 gg=0.9992 fl=0.046 ret=0.984 shed=0.026 act=0.2285 flq=0.20
# PAIR t=20.0 p=16 d=1.299 pq=1:1 delta=+0.035 x=0.159 ratio=0.9883 dth=-0.028 gg=0.9983 fl=0.336 ret=0.966 shed=0.028 act=0.7267 flq=0.63
# PAIR t=20.0 p=17 d=1.411 pq=1:1 delta=+0.031 x=0.246 ratio=1.0323 dth=-0.000 gg=0.9980 fl=0.034 ret=0.979 shed=0.026 act=0.1208 flq=0.10
# PAIR t=20.0 p=18 d=1.180 pq=1:1 delta=+0.076 x=0.063 ratio=1.0107 dth=-0.036 gg=0.9942 fl=0.643 ret=0.845 shed=0.057 act=0.5634 flq=0.48
# PAIR t=20.0 p=19 d=1.134 pq=1:1 delta=+0.096 x=0.025 ratio=1.0015 dth=-0.048 gg=0.9908 fl=0.475 ret=0.649 shed=0.068 act=0.2080 flq=0.18
# PAIR t=20.0 p=20 d=1.548 pq=1:1 delta=+0.017 x=0.354 ratio=0.9994 dth=-0.023 gg=0.9989 fl=0.001 ret=0.991 shed=0.016 act=0.0048 flq=0.00
# PAIR t=20.0 p=21 d=1.182 pq=1:1 delta=+0.065 x=0.066 ratio=0.9982 dth=-0.034 gg=0.9958 fl=0.662 ret=0.877 shed=0.047 act=0.5969 flq=0.51
# PAIR t=20.0 p=22 d=1.374 pq=1:1 delta=+0.008 x=0.221 ratio=1.0173 dth=+0.014 gg=0.9986 fl=0.342 ret=0.994 shed=0.007 act=1.0515 flq=0.91
# PAIR t=20.0 p=23 d=1.193 pq=1:1 delta=+0.105 x=0.068 ratio=1.0084 dth=-0.047 gg=0.9889 fl=0.627 ret=0.813 shed=0.079 act=0.6293 flq=0.54
# PAIR t=20.0 p=24 d=1.397 pq=1:1 delta=+0.034 x=0.234 ratio=1.0324 dth=+0.020 gg=0.9933 fl=0.164 ret=0.977 shed=0.028 act=0.5514 flq=0.48
# PAIR t=20.0 p=25 d=1.446 pq=1:1 delta=+0.017 x=0.274 ratio=1.0089 dth=-0.002 gg=0.9996 fl=0.326 ret=0.989 shed=0.015 act=1.3122 flq=1.14
# PAIR t=20.0 p=26 d=1.449 pq=1:1 delta=+0.029 x=0.275 ratio=0.9860 dth=-0.053 gg=0.9932 fl=0.170 ret=0.982 shed=0.026 act=0.6944 flq=0.60
# PAIR t=20.0 p=27 d=1.527 pq=1:1 delta=+0.011 x=0.338 ratio=1.0085 dth=+0.031 gg=0.9947 fl=0.211 ret=0.994 shed=0.010 act=1.0983 flq=0.95
# PAIR t=20.0 p=28 d=1.236 pq=1:1 delta=+0.046 x=0.109 ratio=0.9981 dth=-0.023 gg=0.9979 fl=0.178 ret=0.940 shed=0.035 act=0.2587 flq=0.22
# PAIR t=20.0 p=29 d=1.171 pq=1:1 delta=+0.045 x=0.060 ratio=0.9919 dth=-0.028 gg=0.9978 fl=0.748 ret=0.898 shed=0.034 act=0.5883 flq=0.51
# PAIR t=20.0 p=30 d=1.482 pq=1:1 delta=+0.017 x=0.302 ratio=0.9780 dth=-0.054 gg=0.9913 fl=0.092 ret=0.991 shed=0.014 act=0.4190 flq=0.36
# PAIR t=20.0 p=31 d=1.517 pq=1:1 delta=+0.021 x=0.329 ratio=0.9981 dth=-0.012 gg=0.9995 fl=0.033 ret=0.988 shed=0.020 act=0.1686 flq=0.15
# PAIR t=20.0 p=32 d=1.402 pq=1:1 delta=+0.022 x=0.239 ratio=0.9966 dth=-0.018 gg=0.9993 fl=0.050 ret=0.984 shed=0.019 act=0.1733 flq=0.15
# PAIR t=20.0 p=33 d=1.398 pq=1:1 delta=+0.017 x=0.237 ratio=0.9965 dth=-0.009 gg=0.9997 fl=0.193 ret=0.988 shed=0.014 act=0.6530 flq=0.57
# PAIR t=20.0 p=34 d=1.416 pq=1:1 delta=+0.010 x=0.252 ratio=0.9847 dth=-0.017 gg=0.9993 fl=0.043 ret=0.993 shed=0.009 act=0.1559 flq=0.14
# PAIR t=20.0 p=35 d=1.486 pq=1:1 delta=+0.034 x=0.302 ratio=1.0079 dth=-0.001 gg=0.9978 fl=0.139 ret=0.980 shed=0.031 act=0.6402 flq=0.55
# PAIR t=20.0 p=36 d=1.506 pq=1:1 delta=+0.025 x=0.320 ratio=1.0135 dth=+0.089 gg=0.9589 fl=0.018 ret=0.986 shed=0.023 act=0.0869 flq=0.08
# PAIR t=20.0 p=37 d=1.139 pq=1:1 delta=+0.226 x=0.012 ratio=1.0016 dth=-0.187 gg=0.9293 fl=0.185 ret=0.266 shed=0.158 act=0.0906 flq=0.08
# PAIR t=20.0 p=38 d=1.314 pq=1:1 delta=+0.035 x=0.170 ratio=0.9916 dth=-0.022 gg=0.9987 fl=0.119 ret=0.968 shed=0.028 act=0.2762 flq=0.24
# PAIR t=20.0 p=39 d=1.521 pq=1:1 delta=+0.022 x=0.333 ratio=1.0006 dth=+0.002 gg=0.9989 fl=0.003 ret=0.988 shed=0.021 act=0.0150 flq=0.01
# PAIR t=20.0 p=40 d=1.242 pq=1:1 delta=+0.059 x=0.112 ratio=0.9968 dth=-0.033 gg=0.9965 fl=0.708 ret=0.925 shed=0.046 act=1.0705 flq=0.92
# PAIR t=20.0 p=41 d=1.248 pq=1:1 delta=+0.066 x=0.116 ratio=0.9903 dth=-0.040 gg=0.9954 fl=0.667 ret=0.920 shed=0.051 act=1.0575 flq=0.91
# PAIR t=20.0 p=42 d=1.243 pq=1:1 delta=+0.046 x=0.115 ratio=0.9895 dth=-0.035 gg=0.9973 fl=0.705 ret=0.943 shed=0.035 act=1.0741 flq=0.93
# PAIR t=20.0 p=43 d=1.503 pq=1:1 delta=+0.023 x=0.318 ratio=0.9966 dth=-0.090 gg=0.9753 fl=0.002 ret=0.987 shed=0.021 act=0.0116 flq=0.01
# PAIR t=20.0 p=44 d=1.281 pq=1:1 delta=+0.028 x=0.146 ratio=0.9915 dth=-0.020 gg=0.9991 fl=0.366 ret=0.971 shed=0.022 act=0.7156 flq=0.62
# PAIR t=20.0 p=45 d=1.320 pq=1:1 delta=+0.040 x=0.173 ratio=1.0107 dth=-0.016 gg=0.9983 fl=0.133 ret=0.964 shed=0.033 act=0.3202 flq=0.28
# PAIR t=20.0 p=46 d=1.377 pq=1:1 delta=+0.033 x=0.219 ratio=0.9958 dth=-0.016 gg=0.9989 fl=0.293 ret=0.976 shed=0.028 act=0.9118 flq=0.79
# PAIR t=20.0 p=47 d=1.518 pq=1:1 delta=+0.025 x=0.329 ratio=0.9982 dth=-0.030 gg=0.9981 fl=0.028 ret=0.986 shed=0.024 act=0.1444 flq=0.13
# PAIR t=20.0 p=48 d=1.517 pq=1:1 delta=+0.027 x=0.327 ratio=1.0094 dth=-0.007 gg=0.9991 fl=0.045 ret=0.984 shed=0.026 act=0.2274 flq=0.20
# PAIR t=20.0 p=49 d=1.174 pq=1:1 delta=+0.065 x=0.060 ratio=0.9986 dth=-0.032 gg=0.9958 fl=0.753 ret=0.865 shed=0.047 act=0.6186 flq=0.53
# PAIR t=20.0 p=50 d=1.250 pq=1:1 delta=+0.046 x=0.121 ratio=1.0090 dth=-0.017 gg=0.9977 fl=0.622 ret=0.944 shed=0.036 act=0.9989 flq=0.86
# PAIR t=20.0 p=51 d=1.401 pq=1:1 delta=+0.034 x=0.237 ratio=1.0156 dth=-0.011 gg=0.9987 fl=0.037 ret=0.976 shed=0.029 act=0.1268 flq=0.11
# PAIR t=20.0 p=52 d=1.187 pq=1:1 delta=+0.253 x=0.045 ratio=0.9467 dth=-1.020 gg=0.0339 fl=0.034 ret=0.461 shed=0.216 act=0.0327 flq=0.03
# PAIR t=20.0 p=53 d=1.228 pq=1:1 delta=+0.052 x=0.102 ratio=1.0189 dth=-0.028 gg=0.9973 fl=0.151 ret=0.931 shed=0.038 act=0.2057 flq=0.18
# PAIR t=20.0 p=54 d=1.208 pq=1:1 delta=+0.066 x=0.085 ratio=0.9790 dth=-0.046 gg=0.9950 fl=0.327 ret=0.898 shed=0.049 act=0.3769 flq=0.32
# PAIR t=20.0 p=55 d=1.518 pq=1:1 delta=+0.013 x=0.332 ratio=0.9936 dth=-0.059 gg=0.9890 fl=0.014 ret=0.992 shed=0.013 act=0.0715 flq=0.06
# PAIR t=20.0 p=56 d=1.464 pq=1:1 delta=+0.028 x=0.287 ratio=1.0227 dth=+0.030 gg=0.9914 fl=0.165 ret=0.983 shed=0.025 act=0.7080 flq=0.61
# PAIR t=20.0 p=57 d=1.162 pq=1:1 delta=+0.194 x=0.034 ratio=1.0018 dth=-0.157 gg=0.9491 fl=0.461 ret=0.515 shed=0.148 act=0.3260 flq=0.27
# PAIR t=20.0 p=58 d=1.192 pq=1:1 delta=+0.110 x=0.067 ratio=0.9994 dth=-0.054 gg=0.9879 fl=0.578 ret=0.808 shed=0.080 act=0.5767 flq=0.49
# PAIR t=20.0 p=59 d=1.445 pq=1:1 delta=+0.018 x=0.274 ratio=0.9788 dth=-0.063 gg=0.9882 fl=0.216 ret=0.989 shed=0.016 act=0.8695 flq=0.75
30.000	18598.8182	49.5948561	740.783687	13.1325948	19402.3292966	5.250e-15	110779	14.828	14.856	15.224	0.059	25.5256	0.8522	4.4413	0.8499	1.0026	1.64980	1.64800	15.0334	15.0370	14.9751	-0.0469	-0.0045551	-0.019276	24.546	12.636	23.877
# CONV t=30.00 cond=0 evap=0 rough=0 back_s=0
# LEDGER t=30.000 mode=3 sum_err=0 max|E-iEu|=5.000e-13 run_max_diff=1.500e-12 run_max_sum_err=0 steps=1500 E0_int=19402329296608804 sum=19402329296608804
# PAIR t=30.0 p=0 d=1.321 pq=1:1 delta=+0.048 x=0.173 ratio=1.0087 dth=-0.020 gg=0.9976 fl=0.350 ret=0.958 shed=0.039 act=0.8451 flq=0.73
# PAIR t=30.0 p=1 d=1.547 pq=1:1 delta=+0.031 x=0.350 ratio=0.9987 dth=-0.022 gg=0.9989 fl=0.031 ret=0.984 shed=0.029 act=0.1697 flq=0.15
# PAIR t=30.0 p=2 d=1.370 pq=1:1 delta=+0.034 x=0.213 ratio=1.0140 dth=-0.004 gg=0.9981 fl=0.493 ret=0.974 shed=0.029 act=1.4882 flq=1.29
# PAIR t=30.0 p=3 d=1.525 pq=1:1 delta=+0.037 x=0.333 ratio=1.0209 dth=+0.970 gg=0.0169 fl=0.000 ret=0.980 shed=0.034 act=0.0003 flq=0.00
# PAIR t=30.0 p=4 d=1.149 pq=1:1 delta=+0.339 x=0.005 ratio=1.0003 dth=-0.026 gg=0.8202 fl=0.101 ret=0.101 shed=0.227 act=0.0589 flq=0.05
# PAIR t=30.0 p=5 d=1.291 pq=1:1 delta=+0.051 x=0.150 ratio=1.0033 dth=-0.025 gg=0.9974 fl=0.081 ret=0.950 shed=0.040 act=0.1666 flq=0.14
# PAIR t=30.0 p=6 d=1.390 pq=1:1 delta=+0.031 x=0.228 ratio=1.0125 dth=-0.007 gg=0.9987 fl=0.279 ret=0.977 shed=0.027 act=0.9144 flq=0.79
# PAIR t=30.0 p=7 d=1.529 pq=1:1 delta=+0.027 x=0.338 ratio=0.9997 dth=+0.008 gg=0.9975 fl=0.007 ret=0.985 shed=0.025 act=0.0367 flq=0.03
# PAIR t=30.0 p=8 d=1.343 pq=1:1 delta=+0.045 x=0.189 ratio=1.0029 dth=-0.021 gg=0.9979 fl=0.055 ret=0.963 shed=0.037 act=0.1472 flq=0.13
# PAIR t=30.0 p=9 d=1.242 pq=1:1 delta=+0.079 x=0.110 ratio=1.0072 dth=-0.033 gg=0.9935 fl=0.645 ret=0.900 shed=0.061 act=0.9802 flq=0.84
# PAIR t=30.0 p=10 d=1.450 pq=1:1 delta=+0.054 x=0.271 ratio=1.0107 dth=-0.012 gg=0.9962 fl=0.241 ret=0.966 shed=0.048 act=0.9856 flq=0.85
# PAIR t=30.0 p=11 d=1.148 pq=1:1 delta=+0.367 x=0.001 ratio=1.0000 dth=-0.350 gg=0.7810 fl=0.009 ret=0.009 shed=0.245 act=0.0052 flq=0.00
# PAIR t=30.0 p=12 d=1.540 pq=1:1 delta=+0.014 x=0.349 ratio=1.0018 dth=+0.037 gg=0.9919 fl=0.000 ret=0.992 shed=0.014 act=0.0000 flq=0.00
# PAIR t=30.0 p=13 d=1.541 pq=1:1 delta=+0.036 x=0.346 ratio=0.9948 dth=-0.148 gg=0.9336 fl=0.004 ret=0.981 shed=0.034 act=0.0239 flq=0.02
# PAIR t=30.0 p=14 d=1.203 pq=1:1 delta=+0.117 x=0.074 ratio=0.9956 dth=-0.059 gg=0.9865 fl=0.515 ret=0.812 shed=0.087 act=0.5716 flq=0.49
# PAIR t=30.0 p=15 d=1.512 pq=1:1 delta=+0.042 x=0.321 ratio=0.9917 dth=-0.041 gg=0.9967 fl=0.197 ret=0.977 shed=0.039 act=0.9836 flq=0.85
# PAIR t=30.0 p=16 d=1.299 pq=1:1 delta=+0.049 x=0.156 ratio=1.0015 dth=-0.025 gg=0.9976 fl=0.082 ret=0.953 shed=0.039 act=0.1767 flq=0.15
# PAIR t=30.0 p=17 d=1.411 pq=1:1 delta=+0.046 x=0.242 ratio=1.0119 dth=-0.013 gg=0.9975 fl=0.076 ret=0.969 shed=0.039 act=0.2718 flq=0.23
# PAIR t=30.0 p=18 d=1.180 pq=1:1 delta=+0.110 x=0.058 ratio=0.9918 dth=-0.059 gg=0.9880 fl=0.382 ret=0.782 shed=0.081 act=0.3346 flq=0.29
# PAIR t=30.0 p=19 d=1.134 pq=1:1 delta=+0.132 x=0.020 ratio=0.9995 dth=-0.066 gg=0.9828 fl=0.282 ret=0.525 shed=0.092 act=0.1237 flq=0.11
# PAIR t=30.0 p=20 d=1.548 pq=1:1 delta=+0.025 x=0.353 ratio=0.9986 dth=-0.047 gg=0.9946 fl=0.001 ret=0.987 shed=0.024 act=0.0048 flq=0.00
# PAIR t=30.0 p=21 d=1.182 pq=1:1 delta=+0.106 x=0.113 ratio=1.0087 dth=-0.061 gg=0.9886 fl=0.000 ret=0.798 shed=0.077 act=0.0000 flq=0.00
# PAIR t=30.0 p=22 d=1.374 pq=1:1 delta=+0.012 x=0.220 ratio=1.0051 dth=-0.004 gg=0.9998 fl=0.518 ret=0.991 shed=0.010 act=1.5939 flq=1.38
# PAIR t=30.0 p=23 d=1.193 pq=1:1 delta=+0.169 x=0.114 ratio=1.0006 dth=-0.082 gg=0.9717 fl=0.000 ret=0.712 shed=0.121 act=0.0000 flq=0.00
# PAIR t=30.0 p=24 d=1.397 pq=1:1 delta=+0.055 x=0.232 ratio=1.0566 dth=+0.061 gg=0.9661 fl=0.137 ret=0.964 shed=0.043 act=0.4614 flq=0.40
# PAIR t=30.0 p=25 d=1.446 pq=1:1 delta=+0.024 x=0.273 ratio=0.9900 dth=-0.024 gg=0.9989 fl=0.263 ret=0.985 shed=0.022 act=1.0574 flq=0.92
# PAIR t=30.0 p=26 d=1.449 pq=1:1 delta=+0.045 x=0.272 ratio=0.9951 dth=-0.038 gg=0.9971 fl=0.159 ret=0.971 shed=0.040 act=0.6489 flq=0.56
# PAIR t=30.0 p=27 d=1.527 pq=1:1 delta=+0.015 x=0.337 ratio=1.0036 dth=+0.008 gg=0.9988 fl=0.110 ret=0.992 shed=0.014 act=0.5744 flq=0.50
# PAIR t=30.0 p=28 d=1.236 pq=1:1 delta=+0.081 x=0.104 ratio=1.0040 dth=-0.040 gg=0.9935 fl=0.244 ret=0.897 shed=0.061 act=0.3560 flq=0.31
# PAIR t=30.0 p=29 d=1.171 pq=1:1 delta=+0.128 x=0.048 ratio=1.0044 dth=-0.052 gg=0.9832 fl=0.398 ret=0.688 shed=0.105 act=0.3131 flq=0.27
# PAIR t=30.0 p=30 d=1.482 pq=1:1 delta=+0.026 x=0.355 ratio=0.9631 dth=-0.126 gg=0.9495 fl=0.000 ret=0.986 shed=0.022 act=0.0000 flq=0.00
# PAIR t=30.0 p=31 d=1.517 pq=1:1 delta=+0.032 x=0.327 ratio=0.9892 dth=-0.041 gg=0.9966 fl=0.135 ret=0.982 shed=0.030 act=0.6857 flq=0.59
# PAIR t=30.0 p=32 d=1.402 pq=1:1 delta=+0.035 x=0.237 ratio=1.0063 dth=-0.020 gg=0.9988 fl=0.075 ret=0.976 shed=0.030 act=0.2560 flq=0.22
# PAIR t=30.0 p=33 d=1.398 pq=1:1 delta=+0.025 x=0.236 ratio=1.0163 dth=-0.003 gg=0.9990 fl=0.246 ret=0.982 shed=0.021 act=0.8349 flq=0.72
# PAIR t=30.0 p=34 d=1.416 pq=1:1 delta=+0.016 x=0.252 ratio=0.9765 dth=-0.020 gg=0.9992 fl=0.053 ret=0.990 shed=0.013 act=0.1929 flq=0.17
# PAIR t=30.0 p=35 d=1.486 pq=1:1 delta=+0.054 x=0.394 ratio=1.0220 dth=-0.012 gg=0.9963 fl=0.000 ret=0.969 shed=0.049 act=0.0000 flq=0.00
# PAIR t=30.0 p=36 d=1.506 pq=1:1 delta=+0.036 x=0.318 ratio=1.0100 dth=+0.071 gg=0.9675 fl=0.068 ret=0.979 shed=0.033 act=0.3313 flq=0.29
# PAIR t=30.0 p=37 d=1.139 pq=1:1 delta=+0.310 x=0.002 ratio=1.0003 dth=-0.115 gg=0.9026 fl=0.023 ret=0.033 shed=0.208 act=0.0113 flq=0.01
# PAIR t=30.0 p=38 d=1.314 pq=1:1 delta=+0.052 x=0.168 ratio=0.9924 dth=-0.037 gg=0.9968 fl=0.481 ret=0.952 shed=0.042 act=1.1199 flq=0.97
# PAIR t=30.0 p=39 d=1.521 pq=1:1 delta=+0.036 x=0.330 ratio=1.0003 dth=+0.005 gg=0.9966 fl=0.003 ret=0.980 shed=0.034 act=0.0150 flq=0.01
# PAIR t=30.0 p=40 d=1.242 pq=1:1 delta=+0.099 x=0.106 ratio=0.9923 dth=-0.053 gg=0.9902 fl=0.642 ret=0.877 shed=0.075 act=0.9716 flq=0.83
# PAIR t=30.0 p=41 d=1.248 pq=1:1 delta=+0.087 x=0.113 ratio=1.0061 dth=-0.042 gg=0.9925 fl=0.625 ret=0.895 shed=0.067 act=0.9896 flq=0.85
# PAIR t=30.0 p=42 d=1.243 pq=1:1 delta=+0.080 x=0.110 ratio=0.9990 dth=-0.040 gg=0.9937 fl=0.678 ret=0.902 shed=0.060 act=1.0335 flq=0.89
# PAIR t=30.0 p=43 d=1.503 pq=1:1 delta=+0.039 x=0.316 ratio=0.9948 dth=-0.182 gg=0.8985 fl=0.000 ret=0.978 shed=0.036 act=0.0000 flq=0.00
# PAIR t=30.0 p=44 d=1.281 pq=1:1 delta=+0.048 x=0.142 ratio=0.9894 dth=-0.024 gg=0.9977 fl=0.084 ret=0.950 shed=0.038 act=0.1635 flq=0.14
# PAIR t=30.0 p=45 d=1.320 pq=1:1 delta=+0.058 x=0.171 ratio=0.9877 dth=-0.041 gg=0.9960 fl=0.501 ret=0.948 shed=0.047 act=1.2027 flq=1.04
# PAIR t=30.0 p=46 d=1.377 pq=1:1 delta=+0.050 x=0.216 ratio=0.9827 dth=-0.056 gg=0.9938 fl=0.346 ret=0.963 shed=0.042 act=1.0761 flq=0.93
# PAIR t=30.0 p=47 d=1.518 pq=1:1 delta=+0.039 x=0.326 ratio=0.9995 dth=-0.023 gg=0.9984 fl=0.128 ret=0.978 shed=0.037 act=0.6504 flq=0.56
# PAIR t=30.0 p=48 d=1.517 pq=1:1 delta=+0.042 x=0.324 ratio=1.0025 dth=-0.007 gg=0.9974 fl=0.207 ret=0.976 shed=0.039 act=1.0475 flq=0.90
# PAIR t=30.0 p=49 d=1.174 pq=1:1 delta=+0.099 x=0.055 ratio=1.0098 dth=-0.050 gg=0.9902 fl=0.430 ret=0.796 shed=0.071 act=0.3538 flq=0.30
# PAIR t=30.0 p=50 d=1.250 pq=1:1 delta=+0.071 x=0.117 ratio=0.9949 dth=-0.039 gg=0.9949 fl=0.579 ret=0.915 shed=0.055 act=0.9294 flq=0.80
# PAIR t=30.0 p=51 d=1.401 pq=1:1 delta=+0.052 x=0.234 ratio=0.9988 dth=-0.026 gg=0.9973 fl=0.062 ret=0.963 shed=0.045 act=0.2128 flq=0.18
# PAIR t=30.0 p=52 d=1.187 pq=1:1 delta=+0.349 x=0.033 ratio=0.9429 dth=+1.012 gg=0.0021 fl=0.001 ret=0.385 shed=0.246 act=0.0008 flq=0.00
# PAIR t=30.0 p=53 d=1.228 pq=1:1 delta=+0.088 x=0.097 ratio=1.0222 dth=-0.041 gg=0.9922 fl=0.193 ret=0.882 shed=0.065 act=0.2629 flq=0.23
# PAIR t=30.0 p=54 d=1.208 pq=1:1 delta=+0.091 x=0.082 ratio=0.9802 dth=-0.057 gg=0.9912 fl=0.439 ret=0.860 shed=0.067 act=0.5061 flq=0.43
# PAIR t=30.0 p=55 d=1.518 pq=1:1 delta=+0.020 x=0.331 ratio=0.9932 dth=-0.066 gg=0.9872 fl=0.071 ret=0.989 shed=0.019 act=0.3614 flq=0.31
# PAIR t=30.0 p=56 d=1.464 pq=1:1 delta=+0.044 x=0.284 ratio=1.0132 dth=-0.004 gg=0.9969 fl=0.102 ret=0.973 shed=0.039 act=0.4366 flq=0.38
# PAIR t=30.0 p=57 d=1.162 pq=1:1 delta=+0.318 x=0.018 ratio=1.0078 dth=-0.179 gg=0.9023 fl=0.130 ret=0.202 shed=0.243 act=0.0922 flq=0.08
# PAIR t=30.0 p=58 d=1.192 pq=1:1 delta=+0.177 x=0.107 ratio=0.9907 dth=-0.090 gg=0.9691 fl=0.000 ret=0.694 shed=0.128 act=0.0000 flq=0.00
# PAIR t=30.0 p=59 d=1.445 pq=1:1 delta=+0.027 x=0.272 ratio=0.9965 dth=-0.023 gg=0.9989 fl=0.216 ret=0.982 shed=0.025 act=0.8678 flq=0.75
40.000	18598.8182	46.8546051	740.783687	15.8728458	19402.3292966	5.625e-15	110806	14.813	14.845	15.604	0.060	25.6235	0.8520	3.5498	0.8499	1.0024	1.64971	1.64799	15.0587	15.0344	15.0190	0.003418	-0.0066206	0.01873	14.246	-10.015	-4.7381
# CONV t=40.00 cond=0 evap=0 rough=0 back_s=0
# LEDGER t=40.000 mode=3 sum_err=0 max|E-iEu|=5.000e-13 run_max_diff=1.500e-12 run_max_sum_err=0 steps=2000 E0_int=19402329296608804 sum=19402329296608804
# PAIR t=40.0 p=0 d=1.321 pq=1:1 delta=+0.066 x=0.171 ratio=0.9964 dth=-0.038 gg=0.9955 fl=0.637 ret=0.941 shed=0.054 act=1.5384 flq=1.32
# PAIR t=40.0 p=1 d=1.547 pq=1:1 delta=+0.040 x=0.348 ratio=0.9959 dth=-0.034 gg=0.9976 fl=0.090 ret=0.979 shed=0.038 act=0.4940 flq=0.43
# PAIR t=40.0 p=2 d=1.370 pq=1:1 delta=+0.047 x=0.211 ratio=1.0231 dth=+0.016 gg=0.9915 fl=0.519 ret=0.965 shed=0.039 act=1.5660 flq=1.35
# PAIR t=40.0 p=3 d=1.525 pq=1:1 delta=+0.053 x=0.330 ratio=1.0236 dth=+1.395 gg=0.0001 fl=0.000 ret=0.971 shed=0.049 act=0.0006 flq=0.00
# PAIR t=40.0 p=4 d=1.149 pq=1:1 delta=+0.362 x=0.002 ratio=1.0006 dth=-0.162 gg=0.8757 fl=0.038 ret=0.038 shed=0.243 act=0.0222 flq=0.02
# PAIR t=40.0 p=5 d=1.291 pq=1:1 delta=+0.072 x=0.148 ratio=1.0000 dth=-0.035 gg=0.9948 fl=0.561 ret=0.929 shed=0.057 act=1.1612 flq=1.00
# PAIR t=40.0 p=6 d=1.390 pq=1:1 delta=+0.041 x=0.227 ratio=0.9972 dth=-0.025 gg=0.9982 fl=0.381 ret=0.970 shed=0.035 act=1.2492 flq=1.08
# PAIR t=40.0 p=7 d=1.529 pq=1:1 delta=+0.036 x=0.336 ratio=1.0005 dth=+0.001 gg=0.9972 fl=0.007 ret=0.980 shed=0.034 act=0.0367 flq=0.03
# PAIR t=40.0 p=8 d=1.343 pq=1:1 delta=+0.062 x=0.187 ratio=0.9941 dth=-0.037 gg=0.9960 fl=0.323 ret=0.949 shed=0.051 act=0.8634 flq=0.74
# PAIR t=40.0 p=9 d=1.242 pq=1:1 delta=+0.103 x=0.106 ratio=1.0068 dth=-0.047 gg=0.9893 fl=0.596 ret=0.873 shed=0.078 act=0.9056 flq=0.77
# PAIR t=40.0 p=10 d=1.450 pq=1:1 delta=+0.076 x=0.268 ratio=1.0417 dth=+0.078 gg=0.9417 fl=0.094 ret=0.954 shed=0.065 act=0.3827 flq=0.33
# PAIR t=40.0 p=11 d=1.148 pq=1:1 delta=+0.368 x=0.001 ratio=0.9999 dth=-0.482 gg=0.6096 fl=0.007 ret=0.007 shed=0.246 act=0.0038 flq=0.00
# PAIR t=40.0 p=12 d=1.540 pq=1:1 delta=+0.019 x=0.348 ratio=1.0021 dth=+0.076 gg=0.9710 fl=0.000 ret=0.990 shed=0.018 act=0.0000 flq=0.00
# PAIR t=40.0 p=13 d=1.541 pq=1:1 delta=+0.049 x=0.343 ratio=0.9931 dth=-0.278 gg=0.7704 fl=0.004 ret=0.974 shed=0.046 act=0.0239 flq=0.02
# PAIR t=40.0 p=14 d=1.203 pq=1:1 delta=+0.162 x=0.068 ratio=0.9865 dth=-0.080 gg=0.9740 fl=0.513 ret=0.743 shed=0.118 act=0.5692 flq=0.48
# PAIR t=40.0 p=15 d=1.512 pq=1:1 delta=+0.057 x=0.319 ratio=0.9903 dth=-0.038 gg=0.9964 fl=0.085 ret=0.968 shed=0.053 act=0.4242 flq=0.37
# PAIR t=40.0 p=16 d=1.299 pq=1:1 delta=+0.062 x=0.155 ratio=0.9810 dth=-0.051 gg=0.9945 fl=0.498 ret=0.941 shed=0.049 act=1.0755 flq=0.93
# PAIR t=40.0 p=17 d=1.411 pq=1:1 delta=+0.060 x=0.240 ratio=1.0015 dth=-0.030 gg=0.9964 fl=0.112 ret=0.959 shed=0.052 act=0.3977 flq=0.34
# PAIR t=40.0 p=18 d=1.180 pq=1:1 delta=+0.147 x=0.053 ratio=1.0073 dth=-0.074 gg=0.9787 fl=0.552 ret=0.719 shed=0.104 act=0.4836 flq=0.41
# PAIR t=40.0 p=19 d=1.134 pq=1:1 delta=+0.165 x=0.016 ratio=1.0004 dth=-0.084 gg=0.9731 fl=0.079 ret=0.417 shed=0.113 act=0.0347 flq=0.03
# PAIR t=40.0 p=20 d=1.548 pq=1:1 delta=+0.035 x=0.351 ratio=0.9979 dth=-0.086 gg=0.9803 fl=0.001 ret=0.981 shed=0.033 act=0.0048 flq=0.00
# PAIR t=40.0 p=21 d=1.182 pq=1:1 delta=+0.130 x=0.057 ratio=1.0144 dth=-0.064 gg=0.9832 fl=0.334 ret=0.756 shed=0.093 act=0.3008 flq=0.26
# PAIR t=40.0 p=22 d=1.374 pq=1:1 delta=+0.016 x=0.220 ratio=1.0192 dth=+0.025 gg=0.9954 fl=0.550 ret=0.988 shed=0.013 act=1.6927 flq=1.47
# PAIR t=40.0 p=23 d=1.193 pq=1:1 delta=+0.214 x=0.053 ratio=0.9990 dth=-0.104 gg=0.9551 fl=0.336 ret=0.630 shed=0.156 act=0.3368 flq=0.28
# PAIR t=40.0 p=24 d=1.397 pq=1:1 delta=+0.071 x=0.227 ratio=1.0244 dth=-0.002 gg=0.9906 fl=0.338 ret=0.951 shed=0.059 act=1.1375 flq=0.98
# PAIR t=40.0 p=25 d=1.446 pq=1:1 delta=+0.032 x=0.271 ratio=0.9905 dth=-0.026 gg=0.9986 fl=0.201 ret=0.980 shed=0.028 act=0.8081 flq=0.70
# PAIR t=40.0 p=26 d=1.449 pq=1:1 delta=+0.062 x=0.270 ratio=1.0150 dth=-0.000 gg=0.9925 fl=0.099 ret=0.961 shed=0.055 act=0.4046 flq=0.35
# PAIR t=40.0 p=27 d=1.527 pq=1:1 delta=+0.020 x=0.337 ratio=1.0032 dth=+0.007 gg=0.9985 fl=0.209 ret=0.989 shed=0.018 act=1.0900 flq=0.94
# PAIR t=40.0 p=28 d=1.236 pq=1:1 delta=+0.101 x=0.101 ratio=1.0054 dth=-0.049 gg=0.9899 fl=0.294 ret=0.869 shed=0.077 act=0.4276 flq=0.37
# PAIR t=40.0 p=29 d=1.171 pq=1:1 delta=+0.230 x=0.035 ratio=0.9996 dth=+0.135 gg=0.7385 fl=0.387 ret=0.513 shed=0.164 act=0.3041 flq=0.26
# PAIR t=40.0 p=30 d=1.482 pq=1:1 delta=+0.033 x=0.299 ratio=0.9902 dth=-0.047 gg=0.9952 fl=0.209 ret=0.980 shed=0.030 act=0.9481 flq=0.82
# PAIR t=40.0 p=31 d=1.517 pq=1:1 delta=+0.042 x=0.325 ratio=0.9867 dth=-0.070 gg=0.9886 fl=0.057 ret=0.977 shed=0.039 act=0.2899 flq=0.25
# PAIR t=40.0 p=32 d=1.402 pq=1:1 delta=+0.047 x=0.235 ratio=1.0061 dth=-0.020 gg=0.9977 fl=0.100 ret=0.967 shed=0.040 act=0.3448 flq=0.30
# PAIR t=40.0 p=33 d=1.398 pq=1:1 delta=+0.033 x=0.235 ratio=0.9934 dth=-0.018 gg=0.9989 fl=0.331 ret=0.977 shed=0.028 act=1.1236 flq=0.97
# PAIR t=40.0 p=34 d=1.416 pq=1:1 delta=+0.020 x=0.251 ratio=0.9788 dth=-0.029 gg=0.9981 fl=0.070 ret=0.987 shed=0.017 act=0.2537 flq=0.22
# PAIR t=40.0 p=35 d=1.486 pq=1:1 delta=+0.076 x=0.295 ratio=1.0296 dth=+0.028 gg=0.9774 fl=0.189 ret=0.957 shed=0.067 act=0.8692 flq=0.75
# PAIR t=40.0 p=36 d=1.506 pq=1:1 delta=+0.049 x=0.316 ratio=1.0028 dth=+0.004 gg=0.9944 fl=0.038 ret=0.972 shed=0.045 act=0.1881 flq=0.16
# PAIR t=40.0 p=37 d=1.139 pq=1:1 delta=+0.322 x=0.000 ratio=1.0000 dth=-0.196 gg=0.8972 fl=0.003 ret=0.004 shed=0.214 act=0.0013 flq=0.00
# PAIR t=40.0 p=38 d=1.314 pq=1:1 delta=+0.069 x=0.164 ratio=1.0035 dth=-0.036 gg=0.9953 fl=0.244 ret=0.937 shed=0.055 act=0.5688 flq=0.49
# PAIR t=40.0 p=39 d=1.521 pq=1:1 delta=+0.048 x=0.328 ratio=1.0004 dth=+0.008 gg=0.9936 fl=0.003 ret=0.973 shed=0.045 act=0.0150 flq=0.01
# PAIR t=40.0 p=40 d=1.242 pq=1:1 delta=+0.141 x=0.100 ratio=1.0009 dth=-0.068 gg=0.9803 fl=0.596 ret=0.826 shed=0.106 act=0.9013 flq=0.77
# PAIR t=40.0 p=41 d=1.248 pq=1:1 delta=+0.145 x=0.105 ratio=1.0244 dth=-0.055 gg=0.9781 fl=0.448 ret=0.829 shed=0.109 act=0.7094 flq=0.60
# PAIR t=40.0 p=42 d=1.243 pq=1:1 delta=+0.102 x=0.107 ratio=0.9982 dth=-0.050 gg=0.9897 fl=0.627 ret=0.874 shed=0.077 act=0.9557 flq=0.82
# PAIR t=40.0 p=43 d=1.503 pq=1:1 delta=+0.055 x=0.313 ratio=0.9932 dth=-0.304 gg=0.7336 fl=0.005 ret=0.969 shed=0.051 act=0.0222 flq=0.02
# PAIR t=40.0 p=44 d=1.281 pq=1:1 delta=+0.061 x=0.142 ratio=0.9861 dth=-0.041 gg=0.9958 fl=0.572 ret=0.936 shed=0.048 act=1.1178 flq=0.96
# PAIR t=40.0 p=45 d=1.320 pq=1:1 delta=+0.079 x=0.167 ratio=0.9999 dth=-0.040 gg=0.9938 fl=0.269 ret=0.930 shed=0.064 act=0.6469 flq=0.56
# PAIR t=40.0 p=46 d=1.377 pq=1:1 delta=+0.067 x=0.213 ratio=1.0075 dth=-0.024 gg=0.9952 fl=0.495 ret=0.950 shed=0.056 act=1.5387 flq=1.32
# PAIR t=40.0 p=47 d=1.518 pq=1:1 delta=+0.053 x=0.324 ratio=0.9986 dth=-0.026 gg=0.9971 fl=0.057 ret=0.970 shed=0.050 act=0.2910 flq=0.25
# PAIR t=40.0 p=48 d=1.517 pq=1:1 delta=+0.056 x=0.322 ratio=1.0039 dth=-0.018 gg=0.9964 fl=0.093 ret=0.969 shed=0.052 act=0.4724 flq=0.41
# PAIR t=40.0 p=49 d=1.174 pq=1:1 delta=+0.155 x=0.048 ratio=1.0062 dth=-0.079 gg=0.9764 fl=0.573 ret=0.685 shed=0.110 act=0.4713 flq=0.40
# PAIR t=40.0 p=50 d=1.250 pq=1:1 delta=+0.101 x=0.112 ratio=0.9989 dth=-0.052 gg=0.9899 fl=0.554 ret=0.881 shed=0.076 act=0.8892 flq=0.76
# PAIR t=40.0 p=51 d=1.401 pq=1:1 delta=+0.071 x=0.231 ratio=1.0077 dth=-0.031 gg=0.9948 fl=0.081 ret=0.950 shed=0.061 act=0.2781 flq=0.24
# PAIR t=40.0 p=52 d=1.187 pq=1:1 delta=+0.473 x=0.016 ratio=0.9928 dth=-0.309 gg=0.7820 fl=0.057 ret=0.158 shed=0.337 act=0.0537 flq=0.04
# PAIR t=40.0 p=53 d=1.228 pq=1:1 delta=+0.114 x=0.093 ratio=1.0155 dth=-0.053 gg=0.9871 fl=0.270 ret=0.849 shed=0.084 act=0.3686 flq=0.31
# PAIR t=40.0 p=54 d=1.208 pq=1:1 delta=+0.145 x=0.074 ratio=0.9824 dth=-0.081 gg=0.9788 fl=0.495 ret=0.779 shed=0.106 act=0.5712 flq=0.49
# PAIR t=40.0 p=55 d=1.518 pq=1:1 delta=+0.026 x=0.330 ratio=0.9936 dth=-0.060 gg=0.9906 fl=0.034 ret=0.986 shed=0.024 act=0.1711 flq=0.15
# PAIR t=40.0 p=56 d=1.464 pq=1:1 delta=+0.057 x=0.281 ratio=1.0199 dth=-0.012 gg=0.9956 fl=0.010 ret=0.966 shed=0.051 act=0.0431 flq=0.04
# PAIR t=40.0 p=57 d=1.162 pq=1:1 delta=+0.391 x=0.008 ratio=1.0064 dth=-0.189 gg=0.8581 fl=0.091 ret=0.133 shed=0.264 act=0.0647 flq=0.05
# PAIR t=40.0 p=58 d=1.192 pq=1:1 delta=+0.222 x=0.051 ratio=0.9987 dth=-0.110 gg=0.9519 fl=0.297 ret=0.621 shed=0.159 act=0.2965 flq=0.25
# PAIR t=40.0 p=59 d=1.445 pq=1:1 delta=+0.037 x=0.270 ratio=1.0018 dth=-0.018 gg=0.9986 fl=0.165 ret=0.976 shed=0.033 act=0.6636 flq=0.57
50.000	18598.8182	46.7070207	740.783687	16.0204302	19402.3292966	3.000e-15	110781	14.663	14.786	15.234	0.050	25.6235	0.8520	4.1011	0.8499	1.0024	1.64966	1.64798	15.0897	14.9916	14.9942	-0.012228	-0.034285	0.0053338	6.6968	-14.33	-28.568
# CONV t=50.00 cond=0 evap=0 rough=0 back_s=0
# LEDGER t=50.000 mode=3 sum_err=0 max|E-iEu|=4.999e-13 run_max_diff=1.500e-12 run_max_sum_err=0 steps=2500 E0_int=19402329296608804 sum=19402329296608804
# PAIR t=50.0 p=0 d=1.321 pq=1:1 delta=+0.084 x=0.167 ratio=0.9996 dth=-0.042 gg=0.9930 fl=0.309 ret=0.926 shed=0.067 act=0.7459 flq=0.64
# PAIR t=50.0 p=1 d=1.547 pq=1:1 delta=+0.049 x=0.347 ratio=1.0006 dth=-0.032 gg=0.9974 fl=0.007 ret=0.974 shed=0.046 act=0.0391 flq=0.03
# PAIR t=50.0 p=2 d=1.370 pq=1:1 delta=+0.059 x=0.208 ratio=1.0038 dth=-0.026 gg=0.9965 fl=0.200 ret=0.956 shed=0.049 act=0.6027 flq=0.52
# PAIR t=50.0 p=3 d=1.525 pq=1:1 delta=+0.067 x=0.327 ratio=1.0244 dth=+1.872 gg=0.0000 fl=0.000 ret=0.964 shed=0.062 act=0.0000 flq=0.00
# PAIR t=50.0 p=4 d=1.149 pq=1:1 delta=+0.369 x=0.001 ratio=0.9999 dth=-0.141 gg=0.8659 fl=0.010 ret=0.027 shed=0.246 act=0.0060 flq=0.00
# PAIR t=50.0 p=5 d=1.291 pq=1:1 delta=+0.090 x=0.145 ratio=1.0050 dth=-0.041 gg=0.9919 fl=0.386 ret=0.912 shed=0.071 act=0.7977 flq=0.68
# PAIR t=50.0 p=6 d=1.390 pq=1:1 delta=+0.052 x=0.225 ratio=0.9959 dth=-0.033 gg=0.9971 fl=0.453 ret=0.963 shed=0.044 act=1.4845 flq=1.28
# PAIR t=50.0 p=7 d=1.529 pq=1:1 delta=+0.047 x=0.334 ratio=1.0002 dth=+0.001 gg=0.9955 fl=0.007 ret=0.975 shed=0.044 act=0.0367 flq=0.03
# PAIR t=50.0 p=8 d=1.343 pq=1:1 delta=+0.079 x=0.185 ratio=1.0083 dth=-0.036 gg=0.9937 fl=0.502 ret=0.935 shed=0.064 act=1.3440 flq=1.15
# PAIR t=50.0 p=9 d=1.242 pq=1:1 delta=+0.129 x=0.102 ratio=0.9925 dth=-0.067 gg=0.9835 fl=0.542 ret=0.843 shed=0.096 act=0.8233 flq=0.70
# PAIR t=50.0 p=10 d=1.450 pq=1:1 delta=+0.096 x=0.264 ratio=1.0264 dth=-0.005 gg=0.9837 fl=0.087 ret=0.941 shed=0.084 act=0.3563 flq=0.31
# PAIR t=50.0 p=11 d=1.148 pq=1:1 delta=+0.365 x=0.001 ratio=0.9998 dth=-0.294 gg=0.8327 fl=0.006 ret=0.015 shed=0.244 act=0.0036 flq=0.00
# PAIR t=50.0 p=12 d=1.540 pq=1:1 delta=+0.023 x=0.347 ratio=1.0024 dth=+0.121 gg=0.9316 fl=0.000 ret=0.987 shed=0.022 act=0.0000 flq=0.00
# PAIR t=50.0 p=13 d=1.541 pq=1:1 delta=+0.062 x=0.341 ratio=0.9910 dth=-0.449 gg=0.4931 fl=0.004 ret=0.967 shed=0.058 act=0.0239 flq=0.02
# PAIR t=50.0 p=14 d=1.203 pq=1:1 delta=+0.218 x=0.061 ratio=0.9849 dth=-0.102 gg=0.9532 fl=0.499 ret=0.661 shed=0.156 act=0.5535 flq=0.47
# PAIR t=50.0 p=15 d=1.512 pq=1:1 delta=+0.073 x=0.316 ratio=1.0354 dth=+0.048 gg=0.9669 fl=0.142 ret=0.960 shed=0.065 act=0.7073 flq=0.61
# PAIR t=50.0 p=16 d=1.299 pq=1:1 delta=+0.082 x=0.152 ratio=0.9671 dth=-0.075 gg=0.9887 fl=0.248 ret=0.924 shed=0.063 act=0.5363 flq=0.46
# PAIR t=50.0 p=17 d=1.411 pq=1:1 delta=+0.075 x=0.237 ratio=1.0022 dth=-0.035 gg=0.9944 fl=0.136 ret=0.949 shed=0.065 act=0.4826 flq=0.41
# PAIR t=50.0 p=18 d=1.180 pq=1:1 delta=+0.156 x=0.051 ratio=1.0021 dth=-0.077 gg=0.9759 fl=0.323 ret=0.696 shed=0.113 act=0.2828 flq=0.24
# PAIR t=50.0 p=19 d=1.134 pq=1:1 delta=+0.199 x=0.012 ratio=1.0005 dth=-0.093 gg=0.9610 fl=0.277 ret=0.301 shed=0.135 act=0.1213 flq=0.10
# PAIR t=50.0 p=20 d=1.548 pq=1:1 delta=+0.043 x=0.349 ratio=0.9974 dth=-0.137 gg=0.9467 fl=0.001 ret=0.977 shed=0.041 act=0.0048 flq=0.00
# PAIR t=50.0 p=21 d=1.182 pq=1:1 delta=+0.172 x=0.051 ratio=0.9980 dth=-0.084 gg=0.9707 fl=0.511 ret=0.679 shed=0.122 act=0.4604 flq=0.39
# PAIR t=50.0 p=22 d=1.374 pq=1:1 delta=+0.020 x=0.218 ratio=1.0008 dth=-0.011 gg=0.9996 fl=0.197 ret=0.985 shed=0.017 act=0.6074 flq=0.53
# PAIR t=50.0 p=23 d=1.193 pq=1:1 delta=+0.304 x=0.041 ratio=1.0087 dth=-0.169 gg=0.9104 fl=0.376 ret=0.492 shed=0.214 act=0.3769 flq=0.31
# PAIR t=50.0 p=24 d=1.397 pq=1:1 delta=+0.086 x=0.225 ratio=1.0095 dth=-0.035 gg=0.9923 fl=0.499 ret=0.939 shed=0.073 act=1.6797 flq=1.44
# PAIR t=50.0 p=25 d=1.446 pq=1:1 delta=+0.039 x=0.270 ratio=0.9889 dth=-0.035 gg=0.9975 fl=0.120 ret=0.975 shed=0.035 act=0.4818 flq=0.42
# PAIR t=50.0 p=26 d=1.449 pq=1:1 delta=+0.078 x=0.267 ratio=1.0172 dth=-0.000 gg=0.9880 fl=0.064 ret=0.951 shed=0.069 act=0.2595 flq=0.22
# PAIR t=50.0 p=27 d=1.527 pq=1:1 delta=+0.025 x=0.336 ratio=1.0166 dth=+0.039 gg=0.9887 fl=0.086 ret=0.986 shed=0.023 act=0.4479 flq=0.39
# PAIR t=50.0 p=28 d=1.236 pq=1:1 delta=+0.128 x=0.097 ratio=0.9855 dth=-0.068 gg=0.9838 fl=0.303 ret=0.838 shed=0.095 act=0.4416 flq=0.38
# PAIR t=50.0 p=29 d=1.171 pq=1:1 delta=+0.342 x=0.020 ratio=1.0007 dth=-0.162 gg=0.8892 fl=0.148 ret=0.273 shed=0.244 act=0.1161 flq=0.10
# PAIR t=50.0 p=30 d=1.482 pq=1:1 delta=+0.043 x=0.298 ratio=0.9824 dth=-0.049 gg=0.9951 fl=0.099 ret=0.975 shed=0.039 act=0.4515 flq=0.39
# PAIR t=50.0 p=31 d=1.517 pq=1:1 delta=+0.051 x=0.324 ratio=0.9880 dth=-0.080 gg=0.9858 fl=0.166 ret=0.972 shed=0.047 act=0.8424 flq=0.73
# PAIR t=50.0 p=32 d=1.402 pq=1:1 delta=+0.060 x=0.233 ratio=0.9977 dth=-0.027 gg=0.9964 fl=0.121 ret=0.958 shed=0.051 act=0.4150 flq=0.36
# PAIR t=50.0 p=33 d=1.398 pq=1:1 delta=+0.041 x=0.234 ratio=1.0060 dth=-0.020 gg=0.9984 fl=0.407 ret=0.972 shed=0.035 act=1.3782 flq=1.19
# PAIR t=50.0 p=34 d=1.416 pq=1:1 delta=+0.027 x=0.251 ratio=0.9540 dth=-0.105 gg=0.9664 fl=0.049 ret=0.984 shed=0.021 act=0.1771 flq=0.15
# PAIR t=50.0 p=35 d=1.486 pq=1:1 delta=+0.093 x=0.291 ratio=1.0176 dth=-0.019 gg=0.9884 fl=0.125 ret=0.946 shed=0.083 act=0.5736 flq=0.49
# PAIR t=50.0 p=36 d=1.506 pq=1:1 delta=+0.064 x=0.313 ratio=1.0077 dth=-0.000 gg=0.9920 fl=0.103 ret=0.964 shed=0.059 act=0.5034 flq=0.43
# PAIR t=50.0 p=37 d=1.139 pq=1:1 delta=+0.323 x=0.000 ratio=1.0001 dth=-0.221 gg=0.8879 fl=0.002 ret=0.002 shed=0.214 act=0.0011 flq=0.00
# PAIR t=50.0 p=38 d=1.314 pq=1:1 delta=+0.089 x=0.162 ratio=0.9719 dth=-0.083 gg=0.9864 fl=0.413 ret=0.921 shed=0.070 act=0.9624 flq=0.83
# PAIR t=50.0 p=39 d=1.521 pq=1:1 delta=+0.062 x=0.325 ratio=1.0006 dth=+0.012 gg=0.9887 fl=0.003 ret=0.965 shed=0.058 act=0.0150 flq=0.01
# PAIR t=50.0 p=40 d=1.242 pq=1:1 delta=+0.167 x=0.096 ratio=1.0031 dth=-0.082 gg=0.9724 fl=0.542 ret=0.795 shed=0.125 act=0.8201 flq=0.69
# PAIR t=50.0 p=41 d=1.248 pq=1:1 delta=+0.175 x=0.100 ratio=0.9957 dth=-0.089 gg=0.9700 fl=0.507 ret=0.794 shed=0.131 act=0.8039 flq=0.68
# PAIR t=50.0 p=42 d=1.243 pq=1:1 delta=+0.130 x=0.102 ratio=1.0198 dth=-0.054 gg=0.9826 fl=0.499 ret=0.842 shed=0.097 act=0.7605 flq=0.65
# PAIR t=50.0 p=43 d=1.503 pq=1:1 delta=+0.070 x=0.310 ratio=0.9908 dth=-0.422 gg=0.5444 fl=0.001 ret=0.961 shed=0.064 act=0.0066 flq=0.01
# PAIR t=50.0 p=44 d=1.281 pq=1:1 delta=+0.078 x=0.139 ratio=1.0131 dth=-0.029 gg=0.9934 fl=0.386 ret=0.920 shed=0.061 act=0.7532 flq=0.65
# PAIR t=50.0 p=45 d=1.320 pq=1:1 delta=+0.100 x=0.165 ratio=0.9928 dth=-0.058 gg=0.9897 fl=0.573 ret=0.912 shed=0.080 act=1.3765 flq=1.18
# PAIR t=50.0 p=46 d=1.377 pq=1:1 delta=+0.084 x=0.210 ratio=1.0107 dth=-0.037 gg=0.9929 fl=0.140 ret=0.938 shed=0.070 act=0.4361 flq=0.37
# PAIR t=50.0 p=47 d=1.518 pq=1:1 delta=+0.067 x=0.321 ratio=1.0001 dth=-0.033 gg=0.9955 fl=0.159 ret=0.963 shed=0.062 act=0.8081 flq=0.70
# PAIR t=50.0 p=48 d=1.517 pq=1:1 delta=+0.070 x=0.319 ratio=1.0001 dth=-0.034 gg=0.9951 fl=0.254 ret=0.961 shed=0.065 act=1.2831 flq=1.10
# PAIR t=50.0 p=49 d=1.174 pq=1:1 delta=+0.202 x=0.041 ratio=1.0000 dth=-0.102 gg=0.9598 fl=0.317 ret=0.596 shed=0.142 act=0.2608 flq=0.22
# PAIR t=50.0 p=50 d=1.250 pq=1:1 delta=+0.119 x=0.110 ratio=0.9945 dth=-0.060 gg=0.9860 fl=0.500 ret=0.859 shed=0.090 act=0.8030 flq=0.69
# PAIR t=50.0 p=51 d=1.401 pq=1:1 delta=+0.091 x=0.228 ratio=1.0165 dth=-0.025 gg=0.9901 fl=0.090 ret=0.937 shed=0.077 act=0.3073 flq=0.26
# PAIR t=50.0 p=52 d=1.187 pq=1:1 delta=+0.566 x=0.004 ratio=1.0013 dth=-0.468 gg=0.6302 fl=0.021 ret=0.048 shed=0.381 act=0.0198 flq=0.02
# PAIR t=50.0 p=53 d=1.228 pq=1:1 delta=+0.157 x=0.087 ratio=1.0112 dth=-0.072 gg=0.9757 fl=0.322 ret=0.792 shed=0.116 act=0.4400 flq=0.37
# PAIR t=50.0 p=54 d=1.208 pq=1:1 delta=+0.165 x=0.071 ratio=0.9876 dth=-0.080 gg=0.9731 fl=0.566 ret=0.749 shed=0.120 act=0.6536 flq=0.55
# PAIR t=50.0 p=55 d=1.518 pq=1:1 delta=+0.032 x=0.328 ratio=1.0042 dth=-0.028 gg=0.9984 fl=0.072 ret=0.982 shed=0.030 act=0.3644 flq=0.32
# PAIR t=50.0 p=56 d=1.464 pq=1:1 delta=+0.070 x=0.280 ratio=1.0177 dth=+0.009 gg=0.9876 fl=0.268 ret=0.958 shed=0.062 act=1.1517 flq=0.99
# PAIR t=50.0 p=57 d=1.162 pq=1:1 delta=+0.415 x=0.005 ratio=1.0028 dth=-0.292 gg=0.8174 fl=0.043 ret=0.065 shed=0.285 act=0.0303 flq=0.02
# PAIR t=50.0 p=58 d=1.192 pq=1:1 delta=+0.288 x=0.043 ratio=0.9941 dth=-0.127 gg=0.9196 fl=0.362 ret=0.511 shed=0.205 act=0.3614 flq=0.30
# PAIR t=50.0 p=59 d=1.445 pq=1:1 delta=+0.046 x=0.268 ratio=0.9963 dth=-0.030 gg=0.9977 fl=0.106 ret=0.971 shed=0.040 act=0.4249 flq=0.37
60.000	18598.8182	48.2490638	740.783687	14.4783871	19402.3292966	1.125e-15	110775	14.553	15.084	15.135	0.060	25.6589	0.8518	3.0338	0.8499	1.0022	1.64964	1.64797	15.0850	15.0188	14.9815	-0.0076314	0.01799	0.0017669	-6.4848	27.949	-0.28535
# CONV t=60.00 cond=0 evap=0 rough=0 back_s=0
# LEDGER t=60.000 mode=3 sum_err=0 max|E-iEu|=5.000e-13 run_max_diff=1.500e-12 run_max_sum_err=0 steps=3000 E0_int=19402329296608804 sum=19402329296608804
# PAIR t=60.0 p=0 d=1.321 pq=1:1 delta=+0.101 x=0.166 ratio=1.0062 dth=-0.045 gg=0.9896 fl=0.554 ret=0.911 shed=0.081 act=1.3391 flq=1.15
# PAIR t=60.0 p=1 d=1.547 pq=1:1 delta=+0.058 x=0.345 ratio=1.0024 dth=-0.029 gg=0.9966 fl=0.064 ret=0.969 shed=0.055 act=0.3528 flq=0.30
# PAIR t=60.0 p=2 d=1.370 pq=1:1 delta=+0.071 x=0.207 ratio=0.9883 dth=-0.042 gg=0.9948 fl=0.347 ret=0.946 shed=0.059 act=1.0469 flq=0.90
# PAIR t=60.0 p=3 d=1.525 pq=1:1 delta=+0.082 x=0.325 ratio=1.0255 dth=+2.381 gg=0.0000 fl=0.000 ret=0.956 shed=0.074 act=0.0000 flq=0.00
# PAIR t=60.0 p=4 d=1.149 pq=1:1 delta=+0.371 x=0.001 ratio=1.0000 dth=-0.135 gg=0.8627 fl=0.021 ret=0.022 shed=0.247 act=0.0124 flq=0.01
# PAIR t=60.0 p=5 d=1.291 pq=1:1 delta=+0.108 x=0.141 ratio=1.0023 dth=-0.055 gg=0.9883 fl=0.150 ret=0.895 shed=0.084 act=0.3098 flq=0.26
# PAIR t=60.0 p=6 d=1.390 pq=1:1 delta=+0.062 x=0.224 ratio=0.9954 dth=-0.036 gg=0.9960 fl=0.518 ret=0.955 shed=0.052 act=1.6952 flq=1.46
# PAIR t=60.0 p=7 d=1.529 pq=1:1 delta=+0.056 x=0.333 ratio=1.0006 dth=+0.006 gg=0.9924 fl=0.007 ret=0.969 shed=0.052 act=0.0367 flq=0.03
# PAIR t=60.0 p=8 d=1.343 pq=1:1 delta=+0.096 x=0.182 ratio=1.0101 dth=-0.041 gg=0.9906 fl=0.092 ret=0.921 shed=0.079 act=0.2470 flq=0.21
# PAIR t=60.0 p=9 d=1.242 pq=1:1 delta=+0.160 x=0.098 ratio=0.9962 dth=-0.081 gg=0.9747 fl=0.501 ret=0.804 shed=0.120 act=0.7613 flq=0.65
# PAIR t=60.0 p=10 d=1.450 pq=1:1 delta=+0.114 x=0.261 ratio=1.0125 dth=-0.049 gg=0.9869 fl=0.045 ret=0.930 shed=0.099 act=0.1830 flq=0.16
# PAIR t=60.0 p=11 d=1.148 pq=1:1 delta=+0.367 x=0.001 ratio=0.9999 dth=-0.237 gg=0.8642 fl=0.010 ret=0.010 shed=0.245 act=0.0058 flq=0.00
# PAIR t=60.0 p=12 d=1.540 pq=1:1 delta=+0.029 x=0.346 ratio=1.0028 dth=+0.171 gg=0.8709 fl=0.000 ret=0.984 shed=0.027 act=0.0000 flq=0.00
# PAIR t=60.0 p=13 d=1.541 pq=1:1 delta=+0.075 x=0.338 ratio=0.9887 dth=-0.662 gg=0.2037 fl=0.004 ret=0.960 shed=0.070 act=0.0239 flq=0.02
# PAIR t=60.0 p=14 d=1.203 pq=1:1 delta=+0.285 x=0.051 ratio=0.9929 dth=-0.136 gg=0.9220 fl=0.145 ret=0.559 shed=0.203 act=0.1603 flq=0.13
# PAIR t=60.0 p=15 d=1.512 pq=1:1 delta=+0.091 x=0.315 ratio=1.0659 dth=+0.394 gg=0.4543 fl=0.033 ret=0.953 shed=0.077 act=0.1634 flq=0.14
# PAIR t=60.0 p=16 d=1.299 pq=1:1 delta=+0.102 x=0.148 ratio=0.9881 dth=-0.051 gg=0.9897 fl=0.138 ret=0.904 shed=0.080 act=0.2979 flq=0.25
# PAIR t=60.0 p=17 d=1.411 pq=1:1 delta=+0.090 x=0.235 ratio=0.9965 dth=-0.045 gg=0.9919 fl=0.163 ret=0.939 shed=0.077 act=0.5796 flq=0.50
# PAIR t=60.0 p=18 d=1.180 pq=1:1 delta=+0.226 x=0.042 ratio=1.0074 dth=-0.111 gg=0.9503 fl=0.420 ret=0.574 shed=0.158 act=0.3681 flq=0.31
# PAIR t=60.0 p=19 d=1.134 pq=1:1 delta=+0.226 x=0.008 ratio=0.9994 dth=-0.152 gg=0.9445 fl=0.175 ret=0.205 shed=0.154 act=0.0767 flq=0.06
# PAIR t=60.0 p=20 d=1.548 pq=1:1 delta=+0.051 x=0.348 ratio=0.9965 dth=-0.200 gg=0.8823 fl=0.001 ret=0.973 shed=0.048 act=0.0048 flq=0.00
# PAIR t=60.0 p=21 d=1.182 pq=1:1 delta=+0.210 x=0.088 ratio=0.9979 dth=-0.100 gg=0.9568 fl=0.000 ret=0.610 shed=0.149 act=0.0000 flq=0.00
# PAIR t=60.0 p=22 d=1.374 pq=1:1 delta=+0.024 x=0.218 ratio=0.9886 dth=-0.019 gg=0.9992 fl=0.344 ret=0.982 shed=0.020 act=1.0591 flq=0.92
# PAIR t=60.0 p=23 d=1.193 pq=1:1 delta=+0.421 x=0.050 ratio=0.9978 dth=-0.215 gg=0.8371 fl=0.000 ret=0.300 shed=0.295 act=0.0000 flq=0.00
# PAIR t=60.0 p=24 d=1.397 pq=1:1 delta=+0.101 x=0.223 ratio=1.0142 dth=-0.039 gg=0.9893 fl=0.543 ret=0.929 shed=0.085 act=1.8284 flq=1.56
# PAIR t=60.0 p=25 d=1.446 pq=1:1 delta=+0.048 x=0.268 ratio=0.9960 dth=-0.026 gg=0.9977 fl=0.052 ret=0.970 shed=0.042 act=0.2077 flq=0.18
# PAIR t=60.0 p=26 d=1.449 pq=1:1 delta=+0.094 x=0.264 ratio=1.0128 dth=-0.023 gg=0.9889 fl=0.028 ret=0.941 shed=0.083 act=0.1142 flq=0.10
# PAIR t=60.0 p=27 d=1.527 pq=1:1 delta=+0.029 x=0.335 ratio=1.0034 dth=-0.003 gg=0.9987 fl=0.204 ret=0.984 shed=0.027 act=1.0599 flq=0.92
# PAIR t=60.0 p=28 d=1.236 pq=1:1 delta=+0.173 x=0.091 ratio=0.9838 dth=-0.090 gg=0.9705 fl=0.319 ret=0.783 shed=0.128 act=0.4645 flq=0.39
# PAIR t=60.0 p=29 d=1.171 pq=1:1 delta=+0.417 x=0.011 ratio=1.0005 dth=-0.084 gg=0.7887 fl=0.117 ret=0.142 shed=0.288 act=0.0919 flq=0.07
# PAIR t=60.0 p=30 d=1.482 pq=1:1 delta=+0.053 x=0.347 ratio=0.9601 dth=-0.152 gg=0.9362 fl=0.000 ret=0.970 shed=0.046 act=0.0000 flq=0.00
# PAIR t=60.0 p=31 d=1.517 pq=1:1 delta=+0.064 x=0.321 ratio=0.9826 dth=-0.091 gg=0.9820 fl=0.075 ret=0.965 shed=0.058 act=0.3817 flq=0.33
# PAIR t=60.0 p=32 d=1.402 pq=1:1 delta=+0.073 x=0.231 ratio=0.9953 dth=-0.032 gg=0.9946 fl=0.138 ret=0.949 shed=0.062 act=0.4745 flq=0.41
# PAIR t=60.0 p=33 d=1.398 pq=1:1 delta=+0.047 x=0.233 ratio=0.9952 dth=-0.021 gg=0.9977 fl=0.470 ret=0.967 shed=0.040 act=1.5919 flq=1.37
# PAIR t=60.0 p=34 d=1.416 pq=1:1 delta=+0.029 x=0.250 ratio=0.9784 dth=-0.045 gg=0.9954 fl=0.107 ret=0.981 shed=0.025 act=0.3884 flq=0.34
# PAIR t=60.0 p=35 d=1.486 pq=1:1 delta=+0.112 x=0.397 ratio=1.0137 dth=-0.050 gg=0.9873 fl=0.000 ret=0.935 shed=0.101 act=0.0000 flq=0.00
# PAIR t=60.0 p=36 d=1.506 pq=1:1 delta=+0.077 x=0.311 ratio=1.0195 dth=+0.051 gg=0.9629 fl=0.042 ret=0.957 shed=0.070 act=0.2067 flq=0.18
# PAIR t=60.0 p=37 d=1.139 pq=1:1 delta=+0.323 x=0.000 ratio=1.0001 dth=-0.246 gg=0.8752 fl=0.002 ret=0.002 shed=0.214 act=0.0009 flq=0.00
# PAIR t=60.0 p=38 d=1.314 pq=1:1 delta=+0.111 x=0.159 ratio=0.9719 dth=-0.084 gg=0.9846 fl=0.236 ret=0.901 shed=0.087 act=0.5498 flq=0.47
# PAIR t=60.0 p=39 d=1.521 pq=1:1 delta=+0.077 x=0.323 ratio=1.0006 dth=+0.018 gg=0.9814 fl=0.003 ret=0.958 shed=0.071 act=0.0150 flq=0.01
# PAIR t=60.0 p=40 d=1.242 pq=1:1 delta=+0.215 x=0.089 ratio=1.0010 dth=-0.108 gg=0.9547 fl=0.478 ret=0.739 shed=0.159 act=0.7225 flq=0.61
# PAIR t=60.0 p=41 d=1.248 pq=1:1 delta=+0.213 x=0.095 ratio=0.9857 dth=-0.109 gg=0.9555 fl=0.427 ret=0.751 shed=0.158 act=0.6759 flq=0.57
# PAIR t=60.0 p=42 d=1.243 pq=1:1 delta=+0.170 x=0.096 ratio=0.9949 dth=-0.087 gg=0.9716 fl=0.492 ret=0.793 shed=0.127 act=0.7501 flq=0.64
# PAIR t=60.0 p=43 d=1.503 pq=1:1 delta=+0.087 x=0.307 ratio=0.9873 dth=-0.617 gg=0.2610 fl=0.000 ret=0.951 shed=0.080 act=0.0007 flq=0.00
# PAIR t=60.0 p=44 d=1.281 pq=1:1 delta=+0.100 x=0.135 ratio=1.0062 dth=-0.049 gg=0.9901 fl=0.163 ret=0.899 shed=0.077 act=0.3180 flq=0.27
# PAIR t=60.0 p=45 d=1.320 pq=1:1 delta=+0.126 x=0.160 ratio=0.9867 dth=-0.071 gg=0.9839 fl=0.318 ret=0.890 shed=0.100 act=0.7651 flq=0.65
# PAIR t=60.0 p=46 d=1.377 pq=1:1 delta=+0.100 x=0.208 ratio=0.9991 dth=-0.051 gg=0.9901 fl=0.265 ret=0.926 shed=0.083 act=0.8238 flq=0.71
# PAIR t=60.0 p=47 d=1.518 pq=1:1 delta=+0.081 x=0.319 ratio=0.9995 dth=-0.031 gg=0.9931 fl=0.084 ret=0.955 shed=0.075 act=0.4277 flq=0.37
# PAIR t=60.0 p=48 d=1.517 pq=1:1 delta=+0.086 x=0.316 ratio=1.0068 dth=-0.028 gg=0.9918 fl=0.137 ret=0.953 shed=0.079 act=0.6946 flq=0.60
# PAIR t=60.0 p=49 d=1.174 pq=1:1 delta=+0.258 x=0.034 ratio=0.9976 dth=-0.118 gg=0.9348 fl=0.399 ret=0.478 shed=0.183 act=0.3276 flq=0.27
# PAIR t=60.0 p=50 d=1.250 pq=1:1 delta=+0.146 x=0.106 ratio=0.9863 dth=-0.082 gg=0.9785 fl=0.422 ret=0.828 shed=0.110 act=0.6776 flq=0.58
# PAIR t=60.0 p=51 d=1.401 pq=1:1 delta=+0.110 x=0.224 ratio=1.0112 dth=-0.045 gg=0.9875 fl=0.114 ret=0.924 shed=0.093 act=0.3919 flq=0.33
# PAIR t=60.0 p=52 d=1.187 pq=1:1 delta=+0.587 x=0.002 ratio=1.0028 dth=-0.388 gg=0.6823 fl=0.008 ret=0.009 shed=0.396 act=0.0079 flq=0.01
# PAIR t=60.0 p=53 d=1.228 pq=1:1 delta=+0.201 x=0.081 ratio=0.9898 dth=-0.102 gg=0.9605 fl=0.349 ret=0.737 shed=0.146 act=0.4759 flq=0.40
# PAIR t=60.0 p=54 d=1.208 pq=1:1 delta=+0.258 x=0.059 ratio=0.9603 dth=-0.118 gg=0.9349 fl=0.069 ret=0.618 shed=0.182 act=0.0794 flq=0.07
# PAIR t=60.0 p=55 d=1.518 pq=1:1 delta=+0.038 x=0.327 ratio=1.0054 dth=+0.017 gg=0.9933 fl=0.051 ret=0.979 shed=0.036 act=0.2572 flq=0.22
# PAIR t=60.0 p=56 d=1.464 pq=1:1 delta=+0.083 x=0.277 ratio=1.0030 dth=-0.030 gg=0.9927 fl=0.214 ret=0.950 shed=0.074 act=0.9188 flq=0.79
# PAIR t=60.0 p=57 d=1.162 pq=1:1 delta=+0.438 x=0.003 ratio=1.0018 dth=-0.338 gg=0.7794 fl=0.030 ret=0.030 shed=0.295 act=0.0209 flq=0.02
# PAIR t=60.0 p=58 d=1.192 pq=1:1 delta=+0.401 x=0.052 ratio=0.9967 dth=-0.182 gg=0.8501 fl=0.000 ret=0.334 shed=0.279 act=0.0000 flq=0.00
# PAIR t=60.0 p=59 d=1.445 pq=1:1 delta=+0.054 x=0.267 ratio=0.9995 dth=-0.027 gg=0.9971 fl=0.043 ret=0.966 shed=0.048 act=0.1742 flq=0.15
# RESULT es_shells 0.94:1.0017 2.81:0.9973 4.69:0.9991 6.56:0.9999 8.44:0.9994 10.31:0.9994 12.19:0.9999 14.06:0.9992
# RESULT LEDGER mode=3 E0_int=19402329296608804 sum_int=19402329296608804 max_sum_err=0 max|E-iEu|=1.500e-12 steps=3000
# RESULT conservation E0=19402.3292966 Efinal=19402.3292966 rel_drift=1.125e-15
# RESULT roughness_radiated=0 (dissonant dense deliveries converted to field, conserved)
# RESULT curvature_fit defA_per_Em=-0.25576 r2=0.7848 (linear defect ~ converted energy)
# PAIR t=60.0 p=0 d=1.321 pq=1:1 delta=+0.101 x=0.166 ratio=1.0062 dth=-0.045 gg=0.9896 fl=0.554 ret=0.911 shed=0.081 act=1.3391 flq=1.15
# PAIR t=60.0 p=1 d=1.547 pq=1:1 delta=+0.058 x=0.345 ratio=1.0024 dth=-0.029 gg=0.9966 fl=0.064 ret=0.969 shed=0.055 act=0.3528 flq=0.30
# PAIR t=60.0 p=2 d=1.370 pq=1:1 delta=+0.071 x=0.207 ratio=0.9883 dth=-0.042 gg=0.9948 fl=0.347 ret=0.946 shed=0.059 act=1.0469 flq=0.90
# PAIR t=60.0 p=3 d=1.525 pq=1:1 delta=+0.082 x=0.325 ratio=1.0255 dth=+2.381 gg=0.0000 fl=0.000 ret=0.956 shed=0.074 act=0.0000 flq=0.00
# PAIR t=60.0 p=4 d=1.149 pq=1:1 delta=+0.371 x=0.001 ratio=1.0000 dth=-0.135 gg=0.8627 fl=0.021 ret=0.022 shed=0.247 act=0.0124 flq=0.01
# PAIR t=60.0 p=5 d=1.291 pq=1:1 delta=+0.108 x=0.141 ratio=1.0023 dth=-0.055 gg=0.9883 fl=0.150 ret=0.895 shed=0.084 act=0.3098 flq=0.26
# PAIR t=60.0 p=6 d=1.390 pq=1:1 delta=+0.062 x=0.224 ratio=0.9954 dth=-0.036 gg=0.9960 fl=0.518 ret=0.955 shed=0.052 act=1.6952 flq=1.46
# PAIR t=60.0 p=7 d=1.529 pq=1:1 delta=+0.056 x=0.333 ratio=1.0006 dth=+0.006 gg=0.9924 fl=0.007 ret=0.969 shed=0.052 act=0.0367 flq=0.03
# PAIR t=60.0 p=8 d=1.343 pq=1:1 delta=+0.096 x=0.182 ratio=1.0101 dth=-0.041 gg=0.9906 fl=0.092 ret=0.921 shed=0.079 act=0.2470 flq=0.21
# PAIR t=60.0 p=9 d=1.242 pq=1:1 delta=+0.160 x=0.098 ratio=0.9962 dth=-0.081 gg=0.9747 fl=0.501 ret=0.804 shed=0.120 act=0.7613 flq=0.65
# PAIR t=60.0 p=10 d=1.450 pq=1:1 delta=+0.114 x=0.261 ratio=1.0125 dth=-0.049 gg=0.9869 fl=0.045 ret=0.930 shed=0.099 act=0.1830 flq=0.16
# PAIR t=60.0 p=11 d=1.148 pq=1:1 delta=+0.367 x=0.001 ratio=0.9999 dth=-0.237 gg=0.8642 fl=0.010 ret=0.010 shed=0.245 act=0.0058 flq=0.00
# PAIR t=60.0 p=12 d=1.540 pq=1:1 delta=+0.029 x=0.346 ratio=1.0028 dth=+0.171 gg=0.8709 fl=0.000 ret=0.984 shed=0.027 act=0.0000 flq=0.00
# PAIR t=60.0 p=13 d=1.541 pq=1:1 delta=+0.075 x=0.338 ratio=0.9887 dth=-0.662 gg=0.2037 fl=0.004 ret=0.960 shed=0.070 act=0.0239 flq=0.02
# PAIR t=60.0 p=14 d=1.203 pq=1:1 delta=+0.285 x=0.051 ratio=0.9929 dth=-0.136 gg=0.9220 fl=0.145 ret=0.559 shed=0.203 act=0.1603 flq=0.13
# PAIR t=60.0 p=15 d=1.512 pq=1:1 delta=+0.091 x=0.315 ratio=1.0659 dth=+0.394 gg=0.4543 fl=0.033 ret=0.953 shed=0.077 act=0.1634 flq=0.14
# PAIR t=60.0 p=16 d=1.299 pq=1:1 delta=+0.102 x=0.148 ratio=0.9881 dth=-0.051 gg=0.9897 fl=0.138 ret=0.904 shed=0.080 act=0.2979 flq=0.25
# PAIR t=60.0 p=17 d=1.411 pq=1:1 delta=+0.090 x=0.235 ratio=0.9965 dth=-0.045 gg=0.9919 fl=0.163 ret=0.939 shed=0.077 act=0.5796 flq=0.50
# PAIR t=60.0 p=18 d=1.180 pq=1:1 delta=+0.226 x=0.042 ratio=1.0074 dth=-0.111 gg=0.9503 fl=0.420 ret=0.574 shed=0.158 act=0.3681 flq=0.31
# PAIR t=60.0 p=19 d=1.134 pq=1:1 delta=+0.226 x=0.008 ratio=0.9994 dth=-0.152 gg=0.9445 fl=0.175 ret=0.205 shed=0.154 act=0.0767 flq=0.06
# PAIR t=60.0 p=20 d=1.548 pq=1:1 delta=+0.051 x=0.348 ratio=0.9965 dth=-0.200 gg=0.8823 fl=0.001 ret=0.973 shed=0.048 act=0.0048 flq=0.00
# PAIR t=60.0 p=21 d=1.182 pq=1:1 delta=+0.210 x=0.088 ratio=0.9979 dth=-0.100 gg=0.9568 fl=0.000 ret=0.610 shed=0.149 act=0.0000 flq=0.00
# PAIR t=60.0 p=22 d=1.374 pq=1:1 delta=+0.024 x=0.218 ratio=0.9886 dth=-0.019 gg=0.9992 fl=0.344 ret=0.982 shed=0.020 act=1.0591 flq=0.92
# PAIR t=60.0 p=23 d=1.193 pq=1:1 delta=+0.421 x=0.050 ratio=0.9978 dth=-0.215 gg=0.8371 fl=0.000 ret=0.300 shed=0.295 act=0.0000 flq=0.00
# PAIR t=60.0 p=24 d=1.397 pq=1:1 delta=+0.101 x=0.223 ratio=1.0142 dth=-0.039 gg=0.9893 fl=0.543 ret=0.929 shed=0.085 act=1.8284 flq=1.56
# PAIR t=60.0 p=25 d=1.446 pq=1:1 delta=+0.048 x=0.268 ratio=0.9960 dth=-0.026 gg=0.9977 fl=0.052 ret=0.970 shed=0.042 act=0.2077 flq=0.18
# PAIR t=60.0 p=26 d=1.449 pq=1:1 delta=+0.094 x=0.264 ratio=1.0128 dth=-0.023 gg=0.9889 fl=0.028 ret=0.941 shed=0.083 act=0.1142 flq=0.10
# PAIR t=60.0 p=27 d=1.527 pq=1:1 delta=+0.029 x=0.335 ratio=1.0034 dth=-0.003 gg=0.9987 fl=0.204 ret=0.984 shed=0.027 act=1.0599 flq=0.92
# PAIR t=60.0 p=28 d=1.236 pq=1:1 delta=+0.173 x=0.091 ratio=0.9838 dth=-0.090 gg=0.9705 fl=0.319 ret=0.783 shed=0.128 act=0.4645 flq=0.39
# PAIR t=60.0 p=29 d=1.171 pq=1:1 delta=+0.417 x=0.011 ratio=1.0005 dth=-0.084 gg=0.7887 fl=0.117 ret=0.142 shed=0.288 act=0.0919 flq=0.07
# PAIR t=60.0 p=30 d=1.482 pq=1:1 delta=+0.053 x=0.347 ratio=0.9601 dth=-0.152 gg=0.9362 fl=0.000 ret=0.970 shed=0.046 act=0.0000 flq=0.00
# PAIR t=60.0 p=31 d=1.517 pq=1:1 delta=+0.064 x=0.321 ratio=0.9826 dth=-0.091 gg=0.9820 fl=0.075 ret=0.965 shed=0.058 act=0.3817 flq=0.33
# PAIR t=60.0 p=32 d=1.402 pq=1:1 delta=+0.073 x=0.231 ratio=0.9953 dth=-0.032 gg=0.9946 fl=0.138 ret=0.949 shed=0.062 act=0.4745 flq=0.41
# PAIR t=60.0 p=33 d=1.398 pq=1:1 delta=+0.047 x=0.233 ratio=0.9952 dth=-0.021 gg=0.9977 fl=0.470 ret=0.967 shed=0.040 act=1.5919 flq=1.37
# PAIR t=60.0 p=34 d=1.416 pq=1:1 delta=+0.029 x=0.250 ratio=0.9784 dth=-0.045 gg=0.9954 fl=0.107 ret=0.981 shed=0.025 act=0.3884 flq=0.34
# PAIR t=60.0 p=35 d=1.486 pq=1:1 delta=+0.112 x=0.397 ratio=1.0137 dth=-0.050 gg=0.9873 fl=0.000 ret=0.935 shed=0.101 act=0.0000 flq=0.00
# PAIR t=60.0 p=36 d=1.506 pq=1:1 delta=+0.077 x=0.311 ratio=1.0195 dth=+0.051 gg=0.9629 fl=0.042 ret=0.957 shed=0.070 act=0.2067 flq=0.18
# PAIR t=60.0 p=37 d=1.139 pq=1:1 delta=+0.323 x=0.000 ratio=1.0001 dth=-0.246 gg=0.8752 fl=0.002 ret=0.002 shed=0.214 act=0.0009 flq=0.00
# PAIR t=60.0 p=38 d=1.314 pq=1:1 delta=+0.111 x=0.159 ratio=0.9719 dth=-0.084 gg=0.9846 fl=0.236 ret=0.901 shed=0.087 act=0.5498 flq=0.47
# PAIR t=60.0 p=39 d=1.521 pq=1:1 delta=+0.077 x=0.323 ratio=1.0006 dth=+0.018 gg=0.9814 fl=0.003 ret=0.958 shed=0.071 act=0.0150 flq=0.01
# PAIR t=60.0 p=40 d=1.242 pq=1:1 delta=+0.215 x=0.089 ratio=1.0010 dth=-0.108 gg=0.9547 fl=0.478 ret=0.739 shed=0.159 act=0.7225 flq=0.61
# PAIR t=60.0 p=41 d=1.248 pq=1:1 delta=+0.213 x=0.095 ratio=0.9857 dth=-0.109 gg=0.9555 fl=0.427 ret=0.751 shed=0.158 act=0.6759 flq=0.57
# PAIR t=60.0 p=42 d=1.243 pq=1:1 delta=+0.170 x=0.096 ratio=0.9949 dth=-0.087 gg=0.9716 fl=0.492 ret=0.793 shed=0.127 act=0.7501 flq=0.64
# PAIR t=60.0 p=43 d=1.503 pq=1:1 delta=+0.087 x=0.307 ratio=0.9873 dth=-0.617 gg=0.2610 fl=0.000 ret=0.951 shed=0.080 act=0.0007 flq=0.00
# PAIR t=60.0 p=44 d=1.281 pq=1:1 delta=+0.100 x=0.135 ratio=1.0062 dth=-0.049 gg=0.9901 fl=0.163 ret=0.899 shed=0.077 act=0.3180 flq=0.27
# PAIR t=60.0 p=45 d=1.320 pq=1:1 delta=+0.126 x=0.160 ratio=0.9867 dth=-0.071 gg=0.9839 fl=0.318 ret=0.890 shed=0.100 act=0.7651 flq=0.65
# PAIR t=60.0 p=46 d=1.377 pq=1:1 delta=+0.100 x=0.208 ratio=0.9991 dth=-0.051 gg=0.9901 fl=0.265 ret=0.926 shed=0.083 act=0.8238 flq=0.71
# PAIR t=60.0 p=47 d=1.518 pq=1:1 delta=+0.081 x=0.319 ratio=0.9995 dth=-0.031 gg=0.9931 fl=0.084 ret=0.955 shed=0.075 act=0.4277 flq=0.37
# PAIR t=60.0 p=48 d=1.517 pq=1:1 delta=+0.086 x=0.316 ratio=1.0068 dth=-0.028 gg=0.9918 fl=0.137 ret=0.953 shed=0.079 act=0.6946 flq=0.60
# PAIR t=60.0 p=49 d=1.174 pq=1:1 delta=+0.258 x=0.034 ratio=0.9976 dth=-0.118 gg=0.9348 fl=0.399 ret=0.478 shed=0.183 act=0.3276 flq=0.27
# PAIR t=60.0 p=50 d=1.250 pq=1:1 delta=+0.146 x=0.106 ratio=0.9863 dth=-0.082 gg=0.9785 fl=0.422 ret=0.828 shed=0.110 act=0.6776 flq=0.58
# PAIR t=60.0 p=51 d=1.401 pq=1:1 delta=+0.110 x=0.224 ratio=1.0112 dth=-0.045 gg=0.9875 fl=0.114 ret=0.924 shed=0.093 act=0.3919 flq=0.33
# PAIR t=60.0 p=52 d=1.187 pq=1:1 delta=+0.587 x=0.002 ratio=1.0028 dth=-0.388 gg=0.6823 fl=0.008 ret=0.009 shed=0.396 act=0.0079 flq=0.01
# PAIR t=60.0 p=53 d=1.228 pq=1:1 delta=+0.201 x=0.081 ratio=0.9898 dth=-0.102 gg=0.9605 fl=0.349 ret=0.737 shed=0.146 act=0.4759 flq=0.40
# PAIR t=60.0 p=54 d=1.208 pq=1:1 delta=+0.258 x=0.059 ratio=0.9603 dth=-0.118 gg=0.9349 fl=0.069 ret=0.618 shed=0.182 act=0.0794 flq=0.07
# PAIR t=60.0 p=55 d=1.518 pq=1:1 delta=+0.038 x=0.327 ratio=1.0054 dth=+0.017 gg=0.9933 fl=0.051 ret=0.979 shed=0.036 act=0.2572 flq=0.22
# PAIR t=60.0 p=56 d=1.464 pq=1:1 delta=+0.083 x=0.277 ratio=1.0030 dth=-0.030 gg=0.9927 fl=0.214 ret=0.950 shed=0.074 act=0.9188 flq=0.79
# PAIR t=60.0 p=57 d=1.162 pq=1:1 delta=+0.438 x=0.003 ratio=1.0018 dth=-0.338 gg=0.7794 fl=0.030 ret=0.030 shed=0.295 act=0.0209 flq=0.02
# PAIR t=60.0 p=58 d=1.192 pq=1:1 delta=+0.401 x=0.052 ratio=0.9967 dth=-0.182 gg=0.8501 fl=0.000 ret=0.334 shed=0.279 act=0.0000 flq=0.00
# PAIR t=60.0 p=59 d=1.445 pq=1:1 delta=+0.054 x=0.267 ratio=0.9995 dth=-0.027 gg=0.9971 fl=0.043 ret=0.966 shed=0.048 act=0.1742 flq=0.15
# RESULT pair_tongue |delta|<0.6: n=60 gg=0.904 ret=0.771 fl=0.169 | 0.6-1.2: n=0 gg=0.000 ret=0.000 fl=0.000 | >1.2: n=0 gg=0.000 ret=0.000 fl=0.000
