# cellfab — v89 cell-fabric kernel (no lattice, no prior code)
# cfg seed=20260727 mode=field init=hom
# cfg L=45 dmin=1 r0=0.85 rjit=0.06
# cfg C=1 w1=1.65 w2=2.9 q_detune=1.2 gamma_res=0.25 gamma_res_m=0.1 p_gate=8
# cfg lock_floor=0.005
# cfg k_dep=1.2 k_dep_m=2 cap=2.5 e_s0=1 es_floor=0.05
# cfg e_cond=0 f_conv=0.25 f_evap=0.5 s_pull=0.15
# cfg kappa_lock=1 kappa_align=0.5 kappa_freq=0 kappa_reac=0 sigma_tumble=0.01
# cfg space: s_k=0.06 s_disp=0.3 es_gx=0
# cfg dt=0.02 T=115 diag_every=50 snap_every=0
# cfg center=(8,-1,-1) amp=0.3 sigma=5 k=(1.1,0,0) prealign=0 noise_amp=0
# cfg music: comb_limit=1 rough_k=0.35 gamma_rough=0.5 mob_sym=1 mob_floor=0.004
# cfg field sector: two-component signed amplitude, unitary hops, field_J=1.8
# cfg ledger: mode=3 u=1.000e-12 (cellfabi INT_LEDGER)
# cfg hom: coupler x=[18,30] barrier=0.46 dx=6 solo=0 det=7
# action atom: A0=1.1500 (dbar=1.5103) mode=2 — eps(w)=A0*w/2pi; atoms at mode boundaries, transport continuous
# edge coloring: 29 colors for 550653 links
# hom: wire_cells=486 coupler_cells=66 sinks=41 wires_y=19.5/25.5 coupler_x=[18,30]
# fabric: cells=61001 channels=550653 mean_degree=18.05 box=45 dmin=1
# LEDGER seed mode=3 u=1.000e-12 E0_int=61042503387017619 NC=61001 NL=550653
# LEDGER seed mode=3 u=1.000e-12 E0_int=61042503387017619 NC=61001 NL=550653
# t	E_space	E_dense	E_field	E_transfer	E_total	rel_drift	live_ch	cm_x	cm_y	cm_z	contain	front_r	r_core	defA	r_far	r_ratio	w_core	w_far
0.000	61001	0	41.503387	0	61042.503387	0.000e+00	366709	0.000	0.000	0.000	0.000	18.3896	0.8532	0	0.8498	1.0040	1.65000	1.65000	11.5401	22.6096	22.5020	0	0	0	119.34	-0.23252	-2.4572
# CONV t=0.00 cond=0 evap=0 rough=0 back_s=0
# LEDGER t=0.000 mode=3 sum_err=0 max|E-iEu|=4.985e-13 run_max_diff=0.000e+00 run_max_sum_err=0 steps=0 E0_int=61042503387017619 sum=61042503387017619
1.000	61001	0.0347915558	41.4685955	0	61042.503387	1.192e-15	366708	0.000	0.000	0.000	0.000	18.6278	0.8531	-0.41685	0.8498	1.0039	7.60294	9.61163	12.0683	22.6121	22.4954	0	0	0	105.89	1.168	-2.4084
# CONV t=1.00 cond=0 evap=0 rough=0 back_s=0
# LEDGER t=1.000 mode=3 sum_err=0 max|E-iEu|=5.000e-13 run_max_diff=1.499e-12 run_max_sum_err=0 steps=50 E0_int=61042503387017619 sum=61042503387017619
# hom detectors: D1=37 cells D2=39 cells x=[36.5,43.4]
2.000	61001	0.0628184119	41.4405686	0	61042.503387	2.026e-15	366710	0.000	0.000	0.000	0.000	20.6589	0.8531	-0.95867	0.8498	1.0038	7.60294	9.61163	12.5244	22.6236	22.4911	0	0	0	85.368	5.2311	-2.0537
# CONV t=2.00 cond=0 evap=0 rough=0 back_s=0
# LEDGER t=2.000 mode=3 sum_err=0 max|E-iEu|=4.998e-13 run_max_diff=1.499e-12 run_max_sum_err=0 steps=100 E0_int=61042503387017619 sum=61042503387017619
3.000	61001	0.0673690318	41.436018	0	61042.503387	2.980e-15	366709	0.000	0.000	0.000	0.000	20.6589	0.8530	-1.2691	0.8498	1.0037	7.60294	9.61163	12.8913	22.6495	22.4923	0	0	0	68.551	8.5539	-0.16193
# CONV t=3.00 cond=0 evap=0 rough=0 back_s=0
# LEDGER t=3.000 mode=3 sum_err=0 max|E-iEu|=4.998e-13 run_max_diff=1.499e-12 run_max_sum_err=0 steps=150 E0_int=61042503387017619 sum=61042503387017619
4.000	61001	0.0735707895	41.4298162	0	61042.503387	2.980e-15	366710	0.000	0.000	0.000	0.000	20.9715	0.8529	-1.105	0.8498	1.0036	7.60294	9.61163	13.1903	22.6833	22.4989	0	0	0	55.527	6.5909	0.79145
# CONV t=4.00 cond=0 evap=0 rough=0 back_s=0
# LEDGER t=4.000 mode=3 sum_err=0 max|E-iEu|=5.000e-13 run_max_diff=1.499e-12 run_max_sum_err=0 steps=200 E0_int=61042503387017619 sum=61042503387017619
5.000	61001	0.0846325251	41.4187545	0	61042.503387	3.576e-15	366708	0.000	0.000	0.000	0.000	21.3202	0.8528	-0.84549	0.8498	1.0035	7.60294	9.61163	13.4361	22.7008	22.5048	0	0	0	44.48	-1.4882	0.45344
# CONV t=5.00 cond=0 evap=0 rough=0 back_s=0
# LEDGER t=5.000 mode=3 sum_err=0 max|E-iEu|=5.000e-13 run_max_diff=1.499e-12 run_max_sum_err=0 steps=250 E0_int=61042503387017619 sum=61042503387017619
6.000	61001	0.0959712432	41.4074158	0	61042.503387	5.245e-15	366708	0.000	0.000	0.000	0.000	21.3202	0.8527	-0.87617	0.8498	1.0034	7.60294	9.61163	13.6295	22.6799	22.5057	0	0	0	33.564	-11.06	-0.70429
# CONV t=6.00 cond=0 evap=0 rough=0 back_s=0
# LEDGER t=6.000 mode=3 sum_err=0 max|E-iEu|=5.000e-13 run_max_diff=1.499e-12 run_max_sum_err=0 steps=300 E0_int=61042503387017619 sum=61042503387017619
# QATOM t=6.50 dir=FD w=1.65 e=0.301996504517
7.000	61000.9547	0.451357494	41.0969723	0.000356676675	61042.503387	5.960e-15	366707	10.295	19.458	22.630	1.000	21.3202	0.8526	-0.69902	0.8498	1.0033	7.60225	9.61163	13.7968	22.6441	22.5029	-7.0731e-06	2.6605e-05	-0.00019341	23.519	-16.118	-0.73746
# CONV t=7.00 cond=0.301997 evap=0 rough=0 back_s=0
# LEDGER t=7.000 mode=3 sum_err=0 max|E-iEu|=5.000e-13 run_max_diff=1.499e-12 run_max_sum_err=0 steps=350 E0_int=61042503387017619 sum=61042503387017619
8.000	61000.9547	0.458061365	41.0898086	0.000816500756	61042.503387	6.556e-15	366700	10.295	19.459	22.628	1.000	21.3202	0.8526	-0.9836	0.8498	1.0033	7.60225	9.61163	13.8968	22.5706	22.5068	-8.2542e-05	3.629e-05	-0.00063238	16.129	-14.897	2.1212
# CONV t=8.00 cond=0.301997 evap=0 rough=0 back_s=0
# LEDGER t=8.000 mode=3 sum_err=0 max|E-iEu|=5.000e-13 run_max_diff=1.499e-12 run_max_sum_err=0 steps=400 E0_int=61042503387017619 sum=61042503387017619
9.000	61000.9547	0.471162558	41.0763221	0.00120183236	61042.503387	5.960e-15	366698	10.295	19.459	22.624	1.000	21.3202	0.8526	-1.25	0.8498	1.0033	7.60225	9.61163	13.9701	22.5092	22.5232	-8.0703e-06	-0.00012862	-0.00029616	12.216	-10.29	4.6208
# CONV t=9.00 cond=0.301997 evap=0 rough=0 back_s=0
# LEDGER t=9.000 mode=3 sum_err=0 max|E-iEu|=5.000e-13 run_max_diff=1.499e-12 run_max_sum_err=0 steps=450 E0_int=61042503387017619 sum=61042503387017619
10.000	61000.9547	0.49971998	41.0478156	0.00115087635	61042.503387	7.033e-15	366700	10.295	19.459	22.623	1.000	21.3202	0.8526	-1.514	0.8498	1.0033	7.60225	9.61163	14.0329	22.4733	22.5479	0.00012285	0.00028214	0.00011323	10.757	-5.255	4.5577
# CONV t=10.00 cond=0.301997 evap=0 rough=0 back_s=0
# LEDGER t=10.000 mode=3 sum_err=0 max|E-iEu|=5.000e-13 run_max_diff=1.499e-12 run_max_sum_err=0 steps=500 E0_int=61042503387017619 sum=61042503387017619
11.000	61000.8641	1.23957615	40.3985557	0.00115291952	61042.503387	8.940e-15	366702	10.991	21.809	23.222	1.000	21.5708	0.8525	-0.90159	0.8498	1.0032	7.60155	9.61163	14.1363	22.4559	22.5537	-0.00011207	-6.2878e-06	-5.8512e-05	9.9626	-0.72643	1.658
# CONV t=11.00 cond=0.905985 evap=0 rough=0 back_s=0
# LEDGER t=11.000 mode=3 sum_err=0 max|E-iEu|=5.000e-13 run_max_diff=1.499e-12 run_max_sum_err=0 steps=550 E0_int=61042503387017619 sum=61042503387017619
12.000	61000.8641	1.28833351	40.3443879	0.00656340138	61042.503387	7.152e-15	366703	10.992	21.818	23.223	1.000	21.8331	0.8525	-0.94029	0.8498	1.0031	7.60155	9.61163	14.2019	22.4658	22.5564	-2.7563e-07	-9.6085e-05	-0.00064942	9.2051	1.9657	-2.3221
# CONV t=12.00 cond=0.905985 evap=0 rough=0 back_s=0
# LEDGER t=12.000 mode=3 sum_err=0 max|E-iEu|=5.000e-13 run_max_diff=1.499e-12 run_max_sum_err=0 steps=600 E0_int=61042503387017619 sum=61042503387017619
13.000	61000.8641	1.33709986	40.2930565	0.00912840935	61042.503387	8.582e-15	366707	10.992	21.819	23.223	1.000	21.8331	0.8524	-1.0317	0.8498	1.0031	7.60155	9.61163	14.2647	22.4830	22.5433	-0.0010512	-0.00042664	-0.00089198	8.3122	2.3973	-3.5842
# CONV t=13.00 cond=0.905985 evap=0 rough=0 back_s=0
# LEDGER t=13.000 mode=3 sum_err=0 max|E-iEu|=5.000e-13 run_max_diff=1.499e-12 run_max_sum_err=0 steps=650 E0_int=61042503387017619 sum=61042503387017619
14.000	61000.8188	1.72493113	39.9488158	0.0108373512	61042.503387	9.416e-15	366705	13.191	22.921	22.968	1.000	21.8331	0.8524	-0.66506	0.8498	1.0030	7.60155	9.61163	14.2763	22.4687	22.5355	-0.0011813	-0.0014238	-0.00078163	6.9761	0.77102	-0.60866
# CONV t=14.00 cond=1.20798 evap=0 rough=0 back_s=0
# LEDGER t=14.000 mode=3 sum_err=0 max|E-iEu|=5.000e-13 run_max_diff=1.499e-12 run_max_sum_err=0 steps=700 E0_int=61042503387017619 sum=61042503387017619
15.000	61000.7735	2.10754291	39.6074944	0.0148464314	61042.503387	6.913e-15	366706	11.803	22.223	22.764	1.000	21.5708	0.8523	-0.23006	0.8498	1.0029	7.60086	9.61163	14.3790	22.4924	22.5471	-0.0011641	-0.0011814	-0.0010992	6.5343	-1.5592	3.8852
# CONV t=15.00 cond=1.50998 evap=0 rough=0 back_s=0
# LEDGER t=15.000 mode=3 sum_err=0 max|E-iEu|=5.000e-13 run_max_diff=1.499e-12 run_max_sum_err=0 steps=750 E0_int=61042503387017619 sum=61042503387017619
16.000	61000.6376	3.19779305	38.6483329	0.0196558689	61042.503387	7.509e-15	366702	11.892	21.339	22.475	1.000	21.5708	0.8522	1.4985	0.8498	1.0029	7.60016	9.61163	14.4790	22.5385	22.5789	-0.0024767	-0.00087341	0.00030482	6.2239	-5.0724	3.959
# CONV t=16.00 cond=2.41597 evap=0 rough=0 back_s=0
# LEDGER t=16.000 mode=3 sum_err=0 max|E-iEu|=5.000e-13 run_max_diff=1.500e-12 run_max_sum_err=0 steps=800 E0_int=61042503387017619 sum=61042503387017619
17.000	61000.5923	3.60371153	38.2652096	0.0421513323	61042.503387	5.721e-15	366699	12.846	21.905	22.469	0.887	23.5767	0.8522	2.2596	0.8498	1.0029	7.60015	9.61163	14.4853	22.4775	22.5886	0.0084532	0.0025611	0.0030942	6.137	-7.3137	-0.033655
# CONV t=17.00 cond=2.7179 evap=0 rough=0 back_s=0
# LEDGER t=17.000 mode=3 sum_err=0 max|E-iEu|=5.000e-13 run_max_diff=1.500e-12 run_max_sum_err=0 steps=850 E0_int=61042503387017619 sum=61042503387017619
18.000	61000.547	4.04092036	37.8581592	0.0572888424	61042.503387	4.649e-15	366701	12.276	21.675	22.483	0.893	22.7720	0.8522	2.8755	0.8498	1.0028	7.59945	9.61163	14.6119	22.4620	22.5787	0.010843	0.0057007	0.0088033	6.3729	-9.4667	-3.7165
# CONV t=18.00 cond=3.01988 evap=0 rough=0 back_s=0
# LEDGER t=18.000 mode=3 sum_err=0 max|E-iEu|=5.000e-13 run_max_diff=1.500e-12 run_max_sum_err=0 steps=900 E0_int=61042503387017619 sum=61042503387017619
19.000	61000.547	4.14287584	37.7524623	0.0610302586	61042.503387	2.980e-15	366701	12.287	21.684	22.484	0.887	24.2563	0.8522	2.8905	0.8498	1.0028	7.59945	9.61163	14.6718	22.4251	22.5581	0.0080383	0.0050618	0.0061652	3.1514	-7.4705	-4.9601
# CONV t=19.00 cond=3.01988 evap=0 rough=0 back_s=0
# LEDGER t=19.000 mode=3 sum_err=0 max|E-iEu|=5.000e-13 run_max_diff=1.500e-12 run_max_sum_err=0 steps=950 E0_int=61042503387017619 sum=61042503387017619
20.000	61000.5018	4.56897563	37.3669046	0.0656966868	61042.503387	3.218e-15	366702	13.087	22.077	22.550	0.800	24.2563	0.8522	3.338	0.8498	1.0028	7.59944	9.61163	14.6610	22.3785	22.5305	0.0045582	0.0019566	0.0012388	1.0726	-1.9944	-4.5814
# CONV t=20.00 cond=3.32127 evap=0 rough=0 back_s=0
# LEDGER t=20.000 mode=3 sum_err=0 max|E-iEu|=5.000e-13 run_max_diff=1.500e-12 run_max_sum_err=0 steps=1000 E0_int=61042503387017619 sum=61042503387017619
21.000	61000.5018	4.6272757	37.302375	0.0719261729	61042.503387	5.960e-16	366700	13.078	22.070	22.553	0.797	23.5767	0.8521	3.5151	0.8498	1.0027	7.59944	9.61163	14.6926	22.3852	22.5091	0.0063732	-0.00066037	0.0030051	3.0072	1.9623	-3.8965
# CONV t=21.00 cond=3.32127 evap=0 rough=0 back_s=0
# LEDGER t=21.000 mode=3 sum_err=0 max|E-iEu|=5.000e-13 run_max_diff=1.500e-12 run_max_sum_err=0 steps=1050 E0_int=61042503387017619 sum=61042503387017619
22.000	61000.4113	5.378418	36.6295787	0.0840947214	61042.503387	8.344e-16	366700	13.348	21.616	22.493	0.824	23.5767	0.8521	4.4838	0.8498	1.0027	7.59944	9.61163	14.7367	22.4602	22.4944	0.0059946	-0.0016137	0.0036352	5.2437	3.0766	-3.2574
# CONV t=22.00 cond=3.9247 evap=0 rough=0 back_s=0
# LEDGER t=22.000 mode=3 sum_err=0 max|E-iEu|=5.000e-13 run_max_diff=1.500e-12 run_max_sum_err=0 steps=1100 E0_int=61042503387017619 sum=61042503387017619
23.000	61000.366	5.70710216	36.2348394	0.195444837	61042.503387	-8.344e-16	366698	12.647	21.550	22.479	0.829	25.9354	0.8521	4.7837	0.8498	1.0027	7.59874	9.61163	14.8814	22.5058	22.4857	0.0045328	-0.0023932	0.015741	4.6479	2.5415	-0.27923
# CONV t=23.00 cond=4.22666 evap=0 rough=0 back_s=0
# LEDGER t=23.000 mode=3 sum_err=0 max|E-iEu|=5.000e-13 run_max_diff=1.500e-12 run_max_sum_err=0 steps=1150 E0_int=61042503387017619 sum=61042503387017619
24.000	61000.3207	6.19103927	35.8265701	0.165066729	61042.503387	1.073e-15	366692	13.182	21.736	22.494	0.840	25.9354	0.8521	5.0825	0.8498	1.0027	7.59874	9.61163	14.8839	22.5112	22.4912	0.016854	0.0030636	0.0077452	0.21814	1.1713	3.4393
# CONV t=24.00 cond=4.52859 evap=0 rough=0 back_s=0
# LEDGER t=24.000 mode=3 sum_err=0 max|E-iEu|=5.000e-13 run_max_diff=1.500e-12 run_max_sum_err=0 steps=1200 E0_int=61042503387017619 sum=61042503387017619
25.000	61000.2754	6.62684807	35.4296941	0.171429712	61042.503387	7.152e-16	366694	13.059	22.059	22.559	0.848	25.9354	0.8521	5.4137	0.8498	1.0026	7.59873	9.61163	14.9282	22.4834	22.5042	0.018133	0.005587	0.0025929	-3.7966	-1.0726	5.058
# CONV t=25.00 cond=4.83057 evap=0 rough=0 back_s=0
# LEDGER t=25.000 mode=3 sum_err=0 max|E-iEu|=5.000e-13 run_max_diff=1.500e-12 run_max_sum_err=0 steps=1250 E0_int=61042503387017619 sum=61042503387017619
26.000	61000.2301	6.9347431	35.052364	0.286157306	61042.503387	7.152e-16	366691	12.655	21.966	22.502	0.854	25.9354	0.8520	5.9098	0.8498	1.0026	7.59804	9.61163	15.0004	22.4942	22.5342	0.0038088	-0.014095	0.032171	-6.3498	-2.3839	2.7322
# CONV t=26.00 cond=5.13252 evap=0 rough=0 back_s=0
# LEDGER t=26.000 mode=3 sum_err=0 max|E-iEu|=5.000e-13 run_max_diff=1.500e-12 run_max_sum_err=0 steps=1300 E0_int=61042503387017619 sum=61042503387017619
27.000	61000.1396	7.68927121	34.3746608	0.299834512	61042.503387	8.344e-16	366689	12.522	21.993	22.501	0.871	25.9354	0.8519	6.667	0.8498	1.0025	7.59736	9.61163	15.0338	22.4799	22.5358	0.016348	-0.005314	0.0011207	-5.7571	-3.3342	-0.8203
# CONV t=27.00 cond=5.73586 evap=0 rough=0 back_s=0
# LEDGER t=27.000 mode=3 sum_err=0 max|E-iEu|=5.000e-13 run_max_diff=1.500e-12 run_max_sum_err=0 steps=1350 E0_int=61042503387017619 sum=61042503387017619
28.000	61000.0943	8.17558791	33.9767488	0.256725392	61042.503387	1.550e-15	366688	12.075	21.863	22.514	0.879	26.3641	0.8519	6.7958	0.8498	1.0025	7.59736	9.61163	15.1446	22.4898	22.5177	-0.0076409	0.023798	-0.0047247	-3.2139	-3.6579	-2.5618
# CONV t=28.00 cond=6.03783 evap=0 rough=0 back_s=0
# LEDGER t=28.000 mode=3 sum_err=0 max|E-iEu|=5.000e-13 run_max_diff=1.500e-12 run_max_sum_err=0 steps=1400 E0_int=61042503387017619 sum=61042503387017619
29.000	61000.049	8.61332864	33.5573441	0.283682073	61042.503387	-3.576e-16	366691	11.768	21.746	22.502	0.885	26.3641	0.8518	7.0988	0.8498	1.0024	7.59666	9.61163	15.2628	22.5086	22.5012	-0.021064	0.043623	-0.058075	-1.1732	-3.4745	-1.6102
# CONV t=29.00 cond=6.33979 evap=0 rough=0 back_s=0
# LEDGER t=29.000 mode=3 sum_err=0 max|E-iEu|=5.000e-13 run_max_diff=1.500e-12 run_max_sum_err=0 steps=1450 E0_int=61042503387017619 sum=61042503387017619
30.000	61000.0037	8.76839881	33.1348673	0.596388155	61042.503387	-1.311e-15	366691	11.907	22.014	22.446	0.886	27.0939	0.8518	7.5787	0.8498	1.0024	7.59667	9.61163	15.3081	22.4780	22.5025	-0.017955	0.086514	-0.11703	-0.2255	-2.8338	0.39144
# CONV t=30.00 cond=6.64178 evap=0 rough=0 back_s=0
# LEDGER t=30.000 mode=3 sum_err=0 max|E-iEu|=5.000e-13 run_max_diff=1.500e-12 run_max_sum_err=0 steps=1500 E0_int=61042503387017619 sum=61042503387017619
31.000	61000.0037	8.81103052	33.0272294	0.661394298	61042.503387	-3.576e-16	366692	11.778	21.886	22.381	0.884	27.0939	0.8518	7.6994	0.8498	1.0023	7.59672	9.61163	15.3498	22.4752	22.5034	-0.15485	0.186	-0.065935	-0.049969	-3.0243	1.5045
# CONV t=31.00 cond=6.64178 evap=0 rough=0 back_s=0
# LEDGER t=31.000 mode=3 sum_err=0 max|E-iEu|=5.000e-13 run_max_diff=1.500e-12 run_max_sum_err=0 steps=1550 E0_int=61042503387017619 sum=61042503387017619
32.000	61000.0037	9.21609222	32.9410307	0.34253128	61042.503387	1.073e-15	366692	11.771	22.038	22.416	0.890	27.0939	0.8518	7.6775	0.8498	1.0023	7.59673	9.61163	15.3830	22.4637	22.5095	-0.016781	0.0061294	-0.0031237	-0.10784	-3.7845	2.0912
# CONV t=32.00 cond=6.64178 evap=0 rough=0 back_s=0
# LEDGER t=32.000 mode=3 sum_err=0 max|E-iEu|=5.000e-13 run_max_diff=1.500e-12 run_max_sum_err=0 steps=1600 E0_int=61042503387017619 sum=61042503387017619
33.000	60999.9584	9.67715854	32.5756442	0.29215054	61042.503387	-8.344e-16	366691	11.790	22.173	22.404	0.895	27.0939	0.8517	8.0329	0.8498	1.0022	7.59603	9.61163	15.4477	22.4160	22.5235	-0.0074316	-0.011477	0.0023722	0.9351	-4.3243	2.096
# CONV t=33.00 cond=6.94377 evap=0 rough=0 back_s=0
# LEDGER t=33.000 mode=3 sum_err=0 max|E-iEu|=5.000e-13 run_max_diff=1.500e-12 run_max_sum_err=0 steps=1650 E0_int=61042503387017619 sum=61042503387017619
34.000	60999.9584	9.75804022	32.5283386	0.25857438	61042.503387	9.536e-16	366690	11.833	22.162	22.407	0.896	27.0939	0.8517	8.0998	0.8498	1.0022	7.59601	9.61163	15.4794	22.3924	22.5368	0.003301	-0.025436	0.01682	2.2721	-4.016	2.7026
# CONV t=34.00 cond=6.94377 evap=0 rough=0 back_s=0
# LEDGER t=34.000 mode=3 sum_err=0 max|E-iEu|=5.000e-13 run_max_diff=1.500e-12 run_max_sum_err=0 steps=1700 E0_int=61042503387017619 sum=61042503387017619
35.000	60999.9584	9.81893779	32.4855493	0.24046614	61042.503387	-3.576e-16	366689	11.847	22.142	22.413	0.896	27.9132	0.8517	8.2076	0.8498	1.0022	7.59600	9.61163	15.5168	22.3771	22.5513	0.011067	-0.034134	0.013009	4.1394	-1.9505	2.0296
# CONV t=35.00 cond=6.94377 evap=0 rough=0 back_s=0
# LEDGER t=35.000 mode=3 sum_err=0 max|E-iEu|=5.000e-13 run_max_diff=1.500e-12 run_max_sum_err=0 steps=1750 E0_int=61042503387017619 sum=61042503387017619
36.000	60999.9132	9.97694248	32.1349375	0.478341721	61042.503387	5.960e-16	366686	11.779	22.330	22.432	0.898	28.1107	0.8517	8.8094	0.8498	1.0022	7.59597	9.61163	15.5901	22.3507	22.5575	0.021658	-0.037826	0.005391	6.0346	0.37482	0.084567
# CONV t=36.00 cond=7.24556 evap=0 rough=0 back_s=0
# LEDGER t=36.000 mode=3 sum_err=0 max|E-iEu|=5.000e-13 run_max_diff=1.500e-12 run_max_sum_err=0 steps=1800 E0_int=61042503387017619 sum=61042503387017619
37.000	60999.8301	10.5538611	31.5199897	0.599470428	61042.503387	1.788e-15	366684	11.901	22.151	22.394	0.903	28.6518	0.8517	9.6336	0.8498	1.0022	7.59553	9.61163	15.7009	22.4021	22.5689	0.06349	-0.12467	-0.004689	6.2281	0.51176	-1.3975
# CONV t=37.00 cond=7.79956 evap=0 rough=0 back_s=0
# LEDGER t=37.000 mode=3 sum_err=0 max|E-iEu|=5.000e-13 run_max_diff=1.500e-12 run_max_sum_err=0 steps=1850 E0_int=61042503387017619 sum=61042503387017619
38.000	60999.8301	10.5167044	31.4465619	0.710054818	61042.503387	1.192e-16	366686	11.919	22.033	22.392	0.902	28.6518	0.8517	9.6629	0.8498	1.0022	7.59555	9.61163	15.7638	22.4068	22.5616	0.053223	-0.1465	0.10169	5.7603	-1.0641	-1.3714
# CONV t=38.00 cond=7.79956 evap=0 rough=0 back_s=0
# LEDGER t=38.000 mode=3 sum_err=0 max|E-iEu|=5.000e-13 run_max_diff=1.500e-12 run_max_sum_err=0 steps=1900 E0_int=61042503387017619 sum=61042503387017619
39.000	60999.7848	11.1654648	31.064784	0.488337681	61042.503387	5.960e-16	366685	11.798	21.955	22.390	0.907	29.3973	0.8516	10.151	0.8498	1.0021	7.59491	9.61163	15.8809	22.4256	22.5685	0.039186	-0.064806	0.033815	5.1994	-2.9432	0.34024
# CONV t=39.00 cond=8.10133 evap=0 rough=0 back_s=0
# LEDGER t=39.000 mode=3 sum_err=0 max|E-iEu|=5.000e-13 run_max_diff=1.500e-12 run_max_sum_err=0 steps=1950 E0_int=61042503387017619 sum=61042503387017619
40.000	60999.7848	11.3525365	30.9882566	0.377793312	61042.503387	1.788e-15	366687	11.817	21.949	22.400	0.908	29.9923	0.8516	10.127	0.8498	1.0021	7.59493	9.61163	15.9392	22.4078	22.5720	0.013398	-0.029571	0.02341	4.657	-3.1034	1.0467
# CONV t=40.00 cond=8.10133 evap=0 rough=0 back_s=0
# LEDGER t=40.000 mode=3 sum_err=0 max|E-iEu|=5.000e-13 run_max_diff=1.500e-12 run_max_sum_err=0 steps=2000 E0_int=61042503387017619 sum=61042503387017619
41.000	60999.7487	11.741383	30.684318	0.32903093	61042.503387	-1.073e-15	366687	11.699	21.874	22.407	0.911	29.9923	0.8515	10.477	0.8498	1.0020	7.59455	9.61163	16.0551	22.4137	22.5809	0.011496	-0.010957	0.010954	3.5208	-1.4566	1.2637
# CONV t=41.00 cond=8.3423 evap=0 rough=0 back_s=0
# LEDGER t=41.000 mode=3 sum_err=0 max|E-iEu|=5.000e-13 run_max_diff=1.500e-12 run_max_sum_err=0 steps=2050 E0_int=61042503387017619 sum=61042503387017619
42.000	60999.7487	11.8183382	30.6408979	0.295495876	61042.503387	9.536e-16	366693	11.714	21.871	22.403	0.911	29.9923	0.8515	10.36	0.8498	1.0020	7.59454	9.61163	16.0826	22.4053	22.5922	0.0079454	0.012877	-0.0053653	1.2769	-0.68206	1.4857
# CONV t=42.00 cond=8.3423 evap=0 rough=0 back_s=0
# LEDGER t=42.000 mode=3 sum_err=0 max|E-iEu|=5.000e-13 run_max_diff=1.500e-12 run_max_sum_err=0 steps=2100 E0_int=61042503387017619 sum=61042503387017619
43.000	60999.7064	11.9341482	30.3330361	0.529754766	61042.503387	-7.152e-16	366696	11.568	22.099	22.434	0.912	29.9923	0.8515	10.53	0.8498	1.0020	7.59452	9.61163	16.1309	22.3606	22.5962	-0.0025072	0.0058142	-0.010219	-1.9935	-0.10095	1.8369
# CONV t=43.00 cond=8.62368 evap=0 rough=0 back_s=0
# LEDGER t=43.000 mode=3 sum_err=0 max|E-iEu|=5.000e-13 run_max_diff=1.500e-12 run_max_sum_err=0 steps=2150 E0_int=61042503387017619 sum=61042503387017619
44.000	60999.7064	11.9455707	30.3100299	0.541338512	61042.503387	-2.384e-16	366699	11.574	22.084	22.428	0.912	30.8865	0.8515	10.306	0.8498	1.0019	7.59451	9.61163	16.1156	22.3590	22.6114	-0.019235	0.0169	-0.006502	-4.764	0.14918	2.2813
# CONV t=44.00 cond=8.62368 evap=0 rough=0 back_s=0
# LEDGER t=44.000 mode=3 sum_err=0 max|E-iEu|=5.000e-13 run_max_diff=1.500e-12 run_max_sum_err=0 steps=2200 E0_int=61042503387017619 sum=61042503387017619
45.000	60999.7064	12.0402071	30.2730496	0.483682323	61042.503387	-4.768e-16	366696	11.601	22.081	22.429	0.912	31.0307	0.8514	10.162	0.8498	1.0019	7.59450	9.61163	16.0936	22.3596	22.6271	-0.0024054	-0.0049872	0.0027587	-6.5327	-0.22917	2.0007
# CONV t=45.00 cond=8.62368 evap=0 rough=0 back_s=0
# LEDGER t=45.000 mode=3 sum_err=0 max|E-iEu|=5.000e-13 run_max_diff=1.500e-12 run_max_sum_err=0 steps=2250 E0_int=61042503387017619 sum=61042503387017619
46.000	60999.7064	12.1322609	30.2133288	0.451349318	61042.503387	-7.152e-16	366692	11.614	22.058	22.428	0.913	31.2603	0.8514	10.123	0.8498	1.0018	7.59449	9.61163	16.0740	22.3601	22.6360	-0.004778	-0.027863	0.016591	-7.041	-1.1943	0.40523
# CONV t=46.00 cond=8.62368 evap=0 rough=0 back_s=0
# LEDGER t=46.000 mode=3 sum_err=0 max|E-iEu|=5.000e-13 run_max_diff=1.500e-12 run_max_sum_err=0 steps=2300 E0_int=61042503387017619 sum=61042503387017619
47.000	60999.6611	12.6002388	29.8333267	0.408672733	61042.503387	5.960e-16	366686	11.618	22.220	22.419	0.916	31.2603	0.8514	10.599	0.8498	1.0018	7.59447	9.61163	16.1150	22.3088	22.6342	0.0074389	-0.025181	0.0082114	-6.1511	-2.2555	-1.9944
# CONV t=47.00 cond=8.92568 evap=0 rough=0 back_s=0
# LEDGER t=47.000 mode=3 sum_err=0 max|E-iEu|=5.000e-13 run_max_diff=1.500e-12 run_max_sum_err=0 steps=2350 E0_int=61042503387017619 sum=61042503387017619
48.000	60999.6159	13.0341904	29.4466139	0.406682207	61042.503387	1.669e-15	366684	11.520	22.101	22.415	0.919	32.9525	0.8513	11.136	0.8498	1.0018	7.59379	9.61163	16.1974	22.3380	22.6090	0.02585	-0.051005	0.016038	-4.6109	-2.2241	-3.8689
# CONV t=48.00 cond=9.22733 evap=0 rough=0 back_s=0
# LEDGER t=48.000 mode=3 sum_err=0 max|E-iEu|=5.000e-13 run_max_diff=1.500e-12 run_max_sum_err=0 steps=2400 E0_int=61042503387017619 sum=61042503387017619
49.000	60999.5706	13.3386818	29.0627475	0.531326934	61042.503387	2.026e-15	366681	11.273	22.025	22.370	0.920	32.9525	0.8513	11.612	0.8498	1.0017	7.59309	9.61163	16.3205	22.3600	22.5914	-0.068005	-0.10659	0.115	-2.7727	-2.3211	-3.3695
# CONV t=49.00 cond=9.52913 evap=0 rough=0 back_s=0
# LEDGER t=49.000 mode=3 sum_err=0 max|E-iEu|=5.000e-13 run_max_diff=1.500e-12 run_max_sum_err=0 steps=2450 E0_int=61042503387017619 sum=61042503387017619
50.000	60999.4803	13.9676473	28.3872775	0.668185906	61042.503387	-1.430e-15	366680	11.185	22.202	22.458	0.924	34.4053	0.8512	12.445	0.8498	1.0016	7.59174	9.61163	16.4519	22.2996	22.5480	0.023727	-0.0086326	-0.019994	-1.0741	-1.4697	-2.6996
# CONV t=50.00 cond=10.1315 evap=0 rough=0 back_s=0
# LEDGER t=50.000 mode=3 sum_err=0 max|E-iEu|=5.000e-13 run_max_diff=1.500e-12 run_max_sum_err=0 steps=2500 E0_int=61042503387017619 sum=61042503387017619
51.000	60999.4352	14.4077739	28.0234362	0.637016826	61042.503387	-1.073e-15	366677	11.243	22.308	22.426	0.926	34.4053	0.8511	12.832	0.8498	1.0016	7.59174	9.61163	16.5168	22.2664	22.5393	0.0025116	-0.04848	0.041125	0.78081	0.14866	-2.7432
# CONV t=51.00 cond=10.4323 evap=0 rough=0 back_s=0
# LEDGER t=51.000 mode=3 sum_err=0 max|E-iEu|=5.000e-13 run_max_diff=1.500e-12 run_max_sum_err=0 steps=2550 E0_int=61042503387017619 sum=61042503387017619
52.000	60999.4352	14.4423041	27.966727	0.659195759	61042.503387	1.907e-15	366677	11.266	22.293	22.426	0.926	34.4053	0.8511	12.929	0.8498	1.0015	7.59174	9.61163	16.5441	22.2802	22.5201	0.013612	-0.029247	0.035299	2.234	1.539	-2.5716
# CONV t=52.00 cond=10.4323 evap=0 rough=0 back_s=0
# LEDGER t=52.000 mode=3 sum_err=0 max|E-iEu|=5.000e-13 run_max_diff=1.500e-12 run_max_sum_err=0 steps=2600 E0_int=61042503387017619 sum=61042503387017619
53.000	60999.3934	14.5921022	27.6326971	0.885199253	61042.503387	-2.384e-16	366676	11.228	22.266	22.455	0.926	34.4053	0.8511	13.268	0.8498	1.0015	7.59116	9.61163	16.7055	22.3225	22.5130	-0.12164	-0.048937	0.23904	4.0966	2.4007	-0.25878
# CONV t=53.00 cond=10.7107 evap=0 rough=0 back_s=0
# LEDGER t=53.000 mode=3 sum_err=0 max|E-iEu|=5.000e-13 run_max_diff=1.500e-12 run_max_sum_err=0 steps=2650 E0_int=61042503387017619 sum=61042503387017619
54.000	60999.3934	14.7885008	27.5765611	0.744936661	61042.503387	1.192e-15	366679	11.120	22.257	22.437	0.925	34.4114	0.8510	13.193	0.8498	1.0014	7.59120	9.61163	16.7596	22.3515	22.5250	0.00878	0.07674	-0.0042615	6.6348	3.3831	2.7905
# CONV t=54.00 cond=10.7107 evap=0 rough=0 back_s=0
# LEDGER t=54.000 mode=3 sum_err=0 max|E-iEu|=5.000e-13 run_max_diff=1.500e-12 run_max_sum_err=0 steps=2700 E0_int=61042503387017619 sum=61042503387017619
55.000	60999.3934	14.997876	27.5225708	0.58955179	61042.503387	1.192e-15	366674	11.116	22.210	22.455	0.927	34.4114	0.8510	13.062	0.8498	1.0014	7.59120	9.61163	16.8288	22.3835	22.5538	-0.011447	0.023682	-0.0050074	8.8686	3.2411	4.0377
# CONV t=55.00 cond=10.7107 evap=0 rough=0 back_s=0
# LEDGER t=55.000 mode=3 sum_err=0 max|E-iEu|=5.000e-13 run_max_diff=1.500e-12 run_max_sum_err=0 steps=2750 E0_int=61042503387017619 sum=61042503387017619
56.000	60999.3934	14.8158998	27.4736612	0.820437595	61042.503387	-5.960e-16	366677	11.029	22.252	22.450	0.924	34.4114	0.8510	12.851	0.8498	1.0014	7.59118	9.61163	16.9040	22.4078	22.5809	0.0029281	-0.00743	-0.006574	9.3052	1.6101	2.8998
# CONV t=56.00 cond=10.7107 evap=0 rough=0 back_s=0
# LEDGER t=56.000 mode=3 sum_err=0 max|E-iEu|=5.000e-13 run_max_diff=1.500e-12 run_max_sum_err=0 steps=2800 E0_int=61042503387017619 sum=61042503387017619
57.000	60999.3934	14.9276566	27.4286952	0.753646777	61042.503387	-1.788e-15	366681	11.052	22.244	22.454	0.923	34.4114	0.8510	12.672	0.8498	1.0014	7.59116	9.61163	16.9745	22.4142	22.5941	0.010102	0.011758	-0.0083885	8.6911	-0.8563	0.85996
# CONV t=57.00 cond=10.7107 evap=0 rough=0 back_s=0
# LEDGER t=57.000 mode=3 sum_err=0 max|E-iEu|=5.000e-13 run_max_diff=1.500e-12 run_max_sum_err=0 steps=2850 E0_int=61042503387017619 sum=61042503387017619
58.000	60999.3934	15.0326678	27.383201	0.694129714	61042.503387	1.550e-15	366679	11.060	22.233	22.455	0.924	34.4114	0.8510	12.64	0.8498	1.0014	7.59113	9.61163	17.0373	22.4020	22.5924	0.0035152	0.04647	-0.039844	7.6859	-2.6678	-0.83971
# CONV t=58.00 cond=10.7107 evap=0 rough=0 back_s=0
# LEDGER t=58.000 mode=3 sum_err=0 max|E-iEu|=5.000e-13 run_max_diff=1.500e-12 run_max_sum_err=0 steps=2900 E0_int=61042503387017619 sum=61042503387017619
59.000	60999.3934	15.0971263	27.3328965	0.679975788	61042.503387	1.669e-15	366677	11.093	22.228	22.459	0.923	34.4114	0.8511	12.684	0.8498	1.0015	7.59110	9.61163	17.0895	22.3826	22.5783	-0.0083304	0.068703	0.0090704	5.1381	-2.6044	-1.844
# CONV t=59.00 cond=10.7107 evap=0 rough=0 back_s=0
# LEDGER t=59.000 mode=3 sum_err=0 max|E-iEu|=5.000e-13 run_max_diff=1.500e-12 run_max_sum_err=0 steps=2950 E0_int=61042503387017619 sum=61042503387017619
60.000	60999.3032	15.8843959	26.6744286	0.641345386	61042.503387	3.576e-16	366681	11.241	22.452	22.431	0.927	34.4114	0.8511	13.526	0.8498	1.0015	7.59112	9.61163	17.1886	22.2996	22.5673	-0.027649	-0.02878	0.031865	0.99047	-0.1822	-1.6393
# CONV t=60.00 cond=11.3119 evap=0 rough=0 back_s=0
# LEDGER t=60.000 mode=3 sum_err=0 max|E-iEu|=5.000e-13 run_max_diff=1.500e-12 run_max_sum_err=0 steps=3000 E0_int=61042503387017619 sum=61042503387017619
61.000	60999.3032	15.4833034	26.6109938	1.10587275	61042.503387	-9.536e-16	366681	11.223	22.440	22.388	0.926	34.4114	0.8511	13.565	0.8498	1.0015	7.59111	9.61163	17.1970	22.3040	22.5537	-0.11504	0.18148	-0.093272	-1.9919	0.61098	-0.31191
# CONV t=61.00 cond=11.3119 evap=0 rough=0 back_s=0
# LEDGER t=61.000 mode=3 sum_err=0 max|E-iEu|=5.000e-13 run_max_diff=1.500e-12 run_max_sum_err=0 steps=3050 E0_int=61042503387017619 sum=61042503387017619
62.000	60999.3032	15.6729674	26.5468327	0.980369795	61042.503387	1.192e-16	366680	11.252	22.452	22.409	0.927	34.4114	0.8511	13.602	0.8498	1.0015	7.59108	9.61163	17.1896	22.3113	22.5516	-0.075806	-0.030046	0.040183	-3.3948	0.51252	0.91012
# CONV t=62.00 cond=11.3119 evap=0 rough=0 back_s=0
# LEDGER t=62.000 mode=3 sum_err=0 max|E-iEu|=5.000e-13 run_max_diff=1.500e-12 run_max_sum_err=0 steps=3100 E0_int=61042503387017619 sum=61042503387017619
63.000	60999.2579	16.1054052	26.1874218	0.952634994	61042.503387	3.576e-16	366677	11.015	22.353	22.437	0.929	34.4114	0.8510	14.081	0.8498	1.0014	7.59038	9.61163	17.3043	22.3693	22.5463	-0.025368	0.001408	0.0034542	-3.9253	0.6818	0.62177
# CONV t=63.00 cond=11.6138 evap=0 rough=0 back_s=0
# LEDGER t=63.000 mode=3 sum_err=0 max|E-iEu|=5.000e-13 run_max_diff=1.500e-12 run_max_sum_err=0 steps=3150 E0_int=61042503387017619 sum=61042503387017619
64.000	60999.2579	16.3648802	26.1383901	0.742191674	61042.503387	-2.384e-16	366682	11.053	22.357	22.439	0.930	34.4114	0.8510	14.061	0.8498	1.0014	7.59037	9.61163	17.2830	22.3826	22.5450	-0.0068618	-0.034566	-0.015423	-4.5894	1.4848	-0.25614
# CONV t=64.00 cond=11.6138 evap=0 rough=0 back_s=0
# LEDGER t=64.000 mode=3 sum_err=0 max|E-iEu|=5.000e-13 run_max_diff=1.500e-12 run_max_sum_err=0 steps=3200 E0_int=61042503387017619 sum=61042503387017619
65.000	60999.2579	16.05972	26.0893791	1.09636291	61042.503387	-2.026e-15	366685	11.084	22.304	22.457	0.928	34.4114	0.8510	14.17	0.8498	1.0014	7.59035	9.61163	17.2564	22.4083	22.5412	0.020206	-0.087244	-0.036115	-4.8661	3.2032	0.10209
# CONV t=65.00 cond=11.6138 evap=0 rough=0 back_s=0
# LEDGER t=65.000 mode=3 sum_err=0 max|E-iEu|=5.000e-13 run_max_diff=1.500e-12 run_max_sum_err=0 steps=3250 E0_int=61042503387017619 sum=61042503387017619
66.000	60999.2182	16.4962955	25.7632952	1.02554941	61042.503387	1.788e-15	366687	11.191	22.467	22.424	0.930	34.4053	0.8510	14.694	0.8498	1.0014	7.59035	9.61163	17.2829	22.4096	22.5514	0.032878	-0.16053	-0.067469	-3.8998	5.6183	1.5232
# CONV t=66.00 cond=11.8784 evap=0 rough=0 back_s=0
# LEDGER t=66.000 mode=3 sum_err=0 max|E-iEu|=5.000e-13 run_max_diff=1.500e-12 run_max_sum_err=0 steps=3300 E0_int=61042503387017619 sum=61042503387017619
67.000	60999.2182	16.8576361	25.6839837	0.74352028	61042.503387	1.311e-15	366687	11.119	22.416	22.411	0.932	34.4053	0.8510	14.775	0.8498	1.0014	7.59037	9.61163	17.2784	22.4681	22.5631	-0.0036159	-0.041511	-0.022916	-3.0713	6.1352	2.1272
# CONV t=67.00 cond=11.8784 evap=0 rough=0 back_s=0
# LEDGER t=67.000 mode=3 sum_err=0 max|E-iEu|=5.000e-13 run_max_diff=1.500e-12 run_max_sum_err=0 steps=3350 E0_int=61042503387017619 sum=61042503387017619
68.000	60999.2182	17.0598641	25.5947033	0.630572753	61042.503387	0.000e+00	366684	11.122	22.386	22.418	0.934	34.4053	0.8510	14.755	0.8498	1.0014	7.59035	9.61163	17.2886	22.5177	22.5748	0.0084571	-0.031764	0.0024149	-2.7896	3.9982	1.6956
# CONV t=68.00 cond=11.8784 evap=0 rough=0 back_s=0
# LEDGER t=68.000 mode=3 sum_err=0 max|E-iEu|=5.000e-13 run_max_diff=1.500e-12 run_max_sum_err=0 steps=3400 E0_int=61042503387017619 sum=61042503387017619
69.000	60999.2182	16.7082485	25.5108188	1.06607287	61042.503387	-1.788e-15	366687	11.068	22.442	22.407	0.931	34.4053	0.8510	14.695	0.8498	1.0014	7.59031	9.61163	17.3017	22.5451	22.5811	-0.014482	-0.09276	0.07977	-2.5457	1.7234	0.94939
# CONV t=69.00 cond=11.8784 evap=0 rough=0 back_s=0
# LEDGER t=69.000 mode=3 sum_err=0 max|E-iEu|=5.000e-13 run_max_diff=1.500e-12 run_max_sum_err=0 steps=3450 E0_int=61042503387017619 sum=61042503387017619
70.000	60999.2182	16.7718723	25.4440863	1.06918159	61042.503387	9.536e-16	366684	11.089	22.429	22.409	0.931	34.4053	0.8511	14.678	0.8498	1.0015	7.59034	9.61163	17.3104	22.5553	22.5802	-0.029607	-0.014107	-0.033622	-1.5336	0.68383	-0.47077
# CONV t=70.00 cond=11.8784 evap=0 rough=0 back_s=0
# LEDGER t=70.000 mode=3 sum_err=0 max|E-iEu|=5.000e-13 run_max_diff=1.500e-12 run_max_sum_err=0 steps=3500 E0_int=61042503387017619 sum=61042503387017619
71.000	60999.2182	16.7991318	25.3950375	1.09097087	61042.503387	-1.192e-16	366681	11.098	22.433	22.406	0.931	34.4053	0.8511	14.697	0.8498	1.0015	7.59033	9.61163	17.3179	22.5544	22.5671	-0.056092	0.024607	-0.032694	-0.13158	-0.34156	-2.5967
# CONV t=71.00 cond=11.8784 evap=0 rough=0 back_s=0
# LEDGER t=71.000 mode=3 sum_err=0 max|E-iEu|=5.000e-13 run_max_diff=1.500e-12 run_max_sum_err=0 steps=3550 E0_int=61042503387017619 sum=61042503387017619
72.000	60999.2182	16.7730023	25.3544134	1.15772445	61042.503387	-3.576e-16	366682	11.075	22.435	22.392	0.933	34.4053	0.8511	14.695	0.8498	1.0015	7.59027	9.61163	17.3281	22.5414	22.5406	-0.04696	0.0087763	0.035514	0.52568	-2.0734	-3.753
# CONV t=72.00 cond=11.8784 evap=0 rough=0 back_s=0
# LEDGER t=72.000 mode=3 sum_err=0 max|E-iEu|=5.000e-13 run_max_diff=1.500e-12 run_max_sum_err=0 steps=3600 E0_int=61042503387017619 sum=61042503387017619
73.000	60999.173	17.2264757	25.0087243	1.09520455	61042.503387	-2.146e-15	366685	11.122	22.491	22.405	0.936	34.4053	0.8511	15.021	0.8498	1.0015	7.59028	9.61163	17.3889	22.4776	22.5154	-0.012779	-0.039318	0.075487	0.35152	-3.6383	-2.369
# CONV t=73.00 cond=12.1801 evap=0 rough=0 back_s=0
# LEDGER t=73.000 mode=3 sum_err=0 max|E-iEu|=5.000e-13 run_max_diff=1.500e-12 run_max_sum_err=0 steps=3650 E0_int=61042503387017619 sum=61042503387017619
74.000	60999.173	17.3381513	24.953652	1.03860122	61042.503387	-4.768e-16	366684	11.032	22.417	22.419	0.946	34.4053	0.8511	15.113	0.8498	1.0015	7.59028	9.61163	17.4056	22.4506	22.4990	0.018533	-0.062628	0.15719	-0.19111	-3.0254	-0.33872
# CONV t=74.00 cond=12.1801 evap=0 rough=0 back_s=0
# LEDGER t=74.000 mode=3 sum_err=0 max|E-iEu|=5.000e-13 run_max_diff=1.500e-12 run_max_sum_err=0 steps=3700 E0_int=61042503387017619 sum=61042503387017619
75.000	60999.173	17.5378473	24.8871716	0.905385552	61042.503387	4.768e-16	366680	11.156	22.433	22.428	0.937	34.4053	0.8511	15.186	0.8498	1.0015	7.59035	9.61163	17.4234	22.4408	22.4934	-0.018078	-0.0085777	0.0078633	-1.0559	-0.2205	0.43005
# CONV t=75.00 cond=12.1801 evap=0 rough=0 back_s=0
# LEDGER t=75.000 mode=3 sum_err=0 max|E-iEu|=5.000e-13 run_max_diff=1.500e-12 run_max_sum_err=0 steps=3750 E0_int=61042503387017619 sum=61042503387017619
76.000	60999.173	17.4607691	24.8167198	1.05291554	61042.503387	-2.026e-15	366679	11.074	22.463	22.437	0.936	34.4053	0.8511	15.268	0.8498	1.0015	7.59032	9.61163	17.4352	22.4574	22.4899	0.030473	-0.0074487	0.013978	-1.9268	2.9618	-0.099617
# CONV t=76.00 cond=12.1801 evap=0 rough=0 back_s=0
# LEDGER t=76.000 mode=3 sum_err=0 max|E-iEu|=5.000e-13 run_max_diff=1.500e-12 run_max_sum_err=0 steps=3800 E0_int=61042503387017619 sum=61042503387017619
77.000	60999.173	17.4971881	24.753106	1.08011033	61042.503387	2.622e-15	366681	11.061	22.464	22.439	0.935	34.4114	0.8511	15.414	0.8498	1.0015	7.59022	9.61163	17.4370	22.4935	22.4850	0.0099828	0.026489	0.0094623	-2.0399	4.531	-0.57857
# CONV t=77.00 cond=12.1801 evap=0 rough=0 back_s=0
# LEDGER t=77.000 mode=3 sum_err=0 max|E-iEu|=5.000e-13 run_max_diff=1.500e-12 run_max_sum_err=0 steps=3850 E0_int=61042503387017619 sum=61042503387017619
78.000	60999.173	17.4203988	24.7034271	1.2065786	61042.503387	-1.311e-15	366684	11.062	22.398	22.455	0.935	34.4114	0.8511	15.486	0.8498	1.0015	7.59014	9.61163	17.4338	22.5347	22.4806	0.040828	0.056403	-0.040034	-0.90358	4.409	-0.58612
# CONV t=78.00 cond=12.1801 evap=0 rough=0 back_s=0
# LEDGER t=78.000 mode=3 sum_err=0 max|E-iEu|=5.000e-13 run_max_diff=1.500e-12 run_max_sum_err=0 steps=3900 E0_int=61042503387017619 sum=61042503387017619
79.000	60999.173	17.2504047	24.6660122	1.41398768	61042.503387	-1.192e-16	366685	11.036	22.422	22.430	0.933	34.4114	0.8511	15.378	0.8498	1.0015	7.59009	9.61163	17.4355	22.5701	22.4762	-0.0070441	-0.10446	0.082504	0.70231	3.1192	-0.54649
# CONV t=79.00 cond=12.1801 evap=0 rough=0 back_s=0
# LEDGER t=79.000 mode=3 sum_err=0 max|E-iEu|=5.000e-13 run_max_diff=1.500e-12 run_max_sum_err=0 steps=3950 E0_int=61042503387017619 sum=61042503387017619
80.000	60999.173	17.0814676	24.6311587	1.61777821	61042.503387	-2.384e-16	366688	11.057	22.373	22.397	0.933	34.4114	0.8511	15.215	0.8498	1.0015	7.59009	9.61163	17.4466	22.5921	22.4713	0.054768	0.094323	-0.073987	1.5889	1.0316	-0.16712
# CONV t=80.00 cond=12.1801 evap=0 rough=0 back_s=0
# LEDGER t=80.000 mode=3 sum_err=0 max|E-iEu|=5.000e-13 run_max_diff=1.500e-12 run_max_sum_err=0 steps=4000 E0_int=61042503387017619 sum=61042503387017619
81.000	60999.173	17.5496864	24.5880966	1.1926215	61042.503387	1.192e-16	366691	11.096	22.420	22.382	0.935	34.4053	0.8511	15.161	0.8498	1.0015	7.59013	9.61163	17.4660	22.5973	22.4705	-0.026034	-0.0051526	-0.026649	1.3541	-0.83228	0.66804
# CONV t=81.00 cond=12.1801 evap=0 rough=0 back_s=0
# LEDGER t=81.000 mode=3 sum_err=0 max|E-iEu|=5.000e-13 run_max_diff=1.500e-12 run_max_sum_err=0 steps=4050 E0_int=61042503387017619 sum=61042503387017619
82.000	60999.173	16.7855133	24.5332207	2.01167051	61042.503387	5.960e-16	366691	11.027	22.352	22.397	0.933	34.4053	0.8511	15.134	0.8498	1.0015	7.59015	9.61163	17.4908	22.5903	22.4759	0.048914	-0.054972	-0.086199	0.59831	-1.6089	0.87691
# CONV t=82.00 cond=12.1801 evap=0 rough=0 back_s=0
# LEDGER t=82.000 mode=3 sum_err=0 max|E-iEu|=5.000e-13 run_max_diff=1.500e-12 run_max_sum_err=0 steps=4100 E0_int=61042503387017619 sum=61042503387017619
83.000	60999.173	16.9316092	24.4725404	1.9262549	61042.503387	1.430e-15	366695	10.969	22.361	22.382	0.935	34.4053	0.8511	15.062	0.8498	1.0015	7.59014	9.61163	17.5172	22.5795	22.4814	0.057651	0.067714	-0.15253	0.12905	-1.7298	0.27006
# CONV t=83.00 cond=12.1801 evap=0 rough=0 back_s=0
# LEDGER t=83.000 mode=3 sum_err=0 max|E-iEu|=5.000e-13 run_max_diff=1.500e-12 run_max_sum_err=0 steps=4150 E0_int=61042503387017619 sum=61042503387017619
84.000	60999.1278	17.6187135	24.1143251	1.64259253	61042.503387	-8.344e-16	366695	11.083	22.522	22.340	0.941	34.4053	0.8511	15.452	0.8498	1.0015	7.59016	9.61163	17.5843	22.5193	22.4976	0.020575	0.019313	-0.10125	0.019702	-1.9696	0.27623
# CONV t=84.00 cond=12.4816 evap=0 rough=0 back_s=0
# LEDGER t=84.000 mode=3 sum_err=0 max|E-iEu|=5.000e-13 run_max_diff=1.500e-12 run_max_sum_err=0 steps=4200 E0_int=61042503387017619 sum=61042503387017619
85.000	60999.0828	18.3068432	23.7676296	1.34608074	61042.503387	3.576e-16	366693	11.144	22.451	22.364	0.938	33.9325	0.8510	16.035	0.8498	1.0014	7.58951	9.61163	17.7168	22.5621	22.4950	0.0097427	-0.0082953	-0.033156	0.91027	-1.7088	1.6168
# CONV t=85.00 cond=12.7811 evap=0 rough=0 back_s=0
# LEDGER t=85.000 mode=3 sum_err=0 max|E-iEu|=5.000e-13 run_max_diff=1.500e-12 run_max_sum_err=0 steps=4250 E0_int=61042503387017619 sum=61042503387017619
86.000	60999.0828	18.1427931	23.7284451	1.54931529	61042.503387	1.669e-15	366688	11.115	22.328	22.386	0.936	34.6166	0.8510	16.098	0.8498	1.0014	7.58952	9.61163	17.7437	22.5528	22.5145	0.00051256	-0.077318	-0.028222	1.9896	-1.2992	2.7872
# CONV t=86.00 cond=12.7811 evap=0 rough=0 back_s=0
# LEDGER t=86.000 mode=3 sum_err=0 max|E-iEu|=5.000e-13 run_max_diff=1.500e-12 run_max_sum_err=0 steps=4300 E0_int=61042503387017619 sum=61042503387017619
87.000	60999.0828	18.2311134	23.6931128	1.49632731	61042.503387	-1.192e-16	366685	11.130	22.319	22.394	0.936	34.6166	0.8510	16.066	0.8498	1.0014	7.58947	9.61163	17.7780	22.5466	22.5390	0.044097	-0.06847	-0.075972	2.7599	-0.67126	2.5233
# CONV t=87.00 cond=12.7811 evap=0 rough=0 back_s=0
# LEDGER t=87.000 mode=3 sum_err=0 max|E-iEu|=5.000e-13 run_max_diff=1.500e-12 run_max_sum_err=0 steps=4350 E0_int=61042503387017619 sum=61042503387017619
88.000	60999.0828	18.2393057	23.6592755	1.52197233	61042.503387	4.768e-16	366688	11.115	22.375	22.381	0.934	34.6166	0.8510	15.949	0.8498	1.0014	7.58949	9.61163	17.8145	22.5442	22.5563	-0.018283	-0.087013	0.049863	2.7114	-0.55245	1.1781
# CONV t=88.00 cond=12.7811 evap=0 rough=0 back_s=0
# LEDGER t=88.000 mode=3 sum_err=0 max|E-iEu|=5.000e-13 run_max_diff=1.500e-12 run_max_sum_err=0 steps=4400 E0_int=61042503387017619 sum=61042503387017619
89.000	60999.0828	18.0538221	23.6250243	1.74170717	61042.503387	1.430e-15	366689	11.067	22.522	22.356	0.933	34.6166	0.8510	15.902	0.8498	1.0014	7.58944	9.61163	17.8472	22.5432	22.5626	0.0072406	0.013409	-0.031318	2.4525	-1.0069	-0.049191
# CONV t=89.00 cond=12.7811 evap=0 rough=0 back_s=0
# LEDGER t=89.000 mode=3 sum_err=0 max|E-iEu|=5.000e-13 run_max_diff=1.500e-12 run_max_sum_err=0 steps=4450 E0_int=61042503387017619 sum=61042503387017619
90.000	60999.0376	18.6386625	23.2853728	1.54173576	61042.503387	-4.768e-16	366692	11.163	22.651	22.374	0.935	34.6166	0.8510	16.371	0.8498	1.0014	7.58941	9.61163	17.9378	22.4843	22.5527	0.058333	-0.057364	0.061815	2.6928	-1.7591	-0.37973
# CONV t=90.00 cond=13.0826 evap=0 rough=0 back_s=0
# LEDGER t=90.000 mode=3 sum_err=0 max|E-iEu|=5.000e-13 run_max_diff=1.500e-12 run_max_sum_err=0 steps=4500 E0_int=61042503387017619 sum=61042503387017619
91.000	60999.0376	18.5588784	23.2425739	1.66431875	61042.503387	0.000e+00	366689	11.116	22.552	22.421	0.935	34.6166	0.8510	16.417	0.8498	1.0014	7.58936	9.61163	17.9819	22.4772	22.5499	0.049743	-0.068917	0.12607	3.5644	-1.3816	-0.36463
# CONV t=91.00 cond=13.0826 evap=0 rough=0 back_s=0
# LEDGER t=91.000 mode=3 sum_err=0 max|E-iEu|=5.000e-13 run_max_diff=1.500e-12 run_max_sum_err=0 steps=4550 E0_int=61042503387017619 sum=61042503387017619
92.000	60999.0376	18.7049605	23.2018875	1.55892311	61042.503387	1.192e-15	366687	11.173	22.598	22.434	0.936	34.6166	0.8510	16.346	0.8498	1.0014	7.58935	9.61163	18.0342	22.4732	22.5489	-0.049243	0.037428	0.077235	4.4203	-0.41438	0.017846
# CONV t=92.00 cond=13.0826 evap=0 rough=0 back_s=0
# LEDGER t=92.000 mode=3 sum_err=0 max|E-iEu|=5.000e-13 run_max_diff=1.500e-12 run_max_sum_err=0 steps=4600 E0_int=61042503387017619 sum=61042503387017619
93.000	60999.0376	18.6108413	23.1708305	1.68409927	61042.503387	-3.576e-16	366688	11.218	22.545	22.428	0.934	33.9325	0.8510	16.293	0.8498	1.0014	7.58937	9.61163	18.0836	22.4753	22.5541	-0.046984	0.056082	0.014522	4.8803	0.22368	0.56592
# CONV t=93.00 cond=13.0826 evap=0 rough=0 back_s=0
# LEDGER t=93.000 mode=3 sum_err=0 max|E-iEu|=5.000e-13 run_max_diff=1.500e-12 run_max_sum_err=0 steps=4650 E0_int=61042503387017619 sum=61042503387017619
94.000	60999.0376	18.7142205	23.1474399	1.60411072	61042.503387	3.814e-15	366691	11.321	22.610	22.443	0.934	33.9325	0.8510	16.237	0.8498	1.0014	7.58936	9.61163	18.1285	22.4783	22.5624	-0.083737	0.22504	0.068753	5.3714	-0.47383	0.63798
# CONV t=94.00 cond=13.0826 evap=0 rough=0 back_s=0
# LEDGER t=94.000 mode=3 sum_err=0 max|E-iEu|=5.000e-13 run_max_diff=1.500e-12 run_max_sum_err=0 steps=4700 E0_int=61042503387017619 sum=61042503387017619
95.000	60999.0376	18.1979093	23.1218609	2.14600083	61042.503387	9.536e-16	366688	11.069	22.447	22.458	0.933	33.9325	0.8510	16.171	0.8498	1.0014	7.58939	9.61163	18.1805	22.4739	22.5666	-0.051316	0.1186	-0.020531	6.2904	-1.9094	0.14096
# CONV t=95.00 cond=13.0826 evap=0 rough=0 back_s=0
# LEDGER t=95.000 mode=3 sum_err=0 max|E-iEu|=5.000e-13 run_max_diff=1.500e-12 run_max_sum_err=0 steps=4750 E0_int=61042503387017619 sum=61042503387017619
96.000	60999.0376	18.4058097	23.0887553	1.97120608	61042.503387	3.576e-16	366686	11.107	22.470	22.440	0.936	34.4053	0.8510	16.206	0.8498	1.0014	7.58932	9.61163	18.2457	22.4620	22.5654	-0.041208	0.12496	-0.062759	7.282	-2.531	-0.24077
# CONV t=96.00 cond=13.0826 evap=0 rough=0 back_s=0
# LEDGER t=96.000 mode=3 sum_err=0 max|E-iEu|=5.000e-13 run_max_diff=1.500e-12 run_max_sum_err=0 steps=4800 E0_int=61042503387017619 sum=61042503387017619
97.000	60998.9957	18.8695573	22.7739062	1.86420558	61042.503387	-7.152e-16	366688	11.144	22.620	22.398	0.940	33.9325	0.8510	16.65	0.8498	1.0014	7.58917	9.61163	18.3909	22.4088	22.5762	-0.084527	-0.027049	-0.011816	7.5006	-2.3295	-0.16729
# CONV t=97.00 cond=13.3619 evap=0 rough=0 back_s=0
# LEDGER t=97.000 mode=3 sum_err=0 max|E-iEu|=5.000e-13 run_max_diff=1.500e-12 run_max_sum_err=0 steps=4850 E0_int=61042503387017619 sum=61042503387017619
98.000	60998.9957	19.2040198	22.7441171	1.55953215	61042.503387	-4.768e-16	366687	11.134	22.681	22.391	0.942	29.9923	0.8510	16.769	0.8498	1.0014	7.58889	9.61163	18.4558	22.3958	22.5722	-0.029646	0.027866	-0.058619	7.149	-2.0906	-0.33647
# CONV t=98.00 cond=13.3619 evap=0 rough=0 back_s=0
# LEDGER t=98.000 mode=3 sum_err=0 max|E-iEu|=5.000e-13 run_max_diff=1.500e-12 run_max_sum_err=0 steps=4900 E0_int=61042503387017619 sum=61042503387017619
99.000	60998.9957	18.7408762	22.7224268	2.04436616	61042.503387	-1.907e-15	366683	11.169	22.641	22.385	0.939	29.9923	0.8510	16.774	0.8498	1.0014	7.58881	9.61163	18.5097	22.3837	22.5597	0.031238	0.037411	-0.006729	6.2364	-1.5162	-1.6255
# CONV t=99.00 cond=13.3619 evap=0 rough=0 back_s=0
# LEDGER t=99.000 mode=3 sum_err=0 max|E-iEu|=5.000e-13 run_max_diff=1.500e-12 run_max_sum_err=0 steps=4950 E0_int=61042503387017619 sum=61042503387017619
100.000	60998.9957	18.694772	22.7052947	2.10760241	61042.503387	1.073e-15	366686	11.210	22.649	22.380	0.938	30.8865	0.8510	16.766	0.8498	1.0014	7.58870	9.61163	18.5526	22.3781	22.5322	0.09187	-0.065408	-0.017731	5.0522	0.050151	-3.6831
# CONV t=100.00 cond=13.3619 evap=0 rough=0 back_s=0
# LEDGER t=100.000 mode=3 sum_err=0 max|E-iEu|=5.000e-13 run_max_diff=1.500e-12 run_max_sum_err=0 steps=5000 E0_int=61042503387017619 sum=61042503387017619
101.000	60998.9505	19.0387858	22.386258	2.12783737	61042.503387	-2.384e-15	366689	11.077	22.495	22.410	0.950	30.8865	0.8510	17.226	0.8498	1.0014	7.58798	9.61163	18.7213	22.4273	22.4757	0.067486	-0.0008903	-0.21633	3.5841	1.7976	-4.1827
# CONV t=101.00 cond=13.6633 evap=0 rough=0 back_s=0
# LEDGER t=101.000 mode=3 sum_err=0 max|E-iEu|=5.000e-13 run_max_diff=1.500e-12 run_max_sum_err=0 steps=5050 E0_int=61042503387017619 sum=61042503387017619
102.000	60998.9133	19.7199615	22.1158929	1.75426495	61042.503387	-7.152e-16	366690	11.179	22.631	22.384	0.940	31.4648	0.8510	17.496	0.8498	1.0014	7.58804	9.61163	18.7919	22.4091	22.4508	0.038789	-0.056145	-0.086117	1.9947	2.6244	-2.8221
# CONV t=102.00 cond=13.9115 evap=0 rough=0 back_s=0
# LEDGER t=102.000 mode=3 sum_err=0 max|E-iEu|=5.000e-13 run_max_diff=1.500e-12 run_max_sum_err=0 steps=5100 E0_int=61042503387017619 sum=61042503387017619
103.000	60998.8681	20.3547957	21.7865526	1.49390953	61042.503387	1.192e-16	366687	11.227	22.738	22.409	0.943	33.2689	0.8510	17.725	0.8498	1.0014	7.58811	9.61163	18.8986	22.3800	22.4162	0.055712	0.020731	-0.044317	1.6424	2.0069	0.011462
# CONV t=103.00 cond=14.2125 evap=0 rough=0 back_s=0
# LEDGER t=103.000 mode=3 sum_err=0 max|E-iEu|=5.000e-13 run_max_diff=1.500e-12 run_max_sum_err=0 steps=5150 E0_int=61042503387017619 sum=61042503387017619
104.000	60998.8681	19.924654	21.7535059	1.95709785	61042.503387	-1.073e-15	366683	11.185	22.631	22.426	0.942	33.2689	0.8510	17.567	0.8498	1.0014	7.58821	9.61163	18.9293	22.3897	22.4261	0.038692	-0.0075373	-0.030978	1.2557	0.39565	2.337
# CONV t=104.00 cond=14.2125 evap=0 rough=0 back_s=0
# LEDGER t=104.000 mode=3 sum_err=0 max|E-iEu|=5.000e-13 run_max_diff=1.500e-12 run_max_sum_err=0 steps=5200 E0_int=61042503387017619 sum=61042503387017619
105.000	60998.8301	20.402535	21.4673014	1.80341342	61042.503387	-7.152e-16	366685	11.326	22.569	22.394	0.944	33.2689	0.8510	17.861	0.8498	1.0014	7.58833	9.61163	19.0187	22.4323	22.4671	0.0093485	-0.026898	-0.015002	1.0625	-0.66855	3.9383
# CONV t=105.00 cond=14.4658 evap=0 rough=0 back_s=0
# LEDGER t=105.000 mode=3 sum_err=0 max|E-iEu|=5.000e-13 run_max_diff=1.500e-12 run_max_sum_err=0 steps=5250 E0_int=61042503387017619 sum=61042503387017619
106.000	60998.8301	20.5760956	21.4391598	1.65799449	61042.503387	1.192e-16	366687	11.376	22.572	22.387	0.945	33.2689	0.8510	17.897	0.8498	1.0014	7.58851	9.61163	19.0496	22.4258	22.5043	-0.10083	-0.095204	-0.010581	1.7244	-1.0656	3.8986
# CONV t=106.00 cond=14.4658 evap=0 rough=0 back_s=0
# LEDGER t=106.000 mode=3 sum_err=0 max|E-iEu|=5.000e-13 run_max_diff=1.500e-12 run_max_sum_err=0 steps=5300 E0_int=61042503387017619 sum=61042503387017619
107.000	60998.7951	20.6528661	21.1841149	1.87128065	61042.503387	1.192e-16	366688	11.425	22.679	22.370	0.945	33.2689	0.8511	18.313	0.8498	1.0015	7.58860	9.61163	19.1723	22.3720	22.5242	-0.11897	-0.14298	0.12788	3.0142	-0.80583	2.5666
# CONV t=107.00 cond=14.6992 evap=0 rough=0 back_s=0
# LEDGER t=107.000 mode=3 sum_err=0 max|E-iEu|=5.000e-13 run_max_diff=1.500e-12 run_max_sum_err=0 steps=5350 E0_int=61042503387017619 sum=61042503387017619
108.000	60998.7951	20.2788737	21.1678202	2.26156778	61042.503387	5.960e-16	366689	11.342	22.620	22.410	0.943	33.2689	0.8511	18.452	0.8498	1.0015	7.58869	9.61163	19.2136	22.3672	22.5409	-0.048978	-0.14015	0.094462	4.1664	-1.0489	0.5445
# CONV t=108.00 cond=14.6992 evap=0 rough=0 back_s=0
# LEDGER t=108.000 mode=3 sum_err=0 max|E-iEu|=5.000e-13 run_max_diff=1.500e-12 run_max_sum_err=0 steps=5400 E0_int=61042503387017619 sum=61042503387017619
109.000	60998.7951	20.2468544	21.1540709	2.30733637	61042.503387	3.457e-15	366692	11.288	22.645	22.412	0.943	33.2689	0.8511	18.556	0.8498	1.0015	7.58874	9.61163	19.2609	22.3579	22.5402	0.032804	0.0069988	-0.035645	4.9116	-1.1646	-0.92977
# CONV t=109.00 cond=14.6992 evap=0 rough=0 back_s=0
# LEDGER t=109.000 mode=3 sum_err=0 max|E-iEu|=5.000e-13 run_max_diff=1.500e-12 run_max_sum_err=0 steps=5450 E0_int=61042503387017619 sum=61042503387017619
110.000	60998.7951	20.2694227	21.1397592	2.29907977	61042.503387	-1.550e-15	366691	11.343	22.693	22.397	0.943	33.2689	0.8511	18.585	0.8498	1.0015	7.58880	9.61163	19.3102	22.3472	22.5351	-0.061901	0.13128	0.093263	4.9469	-0.40388	-0.54591
# CONV t=110.00 cond=14.6992 evap=0 rough=0 back_s=0
# LEDGER t=110.000 mode=3 sum_err=0 max|E-iEu|=5.000e-13 run_max_diff=1.500e-12 run_max_sum_err=0 steps=5500 E0_int=61042503387017619 sum=61042503387017619
111.000	60998.7951	20.2648266	21.12352	2.31991516	61042.503387	0.000e+00	366692	11.438	22.760	22.389	0.945	32.6392	0.8511	18.58	0.8498	1.0015	7.58887	9.61163	19.3514	22.3449	22.5401	0.0098668	-0.033309	0.055523	4.0367	0.89351	0.70157
# CONV t=111.00 cond=14.6992 evap=0 rough=0 back_s=0
# LEDGER t=111.000 mode=3 sum_err=0 max|E-iEu|=5.000e-13 run_max_diff=1.500e-12 run_max_sum_err=0 steps=5550 E0_int=61042503387017619 sum=61042503387017619
112.000	60998.7951	20.217001	21.1068187	2.38444199	61042.503387	1.073e-15	366691	11.455	22.691	22.408	0.944	34.4053	0.8511	18.581	0.8498	1.0015	7.58891	9.61163	19.3770	22.3536	22.5535	0.094851	-0.22181	-0.035077	2.759	1.7689	1.0803
# CONV t=112.00 cond=14.6992 evap=0 rough=0 back_s=0
# LEDGER t=112.000 mode=3 sum_err=0 max|E-iEu|=5.000e-13 run_max_diff=1.500e-12 run_max_sum_err=0 steps=5600 E0_int=61042503387017619 sum=61042503387017619
# QATOM t=112.08 dir=FD w=1.3769269 e=0.25201643123
113.000	60998.7573	20.7569148	20.839003	2.1501464	61042.503387	-3.576e-16	366687	11.451	22.692	22.420	0.948	34.4053	0.8511	18.918	0.8498	1.0015	7.58887	9.61163	19.4674	22.3329	22.5616	0.10798	-0.21092	-0.055697	1.0993	1.8646	0.41459
# CONV t=113.00 cond=14.9512 evap=0 rough=0 back_s=0
# LEDGER t=113.000 mode=3 sum_err=0 max|E-iEu|=5.000e-13 run_max_diff=1.500e-12 run_max_sum_err=0 steps=5650 E0_int=61042503387017619 sum=61042503387017619
114.000	60998.7573	20.9320106	20.8217808	1.99227277	61042.503387	2.384e-16	366687	11.442	22.652	22.433	0.946	34.4053	0.8511	18.821	0.8498	1.0015	7.58883	9.61163	19.4590	22.3464	22.5626	-0.047072	0.029455	0.056702	-0.65508	1.5756	0.067144
# CONV t=114.00 cond=14.9512 evap=0 rough=0 back_s=0
# LEDGER t=114.000 mode=3 sum_err=0 max|E-iEu|=5.000e-13 run_max_diff=1.500e-12 run_max_sum_err=0 steps=5700 E0_int=61042503387017619 sum=61042503387017619
115.000	60998.7573	20.8760289	20.7988017	2.07123356	61042.503387	5.960e-16	366687	11.373	22.690	22.430	0.946	34.4053	0.8511	18.768	0.8498	1.0015	7.58879	9.61163	19.4405	22.3584	22.5609	0.010254	-0.0078377	-0.016457	-2.1241	1.2415	-0.14118
# CONV t=115.00 cond=14.9512 evap=0 rough=0 back_s=0
# LEDGER t=115.000 mode=3 sum_err=0 max|E-iEu|=5.000e-13 run_max_diff=1.500e-12 run_max_sum_err=0 steps=5750 E0_int=61042503387017619 sum=61042503387017619
# RESULT es_shells 1.41:0.9867 4.22:0.9577 7.03:0.9654 9.84:0.9780 12.66:0.9826 15.47:0.9908 18.28:0.9920 21.09:0.9924
# RESULT LEDGER mode=3 E0_int=61042503387017619 sum_int=61042503387017619 max_sum_err=0 max|E-iEu|=1.500e-12 steps=5750
# RESULT conservation E0=61042.503387 Efinal=61042.503387 rel_drift=5.960e-16
# RESULT roughness_radiated=0 (dissonant dense deliveries converted to field, conserved)
# RESULT curvature_fit defA_per_Em=0.95191 r2=0.9960 (linear defect ~ converted energy)
# RESULT hom coupler_split(A cross->D2)=0.459
# RESULT hom g_boson=0.3884 g_fermion=0.6116 (1=distinguishable, 0=full dip, 2=full peak) dist=2.162
