# cellfab — v89 cell-fabric kernel (no lattice, no prior code)
# cfg seed=20260727 mode=field init=pairs
# cfg L=30 dmin=1 r0=0.85 rjit=0.06
# cfg C=1 w1=1.65 w2=2.9 q_detune=1.2 gamma_res=0.25 gamma_res_m=0.1 p_gate=8
# cfg lock_floor=0.005
# cfg k_dep=1.2 k_dep_m=2 cap=2.5 e_s0=1 es_floor=0.05
# cfg e_cond=0 f_conv=0.25 f_evap=0.5 s_pull=0.15
# cfg kappa_lock=1 kappa_align=0.5 kappa_freq=0 kappa_reac=0 sigma_tumble=0.01
# cfg space: s_k=0.06 s_disp=0.3 es_gx=0
# cfg dt=0.02 T=60 diag_every=500 snap_every=0
# cfg center=(-1,-1,-1) amp=1 sigma=2.5 k=(0,0,0) prealign=0 noise_amp=0.08
# cfg music: comb_limit=6 rough_k=0.35 gamma_rough=0.5 mob_sym=1 mob_floor=0.004
# cfg field sector: two-component signed amplitude, unitary hops, field_J=1.8
# cfg ledger: mode=2 u=1.000e-12 (cellfabi INT_LEDGER)
# cfg pairs: n=60 x0=0.3 x1=-1 pq=1:1 seedlock=1 d=[1,1.55] gap=5
# action atom: A0=1.1500 (dbar=1.5072) mode=2 — eps(w)=A0*w/2pi; atoms at mode boundaries, transport continuous
# edge coloring: 30 colors for 166635 links
# pairs: seeded 60 of 60 requested, d=[1,1.55], x0=0.3, phases=locked
# fabric: cells=18670 channels=166635 mean_degree=17.85 box=30 dmin=1
# LEDGER seed mode=2 u=1.000e-12 E0_int=19492694544245595 NC=18670 NL=166635
# LEDGER seed mode=2 u=1.000e-12 E0_int=19492694544245595 NC=18670 NL=166635
# t	E_space	E_dense	E_field	E_transfer	E_total	rel_drift	live_ch	cm_x	cm_y	cm_z	contain	front_r	r_core	defA	r_far	r_ratio	w_core	w_far
0.000	18658.2609	90	744.433675	0	19492.6945442	0.000e+00	111219	14.626	15.900	15.373	0.033	25.2215	0.8474	0	0.8495	0.9975	1.65000	1.64710	15.0331	14.9415	15.0088	0	0	0	-25.177	-6.7157	10.604
# CONV t=0.00 cond=0 evap=0 rough=0 back_s=0
# LEDGER t=0.000 mode=2 sum_err=0 max|E-iEu|=4.999e-13 run_max_diff=0.000e+00 run_max_sum_err=0 steps=0 E0_int=19492694544245595 sum=19492694544245595
# PAIR t=0.0 p=0 d=1.281 pq=1:1 delta=-0.822 x=0.300 ratio=1.0000 dth=-0.000 gg=0.2487 fl=0.000 ret=1.000 shed=0.000 act=0.0000 flq=0.00
# PAIR t=0.0 p=1 d=1.229 pq=1:1 delta=-1.040 x=0.300 ratio=1.0000 dth=-0.000 gg=0.1033 fl=0.000 ret=1.000 shed=0.000 act=0.0000 flq=0.00
# PAIR t=0.0 p=2 d=1.286 pq=1:1 delta=-0.798 x=0.300 ratio=1.0000 dth=-0.000 gg=0.2704 fl=0.000 ret=1.000 shed=0.000 act=0.0000 flq=0.00
# PAIR t=0.0 p=3 d=1.478 pq=1:1 delta=+0.020 x=0.300 ratio=1.0000 dth=+0.000 gg=0.9992 fl=0.000 ret=1.000 shed=0.000 act=0.0000 flq=0.00
# PAIR t=0.0 p=4 d=1.467 pq=1:1 delta=-0.026 x=0.300 ratio=1.0000 dth=-0.000 gg=0.9986 fl=0.000 ret=1.000 shed=0.000 act=0.0000 flq=0.00
# PAIR t=0.0 p=5 d=1.467 pq=1:1 delta=-0.029 x=0.300 ratio=1.0000 dth=-0.000 gg=0.9983 fl=0.000 ret=1.000 shed=0.000 act=0.0000 flq=0.00
# PAIR t=0.0 p=6 d=1.025 pq=1:1 delta=-1.911 x=0.300 ratio=1.0000 dth=+0.000 gg=0.0002 fl=0.000 ret=1.000 shed=0.000 act=0.0000 flq=0.00
# PAIR t=0.0 p=7 d=1.421 pq=1:1 delta=-0.224 x=0.300 ratio=1.0000 dth=-0.000 gg=0.9040 fl=0.000 ret=1.000 shed=0.000 act=0.0000 flq=0.00
# PAIR t=0.0 p=8 d=1.311 pq=1:1 delta=-0.692 x=0.300 ratio=1.0000 dth=+0.000 gg=0.3760 fl=0.000 ret=1.000 shed=0.000 act=0.0000 flq=0.00
# PAIR t=0.0 p=9 d=1.343 pq=1:1 delta=-0.556 x=0.300 ratio=1.0000 dth=+0.000 gg=0.5340 fl=0.000 ret=1.000 shed=0.000 act=0.0000 flq=0.00
# PAIR t=0.0 p=10 d=1.078 pq=1:1 delta=-1.684 x=0.300 ratio=1.0000 dth=-0.000 gg=0.0015 fl=0.000 ret=1.000 shed=0.000 act=0.0000 flq=0.00
# PAIR t=0.0 p=11 d=1.239 pq=1:1 delta=-0.998 x=0.300 ratio=1.0000 dth=-0.000 gg=0.1246 fl=0.000 ret=1.000 shed=0.000 act=0.0000 flq=0.00
# PAIR t=0.0 p=12 d=1.334 pq=1:1 delta=-0.594 x=0.300 ratio=1.0000 dth=-0.000 gg=0.4887 fl=0.000 ret=1.000 shed=0.000 act=0.0000 flq=0.00
# PAIR t=0.0 p=13 d=1.103 pq=1:1 delta=-1.581 x=0.300 ratio=1.0000 dth=+0.000 gg=0.0036 fl=0.000 ret=1.000 shed=0.000 act=0.0000 flq=0.00
# PAIR t=0.0 p=14 d=1.539 pq=1:1 delta=+0.282 x=0.300 ratio=1.0000 dth=+0.000 gg=0.8522 fl=0.000 ret=1.000 shed=0.000 act=0.0000 flq=0.00
# PAIR t=0.0 p=15 d=1.036 pq=1:1 delta=-1.864 x=0.300 ratio=1.0000 dth=-0.000 gg=0.0003 fl=0.000 ret=1.000 shed=0.000 act=0.0000 flq=0.00
# PAIR t=0.0 p=16 d=1.486 pq=1:1 delta=+0.056 x=0.300 ratio=1.0000 dth=+0.000 gg=0.9937 fl=0.000 ret=1.000 shed=0.000 act=0.0000 flq=0.00
# PAIR t=0.0 p=17 d=1.264 pq=1:1 delta=-0.892 x=0.300 ratio=1.0000 dth=-0.000 gg=0.1928 fl=0.000 ret=1.000 shed=0.000 act=0.0000 flq=0.00
# PAIR t=0.0 p=18 d=1.110 pq=1:1 delta=-1.550 x=0.300 ratio=1.0000 dth=+0.000 gg=0.0046 fl=0.000 ret=1.000 shed=0.000 act=0.0000 flq=0.00
# PAIR t=0.0 p=19 d=1.281 pq=1:1 delta=-0.822 x=0.300 ratio=1.0000 dth=+0.000 gg=0.2488 fl=0.000 ret=1.000 shed=0.000 act=0.0000 flq=0.00
# PAIR t=0.0 p=20 d=1.454 pq=1:1 delta=-0.083 x=0.300 ratio=1.0000 dth=+0.000 gg=0.9864 fl=0.000 ret=1.000 shed=0.000 act=0.0000 flq=0.00
# PAIR t=0.0 p=21 d=1.535 pq=1:1 delta=+0.263 x=0.300 ratio=1.0000 dth=+0.000 gg=0.8703 fl=0.000 ret=1.000 shed=0.000 act=0.0000 flq=0.00
# PAIR t=0.0 p=22 d=1.040 pq=1:1 delta=-1.850 x=0.300 ratio=1.0000 dth=-0.000 gg=0.0003 fl=0.000 ret=1.000 shed=0.000 act=0.0000 flq=0.00
# PAIR t=0.0 p=23 d=1.470 pq=1:1 delta=-0.016 x=0.300 ratio=1.0000 dth=+0.000 gg=0.9995 fl=0.000 ret=1.000 shed=0.000 act=0.0000 flq=0.00
# PAIR t=0.0 p=24 d=1.296 pq=1:1 delta=-0.755 x=0.300 ratio=1.0000 dth=-0.000 gg=0.3110 fl=0.000 ret=1.000 shed=0.000 act=0.0000 flq=0.00
# PAIR t=0.0 p=25 d=1.374 pq=1:1 delta=-0.421 x=0.300 ratio=1.0000 dth=-0.000 gg=0.6992 fl=0.000 ret=1.000 shed=0.000 act=0.0000 flq=0.00
# PAIR t=0.0 p=26 d=1.327 pq=1:1 delta=-0.626 x=0.300 ratio=1.0000 dth=+0.000 gg=0.4509 fl=0.000 ret=1.000 shed=0.000 act=0.0000 flq=0.00
# PAIR t=0.0 p=27 d=1.216 pq=1:1 delta=-1.097 x=0.300 ratio=1.0000 dth=-0.000 gg=0.0791 fl=0.000 ret=1.000 shed=0.000 act=0.0000 flq=0.00
# PAIR t=0.0 p=28 d=1.519 pq=1:1 delta=+0.193 x=0.300 ratio=1.0000 dth=-0.000 gg=0.9281 fl=0.000 ret=1.000 shed=0.000 act=0.0000 flq=0.00
# PAIR t=0.0 p=29 d=1.433 pq=1:1 delta=-0.172 x=0.300 ratio=1.0000 dth=-0.000 gg=0.9428 fl=0.000 ret=1.000 shed=0.000 act=0.0000 flq=0.00
# PAIR t=0.0 p=30 d=1.380 pq=1:1 delta=-0.400 x=0.300 ratio=1.0000 dth=+0.000 gg=0.7251 fl=0.000 ret=1.000 shed=0.000 act=0.0000 flq=0.00
# PAIR t=0.0 p=31 d=1.343 pq=1:1 delta=-0.554 x=0.300 ratio=1.0000 dth=+0.000 gg=0.5374 fl=0.000 ret=1.000 shed=0.000 act=0.0000 flq=0.00
# PAIR t=0.0 p=32 d=1.081 pq=1:1 delta=-1.673 x=0.300 ratio=1.0000 dth=-0.000 gg=0.0017 fl=0.000 ret=1.000 shed=0.000 act=0.0000 flq=0.00
# PAIR t=0.0 p=33 d=1.363 pq=1:1 delta=-0.469 x=0.300 ratio=1.0000 dth=+0.000 gg=0.6410 fl=0.000 ret=1.000 shed=0.000 act=0.0000 flq=0.00
# PAIR t=0.0 p=34 d=1.495 pq=1:1 delta=+0.094 x=0.300 ratio=1.0000 dth=-0.000 gg=0.9826 fl=0.000 ret=1.000 shed=0.000 act=0.0000 flq=0.00
# PAIR t=0.0 p=35 d=1.063 pq=1:1 delta=-1.749 x=0.300 ratio=1.0000 dth=-0.000 gg=0.0008 fl=0.000 ret=1.000 shed=0.000 act=0.0000 flq=0.00
# PAIR t=0.0 p=36 d=1.182 pq=1:1 delta=-1.243 x=0.300 ratio=1.0000 dth=+0.000 gg=0.0364 fl=0.000 ret=1.000 shed=0.000 act=0.0000 flq=0.00
# PAIR t=0.0 p=37 d=1.251 pq=1:1 delta=-0.948 x=0.300 ratio=1.0000 dth=+0.000 gg=0.1541 fl=0.000 ret=1.000 shed=0.000 act=0.0000 flq=0.00
# PAIR t=0.0 p=38 d=1.362 pq=1:1 delta=-0.474 x=0.300 ratio=1.0000 dth=+0.000 gg=0.6348 fl=0.000 ret=1.000 shed=0.000 act=0.0000 flq=0.00
# PAIR t=0.0 p=39 d=1.105 pq=1:1 delta=-1.569 x=0.300 ratio=1.0000 dth=+0.000 gg=0.0040 fl=0.000 ret=1.000 shed=0.000 act=0.0000 flq=0.00
# PAIR t=0.0 p=40 d=1.550 pq=1:1 delta=+0.327 x=0.300 ratio=1.0000 dth=+0.000 gg=0.8067 fl=0.000 ret=1.000 shed=0.000 act=0.0000 flq=0.00
# PAIR t=0.0 p=41 d=1.381 pq=1:1 delta=-0.392 x=0.300 ratio=1.0000 dth=-0.000 gg=0.7336 fl=0.000 ret=1.000 shed=0.000 act=0.0000 flq=0.00
# PAIR t=0.0 p=42 d=1.280 pq=1:1 delta=-0.825 x=0.300 ratio=1.0000 dth=+0.000 gg=0.2462 fl=0.000 ret=1.000 shed=0.000 act=0.0000 flq=0.00
# PAIR t=0.0 p=43 d=1.112 pq=1:1 delta=-1.539 x=0.300 ratio=1.0000 dth=-0.000 gg=0.0050 fl=0.000 ret=1.000 shed=0.000 act=0.0000 flq=0.00
# PAIR t=0.0 p=44 d=1.100 pq=1:1 delta=-1.594 x=0.300 ratio=1.0000 dth=+0.000 gg=0.0032 fl=0.000 ret=1.000 shed=0.000 act=0.0000 flq=0.00
# PAIR t=0.0 p=45 d=1.351 pq=1:1 delta=-0.523 x=0.300 ratio=1.0000 dth=+0.000 gg=0.5755 fl=0.000 ret=1.000 shed=0.000 act=0.0000 flq=0.00
# PAIR t=0.0 p=46 d=1.425 pq=1:1 delta=-0.207 x=0.300 ratio=1.0000 dth=-0.000 gg=0.9174 fl=0.000 ret=1.000 shed=0.000 act=0.0000 flq=0.00
# PAIR t=0.0 p=47 d=1.531 pq=1:1 delta=+0.248 x=0.300 ratio=1.0000 dth=+0.000 gg=0.8843 fl=0.000 ret=1.000 shed=0.000 act=0.0000 flq=0.00
# PAIR t=0.0 p=48 d=1.481 pq=1:1 delta=+0.031 x=0.300 ratio=1.0000 dth=+0.000 gg=0.9980 fl=0.000 ret=1.000 shed=0.000 act=0.0000 flq=0.00
# PAIR t=0.0 p=49 d=1.220 pq=1:1 delta=-1.079 x=0.300 ratio=1.0000 dth=-0.000 gg=0.0860 fl=0.000 ret=1.000 shed=0.000 act=0.0000 flq=0.00
# PAIR t=0.0 p=50 d=1.357 pq=1:1 delta=-0.496 x=0.300 ratio=1.0000 dth=-0.000 gg=0.6079 fl=0.000 ret=1.000 shed=0.000 act=0.0000 flq=0.00
# PAIR t=0.0 p=51 d=1.037 pq=1:1 delta=-1.859 x=0.300 ratio=1.0000 dth=-0.000 gg=0.0003 fl=0.000 ret=1.000 shed=0.000 act=0.0000 flq=0.00
# PAIR t=0.0 p=52 d=1.091 pq=1:1 delta=-1.631 x=0.300 ratio=1.0000 dth=+0.000 gg=0.0024 fl=0.000 ret=1.000 shed=0.000 act=0.0000 flq=0.00
# PAIR t=0.0 p=53 d=1.051 pq=1:1 delta=-1.802 x=0.300 ratio=1.0000 dth=-0.000 gg=0.0005 fl=0.000 ret=1.000 shed=0.000 act=0.0000 flq=0.00
# PAIR t=0.0 p=54 d=1.087 pq=1:1 delta=-1.645 x=0.300 ratio=1.0000 dth=+0.000 gg=0.0021 fl=0.000 ret=1.000 shed=0.000 act=0.0000 flq=0.00
# PAIR t=0.0 p=55 d=1.359 pq=1:1 delta=-0.486 x=0.300 ratio=1.0000 dth=+0.000 gg=0.6200 fl=0.000 ret=1.000 shed=0.000 act=0.0000 flq=0.00
# PAIR t=0.0 p=56 d=1.330 pq=1:1 delta=-0.611 x=0.300 ratio=1.0000 dth=+0.000 gg=0.4687 fl=0.000 ret=1.000 shed=0.000 act=0.0000 flq=0.00
# PAIR t=0.0 p=57 d=1.210 pq=1:1 delta=-1.125 x=0.300 ratio=1.0000 dth=+0.000 gg=0.0688 fl=0.000 ret=1.000 shed=0.000 act=0.0000 flq=0.00
# PAIR t=0.0 p=58 d=1.281 pq=1:1 delta=-0.819 x=0.300 ratio=1.0000 dth=+0.000 gg=0.2510 fl=0.000 ret=1.000 shed=0.000 act=0.0000 flq=0.00
# PAIR t=0.0 p=59 d=1.546 pq=1:1 delta=+0.312 x=0.300 ratio=1.0000 dth=-0.000 gg=0.8228 fl=0.000 ret=1.000 shed=0.000 act=0.0000 flq=0.00
10.000	18658.2609	82.1853741	744.433675	7.81462582	19492.6945443	4.744e-13	111211	14.547	15.826	15.328	0.023	25.7138	0.8475	3.5717	0.8495	0.9977	1.64999	1.64712	15.0177	14.9392	15.0156	-0.10002	-0.066534	-0.13914	-0.080921	4.2924	-10.782
# CONV t=10.00 cond=0 evap=0 rough=0 back_s=0
# LEDGER t=10.000 mode=2 sum_err=0 max|E-iEu|=1.487e-12 run_max_diff=1.500e-12 run_max_sum_err=0 steps=500 E0_int=19492694544245595 sum=19492694544245595
# PAIR t=10.0 p=0 d=1.281 pq=1:1 delta=-0.782 x=0.298 ratio=0.8568 dth=+0.260 gg=0.5033 fl=0.031 ret=0.995 shed=0.008 act=0.1176 flq=0.12
# PAIR t=10.0 p=1 d=1.229 pq=1:1 delta=-1.019 x=0.298 ratio=1.0930 dth=+2.470 gg=0.0000 fl=0.000 ret=0.992 shed=0.012 act=0.0002 flq=0.00
# PAIR t=10.0 p=2 d=1.286 pq=1:1 delta=-0.761 x=0.298 ratio=0.8635 dth=+0.346 gg=0.5557 fl=0.030 ret=0.995 shed=0.007 act=0.1149 flq=0.11
# PAIR t=10.0 p=3 d=1.478 pq=1:1 delta=+0.029 x=0.298 ratio=0.9820 dth=-0.053 gg=0.9933 fl=0.207 ret=0.995 shed=0.007 act=0.9172 flq=0.79
# PAIR t=10.0 p=4 d=1.467 pq=1:1 delta=-0.018 x=0.298 ratio=0.9912 dth=-0.010 gg=0.9983 fl=0.175 ret=0.995 shed=0.008 act=0.7700 flq=0.67
# PAIR t=10.0 p=5 d=1.467 pq=1:1 delta=-0.023 x=0.297 ratio=1.0078 dth=+0.029 gg=0.9982 fl=0.366 ret=0.996 shed=0.005 act=1.6096 flq=1.40
# PAIR t=10.0 p=6 d=1.025 pq=1:1 delta=-1.859 x=0.295 ratio=1.1898 dth=-2.481 gg=0.0000 fl=0.000 ret=0.983 shed=0.025 act=0.0000 flq=0.00
# PAIR t=10.0 p=7 d=1.421 pq=1:1 delta=-0.212 x=0.296 ratio=1.0057 dth=+0.124 gg=0.9547 fl=0.348 ret=0.992 shed=0.012 act=1.4815 flq=1.33
# PAIR t=10.0 p=8 d=1.311 pq=1:1 delta=-0.672 x=0.298 ratio=0.9162 dth=-0.607 gg=0.0140 fl=0.033 ret=0.994 shed=0.010 act=0.1286 flq=0.13
# PAIR t=10.0 p=9 d=1.343 pq=1:1 delta=-0.542 x=0.297 ratio=1.0661 dth=+0.299 gg=0.7428 fl=0.072 ret=0.994 shed=0.010 act=0.2914 flq=0.28
# PAIR t=10.0 p=10 d=1.078 pq=1:1 delta=-1.644 x=0.298 ratio=1.1857 dth=-2.614 gg=0.0000 fl=0.000 ret=0.994 shed=0.009 act=0.0000 flq=0.00
# PAIR t=10.0 p=11 d=1.239 pq=1:1 delta=-0.981 x=0.298 ratio=1.0817 dth=+2.345 gg=0.0000 fl=0.000 ret=0.993 shed=0.010 act=0.0005 flq=0.00
# PAIR t=10.0 p=12 d=1.334 pq=1:1 delta=-0.570 x=0.297 ratio=1.0981 dth=+0.132 gg=0.6557 fl=0.048 ret=0.992 shed=0.011 act=0.1914 flq=0.18
# PAIR t=10.0 p=13 d=1.103 pq=1:1 delta=-1.531 x=0.297 ratio=1.1981 dth=-2.503 gg=0.0000 fl=0.000 ret=0.990 shed=0.014 act=0.0000 flq=0.00
# PAIR t=10.0 p=14 d=1.539 pq=1:1 delta=+0.302 x=0.297 ratio=1.0327 dth=+0.129 gg=0.6660 fl=0.012 ret=0.989 shed=0.016 act=0.0547 flq=0.05
# PAIR t=10.0 p=15 d=1.036 pq=1:1 delta=-1.809 x=0.297 ratio=1.2212 dth=-2.086 gg=0.0000 fl=0.000 ret=0.990 shed=0.015 act=0.0000 flq=0.00
# PAIR t=10.0 p=16 d=1.486 pq=1:1 delta=+0.073 x=0.296 ratio=0.9972 dth=-0.042 gg=0.9946 fl=0.223 ret=0.990 shed=0.015 act=0.9925 flq=0.85
# PAIR t=10.0 p=17 d=1.264 pq=1:1 delta=-0.847 x=0.297 ratio=0.8601 dth=+0.763 gg=0.2992 fl=0.030 ret=0.989 shed=0.016 act=0.1142 flq=0.11
# PAIR t=10.0 p=18 d=1.110 pq=1:1 delta=-1.511 x=0.298 ratio=1.1740 dth=-2.820 gg=0.0000 fl=0.000 ret=0.993 shed=0.010 act=0.0001 flq=0.00
# PAIR t=10.0 p=19 d=1.281 pq=1:1 delta=-0.774 x=0.298 ratio=0.8469 dth=+0.276 gg=0.5203 fl=0.033 ret=0.992 shed=0.012 act=0.1266 flq=0.13
# PAIR t=10.0 p=20 d=1.454 pq=1:1 delta=-0.077 x=0.298 ratio=0.9978 dth=+0.033 gg=0.9940 fl=0.182 ret=0.996 shed=0.006 act=0.7931 flq=0.70
# PAIR t=10.0 p=21 d=1.535 pq=1:1 delta=+0.275 x=0.298 ratio=1.0208 dth=+0.025 gg=0.8337 fl=0.018 ret=0.994 shed=0.010 act=0.0851 flq=0.07
# PAIR t=10.0 p=22 d=1.040 pq=1:1 delta=-1.800 x=0.297 ratio=1.2080 dth=-2.258 gg=0.0000 fl=0.000 ret=0.991 shed=0.014 act=0.0000 flq=0.00
# PAIR t=10.0 p=23 d=1.470 pq=1:1 delta=-0.007 x=0.297 ratio=1.0006 dth=+0.005 gg=0.9999 fl=0.258 ret=0.994 shed=0.009 act=1.1375 flq=0.99
# PAIR t=10.0 p=24 d=1.296 pq=1:1 delta=-0.713 x=0.297 ratio=0.8680 dth=-0.335 gg=0.0799 fl=0.032 ret=0.990 shed=0.015 act=0.1245 flq=0.12
# PAIR t=10.0 p=25 d=1.374 pq=1:1 delta=-0.411 x=0.296 ratio=1.0070 dth=+0.219 gg=0.8437 fl=0.127 ret=0.993 shed=0.011 act=0.5252 flq=0.49
# PAIR t=10.0 p=26 d=1.327 pq=1:1 delta=-0.611 x=0.297 ratio=1.0640 dth=-0.172 gg=0.2677 fl=0.112 ret=0.994 shed=0.010 act=0.4450 flq=0.43
# PAIR t=10.0 p=27 d=1.216 pq=1:1 delta=-1.057 x=0.296 ratio=1.1349 dth=+2.925 gg=0.0000 fl=0.000 ret=0.986 shed=0.021 act=0.0000 flq=0.00
# PAIR t=10.0 p=28 d=1.519 pq=1:1 delta=+0.201 x=0.299 ratio=1.0360 dth=+0.056 gg=0.8708 fl=0.065 ret=0.996 shed=0.005 act=0.2977 flq=0.25
# PAIR t=10.0 p=29 d=1.433 pq=1:1 delta=-0.161 x=0.297 ratio=0.9952 dth=+0.060 gg=0.9730 fl=0.276 ret=0.993 shed=0.010 act=1.1884 flq=1.06
# PAIR t=10.0 p=30 d=1.380 pq=1:1 delta=-0.390 x=0.296 ratio=1.0004 dth=+0.196 gg=0.8588 fl=0.128 ret=0.994 shed=0.010 act=0.5306 flq=0.49
# PAIR t=10.0 p=31 d=1.343 pq=1:1 delta=-0.540 x=0.297 ratio=1.0504 dth=+0.309 gg=0.7415 fl=0.085 ret=0.993 shed=0.010 act=0.3410 flq=0.32
# PAIR t=10.0 p=32 d=1.081 pq=1:1 delta=-1.615 x=0.297 ratio=1.2148 dth=-2.272 gg=0.0000 fl=0.000 ret=0.989 shed=0.017 act=0.0000 flq=0.00
# PAIR t=10.0 p=33 d=1.363 pq=1:1 delta=-0.461 x=0.297 ratio=1.0104 dth=+0.189 gg=0.8022 fl=0.086 ret=0.995 shed=0.008 act=0.3500 flq=0.33
# PAIR t=10.0 p=34 d=1.495 pq=1:1 delta=+0.103 x=0.298 ratio=1.0079 dth=+0.018 gg=0.9705 fl=0.137 ret=0.994 shed=0.008 act=0.6134 flq=0.52
# PAIR t=10.0 p=35 d=1.063 pq=1:1 delta=-1.698 x=0.297 ratio=1.2027 dth=-2.434 gg=0.0000 fl=0.000 ret=0.990 shed=0.016 act=0.0000 flq=0.00
# PAIR t=10.0 p=36 d=1.182 pq=1:1 delta=-1.198 x=0.295 ratio=1.1483 dth=+3.094 gg=0.0000 fl=0.000 ret=0.984 shed=0.024 act=0.0000 flq=0.00
# PAIR t=10.0 p=37 d=1.251 pq=1:1 delta=-0.929 x=0.297 ratio=1.0657 dth=+2.205 gg=0.0000 fl=0.007 ret=0.990 shed=0.016 act=0.0267 flq=0.03
# PAIR t=10.0 p=38 d=1.362 pq=1:1 delta=-0.464 x=0.297 ratio=1.0220 dth=+0.212 gg=0.8044 fl=0.080 ret=0.994 shed=0.010 act=0.3249 flq=0.31
# PAIR t=10.0 p=39 d=1.105 pq=1:1 delta=-1.510 x=0.295 ratio=1.2011 dth=-2.513 gg=0.0000 fl=0.000 ret=0.984 shed=0.024 act=0.0000 flq=0.00
# PAIR t=10.0 p=40 d=1.550 pq=1:1 delta=+0.348 x=0.297 ratio=1.0548 dth=+0.037 gg=0.7395 fl=0.037 ret=0.990 shed=0.015 act=0.1731 flq=0.14
# PAIR t=10.0 p=41 d=1.381 pq=1:1 delta=-0.381 x=0.295 ratio=1.0058 dth=+0.204 gg=0.8644 fl=0.077 ret=0.992 shed=0.011 act=0.3198 flq=0.30
# PAIR t=10.0 p=42 d=1.280 pq=1:1 delta=-0.781 x=0.299 ratio=0.8479 dth=-0.245 gg=0.0975 fl=0.027 ret=0.995 shed=0.007 act=0.1055 flq=0.10
# PAIR t=10.0 p=43 d=1.112 pq=1:1 delta=-1.504 x=0.298 ratio=1.1678 dth=-2.856 gg=0.0000 fl=0.000 ret=0.994 shed=0.008 act=0.0002 flq=0.00
# PAIR t=10.0 p=44 d=1.100 pq=1:1 delta=-1.533 x=0.295 ratio=1.2049 dth=-2.454 gg=0.0000 fl=0.000 ret=0.984 shed=0.025 act=0.0000 flq=0.00
# PAIR t=10.0 p=45 d=1.351 pq=1:1 delta=-0.514 x=0.295 ratio=0.9976 dth=+0.268 gg=0.7671 fl=0.286 ret=0.994 shed=0.009 act=1.1596 flq=1.10
# PAIR t=10.0 p=46 d=1.425 pq=1:1 delta=-0.199 x=0.298 ratio=1.0156 dth=+0.113 gg=0.9604 fl=0.201 ret=0.995 shed=0.008 act=0.8600 flq=0.77
# PAIR t=10.0 p=47 d=1.531 pq=1:1 delta=+0.259 x=0.297 ratio=0.9976 dth=-0.134 gg=0.9350 fl=0.175 ret=0.993 shed=0.010 act=0.8045 flq=0.67
# PAIR t=10.0 p=48 d=1.481 pq=1:1 delta=+0.045 x=0.296 ratio=0.9931 dth=-0.032 gg=0.9976 fl=0.336 ret=0.992 shed=0.013 act=1.4942 flq=1.29
# PAIR t=10.0 p=49 d=1.220 pq=1:1 delta=-1.055 x=0.298 ratio=1.1132 dth=+2.650 gg=0.0000 fl=0.000 ret=0.993 shed=0.011 act=0.0001 flq=0.00
# PAIR t=10.0 p=50 d=1.357 pq=1:1 delta=-0.485 x=0.296 ratio=1.0125 dth=+0.274 gg=0.7867 fl=0.189 ret=0.993 shed=0.011 act=0.7675 flq=0.72
# PAIR t=10.0 p=51 d=1.037 pq=1:1 delta=-1.803 x=0.295 ratio=1.1992 dth=-2.336 gg=0.0000 fl=0.000 ret=0.983 shed=0.025 act=0.0000 flq=0.00
# PAIR t=10.0 p=52 d=1.091 pq=1:1 delta=-1.583 x=0.298 ratio=1.2008 dth=-2.433 gg=0.0000 fl=0.000 ret=0.992 shed=0.012 act=0.0000 flq=0.00
# PAIR t=10.0 p=53 d=1.051 pq=1:1 delta=-1.751 x=0.299 ratio=1.2222 dth=-2.119 gg=0.0000 fl=0.000 ret=0.995 shed=0.007 act=0.0000 flq=0.00
# PAIR t=10.0 p=54 d=1.087 pq=1:1 delta=-1.607 x=0.299 ratio=1.1834 dth=-2.644 gg=0.0000 fl=0.000 ret=0.995 shed=0.007 act=0.0000 flq=0.00
# PAIR t=10.0 p=55 d=1.359 pq=1:1 delta=-0.479 x=0.297 ratio=1.0087 dth=+0.262 gg=0.7927 fl=0.156 ret=0.995 shed=0.007 act=0.6343 flq=0.60
# PAIR t=10.0 p=56 d=1.330 pq=1:1 delta=-0.604 x=0.297 ratio=0.9814 dth=-0.064 gg=0.3996 fl=0.112 ret=0.996 shed=0.007 act=0.4470 flq=0.43
# PAIR t=10.0 p=57 d=1.210 pq=1:1 delta=-1.078 x=0.295 ratio=1.1451 dth=+3.019 gg=0.0000 fl=0.000 ret=0.983 shed=0.025 act=0.0000 flq=0.00
# PAIR t=10.0 p=58 d=1.281 pq=1:1 delta=-0.782 x=0.299 ratio=0.8596 dth=+0.061 gg=0.3420 fl=0.028 ret=0.996 shed=0.006 act=0.1081 flq=0.11
# PAIR t=10.0 p=59 d=1.546 pq=1:1 delta=+0.323 x=0.298 ratio=0.9991 dth=-0.004 gg=0.8148 fl=0.026 ret=0.993 shed=0.011 act=0.1219 flq=0.10
20.000	18658.2609	80.4602536	744.433675	9.53974629	19492.6945443	4.726e-13	111176	14.545	15.789	15.271	0.026	25.3366	0.8476	4.6631	0.8495	0.9977	1.64998	1.64711	15.0217	14.9572	15.0287	0.16021	0.055443	-0.061169	6.0508	-9.0453	-13.874
# CONV t=20.00 cond=0 evap=0 rough=0 back_s=0
# LEDGER t=20.000 mode=2 sum_err=0 max|E-iEu|=1.490e-12 run_max_diff=1.500e-12 run_max_sum_err=0 steps=1000 E0_int=19492694544245595 sum=19492694544245595
# PAIR t=20.0 p=0 d=1.281 pq=1:1 delta=-0.790 x=0.296 ratio=1.1112 dth=+1.180 gg=0.0382 fl=0.019 ret=0.989 shed=0.017 act=0.0744 flq=0.07
# PAIR t=20.0 p=1 d=1.229 pq=1:1 delta=-1.012 x=0.296 ratio=1.0915 dth=-1.937 gg=0.0000 fl=0.000 ret=0.987 shed=0.020 act=0.0000 flq=0.00
# PAIR t=20.0 p=2 d=1.286 pq=1:1 delta=-0.772 x=0.297 ratio=1.1013 dth=+1.290 gg=0.0160 fl=0.015 ret=0.991 shed=0.014 act=0.0597 flq=0.06
# PAIR t=20.0 p=3 d=1.478 pq=1:1 delta=+0.037 x=0.296 ratio=0.9854 dth=-0.065 gg=0.9898 fl=0.147 ret=0.990 shed=0.015 act=0.6525 flq=0.56
# PAIR t=20.0 p=4 d=1.467 pq=1:1 delta=-0.008 x=0.296 ratio=0.9850 dth=-0.057 gg=0.9851 fl=0.103 ret=0.989 shed=0.016 act=0.4519 flq=0.39
# PAIR t=20.0 p=5 d=1.467 pq=1:1 delta=-0.017 x=0.296 ratio=1.0018 dth=-0.000 gg=0.9994 fl=0.250 ret=0.993 shed=0.011 act=1.0979 flq=0.96
# PAIR t=20.0 p=6 d=1.025 pq=1:1 delta=-1.830 x=0.293 ratio=1.2450 dth=+1.758 gg=0.0007 fl=0.008 ret=0.975 shed=0.037 act=0.0256 flq=0.03
# PAIR t=20.0 p=7 d=1.421 pq=1:1 delta=-0.199 x=0.294 ratio=0.9949 dth=+0.079 gg=0.9593 fl=0.336 ret=0.984 shed=0.024 act=1.4323 flq=1.29
# PAIR t=20.0 p=8 d=1.311 pq=1:1 delta=-0.641 x=0.296 ratio=0.8612 dth=+0.793 gg=0.2623 fl=0.007 ret=0.986 shed=0.021 act=0.0258 flq=0.02
# PAIR t=20.0 p=9 d=1.343 pq=1:1 delta=-0.540 x=0.295 ratio=0.9885 dth=+0.252 gg=0.7455 fl=0.355 ret=0.989 shed=0.016 act=1.4300 flq=1.36
# PAIR t=20.0 p=10 d=1.078 pq=1:1 delta=-1.613 x=0.296 ratio=1.2429 dth=+1.445 gg=0.0095 fl=0.005 ret=0.986 shed=0.022 act=0.0174 flq=0.02
# PAIR t=20.0 p=11 d=1.239 pq=1:1 delta=-0.973 x=0.296 ratio=1.0804 dth=-2.295 gg=0.0000 fl=0.000 ret=0.987 shed=0.019 act=0.0000 flq=0.00
# PAIR t=20.0 p=12 d=1.334 pq=1:1 delta=-0.561 x=0.295 ratio=1.0909 dth=+0.395 gg=0.6913 fl=0.104 ret=0.985 shed=0.022 act=0.4150 flq=0.40
# PAIR t=20.0 p=13 d=1.103 pq=1:1 delta=-1.505 x=0.294 ratio=1.2279 dth=+1.827 gg=0.0003 fl=0.022 ret=0.979 shed=0.032 act=0.0736 flq=0.08
# PAIR t=20.0 p=14 d=1.539 pq=1:1 delta=+0.322 x=0.294 ratio=1.0484 dth=+0.883 gg=0.0090 fl=0.002 ret=0.979 shed=0.032 act=0.0076 flq=0.01
# PAIR t=20.0 p=15 d=1.036 pq=1:1 delta=-1.793 x=0.293 ratio=1.2138 dth=+2.642 gg=0.0000 fl=0.017 ret=0.976 shed=0.037 act=0.0531 flq=0.06
# PAIR t=20.0 p=16 d=1.486 pq=1:1 delta=+0.093 x=0.292 ratio=0.9894 dth=-0.064 gg=0.9902 fl=0.104 ret=0.977 shed=0.034 act=0.4653 flq=0.40
# PAIR t=20.0 p=17 d=1.264 pq=1:1 delta=-0.827 x=0.293 ratio=1.1732 dth=+0.277 gg=0.4652 fl=0.023 ret=0.978 shed=0.033 act=0.0882 flq=0.09
# PAIR t=20.0 p=18 d=1.110 pq=1:1 delta=-1.472 x=0.295 ratio=1.2411 dth=+0.842 gg=0.1033 fl=0.006 ret=0.980 shed=0.030 act=0.0201 flq=0.02
# PAIR t=20.0 p=19 d=1.281 pq=1:1 delta=-0.786 x=0.295 ratio=1.1024 dth=+1.367 gg=0.0086 fl=0.020 ret=0.984 shed=0.024 act=0.0776 flq=0.08
# PAIR t=20.0 p=20 d=1.454 pq=1:1 delta=-0.070 x=0.297 ratio=1.0020 dth=+0.036 gg=0.9951 fl=0.138 ret=0.992 shed=0.011 act=0.6001 flq=0.53
# PAIR t=20.0 p=21 d=1.535 pq=1:1 delta=+0.289 x=0.296 ratio=1.0346 dth=+0.463 gg=0.2038 fl=0.007 ret=0.986 shed=0.021 act=0.0319 flq=0.03
# PAIR t=20.0 p=22 d=1.040 pq=1:1 delta=-1.785 x=0.294 ratio=1.2162 dth=+2.323 gg=0.0000 fl=0.008 ret=0.981 shed=0.029 act=0.0250 flq=0.03
# PAIR t=20.0 p=23 d=1.470 pq=1:1 delta=+0.005 x=0.295 ratio=1.0119 dth=+0.023 gg=0.9974 fl=0.159 ret=0.987 shed=0.019 act=0.7023 flq=0.61
# PAIR t=20.0 p=24 d=1.296 pq=1:1 delta=-0.706 x=0.293 ratio=1.1159 dth=+1.176 gg=0.0338 fl=0.019 ret=0.978 shed=0.034 act=0.0730 flq=0.07
# PAIR t=20.0 p=25 d=1.374 pq=1:1 delta=-0.400 x=0.294 ratio=0.9941 dth=+0.222 gg=0.8501 fl=0.232 ret=0.986 shed=0.021 act=0.9559 flq=0.89
# PAIR t=20.0 p=26 d=1.327 pq=1:1 delta=-0.591 x=0.296 ratio=0.8975 dth=-0.473 gg=0.0591 fl=0.053 ret=0.988 shed=0.018 act=0.2106 flq=0.20
# PAIR t=20.0 p=27 d=1.216 pq=1:1 delta=-1.039 x=0.294 ratio=1.1600 dth=-0.568 gg=0.0015 fl=0.002 ret=0.979 shed=0.031 act=0.0072 flq=0.01
# PAIR t=20.0 p=28 d=1.519 pq=1:1 delta=+0.214 x=0.298 ratio=1.0762 dth=+0.730 gg=0.0528 fl=0.001 ret=0.993 shed=0.010 act=0.0067 flq=0.01
# PAIR t=20.0 p=29 d=1.433 pq=1:1 delta=-0.149 x=0.295 ratio=0.9930 dth=+0.055 gg=0.9766 fl=0.252 ret=0.986 shed=0.022 act=1.0842 flq=0.97
# PAIR t=20.0 p=30 d=1.380 pq=1:1 delta=-0.378 x=0.294 ratio=0.9905 dth=+0.175 gg=0.8657 fl=0.222 ret=0.986 shed=0.020 act=0.9196 flq=0.85
# PAIR t=20.0 p=31 d=1.343 pq=1:1 delta=-0.533 x=0.295 ratio=0.9775 dth=+0.227 gg=0.7472 fl=0.265 ret=0.987 shed=0.020 act=1.0662 flq=1.01
# PAIR t=20.0 p=32 d=1.081 pq=1:1 delta=-1.596 x=0.291 ratio=1.2064 dth=+2.268 gg=0.0000 fl=0.009 ret=0.971 shed=0.044 act=0.0299 flq=0.03
# PAIR t=20.0 p=33 d=1.363 pq=1:1 delta=-0.454 x=0.295 ratio=0.9982 dth=+0.231 gg=0.8136 fl=0.176 ret=0.989 shed=0.016 act=0.7192 flq=0.67
# PAIR t=20.0 p=34 d=1.495 pq=1:1 delta=+0.112 x=0.296 ratio=0.9852 dth=-0.082 gg=0.9848 fl=0.059 ret=0.989 shed=0.016 act=0.2635 flq=0.23
# PAIR t=20.0 p=35 d=1.063 pq=1:1 delta=-1.671 x=0.293 ratio=1.2322 dth=+1.972 gg=0.0001 fl=0.022 ret=0.976 shed=0.036 act=0.0690 flq=0.08
# PAIR t=20.0 p=36 d=1.182 pq=1:1 delta=-1.171 x=0.293 ratio=1.1984 dth=-0.134 gg=0.0244 fl=0.002 ret=0.977 shed=0.035 act=0.0063 flq=0.01
# PAIR t=20.0 p=37 d=1.251 pq=1:1 delta=-0.915 x=0.294 ratio=1.0590 dth=-2.923 gg=0.0000 fl=0.000 ret=0.979 shed=0.032 act=0.0000 flq=0.00
# PAIR t=20.0 p=38 d=1.362 pq=1:1 delta=-0.454 x=0.295 ratio=1.0094 dth=+0.241 gg=0.8127 fl=0.176 ret=0.987 shed=0.020 act=0.7208 flq=0.68
# PAIR t=20.0 p=39 d=1.105 pq=1:1 delta=-1.475 x=0.289 ratio=1.2219 dth=+1.802 gg=0.0004 fl=0.021 ret=0.963 shed=0.056 act=0.0709 flq=0.08
# PAIR t=20.0 p=40 d=1.550 pq=1:1 delta=+0.376 x=0.294 ratio=1.1020 dth=+1.364 gg=0.0000 fl=0.001 ret=0.981 shed=0.029 act=0.0027 flq=0.00
# PAIR t=20.0 p=41 d=1.381 pq=1:1 delta=-0.369 x=0.294 ratio=0.9825 dth=+0.104 gg=0.8505 fl=0.123 ret=0.985 shed=0.023 act=0.5114 flq=0.47
# PAIR t=20.0 p=42 d=1.280 pq=1:1 delta=-0.796 x=0.297 ratio=0.9025 dth=-2.507 gg=0.0000 fl=0.000 ret=0.989 shed=0.016 act=0.0000 flq=0.00
# PAIR t=20.0 p=43 d=1.112 pq=1:1 delta=-1.463 x=0.295 ratio=1.2394 dth=+0.691 gg=0.1112 fl=0.004 ret=0.981 shed=0.028 act=0.0134 flq=0.02
# PAIR t=20.0 p=44 d=1.100 pq=1:1 delta=-1.507 x=0.290 ratio=1.2112 dth=+1.962 gg=0.0001 fl=0.002 ret=0.965 shed=0.052 act=0.0056 flq=0.01
# PAIR t=20.0 p=45 d=1.351 pq=1:1 delta=-0.505 x=0.294 ratio=0.9983 dth=+0.252 gg=0.7745 fl=0.520 ret=0.988 shed=0.018 act=2.1082 flq=1.99
# PAIR t=20.0 p=46 d=1.425 pq=1:1 delta=-0.191 x=0.296 ratio=1.0003 dth=+0.116 gg=0.9626 fl=0.207 ret=0.989 shed=0.016 act=0.8831 flq=0.79
# PAIR t=20.0 p=47 d=1.531 pq=1:1 delta=+0.272 x=0.295 ratio=0.9844 dth=-0.180 gg=0.9215 fl=0.266 ret=0.986 shed=0.021 act=1.2243 flq=1.02
# PAIR t=20.0 p=48 d=1.481 pq=1:1 delta=+0.057 x=0.293 ratio=1.0049 dth=-0.029 gg=0.9967 fl=0.177 ret=0.985 shed=0.023 act=0.7853 flq=0.68
# PAIR t=20.0 p=49 d=1.220 pq=1:1 delta=-1.045 x=0.296 ratio=1.1130 dth=-1.352 gg=0.0000 fl=0.000 ret=0.986 shed=0.021 act=0.0014 flq=0.00
# PAIR t=20.0 p=50 d=1.357 pq=1:1 delta=-0.474 x=0.294 ratio=1.0007 dth=+0.237 gg=0.7986 fl=0.369 ret=0.985 shed=0.022 act=1.5024 flq=1.41
# PAIR t=20.0 p=51 d=1.037 pq=1:1 delta=-1.781 x=0.291 ratio=1.2167 dth=+2.114 gg=0.0000 fl=0.001 ret=0.971 shed=0.044 act=0.0017 flq=0.00
# PAIR t=20.0 p=52 d=1.091 pq=1:1 delta=-1.562 x=0.295 ratio=1.2274 dth=+1.930 gg=0.0001 fl=0.027 ret=0.983 shed=0.026 act=0.0869 flq=0.10
# PAIR t=20.0 p=53 d=1.051 pq=1:1 delta=-1.746 x=0.296 ratio=1.2137 dth=+2.580 gg=0.0000 fl=0.014 ret=0.988 shed=0.018 act=0.0447 flq=0.05
# PAIR t=20.0 p=54 d=1.087 pq=1:1 delta=-1.575 x=0.296 ratio=1.2437 dth=+1.393 gg=0.0134 fl=0.004 ret=0.987 shed=0.019 act=0.0116 flq=0.01
# PAIR t=20.0 p=55 d=1.359 pq=1:1 delta=-0.471 x=0.295 ratio=0.9977 dth=+0.237 gg=0.8005 fl=0.312 ret=0.990 shed=0.015 act=1.2713 flq=1.20
# PAIR t=20.0 p=56 d=1.330 pq=1:1 delta=-0.597 x=0.296 ratio=0.9707 dth=-0.083 gg=0.3837 fl=0.153 ret=0.991 shed=0.013 act=0.6103 flq=0.59
# PAIR t=20.0 p=57 d=1.210 pq=1:1 delta=-1.056 x=0.293 ratio=1.1789 dth=-0.270 gg=0.0191 fl=0.011 ret=0.976 shed=0.037 act=0.0392 flq=0.04
# PAIR t=20.0 p=58 d=1.281 pq=1:1 delta=-0.787 x=0.298 ratio=1.1353 dth=+0.977 gg=0.1272 fl=0.018 ret=0.993 shed=0.011 act=0.0684 flq=0.07
# PAIR t=20.0 p=59 d=1.546 pq=1:1 delta=+0.334 x=0.296 ratio=0.9969 dth=-0.044 gg=0.8411 fl=0.026 ret=0.987 shed=0.020 act=0.1219 flq=0.10
30.000	18658.2609	83.3286998	744.433675	6.67130014	19492.6945443	4.759e-13	111187	14.626	15.884	15.280	0.027	25.2215	0.8477	1.8213	0.8495	0.9979	1.64996	1.64709	15.0128	14.9416	15.0246	-0.028508	-0.01895	-0.051081	-13.359	3.4295	0.3722
# CONV t=30.00 cond=0 evap=0 rough=0 back_s=0
# LEDGER t=30.000 mode=2 sum_err=0 max|E-iEu|=1.489e-12 run_max_diff=1.500e-12 run_max_sum_err=0 steps=1500 E0_int=19492694544245595 sum=19492694544245595
# PAIR t=30.0 p=0 d=1.281 pq=1:1 delta=-0.798 x=0.294 ratio=0.9898 dth=-0.494 gg=0.0167 fl=0.016 ret=0.984 shed=0.025 act=0.0622 flq=0.06
# PAIR t=30.0 p=1 d=1.229 pq=1:1 delta=-0.969 x=0.294 ratio=1.1997 dth=+0.448 gg=0.3855 fl=0.012 ret=0.980 shed=0.031 act=0.0457 flq=0.05
# PAIR t=30.0 p=2 d=1.286 pq=1:1 delta=-0.773 x=0.296 ratio=0.9439 dth=-0.518 gg=0.0160 fl=0.007 ret=0.986 shed=0.021 act=0.0256 flq=0.03
# PAIR t=30.0 p=3 d=1.478 pq=1:1 delta=+0.044 x=0.294 ratio=1.0036 dth=-0.015 gg=0.9978 fl=0.089 ret=0.985 shed=0.022 act=0.3958 flq=0.34
# PAIR t=30.0 p=4 d=1.467 pq=1:1 delta=-0.000 x=0.294 ratio=0.9964 dth=-0.022 gg=0.9980 fl=0.062 ret=0.984 shed=0.024 act=0.2738 flq=0.24
# PAIR t=30.0 p=5 d=1.467 pq=1:1 delta=-0.011 x=0.295 ratio=1.0008 dth=+0.011 gg=0.9997 fl=0.141 ret=0.989 shed=0.016 act=0.6200 flq=0.54
# PAIR t=30.0 p=6 d=1.025 pq=1:1 delta=-1.845 x=0.290 ratio=1.1695 dth=-1.072 gg=0.0000 fl=0.001 ret=0.966 shed=0.051 act=0.0034 flq=0.00
# PAIR t=30.0 p=7 d=1.421 pq=1:1 delta=-0.191 x=0.292 ratio=0.9966 dth=+0.091 gg=0.9642 fl=0.320 ret=0.979 shed=0.031 act=1.3620 flq=1.22
# PAIR t=30.0 p=8 d=1.311 pq=1:1 delta=-0.628 x=0.293 ratio=1.1567 dth=+0.432 gg=0.6358 fl=0.044 ret=0.977 shed=0.035 act=0.1741 flq=0.17
# PAIR t=30.0 p=9 d=1.343 pq=1:1 delta=-0.530 x=0.292 ratio=1.0000 dth=+0.255 gg=0.7545 fl=0.037 ret=0.982 shed=0.027 act=0.1480 flq=0.14
# PAIR t=30.0 p=10 d=1.078 pq=1:1 delta=-1.631 x=0.293 ratio=1.1628 dth=-1.458 gg=0.0000 fl=0.000 ret=0.978 shed=0.033 act=0.0002 flq=0.00
# PAIR t=30.0 p=11 d=1.239 pq=1:1 delta=-0.954 x=0.301 ratio=1.1190 dth=-0.463 gg=0.0080 fl=0.000 ret=0.980 shed=0.030 act=0.0007 flq=0.00
# PAIR t=30.0 p=12 d=1.334 pq=1:1 delta=-0.559 x=0.292 ratio=1.0328 dth=+0.568 gg=0.5198 fl=0.105 ret=0.978 shed=0.033 act=0.4191 flq=0.40
# PAIR t=30.0 p=13 d=1.103 pq=1:1 delta=-1.510 x=0.291 ratio=1.1784 dth=-0.979 gg=0.0000 fl=0.001 ret=0.969 shed=0.047 act=0.0035 flq=0.00
# PAIR t=30.0 p=14 d=1.539 pq=1:1 delta=+0.343 x=0.290 ratio=1.0521 dth=+1.916 gg=0.0000 fl=0.000 ret=0.967 shed=0.049 act=0.0000 flq=0.00
# PAIR t=30.0 p=15 d=1.036 pq=1:1 delta=-1.763 x=0.289 ratio=1.2534 dth=+0.272 gg=0.0062 fl=0.022 ret=0.962 shed=0.057 act=0.0693 flq=0.08
# PAIR t=30.0 p=16 d=1.486 pq=1:1 delta=+0.113 x=0.373 ratio=0.9923 dth=-0.068 gg=0.9867 fl=0.000 ret=0.966 shed=0.051 act=0.0000 flq=0.00
# PAIR t=30.0 p=17 d=1.264 pq=1:1 delta=-0.816 x=0.290 ratio=0.8618 dth=-0.107 gg=0.1662 fl=0.019 ret=0.968 shed=0.048 act=0.0705 flq=0.07
# PAIR t=30.0 p=18 d=1.110 pq=1:1 delta=-1.496 x=0.292 ratio=1.1458 dth=-2.162 gg=0.0000 fl=0.000 ret=0.974 shed=0.039 act=0.0000 flq=0.00
# PAIR t=30.0 p=19 d=1.281 pq=1:1 delta=-0.778 x=0.293 ratio=1.1018 dth=-0.431 gg=0.0303 fl=0.005 ret=0.978 shed=0.032 act=0.0177 flq=0.02
# PAIR t=30.0 p=20 d=1.454 pq=1:1 delta=-0.066 x=0.296 ratio=1.0043 dth=+0.042 gg=0.9954 fl=0.112 ret=0.990 shed=0.016 act=0.4899 flq=0.43
# PAIR t=30.0 p=21 d=1.535 pq=1:1 delta=+0.304 x=0.293 ratio=1.0362 dth=+1.208 gg=0.0003 fl=0.000 ret=0.978 shed=0.033 act=0.0000 flq=0.00
# PAIR t=30.0 p=22 d=1.040 pq=1:1 delta=-1.770 x=0.291 ratio=1.2252 dth=-0.248 gg=0.0000 fl=0.002 ret=0.971 shed=0.043 act=0.0053 flq=0.01
# PAIR t=30.0 p=23 d=1.470 pq=1:1 delta=+0.014 x=0.293 ratio=1.0003 dth=+0.005 gg=0.9993 fl=0.089 ret=0.982 shed=0.027 act=0.3944 flq=0.34
# PAIR t=30.0 p=24 d=1.296 pq=1:1 delta=-0.703 x=0.291 ratio=0.9331 dth=-0.708 gg=0.0046 fl=0.004 ret=0.969 shed=0.046 act=0.0146 flq=0.01
# PAIR t=30.0 p=25 d=1.374 pq=1:1 delta=-0.390 x=0.292 ratio=1.0098 dth=+0.249 gg=0.8489 fl=0.310 ret=0.979 shed=0.031 act=1.2782 flq=1.18
# PAIR t=30.0 p=26 d=1.327 pq=1:1 delta=-0.570 x=0.294 ratio=0.8714 dth=+0.719 gg=0.3330 fl=0.019 ret=0.980 shed=0.029 act=0.0746 flq=0.07
# PAIR t=30.0 p=27 d=1.216 pq=1:1 delta=-1.044 x=0.291 ratio=1.1020 dth=+2.492 gg=0.0000 fl=0.000 ret=0.971 shed=0.044 act=0.0013 flq=0.00
# PAIR t=30.0 p=28 d=1.519 pq=1:1 delta=+0.222 x=0.297 ratio=1.0815 dth=+2.332 gg=0.0000 fl=0.000 ret=0.989 shed=0.017 act=0.0000 flq=0.00
# PAIR t=30.0 p=29 d=1.433 pq=1:1 delta=-0.137 x=0.293 ratio=1.0093 dth=+0.096 gg=0.9784 fl=0.220 ret=0.979 shed=0.032 act=0.9469 flq=0.84
# PAIR t=30.0 p=30 d=1.380 pq=1:1 delta=-0.368 x=0.292 ratio=0.9888 dth=+0.163 gg=0.8719 fl=0.316 ret=0.980 shed=0.031 act=1.3078 flq=1.21
# PAIR t=30.0 p=31 d=1.343 pq=1:1 delta=-0.525 x=0.292 ratio=0.9932 dth=+0.264 gg=0.7589 fl=0.030 ret=0.981 shed=0.029 act=0.1204 flq=0.11
# PAIR t=30.0 p=32 d=1.081 pq=1:1 delta=-1.589 x=0.289 ratio=1.2078 dth=-0.331 gg=0.0001 fl=0.013 ret=0.965 shed=0.052 act=0.0410 flq=0.05
# PAIR t=30.0 p=33 d=1.363 pq=1:1 delta=-0.446 x=0.294 ratio=0.9976 dth=+0.213 gg=0.8189 fl=0.254 ret=0.985 shed=0.023 act=1.0377 flq=0.97
# PAIR t=30.0 p=34 d=1.495 pq=1:1 delta=+0.121 x=0.331 ratio=0.9662 dth=-0.200 gg=0.9117 fl=0.000 ret=0.985 shed=0.023 act=0.0000 flq=0.00
# PAIR t=30.0 p=35 d=1.063 pq=1:1 delta=-1.674 x=0.290 ratio=1.1885 dth=-0.741 gg=0.0000 fl=0.000 ret=0.967 shed=0.050 act=0.0005 flq=0.00
# PAIR t=30.0 p=36 d=1.182 pq=1:1 delta=-1.185 x=0.291 ratio=1.1221 dth=+3.049 gg=0.0000 fl=0.000 ret=0.969 shed=0.046 act=0.0003 flq=0.00
# PAIR t=30.0 p=37 d=1.251 pq=1:1 delta=-0.899 x=0.291 ratio=1.0631 dth=-1.670 gg=0.0000 fl=0.000 ret=0.968 shed=0.048 act=0.0004 flq=0.00
# PAIR t=30.0 p=38 d=1.362 pq=1:1 delta=-0.444 x=0.293 ratio=0.9980 dth=+0.225 gg=0.8207 fl=0.267 ret=0.980 shed=0.030 act=1.0897 flq=1.02
# PAIR t=30.0 p=39 d=1.105 pq=1:1 delta=-1.479 x=0.286 ratio=1.1741 dth=-1.094 gg=0.0000 fl=0.000 ret=0.952 shed=0.071 act=0.0004 flq=0.00
# PAIR t=30.0 p=40 d=1.550 pq=1:1 delta=+0.397 x=0.291 ratio=1.1040 dth=-2.834 gg=0.0000 fl=0.000 ret=0.969 shed=0.047 act=0.0000 flq=0.00
# PAIR t=30.0 p=41 d=1.381 pq=1:1 delta=-0.359 x=0.292 ratio=0.9988 dth=+0.181 gg=0.8788 fl=0.210 ret=0.979 shed=0.032 act=0.8721 flq=0.80
# PAIR t=30.0 p=42 d=1.280 pq=1:1 delta=-0.782 x=0.295 ratio=0.8948 dth=+1.539 gg=0.0016 fl=0.007 ret=0.982 shed=0.027 act=0.0279 flq=0.03
# PAIR t=30.0 p=43 d=1.112 pq=1:1 delta=-1.494 x=0.292 ratio=1.0973 dth=-2.874 gg=0.0000 fl=0.000 ret=0.972 shed=0.041 act=0.0000 flq=0.00
# PAIR t=30.0 p=44 d=1.100 pq=1:1 delta=-1.496 x=0.286 ratio=1.1970 dth=-0.624 gg=0.0000 fl=0.007 ret=0.952 shed=0.072 act=0.0224 flq=0.03
# PAIR t=30.0 p=45 d=1.351 pq=1:1 delta=-0.497 x=0.291 ratio=0.9919 dth=+0.250 gg=0.7805 fl=0.053 ret=0.983 shed=0.025 act=0.2134 flq=0.20
# PAIR t=30.0 p=46 d=1.425 pq=1:1 delta=-0.183 x=0.295 ratio=1.0043 dth=+0.095 gg=0.9670 fl=0.197 ret=0.985 shed=0.023 act=0.8430 flq=0.76
# PAIR t=30.0 p=47 d=1.531 pq=1:1 delta=+0.286 x=0.293 ratio=0.9720 dth=-0.216 gg=0.9018 fl=0.114 ret=0.978 shed=0.033 act=0.5230 flq=0.44
# PAIR t=30.0 p=48 d=1.481 pq=1:1 delta=+0.072 x=0.423 ratio=0.9975 dth=-0.036 gg=0.9949 fl=0.000 ret=0.976 shed=0.036 act=0.0000 flq=0.00
# PAIR t=30.0 p=49 d=1.220 pq=1:1 delta=-1.033 x=0.293 ratio=1.1195 dth=+1.692 gg=0.0006 fl=0.005 ret=0.978 shed=0.033 act=0.0193 flq=0.02
# PAIR t=30.0 p=50 d=1.357 pq=1:1 delta=-0.463 x=0.292 ratio=1.0214 dth=+0.225 gg=0.8066 fl=0.028 ret=0.978 shed=0.032 act=0.1158 flq=0.11
# PAIR t=30.0 p=51 d=1.037 pq=1:1 delta=-1.776 x=0.287 ratio=1.1832 dth=-0.720 gg=0.0000 fl=0.003 ret=0.956 shed=0.065 act=0.0094 flq=0.01
# PAIR t=30.0 p=52 d=1.091 pq=1:1 delta=-1.575 x=0.293 ratio=1.1677 dth=-1.051 gg=0.0000 fl=0.001 ret=0.977 shed=0.034 act=0.0042 flq=0.00
# PAIR t=30.0 p=53 d=1.051 pq=1:1 delta=-1.727 x=0.295 ratio=1.2496 dth=+0.185 gg=0.0046 fl=0.018 ret=0.984 shed=0.024 act=0.0582 flq=0.07
# PAIR t=30.0 p=54 d=1.087 pq=1:1 delta=-1.594 x=0.294 ratio=1.1620 dth=-1.540 gg=0.0000 fl=0.000 ret=0.979 shed=0.032 act=0.0000 flq=0.00
# PAIR t=30.0 p=55 d=1.359 pq=1:1 delta=-0.463 x=0.293 ratio=0.9979 dth=+0.218 gg=0.8058 fl=0.029 ret=0.985 shed=0.023 act=0.1181 flq=0.11
# PAIR t=30.0 p=56 d=1.330 pq=1:1 delta=-0.589 x=0.295 ratio=0.9650 dth=-0.040 gg=0.4464 fl=0.077 ret=0.986 shed=0.020 act=0.3072 flq=0.29
# PAIR t=30.0 p=57 d=1.210 pq=1:1 delta=-1.067 x=0.290 ratio=1.1044 dth=+2.709 gg=0.0000 fl=0.000 ret=0.968 shed=0.049 act=0.0013 flq=0.00
# PAIR t=30.0 p=58 d=1.281 pq=1:1 delta=-0.798 x=0.297 ratio=0.9353 dth=-0.523 gg=0.0131 fl=0.005 ret=0.989 shed=0.016 act=0.0192 flq=0.02
# PAIR t=30.0 p=59 d=1.546 pq=1:1 delta=+0.347 x=0.294 ratio=0.9945 dth=-0.134 gg=0.8812 fl=0.026 ret=0.980 shed=0.030 act=0.1219 flq=0.10
40.000	18658.2609	79.2785785	744.433675	10.7214214	19492.6945443	4.782e-13	111227	14.642	15.868	15.200	0.031	25.2215	0.8476	4.6177	0.8495	0.9978	1.64995	1.64706	14.9996	14.9530	15.0163	0.29048	0.018353	0.10293	-8.7027	11.688	2.3885
# CONV t=40.00 cond=0 evap=0 rough=0 back_s=0
# LEDGER t=40.000 mode=2 sum_err=0 max|E-iEu|=1.489e-12 run_max_diff=1.500e-12 run_max_sum_err=0 steps=2000 E0_int=19492694544245595 sum=19492694544245595
# PAIR t=40.0 p=0 d=1.281 pq=1:1 delta=-0.788 x=0.292 ratio=0.9917 dth=+1.528 gg=0.0018 fl=0.076 ret=0.976 shed=0.036 act=0.2919 flq=0.29
# PAIR t=40.0 p=1 d=1.229 pq=1:1 delta=-0.998 x=0.292 ratio=1.0670 dth=+2.595 gg=0.0000 fl=0.001 ret=0.974 shed=0.039 act=0.0033 flq=0.00
# PAIR t=40.0 p=2 d=1.286 pq=1:1 delta=-0.755 x=0.294 ratio=0.8974 dth=+0.925 gg=0.1601 fl=0.040 ret=0.982 shed=0.027 act=0.1561 flq=0.15
# PAIR t=40.0 p=3 d=1.478 pq=1:1 delta=+0.051 x=0.293 ratio=0.9944 dth=-0.033 gg=0.9971 fl=0.009 ret=0.981 shed=0.028 act=0.0407 flq=0.04
# PAIR t=40.0 p=4 d=1.467 pq=1:1 delta=+0.008 x=0.293 ratio=1.0091 dth=+0.000 gg=0.9999 fl=0.006 ret=0.979 shed=0.031 act=0.0263 flq=0.02
# PAIR t=40.0 p=5 d=1.467 pq=1:1 delta=-0.005 x=0.294 ratio=1.0021 dth=-0.002 gg=0.9999 fl=0.015 ret=0.986 shed=0.021 act=0.0645 flq=0.06
# PAIR t=40.0 p=6 d=1.025 pq=1:1 delta=-1.841 x=0.288 ratio=1.1526 dth=+2.929 gg=0.0000 fl=0.009 ret=0.959 shed=0.061 act=0.0265 flq=0.03
# PAIR t=40.0 p=7 d=1.421 pq=1:1 delta=-0.183 x=0.291 ratio=1.0013 dth=+0.092 gg=0.9672 fl=0.305 ret=0.974 shed=0.039 act=1.3006 flq=1.16
# PAIR t=40.0 p=8 d=1.311 pq=1:1 delta=-0.636 x=0.290 ratio=0.9297 dth=-0.732 gg=0.0056 fl=0.014 ret=0.967 shed=0.049 act=0.0561 flq=0.05
# PAIR t=40.0 p=9 d=1.343 pq=1:1 delta=-0.521 x=0.291 ratio=0.9944 dth=+0.255 gg=0.7615 fl=0.237 ret=0.977 shed=0.035 act=0.9554 flq=0.91
# PAIR t=40.0 p=10 d=1.078 pq=1:1 delta=-1.624 x=0.290 ratio=1.1399 dth=+2.363 gg=0.0000 fl=0.000 ret=0.967 shed=0.050 act=0.0013 flq=0.00
# PAIR t=40.0 p=11 d=1.239 pq=1:1 delta=-0.947 x=0.292 ratio=0.9049 dth=+1.408 gg=0.0085 fl=0.020 ret=0.973 shed=0.041 act=0.0747 flq=0.08
# PAIR t=40.0 p=12 d=1.334 pq=1:1 delta=-0.547 x=0.290 ratio=0.9525 dth=+0.189 gg=0.7193 fl=0.195 ret=0.971 shed=0.043 act=0.7811 flq=0.74
# PAIR t=40.0 p=13 d=1.103 pq=1:1 delta=-1.496 x=0.286 ratio=1.1602 dth=+2.948 gg=0.0000 fl=0.000 ret=0.953 shed=0.070 act=0.0014 flq=0.00
# PAIR t=40.0 p=14 d=1.539 pq=1:1 delta=+0.364 x=0.287 ratio=1.0546 dth=+3.011 gg=0.0000 fl=0.000 ret=0.956 shed=0.066 act=0.0000 flq=0.00
# PAIR t=40.0 p=15 d=1.036 pq=1:1 delta=-1.775 x=0.284 ratio=1.1667 dth=-2.045 gg=0.0000 fl=0.000 ret=0.947 shed=0.079 act=0.0000 flq=0.00
# PAIR t=40.0 p=16 d=1.486 pq=1:1 delta=+0.132 x=0.286 ratio=1.0040 dth=-0.057 gg=0.9826 fl=0.203 ret=0.955 shed=0.067 act=0.9049 flq=0.77
# PAIR t=40.0 p=17 d=1.264 pq=1:1 delta=-0.811 x=0.287 ratio=1.1296 dth=+1.062 gg=0.0824 fl=0.012 ret=0.958 shed=0.063 act=0.0472 flq=0.05
# PAIR t=40.0 p=18 d=1.110 pq=1:1 delta=-1.461 x=0.290 ratio=1.2224 dth=+1.283 gg=0.0270 fl=0.016 ret=0.967 shed=0.049 act=0.0529 flq=0.06
# PAIR t=40.0 p=19 d=1.281 pq=1:1 delta=-0.733 x=0.291 ratio=0.8364 dth=+0.236 gg=0.5425 fl=0.031 ret=0.969 shed=0.047 act=0.1187 flq=0.12
# PAIR t=40.0 p=20 d=1.454 pq=1:1 delta=-0.061 x=0.295 ratio=1.0126 dth=+0.083 gg=0.9855 fl=0.074 ret=0.987 shed=0.020 act=0.3231 flq=0.28
# PAIR t=40.0 p=21 d=1.535 pq=1:1 delta=+0.317 x=0.291 ratio=1.0354 dth=+1.963 gg=0.0000 fl=0.000 ret=0.970 shed=0.045 act=0.0000 flq=0.00
# PAIR t=40.0 p=22 d=1.040 pq=1:1 delta=-1.773 x=0.285 ratio=1.1317 dth=-2.802 gg=0.0000 fl=0.000 ret=0.949 shed=0.076 act=0.0000 flq=0.00
# PAIR t=40.0 p=23 d=1.470 pq=1:1 delta=+0.023 x=0.292 ratio=0.9913 dth=-0.032 gg=0.9978 fl=0.008 ret=0.976 shed=0.036 act=0.0368 flq=0.03
# PAIR t=40.0 p=24 d=1.296 pq=1:1 delta=-0.691 x=0.286 ratio=0.9715 dth=+1.081 gg=0.0628 fl=0.178 ret=0.957 shed=0.064 act=0.6929 flq=0.68
# PAIR t=40.0 p=25 d=1.374 pq=1:1 delta=-0.380 x=0.290 ratio=1.0022 dth=+0.202 gg=0.8651 fl=0.430 ret=0.973 shed=0.041 act=1.7727 flq=1.64
# PAIR t=40.0 p=26 d=1.327 pq=1:1 delta=-0.563 x=0.292 ratio=1.1326 dth=+0.914 gg=0.1379 fl=0.048 ret=0.973 shed=0.041 act=0.1903 flq=0.18
# PAIR t=40.0 p=27 d=1.216 pq=1:1 delta=-1.034 x=0.289 ratio=1.1036 dth=-1.697 gg=0.0000 fl=0.000 ret=0.964 shed=0.054 act=0.0001 flq=0.00
# PAIR t=40.0 p=28 d=1.519 pq=1:1 delta=+0.234 x=0.295 ratio=1.0820 dth=-2.272 gg=0.0000 fl=0.000 ret=0.982 shed=0.027 act=0.0000 flq=0.00
# PAIR t=40.0 p=29 d=1.433 pq=1:1 delta=-0.126 x=0.290 ratio=0.9977 dth=+0.054 gg=0.9840 fl=0.232 ret=0.972 shed=0.042 act=0.9968 flq=0.88
# PAIR t=40.0 p=30 d=1.380 pq=1:1 delta=-0.356 x=0.290 ratio=0.9881 dth=+0.162 gg=0.8799 fl=0.392 ret=0.972 shed=0.042 act=1.6205 flq=1.49
# PAIR t=40.0 p=31 d=1.343 pq=1:1 delta=-0.514 x=0.290 ratio=0.9945 dth=+0.249 gg=0.7670 fl=0.203 ret=0.974 shed=0.039 act=0.8169 flq=0.77
# PAIR t=40.0 p=32 d=1.081 pq=1:1 delta=-1.591 x=0.287 ratio=1.1684 dth=-2.597 gg=0.0000 fl=0.000 ret=0.956 shed=0.065 act=0.0000 flq=0.00
# PAIR t=40.0 p=33 d=1.363 pq=1:1 delta=-0.439 x=0.293 ratio=1.0007 dth=+0.213 gg=0.8242 fl=0.329 ret=0.980 shed=0.030 act=1.3464 flq=1.26
# PAIR t=40.0 p=34 d=1.495 pq=1:1 delta=+0.134 x=0.294 ratio=0.9367 dth=-0.620 gg=0.2843 fl=0.022 ret=0.980 shed=0.030 act=0.0997 flq=0.08
# PAIR t=40.0 p=35 d=1.063 pq=1:1 delta=-1.676 x=0.287 ratio=1.1406 dth=+3.095 gg=0.0000 fl=0.002 ret=0.957 shed=0.065 act=0.0071 flq=0.01
# PAIR t=40.0 p=36 d=1.182 pq=1:1 delta=-1.172 x=0.289 ratio=1.1359 dth=-0.711 gg=0.0001 fl=0.006 ret=0.962 shed=0.057 act=0.0213 flq=0.02
# PAIR t=40.0 p=37 d=1.251 pq=1:1 delta=-0.845 x=0.287 ratio=1.1886 dth=+0.490 gg=0.4781 fl=0.029 ret=0.955 shed=0.067 act=0.1085 flq=0.11
# PAIR t=40.0 p=38 d=1.362 pq=1:1 delta=-0.434 x=0.291 ratio=0.9986 dth=+0.215 gg=0.8280 fl=0.344 ret=0.974 shed=0.040 act=1.4062 flq=1.31
# PAIR t=40.0 p=39 d=1.105 pq=1:1 delta=-1.481 x=0.283 ratio=1.1330 dth=+2.635 gg=0.0000 fl=0.002 ret=0.944 shed=0.084 act=0.0057 flq=0.01
# PAIR t=40.0 p=40 d=1.550 pq=1:1 delta=+0.415 x=0.287 ratio=1.0941 dth=-0.678 gg=0.3413 fl=0.016 ret=0.958 shed=0.064 act=0.0722 flq=0.06
# PAIR t=40.0 p=41 d=1.381 pq=1:1 delta=-0.350 x=0.290 ratio=0.9984 dth=+0.183 gg=0.8841 fl=0.290 ret=0.973 shed=0.040 act=1.2038 flq=1.11
# PAIR t=40.0 p=42 d=1.280 pq=1:1 delta=-0.790 x=0.292 ratio=0.9846 dth=-0.814 gg=0.0008 fl=0.042 ret=0.976 shed=0.036 act=0.1607 flq=0.16
# PAIR t=40.0 p=43 d=1.112 pq=1:1 delta=-1.481 x=0.290 ratio=1.1152 dth=-0.813 gg=0.0000 fl=0.004 ret=0.966 shed=0.052 act=0.0127 flq=0.01
# PAIR t=40.0 p=44 d=1.100 pq=1:1 delta=-1.481 x=0.281 ratio=1.1771 dth=-2.835 gg=0.0000 fl=0.000 ret=0.936 shed=0.096 act=0.0000 flq=0.00
# PAIR t=40.0 p=45 d=1.351 pq=1:1 delta=-0.489 x=0.291 ratio=1.0103 dth=+0.248 gg=0.7869 fl=0.311 ret=0.978 shed=0.033 act=1.2589 flq=1.19
# PAIR t=40.0 p=46 d=1.425 pq=1:1 delta=-0.176 x=0.293 ratio=0.9932 dth=+0.081 gg=0.9695 fl=0.178 ret=0.980 shed=0.030 act=0.7628 flq=0.68
# PAIR t=40.0 p=47 d=1.531 pq=1:1 delta=+0.300 x=0.291 ratio=0.9634 dth=-0.282 gg=0.8516 fl=0.175 ret=0.971 shed=0.044 act=0.8050 flq=0.67
# PAIR t=40.0 p=48 d=1.481 pq=1:1 delta=+0.089 x=0.288 ratio=0.9925 dth=-0.056 gg=0.9915 fl=0.295 ret=0.965 shed=0.053 act=1.3093 flq=1.12
# PAIR t=40.0 p=49 d=1.220 pq=1:1 delta=-1.034 x=0.291 ratio=1.0630 dth=+3.064 gg=0.0000 fl=0.000 ret=0.971 shed=0.044 act=0.0000 flq=0.00
# PAIR t=40.0 p=50 d=1.357 pq=1:1 delta=-0.454 x=0.290 ratio=1.0022 dth=+0.229 gg=0.8133 fl=0.230 ret=0.972 shed=0.042 act=0.9343 flq=0.88
# PAIR t=40.0 p=51 d=1.037 pq=1:1 delta=-1.766 x=0.282 ratio=1.1391 dth=-3.138 gg=0.0000 fl=0.000 ret=0.937 shed=0.094 act=0.0000 flq=0.00
# PAIR t=40.0 p=52 d=1.091 pq=1:1 delta=-1.573 x=0.289 ratio=1.1078 dth=+2.601 gg=0.0000 fl=0.003 ret=0.963 shed=0.056 act=0.0107 flq=0.01
# PAIR t=40.0 p=53 d=1.051 pq=1:1 delta=-1.755 x=0.294 ratio=1.1588 dth=-2.218 gg=0.0000 fl=0.000 ret=0.980 shed=0.029 act=0.0000 flq=0.00
# PAIR t=40.0 p=54 d=1.087 pq=1:1 delta=-1.581 x=0.290 ratio=1.1581 dth=+2.314 gg=0.0000 fl=0.019 ret=0.968 shed=0.048 act=0.0609 flq=0.07
# PAIR t=40.0 p=55 d=1.359 pq=1:1 delta=-0.456 x=0.292 ratio=0.9965 dth=+0.231 gg=0.8118 fl=0.195 ret=0.980 shed=0.030 act=0.7954 flq=0.75
# PAIR t=40.0 p=56 d=1.330 pq=1:1 delta=-0.583 x=0.293 ratio=1.0029 dth=+0.026 gg=0.5325 fl=0.246 ret=0.981 shed=0.028 act=0.9808 flq=0.94
# PAIR t=40.0 p=57 d=1.210 pq=1:1 delta=-1.059 x=0.289 ratio=1.1057 dth=-1.433 gg=0.0000 fl=0.000 ret=0.962 shed=0.058 act=0.0011 flq=0.00
# PAIR t=40.0 p=58 d=1.281 pq=1:1 delta=-0.799 x=0.295 ratio=1.0152 dth=+1.370 gg=0.0086 fl=0.083 ret=0.986 shed=0.021 act=0.3205 flq=0.32
# PAIR t=40.0 p=59 d=1.546 pq=1:1 delta=+0.359 x=0.292 ratio=0.9922 dth=-0.276 gg=0.8463 fl=0.026 ret=0.973 shed=0.040 act=0.1219 flq=0.10
50.000	18658.2609	78.9100885	744.433675	11.0899114	19492.6945443	4.770e-13	111195	14.592	15.740	15.164	0.025	25.2377	0.8475	3.5935	0.8495	0.9976	1.64994	1.64706	15.0020	14.9741	15.0151	0.25892	0.11235	-0.065419	-4.5169	8.599	16.783
# CONV t=50.00 cond=0 evap=0 rough=0 back_s=0
# LEDGER t=50.000 mode=2 sum_err=0 max|E-iEu|=1.498e-12 run_max_diff=1.500e-12 run_max_sum_err=0 steps=2500 E0_int=19492694544245595 sum=19492694544245595
# PAIR t=50.0 p=0 d=1.281 pq=1:1 delta=-0.759 x=0.291 ratio=1.1300 dth=-0.295 gg=0.0814 fl=0.017 ret=0.970 shed=0.045 act=0.0640 flq=0.06
# PAIR t=50.0 p=1 d=1.229 pq=1:1 delta=-0.990 x=0.290 ratio=1.0656 dth=-2.329 gg=0.0000 fl=0.000 ret=0.968 shed=0.048 act=0.0000 flq=0.00
# PAIR t=50.0 p=2 d=1.286 pq=1:1 delta=-0.735 x=0.293 ratio=1.1613 dth=+0.703 gg=0.3636 fl=0.019 ret=0.978 shed=0.032 act=0.0749 flq=0.07
# PAIR t=50.0 p=3 d=1.478 pq=1:1 delta=+0.059 x=0.292 ratio=0.9948 dth=-0.044 gg=0.9957 fl=0.247 ret=0.977 shed=0.035 act=1.0962 flq=0.94
# PAIR t=50.0 p=4 d=1.467 pq=1:1 delta=+0.016 x=0.292 ratio=1.0125 dth=+0.059 gg=0.9821 fl=0.151 ret=0.975 shed=0.038 act=0.6647 flq=0.58
# PAIR t=50.0 p=5 d=1.467 pq=1:1 delta=+0.000 x=0.293 ratio=0.9943 dth=-0.010 gg=0.9996 fl=0.359 ret=0.982 shed=0.026 act=1.5811 flq=1.37
# PAIR t=50.0 p=6 d=1.025 pq=1:1 delta=-1.824 x=0.285 ratio=1.1771 dth=-0.409 gg=0.0000 fl=0.008 ret=0.950 shed=0.075 act=0.0239 flq=0.03
# PAIR t=50.0 p=7 d=1.421 pq=1:1 delta=-0.172 x=0.289 ratio=1.0009 dth=+0.088 gg=0.9707 fl=0.293 ret=0.968 shed=0.049 act=1.2490 flq=1.12
# PAIR t=50.0 p=8 d=1.311 pq=1:1 delta=-0.629 x=0.288 ratio=0.9446 dth=+0.893 gg=0.1673 fl=0.227 ret=0.961 shed=0.059 act=0.8928 flq=0.86
# PAIR t=50.0 p=9 d=1.343 pq=1:1 delta=-0.512 x=0.289 ratio=0.9973 dth=+0.254 gg=0.7690 fl=0.394 ret=0.970 shed=0.044 act=1.5885 flq=1.50
# PAIR t=50.0 p=10 d=1.078 pq=1:1 delta=-1.624 x=0.288 ratio=1.1113 dth=-1.676 gg=0.0000 fl=0.000 ret=0.961 shed=0.059 act=0.0000 flq=0.00
# PAIR t=50.0 p=11 d=1.239 pq=1:1 delta=-0.928 x=0.289 ratio=1.1351 dth=-0.323 gg=0.0281 fl=0.005 ret=0.965 shed=0.052 act=0.0190 flq=0.02
# PAIR t=50.0 p=12 d=1.334 pq=1:1 delta=-0.539 x=0.287 ratio=0.9994 dth=+0.272 gg=0.7472 fl=0.177 ret=0.964 shed=0.054 act=0.7071 flq=0.67
# PAIR t=50.0 p=13 d=1.103 pq=1:1 delta=-1.467 x=0.290 ratio=1.2058 dth=-0.010 gg=0.0080 fl=0.000 ret=0.942 shed=0.086 act=0.0001 flq=0.00
# PAIR t=50.0 p=14 d=1.539 pq=1:1 delta=+0.388 x=0.283 ratio=1.0566 dth=-2.127 gg=0.0000 fl=0.000 ret=0.943 shed=0.086 act=0.0000 flq=0.00
# PAIR t=50.0 p=15 d=1.036 pq=1:1 delta=-1.742 x=0.279 ratio=1.2105 dth=+2.115 gg=0.0000 fl=0.012 ret=0.931 shed=0.103 act=0.0374 flq=0.04
# PAIR t=50.0 p=16 d=1.486 pq=1:1 delta=+0.150 x=0.282 ratio=1.0007 dth=-0.073 gg=0.9776 fl=0.107 ret=0.944 shed=0.083 act=0.4774 flq=0.41
# PAIR t=50.0 p=17 d=1.264 pq=1:1 delta=-0.806 x=0.284 ratio=0.9214 dth=-0.720 gg=0.0019 fl=0.002 ret=0.947 shed=0.080 act=0.0081 flq=0.01
# PAIR t=50.0 p=18 d=1.110 pq=1:1 delta=-1.486 x=0.288 ratio=1.1151 dth=-2.368 gg=0.0000 fl=0.000 ret=0.961 shed=0.059 act=0.0000 flq=0.00
# PAIR t=50.0 p=19 d=1.281 pq=1:1 delta=-0.763 x=0.289 ratio=0.9522 dth=-1.522 gg=0.0000 fl=0.001 ret=0.961 shed=0.058 act=0.0030 flq=0.00
# PAIR t=50.0 p=20 d=1.454 pq=1:1 delta=-0.056 x=0.294 ratio=0.9934 dth=+0.048 gg=0.9953 fl=0.045 ret=0.984 shed=0.024 act=0.1951 flq=0.17
# PAIR t=50.0 p=21 d=1.535 pq=1:1 delta=+0.331 x=0.289 ratio=1.0347 dth=+2.696 gg=0.0000 fl=0.000 ret=0.962 shed=0.057 act=0.0000 flq=0.00
# PAIR t=50.0 p=22 d=1.040 pq=1:1 delta=-1.731 x=0.282 ratio=1.2293 dth=+0.111 gg=0.0025 fl=0.004 ret=0.940 shed=0.090 act=0.0123 flq=0.01
# PAIR t=50.0 p=23 d=1.470 pq=1:1 delta=+0.032 x=0.290 ratio=1.0031 dth=-0.005 gg=0.9984 fl=0.253 ret=0.971 shed=0.044 act=1.1140 flq=0.96
# PAIR t=50.0 p=24 d=1.296 pq=1:1 delta=-0.652 x=0.284 ratio=1.1471 dth=-0.091 gg=0.3182 fl=0.023 ret=0.948 shed=0.078 act=0.0881 flq=0.09
# PAIR t=50.0 p=25 d=1.374 pq=1:1 delta=-0.369 x=0.288 ratio=1.0109 dth=+0.197 gg=0.8718 fl=0.113 ret=0.966 shed=0.051 act=0.4662 flq=0.43
# PAIR t=50.0 p=26 d=1.327 pq=1:1 delta=-0.542 x=0.290 ratio=1.1619 dth=+0.045 gg=0.6038 fl=0.016 ret=0.966 shed=0.051 act=0.0644 flq=0.06
# PAIR t=50.0 p=27 d=1.216 pq=1:1 delta=-1.002 x=0.287 ratio=1.1787 dth=+1.341 gg=0.0160 fl=0.037 ret=0.957 shed=0.064 act=0.1350 flq=0.14
# PAIR t=50.0 p=28 d=1.519 pq=1:1 delta=+0.242 x=0.293 ratio=1.0769 dth=-0.534 gg=0.4735 fl=0.011 ret=0.977 shed=0.035 act=0.0479 flq=0.04
# PAIR t=50.0 p=29 d=1.433 pq=1:1 delta=-0.114 x=0.289 ratio=0.9903 dth=+0.037 gg=0.9853 fl=0.187 ret=0.965 shed=0.053 act=0.8041 flq=0.71
# PAIR t=50.0 p=30 d=1.380 pq=1:1 delta=-0.344 x=0.288 ratio=0.9992 dth=+0.165 gg=0.8879 fl=0.104 ret=0.965 shed=0.053 act=0.4294 flq=0.40
# PAIR t=50.0 p=31 d=1.343 pq=1:1 delta=-0.504 x=0.288 ratio=1.0028 dth=+0.261 gg=0.7748 fl=0.372 ret=0.967 shed=0.049 act=1.5011 flq=1.42
# PAIR t=50.0 p=32 d=1.081 pq=1:1 delta=-1.549 x=0.289 ratio=1.2571 dth=+1.262 gg=0.0277 fl=0.000 ret=0.949 shed=0.076 act=0.0010 flq=0.00
# PAIR t=50.0 p=33 d=1.363 pq=1:1 delta=-0.432 x=0.291 ratio=0.9883 dth=+0.203 gg=0.8287 fl=0.078 ret=0.976 shed=0.036 act=0.3193 flq=0.30
# PAIR t=50.0 p=34 d=1.495 pq=1:1 delta=+0.148 x=0.292 ratio=0.9248 dth=-2.018 gg=0.0000 fl=0.000 ret=0.974 shed=0.040 act=0.0000 flq=0.00
# PAIR t=50.0 p=35 d=1.063 pq=1:1 delta=-1.656 x=0.285 ratio=1.1823 dth=-0.257 gg=0.0001 fl=0.017 ret=0.950 shed=0.075 act=0.0538 flq=0.06
# PAIR t=50.0 p=36 d=1.182 pq=1:1 delta=-1.173 x=0.286 ratio=1.0812 dth=+2.286 gg=0.0000 fl=0.012 ret=0.954 shed=0.070 act=0.0410 flq=0.04
# PAIR t=50.0 p=37 d=1.251 pq=1:1 delta=-0.869 x=0.284 ratio=1.0360 dth=+2.203 gg=0.0000 fl=0.005 ret=0.945 shed=0.082 act=0.0196 flq=0.02
# PAIR t=50.0 p=38 d=1.362 pq=1:1 delta=-0.424 x=0.289 ratio=1.0033 dth=+0.220 gg=0.8350 fl=0.092 ret=0.967 shed=0.049 act=0.3751 flq=0.35
# PAIR t=50.0 p=39 d=1.105 pq=1:1 delta=-1.467 x=0.280 ratio=1.1354 dth=-0.990 gg=0.0000 fl=0.003 ret=0.934 shed=0.099 act=0.0084 flq=0.01
# PAIR t=50.0 p=40 d=1.550 pq=1:1 delta=+0.437 x=0.284 ratio=1.1088 dth=+0.978 gg=0.0017 fl=0.001 ret=0.948 shed=0.079 act=0.0033 flq=0.00
# PAIR t=50.0 p=41 d=1.381 pq=1:1 delta=-0.342 x=0.289 ratio=0.9900 dth=+0.156 gg=0.8886 fl=0.342 ret=0.968 shed=0.048 act=1.4177 flq=1.30
# PAIR t=50.0 p=42 d=1.280 pq=1:1 delta=-0.769 x=0.291 ratio=0.9121 dth=+1.177 gg=0.0375 fl=0.017 ret=0.970 shed=0.046 act=0.0640 flq=0.06
# PAIR t=50.0 p=43 d=1.112 pq=1:1 delta=-1.476 x=0.288 ratio=1.1037 dth=+2.488 gg=0.0000 fl=0.006 ret=0.959 shed=0.061 act=0.0192 flq=0.02
# PAIR t=50.0 p=44 d=1.100 pq=1:1 delta=-1.435 x=0.277 ratio=1.2569 dth=+1.088 gg=0.0648 fl=0.012 ret=0.923 shed=0.115 act=0.0394 flq=0.04
# PAIR t=50.0 p=45 d=1.351 pq=1:1 delta=-0.482 x=0.290 ratio=1.0001 dth=+0.233 gg=0.7916 fl=0.509 ret=0.974 shed=0.039 act=2.0634 flq=1.94
# PAIR t=50.0 p=46 d=1.425 pq=1:1 delta=-0.167 x=0.292 ratio=1.0010 dth=+0.075 gg=0.9722 fl=0.167 ret=0.975 shed=0.038 act=0.7130 flq=0.64
# PAIR t=50.0 p=47 d=1.531 pq=1:1 delta=+0.326 x=0.289 ratio=0.9065 dth=-0.938 gg=0.0749 fl=0.009 ret=0.964 shed=0.054 act=0.0421 flq=0.03
# PAIR t=50.0 p=48 d=1.481 pq=1:1 delta=+0.110 x=0.284 ratio=1.0022 dth=-0.050 gg=0.9878 fl=0.172 ret=0.953 shed=0.070 act=0.7621 flq=0.65
# PAIR t=50.0 p=49 d=1.220 pq=1:1 delta=-1.022 x=0.289 ratio=1.0624 dth=-1.922 gg=0.0000 fl=0.000 ret=0.962 shed=0.057 act=0.0000 flq=0.00
# PAIR t=50.0 p=50 d=1.357 pq=1:1 delta=-0.444 x=0.288 ratio=1.0027 dth=+0.225 gg=0.8208 fl=0.384 ret=0.966 shed=0.051 act=1.5646 flq=1.46
# PAIR t=50.0 p=51 d=1.037 pq=1:1 delta=-1.742 x=0.279 ratio=1.1854 dth=-0.210 gg=0.0001 fl=0.027 ret=0.929 shed=0.107 act=0.0835 flq=0.10
# PAIR t=50.0 p=52 d=1.091 pq=1:1 delta=-1.571 x=0.287 ratio=1.0893 dth=-1.857 gg=0.0000 fl=0.000 ret=0.958 shed=0.063 act=0.0000 flq=0.00
# PAIR t=50.0 p=53 d=1.051 pq=1:1 delta=-1.717 x=0.292 ratio=1.2415 dth=+1.679 gg=0.0016 fl=0.018 ret=0.972 shed=0.043 act=0.0582 flq=0.07
# PAIR t=50.0 p=54 d=1.087 pq=1:1 delta=-1.582 x=0.288 ratio=1.1198 dth=-1.595 gg=0.0000 fl=0.000 ret=0.960 shed=0.060 act=0.0000 flq=0.00
# PAIR t=50.0 p=55 d=1.359 pq=1:1 delta=-0.448 x=0.291 ratio=0.9897 dth=+0.194 gg=0.8145 fl=0.314 ret=0.975 shed=0.037 act=1.2820 flq=1.20
# PAIR t=50.0 p=56 d=1.330 pq=1:1 delta=-0.570 x=0.292 ratio=1.0637 dth=+0.112 gg=0.6389 fl=0.043 ret=0.976 shed=0.035 act=0.1706 flq=0.16
# PAIR t=50.0 p=57 d=1.210 pq=1:1 delta=-1.039 x=0.286 ratio=1.1398 dth=+1.667 gg=0.0008 fl=0.028 ret=0.954 shed=0.069 act=0.1018 flq=0.11
# PAIR t=50.0 p=58 d=1.281 pq=1:1 delta=-0.770 x=0.295 ratio=1.1434 dth=-0.209 gg=0.1239 fl=0.014 ret=0.983 shed=0.026 act=0.0535 flq=0.05
# PAIR t=50.0 p=59 d=1.546 pq=1:1 delta=+0.369 x=0.290 ratio=0.9900 dth=-0.469 gg=0.6283 fl=0.026 ret=0.967 shed=0.049 act=0.1219 flq=0.10
60.000	18658.2609	80.9303575	744.433675	9.06964237	19492.6945443	4.787e-13	111244	14.671	15.882	15.144	0.027	25.3366	0.8478	0.093575	0.8495	0.9979	1.64992	1.64704	15.0019	15.0044	15.0623	-0.0052656	-0.039729	-0.091238	-11.946	-4.6932	19.46
# CONV t=60.00 cond=0 evap=0 rough=0 back_s=0
# LEDGER t=60.000 mode=2 sum_err=0 max|E-iEu|=1.492e-12 run_max_diff=1.500e-12 run_max_sum_err=0 steps=3000 E0_int=19492694544245595 sum=19492694544245595
# PAIR t=60.0 p=0 d=1.281 pq=1:1 delta=-0.738 x=0.289 ratio=0.8576 dth=+0.408 gg=0.5743 fl=0.007 ret=0.965 shed=0.053 act=0.0258 flq=0.03
# PAIR t=60.0 p=1 d=1.229 pq=1:1 delta=-0.977 x=0.288 ratio=1.0859 dth=-0.884 gg=0.0001 fl=0.005 ret=0.961 shed=0.059 act=0.0179 flq=0.02
# PAIR t=60.0 p=2 d=1.286 pq=1:1 delta=-0.742 x=0.292 ratio=0.8884 dth=-0.232 gg=0.1242 fl=0.007 ret=0.975 shed=0.038 act=0.0274 flq=0.03
# PAIR t=60.0 p=3 d=1.478 pq=1:1 delta=+0.067 x=0.290 ratio=0.9963 dth=-0.040 gg=0.9954 fl=0.175 ret=0.972 shed=0.042 act=0.7748 flq=0.67
# PAIR t=60.0 p=4 d=1.467 pq=1:1 delta=+0.024 x=0.290 ratio=1.0098 dth=+0.016 gg=0.9963 fl=0.107 ret=0.970 shed=0.045 act=0.4699 flq=0.41
# PAIR t=60.0 p=5 d=1.467 pq=1:1 delta=+0.006 x=0.292 ratio=0.9875 dth=-0.025 gg=0.9980 fl=0.247 ret=0.979 shed=0.031 act=1.0872 flq=0.94
# PAIR t=60.0 p=6 d=1.025 pq=1:1 delta=-1.828 x=0.282 ratio=1.1132 dth=-3.121 gg=0.0000 fl=0.000 ret=0.940 shed=0.090 act=0.0002 flq=0.00
# PAIR t=60.0 p=7 d=1.421 pq=1:1 delta=-0.162 x=0.287 ratio=1.0023 dth=+0.082 gg=0.9740 fl=0.264 ret=0.962 shed=0.058 act=1.1245 flq=1.00
# PAIR t=60.0 p=8 d=1.311 pq=1:1 delta=-0.594 x=0.286 ratio=1.1506 dth=-0.006 gg=0.4806 fl=0.024 ret=0.953 shed=0.070 act=0.0950 flq=0.09
# PAIR t=60.0 p=9 d=1.343 pq=1:1 delta=-0.504 x=0.288 ratio=1.0198 dth=+0.251 gg=0.7754 fl=0.058 ret=0.966 shed=0.051 act=0.2332 flq=0.22
# PAIR t=60.0 p=10 d=1.078 pq=1:1 delta=-1.591 x=0.287 ratio=1.2023 dth=+1.682 gg=0.0015 fl=0.008 ret=0.956 shed=0.066 act=0.0274 flq=0.03
# PAIR t=60.0 p=11 d=1.239 pq=1:1 delta=-0.907 x=0.288 ratio=0.8508 dth=+0.762 gg=0.2916 fl=0.019 ret=0.959 shed=0.061 act=0.0692 flq=0.07
# PAIR t=60.0 p=12 d=1.334 pq=1:1 delta=-0.528 x=0.285 ratio=0.9969 dth=+0.261 gg=0.7564 fl=0.400 ret=0.956 shed=0.066 act=1.6004 flq=1.52
# PAIR t=60.0 p=13 d=1.103 pq=1:1 delta=-1.477 x=0.280 ratio=1.1347 dth=-2.830 gg=0.0000 fl=0.000 ret=0.932 shed=0.102 act=0.0000 flq=0.00
# PAIR t=60.0 p=14 d=1.539 pq=1:1 delta=+0.408 x=0.279 ratio=1.0546 dth=-0.922 gg=0.1007 fl=0.003 ret=0.931 shed=0.103 act=0.0121 flq=0.01
# PAIR t=60.0 p=15 d=1.036 pq=1:1 delta=-1.748 x=0.276 ratio=1.1452 dth=-1.269 gg=0.0000 fl=0.001 ret=0.920 shed=0.120 act=0.0020 flq=0.00
# PAIR t=60.0 p=16 d=1.486 pq=1:1 delta=+0.168 x=0.364 ratio=0.9987 dth=-0.086 gg=0.9721 fl=0.000 ret=0.934 shed=0.099 act=0.0000 flq=0.00
# PAIR t=60.0 p=17 d=1.264 pq=1:1 delta=-0.785 x=0.282 ratio=1.1232 dth=+1.215 gg=0.0294 fl=0.039 ret=0.939 shed=0.092 act=0.1463 flq=0.15
# PAIR t=60.0 p=18 d=1.110 pq=1:1 delta=-1.447 x=0.287 ratio=1.2171 dth=+0.301 gg=0.0515 fl=0.004 ret=0.955 shed=0.067 act=0.0128 flq=0.01
# PAIR t=60.0 p=19 d=1.281 pq=1:1 delta=-0.752 x=0.286 ratio=0.9554 dth=-2.527 gg=0.0000 fl=0.000 ret=0.954 shed=0.070 act=0.0000 flq=0.00
# PAIR t=60.0 p=20 d=1.454 pq=1:1 delta=-0.050 x=0.293 ratio=0.9965 dth=+0.005 gg=0.9959 fl=0.019 ret=0.980 shed=0.030 act=0.0808 flq=0.07
# PAIR t=60.0 p=21 d=1.535 pq=1:1 delta=+0.346 x=0.286 ratio=1.0334 dth=-2.876 gg=0.0000 fl=0.000 ret=0.953 shed=0.070 act=0.0000 flq=0.00
# PAIR t=60.0 p=22 d=1.040 pq=1:1 delta=-1.769 x=0.279 ratio=0.9802 dth=+2.666 gg=0.0000 fl=0.048 ret=0.933 shed=0.101 act=0.1506 flq=0.18
# PAIR t=60.0 p=23 d=1.470 pq=1:1 delta=+0.043 x=0.288 ratio=1.0049 dth=-0.006 gg=0.9972 fl=0.184 ret=0.964 shed=0.054 act=0.8102 flq=0.70
# PAIR t=60.0 p=24 d=1.296 pq=1:1 delta=-0.637 x=0.280 ratio=0.8876 dth=-0.244 gg=0.1778 fl=0.010 ret=0.934 shed=0.099 act=0.0370 flq=0.04
# PAIR t=60.0 p=25 d=1.374 pq=1:1 delta=-0.359 x=0.286 ratio=1.0036 dth=+0.189 gg=0.8788 fl=0.233 ret=0.959 shed=0.061 act=0.9623 flq=0.89
# PAIR t=60.0 p=26 d=1.327 pq=1:1 delta=-0.542 x=0.288 ratio=0.8821 dth=-0.141 gg=0.3707 fl=0.055 ret=0.959 shed=0.061 act=0.2179 flq=0.21
# PAIR t=60.0 p=27 d=1.216 pq=1:1 delta=-0.989 x=0.285 ratio=0.8381 dth=+0.173 gg=0.2399 fl=0.006 ret=0.951 shed=0.073 act=0.0218 flq=0.02
# PAIR t=60.0 p=28 d=1.519 pq=1:1 delta=+0.250 x=0.292 ratio=1.0764 dth=+0.681 gg=0.0641 fl=0.006 ret=0.972 shed=0.042 act=0.0277 flq=0.02
# PAIR t=60.0 p=29 d=1.433 pq=1:1 delta=-0.103 x=0.286 ratio=0.9960 dth=+0.024 gg=0.9865 fl=0.174 ret=0.958 shed=0.063 act=0.7463 flq=0.66
# PAIR t=60.0 p=30 d=1.380 pq=1:1 delta=-0.332 x=0.285 ratio=0.9990 dth=+0.163 gg=0.8956 fl=0.227 ret=0.957 shed=0.065 act=0.9399 flq=0.86
# PAIR t=60.0 p=31 d=1.343 pq=1:1 delta=-0.494 x=0.286 ratio=0.9911 dth=+0.258 gg=0.7825 fl=0.062 ret=0.961 shed=0.059 act=0.2519 flq=0.24
# PAIR t=60.0 p=32 d=1.081 pq=1:1 delta=-1.574 x=0.282 ratio=1.1601 dth=-1.617 gg=0.0000 fl=0.000 ret=0.941 shed=0.089 act=0.0001 flq=0.00
# PAIR t=60.0 p=33 d=1.363 pq=1:1 delta=-0.426 x=0.290 ratio=0.9978 dth=+0.211 gg=0.8337 fl=0.172 ret=0.972 shed=0.042 act=0.7024 flq=0.66
# PAIR t=60.0 p=34 d=1.495 pq=1:1 delta=+0.161 x=0.290 ratio=0.9228 dth=+2.550 gg=0.0000 fl=0.000 ret=0.966 shed=0.051 act=0.0000 flq=0.00
# PAIR t=60.0 p=35 d=1.063 pq=1:1 delta=-1.658 x=0.282 ratio=1.1358 dth=-2.926 gg=0.0000 fl=0.000 ret=0.941 shed=0.089 act=0.0002 flq=0.00
# PAIR t=60.0 p=36 d=1.182 pq=1:1 delta=-1.167 x=0.284 ratio=1.0565 dth=-2.840 gg=0.0000 fl=0.000 ret=0.947 shed=0.080 act=0.0000 flq=0.00
# PAIR t=60.0 p=37 d=1.251 pq=1:1 delta=-0.855 x=0.281 ratio=1.0166 dth=+2.552 gg=0.0000 fl=0.000 ret=0.935 shed=0.097 act=0.0015 flq=0.00
# PAIR t=60.0 p=38 d=1.362 pq=1:1 delta=-0.413 x=0.287 ratio=1.0095 dth=+0.229 gg=0.8411 fl=0.170 ret=0.961 shed=0.059 act=0.6946 flq=0.65
# PAIR t=60.0 p=39 d=1.105 pq=1:1 delta=-1.457 x=0.277 ratio=1.1251 dth=+2.538 gg=0.0000 fl=0.005 ret=0.924 shed=0.113 act=0.0180 flq=0.02
# PAIR t=60.0 p=40 d=1.550 pq=1:1 delta=+0.459 x=0.281 ratio=1.1117 dth=-3.060 gg=0.0000 fl=0.000 ret=0.936 shed=0.096 act=0.0000 flq=0.00
# PAIR t=60.0 p=41 d=1.381 pq=1:1 delta=-0.334 x=0.287 ratio=1.0039 dth=+0.182 gg=0.8935 fl=0.409 ret=0.963 shed=0.056 act=1.6958 flq=1.56
# PAIR t=60.0 p=42 d=1.280 pq=1:1 delta=-0.740 x=0.289 ratio=1.1647 dth=+0.281 gg=0.5579 fl=0.007 ret=0.964 shed=0.054 act=0.0272 flq=0.03
# PAIR t=60.0 p=43 d=1.112 pq=1:1 delta=-1.472 x=0.286 ratio=1.0849 dth=-2.076 gg=0.0000 fl=0.000 ret=0.954 shed=0.070 act=0.0000 flq=0.00
# PAIR t=60.0 p=44 d=1.100 pq=1:1 delta=-1.446 x=0.273 ratio=1.1804 dth=-1.460 gg=0.0000 fl=0.000 ret=0.909 shed=0.136 act=0.0000 flq=0.00
# PAIR t=60.0 p=45 d=1.351 pq=1:1 delta=-0.475 x=0.287 ratio=1.0114 dth=+0.239 gg=0.7979 fl=0.097 ret=0.968 shed=0.047 act=0.3914 flq=0.37
# PAIR t=60.0 p=46 d=1.425 pq=1:1 delta=-0.158 x=0.290 ratio=1.0083 dth=+0.092 gg=0.9747 fl=0.154 ret=0.969 shed=0.046 act=0.6576 flq=0.59
# PAIR t=60.0 p=47 d=1.531 pq=1:1 delta=+0.344 x=0.287 ratio=0.8962 dth=+3.093 gg=0.0000 fl=0.000 ret=0.956 shed=0.066 act=0.0000 flq=0.00
# PAIR t=60.0 p=48 d=1.481 pq=1:1 delta=+0.126 x=0.412 ratio=0.9985 dth=-0.063 gg=0.9842 fl=0.000 ret=0.944 shed=0.084 act=0.0000 flq=0.00
# PAIR t=60.0 p=49 d=1.220 pq=1:1 delta=-0.994 x=0.286 ratio=1.1396 dth=-0.233 gg=0.0359 fl=0.030 ret=0.955 shed=0.068 act=0.1108 flq=0.11
# PAIR t=60.0 p=50 d=1.357 pq=1:1 delta=-0.434 x=0.285 ratio=1.0043 dth=+0.219 gg=0.8282 fl=0.067 ret=0.959 shed=0.061 act=0.2742 flq=0.26
# PAIR t=60.0 p=51 d=1.037 pq=1:1 delta=-1.750 x=0.276 ratio=1.1171 dth=-2.966 gg=0.0000 fl=0.001 ret=0.920 shed=0.121 act=0.0018 flq=0.00
# PAIR t=60.0 p=52 d=1.091 pq=1:1 delta=-1.518 x=0.286 ratio=1.2396 dth=+0.840 gg=0.0915 fl=0.006 ret=0.953 shed=0.071 act=0.0195 flq=0.02
# PAIR t=60.0 p=53 d=1.051 pq=1:1 delta=-1.757 x=0.290 ratio=1.0815 dth=-2.516 gg=0.0000 fl=0.000 ret=0.968 shed=0.049 act=0.0000 flq=0.00
# PAIR t=60.0 p=54 d=1.087 pq=1:1 delta=-1.554 x=0.286 ratio=1.1791 dth=+1.858 gg=0.0002 fl=0.011 ret=0.952 shed=0.071 act=0.0351 flq=0.04
# PAIR t=60.0 p=55 d=1.359 pq=1:1 delta=-0.441 x=0.289 ratio=0.9979 dth=+0.221 gg=0.8230 fl=0.059 ret=0.970 shed=0.044 act=0.2411 flq=0.23
# PAIR t=60.0 p=56 d=1.330 pq=1:1 delta=-0.565 x=0.291 ratio=1.0503 dth=+0.351 gg=0.7125 fl=0.149 ret=0.972 shed=0.043 act=0.5954 flq=0.57
# PAIR t=60.0 p=57 d=1.210 pq=1:1 delta=-1.010 x=0.284 ratio=0.8339 dth=+0.828 gg=0.2277 fl=0.003 ret=0.948 shed=0.078 act=0.0122 flq=0.01
# PAIR t=60.0 p=58 d=1.281 pq=1:1 delta=-0.763 x=0.294 ratio=0.8706 dth=+0.876 gg=0.1995 fl=0.005 ret=0.979 shed=0.031 act=0.0197 flq=0.02
# PAIR t=60.0 p=59 d=1.546 pq=1:1 delta=+0.381 x=0.288 ratio=0.9877 dth=-0.717 gg=0.2785 fl=0.026 ret=0.961 shed=0.059 act=0.1219 flq=0.10
# RESULT es_shells 0.94:1.0012 2.81:0.9990 4.69:0.9988 6.56:1.0004 8.44:0.9997 10.31:0.9988 12.19:0.9989 14.06:0.9996
# RESULT LEDGER mode=2 E0_int=19492694544245595 sum_int=19492694544245595 max_sum_err=0 max|E-iEu|=1.500e-12 steps=3000
# RESULT conservation E0=19492.6945442 Efinal=19492.6945443 rel_drift=4.787e-13
# RESULT roughness_radiated=0 (dissonant dense deliveries converted to field, conserved)
# RESULT curvature_fit defA_per_Em=-0.35700 r2=0.4590 (linear defect ~ converted energy)
# PAIR t=60.0 p=0 d=1.281 pq=1:1 delta=-0.738 x=0.289 ratio=0.8576 dth=+0.408 gg=0.5743 fl=0.007 ret=0.965 shed=0.053 act=0.0258 flq=0.03
# PAIR t=60.0 p=1 d=1.229 pq=1:1 delta=-0.977 x=0.288 ratio=1.0859 dth=-0.884 gg=0.0001 fl=0.005 ret=0.961 shed=0.059 act=0.0179 flq=0.02
# PAIR t=60.0 p=2 d=1.286 pq=1:1 delta=-0.742 x=0.292 ratio=0.8884 dth=-0.232 gg=0.1242 fl=0.007 ret=0.975 shed=0.038 act=0.0274 flq=0.03
# PAIR t=60.0 p=3 d=1.478 pq=1:1 delta=+0.067 x=0.290 ratio=0.9963 dth=-0.040 gg=0.9954 fl=0.175 ret=0.972 shed=0.042 act=0.7748 flq=0.67
# PAIR t=60.0 p=4 d=1.467 pq=1:1 delta=+0.024 x=0.290 ratio=1.0098 dth=+0.016 gg=0.9963 fl=0.107 ret=0.970 shed=0.045 act=0.4699 flq=0.41
# PAIR t=60.0 p=5 d=1.467 pq=1:1 delta=+0.006 x=0.292 ratio=0.9875 dth=-0.025 gg=0.9980 fl=0.247 ret=0.979 shed=0.031 act=1.0872 flq=0.94
# PAIR t=60.0 p=6 d=1.025 pq=1:1 delta=-1.828 x=0.282 ratio=1.1132 dth=-3.121 gg=0.0000 fl=0.000 ret=0.940 shed=0.090 act=0.0002 flq=0.00
# PAIR t=60.0 p=7 d=1.421 pq=1:1 delta=-0.162 x=0.287 ratio=1.0023 dth=+0.082 gg=0.9740 fl=0.264 ret=0.962 shed=0.058 act=1.1245 flq=1.00
# PAIR t=60.0 p=8 d=1.311 pq=1:1 delta=-0.594 x=0.286 ratio=1.1506 dth=-0.006 gg=0.4806 fl=0.024 ret=0.953 shed=0.070 act=0.0950 flq=0.09
# PAIR t=60.0 p=9 d=1.343 pq=1:1 delta=-0.504 x=0.288 ratio=1.0198 dth=+0.251 gg=0.7754 fl=0.058 ret=0.966 shed=0.051 act=0.2332 flq=0.22
# PAIR t=60.0 p=10 d=1.078 pq=1:1 delta=-1.591 x=0.287 ratio=1.2023 dth=+1.682 gg=0.0015 fl=0.008 ret=0.956 shed=0.066 act=0.0274 flq=0.03
# PAIR t=60.0 p=11 d=1.239 pq=1:1 delta=-0.907 x=0.288 ratio=0.8508 dth=+0.762 gg=0.2916 fl=0.019 ret=0.959 shed=0.061 act=0.0692 flq=0.07
# PAIR t=60.0 p=12 d=1.334 pq=1:1 delta=-0.528 x=0.285 ratio=0.9969 dth=+0.261 gg=0.7564 fl=0.400 ret=0.956 shed=0.066 act=1.6004 flq=1.52
# PAIR t=60.0 p=13 d=1.103 pq=1:1 delta=-1.477 x=0.280 ratio=1.1347 dth=-2.830 gg=0.0000 fl=0.000 ret=0.932 shed=0.102 act=0.0000 flq=0.00
# PAIR t=60.0 p=14 d=1.539 pq=1:1 delta=+0.408 x=0.279 ratio=1.0546 dth=-0.922 gg=0.1007 fl=0.003 ret=0.931 shed=0.103 act=0.0121 flq=0.01
# PAIR t=60.0 p=15 d=1.036 pq=1:1 delta=-1.748 x=0.276 ratio=1.1452 dth=-1.269 gg=0.0000 fl=0.001 ret=0.920 shed=0.120 act=0.0020 flq=0.00
# PAIR t=60.0 p=16 d=1.486 pq=1:1 delta=+0.168 x=0.364 ratio=0.9987 dth=-0.086 gg=0.9721 fl=0.000 ret=0.934 shed=0.099 act=0.0000 flq=0.00
# PAIR t=60.0 p=17 d=1.264 pq=1:1 delta=-0.785 x=0.282 ratio=1.1232 dth=+1.215 gg=0.0294 fl=0.039 ret=0.939 shed=0.092 act=0.1463 flq=0.15
# PAIR t=60.0 p=18 d=1.110 pq=1:1 delta=-1.447 x=0.287 ratio=1.2171 dth=+0.301 gg=0.0515 fl=0.004 ret=0.955 shed=0.067 act=0.0128 flq=0.01
# PAIR t=60.0 p=19 d=1.281 pq=1:1 delta=-0.752 x=0.286 ratio=0.9554 dth=-2.527 gg=0.0000 fl=0.000 ret=0.954 shed=0.070 act=0.0000 flq=0.00
# PAIR t=60.0 p=20 d=1.454 pq=1:1 delta=-0.050 x=0.293 ratio=0.9965 dth=+0.005 gg=0.9959 fl=0.019 ret=0.980 shed=0.030 act=0.0808 flq=0.07
# PAIR t=60.0 p=21 d=1.535 pq=1:1 delta=+0.346 x=0.286 ratio=1.0334 dth=-2.876 gg=0.0000 fl=0.000 ret=0.953 shed=0.070 act=0.0000 flq=0.00
# PAIR t=60.0 p=22 d=1.040 pq=1:1 delta=-1.769 x=0.279 ratio=0.9802 dth=+2.666 gg=0.0000 fl=0.048 ret=0.933 shed=0.101 act=0.1506 flq=0.18
# PAIR t=60.0 p=23 d=1.470 pq=1:1 delta=+0.043 x=0.288 ratio=1.0049 dth=-0.006 gg=0.9972 fl=0.184 ret=0.964 shed=0.054 act=0.8102 flq=0.70
# PAIR t=60.0 p=24 d=1.296 pq=1:1 delta=-0.637 x=0.280 ratio=0.8876 dth=-0.244 gg=0.1778 fl=0.010 ret=0.934 shed=0.099 act=0.0370 flq=0.04
# PAIR t=60.0 p=25 d=1.374 pq=1:1 delta=-0.359 x=0.286 ratio=1.0036 dth=+0.189 gg=0.8788 fl=0.233 ret=0.959 shed=0.061 act=0.9623 flq=0.89
# PAIR t=60.0 p=26 d=1.327 pq=1:1 delta=-0.542 x=0.288 ratio=0.8821 dth=-0.141 gg=0.3707 fl=0.055 ret=0.959 shed=0.061 act=0.2179 flq=0.21
# PAIR t=60.0 p=27 d=1.216 pq=1:1 delta=-0.989 x=0.285 ratio=0.8381 dth=+0.173 gg=0.2399 fl=0.006 ret=0.951 shed=0.073 act=0.0218 flq=0.02
# PAIR t=60.0 p=28 d=1.519 pq=1:1 delta=+0.250 x=0.292 ratio=1.0764 dth=+0.681 gg=0.0641 fl=0.006 ret=0.972 shed=0.042 act=0.0277 flq=0.02
# PAIR t=60.0 p=29 d=1.433 pq=1:1 delta=-0.103 x=0.286 ratio=0.9960 dth=+0.024 gg=0.9865 fl=0.174 ret=0.958 shed=0.063 act=0.7463 flq=0.66
# PAIR t=60.0 p=30 d=1.380 pq=1:1 delta=-0.332 x=0.285 ratio=0.9990 dth=+0.163 gg=0.8956 fl=0.227 ret=0.957 shed=0.065 act=0.9399 flq=0.86
# PAIR t=60.0 p=31 d=1.343 pq=1:1 delta=-0.494 x=0.286 ratio=0.9911 dth=+0.258 gg=0.7825 fl=0.062 ret=0.961 shed=0.059 act=0.2519 flq=0.24
# PAIR t=60.0 p=32 d=1.081 pq=1:1 delta=-1.574 x=0.282 ratio=1.1601 dth=-1.617 gg=0.0000 fl=0.000 ret=0.941 shed=0.089 act=0.0001 flq=0.00
# PAIR t=60.0 p=33 d=1.363 pq=1:1 delta=-0.426 x=0.290 ratio=0.9978 dth=+0.211 gg=0.8337 fl=0.172 ret=0.972 shed=0.042 act=0.7024 flq=0.66
# PAIR t=60.0 p=34 d=1.495 pq=1:1 delta=+0.161 x=0.290 ratio=0.9228 dth=+2.550 gg=0.0000 fl=0.000 ret=0.966 shed=0.051 act=0.0000 flq=0.00
# PAIR t=60.0 p=35 d=1.063 pq=1:1 delta=-1.658 x=0.282 ratio=1.1358 dth=-2.926 gg=0.0000 fl=0.000 ret=0.941 shed=0.089 act=0.0002 flq=0.00
# PAIR t=60.0 p=36 d=1.182 pq=1:1 delta=-1.167 x=0.284 ratio=1.0565 dth=-2.840 gg=0.0000 fl=0.000 ret=0.947 shed=0.080 act=0.0000 flq=0.00
# PAIR t=60.0 p=37 d=1.251 pq=1:1 delta=-0.855 x=0.281 ratio=1.0166 dth=+2.552 gg=0.0000 fl=0.000 ret=0.935 shed=0.097 act=0.0015 flq=0.00
# PAIR t=60.0 p=38 d=1.362 pq=1:1 delta=-0.413 x=0.287 ratio=1.0095 dth=+0.229 gg=0.8411 fl=0.170 ret=0.961 shed=0.059 act=0.6946 flq=0.65
# PAIR t=60.0 p=39 d=1.105 pq=1:1 delta=-1.457 x=0.277 ratio=1.1251 dth=+2.538 gg=0.0000 fl=0.005 ret=0.924 shed=0.113 act=0.0180 flq=0.02
# PAIR t=60.0 p=40 d=1.550 pq=1:1 delta=+0.459 x=0.281 ratio=1.1117 dth=-3.060 gg=0.0000 fl=0.000 ret=0.936 shed=0.096 act=0.0000 flq=0.00
# PAIR t=60.0 p=41 d=1.381 pq=1:1 delta=-0.334 x=0.287 ratio=1.0039 dth=+0.182 gg=0.8935 fl=0.409 ret=0.963 shed=0.056 act=1.6958 flq=1.56
# PAIR t=60.0 p=42 d=1.280 pq=1:1 delta=-0.740 x=0.289 ratio=1.1647 dth=+0.281 gg=0.5579 fl=0.007 ret=0.964 shed=0.054 act=0.0272 flq=0.03
# PAIR t=60.0 p=43 d=1.112 pq=1:1 delta=-1.472 x=0.286 ratio=1.0849 dth=-2.076 gg=0.0000 fl=0.000 ret=0.954 shed=0.070 act=0.0000 flq=0.00
# PAIR t=60.0 p=44 d=1.100 pq=1:1 delta=-1.446 x=0.273 ratio=1.1804 dth=-1.460 gg=0.0000 fl=0.000 ret=0.909 shed=0.136 act=0.0000 flq=0.00
# PAIR t=60.0 p=45 d=1.351 pq=1:1 delta=-0.475 x=0.287 ratio=1.0114 dth=+0.239 gg=0.7979 fl=0.097 ret=0.968 shed=0.047 act=0.3914 flq=0.37
# PAIR t=60.0 p=46 d=1.425 pq=1:1 delta=-0.158 x=0.290 ratio=1.0083 dth=+0.092 gg=0.9747 fl=0.154 ret=0.969 shed=0.046 act=0.6576 flq=0.59
# PAIR t=60.0 p=47 d=1.531 pq=1:1 delta=+0.344 x=0.287 ratio=0.8962 dth=+3.093 gg=0.0000 fl=0.000 ret=0.956 shed=0.066 act=0.0000 flq=0.00
# PAIR t=60.0 p=48 d=1.481 pq=1:1 delta=+0.126 x=0.412 ratio=0.9985 dth=-0.063 gg=0.9842 fl=0.000 ret=0.944 shed=0.084 act=0.0000 flq=0.00
# PAIR t=60.0 p=49 d=1.220 pq=1:1 delta=-0.994 x=0.286 ratio=1.1396 dth=-0.233 gg=0.0359 fl=0.030 ret=0.955 shed=0.068 act=0.1108 flq=0.11
# PAIR t=60.0 p=50 d=1.357 pq=1:1 delta=-0.434 x=0.285 ratio=1.0043 dth=+0.219 gg=0.8282 fl=0.067 ret=0.959 shed=0.061 act=0.2742 flq=0.26
# PAIR t=60.0 p=51 d=1.037 pq=1:1 delta=-1.750 x=0.276 ratio=1.1171 dth=-2.966 gg=0.0000 fl=0.001 ret=0.920 shed=0.121 act=0.0018 flq=0.00
# PAIR t=60.0 p=52 d=1.091 pq=1:1 delta=-1.518 x=0.286 ratio=1.2396 dth=+0.840 gg=0.0915 fl=0.006 ret=0.953 shed=0.071 act=0.0195 flq=0.02
# PAIR t=60.0 p=53 d=1.051 pq=1:1 delta=-1.757 x=0.290 ratio=1.0815 dth=-2.516 gg=0.0000 fl=0.000 ret=0.968 shed=0.049 act=0.0000 flq=0.00
# PAIR t=60.0 p=54 d=1.087 pq=1:1 delta=-1.554 x=0.286 ratio=1.1791 dth=+1.858 gg=0.0002 fl=0.011 ret=0.952 shed=0.071 act=0.0351 flq=0.04
# PAIR t=60.0 p=55 d=1.359 pq=1:1 delta=-0.441 x=0.289 ratio=0.9979 dth=+0.221 gg=0.8230 fl=0.059 ret=0.970 shed=0.044 act=0.2411 flq=0.23
# PAIR t=60.0 p=56 d=1.330 pq=1:1 delta=-0.565 x=0.291 ratio=1.0503 dth=+0.351 gg=0.7125 fl=0.149 ret=0.972 shed=0.043 act=0.5954 flq=0.57
# PAIR t=60.0 p=57 d=1.210 pq=1:1 delta=-1.010 x=0.284 ratio=0.8339 dth=+0.828 gg=0.2277 fl=0.003 ret=0.948 shed=0.078 act=0.0122 flq=0.01
# PAIR t=60.0 p=58 d=1.281 pq=1:1 delta=-0.763 x=0.294 ratio=0.8706 dth=+0.876 gg=0.1995 fl=0.005 ret=0.979 shed=0.031 act=0.0197 flq=0.02
# PAIR t=60.0 p=59 d=1.546 pq=1:1 delta=+0.381 x=0.288 ratio=0.9877 dth=-0.717 gg=0.2785 fl=0.026 ret=0.961 shed=0.059 act=0.1219 flq=0.10
# RESULT pair_tongue |delta|<0.6: n=31 gg=0.677 ret=0.961 fl=0.114 | 0.6-1.2: n=14 gg=0.176 ret=0.955 fl=0.010 | >1.2: n=15 gg=0.010 ret=0.940 fl=0.006
