# cellfab — v89 cell-fabric kernel (no lattice, no prior code)
# cfg seed=20260727 mode=field init=noise
# cfg L=20 dmin=1 r0=0.85 rjit=0.06
# cfg C=1 w1=1.65 w2=2.9 q_detune=1.2 gamma_res=0.25 gamma_res_m=0.1 p_gate=8
# cfg lock_floor=0.005
# cfg k_dep=1.2 k_dep_m=2 cap=2.5 e_s0=1 es_floor=0.05
# cfg e_cond=0 f_conv=0.25 f_evap=0.5 s_pull=0.15
# cfg kappa_lock=1 kappa_align=0.5 kappa_freq=0 kappa_reac=0 sigma_tumble=0.01
# cfg space: s_k=0.06 s_disp=0.3 es_gx=0
# cfg dt=0.02 T=40 diag_every=100 snap_every=0
# cfg center=(-1,-1,-1) amp=1 sigma=2.5 k=(0,0,0) prealign=0 noise_amp=3
# cfg music: comb_limit=6 rough_k=0.35 gamma_rough=0.5 mob_sym=1 mob_floor=0.004
# cfg field sector: two-component signed amplitude, unitary hops, field_J=1.8
# cfg ledger: mode=2 u=1.000e-12 (cellfabi INT_LEDGER)
# action atom: A0=1.1500 (dbar=1.5045) mode=2 — eps(w)=A0*w/2pi; atoms at mode boundaries, transport continuous
# edge coloring: 28 colors for 48753 links
# fabric: cells=5670 channels=48753 mean_degree=17.20 box=20 dmin=1
# LEDGER seed mode=2 u=1.000e-12 E0_int=14198400704888620 NC=5670 NL=48753
# LEDGER seed mode=2 u=1.000e-12 E0_int=14198400704888620 NC=5670 NL=48753
# t	E_space	E_dense	E_field	E_transfer	E_total	rel_drift	live_ch	cm_x	cm_y	cm_z	contain	front_r	r_core	defA	r_far	r_ratio	w_core	w_far
0.000	5670	0	8528.4007	0	14198.4007049	0.000e+00	32834	0.000	0.000	0.000	0.000	17.1773	0.8509	0	0.8502	1.0008	1.65000	1.65000	9.9406	10.0661	10.0461	0	0	0	-240.99	-186.73	-407.12
# CONV t=0.00 cond=0 evap=0 rough=0 back_s=0
# LEDGER t=0.000 mode=2 sum_err=0 max|E-iEu|=4.999e-13 run_max_diff=0.000e+00 run_max_sum_err=0 steps=0 E0_int=14198400704888620 sum=14198400704888620
2.000	5670	0	8528.4007	0	14198.4007049	2.022e-13	32671	0.000	0.000	0.000	0.000	17.1773	0.8476	159.4	0.8477	0.9999	1.65000	1.65000	9.9327	10.0622	10.0298	0	0	0	13.748	-14.411	-162.08
# CONV t=2.00 cond=0 evap=0 rough=0 back_s=0
# LEDGER t=2.000 mode=2 sum_err=0 max|E-iEu|=1.484e-12 run_max_diff=1.498e-12 run_max_sum_err=0 steps=100 E0_int=14198400704888620 sum=14198400704888620
4.000	5670	0	8528.4007	0	14198.4007049	1.988e-13	32545	0.000	0.000	0.000	0.000	17.1773	0.8453	307.31	0.8447	1.0007	1.65000	1.65000	9.9421	10.0608	10.0116	0	0	0	262.26	-5.3665	-486.49
# CONV t=4.00 cond=0 evap=0 rough=0 back_s=0
# LEDGER t=4.000 mode=2 sum_err=0 max|E-iEu|=1.489e-12 run_max_diff=1.499e-12 run_max_sum_err=0 steps=200 E0_int=14198400704888620 sum=14198400704888620
# QATOM t=5.04 dir=FD w=1.65 e=0.603993009034
# QATOM t=5.14 dir=FD w=1.65 e=0.301996504517
# QATOM t=5.22 dir=FD w=1.65 e=0.301996504517
# QATOM t=5.32 dir=FD w=1.65 e=0.603993009034
# QATOM t=5.40 dir=DF w=2.9 e=0.530781735211
# QATOM t=5.44 dir=FD w=1.65 e=0.603993009034
# QATOM t=5.52 dir=FD w=1.65 e=0.603993009034
# QATOM t=5.60 dir=FD w=1.65 e=0.603993009034
# QATOM t=5.68 dir=FD w=1.65 e=0.301996504517
# QATOM t=5.76 dir=FD w=1.65 e=0.301996504517
# QATOM t=5.82 dir=FD w=1.65 e=0.3019965045
# QATOM t=5.92 dir=FD w=1.65 e=0.301996504517
# QATOM t=6.00 dir=FD w=1.65 e=0.603993009034
6.000	5645.29652	190.810285	8362.12121	0.172688282	14198.4007049	1.983e-13	32266	9.636	10.344	10.165	0.122	17.1773	0.8348	584.12	0.8418	0.9916	1.61837	1.63027	9.9632	10.0576	9.9910	-0.0046951	-0.0010422	0.00042379	272.73	168.81	-143.89
# CONV t=6.00 cond=221.665 evap=63.6938 rough=0 back_s=8.30789
# LEDGER t=6.000 mode=2 sum_err=0 max|E-iEu|=1.488e-12 run_max_diff=1.499e-12 run_max_sum_err=0 steps=300 E0_int=14198400704888620 sum=14198400704888620
# QATOM t=6.06 dir=FD w=1.65 e=0.603993009034
# QATOM t=6.16 dir=FD w=1.65 e=0.603993009034
# QATOM t=6.24 dir=FD w=1.65 e=0.603993009034
# QATOM t=6.32 dir=FD w=1.65 e=0.603993009034
# QATOM t=6.38 dir=DF w=2.9 e=0.530781735211
# QATOM t=6.46 dir=FD w=1.65 e=0.301996504514
# QATOM t=6.54 dir=FD w=1.65 e=0.301996504517
# QATOM t=6.62 dir=FD w=1.64998467 e=0.301993699126
# QATOM t=6.72 dir=FD w=1.65 e=0.603993009034
# QATOM t=6.80 dir=FD w=1.65 e=0.603993009034
# QATOM t=6.90 dir=FD w=1.64999994 e=0.301996493464
# QATOM t=6.96 dir=FD w=1.65 e=0.301996504517
# QATOM t=7.04 dir=FD w=1.64999995 e=0.301996495308
# QATOM t=7.12 dir=FD w=1.64999987 e=0.301996480412
# QATOM t=7.20 dir=FD w=1.64999847 e=0.301996224282
# QATOM t=7.30 dir=FD w=1.64999958 e=0.603992853951
# QATOM t=7.40 dir=FD w=1.64998702 e=0.301994127983
# QATOM t=7.48 dir=DF w=2.9 e=0.530781735211
# QATOM t=7.58 dir=FD w=1.64999225 e=0.301995085361
# QATOM t=7.66 dir=FD w=1.65 e=0.603993009034
# QATOM t=7.78 dir=FD w=1.64999943 e=0.301996399294
# QATOM t=7.86 dir=FD w=1.64999879 e=0.603992567174
# QATOM t=7.94 dir=FD w=1.64999915 e=0.603992699646
# QATOM t=8.00 dir=FD w=1.65 e=0.603993009034
8.000	5596.97606	563.846808	8033.86077	3.71706339	14198.4007049	2.001e-13	31889	9.920	9.982	10.031	0.129	16.7913	0.8258	1040.7	0.8383	0.9851	1.59233	1.58784	9.9680	10.0743	9.9830	-0.20818	0.13662	-0.13272	222.71	208.07	-9.1947
# CONV t=8.00 cond=647.774 evap=176.219 rough=0 back_s=22.9851
# LEDGER t=8.000 mode=2 sum_err=0 max|E-iEu|=1.482e-12 run_max_diff=1.499e-12 run_max_sum_err=0 steps=400 E0_int=14198400704888620 sum=14198400704888620
# QATOM t=8.10 dir=DF w=2.9 e=0.530781735211
# QATOM t=8.16 dir=FD w=1.64999436 e=0.301995472909
# QATOM t=8.22 dir=FD w=1.6499871 e=0.301994142981
# QATOM t=8.30 dir=FD w=1.64962317 e=0.603855066759
# QATOM t=8.40 dir=FD w=1.65 e=0.603993009034
# QATOM t=8.50 dir=FD w=1.64983065 e=0.301965508347
# QATOM t=8.60 dir=FD w=1.64999492 e=0.301995575014
# QATOM t=8.68 dir=DF w=2.89999009 e=0.530779921412
# QATOM t=8.80 dir=FD w=1.65 e=0.603993009034
# QATOM t=8.88 dir=FD w=1.64976588 e=0.30195365312
# QATOM t=9.00 dir=FD w=1.64960336 e=0.301923907382
# QATOM t=9.06 dir=FD w=1.64999998 e=0.301996500591
# QATOM t=9.14 dir=FD w=1.64981656 e=0.301962930189
# QATOM t=9.22 dir=DF w=2.89998645 e=0.530779254973
# QATOM t=9.32 dir=FD w=1.65 e=0.603993009034
# QATOM t=9.40 dir=DF w=2.8999767 e=0.530777470492
# QATOM t=9.46 dir=FD w=1.65 e=0.60399300827
# QATOM t=9.54 dir=FD w=1.64999982 e=0.301996471151
# QATOM t=9.64 dir=FD w=1.64981231 e=0.603924302179
# QATOM t=9.72 dir=FD w=1.64999482 e=0.301995557332
# QATOM t=9.82 dir=FD w=1.64999653 e=0.603991738288
# QATOM t=9.90 dir=FD w=1.64999031 e=0.301994731167
# QATOM t=9.96 dir=FD w=1.64964121 e=0.603861670767
10.000	5549.05429	931.866347	7705.36899	12.1110792	14198.4007049	1.982e-13	31661	10.002	9.940	10.019	0.125	17.1773	0.8202	1480.4	0.8346	0.9827	1.54997	1.54344	9.9654	10.0957	9.9726	0.34734	0.35514	-0.29491	-25.426	246.67	-356.87
# CONV t=10.00 cond=1068.11 evap=281.841 rough=0 back_s=36.7618
# LEDGER t=10.000 mode=2 sum_err=0 max|E-iEu|=1.472e-12 run_max_diff=1.499e-12 run_max_sum_err=0 steps=500 E0_int=14198400704888620 sum=14198400704888620
# QATOM t=10.06 dir=FD w=1.64900565 e=0.603629021386
# QATOM t=10.16 dir=FD w=1.64951712 e=0.30190812388
# QATOM t=10.26 dir=DF w=2.8992891 e=0.530651620906
# QATOM t=10.38 dir=FD w=1.64985019 e=0.30196908569
# QATOM t=10.50 dir=FD w=1.64977141 e=0.301954665391
# QATOM t=10.58 dir=DF w=2.89595279 e=0.530040982401
# QATOM t=10.68 dir=FD w=1.64974108 e=0.603898228858
# QATOM t=10.80 dir=FD w=1.64992377 e=0.60396510427
# QATOM t=10.88 dir=FD w=1.64987443 e=0.301973522533
# QATOM t=10.96 dir=FD w=1.6499962 e=0.603991619675
# QATOM t=11.04 dir=FD w=1.49146179 e=0.272979543609
# QATOM t=11.10 dir=FD w=1.64394479 e=0.300888230893
# QATOM t=11.16 dir=FD w=1.45840255 e=0.266928770575
# QATOM t=11.26 dir=FD w=1.64967307 e=0.301936667208
# QATOM t=11.36 dir=FD w=1.49744494 e=0.548149258235
# QATOM t=11.44 dir=FD w=1.6499168 e=0.603962554145
# QATOM t=11.50 dir=FD w=1.64913303 e=0.301837823698
# QATOM t=11.56 dir=FD w=1.64992778 e=0.301983285986
# QATOM t=11.64 dir=DF w=2.76953137 e=0.506902299278
# QATOM t=11.72 dir=FD w=1.64658491 e=0.301371447076
# QATOM t=11.78 dir=FD w=1.64592769 e=0.602502312469
# QATOM t=11.84 dir=FD w=1.54383649 e=0.282565589205
# QATOM t=11.90 dir=DF w=2.89997633 e=0.530777403493
# QATOM t=11.98 dir=FD w=1.4209015 e=0.520130042427
12.000	5496.70948	1320.45798	7350.52559	30.7076638	14198.4007049	2.001e-13	31379	9.975	9.927	9.986	0.123	17.1773	0.8193	1940.2	0.8315	0.9854	1.49330	1.49844	9.9556	10.1217	9.9557	-0.28813	-0.21358	-0.23789	-180.91	169.75	-371.82
# CONV t=12.00 cond=1498.24 evap=368.423 rough=0 back_s=48.0552
# LEDGER t=12.000 mode=2 sum_err=0 max|E-iEu|=1.465e-12 run_max_diff=1.499e-12 run_max_sum_err=0 steps=600 E0_int=14198400704888620 sum=14198400704888620
# QATOM t=12.06 dir=FD w=1.27651304 e=0.233637864366
# QATOM t=12.12 dir=FD w=1.64971763 e=0.301944822856
# QATOM t=12.18 dir=FD w=1.6499927 e=0.60399033715
# QATOM t=12.24 dir=FD w=1.42602475 e=0.522005443682
# QATOM t=12.30 dir=FD w=1.64625528 e=0.301311114312
# QATOM t=12.36 dir=FD w=1.23831783 e=0.22664706465
# QATOM t=12.42 dir=FD w=1.41889754 e=0.2596982407
# QATOM t=12.46 dir=FD w=1.64534262 e=0.602288145475
# QATOM t=12.50 dir=DF w=2.89999955 e=0.530781652195
# QATOM t=12.58 dir=FD w=1.64879936 e=0.301776753922
# QATOM t=12.66 dir=FD w=1.41415941 e=0.5176620589
# QATOM t=12.74 dir=DF w=2.69117544 e=0.492560955003
# QATOM t=12.80 dir=FD w=1.50222594 e=0.549899373316
# QATOM t=12.88 dir=DF w=2.48828371 e=0.910852101545
# QATOM t=12.94 dir=FD w=1.64807182 e=0.603287186502
# QATOM t=12.98 dir=FD w=1.64904074 e=0.301820933755
# QATOM t=13.06 dir=FD w=1.24047428 e=0.227041755137
# QATOM t=13.12 dir=FD w=1.37026399 e=0.250796929642
# QATOM t=13.20 dir=FD w=1.23773309 e=0.226540041211
# QATOM t=13.26 dir=FD w=1.64553743 e=0.30117972771
# QATOM t=13.34 dir=FD w=1.64999817 e=0.603992338802
# QATOM t=13.40 dir=DF w=2.21220382 e=0.404895648851
# QATOM t=13.46 dir=FD w=1.64959454 e=0.603844587976
# QATOM t=13.54 dir=FD w=1.23868925 e=0.453430090185
# QATOM t=13.60 dir=FD w=1.47234437 e=0.53896103472
# QATOM t=13.68 dir=FD w=1.64907122 e=0.301826512065
# QATOM t=13.78 dir=FD w=1.23633034 e=0.226283297331
# QATOM t=13.84 dir=FD w=1.64278589 e=0.300676118855
# QATOM t=13.92 dir=DF w=2.19534762 e=0.803620977607
# QATOM t=14.00 dir=FD w=1.29496231 e=0.237014601371
14.000	5437.59138	1762.83044	6946.99701	50.9818719	14198.4007049	2.006e-13	30984	9.971	9.942	10.004	0.123	17.1773	0.8165	2446	0.8284	0.9856	1.41481	1.45194	9.9463	10.1430	9.9340	-0.89516	-0.60608	0.18267	-97.528	171.67	-119.89
# CONV t=14.00 cond=2012.29 evap=495.515 rough=0 back_s=64.6324
# LEDGER t=14.000 mode=2 sum_err=0 max|E-iEu|=1.485e-12 run_max_diff=1.499e-12 run_max_sum_err=0 steps=700 E0_int=14198400704888620 sum=14198400704888620
# QATOM t=14.04 dir=FD w=1.23723137 e=0.226448210885
# QATOM t=14.10 dir=FD w=1.64982801 e=0.603930050202
# QATOM t=14.20 dir=FD w=1.64959662 e=0.603845350961
# QATOM t=14.24 dir=DF w=2.89800611 e=0.530416796466
# QATOM t=14.32 dir=FD w=1.64944839 e=0.603791088366
# QATOM t=14.38 dir=FD w=1.36339199 e=0.249539160355
# QATOM t=14.46 dir=FD w=1.23646895 e=0.226308668042
# QATOM t=14.52 dir=FD w=1.42300652 e=0.52090059859
# QATOM t=14.60 dir=FD w=1.49042956 e=0.545581232833
# QATOM t=14.66 dir=FD w=1.64978879 e=0.603915695825
# QATOM t=14.72 dir=FD w=1.40573226 e=0.257288622719
# QATOM t=14.80 dir=FD w=1.63801415 e=0.599605512485
# QATOM t=14.86 dir=FD w=1.64370642 e=0.300844602421
# QATOM t=14.92 dir=FD w=1.6491194 e=0.603670659146
# QATOM t=14.98 dir=FD w=1.64513456 e=0.301105991189
# QATOM t=15.06 dir=FD w=1.63873429 e=0.299934561575
# QATOM t=15.12 dir=FD w=1.64880593 e=0.603555910454
# QATOM t=15.22 dir=FD w=1.36733798 e=0.250261388008
# QATOM t=15.30 dir=FD w=1.4122552 e=0.258482504666
# QATOM t=15.40 dir=FD w=1.64985955 e=0.301970798101
# QATOM t=15.50 dir=FD w=1.41933597 e=0.519556971687
# QATOM t=15.62 dir=FD w=1.45763837 e=0.266788904253
# QATOM t=15.70 dir=FD w=1.41507625 e=0.517997675602
# QATOM t=15.80 dir=FD w=1.63405226 e=0.598155237151
# QATOM t=15.92 dir=FD w=1.326642 e=0.485625754461
16.000	5386.89484	2138.98111	6603.20365	69.3211078	14198.4007049	2.011e-13	30695	9.992	9.978	10.001	0.124	17.1773	0.8143	2860.2	0.8260	0.9858	1.37715	1.41019	9.9385	10.1486	9.9342	0.65727	-1.1624	0.037776	2.3191	-6.3631	-31.358
# CONV t=16.00 cond=2444.42 evap=596.723 rough=0.377989 back_s=77.8827
# LEDGER t=16.000 mode=2 sum_err=0 max|E-iEu|=1.483e-12 run_max_diff=1.499e-12 run_max_sum_err=0 steps=800 E0_int=14198400704888620 sum=14198400704888620
# QATOM t=16.02 dir=FD w=1.63824944 e=0.299845820914
# QATOM t=16.12 dir=FD w=1.64835168 e=0.301694815459
# QATOM t=16.20 dir=DF w=2.57993821 e=0.472201406461
# QATOM t=16.30 dir=FD w=1.40568824 e=0.257280566594
# QATOM t=16.42 dir=FD w=1.41431418 e=0.517718713234
# QATOM t=16.50 dir=FD w=1.54506534 e=0.282790504326
# QATOM t=16.62 dir=FD w=1.39688565 e=0.511338890487
# QATOM t=16.70 dir=FD w=1.4589448 e=0.267028017626
# QATOM t=16.78 dir=FD w=1.30792364 e=0.478773778226
# QATOM t=16.86 dir=FD w=1.53726305 e=0.281362464828
# QATOM t=16.96 dir=FD w=1.17254695 e=0.214609139437
# QATOM t=17.04 dir=FD w=1.44210615 e=0.263946070959
# QATOM t=17.12 dir=FD w=1.49706785 e=0.548011223128
# QATOM t=17.18 dir=FD w=1.43689152 e=0.262991645918
# QATOM t=17.28 dir=FD w=1.42294787 e=0.520879131638
# QATOM t=17.36 dir=DF w=2.51296119 e=0.919885449565
# QATOM t=17.42 dir=FD w=1.28327125 e=0.234874807133
# QATOM t=17.52 dir=FD w=1.64530273 e=0.301136772214
# QATOM t=17.58 dir=DF w=2.48624362 e=0.455052656201
# QATOM t=17.66 dir=FD w=1.64708569 e=0.602926206275
# QATOM t=17.74 dir=FD w=1.1571858 e=0.211797616035
# QATOM t=17.82 dir=FD w=1.2402827 e=0.454013380052
# QATOM t=17.90 dir=FD w=1.43549822 e=0.525473267677
# QATOM t=17.98 dir=FD w=1.64059171 e=0.300274522013
18.000	5340.87192	2478.83441	6290.61284	88.0815337	14198.4007049	2.011e-13	30537	10.002	9.913	10.001	0.122	17.1773	0.8108	3243.6	0.8242	0.9838	1.33240	1.37426	9.9373	10.1696	9.9189	2.2895	-0.80951	0.68513	303.01	-135.67	-286.18
# CONV t=18.00 cond=2831.12 evap=681.953 rough=0.377989 back_s=88.9997
# LEDGER t=18.000 mode=2 sum_err=0 max|E-iEu|=1.495e-12 run_max_diff=1.499e-12 run_max_sum_err=0 steps=900 E0_int=14198400704888620 sum=14198400704888620
# QATOM t=18.04 dir=FD w=1.4275151 e=0.522550995401
# QATOM t=18.14 dir=FD w=1.28818769 e=0.471549308778
# QATOM t=18.18 dir=FD w=1.38119485 e=0.252797585098
# QATOM t=18.26 dir=DF w=2.04758114 e=0.749530117036
# QATOM t=18.36 dir=FD w=1.18597568 e=0.434133952439
# QATOM t=18.40 dir=FD w=1.22618962 e=0.448854520539
# QATOM t=18.46 dir=FD w=1.23817853 e=0.453243138394
# QATOM t=18.54 dir=FD w=1.6434181 e=0.300791831178
# QATOM t=18.60 dir=FD w=1.45100153 e=0.531148351443
# QATOM t=18.68 dir=FD w=1.1436591 e=0.209321848473
# QATOM t=18.74 dir=FD w=1.27151769 e=0.465447148102
# QATOM t=18.80 dir=FD w=1.64362507 e=0.300829713286
# QATOM t=18.86 dir=FD w=1.47510016 e=0.539969807929
# QATOM t=18.92 dir=FD w=1.23232382 e=0.225549990979
# QATOM t=18.98 dir=FD w=1.44230915 e=0.263983224842
# QATOM t=19.08 dir=FD w=1.24211598 e=0.454684466653
# QATOM t=19.14 dir=FD w=1.64813603 e=0.301655344956
# QATOM t=19.20 dir=FD w=1.20561946 e=0.441324682584
# QATOM t=19.28 dir=DF w=2.59494781 e=0.474948586491
# QATOM t=19.34 dir=FD w=1.13255461 e=0.414578828625
# QATOM t=19.42 dir=FD w=1.43219168 e=0.524262886091
# QATOM t=19.46 dir=FD w=1.36304305 e=0.249475295691
# QATOM t=19.54 dir=FD w=1.40083648 e=0.256392557306
# QATOM t=19.60 dir=FD w=1.208833 e=0.221250508864
# QATOM t=19.66 dir=FD w=1.53990536 e=0.281846082116
# QATOM t=19.74 dir=FD w=1.28148177 e=0.234547282332
# QATOM t=19.80 dir=FD w=1.23984978 e=0.453854908292
# QATOM t=19.86 dir=FD w=1.31768654 e=0.482347549067
# QATOM t=19.92 dir=DF w=2.69410026 e=0.493096279482
# QATOM t=19.98 dir=FD w=1.56561486 e=0.286551646005
20.000	5285.07531	2897.51066	5912.59982	103.214923	14198.4007049	2.013e-13	30285	9.961	9.956	9.989	0.121	17.1773	0.8104	3700.1	0.8227	0.9850	1.31226	1.33660	9.9619	10.1610	9.9054	-1.1028	-1.7771	1.9019	153.52	-78.603	-41.687
# CONV t=20.00 cond=3310.71 evap=798.771 rough=0.377989 back_s=104.237
# LEDGER t=20.000 mode=2 sum_err=0 max|E-iEu|=1.492e-12 run_max_diff=1.500e-12 run_max_sum_err=0 steps=1000 E0_int=14198400704888620 sum=14198400704888620
# QATOM t=20.04 dir=FD w=1.4652397 e=0.536360323619
# QATOM t=20.12 dir=FD w=1.42654215 e=0.261097419129
# QATOM t=20.18 dir=FD w=1.44489511 e=0.528913056121
# QATOM t=20.26 dir=FD w=1.30242511 e=0.238380503616
# QATOM t=20.36 dir=FD w=1.54386632 e=0.565142100782
# QATOM t=20.44 dir=FD w=1.154561 e=0.211317203793
# QATOM t=20.54 dir=FD w=1.46703725 e=0.268509164202
# QATOM t=20.64 dir=FD w=1.50669209 e=0.275767117536
# QATOM t=20.74 dir=FD w=1.45931754 e=0.534192481056
# QATOM t=20.84 dir=DF w=2.21108072 e=0.404690090835
# QATOM t=20.94 dir=FD w=1.53693578 e=0.562605131734
# QATOM t=21.06 dir=FD w=1.64654972 e=0.301365005439
# QATOM t=21.14 dir=DF w=2.06567071 e=0.756151918684
# QATOM t=21.24 dir=FD w=1.26605345 e=0.463446927721
# QATOM t=21.34 dir=FD w=1.31763317 e=0.482328012475
# QATOM t=21.44 dir=FD w=1.64155956 e=0.300451665851
# QATOM t=21.52 dir=FD w=1.33842921 e=0.244970267817
# QATOM t=21.60 dir=FD w=1.48429128 e=0.271667138701
# QATOM t=21.68 dir=FD w=1.45999287 e=0.267219844654
# QATOM t=21.76 dir=FD w=1.38226237 e=0.252992972235
# QATOM t=21.84 dir=FD w=1.19130782 e=0.436085813386
# QATOM t=21.94 dir=FD w=1.29652617 e=0.23730083097
22.000	5245.23327	3192.38465	5641.85855	118.924237	14198.4007049	1.978e-13	30046	9.978	9.960	10.005	0.120	17.1773	0.8066	4018.3	0.8212	0.9822	1.29663	1.30886	9.9652	10.1628	9.8954	-1.9938	-1.6052	1.0567	171.78	-30.498	-100.68
# CONV t=22.00 cond=3656.7 evap=884.951 rough=0.731763 back_s=115.524
# LEDGER t=22.000 mode=2 sum_err=0 max|E-iEu|=1.484e-12 run_max_diff=1.500e-12 run_max_sum_err=0 steps=1100 E0_int=14198400704888620 sum=14198400704888620
# QATOM t=22.04 dir=FD w=1.36364527 e=0.499171037412
# QATOM t=22.14 dir=DF w=2.62325238 e=0.480129121106
# QATOM t=22.24 dir=FD w=1.64910265 e=0.603664529567
# QATOM t=22.34 dir=FD w=1.28906695 e=0.471871166984
# QATOM t=22.42 dir=FD w=1.31866806 e=0.241353420331
# QATOM t=22.52 dir=FD w=1.31013785 e=0.479584305999
# QATOM t=22.60 dir=FD w=1.64704452 e=0.301455568853
# QATOM t=22.72 dir=DF w=1.80024796 e=0.329496115727
# QATOM t=22.82 dir=FD w=1.19303306 e=0.218358675596
# QATOM t=22.92 dir=FD w=1.08813203 e=0.199158830418
# QATOM t=23.02 dir=FD w=1.56548586 e=0.573056071548
# QATOM t=23.10 dir=FD w=1.47188394 e=0.269396244989
# QATOM t=23.20 dir=FD w=1.38873624 e=0.508355744331
# QATOM t=23.32 dir=FD w=1.53430754 e=0.28082152437
# QATOM t=23.38 dir=FD w=1.53486007 e=0.561845303242
# QATOM t=23.46 dir=FD w=1.40729034 e=0.25757379518
# QATOM t=23.56 dir=FD w=1.28632178 e=0.470866281949
# QATOM t=23.64 dir=FD w=1.29309366 e=0.236672584925
# QATOM t=23.74 dir=FD w=1.30036453 e=0.238003359352
# QATOM t=23.80 dir=FD w=1.32483568 e=0.484964537554
# QATOM t=23.88 dir=FD w=1.39705731 e=0.255700862556
# QATOM t=23.94 dir=FD w=1.24368451 e=0.455258634624
24.000	5207.79076	3475.01042	5387.04455	128.554978	14198.4007049	1.974e-13	29898	9.990	9.951	9.998	0.120	17.1773	0.8028	4309.8	0.8197	0.9794	1.26170	1.28477	9.9729	10.1655	9.8925	-0.64276	-0.95064	0.019704	84.787	-70.856	95.517
# CONV t=24.00 cond=3990.04 evap=974.19 rough=1.79766 back_s=127.303
# LEDGER t=24.000 mode=2 sum_err=0 max|E-iEu|=1.474e-12 run_max_diff=1.500e-12 run_max_sum_err=0 steps=1200 E0_int=14198400704888620 sum=14198400704888620
# QATOM t=24.02 dir=FD w=1.33820767 e=0.489859440791
# QATOM t=24.10 dir=FD w=1.2638368 e=0.231317755814
# QATOM t=24.18 dir=FD w=1.64344778 e=0.601594526798
# QATOM t=24.28 dir=FD w=1.47242119 e=0.269494576996
# QATOM t=24.36 dir=DF w=2.54790656 e=0.466338711746
# QATOM t=24.46 dir=FD w=1.44023809 e=0.263604162093
# QATOM t=24.54 dir=FD w=1.41615689 e=0.51839325062
# QATOM t=24.62 dir=FD w=1.64752521 e=0.603087097515
# QATOM t=24.70 dir=FD w=1.3808858 e=0.252741020493
# QATOM t=24.78 dir=FD w=1.46650293 e=0.268411369805
# QATOM t=24.86 dir=FD w=1.36178084 e=0.24924427542
# QATOM t=24.92 dir=FD w=1.39894084 e=0.256045602602
# QATOM t=25.02 dir=FD w=1.56640764 e=0.286696746204
# QATOM t=25.08 dir=FD w=1.54232914 e=0.564579405468
# QATOM t=25.16 dir=FD w=1.30029221 e=0.475980245314
# QATOM t=25.24 dir=FD w=1.33119567 e=0.487292653814
# QATOM t=25.30 dir=FD w=1.16713953 e=0.213619429012
# QATOM t=25.40 dir=FD w=1.22203441 e=0.447333479641
# QATOM t=25.48 dir=FD w=1.51869466 e=0.277963926712
# QATOM t=25.58 dir=FD w=1.45445528 e=0.532412617612
# QATOM t=25.66 dir=FD w=1.18867438 e=0.217560913477
# QATOM t=25.70 dir=FD w=1.34459189 e=0.246098212614
# QATOM t=25.78 dir=FD w=1.23819637 e=0.453249668861
# QATOM t=25.86 dir=FD w=1.47276571 e=0.539115268184
# QATOM t=25.94 dir=FD w=1.42519367 e=0.521701221743
# QATOM t=26.00 dir=DF w=2.1319745 e=0.390211423058
26.000	5165.39119	3797.96188	5099.30295	135.744684	14198.4007049	1.988e-13	29688	9.988	9.961	10.018	0.118	17.1773	0.8046	4653.3	0.8178	0.9838	1.22225	1.25874	9.9753	10.1663	9.8891	3.2171	0.21029	-0.57894	1.9599	-71.815	171.82
# CONV t=26.00 cond=4361.29 evap=1068.75 rough=3.27572 back_s=139.829
# LEDGER t=26.000 mode=2 sum_err=0 max|E-iEu|=1.481e-12 run_max_diff=1.500e-12 run_max_sum_err=0 steps=1300 E0_int=14198400704888620 sum=14198400704888620
# QATOM t=26.08 dir=FD w=1.13366303 e=0.207492286888
# QATOM t=26.16 dir=FD w=1.2497947 e=0.228747655166
# QATOM t=26.26 dir=FD w=1.22802535 e=0.224763249763
# QATOM t=26.34 dir=FD w=1.23139218 e=0.450758949737
# QATOM t=26.40 dir=DF w=1.8065029 e=0.330640946741
# QATOM t=26.48 dir=FD w=1.62458918 e=0.297345608802
# QATOM t=26.58 dir=FD w=1.31464696 e=0.240617447262
# QATOM t=26.70 dir=FD w=1.46792746 e=0.268672098838
# QATOM t=26.78 dir=FD w=1.06646277 e=0.390385490044
# QATOM t=26.90 dir=FD w=1.45620957 e=0.533054786161
# QATOM t=27.02 dir=FD w=1.38558118 e=0.253600408542
# QATOM t=27.12 dir=FD w=1.33722596 e=0.489500080954
# QATOM t=27.22 dir=FD w=1.24497153 e=0.455729757154
# QATOM t=27.32 dir=FD w=1.15929924 e=0.212184436093
# QATOM t=27.42 dir=FD w=1.37246874 e=0.502400922537
# QATOM t=27.50 dir=DF w=2.02229881 e=0.370137679386
# QATOM t=27.62 dir=DF w=2.30397541 e=0.421692436125
# QATOM t=27.72 dir=FD w=1.44448861 e=0.264382127288
# QATOM t=27.80 dir=DF w=1.83786808 e=0.336381658356
# QATOM t=27.88 dir=FD w=1.15673874 e=0.423431581972
# QATOM t=27.98 dir=FD w=1.15630066 e=0.211635610216
28.000	5132.19597	4057.80032	4874.93706	133.467361	14198.4007049	1.986e-13	29609	9.983	9.969	10.023	0.118	17.1773	0.8072	4905.3	0.8164	0.9888	1.20119	1.23909	9.9868	10.1585	9.8921	0.86771	0.54956	-1.3124	64.116	-129.83	203.43
# CONV t=28.00 cond=4658.63 evap=1149.27 rough=6.67191 back_s=150.776
# LEDGER t=28.000 mode=2 sum_err=0 max|E-iEu|=1.477e-12 run_max_diff=1.500e-12 run_max_sum_err=0 steps=1400 E0_int=14198400704888620 sum=14198400704888620
# QATOM t=28.04 dir=DF w=1.95856984 e=0.716946965146
# QATOM t=28.14 dir=FD w=1.51148622 e=0.276644579738
# QATOM t=28.24 dir=FD w=1.07127611 e=0.392147443366
# QATOM t=28.32 dir=FD w=1.10627588 e=0.202479665259
# QATOM t=28.42 dir=FD w=1.12871 e=0.413171485945
# QATOM t=28.50 dir=DF w=2.54079941 e=0.465037904185
# QATOM t=28.56 dir=FD w=1.20496529 e=0.220542609683
# QATOM t=28.66 dir=FD w=1.43288715 e=0.262258733582
# QATOM t=28.80 dir=FD w=1.43181462 e=0.524124860904
# QATOM t=28.90 dir=FD w=1.50235569 e=0.27497343515
# QATOM t=29.02 dir=FD w=1.41539866 e=0.259057847219
# QATOM t=29.12 dir=FD w=1.3063645 e=0.239101523326
# QATOM t=29.22 dir=FD w=1.21073199 e=0.221598078699
# QATOM t=29.32 dir=FD w=1.41936348 e=0.259783520263
# QATOM t=29.42 dir=FD w=1.34260172 e=0.491467911163
# QATOM t=29.54 dir=FD w=1.3076502 e=0.23933684183
# QATOM t=29.62 dir=FD w=1.21968403 e=0.223236554012
# QATOM t=29.70 dir=FD w=1.63507401 e=0.299264628212
# QATOM t=29.80 dir=FD w=1.21767551 e=0.445737874752
# QATOM t=29.90 dir=FD w=1.04339945 e=0.190971507428
# QATOM t=29.98 dir=FD w=1.48469492 e=0.271741016258
30.000	5099.08485	4312.92695	4649.76234	136.626565	14198.4007049	1.993e-13	29374	9.998	9.947	10.015	0.118	16.7913	0.8036	5159.9	0.8150	0.9859	1.17431	1.21905	9.9805	10.1777	9.9051	1.0649	3.1294	-0.19203	69.514	-92.036	50.347
# CONV t=30.00 cond=4950.07 evap=1222.78 rough=9.3652 back_s=160.715
# LEDGER t=30.000 mode=2 sum_err=0 max|E-iEu|=1.490e-12 run_max_diff=1.500e-12 run_max_sum_err=0 steps=1500 E0_int=14198400704888620 sum=14198400704888620
# QATOM t=30.12 dir=DF w=2.38577167 e=0.873326916389
# QATOM t=30.20 dir=FD w=1.35351252 e=0.247730939554
# QATOM t=30.30 dir=FD w=1.48501731 e=0.543600043188
# QATOM t=30.38 dir=FD w=1.22543993 e=0.448580090548
# QATOM t=30.46 dir=FD w=1.00368004 e=0.183701735203
# QATOM t=30.54 dir=FD w=1.55358885 e=0.568701094724
# QATOM t=30.66 dir=FD w=1.33397312 e=0.244154679291
# QATOM t=30.74 dir=DF w=2.49611626 e=0.456859627391
# QATOM t=30.84 dir=FD w=1.19668448 e=0.219026987379
# QATOM t=30.94 dir=FD w=1.18505323 e=0.216898140811
# QATOM t=31.04 dir=FD w=1.21319061 e=0.444096150281
# QATOM t=31.14 dir=FD w=1.49872015 e=0.274308027382
# QATOM t=31.24 dir=FD w=1.33902725 e=0.245079726724
# QATOM t=31.34 dir=FD w=1.16133237 e=0.212556555651
# QATOM t=31.44 dir=FD w=1.07145589 e=0.196106626734
# QATOM t=31.50 dir=FD w=1.3903025 e=0.254464543127
# QATOM t=31.62 dir=DF w=1.84465222 e=0.67524669573
# QATOM t=31.70 dir=FD w=1.62844353 e=0.298051063208
# QATOM t=31.78 dir=FD w=1.24007648 e=0.453937893186
# QATOM t=31.88 dir=FD w=1.57166528 e=0.287659042346
# QATOM t=31.98 dir=FD w=1.22335136 e=0.447815556361
32.000	5067.95271	4546.33665	4438.01312	146.098226	14198.4007049	1.983e-13	29250	9.989	9.944	10.015	0.118	17.1773	0.8002	5396.9	0.8137	0.9835	1.16880	1.20165	9.9906	10.1848	9.8968	1.7652	2.0496	-1.7625	30.625	-149.26	-26.681
# CONV t=32.00 cond=5231.56 evap=1297.89 rough=14.457 back_s=171.175
# LEDGER t=32.000 mode=2 sum_err=0 max|E-iEu|=1.477e-12 run_max_diff=1.500e-12 run_max_sum_err=0 steps=1600 E0_int=14198400704888620 sum=14198400704888620
# QATOM t=32.10 dir=DF w=1.73552988 e=0.317650882629
# QATOM t=32.20 dir=FD w=1.29900073 e=0.237753745437
# QATOM t=32.28 dir=FD w=1.28383271 e=0.469955139956
# QATOM t=32.38 dir=FD w=1.38012608 e=0.252601970813
# QATOM t=32.48 dir=FD w=1.64563601 e=0.301197772255
# QATOM t=32.58 dir=FD w=1.01743512 e=0.186219303164
# QATOM t=32.68 dir=FD w=1.36009428 e=0.248935587318
# QATOM t=32.76 dir=DF w=1.75992382 e=0.322115661287
# QATOM t=32.88 dir=DF w=2.06334403 e=0.377650112375
# QATOM t=32.96 dir=FD w=1.45707705 e=0.266686166576
# QATOM t=33.06 dir=FD w=1.62869204 e=0.298096547798
# QATOM t=33.18 dir=FD w=1.18188781 e=0.432637560782
# QATOM t=33.26 dir=FD w=1.20188884 e=0.439959063539
# QATOM t=33.34 dir=FD w=1.26058912 e=0.230723337984
# QATOM t=33.42 dir=FD w=1.27332852 e=0.233055006462
# QATOM t=33.50 dir=FD w=1.24377436 e=0.227645762636
# QATOM t=33.62 dir=FD w=1.2157396 e=0.445029225145
# QATOM t=33.72 dir=FD w=1.26951488 e=0.46471400609
# QATOM t=33.82 dir=FD w=0.993551376 e=0.181847904652
# QATOM t=33.90 dir=FD w=1.51382525 e=0.277072688088
# QATOM t=33.98 dir=FD w=1.01232259 e=0.185283565438
34.000	5037.2707	4777.32196	4228.57522	155.232827	14198.4007049	2.005e-13	29084	9.998	9.966	10.023	0.118	17.1773	0.8001	5631.5	0.8124	0.9848	1.16312	1.18466	9.9769	10.1603	9.8778	-0.56676	0.1807	-1.6263	-76.104	-191.02	-127.65
# CONV t=34.00 cond=5509.01 evap=1369.04 rough=21.5315 back_s=181.378
# LEDGER t=34.000 mode=2 sum_err=0 max|E-iEu|=1.493e-12 run_max_diff=1.500e-12 run_max_sum_err=0 steps=1700 E0_int=14198400704888620 sum=14198400704888620
# QATOM t=34.08 dir=FD w=1.34077715 e=0.245400007645
# QATOM t=34.22 dir=FD w=1.13885595 e=0.208442737311
# QATOM t=34.30 dir=DF w=1.77245155 e=0.324408588552
# QATOM t=34.40 dir=DF w=2.36133198 e=0.432190305338
# QATOM t=34.50 dir=FD w=1.30105513 e=0.238129758776
# QATOM t=34.62 dir=FD w=1.15999828 e=0.424624756741
# QATOM t=34.72 dir=DF w=1.90264578 e=0.348237803341
# QATOM t=34.80 dir=FD w=1.46496913 e=0.268130641142
# QATOM t=34.92 dir=FD w=1.21675472 e=0.445400813995
# QATOM t=35.00 dir=FD w=1.23924751 e=0.226817221745
# QATOM t=35.12 dir=DF w=2.12766677 e=0.38942298707
# QATOM t=35.20 dir=FD w=1.07590986 e=0.393843658379
# QATOM t=35.32 dir=FD w=1.02206712 e=0.187067088925
# QATOM t=35.42 dir=FD w=1.03562715 e=0.189548956546
# QATOM t=35.54 dir=FD w=1.35316168 e=0.247666726398
# QATOM t=35.62 dir=FD w=1.55521174 e=0.5692951622
# QATOM t=35.72 dir=FD w=1.27853672 e=0.234008254007
# QATOM t=35.82 dir=FD w=1.28274121 e=0.234777795672
# QATOM t=35.90 dir=FD w=1.18181308 e=0.432610204947
# QATOM t=35.98 dir=FD w=1.2326345 e=0.225606855032
36.000	5010.59548	4989.48668	4047.9424	150.376138	14198.4007049	1.982e-13	28973	10.005	9.970	10.032	0.118	17.1773	0.7999	5825.9	0.8113	0.9859	1.16371	1.17069	9.9605	10.1473	9.8420	-0.0027608	3.1536	-0.71932	-64.173	-77.296	-121.52
# CONV t=36.00 cond=5764.48 evap=1447.52 rough=29.1061 back_s=192.603
# LEDGER t=36.000 mode=2 sum_err=0 max|E-iEu|=1.476e-12 run_max_diff=1.500e-12 run_max_sum_err=0 steps=1800 E0_int=14198400704888620 sum=14198400704888620
# QATOM t=36.08 dir=FD w=1.22670109 e=0.449041745862
# QATOM t=36.18 dir=FD w=1.32719906 e=0.24291483478
# QATOM t=36.28 dir=FD w=1.5434992 e=0.282503856022
# QATOM t=36.38 dir=FD w=1.53171328 e=0.280346701372
# QATOM t=36.46 dir=FD w=0.933517147 e=0.1708599487
# QATOM t=36.56 dir=FD w=1.35333971 e=0.247699309907
# QATOM t=36.66 dir=FD w=1.18134579 e=0.216219575893
# QATOM t=36.78 dir=FD w=1.18903543 e=0.217626995989
# QATOM t=36.90 dir=FD w=1.32468496 e=0.48490936811
# QATOM t=37.00 dir=FD w=1.30041571 e=0.23801272657
# QATOM t=37.12 dir=FD w=1.55376658 e=0.284383076499
# QATOM t=37.26 dir=FD w=0.990930338 e=0.181368180769
# QATOM t=37.34 dir=FD w=1.05613395 e=0.193302279539
# QATOM t=37.46 dir=FD w=1.37269677 e=0.502484395729
# QATOM t=37.54 dir=FD w=1.21364323 e=0.22213091632
# QATOM t=37.64 dir=FD w=1.22390248 e=0.224008649017
# QATOM t=37.76 dir=DF w=1.98494568 e=0.363301004896
# QATOM t=37.88 dir=DF w=2.10650904 e=0.38555052549
# QATOM t=37.96 dir=FD w=1.35098588 e=0.494536987223
38.000	4985.45416	5183.52534	3878.40556	151.015647	14198.4007049	1.988e-13	28809	10.002	9.972	10.024	0.119	17.1773	0.7984	6032.5	0.8103	0.9852	1.15273	1.15771	9.9441	10.1472	9.8255	-0.77628	-0.63302	-2.0045	-33.418	41.13	1.1069
# CONV t=38.00 cond=5998.43 evap=1509.76 rough=40.9464 back_s=202.266
# LEDGER t=38.000 mode=2 sum_err=0 max|E-iEu|=1.482e-12 run_max_diff=1.500e-12 run_max_sum_err=0 steps=1900 E0_int=14198400704888620 sum=14198400704888620
# QATOM t=38.06 dir=FD w=1.00272117 e=0.36705247199
# QATOM t=38.14 dir=FD w=1.2982466 e=0.237615718334
# QATOM t=38.28 dir=FD w=1.12185907 e=0.205331829744
# QATOM t=38.38 dir=FD w=1.25944061 e=0.461026256476
# QATOM t=38.48 dir=DF w=1.77261451 e=0.648876830407
# QATOM t=38.58 dir=DF w=2.03561795 e=0.745150917294
# QATOM t=38.70 dir=FD w=1.10017999 e=0.201363946353
# QATOM t=38.80 dir=FD w=0.991804694 e=0.363056425062
# QATOM t=38.90 dir=FD w=1.35489305 e=0.24798361602
# QATOM t=39.00 dir=FD w=1.22259982 e=0.223770225811
# QATOM t=39.10 dir=FD w=1.14241466 e=0.209094080495
# QATOM t=39.20 dir=FD w=1.32434472 e=0.242392410357
# QATOM t=39.30 dir=FD w=1.3050691 e=0.238864428397
# QATOM t=39.40 dir=DF w=2.56322537 e=0.469142486379
# QATOM t=39.50 dir=FD w=1.10396304 e=0.20205635148
# QATOM t=39.62 dir=FD w=1.21176451 e=0.221787057717
# QATOM t=39.74 dir=FD w=1.45790798 e=0.266838250994
# QATOM t=39.82 dir=DF w=2.12873031 e=0.77923528653
# QATOM t=39.90 dir=FD w=1.38673713 e=0.507623957027
40.000	4958.99847	5383.26272	3698.43137	157.708141	14198.4007049	1.982e-13	28648	10.006	9.970	10.032	0.119	16.7913	0.8007	6238.3	0.8093	0.9894	1.14947	1.14418	9.9448	10.1570	9.8125	1.1124	2.2561	-0.9698	-4.9873	47.776	27.047
# CONV t=40.00 cond=6244.15 evap=1576.05 rough=50.2559 back_s=212.127
# LEDGER t=40.000 mode=2 sum_err=0 max|E-iEu|=1.491e-12 run_max_diff=1.500e-12 run_max_sum_err=0 steps=2000 E0_int=14198400704888620 sum=14198400704888620
# RESULT es_shells 0.62:0.8838 1.88:0.8498 3.12:0.8767 4.38:0.8651 5.62:0.8891 6.88:0.8695 8.12:0.8733 9.38:0.8718
# RESULT LEDGER mode=2 E0_int=14198400704888620 sum_int=14198400704888620 max_sum_err=0 max|E-iEu|=1.500e-12 steps=2000
# RESULT conservation E0=14198.4007049 Efinal=14198.4007049 rel_drift=1.982e-13
# RESULT roughness_radiated=50.2559 (dissonant dense deliveries converted to field, conserved)
# RESULT curvature_fit defA_per_Em=1.11817 r2=0.9966 (linear defect ~ converted energy)
