# trim: cut=2.192 kept=56477/62097
# maxfab_dec: NC=9741 NT=56477 NF=115049 NE=68312 (faces/edge=5.05)
# lambda_max=1051.17 dt=0.0200
# kx=0.26 div: 1.213e+01 -> 1.151e-09 (cg info=0)
# RESULT dec kx=0.26 omega_peak=0.290 Hdrift=1.80e-03
# kx=0.52 div: 1.243e+01 -> 1.165e-09 (cg info=0)
# RESULT dec kx=0.52 omega_peak=0.535 Hdrift=1.11e-03
# kx=0.79 div: 1.203e+01 -> 1.178e-09 (cg info=0)
# RESULT dec kx=0.79 omega_peak=0.780 Hdrift=-3.82e-04
# kx=1.05 div: 1.186e+01 -> 1.101e-09 (cg info=0)
# RESULT dec kx=1.05 omega_peak=1.030 Hdrift=-4.23e-04
# kx=1.31 div: 1.168e+01 -> 1.041e-09 (cg info=0)
# RESULT dec kx=1.31 omega_peak=1.265 Hdrift=-6.87e-04
# kx=1.57 div: 1.130e+01 -> 1.034e-09 (cg info=0)
# RESULT dec kx=1.57 omega_peak=1.490 Hdrift=-3.16e-04
# kx=1.83 div: 1.101e+01 -> 1.039e-09 (cg info=0)
# RESULT dec kx=1.83 omega_peak=1.700 Hdrift=5.14e-05
# kx=2.09 div: 1.070e+01 -> 9.892e-10 (cg info=0)
# RESULT dec kx=2.09 omega_peak=1.910 Hdrift=1.59e-04
# CONE fit (k<=1): omega = 0.942*k +0.043, R2=1.0000 -> CONE (bar met)
# bar: |b| <= 0.1*m and R2 >= 0.99 (pre-registered)
