# cellfab — v89 cell-fabric kernel (no lattice, no prior code)
# cfg seed=20260727 mode=field init=blob
# cfg L=24 dmin=1 r0=0.85 rjit=0.06
# cfg C=1 w1=1.65 w2=2.9 q_detune=1.2 gamma_res=0.25 gamma_res_m=0.1 p_gate=8
# cfg lock_floor=0.005
# cfg k_dep=1.2 k_dep_m=2 cap=2.5 e_s0=1 es_floor=0.05
# cfg e_cond=0 f_conv=0.25 f_evap=0.5 s_pull=0.15
# cfg kappa_lock=1 kappa_align=0.5 kappa_freq=0 kappa_reac=1 sigma_tumble=0.01
# cfg dt=0.02 T=80 diag_every=100 snap_every=0
# cfg center=(-1,-1,-1) amp=1.6 sigma=2.2 k=(0,0,0) prealign=0 noise_amp=0
# cfg music: comb_limit=6 rough_k=0.35 gamma_rough=0.5 mob_sym=1 mob_floor=0.004
# cfg field sector: two-component signed amplitude, unitary hops, field_J=1.8
# action atom: A0=1.1500 (dbar=1.5053) mode=2 — eps(w)=A0*w/2pi; atoms at mode boundaries, transport continuous
# fabric: cells=9741 channels=85886 mean_degree=17.63 box=24 dmin=1
# t	E_space	E_dense	E_field	E_transfer	E_total	rel_drift	live_ch	cm_x	cm_y	cm_z	contain	front_r	r_core	defA	r_far	r_ratio	w_core	w_far
0.000	9714.46359	203.445818	0	0	9917.90940713	0.000e+00	57535	12.017	11.997	11.985	0.906	0.0000	0.7904	0	0.8498	0.9302	0.99690	1.65000
2.000	9714.46359	202.970696	0	0.475122132	9917.90940713	0.000e+00	57535	12.017	11.996	11.984	0.908	0.0000	0.7904	0	0.8498	0.9302	0.99690	1.64999
4.000	9714.46359	202.625563	0	0.820254705	9917.90940713	0.000e+00	57535	12.018	11.995	11.984	0.909	0.0000	0.7904	0	0.8498	0.9302	0.99667	1.64997
6.000	9714.46359	201.703817	0	1.74200111	9917.90940713	1.834e-16	57535	12.018	11.996	11.984	0.909	0.0000	0.7904	0	0.8498	0.9302	0.99281	1.64995
8.000	9714.46359	199.998032	0	3.44778595	9917.90940713	1.834e-16	57535	12.019	11.995	11.985	0.909	0.0000	0.7904	0	0.8498	0.9302	0.98232	1.64993
10.000	9714.46359	197.728487	0	5.71733084	9917.90940713	0.000e+00	57535	12.018	11.991	11.990	0.907	0.0000	0.7904	0	0.8498	0.9302	0.97310	1.64992
12.000	9714.46359	194.851336	0	8.59448206	9917.90940713	1.834e-16	57535	12.020	11.988	11.981	0.900	0.0000	0.7904	0	0.8498	0.9302	0.97315	1.64991
14.000	9714.46359	190.498897	0	12.9469215	9917.90940713	1.834e-16	57535	12.021	11.980	11.982	0.887	0.0000	0.7904	0	0.8498	0.9302	0.99375	1.64990
16.000	9714.46359	189.322357	0	14.1234616	9917.90940713	1.834e-16	57535	12.056	12.006	11.990	0.874	0.0000	0.7904	0	0.8498	0.9302	1.02412	1.64989
18.000	9714.46359	189.150994	0	14.2948245	9917.90940713	1.834e-16	57535	12.054	11.980	11.973	0.868	0.0000	0.7904	0	0.8498	0.9302	1.06058	1.64989
20.000	9714.46359	186.483752	0	16.9620667	9917.90940713	1.834e-16	57535	12.073	12.006	11.995	0.865	0.0000	0.7904	0	0.8498	0.9302	1.06572	1.64988
22.000	9714.46359	184.768836	0	18.6769823	9917.90940713	1.834e-16	57535	12.073	11.997	11.998	0.862	0.0000	0.7904	0	0.8498	0.9302	1.05594	1.64986
24.000	9714.46359	186.998108	0	16.4477104	9917.90940713	1.834e-16	57535	12.057	12.008	11.982	0.858	0.0000	0.7904	0	0.8498	0.9302	1.04460	1.64985
26.000	9714.46359	185.504264	0	17.9415546	9917.90940713	1.834e-16	57535	12.067	11.981	12.006	0.856	0.0000	0.7904	0	0.8498	0.9302	1.03346	1.64983
28.000	9714.46359	182.666599	0	20.7792191	9917.90940713	1.834e-16	57535	12.066	11.989	12.005	0.859	0.0000	0.7904	0	0.8498	0.9302	1.03385	1.64980
# QATOM t=29.64 dir=DF w=1.93489287 e=0.354139929572
30.000	9714.50978	180.984115	0.307947765	22.1075628	9917.90940713	1.834e-16	57535	12.057	11.985	12.004	0.860	3.1017	0.7904	-0.48717	0.8498	0.9302	1.04376	1.64977
32.000	9714.54866	181.960421	0.567157209	20.833166	9917.90940713	1.834e-16	57535	12.064	11.985	12.005	0.860	1.4421	0.7909	-0.90853	0.8498	0.9307	1.05643	1.64974
34.000	9714.59348	176.482259	0.865943525	25.9677242	9917.90940713	3.668e-16	57535	12.078	12.004	12.035	0.866	2.2804	0.7909	-1.3408	0.8498	0.9307	1.06266	1.64971
36.000	9714.59348	180.486134	0.865943525	21.9638488	9917.90940713	3.668e-16	57535	12.060	11.991	12.007	0.862	2.2804	0.7909	-1.3408	0.8498	0.9307	1.05345	1.64968
38.000	9714.67246	174.101568	1.39245659	27.7429253	9917.90940713	3.668e-16	57535	12.062	12.004	12.026	0.869	2.9197	0.7913	-2.0696	0.8498	0.9312	1.04813	1.64964
40.000	9714.67246	175.42756	1.39245659	26.4169329	9917.90940713	3.668e-16	57535	12.057	12.028	12.013	0.868	2.9197	0.7913	-2.0696	0.8498	0.9312	1.04838	1.64960
42.000	9714.76225	172.385084	1.99107055	28.7710036	9917.90940713	1.834e-16	57535	12.057	12.029	12.053	0.868	3.0499	0.7913	-2.9536	0.8498	0.9312	1.05345	1.64956
44.000	9714.76225	172.041947	1.99107055	29.1141403	9917.90940713	1.834e-16	57535	12.057	12.054	12.009	0.869	3.0499	0.7913	-2.9536	0.8498	0.9312	1.06289	1.64952
46.000	9714.84871	170.663413	2.56745196	29.829835	9917.90940713	3.668e-16	57535	12.040	12.030	12.032	0.871	2.4770	0.7917	-3.7087	0.8498	0.9316	1.06120	1.64947
48.000	9714.97485	173.129044	3.40838543	26.3971305	9917.90940713	1.834e-16	57535	12.044	12.042	12.051	0.867	2.7209	0.7925	-4.7118	0.8498	0.9326	1.05821	1.64942
50.000	9714.97485	172.355976	3.40838543	27.1701985	9917.90940713	0.000e+00	57535	12.028	12.024	12.032	0.865	3.6693	0.7925	-4.7118	0.8498	0.9326	1.05040	1.64937
52.000	9714.97485	172.562287	3.40838543	26.9638879	9917.90940713	1.834e-16	57535	12.071	12.016	12.018	0.865	2.0558	0.7925	-4.7118	0.8498	0.9326	1.05093	1.64932
54.000	9714.97485	168.684463	3.40838543	30.841712	9917.90940713	1.834e-16	57535	12.086	12.009	12.012	0.873	2.0558	0.7925	-4.7118	0.8498	0.9326	1.05265	1.64927
56.000	9715.0573	165.007539	3.95810287	33.8864608	9917.90940713	3.668e-16	57536	12.088	12.028	12.030	0.890	3.5614	0.7925	-5.3795	0.8498	0.9326	1.06090	1.64922
58.000	9715.09752	163.805373	4.22620226	34.7803124	9917.90940713	3.668e-16	57536	12.049	12.026	12.019	0.892	3.5614	0.7925	-5.7383	0.8498	0.9326	1.06216	1.64918
60.000	9715.13656	162.765202	4.48646391	35.5211831	9917.90940713	3.668e-16	57537	12.051	12.060	12.038	0.893	3.5614	0.7929	-6.105	0.8498	0.9330	1.06298	1.64913
62.000	9715.13656	165.436702	4.48646391	32.8496823	9917.90940713	3.668e-16	57537	12.034	12.034	12.039	0.892	4.3332	0.7929	-6.105	0.8498	0.9330	1.05965	1.64908
64.000	9715.18332	170.016095	4.79822571	27.9117638	9917.90940713	1.834e-16	57537	12.057	12.028	12.012	0.880	3.5614	0.7929	-6.4966	0.8498	0.9330	1.05193	1.64903
66.000	9715.23653	168.166805	5.15296724	29.3531005	9917.90940713	1.834e-16	57537	12.033	12.027	12.030	0.880	3.6293	0.7929	-6.4966	0.8498	0.9330	1.04901	1.64898
68.000	9715.27203	159.372537	5.38961776	37.875221	9917.90940713	3.668e-16	57538	12.019	12.032	12.032	0.896	3.6451	0.7932	-7.3712	0.8498	0.9334	1.04929	1.64894
70.000	9715.31184	164.608796	5.654986	32.3337886	9917.90940713	1.834e-16	57538	12.037	12.027	12.052	0.884	3.4713	0.7936	-7.7225	0.8498	0.9339	1.04286	1.64889
72.000	9715.35032	169.531053	5.91151398	27.1165245	9917.90940713	1.834e-16	57538	12.021	12.015	12.011	0.879	3.6293	0.7940	-8.1422	0.8498	0.9344	1.04841	1.64885
74.000	9715.43123	161.618536	6.45092418	34.4087196	9917.90940713	3.668e-16	57538	12.076	12.061	12.012	0.890	3.5614	0.7948	-8.874	0.8498	0.9353	1.06028	1.64882
76.000	9715.46993	163.695113	6.70891279	32.0354559	9917.90940713	1.834e-16	57538	12.026	12.034	11.988	0.882	3.5614	0.7952	-9.2405	0.8498	0.9357	1.06630	1.64878
78.000	9715.59078	162.665071	7.51459892	32.1389582	9917.90940713	3.668e-16	57538	12.031	12.049	12.003	0.880	3.5614	0.7952	-10.282	0.8498	0.9357	1.07108	1.64874
80.000	9715.63467	157.600242	7.80722005	36.867273	9917.90940713	3.668e-16	57538	12.017	12.070	12.000	0.891	3.5614	0.7956	-10.682	0.8498	0.9362	1.08088	1.64871
# RESULT conservation E0=9917.90940713 Efinal=9917.90940713 rel_drift=3.668e-16
# RESULT roughness_radiated=8.9783 (dissonant dense deliveries converted to field, conserved)
# RESULT blob_drift v=(-0.00076,0.00041,-0.00061) speed=0.00105 cos_to_kdir=0.0000
# RESULT curvature_fit defA_per_Em=0.22110 r2=0.7537 (linear defect ~ converted energy)
