# cellfab — v89 cell-fabric kernel (no lattice, no prior code)
# cfg seed=20260727 mode=field init=pairs
# cfg L=30 dmin=1 r0=0.85 rjit=0.06
# cfg C=1 w1=1.65 w2=2.9 q_detune=1.2 gamma_res=0.25 gamma_res_m=0.1 p_gate=8
# cfg lock_floor=0.005
# cfg k_dep=1.2 k_dep_m=2 cap=2.5 e_s0=1 es_floor=0.05
# cfg e_cond=0 f_conv=0.25 f_evap=0.5 s_pull=0.15
# cfg kappa_lock=1 kappa_align=0.5 kappa_freq=0 kappa_reac=1 sigma_tumble=0.01
# cfg dt=0.02 T=60 diag_every=500 snap_every=0
# cfg center=(-1,-1,-1) amp=1 sigma=2.5 k=(0,0,0) prealign=0 noise_amp=0.08
# cfg music: comb_limit=6 rough_k=0.35 gamma_rough=0.5 mob_sym=1 mob_floor=0.004
# cfg field sector: two-component signed amplitude, unitary hops, field_J=1.8
# cfg pairs: n=60 x0=0.3 x1=-1 pq=1:1 seedlock=1 d=[1,1.55] gap=5
# action atom: A0=1.1500 (dbar=1.5072) mode=2 — eps(w)=A0*w/2pi; atoms at mode boundaries, transport continuous
# pairs: seeded 60 of 60 requested, d=[1,1.55], x0=0.3, phases=locked
# fabric: cells=18670 channels=166635 mean_degree=17.85 box=30 dmin=1
# t	E_space	E_dense	E_field	E_transfer	E_total	rel_drift	live_ch	cm_x	cm_y	cm_z	contain	front_r	r_core	defA	r_far	r_ratio	w_core	w_far
0.000	18658.2609	90	744.433693	0	19492.6945625	0.000e+00	111219	14.626	15.900	15.373	0.033	25.2215	0.8474	0	0.8495	0.9975	1.65000	1.64710
# PAIR t=0.0 p=0 d=1.281 pq=1:1 delta=-0.822 x=0.300 ratio=1.0000 dth=-0.000 gg=0.2487 fl=0.000 ret=1.000 shed=0.000 act=0.0000 flq=0.00
# PAIR t=0.0 p=1 d=1.229 pq=1:1 delta=-1.040 x=0.300 ratio=1.0000 dth=-0.000 gg=0.1033 fl=0.000 ret=1.000 shed=0.000 act=0.0000 flq=0.00
# PAIR t=0.0 p=2 d=1.286 pq=1:1 delta=-0.798 x=0.300 ratio=1.0000 dth=-0.000 gg=0.2704 fl=0.000 ret=1.000 shed=0.000 act=0.0000 flq=0.00
# PAIR t=0.0 p=3 d=1.478 pq=1:1 delta=+0.020 x=0.300 ratio=1.0000 dth=+0.000 gg=0.9992 fl=0.000 ret=1.000 shed=0.000 act=0.0000 flq=0.00
# PAIR t=0.0 p=4 d=1.467 pq=1:1 delta=-0.026 x=0.300 ratio=1.0000 dth=-0.000 gg=0.9986 fl=0.000 ret=1.000 shed=0.000 act=0.0000 flq=0.00
# PAIR t=0.0 p=5 d=1.467 pq=1:1 delta=-0.029 x=0.300 ratio=1.0000 dth=-0.000 gg=0.9983 fl=0.000 ret=1.000 shed=0.000 act=0.0000 flq=0.00
# PAIR t=0.0 p=6 d=1.025 pq=1:1 delta=-1.911 x=0.300 ratio=1.0000 dth=+0.000 gg=0.0002 fl=0.000 ret=1.000 shed=0.000 act=0.0000 flq=0.00
# PAIR t=0.0 p=7 d=1.421 pq=1:1 delta=-0.224 x=0.300 ratio=1.0000 dth=-0.000 gg=0.9040 fl=0.000 ret=1.000 shed=0.000 act=0.0000 flq=0.00
# PAIR t=0.0 p=8 d=1.311 pq=1:1 delta=-0.692 x=0.300 ratio=1.0000 dth=+0.000 gg=0.3760 fl=0.000 ret=1.000 shed=0.000 act=0.0000 flq=0.00
# PAIR t=0.0 p=9 d=1.343 pq=1:1 delta=-0.556 x=0.300 ratio=1.0000 dth=+0.000 gg=0.5340 fl=0.000 ret=1.000 shed=0.000 act=0.0000 flq=0.00
# PAIR t=0.0 p=10 d=1.078 pq=1:1 delta=-1.684 x=0.300 ratio=1.0000 dth=-0.000 gg=0.0015 fl=0.000 ret=1.000 shed=0.000 act=0.0000 flq=0.00
# PAIR t=0.0 p=11 d=1.239 pq=1:1 delta=-0.998 x=0.300 ratio=1.0000 dth=-0.000 gg=0.1246 fl=0.000 ret=1.000 shed=0.000 act=0.0000 flq=0.00
# PAIR t=0.0 p=12 d=1.334 pq=1:1 delta=-0.594 x=0.300 ratio=1.0000 dth=-0.000 gg=0.4887 fl=0.000 ret=1.000 shed=0.000 act=0.0000 flq=0.00
# PAIR t=0.0 p=13 d=1.103 pq=1:1 delta=-1.581 x=0.300 ratio=1.0000 dth=+0.000 gg=0.0036 fl=0.000 ret=1.000 shed=0.000 act=0.0000 flq=0.00
# PAIR t=0.0 p=14 d=1.539 pq=1:1 delta=+0.282 x=0.300 ratio=1.0000 dth=+0.000 gg=0.8522 fl=0.000 ret=1.000 shed=0.000 act=0.0000 flq=0.00
# PAIR t=0.0 p=15 d=1.036 pq=1:1 delta=-1.864 x=0.300 ratio=1.0000 dth=-0.000 gg=0.0003 fl=0.000 ret=1.000 shed=0.000 act=0.0000 flq=0.00
# PAIR t=0.0 p=16 d=1.486 pq=1:1 delta=+0.056 x=0.300 ratio=1.0000 dth=+0.000 gg=0.9937 fl=0.000 ret=1.000 shed=0.000 act=0.0000 flq=0.00
# PAIR t=0.0 p=17 d=1.264 pq=1:1 delta=-0.892 x=0.300 ratio=1.0000 dth=-0.000 gg=0.1928 fl=0.000 ret=1.000 shed=0.000 act=0.0000 flq=0.00
# PAIR t=0.0 p=18 d=1.110 pq=1:1 delta=-1.550 x=0.300 ratio=1.0000 dth=+0.000 gg=0.0046 fl=0.000 ret=1.000 shed=0.000 act=0.0000 flq=0.00
# PAIR t=0.0 p=19 d=1.281 pq=1:1 delta=-0.822 x=0.300 ratio=1.0000 dth=+0.000 gg=0.2488 fl=0.000 ret=1.000 shed=0.000 act=0.0000 flq=0.00
# PAIR t=0.0 p=20 d=1.454 pq=1:1 delta=-0.083 x=0.300 ratio=1.0000 dth=+0.000 gg=0.9864 fl=0.000 ret=1.000 shed=0.000 act=0.0000 flq=0.00
# PAIR t=0.0 p=21 d=1.535 pq=1:1 delta=+0.263 x=0.300 ratio=1.0000 dth=+0.000 gg=0.8703 fl=0.000 ret=1.000 shed=0.000 act=0.0000 flq=0.00
# PAIR t=0.0 p=22 d=1.040 pq=1:1 delta=-1.850 x=0.300 ratio=1.0000 dth=-0.000 gg=0.0003 fl=0.000 ret=1.000 shed=0.000 act=0.0000 flq=0.00
# PAIR t=0.0 p=23 d=1.470 pq=1:1 delta=-0.016 x=0.300 ratio=1.0000 dth=+0.000 gg=0.9995 fl=0.000 ret=1.000 shed=0.000 act=0.0000 flq=0.00
# PAIR t=0.0 p=24 d=1.296 pq=1:1 delta=-0.755 x=0.300 ratio=1.0000 dth=-0.000 gg=0.3110 fl=0.000 ret=1.000 shed=0.000 act=0.0000 flq=0.00
# PAIR t=0.0 p=25 d=1.374 pq=1:1 delta=-0.421 x=0.300 ratio=1.0000 dth=-0.000 gg=0.6992 fl=0.000 ret=1.000 shed=0.000 act=0.0000 flq=0.00
# PAIR t=0.0 p=26 d=1.327 pq=1:1 delta=-0.626 x=0.300 ratio=1.0000 dth=+0.000 gg=0.4509 fl=0.000 ret=1.000 shed=0.000 act=0.0000 flq=0.00
# PAIR t=0.0 p=27 d=1.216 pq=1:1 delta=-1.097 x=0.300 ratio=1.0000 dth=-0.000 gg=0.0791 fl=0.000 ret=1.000 shed=0.000 act=0.0000 flq=0.00
# PAIR t=0.0 p=28 d=1.519 pq=1:1 delta=+0.193 x=0.300 ratio=1.0000 dth=-0.000 gg=0.9281 fl=0.000 ret=1.000 shed=0.000 act=0.0000 flq=0.00
# PAIR t=0.0 p=29 d=1.433 pq=1:1 delta=-0.172 x=0.300 ratio=1.0000 dth=-0.000 gg=0.9428 fl=0.000 ret=1.000 shed=0.000 act=0.0000 flq=0.00
# PAIR t=0.0 p=30 d=1.380 pq=1:1 delta=-0.400 x=0.300 ratio=1.0000 dth=+0.000 gg=0.7251 fl=0.000 ret=1.000 shed=0.000 act=0.0000 flq=0.00
# PAIR t=0.0 p=31 d=1.343 pq=1:1 delta=-0.554 x=0.300 ratio=1.0000 dth=+0.000 gg=0.5374 fl=0.000 ret=1.000 shed=0.000 act=0.0000 flq=0.00
# PAIR t=0.0 p=32 d=1.081 pq=1:1 delta=-1.673 x=0.300 ratio=1.0000 dth=-0.000 gg=0.0017 fl=0.000 ret=1.000 shed=0.000 act=0.0000 flq=0.00
# PAIR t=0.0 p=33 d=1.363 pq=1:1 delta=-0.469 x=0.300 ratio=1.0000 dth=+0.000 gg=0.6410 fl=0.000 ret=1.000 shed=0.000 act=0.0000 flq=0.00
# PAIR t=0.0 p=34 d=1.495 pq=1:1 delta=+0.094 x=0.300 ratio=1.0000 dth=-0.000 gg=0.9826 fl=0.000 ret=1.000 shed=0.000 act=0.0000 flq=0.00
# PAIR t=0.0 p=35 d=1.063 pq=1:1 delta=-1.749 x=0.300 ratio=1.0000 dth=-0.000 gg=0.0008 fl=0.000 ret=1.000 shed=0.000 act=0.0000 flq=0.00
# PAIR t=0.0 p=36 d=1.182 pq=1:1 delta=-1.243 x=0.300 ratio=1.0000 dth=+0.000 gg=0.0364 fl=0.000 ret=1.000 shed=0.000 act=0.0000 flq=0.00
# PAIR t=0.0 p=37 d=1.251 pq=1:1 delta=-0.948 x=0.300 ratio=1.0000 dth=+0.000 gg=0.1541 fl=0.000 ret=1.000 shed=0.000 act=0.0000 flq=0.00
# PAIR t=0.0 p=38 d=1.362 pq=1:1 delta=-0.474 x=0.300 ratio=1.0000 dth=+0.000 gg=0.6348 fl=0.000 ret=1.000 shed=0.000 act=0.0000 flq=0.00
# PAIR t=0.0 p=39 d=1.105 pq=1:1 delta=-1.569 x=0.300 ratio=1.0000 dth=+0.000 gg=0.0040 fl=0.000 ret=1.000 shed=0.000 act=0.0000 flq=0.00
# PAIR t=0.0 p=40 d=1.550 pq=1:1 delta=+0.327 x=0.300 ratio=1.0000 dth=+0.000 gg=0.8067 fl=0.000 ret=1.000 shed=0.000 act=0.0000 flq=0.00
# PAIR t=0.0 p=41 d=1.381 pq=1:1 delta=-0.392 x=0.300 ratio=1.0000 dth=-0.000 gg=0.7336 fl=0.000 ret=1.000 shed=0.000 act=0.0000 flq=0.00
# PAIR t=0.0 p=42 d=1.280 pq=1:1 delta=-0.825 x=0.300 ratio=1.0000 dth=+0.000 gg=0.2462 fl=0.000 ret=1.000 shed=0.000 act=0.0000 flq=0.00
# PAIR t=0.0 p=43 d=1.112 pq=1:1 delta=-1.539 x=0.300 ratio=1.0000 dth=-0.000 gg=0.0050 fl=0.000 ret=1.000 shed=0.000 act=0.0000 flq=0.00
# PAIR t=0.0 p=44 d=1.100 pq=1:1 delta=-1.594 x=0.300 ratio=1.0000 dth=+0.000 gg=0.0032 fl=0.000 ret=1.000 shed=0.000 act=0.0000 flq=0.00
# PAIR t=0.0 p=45 d=1.351 pq=1:1 delta=-0.523 x=0.300 ratio=1.0000 dth=+0.000 gg=0.5755 fl=0.000 ret=1.000 shed=0.000 act=0.0000 flq=0.00
# PAIR t=0.0 p=46 d=1.425 pq=1:1 delta=-0.207 x=0.300 ratio=1.0000 dth=-0.000 gg=0.9174 fl=0.000 ret=1.000 shed=0.000 act=0.0000 flq=0.00
# PAIR t=0.0 p=47 d=1.531 pq=1:1 delta=+0.248 x=0.300 ratio=1.0000 dth=+0.000 gg=0.8843 fl=0.000 ret=1.000 shed=0.000 act=0.0000 flq=0.00
# PAIR t=0.0 p=48 d=1.481 pq=1:1 delta=+0.031 x=0.300 ratio=1.0000 dth=+0.000 gg=0.9980 fl=0.000 ret=1.000 shed=0.000 act=0.0000 flq=0.00
# PAIR t=0.0 p=49 d=1.220 pq=1:1 delta=-1.079 x=0.300 ratio=1.0000 dth=-0.000 gg=0.0860 fl=0.000 ret=1.000 shed=0.000 act=0.0000 flq=0.00
# PAIR t=0.0 p=50 d=1.357 pq=1:1 delta=-0.496 x=0.300 ratio=1.0000 dth=-0.000 gg=0.6079 fl=0.000 ret=1.000 shed=0.000 act=0.0000 flq=0.00
# PAIR t=0.0 p=51 d=1.037 pq=1:1 delta=-1.859 x=0.300 ratio=1.0000 dth=-0.000 gg=0.0003 fl=0.000 ret=1.000 shed=0.000 act=0.0000 flq=0.00
# PAIR t=0.0 p=52 d=1.091 pq=1:1 delta=-1.631 x=0.300 ratio=1.0000 dth=+0.000 gg=0.0024 fl=0.000 ret=1.000 shed=0.000 act=0.0000 flq=0.00
# PAIR t=0.0 p=53 d=1.051 pq=1:1 delta=-1.802 x=0.300 ratio=1.0000 dth=-0.000 gg=0.0005 fl=0.000 ret=1.000 shed=0.000 act=0.0000 flq=0.00
# PAIR t=0.0 p=54 d=1.087 pq=1:1 delta=-1.645 x=0.300 ratio=1.0000 dth=+0.000 gg=0.0021 fl=0.000 ret=1.000 shed=0.000 act=0.0000 flq=0.00
# PAIR t=0.0 p=55 d=1.359 pq=1:1 delta=-0.486 x=0.300 ratio=1.0000 dth=+0.000 gg=0.6200 fl=0.000 ret=1.000 shed=0.000 act=0.0000 flq=0.00
# PAIR t=0.0 p=56 d=1.330 pq=1:1 delta=-0.611 x=0.300 ratio=1.0000 dth=+0.000 gg=0.4687 fl=0.000 ret=1.000 shed=0.000 act=0.0000 flq=0.00
# PAIR t=0.0 p=57 d=1.210 pq=1:1 delta=-1.125 x=0.300 ratio=1.0000 dth=+0.000 gg=0.0688 fl=0.000 ret=1.000 shed=0.000 act=0.0000 flq=0.00
# PAIR t=0.0 p=58 d=1.281 pq=1:1 delta=-0.819 x=0.300 ratio=1.0000 dth=+0.000 gg=0.2510 fl=0.000 ret=1.000 shed=0.000 act=0.0000 flq=0.00
# PAIR t=0.0 p=59 d=1.546 pq=1:1 delta=+0.312 x=0.300 ratio=1.0000 dth=-0.000 gg=0.8228 fl=0.000 ret=1.000 shed=0.000 act=0.0000 flq=0.00
10.000	18658.2609	81.5113645	744.433693	8.48863553	19492.6945625	0.000e+00	111219	14.521	15.832	15.361	0.021	25.7138	0.8474	0	0.8495	0.9975	1.64999	1.64711
# PAIR t=10.0 p=0 d=1.281 pq=1:1 delta=-0.766 x=0.298 ratio=0.8291 dth=+0.338 gg=0.5494 fl=0.021 ret=0.994 shed=0.009 act=0.0821 flq=0.08
# PAIR t=10.0 p=1 d=1.229 pq=1:1 delta=-1.000 x=0.296 ratio=0.8779 dth=+1.609 gg=0.0013 fl=0.002 ret=0.987 shed=0.020 act=0.0074 flq=0.01
# PAIR t=10.0 p=2 d=1.286 pq=1:1 delta=-0.743 x=0.298 ratio=0.8331 dth=+0.350 gg=0.5725 fl=0.021 ret=0.994 shed=0.009 act=0.0801 flq=0.08
# PAIR t=10.0 p=3 d=1.478 pq=1:1 delta=+0.029 x=0.297 ratio=0.9875 dth=-0.036 gg=0.9974 fl=0.318 ret=0.995 shed=0.008 act=1.4092 flq=1.22
# PAIR t=10.0 p=4 d=1.467 pq=1:1 delta=-0.018 x=0.297 ratio=0.9913 dth=-0.003 gg=0.9991 fl=0.275 ret=0.995 shed=0.008 act=1.2110 flq=1.06
# PAIR t=10.0 p=5 d=1.467 pq=1:1 delta=-0.023 x=0.297 ratio=0.9998 dth=+0.020 gg=0.9992 fl=0.438 ret=0.996 shed=0.006 act=1.9265 flq=1.68
# PAIR t=10.0 p=6 d=1.025 pq=1:1 delta=-1.873 x=0.296 ratio=1.1505 dth=-2.775 gg=0.0000 fl=0.000 ret=0.985 shed=0.023 act=0.0011 flq=0.00
# PAIR t=10.0 p=7 d=1.421 pq=1:1 delta=-0.211 x=0.296 ratio=0.9976 dth=+0.113 gg=0.9562 fl=0.432 ret=0.992 shed=0.013 act=1.8395 flq=1.66
# PAIR t=10.0 p=8 d=1.311 pq=1:1 delta=-0.657 x=0.298 ratio=0.8747 dth=-0.371 gg=0.0830 fl=0.036 ret=0.993 shed=0.011 act=0.1407 flq=0.14
# PAIR t=10.0 p=9 d=1.343 pq=1:1 delta=-0.535 x=0.297 ratio=0.9234 dth=-0.644 gg=0.0223 fl=0.023 ret=0.991 shed=0.013 act=0.0927 flq=0.09
# PAIR t=10.0 p=10 d=1.078 pq=1:1 delta=-1.654 x=0.298 ratio=1.1509 dth=-2.888 gg=0.0000 fl=0.000 ret=0.994 shed=0.010 act=0.0001 flq=0.00
# PAIR t=10.0 p=11 d=1.239 pq=1:1 delta=-0.966 x=0.298 ratio=0.8783 dth=+1.547 gg=0.0024 fl=0.002 ret=0.992 shed=0.011 act=0.0076 flq=0.01
# PAIR t=10.0 p=12 d=1.334 pq=1:1 delta=-0.565 x=0.297 ratio=0.8974 dth=-0.694 gg=0.0125 fl=0.018 ret=0.992 shed=0.012 act=0.0706 flq=0.07
# PAIR t=10.0 p=13 d=1.103 pq=1:1 delta=-1.540 x=0.297 ratio=1.1732 dth=-2.717 gg=0.0000 fl=0.000 ret=0.990 shed=0.015 act=0.0001 flq=0.00
# PAIR t=10.0 p=14 d=1.539 pq=1:1 delta=+0.301 x=0.296 ratio=1.0054 dth=-0.144 gg=0.9131 fl=0.116 ret=0.989 shed=0.017 act=0.5366 flq=0.45
# PAIR t=10.0 p=15 d=1.036 pq=1:1 delta=-1.820 x=0.298 ratio=1.1925 dth=-2.340 gg=0.0000 fl=0.000 ret=0.991 shed=0.014 act=0.0000 flq=0.00
# PAIR t=10.0 p=16 d=1.486 pq=1:1 delta=+0.074 x=0.295 ratio=1.0007 dth=-0.039 gg=0.9946 fl=0.306 ret=0.989 shed=0.016 act=1.3636 flq=1.17
# PAIR t=10.0 p=17 d=1.264 pq=1:1 delta=-0.829 x=0.296 ratio=0.8317 dth=+0.594 gg=0.4375 fl=0.025 ret=0.988 shed=0.019 act=0.0940 flq=0.09
# PAIR t=10.0 p=18 d=1.110 pq=1:1 delta=-1.521 x=0.298 ratio=1.1399 dth=-3.088 gg=0.0000 fl=0.001 ret=0.993 shed=0.010 act=0.0021 flq=0.00
# PAIR t=10.0 p=19 d=1.281 pq=1:1 delta=-0.752 x=0.297 ratio=0.8149 dth=+0.370 gg=0.5660 fl=0.022 ret=0.991 shed=0.014 act=0.0836 flq=0.08
# PAIR t=10.0 p=20 d=1.454 pq=1:1 delta=-0.076 x=0.298 ratio=1.0004 dth=+0.048 gg=0.9938 fl=0.290 ret=0.996 shed=0.006 act=1.2649 flq=1.11
# PAIR t=10.0 p=21 d=1.535 pq=1:1 delta=+0.275 x=0.297 ratio=0.9969 dth=-0.154 gg=0.9263 fl=0.114 ret=0.993 shed=0.010 act=0.5242 flq=0.44
# PAIR t=10.0 p=22 d=1.040 pq=1:1 delta=-1.811 x=0.298 ratio=1.1754 dth=-2.528 gg=0.0000 fl=0.000 ret=0.991 shed=0.013 act=0.0001 flq=0.00
# PAIR t=10.0 p=23 d=1.470 pq=1:1 delta=-0.007 x=0.297 ratio=1.0002 dth=+0.006 gg=0.9999 fl=0.351 ret=0.994 shed=0.009 act=1.5453 flq=1.35
# PAIR t=10.0 p=24 d=1.296 pq=1:1 delta=-0.676 x=0.294 ratio=0.8307 dth=-0.422 gg=0.0547 fl=0.023 ret=0.979 shed=0.032 act=0.0910 flq=0.09
# PAIR t=10.0 p=25 d=1.374 pq=1:1 delta=-0.401 x=0.297 ratio=1.0697 dth=+0.404 gg=0.7201 fl=0.043 ret=0.991 shed=0.014 act=0.1763 flq=0.16
# PAIR t=10.0 p=26 d=1.327 pq=1:1 delta=-0.578 x=0.297 ratio=0.8572 dth=-0.962 gg=0.0007 fl=0.007 ret=0.990 shed=0.015 act=0.0264 flq=0.03
# PAIR t=10.0 p=27 d=1.216 pq=1:1 delta=-1.061 x=0.296 ratio=1.1185 dth=+2.791 gg=0.0000 fl=0.000 ret=0.986 shed=0.021 act=0.0001 flq=0.00
# PAIR t=10.0 p=28 d=1.519 pq=1:1 delta=+0.200 x=0.298 ratio=1.0123 dth=-0.076 gg=0.9587 fl=0.189 ret=0.996 shed=0.006 act=0.8619 flq=0.73
# PAIR t=10.0 p=29 d=1.433 pq=1:1 delta=-0.160 x=0.297 ratio=0.9969 dth=+0.081 gg=0.9747 fl=0.372 ret=0.993 shed=0.011 act=1.6010 flq=1.43
# PAIR t=10.0 p=30 d=1.380 pq=1:1 delta=-0.385 x=0.297 ratio=1.0512 dth=+0.347 gg=0.7830 fl=0.061 ret=0.993 shed=0.010 act=0.2510 flq=0.23
# PAIR t=10.0 p=31 d=1.343 pq=1:1 delta=-0.542 x=0.297 ratio=0.9719 dth=-0.477 gg=0.0721 fl=0.063 ret=0.993 shed=0.011 act=0.2528 flq=0.24
# PAIR t=10.0 p=32 d=1.081 pq=1:1 delta=-1.626 x=0.297 ratio=1.1940 dth=-2.464 gg=0.0000 fl=0.000 ret=0.991 shed=0.014 act=0.0000 flq=0.00
# PAIR t=10.0 p=33 d=1.363 pq=1:1 delta=-0.458 x=0.297 ratio=1.0396 dth=-0.189 gg=0.3975 fl=0.059 ret=0.994 shed=0.009 act=0.2433 flq=0.23
# PAIR t=10.0 p=34 d=1.495 pq=1:1 delta=+0.103 x=0.297 ratio=0.9835 dth=-0.053 gg=0.9894 fl=0.236 ret=0.994 shed=0.009 act=1.0606 flq=0.91
# PAIR t=10.0 p=35 d=1.063 pq=1:1 delta=-1.707 x=0.297 ratio=1.1756 dth=-2.652 gg=0.0000 fl=0.000 ret=0.990 shed=0.015 act=0.0000 flq=0.00
# PAIR t=10.0 p=36 d=1.182 pq=1:1 delta=-1.207 x=0.295 ratio=1.1133 dth=+2.810 gg=0.0000 fl=0.000 ret=0.984 shed=0.024 act=0.0008 flq=0.00
# PAIR t=10.0 p=37 d=1.251 pq=1:1 delta=-0.932 x=0.297 ratio=1.0353 dth=+2.068 gg=0.0000 fl=0.031 ret=0.989 shed=0.017 act=0.1148 flq=0.12
# PAIR t=10.0 p=38 d=1.362 pq=1:1 delta=-0.457 x=0.298 ratio=1.0754 dth=-0.133 gg=0.4757 fl=0.029 ret=0.993 shed=0.010 act=0.1204 flq=0.11
# PAIR t=10.0 p=39 d=1.105 pq=1:1 delta=-1.517 x=0.295 ratio=1.1779 dth=-2.713 gg=0.0000 fl=0.000 ret=0.984 shed=0.025 act=0.0001 flq=0.00
# PAIR t=10.0 p=40 d=1.550 pq=1:1 delta=+0.344 x=0.296 ratio=0.9971 dth=-0.197 gg=0.8863 fl=0.174 ret=0.990 shed=0.015 act=0.8070 flq=0.67
# PAIR t=10.0 p=41 d=1.381 pq=1:1 delta=-0.371 x=0.297 ratio=1.0795 dth=+0.387 gg=0.7399 fl=0.022 ret=0.992 shed=0.012 act=0.0923 flq=0.09
# PAIR t=10.0 p=42 d=1.280 pq=1:1 delta=-0.774 x=0.298 ratio=0.8370 dth=-0.056 gg=0.2398 fl=0.029 ret=0.995 shed=0.008 act=0.1103 flq=0.11
# PAIR t=10.0 p=43 d=1.112 pq=1:1 delta=-1.515 x=0.298 ratio=1.1277 dth=+3.113 gg=0.0000 fl=0.001 ret=0.994 shed=0.009 act=0.0040 flq=0.00
# PAIR t=10.0 p=44 d=1.100 pq=1:1 delta=-1.541 x=0.295 ratio=1.1806 dth=-2.667 gg=0.0000 fl=0.000 ret=0.983 shed=0.025 act=0.0000 flq=0.00
# PAIR t=10.0 p=45 d=1.351 pq=1:1 delta=-0.465 x=0.298 ratio=1.1979 dth=+0.142 gg=0.7791 fl=0.018 ret=0.993 shed=0.011 act=0.0709 flq=0.07
# PAIR t=10.0 p=46 d=1.425 pq=1:1 delta=-0.198 x=0.297 ratio=1.0253 dth=+0.141 gg=0.9549 fl=0.263 ret=0.995 shed=0.008 act=1.1254 flq=1.01
# PAIR t=10.0 p=47 d=1.531 pq=1:1 delta=+0.259 x=0.296 ratio=0.9869 dth=-0.168 gg=0.9293 fl=0.238 ret=0.993 shed=0.010 act=1.0948 flq=0.91
# PAIR t=10.0 p=48 d=1.481 pq=1:1 delta=+0.045 x=0.296 ratio=0.9991 dth=-0.026 gg=0.9979 fl=0.403 ret=0.991 shed=0.013 act=1.7908 flq=1.55
# PAIR t=10.0 p=49 d=1.220 pq=1:1 delta=-1.062 x=0.297 ratio=1.0477 dth=+2.236 gg=0.0000 fl=0.001 ret=0.990 shed=0.016 act=0.0049 flq=0.01
# PAIR t=10.0 p=50 d=1.357 pq=1:1 delta=-0.476 x=0.297 ratio=1.0686 dth=-0.236 gg=0.3174 fl=0.067 ret=0.991 shed=0.013 act=0.2734 flq=0.26
# PAIR t=10.0 p=51 d=1.037 pq=1:1 delta=-1.813 x=0.295 ratio=1.1712 dth=-2.572 gg=0.0000 fl=0.000 ret=0.984 shed=0.024 act=0.0001 flq=0.00
# PAIR t=10.0 p=52 d=1.091 pq=1:1 delta=-1.590 x=0.297 ratio=1.1736 dth=-2.668 gg=0.0000 fl=0.000 ret=0.991 shed=0.014 act=0.0000 flq=0.00
# PAIR t=10.0 p=53 d=1.051 pq=1:1 delta=-1.761 x=0.299 ratio=1.1940 dth=-2.367 gg=0.0000 fl=0.000 ret=0.995 shed=0.007 act=0.0000 flq=0.00
# PAIR t=10.0 p=54 d=1.087 pq=1:1 delta=-1.617 x=0.298 ratio=1.1473 dth=-2.932 gg=0.0000 fl=0.000 ret=0.995 shed=0.008 act=0.0000 flq=0.00
# PAIR t=10.0 p=55 d=1.359 pq=1:1 delta=-0.468 x=0.298 ratio=1.0910 dth=-0.117 gg=0.4858 fl=0.036 ret=0.995 shed=0.008 act=0.1480 flq=0.14
# PAIR t=10.0 p=56 d=1.330 pq=1:1 delta=-0.588 x=0.298 ratio=0.9005 dth=-0.267 gg=0.1914 fl=0.030 ret=0.995 shed=0.007 act=0.1194 flq=0.11
# PAIR t=10.0 p=57 d=1.210 pq=1:1 delta=-1.080 x=0.294 ratio=1.1135 dth=+2.743 gg=0.0000 fl=0.000 ret=0.978 shed=0.032 act=0.0002 flq=0.00
# PAIR t=10.0 p=58 d=1.281 pq=1:1 delta=-0.773 x=0.299 ratio=0.8419 dth=+0.281 gg=0.5236 fl=0.023 ret=0.996 shed=0.006 act=0.0873 flq=0.09
# PAIR t=10.0 p=59 d=1.546 pq=1:1 delta=+0.321 x=0.298 ratio=1.0055 dth=-0.097 gg=0.8870 fl=0.029 ret=0.994 shed=0.009 act=0.1325 flq=0.11
20.000	18658.2609	81.156983	744.433693	8.84301696	19492.6945625	1.866e-16	111219	14.557	15.806	15.363	0.023	25.3366	0.8474	0	0.8495	0.9975	1.64998	1.64711
# PAIR t=20.0 p=0 d=1.281 pq=1:1 delta=-0.773 x=0.296 ratio=1.1659 dth=-0.227 gg=0.1117 fl=0.014 ret=0.989 shed=0.017 act=0.0528 flq=0.05
# PAIR t=20.0 p=1 d=1.229 pq=1:1 delta=-0.995 x=0.294 ratio=1.1220 dth=-0.616 gg=0.0013 fl=0.005 ret=0.980 shed=0.030 act=0.0179 flq=0.02
# PAIR t=20.0 p=2 d=1.286 pq=1:1 delta=-0.739 x=0.297 ratio=1.1934 dth=+0.636 gg=0.4297 fl=0.013 ret=0.988 shed=0.017 act=0.0507 flq=0.05
# PAIR t=20.0 p=3 d=1.478 pq=1:1 delta=+0.037 x=0.295 ratio=1.0017 dth=-0.020 gg=0.9986 fl=0.242 ret=0.990 shed=0.016 act=1.0751 flq=0.93
# PAIR t=20.0 p=4 d=1.467 pq=1:1 delta=-0.007 x=0.295 ratio=0.9977 dth=+0.004 gg=0.9999 fl=0.199 ret=0.988 shed=0.018 act=0.8740 flq=0.76
# PAIR t=20.0 p=5 d=1.467 pq=1:1 delta=-0.017 x=0.296 ratio=1.0082 dth=+0.005 gg=0.9997 fl=0.304 ret=0.993 shed=0.011 act=1.3385 flq=1.17
# PAIR t=20.0 p=6 d=1.025 pq=1:1 delta=-1.814 x=0.290 ratio=1.2615 dth=+0.620 gg=0.0220 fl=0.002 ret=0.964 shed=0.054 act=0.0049 flq=0.01
# PAIR t=20.0 p=7 d=1.421 pq=1:1 delta=-0.199 x=0.294 ratio=0.9942 dth=+0.082 gg=0.9602 fl=0.405 ret=0.984 shed=0.025 act=1.7262 flq=1.55
# PAIR t=20.0 p=8 d=1.311 pq=1:1 delta=-0.621 x=0.295 ratio=0.8319 dth=+0.902 gg=0.1581 fl=0.005 ret=0.983 shed=0.025 act=0.0178 flq=0.02
# PAIR t=20.0 p=9 d=1.343 pq=1:1 delta=-0.529 x=0.295 ratio=1.0485 dth=+1.462 gg=0.0015 fl=0.033 ret=0.984 shed=0.023 act=0.1335 flq=0.13
# PAIR t=20.0 p=10 d=1.078 pq=1:1 delta=-1.606 x=0.295 ratio=1.2523 dth=+0.429 gg=0.0362 fl=0.007 ret=0.982 shed=0.027 act=0.0242 flq=0.03
# PAIR t=20.0 p=11 d=1.239 pq=1:1 delta=-0.947 x=0.295 ratio=1.1561 dth=-0.489 gg=0.0066 fl=0.004 ret=0.983 shed=0.025 act=0.0142 flq=0.01
# PAIR t=20.0 p=12 d=1.334 pq=1:1 delta=-0.543 x=0.295 ratio=1.1404 dth=+1.009 gg=0.0768 fl=0.042 ret=0.982 shed=0.026 act=0.1688 flq=0.16
# PAIR t=20.0 p=13 d=1.103 pq=1:1 delta=-1.489 x=0.293 ratio=1.2610 dth=+1.221 gg=0.0358 fl=0.013 ret=0.977 shed=0.035 act=0.0414 flq=0.05
# PAIR t=20.0 p=14 d=1.539 pq=1:1 delta=+0.320 x=0.293 ratio=1.0069 dth=-0.144 gg=0.9016 fl=0.222 ret=0.978 shed=0.033 act=1.0234 flq=0.85
# PAIR t=20.0 p=15 d=1.036 pq=1:1 delta=-1.797 x=0.294 ratio=1.2231 dth=+2.181 gg=0.0000 fl=0.010 ret=0.981 shed=0.028 act=0.0310 flq=0.04
# PAIR t=20.0 p=16 d=1.486 pq=1:1 delta=+0.095 x=0.291 ratio=0.9933 dth=-0.063 gg=0.9900 fl=0.159 ret=0.976 shed=0.036 act=0.7084 flq=0.61
# PAIR t=20.0 p=17 d=1.264 pq=1:1 delta=-0.858 x=0.293 ratio=0.9777 dth=-1.269 gg=0.0000 fl=0.012 ret=0.976 shed=0.035 act=0.0446 flq=0.04
# PAIR t=20.0 p=18 d=1.110 pq=1:1 delta=-1.493 x=0.296 ratio=1.1981 dth=-0.141 gg=0.0022 fl=0.025 ret=0.986 shed=0.021 act=0.0832 flq=0.09
# PAIR t=20.0 p=19 d=1.281 pq=1:1 delta=-0.784 x=0.295 ratio=0.9055 dth=-2.187 gg=0.0000 fl=0.000 ret=0.983 shed=0.026 act=0.0000 flq=0.00
# PAIR t=20.0 p=20 d=1.454 pq=1:1 delta=-0.069 x=0.296 ratio=1.0021 dth=+0.035 gg=0.9952 fl=0.246 ret=0.992 shed=0.012 act=1.0711 flq=0.94
# PAIR t=20.0 p=21 d=1.535 pq=1:1 delta=+0.288 x=0.295 ratio=0.9900 dth=-0.191 gg=0.9120 fl=0.209 ret=0.985 shed=0.023 act=0.9647 flq=0.80
# PAIR t=20.0 p=22 d=1.040 pq=1:1 delta=-1.764 x=0.293 ratio=1.2619 dth=+1.661 gg=0.0018 fl=0.006 ret=0.979 shed=0.032 act=0.0199 flq=0.02
# PAIR t=20.0 p=23 d=1.470 pq=1:1 delta=+0.006 x=0.294 ratio=1.0048 dth=-0.001 gg=0.9999 fl=0.243 ret=0.987 shed=0.020 act=1.0720 flq=0.93
# PAIR t=20.0 p=24 d=1.296 pq=1:1 delta=-0.675 x=0.290 ratio=0.8669 dth=+2.842 gg=0.0000 fl=0.000 ret=0.965 shed=0.052 act=0.0000 flq=0.00
# PAIR t=20.0 p=25 d=1.374 pq=1:1 delta=-0.392 x=0.294 ratio=1.0359 dth=+0.668 gg=0.3453 fl=0.100 ret=0.982 shed=0.026 act=0.4114 flq=0.38
# PAIR t=20.0 p=26 d=1.327 pq=1:1 delta=-0.560 x=0.293 ratio=0.8612 dth=+2.175 gg=0.0000 fl=0.000 ret=0.978 shed=0.034 act=0.0002 flq=0.00
# PAIR t=20.0 p=27 d=1.216 pq=1:1 delta=-1.049 x=0.294 ratio=1.1274 dth=-1.040 gg=0.0000 fl=0.003 ret=0.979 shed=0.032 act=0.0124 flq=0.01
# PAIR t=20.0 p=28 d=1.519 pq=1:1 delta=+0.205 x=0.297 ratio=1.0137 dth=-0.094 gg=0.9583 fl=0.051 ret=0.993 shed=0.011 act=0.2345 flq=0.20
# PAIR t=20.0 p=29 d=1.433 pq=1:1 delta=-0.147 x=0.294 ratio=0.9893 dth=+0.050 gg=0.9765 fl=0.330 ret=0.985 shed=0.023 act=1.4204 flq=1.26
# PAIR t=20.0 p=30 d=1.380 pq=1:1 delta=-0.372 x=0.294 ratio=0.9503 dth=+0.106 gg=0.8480 fl=0.118 ret=0.985 shed=0.023 act=0.4875 flq=0.45
# PAIR t=20.0 p=31 d=1.343 pq=1:1 delta=-0.510 x=0.295 ratio=0.8940 dth=+0.903 gg=0.1353 fl=0.033 ret=0.983 shed=0.025 act=0.1317 flq=0.12
# PAIR t=20.0 p=32 d=1.081 pq=1:1 delta=-1.600 x=0.294 ratio=1.2317 dth=+1.955 gg=0.0001 fl=0.007 ret=0.981 shed=0.028 act=0.0213 flq=0.02
# PAIR t=20.0 p=33 d=1.363 pq=1:1 delta=-0.437 x=0.296 ratio=0.9052 dth=-0.299 gg=0.2760 fl=0.030 ret=0.988 shed=0.018 act=0.1207 flq=0.11
# PAIR t=20.0 p=34 d=1.495 pq=1:1 delta=+0.114 x=0.295 ratio=0.9751 dth=-0.095 gg=0.9815 fl=0.107 ret=0.988 shed=0.017 act=0.4782 flq=0.41
# PAIR t=20.0 p=35 d=1.063 pq=1:1 delta=-1.661 x=0.294 ratio=1.2644 dth=+1.340 gg=0.0165 fl=0.007 ret=0.978 shed=0.033 act=0.0228 flq=0.03
# PAIR t=20.0 p=36 d=1.182 pq=1:1 delta=-1.196 x=0.293 ratio=1.1161 dth=-1.168 gg=0.0000 fl=0.003 ret=0.976 shed=0.036 act=0.0098 flq=0.01
# PAIR t=20.0 p=37 d=1.251 pq=1:1 delta=-0.905 x=0.293 ratio=0.9111 dth=-0.803 gg=0.0003 fl=0.039 ret=0.978 shed=0.033 act=0.1452 flq=0.15
# PAIR t=20.0 p=38 d=1.362 pq=1:1 delta=-0.451 x=0.294 ratio=0.9827 dth=-0.335 gg=0.2245 fl=0.098 ret=0.985 shed=0.022 act=0.4000 flq=0.37
# PAIR t=20.0 p=39 d=1.105 pq=1:1 delta=-1.456 x=0.287 ratio=1.2490 dth=+1.259 gg=0.0308 fl=0.014 ret=0.955 shed=0.067 act=0.0470 flq=0.05
# PAIR t=20.0 p=40 d=1.550 pq=1:1 delta=+0.359 x=0.293 ratio=1.0106 dth=-0.183 gg=0.8787 fl=0.310 ret=0.981 shed=0.028 act=1.4415 flq=1.19
# PAIR t=20.0 p=41 d=1.381 pq=1:1 delta=-0.360 x=0.294 ratio=0.9319 dth=+0.253 gg=0.8597 fl=0.053 ret=0.984 shed=0.024 act=0.2184 flq=0.20
# PAIR t=20.0 p=42 d=1.280 pq=1:1 delta=-0.775 x=0.296 ratio=1.1676 dth=+1.207 gg=0.0306 fl=0.025 ret=0.988 shed=0.018 act=0.0959 flq=0.10
# PAIR t=20.0 p=43 d=1.112 pq=1:1 delta=-1.496 x=0.296 ratio=1.1607 dth=-0.513 gg=0.0000 fl=0.022 ret=0.987 shed=0.019 act=0.0733 flq=0.08
# PAIR t=20.0 p=44 d=1.100 pq=1:1 delta=-1.496 x=0.291 ratio=1.2535 dth=+1.470 gg=0.0084 fl=0.005 ret=0.970 shed=0.045 act=0.0168 flq=0.02
# PAIR t=20.0 p=45 d=1.351 pq=1:1 delta=-0.466 x=0.296 ratio=0.8545 dth=-0.371 gg=0.1783 fl=0.038 ret=0.986 shed=0.020 act=0.1526 flq=0.14
# PAIR t=20.0 p=46 d=1.425 pq=1:1 delta=-0.190 x=0.295 ratio=0.9932 dth=+0.101 gg=0.9644 fl=0.312 ret=0.989 shed=0.017 act=1.3355 flq=1.20
# PAIR t=20.0 p=47 d=1.531 pq=1:1 delta=+0.272 x=0.294 ratio=0.9878 dth=-0.175 gg=0.9230 fl=0.421 ret=0.986 shed=0.022 act=1.9340 flq=1.61
# PAIR t=20.0 p=48 d=1.481 pq=1:1 delta=+0.058 x=0.293 ratio=1.0097 dth=-0.031 gg=0.9967 fl=0.211 ret=0.984 shed=0.023 act=0.9369 flq=0.81
# PAIR t=20.0 p=49 d=1.220 pq=1:1 delta=-1.014 x=0.295 ratio=0.8348 dth=-0.007 gg=0.1128 fl=0.005 ret=0.983 shed=0.025 act=0.0165 flq=0.02
# PAIR t=20.0 p=50 d=1.357 pq=1:1 delta=-0.446 x=0.295 ratio=0.8807 dth=-0.508 gg=0.0893 fl=0.032 ret=0.982 shed=0.027 act=0.1303 flq=0.12
# PAIR t=20.0 p=51 d=1.037 pq=1:1 delta=-1.760 x=0.290 ratio=1.2618 dth=+1.438 gg=0.0086 fl=0.004 ret=0.967 shed=0.050 act=0.0132 flq=0.02
# PAIR t=20.0 p=52 d=1.091 pq=1:1 delta=-1.549 x=0.295 ratio=1.2594 dth=+1.290 gg=0.0242 fl=0.004 ret=0.984 shed=0.024 act=0.0131 flq=0.02
# PAIR t=20.0 p=53 d=1.051 pq=1:1 delta=-1.737 x=0.297 ratio=1.2421 dth=+2.152 gg=0.0000 fl=0.032 ret=0.989 shed=0.016 act=0.0993 flq=0.12
# PAIR t=20.0 p=54 d=1.087 pq=1:1 delta=-1.570 x=0.296 ratio=1.2519 dth=+0.292 gg=0.0250 fl=0.003 ret=0.987 shed=0.020 act=0.0097 flq=0.01
# PAIR t=20.0 p=55 d=1.359 pq=1:1 delta=-0.469 x=0.296 ratio=0.9801 dth=-0.481 gg=0.0957 fl=0.109 ret=0.989 shed=0.017 act=0.4426 flq=0.42
# PAIR t=20.0 p=56 d=1.330 pq=1:1 delta=-0.594 x=0.297 ratio=1.0370 dth=+1.482 gg=0.0015 fl=0.048 ret=0.990 shed=0.015 act=0.1896 flq=0.18
# PAIR t=20.0 p=57 d=1.210 pq=1:1 delta=-1.068 x=0.291 ratio=1.1173 dth=-1.210 gg=0.0000 fl=0.002 ret=0.971 shed=0.044 act=0.0055 flq=0.01
# PAIR t=20.0 p=58 d=1.281 pq=1:1 delta=-0.780 x=0.298 ratio=1.1563 dth=+1.152 gg=0.0452 fl=0.016 ret=0.992 shed=0.011 act=0.0604 flq=0.06
# PAIR t=20.0 p=59 d=1.546 pq=1:1 delta=+0.329 x=0.297 ratio=1.0060 dth=-0.098 gg=0.8813 fl=0.056 ret=0.990 shed=0.015 act=0.2610 flq=0.22
# QATOM t=23.80 dir=DF w=2.12327564 e=0.388619285404
30.000	18658.3116	82.4263537	744.771623	7.18502697	19492.6945625	-1.866e-16	111219	14.560	15.952	15.355	0.026	25.2215	0.8474	-0.41659	0.8495	0.9975	1.64996	1.64710
# PAIR t=30.0 p=0 d=1.281 pq=1:1 delta=-0.754 x=0.294 ratio=0.8420 dth=+0.835 gg=0.2344 fl=0.002 ret=0.981 shed=0.029 act=0.0094 flq=0.01
# PAIR t=30.0 p=1 d=1.229 pq=1:1 delta=-0.993 x=0.292 ratio=0.9051 dth=+1.605 gg=0.0014 fl=0.008 ret=0.975 shed=0.037 act=0.0306 flq=0.03
# PAIR t=30.0 p=2 d=1.286 pq=1:1 delta=-0.738 x=0.295 ratio=0.8521 dth=-0.117 gg=0.2149 fl=0.003 ret=0.983 shed=0.025 act=0.0129 flq=0.01
# PAIR t=30.0 p=3 d=1.478 pq=1:1 delta=+0.046 x=0.294 ratio=1.0045 dth=-0.012 gg=0.9973 fl=0.129 ret=0.984 shed=0.023 act=0.5725 flq=0.49
# PAIR t=30.0 p=4 d=1.467 pq=1:1 delta=+0.002 x=0.293 ratio=1.0061 dth=+0.011 gg=0.9994 fl=0.107 ret=0.983 shed=0.026 act=0.4721 flq=0.41
# PAIR t=30.0 p=5 d=1.467 pq=1:1 delta=-0.010 x=0.294 ratio=0.9935 dth=+0.005 gg=0.9999 fl=0.171 ret=0.989 shed=0.017 act=0.7526 flq=0.66
# PAIR t=30.0 p=6 d=1.025 pq=1:1 delta=-1.787 x=0.284 ratio=0.7911 dth=+0.931 gg=0.0365 fl=0.006 ret=0.943 shed=0.086 act=0.0170 flq=0.02
# PAIR t=30.0 p=7 d=1.421 pq=1:1 delta=-0.189 x=0.292 ratio=0.9918 dth=+0.092 gg=0.9649 fl=0.377 ret=0.978 shed=0.034 act=1.6058 flq=1.44
# PAIR t=30.0 p=8 d=1.311 pq=1:1 delta=-0.631 x=0.292 ratio=0.8851 dth=-2.182 gg=0.0000 fl=0.000 ret=0.973 shed=0.041 act=0.0000 flq=0.00
# PAIR t=30.0 p=9 d=1.343 pq=1:1 delta=-0.491 x=0.293 ratio=1.1554 dth=-0.412 gg=0.1315 fl=0.002 ret=0.977 shed=0.035 act=0.0079 flq=0.01
# PAIR t=30.0 p=10 d=1.078 pq=1:1 delta=-1.595 x=0.290 ratio=0.8166 dth=+1.471 gg=0.0081 fl=0.020 ret=0.966 shed=0.051 act=0.0650 flq=0.08
# PAIR t=30.0 p=11 d=1.239 pq=1:1 delta=-0.940 x=0.293 ratio=0.8711 dth=+1.448 gg=0.0058 fl=0.006 ret=0.977 shed=0.035 act=0.0225 flq=0.02
# PAIR t=30.0 p=12 d=1.334 pq=1:1 delta=-0.552 x=0.291 ratio=1.0255 dth=-0.463 gg=0.0752 fl=0.113 ret=0.973 shed=0.041 act=0.4504 flq=0.43
# PAIR t=30.0 p=13 d=1.103 pq=1:1 delta=-1.515 x=0.289 ratio=1.1349 dth=-2.043 gg=0.0000 fl=0.000 ret=0.963 shed=0.056 act=0.0000 flq=0.00
# PAIR t=30.0 p=14 d=1.539 pq=1:1 delta=+0.339 x=0.290 ratio=0.9907 dth=-0.198 gg=0.8886 fl=0.106 ret=0.968 shed=0.048 act=0.4875 flq=0.40
# PAIR t=30.0 p=15 d=1.036 pq=1:1 delta=-1.814 x=0.291 ratio=1.1165 dth=-1.700 gg=0.0000 fl=0.000 ret=0.969 shed=0.046 act=0.0001 flq=0.00
# PAIR t=30.0 p=16 d=1.486 pq=1:1 delta=+0.116 x=0.412 ratio=1.0011 dth=-0.070 gg=0.9861 fl=0.000 ret=0.964 shed=0.053 act=0.0000 flq=0.00
# PAIR t=30.0 p=17 d=1.264 pq=1:1 delta=-0.815 x=0.290 ratio=1.1552 dth=+1.215 gg=0.0309 fl=0.020 ret=0.966 shed=0.051 act=0.0742 flq=0.07
# PAIR t=30.0 p=18 d=1.110 pq=1:1 delta=-1.514 x=0.293 ratio=0.9267 dth=+2.164 gg=0.0000 fl=0.076 ret=0.977 shed=0.035 act=0.2538 flq=0.29
# PAIR t=30.0 p=19 d=1.281 pq=1:1 delta=-0.772 x=0.293 ratio=0.9030 dth=+1.958 gg=0.0000 fl=0.000 ret=0.975 shed=0.037 act=0.0019 flq=0.00
# PAIR t=30.0 p=20 d=1.454 pq=1:1 delta=-0.064 x=0.295 ratio=1.0051 dth=+0.037 gg=0.9958 fl=0.194 ret=0.989 shed=0.017 act=0.8477 flq=0.74
# PAIR t=30.0 p=21 d=1.535 pq=1:1 delta=+0.304 x=0.292 ratio=0.9832 dth=-0.214 gg=0.8976 fl=0.097 ret=0.976 shed=0.036 act=0.4467 flq=0.37
# PAIR t=30.0 p=22 d=1.040 pq=1:1 delta=-1.795 x=0.290 ratio=1.1309 dth=-1.760 gg=0.0000 fl=0.000 ret=0.968 shed=0.048 act=0.0001 flq=0.00
# PAIR t=30.0 p=23 d=1.470 pq=1:1 delta=+0.015 x=0.293 ratio=0.9954 dth=-0.005 gg=0.9998 fl=0.132 ret=0.981 shed=0.028 act=0.5836 flq=0.51
# PAIR t=30.0 p=24 d=1.296 pq=1:1 delta=-0.655 x=0.285 ratio=0.8691 dth=-0.607 gg=0.0155 fl=0.003 ret=0.951 shed=0.074 act=0.0106 flq=0.01
# PAIR t=30.0 p=25 d=1.374 pq=1:1 delta=-0.366 x=0.292 ratio=1.1064 dth=+0.871 gg=0.1242 fl=0.042 ret=0.974 shed=0.039 act=0.1747 flq=0.16
# PAIR t=30.0 p=26 d=1.327 pq=1:1 delta=-0.550 x=0.289 ratio=0.8877 dth=-1.151 gg=0.0001 fl=0.003 ret=0.963 shed=0.055 act=0.0138 flq=0.01
# PAIR t=30.0 p=27 d=1.216 pq=1:1 delta=-1.049 x=0.291 ratio=1.0743 dth=+2.085 gg=0.0000 fl=0.019 ret=0.970 shed=0.045 act=0.0689 flq=0.07
# PAIR t=30.0 p=28 d=1.519 pq=1:1 delta=+0.212 x=0.295 ratio=0.9981 dth=-0.110 gg=0.9559 fl=0.249 ret=0.989 shed=0.017 act=1.1335 flq=0.95
# PAIR t=30.0 p=29 d=1.433 pq=1:1 delta=-0.135 x=0.292 ratio=1.0035 dth=+0.089 gg=0.9802 fl=0.326 ret=0.977 shed=0.034 act=1.3994 flq=1.24
# PAIR t=30.0 p=30 d=1.380 pq=1:1 delta=-0.364 x=0.291 ratio=1.0083 dth=+0.235 gg=0.8658 fl=0.339 ret=0.977 shed=0.034 act=1.4046 flq=1.30
# PAIR t=30.0 p=31 d=1.343 pq=1:1 delta=-0.483 x=0.292 ratio=1.1624 dth=+0.485 gg=0.6212 fl=0.003 ret=0.975 shed=0.038 act=0.0112 flq=0.01
# PAIR t=30.0 p=32 d=1.081 pq=1:1 delta=-1.613 x=0.293 ratio=1.1746 dth=-0.980 gg=0.0000 fl=0.002 ret=0.976 shed=0.037 act=0.0071 flq=0.01
# PAIR t=30.0 p=33 d=1.363 pq=1:1 delta=-0.426 x=0.294 ratio=0.9014 dth=+0.501 gg=0.5953 fl=0.047 ret=0.982 shed=0.028 act=0.1940 flq=0.18
# PAIR t=30.0 p=34 d=1.495 pq=1:1 delta=+0.122 x=0.395 ratio=0.9859 dth=-0.091 gg=0.9817 fl=0.000 ret=0.983 shed=0.025 act=0.0000 flq=0.00
# PAIR t=30.0 p=35 d=1.063 pq=1:1 delta=-1.690 x=0.290 ratio=1.1430 dth=-1.792 gg=0.0000 fl=0.000 ret=0.968 shed=0.048 act=0.0000 flq=0.00
# PAIR t=30.0 p=36 d=1.182 pq=1:1 delta=-1.188 x=0.303 ratio=1.0873 dth=+1.973 gg=0.0000 fl=0.000 ret=0.966 shed=0.052 act=0.0000 flq=0.00
# PAIR t=30.0 p=37 d=1.251 pq=1:1 delta=-0.892 x=0.289 ratio=1.0694 dth=+1.741 gg=0.0002 fl=0.043 ret=0.965 shed=0.053 act=0.1602 flq=0.16
# PAIR t=30.0 p=38 d=1.362 pq=1:1 delta=-0.411 x=0.293 ratio=0.8734 dth=-0.023 gg=0.6837 fl=0.034 ret=0.976 shed=0.036 act=0.1389 flq=0.13
# PAIR t=30.0 p=39 d=1.105 pq=1:1 delta=-1.494 x=0.284 ratio=1.0866 dth=-2.756 gg=0.0000 fl=0.000 ret=0.947 shed=0.080 act=0.0001 flq=0.00
# PAIR t=30.0 p=40 d=1.550 pq=1:1 delta=+0.381 x=0.290 ratio=1.0349 dth=-0.142 gg=0.8563 fl=0.065 ret=0.970 shed=0.045 act=0.3025 flq=0.25
# PAIR t=30.0 p=41 d=1.381 pq=1:1 delta=+0.087 x=0.214 ratio=0.9597 dth=-0.254 gg=0.8314 fl=0.112 ret=0.717 shed=0.425 act=0.4631 flq=0.40
# PAIR t=30.0 p=42 d=1.280 pq=1:1 delta=-0.759 x=0.295 ratio=0.8429 dth=-0.053 gg=0.2555 fl=0.018 ret=0.982 shed=0.027 act=0.0679 flq=0.07
# PAIR t=30.0 p=43 d=1.112 pq=1:1 delta=-1.471 x=0.293 ratio=0.8336 dth=+1.676 gg=0.0015 fl=0.024 ret=0.977 shed=0.034 act=0.0784 flq=0.09
# PAIR t=30.0 p=44 d=1.100 pq=1:1 delta=-1.509 x=0.287 ratio=1.1717 dth=-1.368 gg=0.0000 fl=0.000 ret=0.956 shed=0.067 act=0.0008 flq=0.00
# PAIR t=30.0 p=45 d=1.351 pq=1:1 delta=-0.479 x=0.293 ratio=1.0906 dth=+1.206 gg=0.0152 fl=0.004 ret=0.979 shed=0.032 act=0.0148 flq=0.01
# PAIR t=30.0 p=46 d=1.425 pq=1:1 delta=-0.181 x=0.294 ratio=1.0021 dth=+0.091 gg=0.9678 fl=0.295 ret=0.983 shed=0.025 act=1.2604 flq=1.13
# PAIR t=30.0 p=47 d=1.531 pq=1:1 delta=+0.286 x=0.292 ratio=1.0002 dth=-0.167 gg=0.9193 fl=0.247 ret=0.978 shed=0.034 act=1.1341 flq=0.94
# PAIR t=30.0 p=48 d=1.481 pq=1:1 delta=+0.072 x=0.451 ratio=1.0004 dth=-0.045 gg=0.9945 fl=0.000 ret=0.976 shed=0.037 act=0.0000 flq=0.00
# PAIR t=30.0 p=49 d=1.220 pq=1:1 delta=-1.000 x=0.293 ratio=1.2063 dth=+0.915 gg=0.1735 fl=0.006 ret=0.975 shed=0.037 act=0.0215 flq=0.02
# PAIR t=30.0 p=50 d=1.357 pq=1:1 delta=-0.448 x=0.292 ratio=1.0736 dth=+1.007 gg=0.0637 fl=0.005 ret=0.973 shed=0.040 act=0.0198 flq=0.02
# PAIR t=30.0 p=51 d=1.037 pq=1:1 delta=-1.740 x=0.285 ratio=0.7934 dth=+0.633 gg=0.0333 fl=0.006 ret=0.949 shed=0.076 act=0.0181 flq=0.02
# PAIR t=30.0 p=52 d=1.091 pq=1:1 delta=-1.592 x=0.293 ratio=1.0922 dth=-2.578 gg=0.0000 fl=0.000 ret=0.975 shed=0.037 act=0.0000 flq=0.00
# PAIR t=30.0 p=53 d=1.051 pq=1:1 delta=-1.762 x=0.295 ratio=1.1482 dth=-1.232 gg=0.0000 fl=0.001 ret=0.984 shed=0.023 act=0.0028 flq=0.00
# PAIR t=30.0 p=54 d=1.087 pq=1:1 delta=-1.609 x=0.293 ratio=1.0863 dth=-3.019 gg=0.0000 fl=0.000 ret=0.977 shed=0.034 act=0.0006 flq=0.00
# PAIR t=30.0 p=55 d=1.359 pq=1:1 delta=-0.432 x=0.294 ratio=0.8716 dth=-0.154 gg=0.4752 fl=0.003 ret=0.982 shed=0.027 act=0.0118 flq=0.01
# PAIR t=30.0 p=56 d=1.330 pq=1:1 delta=-0.575 x=0.295 ratio=1.0987 dth=-0.409 gg=0.0948 fl=0.023 ret=0.984 shed=0.023 act=0.0930 flq=0.09
# PAIR t=30.0 p=57 d=1.210 pq=1:1 delta=-1.060 x=0.288 ratio=1.0999 dth=+2.021 gg=0.0000 fl=0.016 ret=0.961 shed=0.058 act=0.0593 flq=0.06
# PAIR t=30.0 p=58 d=1.281 pq=1:1 delta=-0.777 x=0.296 ratio=0.8710 dth=-0.336 gg=0.0582 fl=0.003 ret=0.989 shed=0.017 act=0.0130 flq=0.01
# PAIR t=30.0 p=59 d=1.546 pq=1:1 delta=+0.337 x=0.295 ratio=1.0101 dth=-0.081 gg=0.8655 fl=0.015 ret=0.985 shed=0.022 act=0.0713 flq=0.06
40.000	18658.3116	79.932492	744.771623	9.67888873	19492.6945625	1.866e-16	111219	14.523	15.847	15.261	0.030	25.2215	0.8474	-0.41659	0.8495	0.9975	1.64995	1.64707
# PAIR t=40.0 p=0 d=1.281 pq=1:1 delta=-0.737 x=0.291 ratio=1.1943 dth=+0.192 gg=0.5094 fl=0.025 ret=0.971 shed=0.044 act=0.0972 flq=0.10
# PAIR t=40.0 p=1 d=1.229 pq=1:1 delta=-0.961 x=0.290 ratio=1.1716 dth=-0.392 gg=0.0136 fl=0.007 ret=0.967 shed=0.049 act=0.0257 flq=0.03
# PAIR t=40.0 p=2 d=1.286 pq=1:1 delta=-0.740 x=0.293 ratio=1.1407 dth=+1.214 gg=0.0273 fl=0.035 ret=0.977 shed=0.034 act=0.1365 flq=0.13
# PAIR t=40.0 p=3 d=1.478 pq=1:1 delta=+0.054 x=0.292 ratio=0.9982 dth=-0.037 gg=0.9967 fl=0.014 ret=0.980 shed=0.030 act=0.0606 flq=0.05
# PAIR t=40.0 p=4 d=1.467 pq=1:1 delta=+0.011 x=0.292 ratio=1.0113 dth=-0.011 gg=0.9998 fl=0.010 ret=0.978 shed=0.034 act=0.0448 flq=0.04
# PAIR t=40.0 p=5 d=1.467 pq=1:1 delta=-0.004 x=0.293 ratio=1.0066 dth=-0.000 gg=1.0000 fl=0.018 ret=0.985 shed=0.023 act=0.0783 flq=0.07
# PAIR t=40.0 p=6 d=1.025 pq=1:1 delta=-1.810 x=0.279 ratio=0.8840 dth=-2.345 gg=0.0000 fl=0.000 ret=0.928 shed=0.107 act=0.0000 flq=0.00
# PAIR t=40.0 p=7 d=1.421 pq=1:1 delta=-0.180 x=0.290 ratio=0.9980 dth=+0.094 gg=0.9682 fl=0.371 ret=0.972 shed=0.042 act=1.5812 flq=1.42
# PAIR t=40.0 p=8 d=1.311 pq=1:1 delta=-0.605 x=0.288 ratio=0.8702 dth=+1.355 gg=0.0058 fl=0.005 ret=0.960 shed=0.061 act=0.0208 flq=0.02
# PAIR t=40.0 p=9 d=1.343 pq=1:1 delta=-0.486 x=0.291 ratio=0.8785 dth=+0.789 gg=0.2315 fl=0.019 ret=0.970 shed=0.046 act=0.0755 flq=0.07
# PAIR t=40.0 p=10 d=1.078 pq=1:1 delta=-1.623 x=0.288 ratio=0.9088 dth=-1.679 gg=0.0000 fl=0.000 ret=0.959 shed=0.062 act=0.0000 flq=0.00
# PAIR t=40.0 p=11 d=1.239 pq=1:1 delta=-0.953 x=0.290 ratio=1.0052 dth=-0.928 gg=0.0000 fl=0.028 ret=0.968 shed=0.048 act=0.1027 flq=0.11
# PAIR t=40.0 p=12 d=1.334 pq=1:1 delta=-0.527 x=0.289 ratio=1.0940 dth=+2.069 gg=0.0000 fl=0.001 ret=0.964 shed=0.054 act=0.0054 flq=0.01
# PAIR t=40.0 p=13 d=1.103 pq=1:1 delta=-1.464 x=0.284 ratio=1.2277 dth=+1.623 gg=0.0024 fl=0.022 ret=0.946 shed=0.080 act=0.0715 flq=0.08
# PAIR t=40.0 p=14 d=1.539 pq=1:1 delta=+0.357 x=0.286 ratio=1.0080 dth=-0.178 gg=0.8801 fl=0.207 ret=0.957 shed=0.065 act=0.9546 flq=0.79
# PAIR t=40.0 p=15 d=1.036 pq=1:1 delta=-1.764 x=0.284 ratio=1.1991 dth=+2.182 gg=0.0000 fl=0.022 ret=0.947 shed=0.080 act=0.0675 flq=0.08
# PAIR t=40.0 p=16 d=1.486 pq=1:1 delta=+0.135 x=0.285 ratio=1.0073 dth=-0.059 gg=0.9817 fl=0.290 ret=0.953 shed=0.070 act=1.2927 flq=1.10
# PAIR t=40.0 p=17 d=1.264 pq=1:1 delta=-0.813 x=0.286 ratio=0.9107 dth=-0.656 gg=0.0035 fl=0.014 ret=0.953 shed=0.071 act=0.0522 flq=0.05
# PAIR t=40.0 p=18 d=1.110 pq=1:1 delta=-1.498 x=0.290 ratio=0.9175 dth=-1.134 gg=0.0000 fl=0.012 ret=0.966 shed=0.051 act=0.0396 flq=0.05
# PAIR t=40.0 p=19 d=1.281 pq=1:1 delta=-0.772 x=0.289 ratio=0.9991 dth=-0.690 gg=0.0034 fl=0.122 ret=0.966 shed=0.051 act=0.4699 flq=0.47
# PAIR t=40.0 p=20 d=1.454 pq=1:1 delta=-0.059 x=0.294 ratio=0.9996 dth=+0.055 gg=0.9938 fl=0.145 ret=0.986 shed=0.022 act=0.6331 flq=0.56
# PAIR t=40.0 p=21 d=1.535 pq=1:1 delta=+0.318 x=0.290 ratio=0.9921 dth=-0.205 gg=0.8960 fl=0.205 ret=0.968 shed=0.047 act=0.9445 flq=0.78
# PAIR t=40.0 p=22 d=1.040 pq=1:1 delta=-1.752 x=0.284 ratio=1.1989 dth=+2.171 gg=0.0000 fl=0.020 ret=0.949 shed=0.077 act=0.0629 flq=0.08
# PAIR t=40.0 p=23 d=1.470 pq=1:1 delta=+0.025 x=0.291 ratio=0.9926 dth=-0.023 gg=0.9989 fl=0.014 ret=0.975 shed=0.037 act=0.0606 flq=0.05
# PAIR t=40.0 p=24 d=1.296 pq=1:1 delta=-0.646 x=0.280 ratio=0.9121 dth=-2.598 gg=0.0000 fl=0.000 ret=0.934 shed=0.099 act=0.0000 flq=0.00
# PAIR t=40.0 p=25 d=1.374 pq=1:1 delta=-0.361 x=0.290 ratio=1.0840 dth=-0.126 gg=0.5998 fl=0.137 ret=0.967 shed=0.049 act=0.5665 flq=0.52
# PAIR t=40.0 p=26 d=1.327 pq=1:1 delta=-0.529 x=0.285 ratio=0.8887 dth=+2.667 gg=0.0000 fl=0.000 ret=0.949 shed=0.076 act=0.0000 flq=0.00
# PAIR t=40.0 p=27 d=1.216 pq=1:1 delta=-1.032 x=0.289 ratio=0.9003 dth=-0.715 gg=0.0003 fl=0.042 ret=0.964 shed=0.055 act=0.1550 flq=0.16
# PAIR t=40.0 p=28 d=1.519 pq=1:1 delta=+0.219 x=0.294 ratio=0.9885 dth=-0.135 gg=0.9505 fl=0.105 ret=0.985 shed=0.023 act=0.4779 flq=0.40
# PAIR t=40.0 p=29 d=1.433 pq=1:1 delta=-0.123 x=0.290 ratio=0.9962 dth=+0.057 gg=0.9849 fl=0.314 ret=0.970 shed=0.045 act=1.3489 flq=1.20
# PAIR t=40.0 p=30 d=1.380 pq=1:1 delta=-0.350 x=0.289 ratio=0.9749 dth=+0.123 gg=0.8748 fl=0.361 ret=0.969 shed=0.046 act=1.4948 flq=1.38
# PAIR t=40.0 p=31 d=1.343 pq=1:1 delta=-0.483 x=0.290 ratio=0.8906 dth=-0.497 gg=0.0821 fl=0.019 ret=0.966 shed=0.051 act=0.0758 flq=0.07
# PAIR t=40.0 p=32 d=1.081 pq=1:1 delta=-1.617 x=0.290 ratio=1.1166 dth=+2.850 gg=0.0000 fl=0.003 ret=0.966 shed=0.051 act=0.0105 flq=0.01
# PAIR t=40.0 p=33 d=1.363 pq=1:1 delta=-0.419 x=0.293 ratio=1.0974 dth=+0.862 gg=0.1450 fl=0.054 ret=0.976 shed=0.036 act=0.2190 flq=0.20
# PAIR t=40.0 p=34 d=1.495 pq=1:1 delta=+0.135 x=0.292 ratio=0.9615 dth=-0.160 gg=0.9489 fl=0.152 ret=0.977 shed=0.034 act=0.6830 flq=0.58
# PAIR t=40.0 p=35 d=1.063 pq=1:1 delta=-1.667 x=0.288 ratio=1.1855 dth=+2.124 gg=0.0000 fl=0.001 ret=0.960 shed=0.059 act=0.0046 flq=0.01
# PAIR t=40.0 p=36 d=1.182 pq=1:1 delta=-1.182 x=0.286 ratio=0.9623 dth=-0.784 gg=0.0000 fl=0.037 ret=0.956 shed=0.067 act=0.1303 flq=0.14
# PAIR t=40.0 p=37 d=1.251 pq=1:1 delta=-0.887 x=0.287 ratio=0.9628 dth=-0.896 gg=0.0001 fl=0.049 ret=0.958 shed=0.062 act=0.1849 flq=0.19
# PAIR t=40.0 p=38 d=1.362 pq=1:1 delta=-0.417 x=0.291 ratio=1.0849 dth=+0.874 gg=0.1351 fl=0.063 ret=0.969 shed=0.046 act=0.2561 flq=0.24
# PAIR t=40.0 p=39 d=1.105 pq=1:1 delta=-1.477 x=0.281 ratio=1.1107 dth=-0.866 gg=0.0000 fl=0.014 ret=0.937 shed=0.095 act=0.0460 flq=0.05
# PAIR t=40.0 p=40 d=1.550 pq=1:1 delta=+0.408 x=0.287 ratio=1.0742 dth=+0.070 gg=0.6250 fl=0.072 ret=0.958 shed=0.062 act=0.3351 flq=0.27
# PAIR t=40.0 p=41 d=1.381 pq=1:1 delta=+0.101 x=0.211 ratio=0.9913 dth=-0.062 gg=0.9894 fl=0.292 ret=0.708 shed=0.438 act=1.2081 flq=1.03
# PAIR t=40.0 p=42 d=1.280 pq=1:1 delta=-0.766 x=0.292 ratio=1.1335 dth=+1.449 gg=0.0038 fl=0.009 ret=0.974 shed=0.039 act=0.0331 flq=0.03
# PAIR t=40.0 p=43 d=1.112 pq=1:1 delta=-1.482 x=0.289 ratio=0.9117 dth=-1.538 gg=0.0000 fl=0.001 ret=0.963 shed=0.055 act=0.0044 flq=0.01
# PAIR t=40.0 p=44 d=1.100 pq=1:1 delta=-1.487 x=0.280 ratio=1.1458 dth=+2.604 gg=0.0000 fl=0.004 ret=0.933 shed=0.101 act=0.0123 flq=0.01
# PAIR t=40.0 p=45 d=1.351 pq=1:1 delta=-0.477 x=0.291 ratio=1.0419 dth=-0.604 gg=0.0407 fl=0.099 ret=0.972 shed=0.042 act=0.4014 flq=0.38
# PAIR t=40.0 p=46 d=1.425 pq=1:1 delta=-0.172 x=0.292 ratio=0.9886 dth=+0.065 gg=0.9691 fl=0.258 ret=0.978 shed=0.033 act=1.1042 flq=0.99
# PAIR t=40.0 p=47 d=1.531 pq=1:1 delta=+0.298 x=0.290 ratio=1.0112 dth=-0.141 gg=0.9147 fl=0.423 ret=0.971 shed=0.043 act=1.9455 flq=1.62
# PAIR t=40.0 p=48 d=1.481 pq=1:1 delta=+0.090 x=0.288 ratio=0.9999 dth=-0.046 gg=0.9919 fl=0.382 ret=0.964 shed=0.053 act=1.6977 flq=1.46
# PAIR t=40.0 p=49 d=1.220 pq=1:1 delta=-0.991 x=0.290 ratio=0.8331 dth=+0.941 gg=0.1579 fl=0.007 ret=0.967 shed=0.049 act=0.0260 flq=0.03
# PAIR t=40.0 p=50 d=1.357 pq=1:1 delta=-0.409 x=0.289 ratio=1.1633 dth=-0.085 gg=0.6013 fl=0.018 ret=0.965 shed=0.053 act=0.0716 flq=0.07
# PAIR t=40.0 p=51 d=1.037 pq=1:1 delta=-1.726 x=0.281 ratio=1.2542 dth=+1.971 gg=0.0001 fl=0.014 ret=0.936 shed=0.095 act=0.0422 flq=0.05
# PAIR t=40.0 p=52 d=1.091 pq=1:1 delta=-1.564 x=0.291 ratio=1.1741 dth=-0.424 gg=0.0000 fl=0.014 ret=0.970 shed=0.045 act=0.0445 flq=0.05
# PAIR t=40.0 p=53 d=1.051 pq=1:1 delta=-1.762 x=0.293 ratio=1.1104 dth=+2.653 gg=0.0000 fl=0.032 ret=0.976 shed=0.036 act=0.1016 flq=0.12
# PAIR t=40.0 p=54 d=1.087 pq=1:1 delta=-1.596 x=0.290 ratio=1.0920 dth=-1.216 gg=0.0000 fl=0.002 ret=0.968 shed=0.049 act=0.0063 flq=0.01
# PAIR t=40.0 p=55 d=1.359 pq=1:1 delta=-0.439 x=0.293 ratio=1.0949 dth=+0.877 gg=0.1383 fl=0.028 ret=0.977 shed=0.035 act=0.1155 flq=0.11
# PAIR t=40.0 p=56 d=1.330 pq=1:1 delta=-0.541 x=0.293 ratio=0.8508 dth=+0.109 gg=0.6706 fl=0.031 ret=0.978 shed=0.033 act=0.1232 flq=0.12
# PAIR t=40.0 p=57 d=1.210 pq=1:1 delta=-1.017 x=0.286 ratio=0.8293 dth=+0.004 gg=0.1167 fl=0.025 ret=0.955 shed=0.067 act=0.0902 flq=0.09
# PAIR t=40.0 p=58 d=1.281 pq=1:1 delta=-0.778 x=0.295 ratio=1.1247 dth=+1.290 gg=0.0163 fl=0.037 ret=0.985 shed=0.023 act=0.1419 flq=0.14
# PAIR t=40.0 p=59 d=1.546 pq=1:1 delta=+0.345 x=0.294 ratio=1.0172 dth=-0.014 gg=0.8027 fl=0.038 ret=0.982 shed=0.028 act=0.1752 flq=0.14
50.000	18658.2759	78.9987835	744.534053	10.8858028	19492.6945625	0.000e+00	111219	14.442	15.812	15.261	0.022	25.2377	0.8474	-0.020231	0.8495	0.9975	1.64994	1.64705
# PAIR t=50.0 p=0 d=1.281 pq=1:1 delta=-0.732 x=0.288 ratio=0.8533 dth=+0.868 gg=0.2027 fl=0.017 ret=0.962 shed=0.058 act=0.0641 flq=0.06
# PAIR t=50.0 p=1 d=1.229 pq=1:1 delta=-0.982 x=0.288 ratio=0.9490 dth=+1.777 gg=0.0002 fl=0.027 ret=0.961 shed=0.059 act=0.0996 flq=0.10
# PAIR t=50.0 p=2 d=1.286 pq=1:1 delta=-0.744 x=0.292 ratio=0.9014 dth=-1.018 gg=0.0001 fl=0.008 ret=0.974 shed=0.040 act=0.0290 flq=0.03
# PAIR t=50.0 p=3 d=1.478 pq=1:1 delta=+0.062 x=0.291 ratio=0.9987 dth=-0.038 gg=0.9959 fl=0.349 ret=0.975 shed=0.038 act=1.5465 flq=1.33
# PAIR t=50.0 p=4 d=1.467 pq=1:1 delta=+0.019 x=0.291 ratio=0.9977 dth=-0.008 gg=0.9996 fl=0.283 ret=0.973 shed=0.041 act=1.2442 flq=1.08
# PAIR t=50.0 p=5 d=1.467 pq=1:1 delta=+0.002 x=0.293 ratio=0.9985 dth=-0.003 gg=1.0000 fl=0.444 ret=0.981 shed=0.028 act=1.9530 flq=1.70
# PAIR t=50.0 p=6 d=1.025 pq=1:1 delta=-1.756 x=0.275 ratio=0.8006 dth=+0.277 gg=0.0068 fl=0.002 ret=0.916 shed=0.126 act=0.0047 flq=0.01
# PAIR t=50.0 p=7 d=1.421 pq=1:1 delta=-0.170 x=0.288 ratio=0.9965 dth=+0.086 gg=0.9714 fl=0.347 ret=0.967 shed=0.050 act=1.4796 flq=1.32
# PAIR t=50.0 p=8 d=1.311 pq=1:1 delta=-0.614 x=0.284 ratio=1.0206 dth=-0.841 gg=0.0022 fl=0.104 ret=0.948 shed=0.078 act=0.4088 flq=0.39
# PAIR t=50.0 p=9 d=1.343 pq=1:1 delta=-0.475 x=0.289 ratio=1.1443 dth=+0.664 gg=0.3785 fl=0.042 ret=0.963 shed=0.055 act=0.1708 flq=0.16
# PAIR t=50.0 p=10 d=1.078 pq=1:1 delta=-1.609 x=0.286 ratio=0.8868 dth=+2.423 gg=0.0000 fl=0.006 ret=0.952 shed=0.072 act=0.0209 flq=0.02
# PAIR t=50.0 p=11 d=1.239 pq=1:1 delta=-0.942 x=0.287 ratio=1.0119 dth=+1.690 gg=0.0005 fl=0.050 ret=0.960 shed=0.060 act=0.1854 flq=0.19
# PAIR t=50.0 p=12 d=1.334 pq=1:1 delta=-0.510 x=0.286 ratio=1.0961 dth=-2.302 gg=0.0000 fl=0.000 ret=0.953 shed=0.071 act=0.0000 flq=0.00
# PAIR t=50.0 p=13 d=1.103 pq=1:1 delta=-1.469 x=0.280 ratio=0.8555 dth=+1.792 gg=0.0004 fl=0.026 ret=0.935 shed=0.098 act=0.0856 flq=0.10
# PAIR t=50.0 p=14 d=1.539 pq=1:1 delta=+0.383 x=0.283 ratio=1.0345 dth=-0.050 gg=0.7965 fl=0.067 ret=0.943 shed=0.085 act=0.3100 flq=0.25
# PAIR t=50.0 p=15 d=1.036 pq=1:1 delta=-1.776 x=0.279 ratio=0.9170 dth=-0.592 gg=0.0000 fl=0.009 ret=0.933 shed=0.101 act=0.0288 flq=0.03
# PAIR t=50.0 p=16 d=1.486 pq=1:1 delta=+0.154 x=0.281 ratio=0.9998 dth=-0.088 gg=0.9762 fl=0.156 ret=0.943 shed=0.086 act=0.6957 flq=0.59
# PAIR t=50.0 p=17 d=1.264 pq=1:1 delta=-0.802 x=0.283 ratio=1.0782 dth=+1.787 gg=0.0001 fl=0.002 ret=0.943 shed=0.085 act=0.0062 flq=0.01
# PAIR t=50.0 p=18 d=1.110 pq=1:1 delta=-1.495 x=0.288 ratio=0.9476 dth=-2.242 gg=0.0000 fl=0.000 ret=0.959 shed=0.062 act=0.0000 flq=0.00
# PAIR t=50.0 p=19 d=1.281 pq=1:1 delta=-0.723 x=0.287 ratio=0.8496 dth=+0.932 gg=0.1507 fl=0.018 ret=0.957 shed=0.065 act=0.0695 flq=0.07
# PAIR t=50.0 p=20 d=1.454 pq=1:1 delta=-0.053 x=0.294 ratio=0.9773 dth=+0.011 gg=0.9962 fl=0.073 ret=0.982 shed=0.026 act=0.3186 flq=0.28
# PAIR t=50.0 p=21 d=1.535 pq=1:1 delta=+0.334 x=0.288 ratio=0.9658 dth=-0.304 gg=0.8293 fl=0.066 ret=0.960 shed=0.060 act=0.3020 flq=0.25
# PAIR t=50.0 p=22 d=1.040 pq=1:1 delta=-1.750 x=0.282 ratio=0.8510 dth=-0.699 gg=0.0000 fl=0.002 ret=0.941 shed=0.089 act=0.0072 flq=0.01
# PAIR t=50.0 p=23 d=1.470 pq=1:1 delta=+0.035 x=0.289 ratio=0.9939 dth=-0.026 gg=0.9985 fl=0.352 ret=0.969 shed=0.046 act=1.5511 flq=1.34
# PAIR t=50.0 p=24 d=1.296 pq=1:1 delta=-0.623 x=0.276 ratio=0.9049 dth=+1.640 gg=0.0003 fl=0.005 ret=0.921 shed=0.118 act=0.0179 flq=0.02
# PAIR t=50.0 p=25 d=1.374 pq=1:1 delta=-0.357 x=0.286 ratio=1.0175 dth=-0.294 gg=0.3542 fl=0.091 ret=0.959 shed=0.062 act=0.3771 flq=0.35
# PAIR t=50.0 p=26 d=1.327 pq=1:1 delta=-0.498 x=0.281 ratio=0.8642 dth=-0.400 gg=0.1363 fl=0.016 ret=0.936 shed=0.096 act=0.0626 flq=0.06
# PAIR t=50.0 p=27 d=1.216 pq=1:1 delta=-1.037 x=0.286 ratio=0.9696 dth=+1.697 gg=0.0005 fl=0.176 ret=0.957 shed=0.064 act=0.6420 flq=0.67
# PAIR t=50.0 p=28 d=1.519 pq=1:1 delta=+0.226 x=0.293 ratio=0.9825 dth=-0.181 gg=0.9326 fl=0.256 ret=0.981 shed=0.029 act=1.1645 flq=0.98
# PAIR t=50.0 p=29 d=1.433 pq=1:1 delta=-0.110 x=0.287 ratio=0.9896 dth=+0.045 gg=0.9876 fl=0.267 ret=0.962 shed=0.057 act=1.1492 flq=1.02
# PAIR t=50.0 p=30 d=1.380 pq=1:1 delta=-0.338 x=0.286 ratio=0.9985 dth=+0.217 gg=0.8835 fl=0.121 ret=0.961 shed=0.059 act=0.5007 flq=0.46
# PAIR t=50.0 p=31 d=1.343 pq=1:1 delta=-0.479 x=0.286 ratio=1.0705 dth=+1.163 gg=0.0217 fl=0.047 ret=0.956 shed=0.067 act=0.1899 flq=0.18
# PAIR t=50.0 p=32 d=1.081 pq=1:1 delta=-1.611 x=0.288 ratio=1.1144 dth=-1.197 gg=0.0000 fl=0.003 ret=0.961 shed=0.059 act=0.0082 flq=0.01
# PAIR t=50.0 p=33 d=1.363 pq=1:1 delta=-0.406 x=0.291 ratio=1.1208 dth=-0.269 gg=0.3421 fl=0.010 ret=0.971 shed=0.044 act=0.0412 flq=0.04
# PAIR t=50.0 p=34 d=1.495 pq=1:1 delta=+0.147 x=0.289 ratio=0.9923 dth=-0.102 gg=0.9754 fl=0.130 ret=0.969 shed=0.047 act=0.5814 flq=0.49
# PAIR t=50.0 p=35 d=1.063 pq=1:1 delta=-1.682 x=0.286 ratio=1.0949 dth=-2.144 gg=0.0000 fl=0.000 ret=0.953 shed=0.070 act=0.0000 flq=0.00
# PAIR t=50.0 p=36 d=1.182 pq=1:1 delta=-1.169 x=0.284 ratio=0.9416 dth=+1.753 gg=0.0004 fl=0.130 ret=0.948 shed=0.078 act=0.4617 flq=0.49
# PAIR t=50.0 p=37 d=1.251 pq=1:1 delta=-0.873 x=0.284 ratio=1.0363 dth=+1.741 gg=0.0002 fl=0.050 ret=0.949 shed=0.077 act=0.1885 flq=0.19
# PAIR t=50.0 p=38 d=1.362 pq=1:1 delta=-0.387 x=0.288 ratio=1.1429 dth=+0.259 gg=0.8460 fl=0.012 ret=0.961 shed=0.059 act=0.0470 flq=0.04
# PAIR t=50.0 p=39 d=1.105 pq=1:1 delta=-1.468 x=0.277 ratio=1.0671 dth=+2.406 gg=0.0000 fl=0.030 ret=0.924 shed=0.113 act=0.1005 flq=0.11
# PAIR t=50.0 p=40 d=1.550 pq=1:1 delta=+0.105 x=0.339 ratio=1.0023 dth=+1.055 gg=0.0055 fl=0.002 ret=1.131 shed=-0.197 act=0.0072 flq=0.01
# PAIR t=50.0 p=41 d=1.381 pq=1:1 delta=+0.115 x=0.209 ratio=0.9916 dth=-0.073 gg=0.9858 fl=0.345 ret=0.700 shed=0.450 act=1.4289 flq=1.22
# PAIR t=50.0 p=42 d=1.280 pq=1:1 delta=-0.772 x=0.290 ratio=1.0568 dth=+2.730 gg=0.0000 fl=0.000 ret=0.966 shed=0.050 act=0.0000 flq=0.00
# PAIR t=50.0 p=43 d=1.112 pq=1:1 delta=-1.473 x=0.287 ratio=0.9101 dth=+2.762 gg=0.0000 fl=0.002 ret=0.956 shed=0.066 act=0.0063 flq=0.01
# PAIR t=50.0 p=44 d=1.100 pq=1:1 delta=-1.469 x=0.276 ratio=1.1546 dth=-0.831 gg=0.0000 fl=0.007 ret=0.921 shed=0.119 act=0.0215 flq=0.02
# PAIR t=50.0 p=45 d=1.351 pq=1:1 delta=-0.436 x=0.290 ratio=0.8564 dth=+0.601 gg=0.4552 fl=0.034 ret=0.966 shed=0.051 act=0.1359 flq=0.13
# PAIR t=50.0 p=46 d=1.425 pq=1:1 delta=-0.164 x=0.291 ratio=1.0015 dth=+0.091 gg=0.9732 fl=0.258 ret=0.973 shed=0.041 act=1.1026 flq=0.98
# PAIR t=50.0 p=47 d=1.531 pq=1:1 delta=+0.312 x=0.287 ratio=1.0078 dth=-0.169 gg=0.9068 fl=0.226 ret=0.963 shed=0.056 act=1.0379 flq=0.86
# PAIR t=50.0 p=48 d=1.481 pq=1:1 delta=+0.110 x=0.284 ratio=0.9974 dth=-0.064 gg=0.9876 fl=0.216 ret=0.953 shed=0.070 act=0.9585 flq=0.82
# PAIR t=50.0 p=49 d=1.220 pq=1:1 delta=-0.977 x=0.288 ratio=1.2138 dth=+0.366 gg=0.3579 fl=0.007 ret=0.962 shed=0.057 act=0.0274 flq=0.03
# PAIR t=50.0 p=50 d=1.357 pq=1:1 delta=-0.401 x=0.286 ratio=0.8751 dth=-0.116 gg=0.5667 fl=0.046 ret=0.955 shed=0.067 act=0.1879 flq=0.17
# PAIR t=50.0 p=51 d=1.037 pq=1:1 delta=-1.727 x=0.278 ratio=1.2163 dth=-0.506 gg=0.0000 fl=0.002 ret=0.926 shed=0.111 act=0.0052 flq=0.01
# PAIR t=50.0 p=52 d=1.091 pq=1:1 delta=-1.501 x=0.285 ratio=0.7861 dth=+1.190 gg=0.0403 fl=0.007 ret=0.950 shed=0.075 act=0.0233 flq=0.03
# PAIR t=50.0 p=53 d=1.051 pq=1:1 delta=-1.757 x=0.291 ratio=0.9090 dth=-0.824 gg=0.0000 fl=0.010 ret=0.971 shed=0.044 act=0.0306 flq=0.04
# PAIR t=50.0 p=54 d=1.087 pq=1:1 delta=-1.578 x=0.288 ratio=1.1318 dth=+2.358 gg=0.0000 fl=0.017 ret=0.960 shed=0.060 act=0.0539 flq=0.06
# PAIR t=50.0 p=55 d=1.359 pq=1:1 delta=-0.439 x=0.291 ratio=1.0395 dth=-0.576 gg=0.0590 fl=0.124 ret=0.970 shed=0.044 act=0.5071 flq=0.47
# PAIR t=50.0 p=56 d=1.330 pq=1:1 delta=-0.536 x=0.292 ratio=1.1673 dth=+0.324 gg=0.7401 fl=0.012 ret=0.973 shed=0.040 act=0.0485 flq=0.05
# PAIR t=50.0 p=57 d=1.210 pq=1:1 delta=-1.023 x=0.285 ratio=1.1711 dth=+2.051 gg=0.0000 fl=0.015 ret=0.949 shed=0.076 act=0.0560 flq=0.06
# PAIR t=50.0 p=58 d=1.281 pq=1:1 delta=-0.781 x=0.294 ratio=0.9159 dth=-0.949 gg=0.0002 fl=0.011 ret=0.981 shed=0.029 act=0.0432 flq=0.04
# PAIR t=50.0 p=59 d=1.546 pq=1:1 delta=+0.352 x=0.293 ratio=1.0296 dth=+0.132 gg=0.6025 fl=0.002 ret=0.978 shed=0.033 act=0.0097 flq=0.01
60.000	18658.2759	80.1892626	744.534053	9.69532375	19492.6945625	0.000e+00	111219	14.468	15.778	15.260	0.024	25.3366	0.8474	-0.020231	0.8495	0.9975	1.64992	1.64704
# PAIR t=60.0 p=0 d=1.281 pq=1:1 delta=-0.710 x=0.286 ratio=1.2022 dth=+0.476 gg=0.5671 fl=0.005 ret=0.955 shed=0.067 act=0.0196 flq=0.02
# PAIR t=60.0 p=1 d=1.229 pq=1:1 delta=-0.944 x=0.286 ratio=1.1654 dth=-0.382 gg=0.0166 fl=0.012 ret=0.953 shed=0.070 act=0.0438 flq=0.04
# PAIR t=60.0 p=2 d=1.286 pq=1:1 delta=-0.742 x=0.291 ratio=0.9169 dth=-2.861 gg=0.0000 fl=0.000 ret=0.969 shed=0.047 act=0.0000 flq=0.00
# PAIR t=60.0 p=3 d=1.478 pq=1:1 delta=+0.070 x=0.289 ratio=0.9992 dth=-0.038 gg=0.9950 fl=0.249 ret=0.970 shed=0.045 act=1.1049 flq=0.95
# PAIR t=60.0 p=4 d=1.467 pq=1:1 delta=+0.028 x=0.289 ratio=1.0099 dth=-0.001 gg=0.9986 fl=0.191 ret=0.967 shed=0.049 act=0.8403 flq=0.73
# PAIR t=60.0 p=5 d=1.467 pq=1:1 delta=+0.008 x=0.291 ratio=0.9981 dth=-0.012 gg=0.9997 fl=0.328 ret=0.978 shed=0.033 act=1.4425 flq=1.25
# PAIR t=60.0 p=6 d=1.025 pq=1:1 delta=-1.792 x=0.272 ratio=0.9112 dth=-2.154 gg=0.0000 fl=0.000 ret=0.908 shed=0.139 act=0.0000 flq=0.00
# PAIR t=60.0 p=7 d=1.421 pq=1:1 delta=-0.161 x=0.287 ratio=0.9980 dth=+0.082 gg=0.9743 fl=0.318 ret=0.961 shed=0.059 act=1.3546 flq=1.21
# PAIR t=60.0 p=8 d=1.311 pq=1:1 delta=-0.557 x=0.282 ratio=0.8353 dth=+0.342 gg=0.7205 fl=0.019 ret=0.941 shed=0.089 act=0.0767 flq=0.07
# PAIR t=60.0 p=9 d=1.343 pq=1:1 delta=-0.485 x=0.286 ratio=1.0325 dth=-0.601 gg=0.0400 fl=0.021 ret=0.954 shed=0.069 act=0.0863 flq=0.08
# PAIR t=60.0 p=10 d=1.078 pq=1:1 delta=-1.602 x=0.283 ratio=0.9016 dth=-1.136 gg=0.0000 fl=0.007 ret=0.943 shed=0.085 act=0.0234 flq=0.03
# PAIR t=60.0 p=11 d=1.239 pq=1:1 delta=-0.923 x=0.286 ratio=0.9249 dth=-1.178 gg=0.0000 fl=0.005 ret=0.952 shed=0.072 act=0.0172 flq=0.02
# PAIR t=60.0 p=12 d=1.334 pq=1:1 delta=-0.470 x=0.282 ratio=1.1661 dth=-0.001 gg=0.6385 fl=0.031 ret=0.941 shed=0.088 act=0.1255 flq=0.12
# PAIR t=60.0 p=13 d=1.103 pq=1:1 delta=-1.432 x=0.277 ratio=1.2299 dth=+0.143 gg=0.0267 fl=0.014 ret=0.922 shed=0.116 act=0.0449 flq=0.05
# PAIR t=60.0 p=14 d=1.539 pq=1:1 delta=+0.409 x=0.279 ratio=1.0637 dth=+0.205 gg=0.4268 fl=0.063 ret=0.931 shed=0.103 act=0.2926 flq=0.24
# PAIR t=60.0 p=15 d=1.036 pq=1:1 delta=-1.737 x=0.273 ratio=1.1384 dth=-3.074 gg=0.0000 fl=0.002 ret=0.910 shed=0.135 act=0.0053 flq=0.01
# PAIR t=60.0 p=16 d=1.486 pq=1:1 delta=+0.172 x=0.399 ratio=1.0005 dth=-0.104 gg=0.9695 fl=0.000 ret=0.931 shed=0.103 act=0.0000 flq=0.00
# PAIR t=60.0 p=17 d=1.264 pq=1:1 delta=-0.754 x=0.280 ratio=0.8387 dth=-0.037 gg=0.2752 fl=0.030 ret=0.934 shed=0.099 act=0.1142 flq=0.11
# PAIR t=60.0 p=18 d=1.110 pq=1:1 delta=-1.485 x=0.286 ratio=0.9426 dth=+2.840 gg=0.0000 fl=0.003 ret=0.952 shed=0.072 act=0.0085 flq=0.01
# PAIR t=60.0 p=19 d=1.281 pq=1:1 delta=-0.696 x=0.285 ratio=1.2139 dth=+0.641 gg=0.4304 fl=0.006 ret=0.950 shed=0.076 act=0.0228 flq=0.02
# PAIR t=60.0 p=20 d=1.454 pq=1:1 delta=-0.048 x=0.292 ratio=0.9979 dth=+0.024 gg=0.9977 fl=0.036 ret=0.978 shed=0.032 act=0.1580 flq=0.14
# PAIR t=60.0 p=21 d=1.535 pq=1:1 delta=+0.353 x=0.285 ratio=0.9477 dth=-0.554 gg=0.4959 fl=0.074 ret=0.951 shed=0.073 act=0.3396 flq=0.28
# PAIR t=60.0 p=22 d=1.040 pq=1:1 delta=-1.749 x=0.279 ratio=0.8803 dth=+2.921 gg=0.0000 fl=0.003 ret=0.930 shed=0.104 act=0.0079 flq=0.01
# PAIR t=60.0 p=23 d=1.470 pq=1:1 delta=+0.046 x=0.287 ratio=0.9965 dth=-0.028 gg=0.9978 fl=0.257 ret=0.963 shed=0.056 act=1.1311 flq=0.98
# PAIR t=60.0 p=24 d=1.296 pq=1:1 delta=-0.582 x=0.273 ratio=1.1782 dth=-0.286 gg=0.1788 fl=0.005 ret=0.910 shed=0.135 act=0.0211 flq=0.02
# PAIR t=60.0 p=25 d=1.374 pq=1:1 delta=-0.323 x=0.284 ratio=0.9008 dth=-0.355 gg=0.3039 fl=0.033 ret=0.947 shed=0.079 act=0.1346 flq=0.12
# PAIR t=60.0 p=26 d=1.327 pq=1:1 delta=-0.492 x=0.277 ratio=1.1222 dth=+1.057 gg=0.0500 fl=0.044 ret=0.925 shed=0.113 act=0.1734 flq=0.16
# PAIR t=60.0 p=27 d=1.216 pq=1:1 delta=-0.982 x=0.285 ratio=1.2090 dth=-0.090 gg=0.0875 fl=0.006 ret=0.952 shed=0.072 act=0.0205 flq=0.02
# PAIR t=60.0 p=28 d=1.519 pq=1:1 delta=+0.233 x=0.292 ratio=0.9867 dth=-0.171 gg=0.9359 fl=0.146 ret=0.977 shed=0.035 act=0.6632 flq=0.56
# PAIR t=60.0 p=29 d=1.433 pq=1:1 delta=-0.096 x=0.285 ratio=0.9992 dth=+0.041 gg=0.9906 fl=0.267 ret=0.954 shed=0.070 act=1.1496 flq=1.02
# PAIR t=60.0 p=30 d=1.380 pq=1:1 delta=-0.324 x=0.284 ratio=0.9851 dth=+0.130 gg=0.8968 fl=0.224 ret=0.952 shed=0.072 act=0.9269 flq=0.85
# PAIR t=60.0 p=31 d=1.343 pq=1:1 delta=-0.454 x=0.285 ratio=1.1293 dth=-0.466 gg=0.1117 fl=0.004 ret=0.949 shed=0.077 act=0.0176 flq=0.02
# PAIR t=60.0 p=32 d=1.081 pq=1:1 delta=-1.600 x=0.284 ratio=1.0971 dth=+2.431 gg=0.0000 fl=0.029 ret=0.949 shed=0.077 act=0.0949 flq=0.11
# PAIR t=60.0 p=33 d=1.363 pq=1:1 delta=-0.395 x=0.289 ratio=0.8892 dth=-0.036 gg=0.6859 fl=0.027 ret=0.965 shed=0.052 act=0.1100 flq=0.10
# PAIR t=60.0 p=34 d=1.495 pq=1:1 delta=+0.157 x=0.372 ratio=0.9772 dth=-0.130 gg=0.9652 fl=0.000 ret=0.963 shed=0.055 act=0.0000 flq=0.00
# PAIR t=60.0 p=35 d=1.063 pq=1:1 delta=-1.624 x=0.284 ratio=1.2528 dth=+0.587 gg=0.0522 fl=0.006 ret=0.945 shed=0.082 act=0.0201 flq=0.02
# PAIR t=60.0 p=36 d=1.182 pq=1:1 delta=-1.142 x=0.282 ratio=0.8865 dth=-1.641 gg=0.0000 fl=0.000 ret=0.939 shed=0.092 act=0.0000 flq=0.00
# PAIR t=60.0 p=37 d=1.251 pq=1:1 delta=-0.857 x=0.281 ratio=1.0530 dth=-0.595 gg=0.0047 fl=0.120 ret=0.939 shed=0.092 act=0.4491 flq=0.45
# PAIR t=60.0 p=38 d=1.362 pq=1:1 delta=-0.394 x=0.286 ratio=0.9290 dth=-0.457 gg=0.1471 fl=0.035 ret=0.953 shed=0.070 act=0.1426 flq=0.13
# PAIR t=60.0 p=39 d=1.105 pq=1:1 delta=-1.439 x=0.273 ratio=0.8929 dth=-1.066 gg=0.0000 fl=0.009 ret=0.909 shed=0.136 act=0.0307 flq=0.03
# PAIR t=60.0 p=40 d=1.550 pq=1:1 delta=+0.120 x=0.335 ratio=0.9837 dth=-0.127 gg=0.9682 fl=0.175 ret=1.122 shed=-0.183 act=0.8153 flq=0.70
# PAIR t=60.0 p=41 d=1.381 pq=1:1 delta=+0.130 x=0.206 ratio=1.0139 dth=-0.054 gg=0.9828 fl=0.372 ret=0.692 shed=0.462 act=1.5418 flq=1.31
# PAIR t=60.0 p=42 d=1.280 pq=1:1 delta=-0.762 x=0.288 ratio=1.0588 dth=-2.347 gg=0.0000 fl=0.000 ret=0.960 shed=0.060 act=0.0000 flq=0.00
# PAIR t=60.0 p=43 d=1.112 pq=1:1 delta=-1.456 x=0.284 ratio=0.8867 dth=-0.760 gg=0.0000 fl=0.022 ret=0.948 shed=0.078 act=0.0750 flq=0.08
# PAIR t=60.0 p=44 d=1.100 pq=1:1 delta=-1.466 x=0.273 ratio=1.1088 dth=+2.737 gg=0.0000 fl=0.004 ret=0.909 shed=0.137 act=0.0139 flq=0.02
# PAIR t=60.0 p=45 d=1.351 pq=1:1 delta=-0.435 x=0.287 ratio=1.1381 dth=+0.684 gg=0.3402 fl=0.009 ret=0.959 shed=0.062 act=0.0367 flq=0.03
# PAIR t=60.0 p=46 d=1.425 pq=1:1 delta=-0.154 x=0.289 ratio=1.0063 dth=+0.105 gg=0.9734 fl=0.237 ret=0.967 shed=0.050 act=1.0128 flq=0.90
# PAIR t=60.0 p=47 d=1.531 pq=1:1 delta=+0.325 x=0.286 ratio=1.0157 dth=-0.143 gg=0.8985 fl=0.392 ret=0.956 shed=0.066 act=1.7992 flq=1.49
# PAIR t=60.0 p=48 d=1.481 pq=1:1 delta=+0.125 x=0.439 ratio=1.0032 dth=-0.082 gg=0.9829 fl=0.000 ret=0.945 shed=0.083 act=0.0000 flq=0.00
# PAIR t=60.0 p=49 d=1.220 pq=1:1 delta=-0.967 x=0.287 ratio=0.8234 dth=+0.522 gg=0.3862 fl=0.009 ret=0.955 shed=0.068 act=0.0314 flq=0.03
# PAIR t=60.0 p=50 d=1.357 pq=1:1 delta=-0.385 x=0.284 ratio=0.8671 dth=+0.603 gg=0.4341 fl=0.005 ret=0.947 shed=0.079 act=0.0203 flq=0.02
# PAIR t=60.0 p=51 d=1.037 pq=1:1 delta=-1.720 x=0.272 ratio=1.1641 dth=-2.646 gg=0.0000 fl=0.000 ret=0.906 shed=0.142 act=0.0001 flq=0.00
# PAIR t=60.0 p=52 d=1.091 pq=1:1 delta=-1.518 x=0.282 ratio=0.8370 dth=-3.035 gg=0.0000 fl=0.000 ret=0.938 shed=0.092 act=0.0000 flq=0.00
# PAIR t=60.0 p=53 d=1.051 pq=1:1 delta=-1.740 x=0.290 ratio=1.1504 dth=+2.939 gg=0.0000 fl=0.006 ret=0.967 shed=0.050 act=0.0177 flq=0.02
# PAIR t=60.0 p=54 d=1.087 pq=1:1 delta=-1.555 x=0.286 ratio=0.8438 dth=-0.440 gg=0.0000 fl=0.023 ret=0.954 shed=0.069 act=0.0740 flq=0.09
# PAIR t=60.0 p=55 d=1.359 pq=1:1 delta=-0.405 x=0.289 ratio=0.8724 dth=+0.214 gg=0.8480 fl=0.007 ret=0.965 shed=0.053 act=0.0265 flq=0.02
# PAIR t=60.0 p=56 d=1.330 pq=1:1 delta=-0.540 x=0.290 ratio=0.8840 dth=-0.299 gg=0.1953 fl=0.039 ret=0.968 shed=0.049 act=0.1556 flq=0.15
# PAIR t=60.0 p=57 d=1.210 pq=1:1 delta=-1.015 x=0.282 ratio=1.1588 dth=-1.123 gg=0.0000 fl=0.001 ret=0.941 shed=0.088 act=0.0022 flq=0.00
# PAIR t=60.0 p=58 d=1.281 pq=1:1 delta=-0.784 x=0.293 ratio=1.0320 dth=-1.161 gg=0.0000 fl=0.004 ret=0.977 shed=0.035 act=0.0136 flq=0.01
# PAIR t=60.0 p=59 d=1.546 pq=1:1 delta=+0.362 x=0.292 ratio=1.0472 dth=+0.602 gg=0.0695 fl=0.005 ret=0.973 shed=0.040 act=0.0222 flq=0.02
# RESULT conservation E0=19492.6945625 Efinal=19492.6945625 rel_drift=0.000e+00
# RESULT roughness_radiated=0.388619 (dissonant dense deliveries converted to field, conserved)
# RESULT curvature_fit defA_per_Em=0.00989 r2=0.0335 (linear defect ~ converted energy)
# PAIR t=60.0 p=0 d=1.281 pq=1:1 delta=-0.710 x=0.286 ratio=1.2022 dth=+0.476 gg=0.5671 fl=0.005 ret=0.955 shed=0.067 act=0.0196 flq=0.02
# PAIR t=60.0 p=1 d=1.229 pq=1:1 delta=-0.944 x=0.286 ratio=1.1654 dth=-0.382 gg=0.0166 fl=0.012 ret=0.953 shed=0.070 act=0.0438 flq=0.04
# PAIR t=60.0 p=2 d=1.286 pq=1:1 delta=-0.742 x=0.291 ratio=0.9169 dth=-2.861 gg=0.0000 fl=0.000 ret=0.969 shed=0.047 act=0.0000 flq=0.00
# PAIR t=60.0 p=3 d=1.478 pq=1:1 delta=+0.070 x=0.289 ratio=0.9992 dth=-0.038 gg=0.9950 fl=0.249 ret=0.970 shed=0.045 act=1.1049 flq=0.95
# PAIR t=60.0 p=4 d=1.467 pq=1:1 delta=+0.028 x=0.289 ratio=1.0099 dth=-0.001 gg=0.9986 fl=0.191 ret=0.967 shed=0.049 act=0.8403 flq=0.73
# PAIR t=60.0 p=5 d=1.467 pq=1:1 delta=+0.008 x=0.291 ratio=0.9981 dth=-0.012 gg=0.9997 fl=0.328 ret=0.978 shed=0.033 act=1.4425 flq=1.25
# PAIR t=60.0 p=6 d=1.025 pq=1:1 delta=-1.792 x=0.272 ratio=0.9112 dth=-2.154 gg=0.0000 fl=0.000 ret=0.908 shed=0.139 act=0.0000 flq=0.00
# PAIR t=60.0 p=7 d=1.421 pq=1:1 delta=-0.161 x=0.287 ratio=0.9980 dth=+0.082 gg=0.9743 fl=0.318 ret=0.961 shed=0.059 act=1.3546 flq=1.21
# PAIR t=60.0 p=8 d=1.311 pq=1:1 delta=-0.557 x=0.282 ratio=0.8353 dth=+0.342 gg=0.7205 fl=0.019 ret=0.941 shed=0.089 act=0.0767 flq=0.07
# PAIR t=60.0 p=9 d=1.343 pq=1:1 delta=-0.485 x=0.286 ratio=1.0325 dth=-0.601 gg=0.0400 fl=0.021 ret=0.954 shed=0.069 act=0.0863 flq=0.08
# PAIR t=60.0 p=10 d=1.078 pq=1:1 delta=-1.602 x=0.283 ratio=0.9016 dth=-1.136 gg=0.0000 fl=0.007 ret=0.943 shed=0.085 act=0.0234 flq=0.03
# PAIR t=60.0 p=11 d=1.239 pq=1:1 delta=-0.923 x=0.286 ratio=0.9249 dth=-1.178 gg=0.0000 fl=0.005 ret=0.952 shed=0.072 act=0.0172 flq=0.02
# PAIR t=60.0 p=12 d=1.334 pq=1:1 delta=-0.470 x=0.282 ratio=1.1661 dth=-0.001 gg=0.6385 fl=0.031 ret=0.941 shed=0.088 act=0.1255 flq=0.12
# PAIR t=60.0 p=13 d=1.103 pq=1:1 delta=-1.432 x=0.277 ratio=1.2299 dth=+0.143 gg=0.0267 fl=0.014 ret=0.922 shed=0.116 act=0.0449 flq=0.05
# PAIR t=60.0 p=14 d=1.539 pq=1:1 delta=+0.409 x=0.279 ratio=1.0637 dth=+0.205 gg=0.4268 fl=0.063 ret=0.931 shed=0.103 act=0.2926 flq=0.24
# PAIR t=60.0 p=15 d=1.036 pq=1:1 delta=-1.737 x=0.273 ratio=1.1384 dth=-3.074 gg=0.0000 fl=0.002 ret=0.910 shed=0.135 act=0.0053 flq=0.01
# PAIR t=60.0 p=16 d=1.486 pq=1:1 delta=+0.172 x=0.399 ratio=1.0005 dth=-0.104 gg=0.9695 fl=0.000 ret=0.931 shed=0.103 act=0.0000 flq=0.00
# PAIR t=60.0 p=17 d=1.264 pq=1:1 delta=-0.754 x=0.280 ratio=0.8387 dth=-0.037 gg=0.2752 fl=0.030 ret=0.934 shed=0.099 act=0.1142 flq=0.11
# PAIR t=60.0 p=18 d=1.110 pq=1:1 delta=-1.485 x=0.286 ratio=0.9426 dth=+2.840 gg=0.0000 fl=0.003 ret=0.952 shed=0.072 act=0.0085 flq=0.01
# PAIR t=60.0 p=19 d=1.281 pq=1:1 delta=-0.696 x=0.285 ratio=1.2139 dth=+0.641 gg=0.4304 fl=0.006 ret=0.950 shed=0.076 act=0.0228 flq=0.02
# PAIR t=60.0 p=20 d=1.454 pq=1:1 delta=-0.048 x=0.292 ratio=0.9979 dth=+0.024 gg=0.9977 fl=0.036 ret=0.978 shed=0.032 act=0.1580 flq=0.14
# PAIR t=60.0 p=21 d=1.535 pq=1:1 delta=+0.353 x=0.285 ratio=0.9477 dth=-0.554 gg=0.4959 fl=0.074 ret=0.951 shed=0.073 act=0.3396 flq=0.28
# PAIR t=60.0 p=22 d=1.040 pq=1:1 delta=-1.749 x=0.279 ratio=0.8803 dth=+2.921 gg=0.0000 fl=0.003 ret=0.930 shed=0.104 act=0.0079 flq=0.01
# PAIR t=60.0 p=23 d=1.470 pq=1:1 delta=+0.046 x=0.287 ratio=0.9965 dth=-0.028 gg=0.9978 fl=0.257 ret=0.963 shed=0.056 act=1.1311 flq=0.98
# PAIR t=60.0 p=24 d=1.296 pq=1:1 delta=-0.582 x=0.273 ratio=1.1782 dth=-0.286 gg=0.1788 fl=0.005 ret=0.910 shed=0.135 act=0.0211 flq=0.02
# PAIR t=60.0 p=25 d=1.374 pq=1:1 delta=-0.323 x=0.284 ratio=0.9008 dth=-0.355 gg=0.3039 fl=0.033 ret=0.947 shed=0.079 act=0.1346 flq=0.12
# PAIR t=60.0 p=26 d=1.327 pq=1:1 delta=-0.492 x=0.277 ratio=1.1222 dth=+1.057 gg=0.0500 fl=0.044 ret=0.925 shed=0.113 act=0.1734 flq=0.16
# PAIR t=60.0 p=27 d=1.216 pq=1:1 delta=-0.982 x=0.285 ratio=1.2090 dth=-0.090 gg=0.0875 fl=0.006 ret=0.952 shed=0.072 act=0.0205 flq=0.02
# PAIR t=60.0 p=28 d=1.519 pq=1:1 delta=+0.233 x=0.292 ratio=0.9867 dth=-0.171 gg=0.9359 fl=0.146 ret=0.977 shed=0.035 act=0.6632 flq=0.56
# PAIR t=60.0 p=29 d=1.433 pq=1:1 delta=-0.096 x=0.285 ratio=0.9992 dth=+0.041 gg=0.9906 fl=0.267 ret=0.954 shed=0.070 act=1.1496 flq=1.02
# PAIR t=60.0 p=30 d=1.380 pq=1:1 delta=-0.324 x=0.284 ratio=0.9851 dth=+0.130 gg=0.8968 fl=0.224 ret=0.952 shed=0.072 act=0.9269 flq=0.85
# PAIR t=60.0 p=31 d=1.343 pq=1:1 delta=-0.454 x=0.285 ratio=1.1293 dth=-0.466 gg=0.1117 fl=0.004 ret=0.949 shed=0.077 act=0.0176 flq=0.02
# PAIR t=60.0 p=32 d=1.081 pq=1:1 delta=-1.600 x=0.284 ratio=1.0971 dth=+2.431 gg=0.0000 fl=0.029 ret=0.949 shed=0.077 act=0.0949 flq=0.11
# PAIR t=60.0 p=33 d=1.363 pq=1:1 delta=-0.395 x=0.289 ratio=0.8892 dth=-0.036 gg=0.6859 fl=0.027 ret=0.965 shed=0.052 act=0.1100 flq=0.10
# PAIR t=60.0 p=34 d=1.495 pq=1:1 delta=+0.157 x=0.372 ratio=0.9772 dth=-0.130 gg=0.9652 fl=0.000 ret=0.963 shed=0.055 act=0.0000 flq=0.00
# PAIR t=60.0 p=35 d=1.063 pq=1:1 delta=-1.624 x=0.284 ratio=1.2528 dth=+0.587 gg=0.0522 fl=0.006 ret=0.945 shed=0.082 act=0.0201 flq=0.02
# PAIR t=60.0 p=36 d=1.182 pq=1:1 delta=-1.142 x=0.282 ratio=0.8865 dth=-1.641 gg=0.0000 fl=0.000 ret=0.939 shed=0.092 act=0.0000 flq=0.00
# PAIR t=60.0 p=37 d=1.251 pq=1:1 delta=-0.857 x=0.281 ratio=1.0530 dth=-0.595 gg=0.0047 fl=0.120 ret=0.939 shed=0.092 act=0.4491 flq=0.45
# PAIR t=60.0 p=38 d=1.362 pq=1:1 delta=-0.394 x=0.286 ratio=0.9290 dth=-0.457 gg=0.1471 fl=0.035 ret=0.953 shed=0.070 act=0.1426 flq=0.13
# PAIR t=60.0 p=39 d=1.105 pq=1:1 delta=-1.439 x=0.273 ratio=0.8929 dth=-1.066 gg=0.0000 fl=0.009 ret=0.909 shed=0.136 act=0.0307 flq=0.03
# PAIR t=60.0 p=40 d=1.550 pq=1:1 delta=+0.120 x=0.335 ratio=0.9837 dth=-0.127 gg=0.9682 fl=0.175 ret=1.122 shed=-0.183 act=0.8153 flq=0.70
# PAIR t=60.0 p=41 d=1.381 pq=1:1 delta=+0.130 x=0.206 ratio=1.0139 dth=-0.054 gg=0.9828 fl=0.372 ret=0.692 shed=0.462 act=1.5418 flq=1.31
# PAIR t=60.0 p=42 d=1.280 pq=1:1 delta=-0.762 x=0.288 ratio=1.0588 dth=-2.347 gg=0.0000 fl=0.000 ret=0.960 shed=0.060 act=0.0000 flq=0.00
# PAIR t=60.0 p=43 d=1.112 pq=1:1 delta=-1.456 x=0.284 ratio=0.8867 dth=-0.760 gg=0.0000 fl=0.022 ret=0.948 shed=0.078 act=0.0750 flq=0.08
# PAIR t=60.0 p=44 d=1.100 pq=1:1 delta=-1.466 x=0.273 ratio=1.1088 dth=+2.737 gg=0.0000 fl=0.004 ret=0.909 shed=0.137 act=0.0139 flq=0.02
# PAIR t=60.0 p=45 d=1.351 pq=1:1 delta=-0.435 x=0.287 ratio=1.1381 dth=+0.684 gg=0.3402 fl=0.009 ret=0.959 shed=0.062 act=0.0367 flq=0.03
# PAIR t=60.0 p=46 d=1.425 pq=1:1 delta=-0.154 x=0.289 ratio=1.0063 dth=+0.105 gg=0.9734 fl=0.237 ret=0.967 shed=0.050 act=1.0128 flq=0.90
# PAIR t=60.0 p=47 d=1.531 pq=1:1 delta=+0.325 x=0.286 ratio=1.0157 dth=-0.143 gg=0.8985 fl=0.392 ret=0.956 shed=0.066 act=1.7992 flq=1.49
# PAIR t=60.0 p=48 d=1.481 pq=1:1 delta=+0.125 x=0.439 ratio=1.0032 dth=-0.082 gg=0.9829 fl=0.000 ret=0.945 shed=0.083 act=0.0000 flq=0.00
# PAIR t=60.0 p=49 d=1.220 pq=1:1 delta=-0.967 x=0.287 ratio=0.8234 dth=+0.522 gg=0.3862 fl=0.009 ret=0.955 shed=0.068 act=0.0314 flq=0.03
# PAIR t=60.0 p=50 d=1.357 pq=1:1 delta=-0.385 x=0.284 ratio=0.8671 dth=+0.603 gg=0.4341 fl=0.005 ret=0.947 shed=0.079 act=0.0203 flq=0.02
# PAIR t=60.0 p=51 d=1.037 pq=1:1 delta=-1.720 x=0.272 ratio=1.1641 dth=-2.646 gg=0.0000 fl=0.000 ret=0.906 shed=0.142 act=0.0001 flq=0.00
# PAIR t=60.0 p=52 d=1.091 pq=1:1 delta=-1.518 x=0.282 ratio=0.8370 dth=-3.035 gg=0.0000 fl=0.000 ret=0.938 shed=0.092 act=0.0000 flq=0.00
# PAIR t=60.0 p=53 d=1.051 pq=1:1 delta=-1.740 x=0.290 ratio=1.1504 dth=+2.939 gg=0.0000 fl=0.006 ret=0.967 shed=0.050 act=0.0177 flq=0.02
# PAIR t=60.0 p=54 d=1.087 pq=1:1 delta=-1.555 x=0.286 ratio=0.8438 dth=-0.440 gg=0.0000 fl=0.023 ret=0.954 shed=0.069 act=0.0740 flq=0.09
# PAIR t=60.0 p=55 d=1.359 pq=1:1 delta=-0.405 x=0.289 ratio=0.8724 dth=+0.214 gg=0.8480 fl=0.007 ret=0.965 shed=0.053 act=0.0265 flq=0.02
# PAIR t=60.0 p=56 d=1.330 pq=1:1 delta=-0.540 x=0.290 ratio=0.8840 dth=-0.299 gg=0.1953 fl=0.039 ret=0.968 shed=0.049 act=0.1556 flq=0.15
# PAIR t=60.0 p=57 d=1.210 pq=1:1 delta=-1.015 x=0.282 ratio=1.1588 dth=-1.123 gg=0.0000 fl=0.001 ret=0.941 shed=0.088 act=0.0022 flq=0.00
# PAIR t=60.0 p=58 d=1.281 pq=1:1 delta=-0.784 x=0.293 ratio=1.0320 dth=-1.161 gg=0.0000 fl=0.004 ret=0.977 shed=0.035 act=0.0136 flq=0.01
# PAIR t=60.0 p=59 d=1.546 pq=1:1 delta=+0.362 x=0.292 ratio=1.0472 dth=+0.602 gg=0.0695 fl=0.005 ret=0.973 shed=0.040 act=0.0222 flq=0.02
# RESULT pair_tongue |delta|<0.6: n=32 gg=0.663 ret=0.952 fl=0.113 | 0.6-1.2: n=13 gg=0.136 ret=0.952 fl=0.015 | >1.2: n=15 gg=0.005 ret=0.933 fl=0.008
