# cellfab — v89 cell-fabric kernel (no lattice, no prior code)
# cfg seed=20260727 mode=field init=blob
# cfg L=24 dmin=1.25 r0=0.85 rjit=0.06
# cfg C=1 w1=1.65 w2=2.9 q_detune=1.2 gamma_res=0.25 gamma_res_m=0.1 p_gate=8
# cfg lock_floor=0.005
# cfg k_dep=1.2 k_dep_m=2 cap=2.5 e_s0=1 es_floor=0.05
# cfg e_cond=0 f_conv=0.25 f_evap=0.5 s_pull=0.15
# cfg kappa_lock=1 kappa_align=0.5 kappa_freq=0 kappa_reac=0 sigma_tumble=0.01
# cfg space: s_k=0.06 s_disp=0.3 es_gx=0
# cfg dt=0.02 T=80 diag_every=100 snap_every=0
# cfg center=(7,-1,-1) amp=0.5 sigma=2.2 k=(1,0,0) prealign=1 noise_amp=0
# cfg music: comb_limit=6 rough_k=0.35 gamma_rough=0.5 mob_sym=1 mob_floor=0.004
# cfg field sector: two-component signed amplitude, unitary hops, field_J=1.8
# cfg ledger: mode=3 u=1.000e-12 (cellfabi INT_LEDGER)
# GEOM relax start: NC=5039 contact_floor=1.5200 sweeps=800 k=0.3
# GEOM relax done: residual_close_pairs=11233 (below floor 1.5200)
# GEOM links: NL=18353 dbar=1.5449 sigma_d=0.0464 (3.01%)
# action atom: A0=1.1500 (dbar=1.5449) mode=2 — eps(w)=A0*w/2pi; atoms at mode boundaries, transport continuous
# edge coloring: 14 colors for 18353 links
# fabric: cells=5039 channels=18353 mean_degree=7.28 box=24 dmin=1.25
# LEDGER seed mode=3 u=1.000e-12 E0_int=5065895114969489 NC=5039 NL=18353
# LEDGER seed mode=3 u=1.000e-12 E0_int=5065895114969489 NC=5039 NL=18353
# t	E_space	E_dense	E_field	E_transfer	E_total	rel_drift	live_ch	cm_x	cm_y	cm_z	contain	front_r	r_core	defA	r_far	r_ratio	w_core	w_far
0.000	5034.96573	30.9293822	0	0	5065.89511497	0.000e+00	17928	7.008	11.970	12.004	0.900	0.0000	0.8338	0	0.8501	0.9808	1.35499	1.65000	0.0000	0.0000	0.0000	0	0	0	0	0	0
# CONV t=0.00 cond=0 evap=0 rough=0 back_s=0
# LEDGER t=0.000 mode=3 sum_err=0 max|E-iEu|=4.999e-13 run_max_diff=0.000e+00 run_max_sum_err=0 steps=0 E0_int=5065895114969489 sum=5065895114969489
2.000	5034.96573	29.8368402	0	1.092542	5065.89511497	-1.975e-15	17927	6.870	11.965	12.001	0.907	0.0000	0.8331	-0.0077453	0.8501	0.9801	1.35480	1.65000	0.0000	0.0000	0.0000	-0.95296	-0.0041651	0.0020917	0	0	0
# CONV t=2.00 cond=0 evap=0 rough=0 back_s=0
# LEDGER t=2.000 mode=3 sum_err=0 max|E-iEu|=1.110e-16 run_max_diff=0.000e+00 run_max_sum_err=0 steps=100 E0_int=5065895114969489 sum=5065895114969489
4.000	5034.96573	28.6975171	0	2.23186507	5065.89511497	-1.975e-15	17927	6.746	11.966	12.001	0.905	0.0000	0.8325	0.0050074	0.8501	0.9793	1.35585	1.64999	0.0000	0.0000	0.0000	-1.9225	0.0058145	-0.039918	0	0	0
# CONV t=4.00 cond=0 evap=0 rough=0 back_s=0
# LEDGER t=4.000 mode=3 sum_err=0 max|E-iEu|=1.110e-16 run_max_diff=0.000e+00 run_max_sum_err=0 steps=200 E0_int=5065895114969489 sum=5065895114969489
6.000	5034.96573	27.9201295	0	3.00925266	5065.89511497	-1.795e-15	17928	6.620	11.974	11.988	0.895	0.0000	0.8318	0.031853	0.8501	0.9786	1.35895	1.64998	0.0000	0.0000	0.0000	-2.5065	-0.065541	-0.0531	0	0	0
# CONV t=6.00 cond=0 evap=0 rough=0 back_s=0
# LEDGER t=6.000 mode=3 sum_err=0 max|E-iEu|=1.110e-16 run_max_diff=0.000e+00 run_max_sum_err=0 steps=300 E0_int=5065895114969489 sum=5065895114969489
8.000	5034.96573	30.0510721	0	0.878310091	5065.89511497	-1.975e-15	17928	6.331	11.965	11.987	0.862	0.0000	0.8312	0.043897	0.8501	0.9778	1.36706	1.64998	0.0000	0.0000	0.0000	-0.67894	-0.016689	-0.014723	0	0	0
# CONV t=8.00 cond=0 evap=0 rough=0 back_s=0
# LEDGER t=8.000 mode=3 sum_err=0 max|E-iEu|=1.110e-16 run_max_diff=0.000e+00 run_max_sum_err=0 steps=400 E0_int=5065895114969489 sum=5065895114969489
10.000	5034.96573	29.4270635	0	1.50231868	5065.89511497	-1.975e-15	17930	6.218	11.966	11.981	0.848	0.0000	0.8307	0.031272	0.8501	0.9772	1.37462	1.64997	0.0000	0.0000	0.0000	-1.0771	-0.012166	-0.001696	0	0	0
# CONV t=10.00 cond=0 evap=0 rough=0 back_s=0
# LEDGER t=10.000 mode=3 sum_err=0 max|E-iEu|=1.110e-16 run_max_diff=0.000e+00 run_max_sum_err=0 steps=500 E0_int=5065895114969489 sum=5065895114969489
12.000	5034.96573	28.8347067	0	2.09467552	5065.89511497	-1.975e-15	17931	6.131	11.962	11.980	0.837	0.0000	0.8301	0.0032398	0.8501	0.9765	1.37952	1.64997	0.0000	0.0000	0.0000	-1.3826	-0.041619	-0.0023485	0	0	0
# CONV t=12.00 cond=0 evap=0 rough=0 back_s=0
# LEDGER t=12.000 mode=3 sum_err=0 max|E-iEu|=1.110e-16 run_max_diff=0.000e+00 run_max_sum_err=0 steps=600 E0_int=5065895114969489 sum=5065895114969489
14.000	5034.96573	30.1626384	0	0.766743769	5065.89511497	-1.975e-15	17931	5.972	11.943	11.993	0.811	0.0000	0.8296	-0.038397	0.8501	0.9759	1.38396	1.64996	0.0000	0.0000	0.0000	-0.35809	-0.013545	0.018563	0	0	0
# CONV t=14.00 cond=0 evap=0 rough=0 back_s=0
# LEDGER t=14.000 mode=3 sum_err=0 max|E-iEu|=1.110e-16 run_max_diff=0.000e+00 run_max_sum_err=0 steps=700 E0_int=5065895114969489 sum=5065895114969489
16.000	5034.96573	29.8123194	0	1.11706279	5065.89511497	-1.975e-15	17931	5.917	11.946	11.988	0.805	0.0000	0.8290	-0.079873	0.8501	0.9752	1.38642	1.64995	0.0000	0.0000	0.0000	-0.50932	-0.065295	0.012568	0	0	0
# CONV t=16.00 cond=0 evap=0 rough=0 back_s=0
# LEDGER t=16.000 mode=3 sum_err=0 max|E-iEu|=1.110e-16 run_max_diff=0.000e+00 run_max_sum_err=0 steps=800 E0_int=5065895114969489 sum=5065895114969489
18.000	5034.96573	29.4071634	0	1.52221877	5065.89511497	-1.975e-15	17929	5.876	11.939	11.993	0.801	0.0000	0.8285	-0.11806	0.8501	0.9746	1.38810	1.64994	0.0000	0.0000	0.0000	-0.68552	-0.083017	0.020392	0	0	0
# CONV t=18.00 cond=0 evap=0 rough=0 back_s=0
# LEDGER t=18.000 mode=3 sum_err=0 max|E-iEu|=1.110e-16 run_max_diff=0.000e+00 run_max_sum_err=0 steps=900 E0_int=5065895114969489 sum=5065895114969489
20.000	5034.96573	30.1410852	0	0.788297041	5065.89511497	-1.975e-15	17929	5.776	11.933	11.997	0.781	0.0000	0.8281	-0.1429	0.8501	0.9741	1.39187	1.64993	0.0000	0.0000	0.0000	-0.057612	0.046895	0.012149	0	0	0
# CONV t=20.00 cond=0 evap=0 rough=0 back_s=0
# LEDGER t=20.000 mode=3 sum_err=0 max|E-iEu|=1.110e-16 run_max_diff=0.000e+00 run_max_sum_err=0 steps=1000 E0_int=5065895114969489 sum=5065895114969489
22.000	5034.96573	30.0191656	0	0.910216627	5065.89511497	-1.795e-15	17929	5.780	11.931	12.010	0.778	0.0000	0.8277	-0.15708	0.8501	0.9737	1.40070	1.64992	0.0000	0.0000	0.0000	-0.26068	-0.037563	0.041567	0	0	0
# CONV t=22.00 cond=0 evap=0 rough=0 back_s=0
# LEDGER t=22.000 mode=3 sum_err=0 max|E-iEu|=1.110e-16 run_max_diff=0.000e+00 run_max_sum_err=0 steps=1100 E0_int=5065895114969489 sum=5065895114969489
24.000	5034.96573	29.7305457	0	1.19883655	5065.89511497	-1.795e-15	17928	5.759	11.915	12.009	0.777	0.0000	0.8275	-0.17534	0.8501	0.9734	1.40288	1.64989	0.0000	0.0000	0.0000	-0.35484	0.055183	0.028409	0	0	0
# CONV t=24.00 cond=0 evap=0 rough=0 back_s=0
# LEDGER t=24.000 mode=3 sum_err=0 max|E-iEu|=1.110e-16 run_max_diff=0.000e+00 run_max_sum_err=0 steps=1200 E0_int=5065895114969489 sum=5065895114969489
26.000	5034.96573	30.2621401	0	0.66724206	5065.89511497	-1.975e-15	17928	5.711	11.928	12.013	0.761	0.0000	0.8273	-0.1814	0.8501	0.9732	1.40338	1.64987	0.0000	0.0000	0.0000	0.050918	0.0050542	0.033954	0	0	0
# CONV t=26.00 cond=0 evap=0 rough=0 back_s=0
# LEDGER t=26.000 mode=3 sum_err=0 max|E-iEu|=1.110e-16 run_max_diff=0.000e+00 run_max_sum_err=0 steps=1300 E0_int=5065895114969489 sum=5065895114969489
28.000	5034.96573	29.9243858	0	1.00499643	5065.89511497	-1.795e-15	17930	5.713	11.921	12.022	0.760	0.0000	0.8271	-0.16634	0.8501	0.9730	1.40423	1.64986	0.0000	0.0000	0.0000	0.050663	0.053281	0.077956	0	0	0
# CONV t=28.00 cond=0 evap=0 rough=0 back_s=0
# LEDGER t=28.000 mode=3 sum_err=0 max|E-iEu|=1.110e-16 run_max_diff=0.000e+00 run_max_sum_err=0 steps=1400 E0_int=5065895114969489 sum=5065895114969489
30.000	5034.96573	29.6348604	0	1.29452176	5065.89511497	-1.795e-15	17931	5.717	11.925	12.016	0.760	0.0000	0.8269	-0.12914	0.8501	0.9728	1.40481	1.64985	0.0000	0.0000	0.0000	-0.14131	0.058536	0.048513	0	0	0
# CONV t=30.00 cond=0 evap=0 rough=0 back_s=0
# LEDGER t=30.000 mode=3 sum_err=0 max|E-iEu|=1.110e-16 run_max_diff=0.000e+00 run_max_sum_err=0 steps=1500 E0_int=5065895114969489 sum=5065895114969489
32.000	5034.96573	30.0996171	0	0.829765108	5065.89511497	-1.795e-15	17930	5.708	11.943	12.037	0.749	0.0000	0.8267	-0.065056	0.8501	0.9725	1.40508	1.64984	0.0000	0.0000	0.0000	0.14709	0.075544	0.028354	0	0	0
# CONV t=32.00 cond=0 evap=0 rough=0 back_s=0
# LEDGER t=32.000 mode=3 sum_err=0 max|E-iEu|=1.110e-16 run_max_diff=0.000e+00 run_max_sum_err=0 steps=1600 E0_int=5065895114969489 sum=5065895114969489
34.000	5034.96573	29.8719351	0	1.05744714	5065.89511497	-1.795e-15	17930	5.725	11.948	12.033	0.749	0.0000	0.8266	0.014914	0.8501	0.9724	1.40502	1.64983	0.0000	0.0000	0.0000	0.12416	0.080374	0.054525	0	0	0
# CONV t=34.00 cond=0 evap=0 rough=0 back_s=0
# LEDGER t=34.000 mode=3 sum_err=0 max|E-iEu|=1.110e-16 run_max_diff=0.000e+00 run_max_sum_err=0 steps=1700 E0_int=5065895114969489 sum=5065895114969489
36.000	5034.96573	29.761794	0	1.16758825	5065.89511497	-1.795e-15	17930	5.710	11.957	12.033	0.747	0.0000	0.8264	0.099765	0.8501	0.9722	1.40513	1.64981	0.0000	0.0000	0.0000	-0.15243	0.03979	0.031315	0	0	0
# CONV t=36.00 cond=0 evap=0 rough=0 back_s=0
# LEDGER t=36.000 mode=3 sum_err=0 max|E-iEu|=1.110e-16 run_max_diff=0.000e+00 run_max_sum_err=0 steps=1800 E0_int=5065895114969489 sum=5065895114969489
38.000	5034.96573	29.9811848	0	0.948197368	5065.89511497	-1.795e-15	17930	5.680	11.971	12.052	0.732	0.0000	0.8263	0.17037	0.8501	0.9720	1.40395	1.64980	0.0000	0.0000	0.0000	0.09491	-0.047262	0.016761	0	0	0
# CONV t=38.00 cond=0 evap=0 rough=0 back_s=0
# LEDGER t=38.000 mode=3 sum_err=0 max|E-iEu|=1.108e-16 run_max_diff=0.000e+00 run_max_sum_err=0 steps=1900 E0_int=5065895114969489 sum=5065895114969489
40.000	5034.96573	29.9612083	0	0.968173854	5065.89511497	-1.795e-15	17930	5.685	11.964	12.051	0.732	0.0000	0.8261	0.2345	0.8501	0.9718	1.40294	1.64980	0.0000	0.0000	0.0000	-0.10046	-0.0071257	0.012454	0	0	0
# CONV t=40.00 cond=0 evap=0 rough=0 back_s=0
# LEDGER t=40.000 mode=3 sum_err=0 max|E-iEu|=1.110e-16 run_max_diff=0.000e+00 run_max_sum_err=0 steps=2000 E0_int=5065895114969489 sum=5065895114969489
42.000	5034.96573	29.7872709	0	1.14211134	5065.89511497	-1.975e-15	17930	5.683	11.960	12.048	0.732	0.0000	0.8260	0.29776	0.8501	0.9716	1.40144	1.64979	0.0000	0.0000	0.0000	-0.19091	-0.010316	0.015853	0	0	0
# CONV t=42.00 cond=0 evap=0 rough=0 back_s=0
# LEDGER t=42.000 mode=3 sum_err=0 max|E-iEu|=1.110e-16 run_max_diff=0.000e+00 run_max_sum_err=0 steps=2100 E0_int=5065895114969489 sum=5065895114969489
44.000	5034.96573	29.4658636	0	1.46351856	5065.89511497	-1.975e-15	17930	5.683	11.945	12.056	0.736	0.0000	0.8257	0.35578	0.8501	0.9714	1.40019	1.64978	0.0000	0.0000	0.0000	-0.33515	0.0012717	0.02484	0	0	0
# CONV t=44.00 cond=0 evap=0 rough=0 back_s=0
# LEDGER t=44.000 mode=3 sum_err=0 max|E-iEu|=1.110e-16 run_max_diff=0.000e+00 run_max_sum_err=0 steps=2200 E0_int=5065895114969489 sum=5065895114969489
46.000	5034.96573	29.7677579	0	1.16162427	5065.89511497	-1.795e-15	17929	5.638	11.947	12.060	0.722	0.0000	0.8255	0.41436	0.8501	0.9711	1.40144	1.64977	0.0000	0.0000	0.0000	-0.18127	0.028813	-0.013928	0	0	0
# CONV t=46.00 cond=0 evap=0 rough=0 back_s=0
# LEDGER t=46.000 mode=3 sum_err=0 max|E-iEu|=1.110e-16 run_max_diff=0.000e+00 run_max_sum_err=0 steps=2300 E0_int=5065895114969489 sum=5065895114969489
48.000	5034.96573	29.905588	0	1.02379419	5065.89511497	-1.975e-15	17929	5.635	11.948	12.058	0.725	0.0000	0.8252	0.4774	0.8501	0.9708	1.40092	1.64977	0.0000	0.0000	0.0000	-0.045348	0.0018071	0.0054087	0	0	0
# CONV t=48.00 cond=0 evap=0 rough=0 back_s=0
# LEDGER t=48.000 mode=3 sum_err=0 max|E-iEu|=1.110e-16 run_max_diff=0.000e+00 run_max_sum_err=0 steps=2400 E0_int=5065895114969489 sum=5065895114969489
50.000	5034.96573	29.6572277	0	1.27215451	5065.89511497	-1.975e-15	17929	5.639	11.945	12.055	0.727	0.0000	0.8249	0.52115	0.8501	0.9703	1.39782	1.64977	0.0000	0.0000	0.0000	-0.2206	-0.010007	-0.035716	0	0	0
# CONV t=50.00 cond=0 evap=0 rough=0 back_s=0
# LEDGER t=50.000 mode=3 sum_err=0 max|E-iEu|=1.110e-16 run_max_diff=0.000e+00 run_max_sum_err=0 steps=2500 E0_int=5065895114969489 sum=5065895114969489
52.000	5034.96573	30.1090445	0	0.820337689	5065.89511497	-1.975e-15	17929	5.594	11.957	12.050	0.716	0.0000	0.8244	0.52706	0.8501	0.9698	1.39615	1.64977	0.0000	0.0000	0.0000	-0.090554	-0.018959	0.002924	0	0	0
# CONV t=52.00 cond=0 evap=0 rough=0 back_s=0
# LEDGER t=52.000 mode=3 sum_err=0 max|E-iEu|=1.110e-16 run_max_diff=0.000e+00 run_max_sum_err=0 steps=2600 E0_int=5065895114969489 sum=5065895114969489
54.000	5034.96573	29.8530527	0	1.07632949	5065.89511497	-1.975e-15	17929	5.586	11.949	12.050	0.716	0.0000	0.8240	0.50627	0.8501	0.9693	1.39519	1.64976	0.0000	0.0000	0.0000	-0.11214	-0.0011628	-0.0065351	0	0	0
# CONV t=54.00 cond=0 evap=0 rough=0 back_s=0
# LEDGER t=54.000 mode=3 sum_err=0 max|E-iEu|=1.110e-16 run_max_diff=0.000e+00 run_max_sum_err=0 steps=2700 E0_int=5065895114969489 sum=5065895114969489
56.000	5034.96573	29.5769316	0	1.35245061	5065.89511497	-1.975e-15	17929	5.578	11.949	12.053	0.712	0.0000	0.8236	0.47196	0.8501	0.9688	1.39463	1.64975	0.0000	0.0000	0.0000	-0.15638	-0.0015304	0.0099633	0	0	0
# CONV t=56.00 cond=0 evap=0 rough=0 back_s=0
# LEDGER t=56.000 mode=3 sum_err=0 max|E-iEu|=1.110e-16 run_max_diff=0.000e+00 run_max_sum_err=0 steps=2800 E0_int=5065895114969489 sum=5065895114969489
58.000	5034.96573	30.1506813	0	0.778700861	5065.89511497	-1.795e-15	17929	5.538	11.961	12.048	0.701	0.0000	0.8232	0.42866	0.8501	0.9684	1.39511	1.64974	0.0000	0.0000	0.0000	0.0008166	-0.049048	-0.012935	0	0	0
# CONV t=58.00 cond=0 evap=0 rough=0 back_s=0
# LEDGER t=58.000 mode=3 sum_err=0 max|E-iEu|=1.110e-16 run_max_diff=0.000e+00 run_max_sum_err=0 steps=2900 E0_int=5065895114969489 sum=5065895114969489
60.000	5034.96573	29.9151307	0	1.01425154	5065.89511497	-1.795e-15	17929	5.533	11.952	12.042	0.702	0.0000	0.8229	0.39981	0.8501	0.9680	1.39584	1.64972	0.0000	0.0000	0.0000	-0.10388	-0.044677	-0.0044622	0	0	0
# CONV t=60.00 cond=0 evap=0 rough=0 back_s=0
# LEDGER t=60.000 mode=3 sum_err=0 max|E-iEu|=1.110e-16 run_max_diff=0.000e+00 run_max_sum_err=0 steps=3000 E0_int=5065895114969489 sum=5065895114969489
62.000	5034.96573	29.5504237	0	1.37895852	5065.89511497	-1.975e-15	17931	5.515	11.936	12.040	0.701	0.0000	0.8225	0.38441	0.8501	0.9675	1.39592	1.64971	0.0000	0.0000	0.0000	-0.098925	-0.046115	0.024638	0	0	0
# CONV t=62.00 cond=0 evap=0 rough=0 back_s=0
# LEDGER t=62.000 mode=3 sum_err=0 max|E-iEu|=1.110e-16 run_max_diff=0.000e+00 run_max_sum_err=0 steps=3100 E0_int=5065895114969489 sum=5065895114969489
64.000	5034.96573	30.0332629	0	0.896119344	5065.89511497	-1.975e-15	17931	5.494	11.939	12.049	0.688	0.0000	0.8221	0.3733	0.8501	0.9671	1.39829	1.64969	0.0000	0.0000	0.0000	-0.068965	-0.023165	0.015513	0	0	0
# CONV t=64.00 cond=0 evap=0 rough=0 back_s=0
# LEDGER t=64.000 mode=3 sum_err=0 max|E-iEu|=1.110e-16 run_max_diff=0.000e+00 run_max_sum_err=0 steps=3200 E0_int=5065895114969489 sum=5065895114969489
66.000	5034.96573	29.6054519	0	1.32393031	5065.89511497	-1.795e-15	17932	5.489	11.939	12.040	0.689	0.0000	0.8219	0.36715	0.8501	0.9668	1.40391	1.64967	0.0000	0.0000	0.0000	-0.14806	0.073217	0.038811	0	0	0
# CONV t=66.00 cond=0 evap=0 rough=0 back_s=0
# LEDGER t=66.000 mode=3 sum_err=0 max|E-iEu|=1.110e-16 run_max_diff=0.000e+00 run_max_sum_err=0 steps=3300 E0_int=5065895114969489 sum=5065895114969489
68.000	5034.96573	29.5766866	0	1.35269555	5065.89511497	-1.975e-15	17932	5.489	11.927	12.035	0.690	0.0000	0.8217	0.3693	0.8501	0.9666	1.40850	1.64965	0.0000	0.0000	0.0000	-0.07695	0.037864	0.037769	0	0	0
# CONV t=68.00 cond=0 evap=0 rough=0 back_s=0
# LEDGER t=68.000 mode=3 sum_err=0 max|E-iEu|=1.110e-16 run_max_diff=0.000e+00 run_max_sum_err=0 steps=3400 E0_int=5065895114969489 sum=5065895114969489
70.000	5034.96573	30.0506142	0	0.878768021	5065.89511497	-1.975e-15	17933	5.472	11.939	12.051	0.677	0.0000	0.8216	0.38844	0.8501	0.9665	1.40983	1.64962	0.0000	0.0000	0.0000	0.021251	0.079289	0.0054881	0	0	0
# CONV t=70.00 cond=0 evap=0 rough=0 back_s=0
# LEDGER t=70.000 mode=3 sum_err=0 max|E-iEu|=1.110e-16 run_max_diff=0.000e+00 run_max_sum_err=0 steps=3500 E0_int=5065895114969489 sum=5065895114969489
72.000	5034.96573	29.8194355	0	1.10994671	5065.89511497	-2.154e-15	17933	5.464	11.950	12.064	0.680	0.0000	0.8215	0.41546	0.8501	0.9664	1.41115	1.64958	0.0000	0.0000	0.0000	-0.01924	-0.018657	0.025945	0	0	0
# CONV t=72.00 cond=0 evap=0 rough=0 back_s=0
# LEDGER t=72.000 mode=3 sum_err=0 max|E-iEu|=1.110e-16 run_max_diff=0.000e+00 run_max_sum_err=0 steps=3600 E0_int=5065895114969489 sum=5065895114969489
74.000	5034.96573	29.4573213	0	1.47206091	5065.89511497	-1.975e-15	17933	5.470	11.945	12.054	0.686	0.0000	0.8214	0.44197	0.8501	0.9663	1.41249	1.64955	0.0000	0.0000	0.0000	-0.09471	0.038771	0.018331	0	0	0
# CONV t=74.00 cond=0 evap=0 rough=0 back_s=0
# LEDGER t=74.000 mode=3 sum_err=0 max|E-iEu|=1.110e-16 run_max_diff=0.000e+00 run_max_sum_err=0 steps=3700 E0_int=5065895114969489 sum=5065895114969489
76.000	5034.96573	29.7769348	0	1.15244739	5065.89511497	-1.795e-15	17933	5.459	11.953	12.041	0.676	0.0000	0.8214	0.45883	0.8501	0.9662	1.41473	1.64952	0.0000	0.0000	0.0000	0.15878	0.056198	-0.029408	0	0	0
# CONV t=76.00 cond=0 evap=0 rough=0 back_s=0
# LEDGER t=76.000 mode=3 sum_err=0 max|E-iEu|=1.110e-16 run_max_diff=0.000e+00 run_max_sum_err=0 steps=3800 E0_int=5065895114969489 sum=5065895114969489
78.000	5034.96573	29.8350976	0	1.09428456	5065.89511497	-1.975e-15	17933	5.455	11.950	12.053	0.674	0.0000	0.8213	0.45471	0.8501	0.9661	1.41519	1.64950	0.0000	0.0000	0.0000	0.013944	0.032317	-0.033584	0	0	0
# CONV t=78.00 cond=0 evap=0 rough=0 back_s=0
# LEDGER t=78.000 mode=3 sum_err=0 max|E-iEu|=1.110e-16 run_max_diff=0.000e+00 run_max_sum_err=0 steps=3900 E0_int=5065895114969489 sum=5065895114969489
80.000	5034.96573	29.4509623	0	1.47841993	5065.89511497	-1.975e-15	17933	5.475	11.941	12.058	0.678	0.0000	0.8213	0.44504	0.8501	0.9661	1.41610	1.64948	0.0000	0.0000	0.0000	-0.044114	0.053606	-0.032168	0	0	0
# CONV t=80.00 cond=0 evap=0 rough=0 back_s=0
# LEDGER t=80.000 mode=3 sum_err=0 max|E-iEu|=1.109e-16 run_max_diff=0.000e+00 run_max_sum_err=0 steps=4000 E0_int=5065895114969489 sum=5065895114969489
# RESULT es_shells 0.75:0.9134 2.25:0.9616 3.75:0.9741 5.25:0.9957 6.75:1.0006 8.25:1.0004 9.75:1.0004 11.25:1.0002
# RESULT LEDGER mode=3 E0_int=5065895114969489 sum_int=5065895114969489 max_sum_err=0 max|E-iEu|=0.000e+00 steps=4000
# RESULT conservation E0=5065.89511497 Efinal=5065.89511497 rel_drift=-1.975e-15
# RESULT roughness_radiated=0 (dissonant dense deliveries converted to field, conserved)
# RESULT blob_drift v=(-0.00642,-0.00032,-0.00008) speed=0.00643 cos_to_kdir=-0.9987
# RESULT curvature_fit defA_per_Em=-0.00021 r2=0.0000 (linear defect ~ converted energy)
