# freecell — v89 free-cell substance test (exp=pair)
# laws = laws_V2g VERBATIM (defaults): C=1 w1=1.65 w2=2.9 q_detune=1.2
# gamma_res=0.25 gamma_res_m=0.1 p_gate=8 lock_floor=0.005 k_dep=1.2 k_dep_m=2 cap=2.5
# e_s0=1 es_floor=0.05 e_cond=0 f_conv=0.25 f_evap=0.5 s_pull=0.15
# kappa_lock=1 kappa_align=0.5 s_k=0.06 s_disp=0.3 sigma_tumble=0.01
# comb_limit=6 rough_k=0.35 gamma_rough=0.5 mob_sym=1 mob_floor=0.004 field_J=1.8
# quant_A0=1.15 quant_mode=2 (A0eff=1.15)
# v91 radiance (laws_V3r candidate A): k_rad=0.05 p_rad=4 rad_clock=0
# GEOMETRY (apparatus): cfac=1.15 k_rep=1 mob_geo=1 kappa_bond=1 freeze_geo=0
# bath=1 bath_frac=1 jam_sweeps=800 jam_k=0.1 L=16 dt=0.02 T=300 seed=20260802 diag_every=100
# JAM sweeps=800 max_step=2.101e-04 (tol 1.0e-04, k_end=0.0010) — witness for the settle
# SEED pair: i=2038 j=2136 x=1.0000/1.0000 p:q=1:1 m=1 d*=2.383277 d0=7.500565 (doff +5.1107)
# SEED pair radii r=0.6355 contact=1.2840  Em/voice=2.5000
# INIT NC=2700 slots=26480 live=20905 phi_nom=1.7407 z_live=15.49 dbar=1.4183 sigma_d=15.91% E0=2704.347826087
#
# t | drift_rel | phi_nom z_live NLa NLd births deaths | dbar sigma_d% | maxstep maxbond | Em_tag ret com_dev rms conn z_tag | pair: d delta gf gb | core/far
t=    0.00 +0.00e+00 | 1.7407 15.49  20905    0      0      0 | 1.4183 15.91 | 0.00e+00 0.00e+00 |   5.0000 1.0000  0.3062  3.7503 0.500 10.50 | PAIR-CHANNEL-DEAD
# CONVTAG t=0.00 rough=0.000000 cond=0.000000 evap=0.000000 backs=0.000000
t=    2.00 -1.68e-16 | 1.7407 15.91  21481    0    898    778 | 1.4280 16.03 | 2.57e-03 4.14e-07 |   4.9996 0.9999  0.3448  3.7826 0.500 11.00 | PAIR-CHANNEL-DEAD
# CONVTAG t=2.00 rough=0.000000 cond=0.000000 evap=0.000000 backs=0.000000
t=    4.00 -1.68e-16 | 1.7408 16.22  21895    0   1543   1318 | 1.4348 16.13 | 1.98e-03 2.22e-06 |   4.9991 0.9998  0.3570  3.7922 0.500 11.00 | PAIR-CHANNEL-DEAD
# CONVTAG t=4.00 rough=0.000000 cond=0.000000 evap=0.000000 backs=0.000000
t=    6.00 -1.68e-16 | 1.7408 16.39  22128    1   2004   1738 | 1.4388 16.18 | 2.31e-03 5.25e-06 |   4.9974 0.9995  0.3654  3.8091 0.500 10.00 | PAIR-CHANNEL-DEAD
# CONVTAG t=6.00 rough=0.000000 cond=0.000000 evap=0.000000 backs=0.000000
t=    8.00 -1.68e-16 | 1.7408 16.55  22338    5   2412   2082 | 1.4422 16.23 | 1.85e-03 5.60e-06 |   4.9940 0.9988  0.3686  3.8161 0.500 10.00 | PAIR-CHANNEL-DEAD
# CONVTAG t=8.00 rough=0.000000 cond=0.000000 evap=0.000000 backs=0.000000
t=   10.00 -1.68e-16 | 1.7408 16.60  22413    4   2714   2350 | 1.4437 16.26 | 1.50e-03 1.24e-05 |   4.9890 0.9978  0.3523  3.8097 0.500 11.00 | PAIR-CHANNEL-DEAD
# CONVTAG t=10.00 rough=0.000000 cond=0.000000 evap=0.000000 backs=0.000000
t=   12.00 -1.68e-16 | 1.7408 16.69  22530    5   2996   2608 | 1.4453 16.26 | 1.52e-03 3.90e-04 |   4.9842 0.9968  0.3539  3.8102 0.500 11.50 | PAIR-CHANNEL-DEAD
# CONVTAG t=12.00 rough=0.000000 cond=0.000000 evap=0.000000 backs=0.000000
t=   14.00 -1.68e-16 | 1.7408 16.76  22630   10   3236   2835 | 1.4469 16.28 | 1.60e-03 2.20e-05 |   4.9795 0.9959  0.3635  3.8089 0.500 11.50 | PAIR-CHANNEL-DEAD
# CONVTAG t=14.00 rough=0.000000 cond=0.000000 evap=0.000000 backs=0.000000
t=   16.00 -1.68e-16 | 1.7408 16.81  22695   16   3432   3012 | 1.4479 16.30 | 1.29e-03 5.30e-05 |   4.9756 0.9951  0.3722  3.8043 0.500 11.50 | PAIR-CHANNEL-DEAD
# CONVTAG t=16.00 rough=0.000000 cond=0.000000 evap=0.000000 backs=0.000000
# QATOM t=17.48 dir=DF w=1.32409231 e=0.242346211272 i=2136 Em=2.4793
t=   18.00 -1.68e-16 | 1.7409 16.86  22765   18   3640   3209 | 1.4490 16.31 | 1.21e-03 3.64e-05 |   4.7308 0.9462  0.3398  3.7906 0.500 11.50 | PAIR-CHANNEL-DEAD
# CONVTAG t=18.00 rough=0.000000 cond=0.000000 evap=0.242346 backs=0.031610
t=   20.00 -1.68e-16 | 1.7409 16.90  22819   27   3853   3396 | 1.4500 16.33 | 1.39e-03 6.54e-05 |   4.7267 0.9453  0.3548  3.7797 0.500 11.50 | PAIR-CHANNEL-DEAD
# CONVTAG t=20.00 rough=0.000000 cond=0.000000 evap=0.242346 backs=0.031610
t=   22.00 -1.68e-16 | 1.7409 16.95  22886   23   4041   3577 | 1.4509 16.33 | 1.03e-03 3.17e-04 |   4.4721 0.8944  0.4044  3.7744 0.500 11.50 | PAIR-CHANNEL-DEAD
# CONVTAG t=22.00 rough=0.000000 cond=0.000000 evap=0.483990 backs=0.063129
t=   24.00 -1.68e-16 | 1.7409 16.97  22907   24   4202   3734 | 1.4514 16.34 | 1.16e-03 8.11e-04 |   4.4296 0.8859  0.4113  3.7669 0.500 11.50 | PAIR-CHANNEL-DEAD
# CONVTAG t=24.00 rough=0.000000 cond=0.000000 evap=0.483990 backs=0.063129
t=   26.00 -1.68e-16 | 1.7409 16.99  22942   25   4370   3876 | 1.4518 16.34 | 1.03e-03 2.27e-03 |   4.3101 0.8620  0.4036  3.7621 0.500 11.00 | PAIR-CHANNEL-DEAD
# CONVTAG t=26.00 rough=0.000000 cond=0.000000 evap=0.483990 backs=0.063129
t=   28.00 -1.68e-16 | 1.7409 17.03  22986   17   4515   4007 | 1.4526 16.36 | 1.53e-03 1.32e-03 |   4.1757 0.8351  0.4128  3.7598 0.500 11.00 | PAIR-CHANNEL-DEAD
# CONVTAG t=28.00 rough=0.000000 cond=0.000000 evap=0.483990 backs=0.063129
t=   30.00 -1.68e-16 | 1.7409 17.03  22985   21   4656   4126 | 1.4528 16.37 | 1.32e-03 2.49e-03 |   4.1201 0.8240  0.4160  3.7544 0.500 11.00 | PAIR-CHANNEL-DEAD
# CONVTAG t=30.00 rough=0.000000 cond=0.000000 evap=0.483990 backs=0.063129
t=   32.00 -1.68e-16 | 1.7409 17.05  23019   18   4811   4240 | 1.4533 16.37 | 1.08e-03 1.08e-03 |   4.0793 0.8159  0.4196  3.7475 0.500 10.00 | PAIR-CHANNEL-DEAD
# CONVTAG t=32.00 rough=0.000000 cond=0.000000 evap=0.483990 backs=0.063129
t=   34.00 -1.68e-16 | 1.7409 17.07  23048   23   4932   4354 | 1.4538 16.38 | 9.77e-04 1.75e-03 |   4.0579 0.8116  0.4214  3.7354 0.500  9.50 | PAIR-CHANNEL-DEAD
# CONVTAG t=34.00 rough=0.000000 cond=0.000000 evap=0.483990 backs=0.063129
t=   36.00 -1.68e-16 | 1.7409 17.09  23065   22   5027   4465 | 1.4541 16.38 | 8.86e-04 2.77e-03 |   4.0468 0.8094  0.4225  3.7273 0.500  9.50 | PAIR-CHANNEL-DEAD
# CONVTAG t=36.00 rough=0.000000 cond=0.000000 evap=0.483990 backs=0.063129
t=   38.00 -1.68e-16 | 1.7409 17.09  23071   16   5135   4558 | 1.4542 16.39 | 1.09e-03 7.68e-04 |   4.0375 0.8075  0.4223  3.7245 0.500  9.50 | PAIR-CHANNEL-DEAD
# CONVTAG t=38.00 rough=0.000000 cond=0.000000 evap=0.483990 backs=0.063129
t=   40.00 -1.68e-16 | 1.7409 17.11  23096   28   5238   4656 | 1.4545 16.39 | 9.93e-04 8.30e-04 |   4.0272 0.8054  0.4219  3.7232 0.500 10.00 | PAIR-CHANNEL-DEAD
# CONVTAG t=40.00 rough=0.000000 cond=0.000000 evap=0.483990 backs=0.063129
t=   42.00 -1.68e-16 | 1.7409 17.12  23106   11   5350   4747 | 1.4548 16.40 | 9.21e-04 6.22e-04 |   4.0092 0.8018  0.4237  3.7230 0.500 10.00 | PAIR-CHANNEL-DEAD
# CONVTAG t=42.00 rough=0.000000 cond=0.000000 evap=0.483990 backs=0.063129
t=   44.00 -1.68e-16 | 1.7409 17.14  23142   13   5454   4825 | 1.4552 16.39 | 9.12e-04 5.19e-04 |   3.9853 0.7971  0.4309  3.7222 0.500 10.00 | PAIR-CHANNEL-DEAD
# CONVTAG t=44.00 rough=0.000000 cond=0.000000 evap=0.483990 backs=0.063129
t=   46.00 -1.68e-16 | 1.7409 17.15  23156   23   5534   4912 | 1.4554 16.39 | 7.79e-04 5.14e-04 |   3.9590 0.7918  0.4408  3.7213 0.500 10.00 | PAIR-CHANNEL-DEAD
# CONVTAG t=46.00 rough=0.000000 cond=0.000000 evap=0.483990 backs=0.063129
t=   48.00 -1.68e-16 | 1.7409 17.16  23162   26   5631   5006 | 1.4555 16.39 | 1.43e-03 9.61e-04 |   3.6556 0.7311  0.4012  3.7062 0.500 10.00 | PAIR-CHANNEL-DEAD
# CONVTAG t=48.00 rough=0.000000 cond=0.000000 evap=0.758404 backs=0.098922
t=   50.00 -1.68e-16 | 1.7409 17.18  23190   26   5742   5097 | 1.4558 16.38 | 7.98e-04 1.06e-03 |   3.6334 0.7267  0.3982  3.7049 0.500 10.50 | PAIR-CHANNEL-DEAD
# CONVTAG t=50.00 rough=0.000000 cond=0.000000 evap=0.758404 backs=0.098922
t=   52.00 -1.68e-16 | 1.7409 17.20  23222   14   5848   5187 | 1.4562 16.39 | 8.39e-04 6.88e-04 |   3.3481 0.6696  0.4785  3.7123 0.500 10.50 | PAIR-CHANNEL-DEAD
# CONVTAG t=52.00 rough=0.000000 cond=0.000000 evap=1.032227 backs=0.134638
t=   54.00 -1.68e-16 | 1.7409 17.21  23237   14   5936   5266 | 1.4565 16.39 | 6.28e-04 1.19e-03 |   3.3461 0.6692  0.4869  3.7103 0.500 10.50 | PAIR-CHANNEL-DEAD
# CONVTAG t=54.00 rough=0.000000 cond=0.000000 evap=1.032227 backs=0.134638
t=   56.00 -1.68e-16 | 1.7409 17.22  23250   32   6019   5327 | 1.4567 16.39 | 8.30e-04 7.39e-04 |   3.3439 0.6688  0.4950  3.7114 0.500 10.50 | PAIR-CHANNEL-DEAD
# CONVTAG t=56.00 rough=0.000000 cond=0.000000 evap=1.032227 backs=0.134638
t=   58.00 -1.68e-16 | 1.7409 17.23  23260   16   6103   5412 | 1.4569 16.40 | 9.43e-04 6.75e-04 |   3.3404 0.6681  0.5007  3.7138 0.500 10.50 | PAIR-CHANNEL-DEAD
# CONVTAG t=58.00 rough=0.000000 cond=0.000000 evap=1.032227 backs=0.134638
t=   60.00 -1.68e-16 | 1.7409 17.26  23295   18   6179   5491 | 1.4574 16.40 | 7.33e-04 1.42e-03 |   3.3381 0.6676  0.5063  3.7146 0.500 10.00 | PAIR-CHANNEL-DEAD
# CONVTAG t=60.00 rough=0.000000 cond=0.000000 evap=1.032227 backs=0.134638
t=   62.00 -1.68e-16 | 1.7409 17.25  23281   18   6247   5566 | 1.4574 16.41 | 7.89e-04 6.17e-04 |   3.3368 0.6674  0.5132  3.7158 0.500 10.00 | PAIR-CHANNEL-DEAD
# CONVTAG t=62.00 rough=0.000000 cond=0.000000 evap=1.032227 backs=0.134638
t=   64.00 -1.68e-16 | 1.7409 17.26  23301   17   6316   5630 | 1.4576 16.41 | 8.02e-04 6.13e-04 |   3.3363 0.6673  0.5200  3.7169 0.500 10.00 | PAIR-CHANNEL-DEAD
# CONVTAG t=64.00 rough=0.000000 cond=0.000000 evap=1.032227 backs=0.134638
t=   66.00 -1.68e-16 | 1.7409 17.26  23300   13   6370   5701 | 1.4577 16.42 | 6.48e-04 1.24e-03 |   3.5282 0.7056  0.6629  3.7143 0.500 10.00 | PAIR-CHANNEL-DEAD
# CONVTAG t=66.00 rough=0.000000 cond=0.167963 evap=1.032227 backs=0.134638
t=   68.00 -1.68e-16 | 1.7409 17.29  23336   20   6440   5757 | 1.4582 16.42 | 6.90e-04 6.24e-04 |   3.5243 0.7049  0.6693  3.7172 0.500 10.00 | PAIR-CHANNEL-DEAD
# CONVTAG t=68.00 rough=0.000000 cond=0.167963 evap=1.032227 backs=0.134638
t=   70.00 -1.68e-16 | 1.7409 17.28  23325   15   6497   5828 | 1.4581 16.43 | 7.32e-04 5.90e-04 |   3.7123 0.7425  0.5391  3.7261 0.500 10.00 | PAIR-CHANNEL-DEAD
# CONVTAG t=70.00 rough=0.000000 cond=0.335586 evap=1.032227 backs=0.134638
t=   72.00 -1.68e-16 | 1.7409 17.29  23344   10   6569   5887 | 1.4584 16.43 | 6.38e-04 7.01e-04 |   3.7045 0.7409  0.5466  3.7288 0.500 10.00 | PAIR-CHANNEL-DEAD
# CONVTAG t=72.00 rough=0.000000 cond=0.335586 evap=1.032227 backs=0.134638
t=   74.00 -1.68e-16 | 1.7409 17.30  23360   13   6627   5943 | 1.4585 16.42 | 6.30e-04 5.17e-04 |   3.6976 0.7395  0.5523  3.7301 0.500 10.50 | PAIR-CHANNEL-DEAD
# CONVTAG t=74.00 rough=0.000000 cond=0.335586 evap=1.032227 backs=0.134638
t=   76.00 -1.68e-16 | 1.7409 17.31  23367   19   6690   6001 | 1.4585 16.42 | 8.14e-04 4.82e-04 |   3.6924 0.7385  0.5552  3.7300 0.500 10.50 | PAIR-CHANNEL-DEAD
# CONVTAG t=76.00 rough=0.000000 cond=0.335586 evap=1.032227 backs=0.134638
t=   78.00 -1.68e-16 | 1.7409 17.30  23361   10   6755   6063 | 1.4585 16.42 | 6.08e-04 4.97e-04 |   3.6882 0.7376  0.5561  3.7284 0.500 10.50 | PAIR-CHANNEL-DEAD
# CONVTAG t=78.00 rough=0.000000 cond=0.335586 evap=1.032227 backs=0.134638
t=   80.00 -1.68e-16 | 1.7409 17.31  23367   12   6805   6118 | 1.4585 16.42 | 5.28e-04 9.98e-04 |   3.6835 0.7367  0.5550  3.7264 0.500 10.50 | PAIR-CHANNEL-DEAD
# CONVTAG t=80.00 rough=0.000000 cond=0.335586 evap=1.032227 backs=0.134638
t=   82.00 -1.68e-16 | 1.7409 17.32  23381   19   6854   6159 | 1.4586 16.41 | 6.72e-04 3.62e-04 |   3.6747 0.7349  0.5515  3.7235 0.500 10.50 | PAIR-CHANNEL-DEAD
# CONVTAG t=82.00 rough=0.000000 cond=0.335586 evap=1.032227 backs=0.134638
t=   84.00 +0.00e+00 | 1.7409 17.32  23384   10   6913   6226 | 1.4587 16.42 | 1.08e-03 6.26e-04 |   3.6609 0.7322  0.5452  3.7213 0.500 10.50 | PAIR-CHANNEL-DEAD
# CONVTAG t=84.00 rough=0.000000 cond=0.335586 evap=1.032227 backs=0.134638
t=   86.00 -1.68e-16 | 1.7409 17.33  23390   10   6966   6279 | 1.4589 16.42 | 8.48e-04 7.44e-04 |   3.3725 0.6745  0.4446  3.7015 0.500 10.50 | PAIR-CHANNEL-DEAD
# CONVTAG t=86.00 rough=0.000000 cond=0.335586 evap=1.314924 backs=0.171512
t=   88.00 -1.68e-16 | 1.7409 17.33  23394    9   7025   6324 | 1.4589 16.42 | 8.73e-04 4.18e-04 |   3.3704 0.6741  0.4421  3.6980 0.500 10.50 | PAIR-CHANNEL-DEAD
# CONVTAG t=88.00 rough=0.000000 cond=0.335586 evap=1.314924 backs=0.171512
t=   90.00 -1.68e-16 | 1.7409 17.34  23408   16   7068   6375 | 1.4591 16.42 | 8.41e-04 1.39e-03 |   3.0869 0.6174  0.5397  3.7024 0.500 10.50 | PAIR-CHANNEL-DEAD
# CONVTAG t=90.00 rough=0.000000 cond=0.335586 evap=1.597644 backs=0.208388
t=   92.00 -1.68e-16 | 1.7409 17.35  23425   15   7122   6421 | 1.4593 16.42 | 8.46e-04 1.05e-03 |   3.0863 0.6173  0.5455  3.6979 0.500 11.00 | PAIR-CHANNEL-DEAD
# CONVTAG t=92.00 rough=0.000000 cond=0.335586 evap=1.597644 backs=0.208388
t=   94.00 -1.68e-16 | 1.7409 17.36  23434   10   7160   6477 | 1.4594 16.41 | 9.67e-04 8.38e-04 |   3.2847 0.6569  0.7034  3.6902 0.500 11.00 | PAIR-CHANNEL-DEAD
# CONVTAG t=94.00 rough=0.000000 cond=0.509185 evap=1.597644 backs=0.208388
t=   96.00 -1.68e-16 | 1.7409 17.37  23444    7   7201   6517 | 1.4595 16.41 | 8.98e-04 5.65e-04 |   3.2834 0.6567  0.7035  3.6904 0.500 11.00 | PAIR-CHANNEL-DEAD
# CONVTAG t=96.00 rough=0.000000 cond=0.509185 evap=1.597644 backs=0.208388
t=   98.00 -1.68e-16 | 1.7409 17.36  23441    6   7240   6556 | 1.4595 16.41 | 8.97e-04 1.24e-03 |   3.4800 0.6960  0.5485  3.6975 0.500 11.00 | PAIR-CHANNEL-DEAD
# CONVTAG t=98.00 rough=0.000000 cond=0.682636 evap=1.597644 backs=0.208388
t=  100.00 -1.68e-16 | 1.7409 17.36  23439    6   7283   6598 | 1.4594 16.42 | 1.18e-03 7.49e-04 |   3.4751 0.6950  0.5475  3.6982 0.500 11.00 | PAIR-CHANNEL-DEAD
# CONVTAG t=100.00 rough=0.000000 cond=0.682636 evap=1.597644 backs=0.208388
t=  102.00 -1.68e-16 | 1.7409 17.37  23444   11   7327   6640 | 1.4595 16.41 | 6.44e-04 4.46e-04 |   3.4702 0.6940  0.5455  3.6985 0.500 11.00 | PAIR-CHANNEL-DEAD
# CONVTAG t=102.00 rough=0.000000 cond=0.682636 evap=1.597644 backs=0.208388
t=  104.00 -1.68e-16 | 1.7409 17.37  23452    6   7370   6675 | 1.4596 16.41 | 5.02e-04 4.82e-04 |   3.4656 0.6931  0.5430  3.6987 0.500 11.00 | PAIR-CHANNEL-DEAD
# CONVTAG t=104.00 rough=0.000000 cond=0.682636 evap=1.597644 backs=0.208388
t=  106.00 -1.68e-16 | 1.7409 17.37  23454    9   7409   6708 | 1.4596 16.41 | 4.85e-04 5.83e-04 |   3.4623 0.6925  0.5413  3.6986 0.500 11.00 | PAIR-CHANNEL-DEAD
# CONVTAG t=106.00 rough=0.000000 cond=0.682636 evap=1.597644 backs=0.208388
t=  108.00 -1.68e-16 | 1.7409 17.37  23453    6   7448   6742 | 1.4596 16.41 | 6.31e-04 7.21e-04 |   3.4606 0.6921  0.5407  3.6985 0.500 11.00 | PAIR-CHANNEL-DEAD
# CONVTAG t=108.00 rough=0.000000 cond=0.682636 evap=1.597644 backs=0.208388
t=  110.00 -1.68e-16 | 1.7409 17.38  23457   11   7477   6771 | 1.4597 16.41 | 6.32e-04 9.75e-04 |   3.4602 0.6920  0.5410  3.6977 0.500 11.00 | PAIR-CHANNEL-DEAD
# CONVTAG t=110.00 rough=0.000000 cond=0.682636 evap=1.597644 backs=0.208388
t=  112.00 -1.68e-16 | 1.7409 17.38  23463    9   7510   6816 | 1.4598 16.41 | 5.15e-04 8.12e-04 |   3.4598 0.6920  0.5415  3.6965 0.500 11.00 | PAIR-CHANNEL-DEAD
# CONVTAG t=112.00 rough=0.000000 cond=0.682636 evap=1.597644 backs=0.208388
t=  114.00 -1.68e-16 | 1.7409 17.38  23459    2   7559   6854 | 1.4597 16.41 | 6.94e-04 8.27e-04 |   3.4579 0.6916  0.5425  3.6948 0.500 11.00 | PAIR-CHANNEL-DEAD
# CONVTAG t=114.00 rough=0.000000 cond=0.682636 evap=1.597644 backs=0.208388
t=  116.00 -1.68e-16 | 1.7409 17.39  23477   10   7599   6883 | 1.4599 16.41 | 7.75e-04 8.19e-04 |   3.4548 0.6910  0.5437  3.6924 0.500 11.00 | PAIR-CHANNEL-DEAD
# CONVTAG t=116.00 rough=0.000000 cond=0.682636 evap=1.597644 backs=0.208388
t=  118.00 +0.00e+00 | 1.7409 17.39  23476    6   7636   6928 | 1.4599 16.41 | 6.04e-04 8.20e-04 |   3.4520 0.6904  0.5449  3.6890 0.500 11.00 | PAIR-CHANNEL-DEAD
# CONVTAG t=118.00 rough=0.000000 cond=0.682636 evap=1.597644 backs=0.208388
t=  120.00 +0.00e+00 | 1.7409 17.39  23475    7   7675   6962 | 1.4599 16.41 | 6.58e-04 8.04e-04 |   3.4497 0.6899  0.5461  3.6849 0.500 11.00 | PAIR-CHANNEL-DEAD
# CONVTAG t=120.00 rough=0.000000 cond=0.682636 evap=1.597644 backs=0.208388
t=  122.00 +0.00e+00 | 1.7409 17.39  23481    9   7718   7001 | 1.4599 16.41 | 6.09e-04 8.31e-04 |   3.4459 0.6892  0.5473  3.6815 0.500 11.00 | PAIR-CHANNEL-DEAD
# CONVTAG t=122.00 rough=0.000000 cond=0.682636 evap=1.597644 backs=0.208388
t=  124.00 -1.68e-16 | 1.7409 17.39  23473    9   7755   7030 | 1.4598 16.41 | 4.37e-04 7.97e-04 |   3.4417 0.6883  0.5494  3.6796 0.500 11.00 | PAIR-CHANNEL-DEAD
# CONVTAG t=124.00 rough=0.000000 cond=0.682636 evap=1.597644 backs=0.208388
t=  126.00 +0.00e+00 | 1.7409 17.39  23475    7   7785   7070 | 1.4599 16.41 | 4.63e-04 7.78e-04 |   3.4363 0.6873  0.5499  3.6792 0.500 11.00 | PAIR-CHANNEL-DEAD
# CONVTAG t=126.00 rough=0.000000 cond=0.682636 evap=1.597644 backs=0.208388
t=  128.00 +0.00e+00 | 1.7409 17.39  23477    3   7820   7102 | 1.4599 16.41 | 7.47e-04 7.30e-04 |   3.4318 0.6864  0.5491  3.6795 0.500 11.00 | PAIR-CHANNEL-DEAD
# CONVTAG t=128.00 rough=0.000000 cond=0.682636 evap=1.597644 backs=0.208388
t=  130.00 +0.00e+00 | 1.7409 17.40  23486   12   7860   7124 | 1.4601 16.41 | 9.64e-04 7.28e-04 |   3.4298 0.6860  0.5485  3.6801 0.500 11.00 | PAIR-CHANNEL-DEAD
# CONVTAG t=130.00 rough=0.000000 cond=0.682636 evap=1.597644 backs=0.208388
t=  132.00 +0.00e+00 | 1.7409 17.39  23483    4   7896   7165 | 1.4601 16.41 | 6.13e-04 7.48e-04 |   3.4295 0.6859  0.5497  3.6799 0.500 11.00 | PAIR-CHANNEL-DEAD
# CONVTAG t=132.00 rough=0.000000 cond=0.682636 evap=1.597644 backs=0.208388
t=  134.00 +0.00e+00 | 1.7409 17.40  23495    8   7939   7190 | 1.4603 16.42 | 6.06e-04 7.44e-04 |   3.1384 0.6277  0.7881  3.6650 0.500 11.00 | PAIR-CHANNEL-DEAD
# CONVTAG t=134.00 rough=0.000000 cond=0.682636 evap=1.888319 backs=0.246302
t=  136.00 +0.00e+00 | 1.7409 17.40  23488    7   7979   7228 | 1.4602 16.42 | 3.50e-04 6.92e-04 |   3.1372 0.6274  0.7911  3.6640 0.500 11.00 | PAIR-CHANNEL-DEAD
# CONVTAG t=136.00 rough=0.000000 cond=0.682636 evap=1.888319 backs=0.246302
t=  138.00 +0.00e+00 | 1.7409 17.39  23483    4   8018   7252 | 1.4602 16.42 | 3.66e-04 5.70e-04 |   3.1357 0.6271  0.7917  3.6644 0.500 11.00 | PAIR-CHANNEL-DEAD
# CONVTAG t=138.00 rough=0.000000 cond=0.682636 evap=1.888319 backs=0.246302
t=  140.00 +0.00e+00 | 1.7409 17.39  23482    7   8045   7282 | 1.4602 16.42 | 6.58e-04 7.88e-04 |   2.8423 0.5685  0.5523  3.6802 0.500 11.00 | PAIR-CHANNEL-DEAD
# CONVTAG t=140.00 rough=0.000000 cond=0.682636 evap=2.180128 backs=0.284365
t=  142.00 +0.00e+00 | 1.7409 17.40  23492    5   8079   7306 | 1.4604 16.42 | 8.35e-04 5.18e-04 |   2.8407 0.5681  0.5520  3.6826 0.500 11.00 | PAIR-CHANNEL-DEAD
# CONVTAG t=142.00 rough=0.000000 cond=0.682636 evap=2.180128 backs=0.284365
t=  144.00 +0.00e+00 | 1.7409 17.41  23505    6   8115   7337 | 1.4605 16.42 | 4.61e-04 4.92e-04 |   3.0460 0.6092  0.4646  3.6767 0.500 11.50 | PAIR-CHANNEL-DEAD
# CONVTAG t=144.00 rough=0.000000 cond=0.861834 evap=2.180128 backs=0.284365
t=  146.00 +0.00e+00 | 1.7409 17.42  23511    2   8145   7356 | 1.4605 16.42 | 5.07e-04 7.41e-04 |   3.0453 0.6091  0.4631  3.6782 0.500 11.50 | PAIR-CHANNEL-DEAD
# CONVTAG t=146.00 rough=0.000000 cond=0.861834 evap=2.180128 backs=0.284365
t=  148.00 +0.00e+00 | 1.7409 17.42  23521    7   8172   7388 | 1.4607 16.42 | 6.26e-04 7.62e-04 |   3.2502 0.6500  0.5508  3.6892 0.500 11.50 | PAIR-CHANNEL-DEAD
# CONVTAG t=148.00 rough=0.000000 cond=1.041869 evap=2.180128 backs=0.284365
t=  150.00 +0.00e+00 | 1.7409 17.42  23512    3   8200   7411 | 1.4606 16.42 | 4.12e-04 4.84e-04 |   3.2490 0.6498  0.5515  3.6897 0.500 11.50 | PAIR-CHANNEL-DEAD
# CONVTAG t=150.00 rough=0.000000 cond=1.041869 evap=2.180128 backs=0.284365
t=  152.00 +0.00e+00 | 1.7409 17.43  23525    4   8222   7427 | 1.4607 16.42 | 4.88e-04 4.27e-04 |   3.2478 0.6496  0.5513  3.6893 0.500 11.50 | PAIR-CHANNEL-DEAD
# CONVTAG t=152.00 rough=0.000000 cond=1.041869 evap=2.180128 backs=0.284365
t=  154.00 +0.00e+00 | 1.7409 17.43  23528    3   8253   7461 | 1.4608 16.43 | 3.84e-04 9.77e-04 |   3.2470 0.6494  0.5519  3.6882 0.500 11.50 | PAIR-CHANNEL-DEAD
# CONVTAG t=154.00 rough=0.000000 cond=1.041869 evap=2.180128 backs=0.284365
t=  156.00 +0.00e+00 | 1.7409 17.43  23536    6   8276   7476 | 1.4609 16.42 | 4.11e-04 4.58e-04 |   3.2448 0.6490  0.5535  3.6864 0.500 11.50 | PAIR-CHANNEL-DEAD
# CONVTAG t=156.00 rough=0.000000 cond=1.041869 evap=2.180128 backs=0.284365
t=  158.00 +0.00e+00 | 1.7409 17.43  23537    3   8292   7499 | 1.4609 16.42 | 4.61e-04 6.40e-04 |   3.2415 0.6483  0.5561  3.6839 0.500 11.50 | PAIR-CHANNEL-DEAD
# CONVTAG t=158.00 rough=0.000000 cond=1.041869 evap=2.180128 backs=0.284365
t=  160.00 +0.00e+00 | 1.7409 17.45  23556    7   8308   7517 | 1.4611 16.42 | 3.91e-04 4.72e-04 |   3.2385 0.6477  0.5609  3.6794 0.500 11.50 | PAIR-CHANNEL-DEAD
# CONVTAG t=160.00 rough=0.000000 cond=1.041869 evap=2.180128 backs=0.284365
t=  162.00 +0.00e+00 | 1.7409 17.44  23549    6   8332   7549 | 1.4610 16.42 | 3.77e-04 6.40e-04 |   3.2374 0.6475  0.5691  3.6724 0.500 11.50 | PAIR-CHANNEL-DEAD
# CONVTAG t=162.00 rough=0.000000 cond=1.041869 evap=2.180128 backs=0.284365
t=  164.00 +0.00e+00 | 1.7409 17.45  23554    5   8359   7574 | 1.4611 16.42 | 4.23e-04 5.11e-04 |   3.2366 0.6473  0.5759  3.6672 0.500 12.00 | PAIR-CHANNEL-DEAD
# CONVTAG t=164.00 rough=0.000000 cond=1.041869 evap=2.180128 backs=0.284365
t=  166.00 +0.00e+00 | 1.7409 17.45  23551    4   8380   7594 | 1.4611 16.43 | 3.63e-04 4.77e-04 |   3.2350 0.6470  0.5781  3.6659 0.500 12.00 | PAIR-CHANNEL-DEAD
# CONVTAG t=166.00 rough=0.000000 cond=1.041869 evap=2.180128 backs=0.284365
t=  168.00 +0.00e+00 | 1.7409 17.44  23549    7   8403   7612 | 1.4611 16.43 | 3.86e-04 6.33e-04 |   3.2338 0.6468  0.5776  3.6662 0.500 12.00 | PAIR-CHANNEL-DEAD
# CONVTAG t=168.00 rough=0.000000 cond=1.041869 evap=2.180128 backs=0.284365
t=  170.00 +0.00e+00 | 1.7409 17.44  23550    3   8422   7637 | 1.4612 16.43 | 3.08e-04 5.62e-04 |   3.2329 0.6466  0.5761  3.6671 0.500 12.00 | PAIR-CHANNEL-DEAD
# CONVTAG t=170.00 rough=0.000000 cond=1.041869 evap=2.180128 backs=0.284365
t=  172.00 +0.00e+00 | 1.7409 17.45  23557    3   8447   7665 | 1.4612 16.43 | 3.41e-04 6.79e-04 |   3.2315 0.6463  0.5750  3.6672 0.500 12.00 | PAIR-CHANNEL-DEAD
# CONVTAG t=172.00 rough=0.000000 cond=1.041869 evap=2.180128 backs=0.284365
t=  174.00 +0.00e+00 | 1.7408 17.45  23552    2   8469   7688 | 1.4612 16.43 | 3.27e-04 5.16e-04 |   3.2288 0.6458  0.5740  3.6667 0.500 12.00 | PAIR-CHANNEL-DEAD
# CONVTAG t=174.00 rough=0.000000 cond=1.041869 evap=2.180128 backs=0.284365
t=  176.00 +0.00e+00 | 1.7408 17.45  23555    3   8488   7710 | 1.4613 16.43 | 3.35e-04 5.13e-04 |   3.2261 0.6452  0.5731  3.6653 0.500 12.00 | PAIR-CHANNEL-DEAD
# CONVTAG t=176.00 rough=0.000000 cond=1.041869 evap=2.180128 backs=0.284365
t=  178.00 +0.00e+00 | 1.7408 17.45  23563    6   8509   7732 | 1.4614 16.43 | 3.87e-04 4.72e-04 |   3.2246 0.6449  0.5717  3.6632 0.500 12.00 | PAIR-CHANNEL-DEAD
# CONVTAG t=178.00 rough=0.000000 cond=1.041869 evap=2.180128 backs=0.284365
t=  180.00 +0.00e+00 | 1.7408 17.44  23550    3   8535   7755 | 1.4613 16.43 | 4.21e-04 4.63e-04 |   3.2240 0.6448  0.5704  3.6606 0.500 12.00 | PAIR-CHANNEL-DEAD
# CONVTAG t=180.00 rough=0.000000 cond=1.041869 evap=2.180128 backs=0.284365
t=  182.00 +0.00e+00 | 1.7408 17.45  23556    5   8555   7778 | 1.4613 16.43 | 4.36e-04 2.39e-04 |   3.2227 0.6445  0.5694  3.6574 0.500 12.00 | PAIR-CHANNEL-DEAD
# CONVTAG t=182.00 rough=0.000000 cond=1.041869 evap=2.180128 backs=0.284365
t=  184.00 +0.00e+00 | 1.7408 17.45  23561    2   8586   7800 | 1.4613 16.43 | 6.33e-04 3.11e-04 |   3.2212 0.6442  0.5682  3.6548 0.500 12.00 | PAIR-CHANNEL-DEAD
# CONVTAG t=184.00 rough=0.000000 cond=1.041869 evap=2.180128 backs=0.284365
t=  186.00 +0.00e+00 | 1.7408 17.46  23573    3   8607   7815 | 1.4614 16.43 | 4.62e-04 5.19e-04 |   3.2199 0.6440  0.5669  3.6531 0.500 12.00 | PAIR-CHANNEL-DEAD
# CONVTAG t=186.00 rough=0.000000 cond=1.041869 evap=2.180128 backs=0.284365
t=  188.00 +0.00e+00 | 1.7408 17.46  23575    1   8624   7833 | 1.4615 16.43 | 3.65e-04 4.54e-04 |   3.2187 0.6437  0.5664  3.6518 0.500 12.00 | PAIR-CHANNEL-DEAD
# CONVTAG t=188.00 rough=0.000000 cond=1.041869 evap=2.180128 backs=0.284365
t=  190.00 +0.00e+00 | 1.7408 17.47  23583    8   8640   7846 | 1.4615 16.42 | 4.00e-04 3.12e-04 |   3.2163 0.6433  0.5661  3.6506 0.500 12.00 | PAIR-CHANNEL-DEAD
# CONVTAG t=190.00 rough=0.000000 cond=1.041869 evap=2.180128 backs=0.284365
t=  192.00 +0.00e+00 | 1.7408 17.47  23589    4   8666   7881 | 1.4616 16.43 | 6.45e-04 4.07e-04 |   3.2135 0.6427  0.5655  3.6492 0.500 12.00 | PAIR-CHANNEL-DEAD
# CONVTAG t=192.00 rough=0.000000 cond=1.041869 evap=2.180128 backs=0.284365
t=  194.00 +0.00e+00 | 1.7408 17.48  23599    1   8687   7898 | 1.4617 16.43 | 4.97e-04 5.07e-04 |   3.2121 0.6424  0.5655  3.6478 0.500 12.00 | PAIR-CHANNEL-DEAD
# CONVTAG t=194.00 rough=0.000000 cond=1.041869 evap=2.180128 backs=0.284365
t=  196.00 +0.00e+00 | 1.7408 17.48  23594    3   8714   7915 | 1.4616 16.42 | 4.02e-04 5.23e-04 |   3.2114 0.6423  0.5661  3.6466 0.500 12.00 | PAIR-CHANNEL-DEAD
# CONVTAG t=196.00 rough=0.000000 cond=1.041869 evap=2.180128 backs=0.284365
t=  198.00 +0.00e+00 | 1.7408 17.47  23591    6   8730   7933 | 1.4616 16.42 | 3.89e-04 3.98e-04 |   3.2108 0.6422  0.5670  3.6454 0.500 12.00 | PAIR-CHANNEL-DEAD
# CONVTAG t=198.00 rough=0.000000 cond=1.041869 evap=2.180128 backs=0.284365
t=  200.00 +0.00e+00 | 1.7408 17.48  23604    5   8745   7957 | 1.4617 16.42 | 3.59e-04 6.75e-04 |   3.2092 0.6418  0.5680  3.6444 0.500 12.00 | PAIR-CHANNEL-DEAD
# CONVTAG t=200.00 rough=0.000000 cond=1.041869 evap=2.180128 backs=0.284365
t=  202.00 +0.00e+00 | 1.7408 17.48  23601    2   8760   7975 | 1.4617 16.42 | 3.22e-04 4.90e-04 |   3.2075 0.6415  0.5687  3.6437 0.500 12.00 | PAIR-CHANNEL-DEAD
# CONVTAG t=202.00 rough=0.000000 cond=1.041869 evap=2.180128 backs=0.284365
t=  204.00 +0.00e+00 | 1.7408 17.48  23592    2   8780   7995 | 1.4616 16.42 | 3.59e-04 7.17e-04 |   3.2066 0.6413  0.5695  3.6431 0.500 12.00 | PAIR-CHANNEL-DEAD
# CONVTAG t=204.00 rough=0.000000 cond=1.041869 evap=2.180128 backs=0.284365
t=  206.00 +0.00e+00 | 1.7409 17.49  23607    2   8800   8010 | 1.4617 16.42 | 2.81e-04 6.35e-04 |   2.9050 0.5810  0.8364  3.6239 0.500 12.00 | PAIR-CHANNEL-DEAD
# CONVTAG t=206.00 rough=0.000000 cond=1.041869 evap=2.479555 backs=0.323420
t=  208.00 +0.00e+00 | 1.7409 17.49  23616    6   8814   8024 | 1.4619 16.42 | 3.94e-04 8.96e-04 |   2.9028 0.5806  0.8368  3.6231 0.500 12.00 | PAIR-CHANNEL-DEAD
# CONVTAG t=208.00 rough=0.000000 cond=1.041869 evap=2.479555 backs=0.323420
t=  210.00 +0.00e+00 | 1.7409 17.50  23622    3   8837   8044 | 1.4619 16.43 | 2.90e-04 3.82e-04 |   2.6005 0.5201  0.5700  3.6397 0.500 12.00 | PAIR-CHANNEL-DEAD
# CONVTAG t=210.00 rough=0.000000 cond=1.041869 evap=2.780351 backs=0.362655
t=  212.00 +0.00e+00 | 1.7409 17.50  23625    5   8854   8070 | 1.4620 16.42 | 2.89e-04 7.24e-04 |   2.5989 0.5198  0.5688  3.6374 0.500 12.00 | PAIR-CHANNEL-DEAD
# CONVTAG t=212.00 rough=0.000000 cond=1.041869 evap=2.780351 backs=0.362655
t=  214.00 +0.00e+00 | 1.7409 17.50  23625    3   8870   8082 | 1.4620 16.42 | 2.47e-04 3.60e-04 |   2.8108 0.5622  0.4814  3.6253 0.500 12.00 | PAIR-CHANNEL-DEAD
# CONVTAG t=214.00 rough=0.000000 cond=1.227418 evap=2.780351 backs=0.362655
t=  216.00 +0.00e+00 | 1.7409 17.50  23631    2   8892   8096 | 1.4621 16.43 | 2.72e-04 3.89e-04 |   2.8102 0.5620  0.4811  3.6249 0.500 12.00 | PAIR-CHANNEL-DEAD
# CONVTAG t=216.00 rough=0.000000 cond=1.227418 evap=2.780351 backs=0.362655
t=  218.00 +0.00e+00 | 1.7409 17.50  23630    4   8913   8110 | 1.4621 16.43 | 3.09e-04 5.98e-04 |   2.8086 0.5617  0.4812  3.6246 0.500 12.00 | PAIR-CHANNEL-DEAD
# CONVTAG t=218.00 rough=0.000000 cond=1.227418 evap=2.780351 backs=0.362655
t=  220.00 +0.00e+00 | 1.7408 17.50  23630    1   8936   8131 | 1.4621 16.43 | 4.02e-04 8.32e-04 |   3.0218 0.6044  0.5712  3.6383 0.500 12.00 | PAIR-CHANNEL-DEAD
# CONVTAG t=220.00 rough=0.000000 cond=1.413981 evap=2.780351 backs=0.362655
t=  222.00 +0.00e+00 | 1.7408 17.50  23627    1   8953   8148 | 1.4620 16.43 | 4.74e-04 9.60e-04 |   3.0212 0.6042  0.5720  3.6387 0.500 12.00 | PAIR-CHANNEL-DEAD
# CONVTAG t=222.00 rough=0.000000 cond=1.413981 evap=2.780351 backs=0.362655
t=  224.00 +0.00e+00 | 1.7408 17.50  23627    4   8976   8162 | 1.4620 16.43 | 2.87e-04 4.96e-04 |   3.0198 0.6040  0.5723  3.6391 0.500 12.00 | PAIR-CHANNEL-DEAD
# CONVTAG t=224.00 rough=0.000000 cond=1.413981 evap=2.780351 backs=0.362655
t=  226.00 +0.00e+00 | 1.7408 17.50  23625    4   8991   8176 | 1.4620 16.43 | 3.10e-04 5.03e-04 |   3.0188 0.6038  0.5726  3.6397 0.500 12.00 | PAIR-CHANNEL-DEAD
# CONVTAG t=226.00 rough=0.000000 cond=1.413981 evap=2.780351 backs=0.362655
t=  228.00 +0.00e+00 | 1.7408 17.50  23631    3   9003   8198 | 1.4620 16.42 | 3.79e-04 4.54e-04 |   3.0179 0.6036  0.5731  3.6403 0.500 12.00 | PAIR-CHANNEL-DEAD
# CONVTAG t=228.00 rough=0.000000 cond=1.413981 evap=2.780351 backs=0.362655
t=  230.00 +0.00e+00 | 1.7408 17.50  23629    4   9021   8215 | 1.4620 16.42 | 4.16e-04 5.75e-04 |   3.0163 0.6033  0.5730  3.6408 0.500 12.00 | PAIR-CHANNEL-DEAD
# CONVTAG t=230.00 rough=0.000000 cond=1.413981 evap=2.780351 backs=0.362655
t=  232.00 +0.00e+00 | 1.7408 17.50  23627    2   9039   8236 | 1.4620 16.42 | 3.58e-04 4.93e-04 |   3.0158 0.6032  0.5731  3.6414 0.500 12.00 | PAIR-CHANNEL-DEAD
# CONVTAG t=232.00 rough=0.000000 cond=1.413981 evap=2.780351 backs=0.362655
t=  234.00 +0.00e+00 | 1.7408 17.50  23627    2   9064   8251 | 1.4620 16.43 | 3.56e-04 4.23e-04 |   3.0143 0.6029  0.5726  3.6420 0.500 12.00 | PAIR-CHANNEL-DEAD
# CONVTAG t=234.00 rough=0.000000 cond=1.413981 evap=2.780351 backs=0.362655
t=  236.00 +0.00e+00 | 1.7408 17.50  23625    2   9079   8274 | 1.4620 16.43 | 6.44e-04 4.92e-04 |   3.0134 0.6027  0.5725  3.6426 0.500 12.00 | PAIR-CHANNEL-DEAD
# CONVTAG t=236.00 rough=0.000000 cond=1.413981 evap=2.780351 backs=0.362655
t=  238.00 +0.00e+00 | 1.7408 17.50  23621    6   9101   8295 | 1.4619 16.43 | 5.22e-04 5.94e-04 |   3.0125 0.6025  0.5724  3.6433 0.500 12.00 | PAIR-CHANNEL-DEAD
# CONVTAG t=238.00 rough=0.000000 cond=1.413981 evap=2.780351 backs=0.362655
t=  240.00 +1.68e-16 | 1.7408 17.50  23628    0   9123   8312 | 1.4620 16.43 | 4.62e-04 6.90e-04 |   3.0109 0.6022  0.5713  3.6438 0.500 12.00 | PAIR-CHANNEL-DEAD
# CONVTAG t=240.00 rough=0.000000 cond=1.413981 evap=2.780351 backs=0.362655
t=  242.00 +1.68e-16 | 1.7408 17.49  23617    6   9150   8329 | 1.4619 16.43 | 5.95e-04 7.51e-04 |   3.0103 0.6021  0.5703  3.6441 0.500 12.00 | PAIR-CHANNEL-DEAD
# CONVTAG t=242.00 rough=0.000000 cond=1.413981 evap=2.780351 backs=0.362655
t=  244.00 +0.00e+00 | 1.7408 17.50  23624    6   9172   8345 | 1.4620 16.43 | 2.89e-04 4.48e-04 |   3.0091 0.6018  0.5688  3.6444 0.500 12.00 | PAIR-CHANNEL-DEAD
# CONVTAG t=244.00 rough=0.000000 cond=1.413981 evap=2.780351 backs=0.362655
t=  246.00 +0.00e+00 | 1.7408 17.50  23624    4   9195   8375 | 1.4620 16.43 | 3.28e-04 6.70e-04 |   3.0078 0.6016  0.5675  3.6443 0.500 12.00 | PAIR-CHANNEL-DEAD
# CONVTAG t=246.00 rough=0.000000 cond=1.413981 evap=2.780351 backs=0.362655
t=  248.00 +0.00e+00 | 1.7408 17.50  23627    2   9222   8390 | 1.4620 16.43 | 3.33e-04 4.93e-04 |   3.0071 0.6014  0.5665  3.6442 0.500 12.00 | PAIR-CHANNEL-DEAD
# CONVTAG t=248.00 rough=0.000000 cond=1.413981 evap=2.780351 backs=0.362655
t=  250.00 +1.68e-16 | 1.7408 17.50  23625    1   9243   8409 | 1.4620 16.42 | 3.01e-04 5.68e-04 |   3.0055 0.6011  0.5650  3.6440 0.500 12.00 | PAIR-CHANNEL-DEAD
# CONVTAG t=250.00 rough=0.000000 cond=1.413981 evap=2.780351 backs=0.362655
t=  252.00 +1.68e-16 | 1.7408 17.51  23641    8   9256   8419 | 1.4622 16.43 | 2.90e-04 4.06e-04 |   3.0047 0.6009  0.5641  3.6438 0.500 12.00 | PAIR-CHANNEL-DEAD
# CONVTAG t=252.00 rough=0.000000 cond=1.413981 evap=2.780351 backs=0.362655
t=  254.00 +1.68e-16 | 1.7408 17.51  23641    4   9273   8450 | 1.4621 16.42 | 2.97e-04 6.00e-04 |   3.0038 0.6008  0.5632  3.6435 0.500 12.00 | PAIR-CHANNEL-DEAD
# CONVTAG t=254.00 rough=0.000000 cond=1.413981 evap=2.780351 backs=0.362655
t=  256.00 +1.68e-16 | 1.7408 17.52  23646    2   9288   8470 | 1.4622 16.43 | 2.59e-04 3.96e-04 |   3.0023 0.6005  0.5623  3.6431 0.500 12.00 | PAIR-CHANNEL-DEAD
# CONVTAG t=256.00 rough=0.000000 cond=1.413981 evap=2.780351 backs=0.362655
t=  258.00 +1.68e-16 | 1.7408 17.52  23646    4   9302   8487 | 1.4622 16.43 | 2.09e-04 3.95e-04 |   3.0017 0.6003  0.5617  3.6427 0.500 12.00 | PAIR-CHANNEL-DEAD
# CONVTAG t=258.00 rough=0.000000 cond=1.413981 evap=2.780351 backs=0.362655
t=  260.00 +0.00e+00 | 1.7408 17.51  23638    2   9323   8510 | 1.4621 16.42 | 2.43e-04 5.65e-04 |   3.0002 0.6000  0.5608  3.6421 0.500 12.00 | PAIR-CHANNEL-DEAD
# CONVTAG t=260.00 rough=0.000000 cond=1.413981 evap=2.780351 backs=0.362655
t=  262.00 +0.00e+00 | 1.7408 17.51  23640    5   9336   8523 | 1.4621 16.42 | 2.79e-04 5.41e-04 |   2.9992 0.5998  0.5605  3.6415 0.500 12.00 | PAIR-CHANNEL-DEAD
# CONVTAG t=262.00 rough=0.000000 cond=1.413981 evap=2.780351 backs=0.362655
t=  264.00 +0.00e+00 | 1.7408 17.51  23634    2   9358   8552 | 1.4621 16.43 | 3.22e-04 6.63e-04 |   2.9984 0.5997  0.5602  3.6407 0.500 12.00 | PAIR-CHANNEL-DEAD
# CONVTAG t=264.00 rough=0.000000 cond=1.413981 evap=2.780351 backs=0.362655
t=  266.00 +0.00e+00 | 1.7408 17.51  23639    5   9370   8572 | 1.4621 16.43 | 2.07e-04 4.85e-04 |   2.9968 0.5994  0.5594  3.6399 0.500 12.00 | PAIR-CHANNEL-DEAD
# CONVTAG t=266.00 rough=0.000000 cond=1.413981 evap=2.780351 backs=0.362655
t=  268.00 +0.00e+00 | 1.7408 17.51  23642    4   9386   8591 | 1.4621 16.42 | 2.23e-04 4.82e-04 |   2.9961 0.5992  0.5589  3.6391 0.500 12.00 | PAIR-CHANNEL-DEAD
# CONVTAG t=268.00 rough=0.000000 cond=1.413981 evap=2.780351 backs=0.362655
t=  270.00 +0.00e+00 | 1.7408 17.51  23641    1   9396   8609 | 1.4621 16.42 | 2.78e-04 4.04e-04 |   2.9948 0.5990  0.5581  3.6381 0.500 12.00 | PAIR-CHANNEL-DEAD
# CONVTAG t=270.00 rough=0.000000 cond=1.413981 evap=2.780351 backs=0.362655
t=  272.00 +1.68e-16 | 1.7408 17.51  23637    1   9412   8620 | 1.4620 16.42 | 3.13e-04 5.43e-04 |   2.9935 0.5987  0.5577  3.6368 0.500 12.00 | PAIR-CHANNEL-DEAD
# CONVTAG t=272.00 rough=0.000000 cond=1.413981 evap=2.780351 backs=0.362655
t=  274.00 +1.68e-16 | 1.7408 17.51  23645    4   9430   8636 | 1.4622 16.42 | 3.70e-04 7.89e-04 |   2.9928 0.5986  0.5577  3.6350 0.500 12.00 | PAIR-CHANNEL-DEAD
# CONVTAG t=274.00 rough=0.000000 cond=1.413981 evap=2.780351 backs=0.362655
t=  276.00 +0.00e+00 | 1.7408 17.52  23650    3   9444   8659 | 1.4622 16.42 | 3.12e-04 5.52e-04 |   2.9912 0.5982  0.5574  3.6327 0.500 12.00 | PAIR-CHANNEL-DEAD
# CONVTAG t=276.00 rough=0.000000 cond=1.413981 evap=2.780351 backs=0.362655
t=  278.00 +0.00e+00 | 1.7408 17.52  23651    2   9465   8676 | 1.4622 16.42 | 4.18e-04 3.99e-04 |   2.9903 0.5981  0.5575  3.6300 0.500 12.00 | PAIR-CHANNEL-DEAD
# CONVTAG t=278.00 rough=0.000000 cond=1.413981 evap=2.780351 backs=0.362655
t=  280.00 +1.68e-16 | 1.7408 17.52  23651    0   9481   8687 | 1.4622 16.42 | 4.23e-04 4.21e-04 |   2.9892 0.5978  0.5579  3.6269 0.500 12.00 | PAIR-CHANNEL-DEAD
# CONVTAG t=280.00 rough=0.000000 cond=1.413981 evap=2.780351 backs=0.362655
t=  282.00 +1.68e-16 | 1.7408 17.52  23649    1   9499   8706 | 1.4622 16.42 | 5.74e-04 4.28e-04 |   2.9878 0.5976  0.5584  3.6256 0.500 12.50 | PAIR-CHANNEL-DEAD
# CONVTAG t=282.00 rough=0.000000 cond=1.413981 evap=2.780351 backs=0.362655
t=  284.00 +1.68e-16 | 1.7408 17.52  23647    1   9511   8720 | 1.4622 16.42 | 4.05e-04 5.21e-04 |   2.9871 0.5974  0.5587  3.6254 0.500 12.50 | PAIR-CHANNEL-DEAD
# CONVTAG t=284.00 rough=0.000000 cond=1.413981 evap=2.780351 backs=0.362655
t=  286.00 +1.68e-16 | 1.7408 17.52  23651    5   9529   8734 | 1.4623 16.42 | 3.10e-04 4.93e-04 |   2.9856 0.5971  0.5582  3.6256 0.500 12.50 | PAIR-CHANNEL-DEAD
# CONVTAG t=286.00 rough=0.000000 cond=1.413981 evap=2.780351 backs=0.362655
t=  288.00 +1.68e-16 | 1.7408 17.52  23651    1   9543   8748 | 1.4623 16.42 | 2.11e-04 4.67e-04 |   2.9844 0.5969  0.5580  3.6259 0.500 12.50 | PAIR-CHANNEL-DEAD
# CONVTAG t=288.00 rough=0.000000 cond=1.413981 evap=2.780351 backs=0.362655
t=  290.00 +1.68e-16 | 1.7408 17.52  23647    1   9557   8759 | 1.4622 16.42 | 4.09e-04 8.92e-04 |   2.9835 0.5967  0.5581  3.6264 0.500 12.50 | PAIR-CHANNEL-DEAD
# CONVTAG t=290.00 rough=0.000000 cond=1.413981 evap=2.780351 backs=0.362655
t=  292.00 +1.68e-16 | 1.7409 17.51  23641    4   9575   8775 | 1.4622 16.42 | 2.21e-04 5.44e-04 |   2.6734 0.5347  0.8558  3.6048 0.500 12.50 | PAIR-CHANNEL-DEAD
# CONVTAG t=292.00 rough=0.000000 cond=1.413981 evap=3.088890 backs=0.402899
t=  294.00 +1.68e-16 | 1.7409 17.51  23642    5   9591   8799 | 1.4622 16.43 | 4.51e-04 6.89e-04 |   2.6722 0.5344  0.8578  3.6064 0.500 12.50 | PAIR-CHANNEL-DEAD
# CONVTAG t=294.00 rough=0.000000 cond=1.413981 evap=3.088890 backs=0.402899
t=  296.00 +1.68e-16 | 1.7409 17.52  23646    7   9612   8825 | 1.4623 16.43 | 5.80e-04 5.76e-04 |   2.6708 0.5342  0.8587  3.6097 0.500 12.50 | PAIR-CHANNEL-DEAD
# CONVTAG t=296.00 rough=0.000000 cond=1.413981 evap=3.088890 backs=0.402899
t=  298.00 +1.68e-16 | 1.7409 17.51  23645    4   9636   8850 | 1.4623 16.43 | 5.08e-04 4.29e-04 |   2.6694 0.5339  0.8599  3.6134 0.500 12.50 | PAIR-CHANNEL-DEAD
# CONVTAG t=298.00 rough=0.000000 cond=1.413981 evap=3.088890 backs=0.402899
t=  300.00 +0.00e+00 | 1.7409 17.52  23656    0   9658   8876 | 1.4624 16.43 | 3.19e-04 3.25e-04 |   2.6683 0.5337  0.8605  3.6163 0.500 12.50 | PAIR-CHANNEL-DEAD
# CONVTAG t=300.00 rough=0.000000 cond=1.413981 evap=3.088890 backs=0.402899
#
# RESULT drift_rel 0.000e+00
# RESULT births 9658 deaths 8876 beta_returns 0 beta_energy 0.000000e+00
# RESULT conv rough=0.000000 cond=1.413981 evap=0.000000 backs=0.402899 rad=3.088890
# RESULT credit qcnvD=8.838228 qcnvF=0.716649
# RESULT convtag rough=0.000000 cond=1.413981 evap=3.088890 backs=0.402899 net=-1.272010
# RESULT geometry phi_nom=1.7409 z_live=17.52 dbar=1.4624 sigma_d=0.1643
# RESULT pair CHANNEL DEAD
