# freecell — v89 free-cell substance test (exp=pair)
# laws = laws_V2g VERBATIM (defaults): C=1 w1=1.65 w2=2.9 q_detune=1.2
# gamma_res=0.25 gamma_res_m=0.1 p_gate=8 lock_floor=0.005 k_dep=1.2 k_dep_m=2 cap=2.5
# e_s0=1 es_floor=0.05 e_cond=0 f_conv=0.25 f_evap=0.5 s_pull=0.15
# kappa_lock=1 kappa_align=0.5 s_k=0.06 s_disp=0.3 sigma_tumble=0.01
# comb_limit=6 rough_k=0.35 gamma_rough=0.5 mob_sym=1 mob_floor=0.004 field_J=1.8
# quant_A0=1.15 quant_mode=2 (A0eff=1.15)
# v91 radiance (laws_V3r candidate A): k_rad=0.05 p_rad=4 rad_clock=0
# GEOMETRY (apparatus): cfac=1.15 k_rep=1 mob_geo=1 kappa_bond=1 freeze_geo=0
# bath=1 bath_frac=1 jam_sweeps=800 jam_k=0.1 L=16 dt=0.02 T=300 seed=20260802 diag_every=100
# JAM sweeps=800 max_step=1.407e-04 (tol 1.0e-04, k_end=0.0010) — witness for the settle
# SEED pair: i=2038 j=2136 x=1.0000/1.0000 p:q=1:1 m=1 d*=2.383277 d0=7.492458 (doff +5.1107)
# SEED pair radii r=0.7379 contact=1.4767  Em/voice=2.5000
# INIT NC=2700 slots=25757 live=20635 phi_nom=1.6959 z_live=15.29 dbar=1.4067 sigma_d=14.51% E0=2704.347826087
#
# t | drift_rel | phi_nom z_live NLa NLd births deaths | dbar sigma_d% | maxstep maxbond | Em_tag ret com_dev rms conn z_tag | pair: d delta gf gb | core/far
t=    0.00 +0.00e+00 | 1.6959 15.29  20635    0      0      0 | 1.4067 14.51 | 0.00e+00 0.00e+00 |   5.0000 1.0000  0.2614  3.7462 0.500 12.50 | PAIR-CHANNEL-DEAD
# CONVTAG t=0.00 rough=0.000000 cond=0.000000 evap=0.000000 backs=0.000000
t=    2.00 -1.68e-16 | 1.6959 15.68  21168    0    737    634 | 1.4153 14.61 | 2.51e-03 2.19e-07 |   4.9992 0.9998  0.2386  3.7456 0.500 13.00 | PAIR-CHANNEL-DEAD
# CONVTAG t=2.00 rough=0.000000 cond=0.000000 evap=0.000000 backs=0.000000
t=    4.00 -1.68e-16 | 1.6959 15.91  21485    0   1284   1104 | 1.4206 14.69 | 2.51e-03 2.43e-06 |   4.9983 0.9997  0.2356  3.7422 0.500 13.00 | PAIR-CHANNEL-DEAD
# CONVTAG t=4.00 rough=0.000000 cond=0.000000 evap=0.000000 backs=0.000000
t=    6.00 -1.68e-16 | 1.6959 16.10  21732    0   1691   1471 | 1.4245 14.74 | 1.88e-03 2.26e-05 |   4.9957 0.9991  0.2215  3.7414 0.500 11.50 | PAIR-CHANNEL-DEAD
# CONVTAG t=6.00 rough=0.000000 cond=0.000000 evap=0.000000 backs=0.000000
t=    8.00 -1.68e-16 | 1.6959 16.21  21882    1   2068   1797 | 1.4270 14.77 | 1.72e-03 4.20e-05 |   4.9896 0.9979  0.1977  3.7273 0.500 11.00 | PAIR-CHANNEL-DEAD
# CONVTAG t=8.00 rough=0.000000 cond=0.000000 evap=0.000000 backs=0.000000
t=   10.00 -1.68e-16 | 1.6959 16.31  22016    3   2399   2053 | 1.4291 14.80 | 1.19e-03 1.74e-04 |   4.9825 0.9965  0.1706  3.7049 0.500 10.50 | PAIR-CHANNEL-DEAD
# CONVTAG t=10.00 rough=0.000000 cond=0.000000 evap=0.000000 backs=0.000000
t=   12.00 -1.68e-16 | 1.6959 16.36  22091    6   2645   2239 | 1.4303 14.82 | 1.93e-03 2.95e-05 |   4.9762 0.9952  0.1545  3.6857 0.500 10.50 | PAIR-CHANNEL-DEAD
# CONVTAG t=12.00 rough=0.000000 cond=0.000000 evap=0.000000 backs=0.000000
t=   14.00 -1.68e-16 | 1.6959 16.42  22166   13   2892   2440 | 1.4316 14.83 | 1.42e-03 1.82e-04 |   4.9704 0.9941  0.1511  3.6639 0.500 10.50 | PAIR-CHANNEL-DEAD
# CONVTAG t=14.00 rough=0.000000 cond=0.000000 evap=0.000000 backs=0.000000
t=   16.00 -1.68e-16 | 1.6959 16.48  22253   11   3112   2634 | 1.4329 14.85 | 1.34e-03 5.29e-04 |   4.9634 0.9927  0.1551  3.6450 0.500 10.50 | PAIR-CHANNEL-DEAD
# CONVTAG t=16.00 rough=0.000000 cond=0.000000 evap=0.000000 backs=0.000000
# QATOM t=17.48 dir=DF w=1.32675778 e=0.242834067021 i=2136 Em=2.4696
t=   18.00 -1.68e-16 | 1.6959 16.53  22321   18   3306   2823 | 1.4339 14.86 | 9.49e-04 1.06e-04 |   4.7115 0.9423  0.2539  3.6298 0.500 10.50 | PAIR-CHANNEL-DEAD
# CONVTAG t=18.00 rough=0.000000 cond=0.000000 evap=0.242834 backs=0.031674
t=   20.00 -1.68e-16 | 1.6959 16.58  22380   19   3487   2966 | 1.4348 14.87 | 1.03e-03 3.42e-03 |   4.6702 0.9340  0.2757  3.6192 0.500 11.00 | PAIR-CHANNEL-DEAD
# CONVTAG t=20.00 rough=0.000000 cond=0.000000 evap=0.242834 backs=0.031674
t=   22.00 -1.68e-16 | 1.6959 16.61  22428   20   3649   3126 | 1.4355 14.87 | 1.19e-03 1.38e-03 |   4.3367 0.8673  0.1967  3.6130 0.500 11.50 | PAIR-CHANNEL-DEAD
# CONVTAG t=22.00 rough=0.000000 cond=0.000000 evap=0.484992 backs=0.063260
t=   24.00 -1.68e-16 | 1.6959 16.64  22470   17   3784   3279 | 1.4361 14.88 | 1.06e-03 1.23e-03 |   4.2929 0.8586  0.2219  3.6104 0.500 11.50 | PAIR-CHANNEL-DEAD
# CONVTAG t=24.00 rough=0.000000 cond=0.000000 evap=0.484992 backs=0.063260
t=   26.00 -1.68e-16 | 1.6959 16.67  22504   19   3913   3397 | 1.4365 14.88 | 1.43e-03 1.20e-03 |   4.2581 0.8516  0.2332  3.6138 0.500 11.50 | PAIR-CHANNEL-DEAD
# CONVTAG t=26.00 rough=0.000000 cond=0.000000 evap=0.484992 backs=0.063260
t=   28.00 -1.68e-16 | 1.6959 16.71  22559   19   4041   3503 | 1.4373 14.88 | 1.45e-03 1.14e-03 |   4.2128 0.8426  0.2389  3.6190 0.500 11.50 | PAIR-CHANNEL-DEAD
# CONVTAG t=28.00 rough=0.000000 cond=0.000000 evap=0.484992 backs=0.063260
t=   30.00 -1.68e-16 | 1.6959 16.72  22569   21   4149   3623 | 1.4375 14.89 | 1.26e-03 1.74e-03 |   4.1207 0.8241  0.2270  3.6345 0.500 11.50 | PAIR-CHANNEL-DEAD
# CONVTAG t=30.00 rough=0.000000 cond=0.000000 evap=0.484992 backs=0.063260
t=   32.00 -1.68e-16 | 1.6959 16.74  22595   22   4251   3718 | 1.4379 14.89 | 8.47e-04 1.05e-03 |   4.0264 0.8053  0.2021  3.6384 0.500 11.50 | PAIR-CHANNEL-DEAD
# CONVTAG t=32.00 rough=0.000000 cond=0.000000 evap=0.484992 backs=0.063260
t=   34.00 -1.68e-16 | 1.6959 16.76  22620   16   4362   3822 | 1.4383 14.90 | 9.70e-04 1.69e-03 |   3.9825 0.7965  0.1988  3.6387 0.500 12.00 | PAIR-CHANNEL-DEAD
# CONVTAG t=34.00 rough=0.000000 cond=0.000000 evap=0.484992 backs=0.063260
t=   36.00 -1.68e-16 | 1.6959 16.78  22648   16   4463   3911 | 1.4387 14.90 | 8.24e-04 6.69e-04 |   3.9455 0.7891  0.1985  3.6389 0.500 12.50 | PAIR-CHANNEL-DEAD
# CONVTAG t=36.00 rough=0.000000 cond=0.000000 evap=0.484992 backs=0.063260
t=   38.00 -1.68e-16 | 1.6959 16.79  22669    7   4555   4003 | 1.4390 14.90 | 6.34e-04 8.49e-04 |   3.9109 0.7822  0.2033  3.6428 0.500 12.50 | PAIR-CHANNEL-DEAD
# CONVTAG t=38.00 rough=0.000000 cond=0.000000 evap=0.484992 backs=0.063260
t=   40.00 -1.68e-16 | 1.6959 16.80  22680   18   4631   4071 | 1.4392 14.91 | 8.93e-04 1.13e-03 |   3.8785 0.7757  0.2078  3.6465 0.500 13.00 | PAIR-CHANNEL-DEAD
# CONVTAG t=40.00 rough=0.000000 cond=0.000000 evap=0.484992 backs=0.063260
t=   42.00 -1.68e-16 | 1.6959 16.81  22698   17   4705   4148 | 1.4395 14.91 | 1.14e-03 9.28e-04 |   3.8552 0.7710  0.2140  3.6482 0.500 13.00 | PAIR-CHANNEL-DEAD
# CONVTAG t=42.00 rough=0.000000 cond=0.000000 evap=0.484992 backs=0.063260
t=   44.00 +0.00e+00 | 1.6959 16.82  22708   15   4776   4222 | 1.4396 14.91 | 6.70e-04 8.72e-04 |   3.8380 0.7676  0.2225  3.6486 0.500 13.00 | PAIR-CHANNEL-DEAD
# CONVTAG t=44.00 rough=0.000000 cond=0.000000 evap=0.484992 backs=0.063260
t=   46.00 -1.68e-16 | 1.6959 16.84  22739   10   4869   4305 | 1.4401 14.92 | 9.17e-04 1.56e-03 |   3.8197 0.7639  0.2328  3.6503 0.500 13.00 | PAIR-CHANNEL-DEAD
# CONVTAG t=46.00 rough=0.000000 cond=0.000000 evap=0.484992 backs=0.063260
t=   48.00 -1.68e-16 | 1.6960 16.85  22748   13   4932   4362 | 1.4402 14.92 | 5.74e-04 1.19e-03 |   3.5290 0.7058  0.4670  3.6346 0.500 13.00 | PAIR-CHANNEL-DEAD
# CONVTAG t=48.00 rough=0.000000 cond=0.000000 evap=0.764600 backs=0.099730
t=   50.00 -1.68e-16 | 1.6960 16.86  22758   14   5000   4422 | 1.4404 14.92 | 6.10e-04 1.89e-03 |   3.5261 0.7052  0.4723  3.6352 0.500 12.50 | PAIR-CHANNEL-DEAD
# CONVTAG t=50.00 rough=0.000000 cond=0.000000 evap=0.764600 backs=0.099730
t=   52.00 -1.68e-16 | 1.6960 16.87  22772    9   5054   4482 | 1.4406 14.93 | 4.58e-04 1.56e-03 |   3.2492 0.6498  0.2651  3.6511 0.500 13.00 | PAIR-CHANNEL-DEAD
# CONVTAG t=52.00 rough=0.000000 cond=0.000000 evap=1.039587 backs=0.135598
t=   54.00 -1.68e-16 | 1.6960 16.88  22785   11   5103   4533 | 1.4408 14.93 | 6.01e-04 1.28e-03 |   3.2488 0.6498  0.2706  3.6503 0.500 12.00 | PAIR-CHANNEL-DEAD
# CONVTAG t=54.00 rough=0.000000 cond=0.000000 evap=1.039587 backs=0.135598
t=   56.00 -1.68e-16 | 1.6960 16.88  22785   12   5155   4583 | 1.4409 14.93 | 5.50e-04 9.84e-04 |   3.2478 0.6496  0.2767  3.6477 0.500 12.50 | PAIR-CHANNEL-DEAD
# CONVTAG t=56.00 rough=0.000000 cond=0.000000 evap=1.039587 backs=0.135598
t=   58.00 -1.68e-16 | 1.6960 16.89  22805   10   5201   4631 | 1.4411 14.93 | 6.30e-04 5.87e-04 |   3.2458 0.6492  0.2839  3.6432 0.500 12.50 | PAIR-CHANNEL-DEAD
# CONVTAG t=58.00 rough=0.000000 cond=0.000000 evap=1.039587 backs=0.135598
t=   60.00 -1.68e-16 | 1.6960 16.90  22816   15   5244   4677 | 1.4413 14.93 | 6.78e-04 1.20e-03 |   3.2429 0.6486  0.2906  3.6384 0.500 13.00 | PAIR-CHANNEL-DEAD
# CONVTAG t=60.00 rough=0.000000 cond=0.000000 evap=1.039587 backs=0.135598
t=   62.00 -1.68e-16 | 1.6960 16.90  22817    8   5297   4726 | 1.4413 14.94 | 6.79e-04 8.98e-04 |   3.2395 0.6479  0.2948  3.6369 0.500 13.00 | PAIR-CHANNEL-DEAD
# CONVTAG t=62.00 rough=0.000000 cond=0.000000 evap=1.039587 backs=0.135598
t=   64.00 -1.68e-16 | 1.6960 16.90  22816    6   5330   4772 | 1.4414 14.94 | 5.72e-04 7.02e-04 |   3.2360 0.6472  0.2998  3.6358 0.500 13.00 | PAIR-CHANNEL-DEAD
# CONVTAG t=64.00 rough=0.000000 cond=0.000000 evap=1.039587 backs=0.135598
t=   66.00 -1.68e-16 | 1.6960 16.91  22823    7   5379   4820 | 1.4415 14.94 | 4.63e-04 7.38e-04 |   3.4277 0.6855  0.2630  3.6339 0.500 12.50 | PAIR-CHANNEL-DEAD
# CONVTAG t=66.00 rough=0.000000 cond=0.171703 evap=1.039587 backs=0.135598
t=   68.00 -1.68e-16 | 1.6960 16.90  22812    4   5423   4857 | 1.4414 14.94 | 5.02e-04 7.40e-04 |   3.4214 0.6843  0.2609  3.6324 0.500 12.50 | PAIR-CHANNEL-DEAD
# CONVTAG t=68.00 rough=0.000000 cond=0.171703 evap=1.039587 backs=0.135598
t=   70.00 -1.68e-16 | 1.6959 16.91  22835    9   5468   4905 | 1.4417 14.94 | 7.03e-04 6.57e-04 |   3.6113 0.7223  0.3021  3.6292 0.500 12.50 | PAIR-CHANNEL-DEAD
# CONVTAG t=70.00 rough=0.000000 cond=0.340082 evap=1.039587 backs=0.135598
t=   72.00 -1.68e-16 | 1.6959 16.92  22843    7   5534   4951 | 1.4418 14.94 | 1.08e-03 5.57e-04 |   3.6086 0.7217  0.3024  3.6254 0.500 12.50 | PAIR-CHANNEL-DEAD
# CONVTAG t=72.00 rough=0.000000 cond=0.340082 evap=1.039587 backs=0.135598
t=   74.00 -1.68e-16 | 1.6959 16.93  22851    8   5589   4996 | 1.4419 14.94 | 5.81e-04 6.59e-04 |   3.6068 0.7214  0.3012  3.6219 0.500 12.50 | PAIR-CHANNEL-DEAD
# CONVTAG t=74.00 rough=0.000000 cond=0.340082 evap=1.039587 backs=0.135598
t=   76.00 -1.68e-16 | 1.6959 16.92  22848    7   5639   5051 | 1.4418 14.94 | 7.23e-04 4.98e-04 |   3.6044 0.7209  0.2982  3.6186 0.500 12.50 | PAIR-CHANNEL-DEAD
# CONVTAG t=76.00 rough=0.000000 cond=0.340082 evap=1.039587 backs=0.135598
t=   78.00 -1.68e-16 | 1.6959 16.93  22850    7   5697   5092 | 1.4419 14.94 | 5.69e-04 5.12e-04 |   3.6011 0.7202  0.2936  3.6142 0.500 12.50 | PAIR-CHANNEL-DEAD
# CONVTAG t=78.00 rough=0.000000 cond=0.340082 evap=1.039587 backs=0.135598
t=   80.00 -1.68e-16 | 1.6959 16.94  22867   10   5745   5138 | 1.4421 14.94 | 7.29e-04 5.55e-04 |   3.5959 0.7192  0.2871  3.6093 0.500 12.50 | PAIR-CHANNEL-DEAD
# CONVTAG t=80.00 rough=0.000000 cond=0.340082 evap=1.039587 backs=0.135598
t=   82.00 -1.68e-16 | 1.6959 16.94  22871   13   5792   5171 | 1.4421 14.94 | 6.18e-04 5.90e-04 |   3.5905 0.7181  0.2809  3.6048 0.500 12.50 | PAIR-CHANNEL-DEAD
# CONVTAG t=82.00 rough=0.000000 cond=0.340082 evap=1.039587 backs=0.135598
t=   84.00 -1.68e-16 | 1.6959 16.94  22870   13   5844   5222 | 1.4421 14.94 | 4.87e-04 7.37e-04 |   3.5831 0.7166  0.2742  3.6008 0.500 12.50 | PAIR-CHANNEL-DEAD
# CONVTAG t=84.00 rough=0.000000 cond=0.340082 evap=1.039587 backs=0.135598
t=   86.00 -1.68e-16 | 1.6959 16.94  22872   15   5900   5276 | 1.4422 14.94 | 7.84e-04 7.80e-04 |   3.5729 0.7146  0.2683  3.5966 0.500 12.50 | PAIR-CHANNEL-DEAD
# CONVTAG t=86.00 rough=0.000000 cond=0.340082 evap=1.039587 backs=0.135598
t=   88.00 -1.68e-16 | 1.6960 16.95  22886    6   5952   5329 | 1.4423 14.94 | 6.61e-04 4.91e-04 |   3.2750 0.6550  0.2886  3.5838 0.500 12.50 | PAIR-CHANNEL-DEAD
# CONVTAG t=88.00 rough=0.000000 cond=0.340082 evap=1.323525 backs=0.172634
t=   90.00 -1.68e-16 | 1.6960 16.95  22881    8   5988   5361 | 1.4423 14.94 | 8.38e-04 4.58e-04 |   3.2646 0.6529  0.2831  3.5797 0.500 12.50 | PAIR-CHANNEL-DEAD
# CONVTAG t=90.00 rough=0.000000 cond=0.340082 evap=1.323525 backs=0.172634
t=   92.00 -1.68e-16 | 1.6960 16.95  22883    5   6042   5399 | 1.4423 14.94 | 9.85e-04 3.81e-04 |   3.2583 0.6517  0.2790  3.5766 0.500 12.50 | PAIR-CHANNEL-DEAD
# CONVTAG t=92.00 rough=0.000000 cond=0.340082 evap=1.323525 backs=0.172634
t=   94.00 -1.68e-16 | 1.6960 16.96  22893   11   6082   5437 | 1.4425 14.94 | 8.02e-04 8.02e-04 |   3.2544 0.6509  0.2751  3.5744 0.500 12.50 | PAIR-CHANNEL-DEAD
# CONVTAG t=94.00 rough=0.000000 cond=0.340082 evap=1.323525 backs=0.172634
t=   96.00 -1.68e-16 | 1.6960 16.97  22906    5   6117   5479 | 1.4426 14.94 | 5.78e-04 6.80e-04 |   3.2490 0.6498  0.2714  3.5724 0.500 12.50 | PAIR-CHANNEL-DEAD
# CONVTAG t=96.00 rough=0.000000 cond=0.340082 evap=1.323525 backs=0.172634
t=   98.00 -1.68e-16 | 1.6960 16.95  22884    7   6161   5520 | 1.4424 14.94 | 4.76e-04 5.38e-04 |   3.2463 0.6493  0.2682  3.5709 0.500 12.50 | PAIR-CHANNEL-DEAD
# CONVTAG t=98.00 rough=0.000000 cond=0.340082 evap=1.323525 backs=0.172634
t=  100.00 -1.68e-16 | 1.6960 16.95  22882   13   6207   5557 | 1.4424 14.94 | 4.20e-04 5.91e-04 |   3.2452 0.6490  0.2661  3.5694 0.500 12.50 | PAIR-CHANNEL-DEAD
# CONVTAG t=100.00 rough=0.000000 cond=0.340082 evap=1.323525 backs=0.172634
t=  102.00 -1.68e-16 | 1.6960 16.95  22884    8   6264   5605 | 1.4424 14.94 | 5.28e-04 1.04e-03 |   2.9538 0.5908  0.2950  3.5729 0.500 12.50 | PAIR-CHANNEL-DEAD
# CONVTAG t=102.00 rough=0.000000 cond=0.340082 evap=1.614049 backs=0.210528
t=  104.00 -1.68e-16 | 1.6960 16.95  22883    9   6301   5647 | 1.4424 14.94 | 5.06e-04 5.80e-04 |   2.9525 0.5905  0.2999  3.5706 0.500 12.50 | PAIR-CHANNEL-DEAD
# CONVTAG t=104.00 rough=0.000000 cond=0.340082 evap=1.614049 backs=0.210528
t=  106.00 -1.68e-16 | 1.6960 16.95  22881    4   6343   5681 | 1.4424 14.94 | 6.33e-04 6.22e-04 |   2.9502 0.5900  0.3024  3.5691 0.500 12.50 | PAIR-CHANNEL-DEAD
# CONVTAG t=106.00 rough=0.000000 cond=0.340082 evap=1.614049 backs=0.210528
t=  108.00 -1.68e-16 | 1.6960 16.95  22884    9   6381   5714 | 1.4424 14.94 | 4.86e-04 4.73e-04 |   2.9494 0.5899  0.3036  3.5676 0.500 12.50 | PAIR-CHANNEL-DEAD
# CONVTAG t=108.00 rough=0.000000 cond=0.340082 evap=1.614049 backs=0.210528
t=  110.00 -1.68e-16 | 1.6960 16.95  22883   10   6429   5755 | 1.4424 14.94 | 4.80e-04 4.73e-04 |   2.9473 0.5895  0.3057  3.5662 0.500 12.50 | PAIR-CHANNEL-DEAD
# CONVTAG t=110.00 rough=0.000000 cond=0.340082 evap=1.614049 backs=0.210528
t=  112.00 -1.68e-16 | 1.6960 16.96  22897    7   6462   5792 | 1.4426 14.94 | 5.01e-04 5.77e-04 |   2.9452 0.5890  0.3058  3.5651 0.500 12.50 | PAIR-CHANNEL-DEAD
# CONVTAG t=112.00 rough=0.000000 cond=0.340082 evap=1.614049 backs=0.210528
t=  114.00 -1.68e-16 | 1.6960 16.96  22899    5   6495   5832 | 1.4426 14.94 | 6.96e-04 6.66e-04 |   2.9442 0.5888  0.3066  3.5641 0.500 12.50 | PAIR-CHANNEL-DEAD
# CONVTAG t=114.00 rough=0.000000 cond=0.340082 evap=1.614049 backs=0.210528
t=  116.00 -1.68e-16 | 1.6960 16.97  22907   13   6533   5861 | 1.4427 14.94 | 7.92e-04 7.88e-04 |   2.9417 0.5883  0.3072  3.5631 0.500 12.50 | PAIR-CHANNEL-DEAD
# CONVTAG t=116.00 rough=0.000000 cond=0.340082 evap=1.614049 backs=0.210528
t=  118.00 -1.68e-16 | 1.6960 16.98  22917    7   6575   5899 | 1.4428 14.94 | 9.02e-04 8.87e-04 |   2.9406 0.5881  0.3062  3.5618 0.500 12.50 | PAIR-CHANNEL-DEAD
# CONVTAG t=118.00 rough=0.000000 cond=0.340082 evap=1.614049 backs=0.210528
t=  120.00 -1.68e-16 | 1.6960 16.98  22921   16   6613   5933 | 1.4428 14.94 | 5.90e-04 9.72e-04 |   3.1453 0.6291  0.2262  3.5604 0.500 12.50 | PAIR-CHANNEL-DEAD
# CONVTAG t=120.00 rough=0.000000 cond=0.519484 evap=1.614049 backs=0.210528
t=  122.00 -1.68e-16 | 1.6960 16.98  22923    8   6656   5976 | 1.4429 14.94 | 5.20e-04 1.05e-03 |   3.1384 0.6277  0.2223  3.5584 0.500 12.50 | PAIR-CHANNEL-DEAD
# CONVTAG t=122.00 rough=0.000000 cond=0.519484 evap=1.614049 backs=0.210528
t=  124.00 -1.68e-16 | 1.6960 16.98  22928    9   6685   6012 | 1.4429 14.94 | 5.23e-04 4.45e-04 |   3.1339 0.6268  0.2197  3.5559 0.500 12.50 | PAIR-CHANNEL-DEAD
# CONVTAG t=124.00 rough=0.000000 cond=0.519484 evap=1.614049 backs=0.210528
t=  126.00 -1.68e-16 | 1.6960 16.99  22931    7   6720   6050 | 1.4430 14.94 | 6.00e-04 5.52e-04 |   3.1323 0.6265  0.2183  3.5531 0.500 12.50 | PAIR-CHANNEL-DEAD
# CONVTAG t=126.00 rough=0.000000 cond=0.519484 evap=1.614049 backs=0.210528
t=  128.00 -1.68e-16 | 1.6960 17.00  22955    9   6768   6088 | 1.4433 14.94 | 4.59e-04 4.95e-04 |   3.1310 0.6262  0.2178  3.5503 0.500 13.00 | PAIR-CHANNEL-DEAD
# CONVTAG t=128.00 rough=0.000000 cond=0.519484 evap=1.614049 backs=0.210528
t=  130.00 -1.68e-16 | 1.6960 17.00  22955    7   6816   6137 | 1.4433 14.94 | 4.12e-04 4.00e-04 |   3.1309 0.6262  0.2175  3.5479 0.500 13.00 | PAIR-CHANNEL-DEAD
# CONVTAG t=130.00 rough=0.000000 cond=0.519484 evap=1.614049 backs=0.210528
t=  132.00 -1.68e-16 | 1.6960 17.01  22957    8   6856   6171 | 1.4433 14.94 | 5.63e-04 4.61e-04 |   3.3307 0.6661  0.2846  3.5467 0.500 12.50 | PAIR-CHANNEL-DEAD
# CONVTAG t=132.00 rough=0.000000 cond=0.694432 evap=1.614049 backs=0.210528
t=  134.00 -1.68e-16 | 1.6960 17.02  22972    6   6895   6214 | 1.4435 14.94 | 7.65e-04 4.66e-04 |   3.3296 0.6659  0.2859  3.5460 0.500 12.50 | PAIR-CHANNEL-DEAD
# CONVTAG t=134.00 rough=0.000000 cond=0.694432 evap=1.614049 backs=0.210528
t=  136.00 -1.68e-16 | 1.6960 17.02  22971    4   6930   6248 | 1.4435 14.94 | 5.55e-04 5.10e-04 |   3.3290 0.6658  0.2873  3.5458 0.500 12.50 | PAIR-CHANNEL-DEAD
# CONVTAG t=136.00 rough=0.000000 cond=0.694432 evap=1.614049 backs=0.210528
t=  138.00 -1.68e-16 | 1.6960 17.02  22977    9   6968   6277 | 1.4436 14.95 | 4.65e-04 4.35e-04 |   3.3267 0.6653  0.2902  3.5457 0.500 13.00 | PAIR-CHANNEL-DEAD
# CONVTAG t=138.00 rough=0.000000 cond=0.694432 evap=1.614049 backs=0.210528
t=  140.00 -1.68e-16 | 1.6960 17.02  22977    5   6998   6311 | 1.4436 14.95 | 5.81e-04 3.50e-04 |   3.3211 0.6642  0.2959  3.5457 0.500 13.00 | PAIR-CHANNEL-DEAD
# CONVTAG t=140.00 rough=0.000000 cond=0.694432 evap=1.614049 backs=0.210528
t=  142.00 -1.68e-16 | 1.6960 17.02  22971    6   7032   6345 | 1.4436 14.95 | 4.99e-04 5.35e-04 |   3.3178 0.6636  0.3001  3.5465 0.500 13.00 | PAIR-CHANNEL-DEAD
# CONVTAG t=142.00 rough=0.000000 cond=0.694432 evap=1.614049 backs=0.210528
t=  144.00 -3.36e-16 | 1.6960 17.02  22980    6   7066   6382 | 1.4437 14.95 | 4.30e-04 3.92e-04 |   3.3166 0.6633  0.3016  3.5474 0.500 13.00 | PAIR-CHANNEL-DEAD
# CONVTAG t=144.00 rough=0.000000 cond=0.694432 evap=1.614049 backs=0.210528
t=  146.00 -1.68e-16 | 1.6960 17.02  22978    5   7095   6414 | 1.4437 14.95 | 3.49e-04 3.63e-04 |   3.3124 0.6625  0.3006  3.5488 0.500 13.00 | PAIR-CHANNEL-DEAD
# CONVTAG t=146.00 rough=0.000000 cond=0.694432 evap=1.614049 backs=0.210528
t=  148.00 -3.36e-16 | 1.6960 17.03  22984    5   7124   6448 | 1.4438 14.95 | 3.66e-04 4.60e-04 |   3.3048 0.6610  0.2979  3.5504 0.500 13.00 | PAIR-CHANNEL-DEAD
# CONVTAG t=148.00 rough=0.000000 cond=0.694432 evap=1.614049 backs=0.210528
t=  150.00 -1.68e-16 | 1.6960 17.02  22982    4   7151   6473 | 1.4437 14.95 | 3.11e-04 5.48e-04 |   3.2998 0.6600  0.2973  3.5519 0.500 13.00 | PAIR-CHANNEL-DEAD
# CONVTAG t=150.00 rough=0.000000 cond=0.694432 evap=1.614049 backs=0.210528
t=  152.00 -1.68e-16 | 1.6960 17.03  22989    5   7178   6502 | 1.4438 14.95 | 3.18e-04 6.79e-04 |   3.2972 0.6594  0.2986  3.5538 0.500 13.00 | PAIR-CHANNEL-DEAD
# CONVTAG t=152.00 rough=0.000000 cond=0.694432 evap=1.614049 backs=0.210528
t=  154.00 -3.36e-16 | 1.6960 17.03  22994    7   7215   6529 | 1.4439 14.95 | 3.94e-04 5.69e-04 |   3.2957 0.6591  0.3011  3.5563 0.500 13.00 | PAIR-CHANNEL-DEAD
# CONVTAG t=154.00 rough=0.000000 cond=0.694432 evap=1.614049 backs=0.210528
t=  156.00 -3.36e-16 | 1.6960 17.03  22994    5   7238   6559 | 1.4439 14.95 | 6.62e-04 6.80e-04 |   3.2908 0.6582  0.3077  3.5598 0.500 13.00 | PAIR-CHANNEL-DEAD
# CONVTAG t=156.00 rough=0.000000 cond=0.694432 evap=1.614049 backs=0.210528
t=  158.00 -1.68e-16 | 1.6960 17.03  22995    7   7266   6579 | 1.4439 14.95 | 9.28e-04 6.87e-04 |   3.2864 0.6573  0.3152  3.5650 0.500 13.50 | PAIR-CHANNEL-DEAD
# CONVTAG t=158.00 rough=0.000000 cond=0.694432 evap=1.614049 backs=0.210528
t=  160.00 -1.68e-16 | 1.6960 17.04  23002    8   7298   6607 | 1.4440 14.95 | 4.03e-04 6.72e-04 |   2.9919 0.5984  0.2637  3.5675 0.500 13.50 | PAIR-CHANNEL-DEAD
# CONVTAG t=160.00 rough=0.000000 cond=0.694432 evap=1.906763 backs=0.248708
t=  162.00 -1.68e-16 | 1.6960 17.04  23004    6   7330   6634 | 1.4441 14.95 | 3.16e-04 6.74e-04 |   2.9905 0.5981  0.2635  3.5745 0.500 13.50 | PAIR-CHANNEL-DEAD
# CONVTAG t=162.00 rough=0.000000 cond=0.694432 evap=1.906763 backs=0.248708
t=  164.00 -1.68e-16 | 1.6960 17.03  22997    4   7366   6665 | 1.4440 14.95 | 3.69e-04 7.62e-04 |   2.9900 0.5980  0.2626  3.5815 0.500 13.50 | PAIR-CHANNEL-DEAD
# CONVTAG t=164.00 rough=0.000000 cond=0.694432 evap=1.906763 backs=0.248708
t=  166.00 -1.68e-16 | 1.6960 17.04  23004    6   7391   6686 | 1.4441 14.96 | 3.48e-04 6.78e-04 |   2.9883 0.5977  0.2624  3.5885 0.500 13.50 | PAIR-CHANNEL-DEAD
# CONVTAG t=166.00 rough=0.000000 cond=0.694432 evap=1.906763 backs=0.248708
t=  168.00 -1.68e-16 | 1.6960 17.05  23011    7   7411   6711 | 1.4442 14.96 | 3.55e-04 6.93e-04 |   2.9872 0.5974  0.2618  3.5950 0.500 13.50 | PAIR-CHANNEL-DEAD
# CONVTAG t=168.00 rough=0.000000 cond=0.694432 evap=1.906763 backs=0.248708
t=  170.00 -1.68e-16 | 1.6960 17.04  23004    3   7433   6735 | 1.4441 14.96 | 3.97e-04 7.04e-04 |   2.9865 0.5973  0.2609  3.6015 0.500 13.50 | PAIR-CHANNEL-DEAD
# CONVTAG t=170.00 rough=0.000000 cond=0.694432 evap=1.906763 backs=0.248708
t=  172.00 -1.68e-16 | 1.6960 17.04  23009    5   7461   6759 | 1.4442 14.96 | 3.98e-04 6.30e-04 |   2.9824 0.5965  0.2598  3.6080 0.500 13.50 | PAIR-CHANNEL-DEAD
# CONVTAG t=172.00 rough=0.000000 cond=0.694432 evap=1.906763 backs=0.248708
t=  174.00 -1.68e-16 | 1.6960 17.05  23021    3   7488   6781 | 1.4443 14.96 | 6.10e-04 4.70e-04 |   2.6788 0.5358  0.4030  3.6146 0.500 13.50 | PAIR-CHANNEL-DEAD
# CONVTAG t=174.00 rough=0.000000 cond=0.694432 evap=2.208113 backs=0.288015
t=  176.00 -1.68e-16 | 1.6960 17.05  23024   10   7513   6812 | 1.4444 14.96 | 1.15e-03 5.16e-04 |   2.6765 0.5353  0.4130  3.6185 0.500 13.50 | PAIR-CHANNEL-DEAD
# CONVTAG t=176.00 rough=0.000000 cond=0.694432 evap=2.208113 backs=0.288015
t=  178.00 -1.68e-16 | 1.6960 17.06  23028    6   7548   6843 | 1.4445 14.96 | 1.11e-03 4.10e-04 |   2.6746 0.5349  0.4188  3.6224 0.500 13.50 | PAIR-CHANNEL-DEAD
# CONVTAG t=178.00 rough=0.000000 cond=0.694432 evap=2.208113 backs=0.288015
t=  180.00 -1.68e-16 | 1.6960 17.06  23032    4   7580   6872 | 1.4445 14.96 | 5.61e-04 4.42e-04 |   2.6729 0.5346  0.4266  3.6262 0.500 13.50 | PAIR-CHANNEL-DEAD
# CONVTAG t=180.00 rough=0.000000 cond=0.694432 evap=2.208113 backs=0.288015
t=  182.00 -1.68e-16 | 1.6960 17.07  23041    5   7612   6903 | 1.4447 14.96 | 3.62e-04 4.64e-04 |   2.6706 0.5341  0.4322  3.6294 0.500 13.50 | PAIR-CHANNEL-DEAD
# CONVTAG t=182.00 rough=0.000000 cond=0.694432 evap=2.208113 backs=0.288015
t=  184.00 -1.68e-16 | 1.6960 17.07  23042    3   7636   6929 | 1.4447 14.96 | 4.84e-04 6.27e-04 |   2.6692 0.5338  0.4357  3.6323 0.500 13.50 | PAIR-CHANNEL-DEAD
# CONVTAG t=184.00 rough=0.000000 cond=0.694432 evap=2.208113 backs=0.288015
t=  186.00 -1.68e-16 | 1.6960 17.06  23033    8   7669   6961 | 1.4446 14.97 | 6.98e-04 4.16e-04 |   2.6668 0.5334  0.4417  3.6349 0.500 13.50 | PAIR-CHANNEL-DEAD
# CONVTAG t=186.00 rough=0.000000 cond=0.694432 evap=2.208113 backs=0.288015
t=  188.00 -1.68e-16 | 1.6960 17.06  23028    6   7695   6998 | 1.4446 14.97 | 1.46e-03 3.67e-04 |   2.6647 0.5329  0.4435  3.6371 0.500 13.50 | PAIR-CHANNEL-DEAD
# CONVTAG t=188.00 rough=0.000000 cond=0.694432 evap=2.208113 backs=0.288015
t=  190.00 -1.68e-16 | 1.6960 17.06  23036    6   7721   7018 | 1.4447 14.97 | 6.21e-04 4.60e-04 |   2.6640 0.5328  0.4448  3.6386 0.500 13.50 | PAIR-CHANNEL-DEAD
# CONVTAG t=190.00 rough=0.000000 cond=0.694432 evap=2.208113 backs=0.288015
t=  192.00 -1.68e-16 | 1.6960 17.07  23046    0   7744   7045 | 1.4448 14.97 | 2.98e-04 4.56e-04 |   2.6614 0.5323  0.4480  3.6399 0.500 13.50 | PAIR-CHANNEL-DEAD
# CONVTAG t=192.00 rough=0.000000 cond=0.694432 evap=2.208113 backs=0.288015
t=  194.00 -1.68e-16 | 1.6960 17.08  23052    3   7760   7072 | 1.4449 14.97 | 3.22e-04 5.27e-04 |   2.6595 0.5319  0.4488  3.6420 0.500 13.00 | PAIR-CHANNEL-DEAD
# CONVTAG t=194.00 rough=0.000000 cond=0.694432 evap=2.208113 backs=0.288015
t=  196.00 -1.68e-16 | 1.6960 17.08  23058    2   7773   7093 | 1.4450 14.97 | 2.65e-04 3.82e-04 |   2.6589 0.5318  0.4513  3.6444 0.500 13.00 | PAIR-CHANNEL-DEAD
# CONVTAG t=196.00 rough=0.000000 cond=0.694432 evap=2.208113 backs=0.288015
t=  198.00 -1.68e-16 | 1.6960 17.08  23062    7   7796   7110 | 1.4450 14.97 | 2.62e-04 8.32e-04 |   2.6556 0.5311  0.4552  3.6456 0.500 13.50 | PAIR-CHANNEL-DEAD
# CONVTAG t=198.00 rough=0.000000 cond=0.694432 evap=2.208113 backs=0.288015
t=  200.00 -1.68e-16 | 1.6960 17.08  23057    4   7813   7137 | 1.4450 14.97 | 3.42e-04 3.91e-04 |   2.6542 0.5308  0.4556  3.6461 0.500 13.50 | PAIR-CHANNEL-DEAD
# CONVTAG t=200.00 rough=0.000000 cond=0.694432 evap=2.208113 backs=0.288015
t=  202.00 -1.68e-16 | 1.6960 17.08  23058    4   7828   7157 | 1.4450 14.97 | 4.59e-04 4.85e-04 |   2.6535 0.5307  0.4572  3.6464 0.500 13.50 | PAIR-CHANNEL-DEAD
# CONVTAG t=202.00 rough=0.000000 cond=0.694432 evap=2.208113 backs=0.288015
t=  204.00 -1.68e-16 | 1.6960 17.08  23059    4   7852   7179 | 1.4450 14.97 | 4.80e-04 3.80e-04 |   2.6498 0.5300  0.4600  3.6467 0.500 13.50 | PAIR-CHANNEL-DEAD
# CONVTAG t=204.00 rough=0.000000 cond=0.694432 evap=2.208113 backs=0.288015
t=  206.00 -1.68e-16 | 1.6960 17.08  23055    5   7874   7202 | 1.4449 14.97 | 3.39e-04 4.59e-04 |   2.6489 0.5298  0.4608  3.6469 0.500 13.50 | PAIR-CHANNEL-DEAD
# CONVTAG t=206.00 rough=0.000000 cond=0.694432 evap=2.208113 backs=0.288015
t=  208.00 -1.68e-16 | 1.6960 17.07  23048    5   7893   7228 | 1.4449 14.97 | 2.95e-04 4.69e-04 |   2.6478 0.5296  0.4626  3.6468 0.500 13.50 | PAIR-CHANNEL-DEAD
# CONVTAG t=208.00 rough=0.000000 cond=0.694432 evap=2.208113 backs=0.288015
t=  210.00 -1.68e-16 | 1.6960 17.08  23053    3   7927   7257 | 1.4449 14.97 | 4.48e-04 4.68e-04 |   2.6442 0.5288  0.4649  3.6468 0.500 13.50 | PAIR-CHANNEL-DEAD
# CONVTAG t=210.00 rough=0.000000 cond=0.694432 evap=2.208113 backs=0.288015
t=  212.00 -1.68e-16 | 1.6960 17.08  23060    5   7945   7278 | 1.4450 14.97 | 3.40e-04 3.48e-04 |   2.6436 0.5287  0.4662  3.6467 0.500 13.50 | PAIR-CHANNEL-DEAD
# CONVTAG t=212.00 rough=0.000000 cond=0.694432 evap=2.208113 backs=0.288015
t=  214.00 -1.68e-16 | 1.6960 17.07  23048    8   7971   7300 | 1.4449 14.97 | 3.00e-04 5.28e-04 |   2.8581 0.5716  0.2749  3.6508 0.500 13.50 | PAIR-CHANNEL-DEAD
# CONVTAG t=214.00 rough=0.000000 cond=0.882607 evap=2.208113 backs=0.288015
t=  216.00 -1.68e-16 | 1.6960 17.07  23049   10   7991   7316 | 1.4449 14.97 | 3.60e-04 5.52e-04 |   2.8558 0.5712  0.2738  3.6511 0.500 13.50 | PAIR-CHANNEL-DEAD
# CONVTAG t=216.00 rough=0.000000 cond=0.882607 evap=2.208113 backs=0.288015
t=  218.00 -1.68e-16 | 1.6960 17.08  23053    5   8014   7337 | 1.4449 14.97 | 3.10e-04 7.00e-04 |   2.8553 0.5711  0.2736  3.6509 0.500 13.00 | PAIR-CHANNEL-DEAD
# CONVTAG t=218.00 rough=0.000000 cond=0.882607 evap=2.208113 backs=0.288015
t=  220.00 -1.68e-16 | 1.6960 17.08  23060    3   8030   7360 | 1.4450 14.97 | 2.51e-04 3.62e-04 |   2.8521 0.5704  0.2738  3.6508 0.500 13.00 | PAIR-CHANNEL-DEAD
# CONVTAG t=220.00 rough=0.000000 cond=0.882607 evap=2.208113 backs=0.288015
t=  222.00 -1.68e-16 | 1.6960 17.08  23052    2   8047   7381 | 1.4449 14.97 | 2.29e-04 3.92e-04 |   2.8509 0.5702  0.2730  3.6505 0.500 13.00 | PAIR-CHANNEL-DEAD
# CONVTAG t=222.00 rough=0.000000 cond=0.882607 evap=2.208113 backs=0.288015
t=  224.00 -1.68e-16 | 1.6960 17.07  23049    5   8064   7398 | 1.4449 14.97 | 2.35e-04 3.73e-04 |   2.8502 0.5700  0.2727  3.6501 0.500 13.00 | PAIR-CHANNEL-DEAD
# CONVTAG t=224.00 rough=0.000000 cond=0.882607 evap=2.208113 backs=0.288015
t=  226.00 -1.68e-16 | 1.6960 17.07  23046    2   8081   7416 | 1.4449 14.97 | 3.16e-04 6.67e-04 |   2.8467 0.5693  0.2728  3.6493 0.500 13.00 | PAIR-CHANNEL-DEAD
# CONVTAG t=226.00 rough=0.000000 cond=0.882607 evap=2.208113 backs=0.288015
t=  228.00 -1.68e-16 | 1.6960 17.08  23059    0   8105   7433 | 1.4450 14.97 | 2.41e-04 4.84e-04 |   2.8462 0.5692  0.2732  3.6486 0.500 13.00 | PAIR-CHANNEL-DEAD
# CONVTAG t=228.00 rough=0.000000 cond=0.882607 evap=2.208113 backs=0.288015
t=  230.00 -1.68e-16 | 1.6960 17.08  23061    2   8122   7451 | 1.4451 14.97 | 2.13e-04 4.69e-04 |   2.8438 0.5688  0.2739  3.6481 0.500 13.00 | PAIR-CHANNEL-DEAD
# CONVTAG t=230.00 rough=0.000000 cond=0.882607 evap=2.208113 backs=0.288015
t=  232.00 -3.36e-16 | 1.6960 17.09  23066    4   8140   7466 | 1.4451 14.97 | 3.22e-04 5.49e-04 |   2.8418 0.5684  0.2745  3.6476 0.500 13.00 | PAIR-CHANNEL-DEAD
# CONVTAG t=232.00 rough=0.000000 cond=0.882607 evap=2.208113 backs=0.288015
t=  234.00 -3.36e-16 | 1.6960 17.08  23059    1   8162   7480 | 1.4451 14.97 | 2.14e-04 5.83e-04 |   2.8413 0.5683  0.2753  3.6473 0.500 13.00 | PAIR-CHANNEL-DEAD
# CONVTAG t=234.00 rough=0.000000 cond=0.882607 evap=2.208113 backs=0.288015
t=  236.00 -3.36e-16 | 1.6960 17.08  23058    5   8189   7501 | 1.4451 14.97 | 2.79e-04 5.89e-04 |   2.8381 0.5676  0.2761  3.6472 0.500 13.00 | PAIR-CHANNEL-DEAD
# CONVTAG t=236.00 rough=0.000000 cond=0.882607 evap=2.208113 backs=0.288015
t=  238.00 -3.36e-16 | 1.6960 17.08  23052    1   8201   7519 | 1.4450 14.97 | 4.60e-04 4.83e-04 |   2.8369 0.5674  0.2763  3.6470 0.500 13.00 | PAIR-CHANNEL-DEAD
# CONVTAG t=238.00 rough=0.000000 cond=0.882607 evap=2.208113 backs=0.288015
t=  240.00 -3.36e-16 | 1.6960 17.07  23045    3   8222   7532 | 1.4450 14.97 | 7.89e-04 3.51e-04 |   2.8358 0.5672  0.2778  3.6461 0.500 12.50 | PAIR-CHANNEL-DEAD
# CONVTAG t=240.00 rough=0.000000 cond=0.882607 evap=2.208113 backs=0.288015
t=  242.00 -3.36e-16 | 1.6960 17.07  23049    3   8236   7551 | 1.4450 14.97 | 3.42e-04 4.94e-04 |   2.8328 0.5666  0.2814  3.6469 0.500 12.50 | PAIR-CHANNEL-DEAD
# CONVTAG t=242.00 rough=0.000000 cond=0.882607 evap=2.208113 backs=0.288015
t=  244.00 -3.36e-16 | 1.6960 17.08  23060    4   8254   7571 | 1.4451 14.97 | 2.49e-04 3.83e-04 |   2.8320 0.5664  0.2853  3.6484 0.500 13.00 | PAIR-CHANNEL-DEAD
# CONVTAG t=244.00 rough=0.000000 cond=0.882607 evap=2.208113 backs=0.288015
t=  246.00 -3.36e-16 | 1.6960 17.07  23049    3   8266   7587 | 1.4450 14.97 | 2.19e-04 4.43e-04 |   2.8301 0.5660  0.2876  3.6487 0.500 13.00 | PAIR-CHANNEL-DEAD
# CONVTAG t=246.00 rough=0.000000 cond=0.882607 evap=2.208113 backs=0.288015
t=  248.00 -3.36e-16 | 1.6960 17.08  23052    4   8280   7602 | 1.4451 14.98 | 2.14e-04 4.58e-04 |   2.8278 0.5656  0.2892  3.6489 0.500 12.50 | PAIR-CHANNEL-DEAD
# CONVTAG t=248.00 rough=0.000000 cond=0.882607 evap=2.208113 backs=0.288015
t=  250.00 -3.36e-16 | 1.6960 17.08  23057    2   8300   7617 | 1.4451 14.98 | 3.17e-04 4.41e-04 |   2.8272 0.5654  0.2919  3.6501 0.500 12.50 | PAIR-CHANNEL-DEAD
# CONVTAG t=250.00 rough=0.000000 cond=0.882607 evap=2.208113 backs=0.288015
t=  252.00 -3.36e-16 | 1.6960 17.08  23058    4   8323   7634 | 1.4451 14.98 | 4.01e-04 6.61e-04 |   2.8241 0.5648  0.2958  3.6517 0.500 12.50 | PAIR-CHANNEL-DEAD
# CONVTAG t=252.00 rough=0.000000 cond=0.882607 evap=2.208113 backs=0.288015
t=  254.00 -3.36e-16 | 1.6960 17.08  23053    2   8339   7653 | 1.4451 14.98 | 3.61e-04 7.12e-04 |   2.8228 0.5646  0.2987  3.6525 0.500 12.50 | PAIR-CHANNEL-DEAD
# CONVTAG t=254.00 rough=0.000000 cond=0.882607 evap=2.208113 backs=0.288015
t=  256.00 -3.36e-16 | 1.6960 17.07  23050    3   8354   7673 | 1.4451 14.98 | 4.06e-04 8.52e-04 |   2.8213 0.5643  0.3021  3.6529 0.500 12.50 | PAIR-CHANNEL-DEAD
# CONVTAG t=256.00 rough=0.000000 cond=0.882607 evap=2.208113 backs=0.288015
t=  258.00 -3.36e-16 | 1.6960 17.08  23058    4   8378   7690 | 1.4452 14.98 | 3.88e-04 1.00e-03 |   2.8190 0.5638  0.3057  3.6533 0.500 12.50 | PAIR-CHANNEL-DEAD
# CONVTAG t=258.00 rough=0.000000 cond=0.882607 evap=2.208113 backs=0.288015
t=  260.00 -3.36e-16 | 1.6960 17.09  23070    4   8398   7710 | 1.4453 14.98 | 4.06e-04 1.09e-03 |   2.8181 0.5636  0.3085  3.6536 0.500 12.50 | PAIR-CHANNEL-DEAD
# CONVTAG t=260.00 rough=0.000000 cond=0.882607 evap=2.208113 backs=0.288015
t=  262.00 -3.36e-16 | 1.6960 17.09  23075    2   8425   7728 | 1.4454 14.98 | 5.90e-04 1.25e-03 |   2.8155 0.5631  0.3114  3.6546 0.500 12.50 | PAIR-CHANNEL-DEAD
# CONVTAG t=262.00 rough=0.000000 cond=0.882607 evap=2.208113 backs=0.288015
t=  264.00 -3.36e-16 | 1.6960 17.09  23077    7   8452   7753 | 1.4454 14.98 | 3.73e-04 6.11e-04 |   2.8142 0.5628  0.3135  3.6554 0.500 12.50 | PAIR-CHANNEL-DEAD
# CONVTAG t=264.00 rough=0.000000 cond=0.882607 evap=2.208113 backs=0.288015
t=  266.00 -3.36e-16 | 1.6960 17.10  23085    7   8467   7779 | 1.4455 14.98 | 6.75e-04 5.76e-04 |   2.8126 0.5625  0.3151  3.6558 0.500 12.50 | PAIR-CHANNEL-DEAD
# CONVTAG t=266.00 rough=0.000000 cond=0.882607 evap=2.208113 backs=0.288015
t=  268.00 -3.36e-16 | 1.6960 17.11  23098    5   8497   7809 | 1.4457 14.98 | 6.61e-04 7.03e-04 |   2.8106 0.5621  0.3172  3.6558 0.500 12.50 | PAIR-CHANNEL-DEAD
# CONVTAG t=268.00 rough=0.000000 cond=0.882607 evap=2.208113 backs=0.288015
t=  270.00 -3.36e-16 | 1.6960 17.10  23091    2   8513   7834 | 1.4456 14.98 | 3.68e-04 6.84e-04 |   2.8094 0.5619  0.3185  3.6551 0.500 12.50 | PAIR-CHANNEL-DEAD
# CONVTAG t=270.00 rough=0.000000 cond=0.882607 evap=2.208113 backs=0.288015
t=  272.00 -3.36e-16 | 1.6960 17.11  23096    5   8541   7858 | 1.4457 14.98 | 3.17e-04 4.67e-04 |   2.8075 0.5615  0.3199  3.6545 0.500 12.50 | PAIR-CHANNEL-DEAD
# CONVTAG t=272.00 rough=0.000000 cond=0.882607 evap=2.208113 backs=0.288015
t=  274.00 -3.36e-16 | 1.6960 17.11  23095    5   8565   7883 | 1.4457 14.98 | 3.84e-04 6.61e-04 |   2.8060 0.5612  0.3215  3.6534 0.500 12.50 | PAIR-CHANNEL-DEAD
# CONVTAG t=274.00 rough=0.000000 cond=0.882607 evap=2.208113 backs=0.288015
t=  276.00 -3.36e-16 | 1.6960 17.11  23097    2   8593   7902 | 1.4457 14.98 | 3.23e-04 6.08e-04 |   2.8045 0.5609  0.3220  3.6522 0.500 12.50 | PAIR-CHANNEL-DEAD
# CONVTAG t=276.00 rough=0.000000 cond=0.882607 evap=2.208113 backs=0.288015
t=  278.00 -3.36e-16 | 1.6960 17.11  23092    1   8616   7919 | 1.4457 14.98 | 2.51e-04 4.77e-04 |   2.8026 0.5605  0.3233  3.6509 0.500 12.50 | PAIR-CHANNEL-DEAD
# CONVTAG t=278.00 rough=0.000000 cond=0.882607 evap=2.208113 backs=0.288015
t=  280.00 -3.36e-16 | 1.6960 17.11  23097    2   8640   7949 | 1.4457 14.98 | 2.68e-04 6.04e-04 |   2.8011 0.5602  0.3247  3.6493 0.500 12.50 | PAIR-CHANNEL-DEAD
# CONVTAG t=280.00 rough=0.000000 cond=0.882607 evap=2.208113 backs=0.288015
t=  282.00 -3.36e-16 | 1.6960 17.11  23098    2   8668   7963 | 1.4457 14.98 | 2.04e-04 4.63e-04 |   2.7994 0.5599  0.3252  3.6497 0.500 13.00 | PAIR-CHANNEL-DEAD
# CONVTAG t=282.00 rough=0.000000 cond=0.882607 evap=2.208113 backs=0.288015
t=  284.00 -3.36e-16 | 1.6960 17.11  23102    3   8686   7983 | 1.4458 14.98 | 2.29e-04 4.41e-04 |   2.7978 0.5596  0.3265  3.6507 0.500 13.00 | PAIR-CHANNEL-DEAD
# CONVTAG t=284.00 rough=0.000000 cond=0.882607 evap=2.208113 backs=0.288015
t=  286.00 -3.36e-16 | 1.6960 17.12  23112    1   8703   7997 | 1.4459 14.98 | 3.67e-04 4.60e-04 |   2.7965 0.5593  0.3271  3.6514 0.500 13.00 | PAIR-CHANNEL-DEAD
# CONVTAG t=286.00 rough=0.000000 cond=0.882607 evap=2.208113 backs=0.288015
t=  288.00 -3.36e-16 | 1.6960 17.12  23110    0   8723   8008 | 1.4459 14.98 | 2.28e-04 3.23e-04 |   2.7948 0.5590  0.3277  3.6521 0.500 13.00 | PAIR-CHANNEL-DEAD
# CONVTAG t=288.00 rough=0.000000 cond=0.882607 evap=2.208113 backs=0.288015
t=  290.00 -3.36e-16 | 1.6960 17.12  23107    1   8735   8017 | 1.4459 14.98 | 2.46e-04 5.53e-04 |   2.7932 0.5586  0.3291  3.6531 0.500 13.00 | PAIR-CHANNEL-DEAD
# CONVTAG t=290.00 rough=0.000000 cond=0.882607 evap=2.208113 backs=0.288015
t=  292.00 -3.36e-16 | 1.6960 17.12  23109    2   8751   8035 | 1.4459 14.99 | 2.28e-04 4.36e-04 |   2.7916 0.5583  0.3295  3.6543 0.500 13.00 | PAIR-CHANNEL-DEAD
# CONVTAG t=292.00 rough=0.000000 cond=0.882607 evap=2.208113 backs=0.288015
t=  294.00 -3.36e-16 | 1.6960 17.12  23110    1   8764   8054 | 1.4459 14.99 | 2.76e-04 6.11e-04 |   2.4640 0.4928  0.4726  3.6122 0.500 13.00 | PAIR-CHANNEL-DEAD
# CONVTAG t=294.00 rough=0.000000 cond=0.882607 evap=2.529537 backs=0.329940
t=  296.00 -3.36e-16 | 1.6960 17.12  23109    5   8783   8061 | 1.4459 14.99 | 3.65e-04 7.18e-04 |   2.4585 0.4917  0.4771  3.6148 0.500 13.00 | PAIR-CHANNEL-DEAD
# CONVTAG t=296.00 rough=0.000000 cond=0.882607 evap=2.529537 backs=0.329940
t=  298.00 -3.36e-16 | 1.6960 17.12  23108    3   8802   8081 | 1.4459 14.99 | 4.11e-04 4.98e-04 |   2.1394 0.4279  0.3204  3.6642 0.500 13.00 | PAIR-CHANNEL-DEAD
# CONVTAG t=298.00 rough=0.000000 cond=0.882607 evap=2.844155 backs=0.370977
t=  300.00 -3.36e-16 | 1.6960 17.12  23113    3   8816   8104 | 1.4460 14.99 | 8.77e-04 5.23e-04 |   2.1362 0.4272  0.3234  3.6637 0.500 13.00 | PAIR-CHANNEL-DEAD
# CONVTAG t=300.00 rough=0.000000 cond=0.882607 evap=2.844155 backs=0.370977
#
# RESULT drift_rel -3.363e-16
# RESULT births 8816 deaths 8104 beta_returns 0 beta_energy 0.000000e+00
# RESULT conv rough=0.000000 cond=0.882607 evap=0.000000 backs=0.370977 rad=2.844155
# RESULT credit qcnvD=10.006521 qcnvF=0.556920
# RESULT convtag rough=0.000000 cond=0.882607 evap=2.844155 backs=0.370977 net=-1.590572
# RESULT geometry phi_nom=1.6960 z_live=17.12 dbar=1.4460 sigma_d=0.1499
# RESULT pair CHANNEL DEAD
