# freecell — v89 free-cell substance test (exp=pair)
# laws = laws_V2g VERBATIM (defaults): C=1 w1=1.65 w2=2.9 q_detune=1.2
# gamma_res=0.25 gamma_res_m=0.1 p_gate=8 lock_floor=0.005 k_dep=1.2 k_dep_m=2 cap=2.5
# e_s0=1 es_floor=0.05 e_cond=0 f_conv=0.25 f_evap=0.5 s_pull=0.15
# kappa_lock=1 kappa_align=0.5 s_k=0.06 s_disp=0.3 sigma_tumble=0.01
# comb_limit=6 rough_k=0.35 gamma_rough=0.5 mob_sym=1 mob_floor=0.004 field_J=1.8
# quant_A0=1.15 quant_mode=2 (A0eff=1.15)
# v91 radiance (laws_V3r candidate A): k_rad=0.05 p_rad=4 rad_clock=0
# GEOMETRY (apparatus): cfac=1.15 k_rep=1 mob_geo=1 kappa_bond=1 freeze_geo=0
# bath=0 bath_frac=1 jam_sweeps=800 jam_k=0.1 L=16 dt=0.02 T=480 seed=20260802 diag_every=100
# JAM skipped (no bath)
# SEED pair: i=0 j=1 x=0.6400/0.6400 p:q=1:1 m=1 d*=1.915288 d0=5.915288 (doff +4.0000)
# SEED pair radii r=0.7862 contact=1.5724  Em/voice=1.6000
# INIT NC=2 slots=0 live=0 phi_nom=0.0010 z_live=0.00 dbar=0.0000 sigma_d=0.00% E0=4.782608696
#
# t | drift_rel | phi_nom z_live NLa NLd births deaths | dbar sigma_d% | maxstep maxbond | Em_tag ret com_dev rms conn z_tag | pair: d delta gf gb | core/far
t=    0.00 +0.00e+00 | 0.0010  0.00      0    0      0      0 | 0.0000  0.00 | 0.00e+00 0.00e+00 |   3.2000 1.0000  0.0000  2.9576 0.500  0.00 | PAIR-CHANNEL-DEAD
# CONVTAG t=0.00 rough=0.000000 cond=0.000000 evap=0.000000 backs=0.000000
t=    2.00 +0.00e+00 | 0.0010  0.00      0    0      0      0 | 0.0000  0.00 | 0.00e+00 0.00e+00 |   3.2000 1.0000  0.0000  2.9576 0.500  0.00 | PAIR-CHANNEL-DEAD
# CONVTAG t=2.00 rough=0.000000 cond=0.000000 evap=0.000000 backs=0.000000
t=    4.00 +0.00e+00 | 0.0010  0.00      0    0      0      0 | 0.0000  0.00 | 0.00e+00 0.00e+00 |   3.2000 1.0000  0.0000  2.9576 0.500  0.00 | PAIR-CHANNEL-DEAD
# CONVTAG t=4.00 rough=0.000000 cond=0.000000 evap=0.000000 backs=0.000000
t=    6.00 +0.00e+00 | 0.0010  0.00      0    0      0      0 | 0.0000  0.00 | 0.00e+00 0.00e+00 |   3.2000 1.0000  0.0000  2.9576 0.500  0.00 | PAIR-CHANNEL-DEAD
# CONVTAG t=6.00 rough=0.000000 cond=0.000000 evap=0.000000 backs=0.000000
t=    8.00 +0.00e+00 | 0.0010  0.00      0    0      0      0 | 0.0000  0.00 | 0.00e+00 0.00e+00 |   3.2000 1.0000  0.0000  2.9576 0.500  0.00 | PAIR-CHANNEL-DEAD
# CONVTAG t=8.00 rough=0.000000 cond=0.000000 evap=0.000000 backs=0.000000
t=   10.00 +0.00e+00 | 0.0010  0.00      0    0      0      0 | 0.0000  0.00 | 0.00e+00 0.00e+00 |   3.2000 1.0000  0.0000  2.9576 0.500  0.00 | PAIR-CHANNEL-DEAD
# CONVTAG t=10.00 rough=0.000000 cond=0.000000 evap=0.000000 backs=0.000000
t=   12.00 +0.00e+00 | 0.0010  0.00      0    0      0      0 | 0.0000  0.00 | 0.00e+00 0.00e+00 |   3.2000 1.0000  0.0000  2.9576 0.500  0.00 | PAIR-CHANNEL-DEAD
# CONVTAG t=12.00 rough=0.000000 cond=0.000000 evap=0.000000 backs=0.000000
t=   14.00 +0.00e+00 | 0.0010  0.00      0    0      0      0 | 0.0000  0.00 | 0.00e+00 0.00e+00 |   3.2000 1.0000  0.0000  2.9576 0.500  0.00 | PAIR-CHANNEL-DEAD
# CONVTAG t=14.00 rough=0.000000 cond=0.000000 evap=0.000000 backs=0.000000
t=   16.00 +0.00e+00 | 0.0010  0.00      0    0      0      0 | 0.0000  0.00 | 0.00e+00 0.00e+00 |   3.2000 1.0000  0.0000  2.9576 0.500  0.00 | PAIR-CHANNEL-DEAD
# CONVTAG t=16.00 rough=0.000000 cond=0.000000 evap=0.000000 backs=0.000000
t=   18.00 +0.00e+00 | 0.0010  0.00      0    0      0      0 | 0.0000  0.00 | 0.00e+00 0.00e+00 |   3.2000 1.0000  0.0000  2.9576 0.500  0.00 | PAIR-CHANNEL-DEAD
# CONVTAG t=18.00 rough=0.000000 cond=0.000000 evap=0.000000 backs=0.000000
t=   20.00 +0.00e+00 | 0.0010  0.00      0    0      0      0 | 0.0000  0.00 | 0.00e+00 0.00e+00 |   3.2000 1.0000  0.0000  2.9576 0.500  0.00 | PAIR-CHANNEL-DEAD
# CONVTAG t=20.00 rough=0.000000 cond=0.000000 evap=0.000000 backs=0.000000
t=   22.00 +0.00e+00 | 0.0010  0.00      0    0      0      0 | 0.0000  0.00 | 0.00e+00 0.00e+00 |   3.2000 1.0000  0.0000  2.9576 0.500  0.00 | PAIR-CHANNEL-DEAD
# CONVTAG t=22.00 rough=0.000000 cond=0.000000 evap=0.000000 backs=0.000000
t=   24.00 +0.00e+00 | 0.0010  0.00      0    0      0      0 | 0.0000  0.00 | 0.00e+00 0.00e+00 |   3.2000 1.0000  0.0000  2.9576 0.500  0.00 | PAIR-CHANNEL-DEAD
# CONVTAG t=24.00 rough=0.000000 cond=0.000000 evap=0.000000 backs=0.000000
t=   26.00 +0.00e+00 | 0.0010  0.00      0    0      0      0 | 0.0000  0.00 | 0.00e+00 0.00e+00 |   3.2000 1.0000  0.0000  2.9576 0.500  0.00 | PAIR-CHANNEL-DEAD
# CONVTAG t=26.00 rough=0.000000 cond=0.000000 evap=0.000000 backs=0.000000
t=   28.00 +0.00e+00 | 0.0010  0.00      0    0      0      0 | 0.0000  0.00 | 0.00e+00 0.00e+00 |   3.2000 1.0000  0.0000  2.9576 0.500  0.00 | PAIR-CHANNEL-DEAD
# CONVTAG t=28.00 rough=0.000000 cond=0.000000 evap=0.000000 backs=0.000000
t=   30.00 +0.00e+00 | 0.0010  0.00      0    0      0      0 | 0.0000  0.00 | 0.00e+00 0.00e+00 |   3.2000 1.0000  0.0000  2.9576 0.500  0.00 | PAIR-CHANNEL-DEAD
# CONVTAG t=30.00 rough=0.000000 cond=0.000000 evap=0.000000 backs=0.000000
t=   32.00 +0.00e+00 | 0.0010  0.00      0    0      0      0 | 0.0000  0.00 | 0.00e+00 0.00e+00 |   3.2000 1.0000  0.0000  2.9576 0.500  0.00 | PAIR-CHANNEL-DEAD
# CONVTAG t=32.00 rough=0.000000 cond=0.000000 evap=0.000000 backs=0.000000
t=   34.00 +0.00e+00 | 0.0010  0.00      0    0      0      0 | 0.0000  0.00 | 0.00e+00 0.00e+00 |   3.2000 1.0000  0.0000  2.9576 0.500  0.00 | PAIR-CHANNEL-DEAD
# CONVTAG t=34.00 rough=0.000000 cond=0.000000 evap=0.000000 backs=0.000000
t=   36.00 +0.00e+00 | 0.0010  0.00      0    0      0      0 | 0.0000  0.00 | 0.00e+00 0.00e+00 |   3.2000 1.0000  0.0000  2.9576 0.500  0.00 | PAIR-CHANNEL-DEAD
# CONVTAG t=36.00 rough=0.000000 cond=0.000000 evap=0.000000 backs=0.000000
t=   38.00 +0.00e+00 | 0.0010  0.00      0    0      0      0 | 0.0000  0.00 | 0.00e+00 0.00e+00 |   3.2000 1.0000  0.0000  2.9576 0.500  0.00 | PAIR-CHANNEL-DEAD
# CONVTAG t=38.00 rough=0.000000 cond=0.000000 evap=0.000000 backs=0.000000
t=   40.00 +0.00e+00 | 0.0010  0.00      0    0      0      0 | 0.0000  0.00 | 0.00e+00 0.00e+00 |   3.2000 1.0000  0.0000  2.9576 0.500  0.00 | PAIR-CHANNEL-DEAD
# CONVTAG t=40.00 rough=0.000000 cond=0.000000 evap=0.000000 backs=0.000000
t=   42.00 +0.00e+00 | 0.0010  0.00      0    0      0      0 | 0.0000  0.00 | 0.00e+00 0.00e+00 |   3.2000 1.0000  0.0000  2.9576 0.500  0.00 | PAIR-CHANNEL-DEAD
# CONVTAG t=42.00 rough=0.000000 cond=0.000000 evap=0.000000 backs=0.000000
t=   44.00 +0.00e+00 | 0.0010  0.00      0    0      0      0 | 0.0000  0.00 | 0.00e+00 0.00e+00 |   3.2000 1.0000  0.0000  2.9576 0.500  0.00 | PAIR-CHANNEL-DEAD
# CONVTAG t=44.00 rough=0.000000 cond=0.000000 evap=0.000000 backs=0.000000
t=   46.00 +0.00e+00 | 0.0010  0.00      0    0      0      0 | 0.0000  0.00 | 0.00e+00 0.00e+00 |   3.2000 1.0000  0.0000  2.9576 0.500  0.00 | PAIR-CHANNEL-DEAD
# CONVTAG t=46.00 rough=0.000000 cond=0.000000 evap=0.000000 backs=0.000000
t=   48.00 +0.00e+00 | 0.0010  0.00      0    0      0      0 | 0.0000  0.00 | 0.00e+00 0.00e+00 |   3.2000 1.0000  0.0000  2.9576 0.500  0.00 | PAIR-CHANNEL-DEAD
# CONVTAG t=48.00 rough=0.000000 cond=0.000000 evap=0.000000 backs=0.000000
t=   50.00 +0.00e+00 | 0.0010  0.00      0    0      0      0 | 0.0000  0.00 | 0.00e+00 0.00e+00 |   3.2000 1.0000  0.0000  2.9576 0.500  0.00 | PAIR-CHANNEL-DEAD
# CONVTAG t=50.00 rough=0.000000 cond=0.000000 evap=0.000000 backs=0.000000
t=   52.00 +0.00e+00 | 0.0010  0.00      0    0      0      0 | 0.0000  0.00 | 0.00e+00 0.00e+00 |   3.2000 1.0000  0.0000  2.9576 0.500  0.00 | PAIR-CHANNEL-DEAD
# CONVTAG t=52.00 rough=0.000000 cond=0.000000 evap=0.000000 backs=0.000000
t=   54.00 +0.00e+00 | 0.0010  0.00      0    0      0      0 | 0.0000  0.00 | 0.00e+00 0.00e+00 |   3.2000 1.0000  0.0000  2.9576 0.500  0.00 | PAIR-CHANNEL-DEAD
# CONVTAG t=54.00 rough=0.000000 cond=0.000000 evap=0.000000 backs=0.000000
t=   56.00 +0.00e+00 | 0.0010  0.00      0    0      0      0 | 0.0000  0.00 | 0.00e+00 0.00e+00 |   3.2000 1.0000  0.0000  2.9576 0.500  0.00 | PAIR-CHANNEL-DEAD
# CONVTAG t=56.00 rough=0.000000 cond=0.000000 evap=0.000000 backs=0.000000
t=   58.00 +0.00e+00 | 0.0010  0.00      0    0      0      0 | 0.0000  0.00 | 0.00e+00 0.00e+00 |   3.2000 1.0000  0.0000  2.9576 0.500  0.00 | PAIR-CHANNEL-DEAD
# CONVTAG t=58.00 rough=0.000000 cond=0.000000 evap=0.000000 backs=0.000000
t=   60.00 +0.00e+00 | 0.0010  0.00      0    0      0      0 | 0.0000  0.00 | 0.00e+00 0.00e+00 |   3.2000 1.0000  0.0000  2.9576 0.500  0.00 | PAIR-CHANNEL-DEAD
# CONVTAG t=60.00 rough=0.000000 cond=0.000000 evap=0.000000 backs=0.000000
t=   62.00 +0.00e+00 | 0.0010  0.00      0    0      0      0 | 0.0000  0.00 | 0.00e+00 0.00e+00 |   3.2000 1.0000  0.0000  2.9576 0.500  0.00 | PAIR-CHANNEL-DEAD
# CONVTAG t=62.00 rough=0.000000 cond=0.000000 evap=0.000000 backs=0.000000
t=   64.00 +0.00e+00 | 0.0010  0.00      0    0      0      0 | 0.0000  0.00 | 0.00e+00 0.00e+00 |   3.2000 1.0000  0.0000  2.9576 0.500  0.00 | PAIR-CHANNEL-DEAD
# CONVTAG t=64.00 rough=0.000000 cond=0.000000 evap=0.000000 backs=0.000000
t=   66.00 +0.00e+00 | 0.0010  0.00      0    0      0      0 | 0.0000  0.00 | 0.00e+00 0.00e+00 |   3.2000 1.0000  0.0000  2.9576 0.500  0.00 | PAIR-CHANNEL-DEAD
# CONVTAG t=66.00 rough=0.000000 cond=0.000000 evap=0.000000 backs=0.000000
t=   68.00 +0.00e+00 | 0.0010  0.00      0    0      0      0 | 0.0000  0.00 | 0.00e+00 0.00e+00 |   3.2000 1.0000  0.0000  2.9576 0.500  0.00 | PAIR-CHANNEL-DEAD
# CONVTAG t=68.00 rough=0.000000 cond=0.000000 evap=0.000000 backs=0.000000
t=   70.00 +0.00e+00 | 0.0010  0.00      0    0      0      0 | 0.0000  0.00 | 0.00e+00 0.00e+00 |   3.2000 1.0000  0.0000  2.9576 0.500  0.00 | PAIR-CHANNEL-DEAD
# CONVTAG t=70.00 rough=0.000000 cond=0.000000 evap=0.000000 backs=0.000000
t=   72.00 +0.00e+00 | 0.0010  0.00      0    0      0      0 | 0.0000  0.00 | 0.00e+00 0.00e+00 |   3.2000 1.0000  0.0000  2.9576 0.500  0.00 | PAIR-CHANNEL-DEAD
# CONVTAG t=72.00 rough=0.000000 cond=0.000000 evap=0.000000 backs=0.000000
t=   74.00 +0.00e+00 | 0.0010  0.00      0    0      0      0 | 0.0000  0.00 | 0.00e+00 0.00e+00 |   3.2000 1.0000  0.0000  2.9576 0.500  0.00 | PAIR-CHANNEL-DEAD
# CONVTAG t=74.00 rough=0.000000 cond=0.000000 evap=0.000000 backs=0.000000
t=   76.00 +0.00e+00 | 0.0010  0.00      0    0      0      0 | 0.0000  0.00 | 0.00e+00 0.00e+00 |   3.2000 1.0000  0.0000  2.9576 0.500  0.00 | PAIR-CHANNEL-DEAD
# CONVTAG t=76.00 rough=0.000000 cond=0.000000 evap=0.000000 backs=0.000000
t=   78.00 +0.00e+00 | 0.0010  0.00      0    0      0      0 | 0.0000  0.00 | 0.00e+00 0.00e+00 |   3.2000 1.0000  0.0000  2.9576 0.500  0.00 | PAIR-CHANNEL-DEAD
# CONVTAG t=78.00 rough=0.000000 cond=0.000000 evap=0.000000 backs=0.000000
t=   80.00 +0.00e+00 | 0.0010  0.00      0    0      0      0 | 0.0000  0.00 | 0.00e+00 0.00e+00 |   3.2000 1.0000  0.0000  2.9576 0.500  0.00 | PAIR-CHANNEL-DEAD
# CONVTAG t=80.00 rough=0.000000 cond=0.000000 evap=0.000000 backs=0.000000
# QATOM t=81.70 dir=DF w=1.64027149 e=0.300215913581 i=0 Em=1.6000
t=   82.00 +0.00e+00 | 0.0010  0.00      0    0      0      0 | 0.0000  0.00 | 0.00e+00 0.00e+00 |   2.8998 0.9062  0.3062  2.9418 0.500  0.00 | PAIR-CHANNEL-DEAD
# CONVTAG t=82.00 rough=0.000000 cond=0.000000 evap=0.300216 backs=0.039159
# QATOM t=83.52 dir=DF w=1.64027149 e=0.300215913581 i=1 Em=1.6000
t=   84.00 +1.86e-16 | 0.0010  0.00      0    0      0      0 | 0.0000  0.00 | 0.00e+00 0.00e+00 |   2.5996 0.8124  0.0000  2.9576 0.500  0.00 | PAIR-CHANNEL-DEAD
# CONVTAG t=84.00 rough=0.000000 cond=0.000000 evap=0.600432 backs=0.078317
t=   86.00 +5.57e-16 | 0.0010  0.00      0    0      0      0 | 0.0000  0.00 | 0.00e+00 0.00e+00 |   2.5996 0.8124  0.0000  2.9576 0.500  0.00 | PAIR-CHANNEL-DEAD
# CONVTAG t=86.00 rough=0.000000 cond=0.000000 evap=0.600432 backs=0.078317
t=   88.00 +9.29e-16 | 0.0010  0.00      0    0      0      0 | 0.0000  0.00 | 0.00e+00 0.00e+00 |   2.5996 0.8124  0.0000  2.9576 0.500  0.00 | PAIR-CHANNEL-DEAD
# CONVTAG t=88.00 rough=0.000000 cond=0.000000 evap=0.600432 backs=0.078317
t=   90.00 +1.11e-15 | 0.0010  0.00      0    0      0      0 | 0.0000  0.00 | 0.00e+00 0.00e+00 |   2.5996 0.8124  0.0000  2.9576 0.500  0.00 | PAIR-CHANNEL-DEAD
# CONVTAG t=90.00 rough=0.000000 cond=0.000000 evap=0.600432 backs=0.078317
t=   92.00 +1.49e-15 | 0.0010  0.00      0    0      0      0 | 0.0000  0.00 | 0.00e+00 0.00e+00 |   2.5996 0.8124  0.0000  2.9576 0.500  0.00 | PAIR-CHANNEL-DEAD
# CONVTAG t=92.00 rough=0.000000 cond=0.000000 evap=0.600432 backs=0.078317
t=   94.00 +1.49e-15 | 0.0010  0.00      0    0      0      0 | 0.0000  0.00 | 0.00e+00 0.00e+00 |   2.5996 0.8124  0.0000  2.9576 0.500  0.00 | PAIR-CHANNEL-DEAD
# CONVTAG t=94.00 rough=0.000000 cond=0.000000 evap=0.600432 backs=0.078317
t=   96.00 +1.86e-15 | 0.0010  0.00      0    0      0      0 | 0.0000  0.00 | 0.00e+00 0.00e+00 |   2.5996 0.8124  0.0000  2.9576 0.500  0.00 | PAIR-CHANNEL-DEAD
# CONVTAG t=96.00 rough=0.000000 cond=0.000000 evap=0.600432 backs=0.078317
t=   98.00 +2.23e-15 | 0.0010  0.00      0    0      0      0 | 0.0000  0.00 | 0.00e+00 0.00e+00 |   2.5996 0.8124  0.0000  2.9576 0.500  0.00 | PAIR-CHANNEL-DEAD
# CONVTAG t=98.00 rough=0.000000 cond=0.000000 evap=0.600432 backs=0.078317
t=  100.00 +2.60e-15 | 0.0010  0.00      0    0      0      0 | 0.0000  0.00 | 0.00e+00 0.00e+00 |   2.5996 0.8124  0.0000  2.9576 0.500  0.00 | PAIR-CHANNEL-DEAD
# CONVTAG t=100.00 rough=0.000000 cond=0.000000 evap=0.600432 backs=0.078317
t=  102.00 +2.97e-15 | 0.0010  0.00      0    0      0      0 | 0.0000  0.00 | 0.00e+00 0.00e+00 |   2.5996 0.8124  0.0000  2.9576 0.500  0.00 | PAIR-CHANNEL-DEAD
# CONVTAG t=102.00 rough=0.000000 cond=0.000000 evap=0.600432 backs=0.078317
t=  104.00 +2.97e-15 | 0.0010  0.00      0    0      0      0 | 0.0000  0.00 | 0.00e+00 0.00e+00 |   2.5996 0.8124  0.0000  2.9576 0.500  0.00 | PAIR-CHANNEL-DEAD
# CONVTAG t=104.00 rough=0.000000 cond=0.000000 evap=0.600432 backs=0.078317
t=  106.00 +2.97e-15 | 0.0010  0.00      0    0      0      0 | 0.0000  0.00 | 0.00e+00 0.00e+00 |   2.5996 0.8124  0.0000  2.9576 0.500  0.00 | PAIR-CHANNEL-DEAD
# CONVTAG t=106.00 rough=0.000000 cond=0.000000 evap=0.600432 backs=0.078317
# QATOM t=106.20 dir=FD w=1.01607469 e=0.185970306776 i=0 Em=1.2998
t=  108.00 +2.97e-15 | 0.0010  0.00      0    0      0      0 | 0.0000  0.00 | 0.00e+00 0.00e+00 |   2.8134 0.8792  0.2248  2.9491 0.500  0.00 | PAIR-CHANNEL-DEAD
# CONVTAG t=108.00 rough=0.000000 cond=0.185970 evap=0.600432 backs=0.078317
# QATOM t=108.00 dir=FD w=1.01607469 e=0.185970306776 i=1 Em=1.2998
t=  110.00 +2.79e-15 | 0.0010  0.00      0    0      0      0 | 0.0000  0.00 | 0.00e+00 0.00e+00 |   3.0273 0.9460  0.0000  2.9576 0.500  0.00 | PAIR-CHANNEL-DEAD
# CONVTAG t=110.00 rough=0.000000 cond=0.371941 evap=0.600432 backs=0.078317
t=  112.00 +2.60e-15 | 0.0010  0.00      0    0      0      0 | 0.0000  0.00 | 0.00e+00 0.00e+00 |   3.0273 0.9460  0.0000  2.9576 0.500  0.00 | PAIR-CHANNEL-DEAD
# CONVTAG t=112.00 rough=0.000000 cond=0.371941 evap=0.600432 backs=0.078317
t=  114.00 +2.23e-15 | 0.0010  0.00      0    0      0      0 | 0.0000  0.00 | 0.00e+00 0.00e+00 |   3.0273 0.9460  0.0000  2.9576 0.500  0.00 | PAIR-CHANNEL-DEAD
# CONVTAG t=114.00 rough=0.000000 cond=0.371941 evap=0.600432 backs=0.078317
t=  116.00 +2.04e-15 | 0.0010  0.00      0    0      0      0 | 0.0000  0.00 | 0.00e+00 0.00e+00 |   3.0273 0.9460  0.0000  2.9576 0.500  0.00 | PAIR-CHANNEL-DEAD
# CONVTAG t=116.00 rough=0.000000 cond=0.371941 evap=0.600432 backs=0.078317
t=  118.00 +1.86e-15 | 0.0010  0.00      0    0      0      0 | 0.0000  0.00 | 0.00e+00 0.00e+00 |   3.0273 0.9460  0.0000  2.9576 0.500  0.00 | PAIR-CHANNEL-DEAD
# CONVTAG t=118.00 rough=0.000000 cond=0.371941 evap=0.600432 backs=0.078317
t=  120.00 +1.67e-15 | 0.0010  0.00      0    0      0      0 | 0.0000  0.00 | 0.00e+00 0.00e+00 |   3.0273 0.9460  0.0000  2.9576 0.500  0.00 | PAIR-CHANNEL-DEAD
# CONVTAG t=120.00 rough=0.000000 cond=0.371941 evap=0.600432 backs=0.078317
t=  122.00 +1.30e-15 | 0.0010  0.00      0    0      0      0 | 0.0000  0.00 | 0.00e+00 0.00e+00 |   3.0273 0.9460  0.0000  2.9576 0.500  0.00 | PAIR-CHANNEL-DEAD
# CONVTAG t=122.00 rough=0.000000 cond=0.371941 evap=0.600432 backs=0.078317
t=  124.00 +1.11e-15 | 0.0010  0.00      0    0      0      0 | 0.0000  0.00 | 0.00e+00 0.00e+00 |   3.0273 0.9460  0.0000  2.9576 0.500  0.00 | PAIR-CHANNEL-DEAD
# CONVTAG t=124.00 rough=0.000000 cond=0.371941 evap=0.600432 backs=0.078317
t=  126.00 +7.43e-16 | 0.0010  0.00      0    0      0      0 | 0.0000  0.00 | 0.00e+00 0.00e+00 |   3.0273 0.9460  0.0000  2.9576 0.500  0.00 | PAIR-CHANNEL-DEAD
# CONVTAG t=126.00 rough=0.000000 cond=0.371941 evap=0.600432 backs=0.078317
t=  128.00 +5.57e-16 | 0.0010  0.00      0    0      0      0 | 0.0000  0.00 | 0.00e+00 0.00e+00 |   3.0273 0.9460  0.0000  2.9576 0.500  0.00 | PAIR-CHANNEL-DEAD
# CONVTAG t=128.00 rough=0.000000 cond=0.371941 evap=0.600432 backs=0.078317
t=  130.00 +3.71e-16 | 0.0010  0.00      0    0      0      0 | 0.0000  0.00 | 0.00e+00 0.00e+00 |   3.0273 0.9460  0.0000  2.9576 0.500  0.00 | PAIR-CHANNEL-DEAD
# CONVTAG t=130.00 rough=0.000000 cond=0.371941 evap=0.600432 backs=0.078317
t=  132.00 +0.00e+00 | 0.0010  0.00      0    0      0      0 | 0.0000  0.00 | 0.00e+00 0.00e+00 |   3.0273 0.9460  0.0000  2.9576 0.500  0.00 | PAIR-CHANNEL-DEAD
# CONVTAG t=132.00 rough=0.000000 cond=0.371941 evap=0.600432 backs=0.078317
t=  134.00 -1.86e-16 | 0.0010  0.00      0    0      0      0 | 0.0000  0.00 | 0.00e+00 0.00e+00 |   3.0273 0.9460  0.0000  2.9576 0.500  0.00 | PAIR-CHANNEL-DEAD
# CONVTAG t=134.00 rough=0.000000 cond=0.371941 evap=0.600432 backs=0.078317
t=  136.00 -3.71e-16 | 0.0010  0.00      0    0      0      0 | 0.0000  0.00 | 0.00e+00 0.00e+00 |   3.0273 0.9460  0.0000  2.9576 0.500  0.00 | PAIR-CHANNEL-DEAD
# CONVTAG t=136.00 rough=0.000000 cond=0.371941 evap=0.600432 backs=0.078317
t=  138.00 -7.43e-16 | 0.0010  0.00      0    0      0      0 | 0.0000  0.00 | 0.00e+00 0.00e+00 |   3.0273 0.9460  0.0000  2.9576 0.500  0.00 | PAIR-CHANNEL-DEAD
# CONVTAG t=138.00 rough=0.000000 cond=0.371941 evap=0.600432 backs=0.078317
t=  140.00 -1.11e-15 | 0.0010  0.00      0    0      0      0 | 0.0000  0.00 | 0.00e+00 0.00e+00 |   3.0273 0.9460  0.0000  2.9576 0.500  0.00 | PAIR-CHANNEL-DEAD
# CONVTAG t=140.00 rough=0.000000 cond=0.371941 evap=0.600432 backs=0.078317
t=  142.00 -1.30e-15 | 0.0010  0.00      0    0      0      0 | 0.0000  0.00 | 0.00e+00 0.00e+00 |   3.0273 0.9460  0.0000  2.9576 0.500  0.00 | PAIR-CHANNEL-DEAD
# CONVTAG t=142.00 rough=0.000000 cond=0.371941 evap=0.600432 backs=0.078317
t=  144.00 -1.49e-15 | 0.0010  0.00      0    0      0      0 | 0.0000  0.00 | 0.00e+00 0.00e+00 |   3.0273 0.9460  0.0000  2.9576 0.500  0.00 | PAIR-CHANNEL-DEAD
# CONVTAG t=144.00 rough=0.000000 cond=0.371941 evap=0.600432 backs=0.078317
t=  146.00 -1.86e-15 | 0.0010  0.00      0    0      0      0 | 0.0000  0.00 | 0.00e+00 0.00e+00 |   3.0273 0.9460  0.0000  2.9576 0.500  0.00 | PAIR-CHANNEL-DEAD
# CONVTAG t=146.00 rough=0.000000 cond=0.371941 evap=0.600432 backs=0.078317
t=  148.00 -2.23e-15 | 0.0010  0.00      0    0      0      0 | 0.0000  0.00 | 0.00e+00 0.00e+00 |   3.0273 0.9460  0.0000  2.9576 0.500  0.00 | PAIR-CHANNEL-DEAD
# CONVTAG t=148.00 rough=0.000000 cond=0.371941 evap=0.600432 backs=0.078317
t=  150.00 -2.23e-15 | 0.0010  0.00      0    0      0      0 | 0.0000  0.00 | 0.00e+00 0.00e+00 |   3.0273 0.9460  0.0000  2.9576 0.500  0.00 | PAIR-CHANNEL-DEAD
# CONVTAG t=150.00 rough=0.000000 cond=0.371941 evap=0.600432 backs=0.078317
t=  152.00 -2.60e-15 | 0.0010  0.00      0    0      0      0 | 0.0000  0.00 | 0.00e+00 0.00e+00 |   3.0273 0.9460  0.0000  2.9576 0.500  0.00 | PAIR-CHANNEL-DEAD
# CONVTAG t=152.00 rough=0.000000 cond=0.371941 evap=0.600432 backs=0.078317
t=  154.00 -2.97e-15 | 0.0010  0.00      0    0      0      0 | 0.0000  0.00 | 0.00e+00 0.00e+00 |   3.0273 0.9460  0.0000  2.9576 0.500  0.00 | PAIR-CHANNEL-DEAD
# CONVTAG t=154.00 rough=0.000000 cond=0.371941 evap=0.600432 backs=0.078317
t=  156.00 -3.34e-15 | 0.0010  0.00      0    0      0      0 | 0.0000  0.00 | 0.00e+00 0.00e+00 |   3.0273 0.9460  0.0000  2.9576 0.500  0.00 | PAIR-CHANNEL-DEAD
# CONVTAG t=156.00 rough=0.000000 cond=0.371941 evap=0.600432 backs=0.078317
t=  158.00 -3.34e-15 | 0.0010  0.00      0    0      0      0 | 0.0000  0.00 | 0.00e+00 0.00e+00 |   3.0273 0.9460  0.0000  2.9576 0.500  0.00 | PAIR-CHANNEL-DEAD
# CONVTAG t=158.00 rough=0.000000 cond=0.371941 evap=0.600432 backs=0.078317
t=  160.00 -3.71e-15 | 0.0010  0.00      0    0      0      0 | 0.0000  0.00 | 0.00e+00 0.00e+00 |   3.0273 0.9460  0.0000  2.9576 0.500  0.00 | PAIR-CHANNEL-DEAD
# CONVTAG t=160.00 rough=0.000000 cond=0.371941 evap=0.600432 backs=0.078317
t=  162.00 -4.09e-15 | 0.0010  0.00      0    0      0      0 | 0.0000  0.00 | 0.00e+00 0.00e+00 |   3.0273 0.9460  0.0000  2.9576 0.500  0.00 | PAIR-CHANNEL-DEAD
# CONVTAG t=162.00 rough=0.000000 cond=0.371941 evap=0.600432 backs=0.078317
t=  164.00 -4.27e-15 | 0.0010  0.00      0    0      0      0 | 0.0000  0.00 | 0.00e+00 0.00e+00 |   3.0273 0.9460  0.0000  2.9576 0.500  0.00 | PAIR-CHANNEL-DEAD
# CONVTAG t=164.00 rough=0.000000 cond=0.371941 evap=0.600432 backs=0.078317
t=  166.00 -4.46e-15 | 0.0010  0.00      0    0      0      0 | 0.0000  0.00 | 0.00e+00 0.00e+00 |   3.0273 0.9460  0.0000  2.9576 0.500  0.00 | PAIR-CHANNEL-DEAD
# CONVTAG t=166.00 rough=0.000000 cond=0.371941 evap=0.600432 backs=0.078317
t=  168.00 -4.83e-15 | 0.0010  0.00      0    0      0      0 | 0.0000  0.00 | 0.00e+00 0.00e+00 |   3.0273 0.9460  0.0000  2.9576 0.500  0.00 | PAIR-CHANNEL-DEAD
# CONVTAG t=168.00 rough=0.000000 cond=0.371941 evap=0.600432 backs=0.078317
t=  170.00 -5.01e-15 | 0.0010  0.00      0    0      0      0 | 0.0000  0.00 | 0.00e+00 0.00e+00 |   3.0273 0.9460  0.0000  2.9576 0.500  0.00 | PAIR-CHANNEL-DEAD
# CONVTAG t=170.00 rough=0.000000 cond=0.371941 evap=0.600432 backs=0.078317
t=  172.00 -5.20e-15 | 0.0010  0.00      0    0      0      0 | 0.0000  0.00 | 0.00e+00 0.00e+00 |   3.0273 0.9460  0.0000  2.9576 0.500  0.00 | PAIR-CHANNEL-DEAD
# CONVTAG t=172.00 rough=0.000000 cond=0.371941 evap=0.600432 backs=0.078317
t=  174.00 -5.57e-15 | 0.0010  0.00      0    0      0      0 | 0.0000  0.00 | 0.00e+00 0.00e+00 |   3.0273 0.9460  0.0000  2.9576 0.500  0.00 | PAIR-CHANNEL-DEAD
# CONVTAG t=174.00 rough=0.000000 cond=0.371941 evap=0.600432 backs=0.078317
# QATOM t=175.62 dir=DF w=1.67964825 e=0.307422970279 i=0 Em=1.5136
t=  176.00 -5.94e-15 | 0.0010  0.00      0    0      0      0 | 0.0000  0.00 | 0.00e+00 0.00e+00 |   2.7199 0.8500  0.3343  2.9387 0.500  0.00 | PAIR-CHANNEL-DEAD
# CONVTAG t=176.00 rough=0.000000 cond=0.371941 evap=0.907855 backs=0.118416
# QATOM t=177.44 dir=DF w=1.67964825 e=0.307422970279 i=1 Em=1.5136
t=  178.00 -4.83e-15 | 0.0011  0.00      0    0      0      0 | 0.0000  0.00 | 0.00e+00 0.00e+00 |   2.4125 0.7539  0.0000  2.9576 0.500  0.00 | PAIR-CHANNEL-DEAD
# CONVTAG t=178.00 rough=0.000000 cond=0.371941 evap=1.215278 backs=0.158514
t=  180.00 -3.16e-15 | 0.0011  0.00      0    0      0      0 | 0.0000  0.00 | 0.00e+00 0.00e+00 |   2.4125 0.7539  0.0000  2.9576 0.500  0.00 | PAIR-CHANNEL-DEAD
# CONVTAG t=180.00 rough=0.000000 cond=0.371941 evap=1.215278 backs=0.158514
t=  182.00 -1.86e-15 | 0.0011  0.00      0    0      0      0 | 0.0000  0.00 | 0.00e+00 0.00e+00 |   2.4125 0.7539  0.0000  2.9576 0.500  0.00 | PAIR-CHANNEL-DEAD
# CONVTAG t=182.00 rough=0.000000 cond=0.371941 evap=1.215278 backs=0.158514
# QATOM t=183.56 dir=FD w=1.04497248 e=0.191259416639 i=0 Em=1.2062
t=  184.00 -3.71e-16 | 0.0010  0.00      0    0      0      0 | 0.0000  0.00 | 0.00e+00 0.00e+00 |   2.6324 0.8226  0.2471  2.9473 0.500  0.00 | PAIR-CHANNEL-DEAD
# CONVTAG t=184.00 rough=0.000000 cond=0.563200 evap=1.215278 backs=0.158514
# QATOM t=185.38 dir=FD w=1.04497248 e=0.191259416639 i=1 Em=1.2062
t=  186.00 -3.71e-16 | 0.0010  0.00      0    0      0      0 | 0.0000  0.00 | 0.00e+00 0.00e+00 |   2.8524 0.8914  0.0000  2.9576 0.500  0.00 | PAIR-CHANNEL-DEAD
# CONVTAG t=186.00 rough=0.000000 cond=0.754459 evap=1.215278 backs=0.158514
t=  188.00 -7.43e-16 | 0.0010  0.00      0    0      0      0 | 0.0000  0.00 | 0.00e+00 0.00e+00 |   2.8524 0.8914  0.0000  2.9576 0.500  0.00 | PAIR-CHANNEL-DEAD
# CONVTAG t=188.00 rough=0.000000 cond=0.754459 evap=1.215278 backs=0.158514
t=  190.00 -1.11e-15 | 0.0010  0.00      0    0      0      0 | 0.0000  0.00 | 0.00e+00 0.00e+00 |   2.8524 0.8914  0.0000  2.9576 0.500  0.00 | PAIR-CHANNEL-DEAD
# CONVTAG t=190.00 rough=0.000000 cond=0.754459 evap=1.215278 backs=0.158514
t=  192.00 -1.86e-15 | 0.0010  0.00      0    0      0      0 | 0.0000  0.00 | 0.00e+00 0.00e+00 |   2.8524 0.8914  0.0000  2.9576 0.500  0.00 | PAIR-CHANNEL-DEAD
# CONVTAG t=192.00 rough=0.000000 cond=0.754459 evap=1.215278 backs=0.158514
t=  194.00 -2.23e-15 | 0.0010  0.00      0    0      0      0 | 0.0000  0.00 | 0.00e+00 0.00e+00 |   2.8524 0.8914  0.0000  2.9576 0.500  0.00 | PAIR-CHANNEL-DEAD
# CONVTAG t=194.00 rough=0.000000 cond=0.754459 evap=1.215278 backs=0.158514
t=  196.00 -2.97e-15 | 0.0010  0.00      0    0      0      0 | 0.0000  0.00 | 0.00e+00 0.00e+00 |   2.8524 0.8914  0.0000  2.9576 0.500  0.00 | PAIR-CHANNEL-DEAD
# CONVTAG t=196.00 rough=0.000000 cond=0.754459 evap=1.215278 backs=0.158514
t=  198.00 -3.34e-15 | 0.0010  0.00      0    0      0      0 | 0.0000  0.00 | 0.00e+00 0.00e+00 |   2.8524 0.8914  0.0000  2.9576 0.500  0.00 | PAIR-CHANNEL-DEAD
# CONVTAG t=198.00 rough=0.000000 cond=0.754459 evap=1.215278 backs=0.158514
t=  200.00 -4.09e-15 | 0.0010  0.00      0    0      0      0 | 0.0000  0.00 | 0.00e+00 0.00e+00 |   2.8524 0.8914  0.0000  2.9576 0.500  0.00 | PAIR-CHANNEL-DEAD
# CONVTAG t=200.00 rough=0.000000 cond=0.754459 evap=1.215278 backs=0.158514
t=  202.00 -4.46e-15 | 0.0010  0.00      0    0      0      0 | 0.0000  0.00 | 0.00e+00 0.00e+00 |   2.8524 0.8914  0.0000  2.9576 0.500  0.00 | PAIR-CHANNEL-DEAD
# CONVTAG t=202.00 rough=0.000000 cond=0.754459 evap=1.215278 backs=0.158514
t=  204.00 -5.20e-15 | 0.0010  0.00      0    0      0      0 | 0.0000  0.00 | 0.00e+00 0.00e+00 |   2.8524 0.8914  0.0000  2.9576 0.500  0.00 | PAIR-CHANNEL-DEAD
# CONVTAG t=204.00 rough=0.000000 cond=0.754459 evap=1.215278 backs=0.158514
t=  206.00 -5.76e-15 | 0.0010  0.00      0    0      0      0 | 0.0000  0.00 | 0.00e+00 0.00e+00 |   2.8524 0.8914  0.0000  2.9576 0.500  0.00 | PAIR-CHANNEL-DEAD
# CONVTAG t=206.00 rough=0.000000 cond=0.754459 evap=1.215278 backs=0.158514
t=  208.00 -6.31e-15 | 0.0010  0.00      0    0      0      0 | 0.0000  0.00 | 0.00e+00 0.00e+00 |   2.8524 0.8914  0.0000  2.9576 0.500  0.00 | PAIR-CHANNEL-DEAD
# CONVTAG t=208.00 rough=0.000000 cond=0.754459 evap=1.215278 backs=0.158514
t=  210.00 -6.69e-15 | 0.0010  0.00      0    0      0      0 | 0.0000  0.00 | 0.00e+00 0.00e+00 |   2.8524 0.8914  0.0000  2.9576 0.500  0.00 | PAIR-CHANNEL-DEAD
# CONVTAG t=210.00 rough=0.000000 cond=0.754459 evap=1.215278 backs=0.158514
t=  212.00 -7.43e-15 | 0.0010  0.00      0    0      0      0 | 0.0000  0.00 | 0.00e+00 0.00e+00 |   2.8524 0.8914  0.0000  2.9576 0.500  0.00 | PAIR-CHANNEL-DEAD
# CONVTAG t=212.00 rough=0.000000 cond=0.754459 evap=1.215278 backs=0.158514
t=  214.00 -7.80e-15 | 0.0010  0.00      0    0      0      0 | 0.0000  0.00 | 0.00e+00 0.00e+00 |   2.8524 0.8914  0.0000  2.9576 0.500  0.00 | PAIR-CHANNEL-DEAD
# CONVTAG t=214.00 rough=0.000000 cond=0.754459 evap=1.215278 backs=0.158514
t=  216.00 -8.36e-15 | 0.0010  0.00      0    0      0      0 | 0.0000  0.00 | 0.00e+00 0.00e+00 |   2.8524 0.8914  0.0000  2.9576 0.500  0.00 | PAIR-CHANNEL-DEAD
# CONVTAG t=216.00 rough=0.000000 cond=0.754459 evap=1.215278 backs=0.158514
t=  218.00 -8.91e-15 | 0.0010  0.00      0    0      0      0 | 0.0000  0.00 | 0.00e+00 0.00e+00 |   2.8524 0.8914  0.0000  2.9576 0.500  0.00 | PAIR-CHANNEL-DEAD
# CONVTAG t=218.00 rough=0.000000 cond=0.754459 evap=1.215278 backs=0.158514
t=  220.00 -9.66e-15 | 0.0010  0.00      0    0      0      0 | 0.0000  0.00 | 0.00e+00 0.00e+00 |   2.8524 0.8914  0.0000  2.9576 0.500  0.00 | PAIR-CHANNEL-DEAD
# CONVTAG t=220.00 rough=0.000000 cond=0.754459 evap=1.215278 backs=0.158514
t=  222.00 -1.00e-14 | 0.0010  0.00      0    0      0      0 | 0.0000  0.00 | 0.00e+00 0.00e+00 |   2.8524 0.8914  0.0000  2.9576 0.500  0.00 | PAIR-CHANNEL-DEAD
# CONVTAG t=222.00 rough=0.000000 cond=0.754459 evap=1.215278 backs=0.158514
t=  224.00 -1.08e-14 | 0.0010  0.00      0    0      0      0 | 0.0000  0.00 | 0.00e+00 0.00e+00 |   2.8524 0.8914  0.0000  2.9576 0.500  0.00 | PAIR-CHANNEL-DEAD
# CONVTAG t=224.00 rough=0.000000 cond=0.754459 evap=1.215278 backs=0.158514
t=  226.00 -1.11e-14 | 0.0010  0.00      0    0      0      0 | 0.0000  0.00 | 0.00e+00 0.00e+00 |   2.8524 0.8914  0.0000  2.9576 0.500  0.00 | PAIR-CHANNEL-DEAD
# CONVTAG t=226.00 rough=0.000000 cond=0.754459 evap=1.215278 backs=0.158514
t=  228.00 -1.17e-14 | 0.0010  0.00      0    0      0      0 | 0.0000  0.00 | 0.00e+00 0.00e+00 |   2.8524 0.8914  0.0000  2.9576 0.500  0.00 | PAIR-CHANNEL-DEAD
# CONVTAG t=228.00 rough=0.000000 cond=0.754459 evap=1.215278 backs=0.158514
t=  230.00 -1.23e-14 | 0.0010  0.00      0    0      0      0 | 0.0000  0.00 | 0.00e+00 0.00e+00 |   2.8524 0.8914  0.0000  2.9576 0.500  0.00 | PAIR-CHANNEL-DEAD
# CONVTAG t=230.00 rough=0.000000 cond=0.754459 evap=1.215278 backs=0.158514
t=  232.00 -1.30e-14 | 0.0010  0.00      0    0      0      0 | 0.0000  0.00 | 0.00e+00 0.00e+00 |   2.8524 0.8914  0.0000  2.9576 0.500  0.00 | PAIR-CHANNEL-DEAD
# CONVTAG t=232.00 rough=0.000000 cond=0.754459 evap=1.215278 backs=0.158514
t=  234.00 -1.37e-14 | 0.0010  0.00      0    0      0      0 | 0.0000  0.00 | 0.00e+00 0.00e+00 |   2.8524 0.8914  0.0000  2.9576 0.500  0.00 | PAIR-CHANNEL-DEAD
# CONVTAG t=234.00 rough=0.000000 cond=0.754459 evap=1.215278 backs=0.158514
t=  236.00 -1.41e-14 | 0.0010  0.00      0    0      0      0 | 0.0000  0.00 | 0.00e+00 0.00e+00 |   2.8524 0.8914  0.0000  2.9576 0.500  0.00 | PAIR-CHANNEL-DEAD
# CONVTAG t=236.00 rough=0.000000 cond=0.754459 evap=1.215278 backs=0.158514
t=  238.00 -1.49e-14 | 0.0010  0.00      0    0      0      0 | 0.0000  0.00 | 0.00e+00 0.00e+00 |   2.8524 0.8914  0.0000  2.9576 0.500  0.00 | PAIR-CHANNEL-DEAD
# CONVTAG t=238.00 rough=0.000000 cond=0.754459 evap=1.215278 backs=0.158514
t=  240.00 -1.52e-14 | 0.0010  0.00      0    0      0      0 | 0.0000  0.00 | 0.00e+00 0.00e+00 |   2.8524 0.8914  0.0000  2.9576 0.500  0.00 | PAIR-CHANNEL-DEAD
# CONVTAG t=240.00 rough=0.000000 cond=0.754459 evap=1.215278 backs=0.158514
t=  242.00 -1.60e-14 | 0.0010  0.00      0    0      0      0 | 0.0000  0.00 | 0.00e+00 0.00e+00 |   2.8524 0.8914  0.0000  2.9576 0.500  0.00 | PAIR-CHANNEL-DEAD
# CONVTAG t=242.00 rough=0.000000 cond=0.754459 evap=1.215278 backs=0.158514
t=  244.00 -1.67e-14 | 0.0010  0.00      0    0      0      0 | 0.0000  0.00 | 0.00e+00 0.00e+00 |   2.8524 0.8914  0.0000  2.9576 0.500  0.00 | PAIR-CHANNEL-DEAD
# CONVTAG t=244.00 rough=0.000000 cond=0.754459 evap=1.215278 backs=0.158514
t=  246.00 -1.73e-14 | 0.0010  0.00      0    0      0      0 | 0.0000  0.00 | 0.00e+00 0.00e+00 |   2.8524 0.8914  0.0000  2.9576 0.500  0.00 | PAIR-CHANNEL-DEAD
# CONVTAG t=246.00 rough=0.000000 cond=0.754459 evap=1.215278 backs=0.158514
t=  248.00 -1.78e-14 | 0.0010  0.00      0    0      0      0 | 0.0000  0.00 | 0.00e+00 0.00e+00 |   2.8524 0.8914  0.0000  2.9576 0.500  0.00 | PAIR-CHANNEL-DEAD
# CONVTAG t=248.00 rough=0.000000 cond=0.754459 evap=1.215278 backs=0.158514
t=  250.00 -1.82e-14 | 0.0010  0.00      0    0      0      0 | 0.0000  0.00 | 0.00e+00 0.00e+00 |   2.8524 0.8914  0.0000  2.9576 0.500  0.00 | PAIR-CHANNEL-DEAD
# CONVTAG t=250.00 rough=0.000000 cond=0.754459 evap=1.215278 backs=0.158514
t=  252.00 -1.89e-14 | 0.0010  0.00      0    0      0      0 | 0.0000  0.00 | 0.00e+00 0.00e+00 |   2.8524 0.8914  0.0000  2.9576 0.500  0.00 | PAIR-CHANNEL-DEAD
# CONVTAG t=252.00 rough=0.000000 cond=0.754459 evap=1.215278 backs=0.158514
t=  254.00 -1.95e-14 | 0.0010  0.00      0    0      0      0 | 0.0000  0.00 | 0.00e+00 0.00e+00 |   2.8524 0.8914  0.0000  2.9576 0.500  0.00 | PAIR-CHANNEL-DEAD
# CONVTAG t=254.00 rough=0.000000 cond=0.754459 evap=1.215278 backs=0.158514
t=  256.00 -2.01e-14 | 0.0010  0.00      0    0      0      0 | 0.0000  0.00 | 0.00e+00 0.00e+00 |   2.8524 0.8914  0.0000  2.9576 0.500  0.00 | PAIR-CHANNEL-DEAD
# CONVTAG t=256.00 rough=0.000000 cond=0.754459 evap=1.215278 backs=0.158514
t=  258.00 -2.08e-14 | 0.0010  0.00      0    0      0      0 | 0.0000  0.00 | 0.00e+00 0.00e+00 |   2.8524 0.8914  0.0000  2.9576 0.500  0.00 | PAIR-CHANNEL-DEAD
# CONVTAG t=258.00 rough=0.000000 cond=0.754459 evap=1.215278 backs=0.158514
t=  260.00 -2.12e-14 | 0.0010  0.00      0    0      0      0 | 0.0000  0.00 | 0.00e+00 0.00e+00 |   2.8524 0.8914  0.0000  2.9576 0.500  0.00 | PAIR-CHANNEL-DEAD
# CONVTAG t=260.00 rough=0.000000 cond=0.754459 evap=1.215278 backs=0.158514
t=  262.00 -2.19e-14 | 0.0010  0.00      0    0      0      0 | 0.0000  0.00 | 0.00e+00 0.00e+00 |   2.8524 0.8914  0.0000  2.9576 0.500  0.00 | PAIR-CHANNEL-DEAD
# CONVTAG t=262.00 rough=0.000000 cond=0.754459 evap=1.215278 backs=0.158514
t=  264.00 -2.23e-14 | 0.0010  0.00      0    0      0      0 | 0.0000  0.00 | 0.00e+00 0.00e+00 |   2.8524 0.8914  0.0000  2.9576 0.500  0.00 | PAIR-CHANNEL-DEAD
# CONVTAG t=264.00 rough=0.000000 cond=0.754459 evap=1.215278 backs=0.158514
t=  266.00 -2.28e-14 | 0.0010  0.00      0    0      0      0 | 0.0000  0.00 | 0.00e+00 0.00e+00 |   2.8524 0.8914  0.0000  2.9576 0.500  0.00 | PAIR-CHANNEL-DEAD
# CONVTAG t=266.00 rough=0.000000 cond=0.754459 evap=1.215278 backs=0.158514
t=  268.00 -2.34e-14 | 0.0010  0.00      0    0      0      0 | 0.0000  0.00 | 0.00e+00 0.00e+00 |   2.8524 0.8914  0.0000  2.9576 0.500  0.00 | PAIR-CHANNEL-DEAD
# CONVTAG t=268.00 rough=0.000000 cond=0.754459 evap=1.215278 backs=0.158514
t=  270.00 -2.41e-14 | 0.0010  0.00      0    0      0      0 | 0.0000  0.00 | 0.00e+00 0.00e+00 |   2.8524 0.8914  0.0000  2.9576 0.500  0.00 | PAIR-CHANNEL-DEAD
# CONVTAG t=270.00 rough=0.000000 cond=0.754459 evap=1.215278 backs=0.158514
t=  272.00 -2.47e-14 | 0.0010  0.00      0    0      0      0 | 0.0000  0.00 | 0.00e+00 0.00e+00 |   2.8524 0.8914  0.0000  2.9576 0.500  0.00 | PAIR-CHANNEL-DEAD
# CONVTAG t=272.00 rough=0.000000 cond=0.754459 evap=1.215278 backs=0.158514
t=  274.00 -2.53e-14 | 0.0010  0.00      0    0      0      0 | 0.0000  0.00 | 0.00e+00 0.00e+00 |   2.8524 0.8914  0.0000  2.9576 0.500  0.00 | PAIR-CHANNEL-DEAD
# CONVTAG t=274.00 rough=0.000000 cond=0.754459 evap=1.215278 backs=0.158514
t=  276.00 -2.56e-14 | 0.0010  0.00      0    0      0      0 | 0.0000  0.00 | 0.00e+00 0.00e+00 |   2.8524 0.8914  0.0000  2.9576 0.500  0.00 | PAIR-CHANNEL-DEAD
# CONVTAG t=276.00 rough=0.000000 cond=0.754459 evap=1.215278 backs=0.158514
t=  278.00 -2.64e-14 | 0.0010  0.00      0    0      0      0 | 0.0000  0.00 | 0.00e+00 0.00e+00 |   2.8524 0.8914  0.0000  2.9576 0.500  0.00 | PAIR-CHANNEL-DEAD
# CONVTAG t=278.00 rough=0.000000 cond=0.754459 evap=1.215278 backs=0.158514
t=  280.00 -2.67e-14 | 0.0010  0.00      0    0      0      0 | 0.0000  0.00 | 0.00e+00 0.00e+00 |   2.8524 0.8914  0.0000  2.9576 0.500  0.00 | PAIR-CHANNEL-DEAD
# CONVTAG t=280.00 rough=0.000000 cond=0.754459 evap=1.215278 backs=0.158514
t=  282.00 -2.73e-14 | 0.0010  0.00      0    0      0      0 | 0.0000  0.00 | 0.00e+00 0.00e+00 |   2.8524 0.8914  0.0000  2.9576 0.500  0.00 | PAIR-CHANNEL-DEAD
# CONVTAG t=282.00 rough=0.000000 cond=0.754459 evap=1.215278 backs=0.158514
t=  284.00 -2.79e-14 | 0.0010  0.00      0    0      0      0 | 0.0000  0.00 | 0.00e+00 0.00e+00 |   2.8524 0.8914  0.0000  2.9576 0.500  0.00 | PAIR-CHANNEL-DEAD
# CONVTAG t=284.00 rough=0.000000 cond=0.754459 evap=1.215278 backs=0.158514
t=  286.00 -2.84e-14 | 0.0010  0.00      0    0      0      0 | 0.0000  0.00 | 0.00e+00 0.00e+00 |   2.8524 0.8914  0.0000  2.9576 0.500  0.00 | PAIR-CHANNEL-DEAD
# CONVTAG t=286.00 rough=0.000000 cond=0.754459 evap=1.215278 backs=0.158514
t=  288.00 -2.90e-14 | 0.0010  0.00      0    0      0      0 | 0.0000  0.00 | 0.00e+00 0.00e+00 |   2.8524 0.8914  0.0000  2.9576 0.500  0.00 | PAIR-CHANNEL-DEAD
# CONVTAG t=288.00 rough=0.000000 cond=0.754459 evap=1.215278 backs=0.158514
t=  290.00 -2.97e-14 | 0.0010  0.00      0    0      0      0 | 0.0000  0.00 | 0.00e+00 0.00e+00 |   2.8524 0.8914  0.0000  2.9576 0.500  0.00 | PAIR-CHANNEL-DEAD
# CONVTAG t=290.00 rough=0.000000 cond=0.754459 evap=1.215278 backs=0.158514
t=  292.00 -3.01e-14 | 0.0010  0.00      0    0      0      0 | 0.0000  0.00 | 0.00e+00 0.00e+00 |   2.8524 0.8914  0.0000  2.9576 0.500  0.00 | PAIR-CHANNEL-DEAD
# CONVTAG t=292.00 rough=0.000000 cond=0.754459 evap=1.215278 backs=0.158514
# QATOM t=293.64 dir=DF w=1.72151355 e=0.315085499946 i=0 Em=1.4262
t=  294.00 -3.05e-14 | 0.0010  0.00      0    0      0      0 | 0.0000  0.00 | 0.00e+00 0.00e+00 |   2.5373 0.7929  0.3673  2.9347 0.500  0.00 | PAIR-CHANNEL-DEAD
# CONVTAG t=294.00 rough=0.000000 cond=0.754459 evap=1.530363 backs=0.199613
# QATOM t=295.44 dir=DF w=1.72151355 e=0.315085499946 i=1 Em=1.4262
t=  296.00 -3.03e-14 | 0.0011  0.00      0    0      0      0 | 0.0000  0.00 | 0.00e+00 0.00e+00 |   2.2222 0.6944  0.0000  2.9576 0.500  0.00 | PAIR-CHANNEL-DEAD
# CONVTAG t=296.00 rough=0.000000 cond=0.754459 evap=1.845449 backs=0.240711
t=  298.00 -2.97e-14 | 0.0011  0.00      0    0      0      0 | 0.0000  0.00 | 0.00e+00 0.00e+00 |   2.2222 0.6944  0.0000  2.9576 0.500  0.00 | PAIR-CHANNEL-DEAD
# CONVTAG t=298.00 rough=0.000000 cond=0.754459 evap=1.845449 backs=0.240711
t=  300.00 -2.86e-14 | 0.0011  0.00      0    0      0      0 | 0.0000  0.00 | 0.00e+00 0.00e+00 |   2.2222 0.6944  0.0000  2.9576 0.500  0.00 | PAIR-CHANNEL-DEAD
# CONVTAG t=300.00 rough=0.000000 cond=0.754459 evap=1.845449 backs=0.240711
# QATOM t=301.34 dir=FD w=1.07609414 e=0.393911112285 i=0 Em=1.1111
t=  302.00 -2.79e-14 | 0.0010  0.00      0    0      0      0 | 0.0000  0.00 | 0.00e+00 0.00e+00 |   2.6752 0.8360  0.5008  2.9149 0.500  0.00 | PAIR-CHANNEL-DEAD
# CONVTAG t=302.00 rough=0.000000 cond=1.148371 evap=1.845449 backs=0.240711
# QATOM t=303.16 dir=FD w=1.07609414 e=0.393911112285 i=1 Em=1.1111
t=  304.00 -2.79e-14 | 0.0010  0.00      0    0      0      0 | 0.0000  0.00 | 0.00e+00 0.00e+00 |   3.1282 0.9776  0.0000  2.9576 0.500  0.00 | PAIR-CHANNEL-DEAD
# CONVTAG t=304.00 rough=0.000000 cond=1.542282 evap=1.845449 backs=0.240711
t=  306.00 -2.79e-14 | 0.0010  0.00      0    0      0      0 | 0.0000  0.00 | 0.00e+00 0.00e+00 |   3.1282 0.9776  0.0000  2.9576 0.500  0.00 | PAIR-CHANNEL-DEAD
# CONVTAG t=306.00 rough=0.000000 cond=1.542282 evap=1.845449 backs=0.240711
t=  308.00 -2.80e-14 | 0.0010  0.00      0    0      0      0 | 0.0000  0.00 | 0.00e+00 0.00e+00 |   3.1282 0.9776  0.0000  2.9576 0.500  0.00 | PAIR-CHANNEL-DEAD
# CONVTAG t=308.00 rough=0.000000 cond=1.542282 evap=1.845449 backs=0.240711
t=  310.00 -2.82e-14 | 0.0010  0.00      0    0      0      0 | 0.0000  0.00 | 0.00e+00 0.00e+00 |   3.1282 0.9776  0.0000  2.9576 0.500  0.00 | PAIR-CHANNEL-DEAD
# CONVTAG t=310.00 rough=0.000000 cond=1.542282 evap=1.845449 backs=0.240711
t=  312.00 -2.82e-14 | 0.0010  0.00      0    0      0      0 | 0.0000  0.00 | 0.00e+00 0.00e+00 |   3.1282 0.9776  0.0000  2.9576 0.500  0.00 | PAIR-CHANNEL-DEAD
# CONVTAG t=312.00 rough=0.000000 cond=1.542282 evap=1.845449 backs=0.240711
t=  314.00 -2.84e-14 | 0.0010  0.00      0    0      0      0 | 0.0000  0.00 | 0.00e+00 0.00e+00 |   3.1282 0.9776  0.0000  2.9576 0.500  0.00 | PAIR-CHANNEL-DEAD
# CONVTAG t=314.00 rough=0.000000 cond=1.542282 evap=1.845449 backs=0.240711
t=  316.00 -2.86e-14 | 0.0010  0.00      0    0      0      0 | 0.0000  0.00 | 0.00e+00 0.00e+00 |   3.1282 0.9776  0.0000  2.9576 0.500  0.00 | PAIR-CHANNEL-DEAD
# CONVTAG t=316.00 rough=0.000000 cond=1.542282 evap=1.845449 backs=0.240711
t=  318.00 -2.88e-14 | 0.0010  0.00      0    0      0      0 | 0.0000  0.00 | 0.00e+00 0.00e+00 |   3.1282 0.9776  0.0000  2.9576 0.500  0.00 | PAIR-CHANNEL-DEAD
# CONVTAG t=318.00 rough=0.000000 cond=1.542282 evap=1.845449 backs=0.240711
t=  320.00 -2.88e-14 | 0.0010  0.00      0    0      0      0 | 0.0000  0.00 | 0.00e+00 0.00e+00 |   3.1282 0.9776  0.0000  2.9576 0.500  0.00 | PAIR-CHANNEL-DEAD
# CONVTAG t=320.00 rough=0.000000 cond=1.542282 evap=1.845449 backs=0.240711
t=  322.00 -2.90e-14 | 0.0010  0.00      0    0      0      0 | 0.0000  0.00 | 0.00e+00 0.00e+00 |   3.1282 0.9776  0.0000  2.9576 0.500  0.00 | PAIR-CHANNEL-DEAD
# CONVTAG t=322.00 rough=0.000000 cond=1.542282 evap=1.845449 backs=0.240711
t=  324.00 -2.92e-14 | 0.0010  0.00      0    0      0      0 | 0.0000  0.00 | 0.00e+00 0.00e+00 |   3.1282 0.9776  0.0000  2.9576 0.500  0.00 | PAIR-CHANNEL-DEAD
# CONVTAG t=324.00 rough=0.000000 cond=1.542282 evap=1.845449 backs=0.240711
t=  326.00 -2.92e-14 | 0.0010  0.00      0    0      0      0 | 0.0000  0.00 | 0.00e+00 0.00e+00 |   3.1282 0.9776  0.0000  2.9576 0.500  0.00 | PAIR-CHANNEL-DEAD
# CONVTAG t=326.00 rough=0.000000 cond=1.542282 evap=1.845449 backs=0.240711
t=  328.00 -2.93e-14 | 0.0010  0.00      0    0      0      0 | 0.0000  0.00 | 0.00e+00 0.00e+00 |   3.1282 0.9776  0.0000  2.9576 0.500  0.00 | PAIR-CHANNEL-DEAD
# CONVTAG t=328.00 rough=0.000000 cond=1.542282 evap=1.845449 backs=0.240711
t=  330.00 -2.95e-14 | 0.0010  0.00      0    0      0      0 | 0.0000  0.00 | 0.00e+00 0.00e+00 |   3.1282 0.9776  0.0000  2.9576 0.500  0.00 | PAIR-CHANNEL-DEAD
# CONVTAG t=330.00 rough=0.000000 cond=1.542282 evap=1.845449 backs=0.240711
t=  332.00 -2.95e-14 | 0.0010  0.00      0    0      0      0 | 0.0000  0.00 | 0.00e+00 0.00e+00 |   3.1282 0.9776  0.0000  2.9576 0.500  0.00 | PAIR-CHANNEL-DEAD
# CONVTAG t=332.00 rough=0.000000 cond=1.542282 evap=1.845449 backs=0.240711
t=  334.00 -2.97e-14 | 0.0010  0.00      0    0      0      0 | 0.0000  0.00 | 0.00e+00 0.00e+00 |   3.1282 0.9776  0.0000  2.9576 0.500  0.00 | PAIR-CHANNEL-DEAD
# CONVTAG t=334.00 rough=0.000000 cond=1.542282 evap=1.845449 backs=0.240711
t=  336.00 -2.99e-14 | 0.0010  0.00      0    0      0      0 | 0.0000  0.00 | 0.00e+00 0.00e+00 |   3.1282 0.9776  0.0000  2.9576 0.500  0.00 | PAIR-CHANNEL-DEAD
# CONVTAG t=336.00 rough=0.000000 cond=1.542282 evap=1.845449 backs=0.240711
t=  338.00 -2.99e-14 | 0.0010  0.00      0    0      0      0 | 0.0000  0.00 | 0.00e+00 0.00e+00 |   3.1282 0.9776  0.0000  2.9576 0.500  0.00 | PAIR-CHANNEL-DEAD
# CONVTAG t=338.00 rough=0.000000 cond=1.542282 evap=1.845449 backs=0.240711
t=  340.00 -3.01e-14 | 0.0010  0.00      0    0      0      0 | 0.0000  0.00 | 0.00e+00 0.00e+00 |   3.1282 0.9776  0.0000  2.9576 0.500  0.00 | PAIR-CHANNEL-DEAD
# CONVTAG t=340.00 rough=0.000000 cond=1.542282 evap=1.845449 backs=0.240711
t=  342.00 -3.03e-14 | 0.0010  0.00      0    0      0      0 | 0.0000  0.00 | 0.00e+00 0.00e+00 |   3.1282 0.9776  0.0000  2.9576 0.500  0.00 | PAIR-CHANNEL-DEAD
# CONVTAG t=342.00 rough=0.000000 cond=1.542282 evap=1.845449 backs=0.240711
t=  344.00 -3.05e-14 | 0.0010  0.00      0    0      0      0 | 0.0000  0.00 | 0.00e+00 0.00e+00 |   3.1282 0.9776  0.0000  2.9576 0.500  0.00 | PAIR-CHANNEL-DEAD
# CONVTAG t=344.00 rough=0.000000 cond=1.542282 evap=1.845449 backs=0.240711
t=  346.00 -3.05e-14 | 0.0010  0.00      0    0      0      0 | 0.0000  0.00 | 0.00e+00 0.00e+00 |   3.1282 0.9776  0.0000  2.9576 0.500  0.00 | PAIR-CHANNEL-DEAD
# CONVTAG t=346.00 rough=0.000000 cond=1.542282 evap=1.845449 backs=0.240711
t=  348.00 -3.06e-14 | 0.0010  0.00      0    0      0      0 | 0.0000  0.00 | 0.00e+00 0.00e+00 |   3.1282 0.9776  0.0000  2.9576 0.500  0.00 | PAIR-CHANNEL-DEAD
# CONVTAG t=348.00 rough=0.000000 cond=1.542282 evap=1.845449 backs=0.240711
t=  350.00 -3.08e-14 | 0.0010  0.00      0    0      0      0 | 0.0000  0.00 | 0.00e+00 0.00e+00 |   3.1282 0.9776  0.0000  2.9576 0.500  0.00 | PAIR-CHANNEL-DEAD
# CONVTAG t=350.00 rough=0.000000 cond=1.542282 evap=1.845449 backs=0.240711
t=  352.00 -3.08e-14 | 0.0010  0.00      0    0      0      0 | 0.0000  0.00 | 0.00e+00 0.00e+00 |   3.1282 0.9776  0.0000  2.9576 0.500  0.00 | PAIR-CHANNEL-DEAD
# CONVTAG t=352.00 rough=0.000000 cond=1.542282 evap=1.845449 backs=0.240711
t=  354.00 -3.10e-14 | 0.0010  0.00      0    0      0      0 | 0.0000  0.00 | 0.00e+00 0.00e+00 |   3.1282 0.9776  0.0000  2.9576 0.500  0.00 | PAIR-CHANNEL-DEAD
# CONVTAG t=354.00 rough=0.000000 cond=1.542282 evap=1.845449 backs=0.240711
t=  356.00 -3.12e-14 | 0.0010  0.00      0    0      0      0 | 0.0000  0.00 | 0.00e+00 0.00e+00 |   3.1282 0.9776  0.0000  2.9576 0.500  0.00 | PAIR-CHANNEL-DEAD
# CONVTAG t=356.00 rough=0.000000 cond=1.542282 evap=1.845449 backs=0.240711
t=  358.00 -3.12e-14 | 0.0010  0.00      0    0      0      0 | 0.0000  0.00 | 0.00e+00 0.00e+00 |   3.1282 0.9776  0.0000  2.9576 0.500  0.00 | PAIR-CHANNEL-DEAD
# CONVTAG t=358.00 rough=0.000000 cond=1.542282 evap=1.845449 backs=0.240711
t=  360.00 -3.16e-14 | 0.0010  0.00      0    0      0      0 | 0.0000  0.00 | 0.00e+00 0.00e+00 |   3.1282 0.9776  0.0000  2.9576 0.500  0.00 | PAIR-CHANNEL-DEAD
# CONVTAG t=360.00 rough=0.000000 cond=1.542282 evap=1.845449 backs=0.240711
t=  362.00 -3.16e-14 | 0.0010  0.00      0    0      0      0 | 0.0000  0.00 | 0.00e+00 0.00e+00 |   3.1282 0.9776  0.0000  2.9576 0.500  0.00 | PAIR-CHANNEL-DEAD
# CONVTAG t=362.00 rough=0.000000 cond=1.542282 evap=1.845449 backs=0.240711
t=  364.00 -3.16e-14 | 0.0010  0.00      0    0      0      0 | 0.0000  0.00 | 0.00e+00 0.00e+00 |   3.1282 0.9776  0.0000  2.9576 0.500  0.00 | PAIR-CHANNEL-DEAD
# CONVTAG t=364.00 rough=0.000000 cond=1.542282 evap=1.845449 backs=0.240711
t=  366.00 -3.19e-14 | 0.0010  0.00      0    0      0      0 | 0.0000  0.00 | 0.00e+00 0.00e+00 |   3.1282 0.9776  0.0000  2.9576 0.500  0.00 | PAIR-CHANNEL-DEAD
# CONVTAG t=366.00 rough=0.000000 cond=1.542282 evap=1.845449 backs=0.240711
t=  368.00 -3.19e-14 | 0.0010  0.00      0    0      0      0 | 0.0000  0.00 | 0.00e+00 0.00e+00 |   3.1282 0.9776  0.0000  2.9576 0.500  0.00 | PAIR-CHANNEL-DEAD
# CONVTAG t=368.00 rough=0.000000 cond=1.542282 evap=1.845449 backs=0.240711
t=  370.00 -3.19e-14 | 0.0010  0.00      0    0      0      0 | 0.0000  0.00 | 0.00e+00 0.00e+00 |   3.1282 0.9776  0.0000  2.9576 0.500  0.00 | PAIR-CHANNEL-DEAD
# CONVTAG t=370.00 rough=0.000000 cond=1.542282 evap=1.845449 backs=0.240711
# QATOM t=371.74 dir=DF w=1.65642157 e=0.303171832591 i=0 Em=1.5641
t=  372.00 -3.23e-14 | 0.0010  0.00      0    0      0      0 | 0.0000  0.00 | 0.00e+00 0.00e+00 |   2.8250 0.8828  0.3174  2.9406 0.500  0.00 | PAIR-CHANNEL-DEAD
# CONVTAG t=372.00 rough=0.000000 cond=1.542282 evap=2.148621 backs=0.280255
# QATOM t=373.56 dir=DF w=1.65642157 e=0.303171832591 i=1 Em=1.5641
t=  374.00 -3.31e-14 | 0.0010  0.00      0    0      0      0 | 0.0000  0.00 | 0.00e+00 0.00e+00 |   2.5218 0.7881  0.0000  2.9576 0.500  0.00 | PAIR-CHANNEL-DEAD
# CONVTAG t=374.00 rough=0.000000 cond=1.542282 evap=2.451792 backs=0.319799
t=  376.00 -3.38e-14 | 0.0010  0.00      0    0      0      0 | 0.0000  0.00 | 0.00e+00 0.00e+00 |   2.5218 0.7881  0.0000  2.9576 0.500  0.00 | PAIR-CHANNEL-DEAD
# CONVTAG t=376.00 rough=0.000000 cond=1.542282 evap=2.451792 backs=0.319799
t=  378.00 -3.45e-14 | 0.0010  0.00      0    0      0      0 | 0.0000  0.00 | 0.00e+00 0.00e+00 |   2.5218 0.7881  0.0000  2.9576 0.500  0.00 | PAIR-CHANNEL-DEAD
# CONVTAG t=378.00 rough=0.000000 cond=1.542282 evap=2.451792 backs=0.319799
t=  380.00 -3.53e-14 | 0.0010  0.00      0    0      0      0 | 0.0000  0.00 | 0.00e+00 0.00e+00 |   2.5218 0.7881  0.0000  2.9576 0.500  0.00 | PAIR-CHANNEL-DEAD
# CONVTAG t=380.00 rough=0.000000 cond=1.542282 evap=2.451792 backs=0.319799
t=  382.00 -3.60e-14 | 0.0010  0.00      0    0      0      0 | 0.0000  0.00 | 0.00e+00 0.00e+00 |   2.5218 0.7881  0.0000  2.9576 0.500  0.00 | PAIR-CHANNEL-DEAD
# CONVTAG t=382.00 rough=0.000000 cond=1.542282 evap=2.451792 backs=0.319799
t=  384.00 -3.71e-14 | 0.0010  0.00      0    0      0      0 | 0.0000  0.00 | 0.00e+00 0.00e+00 |   2.5218 0.7881  0.0000  2.9576 0.500  0.00 | PAIR-CHANNEL-DEAD
# CONVTAG t=384.00 rough=0.000000 cond=1.542282 evap=2.451792 backs=0.319799
t=  386.00 -3.79e-14 | 0.0010  0.00      0    0      0      0 | 0.0000  0.00 | 0.00e+00 0.00e+00 |   2.5218 0.7881  0.0000  2.9576 0.500  0.00 | PAIR-CHANNEL-DEAD
# CONVTAG t=386.00 rough=0.000000 cond=1.542282 evap=2.451792 backs=0.319799
# QATOM t=387.88 dir=FD w=1.02788396 e=0.188131735926 i=0 Em=1.2609
t=  388.00 -3.86e-14 | 0.0010  0.00      0    0      0      0 | 0.0000  0.00 | 0.00e+00 0.00e+00 |   2.7382 0.8557  0.2337  2.9484 0.500  0.00 | PAIR-CHANNEL-DEAD
# CONVTAG t=388.00 rough=0.000000 cond=1.730413 evap=2.451792 backs=0.319799
# QATOM t=389.70 dir=FD w=1.02788396 e=0.188131735926 i=1 Em=1.2609
t=  390.00 -3.90e-14 | 0.0010  0.00      0    0      0      0 | 0.0000  0.00 | 0.00e+00 0.00e+00 |   2.9545 0.9233  0.0000  2.9576 0.500  0.00 | PAIR-CHANNEL-DEAD
# CONVTAG t=390.00 rough=0.000000 cond=1.918545 evap=2.451792 backs=0.319799
t=  392.00 -3.90e-14 | 0.0010  0.00      0    0      0      0 | 0.0000  0.00 | 0.00e+00 0.00e+00 |   2.9545 0.9233  0.0000  2.9576 0.500  0.00 | PAIR-CHANNEL-DEAD
# CONVTAG t=392.00 rough=0.000000 cond=1.918545 evap=2.451792 backs=0.319799
t=  394.00 -3.92e-14 | 0.0010  0.00      0    0      0      0 | 0.0000  0.00 | 0.00e+00 0.00e+00 |   2.9545 0.9233  0.0000  2.9576 0.500  0.00 | PAIR-CHANNEL-DEAD
# CONVTAG t=394.00 rough=0.000000 cond=1.918545 evap=2.451792 backs=0.319799
t=  396.00 -3.92e-14 | 0.0010  0.00      0    0      0      0 | 0.0000  0.00 | 0.00e+00 0.00e+00 |   2.9545 0.9233  0.0000  2.9576 0.500  0.00 | PAIR-CHANNEL-DEAD
# CONVTAG t=396.00 rough=0.000000 cond=1.918545 evap=2.451792 backs=0.319799
t=  398.00 -3.94e-14 | 0.0010  0.00      0    0      0      0 | 0.0000  0.00 | 0.00e+00 0.00e+00 |   2.9545 0.9233  0.0000  2.9576 0.500  0.00 | PAIR-CHANNEL-DEAD
# CONVTAG t=398.00 rough=0.000000 cond=1.918545 evap=2.451792 backs=0.319799
t=  400.00 -3.96e-14 | 0.0010  0.00      0    0      0      0 | 0.0000  0.00 | 0.00e+00 0.00e+00 |   2.9545 0.9233  0.0000  2.9576 0.500  0.00 | PAIR-CHANNEL-DEAD
# CONVTAG t=400.00 rough=0.000000 cond=1.918545 evap=2.451792 backs=0.319799
t=  402.00 -3.96e-14 | 0.0010  0.00      0    0      0      0 | 0.0000  0.00 | 0.00e+00 0.00e+00 |   2.9545 0.9233  0.0000  2.9576 0.500  0.00 | PAIR-CHANNEL-DEAD
# CONVTAG t=402.00 rough=0.000000 cond=1.918545 evap=2.451792 backs=0.319799
t=  404.00 -3.97e-14 | 0.0010  0.00      0    0      0      0 | 0.0000  0.00 | 0.00e+00 0.00e+00 |   2.9545 0.9233  0.0000  2.9576 0.500  0.00 | PAIR-CHANNEL-DEAD
# CONVTAG t=404.00 rough=0.000000 cond=1.918545 evap=2.451792 backs=0.319799
t=  406.00 -3.97e-14 | 0.0010  0.00      0    0      0      0 | 0.0000  0.00 | 0.00e+00 0.00e+00 |   2.9545 0.9233  0.0000  2.9576 0.500  0.00 | PAIR-CHANNEL-DEAD
# CONVTAG t=406.00 rough=0.000000 cond=1.918545 evap=2.451792 backs=0.319799
t=  408.00 -3.99e-14 | 0.0010  0.00      0    0      0      0 | 0.0000  0.00 | 0.00e+00 0.00e+00 |   2.9545 0.9233  0.0000  2.9576 0.500  0.00 | PAIR-CHANNEL-DEAD
# CONVTAG t=408.00 rough=0.000000 cond=1.918545 evap=2.451792 backs=0.319799
t=  410.00 -3.99e-14 | 0.0010  0.00      0    0      0      0 | 0.0000  0.00 | 0.00e+00 0.00e+00 |   2.9545 0.9233  0.0000  2.9576 0.500  0.00 | PAIR-CHANNEL-DEAD
# CONVTAG t=410.00 rough=0.000000 cond=1.918545 evap=2.451792 backs=0.319799
t=  412.00 -4.01e-14 | 0.0010  0.00      0    0      0      0 | 0.0000  0.00 | 0.00e+00 0.00e+00 |   2.9545 0.9233  0.0000  2.9576 0.500  0.00 | PAIR-CHANNEL-DEAD
# CONVTAG t=412.00 rough=0.000000 cond=1.918545 evap=2.451792 backs=0.319799
t=  414.00 -4.01e-14 | 0.0010  0.00      0    0      0      0 | 0.0000  0.00 | 0.00e+00 0.00e+00 |   2.9545 0.9233  0.0000  2.9576 0.500  0.00 | PAIR-CHANNEL-DEAD
# CONVTAG t=414.00 rough=0.000000 cond=1.918545 evap=2.451792 backs=0.319799
t=  416.00 -4.01e-14 | 0.0010  0.00      0    0      0      0 | 0.0000  0.00 | 0.00e+00 0.00e+00 |   2.9545 0.9233  0.0000  2.9576 0.500  0.00 | PAIR-CHANNEL-DEAD
# CONVTAG t=416.00 rough=0.000000 cond=1.918545 evap=2.451792 backs=0.319799
t=  418.00 -4.01e-14 | 0.0010  0.00      0    0      0      0 | 0.0000  0.00 | 0.00e+00 0.00e+00 |   2.9545 0.9233  0.0000  2.9576 0.500  0.00 | PAIR-CHANNEL-DEAD
# CONVTAG t=418.00 rough=0.000000 cond=1.918545 evap=2.451792 backs=0.319799
t=  420.00 -4.01e-14 | 0.0010  0.00      0    0      0      0 | 0.0000  0.00 | 0.00e+00 0.00e+00 |   2.9545 0.9233  0.0000  2.9576 0.500  0.00 | PAIR-CHANNEL-DEAD
# CONVTAG t=420.00 rough=0.000000 cond=1.918545 evap=2.451792 backs=0.319799
t=  422.00 -4.05e-14 | 0.0010  0.00      0    0      0      0 | 0.0000  0.00 | 0.00e+00 0.00e+00 |   2.9545 0.9233  0.0000  2.9576 0.500  0.00 | PAIR-CHANNEL-DEAD
# CONVTAG t=422.00 rough=0.000000 cond=1.918545 evap=2.451792 backs=0.319799
t=  424.00 -4.05e-14 | 0.0010  0.00      0    0      0      0 | 0.0000  0.00 | 0.00e+00 0.00e+00 |   2.9545 0.9233  0.0000  2.9576 0.500  0.00 | PAIR-CHANNEL-DEAD
# CONVTAG t=424.00 rough=0.000000 cond=1.918545 evap=2.451792 backs=0.319799
t=  426.00 -4.05e-14 | 0.0010  0.00      0    0      0      0 | 0.0000  0.00 | 0.00e+00 0.00e+00 |   2.9545 0.9233  0.0000  2.9576 0.500  0.00 | PAIR-CHANNEL-DEAD
# CONVTAG t=426.00 rough=0.000000 cond=1.918545 evap=2.451792 backs=0.319799
t=  428.00 -4.05e-14 | 0.0010  0.00      0    0      0      0 | 0.0000  0.00 | 0.00e+00 0.00e+00 |   2.9545 0.9233  0.0000  2.9576 0.500  0.00 | PAIR-CHANNEL-DEAD
# CONVTAG t=428.00 rough=0.000000 cond=1.918545 evap=2.451792 backs=0.319799
t=  430.00 -4.07e-14 | 0.0010  0.00      0    0      0      0 | 0.0000  0.00 | 0.00e+00 0.00e+00 |   2.9545 0.9233  0.0000  2.9576 0.500  0.00 | PAIR-CHANNEL-DEAD
# CONVTAG t=430.00 rough=0.000000 cond=1.918545 evap=2.451792 backs=0.319799
t=  432.00 -4.09e-14 | 0.0010  0.00      0    0      0      0 | 0.0000  0.00 | 0.00e+00 0.00e+00 |   2.9545 0.9233  0.0000  2.9576 0.500  0.00 | PAIR-CHANNEL-DEAD
# CONVTAG t=432.00 rough=0.000000 cond=1.918545 evap=2.451792 backs=0.319799
t=  434.00 -4.09e-14 | 0.0010  0.00      0    0      0      0 | 0.0000  0.00 | 0.00e+00 0.00e+00 |   2.9545 0.9233  0.0000  2.9576 0.500  0.00 | PAIR-CHANNEL-DEAD
# CONVTAG t=434.00 rough=0.000000 cond=1.918545 evap=2.451792 backs=0.319799
t=  436.00 -4.09e-14 | 0.0010  0.00      0    0      0      0 | 0.0000  0.00 | 0.00e+00 0.00e+00 |   2.9545 0.9233  0.0000  2.9576 0.500  0.00 | PAIR-CHANNEL-DEAD
# CONVTAG t=436.00 rough=0.000000 cond=1.918545 evap=2.451792 backs=0.319799
t=  438.00 -4.09e-14 | 0.0010  0.00      0    0      0      0 | 0.0000  0.00 | 0.00e+00 0.00e+00 |   2.9545 0.9233  0.0000  2.9576 0.500  0.00 | PAIR-CHANNEL-DEAD
# CONVTAG t=438.00 rough=0.000000 cond=1.918545 evap=2.451792 backs=0.319799
t=  440.00 -4.10e-14 | 0.0010  0.00      0    0      0      0 | 0.0000  0.00 | 0.00e+00 0.00e+00 |   2.9545 0.9233  0.0000  2.9576 0.500  0.00 | PAIR-CHANNEL-DEAD
# CONVTAG t=440.00 rough=0.000000 cond=1.918545 evap=2.451792 backs=0.319799
t=  442.00 -4.12e-14 | 0.0010  0.00      0    0      0      0 | 0.0000  0.00 | 0.00e+00 0.00e+00 |   2.9545 0.9233  0.0000  2.9576 0.500  0.00 | PAIR-CHANNEL-DEAD
# CONVTAG t=442.00 rough=0.000000 cond=1.918545 evap=2.451792 backs=0.319799
t=  444.00 -4.12e-14 | 0.0010  0.00      0    0      0      0 | 0.0000  0.00 | 0.00e+00 0.00e+00 |   2.9545 0.9233  0.0000  2.9576 0.500  0.00 | PAIR-CHANNEL-DEAD
# CONVTAG t=444.00 rough=0.000000 cond=1.918545 evap=2.451792 backs=0.319799
t=  446.00 -4.12e-14 | 0.0010  0.00      0    0      0      0 | 0.0000  0.00 | 0.00e+00 0.00e+00 |   2.9545 0.9233  0.0000  2.9576 0.500  0.00 | PAIR-CHANNEL-DEAD
# CONVTAG t=446.00 rough=0.000000 cond=1.918545 evap=2.451792 backs=0.319799
t=  448.00 -4.16e-14 | 0.0010  0.00      0    0      0      0 | 0.0000  0.00 | 0.00e+00 0.00e+00 |   2.9545 0.9233  0.0000  2.9576 0.500  0.00 | PAIR-CHANNEL-DEAD
# CONVTAG t=448.00 rough=0.000000 cond=1.918545 evap=2.451792 backs=0.319799
t=  450.00 -4.16e-14 | 0.0010  0.00      0    0      0      0 | 0.0000  0.00 | 0.00e+00 0.00e+00 |   2.9545 0.9233  0.0000  2.9576 0.500  0.00 | PAIR-CHANNEL-DEAD
# CONVTAG t=450.00 rough=0.000000 cond=1.918545 evap=2.451792 backs=0.319799
t=  452.00 -4.16e-14 | 0.0010  0.00      0    0      0      0 | 0.0000  0.00 | 0.00e+00 0.00e+00 |   2.9545 0.9233  0.0000  2.9576 0.500  0.00 | PAIR-CHANNEL-DEAD
# CONVTAG t=452.00 rough=0.000000 cond=1.918545 evap=2.451792 backs=0.319799
t=  454.00 -4.16e-14 | 0.0010  0.00      0    0      0      0 | 0.0000  0.00 | 0.00e+00 0.00e+00 |   2.9545 0.9233  0.0000  2.9576 0.500  0.00 | PAIR-CHANNEL-DEAD
# CONVTAG t=454.00 rough=0.000000 cond=1.918545 evap=2.451792 backs=0.319799
t=  456.00 -4.18e-14 | 0.0010  0.00      0    0      0      0 | 0.0000  0.00 | 0.00e+00 0.00e+00 |   2.9545 0.9233  0.0000  2.9576 0.500  0.00 | PAIR-CHANNEL-DEAD
# CONVTAG t=456.00 rough=0.000000 cond=1.918545 evap=2.451792 backs=0.319799
t=  458.00 -4.20e-14 | 0.0010  0.00      0    0      0      0 | 0.0000  0.00 | 0.00e+00 0.00e+00 |   2.9545 0.9233  0.0000  2.9576 0.500  0.00 | PAIR-CHANNEL-DEAD
# CONVTAG t=458.00 rough=0.000000 cond=1.918545 evap=2.451792 backs=0.319799
t=  460.00 -4.20e-14 | 0.0010  0.00      0    0      0      0 | 0.0000  0.00 | 0.00e+00 0.00e+00 |   2.9545 0.9233  0.0000  2.9576 0.500  0.00 | PAIR-CHANNEL-DEAD
# CONVTAG t=460.00 rough=0.000000 cond=1.918545 evap=2.451792 backs=0.319799
t=  462.00 -4.20e-14 | 0.0010  0.00      0    0      0      0 | 0.0000  0.00 | 0.00e+00 0.00e+00 |   2.9545 0.9233  0.0000  2.9576 0.500  0.00 | PAIR-CHANNEL-DEAD
# CONVTAG t=462.00 rough=0.000000 cond=1.918545 evap=2.451792 backs=0.319799
t=  464.00 -4.20e-14 | 0.0010  0.00      0    0      0      0 | 0.0000  0.00 | 0.00e+00 0.00e+00 |   2.9545 0.9233  0.0000  2.9576 0.500  0.00 | PAIR-CHANNEL-DEAD
# CONVTAG t=464.00 rough=0.000000 cond=1.918545 evap=2.451792 backs=0.319799
t=  466.00 -4.22e-14 | 0.0010  0.00      0    0      0      0 | 0.0000  0.00 | 0.00e+00 0.00e+00 |   2.9545 0.9233  0.0000  2.9576 0.500  0.00 | PAIR-CHANNEL-DEAD
# CONVTAG t=466.00 rough=0.000000 cond=1.918545 evap=2.451792 backs=0.319799
t=  468.00 -4.23e-14 | 0.0010  0.00      0    0      0      0 | 0.0000  0.00 | 0.00e+00 0.00e+00 |   2.9545 0.9233  0.0000  2.9576 0.500  0.00 | PAIR-CHANNEL-DEAD
# CONVTAG t=468.00 rough=0.000000 cond=1.918545 evap=2.451792 backs=0.319799
t=  470.00 -4.23e-14 | 0.0010  0.00      0    0      0      0 | 0.0000  0.00 | 0.00e+00 0.00e+00 |   2.9545 0.9233  0.0000  2.9576 0.500  0.00 | PAIR-CHANNEL-DEAD
# CONVTAG t=470.00 rough=0.000000 cond=1.918545 evap=2.451792 backs=0.319799
t=  472.00 -4.23e-14 | 0.0010  0.00      0    0      0      0 | 0.0000  0.00 | 0.00e+00 0.00e+00 |   2.9545 0.9233  0.0000  2.9576 0.500  0.00 | PAIR-CHANNEL-DEAD
# CONVTAG t=472.00 rough=0.000000 cond=1.918545 evap=2.451792 backs=0.319799
t=  474.00 -4.25e-14 | 0.0010  0.00      0    0      0      0 | 0.0000  0.00 | 0.00e+00 0.00e+00 |   2.9545 0.9233  0.0000  2.9576 0.500  0.00 | PAIR-CHANNEL-DEAD
# CONVTAG t=474.00 rough=0.000000 cond=1.918545 evap=2.451792 backs=0.319799
t=  476.00 -4.25e-14 | 0.0010  0.00      0    0      0      0 | 0.0000  0.00 | 0.00e+00 0.00e+00 |   2.9545 0.9233  0.0000  2.9576 0.500  0.00 | PAIR-CHANNEL-DEAD
# CONVTAG t=476.00 rough=0.000000 cond=1.918545 evap=2.451792 backs=0.319799
t=  478.00 -4.27e-14 | 0.0010  0.00      0    0      0      0 | 0.0000  0.00 | 0.00e+00 0.00e+00 |   2.9545 0.9233  0.0000  2.9576 0.500  0.00 | PAIR-CHANNEL-DEAD
# CONVTAG t=478.00 rough=0.000000 cond=1.918545 evap=2.451792 backs=0.319799
t=  480.00 -4.27e-14 | 0.0010  0.00      0    0      0      0 | 0.0000  0.00 | 0.00e+00 0.00e+00 |   2.9545 0.9233  0.0000  2.9576 0.500  0.00 | PAIR-CHANNEL-DEAD
# CONVTAG t=480.00 rough=0.000000 cond=1.918545 evap=2.451792 backs=0.319799
#
# RESULT drift_rel -4.271e-14
# RESULT births 0 deaths 0 beta_returns 0 beta_energy 0.000000e+00
# RESULT conv rough=0.000000 cond=1.918545 evap=0.000000 backs=0.319799 rad=2.451792
# RESULT credit qcnvD=0.577126 qcnvF=0.606187
# RESULT convtag rough=0.000000 cond=1.918545 evap=2.451792 backs=0.319799 net=-0.213448
# RESULT geometry phi_nom=0.0010 z_live=0.00 dbar=0.0000 sigma_d=0.0000
# RESULT pair CHANNEL DEAD
