# freecell — v89 free-cell substance test (exp=pair)
# laws = laws_V2g VERBATIM (defaults): C=1 w1=1.65 w2=2.9 q_detune=1.2
# gamma_res=0.25 gamma_res_m=0.1 p_gate=8 lock_floor=0.005 k_dep=1.2 k_dep_m=2 cap=2.5
# e_s0=1 es_floor=0.05 e_cond=0 f_conv=0.25 f_evap=0.5 s_pull=0.15
# kappa_lock=1 kappa_align=0.5 s_k=0.06 s_disp=0.3 sigma_tumble=0.01
# comb_limit=6 rough_k=0.35 gamma_rough=0.5 mob_sym=1 mob_floor=0.004 field_J=1.8
# quant_A0=1.15 quant_mode=2 (A0eff=1.15)
# v91 radiance (laws_V3r candidate A): k_rad=0.05 p_rad=4 rad_clock=0
# GEOMETRY (apparatus): cfac=1.15 k_rep=1 mob_geo=1 kappa_bond=1 freeze_geo=0
# bath=0 bath_frac=1 jam_sweeps=800 jam_k=0.1 L=16 dt=0.02 T=480 seed=20260802 diag_every=100
# JAM skipped (no bath)
# SEED pair: i=0 j=1 x=0.7200/0.7200 p:q=1:1 m=1 d*=2.019286 d0=6.019286 (doff +4.0000)
# SEED pair radii r=0.7775 contact=1.5549  Em/voice=1.8000
# INIT NC=2 slots=0 live=0 phi_nom=0.0010 z_live=0.00 dbar=0.0000 sigma_d=0.00% E0=5.130434783
#
# t | drift_rel | phi_nom z_live NLa NLd births deaths | dbar sigma_d% | maxstep maxbond | Em_tag ret com_dev rms conn z_tag | pair: d delta gf gb | core/far
t=    0.00 +0.00e+00 | 0.0010  0.00      0    0      0      0 | 0.0000  0.00 | 0.00e+00 0.00e+00 |   3.6000 1.0000  0.0000  3.0096 0.500  0.00 | PAIR-CHANNEL-DEAD
# CONVTAG t=0.00 rough=0.000000 cond=0.000000 evap=0.000000 backs=0.000000
t=    2.00 +0.00e+00 | 0.0010  0.00      0    0      0      0 | 0.0000  0.00 | 0.00e+00 0.00e+00 |   3.6000 1.0000  0.0000  3.0096 0.500  0.00 | PAIR-CHANNEL-DEAD
# CONVTAG t=2.00 rough=0.000000 cond=0.000000 evap=0.000000 backs=0.000000
t=    4.00 +0.00e+00 | 0.0010  0.00      0    0      0      0 | 0.0000  0.00 | 0.00e+00 0.00e+00 |   3.6000 1.0000  0.0000  3.0096 0.500  0.00 | PAIR-CHANNEL-DEAD
# CONVTAG t=4.00 rough=0.000000 cond=0.000000 evap=0.000000 backs=0.000000
t=    6.00 +0.00e+00 | 0.0010  0.00      0    0      0      0 | 0.0000  0.00 | 0.00e+00 0.00e+00 |   3.6000 1.0000  0.0000  3.0096 0.500  0.00 | PAIR-CHANNEL-DEAD
# CONVTAG t=6.00 rough=0.000000 cond=0.000000 evap=0.000000 backs=0.000000
t=    8.00 +0.00e+00 | 0.0010  0.00      0    0      0      0 | 0.0000  0.00 | 0.00e+00 0.00e+00 |   3.6000 1.0000  0.0000  3.0096 0.500  0.00 | PAIR-CHANNEL-DEAD
# CONVTAG t=8.00 rough=0.000000 cond=0.000000 evap=0.000000 backs=0.000000
t=   10.00 +0.00e+00 | 0.0010  0.00      0    0      0      0 | 0.0000  0.00 | 0.00e+00 0.00e+00 |   3.6000 1.0000  0.0000  3.0096 0.500  0.00 | PAIR-CHANNEL-DEAD
# CONVTAG t=10.00 rough=0.000000 cond=0.000000 evap=0.000000 backs=0.000000
t=   12.00 +0.00e+00 | 0.0010  0.00      0    0      0      0 | 0.0000  0.00 | 0.00e+00 0.00e+00 |   3.6000 1.0000  0.0000  3.0096 0.500  0.00 | PAIR-CHANNEL-DEAD
# CONVTAG t=12.00 rough=0.000000 cond=0.000000 evap=0.000000 backs=0.000000
t=   14.00 +0.00e+00 | 0.0010  0.00      0    0      0      0 | 0.0000  0.00 | 0.00e+00 0.00e+00 |   3.6000 1.0000  0.0000  3.0096 0.500  0.00 | PAIR-CHANNEL-DEAD
# CONVTAG t=14.00 rough=0.000000 cond=0.000000 evap=0.000000 backs=0.000000
t=   16.00 +0.00e+00 | 0.0010  0.00      0    0      0      0 | 0.0000  0.00 | 0.00e+00 0.00e+00 |   3.6000 1.0000  0.0000  3.0096 0.500  0.00 | PAIR-CHANNEL-DEAD
# CONVTAG t=16.00 rough=0.000000 cond=0.000000 evap=0.000000 backs=0.000000
t=   18.00 +0.00e+00 | 0.0010  0.00      0    0      0      0 | 0.0000  0.00 | 0.00e+00 0.00e+00 |   3.6000 1.0000  0.0000  3.0096 0.500  0.00 | PAIR-CHANNEL-DEAD
# CONVTAG t=18.00 rough=0.000000 cond=0.000000 evap=0.000000 backs=0.000000
t=   20.00 +0.00e+00 | 0.0010  0.00      0    0      0      0 | 0.0000  0.00 | 0.00e+00 0.00e+00 |   3.6000 1.0000  0.0000  3.0096 0.500  0.00 | PAIR-CHANNEL-DEAD
# CONVTAG t=20.00 rough=0.000000 cond=0.000000 evap=0.000000 backs=0.000000
t=   22.00 +0.00e+00 | 0.0010  0.00      0    0      0      0 | 0.0000  0.00 | 0.00e+00 0.00e+00 |   3.6000 1.0000  0.0000  3.0096 0.500  0.00 | PAIR-CHANNEL-DEAD
# CONVTAG t=22.00 rough=0.000000 cond=0.000000 evap=0.000000 backs=0.000000
t=   24.00 +0.00e+00 | 0.0010  0.00      0    0      0      0 | 0.0000  0.00 | 0.00e+00 0.00e+00 |   3.6000 1.0000  0.0000  3.0096 0.500  0.00 | PAIR-CHANNEL-DEAD
# CONVTAG t=24.00 rough=0.000000 cond=0.000000 evap=0.000000 backs=0.000000
t=   26.00 +0.00e+00 | 0.0010  0.00      0    0      0      0 | 0.0000  0.00 | 0.00e+00 0.00e+00 |   3.6000 1.0000  0.0000  3.0096 0.500  0.00 | PAIR-CHANNEL-DEAD
# CONVTAG t=26.00 rough=0.000000 cond=0.000000 evap=0.000000 backs=0.000000
t=   28.00 +0.00e+00 | 0.0010  0.00      0    0      0      0 | 0.0000  0.00 | 0.00e+00 0.00e+00 |   3.6000 1.0000  0.0000  3.0096 0.500  0.00 | PAIR-CHANNEL-DEAD
# CONVTAG t=28.00 rough=0.000000 cond=0.000000 evap=0.000000 backs=0.000000
t=   30.00 +0.00e+00 | 0.0010  0.00      0    0      0      0 | 0.0000  0.00 | 0.00e+00 0.00e+00 |   3.6000 1.0000  0.0000  3.0096 0.500  0.00 | PAIR-CHANNEL-DEAD
# CONVTAG t=30.00 rough=0.000000 cond=0.000000 evap=0.000000 backs=0.000000
t=   32.00 +0.00e+00 | 0.0010  0.00      0    0      0      0 | 0.0000  0.00 | 0.00e+00 0.00e+00 |   3.6000 1.0000  0.0000  3.0096 0.500  0.00 | PAIR-CHANNEL-DEAD
# CONVTAG t=32.00 rough=0.000000 cond=0.000000 evap=0.000000 backs=0.000000
t=   34.00 +0.00e+00 | 0.0010  0.00      0    0      0      0 | 0.0000  0.00 | 0.00e+00 0.00e+00 |   3.6000 1.0000  0.0000  3.0096 0.500  0.00 | PAIR-CHANNEL-DEAD
# CONVTAG t=34.00 rough=0.000000 cond=0.000000 evap=0.000000 backs=0.000000
t=   36.00 +0.00e+00 | 0.0010  0.00      0    0      0      0 | 0.0000  0.00 | 0.00e+00 0.00e+00 |   3.6000 1.0000  0.0000  3.0096 0.500  0.00 | PAIR-CHANNEL-DEAD
# CONVTAG t=36.00 rough=0.000000 cond=0.000000 evap=0.000000 backs=0.000000
t=   38.00 +0.00e+00 | 0.0010  0.00      0    0      0      0 | 0.0000  0.00 | 0.00e+00 0.00e+00 |   3.6000 1.0000  0.0000  3.0096 0.500  0.00 | PAIR-CHANNEL-DEAD
# CONVTAG t=38.00 rough=0.000000 cond=0.000000 evap=0.000000 backs=0.000000
t=   40.00 +0.00e+00 | 0.0010  0.00      0    0      0      0 | 0.0000  0.00 | 0.00e+00 0.00e+00 |   3.6000 1.0000  0.0000  3.0096 0.500  0.00 | PAIR-CHANNEL-DEAD
# CONVTAG t=40.00 rough=0.000000 cond=0.000000 evap=0.000000 backs=0.000000
t=   42.00 +0.00e+00 | 0.0010  0.00      0    0      0      0 | 0.0000  0.00 | 0.00e+00 0.00e+00 |   3.6000 1.0000  0.0000  3.0096 0.500  0.00 | PAIR-CHANNEL-DEAD
# CONVTAG t=42.00 rough=0.000000 cond=0.000000 evap=0.000000 backs=0.000000
t=   44.00 +0.00e+00 | 0.0010  0.00      0    0      0      0 | 0.0000  0.00 | 0.00e+00 0.00e+00 |   3.6000 1.0000  0.0000  3.0096 0.500  0.00 | PAIR-CHANNEL-DEAD
# CONVTAG t=44.00 rough=0.000000 cond=0.000000 evap=0.000000 backs=0.000000
t=   46.00 +0.00e+00 | 0.0010  0.00      0    0      0      0 | 0.0000  0.00 | 0.00e+00 0.00e+00 |   3.6000 1.0000  0.0000  3.0096 0.500  0.00 | PAIR-CHANNEL-DEAD
# CONVTAG t=46.00 rough=0.000000 cond=0.000000 evap=0.000000 backs=0.000000
t=   48.00 +0.00e+00 | 0.0010  0.00      0    0      0      0 | 0.0000  0.00 | 0.00e+00 0.00e+00 |   3.6000 1.0000  0.0000  3.0096 0.500  0.00 | PAIR-CHANNEL-DEAD
# CONVTAG t=48.00 rough=0.000000 cond=0.000000 evap=0.000000 backs=0.000000
# QATOM t=48.66 dir=DF w=1.55579399 e=0.284754149792 i=0 Em=1.8000
t=   50.00 -1.73e-16 | 0.0010  0.00      0    0      0      0 | 0.0000  0.00 | 0.00e+00 0.00e+00 |   3.3152 0.9209  0.2585  2.9985 0.500  0.00 | PAIR-CHANNEL-DEAD
# CONVTAG t=50.00 rough=0.000000 cond=0.000000 evap=0.284754 backs=0.037142
# QATOM t=50.58 dir=DF w=1.55579399 e=0.284754149792 i=1 Em=1.8000
t=   52.00 -1.04e-15 | 0.0010  0.00      0    0      0      0 | 0.0000  0.00 | 0.00e+00 0.00e+00 |   3.0305 0.8418  0.0000  3.0096 0.500  0.00 | PAIR-CHANNEL-DEAD
# CONVTAG t=52.00 rough=0.000000 cond=0.000000 evap=0.569508 backs=0.074284
t=   54.00 -1.90e-15 | 0.0010  0.00      0    0      0      0 | 0.0000  0.00 | 0.00e+00 0.00e+00 |   3.0305 0.8418  0.0000  3.0096 0.500  0.00 | PAIR-CHANNEL-DEAD
# CONVTAG t=54.00 rough=0.000000 cond=0.000000 evap=0.569508 backs=0.074284
t=   56.00 -2.77e-15 | 0.0010  0.00      0    0      0      0 | 0.0000  0.00 | 0.00e+00 0.00e+00 |   3.0305 0.8418  0.0000  3.0096 0.500  0.00 | PAIR-CHANNEL-DEAD
# CONVTAG t=56.00 rough=0.000000 cond=0.000000 evap=0.569508 backs=0.074284
t=   58.00 -3.81e-15 | 0.0010  0.00      0    0      0      0 | 0.0000  0.00 | 0.00e+00 0.00e+00 |   3.0305 0.8418  0.0000  3.0096 0.500  0.00 | PAIR-CHANNEL-DEAD
# CONVTAG t=58.00 rough=0.000000 cond=0.000000 evap=0.569508 backs=0.074284
t=   60.00 -4.50e-15 | 0.0010  0.00      0    0      0      0 | 0.0000  0.00 | 0.00e+00 0.00e+00 |   3.0305 0.8418  0.0000  3.0096 0.500  0.00 | PAIR-CHANNEL-DEAD
# CONVTAG t=60.00 rough=0.000000 cond=0.000000 evap=0.569508 backs=0.074284
t=   62.00 -5.54e-15 | 0.0010  0.00      0    0      0      0 | 0.0000  0.00 | 0.00e+00 0.00e+00 |   3.0305 0.8418  0.0000  3.0096 0.500  0.00 | PAIR-CHANNEL-DEAD
# CONVTAG t=62.00 rough=0.000000 cond=0.000000 evap=0.569508 backs=0.074284
t=   64.00 -6.58e-15 | 0.0010  0.00      0    0      0      0 | 0.0000  0.00 | 0.00e+00 0.00e+00 |   3.0305 0.8418  0.0000  3.0096 0.500  0.00 | PAIR-CHANNEL-DEAD
# CONVTAG t=64.00 rough=0.000000 cond=0.000000 evap=0.569508 backs=0.074284
t=   66.00 -7.44e-15 | 0.0010  0.00      0    0      0      0 | 0.0000  0.00 | 0.00e+00 0.00e+00 |   3.0305 0.8418  0.0000  3.0096 0.500  0.00 | PAIR-CHANNEL-DEAD
# CONVTAG t=66.00 rough=0.000000 cond=0.000000 evap=0.569508 backs=0.074284
t=   68.00 -8.31e-15 | 0.0010  0.00      0    0      0      0 | 0.0000  0.00 | 0.00e+00 0.00e+00 |   3.0305 0.8418  0.0000  3.0096 0.500  0.00 | PAIR-CHANNEL-DEAD
# CONVTAG t=68.00 rough=0.000000 cond=0.000000 evap=0.569508 backs=0.074284
t=   70.00 -9.35e-15 | 0.0010  0.00      0    0      0      0 | 0.0000  0.00 | 0.00e+00 0.00e+00 |   3.0305 0.8418  0.0000  3.0096 0.500  0.00 | PAIR-CHANNEL-DEAD
# CONVTAG t=70.00 rough=0.000000 cond=0.000000 evap=0.569508 backs=0.074284
t=   72.00 -1.00e-14 | 0.0010  0.00      0    0      0      0 | 0.0000  0.00 | 0.00e+00 0.00e+00 |   3.0305 0.8418  0.0000  3.0096 0.500  0.00 | PAIR-CHANNEL-DEAD
# CONVTAG t=72.00 rough=0.000000 cond=0.000000 evap=0.569508 backs=0.074284
t=   74.00 -1.11e-14 | 0.0010  0.00      0    0      0      0 | 0.0000  0.00 | 0.00e+00 0.00e+00 |   3.0305 0.8418  0.0000  3.0096 0.500  0.00 | PAIR-CHANNEL-DEAD
# CONVTAG t=74.00 rough=0.000000 cond=0.000000 evap=0.569508 backs=0.074284
# QATOM t=74.72 dir=FD w=0.955238116 e=0.174835498212 i=0 Em=1.5152
t=   76.00 -1.16e-14 | 0.0010  0.00      0    0      0      0 | 0.0000  0.00 | 0.00e+00 0.00e+00 |   3.2316 0.8977  0.1873  3.0038 0.500  0.00 | PAIR-CHANNEL-DEAD
# CONVTAG t=76.00 rough=0.000000 cond=0.174835 evap=0.569508 backs=0.074284
# QATOM t=76.62 dir=FD w=0.955238116 e=0.174835498212 i=1 Em=1.5152
t=   78.00 -1.18e-14 | 0.0010  0.00      0    0      0      0 | 0.0000  0.00 | 0.00e+00 0.00e+00 |   3.4326 0.9535  0.0000  3.0096 0.500  0.00 | PAIR-CHANNEL-DEAD
# CONVTAG t=78.00 rough=0.000000 cond=0.349671 evap=0.569508 backs=0.074284
t=   80.00 -1.19e-14 | 0.0010  0.00      0    0      0      0 | 0.0000  0.00 | 0.00e+00 0.00e+00 |   3.4326 0.9535  0.0000  3.0096 0.500  0.00 | PAIR-CHANNEL-DEAD
# CONVTAG t=80.00 rough=0.000000 cond=0.349671 evap=0.569508 backs=0.074284
t=   82.00 -1.21e-14 | 0.0010  0.00      0    0      0      0 | 0.0000  0.00 | 0.00e+00 0.00e+00 |   3.4326 0.9535  0.0000  3.0096 0.500  0.00 | PAIR-CHANNEL-DEAD
# CONVTAG t=82.00 rough=0.000000 cond=0.349671 evap=0.569508 backs=0.074284
t=   84.00 -1.21e-14 | 0.0010  0.00      0    0      0      0 | 0.0000  0.00 | 0.00e+00 0.00e+00 |   3.4326 0.9535  0.0000  3.0096 0.500  0.00 | PAIR-CHANNEL-DEAD
# CONVTAG t=84.00 rough=0.000000 cond=0.349671 evap=0.569508 backs=0.074284
t=   86.00 -1.23e-14 | 0.0010  0.00      0    0      0      0 | 0.0000  0.00 | 0.00e+00 0.00e+00 |   3.4326 0.9535  0.0000  3.0096 0.500  0.00 | PAIR-CHANNEL-DEAD
# CONVTAG t=86.00 rough=0.000000 cond=0.349671 evap=0.569508 backs=0.074284
t=   88.00 -1.25e-14 | 0.0010  0.00      0    0      0      0 | 0.0000  0.00 | 0.00e+00 0.00e+00 |   3.4326 0.9535  0.0000  3.0096 0.500  0.00 | PAIR-CHANNEL-DEAD
# CONVTAG t=88.00 rough=0.000000 cond=0.349671 evap=0.569508 backs=0.074284
t=   90.00 -1.25e-14 | 0.0010  0.00      0    0      0      0 | 0.0000  0.00 | 0.00e+00 0.00e+00 |   3.4326 0.9535  0.0000  3.0096 0.500  0.00 | PAIR-CHANNEL-DEAD
# CONVTAG t=90.00 rough=0.000000 cond=0.349671 evap=0.569508 backs=0.074284
t=   92.00 -1.26e-14 | 0.0010  0.00      0    0      0      0 | 0.0000  0.00 | 0.00e+00 0.00e+00 |   3.4326 0.9535  0.0000  3.0096 0.500  0.00 | PAIR-CHANNEL-DEAD
# CONVTAG t=92.00 rough=0.000000 cond=0.349671 evap=0.569508 backs=0.074284
t=   94.00 -1.28e-14 | 0.0010  0.00      0    0      0      0 | 0.0000  0.00 | 0.00e+00 0.00e+00 |   3.4326 0.9535  0.0000  3.0096 0.500  0.00 | PAIR-CHANNEL-DEAD
# CONVTAG t=94.00 rough=0.000000 cond=0.349671 evap=0.569508 backs=0.074284
t=   96.00 -1.28e-14 | 0.0010  0.00      0    0      0      0 | 0.0000  0.00 | 0.00e+00 0.00e+00 |   3.4326 0.9535  0.0000  3.0096 0.500  0.00 | PAIR-CHANNEL-DEAD
# CONVTAG t=96.00 rough=0.000000 cond=0.349671 evap=0.569508 backs=0.074284
t=   98.00 -1.30e-14 | 0.0010  0.00      0    0      0      0 | 0.0000  0.00 | 0.00e+00 0.00e+00 |   3.4326 0.9535  0.0000  3.0096 0.500  0.00 | PAIR-CHANNEL-DEAD
# CONVTAG t=98.00 rough=0.000000 cond=0.349671 evap=0.569508 backs=0.074284
t=  100.00 -1.32e-14 | 0.0010  0.00      0    0      0      0 | 0.0000  0.00 | 0.00e+00 0.00e+00 |   3.4326 0.9535  0.0000  3.0096 0.500  0.00 | PAIR-CHANNEL-DEAD
# CONVTAG t=100.00 rough=0.000000 cond=0.349671 evap=0.569508 backs=0.074284
t=  102.00 -1.33e-14 | 0.0010  0.00      0    0      0      0 | 0.0000  0.00 | 0.00e+00 0.00e+00 |   3.4326 0.9535  0.0000  3.0096 0.500  0.00 | PAIR-CHANNEL-DEAD
# CONVTAG t=102.00 rough=0.000000 cond=0.349671 evap=0.569508 backs=0.074284
t=  104.00 -1.33e-14 | 0.0010  0.00      0    0      0      0 | 0.0000  0.00 | 0.00e+00 0.00e+00 |   3.4326 0.9535  0.0000  3.0096 0.500  0.00 | PAIR-CHANNEL-DEAD
# CONVTAG t=104.00 rough=0.000000 cond=0.349671 evap=0.569508 backs=0.074284
t=  106.00 -1.35e-14 | 0.0010  0.00      0    0      0      0 | 0.0000  0.00 | 0.00e+00 0.00e+00 |   3.4326 0.9535  0.0000  3.0096 0.500  0.00 | PAIR-CHANNEL-DEAD
# CONVTAG t=106.00 rough=0.000000 cond=0.349671 evap=0.569508 backs=0.074284
t=  108.00 -1.35e-14 | 0.0010  0.00      0    0      0      0 | 0.0000  0.00 | 0.00e+00 0.00e+00 |   3.4326 0.9535  0.0000  3.0096 0.500  0.00 | PAIR-CHANNEL-DEAD
# CONVTAG t=108.00 rough=0.000000 cond=0.349671 evap=0.569508 backs=0.074284
t=  110.00 -1.38e-14 | 0.0010  0.00      0    0      0      0 | 0.0000  0.00 | 0.00e+00 0.00e+00 |   3.4326 0.9535  0.0000  3.0096 0.500  0.00 | PAIR-CHANNEL-DEAD
# CONVTAG t=110.00 rough=0.000000 cond=0.349671 evap=0.569508 backs=0.074284
# QATOM t=111.38 dir=DF w=1.59006292 e=0.291026328758 i=0 Em=1.7163
t=  112.00 -1.37e-14 | 0.0010  0.00      0    0      0      0 | 0.0000  0.00 | 0.00e+00 0.00e+00 |   3.1416 0.8727  0.2788  2.9967 0.500  0.00 | PAIR-CHANNEL-DEAD
# CONVTAG t=112.00 rough=0.000000 cond=0.349671 evap=0.860535 backs=0.112244
# QATOM t=113.30 dir=DF w=1.59006292 e=0.291026328758 i=1 Em=1.7163
t=  114.00 -1.32e-14 | 0.0010  0.00      0    0      0      0 | 0.0000  0.00 | 0.00e+00 0.00e+00 |   2.8506 0.7918  0.0000  3.0096 0.500  0.00 | PAIR-CHANNEL-DEAD
# CONVTAG t=114.00 rough=0.000000 cond=0.349671 evap=1.151561 backs=0.150204
t=  116.00 -1.25e-14 | 0.0010  0.00      0    0      0      0 | 0.0000  0.00 | 0.00e+00 0.00e+00 |   2.8506 0.7918  0.0000  3.0096 0.500  0.00 | PAIR-CHANNEL-DEAD
# CONVTAG t=116.00 rough=0.000000 cond=0.349671 evap=1.151561 backs=0.150204
t=  118.00 -1.14e-14 | 0.0010  0.00      0    0      0      0 | 0.0000  0.00 | 0.00e+00 0.00e+00 |   2.8506 0.7918  0.0000  3.0096 0.500  0.00 | PAIR-CHANNEL-DEAD
# CONVTAG t=118.00 rough=0.000000 cond=0.349671 evap=1.151561 backs=0.150204
t=  120.00 -1.04e-14 | 0.0010  0.00      0    0      0      0 | 0.0000  0.00 | 0.00e+00 0.00e+00 |   2.8506 0.7918  0.0000  3.0096 0.500  0.00 | PAIR-CHANNEL-DEAD
# CONVTAG t=120.00 rough=0.000000 cond=0.349671 evap=1.151561 backs=0.150204
t=  122.00 -9.35e-15 | 0.0010  0.00      0    0      0      0 | 0.0000  0.00 | 0.00e+00 0.00e+00 |   2.8506 0.7918  0.0000  3.0096 0.500  0.00 | PAIR-CHANNEL-DEAD
# CONVTAG t=122.00 rough=0.000000 cond=0.349671 evap=1.151561 backs=0.150204
t=  124.00 -8.31e-15 | 0.0010  0.00      0    0      0      0 | 0.0000  0.00 | 0.00e+00 0.00e+00 |   2.8506 0.7918  0.0000  3.0096 0.500  0.00 | PAIR-CHANNEL-DEAD
# CONVTAG t=124.00 rough=0.000000 cond=0.349671 evap=1.151561 backs=0.150204
t=  126.00 -7.44e-15 | 0.0010  0.00      0    0      0      0 | 0.0000  0.00 | 0.00e+00 0.00e+00 |   2.8506 0.7918  0.0000  3.0096 0.500  0.00 | PAIR-CHANNEL-DEAD
# CONVTAG t=126.00 rough=0.000000 cond=0.349671 evap=1.151561 backs=0.150204
t=  128.00 -6.58e-15 | 0.0010  0.00      0    0      0      0 | 0.0000  0.00 | 0.00e+00 0.00e+00 |   2.8506 0.7918  0.0000  3.0096 0.500  0.00 | PAIR-CHANNEL-DEAD
# CONVTAG t=128.00 rough=0.000000 cond=0.349671 evap=1.151561 backs=0.150204
# QATOM t=128.32 dir=FD w=0.979731688 e=0.179318512153 i=0 Em=1.4253
t=  130.00 -5.89e-15 | 0.0010  0.00      0    0      0      0 | 0.0000  0.00 | 0.00e+00 0.00e+00 |   3.0568 0.8491  0.2030  3.0028 0.500  0.00 | PAIR-CHANNEL-DEAD
# CONVTAG t=130.00 rough=0.000000 cond=0.528990 evap=1.151561 backs=0.150204
# QATOM t=130.22 dir=FD w=0.979731688 e=0.179318512153 i=1 Em=1.4253
t=  132.00 -6.06e-15 | 0.0010  0.00      0    0      0      0 | 0.0000  0.00 | 0.00e+00 0.00e+00 |   3.2630 0.9064  0.0000  3.0096 0.500  0.00 | PAIR-CHANNEL-DEAD
# CONVTAG t=132.00 rough=0.000000 cond=0.708308 evap=1.151561 backs=0.150204
t=  134.00 -6.23e-15 | 0.0010  0.00      0    0      0      0 | 0.0000  0.00 | 0.00e+00 0.00e+00 |   3.2630 0.9064  0.0000  3.0096 0.500  0.00 | PAIR-CHANNEL-DEAD
# CONVTAG t=134.00 rough=0.000000 cond=0.708308 evap=1.151561 backs=0.150204
t=  136.00 -6.41e-15 | 0.0010  0.00      0    0      0      0 | 0.0000  0.00 | 0.00e+00 0.00e+00 |   3.2630 0.9064  0.0000  3.0096 0.500  0.00 | PAIR-CHANNEL-DEAD
# CONVTAG t=136.00 rough=0.000000 cond=0.708308 evap=1.151561 backs=0.150204
t=  138.00 -6.58e-15 | 0.0010  0.00      0    0      0      0 | 0.0000  0.00 | 0.00e+00 0.00e+00 |   3.2630 0.9064  0.0000  3.0096 0.500  0.00 | PAIR-CHANNEL-DEAD
# CONVTAG t=138.00 rough=0.000000 cond=0.708308 evap=1.151561 backs=0.150204
t=  140.00 -6.58e-15 | 0.0010  0.00      0    0      0      0 | 0.0000  0.00 | 0.00e+00 0.00e+00 |   3.2630 0.9064  0.0000  3.0096 0.500  0.00 | PAIR-CHANNEL-DEAD
# CONVTAG t=140.00 rough=0.000000 cond=0.708308 evap=1.151561 backs=0.150204
t=  142.00 -6.92e-15 | 0.0010  0.00      0    0      0      0 | 0.0000  0.00 | 0.00e+00 0.00e+00 |   3.2630 0.9064  0.0000  3.0096 0.500  0.00 | PAIR-CHANNEL-DEAD
# CONVTAG t=142.00 rough=0.000000 cond=0.708308 evap=1.151561 backs=0.150204
t=  144.00 -7.27e-15 | 0.0010  0.00      0    0      0      0 | 0.0000  0.00 | 0.00e+00 0.00e+00 |   3.2630 0.9064  0.0000  3.0096 0.500  0.00 | PAIR-CHANNEL-DEAD
# CONVTAG t=144.00 rough=0.000000 cond=0.708308 evap=1.151561 backs=0.150204
t=  146.00 -7.44e-15 | 0.0010  0.00      0    0      0      0 | 0.0000  0.00 | 0.00e+00 0.00e+00 |   3.2630 0.9064  0.0000  3.0096 0.500  0.00 | PAIR-CHANNEL-DEAD
# CONVTAG t=146.00 rough=0.000000 cond=0.708308 evap=1.151561 backs=0.150204
t=  148.00 -7.62e-15 | 0.0010  0.00      0    0      0      0 | 0.0000  0.00 | 0.00e+00 0.00e+00 |   3.2630 0.9064  0.0000  3.0096 0.500  0.00 | PAIR-CHANNEL-DEAD
# CONVTAG t=148.00 rough=0.000000 cond=0.708308 evap=1.151561 backs=0.150204
t=  150.00 -7.79e-15 | 0.0010  0.00      0    0      0      0 | 0.0000  0.00 | 0.00e+00 0.00e+00 |   3.2630 0.9064  0.0000  3.0096 0.500  0.00 | PAIR-CHANNEL-DEAD
# CONVTAG t=150.00 rough=0.000000 cond=0.708308 evap=1.151561 backs=0.150204
t=  152.00 -7.96e-15 | 0.0010  0.00      0    0      0      0 | 0.0000  0.00 | 0.00e+00 0.00e+00 |   3.2630 0.9064  0.0000  3.0096 0.500  0.00 | PAIR-CHANNEL-DEAD
# CONVTAG t=152.00 rough=0.000000 cond=0.708308 evap=1.151561 backs=0.150204
t=  154.00 -8.31e-15 | 0.0010  0.00      0    0      0      0 | 0.0000  0.00 | 0.00e+00 0.00e+00 |   3.2630 0.9064  0.0000  3.0096 0.500  0.00 | PAIR-CHANNEL-DEAD
# CONVTAG t=154.00 rough=0.000000 cond=0.708308 evap=1.151561 backs=0.150204
t=  156.00 -8.31e-15 | 0.0010  0.00      0    0      0      0 | 0.0000  0.00 | 0.00e+00 0.00e+00 |   3.2630 0.9064  0.0000  3.0096 0.500  0.00 | PAIR-CHANNEL-DEAD
# CONVTAG t=156.00 rough=0.000000 cond=0.708308 evap=1.151561 backs=0.150204
t=  158.00 -8.66e-15 | 0.0010  0.00      0    0      0      0 | 0.0000  0.00 | 0.00e+00 0.00e+00 |   3.2630 0.9064  0.0000  3.0096 0.500  0.00 | PAIR-CHANNEL-DEAD
# CONVTAG t=158.00 rough=0.000000 cond=0.708308 evap=1.151561 backs=0.150204
t=  160.00 -9.00e-15 | 0.0010  0.00      0    0      0      0 | 0.0000  0.00 | 0.00e+00 0.00e+00 |   3.2630 0.9064  0.0000  3.0096 0.500  0.00 | PAIR-CHANNEL-DEAD
# CONVTAG t=160.00 rough=0.000000 cond=0.708308 evap=1.151561 backs=0.150204
t=  162.00 -9.18e-15 | 0.0010  0.00      0    0      0      0 | 0.0000  0.00 | 0.00e+00 0.00e+00 |   3.2630 0.9064  0.0000  3.0096 0.500  0.00 | PAIR-CHANNEL-DEAD
# CONVTAG t=162.00 rough=0.000000 cond=0.708308 evap=1.151561 backs=0.150204
t=  164.00 -9.35e-15 | 0.0010  0.00      0    0      0      0 | 0.0000  0.00 | 0.00e+00 0.00e+00 |   3.2630 0.9064  0.0000  3.0096 0.500  0.00 | PAIR-CHANNEL-DEAD
# CONVTAG t=164.00 rough=0.000000 cond=0.708308 evap=1.151561 backs=0.150204
t=  166.00 -9.69e-15 | 0.0010  0.00      0    0      0      0 | 0.0000  0.00 | 0.00e+00 0.00e+00 |   3.2630 0.9064  0.0000  3.0096 0.500  0.00 | PAIR-CHANNEL-DEAD
# CONVTAG t=166.00 rough=0.000000 cond=0.708308 evap=1.151561 backs=0.150204
t=  168.00 -9.69e-15 | 0.0010  0.00      0    0      0      0 | 0.0000  0.00 | 0.00e+00 0.00e+00 |   3.2630 0.9064  0.0000  3.0096 0.500  0.00 | PAIR-CHANNEL-DEAD
# CONVTAG t=168.00 rough=0.000000 cond=0.708308 evap=1.151561 backs=0.150204
t=  170.00 -1.00e-14 | 0.0010  0.00      0    0      0      0 | 0.0000  0.00 | 0.00e+00 0.00e+00 |   3.2630 0.9064  0.0000  3.0096 0.500  0.00 | PAIR-CHANNEL-DEAD
# CONVTAG t=170.00 rough=0.000000 cond=0.708308 evap=1.151561 backs=0.150204
t=  172.00 -1.02e-14 | 0.0010  0.00      0    0      0      0 | 0.0000  0.00 | 0.00e+00 0.00e+00 |   3.2630 0.9064  0.0000  3.0096 0.500  0.00 | PAIR-CHANNEL-DEAD
# CONVTAG t=172.00 rough=0.000000 cond=0.708308 evap=1.151561 backs=0.150204
# QATOM t=173.12 dir=DF w=1.62636425 e=0.297670496793 i=0 Em=1.6315
t=  174.00 -1.00e-14 | 0.0010  0.00      0    0      0      0 | 0.0000  0.00 | 0.00e+00 0.00e+00 |   2.9653 0.8237  0.3021  2.9944 0.500  0.00 | PAIR-CHANNEL-DEAD
# CONVTAG t=174.00 rough=0.000000 cond=0.708308 evap=1.449231 backs=0.189030
# QATOM t=175.04 dir=DF w=1.62636425 e=0.297670496793 i=1 Em=1.6315
t=  176.00 -9.35e-15 | 0.0010  0.00      0    0      0      0 | 0.0000  0.00 | 0.00e+00 0.00e+00 |   2.6677 0.7410  0.0000  3.0096 0.500  0.00 | PAIR-CHANNEL-DEAD
# CONVTAG t=176.00 rough=0.000000 cond=0.708308 evap=1.746902 backs=0.227857
t=  178.00 -8.14e-15 | 0.0010  0.00      0    0      0      0 | 0.0000  0.00 | 0.00e+00 0.00e+00 |   2.6677 0.7410  0.0000  3.0096 0.500  0.00 | PAIR-CHANNEL-DEAD
# CONVTAG t=178.00 rough=0.000000 cond=0.708308 evap=1.746902 backs=0.227857
t=  180.00 -6.92e-15 | 0.0010  0.00      0    0      0      0 | 0.0000  0.00 | 0.00e+00 0.00e+00 |   2.6677 0.7410  0.0000  3.0096 0.500  0.00 | PAIR-CHANNEL-DEAD
# CONVTAG t=180.00 rough=0.000000 cond=0.708308 evap=1.746902 backs=0.227857
# QATOM t=181.38 dir=FD w=1.00595247 e=0.184117653844 i=0 Em=1.3338
t=  182.00 -5.89e-15 | 0.0010  0.00      0    0      0      0 | 0.0000  0.00 | 0.00e+00 0.00e+00 |   2.8794 0.7998  0.2213  3.0015 0.500  0.00 | PAIR-CHANNEL-DEAD
# CONVTAG t=182.00 rough=0.000000 cond=0.892426 evap=1.746902 backs=0.227857
# QATOM t=183.28 dir=FD w=1.00595247 e=0.184117653844 i=1 Em=1.3338
t=  184.00 -5.19e-15 | 0.0010  0.00      0    0      0      0 | 0.0000  0.00 | 0.00e+00 0.00e+00 |   3.0911 0.8586  0.0000  3.0096 0.500  0.00 | PAIR-CHANNEL-DEAD
# CONVTAG t=184.00 rough=0.000000 cond=1.076543 evap=1.746902 backs=0.227857
t=  186.00 -4.50e-15 | 0.0010  0.00      0    0      0      0 | 0.0000  0.00 | 0.00e+00 0.00e+00 |   3.0911 0.8586  0.0000  3.0096 0.500  0.00 | PAIR-CHANNEL-DEAD
# CONVTAG t=186.00 rough=0.000000 cond=1.076543 evap=1.746902 backs=0.227857
t=  188.00 -3.46e-15 | 0.0010  0.00      0    0      0      0 | 0.0000  0.00 | 0.00e+00 0.00e+00 |   3.0911 0.8586  0.0000  3.0096 0.500  0.00 | PAIR-CHANNEL-DEAD
# CONVTAG t=188.00 rough=0.000000 cond=1.076543 evap=1.746902 backs=0.227857
t=  190.00 -3.12e-15 | 0.0010  0.00      0    0      0      0 | 0.0000  0.00 | 0.00e+00 0.00e+00 |   3.0911 0.8586  0.0000  3.0096 0.500  0.00 | PAIR-CHANNEL-DEAD
# CONVTAG t=190.00 rough=0.000000 cond=1.076543 evap=1.746902 backs=0.227857
# QATOM t=190.12 dir=FD w=0.947258109 e=0.17337493203 i=0 Em=1.5456
t=  192.00 -2.77e-15 | 0.0010  0.00      0    0      0      0 | 0.0000  0.00 | 0.00e+00 0.00e+00 |   3.2905 0.9140  0.1824  3.0041 0.500  0.00 | PAIR-CHANNEL-DEAD
# CONVTAG t=192.00 rough=0.000000 cond=1.249918 evap=1.746902 backs=0.227857
# QATOM t=192.04 dir=FD w=0.947258109 e=0.17337493203 i=1 Em=1.5456
t=  194.00 -2.77e-15 | 0.0010  0.00      0    0      0      0 | 0.0000  0.00 | 0.00e+00 0.00e+00 |   3.4899 0.9694  0.0000  3.0096 0.500  0.00 | PAIR-CHANNEL-DEAD
# CONVTAG t=194.00 rough=0.000000 cond=1.423293 evap=1.746902 backs=0.227857
t=  196.00 -3.12e-15 | 0.0010  0.00      0    0      0      0 | 0.0000  0.00 | 0.00e+00 0.00e+00 |   3.4899 0.9694  0.0000  3.0096 0.500  0.00 | PAIR-CHANNEL-DEAD
# CONVTAG t=196.00 rough=0.000000 cond=1.423293 evap=1.746902 backs=0.227857
t=  198.00 -3.12e-15 | 0.0010  0.00      0    0      0      0 | 0.0000  0.00 | 0.00e+00 0.00e+00 |   3.4899 0.9694  0.0000  3.0096 0.500  0.00 | PAIR-CHANNEL-DEAD
# CONVTAG t=198.00 rough=0.000000 cond=1.423293 evap=1.746902 backs=0.227857
t=  200.00 -3.29e-15 | 0.0010  0.00      0    0      0      0 | 0.0000  0.00 | 0.00e+00 0.00e+00 |   3.4899 0.9694  0.0000  3.0096 0.500  0.00 | PAIR-CHANNEL-DEAD
# CONVTAG t=200.00 rough=0.000000 cond=1.423293 evap=1.746902 backs=0.227857
t=  202.00 -3.46e-15 | 0.0010  0.00      0    0      0      0 | 0.0000  0.00 | 0.00e+00 0.00e+00 |   3.4899 0.9694  0.0000  3.0096 0.500  0.00 | PAIR-CHANNEL-DEAD
# CONVTAG t=202.00 rough=0.000000 cond=1.423293 evap=1.746902 backs=0.227857
t=  204.00 -3.81e-15 | 0.0010  0.00      0    0      0      0 | 0.0000  0.00 | 0.00e+00 0.00e+00 |   3.4899 0.9694  0.0000  3.0096 0.500  0.00 | PAIR-CHANNEL-DEAD
# CONVTAG t=204.00 rough=0.000000 cond=1.423293 evap=1.746902 backs=0.227857
t=  206.00 -3.81e-15 | 0.0010  0.00      0    0      0      0 | 0.0000  0.00 | 0.00e+00 0.00e+00 |   3.4899 0.9694  0.0000  3.0096 0.500  0.00 | PAIR-CHANNEL-DEAD
# CONVTAG t=206.00 rough=0.000000 cond=1.423293 evap=1.746902 backs=0.227857
t=  208.00 -4.15e-15 | 0.0010  0.00      0    0      0      0 | 0.0000  0.00 | 0.00e+00 0.00e+00 |   3.4899 0.9694  0.0000  3.0096 0.500  0.00 | PAIR-CHANNEL-DEAD
# CONVTAG t=208.00 rough=0.000000 cond=1.423293 evap=1.746902 backs=0.227857
t=  210.00 -4.15e-15 | 0.0010  0.00      0    0      0      0 | 0.0000  0.00 | 0.00e+00 0.00e+00 |   3.4899 0.9694  0.0000  3.0096 0.500  0.00 | PAIR-CHANNEL-DEAD
# CONVTAG t=210.00 rough=0.000000 cond=1.423293 evap=1.746902 backs=0.227857
t=  212.00 -4.33e-15 | 0.0010  0.00      0    0      0      0 | 0.0000  0.00 | 0.00e+00 0.00e+00 |   3.4899 0.9694  0.0000  3.0096 0.500  0.00 | PAIR-CHANNEL-DEAD
# CONVTAG t=212.00 rough=0.000000 cond=1.423293 evap=1.746902 backs=0.227857
t=  214.00 -4.50e-15 | 0.0010  0.00      0    0      0      0 | 0.0000  0.00 | 0.00e+00 0.00e+00 |   3.4899 0.9694  0.0000  3.0096 0.500  0.00 | PAIR-CHANNEL-DEAD
# CONVTAG t=214.00 rough=0.000000 cond=1.423293 evap=1.746902 backs=0.227857
t=  216.00 -4.67e-15 | 0.0010  0.00      0    0      0      0 | 0.0000  0.00 | 0.00e+00 0.00e+00 |   3.4899 0.9694  0.0000  3.0096 0.500  0.00 | PAIR-CHANNEL-DEAD
# CONVTAG t=216.00 rough=0.000000 cond=1.423293 evap=1.746902 backs=0.227857
t=  218.00 -4.85e-15 | 0.0010  0.00      0    0      0      0 | 0.0000  0.00 | 0.00e+00 0.00e+00 |   3.4899 0.9694  0.0000  3.0096 0.500  0.00 | PAIR-CHANNEL-DEAD
# CONVTAG t=218.00 rough=0.000000 cond=1.423293 evap=1.746902 backs=0.227857
t=  220.00 -5.19e-15 | 0.0010  0.00      0    0      0      0 | 0.0000  0.00 | 0.00e+00 0.00e+00 |   3.4899 0.9694  0.0000  3.0096 0.500  0.00 | PAIR-CHANNEL-DEAD
# CONVTAG t=220.00 rough=0.000000 cond=1.423293 evap=1.746902 backs=0.227857
t=  222.00 -5.19e-15 | 0.0010  0.00      0    0      0      0 | 0.0000  0.00 | 0.00e+00 0.00e+00 |   3.4899 0.9694  0.0000  3.0096 0.500  0.00 | PAIR-CHANNEL-DEAD
# CONVTAG t=222.00 rough=0.000000 cond=1.423293 evap=1.746902 backs=0.227857
t=  224.00 -5.19e-15 | 0.0010  0.00      0    0      0      0 | 0.0000  0.00 | 0.00e+00 0.00e+00 |   3.4899 0.9694  0.0000  3.0096 0.500  0.00 | PAIR-CHANNEL-DEAD
# CONVTAG t=224.00 rough=0.000000 cond=1.423293 evap=1.746902 backs=0.227857
t=  226.00 -5.54e-15 | 0.0010  0.00      0    0      0      0 | 0.0000  0.00 | 0.00e+00 0.00e+00 |   3.4899 0.9694  0.0000  3.0096 0.500  0.00 | PAIR-CHANNEL-DEAD
# CONVTAG t=226.00 rough=0.000000 cond=1.423293 evap=1.746902 backs=0.227857
# QATOM t=227.08 dir=DF w=1.57816907 e=0.288849418893 i=0 Em=1.7449
t=  228.00 -5.89e-15 | 0.0010  0.00      0    0      0      0 | 0.0000  0.00 | 0.00e+00 0.00e+00 |   3.2010 0.8892  0.2716  2.9974 0.500  0.00 | PAIR-CHANNEL-DEAD
# CONVTAG t=228.00 rough=0.000000 cond=1.423293 evap=2.035751 backs=0.265533
# QATOM t=228.98 dir=DF w=1.57816907 e=0.288849418893 i=1 Em=1.7449
t=  230.00 -6.23e-15 | 0.0010  0.00      0    0      0      0 | 0.0000  0.00 | 0.00e+00 0.00e+00 |   2.9122 0.8089  0.0000  3.0096 0.500  0.00 | PAIR-CHANNEL-DEAD
# CONVTAG t=230.00 rough=0.000000 cond=1.423293 evap=2.324601 backs=0.303209
t=  232.00 -6.92e-15 | 0.0010  0.00      0    0      0      0 | 0.0000  0.00 | 0.00e+00 0.00e+00 |   2.9122 0.8089  0.0000  3.0096 0.500  0.00 | PAIR-CHANNEL-DEAD
# CONVTAG t=232.00 rough=0.000000 cond=1.423293 evap=2.324601 backs=0.303209
t=  234.00 -7.27e-15 | 0.0010  0.00      0    0      0      0 | 0.0000  0.00 | 0.00e+00 0.00e+00 |   2.9122 0.8089  0.0000  3.0096 0.500  0.00 | PAIR-CHANNEL-DEAD
# CONVTAG t=234.00 rough=0.000000 cond=1.423293 evap=2.324601 backs=0.303209
t=  236.00 -7.96e-15 | 0.0010  0.00      0    0      0      0 | 0.0000  0.00 | 0.00e+00 0.00e+00 |   2.9122 0.8089  0.0000  3.0096 0.500  0.00 | PAIR-CHANNEL-DEAD
# CONVTAG t=236.00 rough=0.000000 cond=1.423293 evap=2.324601 backs=0.303209
t=  238.00 -8.66e-15 | 0.0010  0.00      0    0      0      0 | 0.0000  0.00 | 0.00e+00 0.00e+00 |   2.9122 0.8089  0.0000  3.0096 0.500  0.00 | PAIR-CHANNEL-DEAD
# CONVTAG t=238.00 rough=0.000000 cond=1.423293 evap=2.324601 backs=0.303209
t=  240.00 -9.18e-15 | 0.0010  0.00      0    0      0      0 | 0.0000  0.00 | 0.00e+00 0.00e+00 |   2.9122 0.8089  0.0000  3.0096 0.500  0.00 | PAIR-CHANNEL-DEAD
# CONVTAG t=240.00 rough=0.000000 cond=1.423293 evap=2.324601 backs=0.303209
t=  242.00 -9.69e-15 | 0.0010  0.00      0    0      0      0 | 0.0000  0.00 | 0.00e+00 0.00e+00 |   2.9122 0.8089  0.0000  3.0096 0.500  0.00 | PAIR-CHANNEL-DEAD
# CONVTAG t=242.00 rough=0.000000 cond=1.423293 evap=2.324601 backs=0.303209
t=  244.00 -1.00e-14 | 0.0010  0.00      0    0      0      0 | 0.0000  0.00 | 0.00e+00 0.00e+00 |   2.9122 0.8089  0.0000  3.0096 0.500  0.00 | PAIR-CHANNEL-DEAD
# CONVTAG t=244.00 rough=0.000000 cond=1.423293 evap=2.324601 backs=0.303209
# QATOM t=244.16 dir=FD w=0.971202531 e=0.177757436129 i=0 Em=1.4561
t=  246.00 -1.04e-14 | 0.0010  0.00      0    0      0      0 | 0.0000  0.00 | 0.00e+00 0.00e+00 |   3.1166 0.8657  0.1974  3.0032 0.500  0.00 | PAIR-CHANNEL-DEAD
# CONVTAG t=246.00 rough=0.000000 cond=1.601051 evap=2.324601 backs=0.303209
# QATOM t=246.06 dir=FD w=0.971202531 e=0.177757436129 i=1 Em=1.4561
t=  248.00 -1.00e-14 | 0.0010  0.00      0    0      0      0 | 0.0000  0.00 | 0.00e+00 0.00e+00 |   3.3210 0.9225  0.0000  3.0096 0.500  0.00 | PAIR-CHANNEL-DEAD
# CONVTAG t=248.00 rough=0.000000 cond=1.778808 evap=2.324601 backs=0.303209
t=  250.00 -9.35e-15 | 0.0010  0.00      0    0      0      0 | 0.0000  0.00 | 0.00e+00 0.00e+00 |   3.3210 0.9225  0.0000  3.0096 0.500  0.00 | PAIR-CHANNEL-DEAD
# CONVTAG t=250.00 rough=0.000000 cond=1.778808 evap=2.324601 backs=0.303209
t=  252.00 -9.00e-15 | 0.0010  0.00      0    0      0      0 | 0.0000  0.00 | 0.00e+00 0.00e+00 |   3.3210 0.9225  0.0000  3.0096 0.500  0.00 | PAIR-CHANNEL-DEAD
# CONVTAG t=252.00 rough=0.000000 cond=1.778808 evap=2.324601 backs=0.303209
t=  254.00 -8.66e-15 | 0.0010  0.00      0    0      0      0 | 0.0000  0.00 | 0.00e+00 0.00e+00 |   3.3210 0.9225  0.0000  3.0096 0.500  0.00 | PAIR-CHANNEL-DEAD
# CONVTAG t=254.00 rough=0.000000 cond=1.778808 evap=2.324601 backs=0.303209
t=  256.00 -7.96e-15 | 0.0010  0.00      0    0      0      0 | 0.0000  0.00 | 0.00e+00 0.00e+00 |   3.3210 0.9225  0.0000  3.0096 0.500  0.00 | PAIR-CHANNEL-DEAD
# CONVTAG t=256.00 rough=0.000000 cond=1.778808 evap=2.324601 backs=0.303209
t=  258.00 -7.62e-15 | 0.0010  0.00      0    0      0      0 | 0.0000  0.00 | 0.00e+00 0.00e+00 |   3.3210 0.9225  0.0000  3.0096 0.500  0.00 | PAIR-CHANNEL-DEAD
# CONVTAG t=258.00 rough=0.000000 cond=1.778808 evap=2.324601 backs=0.303209
t=  260.00 -6.92e-15 | 0.0010  0.00      0    0      0      0 | 0.0000  0.00 | 0.00e+00 0.00e+00 |   3.3210 0.9225  0.0000  3.0096 0.500  0.00 | PAIR-CHANNEL-DEAD
# CONVTAG t=260.00 rough=0.000000 cond=1.778808 evap=2.324601 backs=0.303209
t=  262.00 -6.58e-15 | 0.0010  0.00      0    0      0      0 | 0.0000  0.00 | 0.00e+00 0.00e+00 |   3.3210 0.9225  0.0000  3.0096 0.500  0.00 | PAIR-CHANNEL-DEAD
# CONVTAG t=262.00 rough=0.000000 cond=1.778808 evap=2.324601 backs=0.303209
t=  264.00 -6.06e-15 | 0.0010  0.00      0    0      0      0 | 0.0000  0.00 | 0.00e+00 0.00e+00 |   3.3210 0.9225  0.0000  3.0096 0.500  0.00 | PAIR-CHANNEL-DEAD
# CONVTAG t=264.00 rough=0.000000 cond=1.778808 evap=2.324601 backs=0.303209
t=  266.00 -5.54e-15 | 0.0010  0.00      0    0      0      0 | 0.0000  0.00 | 0.00e+00 0.00e+00 |   3.3210 0.9225  0.0000  3.0096 0.500  0.00 | PAIR-CHANNEL-DEAD
# CONVTAG t=266.00 rough=0.000000 cond=1.778808 evap=2.324601 backs=0.303209
t=  268.00 -5.19e-15 | 0.0010  0.00      0    0      0      0 | 0.0000  0.00 | 0.00e+00 0.00e+00 |   3.3210 0.9225  0.0000  3.0096 0.500  0.00 | PAIR-CHANNEL-DEAD
# CONVTAG t=268.00 rough=0.000000 cond=1.778808 evap=2.324601 backs=0.303209
t=  270.00 -4.50e-15 | 0.0010  0.00      0    0      0      0 | 0.0000  0.00 | 0.00e+00 0.00e+00 |   3.3210 0.9225  0.0000  3.0096 0.500  0.00 | PAIR-CHANNEL-DEAD
# CONVTAG t=270.00 rough=0.000000 cond=1.778808 evap=2.324601 backs=0.303209
t=  272.00 -4.15e-15 | 0.0010  0.00      0    0      0      0 | 0.0000  0.00 | 0.00e+00 0.00e+00 |   3.3210 0.9225  0.0000  3.0096 0.500  0.00 | PAIR-CHANNEL-DEAD
# CONVTAG t=272.00 rough=0.000000 cond=1.778808 evap=2.324601 backs=0.303209
t=  274.00 -3.46e-15 | 0.0010  0.00      0    0      0      0 | 0.0000  0.00 | 0.00e+00 0.00e+00 |   3.3210 0.9225  0.0000  3.0096 0.500  0.00 | PAIR-CHANNEL-DEAD
# CONVTAG t=274.00 rough=0.000000 cond=1.778808 evap=2.324601 backs=0.303209
t=  276.00 -3.12e-15 | 0.0010  0.00      0    0      0      0 | 0.0000  0.00 | 0.00e+00 0.00e+00 |   3.3210 0.9225  0.0000  3.0096 0.500  0.00 | PAIR-CHANNEL-DEAD
# CONVTAG t=276.00 rough=0.000000 cond=1.778808 evap=2.324601 backs=0.303209
t=  278.00 -2.60e-15 | 0.0010  0.00      0    0      0      0 | 0.0000  0.00 | 0.00e+00 0.00e+00 |   3.3210 0.9225  0.0000  3.0096 0.500  0.00 | PAIR-CHANNEL-DEAD
# CONVTAG t=278.00 rough=0.000000 cond=1.778808 evap=2.324601 backs=0.303209
t=  280.00 -2.08e-15 | 0.0010  0.00      0    0      0      0 | 0.0000  0.00 | 0.00e+00 0.00e+00 |   3.3210 0.9225  0.0000  3.0096 0.500  0.00 | PAIR-CHANNEL-DEAD
# CONVTAG t=280.00 rough=0.000000 cond=1.778808 evap=2.324601 backs=0.303209
t=  282.00 -1.73e-15 | 0.0010  0.00      0    0      0      0 | 0.0000  0.00 | 0.00e+00 0.00e+00 |   3.3210 0.9225  0.0000  3.0096 0.500  0.00 | PAIR-CHANNEL-DEAD
# CONVTAG t=282.00 rough=0.000000 cond=1.778808 evap=2.324601 backs=0.303209
t=  284.00 -1.21e-15 | 0.0010  0.00      0    0      0      0 | 0.0000  0.00 | 0.00e+00 0.00e+00 |   3.3210 0.9225  0.0000  3.0096 0.500  0.00 | PAIR-CHANNEL-DEAD
# CONVTAG t=284.00 rough=0.000000 cond=1.778808 evap=2.324601 backs=0.303209
t=  286.00 -6.92e-16 | 0.0010  0.00      0    0      0      0 | 0.0000  0.00 | 0.00e+00 0.00e+00 |   3.3210 0.9225  0.0000  3.0096 0.500  0.00 | PAIR-CHANNEL-DEAD
# CONVTAG t=286.00 rough=0.000000 cond=1.778808 evap=2.324601 backs=0.303209
t=  288.00 -3.46e-16 | 0.0010  0.00      0    0      0      0 | 0.0000  0.00 | 0.00e+00 0.00e+00 |   3.3210 0.9225  0.0000  3.0096 0.500  0.00 | PAIR-CHANNEL-DEAD
# CONVTAG t=288.00 rough=0.000000 cond=1.778808 evap=2.324601 backs=0.303209
# QATOM t=289.32 dir=DF w=1.61375872 e=0.295363328541 i=0 Em=1.6605
t=  290.00 +0.00e+00 | 0.0010  0.00      0    0      0      0 | 0.0000  0.00 | 0.00e+00 0.00e+00 |   3.0257 0.8405  0.2938  2.9953 0.500  0.00 | PAIR-CHANNEL-DEAD
# CONVTAG t=290.00 rough=0.000000 cond=1.778808 evap=2.619964 backs=0.341734
# QATOM t=291.24 dir=DF w=1.61375872 e=0.295363328541 i=1 Em=1.6605
t=  292.00 -1.73e-16 | 0.0010  0.00      0    0      0      0 | 0.0000  0.00 | 0.00e+00 0.00e+00 |   2.7303 0.7584  0.0000  3.0096 0.500  0.00 | PAIR-CHANNEL-DEAD
# CONVTAG t=292.00 rough=0.000000 cond=1.778808 evap=2.915327 backs=0.380260
t=  294.00 -1.73e-16 | 0.0010  0.00      0    0      0      0 | 0.0000  0.00 | 0.00e+00 0.00e+00 |   2.7303 0.7584  0.0000  3.0096 0.500  0.00 | PAIR-CHANNEL-DEAD
# CONVTAG t=294.00 rough=0.000000 cond=1.778808 evap=2.915327 backs=0.380260
t=  296.00 -6.92e-16 | 0.0010  0.00      0    0      0      0 | 0.0000  0.00 | 0.00e+00 0.00e+00 |   2.7303 0.7584  0.0000  3.0096 0.500  0.00 | PAIR-CHANNEL-DEAD
# CONVTAG t=296.00 rough=0.000000 cond=1.778808 evap=2.915327 backs=0.380260
# QATOM t=297.64 dir=FD w=0.996814761 e=0.182445195977 i=0 Em=1.3652
t=  298.00 -1.04e-15 | 0.0010  0.00      0    0      0      0 | 0.0000  0.00 | 0.00e+00 0.00e+00 |   2.9401 0.8167  0.2148  3.0020 0.500  0.00 | PAIR-CHANNEL-DEAD
# CONVTAG t=298.00 rough=0.000000 cond=1.961253 evap=2.915327 backs=0.380260
# QATOM t=299.56 dir=FD w=0.996814761 e=0.182445195977 i=1 Em=1.3652
t=  300.00 -1.04e-15 | 0.0010  0.00      0    0      0      0 | 0.0000  0.00 | 0.00e+00 0.00e+00 |   3.1499 0.8750  0.0000  3.0096 0.500  0.00 | PAIR-CHANNEL-DEAD
# CONVTAG t=300.00 rough=0.000000 cond=2.143698 evap=2.915327 backs=0.380260
t=  302.00 -3.46e-16 | 0.0010  0.00      0    0      0      0 | 0.0000  0.00 | 0.00e+00 0.00e+00 |   3.1499 0.8750  0.0000  3.0096 0.500  0.00 | PAIR-CHANNEL-DEAD
# CONVTAG t=302.00 rough=0.000000 cond=2.143698 evap=2.915327 backs=0.380260
t=  304.00 +1.73e-16 | 0.0010  0.00      0    0      0      0 | 0.0000  0.00 | 0.00e+00 0.00e+00 |   3.1499 0.8750  0.0000  3.0096 0.500  0.00 | PAIR-CHANNEL-DEAD
# CONVTAG t=304.00 rough=0.000000 cond=2.143698 evap=2.915327 backs=0.380260
t=  306.00 +6.92e-16 | 0.0010  0.00      0    0      0      0 | 0.0000  0.00 | 0.00e+00 0.00e+00 |   3.1499 0.8750  0.0000  3.0096 0.500  0.00 | PAIR-CHANNEL-DEAD
# CONVTAG t=306.00 rough=0.000000 cond=2.143698 evap=2.915327 backs=0.380260
# QATOM t=306.46 dir=FD w=0.939645067 e=0.171981530754 i=0 Em=1.5750
t=  308.00 +1.04e-15 | 0.0010  0.00      0    0      0      0 | 0.0000  0.00 | 0.00e+00 0.00e+00 |   3.3477 0.9299  0.1778  3.0044 0.500  0.00 | PAIR-CHANNEL-DEAD
# CONVTAG t=308.00 rough=0.000000 cond=2.315680 evap=2.915327 backs=0.380260
# QATOM t=308.38 dir=FD w=0.939645067 e=0.171981530754 i=1 Em=1.5750
t=  310.00 +1.04e-15 | 0.0010  0.00      0    0      0      0 | 0.0000  0.00 | 0.00e+00 0.00e+00 |   3.5455 0.9849  0.0000  3.0096 0.500  0.00 | PAIR-CHANNEL-DEAD
# CONVTAG t=310.00 rough=0.000000 cond=2.487662 evap=2.915327 backs=0.380260
t=  312.00 +1.21e-15 | 0.0010  0.00      0    0      0      0 | 0.0000  0.00 | 0.00e+00 0.00e+00 |   3.5455 0.9849  0.0000  3.0096 0.500  0.00 | PAIR-CHANNEL-DEAD
# CONVTAG t=312.00 rough=0.000000 cond=2.487662 evap=2.915327 backs=0.380260
t=  314.00 +1.21e-15 | 0.0010  0.00      0    0      0      0 | 0.0000  0.00 | 0.00e+00 0.00e+00 |   3.5455 0.9849  0.0000  3.0096 0.500  0.00 | PAIR-CHANNEL-DEAD
# CONVTAG t=314.00 rough=0.000000 cond=2.487662 evap=2.915327 backs=0.380260
t=  316.00 +1.21e-15 | 0.0010  0.00      0    0      0      0 | 0.0000  0.00 | 0.00e+00 0.00e+00 |   3.5455 0.9849  0.0000  3.0096 0.500  0.00 | PAIR-CHANNEL-DEAD
# CONVTAG t=316.00 rough=0.000000 cond=2.487662 evap=2.915327 backs=0.380260
t=  318.00 +1.21e-15 | 0.0010  0.00      0    0      0      0 | 0.0000  0.00 | 0.00e+00 0.00e+00 |   3.5455 0.9849  0.0000  3.0096 0.500  0.00 | PAIR-CHANNEL-DEAD
# CONVTAG t=318.00 rough=0.000000 cond=2.487662 evap=2.915327 backs=0.380260
t=  320.00 +1.21e-15 | 0.0010  0.00      0    0      0      0 | 0.0000  0.00 | 0.00e+00 0.00e+00 |   3.5455 0.9849  0.0000  3.0096 0.500  0.00 | PAIR-CHANNEL-DEAD
# CONVTAG t=320.00 rough=0.000000 cond=2.487662 evap=2.915327 backs=0.380260
t=  322.00 +1.38e-15 | 0.0010  0.00      0    0      0      0 | 0.0000  0.00 | 0.00e+00 0.00e+00 |   3.5455 0.9849  0.0000  3.0096 0.500  0.00 | PAIR-CHANNEL-DEAD
# CONVTAG t=322.00 rough=0.000000 cond=2.487662 evap=2.915327 backs=0.380260
t=  324.00 +1.38e-15 | 0.0010  0.00      0    0      0      0 | 0.0000  0.00 | 0.00e+00 0.00e+00 |   3.5455 0.9849  0.0000  3.0096 0.500  0.00 | PAIR-CHANNEL-DEAD
# CONVTAG t=324.00 rough=0.000000 cond=2.487662 evap=2.915327 backs=0.380260
t=  326.00 +1.38e-15 | 0.0010  0.00      0    0      0      0 | 0.0000  0.00 | 0.00e+00 0.00e+00 |   3.5455 0.9849  0.0000  3.0096 0.500  0.00 | PAIR-CHANNEL-DEAD
# CONVTAG t=326.00 rough=0.000000 cond=2.487662 evap=2.915327 backs=0.380260
t=  328.00 +1.38e-15 | 0.0010  0.00      0    0      0      0 | 0.0000  0.00 | 0.00e+00 0.00e+00 |   3.5455 0.9849  0.0000  3.0096 0.500  0.00 | PAIR-CHANNEL-DEAD
# CONVTAG t=328.00 rough=0.000000 cond=2.487662 evap=2.915327 backs=0.380260
t=  330.00 +1.38e-15 | 0.0010  0.00      0    0      0      0 | 0.0000  0.00 | 0.00e+00 0.00e+00 |   3.5455 0.9849  0.0000  3.0096 0.500  0.00 | PAIR-CHANNEL-DEAD
# CONVTAG t=330.00 rough=0.000000 cond=2.487662 evap=2.915327 backs=0.380260
t=  332.00 +1.38e-15 | 0.0010  0.00      0    0      0      0 | 0.0000  0.00 | 0.00e+00 0.00e+00 |   3.5455 0.9849  0.0000  3.0096 0.500  0.00 | PAIR-CHANNEL-DEAD
# CONVTAG t=332.00 rough=0.000000 cond=2.487662 evap=2.915327 backs=0.380260
t=  334.00 +1.38e-15 | 0.0010  0.00      0    0      0      0 | 0.0000  0.00 | 0.00e+00 0.00e+00 |   3.5455 0.9849  0.0000  3.0096 0.500  0.00 | PAIR-CHANNEL-DEAD
# CONVTAG t=334.00 rough=0.000000 cond=2.487662 evap=2.915327 backs=0.380260
t=  336.00 +1.38e-15 | 0.0010  0.00      0    0      0      0 | 0.0000  0.00 | 0.00e+00 0.00e+00 |   3.5455 0.9849  0.0000  3.0096 0.500  0.00 | PAIR-CHANNEL-DEAD
# CONVTAG t=336.00 rough=0.000000 cond=2.487662 evap=2.915327 backs=0.380260
t=  338.00 +1.38e-15 | 0.0010  0.00      0    0      0      0 | 0.0000  0.00 | 0.00e+00 0.00e+00 |   3.5455 0.9849  0.0000  3.0096 0.500  0.00 | PAIR-CHANNEL-DEAD
# CONVTAG t=338.00 rough=0.000000 cond=2.487662 evap=2.915327 backs=0.380260
t=  340.00 +1.38e-15 | 0.0010  0.00      0    0      0      0 | 0.0000  0.00 | 0.00e+00 0.00e+00 |   3.5455 0.9849  0.0000  3.0096 0.500  0.00 | PAIR-CHANNEL-DEAD
# CONVTAG t=340.00 rough=0.000000 cond=2.487662 evap=2.915327 backs=0.380260
t=  342.00 +1.56e-15 | 0.0010  0.00      0    0      0      0 | 0.0000  0.00 | 0.00e+00 0.00e+00 |   3.5455 0.9849  0.0000  3.0096 0.500  0.00 | PAIR-CHANNEL-DEAD
# CONVTAG t=342.00 rough=0.000000 cond=2.487662 evap=2.915327 backs=0.380260
# QATOM t=343.68 dir=DF w=1.5667918 e=0.28676705884 i=0 Em=1.7727
t=  344.00 +1.73e-15 | 0.0010  0.00      0    0      0      0 | 0.0000  0.00 | 0.00e+00 0.00e+00 |   3.2587 0.9052  0.2648  2.9980 0.500  0.00 | PAIR-CHANNEL-DEAD
# CONVTAG t=344.00 rough=0.000000 cond=2.487662 evap=3.202095 backs=0.417665
# QATOM t=345.60 dir=DF w=1.5667918 e=0.28676705884 i=1 Em=1.7727
t=  346.00 +2.42e-15 | 0.0010  0.00      0    0      0      0 | 0.0000  0.00 | 0.00e+00 0.00e+00 |   2.9719 0.8255  0.0000  3.0096 0.500  0.00 | PAIR-CHANNEL-DEAD
# CONVTAG t=346.00 rough=0.000000 cond=2.487662 evap=3.488862 backs=0.455069
t=  348.00 +3.46e-15 | 0.0010  0.00      0    0      0      0 | 0.0000  0.00 | 0.00e+00 0.00e+00 |   2.9719 0.8255  0.0000  3.0096 0.500  0.00 | PAIR-CHANNEL-DEAD
# CONVTAG t=348.00 rough=0.000000 cond=2.487662 evap=3.488862 backs=0.455069
t=  350.00 +4.15e-15 | 0.0010  0.00      0    0      0      0 | 0.0000  0.00 | 0.00e+00 0.00e+00 |   2.9719 0.8255  0.0000  3.0096 0.500  0.00 | PAIR-CHANNEL-DEAD
# CONVTAG t=350.00 rough=0.000000 cond=2.487662 evap=3.488862 backs=0.455069
t=  352.00 +5.19e-15 | 0.0010  0.00      0    0      0      0 | 0.0000  0.00 | 0.00e+00 0.00e+00 |   2.9719 0.8255  0.0000  3.0096 0.500  0.00 | PAIR-CHANNEL-DEAD
# CONVTAG t=352.00 rough=0.000000 cond=2.487662 evap=3.488862 backs=0.455069
t=  354.00 +6.41e-15 | 0.0010  0.00      0    0      0      0 | 0.0000  0.00 | 0.00e+00 0.00e+00 |   2.9719 0.8255  0.0000  3.0096 0.500  0.00 | PAIR-CHANNEL-DEAD
# CONVTAG t=354.00 rough=0.000000 cond=2.487662 evap=3.488862 backs=0.455069
t=  356.00 +7.44e-15 | 0.0010  0.00      0    0      0      0 | 0.0000  0.00 | 0.00e+00 0.00e+00 |   2.9719 0.8255  0.0000  3.0096 0.500  0.00 | PAIR-CHANNEL-DEAD
# CONVTAG t=356.00 rough=0.000000 cond=2.487662 evap=3.488862 backs=0.455069
t=  358.00 +8.31e-15 | 0.0010  0.00      0    0      0      0 | 0.0000  0.00 | 0.00e+00 0.00e+00 |   2.9719 0.8255  0.0000  3.0096 0.500  0.00 | PAIR-CHANNEL-DEAD
# CONVTAG t=358.00 rough=0.000000 cond=2.487662 evap=3.488862 backs=0.455069
t=  360.00 +9.18e-15 | 0.0010  0.00      0    0      0      0 | 0.0000  0.00 | 0.00e+00 0.00e+00 |   2.9719 0.8255  0.0000  3.0096 0.500  0.00 | PAIR-CHANNEL-DEAD
# CONVTAG t=360.00 rough=0.000000 cond=2.487662 evap=3.488862 backs=0.455069
t=  362.00 +1.02e-14 | 0.0010  0.00      0    0      0      0 | 0.0000  0.00 | 0.00e+00 0.00e+00 |   2.9719 0.8255  0.0000  3.0096 0.500  0.00 | PAIR-CHANNEL-DEAD
# CONVTAG t=362.00 rough=0.000000 cond=2.487662 evap=3.488862 backs=0.455069
t=  364.00 +1.11e-14 | 0.0010  0.00      0    0      0      0 | 0.0000  0.00 | 0.00e+00 0.00e+00 |   2.9719 0.8255  0.0000  3.0096 0.500  0.00 | PAIR-CHANNEL-DEAD
# CONVTAG t=364.00 rough=0.000000 cond=2.487662 evap=3.488862 backs=0.455069
t=  366.00 +1.25e-14 | 0.0010  0.00      0    0      0      0 | 0.0000  0.00 | 0.00e+00 0.00e+00 |   2.9719 0.8255  0.0000  3.0096 0.500  0.00 | PAIR-CHANNEL-DEAD
# CONVTAG t=366.00 rough=0.000000 cond=2.487662 evap=3.488862 backs=0.455069
t=  368.00 +1.35e-14 | 0.0010  0.00      0    0      0      0 | 0.0000  0.00 | 0.00e+00 0.00e+00 |   2.9719 0.8255  0.0000  3.0096 0.500  0.00 | PAIR-CHANNEL-DEAD
# CONVTAG t=368.00 rough=0.000000 cond=2.487662 evap=3.488862 backs=0.455069
# QATOM t=369.52 dir=FD w=0.963071854 e=0.176269293008 i=0 Em=1.4860
t=  370.00 +1.42e-14 | 0.0010  0.00      0    0      0      0 | 0.0000  0.00 | 0.00e+00 0.00e+00 |   3.1747 0.8818  0.1922  3.0035 0.500  0.00 | PAIR-CHANNEL-DEAD
# CONVTAG t=370.00 rough=0.000000 cond=2.663931 evap=3.488862 backs=0.455069
# QATOM t=371.42 dir=FD w=0.963071854 e=0.176269293008 i=1 Em=1.4860
t=  372.00 +1.45e-14 | 0.0010  0.00      0    0      0      0 | 0.0000  0.00 | 0.00e+00 0.00e+00 |   3.3774 0.9382  0.0000  3.0096 0.500  0.00 | PAIR-CHANNEL-DEAD
# CONVTAG t=372.00 rough=0.000000 cond=2.840200 evap=3.488862 backs=0.455069
t=  374.00 +1.42e-14 | 0.0010  0.00      0    0      0      0 | 0.0000  0.00 | 0.00e+00 0.00e+00 |   3.3774 0.9382  0.0000  3.0096 0.500  0.00 | PAIR-CHANNEL-DEAD
# CONVTAG t=374.00 rough=0.000000 cond=2.840200 evap=3.488862 backs=0.455069
t=  376.00 +1.40e-14 | 0.0010  0.00      0    0      0      0 | 0.0000  0.00 | 0.00e+00 0.00e+00 |   3.3774 0.9382  0.0000  3.0096 0.500  0.00 | PAIR-CHANNEL-DEAD
# CONVTAG t=376.00 rough=0.000000 cond=2.840200 evap=3.488862 backs=0.455069
t=  378.00 +1.37e-14 | 0.0010  0.00      0    0      0      0 | 0.0000  0.00 | 0.00e+00 0.00e+00 |   3.3774 0.9382  0.0000  3.0096 0.500  0.00 | PAIR-CHANNEL-DEAD
# CONVTAG t=378.00 rough=0.000000 cond=2.840200 evap=3.488862 backs=0.455069
t=  380.00 +1.35e-14 | 0.0010  0.00      0    0      0      0 | 0.0000  0.00 | 0.00e+00 0.00e+00 |   3.3774 0.9382  0.0000  3.0096 0.500  0.00 | PAIR-CHANNEL-DEAD
# CONVTAG t=380.00 rough=0.000000 cond=2.840200 evap=3.488862 backs=0.455069
t=  382.00 +1.32e-14 | 0.0010  0.00      0    0      0      0 | 0.0000  0.00 | 0.00e+00 0.00e+00 |   3.3774 0.9382  0.0000  3.0096 0.500  0.00 | PAIR-CHANNEL-DEAD
# CONVTAG t=382.00 rough=0.000000 cond=2.840200 evap=3.488862 backs=0.455069
t=  384.00 +1.30e-14 | 0.0010  0.00      0    0      0      0 | 0.0000  0.00 | 0.00e+00 0.00e+00 |   3.3774 0.9382  0.0000  3.0096 0.500  0.00 | PAIR-CHANNEL-DEAD
# CONVTAG t=384.00 rough=0.000000 cond=2.840200 evap=3.488862 backs=0.455069
t=  386.00 +1.28e-14 | 0.0010  0.00      0    0      0      0 | 0.0000  0.00 | 0.00e+00 0.00e+00 |   3.3774 0.9382  0.0000  3.0096 0.500  0.00 | PAIR-CHANNEL-DEAD
# CONVTAG t=386.00 rough=0.000000 cond=2.840200 evap=3.488862 backs=0.455069
t=  388.00 +1.25e-14 | 0.0010  0.00      0    0      0      0 | 0.0000  0.00 | 0.00e+00 0.00e+00 |   3.3774 0.9382  0.0000  3.0096 0.500  0.00 | PAIR-CHANNEL-DEAD
# CONVTAG t=388.00 rough=0.000000 cond=2.840200 evap=3.488862 backs=0.455069
t=  390.00 +1.23e-14 | 0.0010  0.00      0    0      0      0 | 0.0000  0.00 | 0.00e+00 0.00e+00 |   3.3774 0.9382  0.0000  3.0096 0.500  0.00 | PAIR-CHANNEL-DEAD
# CONVTAG t=390.00 rough=0.000000 cond=2.840200 evap=3.488862 backs=0.455069
t=  392.00 +1.21e-14 | 0.0010  0.00      0    0      0      0 | 0.0000  0.00 | 0.00e+00 0.00e+00 |   3.3774 0.9382  0.0000  3.0096 0.500  0.00 | PAIR-CHANNEL-DEAD
# CONVTAG t=392.00 rough=0.000000 cond=2.840200 evap=3.488862 backs=0.455069
t=  394.00 +1.18e-14 | 0.0010  0.00      0    0      0      0 | 0.0000  0.00 | 0.00e+00 0.00e+00 |   3.3774 0.9382  0.0000  3.0096 0.500  0.00 | PAIR-CHANNEL-DEAD
# CONVTAG t=394.00 rough=0.000000 cond=2.840200 evap=3.488862 backs=0.455069
t=  396.00 +1.14e-14 | 0.0010  0.00      0    0      0      0 | 0.0000  0.00 | 0.00e+00 0.00e+00 |   3.3774 0.9382  0.0000  3.0096 0.500  0.00 | PAIR-CHANNEL-DEAD
# CONVTAG t=396.00 rough=0.000000 cond=2.840200 evap=3.488862 backs=0.455069
t=  398.00 +1.14e-14 | 0.0010  0.00      0    0      0      0 | 0.0000  0.00 | 0.00e+00 0.00e+00 |   3.3774 0.9382  0.0000  3.0096 0.500  0.00 | PAIR-CHANNEL-DEAD
# CONVTAG t=398.00 rough=0.000000 cond=2.840200 evap=3.488862 backs=0.455069
t=  400.00 +1.11e-14 | 0.0010  0.00      0    0      0      0 | 0.0000  0.00 | 0.00e+00 0.00e+00 |   3.3774 0.9382  0.0000  3.0096 0.500  0.00 | PAIR-CHANNEL-DEAD
# CONVTAG t=400.00 rough=0.000000 cond=2.840200 evap=3.488862 backs=0.455069
t=  402.00 +1.09e-14 | 0.0010  0.00      0    0      0      0 | 0.0000  0.00 | 0.00e+00 0.00e+00 |   3.3774 0.9382  0.0000  3.0096 0.500  0.00 | PAIR-CHANNEL-DEAD
# CONVTAG t=402.00 rough=0.000000 cond=2.840200 evap=3.488862 backs=0.455069
t=  404.00 +1.07e-14 | 0.0010  0.00      0    0      0      0 | 0.0000  0.00 | 0.00e+00 0.00e+00 |   3.3774 0.9382  0.0000  3.0096 0.500  0.00 | PAIR-CHANNEL-DEAD
# CONVTAG t=404.00 rough=0.000000 cond=2.840200 evap=3.488862 backs=0.455069
# QATOM t=405.92 dir=DF w=1.60170691 e=0.29315750761 i=0 Em=1.6887
t=  406.00 +1.04e-14 | 0.0010  0.00      0    0      0      0 | 0.0000  0.00 | 0.00e+00 0.00e+00 |   3.0842 0.8567  0.2861  2.9960 0.500  0.00 | PAIR-CHANNEL-DEAD
# CONVTAG t=406.00 rough=0.000000 cond=2.840200 evap=3.782019 backs=0.493307
# QATOM t=407.84 dir=DF w=1.60170691 e=0.29315750761 i=1 Em=1.6887
t=  408.00 +9.35e-15 | 0.0010  0.00      0    0      0      0 | 0.0000  0.00 | 0.00e+00 0.00e+00 |   2.7911 0.7753  0.0000  3.0096 0.500  0.00 | PAIR-CHANNEL-DEAD
# CONVTAG t=408.00 rough=0.000000 cond=2.840200 evap=4.075177 backs=0.531545
t=  410.00 +8.14e-15 | 0.0010  0.00      0    0      0      0 | 0.0000  0.00 | 0.00e+00 0.00e+00 |   2.7911 0.7753  0.0000  3.0096 0.500  0.00 | PAIR-CHANNEL-DEAD
# CONVTAG t=410.00 rough=0.000000 cond=2.840200 evap=4.075177 backs=0.531545
t=  412.00 +6.75e-15 | 0.0010  0.00      0    0      0      0 | 0.0000  0.00 | 0.00e+00 0.00e+00 |   2.7911 0.7753  0.0000  3.0096 0.500  0.00 | PAIR-CHANNEL-DEAD
# CONVTAG t=412.00 rough=0.000000 cond=2.840200 evap=4.075177 backs=0.531545
t=  414.00 +5.37e-15 | 0.0010  0.00      0    0      0      0 | 0.0000  0.00 | 0.00e+00 0.00e+00 |   2.7911 0.7753  0.0000  3.0096 0.500  0.00 | PAIR-CHANNEL-DEAD
# CONVTAG t=414.00 rough=0.000000 cond=2.840200 evap=4.075177 backs=0.531545
# QATOM t=414.32 dir=FD w=0.988111018 e=0.180852165823 i=0 Em=1.3955
t=  416.00 +4.33e-15 | 0.0010  0.00      0    0      0      0 | 0.0000  0.00 | 0.00e+00 0.00e+00 |   2.9990 0.8331  0.2087  3.0024 0.500  0.00 | PAIR-CHANNEL-DEAD
# CONVTAG t=416.00 rough=0.000000 cond=3.021052 evap=4.075177 backs=0.531545
# QATOM t=416.22 dir=FD w=0.988111018 e=0.180852165823 i=1 Em=1.3955
t=  418.00 +3.81e-15 | 0.0010  0.00      0    0      0      0 | 0.0000  0.00 | 0.00e+00 0.00e+00 |   3.2070 0.8908  0.0000  3.0096 0.500  0.00 | PAIR-CHANNEL-DEAD
# CONVTAG t=418.00 rough=0.000000 cond=3.201904 evap=4.075177 backs=0.531545
t=  420.00 +3.12e-15 | 0.0010  0.00      0    0      0      0 | 0.0000  0.00 | 0.00e+00 0.00e+00 |   3.2070 0.8908  0.0000  3.0096 0.500  0.00 | PAIR-CHANNEL-DEAD
# CONVTAG t=420.00 rough=0.000000 cond=3.201904 evap=4.075177 backs=0.531545
t=  422.00 +2.42e-15 | 0.0010  0.00      0    0      0      0 | 0.0000  0.00 | 0.00e+00 0.00e+00 |   3.2070 0.8908  0.0000  3.0096 0.500  0.00 | PAIR-CHANNEL-DEAD
# CONVTAG t=422.00 rough=0.000000 cond=3.201904 evap=4.075177 backs=0.531545
t=  424.00 +2.08e-15 | 0.0010  0.00      0    0      0      0 | 0.0000  0.00 | 0.00e+00 0.00e+00 |   3.2070 0.8908  0.0000  3.0096 0.500  0.00 | PAIR-CHANNEL-DEAD
# CONVTAG t=424.00 rough=0.000000 cond=3.201904 evap=4.075177 backs=0.531545
t=  426.00 +1.38e-15 | 0.0010  0.00      0    0      0      0 | 0.0000  0.00 | 0.00e+00 0.00e+00 |   3.2070 0.8908  0.0000  3.0096 0.500  0.00 | PAIR-CHANNEL-DEAD
# CONVTAG t=426.00 rough=0.000000 cond=3.201904 evap=4.075177 backs=0.531545
t=  428.00 +8.66e-16 | 0.0010  0.00      0    0      0      0 | 0.0000  0.00 | 0.00e+00 0.00e+00 |   3.2070 0.8908  0.0000  3.0096 0.500  0.00 | PAIR-CHANNEL-DEAD
# CONVTAG t=428.00 rough=0.000000 cond=3.201904 evap=4.075177 backs=0.531545
t=  430.00 +3.46e-16 | 0.0010  0.00      0    0      0      0 | 0.0000  0.00 | 0.00e+00 0.00e+00 |   3.2070 0.8908  0.0000  3.0096 0.500  0.00 | PAIR-CHANNEL-DEAD
# CONVTAG t=430.00 rough=0.000000 cond=3.201904 evap=4.075177 backs=0.531545
t=  432.00 -3.46e-16 | 0.0010  0.00      0    0      0      0 | 0.0000  0.00 | 0.00e+00 0.00e+00 |   3.2070 0.8908  0.0000  3.0096 0.500  0.00 | PAIR-CHANNEL-DEAD
# CONVTAG t=432.00 rough=0.000000 cond=3.201904 evap=4.075177 backs=0.531545
t=  434.00 -1.04e-15 | 0.0010  0.00      0    0      0      0 | 0.0000  0.00 | 0.00e+00 0.00e+00 |   3.2070 0.8908  0.0000  3.0096 0.500  0.00 | PAIR-CHANNEL-DEAD
# CONVTAG t=434.00 rough=0.000000 cond=3.201904 evap=4.075177 backs=0.531545
t=  436.00 -1.38e-15 | 0.0010  0.00      0    0      0      0 | 0.0000  0.00 | 0.00e+00 0.00e+00 |   3.2070 0.8908  0.0000  3.0096 0.500  0.00 | PAIR-CHANNEL-DEAD
# CONVTAG t=436.00 rough=0.000000 cond=3.201904 evap=4.075177 backs=0.531545
t=  438.00 -2.08e-15 | 0.0010  0.00      0    0      0      0 | 0.0000  0.00 | 0.00e+00 0.00e+00 |   3.2070 0.8908  0.0000  3.0096 0.500  0.00 | PAIR-CHANNEL-DEAD
# CONVTAG t=438.00 rough=0.000000 cond=3.201904 evap=4.075177 backs=0.531545
t=  440.00 -2.60e-15 | 0.0010  0.00      0    0      0      0 | 0.0000  0.00 | 0.00e+00 0.00e+00 |   3.2070 0.8908  0.0000  3.0096 0.500  0.00 | PAIR-CHANNEL-DEAD
# CONVTAG t=440.00 rough=0.000000 cond=3.201904 evap=4.075177 backs=0.531545
t=  442.00 -3.29e-15 | 0.0010  0.00      0    0      0      0 | 0.0000  0.00 | 0.00e+00 0.00e+00 |   3.2070 0.8908  0.0000  3.0096 0.500  0.00 | PAIR-CHANNEL-DEAD
# CONVTAG t=442.00 rough=0.000000 cond=3.201904 evap=4.075177 backs=0.531545
t=  444.00 -3.81e-15 | 0.0010  0.00      0    0      0      0 | 0.0000  0.00 | 0.00e+00 0.00e+00 |   3.2070 0.8908  0.0000  3.0096 0.500  0.00 | PAIR-CHANNEL-DEAD
# CONVTAG t=444.00 rough=0.000000 cond=3.201904 evap=4.075177 backs=0.531545
t=  446.00 -4.50e-15 | 0.0010  0.00      0    0      0      0 | 0.0000  0.00 | 0.00e+00 0.00e+00 |   3.2070 0.8908  0.0000  3.0096 0.500  0.00 | PAIR-CHANNEL-DEAD
# CONVTAG t=446.00 rough=0.000000 cond=3.201904 evap=4.075177 backs=0.531545
t=  448.00 -4.85e-15 | 0.0010  0.00      0    0      0      0 | 0.0000  0.00 | 0.00e+00 0.00e+00 |   3.2070 0.8908  0.0000  3.0096 0.500  0.00 | PAIR-CHANNEL-DEAD
# CONVTAG t=448.00 rough=0.000000 cond=3.201904 evap=4.075177 backs=0.531545
t=  450.00 -5.54e-15 | 0.0010  0.00      0    0      0      0 | 0.0000  0.00 | 0.00e+00 0.00e+00 |   3.2070 0.8908  0.0000  3.0096 0.500  0.00 | PAIR-CHANNEL-DEAD
# CONVTAG t=450.00 rough=0.000000 cond=3.201904 evap=4.075177 backs=0.531545
t=  452.00 -6.06e-15 | 0.0010  0.00      0    0      0      0 | 0.0000  0.00 | 0.00e+00 0.00e+00 |   3.2070 0.8908  0.0000  3.0096 0.500  0.00 | PAIR-CHANNEL-DEAD
# CONVTAG t=452.00 rough=0.000000 cond=3.201904 evap=4.075177 backs=0.531545
t=  454.00 -6.58e-15 | 0.0010  0.00      0    0      0      0 | 0.0000  0.00 | 0.00e+00 0.00e+00 |   3.2070 0.8908  0.0000  3.0096 0.500  0.00 | PAIR-CHANNEL-DEAD
# CONVTAG t=454.00 rough=0.000000 cond=3.201904 evap=4.075177 backs=0.531545
t=  456.00 -7.27e-15 | 0.0010  0.00      0    0      0      0 | 0.0000  0.00 | 0.00e+00 0.00e+00 |   3.2070 0.8908  0.0000  3.0096 0.500  0.00 | PAIR-CHANNEL-DEAD
# CONVTAG t=456.00 rough=0.000000 cond=3.201904 evap=4.075177 backs=0.531545
t=  458.00 -7.79e-15 | 0.0010  0.00      0    0      0      0 | 0.0000  0.00 | 0.00e+00 0.00e+00 |   3.2070 0.8908  0.0000  3.0096 0.500  0.00 | PAIR-CHANNEL-DEAD
# CONVTAG t=458.00 rough=0.000000 cond=3.201904 evap=4.075177 backs=0.531545
t=  460.00 -8.31e-15 | 0.0010  0.00      0    0      0      0 | 0.0000  0.00 | 0.00e+00 0.00e+00 |   3.2070 0.8908  0.0000  3.0096 0.500  0.00 | PAIR-CHANNEL-DEAD
# CONVTAG t=460.00 rough=0.000000 cond=3.201904 evap=4.075177 backs=0.531545
t=  462.00 -9.00e-15 | 0.0010  0.00      0    0      0      0 | 0.0000  0.00 | 0.00e+00 0.00e+00 |   3.2070 0.8908  0.0000  3.0096 0.500  0.00 | PAIR-CHANNEL-DEAD
# CONVTAG t=462.00 rough=0.000000 cond=3.201904 evap=4.075177 backs=0.531545
t=  464.00 -9.52e-15 | 0.0010  0.00      0    0      0      0 | 0.0000  0.00 | 0.00e+00 0.00e+00 |   3.2070 0.8908  0.0000  3.0096 0.500  0.00 | PAIR-CHANNEL-DEAD
# CONVTAG t=464.00 rough=0.000000 cond=3.201904 evap=4.075177 backs=0.531545
t=  466.00 -1.00e-14 | 0.0010  0.00      0    0      0      0 | 0.0000  0.00 | 0.00e+00 0.00e+00 |   3.2070 0.8908  0.0000  3.0096 0.500  0.00 | PAIR-CHANNEL-DEAD
# CONVTAG t=466.00 rough=0.000000 cond=3.201904 evap=4.075177 backs=0.531545
t=  468.00 -1.07e-14 | 0.0010  0.00      0    0      0      0 | 0.0000  0.00 | 0.00e+00 0.00e+00 |   3.2070 0.8908  0.0000  3.0096 0.500  0.00 | PAIR-CHANNEL-DEAD
# CONVTAG t=468.00 rough=0.000000 cond=3.201904 evap=4.075177 backs=0.531545
t=  470.00 -1.13e-14 | 0.0010  0.00      0    0      0      0 | 0.0000  0.00 | 0.00e+00 0.00e+00 |   3.2070 0.8908  0.0000  3.0096 0.500  0.00 | PAIR-CHANNEL-DEAD
# CONVTAG t=470.00 rough=0.000000 cond=3.201904 evap=4.075177 backs=0.531545
t=  472.00 -1.18e-14 | 0.0010  0.00      0    0      0      0 | 0.0000  0.00 | 0.00e+00 0.00e+00 |   3.2070 0.8908  0.0000  3.0096 0.500  0.00 | PAIR-CHANNEL-DEAD
# CONVTAG t=472.00 rough=0.000000 cond=3.201904 evap=4.075177 backs=0.531545
t=  474.00 -1.25e-14 | 0.0010  0.00      0    0      0      0 | 0.0000  0.00 | 0.00e+00 0.00e+00 |   3.2070 0.8908  0.0000  3.0096 0.500  0.00 | PAIR-CHANNEL-DEAD
# CONVTAG t=474.00 rough=0.000000 cond=3.201904 evap=4.075177 backs=0.531545
t=  476.00 -1.30e-14 | 0.0010  0.00      0    0      0      0 | 0.0000  0.00 | 0.00e+00 0.00e+00 |   3.2070 0.8908  0.0000  3.0096 0.500  0.00 | PAIR-CHANNEL-DEAD
# CONVTAG t=476.00 rough=0.000000 cond=3.201904 evap=4.075177 backs=0.531545
# QATOM t=476.58 dir=DF w=1.63871134 e=0.299930361307 i=0 Em=1.6035
t=  478.00 -1.38e-14 | 0.0010  0.00      0    0      0      0 | 0.0000  0.00 | 0.00e+00 0.00e+00 |   2.9071 0.8075  0.3105  2.9936 0.500  0.00 | PAIR-CHANNEL-DEAD
# CONVTAG t=478.00 rough=0.000000 cond=3.201904 evap=4.375107 backs=0.570666
# QATOM t=478.50 dir=DF w=1.63871134 e=0.299930361307 i=1 Em=1.6035
t=  480.00 -1.49e-14 | 0.0010  0.00      0    0      0      0 | 0.0000  0.00 | 0.00e+00 0.00e+00 |   2.6072 0.7242  0.0000  3.0096 0.500  0.00 | PAIR-CHANNEL-DEAD
# CONVTAG t=480.00 rough=0.000000 cond=3.201904 evap=4.675037 backs=0.609787
#
# RESULT drift_rel -1.489e-14
# RESULT births 0 deaths 0 beta_returns 0 beta_energy 0.000000e+00
# RESULT conv rough=0.000000 cond=3.201904 evap=0.000000 backs=0.609787 rad=4.675037
# RESULT credit qcnvD=0.682600 qcnvF=0.073924
# RESULT convtag rough=0.000000 cond=3.201904 evap=4.675037 backs=0.609787 net=-0.863345
# RESULT geometry phi_nom=0.0010 z_live=0.00 dbar=0.0000 sigma_d=0.0000
# RESULT pair CHANNEL DEAD
