# freecell — v89 free-cell substance test (exp=pair)
# laws = laws_V2g VERBATIM (defaults): C=1 w1=1.65 w2=2.9 q_detune=1.2
# gamma_res=0.25 gamma_res_m=0.1 p_gate=8 lock_floor=0.005 k_dep=1.2 k_dep_m=2 cap=2.5
# e_s0=1 es_floor=0.05 e_cond=0 f_conv=0.25 f_evap=0.5 s_pull=0.15
# kappa_lock=1 kappa_align=0.5 s_k=0.06 s_disp=0.3 sigma_tumble=0.01
# comb_limit=6 rough_k=0.35 gamma_rough=0.5 mob_sym=1 mob_floor=0.004 field_J=1.8
# quant_A0=1.15 quant_mode=2 (A0eff=1.15)
# v91 radiance (laws_V3r candidate A): k_rad=0.05 p_rad=4 rad_clock=0
# GEOMETRY (apparatus): cfac=1.15 k_rep=1 mob_geo=1 kappa_bond=1 freeze_geo=0
# bath=1 bath_frac=1 jam_sweeps=800 jam_k=0.1 L=16 dt=0.02 T=300 seed=20260802 diag_every=100
# JAM sweeps=800 max_step=1.402e-04 (tol 1.0e-04, k_end=0.0010) — witness for the settle
# SEED pair: i=2038 j=2136 x=1.0000/1.0000 p:q=1:1 m=1 d*=2.383277 d0=7.479542 (doff +5.1107)
# SEED pair radii r=0.7013 contact=1.4079  Em/voice=2.5000
# SEED noise: amp=0.3 (e1-class churn)
# INIT NC=2700 slots=25947 live=20835 phi_nom=1.7040 z_live=15.43 dbar=1.4112 sigma_d=14.80% E0=3106.888853315
#
# t | drift_rel | phi_nom z_live NLa NLd births deaths | dbar sigma_d% | maxstep maxbond | Em_tag ret com_dev rms conn z_tag | pair: d delta gf gb | core/far
t=    0.00 +0.00e+00 | 1.7040 15.43  20835    0      0      0 | 1.4112 14.80 | 0.00e+00 0.00e+00 |   5.0000 1.0000  0.2582  3.7398 0.500 11.00 | PAIR-CHANNEL-DEAD
# CONVTAG t=0.00 rough=0.000000 cond=0.000000 evap=0.000000 backs=0.000000
t=    2.00 -1.46e-16 | 1.7041 15.79  21311    0    741    672 | 1.4190 14.89 | 2.66e-03 1.94e-07 |   4.9996 0.9999  0.2744  3.7313 0.500 12.00 | PAIR-CHANNEL-DEAD
# CONVTAG t=2.00 rough=0.000000 cond=0.000000 evap=0.000000 backs=0.000000
t=    4.00 -4.39e-16 | 1.7042 16.04  21651    0   1299   1131 | 1.4245 14.97 | 2.22e-03 3.30e-06 |   4.9989 0.9998  0.2979  3.7269 0.500 12.00 | PAIR-CHANNEL-DEAD
# CONVTAG t=4.00 rough=0.000000 cond=0.000000 evap=0.000000 backs=0.000000
# QATOM t=5.36 dir=FD w=1.65 e=0.301996504517 i=370 Em=0.0000
t=    6.00 -4.39e-16 | 1.7042 16.16  21815    1   1767   1527 | 1.4275 15.03 | 1.45e-03 2.98e-05 |   4.9968 0.9994  0.3043  3.7192 0.500 12.00 | PAIR-CHANNEL-DEAD
# CONVTAG t=6.00 rough=0.000000 cond=0.000000 evap=0.000000 backs=0.000000
t=    8.00 -5.85e-16 | 1.7042 16.27  21964    1   2135   1878 | 1.4299 15.06 | 1.64e-03 6.98e-05 |   4.9935 0.9987  0.2927  3.7083 0.500 11.50 | PAIR-CHANNEL-DEAD
# CONVTAG t=8.00 rough=0.000000 cond=0.000000 evap=0.000000 backs=0.000000
t=   10.00 -5.85e-16 | 1.7041 16.34  22063    5   2469   2175 | 1.4317 15.09 | 1.57e-03 3.27e-05 |   4.9888 0.9978  0.2785  3.6967 0.500 11.00 | PAIR-CHANNEL-DEAD
# CONVTAG t=10.00 rough=0.000000 cond=0.000000 evap=0.000000 backs=0.000000
t=   12.00 -5.85e-16 | 1.7041 16.43  22178    9   2796   2403 | 1.4335 15.11 | 1.51e-03 1.53e-04 |   4.9842 0.9968  0.2618  3.6704 0.500 11.00 | PAIR-CHANNEL-DEAD
# CONVTAG t=12.00 rough=0.000000 cond=0.000000 evap=0.000000 backs=0.000000
t=   14.00 -5.85e-16 | 1.7042 16.47  22236   10   3075   2668 | 1.4345 15.13 | 1.22e-03 1.13e-04 |   4.9812 0.9962  0.2436  3.6455 0.500 11.00 | PAIR-CHANNEL-DEAD
# CONVTAG t=14.00 rough=0.000000 cond=0.000000 evap=0.000000 backs=0.000000
t=   16.00 -5.85e-16 | 1.7039 16.53  22312   17   3334   2907 | 1.4356 15.14 | 2.09e-03 1.46e-04 |   4.9770 0.9954  0.2373  3.6258 0.500 11.50 | PAIR-CHANNEL-DEAD
# CONVTAG t=16.00 rough=0.000000 cond=0.000000 evap=0.000000 backs=0.000000
t=   18.00 -5.85e-16 | 1.7038 16.59  22399   21   3596   3162 | 1.4369 15.15 | 1.91e-03 3.02e-04 |   4.7277 0.9455  0.3234  3.6148 0.500 11.50 | PAIR-CHANNEL-DEAD
# CONVTAG t=18.00 rough=0.000000 cond=0.000000 evap=0.242224 backs=0.031594
t=   20.00 -5.85e-16 | 1.7035 16.63  22450   30   3840   3371 | 1.4376 15.15 | 1.17e-03 5.89e-04 |   4.7091 0.9418  0.3435  3.6132 0.500 11.00 | PAIR-CHANNEL-DEAD
# CONVTAG t=20.00 rough=0.000000 cond=0.000000 evap=0.242224 backs=0.031594
t=   22.00 -7.32e-16 | 1.7032 16.67  22506   30   4067   3587 | 1.4384 15.16 | 1.06e-03 1.24e-03 |   4.4139 0.8828  0.2614  3.6128 0.500 11.00 | PAIR-CHANNEL-DEAD
# CONVTAG t=22.00 rough=0.000000 cond=0.000000 evap=0.484258 backs=0.063164
t=   24.00 -5.85e-16 | 1.7027 16.69  22528   21   4278   3784 | 1.4387 15.16 | 1.01e-03 9.19e-04 |   4.3169 0.8634  0.3167  3.6102 0.500 11.00 | PAIR-CHANNEL-DEAD
# CONVTAG t=24.00 rough=0.000000 cond=0.000000 evap=0.484258 backs=0.063164
t=   26.00 -7.32e-16 | 1.7020 16.70  22549   19   4472   3973 | 1.4391 15.16 | 8.47e-04 7.62e-04 |   4.2293 0.8459  0.3387  3.6080 0.500 11.00 | PAIR-CHANNEL-DEAD
# CONVTAG t=26.00 rough=0.000000 cond=0.000000 evap=0.484258 backs=0.063164
t=   28.00 -7.32e-16 | 1.7013 16.72  22571   29   4654   4161 | 1.4394 15.17 | 1.19e-03 1.83e-03 |   4.0752 0.8150  0.3226  3.6017 0.500 11.00 | PAIR-CHANNEL-DEAD
# CONVTAG t=28.00 rough=0.000000 cond=0.000000 evap=0.484258 backs=0.063164
t=   30.00 -7.32e-16 | 1.7003 16.72  22566   23   4820   4354 | 1.4395 15.17 | 1.28e-03 7.30e-03 |   4.0183 0.8037  0.3353  3.6022 0.500 11.00 | PAIR-CHANNEL-DEAD
# CONVTAG t=30.00 rough=0.000000 cond=0.000000 evap=0.484258 backs=0.063164
t=   32.00 -7.32e-16 | 1.6991 16.73  22590   26   4998   4547 | 1.4398 15.17 | 8.73e-04 5.29e-03 |   3.9668 0.7934  0.3474  3.6023 0.500 11.00 | PAIR-CHANNEL-DEAD
# CONVTAG t=32.00 rough=0.000000 cond=0.000000 evap=0.484258 backs=0.063164
# QATOM t=33.18 dir=FD w=1.64992373 e=0.301982545315 i=2249 Em=0.0000
t=   34.00 -7.32e-16 | 1.6980 16.75  22618   25   5158   4738 | 1.4401 15.17 | 1.15e-03 1.43e-02 |   3.9357 0.7871  0.3555  3.5878 0.500 11.00 | PAIR-CHANNEL-DEAD
# CONVTAG t=34.00 rough=0.000000 cond=0.000000 evap=0.484258 backs=0.063164
t=   36.00 -7.32e-16 | 1.6968 16.74  22597   12   5326   4907 | 1.4399 15.17 | 4.49e-03 1.10e-02 |   3.9088 0.7818  0.3687  3.5802 0.500 11.50 | PAIR-CHANNEL-DEAD
# CONVTAG t=36.00 rough=0.000000 cond=0.000000 evap=0.484258 backs=0.063164
t=   38.00 -7.32e-16 | 1.6955 16.75  22606   25   5493   5067 | 1.4399 15.16 | 9.91e-03 2.14e-02 |   3.6044 0.7209  0.4934  3.5682 0.500 11.50 | PAIR-CHANNEL-DEAD
# CONVTAG t=38.00 rough=0.000000 cond=0.000000 evap=0.759770 backs=0.099100
t=   40.00 -7.32e-16 | 1.6942 16.73  22585   29   5636   5249 | 1.4397 15.15 | 4.89e-03 1.84e-02 |   3.5958 0.7192  0.5019  3.5701 0.500 11.50 | PAIR-CHANNEL-DEAD
# CONVTAG t=40.00 rough=0.000000 cond=0.000000 evap=0.759770 backs=0.099100
t=   42.00 -7.32e-16 | 1.6930 16.72  22577   17   5782   5408 | 1.4395 15.15 | 2.07e-03 8.93e-03 |   3.5917 0.7183  0.5043  3.5689 0.500 11.50 | PAIR-CHANNEL-DEAD
# CONVTAG t=42.00 rough=0.000000 cond=0.000000 evap=0.759770 backs=0.099100
# QATOM t=42.56 dir=FD w=1.64486926 e=0.301057434983 i=430 Em=0.0039
t=   44.00 -7.32e-16 | 1.6920 16.73  22583   14   5940   5559 | 1.4396 15.15 | 5.00e-03 1.28e-02 |   3.5805 0.7161  0.5156  3.5608 0.500 11.00 | PAIR-CHANNEL-DEAD
# CONVTAG t=44.00 rough=0.000000 cond=0.000000 evap=0.759770 backs=0.099100
t=   46.00 -7.32e-16 | 1.6911 16.72  22571   22   6105   5717 | 1.4394 15.15 | 1.44e-03 7.87e-03 |   3.5722 0.7144  0.5242  3.5605 0.500 11.50 | PAIR-CHANNEL-DEAD
# CONVTAG t=46.00 rough=0.000000 cond=0.000000 evap=0.759770 backs=0.099100
t=   48.00 -7.32e-16 | 1.6901 16.71  22563   23   6270   5868 | 1.4393 15.15 | 5.32e-03 1.61e-02 |   3.5672 0.7134  0.5332  3.5683 0.500 11.50 | PAIR-CHANNEL-DEAD
# CONVTAG t=48.00 rough=0.000000 cond=0.000000 evap=0.759770 backs=0.099100
t=   50.00 -7.32e-16 | 1.6895 16.72  22570   17   6411   6027 | 1.4394 15.14 | 1.83e-03 1.07e-02 |   3.5641 0.7128  0.5397  3.5774 0.500 11.50 | PAIR-CHANNEL-DEAD
# CONVTAG t=50.00 rough=0.000000 cond=0.000000 evap=0.759770 backs=0.099100
t=   52.00 -7.32e-16 | 1.6886 16.71  22557   21   6545   6177 | 1.4392 15.14 | 2.04e-03 1.09e-02 |   3.4570 0.6914  0.5095  3.5916 0.500 11.50 | PAIR-CHANNEL-DEAD
# CONVTAG t=52.00 rough=0.000000 cond=0.157121 evap=1.035923 backs=0.135120
t=   54.00 -7.32e-16 | 1.6879 16.70  22548   16   6675   6303 | 1.4391 15.14 | 1.93e-03 1.04e-02 |   3.4550 0.6910  0.5163  3.5962 0.500 11.50 | PAIR-CHANNEL-DEAD
# CONVTAG t=54.00 rough=0.000000 cond=0.157121 evap=1.035923 backs=0.135120
# QATOM t=55.46 dir=FD w=1.4897844 e=0.272672533482 i=1993 Em=0.1613
t=   56.00 -7.32e-16 | 1.6873 16.71  22553   21   6803   6452 | 1.4391 15.13 | 1.84e-03 1.17e-02 |   3.6456 0.7291  0.4751  3.6029 0.500 11.50 | PAIR-CHANNEL-DEAD
# CONVTAG t=56.00 rough=0.000000 cond=0.326468 evap=1.035923 backs=0.135120
t=   58.00 -7.32e-16 | 1.6864 16.69  22538   15   6940   6609 | 1.4388 15.12 | 3.39e-03 1.71e-02 |   3.6333 0.7267  0.4725  3.6066 0.500 12.00 | PAIR-CHANNEL-DEAD
# CONVTAG t=58.00 rough=0.000000 cond=0.326468 evap=1.035923 backs=0.135120
t=   60.00 -7.32e-16 | 1.6859 16.70  22548   14   7062   6776 | 1.4388 15.12 | 3.58e-03 1.04e-02 |   3.6187 0.7237  0.4703  3.6126 0.500 12.00 | PAIR-CHANNEL-DEAD
# CONVTAG t=60.00 rough=0.000000 cond=0.326468 evap=1.035923 backs=0.135120
t=   62.00 -7.32e-16 | 1.6853 16.70  22548   20   7196   6906 | 1.4387 15.11 | 4.21e-03 1.08e-02 |   3.6124 0.7225  0.4678  3.6225 0.500 12.00 | PAIR-CHANNEL-DEAD
# CONVTAG t=62.00 rough=0.000000 cond=0.326468 evap=1.035923 backs=0.135120
t=   64.00 -7.32e-16 | 1.6850 16.72  22578   30   7334   7034 | 1.4391 15.11 | 2.65e-03 9.65e-03 |   3.6100 0.7220  0.4653  3.6318 0.500 11.50 | PAIR-CHANNEL-DEAD
# CONVTAG t=64.00 rough=0.000000 cond=0.326468 evap=1.035923 backs=0.135120
t=   66.00 -7.32e-16 | 1.6845 16.72  22578   18   7473   7215 | 1.4390 15.11 | 5.97e-03 1.47e-02 |   3.5776 0.7155  0.4705  3.6425 0.500 12.00 | PAIR-CHANNEL-DEAD
# CONVTAG t=66.00 rough=0.000000 cond=0.326468 evap=1.035923 backs=0.135120
t=   68.00 -7.32e-16 | 1.6841 16.72  22570   18   7648   7362 | 1.4389 15.11 | 1.78e-03 7.69e-03 |   3.5640 0.7128  0.4785  3.6536 0.500 11.50 | PAIR-CHANNEL-DEAD
# CONVTAG t=68.00 rough=0.000000 cond=0.326468 evap=1.035923 backs=0.135120
t=   70.00 -7.32e-16 | 1.6838 16.72  22572   14   7770   7489 | 1.4389 15.11 | 4.32e-03 1.36e-02 |   3.5582 0.7116  0.4852  3.6624 0.500 11.50 | PAIR-CHANNEL-DEAD
# CONVTAG t=70.00 rough=0.000000 cond=0.326468 evap=1.035923 backs=0.135120
t=   72.00 -7.32e-16 | 1.6838 16.72  22568   13   7883   7611 | 1.4390 15.11 | 3.67e-03 1.06e-02 |   3.5569 0.7114  0.4923  3.6664 0.500 11.50 | PAIR-CHANNEL-DEAD
# CONVTAG t=72.00 rough=0.000000 cond=0.326468 evap=1.035923 backs=0.135120
t=   74.00 -7.32e-16 | 1.6836 16.73  22579   13   8020   7737 | 1.4392 15.12 | 3.92e-03 1.13e-02 |   3.5478 0.7096  0.4953  3.6679 0.500 11.50 | PAIR-CHANNEL-DEAD
# CONVTAG t=74.00 rough=0.000000 cond=0.326468 evap=1.035923 backs=0.135120
t=   76.00 -7.32e-16 | 1.6834 16.70  22545   14   8162   7876 | 1.4388 15.11 | 7.05e-03 1.61e-02 |   3.5328 0.7066  0.4978  3.6698 0.500 11.50 | PAIR-CHANNEL-DEAD
# CONVTAG t=76.00 rough=0.000000 cond=0.326468 evap=1.035923 backs=0.135120
t=   78.00 -7.32e-16 | 1.6832 16.69  22538   12   8294   8013 | 1.4387 15.11 | 6.57e-03 1.62e-02 |   3.5296 0.7059  0.5014  3.6696 0.500 11.50 | PAIR-CHANNEL-DEAD
# CONVTAG t=78.00 rough=0.000000 cond=0.326468 evap=1.035923 backs=0.135120
t=   80.00 -7.32e-16 | 1.6828 16.69  22537   18   8446   8157 | 1.4387 15.11 | 2.29e-03 9.16e-03 |   3.7135 0.7427  0.5548  3.6655 0.500 12.00 | PAIR-CHANNEL-DEAD
# CONVTAG t=80.00 rough=0.000000 cond=0.489130 evap=1.035923 backs=0.135120
t=   82.00 -7.32e-16 | 1.6825 16.69  22533   16   8603   8295 | 1.4386 15.11 | 5.77e-03 1.90e-02 |   3.7082 0.7416  0.5475  3.6698 0.500 12.00 | PAIR-CHANNEL-DEAD
# CONVTAG t=82.00 rough=0.000000 cond=0.489130 evap=1.035923 backs=0.135120
# QATOM t=83.12 dir=FD w=1.64288674 e=0.300694577897 i=657 Em=0.0028
t=   84.00 -7.32e-16 | 1.6824 16.70  22545   14   8716   8430 | 1.4388 15.11 | 2.11e-03 8.52e-03 |   3.3946 0.6789  0.7483  3.6369 0.500 12.00 | PAIR-CHANNEL-DEAD
# CONVTAG t=84.00 rough=0.000000 cond=0.489130 evap=1.325691 backs=0.172916
t=   86.00 -7.32e-16 | 1.6823 16.71  22557   16   8870   8572 | 1.4389 15.11 | 1.15e-02 2.79e-02 |   3.3739 0.6748  0.7424  3.6413 0.500 12.00 | PAIR-CHANNEL-DEAD
# CONVTAG t=86.00 rough=0.000000 cond=0.489130 evap=1.325691 backs=0.172916
t=   88.00 -7.32e-16 | 1.6822 16.71  22557    6   9020   8729 | 1.4389 15.11 | 5.33e-03 1.51e-02 |   3.3618 0.6724  0.7317  3.6470 0.500 12.00 | PAIR-CHANNEL-DEAD
# CONVTAG t=88.00 rough=0.000000 cond=0.489130 evap=1.325691 backs=0.172916
t=   90.00 -7.32e-16 | 1.6820 16.70  22551   24   9166   8861 | 1.4389 15.11 | 2.92e-03 1.11e-02 |   3.0862 0.6172  0.5443  3.6841 0.500 12.00 | PAIR-CHANNEL-DEAD
# CONVTAG t=90.00 rough=0.000000 cond=0.489130 evap=1.601151 backs=0.208846
t=   92.00 -7.32e-16 | 1.6819 16.71  22554   12   9315   9009 | 1.4389 15.11 | 4.23e-03 1.55e-02 |   3.0933 0.6187  0.5301  3.6923 0.500 12.50 | PAIR-CHANNEL-DEAD
# CONVTAG t=92.00 rough=0.000000 cond=0.489130 evap=1.601151 backs=0.208846
t=   94.00 -7.32e-16 | 1.6819 16.69  22531   21   9470   9166 | 1.4385 15.11 | 4.23e-03 1.19e-02 |   3.0799 0.6160  0.5170  3.6922 0.500 13.00 | PAIR-CHANNEL-DEAD
# CONVTAG t=94.00 rough=0.000000 cond=0.489130 evap=1.601151 backs=0.208846
t=   96.00 -7.32e-16 | 1.6816 16.69  22530   17   9622   9328 | 1.4385 15.11 | 2.00e-03 1.33e-02 |   3.0630 0.6126  0.5198  3.6905 0.500 13.00 | PAIR-CHANNEL-DEAD
# CONVTAG t=96.00 rough=0.000000 cond=0.489130 evap=1.601151 backs=0.208846
t=   98.00 -7.32e-16 | 1.6814 16.69  22537   23   9769   9494 | 1.4386 15.11 | 2.17e-03 1.03e-02 |   3.0703 0.6141  0.5163  3.6879 0.500 13.00 | PAIR-CHANNEL-DEAD
# CONVTAG t=98.00 rough=0.000000 cond=0.489130 evap=1.601151 backs=0.208846
t=  100.00 -7.32e-16 | 1.6812 16.71  22559   18   9909   9654 | 1.4389 15.11 | 2.59e-03 1.25e-02 |   3.0772 0.6154  0.5130  3.6857 0.500 13.00 | PAIR-CHANNEL-DEAD
# CONVTAG t=100.00 rough=0.000000 cond=0.489130 evap=1.601151 backs=0.208846
t=  102.00 -7.32e-16 | 1.6813 16.70  22543   18  10080   9821 | 1.4387 15.11 | 5.52e-03 1.39e-02 |   3.0807 0.6161  0.5081  3.6822 0.500 13.00 | PAIR-CHANNEL-DEAD
# CONVTAG t=102.00 rough=0.000000 cond=0.489130 evap=1.601151 backs=0.208846
t=  104.00 -7.32e-16 | 1.6813 16.71  22552   10  10238   9966 | 1.4389 15.11 | 7.42e-03 1.25e-02 |   3.0816 0.6163  0.5050  3.6799 0.500 13.00 | PAIR-CHANNEL-DEAD
# CONVTAG t=104.00 rough=0.000000 cond=0.489130 evap=1.601151 backs=0.208846
t=  106.00 -7.32e-16 | 1.6812 16.70  22546   15  10386  10091 | 1.4389 15.11 | 5.78e-03 1.50e-02 |   3.0814 0.6163  0.5092  3.6766 0.500 13.00 | PAIR-CHANNEL-DEAD
# CONVTAG t=106.00 rough=0.000000 cond=0.489130 evap=1.601151 backs=0.208846
t=  108.00 -7.32e-16 | 1.6811 16.70  22547   14  10516  10224 | 1.4389 15.11 | 8.25e-03 1.86e-02 |   3.0787 0.6157  0.5111  3.6737 0.500 13.00 | PAIR-CHANNEL-DEAD
# CONVTAG t=108.00 rough=0.000000 cond=0.489130 evap=1.601151 backs=0.208846
t=  110.00 -7.32e-16 | 1.6810 16.70  22551    9  10652  10375 | 1.4389 15.11 | 3.15e-03 1.31e-02 |   3.0745 0.6149  0.5120  3.6680 0.500 13.00 | PAIR-CHANNEL-DEAD
# CONVTAG t=110.00 rough=0.000000 cond=0.489130 evap=1.601151 backs=0.208846
t=  112.00 -7.32e-16 | 1.6809 16.71  22561   17  10777  10487 | 1.4390 15.11 | 4.08e-03 1.04e-02 |   3.0723 0.6145  0.5099  3.6656 0.500 13.00 | PAIR-CHANNEL-DEAD
# CONVTAG t=112.00 rough=0.000000 cond=0.489130 evap=1.601151 backs=0.208846
t=  114.00 -7.32e-16 | 1.6808 16.71  22560    7  10903  10629 | 1.4390 15.11 | 3.43e-03 1.40e-02 |   3.0702 0.6140  0.5066  3.6642 0.500 13.00 | PAIR-CHANNEL-DEAD
# CONVTAG t=114.00 rough=0.000000 cond=0.489130 evap=1.601151 backs=0.208846
t=  116.00 -7.32e-16 | 1.6809 16.68  22518   17  11054  10772 | 1.4384 15.11 | 2.71e-03 1.11e-02 |   3.2621 0.6524  0.6285  3.6454 0.500 13.00 | PAIR-CHANNEL-DEAD
# CONVTAG t=116.00 rough=0.000000 cond=0.657108 evap=1.601151 backs=0.208846
t=  118.00 -7.32e-16 | 1.6807 16.66  22496   17  11198  10920 | 1.4382 15.10 | 5.69e-03 1.77e-02 |   3.2577 0.6515  0.6297  3.6496 0.500 13.00 | PAIR-CHANNEL-DEAD
# CONVTAG t=118.00 rough=0.000000 cond=0.657108 evap=1.601151 backs=0.208846
t=  120.00 -7.32e-16 | 1.6807 16.68  22518   16  11324  11052 | 1.4385 15.10 | 4.44e-03 1.72e-02 |   3.2509 0.6502  0.6276  3.6492 0.500 13.00 | PAIR-CHANNEL-DEAD
# CONVTAG t=120.00 rough=0.000000 cond=0.657108 evap=1.601151 backs=0.208846
t=  122.00 -7.32e-16 | 1.6807 16.69  22528   15  11488  11193 | 1.4385 15.10 | 4.07e-03 1.15e-02 |   3.2436 0.6487  0.6225  3.6504 0.500 12.50 | PAIR-CHANNEL-DEAD
# CONVTAG t=122.00 rough=0.000000 cond=0.657108 evap=1.601151 backs=0.208846
t=  124.00 -5.85e-16 | 1.6807 16.68  22521   17  11620  11343 | 1.4384 15.10 | 4.95e-03 1.38e-02 |   3.2394 0.6479  0.6224  3.6495 0.500 12.50 | PAIR-CHANNEL-DEAD
# CONVTAG t=124.00 rough=0.000000 cond=0.657108 evap=1.601151 backs=0.208846
# QATOM t=125.38 dir=FD w=1.55382097 e=0.284393031505 i=2350 Em=0.1124
t=  126.00 -5.85e-16 | 1.6807 16.70  22544   16  11761  11489 | 1.4387 15.10 | 3.64e-03 1.00e-02 |   2.9555 0.5911  0.4664  3.6745 0.500 13.00 | PAIR-CHANNEL-DEAD
# CONVTAG t=126.00 rough=0.000000 cond=0.657108 evap=1.883198 backs=0.245635
t=  128.00 -5.85e-16 | 1.6809 16.69  22536   18  11918  11653 | 1.4386 15.10 | 6.29e-03 1.80e-02 |   2.9535 0.5907  0.4600  3.6754 0.500 13.00 | PAIR-CHANNEL-DEAD
# CONVTAG t=128.00 rough=0.000000 cond=0.657108 evap=1.883198 backs=0.245635
t=  130.00 -5.85e-16 | 1.6808 16.69  22527   14  12055  11793 | 1.4385 15.10 | 7.14e-03 1.80e-02 |   2.9510 0.5902  0.4577  3.6780 0.500 12.50 | PAIR-CHANNEL-DEAD
# CONVTAG t=130.00 rough=0.000000 cond=0.657108 evap=1.883198 backs=0.245635
t=  132.00 -5.85e-16 | 1.6806 16.69  22537    9  12209  11945 | 1.4385 15.10 | 4.83e-03 1.56e-02 |   2.9458 0.5892  0.4546  3.6771 0.500 12.50 | PAIR-CHANNEL-DEAD
# CONVTAG t=132.00 rough=0.000000 cond=0.657108 evap=1.883198 backs=0.245635
t=  134.00 -5.85e-16 | 1.6804 16.68  22522   14  12402  12114 | 1.4383 15.09 | 2.49e-03 1.11e-02 |   2.9449 0.5890  0.4535  3.6712 0.500 12.50 | PAIR-CHANNEL-DEAD
# CONVTAG t=134.00 rough=0.000000 cond=0.657108 evap=1.883198 backs=0.245635
t=  136.00 -5.85e-16 | 1.6805 16.69  22526   11  12572  12286 | 1.4384 15.09 | 2.28e-03 1.02e-02 |   2.9361 0.5872  0.4543  3.6686 0.500 12.50 | PAIR-CHANNEL-DEAD
# CONVTAG t=136.00 rough=0.000000 cond=0.657108 evap=1.883198 backs=0.245635
t=  138.00 -5.85e-16 | 1.6806 16.69  22527   13  12758  12464 | 1.4384 15.09 | 5.64e-03 1.83e-02 |   2.9260 0.5852  0.4564  3.6688 0.500 12.50 | PAIR-CHANNEL-DEAD
# CONVTAG t=138.00 rough=0.000000 cond=0.657108 evap=1.883198 backs=0.245635
t=  140.00 -5.85e-16 | 1.6807 16.68  22519   18  12935  12637 | 1.4383 15.09 | 3.81e-03 1.26e-02 |   2.9247 0.5849  0.4628  3.6741 0.500 13.00 | PAIR-CHANNEL-DEAD
# CONVTAG t=140.00 rough=0.000000 cond=0.657108 evap=1.883198 backs=0.245635
t=  142.00 -5.85e-16 | 1.6807 16.68  22512   19  13125  12819 | 1.4383 15.09 | 3.54e-03 1.57e-02 |   2.9248 0.5850  0.4671  3.6831 0.500 13.00 | PAIR-CHANNEL-DEAD
# CONVTAG t=142.00 rough=0.000000 cond=0.657108 evap=1.883198 backs=0.245635
t=  144.00 -5.85e-16 | 1.6807 16.67  22509   13  13292  13002 | 1.4382 15.09 | 5.78e-03 1.66e-02 |   3.1188 0.6238  0.5769  3.6738 0.500 13.00 | PAIR-CHANNEL-DEAD
# CONVTAG t=144.00 rough=0.000000 cond=0.830930 evap=1.883198 backs=0.245635
t=  146.00 -5.85e-16 | 1.6807 16.68  22519    6  13482  13163 | 1.4383 15.09 | 4.07e-03 1.82e-02 |   3.1173 0.6235  0.5761  3.6805 0.500 13.00 | PAIR-CHANNEL-DEAD
# CONVTAG t=146.00 rough=0.000000 cond=0.830930 evap=1.883198 backs=0.245635
t=  148.00 -5.85e-16 | 1.6806 16.69  22526    9  13644  13328 | 1.4384 15.09 | 3.25e-03 1.28e-02 |   3.1104 0.6221  0.5795  3.6833 0.500 13.00 | PAIR-CHANNEL-DEAD
# CONVTAG t=148.00 rough=0.000000 cond=0.830930 evap=1.883198 backs=0.245635
t=  150.00 -5.85e-16 | 1.6805 16.67  22511    9  13807  13488 | 1.4382 15.09 | 4.49e-03 1.48e-02 |   3.1074 0.6215  0.5835  3.6852 0.500 13.00 | PAIR-CHANNEL-DEAD
# CONVTAG t=150.00 rough=0.000000 cond=0.830930 evap=1.883198 backs=0.245635
t=  152.00 -5.85e-16 | 1.6806 16.67  22510   10  13970  13663 | 1.4382 15.09 | 2.89e-03 1.09e-02 |   3.0935 0.6187  0.5797  3.6920 0.500 13.00 | PAIR-CHANNEL-DEAD
# CONVTAG t=152.00 rough=0.000000 cond=0.830930 evap=1.883198 backs=0.245635
t=  154.00 -5.85e-16 | 1.6805 16.67  22511   14  14131  13816 | 1.4382 15.08 | 3.65e-03 1.24e-02 |   3.0884 0.6177  0.5804  3.6962 0.500 13.00 | PAIR-CHANNEL-DEAD
# CONVTAG t=154.00 rough=0.000000 cond=0.830930 evap=1.883198 backs=0.245635
t=  156.00 -5.85e-16 | 1.6804 16.67  22504   16  14308  13985 | 1.4381 15.08 | 8.88e-03 2.08e-02 |   3.0881 0.6176  0.5827  3.7011 0.500 13.00 | PAIR-CHANNEL-DEAD
# CONVTAG t=156.00 rough=0.000000 cond=0.830930 evap=1.883198 backs=0.245635
t=  158.00 -5.85e-16 | 1.6802 16.68  22521   13  14484  14160 | 1.4382 15.08 | 2.52e-03 8.98e-03 |   3.0872 0.6174  0.5811  3.7061 0.500 13.00 | PAIR-CHANNEL-DEAD
# CONVTAG t=158.00 rough=0.000000 cond=0.830930 evap=1.883198 backs=0.245635
t=  160.00 -5.85e-16 | 1.6803 16.69  22526    9  14636  14352 | 1.4383 15.08 | 3.13e-03 1.24e-02 |   3.0817 0.6163  0.5681  3.7131 0.500 13.00 | PAIR-CHANNEL-DEAD
# CONVTAG t=160.00 rough=0.000000 cond=0.830930 evap=1.883198 backs=0.245635
t=  162.00 -5.85e-16 | 1.6803 16.69  22525   11  14814  14504 | 1.4383 15.08 | 8.75e-03 2.05e-02 |   3.0742 0.6148  0.5696  3.7140 0.500 13.00 | PAIR-CHANNEL-DEAD
# CONVTAG t=162.00 rough=0.000000 cond=0.830930 evap=1.883198 backs=0.245635
t=  164.00 -5.85e-16 | 1.6805 16.67  22509   12  14993  14676 | 1.4380 15.07 | 8.35e-03 2.44e-02 |   3.0709 0.6142  0.5685  3.7172 0.500 13.00 | PAIR-CHANNEL-DEAD
# CONVTAG t=164.00 rough=0.000000 cond=0.830930 evap=1.883198 backs=0.245635
t=  166.00 -5.85e-16 | 1.6803 16.67  22498   17  15164  14846 | 1.4379 15.07 | 9.72e-03 2.38e-02 |   3.0630 0.6126  0.5661  3.7189 0.500 13.00 | PAIR-CHANNEL-DEAD
# CONVTAG t=166.00 rough=0.000000 cond=0.830930 evap=1.883198 backs=0.245635
# QATOM t=166.88 dir=DF w=2.34587715 e=0.429361636797 i=1275 Em=0.4892
t=  168.00 -5.85e-16 | 1.6804 16.67  22507   13  15332  15030 | 1.4380 15.07 | 6.09e-03 1.62e-02 |   3.0560 0.6112  0.5700  3.7159 0.500 13.00 | PAIR-CHANNEL-DEAD
# CONVTAG t=168.00 rough=0.000000 cond=0.830930 evap=1.883198 backs=0.245635
t=  170.00 -5.85e-16 | 1.6804 16.69  22535   15  15500  15187 | 1.4383 15.07 | 7.08e-03 1.82e-02 |   3.0557 0.6111  0.5675  3.7197 0.500 13.00 | PAIR-CHANNEL-DEAD
# CONVTAG t=170.00 rough=0.000000 cond=0.830930 evap=1.883198 backs=0.245635
t=  172.00 -5.85e-16 | 1.6805 16.68  22515   11  15673  15359 | 1.4381 15.07 | 4.40e-03 1.17e-02 |   3.0520 0.6104  0.5705  3.7161 0.500 13.00 | PAIR-CHANNEL-DEAD
# CONVTAG t=172.00 rough=0.000000 cond=0.830930 evap=1.883198 backs=0.245635
t=  174.00 -5.85e-16 | 1.6807 16.68  22515   16  15838  15546 | 1.4381 15.07 | 5.32e-03 1.68e-02 |   3.0465 0.6093  0.5756  3.7142 0.500 13.00 | PAIR-CHANNEL-DEAD
# CONVTAG t=174.00 rough=0.000000 cond=0.830930 evap=1.883198 backs=0.245635
t=  176.00 -5.85e-16 | 1.6807 16.66  22497   15  16009  15730 | 1.4378 15.07 | 6.09e-03 1.56e-02 |   3.0437 0.6087  0.5750  3.7141 0.500 13.00 | PAIR-CHANNEL-DEAD
# CONVTAG t=176.00 rough=0.000000 cond=0.830930 evap=1.883198 backs=0.245635
t=  178.00 -5.85e-16 | 1.6805 16.67  22504   11  16183  15907 | 1.4379 15.07 | 3.02e-03 1.03e-02 |   3.0435 0.6087  0.5761  3.7144 0.500 13.00 | PAIR-CHANNEL-DEAD
# CONVTAG t=178.00 rough=0.000000 cond=0.830930 evap=1.883198 backs=0.245635
t=  180.00 -5.85e-16 | 1.6805 16.68  22520   12  16345  16069 | 1.4381 15.07 | 2.88e-03 1.05e-02 |   2.7501 0.5500  0.4419  3.7396 0.500 13.00 | PAIR-CHANNEL-DEAD
# CONVTAG t=180.00 rough=0.000000 cond=0.830930 evap=2.176388 backs=0.283877
t=  182.00 -5.85e-16 | 1.6804 16.69  22527    9  16537  16264 | 1.4382 15.07 | 4.14e-03 1.25e-02 |   2.7344 0.5469  0.4422  3.7477 0.500 13.00 | PAIR-CHANNEL-DEAD
# CONVTAG t=182.00 rough=0.000000 cond=0.830930 evap=2.176388 backs=0.283877
t=  184.00 -5.85e-16 | 1.6803 16.68  22518    9  16723  16437 | 1.4382 15.07 | 7.71e-03 1.85e-02 |   2.7273 0.5455  0.4398  3.7541 0.500 12.50 | PAIR-CHANNEL-DEAD
# CONVTAG t=184.00 rough=0.000000 cond=0.830930 evap=2.176388 backs=0.283877
t=  186.00 -5.85e-16 | 1.6803 16.68  22513    8  16890  16609 | 1.4382 15.08 | 3.67e-03 1.13e-02 |   2.7272 0.5454  0.4415  3.7635 0.500 12.50 | PAIR-CHANNEL-DEAD
# CONVTAG t=186.00 rough=0.000000 cond=0.830930 evap=2.176388 backs=0.283877
t=  188.00 -5.85e-16 | 1.6803 16.69  22537   11  17063  16806 | 1.4384 15.07 | 3.25e-03 1.16e-02 |   2.7271 0.5454  0.4417  3.7717 0.500 13.00 | PAIR-CHANNEL-DEAD
# CONVTAG t=188.00 rough=0.000000 cond=0.830930 evap=2.176388 backs=0.283877
t=  190.00 -5.85e-16 | 1.6802 16.69  22536   11  17225  16974 | 1.4384 15.07 | 6.20e-03 1.53e-02 |   2.7274 0.5455  0.4383  3.7776 0.500 13.00 | PAIR-CHANNEL-DEAD
# CONVTAG t=190.00 rough=0.000000 cond=0.830930 evap=2.176388 backs=0.283877
t=  192.00 -5.85e-16 | 1.6803 16.70  22550   12  17410  17156 | 1.4385 15.07 | 8.37e-03 1.92e-02 |   2.7035 0.5407  0.4374  3.7829 0.500 13.00 | PAIR-CHANNEL-DEAD
# CONVTAG t=192.00 rough=0.000000 cond=0.830930 evap=2.176388 backs=0.283877
t=  194.00 -5.85e-16 | 1.6803 16.70  22544    8  17592  17321 | 1.4384 15.07 | 6.61e-03 1.89e-02 |   2.6939 0.5388  0.4375  3.7826 0.500 13.00 | PAIR-CHANNEL-DEAD
# CONVTAG t=194.00 rough=0.000000 cond=0.830930 evap=2.176388 backs=0.283877
t=  196.00 -5.85e-16 | 1.6804 16.69  22533    9  17763  17506 | 1.4383 15.07 | 4.03e-03 1.08e-02 |   2.6973 0.5395  0.4345  3.7813 0.500 13.00 | PAIR-CHANNEL-DEAD
# CONVTAG t=196.00 rough=0.000000 cond=0.830930 evap=2.176388 backs=0.283877
t=  198.00 -5.85e-16 | 1.6803 16.68  22514    5  17940  17691 | 1.4380 15.06 | 5.72e-03 1.53e-02 |   2.7035 0.5407  0.4316  3.7788 0.500 13.00 | PAIR-CHANNEL-DEAD
# CONVTAG t=198.00 rough=0.000000 cond=0.830930 evap=2.176388 backs=0.283877
t=  200.00 -5.85e-16 | 1.6803 16.68  22523   14  18137  17875 | 1.4381 15.06 | 1.83e-03 1.29e-02 |   2.7037 0.5407  0.4289  3.7759 0.500 13.00 | PAIR-CHANNEL-DEAD
# CONVTAG t=200.00 rough=0.000000 cond=0.830930 evap=2.176388 backs=0.283877
t=  202.00 -5.85e-16 | 1.6802 16.68  22519   14  18305  18071 | 1.4380 15.06 | 4.50e-03 1.50e-02 |   2.6804 0.5361  0.4262  3.7704 0.500 13.00 | PAIR-CHANNEL-DEAD
# CONVTAG t=202.00 rough=0.000000 cond=0.830930 evap=2.176388 backs=0.283877
t=  204.00 -5.85e-16 | 1.6803 16.68  22524    8  18496  18268 | 1.4380 15.06 | 6.39e-03 1.48e-02 |   2.6746 0.5349  0.4221  3.7641 0.500 13.00 | PAIR-CHANNEL-DEAD
# CONVTAG t=204.00 rough=0.000000 cond=0.830930 evap=2.176388 backs=0.283877
t=  206.00 -5.85e-16 | 1.6802 16.68  22513    9  18708  18468 | 1.4379 15.05 | 3.57e-03 1.13e-02 |   2.6722 0.5344  0.4180  3.7606 0.500 13.00 | PAIR-CHANNEL-DEAD
# CONVTAG t=206.00 rough=0.000000 cond=0.830930 evap=2.176388 backs=0.283877
t=  208.00 -5.85e-16 | 1.6802 16.67  22511    9  18891  18640 | 1.4378 15.05 | 1.38e-02 3.42e-02 |   2.6757 0.5351  0.4121  3.7554 0.500 13.00 | PAIR-CHANNEL-DEAD
# CONVTAG t=208.00 rough=0.000000 cond=0.830930 evap=2.176388 backs=0.283877
t=  210.00 -5.85e-16 | 1.6801 16.68  22523   13  19065  18824 | 1.4380 15.05 | 4.81e-03 1.40e-02 |   2.3475 0.4695  0.6561  3.7156 0.500 13.00 | PAIR-CHANNEL-DEAD
# CONVTAG t=210.00 rough=0.000000 cond=0.830930 evap=2.501762 backs=0.326317
t=  212.00 -5.85e-16 | 1.6801 16.66  22496    7  19255  19035 | 1.4376 15.05 | 3.00e-03 1.07e-02 |   2.3175 0.4635  0.6834  3.7141 0.500 13.00 | PAIR-CHANNEL-DEAD
# CONVTAG t=212.00 rough=0.000000 cond=0.830930 evap=2.501762 backs=0.326317
# QATOM t=213.60 dir=DF w=2.29256267 e=0.419603583331 i=297 Em=0.4893
t=  214.00 -5.85e-16 | 1.6801 16.66  22497   15  19446  19211 | 1.4377 15.05 | 5.41e-03 1.78e-02 |   2.2915 0.4583  0.7153  3.7139 0.500 13.00 | PAIR-CHANNEL-DEAD
# CONVTAG t=214.00 rough=0.000000 cond=0.830930 evap=2.501762 backs=0.326317
t=  216.00 -5.85e-16 | 1.6800 16.67  22511   11  19624  19402 | 1.4378 15.05 | 4.28e-03 1.69e-02 |   2.2898 0.4580  0.7114  3.7177 0.500 13.00 | PAIR-CHANNEL-DEAD
# CONVTAG t=216.00 rough=0.000000 cond=0.830930 evap=2.501762 backs=0.326317
t=  218.00 -5.85e-16 | 1.6799 16.67  22507   11  19817  19605 | 1.4378 15.05 | 4.19e-03 1.14e-02 |   2.2957 0.4591  0.7124  3.7187 0.500 13.00 | PAIR-CHANNEL-DEAD
# CONVTAG t=218.00 rough=0.000000 cond=0.830930 evap=2.501762 backs=0.326317
t=  220.00 -5.85e-16 | 1.6799 16.67  22502    6  20008  19794 | 1.4377 15.05 | 3.99e-03 1.26e-02 |   2.2799 0.4560  0.6895  3.7237 0.500 13.00 | PAIR-CHANNEL-DEAD
# CONVTAG t=220.00 rough=0.000000 cond=0.830930 evap=2.501762 backs=0.326317
t=  222.00 -5.85e-16 | 1.6799 16.66  22497   21  20172  19968 | 1.4376 15.05 | 5.65e-03 1.48e-02 |   2.2740 0.4548  0.6707  3.7204 0.500 13.00 | PAIR-CHANNEL-DEAD
# CONVTAG t=222.00 rough=0.000000 cond=0.830930 evap=2.501762 backs=0.326317
t=  224.00 -5.85e-16 | 1.6799 16.68  22515   12  20348  20141 | 1.4378 15.05 | 6.59e-03 1.90e-02 |   2.3062 0.4612  0.6140  3.7267 0.500 13.00 | PAIR-CHANNEL-DEAD
# CONVTAG t=224.00 rough=0.000000 cond=0.830930 evap=2.501762 backs=0.326317
t=  226.00 -5.85e-16 | 1.6797 16.68  22516    7  20531  20311 | 1.4378 15.04 | 7.81e-03 2.40e-02 |   2.3251 0.4650  0.5903  3.7398 0.500 13.00 | PAIR-CHANNEL-DEAD
# CONVTAG t=226.00 rough=0.000000 cond=0.830930 evap=2.501762 backs=0.326317
t=  228.00 -5.85e-16 | 1.6797 16.67  22509    7  20715  20504 | 1.4377 15.04 | 3.36e-03 1.27e-02 |   2.2871 0.4574  0.6602  3.7230 0.500 13.00 | PAIR-CHANNEL-DEAD
# CONVTAG t=228.00 rough=0.000000 cond=0.830930 evap=2.501762 backs=0.326317
t=  230.00 -5.85e-16 | 1.6797 16.67  22504    8  20917  20686 | 1.4377 15.04 | 8.24e-03 1.90e-02 |   2.2330 0.4466  0.7127  3.7117 0.500 13.00 | PAIR-CHANNEL-DEAD
# CONVTAG t=230.00 rough=0.000000 cond=0.830930 evap=2.501762 backs=0.326317
t=  232.00 -5.85e-16 | 1.6797 16.69  22538   11  21099  20872 | 1.4381 15.05 | 7.56e-03 1.90e-02 |   2.2218 0.4444  0.7174  3.7079 0.500 13.00 | PAIR-CHANNEL-DEAD
# CONVTAG t=232.00 rough=0.000000 cond=0.830930 evap=2.501762 backs=0.326317
t=  234.00 -5.85e-16 | 1.6798 16.68  22517    8  21285  21049 | 1.4378 15.05 | 5.06e-03 1.39e-02 |   2.2218 0.4444  0.7190  3.7041 0.500 13.00 | PAIR-CHANNEL-DEAD
# CONVTAG t=234.00 rough=0.000000 cond=0.830930 evap=2.501762 backs=0.326317
t=  236.00 -5.85e-16 | 1.6797 16.66  22491    8  21490  21267 | 1.4376 15.05 | 6.43e-03 1.50e-02 |   2.2200 0.4440  0.7288  3.6952 0.500 13.00 | PAIR-CHANNEL-DEAD
# CONVTAG t=236.00 rough=0.000000 cond=0.830930 evap=2.501762 backs=0.326317
t=  238.00 -5.85e-16 | 1.6798 16.68  22515   10  21666  21434 | 1.4378 15.05 | 6.43e-03 2.01e-02 |   2.2204 0.4441  0.7302  3.6903 0.500 13.00 | PAIR-CHANNEL-DEAD
# CONVTAG t=238.00 rough=0.000000 cond=0.830930 evap=2.501762 backs=0.326317
t=  240.00 -5.85e-16 | 1.6798 16.67  22511   10  21842  21604 | 1.4378 15.05 | 7.94e-03 2.03e-02 |   2.1970 0.4394  0.7032  3.6940 0.500 13.00 | PAIR-CHANNEL-DEAD
# CONVTAG t=240.00 rough=0.000000 cond=0.830930 evap=2.501762 backs=0.326317
t=  242.00 -5.85e-16 | 1.6797 16.68  22518   12  22049  21804 | 1.4379 15.05 | 1.02e-02 2.35e-02 |   2.1789 0.4358  0.6636  3.7001 0.500 13.00 | PAIR-CHANNEL-DEAD
# CONVTAG t=242.00 rough=0.000000 cond=0.830930 evap=2.501762 backs=0.326317
t=  244.00 -5.85e-16 | 1.6796 16.67  22510    8  22222  21991 | 1.4378 15.05 | 5.69e-03 1.54e-02 |   2.1999 0.4400  0.6063  3.7040 0.500 13.00 | PAIR-CHANNEL-DEAD
# CONVTAG t=244.00 rough=0.000000 cond=0.830930 evap=2.501762 backs=0.326317
t=  246.00 -5.85e-16 | 1.6795 16.66  22491    7  22426  22191 | 1.4377 15.06 | 1.03e-02 2.60e-02 |   2.2372 0.4474  0.5358  3.7142 0.500 13.00 | PAIR-CHANNEL-DEAD
# CONVTAG t=246.00 rough=0.000000 cond=0.830930 evap=2.501762 backs=0.326317
t=  248.00 -5.85e-16 | 1.6796 16.64  22464   10  22632  22410 | 1.4374 15.06 | 7.78e-03 2.07e-02 |   2.1990 0.4398  0.5917  3.6949 0.500 13.00 | PAIR-CHANNEL-DEAD
# CONVTAG t=248.00 rough=0.000000 cond=0.830930 evap=2.501762 backs=0.326317
t=  250.00 -5.85e-16 | 1.6797 16.65  22479   12  22825  22595 | 1.4376 15.06 | 5.53e-03 1.82e-02 |   2.1636 0.4327  0.6551  3.6696 0.500 13.00 | PAIR-CHANNEL-DEAD
# CONVTAG t=250.00 rough=0.000000 cond=0.830930 evap=2.501762 backs=0.326317
t=  252.00 -5.85e-16 | 1.6797 16.65  22473   15  23031  22804 | 1.4376 15.06 | 1.24e-02 2.88e-02 |   2.1159 0.4232  0.6695  3.6645 0.500 13.00 | PAIR-CHANNEL-DEAD
# CONVTAG t=252.00 rough=0.000000 cond=0.830930 evap=2.501762 backs=0.326317
t=  254.00 -5.85e-16 | 1.6796 16.65  22484   15  23232  22978 | 1.4377 15.06 | 7.96e-03 1.91e-02 |   2.0869 0.4174  0.6455  3.6688 0.500 13.00 | PAIR-CHANNEL-DEAD
# CONVTAG t=254.00 rough=0.000000 cond=0.830930 evap=2.501762 backs=0.326317
t=  256.00 -5.85e-16 | 1.6796 16.66  22497   11  23433  23182 | 1.4378 15.06 | 5.87e-03 1.41e-02 |   2.0850 0.4170  0.6374  3.6684 0.500 13.50 | PAIR-CHANNEL-DEAD
# CONVTAG t=256.00 rough=0.000000 cond=0.830930 evap=2.501762 backs=0.326317
t=  258.00 -5.85e-16 | 1.6796 16.67  22498    7  23645  23377 | 1.4378 15.06 | 3.71e-03 1.74e-02 |   2.0842 0.4168  0.6332  3.6682 0.500 13.50 | PAIR-CHANNEL-DEAD
# CONVTAG t=258.00 rough=0.000000 cond=0.830930 evap=2.501762 backs=0.326317
t=  260.00 -5.85e-16 | 1.6797 16.67  22507   16  23834  23553 | 1.4379 15.06 | 9.52e-03 2.40e-02 |   2.0962 0.4192  0.6416  3.6684 0.500 13.50 | PAIR-CHANNEL-DEAD
# CONVTAG t=260.00 rough=0.000000 cond=0.830930 evap=2.501762 backs=0.326317
t=  262.00 -5.85e-16 | 1.6796 16.67  22502   17  24023  23779 | 1.4379 15.06 | 6.53e-03 1.83e-02 |   2.0783 0.4157  0.6168  3.6760 0.500 13.50 | PAIR-CHANNEL-DEAD
# CONVTAG t=262.00 rough=0.000000 cond=0.830930 evap=2.501762 backs=0.326317
t=  264.00 -5.85e-16 | 1.6796 16.67  22505    8  24218  24000 | 1.4379 15.06 | 4.09e-03 1.06e-02 |   2.0664 0.4133  0.5953  3.6874 0.500 13.50 | PAIR-CHANNEL-DEAD
# CONVTAG t=264.00 rough=0.000000 cond=0.830930 evap=2.501762 backs=0.326317
t=  266.00 -5.85e-16 | 1.6796 16.68  22516   10  24426  24217 | 1.4380 15.06 | 4.08e-03 1.35e-02 |   2.0929 0.4186  0.5416  3.7080 0.500 13.50 | PAIR-CHANNEL-DEAD
# CONVTAG t=266.00 rough=0.000000 cond=0.830930 evap=2.501762 backs=0.326317
t=  268.00 -5.85e-16 | 1.6795 16.67  22510    8  24623  24412 | 1.4379 15.06 | 6.53e-03 1.69e-02 |   2.1552 0.4310  0.4589  3.7321 0.500 13.50 | PAIR-CHANNEL-DEAD
# CONVTAG t=268.00 rough=0.000000 cond=0.830930 evap=2.501762 backs=0.326317
t=  270.00 -5.85e-16 | 1.6796 16.67  22510   10  24836  24619 | 1.4379 15.06 | 5.34e-03 1.36e-02 |   2.2106 0.4421  0.3936  3.7524 0.500 13.00 | PAIR-CHANNEL-DEAD
# CONVTAG t=270.00 rough=0.000000 cond=0.830930 evap=2.501762 backs=0.326317
t=  272.00 -5.85e-16 | 1.6795 16.68  22516    8  25061  24842 | 1.4380 15.06 | 5.13e-03 2.07e-02 |   2.1787 0.4357  0.4614  3.7358 0.500 13.50 | PAIR-CHANNEL-DEAD
# CONVTAG t=272.00 rough=0.000000 cond=0.830930 evap=2.501762 backs=0.326317
t=  274.00 -5.85e-16 | 1.6796 16.67  22508    8  25264  25063 | 1.4379 15.05 | 1.10e-02 2.64e-02 |   2.1081 0.4216  0.5275  3.7197 0.500 13.50 | PAIR-CHANNEL-DEAD
# CONVTAG t=274.00 rough=0.000000 cond=0.830930 evap=2.501762 backs=0.326317
t=  276.00 -5.85e-16 | 1.6796 16.68  22522   12  25434  25224 | 1.4380 15.05 | 4.93e-03 1.44e-02 |   2.0874 0.4175  0.5293  3.7202 0.500 13.50 | PAIR-CHANNEL-DEAD
# CONVTAG t=276.00 rough=0.000000 cond=0.830930 evap=2.501762 backs=0.326317
t=  278.00 -5.85e-16 | 1.6796 16.69  22526    3  25623  25416 | 1.4380 15.05 | 8.55e-03 1.97e-02 |   2.0836 0.4167  0.5259  3.7174 0.500 13.50 | PAIR-CHANNEL-DEAD
# CONVTAG t=278.00 rough=0.000000 cond=0.830930 evap=2.501762 backs=0.326317
# QATOM t=279.06 dir=FD w=1.63023403 e=0.29837877577 i=2383 Em=0.0041
t=  280.00 -5.85e-16 | 1.6796 16.70  22540   11  25811  25588 | 1.4382 15.05 | 4.73e-03 1.27e-02 |   2.0841 0.4168  0.5214  3.7161 0.500 13.50 | PAIR-CHANNEL-DEAD
# CONVTAG t=280.00 rough=0.000000 cond=0.830930 evap=2.501762 backs=0.326317
t=  282.00 -5.85e-16 | 1.6796 16.70  22541    7  25977  25766 | 1.4382 15.05 | 4.06e-03 1.15e-02 |   2.0843 0.4169  0.5186  3.7181 0.500 13.50 | PAIR-CHANNEL-DEAD
# CONVTAG t=282.00 rough=0.000000 cond=0.830930 evap=2.501762 backs=0.326317
t=  284.00 -5.85e-16 | 1.6795 16.69  22527    7  26157  25945 | 1.4380 15.05 | 6.10e-03 1.44e-02 |   2.0927 0.4185  0.5282  3.7143 0.500 13.50 | PAIR-CHANNEL-DEAD
# CONVTAG t=284.00 rough=0.000000 cond=0.830930 evap=2.501762 backs=0.326317
t=  286.00 -5.85e-16 | 1.6796 16.70  22539    9  26356  26116 | 1.4382 15.05 | 3.46e-03 1.38e-02 |   2.0939 0.4188  0.4777  3.7240 0.500 13.50 | PAIR-CHANNEL-DEAD
# CONVTAG t=286.00 rough=0.000000 cond=0.830930 evap=2.501762 backs=0.326317
t=  288.00 -5.85e-16 | 1.6795 16.70  22541    5  26561  26335 | 1.4382 15.05 | 6.90e-03 2.02e-02 |   2.1472 0.4294  0.3753  3.7452 0.500 13.50 | PAIR-CHANNEL-DEAD
# CONVTAG t=288.00 rough=0.000000 cond=0.830930 evap=2.501762 backs=0.326317
t=  290.00 -5.85e-16 | 1.6795 16.69  22525    2  26749  26537 | 1.4380 15.05 | 5.70e-03 1.64e-02 |   2.1364 0.4273  0.3865  3.7456 0.500 13.50 | PAIR-CHANNEL-DEAD
# CONVTAG t=290.00 rough=0.000000 cond=0.830930 evap=2.501762 backs=0.326317
t=  292.00 -5.85e-16 | 1.6794 16.69  22536   10  26959  26731 | 1.4381 15.05 | 7.87e-03 2.17e-02 |   2.0918 0.4184  0.4387  3.7384 0.500 13.50 | PAIR-CHANNEL-DEAD
# CONVTAG t=292.00 rough=0.000000 cond=0.830930 evap=2.501762 backs=0.326317
t=  294.00 -5.85e-16 | 1.6794 16.68  22512   15  27164  26923 | 1.4378 15.05 | 9.70e-03 2.25e-02 |   2.3138 0.4628  0.7154  3.6837 0.500 13.50 | PAIR-CHANNEL-DEAD
# CONVTAG t=294.00 rough=0.000000 cond=1.024439 evap=2.501762 backs=0.326317
t=  296.00 -5.85e-16 | 1.6794 16.69  22534   10  27364  27137 | 1.4381 15.05 | 4.65e-03 1.20e-02 |   2.3233 0.4647  0.7325  3.6784 0.500 13.50 | PAIR-CHANNEL-DEAD
# CONVTAG t=296.00 rough=0.000000 cond=1.024439 evap=2.501762 backs=0.326317
t=  298.00 -5.85e-16 | 1.6793 16.69  22526    8  27566  27371 | 1.4380 15.05 | 4.68e-03 1.36e-02 |   2.3156 0.4631  0.7278  3.6844 0.500 13.50 | PAIR-CHANNEL-DEAD
# CONVTAG t=298.00 rough=0.000000 cond=1.024439 evap=2.501762 backs=0.326317
t=  300.00 -5.85e-16 | 1.6794 16.68  22519    7  27779  27571 | 1.4380 15.05 | 1.01e-02 2.59e-02 |   2.3133 0.4627  0.7146  3.6844 0.500 13.50 | PAIR-CHANNEL-DEAD
# CONVTAG t=300.00 rough=0.000000 cond=1.024439 evap=2.501762 backs=0.326317
#
# RESULT drift_rel -5.855e-16
# RESULT births 27779 deaths 27571 beta_returns 1 beta_energy 1.143376e-17
# RESULT conv rough=0.000000 cond=388.432018 evap=0.000000 backs=18.649299 rad=142.977957
# RESULT credit qcnvD=1502.179539 qcnvF=1283.466780
# RESULT convtag rough=0.000000 cond=1.024439 evap=2.501762 backs=0.326317 net=-1.151007
# RESULT geometry phi_nom=1.6794 z_live=16.68 dbar=1.4380 sigma_d=0.1505
# RESULT pair CHANNEL DEAD
