# freecell — v89 free-cell substance test (exp=pair)
# laws = laws_V2g VERBATIM (defaults): C=1 w1=1.65 w2=2.9 q_detune=1.2
# gamma_res=0.25 gamma_res_m=0.1 p_gate=8 lock_floor=0.005 k_dep=1.2 k_dep_m=2 cap=2.5
# e_s0=1 es_floor=0.05 e_cond=0 f_conv=0.25 f_evap=0.5 s_pull=0.15
# kappa_lock=1 kappa_align=0.5 s_k=0.06 s_disp=0.3 sigma_tumble=0.01
# comb_limit=6 rough_k=0.35 gamma_rough=0.5 mob_sym=1 mob_floor=0.004 field_J=1.8
# quant_A0=1.15 quant_mode=2 (A0eff=1.15)
# v91 radiance (laws_V3r candidate A): k_rad=0.05 p_rad=4 rad_clock=0
# GEOMETRY (apparatus): cfac=1.15 k_rep=1 mob_geo=1 kappa_bond=1 freeze_geo=0
# bath=1 bath_frac=1 jam_sweeps=800 jam_k=0.1 L=16 dt=0.02 T=300 seed=20260802 diag_every=100
# JAM sweeps=800 max_step=1.402e-04 (tol 1.0e-04, k_end=0.0010) — witness for the settle
# SEED pair: i=2038 j=2136 x=1.0000/1.0000 p:q=1:1 m=1 d*=2.383277 d0=7.479542 (doff +5.1107)
# SEED pair radii r=0.7013 contact=1.4079  Em/voice=2.5000
# SEED noise: amp=0.1 (e1-class churn)
# INIT NC=2700 slots=25947 live=20835 phi_nom=1.7040 z_live=15.43 dbar=1.4112 sigma_d=14.80% E0=2838.528168496
#
# t | drift_rel | phi_nom z_live NLa NLd births deaths | dbar sigma_d% | maxstep maxbond | Em_tag ret com_dev rms conn z_tag | pair: d delta gf gb | core/far
t=    0.00 +0.00e+00 | 1.7040 15.43  20835    0      0      0 | 1.4112 14.80 | 0.00e+00 0.00e+00 |   5.0000 1.0000  0.2582  3.7398 0.500 11.00 | PAIR-CHANNEL-DEAD
# CONVTAG t=0.00 rough=0.000000 cond=0.000000 evap=0.000000 backs=0.000000
t=    2.00 +0.00e+00 | 1.7041 15.79  21318    0    737    657 | 1.4191 14.89 | 2.65e-03 2.04e-07 |   4.9996 0.9999  0.2717  3.7301 0.500 12.00 | PAIR-CHANNEL-DEAD
# CONVTAG t=2.00 rough=0.000000 cond=0.000000 evap=0.000000 backs=0.000000
t=    4.00 +0.00e+00 | 1.7041 16.06  21675    0   1258   1109 | 1.4248 14.97 | 2.15e-03 2.58e-06 |   4.9989 0.9998  0.2948  3.7230 0.500 12.00 | PAIR-CHANNEL-DEAD
# CONVTAG t=4.00 rough=0.000000 cond=0.000000 evap=0.000000 backs=0.000000
t=    6.00 -1.60e-16 | 1.7042 16.18  21840    1   1699   1481 | 1.4277 15.02 | 1.44e-03 1.44e-05 |   4.9971 0.9994  0.2984  3.7115 0.500 12.00 | PAIR-CHANNEL-DEAD
# CONVTAG t=6.00 rough=0.000000 cond=0.000000 evap=0.000000 backs=0.000000
t=    8.00 -1.60e-16 | 1.7041 16.26  21949    1   2048   1777 | 1.4297 15.05 | 1.66e-03 1.83e-05 |   4.9937 0.9987  0.2859  3.6948 0.500 12.00 | PAIR-CHANNEL-DEAD
# CONVTAG t=8.00 rough=0.000000 cond=0.000000 evap=0.000000 backs=0.000000
t=   10.00 -1.60e-16 | 1.7041 16.35  22068    4   2340   2044 | 1.4317 15.08 | 1.84e-03 2.25e-05 |   4.9884 0.9977  0.2685  3.6752 0.500 11.00 | PAIR-CHANNEL-DEAD
# CONVTAG t=10.00 rough=0.000000 cond=0.000000 evap=0.000000 backs=0.000000
t=   12.00 -1.60e-16 | 1.7042 16.43  22183    3   2623   2245 | 1.4335 15.10 | 1.21e-03 2.25e-05 |   4.9831 0.9966  0.2580  3.6520 0.500 11.00 | PAIR-CHANNEL-DEAD
# CONVTAG t=12.00 rough=0.000000 cond=0.000000 evap=0.000000 backs=0.000000
t=   14.00 -1.60e-16 | 1.7042 16.51  22295   17   2889   2477 | 1.4351 15.12 | 1.60e-03 9.69e-05 |   4.9799 0.9960  0.2449  3.6326 0.500 11.00 | PAIR-CHANNEL-DEAD
# CONVTAG t=14.00 rough=0.000000 cond=0.000000 evap=0.000000 backs=0.000000
t=   16.00 -1.60e-16 | 1.7042 16.58  22378   10   3120   2685 | 1.4364 15.13 | 1.69e-03 4.84e-05 |   4.9769 0.9954  0.2277  3.6210 0.500 11.50 | PAIR-CHANNEL-DEAD
# CONVTAG t=16.00 rough=0.000000 cond=0.000000 evap=0.000000 backs=0.000000
# QATOM t=17.48 dir=DF w=1.32294402 e=0.242136042994 i=2136 Em=2.4833
t=   18.00 -1.60e-16 | 1.7042 16.63  22453   18   3324   2897 | 1.4373 15.13 | 1.46e-03 7.22e-05 |   4.7288 0.9458  0.3128  3.6150 0.500 12.00 | PAIR-CHANNEL-DEAD
# CONVTAG t=18.00 rough=0.000000 cond=0.000000 evap=0.242136 backs=0.031583
t=   20.00 -1.60e-16 | 1.7041 16.69  22531   23   3502   3063 | 1.4384 15.13 | 1.60e-03 3.39e-04 |   4.7132 0.9426  0.3200  3.6134 0.500 12.00 | PAIR-CHANNEL-DEAD
# CONVTAG t=20.00 rough=0.000000 cond=0.000000 evap=0.242136 backs=0.031583
t=   22.00 -1.60e-16 | 1.7042 16.71  22554   28   3689   3218 | 1.4388 15.13 | 1.24e-03 7.21e-04 |   4.4373 0.8875  0.2185  3.6162 0.500 12.00 | PAIR-CHANNEL-DEAD
# CONVTAG t=22.00 rough=0.000000 cond=0.000000 evap=0.484185 backs=0.063155
t=   24.00 -1.60e-16 | 1.7042 16.72  22578   26   3828   3375 | 1.4391 15.14 | 1.14e-03 6.88e-04 |   4.3575 0.8715  0.2495  3.6132 0.500 12.00 | PAIR-CHANNEL-DEAD
# CONVTAG t=24.00 rough=0.000000 cond=0.000000 evap=0.484185 backs=0.063155
t=   26.00 -1.60e-16 | 1.7042 16.76  22627   28   3982   3531 | 1.4398 15.14 | 8.07e-04 6.58e-04 |   4.2973 0.8595  0.2750  3.6146 0.500 12.00 | PAIR-CHANNEL-DEAD
# CONVTAG t=26.00 rough=0.000000 cond=0.000000 evap=0.484185 backs=0.063155
t=   28.00 -1.60e-16 | 1.7042 16.78  22647   16   4100   3654 | 1.4402 15.15 | 1.03e-03 5.37e-04 |   4.2550 0.8510  0.2850  3.6174 0.500 11.00 | PAIR-CHANNEL-DEAD
# CONVTAG t=28.00 rough=0.000000 cond=0.000000 evap=0.484185 backs=0.063155
t=   30.00 -1.60e-16 | 1.7042 16.79  22672   17   4204   3764 | 1.4405 15.15 | 9.15e-04 6.83e-04 |   4.2125 0.8425  0.2802  3.6205 0.500 11.00 | PAIR-CHANNEL-DEAD
# CONVTAG t=30.00 rough=0.000000 cond=0.000000 evap=0.484185 backs=0.063155
t=   32.00 -1.60e-16 | 1.7041 16.83  22714   16   4314   3871 | 1.4411 15.15 | 7.05e-04 9.59e-04 |   4.1364 0.8273  0.2645  3.6287 0.500 11.50 | PAIR-CHANNEL-DEAD
# CONVTAG t=32.00 rough=0.000000 cond=0.000000 evap=0.484185 backs=0.063155
t=   34.00 -1.60e-16 | 1.7041 16.84  22733   20   4428   3981 | 1.4414 15.15 | 7.18e-04 1.22e-03 |   4.0872 0.8174  0.2544  3.6331 0.500 11.00 | PAIR-CHANNEL-DEAD
# CONVTAG t=34.00 rough=0.000000 cond=0.000000 evap=0.484185 backs=0.063155
t=   36.00 -1.60e-16 | 1.7042 16.86  22757   17   4542   4089 | 1.4418 15.16 | 7.90e-04 2.21e-03 |   4.0485 0.8097  0.2487  3.6357 0.500 11.50 | PAIR-CHANNEL-DEAD
# CONVTAG t=36.00 rough=0.000000 cond=0.000000 evap=0.484185 backs=0.063155
t=   38.00 -1.60e-16 | 1.7042 16.87  22777   19   4648   4189 | 1.4421 15.17 | 9.28e-04 2.52e-03 |   4.0214 0.8043  0.2438  3.6373 0.500 11.50 | PAIR-CHANNEL-DEAD
# CONVTAG t=38.00 rough=0.000000 cond=0.000000 evap=0.484185 backs=0.063155
t=   40.00 -1.60e-16 | 1.7042 16.89  22796   13   4765   4278 | 1.4423 15.17 | 7.77e-04 2.56e-03 |   3.9990 0.7998  0.2435  3.6399 0.500 11.50 | PAIR-CHANNEL-DEAD
# CONVTAG t=40.00 rough=0.000000 cond=0.000000 evap=0.484185 backs=0.063155
t=   42.00 -1.60e-16 | 1.7042 16.90  22820   16   4866   4359 | 1.4426 15.17 | 8.16e-04 2.55e-03 |   3.7139 0.7428  0.2369  3.6385 0.500 12.50 | PAIR-CHANNEL-DEAD
# CONVTAG t=42.00 rough=0.000000 cond=0.000000 evap=0.753080 backs=0.098228
t=   44.00 -1.60e-16 | 1.7042 16.91  22835   15   4947   4443 | 1.4429 15.17 | 1.50e-03 2.22e-03 |   3.7052 0.7410  0.2337  3.6393 0.500 12.50 | PAIR-CHANNEL-DEAD
# CONVTAG t=44.00 rough=0.000000 cond=0.000000 evap=0.753080 backs=0.098228
t=   46.00 -1.60e-16 | 1.7042 16.93  22853   10   5026   4543 | 1.4431 15.17 | 7.24e-04 1.77e-03 |   3.6964 0.7393  0.2296  3.6390 0.500 12.50 | PAIR-CHANNEL-DEAD
# CONVTAG t=46.00 rough=0.000000 cond=0.000000 evap=0.753080 backs=0.098228
t=   48.00 -1.60e-16 | 1.7042 16.93  22854   14   5125   4622 | 1.4432 15.18 | 1.44e-03 1.45e-03 |   3.4158 0.6832  0.2687  3.6424 0.500 12.50 | PAIR-CHANNEL-DEAD
# CONVTAG t=48.00 rough=0.000000 cond=0.000000 evap=1.028304 backs=0.134127
t=   50.00 -1.60e-16 | 1.7042 16.93  22850   11   5208   4710 | 1.4432 15.18 | 1.60e-03 1.03e-03 |   3.4134 0.6827  0.2703  3.6453 0.500 13.00 | PAIR-CHANNEL-DEAD
# CONVTAG t=50.00 rough=0.000000 cond=0.000000 evap=1.028304 backs=0.134127
t=   52.00 -1.60e-16 | 1.7042 16.93  22854   20   5287   4781 | 1.4433 15.18 | 7.86e-04 7.19e-04 |   3.4091 0.6818  0.2701  3.6476 0.500 12.50 | PAIR-CHANNEL-DEAD
# CONVTAG t=52.00 rough=0.000000 cond=0.000000 evap=1.028304 backs=0.134127
t=   54.00 -1.60e-16 | 1.7042 16.94  22874   13   5376   4867 | 1.4436 15.18 | 4.69e-04 6.66e-04 |   3.4034 0.6807  0.2709  3.6474 0.500 13.00 | PAIR-CHANNEL-DEAD
# CONVTAG t=54.00 rough=0.000000 cond=0.000000 evap=1.028304 backs=0.134127
t=   56.00 -1.60e-16 | 1.7042 16.96  22890    7   5466   4938 | 1.4438 15.18 | 4.22e-04 5.78e-04 |   3.3990 0.6798  0.2724  3.6492 0.500 13.00 | PAIR-CHANNEL-DEAD
# CONVTAG t=56.00 rough=0.000000 cond=0.000000 evap=1.028304 backs=0.134127
t=   58.00 -1.60e-16 | 1.7042 16.96  22894   16   5536   5008 | 1.4439 15.19 | 5.58e-04 4.97e-04 |   3.3959 0.6792  0.2729  3.6539 0.500 13.00 | PAIR-CHANNEL-DEAD
# CONVTAG t=58.00 rough=0.000000 cond=0.000000 evap=1.028304 backs=0.134127
t=   60.00 -1.60e-16 | 1.7042 16.95  22885   12   5618   5082 | 1.4438 15.19 | 6.07e-04 5.63e-04 |   3.5823 0.7165  0.4103  3.6465 0.500 13.00 | PAIR-CHANNEL-DEAD
# CONVTAG t=60.00 rough=0.000000 cond=0.164459 evap=1.028304 backs=0.134127
t=   62.00 -1.60e-16 | 1.7042 16.95  22882    9   5701   5160 | 1.4438 15.19 | 5.15e-04 5.77e-04 |   3.5750 0.7150  0.4079  3.6476 0.500 13.00 | PAIR-CHANNEL-DEAD
# CONVTAG t=62.00 rough=0.000000 cond=0.164459 evap=1.028304 backs=0.134127
t=   64.00 -1.60e-16 | 1.7042 16.96  22894   11   5782   5224 | 1.4439 15.19 | 5.51e-04 5.15e-04 |   3.5660 0.7132  0.4045  3.6486 0.500 12.50 | PAIR-CHANNEL-DEAD
# CONVTAG t=64.00 rough=0.000000 cond=0.164459 evap=1.028304 backs=0.134127
t=   66.00 -1.60e-16 | 1.7042 16.96  22891   14   5854   5310 | 1.4439 15.19 | 8.26e-04 6.47e-04 |   3.7522 0.7504  0.2612  3.6608 0.500 12.50 | PAIR-CHANNEL-DEAD
# CONVTAG t=66.00 rough=0.000000 cond=0.333050 evap=1.028304 backs=0.134127
t=   68.00 -1.60e-16 | 1.7041 16.94  22863    7   5935   5395 | 1.4436 15.19 | 1.09e-03 5.94e-04 |   3.7441 0.7488  0.2596  3.6630 0.500 12.50 | PAIR-CHANNEL-DEAD
# CONVTAG t=68.00 rough=0.000000 cond=0.333050 evap=1.028304 backs=0.134127
t=   70.00 -1.60e-16 | 1.7041 16.95  22884   11   6011   5465 | 1.4439 15.19 | 8.21e-04 4.44e-04 |   3.7365 0.7473  0.2593  3.6641 0.500 12.50 | PAIR-CHANNEL-DEAD
# CONVTAG t=70.00 rough=0.000000 cond=0.333050 evap=1.028304 backs=0.134127
t=   72.00 -1.60e-16 | 1.7041 16.96  22898   17   6106   5544 | 1.4441 15.19 | 6.66e-04 3.56e-04 |   3.7289 0.7458  0.2610  3.6675 0.500 12.50 | PAIR-CHANNEL-DEAD
# CONVTAG t=72.00 rough=0.000000 cond=0.333050 evap=1.028304 backs=0.134127
t=   74.00 -1.60e-16 | 1.7041 16.97  22903   22   6180   5634 | 1.4441 15.19 | 7.31e-04 3.52e-04 |   3.7206 0.7441  0.2647  3.6714 0.500 12.00 | PAIR-CHANNEL-DEAD
# CONVTAG t=74.00 rough=0.000000 cond=0.333050 evap=1.028304 backs=0.134127
t=   76.00 -1.60e-16 | 1.7041 16.97  22915    6   6285   5726 | 1.4443 15.19 | 8.32e-04 3.95e-04 |   3.7111 0.7422  0.2733  3.6731 0.500 12.00 | PAIR-CHANNEL-DEAD
# CONVTAG t=76.00 rough=0.000000 cond=0.333050 evap=1.028304 backs=0.134127
t=   78.00 -1.60e-16 | 1.7041 16.98  22921   22   6369   5806 | 1.4444 15.19 | 6.99e-04 5.23e-04 |   3.6994 0.7399  0.2838  3.6775 0.500 12.00 | PAIR-CHANNEL-DEAD
# CONVTAG t=78.00 rough=0.000000 cond=0.333050 evap=1.028304 backs=0.134127
t=   80.00 -1.60e-16 | 1.7041 16.99  22939   10   6457   5898 | 1.4446 15.19 | 5.26e-04 3.90e-04 |   3.5931 0.7186  0.2646  3.6825 0.500 12.00 | PAIR-CHANNEL-DEAD
# CONVTAG t=80.00 rough=0.000000 cond=0.491994 evap=1.307658 backs=0.170564
t=   82.00 -1.60e-16 | 1.7041 17.00  22944   19   6546   5963 | 1.4447 15.19 | 6.85e-04 5.31e-04 |   3.5845 0.7169  0.2687  3.6835 0.500 12.00 | PAIR-CHANNEL-DEAD
# CONVTAG t=82.00 rough=0.000000 cond=0.491994 evap=1.307658 backs=0.170564
t=   84.00 -1.60e-16 | 1.7041 17.00  22950   18   6633   6064 | 1.4448 15.19 | 6.34e-04 5.09e-04 |   3.5781 0.7156  0.2732  3.6844 0.500 12.00 | PAIR-CHANNEL-DEAD
# CONVTAG t=84.00 rough=0.000000 cond=0.491994 evap=1.307658 backs=0.170564
t=   86.00 -1.60e-16 | 1.7041 17.01  22962   13   6721   6141 | 1.4450 15.20 | 4.87e-04 5.21e-04 |   3.4756 0.6951  0.3087  3.6880 0.500 12.00 | PAIR-CHANNEL-DEAD
# CONVTAG t=86.00 rough=0.000000 cond=0.653887 evap=1.592199 backs=0.207678
t=   88.00 -1.60e-16 | 1.7041 17.01  22966   11   6793   6204 | 1.4451 15.20 | 5.22e-04 4.37e-04 |   3.4714 0.6943  0.3117  3.6924 0.500 12.00 | PAIR-CHANNEL-DEAD
# CONVTAG t=88.00 rough=0.000000 cond=0.653887 evap=1.592199 backs=0.207678
t=   90.00 -1.60e-16 | 1.7040 17.02  22971   10   6868   6282 | 1.4452 15.20 | 5.97e-04 7.82e-04 |   3.4668 0.6934  0.3122  3.6974 0.500 12.00 | PAIR-CHANNEL-DEAD
# CONVTAG t=90.00 rough=0.000000 cond=0.653887 evap=1.592199 backs=0.207678
t=   92.00 -1.60e-16 | 1.7040 17.03  22995   12   6945   6368 | 1.4455 15.20 | 5.97e-04 7.53e-04 |   3.4616 0.6923  0.3128  3.7011 0.500 12.00 | PAIR-CHANNEL-DEAD
# CONVTAG t=92.00 rough=0.000000 cond=0.653887 evap=1.592199 backs=0.207678
t=   94.00 -1.60e-16 | 1.7039 17.03  22990   11   7009   6441 | 1.4455 15.21 | 5.37e-04 6.07e-04 |   3.4589 0.6918  0.3152  3.7055 0.500 12.00 | PAIR-CHANNEL-DEAD
# CONVTAG t=94.00 rough=0.000000 cond=0.653887 evap=1.592199 backs=0.207678
t=   96.00 -1.60e-16 | 1.7038 17.02  22982   12   7077   6516 | 1.4454 15.20 | 7.88e-04 4.91e-04 |   3.4565 0.6913  0.3150  3.7071 0.500 12.50 | PAIR-CHANNEL-DEAD
# CONVTAG t=96.00 rough=0.000000 cond=0.653887 evap=1.592199 backs=0.207678
t=   98.00 -1.60e-16 | 1.7038 17.03  22996   11   7143   6577 | 1.4456 15.20 | 6.39e-04 8.00e-04 |   3.4535 0.6907  0.3155  3.7060 0.500 12.50 | PAIR-CHANNEL-DEAD
# CONVTAG t=98.00 rough=0.000000 cond=0.653887 evap=1.592199 backs=0.207678
t=  100.00 -1.60e-16 | 1.7038 17.04  23004   13   7228   6644 | 1.4456 15.20 | 5.92e-04 7.46e-04 |   3.4506 0.6901  0.3157  3.7073 0.500 12.50 | PAIR-CHANNEL-DEAD
# CONVTAG t=100.00 rough=0.000000 cond=0.653887 evap=1.592199 backs=0.207678
t=  102.00 -1.60e-16 | 1.7038 17.06  23035    6   7296   6708 | 1.4460 15.20 | 5.71e-04 8.31e-04 |   3.4471 0.6894  0.3163  3.7087 0.500 12.50 | PAIR-CHANNEL-DEAD
# CONVTAG t=102.00 rough=0.000000 cond=0.653887 evap=1.592199 backs=0.207678
t=  104.00 -1.60e-16 | 1.7038 17.05  23019   14   7361   6780 | 1.4459 15.21 | 6.67e-04 7.00e-04 |   3.4448 0.6890  0.3142  3.7109 0.500 12.50 | PAIR-CHANNEL-DEAD
# CONVTAG t=104.00 rough=0.000000 cond=0.653887 evap=1.592199 backs=0.207678
t=  106.00 -1.60e-16 | 1.7037 17.05  23018    4   7416   6846 | 1.4459 15.20 | 6.91e-04 6.22e-04 |   3.4422 0.6884  0.3126  3.7109 0.500 12.50 | PAIR-CHANNEL-DEAD
# CONVTAG t=106.00 rough=0.000000 cond=0.653887 evap=1.592199 backs=0.207678
t=  108.00 -1.60e-16 | 1.7037 17.05  23014   10   7492   6892 | 1.4459 15.20 | 5.43e-04 7.23e-04 |   3.4399 0.6880  0.3108  3.7103 0.500 12.50 | PAIR-CHANNEL-DEAD
# CONVTAG t=108.00 rough=0.000000 cond=0.653887 evap=1.592199 backs=0.207678
t=  110.00 -1.60e-16 | 1.7037 17.05  23022    8   7534   6962 | 1.4460 15.21 | 5.79e-04 9.98e-04 |   3.4370 0.6874  0.3115  3.7083 0.500 12.50 | PAIR-CHANNEL-DEAD
# CONVTAG t=110.00 rough=0.000000 cond=0.653887 evap=1.592199 backs=0.207678
t=  112.00 -1.60e-16 | 1.7036 17.07  23041    5   7599   7003 | 1.4462 15.21 | 4.13e-04 6.92e-04 |   3.4311 0.6862  0.3128  3.7061 0.500 12.50 | PAIR-CHANNEL-DEAD
# CONVTAG t=112.00 rough=0.000000 cond=0.653887 evap=1.592199 backs=0.207678
t=  114.00 -1.60e-16 | 1.7036 17.06  23030    7   7649   7047 | 1.4461 15.21 | 6.32e-04 1.18e-03 |   3.4265 0.6853  0.3126  3.7040 0.500 12.50 | PAIR-CHANNEL-DEAD
# CONVTAG t=114.00 rough=0.000000 cond=0.653887 evap=1.592199 backs=0.207678
t=  116.00 -1.60e-16 | 1.7036 17.06  23037    9   7709   7104 | 1.4462 15.21 | 6.91e-04 2.62e-03 |   3.4228 0.6846  0.3121  3.7030 0.500 12.50 | PAIR-CHANNEL-DEAD
# CONVTAG t=116.00 rough=0.000000 cond=0.653887 evap=1.592199 backs=0.207678
t=  118.00 -1.60e-16 | 1.7036 17.08  23059    8   7766   7165 | 1.4464 15.21 | 6.25e-04 4.46e-03 |   3.3218 0.6644  0.2934  3.7046 0.500 13.00 | PAIR-CHANNEL-DEAD
# CONVTAG t=118.00 rough=0.000000 cond=0.818417 evap=1.881372 backs=0.245396
t=  120.00 -1.60e-16 | 1.7036 17.08  23063    3   7829   7221 | 1.4465 15.21 | 6.86e-04 2.34e-03 |   3.3204 0.6641  0.2918  3.7038 0.500 13.50 | PAIR-CHANNEL-DEAD
# CONVTAG t=120.00 rough=0.000000 cond=0.818417 evap=1.881372 backs=0.245396
t=  122.00 -1.60e-16 | 1.7034 17.09  23066    5   7868   7264 | 1.4466 15.21 | 1.05e-03 1.90e-03 |   3.5068 0.7014  0.3509  3.6949 0.500 13.50 | PAIR-CHANNEL-DEAD
# CONVTAG t=122.00 rough=0.000000 cond=0.985602 evap=1.881372 backs=0.245396
t=  124.00 -1.60e-16 | 1.7034 17.08  23061    8   7926   7312 | 1.4465 15.21 | 7.44e-04 3.66e-03 |   3.4993 0.6999  0.3472  3.6950 0.500 13.50 | PAIR-CHANNEL-DEAD
# CONVTAG t=124.00 rough=0.000000 cond=0.985602 evap=1.881372 backs=0.245396
t=  126.00 -1.60e-16 | 1.7033 17.07  23050    8   7981   7372 | 1.4464 15.21 | 8.39e-04 3.95e-03 |   3.4927 0.6985  0.3428  3.6951 0.500 13.50 | PAIR-CHANNEL-DEAD
# CONVTAG t=126.00 rough=0.000000 cond=0.985602 evap=1.881372 backs=0.245396
t=  128.00 -1.60e-16 | 1.7032 17.08  23061    7   8049   7422 | 1.4465 15.21 | 1.28e-03 5.53e-03 |   3.4868 0.6974  0.3396  3.6959 0.500 13.50 | PAIR-CHANNEL-DEAD
# CONVTAG t=128.00 rough=0.000000 cond=0.985602 evap=1.881372 backs=0.245396
t=  130.00 -1.60e-16 | 1.7032 17.10  23079   12   8105   7484 | 1.4467 15.21 | 9.96e-04 5.26e-03 |   3.4803 0.6961  0.3397  3.6950 0.500 13.50 | PAIR-CHANNEL-DEAD
# CONVTAG t=130.00 rough=0.000000 cond=0.985602 evap=1.881372 backs=0.245396
t=  132.00 -1.60e-16 | 1.7032 17.10  23088    9   8168   7550 | 1.4468 15.21 | 2.14e-03 6.80e-03 |   3.1946 0.6389  0.3097  3.7013 0.500 13.50 | PAIR-CHANNEL-DEAD
# CONVTAG t=132.00 rough=0.000000 cond=0.985602 evap=2.162812 backs=0.282106
t=  134.00 -1.60e-16 | 1.7031 17.11  23101    9   8222   7602 | 1.4469 15.21 | 6.44e-04 6.45e-03 |   3.1932 0.6386  0.3103  3.7010 0.500 13.50 | PAIR-CHANNEL-DEAD
# CONVTAG t=134.00 rough=0.000000 cond=0.985602 evap=2.162812 backs=0.282106
t=  136.00 -1.60e-16 | 1.7031 17.10  23091    8   8285   7670 | 1.4468 15.21 | 7.25e-04 5.92e-03 |   3.1930 0.6386  0.3100  3.7009 0.500 13.50 | PAIR-CHANNEL-DEAD
# CONVTAG t=136.00 rough=0.000000 cond=0.985602 evap=2.162812 backs=0.282106
t=  138.00 -1.60e-16 | 1.7031 17.11  23096    5   8347   7727 | 1.4469 15.21 | 1.44e-03 6.28e-03 |   3.1922 0.6384  0.3081  3.7000 0.500 13.50 | PAIR-CHANNEL-DEAD
# CONVTAG t=138.00 rough=0.000000 cond=0.985602 evap=2.162812 backs=0.282106
t=  140.00 -1.60e-16 | 1.7031 17.10  23085    3   8406   7788 | 1.4468 15.21 | 8.58e-04 2.70e-03 |   3.1907 0.6381  0.3077  3.6989 0.500 13.50 | PAIR-CHANNEL-DEAD
# CONVTAG t=140.00 rough=0.000000 cond=0.985602 evap=2.162812 backs=0.282106
t=  142.00 -1.60e-16 | 1.7031 17.11  23101    7   8475   7849 | 1.4471 15.22 | 6.76e-04 2.26e-03 |   3.1889 0.6378  0.3075  3.7003 0.500 13.50 | PAIR-CHANNEL-DEAD
# CONVTAG t=142.00 rough=0.000000 cond=0.985602 evap=2.162812 backs=0.282106
t=  144.00 -1.60e-16 | 1.7030 17.11  23103    7   8532   7915 | 1.4471 15.22 | 8.69e-04 2.09e-03 |   3.1872 0.6374  0.3070  3.7035 0.500 13.50 | PAIR-CHANNEL-DEAD
# CONVTAG t=144.00 rough=0.000000 cond=0.985602 evap=2.162812 backs=0.282106
t=  146.00 -1.60e-16 | 1.7030 17.11  23105    3   8597   7984 | 1.4472 15.22 | 6.55e-04 4.08e-03 |   3.1850 0.6370  0.3059  3.7065 0.500 13.50 | PAIR-CHANNEL-DEAD
# CONVTAG t=146.00 rough=0.000000 cond=0.985602 evap=2.162812 backs=0.282106
t=  148.00 -1.60e-16 | 1.7030 17.12  23116    9   8660   8042 | 1.4473 15.22 | 5.34e-04 3.24e-03 |   3.1835 0.6367  0.3045  3.7094 0.500 13.50 | PAIR-CHANNEL-DEAD
# CONVTAG t=148.00 rough=0.000000 cond=0.985602 evap=2.162812 backs=0.282106
t=  150.00 -1.60e-16 | 1.7030 17.12  23111    6   8717   8104 | 1.4472 15.22 | 7.41e-04 3.05e-03 |   3.1809 0.6362  0.3019  3.7116 0.500 13.50 | PAIR-CHANNEL-DEAD
# CONVTAG t=150.00 rough=0.000000 cond=0.985602 evap=2.162812 backs=0.282106
t=  152.00 -1.60e-16 | 1.7030 17.13  23124    8   8766   8157 | 1.4474 15.22 | 4.59e-04 2.58e-03 |   3.3753 0.6751  0.4199  3.7021 0.500 13.50 | PAIR-CHANNEL-DEAD
# CONVTAG t=152.00 rough=0.000000 cond=1.155401 evap=2.162812 backs=0.282106
t=  154.00 -1.60e-16 | 1.7029 17.13  23122    5   8816   8214 | 1.4474 15.22 | 6.95e-04 2.29e-03 |   3.3748 0.6750  0.4170  3.7012 0.500 13.50 | PAIR-CHANNEL-DEAD
# CONVTAG t=154.00 rough=0.000000 cond=1.155401 evap=2.162812 backs=0.282106
t=  156.00 -1.60e-16 | 1.7029 17.13  23125    6   8884   8265 | 1.4474 15.22 | 6.24e-04 1.97e-03 |   3.3731 0.6746  0.4148  3.7012 0.500 13.50 | PAIR-CHANNEL-DEAD
# CONVTAG t=156.00 rough=0.000000 cond=1.155401 evap=2.162812 backs=0.282106
t=  158.00 -1.60e-16 | 1.7028 17.13  23128    4   8949   8317 | 1.4475 15.22 | 7.15e-04 5.07e-03 |   3.5685 0.7137  0.2840  3.7106 0.500 13.50 | PAIR-CHANNEL-DEAD
# CONVTAG t=158.00 rough=0.000000 cond=1.328222 evap=2.162812 backs=0.282106
t=  160.00 -1.60e-16 | 1.7028 17.12  23116    5   9008   8384 | 1.4473 15.22 | 8.23e-04 2.12e-03 |   3.5632 0.7126  0.2842  3.7118 0.500 13.50 | PAIR-CHANNEL-DEAD
# CONVTAG t=160.00 rough=0.000000 cond=1.328222 evap=2.162812 backs=0.282106
t=  162.00 -1.60e-16 | 1.7028 17.11  23103    7   9095   8457 | 1.4472 15.22 | 5.30e-04 2.66e-03 |   3.5574 0.7115  0.2860  3.7138 0.500 13.50 | PAIR-CHANNEL-DEAD
# CONVTAG t=162.00 rough=0.000000 cond=1.328222 evap=2.162812 backs=0.282106
t=  164.00 -1.60e-16 | 1.7028 17.12  23108    8   9170   8520 | 1.4473 15.22 | 2.37e-03 5.86e-03 |   3.5522 0.7104  0.2877  3.7176 0.500 13.50 | PAIR-CHANNEL-DEAD
# CONVTAG t=164.00 rough=0.000000 cond=1.328222 evap=2.162812 backs=0.282106
t=  166.00 -1.60e-16 | 1.7027 17.12  23114    4   9237   8597 | 1.4474 15.22 | 7.69e-04 1.85e-03 |   3.5489 0.7098  0.2875  3.7193 0.500 13.00 | PAIR-CHANNEL-DEAD
# CONVTAG t=166.00 rough=0.000000 cond=1.328222 evap=2.162812 backs=0.282106
t=  168.00 -1.60e-16 | 1.7027 17.12  23111    5   9307   8645 | 1.4473 15.22 | 6.28e-04 3.17e-03 |   3.5446 0.7089  0.2859  3.7199 0.500 13.00 | PAIR-CHANNEL-DEAD
# CONVTAG t=168.00 rough=0.000000 cond=1.328222 evap=2.162812 backs=0.282106
t=  170.00 -1.60e-16 | 1.7027 17.12  23113    6   9364   8710 | 1.4473 15.22 | 8.31e-04 2.66e-03 |   3.5365 0.7073  0.2841  3.7198 0.500 13.00 | PAIR-CHANNEL-DEAD
# CONVTAG t=170.00 rough=0.000000 cond=1.328222 evap=2.162812 backs=0.282106
t=  172.00 -1.60e-16 | 1.7026 17.13  23122    3   9423   8772 | 1.4474 15.22 | 8.20e-04 2.34e-03 |   3.2473 0.6495  0.3556  3.7106 0.500 13.00 | PAIR-CHANNEL-DEAD
# CONVTAG t=172.00 rough=0.000000 cond=1.328222 evap=2.448251 backs=0.319337
t=  174.00 -1.60e-16 | 1.7027 17.13  23122    5   9483   8829 | 1.4474 15.22 | 6.48e-04 2.30e-03 |   3.2453 0.6491  0.3555  3.7115 0.500 13.00 | PAIR-CHANNEL-DEAD
# CONVTAG t=174.00 rough=0.000000 cond=1.328222 evap=2.448251 backs=0.319337
t=  176.00 -1.60e-16 | 1.7026 17.13  23128    5   9546   8914 | 1.4474 15.22 | 6.93e-04 2.60e-03 |   3.2434 0.6487  0.3543  3.7103 0.500 13.00 | PAIR-CHANNEL-DEAD
# CONVTAG t=176.00 rough=0.000000 cond=1.328222 evap=2.448251 backs=0.319337
t=  178.00 -1.60e-16 | 1.7025 17.13  23127    5   9612   8971 | 1.4474 15.22 | 7.51e-04 2.55e-03 |   3.2423 0.6485  0.3546  3.7082 0.500 13.00 | PAIR-CHANNEL-DEAD
# CONVTAG t=178.00 rough=0.000000 cond=1.328222 evap=2.448251 backs=0.319337
t=  180.00 -1.60e-16 | 1.7026 17.13  23128    3   9678   9039 | 1.4474 15.22 | 7.62e-04 2.64e-03 |   3.2405 0.6481  0.3539  3.7082 0.500 13.50 | PAIR-CHANNEL-DEAD
# CONVTAG t=180.00 rough=0.000000 cond=1.328222 evap=2.448251 backs=0.319337
t=  182.00 -1.60e-16 | 1.7026 17.14  23142    3   9736   9096 | 1.4476 15.21 | 6.44e-04 2.95e-03 |   3.2387 0.6477  0.3516  3.7085 0.500 13.50 | PAIR-CHANNEL-DEAD
# CONVTAG t=182.00 rough=0.000000 cond=1.328222 evap=2.448251 backs=0.319337
t=  184.00 -1.60e-16 | 1.7026 17.14  23144    3   9808   9182 | 1.4476 15.21 | 7.16e-04 3.47e-03 |   3.2367 0.6473  0.3493  3.7107 0.500 13.50 | PAIR-CHANNEL-DEAD
# CONVTAG t=184.00 rough=0.000000 cond=1.328222 evap=2.448251 backs=0.319337
t=  186.00 -1.60e-16 | 1.7026 17.15  23156    7   9883   9239 | 1.4478 15.22 | 8.90e-04 4.11e-03 |   2.9448 0.5890  0.2917  3.7225 0.500 13.00 | PAIR-CHANNEL-DEAD
# CONVTAG t=186.00 rough=0.000000 cond=1.328222 evap=2.737846 backs=0.357110
t=  188.00 -1.60e-16 | 1.7026 17.15  23152    2   9950   9306 | 1.4477 15.21 | 1.84e-03 5.35e-03 |   2.9440 0.5888  0.2923  3.7227 0.500 13.00 | PAIR-CHANNEL-DEAD
# CONVTAG t=188.00 rough=0.000000 cond=1.328222 evap=2.737846 backs=0.357110
t=  190.00 -1.60e-16 | 1.7025 17.14  23138    7  10004   9365 | 1.4475 15.21 | 5.51e-04 2.48e-03 |   2.9430 0.5886  0.2941  3.7230 0.500 13.00 | PAIR-CHANNEL-DEAD
# CONVTAG t=190.00 rough=0.000000 cond=1.328222 evap=2.737846 backs=0.357110
t=  192.00 -1.60e-16 | 1.7025 17.13  23125    4  10069   9434 | 1.4474 15.21 | 8.50e-04 2.33e-03 |   2.9416 0.5883  0.2969  3.7246 0.500 13.00 | PAIR-CHANNEL-DEAD
# CONVTAG t=192.00 rough=0.000000 cond=1.328222 evap=2.737846 backs=0.357110
t=  194.00 -1.60e-16 | 1.7025 17.13  23130    8  10130   9496 | 1.4474 15.21 | 6.55e-04 2.75e-03 |   2.9409 0.5882  0.2996  3.7259 0.500 13.00 | PAIR-CHANNEL-DEAD
# CONVTAG t=194.00 rough=0.000000 cond=1.328222 evap=2.737846 backs=0.357110
t=  196.00 -1.60e-16 | 1.7025 17.13  23127    2  10195   9572 | 1.4474 15.21 | 7.04e-04 1.96e-03 |   2.9395 0.5879  0.3003  3.7257 0.500 13.00 | PAIR-CHANNEL-DEAD
# CONVTAG t=196.00 rough=0.000000 cond=1.328222 evap=2.737846 backs=0.357110
t=  198.00 -1.60e-16 | 1.7025 17.13  23120    4  10264   9633 | 1.4473 15.21 | 8.45e-04 4.47e-03 |   3.1404 0.6281  0.4430  3.7130 0.500 13.00 | PAIR-CHANNEL-DEAD
# CONVTAG t=198.00 rough=0.000000 cond=1.503945 evap=2.737846 backs=0.357110
t=  200.00 -1.60e-16 | 1.7025 17.13  23121    2  10322   9689 | 1.4473 15.21 | 1.69e-03 5.60e-03 |   3.1392 0.6278  0.4421  3.7117 0.500 13.00 | PAIR-CHANNEL-DEAD
# CONVTAG t=200.00 rough=0.000000 cond=1.503945 evap=2.737846 backs=0.357110
t=  202.00 -1.60e-16 | 1.7024 17.13  23119    2  10383   9751 | 1.4472 15.21 | 8.77e-04 4.17e-03 |   3.1377 0.6275  0.4418  3.7108 0.500 13.50 | PAIR-CHANNEL-DEAD
# CONVTAG t=202.00 rough=0.000000 cond=1.503945 evap=2.737846 backs=0.357110
t=  204.00 -1.60e-16 | 1.7024 17.12  23115    4  10436   9814 | 1.4472 15.21 | 8.25e-04 3.19e-03 |   3.1360 0.6272  0.4416  3.7100 0.500 13.50 | PAIR-CHANNEL-DEAD
# CONVTAG t=204.00 rough=0.000000 cond=1.503945 evap=2.737846 backs=0.357110
t=  206.00 -1.60e-16 | 1.7024 17.12  23117    2  10492   9873 | 1.4472 15.21 | 9.74e-04 3.53e-03 |   3.1351 0.6270  0.4419  3.7089 0.500 13.50 | PAIR-CHANNEL-DEAD
# CONVTAG t=206.00 rough=0.000000 cond=1.503945 evap=2.737846 backs=0.357110
t=  208.00 -1.60e-16 | 1.7023 17.13  23127    4  10560   9938 | 1.4473 15.21 | 1.26e-03 4.83e-03 |   3.1335 0.6267  0.4411  3.7063 0.500 13.50 | PAIR-CHANNEL-DEAD
# CONVTAG t=208.00 rough=0.000000 cond=1.503945 evap=2.737846 backs=0.357110
t=  210.00 -1.60e-16 | 1.7024 17.13  23124    3  10630  10019 | 1.4473 15.20 | 1.38e-03 3.69e-03 |   3.3355 0.6671  0.2913  3.7162 0.500 13.50 | PAIR-CHANNEL-DEAD
# CONVTAG t=210.00 rough=0.000000 cond=1.682613 evap=2.737846 backs=0.357110
t=  212.00 -1.60e-16 | 1.7023 17.14  23138    5  10688  10078 | 1.4474 15.20 | 5.53e-04 2.38e-03 |   3.3320 0.6664  0.2913  3.7154 0.500 13.50 | PAIR-CHANNEL-DEAD
# CONVTAG t=212.00 rough=0.000000 cond=1.682613 evap=2.737846 backs=0.357110
t=  214.00 -1.60e-16 | 1.7023 17.13  23132    6  10765  10158 | 1.4474 15.20 | 5.41e-04 5.57e-03 |   3.3304 0.6661  0.2932  3.7139 0.500 13.50 | PAIR-CHANNEL-DEAD
# CONVTAG t=214.00 rough=0.000000 cond=1.682613 evap=2.737846 backs=0.357110
t=  216.00 -1.60e-16 | 1.7023 17.14  23139    4  10850  10239 | 1.4474 15.20 | 6.09e-04 5.94e-03 |   3.3295 0.6659  0.2954  3.7122 0.500 13.50 | PAIR-CHANNEL-DEAD
# CONVTAG t=216.00 rough=0.000000 cond=1.682613 evap=2.737846 backs=0.357110
t=  218.00 -1.60e-16 | 1.7022 17.13  23119    3  10946  10336 | 1.4472 15.20 | 1.60e-03 9.05e-03 |   3.3286 0.6657  0.2985  3.7119 0.500 13.50 | PAIR-CHANNEL-DEAD
# CONVTAG t=218.00 rough=0.000000 cond=1.682613 evap=2.737846 backs=0.357110
t=  220.00 -1.60e-16 | 1.7022 17.13  23121    2  11012  10410 | 1.4472 15.20 | 1.12e-03 2.77e-03 |   3.3273 0.6655  0.3009  3.7119 0.500 13.50 | PAIR-CHANNEL-DEAD
# CONVTAG t=220.00 rough=0.000000 cond=1.682613 evap=2.737846 backs=0.357110
t=  222.00 -1.60e-16 | 1.7022 17.13  23120    1  11083  10480 | 1.4472 15.20 | 1.07e-03 5.77e-03 |   3.3255 0.6651  0.3034  3.7118 0.500 13.50 | PAIR-CHANNEL-DEAD
# CONVTAG t=222.00 rough=0.000000 cond=1.682613 evap=2.737846 backs=0.357110
t=  224.00 -1.60e-16 | 1.7021 17.13  23128    1  11150  10541 | 1.4473 15.20 | 7.74e-04 4.48e-03 |   3.3232 0.6646  0.3049  3.7124 0.500 13.50 | PAIR-CHANNEL-DEAD
# CONVTAG t=224.00 rough=0.000000 cond=1.682613 evap=2.737846 backs=0.357110
t=  226.00 -1.60e-16 | 1.7021 17.13  23128    6  11214  10614 | 1.4473 15.20 | 2.31e-03 7.75e-03 |   3.3201 0.6640  0.3055  3.7121 0.500 13.50 | PAIR-CHANNEL-DEAD
# CONVTAG t=226.00 rough=0.000000 cond=1.682613 evap=2.737846 backs=0.357110
t=  228.00 -1.60e-16 | 1.7021 17.14  23134    2  11273  10694 | 1.4473 15.20 | 1.12e-03 5.38e-03 |   3.3183 0.6637  0.3065  3.7119 0.500 13.50 | PAIR-CHANNEL-DEAD
# CONVTAG t=228.00 rough=0.000000 cond=1.682613 evap=2.737846 backs=0.357110
t=  230.00 -1.60e-16 | 1.7021 17.13  23127    4  11341  10752 | 1.4472 15.20 | 1.38e-03 6.73e-03 |   3.3166 0.6633  0.3083  3.7110 0.500 13.50 | PAIR-CHANNEL-DEAD
# CONVTAG t=230.00 rough=0.000000 cond=1.682613 evap=2.737846 backs=0.357110
t=  232.00 -1.60e-16 | 1.7020 17.12  23113    1  11410  10829 | 1.4471 15.20 | 1.96e-03 8.17e-03 |   3.3155 0.6631  0.3094  3.7104 0.500 13.50 | PAIR-CHANNEL-DEAD
# CONVTAG t=232.00 rough=0.000000 cond=1.682613 evap=2.737846 backs=0.357110
t=  234.00 -1.60e-16 | 1.7020 17.13  23120    6  11468  10898 | 1.4471 15.20 | 1.38e-03 4.49e-03 |   3.0205 0.6041  0.4012  3.6994 0.500 13.50 | PAIR-CHANNEL-DEAD
# CONVTAG t=234.00 rough=0.000000 cond=1.682613 evap=3.031627 backs=0.395430
t=  236.00 -1.60e-16 | 1.7020 17.13  23120    1  11519  10954 | 1.4471 15.19 | 6.71e-04 3.33e-03 |   3.0195 0.6039  0.4008  3.7005 0.500 13.50 | PAIR-CHANNEL-DEAD
# CONVTAG t=236.00 rough=0.000000 cond=1.682613 evap=3.031627 backs=0.395430
t=  238.00 -1.60e-16 | 1.7020 17.13  23120    3  11591  11016 | 1.4471 15.20 | 7.30e-04 3.13e-03 |   3.0182 0.6036  0.4006  3.7034 0.500 13.50 | PAIR-CHANNEL-DEAD
# CONVTAG t=238.00 rough=0.000000 cond=1.682613 evap=3.031627 backs=0.395430
t=  240.00 -1.60e-16 | 1.7018 17.12  23110    0  11654  11094 | 1.4470 15.19 | 7.23e-04 3.09e-03 |   3.0163 0.6033  0.4024  3.7054 0.500 13.50 | PAIR-CHANNEL-DEAD
# CONVTAG t=240.00 rough=0.000000 cond=1.682613 evap=3.031627 backs=0.395430
t=  242.00 -1.60e-16 | 1.7018 17.13  23127    0  11732  11173 | 1.4472 15.19 | 9.86e-04 3.09e-03 |   3.0150 0.6030  0.4024  3.7046 0.500 13.50 | PAIR-CHANNEL-DEAD
# CONVTAG t=242.00 rough=0.000000 cond=1.682613 evap=3.031627 backs=0.395430
t=  244.00 -1.60e-16 | 1.7018 17.12  23115    1  11794  11237 | 1.4470 15.19 | 8.33e-04 4.38e-03 |   3.0145 0.6029  0.4019  3.7044 0.500 13.50 | PAIR-CHANNEL-DEAD
# CONVTAG t=244.00 rough=0.000000 cond=1.682613 evap=3.031627 backs=0.395430
t=  246.00 -1.60e-16 | 1.7017 17.13  23123    1  11858  11292 | 1.4471 15.19 | 8.14e-04 4.86e-03 |   3.0127 0.6025  0.4018  3.7051 0.500 13.50 | PAIR-CHANNEL-DEAD
# CONVTAG t=246.00 rough=0.000000 cond=1.682613 evap=3.031627 backs=0.395430
t=  248.00 -1.60e-16 | 1.7017 17.13  23122    3  11946  11366 | 1.4471 15.19 | 1.01e-03 4.15e-03 |   3.0110 0.6022  0.4012  3.7052 0.500 14.00 | PAIR-CHANNEL-DEAD
# CONVTAG t=248.00 rough=0.000000 cond=1.682613 evap=3.031627 backs=0.395430
t=  250.00 -1.60e-16 | 1.7017 17.13  23119    1  12031  11445 | 1.4470 15.19 | 8.19e-04 5.58e-03 |   3.0093 0.6019  0.4002  3.7056 0.500 14.00 | PAIR-CHANNEL-DEAD
# CONVTAG t=250.00 rough=0.000000 cond=1.682613 evap=3.031627 backs=0.395430
t=  252.00 -1.60e-16 | 1.7017 17.13  23127    0  12127  11549 | 1.4472 15.19 | 4.08e-03 1.02e-02 |   3.0080 0.6016  0.4019  3.7057 0.500 14.00 | PAIR-CHANNEL-DEAD
# CONVTAG t=252.00 rough=0.000000 cond=1.682613 evap=3.031627 backs=0.395430
t=  254.00 -1.60e-16 | 1.7017 17.13  23126    1  12187  11616 | 1.4472 15.19 | 1.74e-03 5.44e-03 |   3.0073 0.6015  0.4027  3.7040 0.500 13.50 | PAIR-CHANNEL-DEAD
# CONVTAG t=254.00 rough=0.000000 cond=1.682613 evap=3.031627 backs=0.395430
t=  256.00 -1.60e-16 | 1.7016 17.13  23125    0  12255  11685 | 1.4471 15.19 | 9.49e-04 5.88e-03 |   2.9037 0.5807  0.3362  3.7105 0.500 13.50 | PAIR-CHANNEL-DEAD
# CONVTAG t=256.00 rough=0.000000 cond=1.852241 evap=3.329763 backs=0.434317
t=  258.00 -1.60e-16 | 1.7016 17.13  23122    7  12321  11750 | 1.4471 15.19 | 1.37e-03 4.83e-03 |   2.9025 0.5805  0.3387  3.7102 0.500 14.00 | PAIR-CHANNEL-DEAD
# CONVTAG t=258.00 rough=0.000000 cond=1.852241 evap=3.329763 backs=0.434317
t=  260.00 -1.60e-16 | 1.7016 17.13  23123    0  12407  11823 | 1.4471 15.19 | 8.13e-04 5.17e-03 |   2.9017 0.5803  0.3394  3.7114 0.500 14.00 | PAIR-CHANNEL-DEAD
# CONVTAG t=260.00 rough=0.000000 cond=1.852241 evap=3.329763 backs=0.434317
t=  262.00 -1.60e-16 | 1.7016 17.12  23110    3  12489  11907 | 1.4469 15.19 | 1.33e-03 6.53e-03 |   2.9009 0.5802  0.3423  3.7109 0.500 14.00 | PAIR-CHANNEL-DEAD
# CONVTAG t=262.00 rough=0.000000 cond=1.852241 evap=3.329763 backs=0.434317
t=  264.00 -1.60e-16 | 1.7016 17.12  23106    2  12563  11981 | 1.4469 15.19 | 1.13e-03 4.66e-03 |   2.9003 0.5801  0.3447  3.7102 0.500 14.00 | PAIR-CHANNEL-DEAD
# CONVTAG t=264.00 rough=0.000000 cond=1.852241 evap=3.329763 backs=0.434317
t=  266.00 -1.60e-16 | 1.7016 17.12  23107    4  12634  12063 | 1.4469 15.19 | 1.04e-03 5.33e-03 |   2.8986 0.5797  0.3447  3.7102 0.500 14.00 | PAIR-CHANNEL-DEAD
# CONVTAG t=266.00 rough=0.000000 cond=1.852241 evap=3.329763 backs=0.434317
t=  268.00 -1.60e-16 | 1.7016 17.12  23113    4  12725  12140 | 1.4470 15.19 | 1.03e-03 4.49e-03 |   3.1069 0.6214  0.3332  3.7133 0.500 13.50 | PAIR-CHANNEL-DEAD
# CONVTAG t=268.00 rough=0.000000 cond=2.033973 evap=3.329763 backs=0.434317
t=  270.00 -1.60e-16 | 1.7015 17.13  23130    3  12799  12215 | 1.4472 15.19 | 1.83e-03 5.06e-03 |   3.1054 0.6211  0.3335  3.7125 0.500 13.50 | PAIR-CHANNEL-DEAD
# CONVTAG t=270.00 rough=0.000000 cond=2.033973 evap=3.329763 backs=0.434317
t=  272.00 -1.60e-16 | 1.7015 17.13  23128    1  12876  12289 | 1.4472 15.19 | 2.18e-03 6.46e-03 |   3.1043 0.6209  0.3341  3.7119 0.500 13.50 | PAIR-CHANNEL-DEAD
# CONVTAG t=272.00 rough=0.000000 cond=2.033973 evap=3.329763 backs=0.434317
t=  274.00 -1.60e-16 | 1.7014 17.13  23128    0  12935  12361 | 1.4471 15.19 | 2.00e-03 6.01e-03 |   3.1038 0.6208  0.3356  3.7108 0.500 13.50 | PAIR-CHANNEL-DEAD
# CONVTAG t=274.00 rough=0.000000 cond=2.033973 evap=3.329763 backs=0.434317
t=  276.00 -1.60e-16 | 1.7014 17.13  23125    1  13014  12428 | 1.4471 15.19 | 1.95e-03 6.02e-03 |   3.1032 0.6206  0.3366  3.7104 0.500 13.50 | PAIR-CHANNEL-DEAD
# CONVTAG t=276.00 rough=0.000000 cond=2.033973 evap=3.329763 backs=0.434317
t=  278.00 -1.60e-16 | 1.7014 17.13  23129    0  13079  12495 | 1.4471 15.19 | 1.78e-03 6.00e-03 |   3.1023 0.6205  0.3362  3.7106 0.500 13.50 | PAIR-CHANNEL-DEAD
# CONVTAG t=278.00 rough=0.000000 cond=2.033973 evap=3.329763 backs=0.434317
t=  280.00 -3.20e-16 | 1.7014 17.11  23100    2  13155  12568 | 1.4468 15.19 | 1.67e-03 4.11e-03 |   3.1012 0.6202  0.3356  3.7118 0.500 14.00 | PAIR-CHANNEL-DEAD
# CONVTAG t=280.00 rough=0.000000 cond=2.033973 evap=3.329763 backs=0.434317
t=  282.00 -3.20e-16 | 1.7013 17.12  23106    3  13243  12654 | 1.4469 15.19 | 8.61e-04 3.56e-03 |   3.0991 0.6198  0.3356  3.7129 0.500 14.00 | PAIR-CHANNEL-DEAD
# CONVTAG t=282.00 rough=0.000000 cond=2.033973 evap=3.329763 backs=0.434317
t=  284.00 -3.20e-16 | 1.7013 17.13  23120    2  13319  12737 | 1.4470 15.19 | 8.50e-04 4.05e-03 |   3.0985 0.6197  0.3365  3.7143 0.500 14.00 | PAIR-CHANNEL-DEAD
# CONVTAG t=284.00 rough=0.000000 cond=2.033973 evap=3.329763 backs=0.434317
t=  286.00 -1.60e-16 | 1.7013 17.13  23123    1  13404  12819 | 1.4471 15.19 | 1.24e-03 4.23e-03 |   3.0979 0.6196  0.3368  3.7148 0.500 14.00 | PAIR-CHANNEL-DEAD
# CONVTAG t=286.00 rough=0.000000 cond=2.033973 evap=3.329763 backs=0.434317
t=  288.00 -3.20e-16 | 1.7013 17.13  23123    0  13474  12890 | 1.4471 15.19 | 8.84e-04 5.85e-03 |   3.0968 0.6194  0.3379  3.7154 0.500 14.00 | PAIR-CHANNEL-DEAD
# CONVTAG t=288.00 rough=0.000000 cond=2.033973 evap=3.329763 backs=0.434317
t=  290.00 -3.20e-16 | 1.7013 17.13  23122    3  13545  12965 | 1.4471 15.19 | 2.00e-03 6.69e-03 |   3.0961 0.6192  0.3396  3.7148 0.500 14.00 | PAIR-CHANNEL-DEAD
# CONVTAG t=290.00 rough=0.000000 cond=2.033973 evap=3.329763 backs=0.434317
t=  292.00 -3.20e-16 | 1.7013 17.12  23117    0  13642  13066 | 1.4470 15.19 | 1.16e-03 4.49e-03 |   3.0944 0.6189  0.3395  3.7134 0.500 14.00 | PAIR-CHANNEL-DEAD
# CONVTAG t=292.00 rough=0.000000 cond=2.033973 evap=3.329763 backs=0.434317
t=  294.00 -3.20e-16 | 1.7013 17.12  23113    1  13742  13166 | 1.4470 15.19 | 2.07e-03 7.38e-03 |   3.0937 0.6187  0.3391  3.7128 0.500 14.00 | PAIR-CHANNEL-DEAD
# CONVTAG t=294.00 rough=0.000000 cond=2.033973 evap=3.329763 backs=0.434317
t=  296.00 -3.20e-16 | 1.7012 17.12  23112    4  13853  13270 | 1.4470 15.19 | 1.85e-03 4.40e-03 |   3.0932 0.6186  0.3384  3.7122 0.500 14.00 | PAIR-CHANNEL-DEAD
# CONVTAG t=296.00 rough=0.000000 cond=2.033973 evap=3.329763 backs=0.434317
t=  298.00 -3.20e-16 | 1.7013 17.12  23111    6  13933  13338 | 1.4470 15.19 | 1.56e-03 5.69e-03 |   3.0924 0.6185  0.3377  3.7135 0.500 14.00 | PAIR-CHANNEL-DEAD
# CONVTAG t=298.00 rough=0.000000 cond=2.033973 evap=3.329763 backs=0.434317
t=  300.00 -3.20e-16 | 1.7013 17.11  23100    5  14015  13430 | 1.4469 15.19 | 1.18e-03 6.42e-03 |   3.2912 0.6582  0.3345  3.7132 0.500 14.00 | PAIR-CHANNEL-DEAD
# CONVTAG t=300.00 rough=0.000000 cond=2.208937 evap=3.329763 backs=0.434317
#
# RESULT drift_rel -3.204e-16
# RESULT births 14015 deaths 13430 beta_returns 1 beta_energy 2.891950e-17
# RESULT conv rough=0.000000 cond=33.832643 evap=0.000000 backs=0.434317 rad=3.329763
# RESULT credit qcnvD=1564.078392 qcnvF=36.696715
# RESULT convtag rough=0.000000 cond=2.208937 evap=3.329763 backs=0.434317 net=-0.686508
# RESULT geometry phi_nom=1.7013 z_live=17.11 dbar=1.4469 sigma_d=0.1519
# RESULT pair CHANNEL DEAD
