# freecell — v89 free-cell substance test (exp=pair)
# laws = laws_V2g VERBATIM (defaults): C=1 w1=1.65 w2=2.9 q_detune=1.2
# gamma_res=0.25 gamma_res_m=0.1 p_gate=8 lock_floor=0.005 k_dep=1.2 k_dep_m=2 cap=2.5
# e_s0=1 es_floor=0.05 e_cond=0 f_conv=0.25 f_evap=0.5 s_pull=0.15
# kappa_lock=1 kappa_align=0.5 s_k=0.06 s_disp=0.3 sigma_tumble=0.01
# comb_limit=6 rough_k=0.35 gamma_rough=0.5 mob_sym=1 mob_floor=0.004 field_J=1.8
# quant_A0=1.15 quant_mode=2 (A0eff=1.15)
# v91 radiance (laws_V3r candidate A): k_rad=0.05 p_rad=4 rad_clock=0
# GEOMETRY (apparatus): cfac=1.15 k_rep=1 mob_geo=1 kappa_bond=1 freeze_geo=0
# bath=1 bath_frac=1 jam_sweeps=800 jam_k=0.1 L=16 dt=0.02 T=480 seed=314159 diag_every=200
# JAM sweeps=800 max_step=1.563e-04 (tol 1.0e-04, k_end=0.0010) — witness for the settle
# SEED pair: i=1954 j=2109 x=0.5500/0.5500 p:q=1:1 m=1 d*=1.798291 d0=7.000189 (doff +5.2017)
# SEED pair radii r=0.8342 contact=1.6343  Em/voice=1.3750
# SEED noise: amp=0.5 (e1-class churn)
# INIT NC=2689 slots=25741 live=20429 phi_nom=1.6924 z_live=15.19 dbar=1.4080 sigma_d=14.72% E0=3372.227517643
#
# t | drift_rel | phi_nom z_live NLa NLd births deaths | dbar sigma_d% | maxstep maxbond | Em_tag ret com_dev rms conn z_tag | pair: d delta gf gb | core/far
t=    0.00 +0.00e+00 | 1.6924 15.19  20429    0      0      0 | 1.4080 14.72 | 0.00e+00 0.00e+00 |   2.7500 1.0000  0.3347  3.5001 0.500 14.00 | PAIR-CHANNEL-DEAD
# CONVTAG t=0.00 rough=0.000000 cond=0.000000 evap=0.000000 backs=0.000000
t=    4.00 -4.05e-16 | 1.6923 15.81  21258    0   1405   1250 | 1.4218 14.89 | 2.08e-03 5.81e-06 |   2.7481 0.9993  0.3234  3.4678 0.500 13.50 | PAIR-CHANNEL-DEAD
# CONVTAG t=4.00 rough=0.000000 cond=0.000000 evap=0.000000 backs=0.000000
# QATOM t=5.10 dir=FD w=1.65 e=0.301996504517 i=2204 Em=0.0000
t=    8.00 -5.39e-16 | 1.6920 16.09  21632    0   2386   2128 | 1.4281 14.98 | 1.84e-03 1.72e-04 |   2.7436 0.9977  0.3114  3.4982 0.500 13.50 | PAIR-CHANNEL-DEAD
# CONVTAG t=8.00 rough=0.000000 cond=0.000000 evap=0.000000 backs=0.000000
t=   12.00 -6.74e-16 | 1.6905 16.25  21843    6   3168   2858 | 1.4315 15.02 | 2.89e-03 9.06e-03 |   2.7395 0.9962  0.3192  3.5272 0.500 13.50 | PAIR-CHANNEL-DEAD
# CONVTAG t=12.00 rough=0.000000 cond=0.000000 evap=0.000000 backs=0.000000
t=   16.00 -6.74e-16 | 1.6877 16.34  21966   26   3834   3532 | 1.4335 15.05 | 1.38e-03 5.18e-03 |   2.7367 0.9952  0.3474  3.5403 0.500 15.00 | PAIR-CHANNEL-DEAD
# CONVTAG t=16.00 rough=0.000000 cond=0.000000 evap=0.000000 backs=0.000000
# QATOM t=17.36 dir=FD w=1.649941 e=0.301985706175 i=445 Em=0.0000
t=   20.00 -6.74e-16 | 1.6836 16.34  21966   48   4454   4150 | 1.4336 15.04 | 2.43e-03 8.09e-03 |   2.9420 1.0698  0.5248  3.5357 0.500 14.50 | PAIR-CHANNEL-DEAD
# CONVTAG t=20.00 rough=0.000000 cond=0.182538 evap=0.000000 backs=0.000000
# QATOM t=21.76 dir=FD w=1.64569358 e=0.301208308817 i=2046 Em=0.0035
t=   24.00 -6.74e-16 | 1.6785 16.36  21998   22   4966   4723 | 1.4340 15.03 | 1.49e-03 1.07e-02 |   2.9387 1.0686  0.5063  3.5323 0.500 14.00 | PAIR-CHANNEL-DEAD
# CONVTAG t=24.00 rough=0.000000 cond=0.182538 evap=0.000000 backs=0.000000
# QATOM t=26.24 dir=FD w=1.64966129 e=0.301934511637 i=480 Em=0.0000
t=   28.00 -6.74e-16 | 1.6724 16.34  21968   40   5462   5227 | 1.4335 15.02 | 3.85e-03 1.43e-02 |   2.9337 1.0668  0.4889  3.5166 0.500 12.50 | PAIR-CHANNEL-DEAD
# CONVTAG t=28.00 rough=0.000000 cond=0.182538 evap=0.000000 backs=0.000000
# QATOM t=30.02 dir=FD w=1.64794841 e=0.301621005459 i=2213 Em=0.0016
t=   32.00 -6.74e-16 | 1.6670 16.32  21938   32   5948   5753 | 1.4330 15.00 | 1.35e-03 9.75e-03 |   3.1275 1.1373  0.6515  3.4641 0.500 13.50 | PAIR-CHANNEL-DEAD
# CONVTAG t=32.00 rough=0.000000 cond=0.354870 evap=0.000000 backs=0.000000
# QATOM t=34.52 dir=FD w=1.64325774 e=0.300762480928 i=2297 Em=0.0000
t=   36.00 -8.09e-16 | 1.6629 16.28  21883   35   6380   6213 | 1.4320 14.98 | 3.56e-03 1.10e-02 |   3.1019 1.1279  0.6354  3.4471 0.500 13.50 | PAIR-CHANNEL-DEAD
# CONVTAG t=36.00 rough=0.000000 cond=0.354870 evap=0.000000 backs=0.000000
t=   40.00 -6.74e-16 | 1.6592 16.28  21886   36   6769   6681 | 1.4320 14.97 | 5.64e-03 1.35e-02 |   3.2864 1.1950  0.4325  3.4717 0.500 13.50 | PAIR-CHANNEL-DEAD
# CONVTAG t=40.00 rough=0.000000 cond=0.537401 evap=0.000000 backs=0.000000
# QATOM t=40.70 dir=FD w=1.41308526 e=0.258634429331 i=258 Em=0.2991
t=   44.00 -6.74e-16 | 1.6561 16.24  21828   27   7151   7122 | 1.4311 14.95 | 3.10e-03 1.36e-02 |   3.2571 1.1844  0.4129  3.4758 0.500 13.50 | PAIR-CHANNEL-DEAD
# CONVTAG t=44.00 rough=0.000000 cond=0.537401 evap=0.000000 backs=0.000000
t=   48.00 -6.74e-16 | 1.6538 16.24  21841   29   7554   7538 | 1.4310 14.93 | 5.92e-03 1.41e-02 |   3.2354 1.1765  0.4093  3.4860 0.500 12.50 | PAIR-CHANNEL-DEAD
# CONVTAG t=48.00 rough=0.000000 cond=0.537401 evap=0.000000 backs=0.000000
# QATOM t=48.48 dir=FD w=1.64619921 e=0.301300852998 i=411 Em=0.0005
t=   52.00 -6.74e-16 | 1.6518 16.26  21863   37   7913   7964 | 1.4310 14.91 | 4.93e-03 1.41e-02 |   3.2172 1.1699  0.4066  3.5086 0.500 12.50 | PAIR-CHANNEL-DEAD
# CONVTAG t=52.00 rough=0.000000 cond=0.537401 evap=0.000000 backs=0.000000
t=   56.00 -6.74e-16 | 1.6505 16.22  21812   40   8297   8355 | 1.4304 14.91 | 7.40e-03 1.50e-02 |   3.2078 1.1665  0.4021  3.5201 0.500 12.50 | PAIR-CHANNEL-DEAD
# CONVTAG t=56.00 rough=0.000000 cond=0.537401 evap=0.000000 backs=0.000000
# QATOM t=58.36 dir=FD w=1.37932844 e=0.252455980229 i=1302 Em=0.3054
t=   60.00 -6.74e-16 | 1.6495 16.20  21785   35   8706   8791 | 1.4299 14.90 | 5.95e-03 1.54e-02 |   3.1965 1.1624  0.3861  3.5089 0.500 13.00 | PAIR-CHANNEL-DEAD
# CONVTAG t=60.00 rough=0.000000 cond=0.537401 evap=0.000000 backs=0.000000
t=   64.00 -6.74e-16 | 1.6489 16.19  21774   29   9131   9213 | 1.4298 14.90 | 4.50e-03 1.32e-02 |   3.1769 1.1552  0.4046  3.4936 0.500 13.00 | PAIR-CHANNEL-DEAD
# CONVTAG t=64.00 rough=0.000000 cond=0.537401 evap=0.000000 backs=0.000000
t=   68.00 -6.74e-16 | 1.6485 16.20  21779   21   9533   9622 | 1.4298 14.89 | 3.67e-03 1.52e-02 |   3.1742 1.1543  0.3936  3.5058 0.500 12.50 | PAIR-CHANNEL-DEAD
# CONVTAG t=68.00 rough=0.000000 cond=0.537401 evap=0.000000 backs=0.000000
# QATOM t=71.24 dir=FD w=1.40337159 e=0.256856554671 i=2149 Em=0.2824
t=   72.00 -8.09e-16 | 1.6483 16.19  21773   26   9922  10024 | 1.4297 14.88 | 3.95e-03 1.18e-02 |   3.1672 1.1517  0.3967  3.5239 0.500 13.50 | PAIR-CHANNEL-DEAD
# CONVTAG t=72.00 rough=0.000000 cond=0.537401 evap=0.000000 backs=0.000000
t=   76.00 -8.09e-16 | 1.6481 16.20  21778   33  10292  10416 | 1.4296 14.87 | 3.53e-03 1.26e-02 |   2.8543 1.0379  0.2383  3.5504 0.500 13.50 | PAIR-CHANNEL-DEAD
# CONVTAG t=76.00 rough=0.000000 cond=0.537401 evap=0.297326 backs=0.038782
t=   80.00 -8.09e-16 | 1.6482 16.22  21805   16  10638  10822 | 1.4299 14.87 | 5.45e-03 1.45e-02 |   2.8525 1.0373  0.2374  3.5721 0.500 14.00 | PAIR-CHANNEL-DEAD
# CONVTAG t=80.00 rough=0.000000 cond=0.537401 evap=0.297326 backs=0.038782
# QATOM t=83.06 dir=DF w=2.55361687 e=0.467383860466 i=1115 Em=0.5655
t=   84.00 -8.09e-16 | 1.6479 16.21  21791   21  11052  11204 | 1.4295 14.86 | 5.24e-03 1.35e-02 |   2.8281 1.0284  0.2386  3.5778 0.500 13.50 | PAIR-CHANNEL-DEAD
# CONVTAG t=84.00 rough=0.000000 cond=0.537401 evap=0.297326 backs=0.038782
t=   88.00 -8.09e-16 | 1.6478 16.21  21792   20  11438  11593 | 1.4294 14.85 | 3.39e-03 1.85e-02 |   2.8198 1.0254  0.2376  3.5876 0.500 13.50 | PAIR-CHANNEL-DEAD
# CONVTAG t=88.00 rough=0.000000 cond=0.537401 evap=0.297326 backs=0.038782
t=   92.00 -8.09e-16 | 1.6476 16.20  21783   22  11826  11996 | 1.4293 14.85 | 3.48e-03 1.46e-02 |   2.8062 1.0205  0.2321  3.5965 0.500 14.00 | PAIR-CHANNEL-DEAD
# CONVTAG t=92.00 rough=0.000000 cond=0.537401 evap=0.297326 backs=0.038782
# QATOM t=94.14 dir=DF w=2.2959455 e=0.420222736903 i=2015 Em=0.4215
t=   96.00 -8.09e-16 | 1.6477 16.21  21798   11  12228  12410 | 1.4294 14.84 | 5.69e-03 1.40e-02 |   2.7943 1.0161  0.2138  3.6161 0.500 14.00 | PAIR-CHANNEL-DEAD
# CONVTAG t=96.00 rough=0.000000 cond=0.537401 evap=0.297326 backs=0.038782
t=  100.00 -6.74e-16 | 1.6482 16.21  21800   19  12672  12849 | 1.4293 14.83 | 8.73e-03 2.26e-02 |   2.4872 0.9044  0.4790  3.6350 0.500 14.00 | PAIR-CHANNEL-DEAD
# CONVTAG t=100.00 rough=0.000000 cond=0.537401 evap=0.607518 backs=0.079241
t=  104.00 -8.09e-16 | 1.6484 16.22  21808   25  13108  13264 | 1.4294 14.83 | 1.20e-02 3.12e-02 |   2.4352 0.8855  0.5300  3.6474 0.500 14.50 | PAIR-CHANNEL-DEAD
# CONVTAG t=104.00 rough=0.000000 cond=0.537401 evap=0.607518 backs=0.079241
# QATOM t=105.16 dir=DF w=2.2549148 e=0.412712961938 i=22 Em=0.5822
t=  108.00 -8.09e-16 | 1.6481 16.22  21804   16  13500  13689 | 1.4293 14.82 | 4.72e-03 1.21e-02 |   2.4298 0.8836  0.5423  3.6199 0.500 14.50 | PAIR-CHANNEL-DEAD
# CONVTAG t=108.00 rough=0.000000 cond=0.537401 evap=0.607518 backs=0.079241
t=  112.00 -8.09e-16 | 1.6481 16.21  21796   21  13868  14127 | 1.4291 14.82 | 6.71e-03 1.65e-02 |   2.4263 0.8823  0.5515  3.6157 0.500 14.50 | PAIR-CHANNEL-DEAD
# CONVTAG t=112.00 rough=0.000000 cond=0.537401 evap=0.607518 backs=0.079241
# QATOM t=114.72 dir=DF w=2.22669994 e=0.407548847021 i=1908 Em=0.4874
t=  116.00 -8.09e-16 | 1.6487 16.19  21773   19  14290  14573 | 1.4287 14.81 | 5.55e-03 1.26e-02 |   2.4027 0.8737  0.5724  3.6135 0.500 14.00 | PAIR-CHANNEL-DEAD
# CONVTAG t=116.00 rough=0.000000 cond=0.537401 evap=0.607518 backs=0.079241
t=  120.00 -8.09e-16 | 1.6487 16.21  21793   15  14706  14972 | 1.4289 14.80 | 5.15e-03 1.41e-02 |   2.3979 0.8720  0.5738  3.6077 0.500 14.00 | PAIR-CHANNEL-DEAD
# CONVTAG t=120.00 rough=0.000000 cond=0.537401 evap=0.607518 backs=0.079241
# QATOM t=123.62 dir=FD w=1.29154443 e=0.236389033089 i=1364 Em=0.5769
t=  124.00 -8.09e-16 | 1.6488 16.20  21775   19  15189  15415 | 1.4287 14.80 | 4.19e-03 1.34e-02 |   2.3854 0.8674  0.5632  3.6080 0.500 14.00 | PAIR-CHANNEL-DEAD
# CONVTAG t=124.00 rough=0.000000 cond=0.537401 evap=0.607518 backs=0.079241
t=  128.00 -8.09e-16 | 1.6486 16.20  21785   21  15620  15820 | 1.4287 14.80 | 4.08e-03 1.20e-02 |   2.3813 0.8659  0.5486  3.6420 0.500 14.00 | PAIR-CHANNEL-DEAD
# CONVTAG t=128.00 rough=0.000000 cond=0.537401 evap=0.607518 backs=0.079241
t=  132.00 -6.74e-16 | 1.6487 16.22  21808   21  16056  16262 | 1.4290 14.79 | 1.57e-02 3.38e-02 |   2.3748 0.8636  0.5378  3.6905 0.500 14.00 | PAIR-CHANNEL-DEAD
# CONVTAG t=132.00 rough=0.000000 cond=0.537401 evap=0.607518 backs=0.079241
# QATOM t=133.24 dir=FD w=1.43661201 e=0.525880977167 i=1228 Em=0.2858
t=  136.00 -6.74e-16 | 1.6488 16.23  21821   22  16529  16727 | 1.4291 14.79 | 3.31e-03 1.16e-02 |   2.3479 0.8538  0.5133  3.7424 0.500 14.00 | PAIR-CHANNEL-DEAD
# CONVTAG t=136.00 rough=0.000000 cond=0.537401 evap=0.607518 backs=0.079241
t=  140.00 -6.74e-16 | 1.6487 16.23  21825   26  16964  17172 | 1.4292 14.80 | 4.08e-03 1.20e-02 |   2.3393 0.8507  0.5351  3.7799 0.500 14.50 | PAIR-CHANNEL-DEAD
# CONVTAG t=140.00 rough=0.000000 cond=0.537401 evap=0.607518 backs=0.079241
# QATOM t=142.54 dir=FD w=1.60431609 e=0.293635061019 i=1825 Em=0.0224
t=  144.00 -6.74e-16 | 1.6489 16.17  21736   24  17458  17618 | 1.4282 14.80 | 9.29e-03 2.56e-02 |   2.3219 0.8443  0.5154  3.7852 0.500 14.50 | PAIR-CHANNEL-DEAD
# CONVTAG t=144.00 rough=0.000000 cond=0.537401 evap=0.607518 backs=0.079241
t=  148.00 -8.09e-16 | 1.6488 16.19  21767   21  17882  18055 | 1.4287 14.81 | 7.39e-03 1.75e-02 |   2.3173 0.8427  0.5066  3.7855 0.500 14.00 | PAIR-CHANNEL-DEAD
# CONVTAG t=148.00 rough=0.000000 cond=0.537401 evap=0.607518 backs=0.079241
t=  152.00 -8.09e-16 | 1.6487 16.20  21781    6  18315  18498 | 1.4288 14.81 | 6.99e-03 1.89e-02 |   2.3091 0.8397  0.4985  3.7862 0.500 14.00 | PAIR-CHANNEL-DEAD
# CONVTAG t=152.00 rough=0.000000 cond=0.537401 evap=0.607518 backs=0.079241
# QATOM t=152.56 dir=FD w=1.58034225 e=0.289247173462 i=1180 Em=0.0819
t=  156.00 -8.09e-16 | 1.6490 16.17  21742   24  18697  18897 | 1.4282 14.79 | 4.83e-03 1.37e-02 |   2.3015 0.8369  0.4856  3.7852 0.500 14.00 | PAIR-CHANNEL-DEAD
# CONVTAG t=156.00 rough=0.000000 cond=0.537401 evap=0.607518 backs=0.079241
t=  160.00 -8.09e-16 | 1.6486 16.18  21755   12  19091  19331 | 1.4283 14.79 | 6.30e-03 1.77e-02 |   2.2968 0.8352  0.4711  3.7868 0.500 14.00 | PAIR-CHANNEL-DEAD
# CONVTAG t=160.00 rough=0.000000 cond=0.537401 evap=0.607518 backs=0.079241
# QATOM t=163.14 dir=DF w=2.32334865 e=0.425238285609 i=974 Em=0.4394
t=  164.00 -8.09e-16 | 1.6487 16.18  21754   17  19502  19767 | 1.4282 14.78 | 3.63e-03 1.30e-02 |   2.2939 0.8342  0.4801  3.7816 0.500 14.00 | PAIR-CHANNEL-DEAD
# CONVTAG t=164.00 rough=0.000000 cond=0.537401 evap=0.607518 backs=0.079241
t=  168.00 -8.09e-16 | 1.6488 16.17  21747   12  19936  20196 | 1.4281 14.77 | 5.07e-03 1.47e-02 |   2.2722 0.8263  0.4855  3.7792 0.500 14.00 | PAIR-CHANNEL-DEAD
# CONVTAG t=168.00 rough=0.000000 cond=0.537401 evap=0.607518 backs=0.079241
t=  172.00 -8.09e-16 | 1.6490 16.17  21735   13  20372  20640 | 1.4279 14.77 | 3.45e-03 1.09e-02 |   2.2686 0.8249  0.5045  3.7749 0.500 14.00 | PAIR-CHANNEL-DEAD
# CONVTAG t=172.00 rough=0.000000 cond=0.537401 evap=0.607518 backs=0.079241
# QATOM t=173.34 dir=DF w=1.87619105 e=0.343395842129 i=488 Em=1.1328
t=  176.00 -8.09e-16 | 1.6491 16.17  21738   15  20834  21086 | 1.4279 14.77 | 4.80e-03 1.49e-02 |   2.2451 0.8164  0.5409  3.7769 0.500 14.00 | PAIR-CHANNEL-DEAD
# CONVTAG t=176.00 rough=0.000000 cond=0.537401 evap=0.607518 backs=0.079241
t=  180.00 -8.09e-16 | 1.6488 16.20  21781   20  21297  21543 | 1.4285 14.77 | 8.47e-03 2.46e-02 |   2.2173 0.8063  0.5272  3.7695 0.500 14.00 | PAIR-CHANNEL-DEAD
# CONVTAG t=180.00 rough=0.000000 cond=0.537401 evap=0.607518 backs=0.079241
# QATOM t=181.94 dir=FD w=1.64350988 e=0.300808628961 i=404 Em=0.0081
t=  184.00 -8.09e-16 | 1.6487 16.21  21790   16  21776  22032 | 1.4287 14.78 | 4.98e-03 1.31e-02 |   2.2133 0.8048  0.5503  3.7423 0.500 14.50 | PAIR-CHANNEL-DEAD
# CONVTAG t=184.00 rough=0.000000 cond=0.537401 evap=0.607518 backs=0.079241
t=  188.00 -8.09e-16 | 1.6485 16.18  21755   17  22208  22433 | 1.4283 14.78 | 1.02e-02 2.25e-02 |   2.1905 0.7966  0.5684  3.7319 0.500 14.50 | PAIR-CHANNEL-DEAD
# CONVTAG t=188.00 rough=0.000000 cond=0.537401 evap=0.607518 backs=0.079241
# QATOM t=191.44 dir=FD w=1.37512597 e=0.251686809741 i=2635 Em=0.3475
t=  192.00 -8.09e-16 | 1.6485 16.18  21748   22  22657  22906 | 1.4282 14.77 | 5.07e-03 1.34e-02 |   2.1820 0.7935  0.5854  3.7306 0.500 15.00 | PAIR-CHANNEL-DEAD
# CONVTAG t=192.00 rough=0.000000 cond=0.537401 evap=0.607518 backs=0.079241
t=  196.00 -8.09e-16 | 1.6486 16.17  21734   13  23108  23361 | 1.4280 14.77 | 4.07e-03 1.36e-02 |   2.1734 0.7903  0.5991  3.7262 0.500 15.00 | PAIR-CHANNEL-DEAD
# CONVTAG t=196.00 rough=0.000000 cond=0.537401 evap=0.607518 backs=0.079241
t=  200.00 -8.09e-16 | 1.6488 16.16  21730   15  23559  23837 | 1.4279 14.76 | 8.60e-03 2.10e-02 |   2.1682 0.7884  0.5908  3.7178 0.500 15.50 | PAIR-CHANNEL-DEAD
# CONVTAG t=200.00 rough=0.000000 cond=0.537401 evap=0.607518 backs=0.079241
# QATOM t=200.48 dir=DF w=2.47485112 e=0.452967507895 i=2488 Em=0.4825
t=  204.00 -8.09e-16 | 1.6487 16.18  21758   19  24091  24305 | 1.4282 14.76 | 4.81e-03 1.63e-02 |   2.1325 0.7755  0.5577  3.7197 0.500 15.50 | PAIR-CHANNEL-DEAD
# CONVTAG t=204.00 rough=0.000000 cond=0.537401 evap=0.607518 backs=0.079241
t=  208.00 -8.09e-16 | 1.6487 16.21  21791   17  24558  24775 | 1.4286 14.76 | 6.10e-03 1.45e-02 |   2.1132 0.7684  0.5492  3.7239 0.500 15.00 | PAIR-CHANNEL-DEAD
# CONVTAG t=208.00 rough=0.000000 cond=0.537401 evap=0.607518 backs=0.079241
# QATOM t=210.14 dir=FD w=1.1478532 e=0.210089487226 i=1272 Em=0.9110
t=  212.00 -8.09e-16 | 1.6488 16.19  21763   14  25031  25254 | 1.4282 14.76 | 8.56e-03 1.96e-02 |   2.1158 0.7694  0.5518  3.7257 0.500 14.50 | PAIR-CHANNEL-DEAD
# CONVTAG t=212.00 rough=0.000000 cond=0.537401 evap=0.607518 backs=0.079241
t=  216.00 -8.09e-16 | 1.6489 16.18  21754   16  25513  25741 | 1.4281 14.76 | 8.18e-03 1.67e-02 |   2.3310 0.8476  0.3662  3.7107 0.500 14.50 | PAIR-CHANNEL-DEAD
# CONVTAG t=216.00 rough=0.000000 cond=0.742010 evap=0.607518 backs=0.079241
# QATOM t=219.02 dir=DF w=2.23690942 e=0.409417470932 i=2425 Em=0.6124
t=  220.00 -8.09e-16 | 1.6487 16.18  21755   17  25962  26207 | 1.4280 14.76 | 5.78e-03 1.56e-02 |   2.3163 0.8423  0.3703  3.6814 0.500 15.00 | PAIR-CHANNEL-DEAD
# CONVTAG t=220.00 rough=0.000000 cond=0.742010 evap=0.607518 backs=0.079241
t=  224.00 -8.09e-16 | 1.6487 16.17  21743   14  26441  26699 | 1.4279 14.75 | 9.75e-03 2.07e-02 |   2.3057 0.8384  0.3654  3.6741 0.500 15.00 | PAIR-CHANNEL-DEAD
# CONVTAG t=224.00 rough=0.000000 cond=0.742010 evap=0.607518 backs=0.079241
# QATOM t=227.18 dir=DF w=2.74844398 e=0.503042712298 i=1290 Em=0.7562
t=  228.00 -8.09e-16 | 1.6488 16.17  21737   20  26902  27151 | 1.4277 14.74 | 5.93e-03 1.77e-02 |   2.2975 0.8355  0.3651  3.6828 0.500 15.50 | PAIR-CHANNEL-DEAD
# CONVTAG t=228.00 rough=0.000000 cond=0.742010 evap=0.607518 backs=0.079241
t=  232.00 -8.09e-16 | 1.6483 16.16  21726   11  27338  27642 | 1.4274 14.73 | 5.19e-03 1.58e-02 |   2.2902 0.8328  0.3704  3.6715 0.500 15.00 | PAIR-CHANNEL-DEAD
# CONVTAG t=232.00 rough=0.000000 cond=0.742010 evap=0.607518 backs=0.079241
t=  236.00 -8.09e-16 | 1.6486 16.16  21721   13  27817  28123 | 1.4273 14.73 | 4.74e-03 1.51e-02 |   2.2797 0.8290  0.3747  3.6577 0.500 15.00 | PAIR-CHANNEL-DEAD
# CONVTAG t=236.00 rough=0.000000 cond=0.742010 evap=0.607518 backs=0.079241
# QATOM t=236.20 dir=DF w=2.12298947 e=0.388566908032 i=601 Em=0.7526
t=  240.00 -8.09e-16 | 1.6490 16.14  21700   13  28323  28608 | 1.4271 14.73 | 8.96e-03 2.14e-02 |   2.2765 0.8278  0.3763  3.6503 0.500 15.50 | PAIR-CHANNEL-DEAD
# CONVTAG t=240.00 rough=0.000000 cond=0.742010 evap=0.607518 backs=0.079241
t=  244.00 -8.09e-16 | 1.6491 16.16  21725   14  28840  29097 | 1.4273 14.72 | 5.52e-03 2.20e-02 |   1.9128 0.6955  0.8084  3.5371 0.500 15.00 | PAIR-CHANNEL-DEAD
# CONVTAG t=244.00 rough=0.000000 cond=0.742010 evap=0.958676 backs=0.125045
# QATOM t=244.02 dir=FD w=1.64014601 e=0.300192946997 i=838 Em=0.0112
t=  248.00 -8.09e-16 | 1.6491 16.15  21711   18  29314  29578 | 1.4271 14.71 | 5.41e-03 1.81e-02 |   2.3839 0.8669  0.5608  3.6029 0.500 14.50 | PAIR-CHANNEL-DEAD
# CONVTAG t=248.00 rough=0.000000 cond=1.158846 evap=0.958676 backs=0.125045
# QATOM t=251.74 dir=FD w=1.54721066 e=0.283183157352 i=1661 Em=0.0906
t=  252.00 -8.09e-16 | 1.6488 16.15  21709   10  29768  30087 | 1.4271 14.72 | 4.15e-03 1.45e-02 |   2.3894 0.8689  0.5375  3.6122 0.500 15.00 | PAIR-CHANNEL-DEAD
# CONVTAG t=252.00 rough=0.000000 cond=1.158846 evap=0.958676 backs=0.125045
t=  256.00 -9.44e-16 | 1.6490 16.16  21724   17  30271  30585 | 1.4273 14.72 | 1.26e-02 3.00e-02 |   2.3797 0.8653  0.5348  3.6087 0.500 15.00 | PAIR-CHANNEL-DEAD
# CONVTAG t=256.00 rough=0.000000 cond=1.158846 evap=0.958676 backs=0.125045
t=  260.00 -9.44e-16 | 1.6490 16.16  21729   14  30793  31077 | 1.4273 14.72 | 5.61e-03 1.90e-02 |   2.3823 0.8663  0.5268  3.6074 0.500 15.00 | PAIR-CHANNEL-DEAD
# CONVTAG t=260.00 rough=0.000000 cond=1.158846 evap=0.958676 backs=0.125045
# QATOM t=260.36 dir=FD w=1.58485119 e=0.290072435305 i=1331 Em=0.0469
t=  264.00 -9.44e-16 | 1.6491 16.17  21747   16  31280  31547 | 1.4275 14.72 | 7.51e-03 2.05e-02 |   2.3511 0.8550  0.5202  3.6148 0.500 15.00 | PAIR-CHANNEL-DEAD
# CONVTAG t=264.00 rough=0.000000 cond=1.158846 evap=0.958676 backs=0.125045
t=  268.00 -9.44e-16 | 1.6494 16.19  21771   15  31786  32066 | 1.4277 14.72 | 6.84e-03 2.14e-02 |   2.3412 0.8513  0.5010  3.6086 0.500 15.00 | PAIR-CHANNEL-DEAD
# CONVTAG t=268.00 rough=0.000000 cond=1.158846 evap=0.958676 backs=0.125045
# QATOM t=268.36 dir=FD w=1.58645462 e=0.290365909724 i=2488 Em=0.0586
t=  272.00 -9.44e-16 | 1.6490 16.17  21736   18  32304  32603 | 1.4273 14.72 | 5.11e-03 1.42e-02 |   2.3413 0.8514  0.5037  3.6105 0.500 14.50 | PAIR-CHANNEL-DEAD
# CONVTAG t=272.00 rough=0.000000 cond=1.158846 evap=0.958676 backs=0.125045
# QATOM t=275.38 dir=DF w=2.25654546 e=0.413011419355 i=2646 Em=0.5067
t=  276.00 -9.44e-16 | 1.6488 16.15  21707   13  32784  33075 | 1.4269 14.71 | 5.57e-03 1.56e-02 |   2.3351 0.8491  0.5136  3.6086 0.500 15.00 | PAIR-CHANNEL-DEAD
# CONVTAG t=276.00 rough=0.000000 cond=1.158846 evap=0.958676 backs=0.125045
t=  280.00 -9.44e-16 | 1.6488 16.16  21725   12  33319  33612 | 1.4272 14.71 | 9.61e-03 2.51e-02 |   2.0131 0.7321  0.3306  3.6578 0.500 15.00 | PAIR-CHANNEL-DEAD
# CONVTAG t=280.00 rough=0.000000 cond=1.158846 evap=1.277273 backs=0.166601
# QATOM t=283.78 dir=FD w=1.42059387 e=0.260008717713 i=1110 Em=0.2852
t=  284.00 -9.44e-16 | 1.6491 16.14  21704   13  33823  34102 | 1.4271 14.72 | 6.52e-03 2.12e-02 |   2.0028 0.7283  0.3295  3.6477 0.500 15.00 | PAIR-CHANNEL-DEAD
# CONVTAG t=284.00 rough=0.000000 cond=1.158846 evap=1.277273 backs=0.166601
t=  288.00 -9.44e-16 | 1.6490 16.17  21741   17  34336  34641 | 1.4275 14.72 | 4.98e-03 1.48e-02 |   1.9953 0.7256  0.3282  3.6484 0.500 15.00 | PAIR-CHANNEL-DEAD
# CONVTAG t=288.00 rough=0.000000 cond=1.158846 evap=1.277273 backs=0.166601
# QATOM t=291.72 dir=DF w=2.29191525 e=0.419485086726 i=1691 Em=0.4385
t=  292.00 -9.44e-16 | 1.6487 16.18  21751   15  34837  35165 | 1.4277 14.73 | 5.07e-03 1.54e-02 |   1.9764 0.7187  0.3252  3.6337 0.500 15.00 | PAIR-CHANNEL-DEAD
# CONVTAG t=292.00 rough=0.000000 cond=1.158846 evap=1.277273 backs=0.166601
t=  296.00 -9.44e-16 | 1.6485 16.16  21729   10  35334  35676 | 1.4273 14.72 | 5.90e-03 1.62e-02 |   1.9733 0.7176  0.3286  3.6307 0.500 15.00 | PAIR-CHANNEL-DEAD
# CONVTAG t=296.00 rough=0.000000 cond=1.158846 evap=1.277273 backs=0.166601
t=  300.00 -1.08e-15 | 1.6487 16.19  21761   14  35842  36177 | 1.4277 14.72 | 6.46e-03 1.81e-02 |   1.9658 0.7148  0.3415  3.6315 0.500 15.00 | PAIR-CHANNEL-DEAD
# CONVTAG t=300.00 rough=0.000000 cond=1.158846 evap=1.277273 backs=0.166601
# QATOM t=300.10 dir=DF w=2.47087896 e=0.452240490461 i=526 Em=0.6561
t=  304.00 -9.44e-16 | 1.6489 16.20  21784   18  36321  36653 | 1.4279 14.71 | 5.13e-03 1.60e-02 |   1.9553 0.7110  0.3456  3.6281 0.500 15.00 | PAIR-CHANNEL-DEAD
# CONVTAG t=304.00 rough=0.000000 cond=1.158846 evap=1.277273 backs=0.166601
t=  308.00 -1.08e-15 | 1.6487 16.16  21730   12  36768  37106 | 1.4272 14.71 | 8.80e-03 1.96e-02 |   1.9583 0.7121  0.3452  3.6245 0.500 15.00 | PAIR-CHANNEL-DEAD
# CONVTAG t=308.00 rough=0.000000 cond=1.158846 evap=1.277273 backs=0.166601
# QATOM t=310.48 dir=FD w=1.62429882 e=0.297292464525 i=1278 Em=0.0138
t=  312.00 -1.08e-15 | 1.6488 16.16  21722   20  37254  37590 | 1.4271 14.71 | 7.64e-03 2.01e-02 |   1.9346 0.7035  0.3345  3.6091 0.500 15.00 | PAIR-CHANNEL-DEAD
# CONVTAG t=312.00 rough=0.000000 cond=1.158846 evap=1.277273 backs=0.166601
t=  316.00 -1.08e-15 | 1.6486 16.15  21718   20  37774  38092 | 1.4270 14.71 | 5.34e-03 1.55e-02 |   1.9260 0.7004  0.3325  3.6035 0.500 15.00 | PAIR-CHANNEL-DEAD
# CONVTAG t=316.00 rough=0.000000 cond=1.158846 evap=1.277273 backs=0.166601
# QATOM t=318.38 dir=FD w=1.48907912 e=0.272543447841 i=1904 Em=0.2038
t=  320.00 -1.08e-15 | 1.6489 16.16  21723   15  38269  38609 | 1.4272 14.72 | 4.45e-03 1.52e-02 |   1.9134 0.6958  0.3232  3.6001 0.500 14.50 | PAIR-CHANNEL-DEAD
# CONVTAG t=320.00 rough=0.000000 cond=1.158846 evap=1.277273 backs=0.166601
t=  324.00 -1.08e-15 | 1.6487 16.15  21709   13  38744  39084 | 1.4270 14.71 | 6.92e-03 1.78e-02 |   1.9020 0.6916  0.3168  3.6137 0.500 15.00 | PAIR-CHANNEL-DEAD
# CONVTAG t=324.00 rough=0.000000 cond=1.158846 evap=1.277273 backs=0.166601
# QATOM t=326.56 dir=DF w=2.27754558 e=0.416855032418 i=383 Em=0.5691
t=  328.00 -9.44e-16 | 1.6492 16.15  21712   14  39285  39603 | 1.4270 14.71 | 9.28e-03 1.80e-02 |   1.8884 0.6867  0.2980  3.6150 0.500 14.50 | PAIR-CHANNEL-DEAD
# CONVTAG t=328.00 rough=0.000000 cond=1.158846 evap=1.277273 backs=0.166601
t=  332.00 -9.44e-16 | 1.6492 16.17  21739   15  39799  40107 | 1.4274 14.72 | 5.96e-03 1.75e-02 |   1.8730 0.6811  0.2810  3.6054 0.500 14.00 | PAIR-CHANNEL-DEAD
# CONVTAG t=332.00 rough=0.000000 cond=1.158846 evap=1.277273 backs=0.166601
# QATOM t=335.68 dir=FD w=1.58204664 e=0.289559124231 i=911 Em=0.0370
t=  336.00 -9.44e-16 | 1.6495 16.17  21742    9  40306  40600 | 1.4274 14.72 | 5.02e-03 1.34e-02 |   1.8174 0.6609  0.2621  3.5956 0.500 14.00 | PAIR-CHANNEL-DEAD
# CONVTAG t=336.00 rough=0.000000 cond=1.158846 evap=1.277273 backs=0.166601
t=  340.00 -1.08e-15 | 1.6493 16.16  21730   18  40790  41106 | 1.4273 14.72 | 4.82e-03 1.36e-02 |   1.8084 0.6576  0.2556  3.5996 0.500 14.00 | PAIR-CHANNEL-DEAD
# CONVTAG t=340.00 rough=0.000000 cond=1.158846 evap=1.277273 backs=0.166601
t=  344.00 -1.08e-15 | 1.6496 16.18  21750   15  41294  41581 | 1.4276 14.72 | 9.63e-03 2.25e-02 |   1.8436 0.6704  0.2471  3.6184 0.500 14.00 | PAIR-CHANNEL-DEAD
# CONVTAG t=344.00 rough=0.000000 cond=1.158846 evap=1.277273 backs=0.166601
# QATOM t=344.48 dir=FD w=1.61048562 e=0.294764259342 i=2311 Em=0.0224
t=  348.00 -1.08e-15 | 1.6498 16.17  21735   13  41773  42075 | 1.4274 14.72 | 9.73e-03 2.23e-02 |   1.6789 0.6105  0.4418  3.5694 0.500 14.50 | PAIR-CHANNEL-DEAD
# CONVTAG t=348.00 rough=0.000000 cond=1.158846 evap=1.277273 backs=0.166601
# QATOM t=351.84 dir=FD w=1.63857326 e=0.299905088282 i=1448 Em=0.0136
t=  352.00 -1.08e-15 | 1.6493 16.17  21740   19  42278  42610 | 1.4274 14.72 | 5.79e-03 1.70e-02 |   1.6577 0.6028  0.4796  3.5746 0.500 14.50 | PAIR-CHANNEL-DEAD
# CONVTAG t=352.00 rough=0.000000 cond=1.158846 evap=1.277273 backs=0.166601
t=  356.00 -1.08e-15 | 1.6494 16.19  21766   16  42766  43081 | 1.4277 14.72 | 8.66e-03 2.06e-02 |   1.6720 0.6080  0.4403  3.5775 0.500 15.00 | PAIR-CHANNEL-DEAD
# CONVTAG t=356.00 rough=0.000000 cond=1.158846 evap=1.277273 backs=0.166601
# QATOM t=358.82 dir=FD w=1.58887571 e=0.290809036516 i=597 Em=0.0793
t=  360.00 -1.08e-15 | 1.6495 16.16  21729   14  43290  43628 | 1.4271 14.71 | 1.25e-02 2.93e-02 |   1.6910 0.6149  0.4015  3.6075 0.500 15.00 | PAIR-CHANNEL-DEAD
# CONVTAG t=360.00 rough=0.000000 cond=1.158846 evap=1.277273 backs=0.166601
t=  364.00 -1.08e-15 | 1.6494 16.15  21709   20  43826  44167 | 1.4267 14.69 | 6.09e-03 1.79e-02 |   1.5618 0.5679  0.7115  3.5300 0.500 15.00 | PAIR-CHANNEL-DEAD
# CONVTAG t=364.00 rough=0.000000 cond=1.158846 evap=1.277273 backs=0.166601
# QATOM t=365.58 dir=DF w=2.32227371 e=0.425041541129 i=2619 Em=0.4790
t=  368.00 -1.08e-15 | 1.6498 16.14  21695   13  44348  44689 | 1.4265 14.69 | 9.51e-03 2.30e-02 |   1.2812 0.4659  1.7071  3.0686 0.500 16.00 | PAIR-CHANNEL-DEAD
# CONVTAG t=368.00 rough=0.000000 cond=1.158846 evap=1.277273 backs=0.166601
t=  372.00 -1.08e-15 | 1.6498 16.14  21704   23  44939  45247 | 1.4266 14.69 | 6.97e-03 1.88e-02 |   1.2909 0.4694  1.6381  3.1085 0.500 16.50 | PAIR-CHANNEL-DEAD
# CONVTAG t=372.00 rough=0.000000 cond=1.158846 evap=1.277273 backs=0.166601
# QATOM t=372.92 dir=FD w=1.48054269 e=0.270981040885 i=2454 Em=0.0640
t=  376.00 -1.08e-15 | 1.6497 16.14  21701   19  45442  45798 | 1.4265 14.69 | 6.16e-03 1.87e-02 |   1.2867 0.4679  1.6511  3.0900 0.500 16.50 | PAIR-CHANNEL-DEAD
# CONVTAG t=376.00 rough=0.000000 cond=1.158846 evap=1.277273 backs=0.166601
t=  380.00 -1.08e-15 | 1.6494 16.16  21724   19  45992  46314 | 1.4268 14.69 | 5.15e-03 1.84e-02 |   1.2747 0.4635  1.6872  3.0650 0.500 16.50 | PAIR-CHANNEL-DEAD
# CONVTAG t=380.00 rough=0.000000 cond=1.158846 evap=1.277273 backs=0.166601
# QATOM t=380.70 dir=FD w=1.55626101 e=0.284839626533 i=1209 Em=0.1171
t=  384.00 -1.08e-15 | 1.6497 16.14  21697   14  46514  46826 | 1.4264 14.68 | 6.29e-03 1.81e-02 |   1.2753 0.4638  1.6394  3.0587 0.500 16.50 | PAIR-CHANNEL-DEAD
# CONVTAG t=384.00 rough=0.000000 cond=1.158846 evap=1.277273 backs=0.166601
# QATOM t=387.64 dir=FD w=1.42105787 e=0.260093641378 i=866 Em=0.3331
t=  388.00 -1.08e-15 | 1.6500 16.15  21720   16  47058  47352 | 1.4267 14.68 | 7.91e-03 2.22e-02 |   1.2381 0.4502  1.7919  2.9379 0.500 16.50 | PAIR-CHANNEL-DEAD
# CONVTAG t=388.00 rough=0.000000 cond=1.158846 evap=1.277273 backs=0.166601
t=  392.00 -1.08e-15 | 1.6499 16.18  21751   19  47586  47907 | 1.4271 14.68 | 6.15e-03 2.02e-02 |   1.2254 0.4456  1.8430  2.9104 0.500 16.50 | PAIR-CHANNEL-DEAD
# CONVTAG t=392.00 rough=0.000000 cond=1.158846 evap=1.277273 backs=0.166601
# QATOM t=394.10 dir=DF w=2.69484409 e=0.493232420848 i=1641 Em=0.7813
t=  396.00 -1.08e-15 | 1.6500 16.18  21755   16  48140  48450 | 1.4273 14.69 | 4.77e-03 1.28e-02 |   1.2057 0.4384  1.9067  2.8354 0.500 17.00 | PAIR-CHANNEL-DEAD
# CONVTAG t=396.00 rough=0.000000 cond=1.158846 evap=1.277273 backs=0.166601
t=  400.00 -1.08e-15 | 1.6497 16.18  21749   16  48682  48985 | 1.4273 14.70 | 5.24e-03 1.51e-02 |   1.2231 0.4448  1.8131  2.9112 0.500 17.00 | PAIR-CHANNEL-DEAD
# CONVTAG t=400.00 rough=0.000000 cond=1.158846 evap=1.277273 backs=0.166601
# QATOM t=401.52 dir=FD w=1.61248159 e=0.295129578772 i=2503 Em=0.0000
t=  404.00 -1.08e-15 | 1.6499 16.22  21802   16  49202  49536 | 1.4280 14.71 | 1.43e-02 3.15e-02 |   1.3680 0.4974  1.1903  3.3045 0.500 17.00 | PAIR-CHANNEL-DEAD
# CONVTAG t=404.00 rough=0.000000 cond=1.158846 evap=1.277273 backs=0.166601
t=  408.00 -1.08e-15 | 1.6502 16.19  21773   11  49735  50101 | 1.4276 14.70 | 9.76e-03 2.77e-02 |   0.9973 0.3626  3.0959  1.2272 0.500 17.00 | PAIR-CHANNEL-DEAD
# CONVTAG t=408.00 rough=0.000000 cond=1.158846 evap=1.711453 backs=0.223233
# QATOM t=409.34 dir=FD w=1.37178802 e=0.251075870856 i=1319 Em=0.1551
t=  412.00 -1.08e-15 | 1.6502 16.20  21776   17  50228  50585 | 1.4275 14.69 | 5.90e-03 1.39e-02 |   0.9826 0.3573  3.1819  1.0492 0.500 16.50 | PAIR-CHANNEL-DEAD
# CONVTAG t=412.00 rough=0.000000 cond=1.158846 evap=1.711453 backs=0.223233
t=  416.00 -1.08e-15 | 1.6501 16.21  21791    7  50713  51059 | 1.4277 14.70 | 5.72e-03 1.84e-02 |   0.9641 0.3506  3.2243  0.9741 0.500 16.50 | PAIR-CHANNEL-DEAD
# CONVTAG t=416.00 rough=0.000000 cond=1.158846 evap=1.711453 backs=0.223233
# QATOM t=416.62 dir=DF w=2.55578238 e=0.467780209801 i=1474 Em=0.4761
t=  420.00 -1.08e-15 | 1.6500 16.18  21760   12  51186  51534 | 1.4273 14.69 | 5.18e-03 1.44e-02 |   1.2792 0.4652  1.4310  3.2579 0.500 16.00 | PAIR-CHANNEL-DEAD
# CONVTAG t=420.00 rough=0.000000 cond=1.457617 evap=1.711453 backs=0.223233
# QATOM t=423.62 dir=FD w=1.51285156 e=0.276894474242 i=994 Em=0.0530
t=  424.00 -1.08e-15 | 1.6500 16.18  21755   19  51678  52052 | 1.4272 14.69 | 7.94e-03 2.06e-02 |   1.0289 0.3741  2.7458  2.0884 0.500 16.00 | PAIR-CHANNEL-DEAD
# CONVTAG t=424.00 rough=0.000000 cond=1.457617 evap=1.711453 backs=0.223233
t=  428.00 -1.08e-15 | 1.6499 16.15  21713   13  52217  52573 | 1.4267 14.69 | 6.85e-03 1.85e-02 |   1.0046 0.3653  2.8693  1.8682 0.500 16.50 | PAIR-CHANNEL-DEAD
# CONVTAG t=428.00 rough=0.000000 cond=1.457617 evap=1.711453 backs=0.223233
# QATOM t=430.46 dir=FD w=1.62432341 e=0.297296964393 i=1181 Em=0.0316
t=  432.00 -1.08e-15 | 1.6493 16.15  21715   13  52726  53075 | 1.4266 14.68 | 7.24e-03 1.65e-02 |   1.0291 0.3742  2.6578  2.1876 0.500 17.00 | PAIR-CHANNEL-DEAD
# CONVTAG t=432.00 rough=0.000000 cond=1.457617 evap=1.711453 backs=0.223233
t=  436.00 -9.44e-16 | 1.6489 16.15  21711    9  53247  53598 | 1.4265 14.68 | 8.50e-03 2.25e-02 |   1.0096 0.3671  2.7989  1.9671 0.500 17.00 | PAIR-CHANNEL-DEAD
# CONVTAG t=436.00 rough=0.000000 cond=1.457617 evap=1.711453 backs=0.223233
# QATOM t=438.40 dir=DF w=2.31050651 e=0.422887811147 i=1341 Em=0.5188
t=  440.00 -1.08e-15 | 1.6491 16.14  21705   14  53775  54117 | 1.4265 14.67 | 4.24e-03 1.66e-02 |   0.9839 0.3578  2.9205  1.7629 0.500 17.00 | PAIR-CHANNEL-DEAD
# CONVTAG t=440.00 rough=0.000000 cond=1.457617 evap=1.711453 backs=0.223233
t=  444.00 -9.44e-16 | 1.6496 16.14  21700   16  54302  54639 | 1.4264 14.68 | 6.18e-03 2.15e-02 |   1.0282 0.3739  2.5665  2.2782 0.500 16.00 | PAIR-CHANNEL-DEAD
# CONVTAG t=444.00 rough=0.000000 cond=1.457617 evap=1.711453 backs=0.223233
# QATOM t=445.46 dir=FD w=1.60453883 e=0.293675828583 i=2132 Em=0.0561
t=  448.00 -1.08e-15 | 1.6497 16.15  21710   20  54806  55140 | 1.4265 14.67 | 4.75e-03 2.00e-02 |   1.3072 0.4753  1.2336  3.3406 0.500 16.50 | PAIR-CHANNEL-DEAD
# CONVTAG t=448.00 rough=0.000000 cond=1.744116 evap=1.711453 backs=0.223233
t=  452.00 -1.08e-15 | 1.6497 16.17  21737   14  55324  55653 | 1.4270 14.68 | 9.50e-03 2.81e-02 |   1.1432 0.4157  1.8826  2.9525 0.500 16.50 | PAIR-CHANNEL-DEAD
# CONVTAG t=452.00 rough=0.000000 cond=1.744116 evap=1.711453 backs=0.223233
# QATOM t=453.46 dir=FD w=1.55780655 e=0.285122503945 i=1964 Em=0.0806
t=  456.00 -1.08e-15 | 1.6495 16.17  21736   13  55815  56148 | 1.4269 14.68 | 9.82e-03 2.80e-02 |   1.3434 0.4885  1.0329  3.4352 0.500 16.00 | PAIR-CHANNEL-DEAD
# CONVTAG t=456.00 rough=0.000000 cond=1.744116 evap=1.711453 backs=0.223233
t=  460.00 -1.08e-15 | 1.6495 16.18  21752   15  56329  56654 | 1.4271 14.68 | 5.67e-03 1.80e-02 |   1.1285 0.4104  1.9828  3.0404 0.500 16.00 | PAIR-CHANNEL-DEAD
# CONVTAG t=460.00 rough=0.000000 cond=1.744116 evap=1.711453 backs=0.223233
# QATOM t=460.72 dir=FD w=1.53653931 e=0.281230001319 i=803 Em=0.1053
t=  464.00 -1.08e-15 | 1.6493 16.19  21763   18  56852  57207 | 1.4272 14.68 | 4.99e-03 1.61e-02 |   1.0538 0.3832  2.3400  2.5465 0.500 16.50 | PAIR-CHANNEL-DEAD
# CONVTAG t=464.00 rough=0.000000 cond=1.744116 evap=1.711453 backs=0.223233
# QATOM t=467.86 dir=FD w=1.42500417 e=0.260815926087 i=1585 Em=0.1900
t=  468.00 -1.08e-15 | 1.6492 16.20  21785    9  57367  57748 | 1.4274 14.67 | 9.74e-03 2.36e-02 |   1.4067 0.5115  0.7325  3.5636 0.500 16.50 | PAIR-CHANNEL-DEAD
# CONVTAG t=468.00 rough=0.000000 cond=2.020924 evap=1.711453 backs=0.223233
t=  472.00 -1.08e-15 | 1.6494 16.20  21782   15  57899  58278 | 1.4275 14.68 | 6.86e-03 1.88e-02 |   1.4342 0.5215  0.6171  3.5985 0.500 16.00 | PAIR-CHANNEL-DEAD
# CONVTAG t=472.00 rough=0.000000 cond=2.020924 evap=1.711453 backs=0.223233
# QATOM t=475.00 dir=FD w=1.53220342 e=0.280436409664 i=2567 Em=0.1488
t=  476.00 -1.08e-15 | 1.6496 16.20  21779   10  58480  58828 | 1.4275 14.69 | 7.52e-03 2.05e-02 |   0.9611 0.3495  2.7060  2.1201 0.500 16.50 | PAIR-CHANNEL-DEAD
# CONVTAG t=476.00 rough=0.000000 cond=2.020924 evap=2.131132 backs=0.277974
t=  480.00 -1.08e-15 | 1.6499 16.18  21748   12  59028  59353 | 1.4272 14.69 | 4.89e-03 1.34e-02 |   0.9425 0.3427  2.8305  1.9192 0.500 16.50 | PAIR-CHANNEL-DEAD
# CONVTAG t=480.00 rough=0.000000 cond=2.020924 evap=2.131132 backs=0.277974
#
# RESULT drift_rel -1.079e-15
# RESULT births 59028 deaths 59353 beta_returns 0 beta_energy 0.000000e+00
# RESULT conv rough=0.385236 cond=2065.344780 evap=0.000000 backs=241.495558 rad=1851.080710
# RESULT credit qcnvD=1248.994746 qcnvF=2058.508746
# RESULT convtag rough=0.000000 cond=2.020924 evap=2.131132 backs=0.277974 net=0.167766
# RESULT geometry phi_nom=1.6499 z_live=16.18 dbar=1.4272 sigma_d=0.1469
# RESULT pair CHANNEL DEAD
