# freecell — v89 free-cell substance test (exp=blob)
# laws = laws_V2g VERBATIM (defaults): C=1 w1=1.65 w2=2.9 q_detune=1.2
# gamma_res=0.25 gamma_res_m=0.1 p_gate=8 lock_floor=0.005 k_dep=1.2 k_dep_m=2 cap=2.5
# e_s0=1 es_floor=0.05 e_cond=0 f_conv=0.25 f_evap=0.5 s_pull=0.15
# kappa_lock=1 kappa_align=0.5 s_k=0.06 s_disp=0.3 sigma_tumble=0.01
# comb_limit=6 rough_k=0.35 gamma_rough=0.5 mob_sym=1 mob_floor=0.004 field_J=1.8
# quant_A0=1.15 quant_mode=2 (A0eff=1.15)
# v91 radiance (laws_V3r candidate A): k_rad=0 p_rad=4 rad_clock=0
# v91 cantus (coherent-channel candidate B): k_cant=0 k_tune=0 cant_tau=50 cant_seed=0 cant_grow=1
# v91 registry (exchange-registry lane, REGISTRY.md): reg_tau=0 reg_gate=0 reg_f0=0
# v91 identity (parcel-identity lane, IDENTITY.md): par_tau=0 par_gate=0 par_form=0 par_lo=0.002 par_hi=0.02 par_mature=400
# v91 workfn (emergent-threshold lane, WORKFN.md): wf_on=1 wf_floor=0.01 wf_far=99
# v91 amplitude (field-side-identity lane Phase M, AMPLITUDE.md): amp_tau=0
# v92 amplitude Phase L lane L-1 (L0_DESIGN.md): amp_drv=0 amp_mmin=2
# v93 UNITARY DENSE CHANNEL (v93/README.md PART II): amp_nat=2
# v93 arg(psi) door (v93/README.md §II.7): amp_door=0
# v93 hop schedule (RING_DNLS §A.4): hop_order=1 (0=seq, 1=strang, 2=rand)
# QUENCH-2 apparatus: conf_r=0 conf_gap=0.3 conf_th=1.6 conf_pinw=3 spin_m=0 imp_k=0 qp_phase=0
# HORIZON apparatus (HORIZON.md): bh_r=0 bh_k=1 bh_sep=0
# FLOW apparatus (FLOW.md): bed_k=0 bed_tau=30
# GEOMETRY (apparatus): cfac=1.15 k_rep=1 mob_geo=1 kappa_bond=1 freeze_geo=0
# bath=1 bath_frac=1 jam_sweeps=800 jam_k=0.1 L=16 dt=0.02 T=80 seed=111 diag_every=200
# JAM sweeps=800 max_step=1.449e-04 (tol 1.0e-04, k_end=0.0010) — witness for the settle
# SEED blob: amp=0.5 sigma=2.5 kx=1.1 tagged=620 (add>5% of amp)
# INIT NC=2663 slots=25030 live=20014 phi_nom=1.6685 z_live=15.03 dbar=1.4077 sigma_d=14.50% E0=2742.803485306
#
# t | drift_rel | phi_nom z_live NLa NLd births deaths | dbar sigma_d% | maxstep maxbond | Em_tag ret com_dev rms conn z_tag | pair: d delta gf gb | core/far
t=    0.00 +0.00e+00 | 1.6685 15.03  20014    0      0      0 | 1.4077 14.50 | 0.00e+00 0.00e+00 |  81.7142 1.0000  0.0168  3.8197 1.000 14.85 | es_core/far=0.9324
# P1 t=0.00 tot=(+0.000000e+00,+0.000000e+00,+0.000000e+00) sp=+0.000e+00 fl=+0.000e+00 fd=+0.000e+00 gm=+0.000e+00 (x)
t=    4.00 +0.00e+00 | 1.6684 15.66  20852    0   1327   1153 | 1.4216 14.67 | 2.08e-03 3.71e-03 |  70.7210 0.8655  1.6021  3.5675 1.000 15.58 | es_core/far=0.9614
# P1 t=4.00 tot=(+2.801376e+02,-3.215938e+00,+2.948276e+00) sp=+2.938e-02 fl=+0.000e+00 fd=+2.805e+02 gm=-3.536e-01 (x)
t=    8.00 +0.00e+00 | 1.6684 15.92  21192    0   2114   1822 | 1.4274 14.75 | 1.77e-03 7.45e-03 |  68.6349 0.8399  1.5114  3.6072 1.000 15.71 | es_core/far=0.9758
# P1 t=8.00 tot=(+2.833978e+02,-4.896655e+00,+3.364954e+00) sp=+4.093e-02 fl=+0.000e+00 fd=+2.837e+02 gm=-3.603e-01 (x)
t=   12.00 +0.00e+00 | 1.6684 16.06  21389    0   2645   2321 | 1.4307 14.81 | 2.19e-03 8.62e-03 |  67.7165 0.8287  1.5178  3.6611 1.000 15.87 | es_core/far=0.9880
# P1 t=12.00 tot=(+2.833626e+02,-9.748225e+00,+2.793330e+00) sp=+5.567e-02 fl=+0.000e+00 fd=+2.836e+02 gm=-2.807e-01 (x)
t=   16.00 +0.00e+00 | 1.6684 16.18  21541    0   3080   2721 | 1.4331 14.84 | 1.57e-03 6.75e-03 |  65.7095 0.8041  1.4797  3.6382 1.000 15.99 | es_core/far=0.9892
# P1 t=16.00 tot=(+2.834176e+02,-9.368260e+00,+5.333924e-01) sp=+5.757e-02 fl=+0.000e+00 fd=+2.837e+02 gm=-3.267e-01 (x)
t=   20.00 +0.00e+00 | 1.6684 16.29  21684    0   3468   3085 | 1.4352 14.86 | 1.19e-03 3.72e-03 |  63.4303 0.7762  1.4829  3.5520 1.000 16.14 | es_core/far=0.9964
# P1 t=20.00 tot=(+2.875444e+02,-1.162052e+01,+7.835833e-01) sp=+5.528e-02 fl=+0.000e+00 fd=+2.880e+02 gm=-4.905e-01 (x)
t=   24.00 +0.00e+00 | 1.6684 16.31  21712    0   3835   3419 | 1.4358 14.87 | 9.63e-04 2.78e-03 |  62.4474 0.7642  1.4701  3.5306 1.000 16.12 | es_core/far=1.0006
# P1 t=24.00 tot=(+2.907119e+02,-1.171183e+01,+8.543737e-01) sp=+5.264e-02 fl=+0.000e+00 fd=+2.912e+02 gm=-5.774e-01 (x)
t=   28.00 +0.00e+00 | 1.6684 16.35  21769    0   4149   3678 | 1.4368 14.89 | 1.30e-03 3.54e-03 |  62.1420 0.7605  1.4080  3.5487 1.000 16.19 | es_core/far=0.9896
# P1 t=28.00 tot=(+2.902872e+02,-1.211642e+01,+1.387391e+00) sp=+6.299e-02 fl=+0.000e+00 fd=+2.911e+02 gm=-8.525e-01 (x)
t=   32.00 +0.00e+00 | 1.6685 16.39  21820    0   4466   3974 | 1.4377 14.90 | 1.11e-03 4.68e-03 |  61.9875 0.7586  1.3606  3.5910 1.000 16.25 | es_core/far=0.9823
# P1 t=32.00 tot=(+2.841939e+02,-1.148983e+01,+2.250931e+00) sp=+6.083e-02 fl=+0.000e+00 fd=+2.853e+02 gm=-1.118e+00 (x)
t=   36.00 +0.00e+00 | 1.6685 16.42  21869    0   4729   4230 | 1.4383 14.91 | 1.20e-03 5.45e-03 |  61.6878 0.7549  1.3819  3.6345 1.000 16.28 | es_core/far=0.9956
# P1 t=36.00 tot=(+2.795077e+02,-1.152047e+01,+3.142873e+00) sp=+6.200e-02 fl=+0.000e+00 fd=+2.806e+02 gm=-1.198e+00 (x)
t=   40.00 -1.66e-16 | 1.6685 16.46  21912    0   4933   4465 | 1.4389 14.91 | 1.08e-03 2.83e-03 |  60.8522 0.7447  1.3814  3.6215 1.000 16.34 | es_core/far=0.9954
# P1 t=40.00 tot=(+2.783695e+02,-1.201898e+01,+1.162567e+00) sp=+6.061e-02 fl=+0.000e+00 fd=+2.795e+02 gm=-1.225e+00 (x)
t=   44.00 -1.66e-16 | 1.6686 16.48  21940    0   5215   4703 | 1.4394 14.91 | 1.04e-03 4.11e-03 |  60.0059 0.7343  1.3493  3.6139 1.000 16.34 | es_core/far=1.0025
# P1 t=44.00 tot=(+2.741642e+02,-1.143053e+01,+1.350074e+00) sp=+7.425e-02 fl=+0.000e+00 fd=+2.754e+02 gm=-1.285e+00 (x)
t=   48.00 -1.66e-16 | 1.6686 16.51  21989    0   5457   4914 | 1.4401 14.92 | 1.15e-03 6.00e-03 |  58.9403 0.7213  1.3720  3.5766 1.000 16.40 | es_core/far=1.0046
# P1 t=48.00 tot=(+2.740852e+02,-1.219492e+01,+9.639504e-01) sp=+8.309e-02 fl=+0.000e+00 fd=+2.753e+02 gm=-1.316e+00 (x)
t=   52.00 -3.32e-16 | 1.6686 16.53  22004    0   5683   5138 | 1.4403 14.92 | 1.12e-03 3.61e-03 |  59.1380 0.7237  1.4023  3.6031 1.000 16.44 | es_core/far=1.0017
# P1 t=52.00 tot=(+2.818795e+02,-1.036669e+01,+7.919353e-01) sp=+9.142e-02 fl=+0.000e+00 fd=+2.830e+02 gm=-1.242e+00 (x)
t=   56.00 -3.32e-16 | 1.6686 16.54  22022    0   5890   5367 | 1.4405 14.92 | 1.00e-03 8.30e-03 |  57.9418 0.7091  1.4336  3.5698 1.000 16.45 | es_core/far=0.9998
# P1 t=56.00 tot=(+2.779135e+02,-1.309192e+01,-1.203732e+00) sp=+9.464e-02 fl=+0.000e+00 fd=+2.790e+02 gm=-1.147e+00 (x)
t=   60.00 -3.32e-16 | 1.6687 16.56  22052    0   6110   5575 | 1.4410 14.93 | 1.51e-03 4.55e-03 |  57.4006 0.7025  1.4258  3.5986 1.000 16.47 | es_core/far=1.0011
# P1 t=60.00 tot=(+2.860327e+02,-1.563291e+01,-1.843094e+00) sp=+9.969e-02 fl=+0.000e+00 fd=+2.871e+02 gm=-1.126e+00 (x)
t=   64.00 -3.32e-16 | 1.6687 16.60  22109    0   6333   5790 | 1.4418 14.93 | 1.22e-03 3.45e-03 |  56.7518 0.6945  1.3463  3.6408 1.000 16.49 | es_core/far=0.9917
# P1 t=64.00 tot=(+2.901121e+02,-1.673701e+01,-4.240365e-01) sp=+9.700e-02 fl=+0.000e+00 fd=+2.912e+02 gm=-1.139e+00 (x)
t=   68.00 -3.32e-16 | 1.6687 16.60  22107    0   6548   5992 | 1.4417 14.93 | 1.11e-03 4.29e-03 |  55.9644 0.6849  1.4500  3.6152 1.000 16.48 | es_core/far=0.9895
# P1 t=68.00 tot=(+2.844273e+02,-1.755548e+01,+1.211170e+00) sp=+9.109e-02 fl=+0.000e+00 fd=+2.855e+02 gm=-1.211e+00 (x)
t=   72.00 -3.32e-16 | 1.6686 16.61  22122    0   6737   6194 | 1.4419 14.93 | 1.51e-03 6.49e-03 |  56.5342 0.6919  1.3700  3.6455 1.000 16.50 | es_core/far=0.9931
# P1 t=72.00 tot=(+2.830860e+02,-1.920295e+01,+1.708446e+00) sp=+9.005e-02 fl=+0.000e+00 fd=+2.843e+02 gm=-1.287e+00 (x)
t=   76.00 -3.32e-16 | 1.6686 16.62  22129    0   6924   6378 | 1.4420 14.93 | 1.28e-03 4.06e-03 |  56.1331 0.6869  1.4081  3.6210 1.000 16.52 | es_core/far=0.9968
# P1 t=76.00 tot=(+2.864543e+02,-1.618208e+01,+1.008770e-01) sp=+9.151e-02 fl=+0.000e+00 fd=+2.876e+02 gm=-1.268e+00 (x)
t=   80.00 -3.32e-16 | 1.6686 16.63  22142    0   7123   6593 | 1.4422 14.93 | 1.17e-03 8.11e-03 |  55.7345 0.6821  1.3855  3.6587 1.000 16.51 | es_core/far=0.9932
# P1 t=80.00 tot=(+2.836309e+02,-1.412904e+01,-1.317328e-01) sp=+8.528e-02 fl=+0.000e+00 fd=+2.848e+02 gm=-1.242e+00 (x)
#
# RESULT drift_rel -3.316e-16
# RESULT births 7123 deaths 6593 beta_returns 0 beta_energy 0.000000e+00
# RESULT conv rough=0.000000 cond=0.000000 evap=0.000000 backs=0.000000 rad=0.000000
# RESULT credit qcnvD=0.000000 qcnvF=0.000000
# RESULT p1 tot=(+2.836309e+02,-1.412904e+01,-1.317328e-01) rate=(+3.545386e+00,-1.766131e-01,-1.646660e-03)
# RESULT p1x sp=+8.528051e-02 fl=+0.000000e+00 fd=+2.847881e+02 gm=-1.242469e+00
# RESULT geometry phi_nom=1.6686 z_live=16.63 dbar=1.4422 sigma_d=0.1493
# RESULT es_shells 0.9924 0.9574 0.9409 0.9446 0.9813 0.9983 0.9990 1.0003
# RESULT blob Em_tag=55.73450 com=(9.374,7.829,7.941) rms=3.6587 conn=1.0000 z_tag=16.51
# RESULT blob_drift speed=0.001358 cos_to_kdir=0.3528 v=(4.79e-04,-4.33e-04,-1.19e-03)
