# freecell — v89 free-cell substance test (exp=blob)
# laws = laws_V2g VERBATIM (defaults): C=1 w1=1.65 w2=2.9 q_detune=1.2
# gamma_res=0.25 gamma_res_m=0.1 p_gate=8 lock_floor=0.005 k_dep=1.2 k_dep_m=2 cap=2.5
# e_s0=1 es_floor=0.05 e_cond=0 f_conv=0.25 f_evap=0.5 s_pull=0.15
# kappa_lock=1 kappa_align=0.5 s_k=0.06 s_disp=0.3 sigma_tumble=0.01
# comb_limit=6 rough_k=0.35 gamma_rough=0.5 mob_sym=1 mob_floor=0.004 field_J=1.8
# quant_A0=1.15 quant_mode=2 (A0eff=1.15)
# v91 radiance (laws_V3r candidate A): k_rad=0 p_rad=4 rad_clock=0
# v91 cantus (coherent-channel candidate B): k_cant=0 k_tune=0 cant_tau=50 cant_seed=0 cant_grow=1
# v91 registry (exchange-registry lane, REGISTRY.md): reg_tau=0 reg_gate=0 reg_f0=0
# v91 identity (parcel-identity lane, IDENTITY.md): par_tau=0 par_gate=0 par_form=0 par_lo=0.002 par_hi=0.02 par_mature=400
# v91 workfn (emergent-threshold lane, WORKFN.md): wf_on=1 wf_floor=0.01 wf_far=99
# v91 amplitude (field-side-identity lane Phase M, AMPLITUDE.md): amp_tau=0
# v92 amplitude Phase L lane L-1 (L0_DESIGN.md): amp_drv=0 amp_mmin=2
# v93 UNITARY DENSE CHANNEL (v93/README.md PART II): amp_nat=2
# v93 arg(psi) door (v93/README.md §II.7): amp_door=0
# v93 hop schedule (RING_DNLS §A.4): hop_order=1 (0=seq, 1=strang, 2=rand)
# QUENCH-2 apparatus: conf_r=0 conf_gap=0.3 conf_th=1.6 conf_pinw=3 spin_m=0 imp_k=0 qp_phase=0
# HORIZON apparatus (HORIZON.md): bh_r=0 bh_k=1 bh_sep=0
# FLOW apparatus (FLOW.md): bed_k=0 bed_tau=30
# GEOMETRY (apparatus): cfac=1.15 k_rep=1 mob_geo=1 kappa_bond=1 freeze_geo=0
# bath=1 bath_frac=1 jam_sweeps=800 jam_k=0.1 L=16 dt=0.02 T=80 seed=20260802 diag_every=200
# JAM sweeps=800 max_step=1.402e-04 (tol 1.0e-04, k_end=0.0010) — witness for the settle
# SEED blob: amp=0.5 sigma=2.5 kx=1.1 tagged=629 (add>5% of amp)
# INIT NC=2700 slots=25884 live=20764 phi_nom=1.6968 z_live=15.38 dbar=1.4102 sigma_d=14.78% E0=2780.845839558
#
# t | drift_rel | phi_nom z_live NLa NLd births deaths | dbar sigma_d% | maxstep maxbond | Em_tag ret com_dev rms conn z_tag | pair: d delta gf gb | core/far
t=    0.00 +0.00e+00 | 1.6968 15.38  20764    0      0      0 | 1.4102 14.78 | 0.00e+00 0.00e+00 |  82.7751 1.0000  0.0080  3.8202 1.000 15.07 | es_core/far=0.9303
# P1 t=0.00 tot=(+0.000000e+00,+0.000000e+00,+0.000000e+00) sp=+0.000e+00 fl=+0.000e+00 fd=+0.000e+00 gm=+0.000e+00 (x)
t=    4.00 +1.64e-16 | 1.6967 15.99  21590    0   1209   1108 | 1.4232 14.92 | 2.13e-03 3.03e-03 |  70.4121 0.8506  1.4261  3.5203 1.000 15.78 | es_core/far=0.9209
# P1 t=4.00 tot=(+2.839347e+02,-8.352328e-02,-1.400591e+00) sp=+4.680e-02 fl=+0.000e+00 fd=+2.846e+02 gm=-7.333e-01 (x)
t=    8.00 +0.00e+00 | 1.6967 16.18  21847    0   1998   1781 | 1.4278 15.00 | 1.73e-03 5.60e-03 |  67.7081 0.8180  1.3975  3.5113 1.000 15.97 | es_core/far=0.8924
# P1 t=8.00 tot=(+2.848849e+02,-1.101986e+00,-4.050601e-02) sp=+6.888e-02 fl=+0.000e+00 fd=+2.859e+02 gm=-1.066e+00 (x)
t=   12.00 +0.00e+00 | 1.6968 16.37  22093    0   2615   2331 | 1.4317 15.05 | 2.27e-03 3.13e-03 |  65.7819 0.7947  1.3253  3.4983 1.000 16.20 | es_core/far=0.9377
# P1 t=12.00 tot=(+2.797293e+02,-1.297431e-01,+1.230611e+00) sp=+7.426e-02 fl=+0.000e+00 fd=+2.805e+02 gm=-8.942e-01 (x)
t=   16.00 +0.00e+00 | 1.6968 16.49  22267    0   3143   2809 | 1.4343 15.08 | 1.66e-03 6.85e-03 |  64.9274 0.7844  1.2595  3.5030 1.000 16.33 | es_core/far=0.9194
# P1 t=16.00 tot=(+2.831183e+02,+3.778267e-01,+2.426844e+00) sp=+7.760e-02 fl=+0.000e+00 fd=+2.838e+02 gm=-7.384e-01 (x)
t=   20.00 +0.00e+00 | 1.6967 16.59  22397    0   3561   3194 | 1.4362 15.09 | 1.49e-03 5.90e-03 |  64.9584 0.7848  1.2651  3.5413 1.000 16.41 | es_core/far=0.9573
# P1 t=20.00 tot=(+2.805063e+02,+1.352844e+00,+1.352685e+00) sp=+8.305e-02 fl=+0.000e+00 fd=+2.809e+02 gm=-4.799e-01 (x)
t=   24.00 +0.00e+00 | 1.6967 16.65  22480    0   3887   3508 | 1.4374 15.11 | 4.79e-03 1.14e-02 |  63.5051 0.7672  1.3282  3.5179 1.000 16.48 | es_core/far=0.9952
# P1 t=24.00 tot=(+2.813347e+02,+3.348248e+00,+2.226429e+00) sp=+8.845e-02 fl=+0.000e+00 fd=+2.812e+02 gm=+1.225e-02 (x)
t=   28.00 -1.64e-16 | 1.6967 16.69  22527    0   4198   3800 | 1.4382 15.12 | 1.71e-03 5.51e-03 |  63.0392 0.7616  1.3178  3.6143 1.000 16.50 | es_core/far=1.0120
# P1 t=28.00 tot=(+2.757941e+02,+6.219995e+00,+1.859513e+00) sp=+8.676e-02 fl=+0.000e+00 fd=+2.755e+02 gm=+2.269e-01 (x)
t=   32.00 -1.64e-16 | 1.6967 16.71  22555    0   4503   4088 | 1.4387 15.13 | 1.76e-03 4.08e-03 |  63.3814 0.7657  1.3208  3.6482 1.000 16.49 | es_core/far=0.9820
# P1 t=32.00 tot=(+2.772645e+02,+7.834406e+00,+3.556544e+00) sp=+1.018e-01 fl=+0.000e+00 fd=+2.769e+02 gm=+2.275e-01 (x)
t=   36.00 -1.64e-16 | 1.6967 16.77  22639    0   4774   4363 | 1.4398 15.13 | 9.19e-04 5.80e-03 |  60.8403 0.7350  1.3123  3.6734 1.000 16.56 | es_core/far=0.9878
# P1 t=36.00 tot=(+2.827021e+02,+1.103380e+01,+2.932608e+00) sp=+1.124e-01 fl=+0.000e+00 fd=+2.825e+02 gm=+5.571e-02 (x)
# QATOM t=36.64 dir=DF w=1.23736652 e=0.226472947297 i=2279 Em=2.8006
t=   40.00 -1.64e-16 | 1.6967 16.79  22662    0   5014   4610 | 1.4402 15.14 | 1.04e-03 3.87e-03 |  61.1121 0.7383  1.2918  3.7441 1.000 16.60 | es_core/far=0.9984
# P1 t=40.00 tot=(+2.856784e+02,+1.145641e+01,+3.244499e+00) sp=+1.206e-01 fl=+0.000e+00 fd=+2.855e+02 gm=+5.148e-02 (x)
t=   44.00 -3.27e-16 | 1.6967 16.79  22665    0   5283   4829 | 1.4403 15.14 | 1.04e-03 3.34e-03 |  60.2933 0.7284  1.3920  3.7025 1.000 16.58 | es_core/far=0.9909
# P1 t=44.00 tot=(+2.844156e+02,+1.253266e+01,+3.319475e+00) sp=+1.248e-01 fl=+0.000e+00 fd=+2.842e+02 gm=+7.887e-02 (x)
t=   48.00 -3.27e-16 | 1.6967 16.79  22672    0   5534   5080 | 1.4405 15.14 | 1.48e-03 3.86e-03 |  59.0873 0.7138  1.4295  3.6941 1.000 16.57 | es_core/far=0.9962
# P1 t=48.00 tot=(+2.789018e+02,+1.145286e+01,+1.975041e+00) sp=+1.218e-01 fl=+0.000e+00 fd=+2.788e+02 gm=-3.030e-02 (x)
t=   52.00 -3.27e-16 | 1.6967 16.82  22703    0   5787   5304 | 1.4409 15.14 | 1.46e-03 3.57e-03 |  58.8686 0.7112  1.4206  3.7205 1.000 16.60 | es_core/far=0.9966
# P1 t=52.00 tot=(+2.825562e+02,+1.071319e+01,+1.270134e+00) sp=+1.311e-01 fl=+0.000e+00 fd=+2.824e+02 gm=+5.329e-02 (x)
t=   56.00 -3.27e-16 | 1.6968 16.82  22713    0   6025   5526 | 1.4411 15.15 | 1.05e-03 4.64e-03 |  58.0913 0.7018  1.3492  3.7589 1.000 16.60 | es_core/far=0.9992
# P1 t=56.00 tot=(+2.868503e+02,+1.073715e+01,+9.369834e-01) sp=+1.357e-01 fl=+0.000e+00 fd=+2.865e+02 gm=+2.159e-01 (x)
t=   60.00 -4.91e-16 | 1.6969 16.83  22714    0   6258   5771 | 1.4414 15.16 | 1.10e-03 6.20e-03 |  57.7975 0.6982  1.2263  3.7793 1.000 16.57 | es_core/far=1.0002
# P1 t=60.00 tot=(+2.816961e+02,+1.109367e+01,+3.876099e+00) sp=+1.398e-01 fl=+0.000e+00 fd=+2.814e+02 gm=+1.903e-01 (x)
t=   64.00 -4.91e-16 | 1.6968 16.85  22746    0   6468   5991 | 1.4418 15.16 | 1.64e-03 8.81e-03 |  57.5736 0.6955  1.2859  3.7825 1.000 16.60 | es_core/far=0.9994
# P1 t=64.00 tot=(+2.966364e+02,+1.129770e+01,+2.572838e+00) sp=+1.356e-01 fl=+0.000e+00 fd=+2.962e+02 gm=+2.617e-01 (x)
t=   68.00 -6.54e-16 | 1.6968 16.87  22771    0   6725   6208 | 1.4424 15.18 | 1.08e-03 3.56e-03 |  56.1409 0.6782  1.3324  3.7488 1.000 16.62 | es_core/far=0.9936
# P1 t=68.00 tot=(+2.969595e+02,+1.074190e+01,+2.643306e+00) sp=+1.297e-01 fl=+0.000e+00 fd=+2.965e+02 gm=+3.047e-01 (x)
t=   72.00 -6.54e-16 | 1.6968 16.89  22799    0   6974   6419 | 1.4428 15.19 | 1.23e-03 4.96e-03 |  55.3230 0.6684  1.3258  3.7456 1.000 16.68 | es_core/far=0.9915
# P1 t=72.00 tot=(+3.004180e+02,+1.078391e+01,+2.983651e+00) sp=+1.385e-01 fl=+0.000e+00 fd=+3.000e+02 gm=+2.579e-01 (x)
t=   76.00 -8.18e-16 | 1.6968 16.91  22834    0   7204   6648 | 1.4433 15.20 | 2.43e-03 5.90e-03 |  55.9578 0.6760  1.3101  3.7827 1.000 16.72 | es_core/far=0.9993
# P1 t=76.00 tot=(+2.962207e+02,+8.515401e+00,+3.430763e+00) sp=+1.336e-01 fl=+0.000e+00 fd=+2.958e+02 gm=+3.241e-01 (x)
t=   80.00 -8.18e-16 | 1.6968 16.92  22845    0   7400   6851 | 1.4435 15.20 | 1.78e-03 5.18e-03 |  55.2225 0.6671  1.3380  3.7357 1.000 16.75 | es_core/far=0.9989
# P1 t=80.00 tot=(+3.009989e+02,+9.079935e+00,+3.068139e+00) sp=+1.417e-01 fl=+0.000e+00 fd=+3.005e+02 gm=+3.920e-01 (x)
#
# RESULT drift_rel -8.176e-16
# RESULT births 7400 deaths 6851 beta_returns 0 beta_energy 0.000000e+00
# RESULT conv rough=0.000000 cond=0.000000 evap=0.226473 backs=0.029540 rad=0.000000
# RESULT credit qcnvD=0.238344 qcnvF=0.140391
# RESULT p1 tot=(+3.009989e+02,+9.079935e+00,+3.068139e+00) rate=(+3.762486e+00,+1.134992e-01,+3.835173e-02)
# RESULT p1x sp=+1.416873e-01 fl=+0.000000e+00 fd=+3.004652e+02 gm=+3.919543e-01
# RESULT geometry phi_nom=1.6968 z_live=16.92 dbar=1.4435 sigma_d=0.1520
# RESULT es_shells 0.9959 0.9513 0.9333 0.9590 0.9859 0.9923 0.9993 0.9992
# RESULT blob Em_tag=55.22246 com=(9.336,7.977,7.934) rms=3.7357 conn=1.0000 z_tag=16.75
# RESULT blob_drift speed=0.003247 cos_to_kdir=-0.4599 v=(-1.49e-03,-1.93e-03,-2.14e-03)
