=== scp_sim_c4: V44 + Cosserat + Curl²-Hardening (+ optional chiral) ===
d²φ/dt² = ∇²φ - m²φ - V'(P) + η·curl(θ) - α·curl(M) - 2curl(Q)
d²θ/dt² = ∇²θ - m_θ²θ + η·curl(φ) + 2α·M - β|∇×φ|²θ
  M = curl(φ)/2 - θ,  Q = (β/2)|θ|²curl(φ)

Grid:    N=48 L=12.0 T=400 dt_factor=0.0500
Physics: m²=2.2500 m_θ²=2.5600 η=0.000 μ=-41.345 κ=50.0 κ_h=0.000 α=0.000 β=0.000
Complex: 12-field U(1) kernel (complex_phi=1)
Q-diag:  radius=10.00 probes=(8.00,16.00)
Gauge:   U(1) compact links, g=1.0000 (complex_gauge=1)
Locks:   n_locks=2 file=(inline lock0..) track=locks_track.tsv soft_r=2 soft_k=0.15
Mode:    0
BC:      periodic
Init:    oscillon
Output:  out.sfa (f32, snap=1000.0 diag=2.0)

Allocating 0.05 GB (5971968 doubles, N=48, 12 fields + U(1) links)
dx=0.5106 dt=0.025532 threads=8

Locks: allocated 2 carriers + rho/J scratch
  lock[0] from lock0=1,12,4,0,0,0,0.08,0,0
  lock[1] from lock1=-1,12,-4,0,0,0,-0.08,0,0
Init: oscillon (A=0.000 sigma=3.000)
Gauss projection: 174 CG iters, gauss_max(0)=1.20e-13 (offset 2.728e-21)
SFA: out.sfa (30 cols, f32, BSS+zstd)

INIT: E_total=1.7200e-01 E_pot=0.0000 phi_max=0.0000 P_int=0.0000e+00 theta_rms=0.000e+00

Locks: n=2 Q=0 E*=2.4000e+01 Ekin=7.6678e-02
t=   39.8 E=2.461e-01 (drift +43.064%) Ep=0.0 phi=0.000 θ_rms=0.00e+00 Q=0.000000e+00 s_max=0.0000e+00 gauss=1.2e-13 E_em=2.461e-01 locks=2 E*=2.40e+01 [10% 17.4s 11.15ms/step]
t=   79.7 E=2.709e-01 (drift +57.517%) Ep=0.0 phi=0.000 θ_rms=0.00e+00 Q=0.000000e+00 s_max=0.0000e+00 gauss=1.2e-13 E_em=2.709e-01 locks=2 E*=2.40e+01 [20% 33.4s 10.72ms/step]
t=  119.5 E=2.553e-01 (drift +48.435%) Ep=0.0 phi=0.000 θ_rms=0.00e+00 Q=0.000000e+00 s_max=0.0000e+00 gauss=1.2e-13 E_em=2.553e-01 locks=2 E*=2.40e+01 [30% 49.5s 10.58ms/step]
t=  159.3 E=8.741e-01 (drift +408.183%) Ep=0.0 phi=0.000 θ_rms=0.00e+00 Q=0.000000e+00 s_max=0.0000e+00 gauss=1.2e-13 E_em=8.741e-01 locks=2 E*=2.40e+01 [40% 65.6s 10.50ms/step]
t=  199.1 E=9.177e-01 (drift +433.554%) Ep=0.0 phi=0.000 θ_rms=0.00e+00 Q=0.000000e+00 s_max=0.0000e+00 gauss=1.2e-13 E_em=9.177e-01 locks=2 E*=2.40e+01 [50% 81.5s 10.45ms/step]
t=  239.0 E=8.804e-01 (drift +411.866%) Ep=0.0 phi=0.000 θ_rms=0.00e+00 Q=0.000000e+00 s_max=0.0000e+00 gauss=1.2e-13 E_em=8.804e-01 locks=2 E*=2.40e+01 [60% 97.6s 10.43ms/step]
t=  278.8 E=9.381e-01 (drift +445.397%) Ep=0.0 phi=0.000 θ_rms=0.00e+00 Q=0.000000e+00 s_max=0.0000e+00 gauss=1.2e-13 E_em=9.381e-01 locks=2 E*=2.40e+01 [70% 113.7s 10.41ms/step]
t=  318.6 E=1.301e+00 (drift +656.658%) Ep=0.0 phi=0.000 θ_rms=0.00e+00 Q=0.000000e+00 s_max=0.0000e+00 gauss=1.2e-13 E_em=1.301e+00 locks=2 E*=2.40e+01 [80% 129.7s 10.40ms/step]
t=  358.5 E=1.339e+00 (drift +678.298%) Ep=0.0 phi=0.000 θ_rms=0.00e+00 Q=0.000000e+00 s_max=0.0000e+00 gauss=1.2e-13 E_em=1.339e+00 locks=2 E*=2.40e+01 [90% 146.2s 10.41ms/step]
t=  398.3 E=1.335e+00 (drift +675.948%) Ep=0.0 phi=0.000 θ_rms=0.00e+00 Q=0.000000e+00 s_max=0.0000e+00 gauss=1.2e-13 E_em=1.335e+00 locks=2 E*=2.40e+01 [100% 162.8s 10.44ms/step]

=== COMPLETE ===
E_total=1.3219e+00 (drift 668.542%) E_pot=0.0000
phi_max=0.0000 P_int=0.0000e+00 theta_rms=0.000e+00
Q_phi=0.000000e+00 Q_theta=0.000000e+00 Q_total=0.000000e+00 s_max=0.0000e+00 r_core=0.000 omega_core=0.0000 Q_core=0.000000e+00
gauss_max=1.205e-13 gauss_l2=2.784e-14 E_em=1.321894e+00 Q_flux=1.000000e+00
SFA: out.sfa (1 frames)
[WARN] theta_rms grew: 0.00e+00 -> 0.00e+00
Wall: 163.5s (2.7 min) 10.44ms/step
