# cellfab — v89 cell-fabric kernel (no lattice, no prior code)
# cfg seed=20260727 mode=field init=pairs
# cfg L=30 dmin=1 r0=0.85 rjit=0.06
# cfg C=1 w1=1.5 w2=2.9 q_detune=0.35 gamma_res=0.25 gamma_res_m=0.02 p_gate=8
# cfg lock_floor=0.005
# cfg k_dep=1.2 k_dep_m=2 cap=2.5 e_s0=1 es_floor=0.05
# cfg e_cond=99 f_conv=0.25 f_evap=0.5 s_pull=0.15
# cfg kappa_lock=1 kappa_align=0.5 sigma_tumble=0.01
# cfg dt=0.02 T=60 diag_every=500 snap_every=0
# cfg center=(-1,-1,-1) amp=1 sigma=2.5 k=(0,0,0) prealign=0 noise_amp=0.08
# cfg music: comb_limit=6 rough_k=0.35 gamma_rough=0.5 mob_sym=1 mob_floor=0.01
# cfg pairs: n=60 x0=-1 x1=-1 pq=1:1 seedlock=0 d=[1,1.55] gap=5
# pairs: seeded 60 of 60 requested, d=[1,1.55], x0=x*(d), example 0.44, phases=random
# fabric: cells=18670 channels=166635 mean_degree=17.85 box=30 dmin=1
# t	E_space	E_dense	E_field	E_transfer	E_total	rel_drift	live_ch	cm_x	cm_y	cm_z	contain	front_r	r_core	defA	r_far	r_ratio	w_core	w_far
0.000	18650.7652	147.466892	749.087271	0	19547.3193514	0.000e+00	111166	14.261	15.307	15.941	0.055	25.2215	0.8474	0	0.8494	0.9977	1.49152	1.49026
# PAIR t=0.0 p=0 d=1.281 pq=1:1 delta=-0.023 x=0.533 ratio=0.9959 dth=+0.646 gg=0.1943 fl=0.000 ret=1.000 shed=0.000 act=0.0000
# PAIR t=0.0 p=1 d=1.229 pq=1:1 delta=-0.030 x=0.401 ratio=1.0084 dth=-0.443 gg=0.4280 fl=0.000 ret=1.000 shed=0.000 act=0.0000
# PAIR t=0.0 p=2 d=1.286 pq=1:1 delta=-0.054 x=0.565 ratio=1.0011 dth=+1.687 gg=0.0000 fl=0.000 ret=1.000 shed=0.000 act=0.0000
# PAIR t=0.0 p=3 d=1.182 pq=1:1 delta=-0.033 x=0.276 ratio=1.0096 dth=+1.449 gg=0.0001 fl=0.000 ret=1.000 shed=0.000 act=0.0000
# PAIR t=0.0 p=4 d=1.097 pq=1:1 delta=-0.013 x=0.042 ratio=0.9992 dth=-0.395 gg=0.5228 fl=0.000 ret=1.000 shed=0.000 act=0.0000
# PAIR t=0.0 p=5 d=1.364 pq=1:1 delta=-0.037 x=0.763 ratio=1.0057 dth=-0.277 gg=0.7027 fl=0.000 ret=1.000 shed=0.000 act=0.0000
# PAIR t=0.0 p=6 d=1.391 pq=1:1 delta=-0.026 x=0.828 ratio=0.9971 dth=-2.928 gg=0.0000 fl=0.000 ret=1.000 shed=0.000 act=0.0000
# PAIR t=0.0 p=7 d=1.421 pq=1:1 delta=-0.041 x=0.915 ratio=1.0033 dth=+2.355 gg=0.0000 fl=0.000 ret=1.000 shed=0.000 act=0.0000
# PAIR t=0.0 p=8 d=1.311 pq=1:1 delta=-0.044 x=0.625 ratio=1.0025 dth=+1.336 gg=0.0006 fl=0.000 ret=1.000 shed=0.000 act=0.0000
# PAIR t=0.0 p=9 d=1.343 pq=1:1 delta=-0.042 x=0.708 ratio=1.0015 dth=+1.763 gg=0.0000 fl=0.000 ret=1.000 shed=0.000 act=0.0000
# PAIR t=0.0 p=10 d=1.201 pq=1:1 delta=-0.039 x=0.330 ratio=0.9955 dth=+1.848 gg=0.0000 fl=0.000 ret=1.000 shed=0.000 act=0.0000
# PAIR t=0.0 p=11 d=1.239 pq=1:1 delta=-0.016 x=0.419 ratio=0.9982 dth=-2.371 gg=0.0000 fl=0.000 ret=1.000 shed=0.000 act=0.0000
# PAIR t=0.0 p=12 d=1.334 pq=1:1 delta=-0.028 x=0.677 ratio=0.9972 dth=+2.469 gg=0.0000 fl=0.000 ret=1.000 shed=0.000 act=0.0000
# PAIR t=0.0 p=13 d=1.235 pq=1:1 delta=-0.050 x=0.427 ratio=0.9994 dth=+0.334 gg=0.6796 fl=0.000 ret=1.000 shed=0.000 act=0.0000
# PAIR t=0.0 p=14 d=1.110 pq=1:1 delta=-0.052 x=0.095 ratio=1.0011 dth=+0.205 gg=0.8767 fl=0.000 ret=1.000 shed=0.000 act=0.0000
# PAIR t=0.0 p=15 d=1.171 pq=1:1 delta=-0.033 x=0.248 ratio=1.0044 dth=+2.489 gg=0.0000 fl=0.000 ret=1.000 shed=0.000 act=0.0000
# PAIR t=0.0 p=16 d=1.402 pq=1:1 delta=-0.008 x=0.845 ratio=0.9993 dth=-1.324 gg=0.0005 fl=0.000 ret=1.000 shed=0.000 act=0.0000
# PAIR t=0.0 p=17 d=1.328 pq=1:1 delta=-0.018 x=0.656 ratio=0.9948 dth=-2.093 gg=0.0000 fl=0.000 ret=1.000 shed=0.000 act=0.0000
# PAIR t=0.0 p=18 d=1.264 pq=1:1 delta=-0.011 x=0.483 ratio=0.9971 dth=-0.991 gg=0.0157 fl=0.000 ret=1.000 shed=0.000 act=0.0000
# PAIR t=0.0 p=19 d=1.281 pq=1:1 delta=-0.033 x=0.538 ratio=0.9975 dth=-0.760 gg=0.0838 fl=0.000 ret=1.000 shed=0.000 act=0.0000
# PAIR t=0.0 p=20 d=1.308 pq=1:1 delta=-0.046 x=0.617 ratio=1.0038 dth=+1.489 gg=0.0001 fl=0.000 ret=1.000 shed=0.000 act=0.0000
# PAIR t=0.0 p=21 d=1.340 pq=1:1 delta=-0.040 x=0.700 ratio=1.0036 dth=+1.972 gg=0.0000 fl=0.000 ret=1.000 shed=0.000 act=0.0000
# PAIR t=0.0 p=22 d=1.232 pq=1:1 delta=-0.052 x=0.420 ratio=0.9984 dth=-0.507 gg=0.3153 fl=0.000 ret=1.000 shed=0.000 act=0.0000
# PAIR t=0.0 p=23 d=1.366 pq=1:1 delta=-0.021 x=0.758 ratio=1.0029 dth=+0.159 gg=0.9148 fl=0.000 ret=1.000 shed=0.000 act=0.0000
# PAIR t=0.0 p=24 d=1.374 pq=1:1 delta=-0.047 x=0.795 ratio=0.9994 dth=-0.440 gg=0.4203 fl=0.000 ret=1.000 shed=0.000 act=0.0000
# PAIR t=0.0 p=25 d=1.327 pq=1:1 delta=-0.032 x=0.659 ratio=1.0023 dth=-2.565 gg=0.0000 fl=0.000 ret=1.000 shed=0.000 act=0.0000
# PAIR t=0.0 p=26 d=1.216 pq=1:1 delta=-0.029 x=0.365 ratio=1.0054 dth=-2.509 gg=0.0000 fl=0.000 ret=1.000 shed=0.000 act=0.0000
# PAIR t=0.0 p=27 d=1.312 pq=1:1 delta=-0.035 x=0.622 ratio=0.9996 dth=+1.766 gg=0.0000 fl=0.000 ret=1.000 shed=0.000 act=0.0000
# PAIR t=0.0 p=28 d=1.101 pq=1:1 delta=-0.029 x=0.060 ratio=1.0058 dth=-2.312 gg=0.0000 fl=0.000 ret=1.000 shed=0.000 act=0.0000
# PAIR t=0.0 p=29 d=1.380 pq=1:1 delta=-0.028 x=0.798 ratio=1.0079 dth=+2.299 gg=0.0000 fl=0.000 ret=1.000 shed=0.000 act=0.0000
# PAIR t=0.0 p=30 d=1.343 pq=1:1 delta=-0.031 x=0.704 ratio=1.0001 dth=-0.501 gg=0.3401 fl=0.000 ret=1.000 shed=0.000 act=0.0000
# PAIR t=0.0 p=31 d=1.268 pq=1:1 delta=-0.028 x=0.503 ratio=0.9921 dth=-1.384 gg=0.0002 fl=0.000 ret=1.000 shed=0.000 act=0.0000
# PAIR t=0.0 p=32 d=1.363 pq=1:1 delta=-0.013 x=0.745 ratio=1.0000 dth=+2.373 gg=0.0000 fl=0.000 ret=1.000 shed=0.000 act=0.0000
# PAIR t=0.0 p=33 d=1.378 pq=1:1 delta=-0.019 x=0.788 ratio=0.9988 dth=+0.691 gg=0.1507 fl=0.000 ret=1.000 shed=0.000 act=0.0000
# PAIR t=0.0 p=34 d=1.154 pq=1:1 delta=-0.021 x=0.197 ratio=0.9986 dth=-1.186 gg=0.0022 fl=0.000 ret=1.000 shed=0.000 act=0.0000
# PAIR t=0.0 p=35 d=1.182 pq=1:1 delta=-0.012 x=0.266 ratio=1.0024 dth=+2.973 gg=0.0000 fl=0.000 ret=1.000 shed=0.000 act=0.0000
# PAIR t=0.0 p=36 d=1.251 pq=1:1 delta=-0.045 x=0.466 ratio=0.9980 dth=-2.307 gg=0.0000 fl=0.000 ret=1.000 shed=0.000 act=0.0000
# PAIR t=0.0 p=37 d=1.362 pq=1:1 delta=-0.031 x=0.753 ratio=1.0010 dth=+0.211 gg=0.8565 fl=0.000 ret=1.000 shed=0.000 act=0.0000
# PAIR t=0.0 p=38 d=1.105 pq=1:1 delta=-0.040 x=0.077 ratio=0.9989 dth=+0.974 gg=0.0226 fl=0.000 ret=1.000 shed=0.000 act=0.0000
# PAIR t=0.0 p=39 d=1.403 pq=1:1 delta=-0.019 x=0.855 ratio=1.0022 dth=+3.036 gg=0.0000 fl=0.000 ret=1.000 shed=0.000 act=0.0000
# PAIR t=0.0 p=40 d=1.381 pq=1:1 delta=-0.040 x=0.809 ratio=0.9962 dth=-0.801 gg=0.0622 fl=0.000 ret=1.000 shed=0.000 act=0.0000
# PAIR t=0.0 p=41 d=1.280 pq=1:1 delta=-0.024 x=0.531 ratio=1.0020 dth=-2.546 gg=0.0000 fl=0.000 ret=1.000 shed=0.000 act=0.0000
# PAIR t=0.0 p=42 d=1.112 pq=1:1 delta=-0.037 x=0.094 ratio=0.9924 dth=+0.891 gg=0.0430 fl=0.000 ret=1.000 shed=0.000 act=0.0000
# PAIR t=0.0 p=43 d=1.127 pq=1:1 delta=-0.033 x=0.131 ratio=0.9897 dth=-3.012 gg=0.0000 fl=0.000 ret=1.000 shed=0.000 act=0.0000
# PAIR t=0.0 p=44 d=1.351 pq=1:1 delta=-0.020 x=0.716 ratio=1.0030 dth=-1.380 gg=0.0002 fl=0.000 ret=1.000 shed=0.000 act=0.0000
# PAIR t=0.0 p=45 d=1.395 pq=1:1 delta=-0.025 x=0.836 ratio=0.9929 dth=+1.106 gg=0.0065 fl=0.000 ret=1.000 shed=0.000 act=0.0000
# PAIR t=0.0 p=46 d=1.100 pq=1:1 delta=-0.028 x=0.057 ratio=0.9988 dth=+0.471 gg=0.4292 fl=0.000 ret=1.000 shed=0.000 act=0.0000
# PAIR t=0.0 p=47 d=1.188 pq=1:1 delta=-0.024 x=0.289 ratio=0.9967 dth=+0.104 gg=0.9662 fl=0.000 ret=1.000 shed=0.000 act=0.0000
# PAIR t=0.0 p=48 d=1.220 pq=1:1 delta=-0.047 x=0.385 ratio=0.9972 dth=+1.412 gg=0.0002 fl=0.000 ret=1.000 shed=0.000 act=0.0000
# PAIR t=0.0 p=49 d=1.357 pq=1:1 delta=-0.040 x=0.745 ratio=1.0008 dth=-3.086 gg=0.0000 fl=0.000 ret=1.000 shed=0.000 act=0.0000
# PAIR t=0.0 p=50 d=1.319 pq=1:1 delta=-0.033 x=0.641 ratio=0.9937 dth=-1.090 gg=0.0057 fl=0.000 ret=1.000 shed=0.000 act=0.0000
# PAIR t=0.0 p=51 d=1.110 pq=1:1 delta=-0.041 x=0.090 ratio=1.0047 dth=-2.946 gg=0.0000 fl=0.000 ret=1.000 shed=0.000 act=0.0000
# PAIR t=0.0 p=52 d=1.134 pq=1:1 delta=-0.039 x=0.154 ratio=0.9984 dth=-1.336 gg=0.0003 fl=0.000 ret=1.000 shed=0.000 act=0.0000
# PAIR t=0.0 p=53 d=1.273 pq=1:1 delta=-0.020 x=0.511 ratio=1.0038 dth=-0.541 gg=0.2917 fl=0.000 ret=1.000 shed=0.000 act=0.0000
# PAIR t=0.0 p=54 d=1.178 pq=1:1 delta=-0.021 x=0.259 ratio=0.9936 dth=+1.896 gg=0.0000 fl=0.000 ret=1.000 shed=0.000 act=0.0000
# PAIR t=0.0 p=55 d=1.359 pq=1:1 delta=-0.031 x=0.745 ratio=0.9994 dth=-2.597 gg=0.0000 fl=0.000 ret=1.000 shed=0.000 act=0.0000
# PAIR t=0.0 p=56 d=1.330 pq=1:1 delta=-0.030 x=0.668 ratio=1.0077 dth=+1.270 gg=0.0012 fl=0.000 ret=1.000 shed=0.000 act=0.0000
# PAIR t=0.0 p=57 d=1.281 pq=1:1 delta=-0.030 x=0.538 ratio=0.9992 dth=+2.427 gg=0.0000 fl=0.000 ret=1.000 shed=0.000 act=0.0000
# PAIR t=0.0 p=58 d=1.299 pq=1:1 delta=-0.028 x=0.585 ratio=1.0021 dth=+1.840 gg=0.0000 fl=0.000 ret=1.000 shed=0.000 act=0.0000
# PAIR t=0.0 p=59 d=1.148 pq=1:1 delta=-0.045 x=0.193 ratio=0.9976 dth=-1.161 gg=0.0026 fl=0.000 ret=1.000 shed=0.000 act=0.0000
10.000	18651.0075	137.332805	629.238118	129.740919	19547.3193514	0.000e+00	111166	14.120	15.307	16.072	0.058	25.2377	0.8474	-2.2534	0.8494	0.9977	1.49214	1.49163
# PAIR t=10.0 p=0 d=1.281 pq=1:1 delta=+0.089 x=0.472 ratio=1.0129 dth=+0.028 gg=0.9713 fl=0.092 ret=0.955 shed=0.116 act=0.6097
# PAIR t=10.0 p=1 d=1.229 pq=1:1 delta=+0.055 x=0.354 ratio=0.9944 dth=-0.085 gg=0.9839 fl=0.036 ret=0.926 shed=0.142 act=0.1696
# PAIR t=10.0 p=2 d=1.286 pq=1:1 delta=-0.028 x=0.550 ratio=1.0008 dth=+1.651 gg=0.0000 fl=0.001 ret=0.999 shed=0.002 act=0.0050
# PAIR t=10.0 p=3 d=1.182 pq=1:1 delta=+0.010 x=0.254 ratio=1.0118 dth=+0.074 gg=0.9751 fl=0.054 ret=0.974 shed=0.034 act=0.1657
# PAIR t=10.0 p=4 d=1.097 pq=1:1 delta=+0.046 x=0.015 ratio=0.9951 dth=-0.034 gg=0.9974 fl=0.014 ret=0.217 shed=0.143 act=0.0057
# PAIR t=10.0 p=5 d=1.364 pq=1:1 delta=+0.041 x=0.716 ratio=0.9995 dth=-0.032 gg=0.9978 fl=0.049 ret=0.991 shed=0.035 act=0.5004
# PAIR t=10.0 p=6 d=1.391 pq=1:1 delta=-0.005 x=0.815 ratio=0.9992 dth=-2.971 gg=0.0000 fl=0.000 ret=0.999 shed=0.004 act=0.0000
# PAIR t=10.0 p=7 d=1.421 pq=1:1 delta=-0.016 x=0.900 ratio=1.0020 dth=+2.385 gg=0.0000 fl=0.000 ret=0.999 shed=0.003 act=0.0000
# PAIR t=10.0 p=8 d=1.311 pq=1:1 delta=+0.153 x=0.516 ratio=1.0074 dth=-0.008 gg=0.9590 fl=0.151 ret=0.983 shed=0.050 act=1.1892
# PAIR t=10.0 p=9 d=1.343 pq=1:1 delta=-0.021 x=0.696 ratio=0.9982 dth=+1.771 gg=0.0000 fl=0.000 ret=0.999 shed=0.002 act=0.0003
# PAIR t=10.0 p=10 d=1.201 pq=1:1 delta=-0.030 x=0.325 ratio=1.0075 dth=+1.961 gg=0.0000 fl=0.000 ret=0.996 shed=0.006 act=0.0000
# PAIR t=10.0 p=11 d=1.239 pq=1:1 delta=-0.016 x=0.420 ratio=1.0051 dth=-2.320 gg=0.0000 fl=0.000 ret=0.998 shed=0.004 act=0.0000
# PAIR t=10.0 p=12 d=1.334 pq=1:1 delta=-0.010 x=0.667 ratio=0.9998 dth=+2.425 gg=0.0000 fl=0.000 ret=0.999 shed=0.003 act=0.0000
# PAIR t=10.0 p=13 d=1.235 pq=1:1 delta=+0.046 x=0.373 ratio=0.9960 dth=-0.091 gg=0.9798 fl=0.039 ret=0.931 shed=0.138 act=0.1920
# PAIR t=10.0 p=14 d=1.110 pq=1:1 delta=+0.084 x=0.031 ratio=0.9903 dth=+0.021 gg=0.9772 fl=0.165 ret=0.329 shed=0.236 act=0.1288
# PAIR t=10.0 p=15 d=1.171 pq=1:1 delta=-0.068 x=0.266 ratio=1.0161 dth=+2.762 gg=0.0000 fl=0.000 ret=0.988 shed=0.014 act=0.0000
# PAIR t=10.0 p=16 d=1.402 pq=1:1 delta=-0.005 x=0.843 ratio=1.0005 dth=-1.224 gg=0.0016 fl=0.000 ret=0.999 shed=0.003 act=0.0023
# PAIR t=10.0 p=17 d=1.328 pq=1:1 delta=-0.005 x=0.649 ratio=0.9982 dth=-2.180 gg=0.0000 fl=0.000 ret=0.999 shed=0.002 act=0.0000
# PAIR t=10.0 p=18 d=1.264 pq=1:1 delta=+0.229 x=0.358 ratio=0.9959 dth=-0.131 gg=0.9478 fl=0.232 ret=0.955 shed=0.107 act=1.4008
# PAIR t=10.0 p=19 d=1.281 pq=1:1 delta=+0.362 x=0.333 ratio=1.0000 dth=-0.197 gg=0.8763 fl=0.384 ret=0.953 shed=0.121 act=2.5598
# PAIR t=10.0 p=20 d=1.308 pq=1:1 delta=-0.036 x=0.612 ratio=1.0091 dth=+1.565 gg=0.0000 fl=0.000 ret=0.999 shed=0.004 act=0.0032
# PAIR t=10.0 p=21 d=1.340 pq=1:1 delta=-0.039 x=0.699 ratio=1.0062 dth=+2.089 gg=0.0000 fl=0.000 ret=1.000 shed=0.002 act=0.0000
# PAIR t=10.0 p=22 d=1.232 pq=1:1 delta=+0.000 x=0.390 ratio=0.9918 dth=-0.031 gg=0.9961 fl=0.025 ret=0.916 shed=0.166 act=0.1225
# PAIR t=10.0 p=23 d=1.366 pq=1:1 delta=+0.049 x=0.716 ratio=1.0006 dth=-0.029 gg=0.9975 fl=0.044 ret=0.992 shed=0.029 act=0.4497
# PAIR t=10.0 p=24 d=1.374 pq=1:1 delta=+0.012 x=0.759 ratio=0.9986 dth=-0.041 gg=0.9951 fl=0.033 ret=0.992 shed=0.031 act=0.3433
# PAIR t=10.0 p=25 d=1.327 pq=1:1 delta=-0.026 x=0.656 ratio=1.0045 dth=-2.478 gg=0.0000 fl=0.000 ret=0.999 shed=0.004 act=0.0000
# PAIR t=10.0 p=26 d=1.216 pq=1:1 delta=-0.012 x=0.357 ratio=0.9982 dth=-2.423 gg=0.0000 fl=0.000 ret=0.995 shed=0.009 act=0.0000
# PAIR t=10.0 p=27 d=1.312 pq=1:1 delta=-0.027 x=0.618 ratio=0.9968 dth=+1.708 gg=0.0000 fl=0.000 ret=0.999 shed=0.002 act=0.0014
# PAIR t=10.0 p=28 d=1.101 pq=1:1 delta=+0.027 x=0.035 ratio=0.9769 dth=+2.332 gg=0.0000 fl=0.000 ret=0.380 shed=0.145 act=0.0000
# PAIR t=10.0 p=29 d=1.380 pq=1:1 delta=-0.016 x=0.791 ratio=1.0043 dth=+2.468 gg=0.0000 fl=0.000 ret=1.000 shed=0.002 act=0.0000
# PAIR t=10.0 p=30 d=1.343 pq=1:1 delta=+0.077 x=0.641 ratio=0.9976 dth=-0.056 gg=0.9928 fl=0.077 ret=0.984 shed=0.055 act=0.7068
# PAIR t=10.0 p=31 d=1.268 pq=1:1 delta=+0.212 x=0.376 ratio=0.9950 dth=-0.492 gg=0.5234 fl=0.241 ret=0.997 shed=0.009 act=1.4892
# PAIR t=10.0 p=32 d=1.363 pq=1:1 delta=-0.007 x=0.742 ratio=1.0006 dth=+2.375 gg=0.0000 fl=0.000 ret=0.999 shed=0.002 act=0.0000
# PAIR t=10.0 p=33 d=1.378 pq=1:1 delta=+0.035 x=0.755 ratio=1.0023 dth=+0.016 gg=0.9942 fl=0.034 ret=0.991 shed=0.036 act=0.3610
# PAIR t=10.0 p=34 d=1.154 pq=1:1 delta=+0.284 x=0.053 ratio=0.9994 dth=-0.164 gg=0.9204 fl=0.542 ret=0.807 shed=0.180 act=1.1708
# PAIR t=10.0 p=35 d=1.182 pq=1:1 delta=-0.027 x=0.273 ratio=0.9917 dth=+2.966 gg=0.0000 fl=0.000 ret=0.990 shed=0.013 act=0.0000
# PAIR t=10.0 p=36 d=1.251 pq=1:1 delta=-0.014 x=0.449 ratio=0.9987 dth=-2.375 gg=0.0000 fl=0.000 ret=0.998 shed=0.005 act=0.0000
# PAIR t=10.0 p=37 d=1.362 pq=1:1 delta=+0.011 x=0.728 ratio=1.0012 dth=+0.011 gg=0.9987 fl=0.027 ret=0.995 shed=0.020 act=0.2689
# PAIR t=10.0 p=38 d=1.105 pq=1:1 delta=+0.118 x=0.004 ratio=0.9993 dth=-0.498 gg=0.4536 fl=0.107 ret=0.107 shed=0.259 act=0.0689
# PAIR t=10.0 p=39 d=1.403 pq=1:1 delta=-0.005 x=0.847 ratio=0.9996 dth=+3.038 gg=0.0000 fl=0.000 ret=0.999 shed=0.003 act=0.0000
# PAIR t=10.0 p=40 d=1.381 pq=1:1 delta=-0.010 x=0.791 ratio=0.9987 dth=-0.106 gg=0.9522 fl=0.014 ret=0.998 shed=0.008 act=0.1484
# PAIR t=10.0 p=41 d=1.280 pq=1:1 delta=-0.025 x=0.532 ratio=1.0040 dth=-2.465 gg=0.0000 fl=0.000 ret=0.999 shed=0.003 act=0.0000
# PAIR t=10.0 p=42 d=1.112 pq=1:1 delta=-0.019 x=0.086 ratio=1.0205 dth=+0.089 gg=0.9749 fl=0.146 ret=0.805 shed=0.075 act=0.1244
# PAIR t=10.0 p=43 d=1.127 pq=1:1 delta=+0.085 x=0.076 ratio=1.0268 dth=+2.204 gg=0.0000 fl=0.000 ret=0.635 shed=0.210 act=0.0000
# PAIR t=10.0 p=44 d=1.351 pq=1:1 delta=+0.028 x=0.688 ratio=0.9984 dth=-0.731 gg=0.1219 fl=0.035 ret=0.999 shed=0.004 act=0.3374
# PAIR t=10.0 p=45 d=1.395 pq=1:1 delta=-0.015 x=0.830 ratio=0.9955 dth=+0.723 gg=0.1235 fl=0.003 ret=0.998 shed=0.008 act=0.0387
# PAIR t=10.0 p=46 d=1.100 pq=1:1 delta=+0.028 x=0.032 ratio=0.9863 dth=-0.023 gg=0.9989 fl=0.191 ret=0.595 shed=0.090 act=0.0933
# PAIR t=10.0 p=47 d=1.188 pq=1:1 delta=+0.173 x=0.189 ratio=0.9976 dth=-0.123 gg=0.9654 fl=0.351 ret=0.956 shed=0.061 act=1.1528
# PAIR t=10.0 p=48 d=1.220 pq=1:1 delta=+0.010 x=0.354 ratio=1.0102 dth=-0.064 gg=0.9863 fl=0.021 ret=0.975 shed=0.045 act=0.0941
# PAIR t=10.0 p=49 d=1.357 pq=1:1 delta=-0.025 x=0.736 ratio=1.0041 dth=-3.014 gg=0.0000 fl=0.000 ret=0.999 shed=0.002 act=0.0000
# PAIR t=10.0 p=50 d=1.319 pq=1:1 delta=+0.118 x=0.557 ratio=0.9948 dth=-0.114 gg=0.9743 fl=0.111 ret=0.981 shed=0.060 act=0.9142
# PAIR t=10.0 p=51 d=1.110 pq=1:1 delta=+0.064 x=0.041 ratio=0.9822 dth=+2.284 gg=0.0000 fl=0.000 ret=0.359 shed=0.225 act=0.0000
# PAIR t=10.0 p=52 d=1.134 pq=1:1 delta=+0.061 x=0.105 ratio=1.0094 dth=-0.010 gg=0.9945 fl=0.300 ret=0.880 shed=0.081 act=0.4582
# PAIR t=10.0 p=53 d=1.273 pq=1:1 delta=+0.375 x=0.308 ratio=0.9957 dth=-0.206 gg=0.8673 fl=0.352 ret=0.941 shed=0.147 act=2.2439
# PAIR t=10.0 p=54 d=1.178 pq=1:1 delta=-0.001 x=0.249 ratio=0.9994 dth=+1.817 gg=0.0000 fl=0.000 ret=0.988 shed=0.014 act=0.0006
# PAIR t=10.0 p=55 d=1.359 pq=1:1 delta=-0.019 x=0.739 ratio=1.0012 dth=-2.600 gg=0.0000 fl=0.000 ret=0.999 shed=0.002 act=0.0000
# PAIR t=10.0 p=56 d=1.330 pq=1:1 delta=+0.011 x=0.644 ratio=0.9987 dth=+0.910 gg=0.0310 fl=0.018 ret=0.999 shed=0.004 act=0.1518
# PAIR t=10.0 p=57 d=1.281 pq=1:1 delta=-0.005 x=0.525 ratio=0.9993 dth=+2.351 gg=0.0000 fl=0.000 ret=0.999 shed=0.003 act=0.0000
# PAIR t=10.0 p=58 d=1.299 pq=1:1 delta=-0.013 x=0.577 ratio=0.9994 dth=+1.808 gg=0.0000 fl=0.000 ret=0.999 shed=0.003 act=0.0008
# PAIR t=10.0 p=59 d=1.148 pq=1:1 delta=+0.143 x=0.103 ratio=0.9906 dth=-0.087 gg=0.9788 fl=0.292 ret=0.825 shed=0.150 act=0.5744
20.000	18651.3405	133.081829	581.591664	181.3054	19547.3193514	0.000e+00	111169	14.028	15.234	16.049	0.058	25.2377	0.8474	-5.3601	0.8494	0.9977	1.49215	1.49219
# PAIR t=20.0 p=0 d=1.281 pq=1:1 delta=+0.189 x=0.419 ratio=0.9936 dth=-0.125 gg=0.9614 fl=0.124 ret=0.905 shed=0.248 act=0.8283
# PAIR t=20.0 p=1 d=1.229 pq=1:1 delta=-0.002 x=0.385 ratio=0.9807 dth=-0.061 gg=0.9850 fl=0.014 ret=0.847 shed=0.295 act=0.0669
# PAIR t=20.0 p=2 d=1.286 pq=1:1 delta=-0.024 x=0.548 ratio=0.9937 dth=+1.508 gg=0.0000 fl=0.001 ret=0.998 shed=0.005 act=0.0056
# PAIR t=20.0 p=3 d=1.182 pq=1:1 delta=+0.223 x=0.151 ratio=0.9954 dth=-0.135 gg=0.9494 fl=0.395 ret=0.918 shed=0.106 act=1.2131
# PAIR t=20.0 p=4 d=1.097 pq=1:1 delta=+0.049 x=0.014 ratio=1.0062 dth=+0.058 gg=0.9708 fl=0.012 ret=0.017 shed=0.179 act=0.0047
# PAIR t=20.0 p=5 d=1.364 pq=1:1 delta=+0.135 x=0.663 ratio=0.9979 dth=-0.080 gg=0.9814 fl=0.104 ret=0.986 shed=0.052 act=1.0534
# PAIR t=20.0 p=6 d=1.391 pq=1:1 delta=-0.004 x=0.815 ratio=1.0005 dth=-2.981 gg=0.0000 fl=0.000 ret=0.998 shed=0.007 act=0.0000
# PAIR t=20.0 p=7 d=1.421 pq=1:1 delta=-0.008 x=0.894 ratio=0.9994 dth=+2.395 gg=0.0000 fl=0.000 ret=0.999 shed=0.005 act=0.0000
# PAIR t=20.0 p=8 d=1.311 pq=1:1 delta=+0.105 x=0.540 ratio=0.9947 dth=-0.097 gg=0.9814 fl=0.057 ret=0.936 shed=0.191 act=0.4486
# PAIR t=20.0 p=9 d=1.343 pq=1:1 delta=-0.002 x=0.686 ratio=1.0005 dth=+1.727 gg=0.0000 fl=0.000 ret=0.998 shed=0.007 act=0.0010
# PAIR t=20.0 p=10 d=1.201 pq=1:1 delta=-0.003 x=0.312 ratio=1.0016 dth=+2.111 gg=0.0000 fl=0.000 ret=0.993 shed=0.011 act=0.0000
# PAIR t=20.0 p=11 d=1.239 pq=1:1 delta=-0.023 x=0.423 ratio=1.0069 dth=-2.183 gg=0.0000 fl=0.000 ret=0.992 shed=0.016 act=0.0000
# PAIR t=20.0 p=12 d=1.334 pq=1:1 delta=-0.008 x=0.666 ratio=0.9979 dth=+2.425 gg=0.0000 fl=0.000 ret=0.997 shed=0.008 act=0.0000
# PAIR t=20.0 p=13 d=1.235 pq=1:1 delta=+0.144 x=0.325 ratio=0.9934 dth=-0.113 gg=0.9731 fl=0.059 ret=0.841 shed=0.319 act=0.2902
# PAIR t=20.0 p=14 d=1.110 pq=1:1 delta=+0.134 x=0.009 ratio=1.0036 dth=+0.076 gg=0.9050 fl=0.052 ret=0.052 shed=0.333 act=0.0405
# PAIR t=20.0 p=15 d=1.171 pq=1:1 delta=+0.005 x=0.230 ratio=0.9972 dth=+2.862 gg=0.0000 fl=0.000 ret=0.962 shed=0.044 act=0.0000
# PAIR t=20.0 p=16 d=1.402 pq=1:1 delta=-0.005 x=0.843 ratio=1.0000 dth=-0.963 gg=0.0205 fl=0.001 ret=0.998 shed=0.008 act=0.0155
# PAIR t=20.0 p=17 d=1.328 pq=1:1 delta=-0.015 x=0.654 ratio=0.9957 dth=-2.228 gg=0.0000 fl=0.000 ret=0.998 shed=0.006 act=0.0000
# PAIR t=20.0 p=18 d=1.264 pq=1:1 delta=+0.185 x=0.380 ratio=0.9973 dth=-0.109 gg=0.9653 fl=0.147 ret=0.928 shed=0.172 act=0.8857
# PAIR t=20.0 p=19 d=1.281 pq=1:1 delta=+0.158 x=0.436 ratio=0.9847 dth=-0.162 gg=0.9488 fl=0.058 ret=0.887 shed=0.293 act=0.3873
# PAIR t=20.0 p=20 d=1.308 pq=1:1 delta=-0.018 x=0.602 ratio=1.0035 dth=+1.734 gg=0.0000 fl=0.000 ret=0.997 shed=0.007 act=0.0003
# PAIR t=20.0 p=21 d=1.340 pq=1:1 delta=-0.015 x=0.685 ratio=1.0024 dth=+2.164 gg=0.0000 fl=0.000 ret=0.999 shed=0.005 act=0.0000
# PAIR t=20.0 p=22 d=1.232 pq=1:1 delta=+0.099 x=0.338 ratio=0.9969 dth=-0.124 gg=0.9684 fl=0.084 ret=0.846 shed=0.302 act=0.4090
# PAIR t=20.0 p=23 d=1.366 pq=1:1 delta=+0.117 x=0.678 ratio=0.9975 dth=-0.070 gg=0.9858 fl=0.096 ret=0.984 shed=0.058 act=0.9815
# PAIR t=20.0 p=24 d=1.374 pq=1:1 delta=+0.100 x=0.709 ratio=1.0015 dth=-0.048 gg=0.9900 fl=0.073 ret=0.987 shed=0.051 act=0.7664
# PAIR t=20.0 p=25 d=1.327 pq=1:1 delta=-0.002 x=0.643 ratio=1.0007 dth=-2.463 gg=0.0000 fl=0.000 ret=0.997 shed=0.010 act=0.0000
# PAIR t=20.0 p=26 d=1.216 pq=1:1 delta=-0.011 x=0.356 ratio=0.9959 dth=-2.508 gg=0.0000 fl=0.000 ret=0.992 shed=0.015 act=0.0000
# PAIR t=20.0 p=27 d=1.312 pq=1:1 delta=-0.036 x=0.623 ratio=0.9984 dth=+1.605 gg=0.0000 fl=0.000 ret=0.998 shed=0.005 act=0.0013
# PAIR t=20.0 p=28 d=1.101 pq=1:1 delta=+0.075 x=0.012 ratio=0.9940 dth=+0.896 gg=0.0267 fl=0.002 ret=0.005 shed=0.233 act=0.0012
# PAIR t=20.0 p=29 d=1.380 pq=1:1 delta=-0.005 x=0.784 ratio=1.0008 dth=+2.501 gg=0.0000 fl=0.000 ret=0.999 shed=0.005 act=0.0000
# PAIR t=20.0 p=30 d=1.343 pq=1:1 delta=+0.211 x=0.569 ratio=0.9997 dth=-0.116 gg=0.9559 fl=0.157 ret=0.976 shed=0.081 act=1.4468
# PAIR t=20.0 p=31 d=1.268 pq=1:1 delta=+0.175 x=0.395 ratio=0.9935 dth=-0.138 gg=0.9599 fl=0.167 ret=0.952 shed=0.117 act=1.0314
# PAIR t=20.0 p=32 d=1.363 pq=1:1 delta=-0.002 x=0.739 ratio=1.0002 dth=+2.388 gg=0.0000 fl=0.000 ret=0.999 shed=0.004 act=0.0000
# PAIR t=20.0 p=33 d=1.378 pq=1:1 delta=+0.098 x=0.719 ratio=0.9980 dth=-0.055 gg=0.9902 fl=0.076 ret=0.985 shed=0.060 act=0.8118
# PAIR t=20.0 p=34 d=1.154 pq=1:1 delta=+0.190 x=0.096 ratio=0.9938 dth=-0.130 gg=0.9598 fl=0.106 ret=0.522 shed=0.447 act=0.2278
# PAIR t=20.0 p=35 d=1.182 pq=1:1 delta=-0.008 x=0.264 ratio=0.9990 dth=+2.838 gg=0.0000 fl=0.000 ret=0.977 shed=0.029 act=0.0000
# PAIR t=20.0 p=36 d=1.251 pq=1:1 delta=-0.018 x=0.452 ratio=1.0010 dth=-2.412 gg=0.0000 fl=0.000 ret=0.992 shed=0.017 act=0.0000
# PAIR t=20.0 p=37 d=1.362 pq=1:1 delta=+0.088 x=0.684 ratio=0.9993 dth=-0.051 gg=0.9920 fl=0.065 ret=0.990 shed=0.035 act=0.6482
# PAIR t=20.0 p=38 d=1.105 pq=1:1 delta=+0.120 x=0.003 ratio=1.0004 dth=-1.225 gg=0.0031 fl=0.004 ret=0.010 shed=0.287 act=0.0026
# PAIR t=20.0 p=39 d=1.403 pq=1:1 delta=-0.003 x=0.846 ratio=1.0013 dth=+3.052 gg=0.0000 fl=0.000 ret=0.998 shed=0.007 act=0.0000
# PAIR t=20.0 p=40 d=1.381 pq=1:1 delta=+0.032 x=0.766 ratio=1.0002 dth=-0.022 gg=0.9989 fl=0.032 ret=0.995 shed=0.019 act=0.3511
# PAIR t=20.0 p=41 d=1.280 pq=1:1 delta=-0.008 x=0.522 ratio=0.9994 dth=-2.450 gg=0.0000 fl=0.000 ret=0.998 shed=0.005 act=0.0000
# PAIR t=20.0 p=42 d=1.112 pq=1:1 delta=+0.011 x=0.071 ratio=1.0211 dth=+0.190 gg=0.8569 fl=0.062 ret=0.502 shed=0.191 act=0.0526
# PAIR t=20.0 p=43 d=1.127 pq=1:1 delta=+0.153 x=0.045 ratio=1.0299 dth=-0.477 gg=0.5108 fl=0.010 ret=0.376 shed=0.360 act=0.0134
# PAIR t=20.0 p=44 d=1.351 pq=1:1 delta=+0.348 x=0.515 ratio=0.9973 dth=-0.198 gg=0.8840 fl=0.252 ret=0.965 shed=0.122 act=2.4053
# PAIR t=20.0 p=45 d=1.395 pq=1:1 delta=+0.034 x=0.801 ratio=1.0032 dth=+0.138 gg=0.9069 fl=0.022 ret=0.992 shed=0.031 act=0.2520
# PAIR t=20.0 p=46 d=1.100 pq=1:1 delta=-0.064 x=0.076 ratio=0.9515 dth=-0.139 gg=0.8855 fl=0.009 ret=0.284 shed=0.159 act=0.0045
# PAIR t=20.0 p=47 d=1.188 pq=1:1 delta=+0.344 x=0.112 ratio=0.9965 dth=-0.182 gg=0.8881 fl=0.487 ret=0.823 shed=0.245 act=1.5999
# PAIR t=20.0 p=48 d=1.220 pq=1:1 delta=+0.070 x=0.323 ratio=0.9922 dth=-0.066 gg=0.9913 fl=0.053 ret=0.894 shed=0.192 act=0.2314
# PAIR t=20.0 p=49 d=1.357 pq=1:1 delta=-0.004 x=0.724 ratio=0.9992 dth=-2.999 gg=0.0000 fl=0.000 ret=0.998 shed=0.006 act=0.0000
# PAIR t=20.0 p=50 d=1.319 pq=1:1 delta=+0.050 x=0.593 ratio=1.0007 dth=-0.040 gg=0.9966 fl=0.044 ret=0.965 shed=0.108 act=0.3645
# PAIR t=20.0 p=51 d=1.110 pq=1:1 delta=+0.112 x=0.019 ratio=0.9881 dth=+0.537 gg=0.2366 fl=0.000 ret=0.005 shed=0.350 act=0.0001
# PAIR t=20.0 p=52 d=1.134 pq=1:1 delta=+0.171 x=0.054 ratio=0.9995 dth=-0.110 gg=0.9690 fl=0.384 ret=0.648 shed=0.237 act=0.5875
# PAIR t=20.0 p=53 d=1.273 pq=1:1 delta=+0.368 x=0.311 ratio=0.9973 dth=-0.212 gg=0.8703 fl=0.291 ret=0.877 shed=0.308 act=1.8553
# PAIR t=20.0 p=54 d=1.178 pq=1:1 delta=+0.007 x=0.245 ratio=0.9975 dth=+1.739 gg=0.0000 fl=0.001 ret=0.976 shed=0.030 act=0.0022
# PAIR t=20.0 p=55 d=1.359 pq=1:1 delta=-0.007 x=0.732 ratio=1.0016 dth=-2.570 gg=0.0000 fl=0.000 ret=0.999 shed=0.005 act=0.0000
# PAIR t=20.0 p=56 d=1.330 pq=1:1 delta=+0.213 x=0.534 ratio=1.0053 dth=-0.065 gg=0.9489 fl=0.174 ret=0.982 shed=0.059 act=1.5062
# PAIR t=20.0 p=57 d=1.281 pq=1:1 delta=-0.003 x=0.524 ratio=1.0006 dth=+2.347 gg=0.0000 fl=0.000 ret=0.996 shed=0.009 act=0.0000
# PAIR t=20.0 p=58 d=1.299 pq=1:1 delta=-0.030 x=0.587 ratio=1.0034 dth=+1.819 gg=0.0000 fl=0.000 ret=0.998 shed=0.006 act=0.0005
# PAIR t=20.0 p=59 d=1.148 pq=1:1 delta=+0.131 x=0.109 ratio=0.9832 dth=-0.077 gg=0.9826 fl=0.039 ret=0.572 shed=0.367 act=0.0771
30.000	18651.676	130.932024	575.450141	189.26118	19547.3193514	0.000e+00	111169	13.897	15.159	16.114	0.057	25.2377	0.8474	-8.4585	0.8494	0.9977	1.49294	1.49251
# PAIR t=30.0 p=0 d=1.281 pq=1:1 delta=+0.084 x=0.474 ratio=0.9878 dth=-0.083 gg=0.9863 fl=0.013 ret=0.839 shed=0.420 act=0.0853
# PAIR t=30.0 p=1 d=1.229 pq=1:1 delta=+0.179 x=0.294 ratio=0.9904 dth=-0.119 gg=0.9651 fl=0.059 ret=0.778 shed=0.427 act=0.2789
# PAIR t=30.0 p=2 d=1.286 pq=1:1 delta=-0.014 x=0.543 ratio=0.9925 dth=+1.025 gg=0.0130 fl=0.002 ret=0.995 shed=0.012 act=0.0166
# PAIR t=30.0 p=3 d=1.182 pq=1:1 delta=+0.306 x=0.219 ratio=0.9902 dth=-0.180 gg=0.9077 fl=0.000 ret=0.797 shed=0.264 act=0.0000
# PAIR t=30.0 p=4 d=1.097 pq=1:1 delta=+0.047 x=0.015 ratio=1.0081 dth=+0.232 gg=0.7669 fl=0.006 ret=0.006 shed=0.181 act=0.0025
# PAIR t=30.0 p=5 d=1.364 pq=1:1 delta=+0.227 x=0.613 ratio=0.9987 dth=-0.125 gg=0.9493 fl=0.170 ret=0.978 shed=0.083 act=1.7247
# PAIR t=30.0 p=6 d=1.391 pq=1:1 delta=-0.001 x=0.813 ratio=0.9999 dth=-2.972 gg=0.0000 fl=0.000 ret=0.997 shed=0.011 act=0.0000
# PAIR t=30.0 p=7 d=1.421 pq=1:1 delta=-0.004 x=0.892 ratio=1.0009 dth=+2.388 gg=0.0000 fl=0.000 ret=0.998 shed=0.008 act=0.0000
# PAIR t=30.0 p=8 d=1.311 pq=1:1 delta=+0.296 x=0.443 ratio=0.9920 dth=-0.184 gg=0.9115 fl=0.196 ret=0.880 shed=0.361 act=1.5393
# PAIR t=30.0 p=9 d=1.343 pq=1:1 delta=-0.002 x=0.686 ratio=1.0013 dth=+1.743 gg=0.0000 fl=0.000 ret=0.997 shed=0.011 act=0.0001
# PAIR t=30.0 p=10 d=1.201 pq=1:1 delta=+0.000 x=0.310 ratio=1.0006 dth=+2.139 gg=0.0000 fl=0.000 ret=0.983 shed=0.027 act=0.0000
# PAIR t=30.0 p=11 d=1.239 pq=1:1 delta=-0.019 x=0.421 ratio=1.0009 dth=-2.117 gg=0.0000 fl=0.000 ret=0.989 shed=0.023 act=0.0000
# PAIR t=30.0 p=12 d=1.334 pq=1:1 delta=-0.010 x=0.667 ratio=0.9985 dth=+2.387 gg=0.0000 fl=0.000 ret=0.996 shed=0.014 act=0.0000
# PAIR t=30.0 p=13 d=1.235 pq=1:1 delta=+0.223 x=0.287 ratio=0.9922 dth=-0.147 gg=0.9465 fl=0.071 ret=0.745 shed=0.510 act=0.3539
# PAIR t=30.0 p=14 d=1.110 pq=1:1 delta=+0.087 x=0.031 ratio=0.9834 dth=+0.058 gg=0.9528 fl=0.008 ret=0.014 shed=0.347 act=0.0066
# PAIR t=30.0 p=15 d=1.171 pq=1:1 delta=+0.005 x=0.230 ratio=1.0011 dth=+2.811 gg=0.0000 fl=0.000 ret=0.938 shed=0.071 act=0.0000
# PAIR t=30.0 p=16 d=1.402 pq=1:1 delta=+0.004 x=0.837 ratio=0.9960 dth=-0.260 gg=0.7661 fl=0.011 ret=0.993 shed=0.030 act=0.1279
# PAIR t=30.0 p=17 d=1.328 pq=1:1 delta=-0.009 x=0.651 ratio=1.0013 dth=-2.279 gg=0.0000 fl=0.000 ret=0.997 shed=0.011 act=0.0000
# PAIR t=30.0 p=18 d=1.264 pq=1:1 delta=+0.225 x=0.359 ratio=0.9982 dth=-0.132 gg=0.9492 fl=0.160 ret=0.903 shed=0.231 act=0.9640
# PAIR t=30.0 p=19 d=1.281 pq=1:1 delta=+0.105 x=0.461 ratio=0.9944 dth=-0.077 gg=0.9867 fl=0.033 ret=0.829 shed=0.445 act=0.2222
# PAIR t=30.0 p=20 d=1.308 pq=1:1 delta=+0.003 x=0.590 ratio=0.9978 dth=+1.706 gg=0.0000 fl=0.000 ret=0.996 shed=0.011 act=0.0021
# PAIR t=30.0 p=21 d=1.340 pq=1:1 delta=-0.002 x=0.678 ratio=0.9997 dth=+2.189 gg=0.0000 fl=0.000 ret=0.997 shed=0.009 act=0.0000
# PAIR t=30.0 p=22 d=1.232 pq=1:1 delta=+0.177 x=0.302 ratio=0.9912 dth=-0.120 gg=0.9651 fl=0.060 ret=0.780 shed=0.432 act=0.2905
# PAIR t=30.0 p=23 d=1.366 pq=1:1 delta=+0.273 x=0.593 ratio=0.9996 dth=-0.150 gg=0.9275 fl=0.187 ret=0.975 shed=0.094 act=1.9089
# PAIR t=30.0 p=24 d=1.374 pq=1:1 delta=+0.175 x=0.668 ratio=1.0000 dth=-0.094 gg=0.9698 fl=0.120 ret=0.983 shed=0.064 act=1.2638
# PAIR t=30.0 p=25 d=1.327 pq=1:1 delta=+0.001 x=0.641 ratio=1.0007 dth=-2.439 gg=0.0000 fl=0.000 ret=0.995 shed=0.015 act=0.0000
# PAIR t=30.0 p=26 d=1.216 pq=1:1 delta=-0.005 x=0.353 ratio=0.9996 dth=-2.549 gg=0.0000 fl=0.000 ret=0.984 shed=0.028 act=0.0000
# PAIR t=30.0 p=27 d=1.312 pq=1:1 delta=-0.005 x=0.606 ratio=0.9972 dth=+1.456 gg=0.0001 fl=0.002 ret=0.997 shed=0.008 act=0.0158
# PAIR t=30.0 p=28 d=1.101 pq=1:1 delta=+0.084 x=0.008 ratio=1.0004 dth=+0.573 gg=0.2128 fl=0.004 ret=0.004 shed=0.233 act=0.0022
# PAIR t=30.0 p=29 d=1.380 pq=1:1 delta=-0.005 x=0.785 ratio=1.0011 dth=+2.538 gg=0.0000 fl=0.000 ret=0.998 shed=0.010 act=0.0000
# PAIR t=30.0 p=30 d=1.343 pq=1:1 delta=+0.034 x=0.665 ratio=0.9996 dth=-0.031 gg=0.9980 fl=0.013 ret=0.973 shed=0.093 act=0.1220
# PAIR t=30.0 p=31 d=1.268 pq=1:1 delta=+0.254 x=0.354 ratio=0.9941 dth=-0.161 gg=0.9331 fl=0.182 ret=0.889 shed=0.271 act=1.1255
# PAIR t=30.0 p=32 d=1.363 pq=1:1 delta=-0.003 x=0.740 ratio=0.9997 dth=+2.384 gg=0.0000 fl=0.000 ret=0.998 shed=0.007 act=0.0000
# PAIR t=30.0 p=33 d=1.378 pq=1:1 delta=+0.204 x=0.660 ratio=1.0002 dth=-0.107 gg=0.9591 fl=0.132 ret=0.980 shed=0.078 act=1.4080
# PAIR t=30.0 p=34 d=1.154 pq=1:1 delta=+0.327 x=0.036 ratio=0.9875 dth=-0.195 gg=0.8951 fl=0.098 ret=0.238 shed=0.712 act=0.2120
# PAIR t=30.0 p=35 d=1.182 pq=1:1 delta=-0.003 x=0.262 ratio=0.9974 dth=+2.759 gg=0.0000 fl=0.000 ret=0.969 shed=0.040 act=0.0000
# PAIR t=30.0 p=36 d=1.251 pq=1:1 delta=+0.001 x=0.442 ratio=1.0013 dth=-2.246 gg=0.0000 fl=0.000 ret=0.988 shed=0.028 act=0.0000
# PAIR t=30.0 p=37 d=1.362 pq=1:1 delta=+0.129 x=0.661 ratio=1.0000 dth=-0.071 gg=0.9833 fl=0.099 ret=0.987 shed=0.047 act=0.9930
# PAIR t=30.0 p=38 d=1.105 pq=1:1 delta=+0.103 x=0.011 ratio=0.9975 dth=+2.765 gg=0.0000 fl=0.000 ret=0.000 shed=0.290 act=0.0000
# PAIR t=30.0 p=39 d=1.403 pq=1:1 delta=+0.003 x=0.842 ratio=1.0002 dth=+3.065 gg=0.0000 fl=0.000 ret=0.997 shed=0.012 act=0.0000
# PAIR t=30.0 p=40 d=1.381 pq=1:1 delta=+0.043 x=0.760 ratio=0.9975 dth=-0.027 gg=0.9981 fl=0.049 ret=0.993 shed=0.027 act=0.5318
# PAIR t=30.0 p=41 d=1.280 pq=1:1 delta=-0.022 x=0.530 ratio=1.0048 dth=-2.406 gg=0.0000 fl=0.000 ret=0.996 shed=0.009 act=0.0000
# PAIR t=30.0 p=42 d=1.112 pq=1:1 delta=+0.160 x=0.004 ratio=1.0019 dth=-0.485 gg=0.5026 fl=0.054 ret=0.054 shed=0.363 act=0.0465
# PAIR t=30.0 p=43 d=1.127 pq=1:1 delta=+0.193 x=0.029 ratio=1.0166 dth=-1.896 gg=0.0000 fl=0.000 ret=0.219 shed=0.450 act=0.0001
# PAIR t=30.0 p=44 d=1.351 pq=1:1 delta=+0.088 x=0.653 ratio=0.9962 dth=-0.082 gg=0.9867 fl=0.019 ret=0.925 shed=0.263 act=0.1779
# PAIR t=30.0 p=45 d=1.395 pq=1:1 delta=+0.071 x=0.779 ratio=1.0007 dth=-0.025 gg=0.9946 fl=0.044 ret=0.988 shed=0.050 act=0.4984
# PAIR t=30.0 p=46 d=1.100 pq=1:1 delta=+0.061 x=0.017 ratio=0.9961 dth=-0.013 gg=0.9951 fl=0.066 ret=0.067 shed=0.208 act=0.0323
# PAIR t=30.0 p=47 d=1.188 pq=1:1 delta=+0.343 x=0.254 ratio=0.9950 dth=-0.216 gg=0.8819 fl=0.000 ret=0.705 shed=0.408 act=0.0000
# PAIR t=30.0 p=48 d=1.220 pq=1:1 delta=+0.160 x=0.278 ratio=0.9931 dth=-0.116 gg=0.9698 fl=0.087 ret=0.818 shed=0.329 act=0.3840
# PAIR t=30.0 p=49 d=1.357 pq=1:1 delta=+0.001 x=0.721 ratio=1.0003 dth=-3.013 gg=0.0000 fl=0.000 ret=0.997 shed=0.011 act=0.0000
# PAIR t=30.0 p=50 d=1.319 pq=1:1 delta=+0.310 x=0.456 ratio=0.9978 dth=-0.172 gg=0.9073 fl=0.250 ret=0.955 shed=0.139 act=2.0536
# PAIR t=30.0 p=51 d=1.110 pq=1:1 delta=+0.140 x=0.006 ratio=0.9990 dth=-0.182 gg=0.9329 fl=0.004 ret=0.004 shed=0.351 act=0.0028
# PAIR t=30.0 p=52 d=1.134 pq=1:1 delta=+0.193 x=0.046 ratio=0.9760 dth=-0.408 gg=0.6528 fl=0.005 ret=0.242 shed=0.510 act=0.0069
# PAIR t=30.0 p=53 d=1.273 pq=1:1 delta=+0.232 x=0.380 ratio=0.9885 dth=-0.160 gg=0.9402 fl=0.084 ret=0.815 shed=0.462 act=0.5337
# PAIR t=30.0 p=54 d=1.178 pq=1:1 delta=+0.003 x=0.247 ratio=0.9973 dth=+1.603 gg=0.0000 fl=0.001 ret=0.962 shed=0.047 act=0.0027
# PAIR t=30.0 p=55 d=1.359 pq=1:1 delta=-0.005 x=0.731 ratio=0.9986 dth=-2.558 gg=0.0000 fl=0.000 ret=0.998 shed=0.009 act=0.0000
# PAIR t=30.0 p=56 d=1.330 pq=1:1 delta=+0.141 x=0.571 ratio=0.9993 dth=-0.087 gg=0.9792 fl=0.103 ret=0.969 shed=0.099 act=0.8934
# PAIR t=30.0 p=57 d=1.281 pq=1:1 delta=-0.008 x=0.526 ratio=0.9978 dth=+2.311 gg=0.0000 fl=0.000 ret=0.995 shed=0.014 act=0.0000
# PAIR t=30.0 p=58 d=1.299 pq=1:1 delta=-0.019 x=0.580 ratio=1.0025 dth=+1.874 gg=0.0000 fl=0.000 ret=0.996 shed=0.012 act=0.0001
# PAIR t=30.0 p=59 d=1.148 pq=1:1 delta=+0.262 x=0.051 ratio=0.9689 dth=-0.304 gg=0.8283 fl=0.007 ret=0.250 shed=0.642 act=0.0141
40.000	18652.0354	125.423582	562.115359	207.745023	19547.3193514	-1.861e-16	111171	13.870	15.020	16.117	0.057	25.3366	0.8474	-11.808	0.8494	0.9977	1.49380	1.49250
# PAIR t=40.0 p=0 d=1.281 pq=1:1 delta=+0.341 x=0.345 ratio=0.9898 dth=-0.215 gg=0.8833 fl=0.147 ret=0.793 shed=0.539 act=0.9790
# PAIR t=40.0 p=1 d=1.229 pq=1:1 delta=+0.235 x=0.267 ratio=0.9869 dth=-0.147 gg=0.9431 fl=0.068 ret=0.700 shed=0.578 act=0.3205
# PAIR t=40.0 p=2 d=1.286 pq=1:1 delta=+0.189 x=0.435 ratio=1.0100 dth=-0.039 gg=0.9531 fl=0.167 ret=0.956 shed=0.118 act=1.1464
# PAIR t=40.0 p=3 d=1.182 pq=1:1 delta=+0.263 x=0.133 ratio=0.9935 dth=-0.156 gg=0.9310 fl=0.178 ret=0.653 shed=0.451 act=0.5475
# PAIR t=40.0 p=4 d=1.097 pq=1:1 delta=+0.070 x=0.005 ratio=0.9984 dth=+0.166 gg=0.8460 fl=0.004 ret=0.004 shed=0.182 act=0.0015
# PAIR t=40.0 p=5 d=1.364 pq=1:1 delta=+0.349 x=0.550 ratio=1.0004 dth=-0.182 gg=0.8853 fl=0.244 ret=0.970 shed=0.112 act=2.4711
# PAIR t=40.0 p=6 d=1.391 pq=1:1 delta=+0.002 x=0.811 ratio=0.9997 dth=-2.984 gg=0.0000 fl=0.000 ret=0.996 shed=0.015 act=0.0000
# PAIR t=40.0 p=7 d=1.421 pq=1:1 delta=-0.003 x=0.892 ratio=0.9986 dth=+2.391 gg=0.0000 fl=0.000 ret=0.998 shed=0.011 act=0.0000
# PAIR t=40.0 p=8 d=1.311 pq=1:1 delta=+0.261 x=0.460 ratio=0.9922 dth=-0.186 gg=0.9226 fl=0.083 ret=0.825 shed=0.527 act=0.6543
# PAIR t=40.0 p=9 d=1.343 pq=1:1 delta=+0.004 x=0.682 ratio=0.9995 dth=+1.737 gg=0.0000 fl=0.000 ret=0.996 shed=0.015 act=0.0008
# PAIR t=40.0 p=10 d=1.201 pq=1:1 delta=+0.001 x=0.310 ratio=1.0003 dth=+2.156 gg=0.0000 fl=0.000 ret=0.974 shed=0.040 act=0.0000
# PAIR t=40.0 p=11 d=1.239 pq=1:1 delta=-0.002 x=0.412 ratio=0.9991 dth=-2.134 gg=0.0000 fl=0.000 ret=0.981 shed=0.040 act=0.0000
# PAIR t=40.0 p=12 d=1.334 pq=1:1 delta=-0.010 x=0.667 ratio=0.9967 dth=+2.305 gg=0.0000 fl=0.000 ret=0.994 shed=0.020 act=0.0000
# PAIR t=40.0 p=13 d=1.235 pq=1:1 delta=+0.290 x=0.256 ratio=0.9893 dth=-0.178 gg=0.9154 fl=0.064 ret=0.657 shed=0.687 act=0.3180
# PAIR t=40.0 p=14 d=1.110 pq=1:1 delta=+0.081 x=0.033 ratio=1.0015 dth=+0.042 gg=0.9670 fl=0.007 ret=0.007 shed=0.349 act=0.0051
# PAIR t=40.0 p=15 d=1.171 pq=1:1 delta=+0.020 x=0.222 ratio=1.0026 dth=+2.801 gg=0.0000 fl=0.000 ret=0.920 shed=0.093 act=0.0000
# PAIR t=40.0 p=16 d=1.402 pq=1:1 delta=+0.039 x=0.816 ratio=0.9995 dth=-0.033 gg=0.9978 fl=0.022 ret=0.987 shed=0.054 act=0.2565
# PAIR t=40.0 p=17 d=1.328 pq=1:1 delta=-0.001 x=0.646 ratio=0.9999 dth=-2.225 gg=0.0000 fl=0.000 ret=0.995 shed=0.016 act=0.0000
# PAIR t=40.0 p=18 d=1.264 pq=1:1 delta=+0.085 x=0.431 ratio=0.9890 dth=-0.073 gg=0.9892 fl=0.052 ret=0.859 shed=0.336 act=0.3154
# PAIR t=40.0 p=19 d=1.281 pq=1:1 delta=+0.334 x=0.349 ratio=0.9841 dth=-0.245 gg=0.8726 fl=0.110 ret=0.761 shed=0.621 act=0.7359
# PAIR t=40.0 p=20 d=1.308 pq=1:1 delta=-0.004 x=0.594 ratio=1.0000 dth=+1.647 gg=0.0000 fl=0.000 ret=0.995 shed=0.016 act=0.0017
# PAIR t=40.0 p=21 d=1.340 pq=1:1 delta=-0.008 x=0.681 ratio=0.9992 dth=+2.197 gg=0.0000 fl=0.000 ret=0.996 shed=0.014 act=0.0000
# PAIR t=40.0 p=22 d=1.232 pq=1:1 delta=+0.279 x=0.253 ratio=0.9925 dth=-0.174 gg=0.9208 fl=0.083 ret=0.706 shed=0.578 act=0.4016
# PAIR t=40.0 p=23 d=1.366 pq=1:1 delta=+0.379 x=0.538 ratio=0.9988 dth=-0.205 gg=0.8652 fl=0.248 ret=0.963 shed=0.139 act=2.5239
# PAIR t=40.0 p=24 d=1.374 pq=1:1 delta=+0.234 x=0.636 ratio=1.0005 dth=-0.122 gg=0.9467 fl=0.162 ret=0.982 shed=0.070 act=1.7054
# PAIR t=40.0 p=25 d=1.327 pq=1:1 delta=-0.001 x=0.642 ratio=1.0019 dth=-2.417 gg=0.0000 fl=0.000 ret=0.994 shed=0.019 act=0.0000
# PAIR t=40.0 p=26 d=1.216 pq=1:1 delta=+0.005 x=0.348 ratio=1.0020 dth=-2.547 gg=0.0000 fl=0.000 ret=0.981 shed=0.033 act=0.0000
# PAIR t=40.0 p=27 d=1.312 pq=1:1 delta=-0.031 x=0.620 ratio=0.9955 dth=+1.093 gg=0.0075 fl=0.007 ret=0.996 shed=0.012 act=0.0540
# PAIR t=40.0 p=28 d=1.101 pq=1:1 delta=+0.094 x=0.004 ratio=0.9985 dth=+0.039 gg=0.9624 fl=0.005 ret=0.006 shed=0.232 act=0.0026
# PAIR t=40.0 p=29 d=1.380 pq=1:1 delta=-0.011 x=0.788 ratio=0.9991 dth=+2.506 gg=0.0000 fl=0.000 ret=0.996 shed=0.014 act=0.0000
# PAIR t=40.0 p=30 d=1.343 pq=1:1 delta=+0.137 x=0.608 ratio=0.9993 dth=-0.084 gg=0.9804 fl=0.093 ret=0.964 shed=0.123 act=0.8582
# PAIR t=40.0 p=31 d=1.268 pq=1:1 delta=+0.214 x=0.374 ratio=0.9934 dth=-0.142 gg=0.9505 fl=0.096 ret=0.817 shed=0.445 act=0.5939
# PAIR t=40.0 p=32 d=1.363 pq=1:1 delta=-0.005 x=0.741 ratio=0.9989 dth=+2.366 gg=0.0000 fl=0.000 ret=0.997 shed=0.010 act=0.0000
# PAIR t=40.0 p=33 d=1.378 pq=1:1 delta=+0.229 x=0.647 ratio=0.9987 dth=-0.122 gg=0.9487 fl=0.160 ret=0.977 shed=0.090 act=1.7077
# PAIR t=40.0 p=34 d=1.154 pq=1:1 delta=+0.381 x=0.013 ratio=0.9987 dth=-2.961 gg=0.0000 fl=0.000 ret=0.006 shed=0.929 act=0.0000
# PAIR t=40.0 p=35 d=1.182 pq=1:1 delta=+0.015 x=0.252 ratio=0.9975 dth=+2.680 gg=0.0000 fl=0.000 ret=0.957 shed=0.056 act=0.0000
# PAIR t=40.0 p=36 d=1.251 pq=1:1 delta=-0.005 x=0.445 ratio=0.9962 dth=-2.282 gg=0.0000 fl=0.000 ret=0.983 shed=0.037 act=0.0000
# PAIR t=40.0 p=37 d=1.362 pq=1:1 delta=+0.198 x=0.624 ratio=0.9998 dth=-0.102 gg=0.9616 fl=0.138 ret=0.985 shed=0.055 act=1.3809
# PAIR t=40.0 p=38 d=1.105 pq=1:1 delta=+0.108 x=0.009 ratio=0.9960 dth=+1.221 gg=0.0009 fl=0.000 ret=0.000 shed=0.290 act=0.0001
# PAIR t=40.0 p=39 d=1.403 pq=1:1 delta=-0.000 x=0.844 ratio=1.0002 dth=+3.069 gg=0.0000 fl=0.000 ret=0.996 shed=0.017 act=0.0000
# PAIR t=40.0 p=40 d=1.381 pq=1:1 delta=+0.082 x=0.737 ratio=1.0013 dth=-0.040 gg=0.9932 fl=0.069 ret=0.990 shed=0.040 act=0.7445
# PAIR t=40.0 p=41 d=1.280 pq=1:1 delta=-0.009 x=0.523 ratio=1.0032 dth=-2.331 gg=0.0000 fl=0.000 ret=0.994 shed=0.016 act=0.0000
# PAIR t=40.0 p=42 d=1.112 pq=1:1 delta=+0.104 x=0.029 ratio=1.0143 dth=-0.208 gg=0.8972 fl=0.020 ret=0.026 shed=0.374 act=0.0170
# PAIR t=40.0 p=43 d=1.127 pq=1:1 delta=+0.247 x=0.002 ratio=1.0003 dth=+2.073 gg=0.0000 fl=0.000 ret=0.006 shed=0.573 act=0.0000
# PAIR t=40.0 p=44 d=1.351 pq=1:1 delta=+0.286 x=0.547 ratio=0.9967 dth=-0.175 gg=0.9176 fl=0.142 ret=0.890 shed=0.388 act=1.3513
# PAIR t=40.0 p=45 d=1.395 pq=1:1 delta=+0.104 x=0.760 ratio=0.9995 dth=-0.054 gg=0.9892 fl=0.061 ret=0.985 shed=0.063 act=0.6968
# PAIR t=40.0 p=46 d=1.100 pq=1:1 delta=+0.084 x=0.006 ratio=1.0022 dth=-0.053 gg=0.9925 fl=0.026 ret=0.026 shed=0.217 act=0.0128
# PAIR t=40.0 p=47 d=1.188 pq=1:1 delta=+0.154 x=0.201 ratio=0.9836 dth=-0.120 gg=0.9694 fl=0.040 ret=0.631 shed=0.510 act=0.1313
# PAIR t=40.0 p=48 d=1.220 pq=1:1 delta=+0.255 x=0.233 ratio=0.9925 dth=-0.160 gg=0.9330 fl=0.098 ret=0.719 shed=0.507 act=0.4298
# PAIR t=40.0 p=49 d=1.357 pq=1:1 delta=-0.002 x=0.723 ratio=0.9991 dth=-2.997 gg=0.0000 fl=0.000 ret=0.995 shed=0.017 act=0.0000
# PAIR t=40.0 p=50 d=1.319 pq=1:1 delta=+0.148 x=0.539 ratio=0.9997 dth=-0.102 gg=0.9754 fl=0.113 ret=0.930 shed=0.218 act=0.9254
# PAIR t=40.0 p=51 d=1.110 pq=1:1 delta=+0.146 x=0.003 ratio=0.9998 dth=+0.096 gg=0.8727 fl=0.006 ret=0.017 shed=0.346 act=0.0047
# PAIR t=40.0 p=52 d=1.134 pq=1:1 delta=+0.228 x=0.030 ratio=0.9852 dth=-0.166 gg=0.9390 fl=0.003 ret=0.127 shed=0.588 act=0.0041
# PAIR t=40.0 p=53 d=1.273 pq=1:1 delta=+0.279 x=0.356 ratio=0.9901 dth=-0.177 gg=0.9197 fl=0.056 ret=0.750 shed=0.625 act=0.3562
# PAIR t=40.0 p=54 d=1.178 pq=1:1 delta=+0.093 x=0.203 ratio=1.0050 dth=+0.722 gg=0.0880 fl=0.137 ret=0.940 shed=0.075 act=0.4008
# PAIR t=40.0 p=55 d=1.359 pq=1:1 delta=-0.005 x=0.731 ratio=1.0003 dth=-2.563 gg=0.0000 fl=0.000 ret=0.997 shed=0.012 act=0.0000
# PAIR t=40.0 p=56 d=1.330 pq=1:1 delta=+0.305 x=0.486 ratio=0.9977 dth=-0.169 gg=0.9102 fl=0.219 ret=0.957 shed=0.139 act=1.8962
# PAIR t=40.0 p=57 d=1.281 pq=1:1 delta=-0.005 x=0.524 ratio=0.9989 dth=+2.307 gg=0.0000 fl=0.000 ret=0.993 shed=0.019 act=0.0000
# PAIR t=40.0 p=58 d=1.299 pq=1:1 delta=+0.001 x=0.569 ratio=0.9989 dth=+1.871 gg=0.0000 fl=0.000 ret=0.994 shed=0.017 act=0.0006
# PAIR t=40.0 p=59 d=1.148 pq=1:1 delta=+0.342 x=0.015 ratio=0.9982 dth=-0.212 gg=0.8835 fl=0.008 ret=0.015 shed=0.843 act=0.0156
50.000	18652.4261	124.303167	576.766554	193.823533	19547.3193514	-1.861e-16	111172	13.920	15.110	16.166	0.063	25.3366	0.8474	-15.395	0.8494	0.9977	1.49452	1.49230
# PAIR t=50.0 p=0 d=1.281 pq=1:1 delta=+0.356 x=0.338 ratio=0.9905 dth=-0.215 gg=0.8762 fl=0.095 ret=0.736 shed=0.687 act=0.6331
# PAIR t=50.0 p=1 d=1.229 pq=1:1 delta=+0.315 x=0.229 ratio=0.9904 dth=-0.194 gg=0.9006 fl=0.069 ret=0.624 shed=0.725 act=0.3262
# PAIR t=50.0 p=2 d=1.286 pq=1:1 delta=+0.211 x=0.423 ratio=0.9938 dth=-0.135 gg=0.9531 fl=0.145 ret=0.906 shed=0.251 act=0.9979
# PAIR t=50.0 p=3 d=1.182 pq=1:1 delta=+0.367 x=0.087 ratio=0.9923 dth=-0.203 gg=0.8725 fl=0.200 ret=0.501 shed=0.648 act=0.6132
# PAIR t=50.0 p=4 d=1.097 pq=1:1 delta=+0.060 x=0.009 ratio=1.0012 dth=+0.210 gg=0.7917 fl=0.004 ret=0.004 shed=0.182 act=0.0018
# PAIR t=50.0 p=5 d=1.364 pq=1:1 delta=+0.108 x=0.678 ratio=0.9989 dth=-0.073 gg=0.9871 fl=0.054 ret=0.957 shed=0.160 act=0.5430
# PAIR t=50.0 p=6 d=1.391 pq=1:1 delta=+0.002 x=0.811 ratio=0.9995 dth=-2.998 gg=0.0000 fl=0.000 ret=0.995 shed=0.018 act=0.0000
# PAIR t=50.0 p=7 d=1.421 pq=1:1 delta=+0.001 x=0.889 ratio=1.0001 dth=+2.379 gg=0.0000 fl=0.000 ret=0.997 shed=0.014 act=0.0000
# PAIR t=50.0 p=8 d=1.311 pq=1:1 delta=+0.433 x=0.376 ratio=0.9888 dth=-0.265 gg=0.8208 fl=0.160 ret=0.769 shed=0.693 act=1.2614
# PAIR t=50.0 p=9 d=1.343 pq=1:1 delta=+0.005 x=0.681 ratio=0.9998 dth=+1.718 gg=0.0000 fl=0.000 ret=0.994 shed=0.020 act=0.0020
# PAIR t=50.0 p=10 d=1.201 pq=1:1 delta=+0.017 x=0.302 ratio=1.0011 dth=+2.174 gg=0.0000 fl=0.000 ret=0.968 shed=0.050 act=0.0000
# PAIR t=50.0 p=11 d=1.239 pq=1:1 delta=-0.007 x=0.415 ratio=0.9950 dth=-2.154 gg=0.0000 fl=0.000 ret=0.978 shed=0.046 act=0.0000
# PAIR t=50.0 p=12 d=1.334 pq=1:1 delta=-0.015 x=0.670 ratio=1.0042 dth=+2.372 gg=0.0000 fl=0.000 ret=0.993 shed=0.024 act=0.0000
# PAIR t=50.0 p=13 d=1.235 pq=1:1 delta=+0.339 x=0.233 ratio=0.9864 dth=-0.207 gg=0.8859 fl=0.057 ret=0.573 shed=0.855 act=0.2833
# PAIR t=50.0 p=14 d=1.110 pq=1:1 delta=+0.118 x=0.016 ratio=0.9975 dth=-0.005 gg=0.9749 fl=0.004 ret=0.008 shed=0.349 act=0.0031
# PAIR t=50.0 p=15 d=1.171 pq=1:1 delta=+0.027 x=0.219 ratio=1.0020 dth=+2.899 gg=0.0000 fl=0.000 ret=0.878 shed=0.141 act=0.0000
# PAIR t=50.0 p=16 d=1.402 pq=1:1 delta=+0.053 x=0.808 ratio=0.9997 dth=-0.034 gg=0.9970 fl=0.027 ret=0.984 shed=0.066 act=0.3173
# PAIR t=50.0 p=17 d=1.328 pq=1:1 delta=-0.008 x=0.650 ratio=1.0022 dth=-2.187 gg=0.0000 fl=0.000 ret=0.994 shed=0.021 act=0.0000
# PAIR t=50.0 p=18 d=1.264 pq=1:1 delta=+0.054 x=0.445 ratio=0.9949 dth=-0.081 gg=0.9857 fl=0.026 ret=0.797 shed=0.484 act=0.1586
# PAIR t=50.0 p=19 d=1.281 pq=1:1 delta=+0.344 x=0.344 ratio=0.9862 dth=-0.236 gg=0.8735 fl=0.067 ret=0.694 shed=0.796 act=0.4451
# PAIR t=50.0 p=20 d=1.308 pq=1:1 delta=+0.006 x=0.589 ratio=0.9969 dth=+1.589 gg=0.0000 fl=0.001 ret=0.993 shed=0.020 act=0.0064
# PAIR t=50.0 p=21 d=1.340 pq=1:1 delta=+0.004 x=0.675 ratio=0.9994 dth=+2.181 gg=0.0000 fl=0.000 ret=0.994 shed=0.019 act=0.0000
# PAIR t=50.0 p=22 d=1.232 pq=1:1 delta=+0.279 x=0.254 ratio=0.9843 dth=-0.195 gg=0.9138 fl=0.032 ret=0.640 shed=0.708 act=0.1537
# PAIR t=50.0 p=23 d=1.366 pq=1:1 delta=+0.107 x=0.683 ratio=0.9989 dth=-0.074 gg=0.9869 fl=0.051 ret=0.951 shed=0.182 act=0.5216
# PAIR t=50.0 p=24 d=1.374 pq=1:1 delta=+0.064 x=0.730 ratio=0.9991 dth=-0.041 gg=0.9956 fl=0.035 ret=0.978 shed=0.084 act=0.3709
# PAIR t=50.0 p=25 d=1.327 pq=1:1 delta=+0.007 x=0.638 ratio=1.0002 dth=-2.390 gg=0.0000 fl=0.000 ret=0.993 shed=0.023 act=0.0000
# PAIR t=50.0 p=26 d=1.216 pq=1:1 delta=+0.012 x=0.344 ratio=0.9989 dth=-2.522 gg=0.0000 fl=0.000 ret=0.973 shed=0.048 act=0.0000
# PAIR t=50.0 p=27 d=1.312 pq=1:1 delta=+0.283 x=0.451 ratio=1.0034 dth=-0.128 gg=0.9222 fl=0.261 ret=0.978 shed=0.067 act=2.0677
# PAIR t=50.0 p=28 d=1.101 pq=1:1 delta=+0.085 x=0.008 ratio=0.9984 dth=+0.013 gg=0.9806 fl=0.002 ret=0.003 shed=0.233 act=0.0012
# PAIR t=50.0 p=29 d=1.380 pq=1:1 delta=-0.000 x=0.782 ratio=1.0003 dth=+2.497 gg=0.0000 fl=0.000 ret=0.995 shed=0.018 act=0.0000
# PAIR t=50.0 p=30 d=1.343 pq=1:1 delta=+0.268 x=0.539 ratio=0.9970 dth=-0.151 gg=0.9297 fl=0.182 ret=0.955 shed=0.154 act=1.6740
# PAIR t=50.0 p=31 d=1.268 pq=1:1 delta=+0.148 x=0.411 ratio=0.9673 dth=-0.138 gg=0.9624 fl=0.002 ret=0.732 shed=0.652 act=0.0123
# PAIR t=50.0 p=32 d=1.363 pq=1:1 delta=-0.001 x=0.739 ratio=1.0007 dth=+2.359 gg=0.0000 fl=0.000 ret=0.996 shed=0.014 act=0.0000
# PAIR t=50.0 p=33 d=1.378 pq=1:1 delta=+0.069 x=0.736 ratio=1.0010 dth=-0.040 gg=0.9952 fl=0.038 ret=0.972 shed=0.110 act=0.4018
# PAIR t=50.0 p=34 d=1.154 pq=1:1 delta=+0.375 x=0.015 ratio=0.9976 dth=+0.282 gg=0.3533 fl=0.003 ret=0.016 shed=0.920 act=0.0058
# PAIR t=50.0 p=35 d=1.182 pq=1:1 delta=+0.028 x=0.246 ratio=0.9988 dth=+2.631 gg=0.0000 fl=0.000 ret=0.938 shed=0.081 act=0.0000
# PAIR t=50.0 p=36 d=1.251 pq=1:1 delta=-0.005 x=0.445 ratio=1.0031 dth=-2.276 gg=0.0000 fl=0.000 ret=0.977 shed=0.050 act=0.0000
# PAIR t=50.0 p=37 d=1.362 pq=1:1 delta=+0.054 x=0.703 ratio=1.0000 dth=-0.031 gg=0.9970 fl=0.031 ret=0.983 shed=0.061 act=0.3061
# PAIR t=50.0 p=38 d=1.105 pq=1:1 delta=+0.087 x=0.018 ratio=1.0018 dth=+0.059 gg=0.9517 fl=0.007 ret=0.007 shed=0.288 act=0.0047
# PAIR t=50.0 p=39 d=1.403 pq=1:1 delta=+0.006 x=0.841 ratio=1.0006 dth=+3.068 gg=0.0000 fl=0.000 ret=0.995 shed=0.022 act=0.0000
# PAIR t=50.0 p=40 d=1.381 pq=1:1 delta=+0.104 x=0.725 ratio=0.9999 dth=-0.054 gg=0.9892 fl=0.076 ret=0.988 shed=0.049 act=0.8283
# PAIR t=50.0 p=41 d=1.280 pq=1:1 delta=-0.005 x=0.521 ratio=1.0028 dth=-2.235 gg=0.0000 fl=0.000 ret=0.993 shed=0.019 act=0.0000
# PAIR t=50.0 p=42 d=1.112 pq=1:1 delta=+0.119 x=0.022 ratio=1.0101 dth=-0.131 gg=0.9658 fl=0.004 ret=0.006 shed=0.382 act=0.0037
# PAIR t=50.0 p=43 d=1.127 pq=1:1 delta=+0.247 x=0.003 ratio=0.9990 dth=+1.542 gg=0.0000 fl=0.000 ret=0.000 shed=0.576 act=0.0000
# PAIR t=50.0 p=44 d=1.351 pq=1:1 delta=+0.419 x=0.481 ratio=0.9916 dth=-0.241 gg=0.8356 fl=0.196 ret=0.842 shed=0.557 act=1.8642
# PAIR t=50.0 p=45 d=1.395 pq=1:1 delta=+0.129 x=0.746 ratio=1.0004 dth=-0.066 gg=0.9835 fl=0.077 ret=0.982 shed=0.072 act=0.8859
# PAIR t=50.0 p=46 d=1.100 pq=1:1 delta=+0.086 x=0.005 ratio=0.9993 dth=+0.078 gg=0.9359 fl=0.009 ret=0.009 shed=0.221 act=0.0043
# PAIR t=50.0 p=47 d=1.188 pq=1:1 delta=+0.312 x=0.127 ratio=0.9901 dth=-0.185 gg=0.9039 fl=0.156 ret=0.547 shed=0.626 act=0.5124
# PAIR t=50.0 p=48 d=1.220 pq=1:1 delta=+0.303 x=0.212 ratio=0.9885 dth=-0.179 gg=0.9095 fl=0.080 ret=0.634 shed=0.661 act=0.3546
# PAIR t=50.0 p=49 d=1.357 pq=1:1 delta=+0.005 x=0.719 ratio=1.0001 dth=-3.019 gg=0.0000 fl=0.000 ret=0.994 shed=0.023 act=0.0000
# PAIR t=50.0 p=50 d=1.319 pq=1:1 delta=+0.293 x=0.466 ratio=0.9909 dth=-0.180 gg=0.9137 fl=0.163 ret=0.899 shed=0.315 act=1.3405
# PAIR t=50.0 p=51 d=1.110 pq=1:1 delta=+0.146 x=0.004 ratio=1.0016 dth=+0.079 gg=0.8918 fl=0.006 ret=0.006 shed=0.350 act=0.0043
# PAIR t=50.0 p=52 d=1.134 pq=1:1 delta=+0.254 x=0.018 ratio=0.9898 dth=-0.215 gg=0.9085 fl=0.010 ret=0.016 shed=0.663 act=0.0156
# PAIR t=50.0 p=53 d=1.273 pq=1:1 delta=+0.305 x=0.344 ratio=0.9880 dth=-0.189 gg=0.9063 fl=0.010 ret=0.686 shed=0.787 act=0.0664
# PAIR t=50.0 p=54 d=1.178 pq=1:1 delta=+0.215 x=0.144 ratio=0.9956 dth=-0.158 gg=0.9451 fl=0.249 ret=0.815 shed=0.231 act=0.7288
# PAIR t=50.0 p=55 d=1.359 pq=1:1 delta=-0.002 x=0.729 ratio=0.9987 dth=-2.579 gg=0.0000 fl=0.000 ret=0.996 shed=0.015 act=0.0000
# PAIR t=50.0 p=56 d=1.330 pq=1:1 delta=+0.160 x=0.561 ratio=0.9996 dth=-0.101 gg=0.9731 fl=0.087 ret=0.941 shed=0.192 act=0.7543
# PAIR t=50.0 p=57 d=1.281 pq=1:1 delta=+0.001 x=0.521 ratio=0.9993 dth=+2.251 gg=0.0000 fl=0.000 ret=0.990 shed=0.026 act=0.0000
# PAIR t=50.0 p=58 d=1.299 pq=1:1 delta=-0.002 x=0.571 ratio=0.9966 dth=+1.812 gg=0.0000 fl=0.000 ret=0.992 shed=0.023 act=0.0006
# PAIR t=50.0 p=59 d=1.148 pq=1:1 delta=+0.344 x=0.014 ratio=0.9968 dth=-0.128 gg=0.8816 fl=0.004 ret=0.006 shed=0.851 act=0.0073
60.000	18652.7926	122.060185	522.528048	249.938479	19547.3193514	0.000e+00	111176	13.782	15.080	16.186	0.062	25.3366	0.8474	-18.807	0.8494	0.9977	1.49485	1.49320
# PAIR t=60.0 p=0 d=1.281 pq=1:1 delta=+0.329 x=0.351 ratio=0.9870 dth=-0.200 gg=0.8924 fl=0.021 ret=0.676 shed=0.842 act=0.1418
# PAIR t=60.0 p=1 d=1.229 pq=1:1 delta=+0.363 x=0.207 ratio=0.9860 dth=-0.230 gg=0.8681 fl=0.048 ret=0.558 shed=0.852 act=0.2264
# PAIR t=60.0 p=2 d=1.286 pq=1:1 delta=+0.173 x=0.441 ratio=0.9942 dth=-0.126 gg=0.9644 fl=0.053 ret=0.853 shed=0.394 act=0.3617
# PAIR t=60.0 p=3 d=1.182 pq=1:1 delta=+0.443 x=0.060 ratio=0.9672 dth=-0.785 gg=0.2231 fl=0.000 ret=0.209 shed=1.027 act=0.0000
# PAIR t=60.0 p=4 d=1.097 pq=1:1 delta=+0.053 x=0.012 ratio=1.0000 dth=+0.221 gg=0.7797 fl=0.003 ret=0.003 shed=0.182 act=0.0011
# PAIR t=60.0 p=5 d=1.364 pq=1:1 delta=+0.213 x=0.621 ratio=0.9982 dth=-0.126 gg=0.9542 fl=0.115 ret=0.946 shed=0.202 act=1.1655
# PAIR t=60.0 p=6 d=1.391 pq=1:1 delta=+0.001 x=0.812 ratio=0.9996 dth=-3.007 gg=0.0000 fl=0.000 ret=0.995 shed=0.022 act=0.0000
# PAIR t=60.0 p=7 d=1.421 pq=1:1 delta=+0.003 x=0.888 ratio=1.0001 dth=+2.373 gg=0.0000 fl=0.000 ret=0.996 shed=0.017 act=0.0000
# PAIR t=60.0 p=8 d=1.311 pq=1:1 delta=+0.385 x=0.400 ratio=0.9873 dth=-0.243 gg=0.8533 fl=0.069 ret=0.711 shed=0.867 act=0.5419
# PAIR t=60.0 p=9 d=1.343 pq=1:1 delta=+0.006 x=0.681 ratio=0.9990 dth=+1.698 gg=0.0000 fl=0.000 ret=0.993 shed=0.025 act=0.0003
# PAIR t=60.0 p=10 d=1.201 pq=1:1 delta=-0.008 x=0.314 ratio=0.9909 dth=+2.128 gg=0.0000 fl=0.000 ret=0.960 shed=0.062 act=0.0000
# PAIR t=60.0 p=11 d=1.239 pq=1:1 delta=-0.005 x=0.414 ratio=0.9984 dth=-2.281 gg=0.0000 fl=0.000 ret=0.969 shed=0.064 act=0.0000
# PAIR t=60.0 p=12 d=1.334 pq=1:1 delta=+0.009 x=0.656 ratio=1.0009 dth=+2.407 gg=0.0000 fl=0.000 ret=0.991 shed=0.029 act=0.0000
# PAIR t=60.0 p=13 d=1.235 pq=1:1 delta=+0.366 x=0.221 ratio=0.9827 dth=-0.258 gg=0.8544 fl=0.031 ret=0.505 shed=0.992 act=0.1553
# PAIR t=60.0 p=14 d=1.110 pq=1:1 delta=+0.132 x=0.010 ratio=1.0033 dth=-0.034 gg=0.9786 fl=0.003 ret=0.003 shed=0.350 act=0.0020
# PAIR t=60.0 p=15 d=1.171 pq=1:1 delta=+0.055 x=0.205 ratio=1.0020 dth=+2.939 gg=0.0000 fl=0.000 ret=0.843 shed=0.182 act=0.0000
# PAIR t=60.0 p=16 d=1.402 pq=1:1 delta=+0.065 x=0.801 ratio=1.0000 dth=-0.038 gg=0.9957 fl=0.032 ret=0.982 shed=0.074 act=0.3816
# PAIR t=60.0 p=17 d=1.328 pq=1:1 delta=+0.001 x=0.646 ratio=0.9992 dth=-2.198 gg=0.0000 fl=0.000 ret=0.992 shed=0.025 act=0.0000
# PAIR t=60.0 p=18 d=1.264 pq=1:1 delta=+0.348 x=0.301 ratio=1.0111 dth=-0.132 gg=0.8797 fl=0.152 ret=0.747 shed=0.603 act=0.9183
# PAIR t=60.0 p=19 d=1.281 pq=1:1 delta=+0.358 x=0.338 ratio=0.9827 dth=-0.255 gg=0.8596 fl=0.014 ret=0.636 shed=0.946 act=0.0960
# PAIR t=60.0 p=20 d=1.308 pq=1:1 delta=+0.006 x=0.588 ratio=0.9980 dth=+1.443 gg=0.0001 fl=0.001 ret=0.992 shed=0.024 act=0.0112
# PAIR t=60.0 p=21 d=1.340 pq=1:1 delta=-0.001 x=0.677 ratio=0.9983 dth=+2.170 gg=0.0000 fl=0.000 ret=0.993 shed=0.024 act=0.0000
# PAIR t=60.0 p=22 d=1.232 pq=1:1 delta=+0.328 x=0.231 ratio=0.9825 dth=-0.247 gg=0.8732 fl=0.033 ret=0.583 shed=0.820 act=0.1597
# PAIR t=60.0 p=23 d=1.366 pq=1:1 delta=+0.228 x=0.617 ratio=0.9986 dth=-0.135 gg=0.9475 fl=0.118 ret=0.937 shed=0.235 act=1.2032
# PAIR t=60.0 p=24 d=1.374 pq=1:1 delta=+0.113 x=0.702 ratio=1.0004 dth=-0.065 gg=0.9870 fl=0.075 ret=0.975 shed=0.097 act=0.7904
# PAIR t=60.0 p=25 d=1.327 pq=1:1 delta=+0.005 x=0.639 ratio=0.9999 dth=-2.390 gg=0.0000 fl=0.000 ret=0.991 shed=0.030 act=0.0000
# PAIR t=60.0 p=26 d=1.216 pq=1:1 delta=+0.010 x=0.345 ratio=1.0029 dth=-2.503 gg=0.0000 fl=0.000 ret=0.969 shed=0.054 act=0.0000
# PAIR t=60.0 p=27 d=1.312 pq=1:1 delta=+0.186 x=0.500 ratio=0.9980 dth=-0.116 gg=0.9639 fl=0.145 ret=0.962 shed=0.115 act=1.1500
# PAIR t=60.0 p=28 d=1.101 pq=1:1 delta=+0.044 x=0.028 ratio=0.9897 dth=-0.111 gg=0.9667 fl=0.001 ret=0.001 shed=0.234 act=0.0003
# PAIR t=60.0 p=29 d=1.380 pq=1:1 delta=-0.011 x=0.788 ratio=1.0017 dth=+2.522 gg=0.0000 fl=0.000 ret=0.994 shed=0.022 act=0.0000
# PAIR t=60.0 p=30 d=1.343 pq=1:1 delta=+0.085 x=0.636 ratio=0.9984 dth=-0.065 gg=0.9909 fl=0.029 ret=0.939 shed=0.209 act=0.2690
# PAIR t=60.0 p=31 d=1.268 pq=1:1 delta=+0.247 x=0.361 ratio=0.9710 dth=-0.391 gg=0.7053 fl=0.031 ret=0.698 shed=0.735 act=0.1915
# PAIR t=60.0 p=32 d=1.363 pq=1:1 delta=+0.003 x=0.736 ratio=1.0003 dth=+2.370 gg=0.0000 fl=0.000 ret=0.995 shed=0.018 act=0.0000
# PAIR t=60.0 p=33 d=1.378 pq=1:1 delta=+0.143 x=0.694 ratio=0.9986 dth=-0.085 gg=0.9791 fl=0.080 ret=0.962 shed=0.148 act=0.8576
# PAIR t=60.0 p=34 d=1.154 pq=1:1 delta=+0.402 x=0.004 ratio=1.0000 dth=+0.072 gg=0.6285 fl=0.005 ret=0.005 shed=0.930 act=0.0105
# PAIR t=60.0 p=35 d=1.182 pq=1:1 delta=+0.025 x=0.250 ratio=0.9993 dth=+2.598 gg=0.0000 fl=0.000 ret=0.929 shed=0.092 act=0.0000
# PAIR t=60.0 p=36 d=1.251 pq=1:1 delta=+0.018 x=0.433 ratio=1.0029 dth=-2.206 gg=0.0000 fl=0.000 ret=0.974 shed=0.057 act=0.0000
# PAIR t=60.0 p=37 d=1.362 pq=1:1 delta=+0.103 x=0.676 ratio=0.9999 dth=-0.056 gg=0.9894 fl=0.065 ret=0.981 shed=0.070 act=0.6502
# PAIR t=60.0 p=38 d=1.105 pq=1:1 delta=+0.112 x=0.007 ratio=1.0011 dth=-0.019 gg=0.9821 fl=0.004 ret=0.004 shed=0.289 act=0.0027
# PAIR t=60.0 p=39 d=1.403 pq=1:1 delta=+0.004 x=0.841 ratio=1.0000 dth=+3.083 gg=0.0000 fl=0.000 ret=0.994 shed=0.027 act=0.0000
# PAIR t=60.0 p=40 d=1.381 pq=1:1 delta=+0.186 x=0.679 ratio=0.9989 dth=-0.101 gg=0.9657 fl=0.125 ret=0.985 shed=0.058 act=1.3534
# PAIR t=60.0 p=41 d=1.280 pq=1:1 delta=-0.002 x=0.520 ratio=1.0031 dth=-2.186 gg=0.0000 fl=0.000 ret=0.991 shed=0.024 act=0.0000
# PAIR t=60.0 p=42 d=1.112 pq=1:1 delta=+0.144 x=0.011 ratio=1.0026 dth=-0.335 gg=0.7413 fl=0.002 ret=0.002 shed=0.383 act=0.0019
# PAIR t=60.0 p=43 d=1.127 pq=1:1 delta=+0.234 x=0.014 ratio=0.9946 dth=+0.886 gg=0.0139 fl=0.000 ret=0.001 shed=0.576 act=0.0003
# PAIR t=60.0 p=44 d=1.351 pq=1:1 delta=+0.283 x=0.549 ratio=0.9935 dth=-0.182 gg=0.9169 fl=0.032 ret=0.785 shed=0.760 act=0.3035
# PAIR t=60.0 p=45 d=1.395 pq=1:1 delta=+0.158 x=0.730 ratio=0.9996 dth=-0.084 gg=0.9753 fl=0.094 ret=0.980 shed=0.082 act=1.0818
# PAIR t=60.0 p=46 d=1.100 pq=1:1 delta=+0.093 x=0.002 ratio=0.9990 dth=+0.008 gg=0.9799 fl=0.005 ret=0.005 shed=0.221 act=0.0024
# PAIR t=60.0 p=47 d=1.188 pq=1:1 delta=+0.428 x=0.123 ratio=0.9877 dth=-0.231 gg=0.8312 fl=0.000 ret=0.399 shed=0.830 act=0.0000
# PAIR t=60.0 p=48 d=1.220 pq=1:1 delta=+0.355 x=0.188 ratio=0.9846 dth=-0.226 gg=0.8734 fl=0.045 ret=0.546 shed=0.820 act=0.2003
# PAIR t=60.0 p=49 d=1.357 pq=1:1 delta=+0.001 x=0.721 ratio=0.9972 dth=-3.038 gg=0.0000 fl=0.000 ret=0.992 shed=0.029 act=0.0000
# PAIR t=60.0 p=50 d=1.319 pq=1:1 delta=+0.312 x=0.455 ratio=0.9958 dth=-0.184 gg=0.9043 fl=0.143 ret=0.854 shed=0.456 act=1.1758
# PAIR t=60.0 p=51 d=1.110 pq=1:1 delta=+0.149 x=0.002 ratio=0.9999 dth=+0.106 gg=0.8579 fl=0.005 ret=0.005 shed=0.350 act=0.0037
# PAIR t=60.0 p=52 d=1.134 pq=1:1 delta=+0.231 x=0.029 ratio=0.9831 dth=-0.397 gg=0.6899 fl=0.000 ret=0.000 shed=0.673 act=0.0005
# PAIR t=60.0 p=53 d=1.273 pq=1:1 delta=+0.458 x=0.272 ratio=0.9866 dth=-0.285 gg=0.7999 fl=0.110 ret=0.635 shed=0.913 act=0.7001
# PAIR t=60.0 p=54 d=1.178 pq=1:1 delta=+0.289 x=0.111 ratio=0.9915 dth=-0.164 gg=0.9184 fl=0.275 ret=0.706 shed=0.365 act=0.8046
# PAIR t=60.0 p=55 d=1.359 pq=1:1 delta=-0.002 x=0.730 ratio=1.0003 dth=-2.586 gg=0.0000 fl=0.000 ret=0.995 shed=0.019 act=0.0000
# PAIR t=60.0 p=56 d=1.330 pq=1:1 delta=+0.268 x=0.505 ratio=0.9966 dth=-0.154 gg=0.9292 fl=0.180 ret=0.930 shed=0.228 act=1.5622
# PAIR t=60.0 p=57 d=1.281 pq=1:1 delta=-0.007 x=0.525 ratio=1.0030 dth=+2.276 gg=0.0000 fl=0.000 ret=0.988 shed=0.032 act=0.0000
# PAIR t=60.0 p=58 d=1.299 pq=1:1 delta=-0.003 x=0.572 ratio=0.9998 dth=+1.743 gg=0.0000 fl=0.000 ret=0.990 shed=0.027 act=0.0005
# PAIR t=60.0 p=59 d=1.148 pq=1:1 delta=+0.360 x=0.007 ratio=0.9991 dth=-0.203 gg=0.8763 fl=0.005 ret=0.005 shed=0.852 act=0.0089
# RESULT conservation E0=19547.3193514 Efinal=19547.3193514 rel_drift=0.000e+00
# RESULT roughness_radiated=15.5438 (dissonant dense deliveries converted to field, conserved)
# RESULT curvature_fit defA_per_Em=0.73284 r2=0.8853 (linear defect ~ converted energy)
# PAIR t=60.0 p=0 d=1.281 pq=1:1 delta=+0.329 x=0.351 ratio=0.9870 dth=-0.200 gg=0.8924 fl=0.021 ret=0.676 shed=0.842 act=0.1418
# PAIR t=60.0 p=1 d=1.229 pq=1:1 delta=+0.363 x=0.207 ratio=0.9860 dth=-0.230 gg=0.8681 fl=0.048 ret=0.558 shed=0.852 act=0.2264
# PAIR t=60.0 p=2 d=1.286 pq=1:1 delta=+0.173 x=0.441 ratio=0.9942 dth=-0.126 gg=0.9644 fl=0.053 ret=0.853 shed=0.394 act=0.3617
# PAIR t=60.0 p=3 d=1.182 pq=1:1 delta=+0.443 x=0.060 ratio=0.9672 dth=-0.785 gg=0.2231 fl=0.000 ret=0.209 shed=1.027 act=0.0000
# PAIR t=60.0 p=4 d=1.097 pq=1:1 delta=+0.053 x=0.012 ratio=1.0000 dth=+0.221 gg=0.7797 fl=0.003 ret=0.003 shed=0.182 act=0.0011
# PAIR t=60.0 p=5 d=1.364 pq=1:1 delta=+0.213 x=0.621 ratio=0.9982 dth=-0.126 gg=0.9542 fl=0.115 ret=0.946 shed=0.202 act=1.1655
# PAIR t=60.0 p=6 d=1.391 pq=1:1 delta=+0.001 x=0.812 ratio=0.9996 dth=-3.007 gg=0.0000 fl=0.000 ret=0.995 shed=0.022 act=0.0000
# PAIR t=60.0 p=7 d=1.421 pq=1:1 delta=+0.003 x=0.888 ratio=1.0001 dth=+2.373 gg=0.0000 fl=0.000 ret=0.996 shed=0.017 act=0.0000
# PAIR t=60.0 p=8 d=1.311 pq=1:1 delta=+0.385 x=0.400 ratio=0.9873 dth=-0.243 gg=0.8533 fl=0.069 ret=0.711 shed=0.867 act=0.5419
# PAIR t=60.0 p=9 d=1.343 pq=1:1 delta=+0.006 x=0.681 ratio=0.9990 dth=+1.698 gg=0.0000 fl=0.000 ret=0.993 shed=0.025 act=0.0003
# PAIR t=60.0 p=10 d=1.201 pq=1:1 delta=-0.008 x=0.314 ratio=0.9909 dth=+2.128 gg=0.0000 fl=0.000 ret=0.960 shed=0.062 act=0.0000
# PAIR t=60.0 p=11 d=1.239 pq=1:1 delta=-0.005 x=0.414 ratio=0.9984 dth=-2.281 gg=0.0000 fl=0.000 ret=0.969 shed=0.064 act=0.0000
# PAIR t=60.0 p=12 d=1.334 pq=1:1 delta=+0.009 x=0.656 ratio=1.0009 dth=+2.407 gg=0.0000 fl=0.000 ret=0.991 shed=0.029 act=0.0000
# PAIR t=60.0 p=13 d=1.235 pq=1:1 delta=+0.366 x=0.221 ratio=0.9827 dth=-0.258 gg=0.8544 fl=0.031 ret=0.505 shed=0.992 act=0.1553
# PAIR t=60.0 p=14 d=1.110 pq=1:1 delta=+0.132 x=0.010 ratio=1.0033 dth=-0.034 gg=0.9786 fl=0.003 ret=0.003 shed=0.350 act=0.0020
# PAIR t=60.0 p=15 d=1.171 pq=1:1 delta=+0.055 x=0.205 ratio=1.0020 dth=+2.939 gg=0.0000 fl=0.000 ret=0.843 shed=0.182 act=0.0000
# PAIR t=60.0 p=16 d=1.402 pq=1:1 delta=+0.065 x=0.801 ratio=1.0000 dth=-0.038 gg=0.9957 fl=0.032 ret=0.982 shed=0.074 act=0.3816
# PAIR t=60.0 p=17 d=1.328 pq=1:1 delta=+0.001 x=0.646 ratio=0.9992 dth=-2.198 gg=0.0000 fl=0.000 ret=0.992 shed=0.025 act=0.0000
# PAIR t=60.0 p=18 d=1.264 pq=1:1 delta=+0.348 x=0.301 ratio=1.0111 dth=-0.132 gg=0.8797 fl=0.152 ret=0.747 shed=0.603 act=0.9183
# PAIR t=60.0 p=19 d=1.281 pq=1:1 delta=+0.358 x=0.338 ratio=0.9827 dth=-0.255 gg=0.8596 fl=0.014 ret=0.636 shed=0.946 act=0.0960
# PAIR t=60.0 p=20 d=1.308 pq=1:1 delta=+0.006 x=0.588 ratio=0.9980 dth=+1.443 gg=0.0001 fl=0.001 ret=0.992 shed=0.024 act=0.0112
# PAIR t=60.0 p=21 d=1.340 pq=1:1 delta=-0.001 x=0.677 ratio=0.9983 dth=+2.170 gg=0.0000 fl=0.000 ret=0.993 shed=0.024 act=0.0000
# PAIR t=60.0 p=22 d=1.232 pq=1:1 delta=+0.328 x=0.231 ratio=0.9825 dth=-0.247 gg=0.8732 fl=0.033 ret=0.583 shed=0.820 act=0.1597
# PAIR t=60.0 p=23 d=1.366 pq=1:1 delta=+0.228 x=0.617 ratio=0.9986 dth=-0.135 gg=0.9475 fl=0.118 ret=0.937 shed=0.235 act=1.2032
# PAIR t=60.0 p=24 d=1.374 pq=1:1 delta=+0.113 x=0.702 ratio=1.0004 dth=-0.065 gg=0.9870 fl=0.075 ret=0.975 shed=0.097 act=0.7904
# PAIR t=60.0 p=25 d=1.327 pq=1:1 delta=+0.005 x=0.639 ratio=0.9999 dth=-2.390 gg=0.0000 fl=0.000 ret=0.991 shed=0.030 act=0.0000
# PAIR t=60.0 p=26 d=1.216 pq=1:1 delta=+0.010 x=0.345 ratio=1.0029 dth=-2.503 gg=0.0000 fl=0.000 ret=0.969 shed=0.054 act=0.0000
# PAIR t=60.0 p=27 d=1.312 pq=1:1 delta=+0.186 x=0.500 ratio=0.9980 dth=-0.116 gg=0.9639 fl=0.145 ret=0.962 shed=0.115 act=1.1500
# PAIR t=60.0 p=28 d=1.101 pq=1:1 delta=+0.044 x=0.028 ratio=0.9897 dth=-0.111 gg=0.9667 fl=0.001 ret=0.001 shed=0.234 act=0.0003
# PAIR t=60.0 p=29 d=1.380 pq=1:1 delta=-0.011 x=0.788 ratio=1.0017 dth=+2.522 gg=0.0000 fl=0.000 ret=0.994 shed=0.022 act=0.0000
# PAIR t=60.0 p=30 d=1.343 pq=1:1 delta=+0.085 x=0.636 ratio=0.9984 dth=-0.065 gg=0.9909 fl=0.029 ret=0.939 shed=0.209 act=0.2690
# PAIR t=60.0 p=31 d=1.268 pq=1:1 delta=+0.247 x=0.361 ratio=0.9710 dth=-0.391 gg=0.7053 fl=0.031 ret=0.698 shed=0.735 act=0.1915
# PAIR t=60.0 p=32 d=1.363 pq=1:1 delta=+0.003 x=0.736 ratio=1.0003 dth=+2.370 gg=0.0000 fl=0.000 ret=0.995 shed=0.018 act=0.0000
# PAIR t=60.0 p=33 d=1.378 pq=1:1 delta=+0.143 x=0.694 ratio=0.9986 dth=-0.085 gg=0.9791 fl=0.080 ret=0.962 shed=0.148 act=0.8576
# PAIR t=60.0 p=34 d=1.154 pq=1:1 delta=+0.402 x=0.004 ratio=1.0000 dth=+0.072 gg=0.6285 fl=0.005 ret=0.005 shed=0.930 act=0.0105
# PAIR t=60.0 p=35 d=1.182 pq=1:1 delta=+0.025 x=0.250 ratio=0.9993 dth=+2.598 gg=0.0000 fl=0.000 ret=0.929 shed=0.092 act=0.0000
# PAIR t=60.0 p=36 d=1.251 pq=1:1 delta=+0.018 x=0.433 ratio=1.0029 dth=-2.206 gg=0.0000 fl=0.000 ret=0.974 shed=0.057 act=0.0000
# PAIR t=60.0 p=37 d=1.362 pq=1:1 delta=+0.103 x=0.676 ratio=0.9999 dth=-0.056 gg=0.9894 fl=0.065 ret=0.981 shed=0.070 act=0.6502
# PAIR t=60.0 p=38 d=1.105 pq=1:1 delta=+0.112 x=0.007 ratio=1.0011 dth=-0.019 gg=0.9821 fl=0.004 ret=0.004 shed=0.289 act=0.0027
# PAIR t=60.0 p=39 d=1.403 pq=1:1 delta=+0.004 x=0.841 ratio=1.0000 dth=+3.083 gg=0.0000 fl=0.000 ret=0.994 shed=0.027 act=0.0000
# PAIR t=60.0 p=40 d=1.381 pq=1:1 delta=+0.186 x=0.679 ratio=0.9989 dth=-0.101 gg=0.9657 fl=0.125 ret=0.985 shed=0.058 act=1.3534
# PAIR t=60.0 p=41 d=1.280 pq=1:1 delta=-0.002 x=0.520 ratio=1.0031 dth=-2.186 gg=0.0000 fl=0.000 ret=0.991 shed=0.024 act=0.0000
# PAIR t=60.0 p=42 d=1.112 pq=1:1 delta=+0.144 x=0.011 ratio=1.0026 dth=-0.335 gg=0.7413 fl=0.002 ret=0.002 shed=0.383 act=0.0019
# PAIR t=60.0 p=43 d=1.127 pq=1:1 delta=+0.234 x=0.014 ratio=0.9946 dth=+0.886 gg=0.0139 fl=0.000 ret=0.001 shed=0.576 act=0.0003
# PAIR t=60.0 p=44 d=1.351 pq=1:1 delta=+0.283 x=0.549 ratio=0.9935 dth=-0.182 gg=0.9169 fl=0.032 ret=0.785 shed=0.760 act=0.3035
# PAIR t=60.0 p=45 d=1.395 pq=1:1 delta=+0.158 x=0.730 ratio=0.9996 dth=-0.084 gg=0.9753 fl=0.094 ret=0.980 shed=0.082 act=1.0818
# PAIR t=60.0 p=46 d=1.100 pq=1:1 delta=+0.093 x=0.002 ratio=0.9990 dth=+0.008 gg=0.9799 fl=0.005 ret=0.005 shed=0.221 act=0.0024
# PAIR t=60.0 p=47 d=1.188 pq=1:1 delta=+0.428 x=0.123 ratio=0.9877 dth=-0.231 gg=0.8312 fl=0.000 ret=0.399 shed=0.830 act=0.0000
# PAIR t=60.0 p=48 d=1.220 pq=1:1 delta=+0.355 x=0.188 ratio=0.9846 dth=-0.226 gg=0.8734 fl=0.045 ret=0.546 shed=0.820 act=0.2003
# PAIR t=60.0 p=49 d=1.357 pq=1:1 delta=+0.001 x=0.721 ratio=0.9972 dth=-3.038 gg=0.0000 fl=0.000 ret=0.992 shed=0.029 act=0.0000
# PAIR t=60.0 p=50 d=1.319 pq=1:1 delta=+0.312 x=0.455 ratio=0.9958 dth=-0.184 gg=0.9043 fl=0.143 ret=0.854 shed=0.456 act=1.1758
# PAIR t=60.0 p=51 d=1.110 pq=1:1 delta=+0.149 x=0.002 ratio=0.9999 dth=+0.106 gg=0.8579 fl=0.005 ret=0.005 shed=0.350 act=0.0037
# PAIR t=60.0 p=52 d=1.134 pq=1:1 delta=+0.231 x=0.029 ratio=0.9831 dth=-0.397 gg=0.6899 fl=0.000 ret=0.000 shed=0.673 act=0.0005
# PAIR t=60.0 p=53 d=1.273 pq=1:1 delta=+0.458 x=0.272 ratio=0.9866 dth=-0.285 gg=0.7999 fl=0.110 ret=0.635 shed=0.913 act=0.7001
# PAIR t=60.0 p=54 d=1.178 pq=1:1 delta=+0.289 x=0.111 ratio=0.9915 dth=-0.164 gg=0.9184 fl=0.275 ret=0.706 shed=0.365 act=0.8046
# PAIR t=60.0 p=55 d=1.359 pq=1:1 delta=-0.002 x=0.730 ratio=1.0003 dth=-2.586 gg=0.0000 fl=0.000 ret=0.995 shed=0.019 act=0.0000
# PAIR t=60.0 p=56 d=1.330 pq=1:1 delta=+0.268 x=0.505 ratio=0.9966 dth=-0.154 gg=0.9292 fl=0.180 ret=0.930 shed=0.228 act=1.5622
# PAIR t=60.0 p=57 d=1.281 pq=1:1 delta=-0.007 x=0.525 ratio=1.0030 dth=+2.276 gg=0.0000 fl=0.000 ret=0.988 shed=0.032 act=0.0000
# PAIR t=60.0 p=58 d=1.299 pq=1:1 delta=-0.003 x=0.572 ratio=0.9998 dth=+1.743 gg=0.0000 fl=0.000 ret=0.990 shed=0.027 act=0.0005
# PAIR t=60.0 p=59 d=1.148 pq=1:1 delta=+0.360 x=0.007 ratio=0.9991 dth=-0.203 gg=0.8763 fl=0.005 ret=0.005 shed=0.852 act=0.0089
# RESULT pair_tongue |delta|<0.6: n=60 gg=0.540 ret=0.704 fl=0.036 | 0.6-1.2: n=0 gg=0.000 ret=0.000 fl=0.000 | >1.2: n=0 gg=0.000 ret=0.000 fl=0.000
