# cellfab — v89 cell-fabric kernel (no lattice, no prior code)
# cfg seed=20260727 mode=field init=pairs
# cfg L=30 dmin=1 r0=0.85 rjit=0.06
# cfg C=1 w1=1.5 w2=2.9 q_detune=0.35 gamma_res=0.25 gamma_res_m=0.02 p_gate=8
# cfg lock_floor=0.005
# cfg k_dep=1.2 k_dep_m=2 cap=2.5 e_s0=1 es_floor=0.05
# cfg e_cond=99 f_conv=0.25 f_evap=0.5 s_pull=0.15
# cfg kappa_lock=1 kappa_align=0.5 sigma_tumble=0.01
# cfg dt=0.02 T=80 diag_every=500 snap_every=0
# cfg center=(-1,-1,-1) amp=1 sigma=2.5 k=(0,0,0) prealign=0 noise_amp=0
# cfg music: comb_limit=6 rough_k=0.35 gamma_rough=0.5 mob_sym=1 mob_floor=0.01
# cfg field sector: two-component signed amplitude, unitary hops, field_J=0.06
# cfg pairs: n=60 x0=0.55 x1=-1 pq=1:1 seedlock=1 d=[1,1.55] gap=5
# pairs: seeded 60 of 60 requested, d=[1,1.55], x0=0.55, phases=locked
# fabric: cells=18670 channels=166635 mean_degree=17.85 box=30 dmin=1
# t	E_space	E_dense	E_field	E_transfer	E_total	rel_drift	live_ch	cm_x	cm_y	cm_z	contain	front_r	r_core	defA	r_far	r_ratio	w_core	w_far
0.000	18648.4783	165	0	0	18813.4782609	0.000e+00	111161	14.626	15.900	15.373	0.033	0.0000	0.8474	0	0.8494	0.9977	1.50000	1.49839
# PAIR t=0.0 p=0 d=1.281 pq=1:1 delta=-0.055 x=0.550 ratio=1.0000 dth=+0.000 gg=0.9940 fl=0.000 ret=1.000 shed=0.000 act=0.0000 flq=-1.00
# PAIR t=0.0 p=1 d=1.229 pq=1:1 delta=-0.304 x=0.550 ratio=1.0000 dth=+0.000 gg=0.8307 fl=0.000 ret=1.000 shed=0.000 act=0.0000 flq=-1.00
# PAIR t=0.0 p=2 d=1.286 pq=1:1 delta=-0.027 x=0.550 ratio=1.0000 dth=-0.000 gg=0.9985 fl=0.000 ret=1.000 shed=0.000 act=0.0000 flq=-1.00
# PAIR t=0.0 p=3 d=1.478 pq=1:1 delta=+0.906 x=0.550 ratio=1.0000 dth=-0.000 gg=0.1827 fl=0.000 ret=1.000 shed=0.000 act=0.0000 flq=-1.00
# PAIR t=0.0 p=4 d=1.467 pq=1:1 delta=+0.853 x=0.550 ratio=1.0000 dth=-0.000 gg=0.2231 fl=0.000 ret=1.000 shed=0.000 act=0.0000 flq=-1.00
# PAIR t=0.0 p=5 d=1.467 pq=1:1 delta=+0.850 x=0.550 ratio=1.0000 dth=+0.000 gg=0.2255 fl=0.000 ret=1.000 shed=0.000 act=0.0000 flq=-1.00
# PAIR t=0.0 p=6 d=1.025 pq=1:1 delta=-1.297 x=0.550 ratio=1.0000 dth=-0.000 gg=0.0265 fl=0.000 ret=1.000 shed=0.000 act=0.0000 flq=-1.00
# PAIR t=0.0 p=7 d=1.421 pq=1:1 delta=+0.627 x=0.550 ratio=1.0000 dth=+0.000 gg=0.4500 fl=0.000 ret=1.000 shed=0.000 act=0.0000 flq=-1.00
# PAIR t=0.0 p=8 d=1.311 pq=1:1 delta=+0.093 x=0.550 ratio=1.0000 dth=+0.000 gg=0.9828 fl=0.000 ret=1.000 shed=0.000 act=0.0000 flq=-1.00
# PAIR t=0.0 p=9 d=1.343 pq=1:1 delta=+0.248 x=0.550 ratio=1.0000 dth=-0.000 gg=0.8840 fl=0.000 ret=1.000 shed=0.000 act=0.0000 flq=-1.00
# PAIR t=0.0 p=10 d=1.078 pq=1:1 delta=-1.038 x=0.550 ratio=1.0000 dth=-0.000 gg=0.1043 fl=0.000 ret=1.000 shed=0.000 act=0.0000 flq=-1.00
# PAIR t=0.0 p=11 d=1.239 pq=1:1 delta=-0.256 x=0.550 ratio=1.0000 dth=-0.000 gg=0.8767 fl=0.000 ret=1.000 shed=0.000 act=0.0000 flq=-1.00
# PAIR t=0.0 p=12 d=1.334 pq=1:1 delta=+0.205 x=0.550 ratio=1.0000 dth=-0.000 gg=0.9191 fl=0.000 ret=1.000 shed=0.000 act=0.0000 flq=-1.00
# PAIR t=0.0 p=13 d=1.103 pq=1:1 delta=-0.921 x=0.550 ratio=1.0000 dth=-0.000 gg=0.1721 fl=0.000 ret=1.000 shed=0.000 act=0.0000 flq=-1.00
# PAIR t=0.0 p=14 d=1.539 pq=1:1 delta=+1.204 x=0.550 ratio=1.0000 dth=+0.000 gg=0.0452 fl=0.000 ret=1.000 shed=0.000 act=0.0000 flq=-1.00
# PAIR t=0.0 p=15 d=1.036 pq=1:1 delta=-1.243 x=0.550 ratio=1.0000 dth=+0.000 gg=0.0364 fl=0.000 ret=1.000 shed=0.000 act=0.0000 flq=-1.00
# PAIR t=0.0 p=16 d=1.486 pq=1:1 delta=+0.947 x=0.550 ratio=1.0000 dth=-0.000 gg=0.1552 fl=0.000 ret=1.000 shed=0.000 act=0.0000 flq=-1.00
# PAIR t=0.0 p=17 d=1.264 pq=1:1 delta=-0.134 x=0.550 ratio=1.0000 dth=-0.000 gg=0.9645 fl=0.000 ret=1.000 shed=0.000 act=0.0000 flq=-1.00
# PAIR t=0.0 p=18 d=1.110 pq=1:1 delta=-0.885 x=0.550 ratio=1.0000 dth=+0.000 gg=0.1977 fl=0.000 ret=1.000 shed=0.000 act=0.0000 flq=-1.00
# PAIR t=0.0 p=19 d=1.281 pq=1:1 delta=-0.055 x=0.550 ratio=1.0000 dth=-0.000 gg=0.9940 fl=0.000 ret=1.000 shed=0.000 act=0.0000 flq=-1.00
# PAIR t=0.0 p=20 d=1.454 pq=1:1 delta=+0.788 x=0.550 ratio=1.0000 dth=+0.000 gg=0.2791 fl=0.000 ret=1.000 shed=0.000 act=0.0000 flq=-1.00
# PAIR t=0.0 p=21 d=1.535 pq=1:1 delta=+1.183 x=0.550 ratio=1.0000 dth=-0.000 gg=0.0509 fl=0.000 ret=1.000 shed=0.000 act=0.0000 flq=-1.00
# PAIR t=0.0 p=22 d=1.040 pq=1:1 delta=-1.227 x=0.550 ratio=1.0000 dth=-0.000 gg=0.0398 fl=0.000 ret=1.000 shed=0.000 act=0.0000 flq=-1.00
# PAIR t=0.0 p=23 d=1.470 pq=1:1 delta=+0.864 x=0.550 ratio=1.0000 dth=+0.000 gg=0.2138 fl=0.000 ret=1.000 shed=0.000 act=0.0000 flq=-1.00
# PAIR t=0.0 p=24 d=1.296 pq=1:1 delta=+0.022 x=0.550 ratio=1.0000 dth=+0.000 gg=0.9991 fl=0.000 ret=1.000 shed=0.000 act=0.0000 flq=-1.00
# PAIR t=0.0 p=25 d=1.374 pq=1:1 delta=+0.402 x=0.550 ratio=1.0000 dth=+0.000 gg=0.7223 fl=0.000 ret=1.000 shed=0.000 act=0.0000 flq=-1.00
# PAIR t=0.0 p=26 d=1.327 pq=1:1 delta=+0.169 x=0.550 ratio=1.0000 dth=+0.000 gg=0.9445 fl=0.000 ret=1.000 shed=0.000 act=0.0000 flq=-1.00
# PAIR t=0.0 p=27 d=1.216 pq=1:1 delta=-0.368 x=0.550 ratio=1.0000 dth=+0.000 gg=0.7613 fl=0.000 ret=1.000 shed=0.000 act=0.0000 flq=-1.00
# PAIR t=0.0 p=28 d=1.519 pq=1:1 delta=+1.103 x=0.550 ratio=1.0000 dth=+0.000 gg=0.0769 fl=0.000 ret=1.000 shed=0.000 act=0.0000 flq=-1.00
# PAIR t=0.0 p=29 d=1.433 pq=1:1 delta=+0.687 x=0.550 ratio=1.0000 dth=+0.000 gg=0.3818 fl=0.000 ret=1.000 shed=0.000 act=0.0000 flq=-1.00
# PAIR t=0.0 p=30 d=1.380 pq=1:1 delta=+0.427 x=0.550 ratio=1.0000 dth=+0.000 gg=0.6927 fl=0.000 ret=1.000 shed=0.000 act=0.0000 flq=-1.00
# PAIR t=0.0 p=31 d=1.343 pq=1:1 delta=+0.251 x=0.550 ratio=1.0000 dth=+0.000 gg=0.8812 fl=0.000 ret=1.000 shed=0.000 act=0.0000 flq=-1.00
# PAIR t=0.0 p=32 d=1.081 pq=1:1 delta=-1.025 x=0.550 ratio=1.0000 dth=-0.000 gg=0.1107 fl=0.000 ret=1.000 shed=0.000 act=0.0000 flq=-1.00
# PAIR t=0.0 p=33 d=1.363 pq=1:1 delta=+0.347 x=0.550 ratio=1.0000 dth=+0.000 gg=0.7848 fl=0.000 ret=1.000 shed=0.000 act=0.0000 flq=-1.00
# PAIR t=0.0 p=34 d=1.495 pq=1:1 delta=+0.989 x=0.550 ratio=1.0000 dth=+0.000 gg=0.1296 fl=0.000 ret=1.000 shed=0.000 act=0.0000 flq=-1.00
# PAIR t=0.0 p=35 d=1.063 pq=1:1 delta=-1.112 x=0.550 ratio=1.0000 dth=+0.000 gg=0.0735 fl=0.000 ret=1.000 shed=0.000 act=0.0000 flq=-1.00
# PAIR t=0.0 p=36 d=1.182 pq=1:1 delta=-0.535 x=0.550 ratio=1.0000 dth=+0.000 gg=0.5599 fl=0.000 ret=1.000 shed=0.000 act=0.0000 flq=-1.00
# PAIR t=0.0 p=37 d=1.251 pq=1:1 delta=-0.199 x=0.550 ratio=1.0000 dth=-0.000 gg=0.9238 fl=0.000 ret=1.000 shed=0.000 act=0.0000 flq=-1.00
# PAIR t=0.0 p=38 d=1.362 pq=1:1 delta=+0.342 x=0.550 ratio=1.0000 dth=-0.000 gg=0.7911 fl=0.000 ret=1.000 shed=0.000 act=0.0000 flq=-1.00
# PAIR t=0.0 p=39 d=1.105 pq=1:1 delta=-0.907 x=0.550 ratio=1.0000 dth=+0.000 gg=0.1816 fl=0.000 ret=1.000 shed=0.000 act=0.0000 flq=-1.00
# PAIR t=0.0 p=40 d=1.550 pq=1:1 delta=+1.255 x=0.550 ratio=1.0000 dth=+0.000 gg=0.0339 fl=0.000 ret=1.000 shed=0.000 act=0.0000 flq=-1.00
# PAIR t=0.0 p=41 d=1.381 pq=1:1 delta=+0.435 x=0.550 ratio=1.0000 dth=+0.000 gg=0.6826 fl=0.000 ret=1.000 shed=0.000 act=0.0000 flq=-1.00
# PAIR t=0.0 p=42 d=1.280 pq=1:1 delta=-0.058 x=0.550 ratio=1.0000 dth=-0.000 gg=0.9932 fl=0.000 ret=1.000 shed=0.000 act=0.0000 flq=-1.00
# PAIR t=0.0 p=43 d=1.112 pq=1:1 delta=-0.873 x=0.550 ratio=1.0000 dth=+0.000 gg=0.2072 fl=0.000 ret=1.000 shed=0.000 act=0.0000 flq=-1.00
# PAIR t=0.0 p=44 d=1.100 pq=1:1 delta=-0.935 x=0.550 ratio=1.0000 dth=+0.000 gg=0.1627 fl=0.000 ret=1.000 shed=0.000 act=0.0000 flq=-1.00
# PAIR t=0.0 p=45 d=1.351 pq=1:1 delta=+0.287 x=0.550 ratio=1.0000 dth=-0.000 gg=0.8481 fl=0.000 ret=1.000 shed=0.000 act=0.0000 flq=-1.00
# PAIR t=0.0 p=46 d=1.425 pq=1:1 delta=+0.646 x=0.550 ratio=1.0000 dth=-0.000 gg=0.4277 fl=0.000 ret=1.000 shed=0.000 act=0.0000 flq=-1.00
# PAIR t=0.0 p=47 d=1.531 pq=1:1 delta=+1.165 x=0.550 ratio=1.0000 dth=+0.000 gg=0.0559 fl=0.000 ret=1.000 shed=0.000 act=0.0000 flq=-1.00
# PAIR t=0.0 p=48 d=1.481 pq=1:1 delta=+0.918 x=0.550 ratio=1.0000 dth=+0.000 gg=0.1738 fl=0.000 ret=1.000 shed=0.000 act=0.0000 flq=-1.00
# PAIR t=0.0 p=49 d=1.220 pq=1:1 delta=-0.349 x=0.550 ratio=1.0000 dth=+0.000 gg=0.7834 fl=0.000 ret=1.000 shed=0.000 act=0.0000 flq=-1.00
# PAIR t=0.0 p=50 d=1.357 pq=1:1 delta=+0.317 x=0.550 ratio=1.0000 dth=-0.000 gg=0.8177 fl=0.000 ret=1.000 shed=0.000 act=0.0000 flq=-1.00
# PAIR t=0.0 p=51 d=1.037 pq=1:1 delta=-1.238 x=0.550 ratio=1.0000 dth=-0.000 gg=0.0375 fl=0.000 ret=1.000 shed=0.000 act=0.0000 flq=-1.00
# PAIR t=0.0 p=52 d=1.091 pq=1:1 delta=-0.978 x=0.550 ratio=1.0000 dth=-0.000 gg=0.1361 fl=0.000 ret=1.000 shed=0.000 act=0.0000 flq=-1.00
# PAIR t=0.0 p=53 d=1.051 pq=1:1 delta=-1.173 x=0.550 ratio=1.0000 dth=+0.000 gg=0.0537 fl=0.000 ret=1.000 shed=0.000 act=0.0000 flq=-1.00
# PAIR t=0.0 p=54 d=1.087 pq=1:1 delta=-0.994 x=0.550 ratio=1.0000 dth=-0.000 gg=0.1270 fl=0.000 ret=1.000 shed=0.000 act=0.0000 flq=-1.00
# PAIR t=0.0 p=55 d=1.359 pq=1:1 delta=+0.328 x=0.550 ratio=1.0000 dth=+0.000 gg=0.8059 fl=0.000 ret=1.000 shed=0.000 act=0.0000 flq=-1.00
# PAIR t=0.0 p=56 d=1.330 pq=1:1 delta=+0.186 x=0.550 ratio=1.0000 dth=+0.000 gg=0.9330 fl=0.000 ret=1.000 shed=0.000 act=0.0000 flq=-1.00
# PAIR t=0.0 p=57 d=1.210 pq=1:1 delta=-0.400 x=0.550 ratio=1.0000 dth=+0.000 gg=0.7244 fl=0.000 ret=1.000 shed=0.000 act=0.0000 flq=-1.00
# PAIR t=0.0 p=58 d=1.281 pq=1:1 delta=-0.052 x=0.550 ratio=1.0000 dth=+0.000 gg=0.9946 fl=0.000 ret=1.000 shed=0.000 act=0.0000 flq=-1.00
# PAIR t=0.0 p=59 d=1.546 pq=1:1 delta=+1.238 x=0.550 ratio=1.0000 dth=+0.000 gg=0.0375 fl=0.000 ret=1.000 shed=0.000 act=0.0000 flq=-1.00
10.000	18648.9937	146.974538	3.43619749	14.0738349	18813.4782609	0.000e+00	111164	14.787	15.622	15.205	0.037	19.9052	0.8474	-4.736	0.8494	0.9977	1.50000	1.49852
# PAIR t=10.0 p=0 d=1.281 pq=1:1 delta=+0.277 x=0.374 ratio=0.9970 dth=-0.164 gg=0.9238 fl=0.313 ret=0.965 shed=0.096 act=2.2074 flq=-1.00
# PAIR t=10.0 p=1 d=1.229 pq=1:1 delta=-0.273 x=0.528 ratio=1.0012 dth=+0.104 gg=0.9240 fl=0.035 ret=0.975 shed=0.069 act=0.2392 flq=-1.00
# PAIR t=10.0 p=2 d=1.286 pq=1:1 delta=+0.283 x=0.386 ratio=0.9966 dth=-0.167 gg=0.9206 fl=0.293 ret=0.966 shed=0.093 act=2.0742 flq=-1.00
# PAIR t=10.0 p=3 d=1.478 pq=1:1 delta=+0.912 x=0.548 ratio=1.0425 dth=+0.637 gg=0.0020 fl=0.001 ret=0.993 shed=0.019 act=0.0113 flq=-1.00
# PAIR t=10.0 p=4 d=1.467 pq=1:1 delta=+0.858 x=0.548 ratio=1.0383 dth=+0.549 gg=0.0071 fl=0.002 ret=0.994 shed=0.016 act=0.0133 flq=-1.00
# PAIR t=10.0 p=5 d=1.467 pq=1:1 delta=+0.857 x=0.548 ratio=1.0484 dth=+0.723 gg=0.0012 fl=0.001 ret=0.991 shed=0.026 act=0.0106 flq=-1.00
# PAIR t=10.0 p=6 d=1.025 pq=1:1 delta=-1.285 x=0.543 ratio=1.0462 dth=+1.289 gg=0.0278 fl=0.009 ret=0.981 shed=0.053 act=0.0499 flq=-1.00
# PAIR t=10.0 p=7 d=1.421 pq=1:1 delta=+0.637 x=0.546 ratio=1.0407 dth=+0.494 gg=0.0406 fl=0.004 ret=0.988 shed=0.034 act=0.0299 flq=-1.00
# PAIR t=10.0 p=8 d=1.311 pq=1:1 delta=+0.338 x=0.421 ratio=0.9941 dth=-0.201 gg=0.8882 fl=0.226 ret=0.947 shed=0.145 act=1.6289 flq=-1.00
# PAIR t=10.0 p=9 d=1.343 pq=1:1 delta=+0.409 x=0.465 ratio=0.9988 dth=-0.237 gg=0.8424 fl=0.148 ret=0.960 shed=0.109 act=1.0911 flq=-1.00
# PAIR t=10.0 p=10 d=1.078 pq=1:1 delta=-1.022 x=0.539 ratio=1.0174 dth=+1.119 gg=0.0696 fl=0.017 ret=0.976 shed=0.066 act=0.0979 flq=-1.00
# PAIR t=10.0 p=11 d=1.239 pq=1:1 delta=-0.228 x=0.529 ratio=1.0007 dth=+0.077 gg=0.9442 fl=0.035 ret=0.987 shed=0.037 act=0.2373 flq=-1.00
# PAIR t=10.0 p=12 d=1.334 pq=1:1 delta=+0.324 x=0.487 ratio=0.9928 dth=-0.199 gg=0.8952 fl=0.109 ret=0.964 shed=0.098 act=0.7986 flq=-1.00
# PAIR t=10.0 p=13 d=1.103 pq=1:1 delta=-0.791 x=0.469 ratio=0.9777 dth=+0.862 gg=0.2135 fl=0.142 ret=0.972 shed=0.078 act=0.8602 flq=-1.00
# PAIR t=10.0 p=14 d=1.539 pq=1:1 delta=+1.209 x=0.548 ratio=1.0263 dth=+0.377 gg=0.0026 fl=0.001 ret=0.996 shed=0.010 act=0.0077 flq=-1.00
# PAIR t=10.0 p=15 d=1.036 pq=1:1 delta=-1.225 x=0.539 ratio=1.0373 dth=+1.351 gg=0.0183 fl=0.016 ret=0.975 shed=0.069 act=0.0892 flq=-1.00
# PAIR t=10.0 p=16 d=1.486 pq=1:1 delta=+0.954 x=0.548 ratio=1.0426 dth=+0.648 gg=0.0013 fl=0.001 ret=0.992 shed=0.021 act=0.0095 flq=-1.00
# PAIR t=10.0 p=17 d=1.264 pq=1:1 delta=+0.300 x=0.321 ratio=0.9980 dth=-0.171 gg=0.9121 fl=0.410 ret=0.972 shed=0.078 act=2.8517 flq=-1.00
# PAIR t=10.0 p=18 d=1.110 pq=1:1 delta=-0.750 x=0.466 ratio=0.9809 dth=+0.799 gg=0.2679 fl=0.148 ret=0.975 shed=0.069 act=0.9053 flq=-1.00
# PAIR t=10.0 p=19 d=1.281 pq=1:1 delta=+0.314 x=0.356 ratio=0.9957 dth=-0.187 gg=0.9026 fl=0.345 ret=0.946 shed=0.148 act=2.4286 flq=-1.00
# PAIR t=10.0 p=20 d=1.454 pq=1:1 delta=+0.794 x=0.548 ratio=1.0363 dth=+0.498 gg=0.0165 fl=0.002 ret=0.994 shed=0.017 act=0.0174 flq=-1.00
# PAIR t=10.0 p=21 d=1.535 pq=1:1 delta=+1.186 x=0.549 ratio=1.0254 dth=+0.363 gg=0.0036 fl=0.001 ret=0.997 shed=0.008 act=0.0078 flq=-1.00
# PAIR t=10.0 p=22 d=1.040 pq=1:1 delta=-1.211 x=0.540 ratio=1.0381 dth=+1.307 gg=0.0245 fl=0.014 ret=0.976 shed=0.065 act=0.0791 flq=-1.00
# PAIR t=10.0 p=23 d=1.470 pq=1:1 delta=+0.871 x=0.548 ratio=1.0432 dth=+0.636 gg=0.0028 fl=0.001 ret=0.992 shed=0.022 act=0.0119 flq=-1.00
# PAIR t=10.0 p=24 d=1.296 pq=1:1 delta=+0.338 x=0.384 ratio=0.9947 dth=-0.200 gg=0.8888 fl=0.292 ret=0.947 shed=0.145 act=2.0840 flq=-1.00
# PAIR t=10.0 p=25 d=1.374 pq=1:1 delta=+0.413 x=0.545 ratio=1.0310 dth=+0.182 gg=0.4573 fl=0.004 ret=0.976 shed=0.067 act=0.0322 flq=-1.00
# PAIR t=10.0 p=26 d=1.327 pq=1:1 delta=+0.308 x=0.476 ratio=0.9916 dth=-0.191 gg=0.9045 fl=0.126 ret=0.947 shed=0.145 act=0.9175 flq=-1.00
# PAIR t=10.0 p=27 d=1.216 pq=1:1 delta=-0.247 x=0.476 ratio=1.0027 dth=+0.089 gg=0.9363 fl=0.126 ret=0.951 shed=0.134 act=0.8441 flq=-1.00
# PAIR t=10.0 p=28 d=1.519 pq=1:1 delta=+1.107 x=0.549 ratio=1.0363 dth=+0.556 gg=0.0010 fl=0.001 ret=0.996 shed=0.012 act=0.0083 flq=-1.00
# PAIR t=10.0 p=29 d=1.433 pq=1:1 delta=+0.695 x=0.547 ratio=1.0381 dth=+0.491 gg=0.0308 fl=0.003 ret=0.991 shed=0.025 act=0.0249 flq=-1.00
# PAIR t=10.0 p=30 d=1.380 pq=1:1 delta=+0.436 x=0.546 ratio=1.0333 dth=+0.230 gg=0.3633 fl=0.003 ret=0.978 shed=0.061 act=0.0251 flq=-1.00
# PAIR t=10.0 p=31 d=1.343 pq=1:1 delta=+0.360 x=0.492 ratio=1.0047 dth=-0.179 gg=0.8782 fl=0.099 ret=0.961 shed=0.109 act=0.7327 flq=-1.00
# PAIR t=10.0 p=32 d=1.081 pq=1:1 delta=-1.018 x=0.546 ratio=0.9707 dth=+1.117 gg=0.0702 fl=0.003 ret=0.973 shed=0.075 act=0.0172 flq=-1.00
# PAIR t=10.0 p=33 d=1.363 pq=1:1 delta=+0.359 x=0.544 ratio=1.0225 dth=+0.068 gg=0.6864 fl=0.007 ret=0.978 shed=0.060 act=0.0511 flq=-1.00
# PAIR t=10.0 p=34 d=1.495 pq=1:1 delta=+0.995 x=0.548 ratio=1.0397 dth=+0.603 gg=0.0015 fl=0.001 ret=0.994 shed=0.016 act=0.0097 flq=-1.00
# PAIR t=10.0 p=35 d=1.063 pq=1:1 delta=-1.100 x=0.543 ratio=1.0274 dth=+1.195 gg=0.0468 fl=0.009 ret=0.977 shed=0.064 act=0.0538 flq=-1.00
# PAIR t=10.0 p=36 d=1.182 pq=1:1 delta=-0.341 x=0.433 ratio=1.0006 dth=+0.164 gg=0.8898 fl=0.206 ret=0.955 shed=0.124 act=1.3367 flq=-1.00
# PAIR t=10.0 p=37 d=1.251 pq=1:1 delta=+0.360 x=0.260 ratio=0.9989 dth=-0.196 gg=0.8774 fl=0.524 ret=0.983 shed=0.047 act=3.6067 flq=-1.00
# PAIR t=10.0 p=38 d=1.362 pq=1:1 delta=+0.354 x=0.544 ratio=1.0221 dth=+0.055 gg=0.7091 fl=0.007 ret=0.977 shed=0.064 act=0.0557 flq=-1.00
# PAIR t=10.0 p=39 d=1.105 pq=1:1 delta=-0.777 x=0.470 ratio=0.9785 dth=+0.838 gg=0.2330 fl=0.141 ret=0.973 shed=0.075 act=0.8595 flq=-1.00
# PAIR t=10.0 p=40 d=1.550 pq=1:1 delta=+1.262 x=0.549 ratio=1.0409 dth=+0.653 gg=0.0001 fl=0.001 ret=0.994 shed=0.016 act=0.0050 flq=-1.00
# PAIR t=10.0 p=41 d=1.381 pq=1:1 delta=+0.443 x=0.547 ratio=1.0349 dth=+0.249 gg=0.3315 fl=0.002 ret=0.977 shed=0.063 act=0.0137 flq=-1.00
# PAIR t=10.0 p=42 d=1.280 pq=1:1 delta=+0.337 x=0.343 ratio=0.9968 dth=-0.191 gg=0.8907 fl=0.370 ret=0.964 shed=0.099 act=2.6053 flq=-1.00
# PAIR t=10.0 p=43 d=1.112 pq=1:1 delta=-0.782 x=0.494 ratio=0.9773 dth=+0.800 gg=0.2683 fl=0.097 ret=0.973 shed=0.074 act=0.5934 flq=-1.00
# PAIR t=10.0 p=44 d=1.100 pq=1:1 delta=-0.924 x=0.546 ratio=0.9434 dth=+0.917 gg=0.1748 fl=0.001 ret=0.960 shed=0.111 act=0.0044 flq=-1.00
# PAIR t=10.0 p=45 d=1.351 pq=1:1 delta=+0.416 x=0.482 ratio=1.0067 dth=-0.208 gg=0.8408 fl=0.116 ret=0.943 shed=0.157 act=0.8581 flq=-1.00
# PAIR t=10.0 p=46 d=1.425 pq=1:1 delta=+0.654 x=0.547 ratio=1.0352 dth=+0.428 gg=0.0589 fl=0.004 ret=0.992 shed=0.023 act=0.0294 flq=-1.00
# PAIR t=10.0 p=47 d=1.531 pq=1:1 delta=+1.171 x=0.549 ratio=1.0452 dth=+0.731 gg=0.0001 fl=0.001 ret=0.994 shed=0.018 act=0.0054 flq=-1.00
# PAIR t=10.0 p=48 d=1.481 pq=1:1 delta=+0.926 x=0.548 ratio=1.0491 dth=+0.761 gg=0.0004 fl=0.001 ret=0.991 shed=0.026 act=0.0081 flq=-1.00
# PAIR t=10.0 p=49 d=1.220 pq=1:1 delta=-0.319 x=0.529 ratio=1.0013 dth=+0.137 gg=0.9012 fl=0.034 ret=0.969 shed=0.084 act=0.2272 flq=-1.00
# PAIR t=10.0 p=50 d=1.357 pq=1:1 delta=+0.344 x=0.536 ratio=1.0200 dth=-0.019 gg=0.8078 fl=0.020 ret=0.964 shed=0.100 act=0.1520 flq=-1.00
# PAIR t=10.0 p=51 d=1.037 pq=1:1 delta=-1.223 x=0.541 ratio=1.0397 dth=+1.294 gg=0.0267 fl=0.012 ret=0.978 shed=0.060 act=0.0706 flq=-1.00
# PAIR t=10.0 p=52 d=1.091 pq=1:1 delta=-0.969 x=0.547 ratio=0.9460 dth=+1.004 gg=0.1214 fl=0.001 ret=0.965 shed=0.096 act=0.0046 flq=-1.00
# PAIR t=10.0 p=53 d=1.051 pq=1:1 delta=-1.155 x=0.538 ratio=1.0276 dth=+1.292 gg=0.0263 fl=0.017 ret=0.974 shed=0.071 act=0.0995 flq=-1.00
# PAIR t=10.0 p=54 d=1.087 pq=1:1 delta=-0.966 x=0.529 ratio=0.9941 dth=+1.075 gg=0.0857 fl=0.033 ret=0.973 shed=0.074 act=0.1970 flq=-1.00
# PAIR t=10.0 p=55 d=1.359 pq=1:1 delta=+0.349 x=0.539 ratio=1.0213 dth=+0.022 gg=0.7574 fl=0.015 ret=0.971 shed=0.080 act=0.1089 flq=-1.00
# PAIR t=10.0 p=56 d=1.330 pq=1:1 delta=+0.312 x=0.483 ratio=0.9948 dth=-0.187 gg=0.9035 fl=0.118 ret=0.975 shed=0.069 act=0.8617 flq=-1.00
# PAIR t=10.0 p=57 d=1.210 pq=1:1 delta=-0.287 x=0.480 ratio=1.0021 dth=+0.120 gg=0.9187 fl=0.119 ret=0.957 shed=0.118 act=0.7944 flq=-1.00
# PAIR t=10.0 p=58 d=1.281 pq=1:1 delta=+0.252 x=0.388 ratio=0.9976 dth=-0.148 gg=0.9367 fl=0.290 ret=0.975 shed=0.067 act=2.0406 flq=-1.00
# PAIR t=10.0 p=59 d=1.546 pq=1:1 delta=+1.239 x=0.549 ratio=0.9998 dth=-0.002 gg=0.0376 fl=0.000 ret=0.999 shed=0.003 act=0.0000 flq=-1.00
20.000	18649.4351	144.498211	6.37886663	13.1660922	18813.4782609	-1.934e-16	111167	14.653	15.759	15.167	0.038	21.1996	0.8474	-8.7921	0.8494	0.9977	1.50000	1.49851
# PAIR t=20.0 p=0 d=1.281 pq=1:1 delta=+0.133 x=0.447 ratio=0.9972 dth=-0.099 gg=0.9784 fl=0.175 ret=0.922 shed=0.214 act=1.2299 flq=-1.00
# PAIR t=20.0 p=1 d=1.229 pq=1:1 delta=-0.235 x=0.506 ratio=1.0012 dth=+0.086 gg=0.9427 fl=0.071 ret=0.958 shed=0.117 act=0.4788 flq=-1.00
# PAIR t=20.0 p=2 d=1.286 pq=1:1 delta=+0.146 x=0.455 ratio=0.9966 dth=-0.105 gg=0.9750 fl=0.160 ret=0.921 shed=0.216 act=1.1334 flq=-1.00
# PAIR t=20.0 p=3 d=1.478 pq=1:1 delta=+0.912 x=0.548 ratio=1.0449 dth=+1.679 gg=0.0000 fl=0.000 ret=0.991 shed=0.024 act=0.0000 flq=-1.00
# PAIR t=20.0 p=4 d=1.467 pq=1:1 delta=+0.858 x=0.549 ratio=1.0414 dth=+1.501 gg=0.0000 fl=0.000 ret=0.992 shed=0.021 act=0.0001 flq=-1.00
# PAIR t=20.0 p=5 d=1.467 pq=1:1 delta=+0.857 x=0.549 ratio=1.0503 dth=+1.898 gg=0.0000 fl=0.000 ret=0.989 shed=0.029 act=0.0000 flq=-1.00
# PAIR t=20.0 p=6 d=1.025 pq=1:1 delta=-1.286 x=0.545 ratio=0.9412 dth=+0.335 gg=0.1218 fl=0.002 ret=0.961 shed=0.106 act=0.0097 flq=-1.00
# PAIR t=20.0 p=7 d=1.421 pq=1:1 delta=+0.635 x=0.548 ratio=1.0451 dth=+1.516 gg=0.0000 fl=0.000 ret=0.985 shed=0.041 act=0.0003 flq=-1.00
# PAIR t=20.0 p=8 d=1.311 pq=1:1 delta=+0.168 x=0.507 ratio=0.9942 dth=-0.123 gg=0.9662 fl=0.059 ret=0.881 shed=0.327 act=0.4223 flq=-1.00
# PAIR t=20.0 p=9 d=1.343 pq=1:1 delta=+0.404 x=0.469 ratio=0.9911 dth=-0.245 gg=0.8425 fl=0.133 ret=0.919 shed=0.223 act=0.9811 flq=-1.00
# PAIR t=20.0 p=10 d=1.078 pq=1:1 delta=-1.023 x=0.541 ratio=0.9630 dth=-0.162 gg=0.0476 fl=0.009 ret=0.955 shed=0.125 act=0.0548 flq=-1.00
# PAIR t=20.0 p=11 d=1.239 pq=1:1 delta=-0.191 x=0.509 ratio=1.0009 dth=+0.062 gg=0.9598 fl=0.070 ret=0.975 shed=0.069 act=0.4741 flq=-1.00
# PAIR t=20.0 p=12 d=1.334 pq=1:1 delta=+0.459 x=0.420 ratio=0.9933 dth=-0.261 gg=0.8063 fl=0.223 ret=0.922 shed=0.215 act=1.6388 flq=-1.00
# PAIR t=20.0 p=13 d=1.103 pq=1:1 delta=-0.798 x=0.474 ratio=1.0192 dth=-0.225 gg=0.1009 fl=0.129 ret=0.942 shed=0.159 act=0.7826 flq=-1.00
# PAIR t=20.0 p=14 d=1.539 pq=1:1 delta=+1.211 x=0.548 ratio=1.0301 dth=+1.047 gg=0.0000 fl=0.000 ret=0.994 shed=0.016 act=0.0019 flq=-1.00
# PAIR t=20.0 p=15 d=1.036 pq=1:1 delta=-1.230 x=0.544 ratio=0.9468 dth=-0.060 gg=0.0274 fl=0.003 ret=0.949 shed=0.139 act=0.0178 flq=-1.00
# PAIR t=20.0 p=16 d=1.486 pq=1:1 delta=+0.955 x=0.548 ratio=1.0446 dth=+1.688 gg=0.0000 fl=0.000 ret=0.990 shed=0.028 act=0.0000 flq=-1.00
# PAIR t=20.0 p=17 d=1.264 pq=1:1 delta=+0.202 x=0.369 ratio=0.9982 dth=-0.127 gg=0.9574 fl=0.317 ret=0.939 shed=0.169 act=2.2052 flq=-1.00
# PAIR t=20.0 p=18 d=1.110 pq=1:1 delta=-0.767 x=0.477 ratio=1.0169 dth=-0.200 gg=0.1319 fl=0.126 ret=0.948 shed=0.142 act=0.7664 flq=-1.00
# PAIR t=20.0 p=19 d=1.281 pq=1:1 delta=+0.164 x=0.430 ratio=0.9964 dth=-0.122 gg=0.9674 fl=0.198 ret=0.885 shed=0.317 act=1.3963 flq=-1.00
# PAIR t=20.0 p=20 d=1.454 pq=1:1 delta=+0.793 x=0.549 ratio=1.0399 dth=+1.409 gg=0.0000 fl=0.000 ret=0.993 shed=0.020 act=0.0003 flq=-1.00
# PAIR t=20.0 p=21 d=1.535 pq=1:1 delta=+1.187 x=0.549 ratio=1.0292 dth=+1.012 gg=0.0000 fl=0.000 ret=0.996 shed=0.012 act=0.0022 flq=-1.00
# PAIR t=20.0 p=22 d=1.040 pq=1:1 delta=-1.215 x=0.544 ratio=0.9480 dth=+0.071 gg=0.0617 fl=0.003 ret=0.956 shed=0.121 act=0.0169 flq=-1.00
# PAIR t=20.0 p=23 d=1.470 pq=1:1 delta=+0.871 x=0.548 ratio=1.0454 dth=+1.694 gg=0.0000 fl=0.000 ret=0.990 shed=0.026 act=0.0000 flq=-1.00
# PAIR t=20.0 p=24 d=1.296 pq=1:1 delta=+0.206 x=0.450 ratio=0.9949 dth=-0.139 gg=0.9536 fl=0.161 ret=0.882 shed=0.326 act=1.1513 flq=-1.00
# PAIR t=20.0 p=25 d=1.374 pq=1:1 delta=+0.412 x=0.546 ratio=1.0429 dth=+0.963 gg=0.0024 fl=0.001 ret=0.968 shed=0.087 act=0.0041 flq=-1.00
# PAIR t=20.0 p=26 d=1.327 pq=1:1 delta=+0.468 x=0.397 ratio=0.9922 dth=-0.267 gg=0.7992 fl=0.260 ret=0.890 shed=0.302 act=1.9005 flq=-1.00
# PAIR t=20.0 p=27 d=1.216 pq=1:1 delta=-0.120 x=0.408 ratio=1.0028 dth=+0.039 gg=0.9838 fl=0.244 ret=0.912 shed=0.243 act=1.6292 flq=-1.00
# PAIR t=20.0 p=28 d=1.519 pq=1:1 delta=+1.107 x=0.549 ratio=1.0389 dth=+1.453 gg=0.0000 fl=0.000 ret=0.995 shed=0.015 act=0.0000 flq=-1.00
# PAIR t=20.0 p=29 d=1.433 pq=1:1 delta=+0.694 x=0.548 ratio=1.0422 dth=+1.450 gg=0.0000 fl=0.000 ret=0.989 shed=0.031 act=0.0004 flq=-1.00
# PAIR t=20.0 p=30 d=1.380 pq=1:1 delta=+0.436 x=0.547 ratio=1.0439 dth=+1.077 gg=0.0005 fl=0.000 ret=0.972 shed=0.076 act=0.0022 flq=-1.00
# PAIR t=20.0 p=31 d=1.343 pq=1:1 delta=+0.406 x=0.470 ratio=0.9920 dth=-0.243 gg=0.8422 fl=0.134 ret=0.929 shed=0.196 act=0.9896 flq=-1.00
# PAIR t=20.0 p=32 d=1.081 pq=1:1 delta=-1.003 x=0.534 ratio=0.9870 dth=-0.061 gg=0.0918 fl=0.021 ret=0.950 shed=0.136 act=0.1228 flq=-1.00
# PAIR t=20.0 p=33 d=1.363 pq=1:1 delta=+0.358 x=0.546 ratio=1.0353 dth=+0.584 gg=0.0793 fl=0.002 ret=0.968 shed=0.089 act=0.0179 flq=-1.00
# PAIR t=20.0 p=34 d=1.495 pq=1:1 delta=+0.996 x=0.548 ratio=1.0420 dth=+1.578 gg=0.0000 fl=0.000 ret=0.992 shed=0.021 act=0.0000 flq=-1.00
# PAIR t=20.0 p=35 d=1.063 pq=1:1 delta=-1.097 x=0.542 ratio=0.9528 dth=+0.046 gg=0.0979 fl=0.007 ret=0.955 shed=0.123 act=0.0405 flq=-1.00
# PAIR t=20.0 p=36 d=1.182 pq=1:1 delta=-0.138 x=0.325 ratio=1.0009 dth=+0.069 gg=0.9810 fl=0.399 ret=0.937 shed=0.172 act=2.5917 flq=-1.00
# PAIR t=20.0 p=37 d=1.251 pq=1:1 delta=+0.323 x=0.277 ratio=0.9989 dth=-0.179 gg=0.8994 fl=0.488 ret=0.962 shed=0.105 act=3.3579 flq=-1.00
# PAIR t=20.0 p=38 d=1.362 pq=1:1 delta=+0.353 x=0.545 ratio=1.0348 dth=+0.547 gg=0.1016 fl=0.003 ret=0.965 shed=0.096 act=0.0212 flq=-1.00
# PAIR t=20.0 p=39 d=1.105 pq=1:1 delta=-0.787 x=0.475 ratio=1.0192 dth=-0.206 gg=0.1173 fl=0.127 ret=0.944 shed=0.154 act=0.7716 flq=-1.00
# PAIR t=20.0 p=40 d=1.550 pq=1:1 delta=+1.263 x=0.548 ratio=1.0426 dth=+1.649 gg=0.0000 fl=0.000 ret=0.992 shed=0.022 act=0.0000 flq=-1.00
# PAIR t=20.0 p=41 d=1.381 pq=1:1 delta=+0.445 x=0.547 ratio=1.0445 dth=+1.133 gg=0.0002 fl=0.000 ret=0.972 shed=0.078 act=0.0009 flq=-1.00
# PAIR t=20.0 p=42 d=1.280 pq=1:1 delta=+0.250 x=0.386 ratio=0.9971 dth=-0.151 gg=0.9367 fl=0.285 ret=0.920 shed=0.220 act=2.0087 flq=-1.00
# PAIR t=20.0 p=43 d=1.112 pq=1:1 delta=-0.852 x=0.540 ratio=1.0544 dth=+0.182 gg=0.3740 fl=0.009 ret=0.936 shed=0.177 act=0.0525 flq=-1.00
# PAIR t=20.0 p=44 d=1.100 pq=1:1 delta=-0.906 x=0.531 ratio=1.0140 dth=-0.265 gg=0.0471 fl=0.025 ret=0.940 shed=0.164 act=0.1512 flq=-1.00
# PAIR t=20.0 p=45 d=1.351 pq=1:1 delta=+0.408 x=0.487 ratio=0.9859 dth=-0.278 gg=0.8275 fl=0.098 ret=0.897 shed=0.285 act=0.7259 flq=-1.00
# PAIR t=20.0 p=46 d=1.425 pq=1:1 delta=+0.652 x=0.548 ratio=1.0404 dth=+1.328 gg=0.0000 fl=0.000 ret=0.989 shed=0.029 act=0.0007 flq=-1.00
# PAIR t=20.0 p=47 d=1.531 pq=1:1 delta=+1.173 x=0.548 ratio=1.0467 dth=+1.825 gg=0.0000 fl=0.000 ret=0.991 shed=0.024 act=0.0000 flq=-1.00
# PAIR t=20.0 p=48 d=1.481 pq=1:1 delta=+0.928 x=0.548 ratio=1.0507 dth=+1.947 gg=0.0000 fl=0.000 ret=0.988 shed=0.032 act=0.0000 flq=-1.00
# PAIR t=20.0 p=49 d=1.220 pq=1:1 delta=-0.282 x=0.508 ratio=1.0014 dth=+0.121 gg=0.9218 fl=0.067 ret=0.949 shed=0.141 act=0.4497 flq=-1.00
# PAIR t=20.0 p=50 d=1.357 pq=1:1 delta=+0.340 x=0.539 ratio=1.0338 dth=+0.332 gg=0.3184 fl=0.011 ret=0.942 shed=0.160 act=0.0803 flq=-1.00
# PAIR t=20.0 p=51 d=1.037 pq=1:1 delta=-1.226 x=0.544 ratio=0.9445 dth=+0.267 gg=0.1279 fl=0.002 ret=0.956 shed=0.121 act=0.0131 flq=-1.00
# PAIR t=20.0 p=52 d=1.091 pq=1:1 delta=-0.931 x=0.517 ratio=1.0038 dth=-0.251 gg=0.0452 fl=0.052 ret=0.946 shed=0.148 act=0.3117 flq=-1.00
# PAIR t=20.0 p=53 d=1.051 pq=1:1 delta=-1.153 x=0.539 ratio=0.9492 dth=-0.014 gg=0.0552 fl=0.012 ret=0.951 shed=0.135 act=0.0703 flq=-1.00
# PAIR t=20.0 p=54 d=1.087 pq=1:1 delta=-0.981 x=0.542 ratio=0.9752 dth=-0.128 gg=0.0722 fl=0.007 ret=0.949 shed=0.142 act=0.0433 flq=-1.00
# PAIR t=20.0 p=55 d=1.359 pq=1:1 delta=+0.344 x=0.542 ratio=1.0350 dth=+0.459 gg=0.1733 fl=0.006 ret=0.955 shed=0.123 act=0.0482 flq=-1.00
# PAIR t=20.0 p=56 d=1.330 pq=1:1 delta=+0.425 x=0.427 ratio=0.9942 dth=-0.242 gg=0.8312 fl=0.214 ret=0.940 shed=0.165 act=1.5669 flq=-1.00
# PAIR t=20.0 p=57 d=1.210 pq=1:1 delta=-0.166 x=0.414 ratio=1.0024 dth=+0.068 gg=0.9719 fl=0.232 ret=0.922 shed=0.215 act=1.5425 flq=-1.00
# PAIR t=20.0 p=58 d=1.281 pq=1:1 delta=+0.118 x=0.456 ratio=0.9978 dth=-0.087 gg=0.9830 fl=0.161 ret=0.944 shed=0.153 act=1.1371 flq=-1.00
# PAIR t=20.0 p=59 d=1.546 pq=1:1 delta=+1.241 x=0.549 ratio=0.9996 dth=-0.009 gg=0.0389 fl=0.000 ret=0.998 shed=0.006 act=0.0000 flq=-1.00
30.000	18649.8507	146.520415	9.14959219	7.9575537	18813.4782609	-1.934e-16	111169	14.613	15.852	15.238	0.037	21.1996	0.8474	-12.59	0.8494	0.9977	1.50000	1.49849
# PAIR t=30.0 p=0 d=1.281 pq=1:1 delta=-0.009 x=0.521 ratio=0.9971 dth=-0.038 gg=0.9927 fl=0.034 ret=0.883 shed=0.322 act=0.2419 flq=-1.00
# PAIR t=30.0 p=1 d=1.229 pq=1:1 delta=-0.199 x=0.486 ratio=1.0013 dth=+0.071 gg=0.9583 fl=0.105 ret=0.942 shed=0.159 act=0.7107 flq=-1.00
# PAIR t=30.0 p=2 d=1.286 pq=1:1 delta=+0.017 x=0.523 ratio=0.9963 dth=-0.047 gg=0.9937 fl=0.031 ret=0.877 shed=0.339 act=0.2175 flq=-1.00
# PAIR t=30.0 p=3 d=1.478 pq=1:1 delta=+0.913 x=0.548 ratio=1.0449 dth=+2.748 gg=0.0000 fl=0.000 ret=0.991 shed=0.026 act=0.0000 flq=-1.00
# PAIR t=30.0 p=4 d=1.467 pq=1:1 delta=+0.860 x=0.548 ratio=1.0415 dth=+2.488 gg=0.0000 fl=0.000 ret=0.991 shed=0.025 act=0.0000 flq=-1.00
# PAIR t=30.0 p=5 d=1.467 pq=1:1 delta=+0.858 x=0.548 ratio=1.0505 dth=+3.094 gg=0.0000 fl=0.000 ret=0.988 shed=0.032 act=0.0000 flq=-1.00
# PAIR t=30.0 p=6 d=1.025 pq=1:1 delta=-1.280 x=0.542 ratio=1.0691 dth=+0.415 gg=0.1510 fl=0.004 ret=0.939 shed=0.168 act=0.0213 flq=-1.00
# PAIR t=30.0 p=7 d=1.421 pq=1:1 delta=+0.637 x=0.547 ratio=1.0452 dth=+2.592 gg=0.0000 fl=0.000 ret=0.983 shed=0.046 act=0.0000 flq=-1.00
# PAIR t=30.0 p=8 d=1.311 pq=1:1 delta=+0.409 x=0.386 ratio=0.9948 dth=-0.229 gg=0.8437 fl=0.272 ret=0.829 shed=0.469 act=1.9592 flq=-1.00
# PAIR t=30.0 p=9 d=1.343 pq=1:1 delta=+0.279 x=0.533 ratio=0.9914 dth=-0.174 gg=0.9207 fl=0.011 ret=0.871 shed=0.354 act=0.0846 flq=-1.00
# PAIR t=30.0 p=10 d=1.078 pq=1:1 delta=-1.019 x=0.540 ratio=1.0571 dth=+0.888 gg=0.1889 fl=0.008 ret=0.933 shed=0.184 act=0.0448 flq=-1.00
# PAIR t=30.0 p=11 d=1.239 pq=1:1 delta=-0.154 x=0.488 ratio=1.0010 dth=+0.046 gg=0.9728 fl=0.104 ret=0.963 shed=0.102 act=0.7083 flq=-1.00
# PAIR t=30.0 p=12 d=1.334 pq=1:1 delta=+0.330 x=0.483 ratio=0.9941 dth=-0.195 gg=0.8933 fl=0.102 ret=0.876 shed=0.341 act=0.7475 flq=-1.00
# PAIR t=30.0 p=13 d=1.103 pq=1:1 delta=-0.893 x=0.533 ratio=1.0328 dth=+1.200 gg=0.0383 fl=0.017 ret=0.917 shed=0.229 act=0.1013 flq=-1.00
# PAIR t=30.0 p=14 d=1.539 pq=1:1 delta=+1.212 x=0.547 ratio=1.0304 dth=+1.772 gg=0.0000 fl=0.000 ret=0.993 shed=0.020 act=0.0000 flq=-1.00
# PAIR t=30.0 p=15 d=1.036 pq=1:1 delta=-1.221 x=0.540 ratio=1.0755 dth=+0.809 gg=0.1849 fl=0.005 ret=0.924 shed=0.209 act=0.0302 flq=-1.00
# PAIR t=30.0 p=16 d=1.486 pq=1:1 delta=+0.957 x=0.547 ratio=1.0446 dth=+2.750 gg=0.0000 fl=0.000 ret=0.989 shed=0.031 act=0.0000 flq=-1.00
# PAIR t=30.0 p=17 d=1.264 pq=1:1 delta=+0.103 x=0.419 ratio=0.9984 dth=-0.083 gg=0.9856 fl=0.221 ret=0.906 shed=0.259 act=1.5333 flq=-1.00
# PAIR t=30.0 p=18 d=1.110 pq=1:1 delta=-0.854 x=0.531 ratio=1.0247 dth=+1.082 gg=0.0767 fl=0.023 ret=0.925 shed=0.206 act=0.1399 flq=-1.00
# PAIR t=30.0 p=19 d=1.281 pq=1:1 delta=+0.004 x=0.514 ratio=0.9967 dth=-0.058 gg=0.9876 fl=0.040 ret=0.832 shed=0.462 act=0.2821 flq=-1.00
# PAIR t=30.0 p=20 d=1.454 pq=1:1 delta=+0.794 x=0.549 ratio=1.0399 dth=+2.361 gg=0.0000 fl=0.000 ret=0.992 shed=0.022 act=0.0000 flq=-1.00
# PAIR t=30.0 p=21 d=1.535 pq=1:1 delta=+1.188 x=0.548 ratio=1.0294 dth=+1.713 gg=0.0000 fl=0.000 ret=0.995 shed=0.015 act=0.0000 flq=-1.00
# PAIR t=30.0 p=22 d=1.040 pq=1:1 delta=-1.207 x=0.541 ratio=1.0708 dth=+0.843 gg=0.1766 fl=0.006 ret=0.932 shed=0.188 act=0.0319 flq=-1.00
# PAIR t=30.0 p=23 d=1.470 pq=1:1 delta=+0.873 x=0.548 ratio=1.0454 dth=+2.777 gg=0.0000 fl=0.000 ret=0.989 shed=0.030 act=0.0000 flq=-1.00
# PAIR t=30.0 p=24 d=1.296 pq=1:1 delta=+0.077 x=0.517 ratio=0.9950 dth=-0.083 gg=0.9863 fl=0.032 ret=0.820 shed=0.494 act=0.2261 flq=-1.00
# PAIR t=30.0 p=25 d=1.374 pq=1:1 delta=+0.413 x=0.546 ratio=1.0433 dth=+1.987 gg=0.0000 fl=0.000 ret=0.967 shed=0.091 act=0.0000 flq=-1.00
# PAIR t=30.0 p=26 d=1.327 pq=1:1 delta=+0.312 x=0.474 ratio=0.9927 dth=-0.190 gg=0.9031 fl=0.113 ret=0.829 shed=0.471 act=0.8220 flq=-1.00
# PAIR t=30.0 p=27 d=1.216 pq=1:1 delta=-0.004 x=0.347 ratio=1.0025 dth=-0.010 gg=0.9994 fl=0.348 ret=0.874 shed=0.346 act=2.3270 flq=-1.00
# PAIR t=30.0 p=28 d=1.519 pq=1:1 delta=+1.108 x=0.549 ratio=1.0389 dth=+2.381 gg=0.0000 fl=0.000 ret=0.994 shed=0.017 act=0.0000 flq=-1.00
# PAIR t=30.0 p=29 d=1.433 pq=1:1 delta=+0.695 x=0.548 ratio=1.0420 dth=+2.454 gg=0.0000 fl=0.000 ret=0.988 shed=0.033 act=0.0000 flq=-1.00
# PAIR t=30.0 p=30 d=1.380 pq=1:1 delta=+0.437 x=0.547 ratio=1.0445 dth=+2.129 gg=0.0000 fl=0.000 ret=0.971 shed=0.080 act=0.0000 flq=-1.00
# PAIR t=30.0 p=31 d=1.343 pq=1:1 delta=+0.278 x=0.535 ratio=0.9914 dth=-0.176 gg=0.9204 fl=0.010 ret=0.885 shed=0.316 act=0.0763 flq=-1.00
# PAIR t=30.0 p=32 d=1.081 pq=1:1 delta=-1.004 x=0.537 ratio=1.0237 dth=+1.251 gg=0.0309 fl=0.012 ret=0.922 shed=0.213 act=0.0707 flq=-1.00
# PAIR t=30.0 p=33 d=1.363 pq=1:1 delta=+0.357 x=0.546 ratio=1.0390 dth=+1.449 gg=0.0000 fl=0.000 ret=0.966 shed=0.094 act=0.0004 flq=-1.00
# PAIR t=30.0 p=34 d=1.495 pq=1:1 delta=+0.997 x=0.548 ratio=1.0420 dth=+2.580 gg=0.0000 fl=0.000 ret=0.992 shed=0.023 act=0.0000 flq=-1.00
# PAIR t=30.0 p=35 d=1.063 pq=1:1 delta=-1.093 x=0.541 ratio=1.0630 dth=+0.821 gg=0.2155 fl=0.006 ret=0.932 shed=0.187 act=0.0366 flq=-1.00
# PAIR t=30.0 p=36 d=1.182 pq=1:1 delta=+0.040 x=0.543 ratio=1.0008 dth=-0.027 gg=0.9982 fl=0.000 ret=0.920 shed=0.219 act=0.0000 flq=-1.00
# PAIR t=30.0 p=37 d=1.251 pq=1:1 delta=+0.283 x=0.296 ratio=0.9989 dth=-0.161 gg=0.9214 fl=0.449 ret=0.939 shed=0.167 act=3.0911 flq=-1.00
# PAIR t=30.0 p=38 d=1.362 pq=1:1 delta=+0.352 x=0.546 ratio=1.0387 dth=+1.399 gg=0.0000 fl=0.000 ret=0.962 shed=0.104 act=0.0006 flq=-1.00
# PAIR t=30.0 p=39 d=1.105 pq=1:1 delta=-0.877 x=0.531 ratio=1.0272 dth=+1.148 gg=0.0526 fl=0.021 ret=0.919 shed=0.222 act=0.1297 flq=-1.00
# PAIR t=30.0 p=40 d=1.550 pq=1:1 delta=+1.265 x=0.547 ratio=1.0427 dth=+2.666 gg=0.0000 fl=0.000 ret=0.991 shed=0.025 act=0.0000 flq=-1.00
# PAIR t=30.0 p=41 d=1.381 pq=1:1 delta=+0.446 x=0.546 ratio=1.0446 dth=+2.192 gg=0.0000 fl=0.000 ret=0.970 shed=0.083 act=0.0000 flq=-1.00
# PAIR t=30.0 p=42 d=1.280 pq=1:1 delta=+0.162 x=0.430 ratio=0.9975 dth=-0.112 gg=0.9705 fl=0.200 ret=0.880 shed=0.330 act=1.4061 flq=-1.00
# PAIR t=30.0 p=43 d=1.112 pq=1:1 delta=-0.850 x=0.538 ratio=0.9467 dth=+0.666 gg=0.3781 fl=0.007 ret=0.911 shed=0.246 act=0.0446 flq=-1.00
# PAIR t=30.0 p=44 d=1.100 pq=1:1 delta=-0.914 x=0.537 ratio=1.0321 dth=+0.971 gg=0.1394 fl=0.008 ret=0.916 shed=0.230 act=0.0498 flq=-1.00
# PAIR t=30.0 p=45 d=1.351 pq=1:1 delta=+0.317 x=0.534 ratio=0.9837 dth=-0.239 gg=0.8813 fl=0.006 ret=0.844 shed=0.429 act=0.0468 flq=-1.00
# PAIR t=30.0 p=46 d=1.425 pq=1:1 delta=+0.653 x=0.548 ratio=1.0406 dth=+2.294 gg=0.0000 fl=0.000 ret=0.988 shed=0.032 act=0.0000 flq=-1.00
# PAIR t=30.0 p=47 d=1.531 pq=1:1 delta=+1.175 x=0.547 ratio=1.0468 dth=+2.936 gg=0.0000 fl=0.000 ret=0.990 shed=0.027 act=0.0000 flq=-1.00
# PAIR t=30.0 p=48 d=1.481 pq=1:1 delta=+0.930 x=0.547 ratio=1.0508 dth=-3.133 gg=0.0000 fl=0.000 ret=0.986 shed=0.037 act=0.0000 flq=-1.00
# PAIR t=30.0 p=49 d=1.220 pq=1:1 delta=-0.249 x=0.489 ratio=1.0014 dth=+0.108 gg=0.9389 fl=0.099 ret=0.929 shed=0.195 act=0.6636 flq=-1.00
# PAIR t=30.0 p=50 d=1.357 pq=1:1 delta=+0.331 x=0.544 ratio=1.0432 dth=+1.157 gg=0.0004 fl=0.000 ret=0.935 shed=0.179 act=0.0002 flq=-1.00
# PAIR t=30.0 p=51 d=1.037 pq=1:1 delta=-1.219 x=0.541 ratio=1.0690 dth=+0.656 gg=0.2191 fl=0.005 ret=0.932 shed=0.188 act=0.0276 flq=-1.00
# PAIR t=30.0 p=52 d=1.091 pq=1:1 delta=-0.961 x=0.540 ratio=1.0370 dth=+1.141 gg=0.0593 fl=0.006 ret=0.922 shed=0.215 act=0.0355 flq=-1.00
# PAIR t=30.0 p=53 d=1.051 pq=1:1 delta=-1.156 x=0.542 ratio=1.0669 dth=+0.985 gg=0.1247 fl=0.003 ret=0.923 shed=0.211 act=0.0163 flq=-1.00
# PAIR t=30.0 p=54 d=1.087 pq=1:1 delta=-0.978 x=0.541 ratio=1.0409 dth=+0.911 gg=0.1776 fl=0.005 ret=0.928 shed=0.198 act=0.0316 flq=-1.00
# PAIR t=30.0 p=55 d=1.359 pq=1:1 delta=+0.339 x=0.545 ratio=1.0409 dth=+1.314 gg=0.0000 fl=0.000 ret=0.951 shed=0.134 act=0.0001 flq=-1.00
# PAIR t=30.0 p=56 d=1.330 pq=1:1 delta=+0.296 x=0.491 ratio=0.9945 dth=-0.177 gg=0.9129 fl=0.092 ret=0.902 shed=0.270 act=0.6754 flq=-1.00
# PAIR t=30.0 p=57 d=1.210 pq=1:1 delta=-0.053 x=0.355 ratio=1.0022 dth=+0.019 gg=0.9969 fl=0.335 ret=0.888 shed=0.309 act=2.2264 flq=-1.00
# PAIR t=30.0 p=58 d=1.281 pq=1:1 delta=-0.013 x=0.525 ratio=0.9978 dth=-0.029 gg=0.9949 fl=0.032 ret=0.915 shed=0.234 act=0.2251 flq=-1.00
# PAIR t=30.0 p=59 d=1.546 pq=1:1 delta=+1.242 x=0.548 ratio=0.9995 dth=-0.022 gg=0.0414 fl=0.000 ret=0.997 shed=0.008 act=0.0000 flq=-1.00
40.000	18650.2106	138.174942	11.5490259	13.5436779	18813.4782609	-7.735e-16	111172	14.672	15.714	15.175	0.039	21.1996	0.8474	-15.891	0.8494	0.9977	1.50000	1.49852
# PAIR t=40.0 p=0 d=1.281 pq=1:1 delta=+0.307 x=0.360 ratio=0.9972 dth=-0.174 gg=0.9083 fl=0.322 ret=0.851 shed=0.410 act=2.2679 flq=-1.00
# PAIR t=40.0 p=1 d=1.229 pq=1:1 delta=-0.161 x=0.465 ratio=1.0014 dth=+0.055 gg=0.9720 fl=0.139 ret=0.927 shed=0.200 act=0.9401 flq=-1.00
# PAIR t=40.0 p=2 d=1.286 pq=1:1 delta=+0.287 x=0.384 ratio=0.9959 dth=-0.169 gg=0.9185 fl=0.276 ret=0.838 shed=0.446 act=1.9555 flq=-1.00
# PAIR t=40.0 p=3 d=1.478 pq=1:1 delta=+0.915 x=0.547 ratio=1.0452 dth=-2.462 gg=0.0000 fl=0.000 ret=0.989 shed=0.030 act=0.0000 flq=-1.00
# PAIR t=40.0 p=4 d=1.467 pq=1:1 delta=+0.861 x=0.547 ratio=1.0414 dth=-2.806 gg=0.0000 fl=0.000 ret=0.990 shed=0.028 act=0.0000 flq=-1.00
# PAIR t=40.0 p=5 d=1.467 pq=1:1 delta=+0.859 x=0.548 ratio=1.0505 dth=-1.987 gg=0.0000 fl=0.000 ret=0.988 shed=0.034 act=0.0001 flq=-1.00
# PAIR t=40.0 p=6 d=1.025 pq=1:1 delta=-1.227 x=0.502 ratio=0.9909 dth=+1.612 gg=0.0021 fl=0.074 ret=0.923 shed=0.211 act=0.4172 flq=-1.00
# PAIR t=40.0 p=7 d=1.421 pq=1:1 delta=+0.639 x=0.546 ratio=1.0455 dth=-2.615 gg=0.0000 fl=0.000 ret=0.982 shed=0.051 act=0.0000 flq=-1.00
# PAIR t=40.0 p=8 d=1.311 pq=1:1 delta=+0.254 x=0.463 ratio=0.9958 dth=-0.159 gg=0.9335 fl=0.124 ret=0.778 shed=0.611 act=0.8955 flq=-1.00
# PAIR t=40.0 p=9 d=1.343 pq=1:1 delta=+0.364 x=0.489 ratio=0.9922 dth=-0.216 gg=0.8717 fl=0.084 ret=0.831 shed=0.464 act=0.6186 flq=-1.00
# PAIR t=40.0 p=10 d=1.078 pq=1:1 delta=-1.021 x=0.542 ratio=0.9448 dth=+0.672 gg=0.3117 fl=0.000 ret=0.912 shed=0.242 act=0.0017 flq=-1.00
# PAIR t=40.0 p=11 d=1.239 pq=1:1 delta=-0.116 x=0.468 ratio=1.0010 dth=+0.030 gg=0.9836 fl=0.138 ret=0.950 shed=0.137 act=0.9414 flq=-1.00
# PAIR t=40.0 p=12 d=1.334 pq=1:1 delta=+0.470 x=0.415 ratio=0.9945 dth=-0.259 gg=0.7995 fl=0.219 ret=0.838 shed=0.446 act=1.6079 flq=-1.00
# PAIR t=40.0 p=13 d=1.103 pq=1:1 delta=-0.893 x=0.534 ratio=0.9551 dth=+0.074 gg=0.2487 fl=0.011 ret=0.898 shed=0.280 act=0.0681 flq=-1.00
# PAIR t=40.0 p=14 d=1.539 pq=1:1 delta=+1.215 x=0.546 ratio=1.0307 dth=+2.503 gg=0.0000 fl=0.000 ret=0.991 shed=0.026 act=0.0000 flq=-1.00
# PAIR t=40.0 p=15 d=1.036 pq=1:1 delta=-1.221 x=0.538 ratio=0.9433 dth=+1.348 gg=0.0187 fl=0.003 ret=0.898 shed=0.280 act=0.0192 flq=-1.00
# PAIR t=40.0 p=16 d=1.486 pq=1:1 delta=+0.959 x=0.546 ratio=1.0445 dth=-2.474 gg=0.0000 fl=0.000 ret=0.987 shed=0.036 act=0.0001 flq=-1.00
# PAIR t=40.0 p=17 d=1.264 pq=1:1 delta=+0.007 x=0.469 ratio=0.9983 dth=-0.042 gg=0.9939 fl=0.123 ret=0.874 shed=0.346 act=0.8559 flq=-1.00
# PAIR t=40.0 p=18 d=1.110 pq=1:1 delta=-0.861 x=0.536 ratio=0.9570 dth=-0.162 gg=0.1063 fl=0.009 ret=0.903 shed=0.268 act=0.0552 flq=-1.00
# PAIR t=40.0 p=19 d=1.281 pq=1:1 delta=+0.372 x=0.328 ratio=0.9973 dth=-0.202 gg=0.8698 fl=0.371 ret=0.796 shed=0.562 act=2.6138 flq=-1.00
# PAIR t=40.0 p=20 d=1.454 pq=1:1 delta=+0.794 x=0.548 ratio=1.0400 dth=-2.971 gg=0.0000 fl=0.000 ret=0.991 shed=0.024 act=0.0000 flq=-1.00
# PAIR t=40.0 p=21 d=1.535 pq=1:1 delta=+1.190 x=0.547 ratio=1.0293 dth=+2.416 gg=0.0000 fl=0.000 ret=0.993 shed=0.019 act=0.0000 flq=-1.00
# PAIR t=40.0 p=22 d=1.040 pq=1:1 delta=-1.207 x=0.539 ratio=0.9423 dth=+1.141 gg=0.0628 fl=0.003 ret=0.908 shed=0.253 act=0.0185 flq=-1.00
# PAIR t=40.0 p=23 d=1.470 pq=1:1 delta=+0.874 x=0.547 ratio=1.0455 dth=-2.427 gg=0.0000 fl=0.000 ret=0.988 shed=0.033 act=0.0000 flq=-1.00
# PAIR t=40.0 p=24 d=1.296 pq=1:1 delta=+0.361 x=0.373 ratio=0.9950 dth=-0.206 gg=0.8751 fl=0.283 ret=0.771 shed=0.630 act=2.0212 flq=-1.00
# PAIR t=40.0 p=25 d=1.374 pq=1:1 delta=+0.414 x=0.545 ratio=1.0429 dth=+3.014 gg=0.0000 fl=0.000 ret=0.966 shed=0.093 act=0.0000 flq=-1.00
# PAIR t=40.0 p=26 d=1.327 pq=1:1 delta=+0.446 x=0.408 ratio=0.9926 dth=-0.254 gg=0.8157 fl=0.224 ret=0.777 shed=0.612 act=1.6370 flq=-1.00
# PAIR t=40.0 p=27 d=1.216 pq=1:1 delta=+0.100 x=0.296 ratio=1.0022 dth=-0.057 gg=0.9899 fl=0.436 ret=0.841 shed=0.439 act=2.9185 flq=-1.00
# PAIR t=40.0 p=28 d=1.519 pq=1:1 delta=+1.110 x=0.548 ratio=1.0390 dth=-2.972 gg=0.0000 fl=0.000 ret=0.993 shed=0.020 act=0.0000 flq=-1.00
# PAIR t=40.0 p=29 d=1.433 pq=1:1 delta=+0.696 x=0.547 ratio=1.0419 dth=-2.831 gg=0.0000 fl=0.000 ret=0.986 shed=0.038 act=0.0000 flq=-1.00
# PAIR t=40.0 p=30 d=1.380 pq=1:1 delta=+0.438 x=0.546 ratio=1.0449 dth=-3.092 gg=0.0000 fl=0.000 ret=0.970 shed=0.083 act=0.0000 flq=-1.00
# PAIR t=40.0 p=31 d=1.343 pq=1:1 delta=+0.349 x=0.498 ratio=0.9914 dth=-0.215 gg=0.8793 fl=0.069 ret=0.849 shed=0.417 act=0.5094 flq=-1.00
# PAIR t=40.0 p=32 d=1.081 pq=1:1 delta=-1.004 x=0.538 ratio=0.9548 dth=-0.009 gg=0.1172 fl=0.006 ret=0.904 shed=0.263 act=0.0361 flq=-1.00
# PAIR t=40.0 p=33 d=1.363 pq=1:1 delta=+0.358 x=0.546 ratio=1.0393 dth=+2.383 gg=0.0000 fl=0.000 ret=0.965 shed=0.096 act=0.0000 flq=-1.00
# PAIR t=40.0 p=34 d=1.495 pq=1:1 delta=+0.998 x=0.547 ratio=1.0422 dth=-2.700 gg=0.0000 fl=0.000 ret=0.991 shed=0.026 act=0.0000 flq=-1.00
# PAIR t=40.0 p=35 d=1.063 pq=1:1 delta=-1.095 x=0.542 ratio=0.9439 dth=+0.841 gg=0.2044 fl=0.000 ret=0.914 shed=0.236 act=0.0016 flq=-1.00
# PAIR t=40.0 p=36 d=1.182 pq=1:1 delta=-0.340 x=0.432 ratio=1.0008 dth=+0.167 gg=0.8909 fl=0.196 ret=0.906 shed=0.257 act=1.2755 flq=-1.00
# PAIR t=40.0 p=37 d=1.251 pq=1:1 delta=+0.245 x=0.314 ratio=0.9990 dth=-0.144 gg=0.9398 fl=0.411 ret=0.915 shed=0.233 act=2.8298 flq=-1.00
# PAIR t=40.0 p=38 d=1.362 pq=1:1 delta=+0.354 x=0.545 ratio=1.0387 dth=+2.322 gg=0.0000 fl=0.000 ret=0.961 shed=0.107 act=0.0000 flq=-1.00
# PAIR t=40.0 p=39 d=1.105 pq=1:1 delta=-0.881 x=0.535 ratio=0.9548 dth=-0.169 gg=0.0935 fl=0.009 ret=0.896 shed=0.287 act=0.0564 flq=-1.00
# PAIR t=40.0 p=40 d=1.550 pq=1:1 delta=+1.266 x=0.547 ratio=1.0428 dth=-2.600 gg=0.0000 fl=0.000 ret=0.990 shed=0.028 act=0.0003 flq=-1.00
# PAIR t=40.0 p=41 d=1.381 pq=1:1 delta=+0.448 x=0.545 ratio=1.0446 dth=-3.032 gg=0.0000 fl=0.000 ret=0.969 shed=0.086 act=0.0000 flq=-1.00
# PAIR t=40.0 p=42 d=1.280 pq=1:1 delta=+0.078 x=0.473 ratio=0.9977 dth=-0.076 gg=0.9886 fl=0.115 ret=0.846 shed=0.423 act=0.8120 flq=-1.00
# PAIR t=40.0 p=43 d=1.112 pq=1:1 delta=-0.846 x=0.535 ratio=1.0482 dth=-0.021 gg=0.2110 fl=0.008 ret=0.886 shed=0.312 act=0.0470 flq=-1.00
# PAIR t=40.0 p=44 d=1.100 pq=1:1 delta=-0.911 x=0.536 ratio=0.9587 dth=-0.203 gg=0.0671 fl=0.006 ret=0.888 shed=0.307 act=0.0356 flq=-1.00
# PAIR t=40.0 p=45 d=1.351 pq=1:1 delta=+0.350 x=0.517 ratio=0.9796 dth=-0.318 gg=0.8142 fl=0.028 ret=0.804 shed=0.538 act=0.2109 flq=-1.00
# PAIR t=40.0 p=46 d=1.425 pq=1:1 delta=+0.653 x=0.548 ratio=1.0407 dth=-3.020 gg=0.0000 fl=0.000 ret=0.988 shed=0.033 act=0.0000 flq=-1.00
# PAIR t=40.0 p=47 d=1.531 pq=1:1 delta=+1.176 x=0.547 ratio=1.0466 dth=-2.232 gg=0.0000 fl=0.000 ret=0.989 shed=0.031 act=0.0024 flq=-1.00
# PAIR t=40.0 p=48 d=1.481 pq=1:1 delta=+0.933 x=0.545 ratio=1.0505 dth=-1.927 gg=0.0000 fl=0.000 ret=0.984 shed=0.044 act=0.0028 flq=-1.00
# PAIR t=40.0 p=49 d=1.220 pq=1:1 delta=-0.214 x=0.470 ratio=1.0014 dth=+0.092 gg=0.9545 fl=0.130 ret=0.910 shed=0.247 act=0.8752 flq=-1.00
# PAIR t=40.0 p=50 d=1.357 pq=1:1 delta=+0.333 x=0.543 ratio=1.0446 dth=+2.200 gg=0.0000 fl=0.000 ret=0.934 shed=0.182 act=0.0000 flq=-1.00
# PAIR t=40.0 p=51 d=1.037 pq=1:1 delta=-1.217 x=0.540 ratio=0.9353 dth=+1.026 gg=0.1024 fl=0.002 ret=0.907 shed=0.257 act=0.0136 flq=-1.00
# PAIR t=40.0 p=52 d=1.091 pq=1:1 delta=-0.957 x=0.538 ratio=0.9508 dth=-0.016 gg=0.1390 fl=0.005 ret=0.901 shed=0.273 act=0.0292 flq=-1.00
# PAIR t=40.0 p=53 d=1.051 pq=1:1 delta=-1.150 x=0.539 ratio=0.9327 dth=+0.789 gg=0.2140 fl=0.004 ret=0.899 shed=0.278 act=0.0246 flq=-1.00
# PAIR t=40.0 p=54 d=1.087 pq=1:1 delta=-0.973 x=0.538 ratio=0.9543 dth=+0.005 gg=0.1420 fl=0.005 ret=0.902 shed=0.271 act=0.0307 flq=-1.00
# PAIR t=40.0 p=55 d=1.359 pq=1:1 delta=+0.341 x=0.545 ratio=1.0414 dth=+2.293 gg=0.0000 fl=0.000 ret=0.950 shed=0.136 act=0.0000 flq=-1.00
# PAIR t=40.0 p=56 d=1.330 pq=1:1 delta=+0.417 x=0.431 ratio=0.9945 dth=-0.235 gg=0.8379 fl=0.195 ret=0.869 shed=0.360 act=1.4295 flq=-1.00
# PAIR t=40.0 p=57 d=1.210 pq=1:1 delta=+0.049 x=0.304 ratio=1.0019 dth=-0.028 gg=0.9976 fl=0.422 ret=0.857 shed=0.394 act=2.8096 flq=-1.00
# PAIR t=40.0 p=58 d=1.281 pq=1:1 delta=+0.283 x=0.373 ratio=0.9979 dth=-0.161 gg=0.9215 fl=0.304 ret=0.891 shed=0.300 act=2.1447 flq=-1.00
# PAIR t=40.0 p=59 d=1.546 pq=1:1 delta=+1.243 x=0.548 ratio=0.9992 dth=-0.038 gg=0.0449 fl=0.000 ret=0.996 shed=0.012 act=0.0000 flq=-1.00
50.000	18650.5593	136.710032	13.8734774	12.3354688	18813.4782609	-7.735e-16	111174	14.541	15.659	15.181	0.039	21.1996	0.8474	-19.104	0.8494	0.9977	1.50000	1.49852
# PAIR t=50.0 p=0 d=1.281 pq=1:1 delta=+0.176 x=0.425 ratio=0.9975 dth=-0.116 gg=0.9666 fl=0.197 ret=0.816 shed=0.505 act=1.3869 flq=-1.00
# PAIR t=50.0 p=1 d=1.229 pq=1:1 delta=-0.121 x=0.444 ratio=1.0013 dth=+0.036 gg=0.9831 fl=0.174 ret=0.913 shed=0.239 act=1.1770 flq=-1.00
# PAIR t=50.0 p=2 d=1.286 pq=1:1 delta=+0.170 x=0.443 ratio=0.9959 dth=-0.116 gg=0.9676 fl=0.162 ret=0.794 shed=0.568 act=1.1459 flq=-1.00
# PAIR t=50.0 p=3 d=1.478 pq=1:1 delta=+0.919 x=0.545 ratio=1.0422 dth=-1.380 gg=0.0102 fl=0.002 ret=0.987 shed=0.035 act=0.0175 flq=-1.00
# PAIR t=50.0 p=4 d=1.467 pq=1:1 delta=+0.863 x=0.546 ratio=1.0412 dth=-1.812 gg=0.0001 fl=0.000 ret=0.988 shed=0.033 act=0.0030 flq=-1.00
# PAIR t=50.0 p=5 d=1.467 pq=1:1 delta=+0.867 x=0.543 ratio=1.0365 dth=-0.831 gg=0.2407 fl=0.008 ret=0.984 shed=0.044 act=0.0640 flq=-1.00
# PAIR t=50.0 p=6 d=1.025 pq=1:1 delta=-1.279 x=0.540 ratio=0.9442 dth=+0.110 gg=0.0535 fl=0.001 ret=0.905 shed=0.261 act=0.0039 flq=-1.00
# PAIR t=50.0 p=7 d=1.421 pq=1:1 delta=+0.641 x=0.545 ratio=1.0447 dth=-1.528 gg=0.0011 fl=0.001 ret=0.980 shed=0.056 act=0.0050 flq=-1.00
# PAIR t=50.0 p=8 d=1.311 pq=1:1 delta=+0.506 x=0.340 ratio=0.9970 dth=-0.255 gg=0.7736 fl=0.341 ret=0.743 shed=0.708 act=2.4622 flq=-1.00
# PAIR t=50.0 p=9 d=1.343 pq=1:1 delta=+0.458 x=0.442 ratio=0.9930 dth=-0.259 gg=0.8074 fl=0.161 ret=0.792 shed=0.571 act=1.1923 flq=-1.00
# PAIR t=50.0 p=10 d=1.078 pq=1:1 delta=-1.018 x=0.539 ratio=1.0540 dth=+0.153 gg=0.2032 fl=0.002 ret=0.893 shed=0.293 act=0.0147 flq=-1.00
# PAIR t=50.0 p=11 d=1.239 pq=1:1 delta=-0.079 x=0.448 ratio=1.0012 dth=+0.015 gg=0.9913 fl=0.171 ret=0.938 shed=0.171 act=1.1664 flq=-1.00
# PAIR t=50.0 p=12 d=1.334 pq=1:1 delta=+0.332 x=0.483 ratio=0.9953 dth=-0.191 gg=0.8936 fl=0.089 ret=0.798 shed=0.556 act=0.6556 flq=-1.00
# PAIR t=50.0 p=13 d=1.103 pq=1:1 delta=-0.891 x=0.533 ratio=1.0510 dth=+0.859 gg=0.2173 fl=0.008 ret=0.870 shed=0.358 act=0.0514 flq=-1.00
# PAIR t=50.0 p=14 d=1.539 pq=1:1 delta=+1.217 x=0.545 ratio=1.0309 dth=-3.046 gg=0.0000 fl=0.000 ret=0.989 shed=0.030 act=0.0000 flq=-1.00
# PAIR t=50.0 p=15 d=1.036 pq=1:1 delta=-1.223 x=0.537 ratio=0.9677 dth=-0.178 gg=0.0128 fl=0.002 ret=0.880 shed=0.330 act=0.0131 flq=-1.00
# PAIR t=50.0 p=16 d=1.486 pq=1:1 delta=+0.962 x=0.544 ratio=1.0404 dth=-1.411 gg=0.0085 fl=0.001 ret=0.984 shed=0.044 act=0.0091 flq=-1.00
# PAIR t=50.0 p=17 d=1.264 pq=1:1 delta=-0.083 x=0.517 ratio=0.9980 dth=-0.007 gg=0.9841 fl=0.030 ret=0.843 shed=0.433 act=0.2086 flq=-1.00
# PAIR t=50.0 p=18 d=1.110 pq=1:1 delta=-0.860 x=0.536 ratio=1.0525 dth=+0.565 gg=0.4397 fl=0.007 ret=0.884 shed=0.319 act=0.0412 flq=-1.00
# PAIR t=50.0 p=19 d=1.281 pq=1:1 delta=+0.234 x=0.395 ratio=0.9981 dth=-0.143 gg=0.9441 fl=0.242 ret=0.764 shed=0.648 act=1.7025 flq=-1.00
# PAIR t=50.0 p=20 d=1.454 pq=1:1 delta=+0.795 x=0.548 ratio=1.0399 dth=-2.016 gg=0.0000 fl=0.000 ret=0.991 shed=0.025 act=0.0003 flq=-1.00
# PAIR t=50.0 p=21 d=1.535 pq=1:1 delta=+1.192 x=0.547 ratio=1.0293 dth=+3.119 gg=0.0000 fl=0.000 ret=0.992 shed=0.023 act=0.0000 flq=-1.00
# PAIR t=50.0 p=22 d=1.040 pq=1:1 delta=-1.209 x=0.538 ratio=0.9791 dth=-0.268 gg=0.0069 fl=0.004 ret=0.890 shed=0.302 act=0.0229 flq=-1.00
# PAIR t=50.0 p=23 d=1.470 pq=1:1 delta=+0.878 x=0.545 ratio=1.0422 dth=-1.342 gg=0.0130 fl=0.002 ret=0.986 shed=0.039 act=0.0189 flq=-1.00
# PAIR t=50.0 p=24 d=1.296 pq=1:1 delta=+0.244 x=0.431 ratio=0.9951 dth=-0.154 gg=0.9384 fl=0.169 ret=0.717 shed=0.779 act=1.2053 flq=-1.00
# PAIR t=50.0 p=25 d=1.374 pq=1:1 delta=+0.415 x=0.545 ratio=1.0425 dth=-2.248 gg=0.0000 fl=0.000 ret=0.964 shed=0.098 act=0.0000 flq=-1.00
# PAIR t=50.0 p=26 d=1.327 pq=1:1 delta=+0.302 x=0.479 ratio=0.9931 dth=-0.185 gg=0.9087 fl=0.086 ret=0.723 shed=0.763 act=0.6311 flq=-1.00
# PAIR t=50.0 p=27 d=1.216 pq=1:1 delta=+0.185 x=0.255 ratio=1.0018 dth=-0.097 gg=0.9661 fl=0.504 ret=0.809 shed=0.525 act=3.3688 flq=-1.00
# PAIR t=50.0 p=28 d=1.519 pq=1:1 delta=+1.111 x=0.548 ratio=1.0388 dth=-2.038 gg=0.0000 fl=0.000 ret=0.992 shed=0.022 act=0.0032 flq=-1.00
# PAIR t=50.0 p=29 d=1.433 pq=1:1 delta=+0.698 x=0.546 ratio=1.0416 dth=-1.832 gg=0.0000 fl=0.000 ret=0.985 shed=0.041 act=0.0012 flq=-1.00
# PAIR t=50.0 p=30 d=1.380 pq=1:1 delta=+0.439 x=0.545 ratio=1.0451 dth=-2.018 gg=0.0000 fl=0.000 ret=0.969 shed=0.086 act=0.0000 flq=-1.00
# PAIR t=50.0 p=31 d=1.343 pq=1:1 delta=+0.418 x=0.464 ratio=0.9916 dth=-0.249 gg=0.8338 fl=0.127 ret=0.813 shed=0.515 act=0.9367 flq=-1.00
# PAIR t=50.0 p=32 d=1.081 pq=1:1 delta=-1.000 x=0.536 ratio=1.0511 dth=+0.878 gg=0.1970 fl=0.007 ret=0.882 shed=0.326 act=0.0387 flq=-1.00
# PAIR t=50.0 p=33 d=1.363 pq=1:1 delta=+0.359 x=0.545 ratio=1.0398 dth=-2.955 gg=0.0000 fl=0.000 ret=0.964 shed=0.100 act=0.0000 flq=-1.00
# PAIR t=50.0 p=34 d=1.495 pq=1:1 delta=+1.000 x=0.547 ratio=1.0408 dth=-1.690 gg=0.0005 fl=0.000 ret=0.989 shed=0.029 act=0.0040 flq=-1.00
# PAIR t=50.0 p=35 d=1.063 pq=1:1 delta=-1.092 x=0.539 ratio=1.0489 dth=-0.018 gg=0.0739 fl=0.003 ret=0.897 shed=0.284 act=0.0171 flq=-1.00
# PAIR t=50.0 p=36 d=1.182 pq=1:1 delta=-0.141 x=0.326 ratio=1.0008 dth=+0.070 gg=0.9803 fl=0.386 ret=0.893 shed=0.295 act=2.5093 flq=-1.00
# PAIR t=50.0 p=37 d=1.251 pq=1:1 delta=+0.208 x=0.332 ratio=0.9990 dth=-0.129 gg=0.9552 fl=0.372 ret=0.891 shed=0.301 act=2.5585 flq=-1.00
# PAIR t=50.0 p=38 d=1.362 pq=1:1 delta=+0.354 x=0.545 ratio=1.0382 dth=-3.041 gg=0.0000 fl=0.000 ret=0.960 shed=0.109 act=0.0000 flq=-1.00
# PAIR t=50.0 p=39 d=1.105 pq=1:1 delta=-0.879 x=0.535 ratio=1.0568 dth=+0.645 gg=0.3845 fl=0.007 ret=0.874 shed=0.345 act=0.0411 flq=-1.00
# PAIR t=50.0 p=40 d=1.550 pq=1:1 delta=+1.268 x=0.546 ratio=1.0370 dth=-1.579 gg=0.0030 fl=0.000 ret=0.987 shed=0.036 act=0.0018 flq=-1.00
# PAIR t=50.0 p=41 d=1.381 pq=1:1 delta=+0.449 x=0.544 ratio=1.0448 dth=-1.964 gg=0.0000 fl=0.000 ret=0.967 shed=0.091 act=0.0001 flq=-1.00
# PAIR t=50.0 p=42 d=1.280 pq=1:1 delta=-0.005 x=0.517 ratio=0.9978 dth=-0.040 gg=0.9927 fl=0.029 ret=0.816 shed=0.507 act=0.2036 flq=-1.00
# PAIR t=50.0 p=43 d=1.112 pq=1:1 delta=-0.843 x=0.533 ratio=0.9617 dth=+0.858 gg=0.2186 fl=0.011 ret=0.867 shed=0.366 act=0.0644 flq=-1.00
# PAIR t=50.0 p=44 d=1.100 pq=1:1 delta=-0.906 x=0.534 ratio=1.0530 dth=+0.791 gg=0.2692 fl=0.006 ret=0.866 shed=0.369 act=0.0351 flq=-1.00
# PAIR t=50.0 p=45 d=1.351 pq=1:1 delta=+0.350 x=0.518 ratio=0.9711 dth=-0.513 gg=0.5563 fl=0.024 ret=0.775 shed=0.619 act=0.1747 flq=-1.00
# PAIR t=50.0 p=46 d=1.425 pq=1:1 delta=+0.655 x=0.547 ratio=1.0407 dth=-2.049 gg=0.0000 fl=0.000 ret=0.987 shed=0.036 act=0.0002 flq=-1.00
# PAIR t=50.0 p=47 d=1.531 pq=1:1 delta=+1.181 x=0.543 ratio=1.0328 dth=-1.170 gg=0.0545 fl=0.004 ret=0.984 shed=0.043 act=0.0332 flq=-1.00
# PAIR t=50.0 p=48 d=1.481 pq=1:1 delta=+0.939 x=0.541 ratio=1.0298 dth=-0.809 gg=0.2514 fl=0.005 ret=0.977 shed=0.064 act=0.0419 flq=-1.00
# PAIR t=50.0 p=49 d=1.220 pq=1:1 delta=-0.175 x=0.449 ratio=1.0013 dth=+0.073 gg=0.9690 fl=0.164 ret=0.893 shed=0.294 act=1.1010 flq=-1.00
# PAIR t=50.0 p=50 d=1.357 pq=1:1 delta=+0.335 x=0.542 ratio=1.0457 dth=-3.007 gg=0.0000 fl=0.000 ret=0.933 shed=0.185 act=0.0000 flq=-1.00
# PAIR t=50.0 p=51 d=1.037 pq=1:1 delta=-1.220 x=0.539 ratio=0.9718 dth=-0.424 gg=0.0015 fl=0.002 ret=0.890 shed=0.302 act=0.0106 flq=-1.00
# PAIR t=50.0 p=52 d=1.091 pq=1:1 delta=-0.953 x=0.537 ratio=1.0592 dth=+0.705 gg=0.3203 fl=0.005 ret=0.878 shed=0.336 act=0.0281 flq=-1.00
# PAIR t=50.0 p=53 d=1.051 pq=1:1 delta=-1.152 x=0.539 ratio=1.0594 dth=-0.268 gg=0.0103 fl=0.001 ret=0.874 shed=0.346 act=0.0060 flq=-1.00
# PAIR t=50.0 p=54 d=1.087 pq=1:1 delta=-0.970 x=0.537 ratio=1.0581 dth=+0.716 gg=0.3081 fl=0.005 ret=0.879 shed=0.334 act=0.0270 flq=-1.00
# PAIR t=50.0 p=55 d=1.359 pq=1:1 delta=+0.342 x=0.544 ratio=1.0421 dth=-2.994 gg=0.0000 fl=0.000 ret=0.949 shed=0.139 act=0.0000 flq=-1.00
# PAIR t=50.0 p=56 d=1.330 pq=1:1 delta=+0.290 x=0.494 ratio=0.9949 dth=-0.172 gg=0.9165 fl=0.075 ret=0.833 shed=0.459 act=0.5512 flq=-1.00
# PAIR t=50.0 p=57 d=1.210 pq=1:1 delta=+0.138 x=0.261 ratio=1.0018 dth=-0.071 gg=0.9811 fl=0.494 ret=0.827 shed=0.475 act=3.2883 flq=-1.00
# PAIR t=50.0 p=58 d=1.281 pq=1:1 delta=+0.158 x=0.436 ratio=0.9981 dth=-0.103 gg=0.9731 fl=0.186 ret=0.865 shed=0.370 act=1.3101 flq=-1.00
# PAIR t=50.0 p=59 d=1.546 pq=1:1 delta=+1.245 x=0.547 ratio=0.9990 dth=-0.059 gg=0.0499 fl=0.000 ret=0.995 shed=0.015 act=0.0000 flq=-1.00
60.000	18650.9063	136.352358	16.1866319	10.0330154	18813.4782609	-1.160e-15	111177	14.588	15.839	15.189	0.038	21.1996	0.8474	-22.205	0.8494	0.9977	1.50000	1.49852
# PAIR t=60.0 p=0 d=1.281 pq=1:1 delta=+0.042 x=0.494 ratio=0.9978 dth=-0.058 gg=0.9928 fl=0.066 ret=0.786 shed=0.589 act=0.4670 flq=-1.00
# PAIR t=60.0 p=1 d=1.229 pq=1:1 delta=-0.086 x=0.426 ratio=1.0013 dth=+0.022 gg=0.9908 fl=0.206 ret=0.901 shed=0.273 act=1.3949 flq=-1.00
# PAIR t=60.0 p=2 d=1.286 pq=1:1 delta=+0.060 x=0.501 ratio=0.9957 dth=-0.068 gg=0.9906 fl=0.052 ret=0.750 shed=0.687 act=0.3652 flq=-1.00
# PAIR t=60.0 p=3 d=1.478 pq=1:1 delta=+0.940 x=0.534 ratio=1.0121 dth=-0.606 gg=0.3790 fl=0.022 ret=0.981 shed=0.052 act=0.1779 flq=-1.00
# PAIR t=60.0 p=4 d=1.467 pq=1:1 delta=+0.869 x=0.543 ratio=1.0283 dth=-0.881 gg=0.2010 fl=0.005 ret=0.984 shed=0.044 act=0.0373 flq=-1.00
# PAIR t=60.0 p=5 d=1.467 pq=1:1 delta=+0.885 x=0.533 ratio=1.0172 dth=-0.341 gg=0.4347 fl=0.023 ret=0.969 shed=0.084 act=0.1831 flq=-1.00
# PAIR t=60.0 p=6 d=1.025 pq=1:1 delta=-1.273 x=0.537 ratio=1.0594 dth=+0.246 gg=0.0971 fl=0.004 ret=0.890 shed=0.302 act=0.0240 flq=-1.00
# PAIR t=60.0 p=7 d=1.421 pq=1:1 delta=+0.658 x=0.535 ratio=1.0243 dth=-0.551 gg=0.5288 fl=0.014 ret=0.972 shed=0.076 act=0.1114 flq=-1.00
# PAIR t=60.0 p=8 d=1.311 pq=1:1 delta=+0.356 x=0.412 ratio=0.9984 dth=-0.194 gg=0.8800 fl=0.208 ret=0.719 shed=0.772 act=1.4983 flq=-1.00
# PAIR t=60.0 p=9 d=1.343 pq=1:1 delta=+0.317 x=0.513 ratio=0.9941 dth=-0.185 gg=0.9018 fl=0.029 ret=0.751 shed=0.684 act=0.2138 flq=-1.00
# PAIR t=60.0 p=10 d=1.078 pq=1:1 delta=-1.013 x=0.536 ratio=0.9460 dth=+1.020 gg=0.1133 fl=0.004 ret=0.869 shed=0.360 act=0.0217 flq=-1.00
# PAIR t=60.0 p=11 d=1.239 pq=1:1 delta=-0.044 x=0.429 ratio=1.0012 dth=+0.000 gg=0.9962 fl=0.203 ret=0.924 shed=0.210 act=1.3824 flq=-1.00
# PAIR t=60.0 p=12 d=1.334 pq=1:1 delta=+0.488 x=0.406 ratio=0.9964 dth=-0.258 gg=0.7870 fl=0.225 ret=0.768 shed=0.639 act=1.6507 flq=-1.00
# PAIR t=60.0 p=13 d=1.103 pq=1:1 delta=-0.888 x=0.532 ratio=0.9490 dth=+0.198 gg=0.3499 fl=0.007 ret=0.848 shed=0.418 act=0.0421 flq=-1.00
# PAIR t=60.0 p=14 d=1.539 pq=1:1 delta=+1.219 x=0.544 ratio=1.0308 dth=-2.304 gg=0.0000 fl=0.000 ret=0.987 shed=0.035 act=0.0009 flq=-1.00
# PAIR t=60.0 p=15 d=1.036 pq=1:1 delta=-1.211 x=0.532 ratio=1.0649 dth=+1.185 gg=0.0501 fl=0.007 ret=0.857 shed=0.394 act=0.0383 flq=-1.00
# PAIR t=60.0 p=16 d=1.486 pq=1:1 delta=+1.080 x=0.543 ratio=0.9915 dth=-0.775 gg=0.2421 fl=0.000 ret=0.974 shed=0.072 act=0.0000 flq=-1.00
# PAIR t=60.0 p=17 d=1.264 pq=1:1 delta=+0.299 x=0.322 ratio=0.9979 dth=-0.169 gg=0.9128 fl=0.381 ret=0.816 shed=0.505 act=2.6495 flq=-1.00
# PAIR t=60.0 p=18 d=1.110 pq=1:1 delta=-0.857 x=0.534 ratio=0.9474 dth=+0.403 gg=0.4761 fl=0.005 ret=0.860 shed=0.384 act=0.0325 flq=-1.00
# PAIR t=60.0 p=19 d=1.281 pq=1:1 delta=+0.068 x=0.480 ratio=0.9993 dth=-0.077 gg=0.9879 fl=0.086 ret=0.747 shed=0.697 act=0.6090 flq=-1.00
# PAIR t=60.0 p=20 d=1.454 pq=1:1 delta=+0.796 x=0.547 ratio=1.0326 dth=-1.068 gg=0.0782 fl=0.000 ret=0.989 shed=0.031 act=0.0039 flq=-1.00
# PAIR t=60.0 p=21 d=1.535 pq=1:1 delta=+1.193 x=0.546 ratio=1.0291 dth=-2.464 gg=0.0000 fl=0.000 ret=0.990 shed=0.026 act=0.0003 flq=-1.00
# PAIR t=60.0 p=22 d=1.040 pq=1:1 delta=-1.199 x=0.533 ratio=1.0557 dth=+1.199 gg=0.0466 fl=0.008 ret=0.872 shed=0.353 act=0.0446 flq=-1.00
# PAIR t=60.0 p=23 d=1.470 pq=1:1 delta=+0.943 x=0.512 ratio=1.0027 dth=-0.611 gg=0.3754 fl=0.060 ret=0.978 shed=0.061 act=0.4826 flq=-1.00
# PAIR t=60.0 p=24 d=1.296 pq=1:1 delta=+0.129 x=0.490 ratio=0.9952 dth=-0.105 gg=0.9769 fl=0.056 ret=0.666 shed=0.917 act=0.3995 flq=-1.00
# PAIR t=60.0 p=25 d=1.374 pq=1:1 delta=+0.418 x=0.543 ratio=1.0402 dth=-1.235 gg=0.0097 fl=0.001 ret=0.963 shed=0.103 act=0.0077 flq=-1.00
# PAIR t=60.0 p=26 d=1.327 pq=1:1 delta=+0.436 x=0.413 ratio=0.9934 dth=-0.245 gg=0.8244 fl=0.200 ret=0.678 shed=0.886 act=1.4599 flq=-1.00
# PAIR t=60.0 p=27 d=1.216 pq=1:1 delta=-0.240 x=0.473 ratio=1.0020 dth=+0.092 gg=0.9410 fl=0.103 ret=0.779 shed=0.608 act=0.6909 flq=-1.00
# PAIR t=60.0 p=28 d=1.519 pq=1:1 delta=+1.114 x=0.546 ratio=1.0276 dth=-1.156 gg=0.0583 fl=0.003 ret=0.990 shed=0.029 act=0.0244 flq=-1.00
# PAIR t=60.0 p=29 d=1.433 pq=1:1 delta=+0.704 x=0.542 ratio=1.0304 dth=-0.864 gg=0.2031 fl=0.006 ret=0.982 shed=0.050 act=0.0449 flq=-1.00
# PAIR t=60.0 p=30 d=1.380 pq=1:1 delta=+0.443 x=0.543 ratio=1.0400 dth=-0.930 gg=0.1025 fl=0.003 ret=0.967 shed=0.092 act=0.0201 flq=-1.00
# PAIR t=60.0 p=31 d=1.343 pq=1:1 delta=+0.310 x=0.518 ratio=0.9929 dth=-0.184 gg=0.9050 fl=0.023 ret=0.774 shed=0.622 act=0.1674 flq=-1.00
# PAIR t=60.0 p=32 d=1.081 pq=1:1 delta=-0.995 x=0.534 ratio=0.9411 dth=+0.115 gg=0.1966 fl=0.005 ret=0.855 shed=0.399 act=0.0325 flq=-1.00
# PAIR t=60.0 p=33 d=1.363 pq=1:1 delta=+0.360 x=0.545 ratio=1.0400 dth=-2.003 gg=0.0000 fl=0.000 ret=0.963 shed=0.102 act=0.0000 flq=-1.00
# PAIR t=60.0 p=34 d=1.495 pq=1:1 delta=+1.014 x=0.546 ratio=1.0205 dth=-0.848 gg=0.2147 fl=0.000 ret=0.984 shed=0.043 act=0.0000 flq=-1.00
# PAIR t=60.0 p=35 d=1.063 pq=1:1 delta=-1.029 x=0.493 ratio=0.9971 dth=+1.163 gg=0.0544 fl=0.083 ret=0.880 shed=0.330 act=0.4859 flq=-1.00
# PAIR t=60.0 p=36 d=1.182 pq=1:1 delta=+0.030 x=0.537 ratio=1.0007 dth=-0.020 gg=0.9990 fl=0.000 ret=0.878 shed=0.337 act=0.0000 flq=-1.00
# PAIR t=60.0 p=37 d=1.251 pq=1:1 delta=+0.167 x=0.352 ratio=0.9988 dth=-0.111 gg=0.9695 fl=0.331 ret=0.864 shed=0.373 act=2.2787 flq=-1.00
# PAIR t=60.0 p=38 d=1.362 pq=1:1 delta=+0.356 x=0.544 ratio=1.0379 dth=-2.133 gg=0.0000 fl=0.000 ret=0.959 shed=0.113 act=0.0000 flq=-1.00
# PAIR t=60.0 p=39 d=1.105 pq=1:1 delta=-0.876 x=0.533 ratio=0.9438 dth=+0.444 gg=0.4616 fl=0.005 ret=0.850 shed=0.413 act=0.0320 flq=-1.00
# PAIR t=60.0 p=40 d=1.550 pq=1:1 delta=+1.274 x=0.542 ratio=0.9732 dth=-1.062 gg=0.0854 fl=0.003 ret=0.979 shed=0.057 act=0.0288 flq=-1.00
# PAIR t=60.0 p=41 d=1.381 pq=1:1 delta=+0.457 x=0.540 ratio=1.0391 dth=-0.885 gg=0.1369 fl=0.006 ret=0.964 shed=0.100 act=0.0439 flq=-1.00
# PAIR t=60.0 p=42 d=1.280 pq=1:1 delta=+0.365 x=0.330 ratio=0.9982 dth=-0.193 gg=0.8747 fl=0.366 ret=0.793 shed=0.569 act=2.5790 flq=-1.00
# PAIR t=60.0 p=43 d=1.112 pq=1:1 delta=-0.841 x=0.532 ratio=1.0509 dth=+0.119 gg=0.3346 fl=0.006 ret=0.839 shed=0.442 act=0.0366 flq=-1.00
# PAIR t=60.0 p=44 d=1.100 pq=1:1 delta=-0.901 x=0.531 ratio=0.9495 dth=+0.324 gg=0.4123 fl=0.007 ret=0.846 shed=0.423 act=0.0414 flq=-1.00
# PAIR t=60.0 p=45 d=1.351 pq=1:1 delta=+0.330 x=0.529 ratio=0.9609 dth=-1.040 gg=0.0370 fl=0.001 ret=0.759 shed=0.663 act=0.0041 flq=-1.00
# PAIR t=60.0 p=46 d=1.425 pq=1:1 delta=+0.658 x=0.545 ratio=1.0363 dth=-1.076 gg=0.0617 fl=0.002 ret=0.985 shed=0.041 act=0.0190 flq=-1.00
# PAIR t=60.0 p=47 d=1.531 pq=1:1 delta=+1.188 x=0.541 ratio=0.9665 dth=-1.174 gg=0.0534 fl=0.006 ret=0.976 shed=0.066 act=0.0544 flq=-1.00
# PAIR t=60.0 p=48 d=1.481 pq=1:1 delta=+0.958 x=0.541 ratio=0.9720 dth=-0.786 gg=0.2647 fl=0.000 ret=0.959 shed=0.113 act=0.0000 flq=-1.00
# PAIR t=60.0 p=49 d=1.220 pq=1:1 delta=-0.142 x=0.431 ratio=1.0014 dth=+0.059 gg=0.9796 fl=0.194 ret=0.875 shed=0.343 act=1.3040 flq=-1.00
# PAIR t=60.0 p=50 d=1.357 pq=1:1 delta=+0.336 x=0.542 ratio=1.0462 dth=-1.914 gg=0.0000 fl=0.000 ret=0.931 shed=0.189 act=0.0000 flq=-1.00
# PAIR t=60.0 p=51 d=1.037 pq=1:1 delta=-1.210 x=0.535 ratio=1.0655 dth=+0.919 gg=0.1465 fl=0.005 ret=0.872 shed=0.353 act=0.0287 flq=-1.00
# PAIR t=60.0 p=52 d=1.091 pq=1:1 delta=-0.949 x=0.534 ratio=0.9438 dth=+0.469 gg=0.4026 fl=0.005 ret=0.858 shed=0.390 act=0.0315 flq=-1.00
# PAIR t=60.0 p=53 d=1.051 pq=1:1 delta=-1.145 x=0.533 ratio=1.0480 dth=+1.310 gg=0.0232 fl=0.009 ret=0.861 shed=0.383 act=0.0516 flq=-1.00
# PAIR t=60.0 p=54 d=1.087 pq=1:1 delta=-0.965 x=0.534 ratio=0.9410 dth=+0.563 gg=0.3800 fl=0.004 ret=0.855 shed=0.399 act=0.0244 flq=-1.00
# PAIR t=60.0 p=55 d=1.359 pq=1:1 delta=+0.343 x=0.544 ratio=1.0429 dth=-1.984 gg=0.0000 fl=0.000 ret=0.949 shed=0.141 act=0.0000 flq=-1.00
# PAIR t=60.0 p=56 d=1.330 pq=1:1 delta=+0.414 x=0.432 ratio=0.9953 dth=-0.230 gg=0.8404 fl=0.184 ret=0.804 shed=0.540 act=1.3443 flq=-1.00
# PAIR t=60.0 p=57 d=1.210 pq=1:1 delta=-0.278 x=0.476 ratio=1.0019 dth=+0.121 gg=0.9243 fl=0.100 ret=0.798 shed=0.556 act=0.6623 flq=-1.00
# PAIR t=60.0 p=58 d=1.281 pq=1:1 delta=+0.030 x=0.502 ratio=0.9982 dth=-0.046 gg=0.9953 fl=0.063 ret=0.843 shed=0.431 act=0.4406 flq=-1.00
# PAIR t=60.0 p=59 d=1.546 pq=1:1 delta=+1.246 x=0.547 ratio=0.9989 dth=-0.086 gg=0.0566 fl=0.000 ret=0.994 shed=0.017 act=0.0000 flq=-1.00
70.000	18651.2409	129.898969	18.4172612	13.921181	18813.4782609	-1.354e-15	111179	14.711	15.617	15.188	0.039	21.1996	0.8474	-25.286	0.8494	0.9977	1.50000	1.49853
# PAIR t=70.0 p=0 d=1.281 pq=1:1 delta=+0.335 x=0.347 ratio=0.9981 dth=-0.180 gg=0.8933 fl=0.331 ret=0.764 shed=0.649 act=2.3299 flq=-1.00
# PAIR t=70.0 p=1 d=1.229 pq=1:1 delta=-0.050 x=0.407 ratio=1.0013 dth=+0.006 gg=0.9960 fl=0.237 ret=0.888 shed=0.308 act=1.6033 flq=-1.00
# PAIR t=70.0 p=2 d=1.286 pq=1:1 delta=+0.265 x=0.396 ratio=0.9948 dth=-0.164 gg=0.9287 fl=0.236 ret=0.712 shed=0.792 act=1.6704 flq=-1.00
# PAIR t=70.0 p=3 d=1.478 pq=1:1 delta=+0.921 x=0.543 ratio=0.9710 dth=-0.849 gg=0.2236 fl=0.003 ret=0.970 shed=0.082 act=0.0219 flq=-1.00
# PAIR t=70.0 p=4 d=1.467 pq=1:1 delta=+0.870 x=0.542 ratio=0.9787 dth=-0.675 gg=0.3656 fl=0.004 ret=0.974 shed=0.071 act=0.0353 flq=-1.00
# PAIR t=70.0 p=5 d=1.467 pq=1:1 delta=+0.866 x=0.544 ratio=1.0422 dth=+0.262 gg=0.0589 fl=0.001 ret=0.958 shed=0.117 act=0.0120 flq=-1.00
# PAIR t=70.0 p=6 d=1.025 pq=1:1 delta=-1.235 x=0.508 ratio=0.9859 dth=+1.461 gg=0.0081 fl=0.054 ret=0.874 shed=0.347 act=0.3044 flq=-1.00
# PAIR t=70.0 p=7 d=1.421 pq=1:1 delta=+0.713 x=0.507 ratio=0.9906 dth=-0.408 gg=0.5935 fl=0.061 ret=0.956 shed=0.122 act=0.4788 flq=-1.00
# PAIR t=70.0 p=8 d=1.311 pq=1:1 delta=+0.149 x=0.516 ratio=1.0011 dth=-0.111 gg=0.9728 fl=0.015 ret=0.710 shed=0.797 act=0.1089 flq=-1.00
# PAIR t=70.0 p=9 d=1.343 pq=1:1 delta=+0.423 x=0.459 ratio=0.9950 dth=-0.233 gg=0.8342 fl=0.120 ret=0.719 shed=0.774 act=0.8867 flq=-1.00
# PAIR t=70.0 p=10 d=1.078 pq=1:1 delta=-1.001 x=0.526 ratio=0.9732 dth=-0.287 gg=0.0236 fl=0.019 ret=0.855 shed=0.399 act=0.1106 flq=-1.00
# PAIR t=70.0 p=11 d=1.239 pq=1:1 delta=-0.006 x=0.410 ratio=1.0011 dth=-0.017 gg=0.9985 fl=0.235 ret=0.910 shed=0.248 act=1.6017 flq=-1.00
# PAIR t=70.0 p=12 d=1.334 pq=1:1 delta=+0.331 x=0.482 ratio=0.9974 dth=-0.186 gg=0.8944 fl=0.080 ret=0.741 shed=0.712 act=0.5837 flq=-1.00
# PAIR t=70.0 p=13 d=1.103 pq=1:1 delta=-0.885 x=0.530 ratio=1.0580 dth=+0.674 gg=0.3620 fl=0.005 ret=0.822 shed=0.491 act=0.0317 flq=-1.00
# PAIR t=70.0 p=14 d=1.539 pq=1:1 delta=+1.222 x=0.543 ratio=1.0277 dth=-1.570 gg=0.0031 fl=0.001 ret=0.985 shed=0.041 act=0.0072 flq=-1.00
# PAIR t=70.0 p=15 d=1.036 pq=1:1 delta=-1.212 x=0.533 ratio=0.9389 dth=+0.956 gg=0.1308 fl=0.002 ret=0.835 shed=0.453 act=0.0113 flq=-1.00
# PAIR t=70.0 p=16 d=1.486 pq=1:1 delta=+0.969 x=0.541 ratio=0.9594 dth=-1.428 gg=0.0074 fl=0.002 ret=0.967 shed=0.090 act=0.0142 flq=-1.00
# PAIR t=70.0 p=17 d=1.264 pq=1:1 delta=+0.216 x=0.363 ratio=0.9979 dth=-0.132 gg=0.9523 fl=0.301 ret=0.787 shed=0.587 act=2.0905 flq=-1.00
# PAIR t=70.0 p=18 d=1.110 pq=1:1 delta=-0.855 x=0.532 ratio=1.0426 dth=+0.012 gg=0.2309 fl=0.006 ret=0.841 shed=0.436 act=0.0369 flq=-1.00
# PAIR t=70.0 p=19 d=1.281 pq=1:1 delta=+0.420 x=0.306 ratio=1.0006 dth=-0.196 gg=0.8375 fl=0.401 ret=0.741 shed=0.714 act=2.8222 flq=-1.00
# PAIR t=70.0 p=20 d=1.454 pq=1:1 delta=+0.843 x=0.524 ratio=0.9885 dth=-0.584 gg=0.4377 fl=0.042 ret=0.984 shed=0.044 act=0.3391 flq=-1.00
# PAIR t=70.0 p=21 d=1.535 pq=1:1 delta=+1.195 x=0.545 ratio=1.0273 dth=-1.765 gg=0.0004 fl=0.001 ret=0.989 shed=0.029 act=0.0045 flq=-1.00
# PAIR t=70.0 p=22 d=1.040 pq=1:1 delta=-1.199 x=0.535 ratio=0.9379 dth=+0.628 gg=0.2314 fl=0.002 ret=0.849 shed=0.414 act=0.0111 flq=-1.00
# PAIR t=70.0 p=23 d=1.470 pq=1:1 delta=+0.882 x=0.543 ratio=0.9642 dth=-1.040 gg=0.0987 fl=0.002 ret=0.967 shed=0.090 act=0.0136 flq=-1.00
# PAIR t=70.0 p=24 d=1.296 pq=1:1 delta=+0.358 x=0.376 ratio=0.9948 dth=-0.201 gg=0.8779 fl=0.255 ret=0.625 shed=1.031 act=1.8182 flq=-1.00
# PAIR t=70.0 p=25 d=1.374 pq=1:1 delta=+0.616 x=0.443 ratio=0.9932 dth=-0.417 gg=0.6510 fl=0.181 ret=0.952 shed=0.131 act=1.3685 flq=-1.00
# PAIR t=70.0 p=26 d=1.327 pq=1:1 delta=+0.296 x=0.482 ratio=0.9941 dth=-0.180 gg=0.9124 fl=0.067 ret=0.632 shed=1.013 act=0.4910 flq=-1.00
# PAIR t=70.0 p=27 d=1.216 pq=1:1 delta=-0.131 x=0.414 ratio=1.0020 dth=+0.049 gg=0.9819 fl=0.207 ret=0.755 shed=0.674 act=1.3836 flq=-1.00
# PAIR t=70.0 p=28 d=1.519 pq=1:1 delta=+1.112 x=0.546 ratio=0.9738 dth=-1.018 gg=0.1121 fl=0.000 ret=0.983 shed=0.046 act=0.0026 flq=-1.00
# PAIR t=70.0 p=29 d=1.433 pq=1:1 delta=+0.712 x=0.538 ratio=0.9767 dth=-0.620 gg=0.4504 fl=0.010 ret=0.970 shed=0.084 act=0.0824 flq=-1.00
# PAIR t=70.0 p=30 d=1.380 pq=1:1 delta=+0.541 x=0.492 ratio=1.0093 dth=-0.258 gg=0.7448 fl=0.093 ret=0.951 shed=0.134 act=0.7067 flq=-1.00
# PAIR t=70.0 p=31 d=1.343 pq=1:1 delta=+0.401 x=0.472 ratio=0.9943 dth=-0.225 gg=0.8489 fl=0.101 ret=0.742 shed=0.709 act=0.7445 flq=-1.00
# PAIR t=70.0 p=32 d=1.081 pq=1:1 delta=-0.993 x=0.532 ratio=1.0594 dth=+0.089 gg=0.1811 fl=0.005 ret=0.832 shed=0.461 act=0.0290 flq=-1.00
# PAIR t=70.0 p=33 d=1.363 pq=1:1 delta=+0.362 x=0.543 ratio=1.0380 dth=-1.033 gg=0.0427 fl=0.002 ret=0.962 shed=0.105 act=0.0157 flq=-1.00
# PAIR t=70.0 p=34 d=1.495 pq=1:1 delta=+1.007 x=0.543 ratio=0.9670 dth=-1.132 gg=0.0643 fl=0.003 ret=0.977 shed=0.064 act=0.0270 flq=-1.00
# PAIR t=70.0 p=35 d=1.063 pq=1:1 delta=-1.081 x=0.532 ratio=0.9562 dth=-0.228 gg=0.0222 fl=0.010 ret=0.860 shed=0.386 act=0.0596 flq=-1.00
# PAIR t=70.0 p=36 d=1.182 pq=1:1 delta=-0.335 x=0.430 ratio=1.0007 dth=+0.164 gg=0.8938 fl=0.192 ret=0.865 shed=0.370 act=1.2451 flq=-1.00
# PAIR t=70.0 p=37 d=1.251 pq=1:1 delta=+0.129 x=0.372 ratio=0.9989 dth=-0.094 gg=0.9801 fl=0.292 ret=0.837 shed=0.449 act=2.0090 flq=-1.00
# PAIR t=70.0 p=38 d=1.362 pq=1:1 delta=+0.358 x=0.542 ratio=1.0367 dth=-1.219 gg=0.0091 fl=0.001 ret=0.957 shed=0.117 act=0.0088 flq=-1.00
# PAIR t=70.0 p=39 d=1.105 pq=1:1 delta=-0.874 x=0.531 ratio=1.0459 dth=+0.016 gg=0.2183 fl=0.006 ret=0.830 shed=0.469 act=0.0366 flq=-1.00
# PAIR t=70.0 p=40 d=1.550 pq=1:1 delta=+1.275 x=0.543 ratio=0.9588 dth=-1.901 gg=0.0001 fl=0.001 ret=0.975 shed=0.069 act=0.0114 flq=-1.00
# PAIR t=70.0 p=41 d=1.381 pq=1:1 delta=+0.712 x=0.541 ratio=0.9940 dth=-0.400 gg=0.5961 fl=0.000 ret=0.944 shed=0.155 act=0.0000 flq=-1.00
# PAIR t=70.0 p=42 d=1.280 pq=1:1 delta=+0.294 x=0.364 ratio=0.9987 dth=-0.160 gg=0.9166 fl=0.300 ret=0.775 shed=0.619 act=2.1140 flq=-1.00
# PAIR t=70.0 p=43 d=1.112 pq=1:1 delta=-0.838 x=0.530 ratio=0.9489 dth=+0.649 gg=0.3948 fl=0.005 ret=0.814 shed=0.511 act=0.0297 flq=-1.00
# PAIR t=70.0 p=44 d=1.100 pq=1:1 delta=-0.897 x=0.528 ratio=1.0472 dth=+0.483 gg=0.4421 fl=0.009 ret=0.826 shed=0.478 act=0.0566 flq=-1.00
# PAIR t=70.0 p=45 d=1.351 pq=1:1 delta=+0.331 x=0.529 ratio=0.9622 dth=-1.971 gg=0.0000 fl=0.000 ret=0.757 shed=0.669 act=0.0001 flq=-1.00
# PAIR t=70.0 p=46 d=1.425 pq=1:1 delta=+0.701 x=0.523 ratio=1.0079 dth=-0.423 gg=0.5971 fl=0.042 ret=0.977 shed=0.062 act=0.3290 flq=-1.00
# PAIR t=70.0 p=47 d=1.531 pq=1:1 delta=+1.184 x=0.543 ratio=0.9546 dth=-2.160 gg=0.0000 fl=0.000 ret=0.972 shed=0.078 act=0.0019 flq=-1.00
# PAIR t=70.0 p=48 d=1.481 pq=1:1 delta=+0.945 x=0.540 ratio=0.9532 dth=-1.692 gg=0.0004 fl=0.001 ret=0.953 shed=0.129 act=0.0082 flq=-1.00
# PAIR t=70.0 p=49 d=1.220 pq=1:1 delta=-0.110 x=0.414 ratio=1.0015 dth=+0.045 gg=0.9876 fl=0.222 ret=0.857 shed=0.392 act=1.4915 flq=-1.00
# PAIR t=70.0 p=50 d=1.357 pq=1:1 delta=+0.340 x=0.539 ratio=1.0408 dth=-0.786 gg=0.1888 fl=0.004 ret=0.929 shed=0.196 act=0.0275 flq=-1.00
# PAIR t=70.0 p=51 d=1.037 pq=1:1 delta=-1.210 x=0.534 ratio=0.9419 dth=+0.943 gg=0.1367 fl=0.002 ret=0.854 shed=0.402 act=0.0113 flq=-1.00
# PAIR t=70.0 p=52 d=1.091 pq=1:1 delta=-0.946 x=0.533 ratio=1.0628 dth=+0.307 gg=0.3605 fl=0.005 ret=0.832 shed=0.461 act=0.0288 flq=-1.00
# PAIR t=70.0 p=53 d=1.051 pq=1:1 delta=-1.148 x=0.537 ratio=0.9404 dth=+0.287 gg=0.1836 fl=0.000 ret=0.841 shed=0.437 act=0.0021 flq=-1.00
# PAIR t=70.0 p=54 d=1.087 pq=1:1 delta=-0.962 x=0.533 ratio=1.0606 dth=+0.089 gg=0.2033 fl=0.004 ret=0.831 shed=0.465 act=0.0259 flq=-1.00
# PAIR t=70.0 p=55 d=1.359 pq=1:1 delta=+0.345 x=0.542 ratio=1.0404 dth=-0.932 gg=0.0819 fl=0.002 ret=0.947 shed=0.146 act=0.0160 flq=-1.00
# PAIR t=70.0 p=56 d=1.330 pq=1:1 delta=+0.284 x=0.497 ratio=0.9958 dth=-0.165 gg=0.9203 fl=0.061 ret=0.773 shed=0.625 act=0.4445 flq=-1.00
# PAIR t=70.0 p=57 d=1.210 pq=1:1 delta=-0.170 x=0.417 ratio=1.0018 dth=+0.073 gg=0.9711 fl=0.202 ret=0.772 shed=0.627 act=1.3468 flq=-1.00
# PAIR t=70.0 p=58 d=1.281 pq=1:1 delta=+0.315 x=0.358 ratio=0.9984 dth=-0.171 gg=0.9049 fl=0.321 ret=0.826 shed=0.479 act=2.2652 flq=-1.00
# PAIR t=70.0 p=59 d=1.546 pq=1:1 delta=+1.247 x=0.546 ratio=0.9986 dth=-0.117 gg=0.0653 fl=0.000 ret=0.992 shed=0.021 act=0.0000 flq=-1.00
80.000	18651.598	125.741321	20.7985659	15.3403284	18813.4782609	-1.354e-15	111181	14.519	15.774	15.070	0.041	21.1996	0.8474	-28.519	0.8494	0.9977	1.50000	1.49855
# PAIR t=80.0 p=0 d=1.281 pq=1:1 delta=+0.210 x=0.408 ratio=0.9984 dth=-0.124 gg=0.9554 fl=0.216 ret=0.743 shed=0.706 act=1.5230 flq=-1.00
# PAIR t=80.0 p=1 d=1.229 pq=1:1 delta=-0.014 x=0.388 ratio=1.0011 dth=-0.010 gg=0.9986 fl=0.269 ret=0.876 shed=0.341 act=1.8159 flq=-1.00
# PAIR t=80.0 p=2 d=1.286 pq=1:1 delta=+0.170 x=0.444 ratio=0.9945 dth=-0.121 gg=0.9664 fl=0.142 ret=0.669 shed=0.910 act=1.0035 flq=-1.00
# PAIR t=80.0 p=3 d=1.478 pq=1:1 delta=+0.922 x=0.544 ratio=0.9577 dth=-1.707 gg=0.0003 fl=0.000 ret=0.966 shed=0.094 act=0.0004 flq=-1.00
# PAIR t=80.0 p=4 d=1.467 pq=1:1 delta=+0.871 x=0.543 ratio=0.9619 dth=-1.353 gg=0.0116 fl=0.000 ret=0.968 shed=0.089 act=0.0009 flq=-1.00
# PAIR t=80.0 p=5 d=1.467 pq=1:1 delta=+0.867 x=0.544 ratio=1.0492 dth=+1.349 gg=0.0000 fl=0.000 ret=0.955 shed=0.123 act=0.0000 flq=-1.00
# PAIR t=80.0 p=6 d=1.025 pq=1:1 delta=-1.265 x=0.530 ratio=0.9474 dth=+0.062 gg=0.0453 fl=0.009 ret=0.857 shed=0.393 act=0.0486 flq=-1.00
# PAIR t=80.0 p=7 d=1.421 pq=1:1 delta=+0.660 x=0.534 ratio=0.9716 dth=-0.677 gg=0.3928 fl=0.008 ret=0.936 shed=0.175 act=0.0642 flq=-1.00
# PAIR t=80.0 p=8 d=1.311 pq=1:1 delta=+0.383 x=0.399 ratio=1.0039 dth=-0.176 gg=0.8629 fl=0.224 ret=0.680 shed=0.879 act=1.6117 flq=-1.00
# PAIR t=80.0 p=9 d=1.343 pq=1:1 delta=+0.537 x=0.404 ratio=0.9961 dth=-0.279 gg=0.7485 fl=0.215 ret=0.690 shed=0.852 act=1.5872 flq=-1.00
# PAIR t=80.0 p=10 d=1.078 pq=1:1 delta=-1.011 x=0.534 ratio=1.0503 dth=+1.031 gg=0.1078 fl=0.001 ret=0.835 shed=0.453 act=0.0047 flq=-1.00
# PAIR t=80.0 p=11 d=1.239 pq=1:1 delta=+0.027 x=0.393 ratio=1.0012 dth=-0.030 gg=0.9982 fl=0.263 ret=0.896 shed=0.286 act=1.7955 flq=-1.00
# PAIR t=80.0 p=12 d=1.334 pq=1:1 delta=+0.501 x=0.399 ratio=0.9987 dth=-0.252 gg=0.7773 fl=0.229 ret=0.727 shed=0.752 act=1.6784 flq=-1.00
# PAIR t=80.0 p=13 d=1.103 pq=1:1 delta=-0.883 x=0.529 ratio=0.9430 dth=+0.481 gg=0.4530 fl=0.004 ret=0.797 shed=0.559 act=0.0231 flq=-1.00
# PAIR t=80.0 p=14 d=1.539 pq=1:1 delta=+1.230 x=0.538 ratio=1.0134 dth=-1.025 gg=0.1018 fl=0.007 ret=0.982 shed=0.050 act=0.0597 flq=-1.00
# PAIR t=80.0 p=15 d=1.036 pq=1:1 delta=-1.204 x=0.527 ratio=1.0655 dth=+0.036 gg=0.0549 fl=0.006 ret=0.808 shed=0.528 act=0.0332 flq=-1.00
# PAIR t=80.0 p=16 d=1.486 pq=1:1 delta=+0.971 x=0.540 ratio=0.9558 dth=-2.489 gg=0.0000 fl=0.000 ret=0.964 shed=0.098 act=0.0001 flq=-1.00
# PAIR t=80.0 p=17 d=1.264 pq=1:1 delta=+0.133 x=0.404 ratio=0.9980 dth=-0.096 gg=0.9791 fl=0.220 ret=0.756 shed=0.671 act=1.5294 flq=-1.00
# PAIR t=80.0 p=18 d=1.110 pq=1:1 delta=-0.852 x=0.531 ratio=0.9548 dth=+0.756 gg=0.3042 fl=0.005 ret=0.816 shed=0.506 act=0.0275 flq=-1.00
# PAIR t=80.0 p=19 d=1.281 pq=1:1 delta=+0.266 x=0.380 ratio=1.0017 dth=-0.134 gg=0.9317 fl=0.261 ret=0.718 shed=0.776 act=1.8402 flq=-1.00
# PAIR t=80.0 p=20 d=1.454 pq=1:1 delta=+0.802 x=0.544 ratio=0.9676 dth=-1.055 gg=0.0850 fl=0.004 ret=0.976 shed=0.066 act=0.0289 flq=-1.00
# PAIR t=80.0 p=21 d=1.535 pq=1:1 delta=+1.201 x=0.542 ratio=1.0160 dth=-1.186 gg=0.0501 fl=0.005 ret=0.987 shed=0.036 act=0.0442 flq=-1.00
# PAIR t=80.0 p=22 d=1.040 pq=1:1 delta=-1.193 x=0.530 ratio=1.0646 dth=+0.113 gg=0.0835 fl=0.005 ret=0.825 shed=0.482 act=0.0309 flq=-1.00
# PAIR t=80.0 p=23 d=1.470 pq=1:1 delta=+0.883 x=0.543 ratio=0.9560 dth=-2.024 gg=0.0000 fl=0.000 ret=0.965 shed=0.097 act=0.0001 flq=-1.00
# PAIR t=80.0 p=24 d=1.296 pq=1:1 delta=+0.255 x=0.426 ratio=0.9945 dth=-0.157 gg=0.9338 fl=0.156 ret=0.580 shed=1.156 act=1.1100 flq=-1.00
# PAIR t=80.0 p=25 d=1.374 pq=1:1 delta=+0.442 x=0.530 ratio=0.9701 dth=-0.620 gg=0.4290 fl=0.018 ret=0.927 shed=0.200 act=0.1337 flq=-1.00
# PAIR t=80.0 p=26 d=1.327 pq=1:1 delta=+0.438 x=0.412 ratio=0.9948 dth=-0.238 gg=0.8241 fl=0.189 ret=0.595 shed=1.113 act=1.3781 flq=-1.00
# PAIR t=80.0 p=27 d=1.216 pq=1:1 delta=-0.033 x=0.363 ratio=1.0017 dth=+0.009 gg=0.9987 fl=0.295 ret=0.732 shed=0.737 act=1.9712 flq=-1.00
# PAIR t=80.0 p=28 d=1.519 pq=1:1 delta=+1.115 x=0.545 ratio=0.9626 dth=-1.791 gg=0.0002 fl=0.001 ret=0.980 shed=0.054 act=0.0060 flq=-1.00
# PAIR t=80.0 p=29 d=1.433 pq=1:1 delta=+0.706 x=0.542 ratio=0.9611 dth=-1.323 gg=0.0104 fl=0.001 ret=0.963 shed=0.102 act=0.0089 flq=-1.00
# PAIR t=80.0 p=30 d=1.380 pq=1:1 delta=+0.658 x=0.435 ratio=0.9936 dth=-0.367 gg=0.6436 fl=0.191 ret=0.926 shed=0.202 act=1.4497 flq=-1.00
# PAIR t=80.0 p=31 d=1.343 pq=1:1 delta=+0.503 x=0.422 ratio=0.9954 dth=-0.269 gg=0.7750 fl=0.187 ret=0.714 shed=0.788 act=1.3823 flq=-1.00
# PAIR t=80.0 p=32 d=1.081 pq=1:1 delta=-0.988 x=0.529 ratio=0.9420 dth=+0.953 gg=0.1505 fl=0.005 ret=0.806 shed=0.534 act=0.0303 flq=-1.00
# PAIR t=80.0 p=33 d=1.363 pq=1:1 delta=+0.415 x=0.515 ratio=1.0153 dth=-0.249 gg=0.8357 fl=0.051 ret=0.952 shed=0.132 act=0.3787 flq=-1.00
# PAIR t=80.0 p=34 d=1.495 pq=1:1 delta=+1.005 x=0.544 ratio=0.9588 dth=-2.049 gg=0.0000 fl=0.000 ret=0.974 shed=0.071 act=0.0009 flq=-1.00
# PAIR t=80.0 p=35 d=1.063 pq=1:1 delta=-1.083 x=0.535 ratio=1.0632 dth=+0.722 gg=0.2648 fl=0.001 ret=0.839 shed=0.443 act=0.0032 flq=-1.00
# PAIR t=80.0 p=36 d=1.182 pq=1:1 delta=-0.146 x=0.329 ratio=1.0006 dth=+0.072 gg=0.9788 fl=0.372 ret=0.855 shed=0.400 act=2.4178 flq=-1.00
# PAIR t=80.0 p=37 d=1.251 pq=1:1 delta=+0.096 x=0.388 ratio=0.9988 dth=-0.081 gg=0.9864 fl=0.254 ret=0.808 shed=0.528 act=1.7472 flq=-1.00
# PAIR t=80.0 p=38 d=1.362 pq=1:1 delta=+0.454 x=0.492 ratio=1.0073 dth=-0.406 gg=0.7144 fl=0.091 ret=0.950 shed=0.138 act=0.6853 flq=-1.00
# PAIR t=80.0 p=39 d=1.105 pq=1:1 delta=-0.870 x=0.528 ratio=0.9538 dth=+0.795 gg=0.2694 fl=0.005 ret=0.802 shed=0.543 act=0.0295 flq=-1.00
# PAIR t=80.0 p=40 d=1.550 pq=1:1 delta=+1.275 x=0.543 ratio=0.9570 dth=-2.954 gg=0.0000 fl=0.000 ret=0.974 shed=0.073 act=0.0000 flq=-1.00
# PAIR t=80.0 p=41 d=1.381 pq=1:1 delta=+0.466 x=0.535 ratio=0.9796 dth=-0.385 gg=0.7325 fl=0.006 ret=0.912 shed=0.241 act=0.0478 flq=-1.00
# PAIR t=80.0 p=42 d=1.280 pq=1:1 delta=+0.214 x=0.404 ratio=0.9993 dth=-0.124 gg=0.9542 fl=0.226 ret=0.763 shed=0.653 act=1.5936 flq=-1.00
# PAIR t=80.0 p=43 d=1.112 pq=1:1 delta=-0.836 x=0.529 ratio=1.0531 dth=+0.133 gg=0.3513 fl=0.004 ret=0.791 shed=0.576 act=0.0244 flq=-1.00
# PAIR t=80.0 p=44 d=1.100 pq=1:1 delta=-0.891 x=0.524 ratio=0.9504 dth=+0.099 gg=0.2704 fl=0.009 ret=0.795 shed=0.563 act=0.0558 flq=-1.00
# PAIR t=80.0 p=45 d=1.351 pq=1:1 delta=+0.330 x=0.529 ratio=0.9649 dth=-2.879 gg=0.0000 fl=0.000 ret=0.756 shed=0.671 act=0.0000 flq=-1.00
# PAIR t=80.0 p=46 d=1.425 pq=1:1 delta=+0.678 x=0.534 ratio=0.9845 dth=-0.474 gg=0.5846 fl=0.018 ret=0.964 shed=0.098 act=0.1405 flq=-1.00
# PAIR t=80.0 p=47 d=1.531 pq=1:1 delta=+1.186 x=0.542 ratio=0.9540 dth=+2.981 gg=0.0000 fl=0.000 ret=0.970 shed=0.082 act=0.0000 flq=-1.00
# PAIR t=80.0 p=48 d=1.481 pq=1:1 delta=+0.948 x=0.538 ratio=0.9512 dth=-2.892 gg=0.0000 fl=0.000 ret=0.949 shed=0.139 act=0.0000 flq=-1.00
# PAIR t=80.0 p=49 d=1.220 pq=1:1 delta=-0.075 x=0.396 ratio=1.0013 dth=+0.028 gg=0.9941 fl=0.252 ret=0.840 shed=0.439 act=1.6914 flq=-1.00
# PAIR t=80.0 p=50 d=1.357 pq=1:1 delta=+0.396 x=0.509 ratio=1.0184 dth=-0.089 gg=0.8152 fl=0.053 ret=0.909 shed=0.250 act=0.3991 flq=-1.00
# PAIR t=80.0 p=51 d=1.037 pq=1:1 delta=-1.199 x=0.525 ratio=1.0377 dth=-0.118 gg=0.0229 fl=0.017 ret=0.840 shed=0.441 act=0.0955 flq=-1.00
# PAIR t=80.0 p=52 d=1.091 pq=1:1 delta=-0.941 x=0.530 ratio=0.9407 dth=+0.792 gg=0.2638 fl=0.005 ret=0.808 shed=0.529 act=0.0308 flq=-1.00
# PAIR t=80.0 p=53 d=1.051 pq=1:1 delta=-1.142 x=0.533 ratio=1.0655 dth=+0.459 gg=0.2521 fl=0.003 ret=0.822 shed=0.490 act=0.0186 flq=-1.00
# PAIR t=80.0 p=54 d=1.087 pq=1:1 delta=-0.955 x=0.526 ratio=1.0306 dth=+1.378 gg=0.0111 fl=0.013 ret=0.816 shed=0.506 act=0.0795 flq=-1.00
# PAIR t=80.0 p=55 d=1.359 pq=1:1 delta=+0.390 x=0.518 ratio=1.0184 dth=-0.141 gg=0.8483 fl=0.044 ret=0.933 shed=0.183 act=0.3275 flq=-1.00
# PAIR t=80.0 p=56 d=1.330 pq=1:1 delta=+0.417 x=0.431 ratio=0.9964 dth=-0.225 gg=0.8391 fl=0.177 ret=0.748 shed=0.693 act=1.2970 flq=-1.00
# PAIR t=80.0 p=57 d=1.210 pq=1:1 delta=-0.068 x=0.364 ratio=1.0017 dth=+0.027 gg=0.9953 fl=0.294 ret=0.750 shed=0.689 act=1.9572 flq=-1.00
# PAIR t=80.0 p=58 d=1.281 pq=1:1 delta=+0.197 x=0.416 ratio=0.9987 dth=-0.117 gg=0.9607 fl=0.213 ret=0.809 shed=0.526 act=1.5016 flq=-1.00
# PAIR t=80.0 p=59 d=1.546 pq=1:1 delta=+1.248 x=0.545 ratio=0.9984 dth=-0.153 gg=0.0760 fl=0.000 ret=0.991 shed=0.024 act=0.0000 flq=-1.00
# RESULT conservation E0=18813.4782609 Efinal=18813.4782609 rel_drift=-1.354e-15
# RESULT roughness_radiated=23.9184 (dissonant dense deliveries converted to field, conserved)
# RESULT curvature_fit defA_per_Em=0.78481 r2=0.8902 (linear defect ~ converted energy)
# PAIR t=80.0 p=0 d=1.281 pq=1:1 delta=+0.210 x=0.408 ratio=0.9984 dth=-0.124 gg=0.9554 fl=0.216 ret=0.743 shed=0.706 act=1.5230 flq=-1.00
# PAIR t=80.0 p=1 d=1.229 pq=1:1 delta=-0.014 x=0.388 ratio=1.0011 dth=-0.010 gg=0.9986 fl=0.269 ret=0.876 shed=0.341 act=1.8159 flq=-1.00
# PAIR t=80.0 p=2 d=1.286 pq=1:1 delta=+0.170 x=0.444 ratio=0.9945 dth=-0.121 gg=0.9664 fl=0.142 ret=0.669 shed=0.910 act=1.0035 flq=-1.00
# PAIR t=80.0 p=3 d=1.478 pq=1:1 delta=+0.922 x=0.544 ratio=0.9577 dth=-1.707 gg=0.0003 fl=0.000 ret=0.966 shed=0.094 act=0.0004 flq=-1.00
# PAIR t=80.0 p=4 d=1.467 pq=1:1 delta=+0.871 x=0.543 ratio=0.9619 dth=-1.353 gg=0.0116 fl=0.000 ret=0.968 shed=0.089 act=0.0009 flq=-1.00
# PAIR t=80.0 p=5 d=1.467 pq=1:1 delta=+0.867 x=0.544 ratio=1.0492 dth=+1.349 gg=0.0000 fl=0.000 ret=0.955 shed=0.123 act=0.0000 flq=-1.00
# PAIR t=80.0 p=6 d=1.025 pq=1:1 delta=-1.265 x=0.530 ratio=0.9474 dth=+0.062 gg=0.0453 fl=0.009 ret=0.857 shed=0.393 act=0.0486 flq=-1.00
# PAIR t=80.0 p=7 d=1.421 pq=1:1 delta=+0.660 x=0.534 ratio=0.9716 dth=-0.677 gg=0.3928 fl=0.008 ret=0.936 shed=0.175 act=0.0642 flq=-1.00
# PAIR t=80.0 p=8 d=1.311 pq=1:1 delta=+0.383 x=0.399 ratio=1.0039 dth=-0.176 gg=0.8629 fl=0.224 ret=0.680 shed=0.879 act=1.6117 flq=-1.00
# PAIR t=80.0 p=9 d=1.343 pq=1:1 delta=+0.537 x=0.404 ratio=0.9961 dth=-0.279 gg=0.7485 fl=0.215 ret=0.690 shed=0.852 act=1.5872 flq=-1.00
# PAIR t=80.0 p=10 d=1.078 pq=1:1 delta=-1.011 x=0.534 ratio=1.0503 dth=+1.031 gg=0.1078 fl=0.001 ret=0.835 shed=0.453 act=0.0047 flq=-1.00
# PAIR t=80.0 p=11 d=1.239 pq=1:1 delta=+0.027 x=0.393 ratio=1.0012 dth=-0.030 gg=0.9982 fl=0.263 ret=0.896 shed=0.286 act=1.7955 flq=-1.00
# PAIR t=80.0 p=12 d=1.334 pq=1:1 delta=+0.501 x=0.399 ratio=0.9987 dth=-0.252 gg=0.7773 fl=0.229 ret=0.727 shed=0.752 act=1.6784 flq=-1.00
# PAIR t=80.0 p=13 d=1.103 pq=1:1 delta=-0.883 x=0.529 ratio=0.9430 dth=+0.481 gg=0.4530 fl=0.004 ret=0.797 shed=0.559 act=0.0231 flq=-1.00
# PAIR t=80.0 p=14 d=1.539 pq=1:1 delta=+1.230 x=0.538 ratio=1.0134 dth=-1.025 gg=0.1018 fl=0.007 ret=0.982 shed=0.050 act=0.0597 flq=-1.00
# PAIR t=80.0 p=15 d=1.036 pq=1:1 delta=-1.204 x=0.527 ratio=1.0655 dth=+0.036 gg=0.0549 fl=0.006 ret=0.808 shed=0.528 act=0.0332 flq=-1.00
# PAIR t=80.0 p=16 d=1.486 pq=1:1 delta=+0.971 x=0.540 ratio=0.9558 dth=-2.489 gg=0.0000 fl=0.000 ret=0.964 shed=0.098 act=0.0001 flq=-1.00
# PAIR t=80.0 p=17 d=1.264 pq=1:1 delta=+0.133 x=0.404 ratio=0.9980 dth=-0.096 gg=0.9791 fl=0.220 ret=0.756 shed=0.671 act=1.5294 flq=-1.00
# PAIR t=80.0 p=18 d=1.110 pq=1:1 delta=-0.852 x=0.531 ratio=0.9548 dth=+0.756 gg=0.3042 fl=0.005 ret=0.816 shed=0.506 act=0.0275 flq=-1.00
# PAIR t=80.0 p=19 d=1.281 pq=1:1 delta=+0.266 x=0.380 ratio=1.0017 dth=-0.134 gg=0.9317 fl=0.261 ret=0.718 shed=0.776 act=1.8402 flq=-1.00
# PAIR t=80.0 p=20 d=1.454 pq=1:1 delta=+0.802 x=0.544 ratio=0.9676 dth=-1.055 gg=0.0850 fl=0.004 ret=0.976 shed=0.066 act=0.0289 flq=-1.00
# PAIR t=80.0 p=21 d=1.535 pq=1:1 delta=+1.201 x=0.542 ratio=1.0160 dth=-1.186 gg=0.0501 fl=0.005 ret=0.987 shed=0.036 act=0.0442 flq=-1.00
# PAIR t=80.0 p=22 d=1.040 pq=1:1 delta=-1.193 x=0.530 ratio=1.0646 dth=+0.113 gg=0.0835 fl=0.005 ret=0.825 shed=0.482 act=0.0309 flq=-1.00
# PAIR t=80.0 p=23 d=1.470 pq=1:1 delta=+0.883 x=0.543 ratio=0.9560 dth=-2.024 gg=0.0000 fl=0.000 ret=0.965 shed=0.097 act=0.0001 flq=-1.00
# PAIR t=80.0 p=24 d=1.296 pq=1:1 delta=+0.255 x=0.426 ratio=0.9945 dth=-0.157 gg=0.9338 fl=0.156 ret=0.580 shed=1.156 act=1.1100 flq=-1.00
# PAIR t=80.0 p=25 d=1.374 pq=1:1 delta=+0.442 x=0.530 ratio=0.9701 dth=-0.620 gg=0.4290 fl=0.018 ret=0.927 shed=0.200 act=0.1337 flq=-1.00
# PAIR t=80.0 p=26 d=1.327 pq=1:1 delta=+0.438 x=0.412 ratio=0.9948 dth=-0.238 gg=0.8241 fl=0.189 ret=0.595 shed=1.113 act=1.3781 flq=-1.00
# PAIR t=80.0 p=27 d=1.216 pq=1:1 delta=-0.033 x=0.363 ratio=1.0017 dth=+0.009 gg=0.9987 fl=0.295 ret=0.732 shed=0.737 act=1.9712 flq=-1.00
# PAIR t=80.0 p=28 d=1.519 pq=1:1 delta=+1.115 x=0.545 ratio=0.9626 dth=-1.791 gg=0.0002 fl=0.001 ret=0.980 shed=0.054 act=0.0060 flq=-1.00
# PAIR t=80.0 p=29 d=1.433 pq=1:1 delta=+0.706 x=0.542 ratio=0.9611 dth=-1.323 gg=0.0104 fl=0.001 ret=0.963 shed=0.102 act=0.0089 flq=-1.00
# PAIR t=80.0 p=30 d=1.380 pq=1:1 delta=+0.658 x=0.435 ratio=0.9936 dth=-0.367 gg=0.6436 fl=0.191 ret=0.926 shed=0.202 act=1.4497 flq=-1.00
# PAIR t=80.0 p=31 d=1.343 pq=1:1 delta=+0.503 x=0.422 ratio=0.9954 dth=-0.269 gg=0.7750 fl=0.187 ret=0.714 shed=0.788 act=1.3823 flq=-1.00
# PAIR t=80.0 p=32 d=1.081 pq=1:1 delta=-0.988 x=0.529 ratio=0.9420 dth=+0.953 gg=0.1505 fl=0.005 ret=0.806 shed=0.534 act=0.0303 flq=-1.00
# PAIR t=80.0 p=33 d=1.363 pq=1:1 delta=+0.415 x=0.515 ratio=1.0153 dth=-0.249 gg=0.8357 fl=0.051 ret=0.952 shed=0.132 act=0.3787 flq=-1.00
# PAIR t=80.0 p=34 d=1.495 pq=1:1 delta=+1.005 x=0.544 ratio=0.9588 dth=-2.049 gg=0.0000 fl=0.000 ret=0.974 shed=0.071 act=0.0009 flq=-1.00
# PAIR t=80.0 p=35 d=1.063 pq=1:1 delta=-1.083 x=0.535 ratio=1.0632 dth=+0.722 gg=0.2648 fl=0.001 ret=0.839 shed=0.443 act=0.0032 flq=-1.00
# PAIR t=80.0 p=36 d=1.182 pq=1:1 delta=-0.146 x=0.329 ratio=1.0006 dth=+0.072 gg=0.9788 fl=0.372 ret=0.855 shed=0.400 act=2.4178 flq=-1.00
# PAIR t=80.0 p=37 d=1.251 pq=1:1 delta=+0.096 x=0.388 ratio=0.9988 dth=-0.081 gg=0.9864 fl=0.254 ret=0.808 shed=0.528 act=1.7472 flq=-1.00
# PAIR t=80.0 p=38 d=1.362 pq=1:1 delta=+0.454 x=0.492 ratio=1.0073 dth=-0.406 gg=0.7144 fl=0.091 ret=0.950 shed=0.138 act=0.6853 flq=-1.00
# PAIR t=80.0 p=39 d=1.105 pq=1:1 delta=-0.870 x=0.528 ratio=0.9538 dth=+0.795 gg=0.2694 fl=0.005 ret=0.802 shed=0.543 act=0.0295 flq=-1.00
# PAIR t=80.0 p=40 d=1.550 pq=1:1 delta=+1.275 x=0.543 ratio=0.9570 dth=-2.954 gg=0.0000 fl=0.000 ret=0.974 shed=0.073 act=0.0000 flq=-1.00
# PAIR t=80.0 p=41 d=1.381 pq=1:1 delta=+0.466 x=0.535 ratio=0.9796 dth=-0.385 gg=0.7325 fl=0.006 ret=0.912 shed=0.241 act=0.0478 flq=-1.00
# PAIR t=80.0 p=42 d=1.280 pq=1:1 delta=+0.214 x=0.404 ratio=0.9993 dth=-0.124 gg=0.9542 fl=0.226 ret=0.763 shed=0.653 act=1.5936 flq=-1.00
# PAIR t=80.0 p=43 d=1.112 pq=1:1 delta=-0.836 x=0.529 ratio=1.0531 dth=+0.133 gg=0.3513 fl=0.004 ret=0.791 shed=0.576 act=0.0244 flq=-1.00
# PAIR t=80.0 p=44 d=1.100 pq=1:1 delta=-0.891 x=0.524 ratio=0.9504 dth=+0.099 gg=0.2704 fl=0.009 ret=0.795 shed=0.563 act=0.0558 flq=-1.00
# PAIR t=80.0 p=45 d=1.351 pq=1:1 delta=+0.330 x=0.529 ratio=0.9649 dth=-2.879 gg=0.0000 fl=0.000 ret=0.756 shed=0.671 act=0.0000 flq=-1.00
# PAIR t=80.0 p=46 d=1.425 pq=1:1 delta=+0.678 x=0.534 ratio=0.9845 dth=-0.474 gg=0.5846 fl=0.018 ret=0.964 shed=0.098 act=0.1405 flq=-1.00
# PAIR t=80.0 p=47 d=1.531 pq=1:1 delta=+1.186 x=0.542 ratio=0.9540 dth=+2.981 gg=0.0000 fl=0.000 ret=0.970 shed=0.082 act=0.0000 flq=-1.00
# PAIR t=80.0 p=48 d=1.481 pq=1:1 delta=+0.948 x=0.538 ratio=0.9512 dth=-2.892 gg=0.0000 fl=0.000 ret=0.949 shed=0.139 act=0.0000 flq=-1.00
# PAIR t=80.0 p=49 d=1.220 pq=1:1 delta=-0.075 x=0.396 ratio=1.0013 dth=+0.028 gg=0.9941 fl=0.252 ret=0.840 shed=0.439 act=1.6914 flq=-1.00
# PAIR t=80.0 p=50 d=1.357 pq=1:1 delta=+0.396 x=0.509 ratio=1.0184 dth=-0.089 gg=0.8152 fl=0.053 ret=0.909 shed=0.250 act=0.3991 flq=-1.00
# PAIR t=80.0 p=51 d=1.037 pq=1:1 delta=-1.199 x=0.525 ratio=1.0377 dth=-0.118 gg=0.0229 fl=0.017 ret=0.840 shed=0.441 act=0.0955 flq=-1.00
# PAIR t=80.0 p=52 d=1.091 pq=1:1 delta=-0.941 x=0.530 ratio=0.9407 dth=+0.792 gg=0.2638 fl=0.005 ret=0.808 shed=0.529 act=0.0308 flq=-1.00
# PAIR t=80.0 p=53 d=1.051 pq=1:1 delta=-1.142 x=0.533 ratio=1.0655 dth=+0.459 gg=0.2521 fl=0.003 ret=0.822 shed=0.490 act=0.0186 flq=-1.00
# PAIR t=80.0 p=54 d=1.087 pq=1:1 delta=-0.955 x=0.526 ratio=1.0306 dth=+1.378 gg=0.0111 fl=0.013 ret=0.816 shed=0.506 act=0.0795 flq=-1.00
# PAIR t=80.0 p=55 d=1.359 pq=1:1 delta=+0.390 x=0.518 ratio=1.0184 dth=-0.141 gg=0.8483 fl=0.044 ret=0.933 shed=0.183 act=0.3275 flq=-1.00
# PAIR t=80.0 p=56 d=1.330 pq=1:1 delta=+0.417 x=0.431 ratio=0.9964 dth=-0.225 gg=0.8391 fl=0.177 ret=0.748 shed=0.693 act=1.2970 flq=-1.00
# PAIR t=80.0 p=57 d=1.210 pq=1:1 delta=-0.068 x=0.364 ratio=1.0017 dth=+0.027 gg=0.9953 fl=0.294 ret=0.750 shed=0.689 act=1.9572 flq=-1.00
# PAIR t=80.0 p=58 d=1.281 pq=1:1 delta=+0.197 x=0.416 ratio=0.9987 dth=-0.117 gg=0.9607 fl=0.213 ret=0.809 shed=0.526 act=1.5016 flq=-1.00
# PAIR t=80.0 p=59 d=1.546 pq=1:1 delta=+1.248 x=0.545 ratio=0.9984 dth=-0.153 gg=0.0760 fl=0.000 ret=0.991 shed=0.024 act=0.0000 flq=-1.00
# RESULT pair_tongue |delta|<0.6: n=27 gg=0.846 ret=0.788 fl=0.182 | 0.6-1.2: n=27 gg=0.168 ret=0.891 fl=0.011 | >1.2: n=6 gg=0.055 ret=0.933 fl=0.004
