# cellfab — v89 cell-fabric kernel (no lattice, no prior code)
# cfg seed=20260727 mode=field init=pulse
# cfg L=24 dmin=1 r0=0.85 rjit=0.06
# cfg C=1 w1=1.65 w2=2.9 q_detune=1.2 gamma_res=0.25 gamma_res_m=0.1 p_gate=8
# cfg lock_floor=0.005
# cfg k_dep=1.2 k_dep_m=2 cap=2.5 e_s0=1 es_floor=0.05
# cfg e_cond=0 f_conv=0.25 f_evap=0.5 s_pull=0.15
# cfg kappa_lock=1 kappa_align=0.5 kappa_freq=0 kappa_reac=0 sigma_tumble=0.01
# cfg space: s_k=0.5 s_disp=0.3 es_gx=0
# cfg dt=0.02 T=60 diag_every=100 snap_every=0
# cfg center=(-1,-1,-1) amp=2.6 sigma=2.5 k=(0,0,0) prealign=0 noise_amp=0
# cfg music: comb_limit=6 rough_k=0.35 gamma_rough=0.5 mob_sym=1 mob_floor=0.004
# cfg field sector: two-component signed amplitude, unitary hops, field_J=1.8
# cfg ledger: mode=3 u=1.000e-12 (cellfabi INT_LEDGER)
# action atom: A0=1.1500 (dbar=1.5053) mode=2 — eps(w)=A0*w/2pi; atoms at mode boundaries, transport continuous
# edge coloring: 29 colors for 85886 links
# fabric: cells=9741 channels=85886 mean_degree=17.63 box=24 dmin=1
# LEDGER seed mode=3 u=1.000e-12 E0_int=10161180654812873 NC=9741 NL=85886
# LEDGER seed mode=3 u=1.000e-12 E0_int=10161180654812873 NC=9741 NL=85886
# t	E_space	E_dense	E_field	E_transfer	E_total	rel_drift	live_ch	cm_x	cm_y	cm_z	contain	front_r	r_core	defA	r_far	r_ratio	w_core	w_far
0.000	9741	0	420.180655	0	10161.1806548	0.000e+00	57687	0.000	0.000	0.000	0.000	6.1157	0.8443	0	0.8499	0.9934	1.65000	1.65000	12.0199	11.9892	11.9882	0	0	0	0	0	0
# CONV t=0.00 cond=0 evap=0 rough=0 back_s=0
# LEDGER t=0.000 mode=3 sum_err=0 max|E-iEu|=4.998e-13 run_max_diff=0.000e+00 run_max_sum_err=0 steps=0 E0_int=10161180654812873 sum=10161180654812873
2.000	9741	0	420.180655	0	10161.1806548	8.414e-15	57708	0.000	0.000	0.000	0.000	6.7227	0.7828	4.0044	0.8499	0.9210	1.65000	1.65000	12.0192	11.9884	11.9850	0	0	0	7.066	0.27119	-4.5049
# CONV t=2.00 cond=0 evap=0 rough=0 back_s=0
# LEDGER t=2.000 mode=3 sum_err=0 max|E-iEu|=5.000e-13 run_max_diff=1.498e-12 run_max_sum_err=0 steps=100 E0_int=10161180654812873 sum=10161180654812873
4.000	9741	0	420.180655	0	10161.1806548	5.549e-15	57717	0.000	0.000	0.000	0.000	6.8415	0.7537	-3.5505	0.8501	0.8866	1.65000	1.65000	12.0249	11.9871	11.9835	0	0	0	5.1449	-1.2117	-5.6269
# CONV t=4.00 cond=0 evap=0 rough=0 back_s=0
# LEDGER t=4.000 mode=3 sum_err=0 max|E-iEu|=4.999e-13 run_max_diff=1.499e-12 run_max_sum_err=0 steps=200 E0_int=10161180654812873 sum=10161180654812873
# QATOM t=5.06 dir=FD w=1.65 e=0.301996504517
6.000	9740.5923	3.12383742	417.462686	0.00182640463	10161.1806548	3.043e-15	57708	12.122	12.421	12.665	1.000	6.8401	0.7437	-4.4231	0.8504	0.8745	1.62259	1.65000	12.0303	11.9872	11.9754	-9.1797e-05	-0.00020676	0.00011871	6.9791	2.0435	-5.4319
# CONV t=6.00 cond=2.71797 evap=0 rough=0 back_s=0
# LEDGER t=6.000 mode=3 sum_err=0 max|E-iEu|=4.999e-13 run_max_diff=1.500e-12 run_max_sum_err=0 steps=300 E0_int=10161180654812873 sum=10161180654812873
8.000	9739.86753	8.47941162	412.630868	0.202842741	10161.1806548	-2.148e-15	57728	11.815	12.179	11.829	1.000	7.1351	0.7504	1.4782	0.8507	0.8821	1.56255	1.65000	12.0413	11.9856	11.9739	0.017673	0.027804	0.035293	8.6945	-4.3707	-1.2148
# CONV t=8.00 cond=7.54979 evap=0 rough=0 back_s=0
# LEDGER t=8.000 mode=3 sum_err=0 max|E-iEu|=4.999e-13 run_max_diff=1.500e-12 run_max_sum_err=0 steps=400 E0_int=10161180654812873 sum=10161180654812873
10.000	9739.45984	11.2908128	409.912947	0.517051482	10161.1806548	8.951e-16	57704	11.723	11.941	11.683	1.000	7.3726	0.7578	8.5114	0.8510	0.8904	1.53615	1.65000	12.0561	11.9875	11.9717	0.042502	-0.018624	0.01798	10.645	-7.022	-7.6631
# CONV t=10.00 cond=10.2677 evap=0 rough=0 back_s=0
# LEDGER t=10.000 mode=3 sum_err=0 max|E-iEu|=5.000e-13 run_max_diff=1.500e-12 run_max_sum_err=0 steps=500 E0_int=10161180654812873 sum=10161180654812873
# QATOM t=10.62 dir=FD w=1.64999444 e=0.301995486273
12.000	9736.97427	29.3556979	393.342424	1.50826806	10161.1806548	2.864e-15	57688	12.052	11.925	11.832	1.000	7.6869	0.7683	40.963	0.8514	0.9024	1.51526	1.65000	12.0622	11.9899	11.9668	0.15588	0.039258	-0.098677	11.299	-4.0882	-2.4236
# CONV t=12.00 cond=26.8382 evap=0 rough=0 back_s=0
# LEDGER t=12.000 mode=3 sum_err=0 max|E-iEu|=5.000e-13 run_max_diff=1.500e-12 run_max_sum_err=0 steps=600 E0_int=10161180654812873 sum=10161180654812873
# QATOM t=12.26 dir=FD w=1.64997109 e=0.301991212812
14.000	9734.58552	46.033015	377.417487	3.14462828	10161.1806548	4.117e-15	57656	12.066	12.088	11.771	1.000	8.1862	0.7737	72.907	0.8517	0.9084	1.46397	1.65000	12.0738	11.9699	11.9756	0.092227	-0.29995	-0.050684	15.206	-0.76414	-3.0835
# CONV t=14.00 cond=42.7632 evap=0 rough=0 back_s=0
# LEDGER t=14.000 mode=3 sum_err=0 max|E-iEu|=5.000e-13 run_max_diff=1.500e-12 run_max_sum_err=0 steps=700 E0_int=10161180654812873 sum=10161180654812873
# QATOM t=14.60 dir=FD w=1.64841832 e=0.301707012017
16.000	9733.58948	52.3149205	370.777208	4.49904305	10161.1806548	-8.951e-16	57647	12.088	12.243	11.825	1.000	8.8498	0.7795	96.03	0.8521	0.9149	1.45263	1.65000	12.0875	11.9491	11.9709	-0.0032121	-0.12344	-0.056141	12.974	-5.4114	0.71017
# CONV t=16.00 cond=49.4034 evap=0 rough=0 back_s=0
# LEDGER t=16.000 mode=3 sum_err=0 max|E-iEu|=4.999e-13 run_max_diff=1.500e-12 run_max_sum_err=0 steps=800 E0_int=10161180654812873 sum=10161180654812873
18.000	9733.36314	53.6071292	369.268229	4.94216099	10161.1806548	0.000e+00	57642	12.065	12.237	11.830	1.000	9.0442	0.7848	112.25	0.8524	0.9208	1.45087	1.65000	12.1016	11.9454	11.9747	-0.13639	0.059654	-0.16583	8.6383	-3.8791	5.5941
# CONV t=18.00 cond=50.9124 evap=0 rough=0 back_s=0
# LEDGER t=18.000 mode=3 sum_err=0 max|E-iEu|=5.000e-13 run_max_diff=1.500e-12 run_max_sum_err=0 steps=900 E0_int=10161180654812873 sum=10161180654812873
20.000	9733.27272	53.7656439	368.665448	5.47684348	10161.1806548	3.759e-15	57672	12.039	12.260	11.811	1.000	9.8765	0.7925	123.66	0.8525	0.9296	1.44935	1.65000	12.1195	11.9463	11.9796	-0.34644	0.1157	0.25214	14.813	-1.0095	10.323
# CONV t=20.00 cond=51.5152 evap=0 rough=0 back_s=0
# LEDGER t=20.000 mode=3 sum_err=0 max|E-iEu|=5.000e-13 run_max_diff=1.500e-12 run_max_sum_err=0 steps=1000 E0_int=10161180654812873 sum=10161180654812873
22.000	9733.22743	54.18751	368.363512	5.40220418	10161.1806548	4.654e-15	57657	12.057	12.227	11.837	1.000	9.6856	0.7988	131.69	0.8525	0.9369	1.44907	1.65000	12.1367	11.9518	11.9820	0.070309	-0.28288	0.021927	18.178	1.5906	7.5373
# CONV t=22.00 cond=51.8171 evap=0 rough=0 back_s=0
# LEDGER t=22.000 mode=3 sum_err=0 max|E-iEu|=5.000e-13 run_max_diff=1.500e-12 run_max_sum_err=0 steps=1100 E0_int=10161180654812873 sum=10161180654812873
24.000	9733.22743	52.760931	368.363512	6.82878317	10161.1806548	-2.864e-15	57633	12.036	12.222	11.863	0.999	11.8980	0.8027	135.94	0.8524	0.9417	1.45206	1.65000	12.1533	11.9531	11.9890	-0.26624	-0.257	-0.072776	15.909	-5.6327	10.998
# CONV t=24.00 cond=51.8171 evap=0 rough=0 back_s=0
# LEDGER t=24.000 mode=3 sum_err=0 max|E-iEu|=5.000e-13 run_max_diff=1.500e-12 run_max_sum_err=0 steps=1200 E0_int=10161180654812873 sum=10161180654812873
26.000	9733.22743	53.5985179	368.363512	5.99119633	10161.1806548	3.759e-15	57638	12.049	12.238	11.845	0.999	13.0421	0.8060	134.47	0.8522	0.9457	1.45044	1.65000	12.1728	11.9491	11.9996	-0.21088	-0.22612	0.35873	17.819	0.54477	15.666
# CONV t=26.00 cond=51.8171 evap=0 rough=0 back_s=0
# LEDGER t=26.000 mode=3 sum_err=0 max|E-iEu|=5.000e-13 run_max_diff=1.500e-12 run_max_sum_err=0 steps=1300 E0_int=10161180654812873 sum=10161180654812873
28.000	9733.22743	52.9416702	368.363512	6.64804396	10161.1806548	5.549e-15	57622	12.063	12.229	11.863	0.999	13.4131	0.8072	128.98	0.8520	0.9474	1.44632	1.65000	12.1928	11.9487	12.0209	0.12547	0.10059	0.079091	19.496	-5.2559	26.042
# CONV t=28.00 cond=51.8171 evap=0 rough=0 back_s=0
# LEDGER t=28.000 mode=3 sum_err=0 max|E-iEu|=4.997e-13 run_max_diff=1.500e-12 run_max_sum_err=0 steps=1400 E0_int=10161180654812873 sum=10161180654812873
30.000	9733.22743	52.6391014	368.363512	6.95061277	10161.1806548	-1.432e-15	57636	12.014	12.246	11.902	0.999	13.6411	0.8083	123.12	0.8517	0.9490	1.44580	1.65000	12.2087	11.9410	12.0460	0.30014	-0.069143	0.10318	15.628	-8.7137	25.506
# CONV t=30.00 cond=51.8171 evap=0 rough=0 back_s=0
# LEDGER t=30.000 mode=3 sum_err=0 max|E-iEu|=4.999e-13 run_max_diff=1.500e-12 run_max_sum_err=0 steps=1500 E0_int=10161180654812873 sum=10161180654812873
32.000	9733.22743	53.3768648	368.363512	6.21284944	10161.1806548	-5.370e-16	57634	12.022	12.234	11.885	0.998	16.1597	0.8102	115.46	0.8515	0.9515	1.44988	1.65000	12.2233	11.9319	12.0720	-0.20196	0.084631	0.0072632	12.607	-8.0984	27.29
# CONV t=32.00 cond=51.8171 evap=0 rough=0 back_s=0
# LEDGER t=32.000 mode=3 sum_err=0 max|E-iEu|=4.999e-13 run_max_diff=1.500e-12 run_max_sum_err=0 steps=1600 E0_int=10161180654812873 sum=10161180654812873
34.000	9733.22743	52.7269803	368.363512	6.86273384	10161.1806548	2.685e-15	57635	12.003	12.229	11.877	0.998	16.5421	0.8117	106.86	0.8513	0.9536	1.45247	1.65000	12.2340	11.9207	12.1023	0.022061	-0.20059	0.18447	9.151	-12.949	30.582
# CONV t=34.00 cond=51.8171 evap=0 rough=0 back_s=0
# LEDGER t=34.000 mode=3 sum_err=0 max|E-iEu|=5.000e-13 run_max_diff=1.500e-12 run_max_sum_err=0 steps=1700 E0_int=10161180654812873 sum=10161180654812873
36.000	9733.22743	53.3259072	368.363512	6.263807	10161.1806548	1.969e-15	57637	12.033	12.199	11.882	0.997	17.0021	0.8126	99.062	0.8511	0.9548	1.45404	1.65000	12.2394	11.9036	12.1327	-0.19641	0.050417	0.029173	4.5438	-16.006	25.626
# CONV t=36.00 cond=51.8171 evap=0 rough=0 back_s=0
# LEDGER t=36.000 mode=3 sum_err=0 max|E-iEu|=4.999e-13 run_max_diff=1.500e-12 run_max_sum_err=0 steps=1800 E0_int=10161180654812873 sum=10161180654812873
38.000	9733.22743	53.1013095	368.363512	6.48840472	10161.1806548	4.833e-15	57672	12.036	12.229	11.870	0.996	19.9543	0.8133	92.361	0.8509	0.9558	1.45397	1.64999	12.2466	11.8864	12.1562	0.086431	0.15797	-0.40757	8.7538	-19.405	19.331
# CONV t=38.00 cond=51.8171 evap=0 rough=0 back_s=0
# LEDGER t=38.000 mode=3 sum_err=0 max|E-iEu|=5.000e-13 run_max_diff=1.500e-12 run_max_sum_err=0 steps=1900 E0_int=10161180654812873 sum=10161180654812873
40.000	9733.22743	52.1720448	368.363512	7.41766938	10161.1806548	7.877e-15	57652	12.035	12.231	11.877	0.996	20.3613	0.8150	85.511	0.8508	0.9579	1.45341	1.64999	12.2527	11.8664	12.1734	0.39219	-0.13522	0.28192	3.8385	-19.258	12.902
# CONV t=40.00 cond=51.8171 evap=0 rough=0 back_s=0
# LEDGER t=40.000 mode=3 sum_err=0 max|E-iEu|=5.000e-13 run_max_diff=1.500e-12 run_max_sum_err=0 steps=2000 E0_int=10161180654812873 sum=10161180654812873
42.000	9733.22743	52.0907973	368.363512	7.49891689	10161.1806548	5.191e-15	57675	12.083	12.233	11.872	0.995	20.3613	0.8154	80.994	0.8507	0.9585	1.45557	1.64999	12.2565	11.8490	12.1832	-0.060244	-0.041807	0.013899	3.4377	-14.266	6.2816
# CONV t=42.00 cond=51.8171 evap=0 rough=0 back_s=0
# LEDGER t=42.000 mode=3 sum_err=0 max|E-iEu|=5.000e-13 run_max_diff=1.500e-12 run_max_sum_err=0 steps=2100 E0_int=10161180654812873 sum=10161180654812873
44.000	9733.22743	52.3773942	368.363512	7.21232001	10161.1806548	4.117e-15	57682	12.030	12.245	11.910	0.994	20.6855	0.8152	77.046	0.8506	0.9584	1.45345	1.64999	12.2540	11.8375	12.1908	-0.45415	0.027072	-0.091266	-6.2337	-10.925	6.6923
# CONV t=44.00 cond=51.8171 evap=0 rough=0 back_s=0
# LEDGER t=44.000 mode=3 sum_err=0 max|E-iEu|=5.000e-13 run_max_diff=1.500e-12 run_max_sum_err=0 steps=2200 E0_int=10161180654812873 sum=10161180654812873
46.000	9733.22743	50.1893842	368.363512	9.40032996	10161.1806548	-2.864e-15	57649	12.014	12.208	11.850	0.993	20.3613	0.8165	74.762	0.8505	0.9600	1.45606	1.64999	12.2478	11.8240	12.1922	-0.30026	-0.25711	-0.1361	-3.6323	-12.796	0.0026625
# CONV t=46.00 cond=51.8171 evap=0 rough=0 back_s=0
# LEDGER t=46.000 mode=3 sum_err=0 max|E-iEu|=5.000e-13 run_max_diff=1.500e-12 run_max_sum_err=0 steps=2300 E0_int=10161180654812873 sum=10161180654812873
48.000	9733.22743	51.1504587	368.363512	8.43925545	10161.1806548	0.000e+00	57663	12.011	12.233	11.879	0.993	20.3613	0.8166	72.097	0.8505	0.9603	1.45805	1.64999	12.2396	11.8152	12.1893	-0.32949	-0.13486	-0.13799	-12.294	-5.7511	-4.0003
# CONV t=48.00 cond=51.8171 evap=0 rough=0 back_s=0
# LEDGER t=48.000 mode=3 sum_err=0 max|E-iEu|=4.999e-13 run_max_diff=1.500e-12 run_max_sum_err=0 steps=2400 E0_int=10161180654812873 sum=10161180654812873
50.000	9733.22743	51.105239	368.363512	8.4844752	10161.1806548	4.117e-15	57661	12.019	12.229	11.856	0.992	20.6855	0.8181	71.061	0.8504	0.9620	1.45791	1.64998	12.2217	11.8081	12.1842	-0.0015993	0.018065	-0.094904	-17.931	-6.8699	-5.643
# CONV t=50.00 cond=51.8171 evap=0 rough=0 back_s=0
# LEDGER t=50.000 mode=3 sum_err=0 max|E-iEu|=5.000e-13 run_max_diff=1.500e-12 run_max_sum_err=0 steps=2500 E0_int=10161180654812873 sum=10161180654812873
52.000	9733.13683	51.4303689	367.759519	8.8539372	10161.1806548	1.790e-15	57662	11.981	12.073	11.857	0.979	20.3613	0.8182	71.806	0.8503	0.9622	1.45709	1.64991	12.2036	11.8189	12.1783	0.081987	-0.035853	0.28087	-16.162	-7.044	-1.7286
# CONV t=52.00 cond=52.4211 evap=0 rough=0 back_s=0
# LEDGER t=52.000 mode=3 sum_err=0 max|E-iEu|=4.999e-13 run_max_diff=1.500e-12 run_max_sum_err=0 steps=2600 E0_int=10161180654812873 sum=10161180654812873
54.000	9732.91033	52.7380411	366.249539	9.28274231	10161.1806548	-2.864e-15	57642	12.018	12.264	12.020	0.947	20.3613	0.8176	69.599	0.8503	0.9616	1.45450	1.64974	12.1828	11.7832	12.1578	-0.3805	0.11525	-0.27875	-19.795	-3.9795	-1.3336
# CONV t=54.00 cond=53.9311 evap=0 rough=0 back_s=0
# LEDGER t=54.000 mode=3 sum_err=0 max|E-iEu|=4.999e-13 run_max_diff=1.500e-12 run_max_sum_err=0 steps=2700 E0_int=10161180654812873 sum=10161180654812873
56.000	9732.59327	54.1888998	364.135761	10.2627285	10161.1806548	-1.432e-15	57644	12.029	12.203	12.061	0.904	20.3613	0.8170	69.612	0.8502	0.9610	1.45644	1.64950	12.1490	11.7862	12.1485	-0.44834	0.22471	0.16832	-25.302	-6.2879	-3.6047
# CONV t=56.00 cond=56.0449 evap=0 rough=0 back_s=0
# LEDGER t=56.000 mode=3 sum_err=0 max|E-iEu|=5.000e-13 run_max_diff=1.500e-12 run_max_sum_err=0 steps=2800 E0_int=10161180654812873 sum=10161180654812873
58.000	9732.23088	57.302777	361.719865	9.92713159	10161.1806548	8.951e-16	57624	12.069	12.180	12.054	0.862	20.3613	0.8168	69.089	0.8501	0.9609	1.45992	1.64926	12.1124	11.7853	12.1526	0.1341	-0.2493	0.12073	-24.361	0.5928	1.4378
# CONV t=58.00 cond=58.4608 evap=0 rough=0 back_s=0
# LEDGER t=58.000 mode=3 sum_err=0 max|E-iEu|=5.000e-13 run_max_diff=1.500e-12 run_max_sum_err=0 steps=2900 E0_int=10161180654812873 sum=10161180654812873
# QATOM t=59.18 dir=FD w=1.64999702 e=0.301995959311
60.000	9731.73262	60.9461509	358.398101	10.1037862	10161.1806548	-5.370e-16	57660	12.209	12.233	12.288	0.810	20.2750	0.8162	67.74	0.8500	0.9602	1.46308	1.64885	12.0632	11.7704	12.1164	0.19968	0.40112	-0.005791	-23.31	-2.0121	-3.6468
# CONV t=60.00 cond=61.7826 evap=0 rough=0 back_s=0
# LEDGER t=60.000 mode=3 sum_err=0 max|E-iEu|=5.000e-13 run_max_diff=1.500e-12 run_max_sum_err=0 steps=3000 E0_int=10161180654812873 sum=10161180654812873
# RESULT es_shells 0.75:0.9147 2.25:0.9135 3.75:0.9415 5.25:0.9933 6.75:1.0034 8.25:1.0032 9.75:1.0011 11.25:1.0001
# RESULT LEDGER mode=3 E0_int=10161180654812873 sum_int=10161180654812873 max_sum_err=0 max|E-iEu|=1.500e-12 steps=3000
# RESULT conservation E0=10161.1806548 Efinal=10161.1806548 rel_drift=-5.370e-16
# RESULT roughness_radiated=0 (dissonant dense deliveries converted to field, conserved)
# RESULT curvature_fit defA_per_Em=1.89603 r2=0.7473 (linear defect ~ converted energy)
