# freecell — v89 free-cell substance test (exp=blob)
# laws = laws_V2g VERBATIM (defaults): C=1 w1=1.65 w2=2.9 q_detune=1.2
# gamma_res=0.25 gamma_res_m=0.1 p_gate=8 lock_floor=0.005 k_dep=1.2 k_dep_m=2 cap=2.5
# e_s0=1 es_floor=0.05 e_cond=0 f_conv=0.25 f_evap=0.5 s_pull=0.15
# kappa_lock=1 kappa_align=0.5 s_k=0.06 s_disp=0.3 sigma_tumble=0.01
# comb_limit=6 rough_k=0.35 gamma_rough=0.5 mob_sym=1 mob_floor=0.004 field_J=1.8
# quant_A0=1.15 quant_mode=2 (A0eff=1.15)
# v91 radiance (laws_V3r candidate A): k_rad=0 p_rad=4 rad_clock=0
# v91 cantus (coherent-channel candidate B): k_cant=0 k_tune=0 cant_tau=50 cant_seed=0 cant_grow=1
# v91 registry (exchange-registry lane, REGISTRY.md): reg_tau=0 reg_gate=0 reg_f0=0
# v91 identity (parcel-identity lane, IDENTITY.md): par_tau=0 par_gate=0 par_form=0 par_lo=0.002 par_hi=0.02 par_mature=400
# v91 workfn (emergent-threshold lane, WORKFN.md): wf_on=0 wf_floor=0.01 wf_far=99
# v91 amplitude (field-side-identity lane Phase M, AMPLITUDE.md): amp_tau=0
# v92 amplitude Phase L lane L-1 (L0_DESIGN.md): amp_drv=0 amp_mmin=2
# v93 UNITARY DENSE CHANNEL (v93/README.md PART II): amp_nat=0
# v93 arg(psi) door (v93/README.md §II.7): amp_door=0
# QUENCH-2 apparatus: conf_r=0 conf_gap=0.3 conf_th=1.6 conf_pinw=3 spin_m=0 imp_k=0 qp_phase=0
# HORIZON apparatus (HORIZON.md): bh_r=0 bh_k=1 bh_sep=0
# FLOW apparatus (FLOW.md): bed_k=0 bed_tau=30
# GEOMETRY (apparatus): cfac=1.15 k_rep=1 mob_geo=1 kappa_bond=1 freeze_geo=0
# bath=1 bath_frac=1 jam_sweeps=800 jam_k=0.1 L=16 dt=0.02 T=80 seed=20260802 diag_every=500
# JAM sweeps=800 max_step=1.402e-04 (tol 1.0e-04, k_end=0.0010) — witness for the settle
# SEED blob: amp=2 sigma=2.5 kx=0 tagged=629 (add>5% of amp)
# INIT NC=2700 slots=25657 live=20434 phi_nom=1.6740 z_live=15.14 dbar=1.4062 sigma_d=14.76% E0=3023.422118817
#
# t | drift_rel | phi_nom z_live NLa NLd births deaths | dbar sigma_d% | maxstep maxbond | Em_tag ret com_dev rms conn z_tag | pair: d delta gf gb | core/far
t=    0.00 +0.00e+00 | 1.6740 15.14  20434    0      0      0 | 1.4062 14.76 | 0.00e+00 0.00e+00 | 331.1003 1.0000  0.0080  3.8202 1.000 14.14 | es_core/far=0.7184
t=   10.00 +0.00e+00 | 1.6740 16.07  21692   39   2149   2063 | 1.4244 14.94 | 1.42e-03 4.15e-03 | 328.2166 0.9913  0.0205  3.6444 1.000 15.67 | es_core/far=0.6217
t=   20.00 +0.00e+00 | 1.6741 16.24  21930   31   3276   3107 | 1.4284 15.03 | 2.68e-03 1.33e-02 | 302.3122 0.9131  0.0503  3.5153 1.000 15.75 | es_core/far=0.5170
# QATOM t=21.04 dir=DF w=1.63660281 e=0.299544441785 i=347 Em=1.4852
t=   30.00 +0.00e+00 | 1.6741 16.36  22085   16   4238   4067 | 1.4308 15.08 | 1.40e-02 3.49e-02 | 298.0054 0.9000  0.0462  3.4795 1.000 15.77 | es_core/far=0.4407
t=   40.00 +0.00e+00 | 1.6741 16.42  22167   20   5094   4877 | 1.4322 15.13 | 7.46e-03 2.05e-02 | 296.1816 0.8945  0.0406  3.4803 1.000 15.84 | es_core/far=0.4877
t=   50.00 +0.00e+00 | 1.6742 16.46  22216   19   5932   5637 | 1.4331 15.16 | 4.67e-03 1.65e-02 | 295.1468 0.8914  0.0658  3.5074 1.000 15.87 | es_core/far=0.5058
t=   60.00 +0.00e+00 | 1.6743 16.48  22248   12   6630   6358 | 1.4337 15.17 | 3.30e-03 1.07e-02 | 293.0990 0.8852  0.0611  3.4846 1.000 15.90 | es_core/far=0.5119
t=   70.00 +0.00e+00 | 1.6746 16.48  22254   15   7427   7114 | 1.4339 15.20 | 2.61e-03 1.00e-02 | 291.4193 0.8802  0.0607  3.4956 1.000 15.87 | es_core/far=0.5209
t=   80.00 +0.00e+00 | 1.6748 16.55  22337   19   8225   7917 | 1.4350 15.22 | 8.47e-03 1.94e-02 | 288.5347 0.8714  0.0768  3.4989 1.000 15.99 | es_core/far=0.5065
#
# RESULT drift_rel 0.000e+00
# RESULT births 8225 deaths 7917 beta_returns 0 beta_energy 0.000000e+00
# RESULT conv rough=9.037523 cond=0.000000 evap=0.000000 backs=1.178807 rad=0.000000
# RESULT credit qcnvD=7.098224 qcnvF=342.523488
# RESULT geometry phi_nom=1.6748 z_live=16.55 dbar=1.4350 sigma_d=0.1522
# RESULT es_shells 0.5081 0.5930 0.7288 0.8357 0.9409 0.9998 1.0014 1.0078
# RESULT blob Em_tag=288.53473 com=(7.994,8.077,8.000) rms=3.4989 conn=1.0000 z_tag=15.99
# RESULT blob_drift speed=0.000701 cos_to_kdir=0.0784 v=(5.49e-05,6.91e-04,-1.01e-04)
