# freecell — v89 free-cell substance test (exp=blob)
# laws = laws_V2g VERBATIM (defaults): C=1 w1=1.65 w2=2.9 q_detune=1.2
# gamma_res=0.25 gamma_res_m=0.1 p_gate=8 lock_floor=0.005 k_dep=1.2 k_dep_m=2 cap=2.5
# e_s0=1 es_floor=0.05 e_cond=0 f_conv=0.25 f_evap=0.5 s_pull=0.15
# kappa_lock=1 kappa_align=0.5 s_k=0.06 s_disp=0.3 sigma_tumble=0.01
# comb_limit=6 rough_k=0.35 gamma_rough=0.5 mob_sym=1 mob_floor=0.004 field_J=1.8
# quant_A0=1.15 quant_mode=2 (A0eff=1.15)
# v91 radiance (laws_V3r candidate A): k_rad=0 p_rad=4 rad_clock=0
# v91 cantus (coherent-channel candidate B): k_cant=0 k_tune=0 cant_tau=50 cant_seed=0 cant_grow=1
# v91 registry (exchange-registry lane, REGISTRY.md): reg_tau=0 reg_gate=0 reg_f0=0
# v91 identity (parcel-identity lane, IDENTITY.md): par_tau=0 par_gate=0 par_form=0 par_lo=0.002 par_hi=0.02 par_mature=400
# v91 workfn (emergent-threshold lane, WORKFN.md): wf_on=0 wf_floor=0.01 wf_far=99
# v91 amplitude (field-side-identity lane Phase M, AMPLITUDE.md): amp_tau=0
# v92 amplitude Phase L lane L-1 (L0_DESIGN.md): amp_drv=0 amp_mmin=2
# v93 UNITARY DENSE CHANNEL (v93/README.md PART II): amp_nat=0.5
# v93 arg(psi) door (v93/README.md §II.7): amp_door=0
# QUENCH-2 apparatus: conf_r=0 conf_gap=0.3 conf_th=1.6 conf_pinw=3 spin_m=0 imp_k=0 qp_phase=0
# HORIZON apparatus (HORIZON.md): bh_r=0 bh_k=1 bh_sep=0
# FLOW apparatus (FLOW.md): bed_k=0 bed_tau=30
# GEOMETRY (apparatus): cfac=1.15 k_rep=1 mob_geo=1 kappa_bond=1 freeze_geo=0
# bath=1 bath_frac=1 jam_sweeps=800 jam_k=0.1 L=16 dt=0.02 T=80 seed=20260802 diag_every=500
# JAM sweeps=800 max_step=1.402e-04 (tol 1.0e-04, k_end=0.0010) — witness for the settle
# SEED blob: amp=0.5 sigma=2.5 kx=0 tagged=629 (add>5% of amp)
# INIT NC=2700 slots=25884 live=20764 phi_nom=1.6968 z_live=15.38 dbar=1.4102 sigma_d=14.78% E0=2780.845839558
#
# t | drift_rel | phi_nom z_live NLa NLd births deaths | dbar sigma_d% | maxstep maxbond | Em_tag ret com_dev rms conn z_tag | pair: d delta gf gb | core/far
t=    0.00 +0.00e+00 | 1.6968 15.38  20764    0      0      0 | 1.4102 14.78 | 0.00e+00 0.00e+00 |  82.7751 1.0000  0.0080  3.8202 1.000 15.07 | es_core/far=0.9303
t=   10.00 +0.00e+00 | 1.6967 16.29  21993    0   2244   1994 | 1.4301 15.02 | 1.80e-03 1.60e-03 |  79.9498 0.9659  0.0819  3.7423 1.000 16.16 | es_core/far=0.9314
t=   20.00 -1.64e-16 | 1.6966 16.59  22390    0   3363   3012 | 1.4358 15.07 | 1.07e-03 3.94e-03 |  78.4562 0.9478  0.1062  3.7015 1.000 16.45 | es_core/far=0.9585
t=   30.00 -3.27e-16 | 1.6967 16.72  22571    0   4049   3637 | 1.4386 15.10 | 1.04e-03 3.48e-03 |  78.2568 0.9454  0.1050  3.7054 1.000 16.57 | es_core/far=0.8388
t=   40.00 -4.91e-16 | 1.6967 16.79  22662    0   4604   4143 | 1.4401 15.12 | 8.66e-04 3.39e-03 |  77.5535 0.9369  0.1044  3.7249 1.000 16.59 | es_core/far=0.8419
t=   50.00 -6.54e-16 | 1.6967 16.83  22722    0   5012   4534 | 1.4409 15.12 | 5.51e-04 4.74e-03 |  77.3396 0.9343  0.1036  3.7363 1.000 16.65 | es_core/far=0.8878
t=   60.00 -8.18e-16 | 1.6968 16.85  22741    0   5367   4891 | 1.4412 15.13 | 1.03e-03 4.12e-03 |  76.7890 0.9277  0.0975  3.7202 1.000 16.66 | es_core/far=0.8466
t=   70.00 -9.81e-16 | 1.6967 16.88  22793    0   5699   5193 | 1.4419 15.13 | 4.39e-04 3.70e-03 |  77.1678 0.9323  0.0818  3.7254 1.000 16.72 | es_core/far=0.8606
t=   80.00 -1.14e-15 | 1.6968 16.90  22821    0   5964   5465 | 1.4424 15.14 | 6.18e-04 8.72e-03 |  76.7999 0.9278  0.0884  3.7187 1.000 16.69 | es_core/far=0.8367
#
# RESULT drift_rel -1.145e-15
# RESULT births 5964 deaths 5465 beta_returns 0 beta_energy 0.000000e+00
# RESULT conv rough=0.000000 cond=0.000000 evap=0.000000 backs=0.000000 rad=0.000000
# RESULT credit qcnvD=0.000000 qcnvF=0.000000
# RESULT geometry phi_nom=1.6968 z_live=16.90 dbar=1.4424 sigma_d=0.1514
# RESULT es_shells 0.8359 0.8491 0.9211 0.9642 0.9788 0.9943 1.0005 1.0024
# RESULT blob Em_tag=76.79994 com=(7.990,8.083,8.028) rms=3.7187 conn=1.0000 z_tag=16.69
# RESULT blob_drift speed=0.000533 cos_to_kdir=-0.1282 v=(-6.83e-05,-5.26e-04,-4.26e-05)
