# freecell — v89 free-cell substance test (exp=blob)
# laws = laws_V2g VERBATIM (defaults): C=1 w1=1.65 w2=2.9 q_detune=3.6
# gamma_res=0.25 gamma_res_m=0.1 p_gate=8 lock_floor=0.005 k_dep=1.2 k_dep_m=2 cap=2.5
# e_s0=1 es_floor=0.05 e_cond=0 f_conv=0.25 f_evap=0.5 s_pull=0.15
# kappa_lock=1 kappa_align=0.5 s_k=0.06 s_disp=0.3 sigma_tumble=0.01
# comb_limit=6 rough_k=0.35 gamma_rough=0.5 mob_sym=1 mob_floor=0.004 field_J=1.8
# quant_A0=1.15 quant_mode=2 (A0eff=1.15)
# v91 radiance (laws_V3r candidate A): k_rad=0 p_rad=4 rad_clock=0
# v91 cantus (coherent-channel candidate B): k_cant=0 k_tune=0 cant_tau=50 cant_seed=0 cant_grow=1
# v91 registry (exchange-registry lane, REGISTRY.md): reg_tau=0 reg_gate=0 reg_f0=0
# v91 identity (parcel-identity lane, IDENTITY.md): par_tau=0 par_gate=0 par_form=0 par_lo=0.002 par_hi=0.02 par_mature=400
# v91 workfn (emergent-threshold lane, WORKFN.md): wf_on=0 wf_floor=0.01 wf_far=99
# v91 amplitude (field-side-identity lane Phase M, AMPLITUDE.md): amp_tau=0
# v92 amplitude Phase L lane L-1 (L0_DESIGN.md): amp_drv=0 amp_mmin=2
# v93 UNITARY DENSE CHANNEL (v93/README.md PART II): amp_nat=2
# v93 arg(psi) door (v93/README.md §II.7): amp_door=0
# QUENCH-2 apparatus: conf_r=0 conf_gap=0.3 conf_th=1.6 conf_pinw=3 spin_m=0 imp_k=0 qp_phase=0
# HORIZON apparatus (HORIZON.md): bh_r=0 bh_k=1 bh_sep=0
# FLOW apparatus (FLOW.md): bed_k=0 bed_tau=30
# GEOMETRY (apparatus): cfac=1.15 k_rep=1 mob_geo=1 kappa_bond=1 freeze_geo=0
# bath=1 bath_frac=1 jam_sweeps=800 jam_k=0.1 L=16 dt=0.02 T=80 seed=20260802 diag_every=500
# JAM sweeps=800 max_step=1.402e-04 (tol 1.0e-04, k_end=0.0010) — witness for the settle
# SEED blob: amp=2 sigma=2.5 kx=0 tagged=629 (add>5% of amp)
# INIT NC=2700 slots=25657 live=20434 phi_nom=1.6740 z_live=15.14 dbar=1.4062 sigma_d=14.76% E0=3023.422118817
#
# t | drift_rel | phi_nom z_live NLa NLd births deaths | dbar sigma_d% | maxstep maxbond | Em_tag ret com_dev rms conn z_tag | pair: d delta gf gb | core/far
t=    0.00 +0.00e+00 | 1.6740 15.14  20434    0      0      0 | 1.4062 14.76 | 0.00e+00 0.00e+00 | 331.1003 1.0000  0.0080  3.8202 1.000 14.14 | es_core/far=0.7184
t=   10.00 -3.01e-16 | 1.6737 16.02  21633    0   2320   2212 | 1.4242 14.98 | 3.08e-03 5.00e-02 | 324.3188 0.9795  0.0334  3.5681 1.000 15.51 | es_core/far=0.6507
t=   20.00 -9.02e-16 | 1.6738 16.27  21967    0   3500   3315 | 1.4296 15.11 | 1.97e-03 5.00e-02 | 323.9469 0.9784  0.0423  3.5810 1.000 15.77 | es_core/far=0.4370
# QATOM t=23.30 dir=DF w=0.442210386 e=0.16187392819 i=2229 Em=3.8592
t=   30.00 -1.35e-15 | 1.6737 16.41  22154    0   4366   4164 | 1.4325 15.16 | 1.84e-03 1.16e-02 | 323.9212 0.9783  0.0729  3.5864 1.000 15.86 | es_core/far=0.4063
t=   40.00 -1.80e-15 | 1.6737 16.49  22256    0   5056   4812 | 1.4342 15.20 | 1.22e-03 1.67e-03 | 322.8699 0.9751  0.0857  3.5690 1.000 15.90 | es_core/far=0.3403
t=   50.00 -2.41e-15 | 1.6738 16.51  22287    0   5661   5354 | 1.4349 15.24 | 1.08e-03 1.51e-03 | 322.2944 0.9734  0.0707  3.5524 1.000 15.93 | es_core/far=0.4199
t=   60.00 -3.01e-15 | 1.6741 16.55  22345    0   6149   5836 | 1.4356 15.27 | 1.37e-03 3.93e-03 | 320.2347 0.9672  0.0805  3.5652 1.000 15.99 | es_core/far=0.4647
t=   70.00 -3.61e-15 | 1.6744 16.58  22380    0   6618   6304 | 1.4364 15.29 | 1.65e-03 2.37e-03 | 318.4675 0.9618  0.0737  3.5590 1.000 15.98 | es_core/far=0.4346
t=   80.00 -4.06e-15 | 1.6743 16.56  22361    0   7070   6747 | 1.4361 15.30 | 9.11e-04 2.01e-03 | 316.8617 0.9570  0.0835  3.5406 1.000 15.94 | es_core/far=0.3875
#
# RESULT drift_rel -4.061e-15
# RESULT births 7070 deaths 6747 beta_returns 0 beta_energy 0.000000e+00
# RESULT conv rough=0.000000 cond=0.000000 evap=2.796883 backs=0.364811 rad=0.000000
# RESULT credit qcnvD=1.249177 qcnvF=0.362852
# RESULT geometry phi_nom=1.6743 z_live=16.56 dbar=1.4361 sigma_d=0.1530
# RESULT es_shells 0.3876 0.6535 0.6982 0.8516 0.9234 0.9846 1.0033 1.0124
# RESULT blob Em_tag=316.86172 com=(8.055,8.050,7.963) rms=3.5406 conn=1.0000 z_tag=15.94
# RESULT blob_drift speed=0.000406 cos_to_kdir=-0.3253 v=(-1.32e-04,-1.36e-04,-3.59e-04)
