# freecell — v89 free-cell substance test (exp=blob)
# laws = laws_V2g VERBATIM (defaults): C=1 w1=1.65 w2=2.9 q_detune=3.6
# gamma_res=0.25 gamma_res_m=0.1 p_gate=8 lock_floor=0.005 k_dep=1.2 k_dep_m=2 cap=2.5
# e_s0=1 es_floor=0.05 e_cond=0 f_conv=0.25 f_evap=0.5 s_pull=0.15
# kappa_lock=1 kappa_align=0.5 s_k=0.06 s_disp=0.3 sigma_tumble=0.01
# comb_limit=6 rough_k=0.35 gamma_rough=0.5 mob_sym=1 mob_floor=0.004 field_J=1.8
# quant_A0=1.15 quant_mode=2 (A0eff=1.15)
# v91 radiance (laws_V3r candidate A): k_rad=0 p_rad=4 rad_clock=0
# v91 cantus (coherent-channel candidate B): k_cant=0 k_tune=0 cant_tau=50 cant_seed=0 cant_grow=1
# v91 registry (exchange-registry lane, REGISTRY.md): reg_tau=0 reg_gate=0 reg_f0=0
# v91 identity (parcel-identity lane, IDENTITY.md): par_tau=0 par_gate=0 par_form=0 par_lo=0.002 par_hi=0.02 par_mature=400
# v91 workfn (emergent-threshold lane, WORKFN.md): wf_on=0 wf_floor=0.01 wf_far=99
# v91 amplitude (field-side-identity lane Phase M, AMPLITUDE.md): amp_tau=0
# v92 amplitude Phase L lane L-1 (L0_DESIGN.md): amp_drv=0 amp_mmin=2
# v93 UNITARY DENSE CHANNEL (v93/README.md PART II): amp_nat=2
# v93 arg(psi) door (v93/README.md §II.7): amp_door=0
# QUENCH-2 apparatus: conf_r=0 conf_gap=0.3 conf_th=1.6 conf_pinw=3 spin_m=0 imp_k=0 qp_phase=0
# HORIZON apparatus (HORIZON.md): bh_r=0 bh_k=1 bh_sep=0
# FLOW apparatus (FLOW.md): bed_k=0 bed_tau=30
# GEOMETRY (apparatus): cfac=1.15 k_rep=1 mob_geo=1 kappa_bond=1 freeze_geo=0
# bath=1 bath_frac=1 jam_sweeps=800 jam_k=0.1 L=16 dt=0.02 T=80 seed=20260802 diag_every=500
# JAM sweeps=800 max_step=1.402e-04 (tol 1.0e-04, k_end=0.0010) — witness for the settle
# SEED blob: amp=0.5 sigma=2.5 kx=0 tagged=629 (add>5% of amp)
# INIT NC=2700 slots=25884 live=20764 phi_nom=1.6968 z_live=15.38 dbar=1.4102 sigma_d=14.78% E0=2780.845839558
#
# t | drift_rel | phi_nom z_live NLa NLd births deaths | dbar sigma_d% | maxstep maxbond | Em_tag ret com_dev rms conn z_tag | pair: d delta gf gb | core/far
t=    0.00 +0.00e+00 | 1.6968 15.38  20764    0      0      0 | 1.4102 14.78 | 0.00e+00 0.00e+00 |  82.7751 1.0000  0.0080  3.8202 1.000 15.07 | es_core/far=0.9303
t=   10.00 +0.00e+00 | 1.6967 16.28  21983    0   2245   2010 | 1.4300 15.02 | 1.83e-03 1.27e-03 |  78.9299 0.9535  0.0351  3.7497 1.000 16.14 | es_core/far=0.8135
t=   20.00 +0.00e+00 | 1.6967 16.61  22423    0   3408   3061 | 1.4363 15.07 | 1.34e-03 3.86e-03 |  77.5138 0.9364  0.0352  3.7040 1.000 16.46 | es_core/far=0.7870
t=   30.00 -3.27e-16 | 1.6967 16.72  22571    0   4090   3704 | 1.4387 15.11 | 8.23e-04 2.65e-03 |  77.6003 0.9375  0.0317  3.7194 1.000 16.55 | es_core/far=0.8251
t=   40.00 -4.91e-16 | 1.6967 16.79  22667    0   4612   4165 | 1.4403 15.13 | 9.39e-04 5.06e-03 |  76.1660 0.9202  0.0676  3.6954 1.000 16.63 | es_core/far=0.8240
t=   50.00 -4.91e-16 | 1.6967 16.85  22745    0   5017   4547 | 1.4414 15.15 | 6.63e-04 2.45e-03 |  76.0785 0.9191  0.0560  3.6983 1.000 16.69 | es_core/far=0.7699
t=   60.00 -6.54e-16 | 1.6967 16.89  22801    0   5342   4867 | 1.4421 15.15 | 8.72e-04 2.18e-03 |  75.6469 0.9139  0.0782  3.6940 1.000 16.72 | es_core/far=0.7613
t=   70.00 -9.81e-16 | 1.6967 16.89  22798    0   5610   5147 | 1.4423 15.15 | 5.21e-04 1.06e-03 |  75.4490 0.9115  0.0839  3.6849 1.000 16.70 | es_core/far=0.7658
t=   80.00 -1.14e-15 | 1.6967 16.93  22849    0   5899   5431 | 1.4429 15.15 | 4.82e-04 1.87e-03 |  74.8560 0.9043  0.0994  3.6699 1.000 16.77 | es_core/far=0.7733
#
# RESULT drift_rel -1.145e-15
# RESULT births 5899 deaths 5431 beta_returns 0 beta_energy 0.000000e+00
# RESULT conv rough=0.000000 cond=0.000000 evap=0.000000 backs=0.000000 rad=0.000000
# RESULT credit qcnvD=0.000000 qcnvF=0.000000
# RESULT geometry phi_nom=1.6967 z_live=16.93 dbar=1.4429 sigma_d=0.1515
# RESULT es_shells 0.7727 0.8752 0.9276 0.9542 0.9826 0.9941 1.0010 1.0026
# RESULT blob Em_tag=74.85601 com=(8.091,8.016,7.963) rms=3.6699 conn=1.0000 z_tag=16.77
# RESULT blob_drift speed=0.001025 cos_to_kdir=0.9423 v=(9.66e-04,-2.68e-04,-2.15e-04)
