# cellfab — v89 cell-fabric kernel (no lattice, no prior code)
# cfg seed=20260727 mode=field init=pairs
# cfg L=30 dmin=1 r0=0.85 rjit=0.06
# cfg C=1 w1=1.65 w2=2.9 q_detune=1.2 gamma_res=0.25 gamma_res_m=0.1 p_gate=8
# cfg lock_floor=0.005
# cfg k_dep=1.2 k_dep_m=2 cap=2.5 e_s0=1 es_floor=0.05
# cfg e_cond=0 f_conv=0.25 f_evap=0.5 s_pull=0.15
# cfg kappa_lock=1 kappa_align=0.5 kappa_freq=0 kappa_reac=0 sigma_tumble=0.01
# cfg space: s_k=0.06 s_disp=0.3 es_gx=0
# cfg dt=0.02 T=60 diag_every=500 snap_every=0
# cfg center=(-1,-1,-1) amp=1 sigma=2.5 k=(0,0,0) prealign=0 noise_amp=0.08
# cfg music: comb_limit=6 rough_k=0.35 gamma_rough=0.5 mob_sym=1 mob_floor=0.004
# cfg field sector: two-component signed amplitude, unitary hops, field_J=1.8
# cfg ledger: mode=1 u=1.000e-12 (cellfabi INT_LEDGER)
# cfg pairs: n=60 x0=-1 x1=-1 pq=1:1 seedlock=1 d=[1,1.55] gap=5
# action atom: A0=1.1500 (dbar=1.5072) mode=2 — eps(w)=A0*w/2pi; atoms at mode boundaries, transport continuous
# edge coloring: 30 colors for 166635 links
# pairs: seeded 60 of 60 requested, d=[1,1.55], x0=x*(d), example 0.128, phases=locked
# fabric: cells=18670 channels=166635 mean_degree=17.85 box=30 dmin=1
# LEDGER seed mode=1 u=1.000e-12 E0_int=19466832513953957 NC=18670 NL=166635
# LEDGER seed mode=1 u=1.000e-12 E0_int=19466832513953957 NC=18670 NL=166635
# t	E_space	E_dense	E_field	E_transfer	E_total	rel_drift	live_ch	cm_x	cm_y	cm_z	contain	front_r	r_core	defA	r_far	r_ratio	w_core	w_far
0.000	18662.1402	60.2586441	744.433693	0	19466.832514	0.000e+00	111243	14.776	15.490	15.184	0.046	25.2215	0.8474	0	0.8496	0.9975	1.65000	1.64794	15.0331	14.9415	15.0088	0	0	0	-25.22	-6.7107	10.602
# CONV t=0.00 cond=0 evap=0 rough=0 back_s=0
# LEDGER t=0.000 mode=1 sum_err=0 max|E-iEu|=5.000e-13 run_max_diff=0.000e+00 run_max_sum_err=0 steps=0 E0_int=19466832513953957 sum=19466832513953957
# PAIR t=0.0 p=0 d=1.281 pq=1:1 delta=+0.000 x=0.152 ratio=1.0000 dth=-0.000 gg=1.0000 fl=0.000 ret=1.000 shed=0.000 act=0.0000 flq=0.00
# PAIR t=0.0 p=1 d=1.229 pq=1:1 delta=+0.000 x=0.112 ratio=1.0000 dth=-0.000 gg=1.0000 fl=0.000 ret=1.000 shed=0.000 act=0.0000 flq=0.00
# PAIR t=0.0 p=2 d=1.286 pq=1:1 delta=+0.000 x=0.156 ratio=1.0000 dth=-0.000 gg=1.0000 fl=0.000 ret=1.000 shed=0.000 act=0.0000 flq=0.00
# PAIR t=0.0 p=3 d=1.478 pq=1:1 delta=+0.000 x=0.304 ratio=1.0000 dth=+0.000 gg=1.0000 fl=0.000 ret=1.000 shed=0.000 act=0.0000 flq=0.00
# PAIR t=0.0 p=4 d=1.467 pq=1:1 delta=+0.000 x=0.295 ratio=1.0000 dth=-0.000 gg=1.0000 fl=0.000 ret=1.000 shed=0.000 act=0.0000 flq=0.00
# PAIR t=0.0 p=5 d=1.467 pq=1:1 delta=+0.000 x=0.295 ratio=1.0000 dth=-0.000 gg=1.0000 fl=0.000 ret=1.000 shed=0.000 act=0.0000 flq=0.00
# PAIR t=0.0 p=6 d=1.519 pq=1:1 delta=+0.000 x=0.335 ratio=1.0000 dth=-0.000 gg=1.0000 fl=0.000 ret=1.000 shed=0.000 act=0.0000 flq=0.00
# PAIR t=0.0 p=7 d=1.421 pq=1:1 delta=+0.000 x=0.260 ratio=1.0000 dth=+0.000 gg=1.0000 fl=0.000 ret=1.000 shed=0.000 act=0.0000 flq=0.00
# PAIR t=0.0 p=8 d=1.311 pq=1:1 delta=+0.000 x=0.175 ratio=1.0000 dth=+0.000 gg=1.0000 fl=0.000 ret=1.000 shed=0.000 act=0.0000 flq=0.00
# PAIR t=0.0 p=9 d=1.343 pq=1:1 delta=+0.000 x=0.200 ratio=1.0000 dth=-0.000 gg=1.0000 fl=0.000 ret=1.000 shed=0.000 act=0.0000 flq=0.00
# PAIR t=0.0 p=10 d=1.201 pq=1:1 delta=+0.000 x=0.091 ratio=1.0000 dth=+0.000 gg=1.0000 fl=0.000 ret=1.000 shed=0.000 act=0.0000 flq=0.00
# PAIR t=0.0 p=11 d=1.239 pq=1:1 delta=+0.000 x=0.120 ratio=1.0000 dth=+0.000 gg=1.0000 fl=0.000 ret=1.000 shed=0.000 act=0.0000 flq=0.00
# PAIR t=0.0 p=12 d=1.334 pq=1:1 delta=+0.000 x=0.193 ratio=1.0000 dth=+0.000 gg=1.0000 fl=0.000 ret=1.000 shed=0.000 act=0.0000 flq=0.00
# PAIR t=0.0 p=13 d=1.137 pq=1:1 delta=+0.000 x=0.041 ratio=1.0000 dth=-0.000 gg=1.0000 fl=0.000 ret=1.000 shed=0.000 act=0.0000 flq=0.00
# PAIR t=0.0 p=14 d=1.539 pq=1:1 delta=+0.000 x=0.351 ratio=1.0000 dth=-0.000 gg=1.0000 fl=0.000 ret=1.000 shed=0.000 act=0.0000 flq=0.00
# PAIR t=0.0 p=15 d=1.402 pq=1:1 delta=+0.000 x=0.245 ratio=1.0000 dth=-0.000 gg=1.0000 fl=0.000 ret=1.000 shed=0.000 act=0.0000 flq=0.00
# PAIR t=0.0 p=16 d=1.486 pq=1:1 delta=+0.000 x=0.310 ratio=1.0000 dth=+0.000 gg=1.0000 fl=0.000 ret=1.000 shed=0.000 act=0.0000 flq=0.00
# PAIR t=0.0 p=17 d=1.264 pq=1:1 delta=+0.000 x=0.139 ratio=1.0000 dth=+0.000 gg=1.0000 fl=0.000 ret=1.000 shed=0.000 act=0.0000 flq=0.00
# PAIR t=0.0 p=18 d=1.110 pq=1:1 delta=+0.000 x=0.020 ratio=1.0000 dth=+0.000 gg=1.0000 fl=0.000 ret=1.000 shed=0.000 act=0.0000 flq=0.00
# PAIR t=0.0 p=19 d=1.281 pq=1:1 delta=+0.000 x=0.152 ratio=1.0000 dth=+0.000 gg=1.0000 fl=0.000 ret=1.000 shed=0.000 act=0.0000 flq=0.00
# PAIR t=0.0 p=20 d=1.454 pq=1:1 delta=+0.000 x=0.285 ratio=1.0000 dth=+0.000 gg=1.0000 fl=0.000 ret=1.000 shed=0.000 act=0.0000 flq=0.00
# PAIR t=0.0 p=21 d=1.535 pq=1:1 delta=+0.000 x=0.347 ratio=1.0000 dth=+0.000 gg=1.0000 fl=0.000 ret=1.000 shed=0.000 act=0.0000 flq=0.00
# PAIR t=0.0 p=22 d=1.232 pq=1:1 delta=+0.000 x=0.115 ratio=1.0000 dth=-0.000 gg=1.0000 fl=0.000 ret=1.000 shed=0.000 act=0.0000 flq=0.00
# PAIR t=0.0 p=23 d=1.470 pq=1:1 delta=+0.000 x=0.297 ratio=1.0000 dth=-0.000 gg=1.0000 fl=0.000 ret=1.000 shed=0.000 act=0.0000 flq=0.00
# PAIR t=0.0 p=24 d=1.296 pq=1:1 delta=+0.000 x=0.164 ratio=1.0000 dth=+0.000 gg=1.0000 fl=0.000 ret=1.000 shed=0.000 act=0.0000 flq=0.00
# PAIR t=0.0 p=25 d=1.374 pq=1:1 delta=+0.000 x=0.224 ratio=1.0000 dth=+0.000 gg=1.0000 fl=0.000 ret=1.000 shed=0.000 act=0.0000 flq=0.00
# PAIR t=0.0 p=26 d=1.327 pq=1:1 delta=+0.000 x=0.187 ratio=1.0000 dth=+0.000 gg=1.0000 fl=0.000 ret=1.000 shed=0.000 act=0.0000 flq=0.00
# PAIR t=0.0 p=27 d=1.216 pq=1:1 delta=+0.000 x=0.102 ratio=1.0000 dth=+0.000 gg=1.0000 fl=0.000 ret=1.000 shed=0.000 act=0.0000 flq=0.00
# PAIR t=0.0 p=28 d=1.519 pq=1:1 delta=+0.000 x=0.335 ratio=1.0000 dth=-0.000 gg=1.0000 fl=0.000 ret=1.000 shed=0.000 act=0.0000 flq=0.00
# PAIR t=0.0 p=29 d=1.433 pq=1:1 delta=+0.000 x=0.269 ratio=1.0000 dth=-0.000 gg=1.0000 fl=0.000 ret=1.000 shed=0.000 act=0.0000 flq=0.00
# PAIR t=0.0 p=30 d=1.380 pq=1:1 delta=+0.000 x=0.228 ratio=1.0000 dth=-0.000 gg=1.0000 fl=0.000 ret=1.000 shed=0.000 act=0.0000 flq=0.00
# PAIR t=0.0 p=31 d=1.343 pq=1:1 delta=+0.000 x=0.200 ratio=1.0000 dth=+0.000 gg=1.0000 fl=0.000 ret=1.000 shed=0.000 act=0.0000 flq=0.00
# PAIR t=0.0 p=32 d=1.268 pq=1:1 delta=+0.000 x=0.142 ratio=1.0000 dth=+0.000 gg=1.0000 fl=0.000 ret=1.000 shed=0.000 act=0.0000 flq=0.00
# PAIR t=0.0 p=33 d=1.363 pq=1:1 delta=+0.000 x=0.215 ratio=1.0000 dth=-0.000 gg=1.0000 fl=0.000 ret=1.000 shed=0.000 act=0.0000 flq=0.00
# PAIR t=0.0 p=34 d=1.495 pq=1:1 delta=+0.000 x=0.317 ratio=1.0000 dth=-0.000 gg=1.0000 fl=0.000 ret=1.000 shed=0.000 act=0.0000 flq=0.00
# PAIR t=0.0 p=35 d=1.154 pq=1:1 delta=+0.000 x=0.055 ratio=1.0000 dth=-0.000 gg=1.0000 fl=0.000 ret=1.000 shed=0.000 act=0.0000 flq=0.00
# PAIR t=0.0 p=36 d=1.182 pq=1:1 delta=+0.000 x=0.076 ratio=1.0000 dth=+0.000 gg=1.0000 fl=0.000 ret=1.000 shed=0.000 act=0.0000 flq=0.00
# PAIR t=0.0 p=37 d=1.251 pq=1:1 delta=+0.000 x=0.129 ratio=1.0000 dth=+0.000 gg=1.0000 fl=0.000 ret=1.000 shed=0.000 act=0.0000 flq=0.00
# PAIR t=0.0 p=38 d=1.362 pq=1:1 delta=+0.000 x=0.214 ratio=1.0000 dth=+0.000 gg=1.0000 fl=0.000 ret=1.000 shed=0.000 act=0.0000 flq=0.00
# PAIR t=0.0 p=39 d=1.162 pq=1:1 delta=+0.000 x=0.061 ratio=1.0000 dth=+0.000 gg=1.0000 fl=0.000 ret=1.000 shed=0.000 act=0.0000 flq=0.00
# PAIR t=0.0 p=40 d=1.550 pq=1:1 delta=+0.000 x=0.359 ratio=1.0000 dth=+0.000 gg=1.0000 fl=0.000 ret=1.000 shed=0.000 act=0.0000 flq=0.00
# PAIR t=0.0 p=41 d=1.381 pq=1:1 delta=+0.000 x=0.229 ratio=1.0000 dth=+0.000 gg=1.0000 fl=0.000 ret=1.000 shed=0.000 act=0.0000 flq=0.00
# PAIR t=0.0 p=42 d=1.280 pq=1:1 delta=+0.000 x=0.151 ratio=1.0000 dth=-0.000 gg=1.0000 fl=0.000 ret=1.000 shed=0.000 act=0.0000 flq=0.00
# PAIR t=0.0 p=43 d=1.112 pq=1:1 delta=+0.000 x=0.022 ratio=1.0000 dth=+0.000 gg=1.0000 fl=0.000 ret=1.000 shed=0.000 act=0.0000 flq=0.00
# PAIR t=0.0 p=44 d=1.200 pq=1:1 delta=+0.000 x=0.089 ratio=1.0000 dth=+0.000 gg=1.0000 fl=0.000 ret=1.000 shed=0.000 act=0.0000 flq=0.00
# PAIR t=0.0 p=45 d=1.351 pq=1:1 delta=+0.000 x=0.206 ratio=1.0000 dth=+0.000 gg=1.0000 fl=0.000 ret=1.000 shed=0.000 act=0.0000 flq=0.00
# PAIR t=0.0 p=46 d=1.425 pq=1:1 delta=+0.000 x=0.263 ratio=1.0000 dth=+0.000 gg=1.0000 fl=0.000 ret=1.000 shed=0.000 act=0.0000 flq=0.00
# PAIR t=0.0 p=47 d=1.531 pq=1:1 delta=+0.000 x=0.345 ratio=1.0000 dth=+0.000 gg=1.0000 fl=0.000 ret=1.000 shed=0.000 act=0.0000 flq=0.00
# PAIR t=0.0 p=48 d=1.481 pq=1:1 delta=+0.000 x=0.306 ratio=1.0000 dth=+0.000 gg=1.0000 fl=0.000 ret=1.000 shed=0.000 act=0.0000 flq=0.00
# PAIR t=0.0 p=49 d=1.220 pq=1:1 delta=+0.000 x=0.105 ratio=1.0000 dth=-0.000 gg=1.0000 fl=0.000 ret=1.000 shed=0.000 act=0.0000 flq=0.00
# PAIR t=0.0 p=50 d=1.357 pq=1:1 delta=+0.000 x=0.210 ratio=1.0000 dth=+0.000 gg=1.0000 fl=0.000 ret=1.000 shed=0.000 act=0.0000 flq=0.00
# PAIR t=0.0 p=51 d=1.319 pq=1:1 delta=+0.000 x=0.182 ratio=1.0000 dth=+0.000 gg=1.0000 fl=0.000 ret=1.000 shed=0.000 act=0.0000 flq=0.00
# PAIR t=0.0 p=52 d=1.479 pq=1:1 delta=+0.000 x=0.304 ratio=1.0000 dth=+0.000 gg=1.0000 fl=0.000 ret=1.000 shed=0.000 act=0.0000 flq=0.00
# PAIR t=0.0 p=53 d=1.464 pq=1:1 delta=+0.000 x=0.293 ratio=1.0000 dth=+0.000 gg=1.0000 fl=0.000 ret=1.000 shed=0.000 act=0.0000 flq=0.00
# PAIR t=0.0 p=54 d=1.178 pq=1:1 delta=+0.000 x=0.073 ratio=1.0000 dth=-0.000 gg=1.0000 fl=0.000 ret=1.000 shed=0.000 act=0.0000 flq=0.00
# PAIR t=0.0 p=55 d=1.359 pq=1:1 delta=+0.000 x=0.212 ratio=1.0000 dth=+0.000 gg=1.0000 fl=0.000 ret=1.000 shed=0.000 act=0.0000 flq=0.00
# PAIR t=0.0 p=56 d=1.330 pq=1:1 delta=+0.000 x=0.190 ratio=1.0000 dth=+0.000 gg=1.0000 fl=0.000 ret=1.000 shed=0.000 act=0.0000 flq=0.00
# PAIR t=0.0 p=57 d=1.210 pq=1:1 delta=+0.000 x=0.097 ratio=1.0000 dth=+0.000 gg=1.0000 fl=0.000 ret=1.000 shed=0.000 act=0.0000 flq=0.00
# PAIR t=0.0 p=58 d=1.281 pq=1:1 delta=+0.000 x=0.152 ratio=1.0000 dth=-0.000 gg=1.0000 fl=0.000 ret=1.000 shed=0.000 act=0.0000 flq=0.00
# PAIR t=0.0 p=59 d=1.546 pq=1:1 delta=+0.000 x=0.356 ratio=1.0000 dth=+0.000 gg=1.0000 fl=0.000 ret=1.000 shed=0.000 act=0.0000 flq=0.00
10.000	18662.1402	43.7201187	744.433693	16.5385254	19466.832514	0.000e+00	111239	14.606	15.026	15.133	0.039	25.7138	0.8475	3.0095	0.8496	0.9976	1.64999	1.64793	15.0170	14.9401	15.0129	0.02718	0.033168	-0.0044352	-1.4946	5.6871	-8.9511
# CONV t=10.00 cond=0 evap=0 rough=0 back_s=0
# LEDGER t=10.000 mode=1 sum_err=-96733 max|E-iEu|=1.489e-12 run_max_diff=1.500e-12 run_max_sum_err=96733 steps=500 E0_int=19466832513953957 sum=19466832513857224
# PAIR t=10.0 p=0 d=1.281 pq=1:1 delta=+0.008 x=0.149 ratio=1.0014 dth=-0.004 gg=0.9999 fl=0.608 ret=0.989 shed=0.008 act=1.1813 flq=1.03
# PAIR t=10.0 p=1 d=1.229 pq=1:1 delta=+0.010 x=0.108 ratio=0.9974 dth=-0.003 gg=0.9999 fl=0.089 ret=0.986 shed=0.008 act=0.1236 flq=0.11
# PAIR t=10.0 p=2 d=1.286 pq=1:1 delta=+0.018 x=0.153 ratio=1.0357 dth=+0.037 gg=0.9914 fl=0.372 ret=0.983 shed=0.013 act=0.7478 flq=0.65
# PAIR t=10.0 p=3 d=1.478 pq=1:1 delta=+0.008 x=0.301 ratio=0.9825 dth=-0.042 gg=0.9941 fl=0.204 ret=0.995 shed=0.007 act=0.9154 flq=0.79
# PAIR t=10.0 p=4 d=1.467 pq=1:1 delta=+0.008 x=0.293 ratio=0.9908 dth=-0.023 gg=0.9985 fl=0.180 ret=0.995 shed=0.008 act=0.7800 flq=0.68
# PAIR t=10.0 p=5 d=1.467 pq=1:1 delta=+0.006 x=0.292 ratio=1.0084 dth=+0.015 gg=0.9987 fl=0.370 ret=0.996 shed=0.005 act=1.6001 flq=1.39
# PAIR t=10.0 p=6 d=1.519 pq=1:1 delta=+0.013 x=0.332 ratio=1.0122 dth=+0.072 gg=0.9755 fl=0.077 ret=0.993 shed=0.012 act=0.3908 flq=0.34
# PAIR t=10.0 p=7 d=1.421 pq=1:1 delta=+0.015 x=0.256 ratio=1.0126 dth=+0.017 gg=0.9973 fl=0.382 ret=0.990 shed=0.013 act=1.4099 flq=1.22
# PAIR t=10.0 p=8 d=1.311 pq=1:1 delta=+0.021 x=0.170 ratio=1.0023 dth=-0.010 gg=0.9995 fl=0.581 ret=0.980 shed=0.018 act=1.3345 flq=1.16
# PAIR t=10.0 p=9 d=1.343 pq=1:1 delta=+0.011 x=0.196 ratio=0.9996 dth=-0.007 gg=0.9999 fl=0.314 ret=0.991 shed=0.009 act=0.8412 flq=0.73
# PAIR t=10.0 p=10 d=1.201 pq=1:1 delta=+0.023 x=0.085 ratio=0.9943 dth=-0.012 gg=0.9994 fl=0.267 ret=0.961 shed=0.017 act=0.2905 flq=0.25
# PAIR t=10.0 p=11 d=1.239 pq=1:1 delta=+0.018 x=0.115 ratio=0.9925 dth=-0.007 gg=0.9997 fl=0.081 ret=0.977 shed=0.014 act=0.1197 flq=0.10
# PAIR t=10.0 p=12 d=1.334 pq=1:1 delta=+0.020 x=0.188 ratio=1.0008 dth=-0.007 gg=0.9996 fl=0.380 ret=0.983 shed=0.017 act=0.9773 flq=0.85
# PAIR t=10.0 p=13 d=1.137 pq=1:1 delta=+0.140 x=0.022 ratio=0.9976 dth=-0.226 gg=0.8893 fl=0.316 ret=0.362 shed=0.131 act=0.1480 flq=0.13
# PAIR t=10.0 p=14 d=1.539 pq=1:1 delta=+0.014 x=0.348 ratio=1.0027 dth=+0.028 gg=0.9948 fl=0.003 ret=0.992 shed=0.014 act=0.0171 flq=0.01
# PAIR t=10.0 p=15 d=1.402 pq=1:1 delta=+0.022 x=0.238 ratio=1.0095 dth=-0.015 gg=0.9995 fl=0.039 ret=0.985 shed=0.019 act=0.1324 flq=0.11
# PAIR t=10.0 p=16 d=1.486 pq=1:1 delta=+0.016 x=0.306 ratio=0.9975 dth=-0.013 gg=0.9996 fl=0.212 ret=0.991 shed=0.015 act=0.9780 flq=0.85
# PAIR t=10.0 p=17 d=1.264 pq=1:1 delta=+0.037 x=0.133 ratio=1.0019 dth=-0.017 gg=0.9987 fl=0.664 ret=0.958 shed=0.029 act=1.1677 flq=1.01
# PAIR t=10.0 p=18 d=1.110 pq=1:1 delta=+0.053 x=0.013 ratio=1.0005 dth=-0.020 gg=0.9970 fl=0.558 ret=0.634 shed=0.037 act=0.1265 flq=0.11
# PAIR t=10.0 p=19 d=1.281 pq=1:1 delta=+0.016 x=0.148 ratio=0.9966 dth=-0.009 gg=0.9997 fl=0.681 ret=0.982 shed=0.014 act=1.3225 flq=1.15
# PAIR t=10.0 p=20 d=1.454 pq=1:1 delta=+0.007 x=0.283 ratio=0.9960 dth=-0.013 gg=0.9995 fl=0.199 ret=0.996 shed=0.006 act=0.8252 flq=0.72
# PAIR t=10.0 p=21 d=1.535 pq=1:1 delta=+0.009 x=0.346 ratio=0.9979 dth=-0.031 gg=0.9970 fl=0.001 ret=0.995 shed=0.009 act=0.0051 flq=0.00
# PAIR t=10.0 p=22 d=1.232 pq=1:1 delta=+0.032 x=0.108 ratio=0.9796 dth=-0.009 gg=0.9988 fl=0.071 ret=0.959 shed=0.024 act=0.1007 flq=0.09
# PAIR t=10.0 p=23 d=1.470 pq=1:1 delta=+0.009 x=0.294 ratio=1.0010 dth=-0.003 gg=0.9999 fl=0.261 ret=0.994 shed=0.009 act=1.1412 flq=0.99
# PAIR t=10.0 p=24 d=1.296 pq=1:1 delta=+0.026 x=0.158 ratio=1.0158 dth=+0.002 gg=0.9985 fl=0.590 ret=0.973 shed=0.022 act=1.2531 flq=1.09
# PAIR t=10.0 p=25 d=1.374 pq=1:1 delta=+0.016 x=0.219 ratio=1.0046 dth=-0.007 gg=0.9997 fl=0.176 ret=0.987 shed=0.014 act=0.5415 flq=0.47
# PAIR t=10.0 p=26 d=1.327 pq=1:1 delta=+0.015 x=0.182 ratio=0.9975 dth=-0.010 gg=0.9997 fl=0.482 ret=0.987 shed=0.013 act=1.1974 flq=1.04
# PAIR t=10.0 p=27 d=1.216 pq=1:1 delta=+0.032 x=0.096 ratio=1.0256 dth=-0.013 gg=0.9989 fl=0.202 ret=0.954 shed=0.024 act=0.2516 flq=0.22
# PAIR t=10.0 p=28 d=1.519 pq=1:1 delta=+0.005 x=0.333 ratio=1.0149 dth=+0.078 gg=0.9742 fl=0.070 ret=0.997 shed=0.005 act=0.3545 flq=0.31
# PAIR t=10.0 p=29 d=1.433 pq=1:1 delta=+0.013 x=0.266 ratio=0.9861 dth=-0.048 gg=0.9929 fl=0.295 ret=0.991 shed=0.012 act=1.1356 flq=0.99
# PAIR t=10.0 p=30 d=1.380 pq=1:1 delta=+0.015 x=0.223 ratio=0.9960 dth=-0.009 gg=0.9998 fl=0.172 ret=0.988 shed=0.013 act=0.5413 flq=0.47
# PAIR t=10.0 p=31 d=1.343 pq=1:1 delta=+0.016 x=0.195 ratio=1.0006 dth=-0.009 gg=0.9997 fl=0.280 ret=0.986 shed=0.014 act=0.7522 flq=0.65
# PAIR t=10.0 p=32 d=1.268 pq=1:1 delta=+0.022 x=0.138 ratio=1.0143 dth=+0.005 gg=0.9984 fl=0.633 ret=0.975 shed=0.018 act=1.1407 flq=0.99
# PAIR t=10.0 p=33 d=1.363 pq=1:1 delta=+0.012 x=0.212 ratio=0.9801 dth=-0.018 gg=0.9993 fl=0.115 ret=0.991 shed=0.010 act=0.3373 flq=0.29
# PAIR t=10.0 p=34 d=1.495 pq=1:1 delta=+0.008 x=0.315 ratio=0.9988 dth=+0.046 gg=0.9900 fl=0.129 ret=0.995 shed=0.008 act=0.6127 flq=0.53
# PAIR t=10.0 p=35 d=1.154 pq=1:1 delta=+0.120 x=0.038 ratio=1.0147 dth=-0.006 gg=0.9742 fl=0.433 ret=0.648 shed=0.096 act=0.2725 flq=0.23
# PAIR t=10.0 p=36 d=1.182 pq=1:1 delta=+0.056 x=0.067 ratio=0.9965 dth=-0.027 gg=0.9969 fl=0.418 ret=0.889 shed=0.042 act=0.3746 flq=0.32
# PAIR t=10.0 p=37 d=1.251 pq=1:1 delta=+0.031 x=0.123 ratio=0.9936 dth=-0.020 gg=0.9990 fl=0.749 ret=0.963 shed=0.024 act=1.2074 flq=1.04
# PAIR t=10.0 p=38 d=1.362 pq=1:1 delta=+0.015 x=0.210 ratio=0.9957 dth=-0.012 gg=0.9997 fl=0.148 ret=0.988 shed=0.013 act=0.4319 flq=0.37
# PAIR t=10.0 p=39 d=1.162 pq=1:1 delta=+0.048 x=0.053 ratio=1.0148 dth=-0.024 gg=0.9977 fl=0.495 ret=0.867 shed=0.040 act=0.3483 flq=0.30
# PAIR t=10.0 p=40 d=1.550 pq=1:1 delta=+0.012 x=0.356 ratio=0.9996 dth=-0.015 gg=0.9995 fl=0.057 ret=0.993 shed=0.012 act=0.3162 flq=0.27
# PAIR t=10.0 p=41 d=1.381 pq=1:1 delta=+0.017 x=0.224 ratio=1.0014 dth=-0.011 gg=0.9997 fl=0.107 ret=0.987 shed=0.015 act=0.3385 flq=0.29
# PAIR t=10.0 p=42 d=1.280 pq=1:1 delta=+0.011 x=0.148 ratio=0.9912 dth=-0.013 gg=0.9997 fl=0.659 ret=0.988 shed=0.009 act=1.2743 flq=1.11
# PAIR t=10.0 p=43 d=1.112 pq=1:1 delta=+0.108 x=0.008 ratio=1.0023 dth=+0.104 gg=0.8940 fl=0.271 ret=0.271 shed=0.082 act=0.0674 flq=0.06
# PAIR t=10.0 p=44 d=1.200 pq=1:1 delta=+0.030 x=0.084 ratio=1.0141 dth=-0.007 gg=0.9988 fl=0.400 ret=0.948 shed=0.023 act=0.4286 flq=0.37
# PAIR t=10.0 p=45 d=1.351 pq=1:1 delta=+0.014 x=0.201 ratio=0.9993 dth=-0.008 gg=0.9998 fl=0.395 ret=0.988 shed=0.012 act=1.0964 flq=0.95
# PAIR t=10.0 p=46 d=1.425 pq=1:1 delta=+0.010 x=0.260 ratio=1.0108 dth=-0.004 gg=0.9999 fl=0.259 ret=0.994 shed=0.009 act=0.9690 flq=0.84
# PAIR t=10.0 p=47 d=1.531 pq=1:1 delta=+0.009 x=0.342 ratio=0.9897 dth=-0.038 gg=0.9955 fl=0.133 ret=0.995 shed=0.009 act=0.7043 flq=0.61
# PAIR t=10.0 p=48 d=1.481 pq=1:1 delta=+0.014 x=0.301 ratio=0.9938 dth=-0.016 gg=0.9995 fl=0.331 ret=0.992 shed=0.013 act=1.4997 flq=1.30
# PAIR t=10.0 p=49 d=1.220 pq=1:1 delta=+0.033 x=0.098 ratio=0.9927 dth=-0.014 gg=0.9989 fl=0.085 ret=0.952 shed=0.026 act=0.1086 flq=0.09
# PAIR t=10.0 p=50 d=1.357 pq=1:1 delta=+0.018 x=0.205 ratio=0.9894 dth=-0.015 gg=0.9995 fl=0.279 ret=0.986 shed=0.015 act=0.7973 flq=0.69
# PAIR t=10.0 p=51 d=1.319 pq=1:1 delta=+0.009 x=0.179 ratio=0.9870 dth=-0.017 gg=0.9993 fl=0.453 ret=0.992 shed=0.007 act=1.0870 flq=0.94
# PAIR t=10.0 p=52 d=1.479 pq=1:1 delta=+0.009 x=0.301 ratio=0.9912 dth=-0.014 gg=0.9995 fl=0.325 ret=0.995 shed=0.008 act=1.4653 flq=1.27
# PAIR t=10.0 p=53 d=1.464 pq=1:1 delta=+0.009 x=0.290 ratio=1.0008 dth=-0.002 gg=0.9999 fl=0.391 ret=0.994 shed=0.008 act=1.6761 flq=1.46
# PAIR t=10.0 p=54 d=1.178 pq=1:1 delta=+0.029 x=0.068 ratio=0.9822 dth=-0.026 gg=0.9986 fl=0.468 ret=0.939 shed=0.022 act=0.3994 flq=0.35
# PAIR t=10.0 p=55 d=1.359 pq=1:1 delta=+0.012 x=0.208 ratio=0.9942 dth=-0.006 gg=0.9999 fl=0.240 ret=0.990 shed=0.010 act=0.6935 flq=0.60
# PAIR t=10.0 p=56 d=1.330 pq=1:1 delta=+0.014 x=0.186 ratio=1.0083 dth=+0.004 gg=0.9994 fl=0.311 ret=0.988 shed=0.011 act=0.7844 flq=0.68
# PAIR t=10.0 p=57 d=1.210 pq=1:1 delta=+0.036 x=0.090 ratio=0.9934 dth=-0.018 gg=0.9987 fl=0.272 ret=0.944 shed=0.027 act=0.3196 flq=0.28
# PAIR t=10.0 p=58 d=1.281 pq=1:1 delta=+0.010 x=0.149 ratio=0.9932 dth=-0.011 gg=0.9997 fl=0.556 ret=0.989 shed=0.008 act=1.0840 flq=0.94
# PAIR t=10.0 p=59 d=1.546 pq=1:1 delta=+0.009 x=0.354 ratio=0.9980 dth=-0.020 gg=0.9990 fl=0.006 ret=0.995 shed=0.009 act=0.0305 flq=0.03
20.000	18662.1402	43.7247751	744.433693	16.5338691	19466.832514	0.000e+00	111198	14.633	15.201	14.908	0.043	25.3366	0.8476	5.0481	0.8496	0.9976	1.64998	1.64792	15.0229	14.9627	15.0271	-0.00084027	0.0097375	-0.018409	4.415	-10.96	-13.649
# CONV t=20.00 cond=0 evap=0 rough=0 back_s=0
# LEDGER t=20.000 mode=1 sum_err=-103923 max|E-iEu|=1.496e-12 run_max_diff=1.500e-12 run_max_sum_err=103990 steps=1000 E0_int=19466832513953957 sum=19466832513850034
# PAIR t=20.0 p=0 d=1.281 pq=1:1 delta=+0.034 x=0.145 ratio=1.0220 dth=-0.005 gg=0.9983 fl=0.311 ret=0.966 shed=0.026 act=0.6042 flq=0.52
# PAIR t=20.0 p=1 d=1.229 pq=1:1 delta=+0.051 x=0.103 ratio=0.9862 dth=-0.022 gg=0.9973 fl=0.146 ret=0.932 shed=0.038 act=0.2016 flq=0.17
# PAIR t=20.0 p=2 d=1.286 pq=1:1 delta=+0.031 x=0.150 ratio=1.0180 dth=-0.005 gg=0.9986 fl=0.306 ret=0.968 shed=0.025 act=0.6153 flq=0.53
# PAIR t=20.0 p=3 d=1.478 pq=1:1 delta=+0.016 x=0.300 ratio=0.9884 dth=-0.048 gg=0.9935 fl=0.150 ret=0.990 shed=0.015 act=0.6729 flq=0.58
# PAIR t=20.0 p=4 d=1.467 pq=1:1 delta=+0.018 x=0.291 ratio=0.9818 dth=-0.081 gg=0.9792 fl=0.101 ret=0.989 shed=0.016 act=0.4360 flq=0.38
# PAIR t=20.0 p=5 d=1.467 pq=1:1 delta=+0.012 x=0.291 ratio=1.0016 dth=-0.014 gg=0.9996 fl=0.255 ret=0.993 shed=0.011 act=1.1008 flq=0.96
# PAIR t=20.0 p=6 d=1.519 pq=1:1 delta=+0.025 x=0.330 ratio=1.0112 dth=+0.044 gg=0.9865 fl=0.021 ret=0.986 shed=0.024 act=0.1068 flq=0.09
# PAIR t=20.0 p=7 d=1.421 pq=1:1 delta=+0.030 x=0.253 ratio=0.9930 dth=-0.029 gg=0.9983 fl=0.389 ret=0.979 shed=0.027 act=1.4340 flq=1.24
# PAIR t=20.0 p=8 d=1.311 pq=1:1 delta=+0.044 x=0.165 ratio=0.9879 dth=-0.024 gg=0.9980 fl=0.179 ret=0.960 shed=0.035 act=0.4114 flq=0.36
# PAIR t=20.0 p=9 d=1.343 pq=1:1 delta=+0.029 x=0.193 ratio=1.0105 dth=-0.001 gg=0.9984 fl=0.491 ret=0.976 shed=0.024 act=1.3170 flq=1.14
# PAIR t=20.0 p=10 d=1.201 pq=1:1 delta=+0.043 x=0.083 ratio=1.0050 dth=-0.019 gg=0.9981 fl=0.450 ret=0.928 shed=0.032 act=0.4890 flq=0.42
# PAIR t=20.0 p=11 d=1.239 pq=1:1 delta=+0.053 x=0.110 ratio=1.0079 dth=-0.027 gg=0.9972 fl=0.153 ret=0.933 shed=0.040 act=0.2281 flq=0.20
# PAIR t=20.0 p=12 d=1.334 pq=1:1 delta=+0.041 x=0.185 ratio=1.0139 dth=-0.002 gg=0.9969 fl=0.569 ret=0.965 shed=0.033 act=1.4628 flq=1.26
# PAIR t=20.0 p=13 d=1.137 pq=1:1 delta=+0.222 x=0.011 ratio=0.9989 dth=-0.349 gg=0.7571 fl=0.112 ret=0.165 shed=0.172 act=0.0524 flq=0.04
# PAIR t=20.0 p=14 d=1.539 pq=1:1 delta=+0.030 x=0.345 ratio=1.0034 dth=+0.080 gg=0.9633 fl=0.003 ret=0.984 shed=0.029 act=0.0171 flq=0.01
# PAIR t=20.0 p=15 d=1.402 pq=1:1 delta=+0.043 x=0.235 ratio=0.9867 dth=-0.019 gg=0.9981 fl=0.070 ret=0.970 shed=0.037 act=0.2410 flq=0.21
# PAIR t=20.0 p=16 d=1.486 pq=1:1 delta=+0.035 x=0.303 ratio=0.9911 dth=-0.033 gg=0.9978 fl=0.100 ret=0.979 shed=0.033 act=0.4619 flq=0.40
# PAIR t=20.0 p=17 d=1.264 pq=1:1 delta=+0.064 x=0.128 ratio=1.0090 dth=-0.027 gg=0.9958 fl=0.540 ret=0.928 shed=0.050 act=0.9495 flq=0.82
# PAIR t=20.0 p=18 d=1.110 pq=1:1 delta=+0.103 x=0.007 ratio=0.9996 dth=-0.062 gg=0.9891 fl=0.284 ret=0.305 shed=0.071 act=0.0643 flq=0.06
# PAIR t=20.0 p=19 d=1.281 pq=1:1 delta=+0.040 x=0.144 ratio=1.0064 dth=-0.017 gg=0.9984 fl=0.451 ret=0.959 shed=0.031 act=0.8766 flq=0.76
# PAIR t=20.0 p=20 d=1.454 pq=1:1 delta=+0.014 x=0.282 ratio=1.0011 dth=-0.009 gg=0.9998 fl=0.154 ret=0.992 shed=0.012 act=0.6378 flq=0.55
# PAIR t=20.0 p=21 d=1.535 pq=1:1 delta=+0.020 x=0.344 ratio=0.9963 dth=-0.096 gg=0.9703 fl=0.001 ret=0.989 shed=0.020 act=0.0051 flq=0.00
# PAIR t=20.0 p=22 d=1.232 pq=1:1 delta=+0.060 x=0.103 ratio=1.0035 dth=-0.030 gg=0.9964 fl=0.168 ret=0.921 shed=0.045 act=0.2371 flq=0.20
# PAIR t=20.0 p=23 d=1.470 pq=1:1 delta=+0.022 x=0.292 ratio=1.0135 dth=+0.019 gg=0.9959 fl=0.158 ret=0.987 shed=0.019 act=0.6909 flq=0.60
# PAIR t=20.0 p=24 d=1.296 pq=1:1 delta=+0.057 x=0.153 ratio=1.0139 dth=-0.024 gg=0.9967 fl=0.383 ret=0.944 shed=0.046 act=0.8130 flq=0.70
# PAIR t=20.0 p=25 d=1.374 pq=1:1 delta=+0.034 x=0.217 ratio=1.0309 dth=+0.036 gg=0.9876 fl=0.207 ret=0.975 shed=0.028 act=0.6376 flq=0.55
# PAIR t=20.0 p=26 d=1.327 pq=1:1 delta=+0.035 x=0.180 ratio=0.9886 dth=-0.027 gg=0.9984 fl=0.699 ret=0.970 shed=0.028 act=1.7356 flq=1.50
# PAIR t=20.0 p=27 d=1.216 pq=1:1 delta=+0.055 x=0.093 ratio=1.0257 dth=-0.015 gg=0.9964 fl=0.371 ret=0.916 shed=0.043 act=0.4616 flq=0.40
# PAIR t=20.0 p=28 d=1.519 pq=1:1 delta=+0.010 x=0.333 ratio=1.0231 dth=+0.182 gg=0.8696 fl=0.009 ret=0.995 shed=0.009 act=0.0448 flq=0.04
# PAIR t=20.0 p=29 d=1.433 pq=1:1 delta=+0.028 x=0.263 ratio=0.9882 dth=-0.042 gg=0.9961 fl=0.285 ret=0.982 shed=0.024 act=1.0973 flq=0.95
# PAIR t=20.0 p=30 d=1.380 pq=1:1 delta=+0.032 x=0.221 ratio=0.9886 dth=-0.024 gg=0.9987 fl=0.295 ret=0.976 shed=0.027 act=0.9291 flq=0.80
# PAIR t=20.0 p=31 d=1.343 pq=1:1 delta=+0.034 x=0.193 ratio=0.9817 dth=-0.037 gg=0.9972 fl=0.413 ret=0.972 shed=0.028 act=1.1104 flq=0.96
# PAIR t=20.0 p=32 d=1.268 pq=1:1 delta=+0.038 x=0.135 ratio=0.9899 dth=-0.029 gg=0.9982 fl=0.555 ret=0.958 shed=0.030 act=0.9995 flq=0.86
# PAIR t=20.0 p=33 d=1.363 pq=1:1 delta=+0.023 x=0.210 ratio=1.0041 dth=-0.007 gg=0.9994 fl=0.260 ret=0.982 shed=0.020 act=0.7644 flq=0.66
# PAIR t=20.0 p=34 d=1.495 pq=1:1 delta=+0.017 x=0.313 ratio=0.9835 dth=-0.061 gg=0.9886 fl=0.049 ret=0.990 shed=0.015 act=0.2310 flq=0.20
# PAIR t=20.0 p=35 d=1.154 pq=1:1 delta=+0.302 x=0.013 ratio=0.9983 dth=-0.128 gg=0.9110 fl=0.071 ret=0.161 shed=0.229 act=0.0448 flq=0.04
# PAIR t=20.0 p=36 d=1.182 pq=1:1 delta=+0.102 x=0.061 ratio=0.9984 dth=-0.051 gg=0.9896 fl=0.581 ret=0.801 shed=0.075 act=0.5202 flq=0.45
# PAIR t=20.0 p=37 d=1.251 pq=1:1 delta=+0.078 x=0.116 ratio=1.0079 dth=-0.033 gg=0.9939 fl=0.676 ret=0.908 shed=0.059 act=1.0899 flq=0.94
# PAIR t=20.0 p=38 d=1.362 pq=1:1 delta=+0.032 x=0.208 ratio=0.9998 dth=-0.024 gg=0.9987 fl=0.268 ret=0.975 shed=0.027 act=0.7816 flq=0.68
# PAIR t=20.0 p=39 d=1.162 pq=1:1 delta=+0.150 x=0.040 ratio=1.0102 dth=-0.060 gg=0.9769 fl=0.542 ret=0.648 shed=0.107 act=0.3812 flq=0.32
# PAIR t=20.0 p=40 d=1.550 pq=1:1 delta=+0.024 x=0.354 ratio=1.0115 dth=+0.021 gg=0.9950 fl=0.065 ret=0.987 shed=0.023 act=0.3593 flq=0.31
# PAIR t=20.0 p=41 d=1.381 pq=1:1 delta=+0.035 x=0.222 ratio=0.9715 dth=-0.046 gg=0.9956 fl=0.140 ret=0.975 shed=0.029 act=0.4448 flq=0.38
# PAIR t=20.0 p=42 d=1.280 pq=1:1 delta=+0.030 x=0.145 ratio=1.0117 dth=-0.005 gg=0.9988 fl=0.536 ret=0.969 shed=0.023 act=1.0371 flq=0.90
# PAIR t=20.0 p=43 d=1.112 pq=1:1 delta=+0.157 x=0.001 ratio=1.0004 dth=+0.257 gg=0.6205 fl=0.049 ret=0.049 shed=0.106 act=0.0123 flq=0.01
# PAIR t=20.0 p=44 d=1.200 pq=1:1 delta=+0.091 x=0.076 ratio=1.0003 dth=-0.045 gg=0.9918 fl=0.622 ret=0.850 shed=0.067 act=0.6675 flq=0.57
# PAIR t=20.0 p=45 d=1.351 pq=1:1 delta=+0.028 x=0.200 ratio=1.0104 dth=-0.004 gg=0.9989 fl=0.615 ret=0.978 shed=0.023 act=1.7100 flq=1.48
# PAIR t=20.0 p=46 d=1.425 pq=1:1 delta=+0.020 x=0.258 ratio=1.0190 dth=+0.069 gg=0.9750 fl=0.215 ret=0.987 shed=0.017 act=0.8040 flq=0.70
# PAIR t=20.0 p=47 d=1.531 pq=1:1 delta=+0.020 x=0.340 ratio=0.9906 dth=-0.056 gg=0.9913 fl=0.221 ret=0.989 shed=0.018 act=1.1662 flq=1.01
# PAIR t=20.0 p=48 d=1.481 pq=1:1 delta=+0.025 x=0.299 ratio=1.0038 dth=-0.012 gg=0.9994 fl=0.175 ret=0.985 shed=0.023 act=0.7907 flq=0.68
# PAIR t=20.0 p=49 d=1.220 pq=1:1 delta=+0.052 x=0.096 ratio=1.0059 dth=-0.027 gg=0.9973 fl=0.161 ret=0.926 shed=0.039 act=0.2065 flq=0.18
# PAIR t=20.0 p=50 d=1.357 pq=1:1 delta=+0.037 x=0.203 ratio=1.0114 dth=-0.005 gg=0.9979 fl=0.461 ret=0.971 shed=0.031 act=1.3173 flq=1.14
# PAIR t=20.0 p=51 d=1.319 pq=1:1 delta=+0.022 x=0.176 ratio=0.9976 dth=-0.011 gg=0.9995 fl=0.153 ret=0.981 shed=0.018 act=0.3662 flq=0.32
# PAIR t=20.0 p=52 d=1.479 pq=1:1 delta=+0.017 x=0.300 ratio=0.9939 dth=-0.019 gg=0.9993 fl=0.220 ret=0.990 shed=0.015 act=0.9886 flq=0.86
# PAIR t=20.0 p=53 d=1.464 pq=1:1 delta=+0.020 x=0.288 ratio=0.9749 dth=-0.031 gg=0.9979 fl=0.203 ret=0.988 shed=0.018 act=0.8720 flq=0.76
# PAIR t=20.0 p=54 d=1.178 pq=1:1 delta=+0.080 x=0.061 ratio=0.9816 dth=-0.054 gg=0.9929 fl=0.622 ret=0.835 shed=0.060 act=0.5315 flq=0.46
# PAIR t=20.0 p=55 d=1.359 pq=1:1 delta=+0.025 x=0.207 ratio=0.9893 dth=-0.030 gg=0.9982 fl=0.409 ret=0.980 shed=0.021 act=1.1805 flq=1.02
# PAIR t=20.0 p=56 d=1.330 pq=1:1 delta=+0.028 x=0.184 ratio=1.0196 dth=+0.017 gg=0.9953 fl=0.465 ret=0.977 shed=0.022 act=1.1748 flq=1.02
# PAIR t=20.0 p=57 d=1.210 pq=1:1 delta=+0.074 x=0.085 ratio=1.0040 dth=-0.036 gg=0.9945 fl=0.456 ret=0.888 shed=0.054 act=0.5359 flq=0.46
# PAIR t=20.0 p=58 d=1.281 pq=1:1 delta=+0.023 x=0.147 ratio=0.9990 dth=-0.013 gg=0.9995 fl=0.361 ret=0.976 shed=0.018 act=0.7038 flq=0.61
# PAIR t=20.0 p=59 d=1.546 pq=1:1 delta=+0.017 x=0.353 ratio=0.9968 dth=-0.073 gg=0.9833 fl=0.006 ret=0.991 shed=0.016 act=0.0305 flq=0.03
30.000	18662.1402	47.9014103	744.433693	12.3572338	19466.832514	0.000e+00	111200	14.833	15.474	15.160	0.043	25.2215	0.8477	1.5302	0.8496	0.9978	1.64996	1.64791	15.0136	14.9410	15.0216	0.025345	-0.010976	0.0044076	-15.65	-0.9876	3.8124
# CONV t=30.00 cond=0 evap=0 rough=0 back_s=0
# LEDGER t=30.000 mode=1 sum_err=-106037 max|E-iEu|=1.485e-12 run_max_diff=1.500e-12 run_max_sum_err=106369 steps=1500 E0_int=19466832513953957 sum=19466832513847920
# PAIR t=30.0 p=0 d=1.281 pq=1:1 delta=+0.066 x=0.139 ratio=1.0121 dth=-0.032 gg=0.9956 fl=0.081 ret=0.932 shed=0.052 act=0.1568 flq=0.13
# PAIR t=30.0 p=1 d=1.229 pq=1:1 delta=+0.064 x=0.102 ratio=1.0311 dth=-0.033 gg=0.9959 fl=0.140 ret=0.915 shed=0.048 act=0.1931 flq=0.17
# PAIR t=30.0 p=2 d=1.286 pq=1:1 delta=+0.044 x=0.147 ratio=1.0082 dth=-0.022 gg=0.9981 fl=0.082 ret=0.955 shed=0.035 act=0.1656 flq=0.14
# PAIR t=30.0 p=3 d=1.478 pq=1:1 delta=+0.023 x=0.298 ratio=1.0041 dth=-0.003 gg=0.9991 fl=0.088 ret=0.986 shed=0.021 act=0.3938 flq=0.34
# PAIR t=30.0 p=4 d=1.467 pq=1:1 delta=+0.026 x=0.290 ratio=0.9938 dth=-0.043 gg=0.9956 fl=0.063 ret=0.984 shed=0.024 act=0.2728 flq=0.24
# PAIR t=30.0 p=5 d=1.467 pq=1:1 delta=+0.018 x=0.290 ratio=1.0022 dth=-0.002 gg=0.9995 fl=0.144 ret=0.989 shed=0.016 act=0.6206 flq=0.54
# PAIR t=30.0 p=6 d=1.519 pq=1:1 delta=+0.038 x=0.328 ratio=1.0164 dth=+0.095 gg=0.9481 fl=0.075 ret=0.979 shed=0.035 act=0.3831 flq=0.33
# PAIR t=30.0 p=7 d=1.421 pq=1:1 delta=+0.041 x=0.251 ratio=0.9952 dth=-0.031 gg=0.9979 fl=0.371 ret=0.972 shed=0.036 act=1.3695 flq=1.18
# PAIR t=30.0 p=8 d=1.311 pq=1:1 delta=+0.060 x=0.164 ratio=1.0021 dth=-0.028 gg=0.9964 fl=0.641 ret=0.945 shed=0.048 act=1.4707 flq=1.27
# PAIR t=30.0 p=9 d=1.343 pq=1:1 delta=+0.043 x=0.190 ratio=1.0060 dth=-0.022 gg=0.9982 fl=0.056 ret=0.965 shed=0.035 act=0.1489 flq=0.13
# PAIR t=30.0 p=10 d=1.201 pq=1:1 delta=+0.083 x=0.078 ratio=0.9994 dth=-0.042 gg=0.9932 fl=0.558 ret=0.865 shed=0.061 act=0.6069 flq=0.52
# PAIR t=30.0 p=11 d=1.239 pq=1:1 delta=+0.081 x=0.106 ratio=1.0036 dth=-0.040 gg=0.9935 fl=0.222 ret=0.897 shed=0.062 act=0.3299 flq=0.28
# PAIR t=30.0 p=12 d=1.334 pq=1:1 delta=+0.061 x=0.181 ratio=1.0045 dth=-0.029 gg=0.9962 fl=0.316 ret=0.948 shed=0.050 act=0.8134 flq=0.70
# PAIR t=30.0 p=13 d=1.137 pq=1:1 delta=+0.270 x=0.005 ratio=0.9998 dth=-0.243 gg=0.8873 fl=0.036 ret=0.043 shed=0.197 act=0.0167 flq=0.01
# PAIR t=30.0 p=14 d=1.539 pq=1:1 delta=+0.044 x=0.343 ratio=1.0037 dth=+0.147 gg=0.8908 fl=0.003 ret=0.976 shed=0.041 act=0.0171 flq=0.01
# PAIR t=30.0 p=15 d=1.402 pq=1:1 delta=+0.065 x=0.231 ratio=1.0016 dth=-0.032 gg=0.9957 fl=0.109 ret=0.954 shed=0.056 act=0.3740 flq=0.32
# PAIR t=30.0 p=16 d=1.486 pq=1:1 delta=+0.054 x=0.384 ratio=0.9971 dth=-0.033 gg=0.9970 fl=0.000 ret=0.968 shed=0.049 act=0.0000 flq=0.00
# PAIR t=30.0 p=17 d=1.264 pq=1:1 delta=+0.102 x=0.122 ratio=1.0074 dth=-0.046 gg=0.9895 fl=0.408 ret=0.887 shed=0.078 act=0.7182 flq=0.61
# PAIR t=30.0 p=18 d=1.110 pq=1:1 delta=+0.136 x=0.002 ratio=1.0009 dth=-0.111 gg=0.9743 fl=0.086 ret=0.086 shed=0.093 act=0.0195 flq=0.02
# PAIR t=30.0 p=19 d=1.281 pq=1:1 delta=+0.061 x=0.139 ratio=0.9941 dth=-0.028 gg=0.9963 fl=0.110 ret=0.937 shed=0.048 act=0.2130 flq=0.18
# PAIR t=30.0 p=20 d=1.454 pq=1:1 delta=+0.019 x=0.281 ratio=1.0057 dth=+0.003 gg=0.9990 fl=0.126 ret=0.988 shed=0.017 act=0.5212 flq=0.45
# PAIR t=30.0 p=21 d=1.535 pq=1:1 delta=+0.031 x=0.342 ratio=0.9955 dth=-0.184 gg=0.8919 fl=0.001 ret=0.983 shed=0.029 act=0.0051 flq=0.00
# PAIR t=30.0 p=22 d=1.232 pq=1:1 delta=+0.101 x=0.098 ratio=1.0104 dth=-0.048 gg=0.9899 fl=0.208 ret=0.868 shed=0.076 act=0.2941 flq=0.25
# PAIR t=30.0 p=23 d=1.470 pq=1:1 delta=+0.030 x=0.290 ratio=1.0018 dth=-0.002 gg=0.9984 fl=0.091 ret=0.982 shed=0.027 act=0.3979 flq=0.34
# PAIR t=30.0 p=24 d=1.296 pq=1:1 delta=+0.089 x=0.147 ratio=0.9833 dth=-0.040 gg=0.9920 fl=0.086 ret=0.914 shed=0.070 act=0.1825 flq=0.16
# PAIR t=30.0 p=25 d=1.374 pq=1:1 delta=+0.050 x=0.215 ratio=1.0337 dth=+0.037 gg=0.9825 fl=0.287 ret=0.963 shed=0.041 act=0.8844 flq=0.76
# PAIR t=30.0 p=26 d=1.327 pq=1:1 delta=+0.048 x=0.177 ratio=0.9968 dth=-0.026 gg=0.9977 fl=0.413 ret=0.958 shed=0.040 act=1.0243 flq=0.88
# PAIR t=30.0 p=27 d=1.216 pq=1:1 delta=+0.091 x=0.088 ratio=1.0081 dth=-0.040 gg=0.9917 fl=0.553 ret=0.869 shed=0.067 act=0.6872 flq=0.59
# PAIR t=30.0 p=28 d=1.519 pq=1:1 delta=+0.015 x=0.332 ratio=1.0215 dth=+0.306 gg=0.6725 fl=0.038 ret=0.992 shed=0.014 act=0.1948 flq=0.17
# PAIR t=30.0 p=29 d=1.433 pq=1:1 delta=+0.041 x=0.261 ratio=1.0056 dth=-0.011 gg=0.9979 fl=0.267 ret=0.973 shed=0.037 act=1.0293 flq=0.89
# PAIR t=30.0 p=30 d=1.380 pq=1:1 delta=+0.050 x=0.218 ratio=0.9767 dth=-0.061 gg=0.9923 fl=0.343 ret=0.963 shed=0.042 act=1.0794 flq=0.93
# PAIR t=30.0 p=31 d=1.343 pq=1:1 delta=+0.053 x=0.190 ratio=0.9818 dth=-0.030 gg=0.9972 fl=0.039 ret=0.957 shed=0.043 act=0.1041 flq=0.09
# PAIR t=30.0 p=32 d=1.268 pq=1:1 delta=+0.061 x=0.131 ratio=0.9905 dth=-0.035 gg=0.9962 fl=0.426 ret=0.934 shed=0.047 act=0.7675 flq=0.66
# PAIR t=30.0 p=33 d=1.363 pq=1:1 delta=+0.036 x=0.208 ratio=0.9910 dth=-0.032 gg=0.9979 fl=0.351 ret=0.972 shed=0.030 act=1.0307 flq=0.89
# PAIR t=30.0 p=34 d=1.495 pq=1:1 delta=+0.024 x=0.353 ratio=0.9778 dth=-0.117 gg=0.9560 fl=0.000 ret=0.986 shed=0.022 act=0.0000 flq=0.00
# PAIR t=30.0 p=35 d=1.154 pq=1:1 delta=+0.370 x=0.005 ratio=1.0017 dth=+0.038 gg=0.7130 fl=0.052 ret=0.052 shed=0.259 act=0.0325 flq=0.03
# PAIR t=30.0 p=36 d=1.182 pq=1:1 delta=+0.183 x=0.091 ratio=1.0088 dth=-0.095 gg=0.9671 fl=0.000 ret=0.655 shed=0.131 act=0.0000 flq=0.00
# PAIR t=30.0 p=37 d=1.251 pq=1:1 delta=+0.104 x=0.112 ratio=1.0014 dth=-0.052 gg=0.9892 fl=0.644 ret=0.873 shed=0.082 act=1.0394 flq=0.89
# PAIR t=30.0 p=38 d=1.362 pq=1:1 delta=+0.049 x=0.205 ratio=1.0087 dth=-0.010 gg=0.9968 fl=0.368 ret=0.962 shed=0.041 act=1.0741 flq=0.93
# PAIR t=30.0 p=39 d=1.162 pq=1:1 delta=+0.211 x=0.031 ratio=0.9881 dth=-0.116 gg=0.9560 fl=0.274 ret=0.510 shed=0.148 act=0.1926 flq=0.16
# PAIR t=30.0 p=40 d=1.550 pq=1:1 delta=+0.039 x=0.351 ratio=1.0255 dth=+0.145 gg=0.8961 fl=0.018 ret=0.980 shed=0.036 act=0.1026 flq=0.09
# PAIR t=30.0 p=41 d=1.381 pq=1:1 delta=+0.051 x=0.220 ratio=0.9703 dth=-0.073 gg=0.9885 fl=0.179 ret=0.964 shed=0.041 act=0.5678 flq=0.49
# PAIR t=30.0 p=42 d=1.280 pq=1:1 delta=+0.054 x=0.141 ratio=1.0134 dth=-0.021 gg=0.9969 fl=0.394 ret=0.944 shed=0.043 act=0.7618 flq=0.66
# PAIR t=30.0 p=43 d=1.112 pq=1:1 delta=+0.160 x=0.001 ratio=1.0002 dth=+0.028 gg=0.9304 fl=0.045 ret=0.045 shed=0.107 act=0.0113 flq=0.01
# PAIR t=30.0 p=44 d=1.200 pq=1:1 delta=+0.137 x=0.124 ratio=0.9831 dth=-0.062 gg=0.9811 fl=0.000 ret=0.777 shed=0.100 act=0.0000 flq=0.00
# PAIR t=30.0 p=45 d=1.351 pq=1:1 delta=+0.040 x=0.195 ratio=0.9994 dth=-0.018 gg=0.9984 fl=0.076 ret=0.968 shed=0.033 act=0.2111 flq=0.18
# PAIR t=30.0 p=46 d=1.425 pq=1:1 delta=+0.030 x=0.257 ratio=1.0076 dth=+0.004 gg=0.9977 fl=0.245 ret=0.980 shed=0.026 act=0.9162 flq=0.79
# PAIR t=30.0 p=47 d=1.531 pq=1:1 delta=+0.030 x=0.338 ratio=1.0060 dth=-0.016 gg=0.9991 fl=0.123 ret=0.983 shed=0.029 act=0.6471 flq=0.56
# PAIR t=30.0 p=48 d=1.481 pq=1:1 delta=+0.038 x=0.429 ratio=0.9975 dth=-0.019 gg=0.9985 fl=0.000 ret=0.977 shed=0.035 act=0.0000 flq=0.00
# PAIR t=30.0 p=49 d=1.220 pq=1:1 delta=+0.089 x=0.091 ratio=1.0033 dth=-0.046 gg=0.9922 fl=0.216 ret=0.870 shed=0.068 act=0.2775 flq=0.24
# PAIR t=30.0 p=50 d=1.357 pq=1:1 delta=+0.054 x=0.199 ratio=1.0046 dth=-0.032 gg=0.9970 fl=0.051 ret=0.957 shed=0.045 act=0.1452 flq=0.13
# PAIR t=30.0 p=51 d=1.319 pq=1:1 delta=+0.037 x=0.175 ratio=1.0270 dth=+0.015 gg=0.9941 fl=0.433 ret=0.968 shed=0.029 act=1.0373 flq=0.90
# PAIR t=30.0 p=52 d=1.479 pq=1:1 delta=+0.026 x=0.298 ratio=1.0097 dth=-0.008 gg=0.9992 fl=0.114 ret=0.984 shed=0.024 act=0.5118 flq=0.44
# PAIR t=30.0 p=53 d=1.464 pq=1:1 delta=+0.030 x=0.286 ratio=0.9921 dth=-0.027 gg=0.9985 fl=0.143 ret=0.982 shed=0.027 act=0.6125 flq=0.53
# PAIR t=30.0 p=54 d=1.178 pq=1:1 delta=+0.256 x=0.037 ratio=0.9763 dth=-0.122 gg=0.9365 fl=0.185 ret=0.484 shed=0.187 act=0.1583 flq=0.13
# PAIR t=30.0 p=55 d=1.359 pq=1:1 delta=+0.037 x=0.204 ratio=1.0008 dth=-0.016 gg=0.9986 fl=0.044 ret=0.970 shed=0.031 act=0.1256 flq=0.11
# PAIR t=30.0 p=56 d=1.330 pq=1:1 delta=+0.041 x=0.182 ratio=1.0240 dth=+0.000 gg=0.9966 fl=0.209 ret=0.966 shed=0.033 act=0.5268 flq=0.46
# PAIR t=30.0 p=57 d=1.210 pq=1:1 delta=+0.115 x=0.080 ratio=1.0076 dth=-0.054 gg=0.9868 fl=0.538 ret=0.825 shed=0.085 act=0.6326 flq=0.54
# PAIR t=30.0 p=58 d=1.281 pq=1:1 delta=+0.038 x=0.144 ratio=1.0030 dth=-0.017 gg=0.9985 fl=0.080 ret=0.961 shed=0.030 act=0.1565 flq=0.14
# PAIR t=30.0 p=59 d=1.546 pq=1:1 delta=+0.022 x=0.352 ratio=0.9962 dth=-0.148 gg=0.9273 fl=0.006 ret=0.988 shed=0.021 act=0.0305 flq=0.03
40.000	18662.1402	43.2145645	744.433693	17.0440796	19466.832514	0.000e+00	111245	14.982	15.132	14.783	0.052	25.2215	0.8476	5.3527	0.8496	0.9977	1.64995	1.64790	14.9976	14.9449	15.0205	-0.0011532	0.019233	0.0448	-8.46	8.1972	2.7384
# CONV t=40.00 cond=0 evap=0 rough=0 back_s=0
# LEDGER t=40.000 mode=1 sum_err=-107692 max|E-iEu|=1.488e-12 run_max_diff=1.500e-12 run_max_sum_err=108058 steps=2000 E0_int=19466832513953957 sum=19466832513846265
# PAIR t=40.0 p=0 d=1.281 pq=1:1 delta=+0.085 x=0.137 ratio=0.9891 dth=-0.051 gg=0.9925 fl=0.572 ret=0.912 shed=0.067 act=1.1116 flq=0.95
# PAIR t=40.0 p=1 d=1.229 pq=1:1 delta=+0.104 x=0.096 ratio=1.0195 dth=-0.046 gg=0.9892 fl=0.227 ret=0.863 shed=0.077 act=0.3134 flq=0.27
# PAIR t=40.0 p=2 d=1.286 pq=1:1 delta=+0.060 x=0.146 ratio=1.0011 dth=-0.029 gg=0.9964 fl=0.577 ret=0.940 shed=0.047 act=1.1596 flq=1.00
# PAIR t=40.0 p=3 d=1.478 pq=1:1 delta=+0.030 x=0.297 ratio=0.9961 dth=-0.021 gg=0.9990 fl=0.009 ret=0.982 shed=0.027 act=0.0409 flq=0.04
# PAIR t=40.0 p=4 d=1.467 pq=1:1 delta=+0.034 x=0.288 ratio=1.0094 dth=-0.016 gg=0.9988 fl=0.006 ret=0.979 shed=0.030 act=0.0266 flq=0.02
# PAIR t=40.0 p=5 d=1.467 pq=1:1 delta=+0.024 x=0.288 ratio=1.0015 dth=-0.016 gg=0.9994 fl=0.015 ret=0.985 shed=0.022 act=0.0650 flq=0.06
# PAIR t=40.0 p=6 d=1.519 pq=1:1 delta=+0.049 x=0.325 ratio=1.0103 dth=+0.032 gg=0.9847 fl=0.042 ret=0.973 shed=0.046 act=0.2112 flq=0.18
# PAIR t=40.0 p=7 d=1.421 pq=1:1 delta=+0.051 x=0.249 ratio=0.9947 dth=-0.038 gg=0.9968 fl=0.348 ret=0.966 shed=0.044 act=1.2841 flq=1.11
# PAIR t=40.0 p=8 d=1.311 pq=1:1 delta=+0.084 x=0.160 ratio=1.0095 dth=-0.041 gg=0.9930 fl=0.321 ret=0.924 shed=0.067 act=0.7368 flq=0.63
# PAIR t=40.0 p=9 d=1.343 pq=1:1 delta=+0.057 x=0.188 ratio=1.0109 dth=-0.020 gg=0.9964 fl=0.311 ret=0.953 shed=0.047 act=0.8334 flq=0.72
# PAIR t=40.0 p=10 d=1.201 pq=1:1 delta=+0.101 x=0.075 ratio=0.9931 dth=-0.053 gg=0.9899 fl=0.618 ret=0.837 shed=0.074 act=0.6717 flq=0.57
# PAIR t=40.0 p=11 d=1.239 pq=1:1 delta=+0.113 x=0.101 ratio=1.0062 dth=-0.056 gg=0.9874 fl=0.263 ret=0.858 shed=0.085 act=0.3903 flq=0.33
# PAIR t=40.0 p=12 d=1.334 pq=1:1 delta=+0.082 x=0.179 ratio=0.9779 dth=-0.072 gg=0.9895 fl=0.457 ret=0.931 shed=0.066 act=1.1769 flq=1.01
# PAIR t=40.0 p=13 d=1.137 pq=1:1 delta=+0.287 x=0.003 ratio=1.0003 dth=-0.214 gg=0.9027 fl=0.009 ret=0.030 shed=0.200 act=0.0043 flq=0.00
# PAIR t=40.0 p=14 d=1.539 pq=1:1 delta=+0.062 x=0.339 ratio=1.0049 dth=+0.225 gg=0.7666 fl=0.003 ret=0.967 shed=0.058 act=0.0171 flq=0.01
# PAIR t=40.0 p=15 d=1.402 pq=1:1 delta=+0.087 x=0.228 ratio=1.0049 dth=-0.043 gg=0.9924 fl=0.141 ret=0.940 shed=0.074 act=0.4857 flq=0.42
# PAIR t=40.0 p=16 d=1.486 pq=1:1 delta=+0.071 x=0.296 ratio=1.0067 dth=-0.019 gg=0.9940 fl=0.192 ret=0.958 shed=0.064 act=0.8845 flq=0.76
# PAIR t=40.0 p=17 d=1.264 pq=1:1 delta=+0.147 x=0.115 ratio=1.0017 dth=-0.074 gg=0.9786 fl=0.252 ret=0.838 shed=0.112 act=0.4441 flq=0.38
# PAIR t=40.0 p=18 d=1.110 pq=1:1 delta=+0.142 x=0.002 ratio=1.0009 dth=-0.117 gg=0.9717 fl=0.048 ret=0.048 shed=0.097 act=0.0108 flq=0.01
# PAIR t=40.0 p=19 d=1.281 pq=1:1 delta=+0.083 x=0.138 ratio=1.0001 dth=-0.041 gg=0.9931 fl=0.672 ret=0.914 shed=0.065 act=1.3064 flq=1.12
# PAIR t=40.0 p=20 d=1.454 pq=1:1 delta=+0.024 x=0.280 ratio=1.0159 dth=+0.044 gg=0.9872 fl=0.081 ret=0.985 shed=0.021 act=0.3351 flq=0.29
# PAIR t=40.0 p=21 d=1.535 pq=1:1 delta=+0.041 x=0.340 ratio=0.9944 dth=-0.293 gg=0.7419 fl=0.001 ret=0.978 shed=0.039 act=0.0051 flq=0.00
# PAIR t=40.0 p=22 d=1.232 pq=1:1 delta=+0.141 x=0.092 ratio=1.0071 dth=-0.068 gg=0.9802 fl=0.272 ret=0.815 shed=0.106 act=0.3836 flq=0.33
# PAIR t=40.0 p=23 d=1.470 pq=1:1 delta=+0.040 x=0.289 ratio=0.9886 dth=-0.042 gg=0.9965 fl=0.008 ret=0.976 shed=0.036 act=0.0362 flq=0.03
# PAIR t=40.0 p=24 d=1.296 pq=1:1 delta=+0.123 x=0.144 ratio=0.9776 dth=-0.084 gg=0.9830 fl=0.504 ret=0.881 shed=0.097 act=1.0699 flq=0.91
# PAIR t=40.0 p=25 d=1.374 pq=1:1 delta=+0.064 x=0.212 ratio=1.0151 dth=-0.007 gg=0.9935 fl=0.484 ret=0.952 shed=0.054 act=1.4901 flq=1.28
# PAIR t=40.0 p=26 d=1.327 pq=1:1 delta=+0.062 x=0.176 ratio=1.0013 dth=-0.030 gg=0.9961 fl=0.687 ret=0.946 shed=0.050 act=1.7050 flq=1.47
# PAIR t=40.0 p=27 d=1.216 pq=1:1 delta=+0.125 x=0.083 ratio=1.0067 dth=-0.065 gg=0.9846 fl=0.640 ret=0.820 shed=0.092 act=0.7949 flq=0.68
# PAIR t=40.0 p=28 d=1.519 pq=1:1 delta=+0.020 x=0.331 ratio=1.0182 dth=+0.299 gg=0.6810 fl=0.017 ret=0.989 shed=0.019 act=0.0887 flq=0.08
# PAIR t=40.0 p=29 d=1.433 pq=1:1 delta=+0.055 x=0.258 ratio=0.9969 dth=-0.030 gg=0.9970 fl=0.269 ret=0.964 shed=0.048 act=1.0363 flq=0.89
# PAIR t=40.0 p=30 d=1.380 pq=1:1 delta=+0.069 x=0.216 ratio=0.9764 dth=-0.079 gg=0.9875 fl=0.424 ret=0.950 shed=0.057 act=1.3342 flq=1.15
# PAIR t=40.0 p=31 d=1.343 pq=1:1 delta=+0.073 x=0.188 ratio=0.9583 dth=-0.114 gg=0.9711 fl=0.150 ret=0.942 shed=0.058 act=0.4035 flq=0.35
# PAIR t=40.0 p=32 d=1.268 pq=1:1 delta=+0.079 x=0.128 ratio=1.0004 dth=-0.040 gg=0.9938 fl=0.282 ret=0.913 shed=0.062 act=0.5076 flq=0.44
# PAIR t=40.0 p=33 d=1.363 pq=1:1 delta=+0.048 x=0.206 ratio=0.9983 dth=-0.029 gg=0.9976 fl=0.459 ret=0.963 shed=0.040 act=1.3480 flq=1.16
# PAIR t=40.0 p=34 d=1.495 pq=1:1 delta=+0.034 x=0.311 ratio=0.9627 dth=-0.224 gg=0.8419 fl=0.055 ret=0.981 shed=0.029 act=0.2593 flq=0.22
# PAIR t=40.0 p=35 d=1.154 pq=1:1 delta=+0.400 x=0.001 ratio=1.0003 dth=+0.187 gg=0.4633 fl=0.008 ret=0.008 shed=0.271 act=0.0047 flq=0.00
# PAIR t=40.0 p=36 d=1.182 pq=1:1 delta=+0.273 x=0.037 ratio=0.9947 dth=-0.129 gg=0.9280 fl=0.223 ret=0.484 shed=0.196 act=0.1994 flq=0.17
# PAIR t=40.0 p=37 d=1.251 pq=1:1 delta=+0.147 x=0.106 ratio=1.0083 dth=-0.068 gg=0.9785 fl=0.564 ret=0.829 shed=0.110 act=0.9098 flq=0.77
# PAIR t=40.0 p=38 d=1.362 pq=1:1 delta=+0.066 x=0.202 ratio=1.0045 dth=-0.026 gg=0.9954 fl=0.467 ret=0.949 shed=0.055 act=1.3641 flq=1.17
# PAIR t=40.0 p=39 d=1.162 pq=1:1 delta=+0.322 x=0.017 ratio=0.9993 dth=-0.254 gg=0.8709 fl=0.220 ret=0.245 shed=0.229 act=0.1545 flq=0.13
# PAIR t=40.0 p=40 d=1.550 pq=1:1 delta=+0.054 x=0.349 ratio=1.0412 dth=+0.456 gg=0.3892 fl=0.012 ret=0.973 shed=0.048 act=0.0684 flq=0.06
# PAIR t=40.0 p=41 d=1.381 pq=1:1 delta=+0.062 x=0.217 ratio=0.9890 dth=-0.041 gg=0.9958 fl=0.337 ret=0.955 shed=0.052 act=1.0680 flq=0.92
# PAIR t=40.0 p=42 d=1.280 pq=1:1 delta=+0.071 x=0.138 ratio=0.9916 dth=-0.038 gg=0.9949 fl=0.260 ret=0.927 shed=0.056 act=0.5023 flq=0.43
# PAIR t=40.0 p=43 d=1.112 pq=1:1 delta=+0.159 x=0.001 ratio=1.0001 dth=-0.077 gg=0.9751 fl=0.057 ret=0.057 shed=0.106 act=0.0142 flq=0.01
# PAIR t=40.0 p=44 d=1.200 pq=1:1 delta=+0.202 x=0.060 ratio=0.9964 dth=-0.099 gg=0.9599 fl=0.327 ret=0.674 shed=0.146 act=0.3505 flq=0.30
# PAIR t=40.0 p=45 d=1.351 pq=1:1 delta=+0.053 x=0.195 ratio=1.0066 dth=-0.024 gg=0.9972 fl=0.410 ret=0.958 shed=0.044 act=1.1405 flq=0.98
# PAIR t=40.0 p=46 d=1.425 pq=1:1 delta=+0.040 x=0.255 ratio=1.0027 dth=-0.002 gg=0.9971 fl=0.230 ret=0.973 shed=0.035 act=0.8594 flq=0.74
# PAIR t=40.0 p=47 d=1.531 pq=1:1 delta=+0.040 x=0.336 ratio=1.0170 dth=+0.042 gg=0.9829 fl=0.204 ret=0.978 shed=0.037 act=1.0781 flq=0.93
# PAIR t=40.0 p=48 d=1.481 pq=1:1 delta=+0.055 x=0.294 ratio=0.9922 dth=-0.039 gg=0.9964 fl=0.292 ret=0.967 shed=0.051 act=1.3214 flq=1.14
# PAIR t=40.0 p=49 d=1.220 pq=1:1 delta=+0.118 x=0.087 ratio=1.0097 dth=-0.056 gg=0.9861 fl=0.256 ret=0.834 shed=0.087 act=0.3288 flq=0.28
# PAIR t=40.0 p=50 d=1.357 pq=1:1 delta=+0.070 x=0.197 ratio=0.9964 dth=-0.037 gg=0.9951 fl=0.315 ret=0.944 shed=0.059 act=0.9002 flq=0.77
# PAIR t=40.0 p=51 d=1.319 pq=1:1 delta=+0.050 x=0.171 ratio=0.9918 dth=-0.029 gg=0.9974 fl=0.274 ret=0.955 shed=0.041 act=0.6565 flq=0.57
# PAIR t=40.0 p=52 d=1.479 pq=1:1 delta=+0.036 x=0.296 ratio=0.9843 dth=-0.027 gg=0.9984 fl=0.011 ret=0.979 shed=0.032 act=0.0498 flq=0.04
# PAIR t=40.0 p=53 d=1.464 pq=1:1 delta=+0.040 x=0.284 ratio=0.9774 dth=-0.050 gg=0.9947 fl=0.012 ret=0.976 shed=0.035 act=0.0509 flq=0.04
# PAIR t=40.0 p=54 d=1.178 pq=1:1 delta=+0.375 x=0.021 ratio=0.9925 dth=-0.120 gg=0.8524 fl=0.220 ret=0.287 shed=0.259 act=0.1882 flq=0.15
# PAIR t=40.0 p=55 d=1.359 pq=1:1 delta=+0.050 x=0.202 ratio=0.9978 dth=-0.027 gg=0.9975 fl=0.276 ret=0.961 shed=0.041 act=0.7974 flq=0.69
# PAIR t=40.0 p=56 d=1.330 pq=1:1 delta=+0.053 x=0.180 ratio=1.0173 dth=-0.001 gg=0.9946 fl=0.457 ret=0.954 shed=0.043 act=1.1528 flq=0.99
# PAIR t=40.0 p=57 d=1.210 pq=1:1 delta=+0.148 x=0.075 ratio=1.0318 dth=-0.057 gg=0.9772 fl=0.428 ret=0.780 shed=0.107 act=0.5022 flq=0.43
# PAIR t=40.0 p=58 d=1.281 pq=1:1 delta=+0.049 x=0.144 ratio=0.9833 dth=-0.042 gg=0.9963 fl=0.517 ret=0.950 shed=0.038 act=1.0081 flq=0.87
# PAIR t=40.0 p=59 d=1.546 pq=1:1 delta=+0.029 x=0.351 ratio=0.9950 dth=-0.241 gg=0.8129 fl=0.006 ret=0.985 shed=0.027 act=0.0305 flq=0.03
50.000	18662.1402	42.7227954	744.433693	17.5358487	19466.832514	0.000e+00	111227	14.645	14.894	14.894	0.041	25.2377	0.8474	3.736	0.8496	0.9975	1.64993	1.64789	15.0064	14.9578	15.0113	0.018937	-0.0083555	0.018956	-6.9488	3.2763	16.837
# CONV t=50.00 cond=0 evap=0 rough=0 back_s=0
# LEDGER t=50.000 mode=1 sum_err=-108882 max|E-iEu|=1.495e-12 run_max_diff=1.500e-12 run_max_sum_err=109067 steps=2500 E0_int=19466832513953957 sum=19466832513845075
# PAIR t=50.0 p=0 d=1.281 pq=1:1 delta=+0.104 x=0.134 ratio=1.0078 dth=-0.048 gg=0.9891 fl=0.406 ret=0.893 shed=0.081 act=0.7897 flq=0.68
# PAIR t=50.0 p=1 d=1.229 pq=1:1 delta=+0.136 x=0.091 ratio=0.9985 dth=-0.066 gg=0.9817 fl=0.319 ret=0.818 shed=0.102 act=0.4410 flq=0.38
# PAIR t=50.0 p=2 d=1.286 pq=1:1 delta=+0.075 x=0.143 ratio=1.0036 dth=-0.036 gg=0.9944 fl=0.410 ret=0.925 shed=0.059 act=0.8235 flq=0.71
# PAIR t=50.0 p=3 d=1.478 pq=1:1 delta=+0.037 x=0.296 ratio=0.9941 dth=-0.036 gg=0.9974 fl=0.240 ret=0.978 shed=0.034 act=1.0785 flq=0.93
# PAIR t=50.0 p=4 d=1.467 pq=1:1 delta=+0.041 x=0.287 ratio=1.0161 dth=+0.058 gg=0.9740 fl=0.149 ret=0.975 shed=0.037 act=0.6448 flq=0.56
# PAIR t=50.0 p=5 d=1.467 pq=1:1 delta=+0.030 x=0.288 ratio=0.9921 dth=-0.030 gg=0.9982 fl=0.359 ret=0.982 shed=0.027 act=1.5537 flq=1.34
# PAIR t=50.0 p=6 d=1.519 pq=1:1 delta=+0.062 x=0.323 ratio=1.0238 dth=+0.136 gg=0.8909 fl=0.082 ret=0.966 shed=0.057 act=0.4156 flq=0.36
# PAIR t=50.0 p=7 d=1.421 pq=1:1 delta=+0.064 x=0.247 ratio=1.0011 dth=-0.030 gg=0.9960 fl=0.338 ret=0.958 shed=0.055 act=1.2471 flq=1.07
# PAIR t=50.0 p=8 d=1.311 pq=1:1 delta=+0.111 x=0.157 ratio=1.0069 dth=-0.051 gg=0.9876 fl=0.669 ret=0.899 shed=0.088 act=1.5354 flq=1.31
# PAIR t=50.0 p=9 d=1.343 pq=1:1 delta=+0.068 x=0.187 ratio=1.0148 dth=-0.016 gg=0.9942 fl=0.471 ret=0.945 shed=0.055 act=1.2616 flq=1.09
# PAIR t=50.0 p=10 d=1.201 pq=1:1 delta=+0.145 x=0.069 ratio=1.0079 dth=-0.069 gg=0.9791 fl=0.625 ret=0.769 shed=0.104 act=0.6789 flq=0.58
# PAIR t=50.0 p=11 d=1.239 pq=1:1 delta=+0.149 x=0.097 ratio=1.0228 dth=-0.067 gg=0.9779 fl=0.240 ret=0.816 shed=0.111 act=0.3559 flq=0.30
# PAIR t=50.0 p=12 d=1.334 pq=1:1 delta=+0.097 x=0.175 ratio=1.0013 dth=-0.049 gg=0.9906 fl=0.246 ret=0.917 shed=0.080 act=0.6329 flq=0.54
# PAIR t=50.0 p=13 d=1.137 pq=1:1 delta=+0.295 x=0.002 ratio=0.9996 dth=-0.307 gg=0.8276 fl=0.023 ret=0.032 shed=0.200 act=0.0109 flq=0.01
# PAIR t=50.0 p=14 d=1.539 pq=1:1 delta=+0.079 x=0.336 ratio=1.0060 dth=+0.324 gg=0.5838 fl=0.003 ret=0.958 shed=0.073 act=0.0171 flq=0.01
# PAIR t=50.0 p=15 d=1.402 pq=1:1 delta=+0.110 x=0.224 ratio=0.9875 dth=-0.061 gg=0.9879 fl=0.163 ret=0.924 shed=0.093 act=0.5608 flq=0.48
# PAIR t=50.0 p=16 d=1.486 pq=1:1 delta=+0.088 x=0.293 ratio=1.0042 dth=-0.035 gg=0.9921 fl=0.100 ret=0.949 shed=0.079 act=0.4593 flq=0.39
# PAIR t=50.0 p=17 d=1.264 pq=1:1 delta=+0.171 x=0.111 ratio=1.0046 dth=-0.087 gg=0.9711 fl=0.068 ret=0.813 shed=0.130 act=0.1201 flq=0.10
# PAIR t=50.0 p=18 d=1.110 pq=1:1 delta=+0.146 x=0.001 ratio=1.0006 dth=-0.069 gg=0.9788 fl=0.035 ret=0.037 shed=0.098 act=0.0079 flq=0.01
# PAIR t=50.0 p=19 d=1.281 pq=1:1 delta=+0.103 x=0.134 ratio=0.9995 dth=-0.050 gg=0.9895 fl=0.486 ret=0.894 shed=0.080 act=0.9444 flq=0.81
# PAIR t=50.0 p=20 d=1.454 pq=1:1 delta=+0.029 x=0.279 ratio=1.0054 dth=+0.040 gg=0.9876 fl=0.051 ret=0.982 shed=0.026 act=0.2094 flq=0.18
# PAIR t=50.0 p=21 d=1.535 pq=1:1 delta=+0.053 x=0.338 ratio=0.9930 dth=-0.426 gg=0.5241 fl=0.001 ret=0.971 shed=0.051 act=0.0051 flq=0.00
# PAIR t=50.0 p=22 d=1.232 pq=1:1 delta=+0.183 x=0.087 ratio=1.0129 dth=-0.090 gg=0.9672 fl=0.284 ret=0.763 shed=0.136 act=0.4004 flq=0.34
# PAIR t=50.0 p=23 d=1.470 pq=1:1 delta=+0.049 x=0.287 ratio=1.0019 dth=-0.016 gg=0.9973 fl=0.256 ret=0.970 shed=0.044 act=1.1179 flq=0.96
# PAIR t=50.0 p=24 d=1.296 pq=1:1 delta=+0.153 x=0.139 ratio=0.9766 dth=-0.087 gg=0.9763 fl=0.340 ret=0.855 shed=0.119 act=0.7212 flq=0.61
# PAIR t=50.0 p=25 d=1.374 pq=1:1 delta=+0.079 x=0.209 ratio=1.0029 dth=-0.040 gg=0.9938 fl=0.160 ret=0.940 shed=0.067 act=0.4929 flq=0.42
# PAIR t=50.0 p=26 d=1.327 pq=1:1 delta=+0.077 x=0.172 ratio=1.0003 dth=-0.039 gg=0.9940 fl=0.343 ret=0.933 shed=0.062 act=0.8504 flq=0.73
# PAIR t=50.0 p=27 d=1.216 pq=1:1 delta=+0.145 x=0.081 ratio=1.0094 dth=-0.074 gg=0.9793 fl=0.671 ret=0.794 shed=0.105 act=0.8341 flq=0.71
# PAIR t=50.0 p=28 d=1.519 pq=1:1 delta=+0.025 x=0.330 ratio=1.0140 dth=+0.247 gg=0.7625 fl=0.049 ret=0.986 shed=0.023 act=0.2468 flq=0.21
# PAIR t=50.0 p=29 d=1.433 pq=1:1 delta=+0.069 x=0.256 ratio=0.9846 dth=-0.065 gg=0.9917 fl=0.214 ret=0.955 shed=0.060 act=0.8241 flq=0.71
# PAIR t=50.0 p=30 d=1.380 pq=1:1 delta=+0.088 x=0.212 ratio=0.9725 dth=-0.075 gg=0.9884 fl=0.102 ret=0.936 shed=0.073 act=0.3206 flq=0.27
# PAIR t=50.0 p=31 d=1.343 pq=1:1 delta=+0.092 x=0.185 ratio=0.9567 dth=-0.143 gg=0.9548 fl=0.248 ret=0.927 shed=0.073 act=0.6671 flq=0.57
# PAIR t=50.0 p=32 d=1.268 pq=1:1 delta=+0.094 x=0.125 ratio=0.9996 dth=-0.046 gg=0.9913 fl=0.075 ret=0.899 shed=0.072 act=0.1351 flq=0.12
# PAIR t=50.0 p=33 d=1.363 pq=1:1 delta=+0.060 x=0.204 ratio=0.9836 dth=-0.038 gg=0.9961 fl=0.110 ret=0.954 shed=0.050 act=0.3221 flq=0.28
# PAIR t=50.0 p=34 d=1.495 pq=1:1 delta=+0.044 x=0.309 ratio=0.9522 dth=-0.493 gg=0.4075 fl=0.016 ret=0.977 shed=0.037 act=0.0766 flq=0.07
# PAIR t=50.0 p=35 d=1.154 pq=1:1 delta=+0.407 x=0.000 ratio=1.0005 dth=+0.396 gg=0.1934 fl=0.001 ret=0.006 shed=0.271 act=0.0007 flq=0.00
# PAIR t=50.0 p=36 d=1.182 pq=1:1 delta=+0.372 x=0.025 ratio=1.0019 dth=-0.201 gg=0.8695 fl=0.228 ret=0.316 shed=0.259 act=0.2045 flq=0.17
# PAIR t=50.0 p=37 d=1.251 pq=1:1 delta=+0.205 x=0.098 ratio=1.0097 dth=-0.100 gg=0.9586 fl=0.487 ret=0.763 shed=0.153 act=0.7850 flq=0.66
# PAIR t=50.0 p=38 d=1.362 pq=1:1 delta=+0.084 x=0.199 ratio=1.0026 dth=-0.040 gg=0.9930 fl=0.134 ret=0.935 shed=0.069 act=0.3906 flq=0.34
# PAIR t=50.0 p=39 d=1.162 pq=1:1 delta=+0.394 x=0.008 ratio=0.9994 dth=-0.237 gg=0.8507 fl=0.043 ret=0.094 shed=0.274 act=0.0300 flq=0.02
# PAIR t=50.0 p=40 d=1.550 pq=1:1 delta=+0.067 x=0.347 ratio=1.0484 dth=+1.128 gg=0.0032 fl=0.000 ret=0.966 shed=0.060 act=0.0006 flq=0.00
# PAIR t=50.0 p=41 d=1.381 pq=1:1 delta=+0.074 x=0.216 ratio=0.9865 dth=-0.053 gg=0.9936 fl=0.401 ret=0.946 shed=0.061 act=1.2704 flq=1.09
# PAIR t=50.0 p=42 d=1.280 pq=1:1 delta=+0.085 x=0.135 ratio=0.9967 dth=-0.044 gg=0.9929 fl=0.072 ret=0.913 shed=0.066 act=0.1385 flq=0.12
# PAIR t=50.0 p=43 d=1.112 pq=1:1 delta=+0.160 x=0.001 ratio=1.0000 dth=-0.111 gg=0.9710 fl=0.049 ret=0.050 shed=0.106 act=0.0123 flq=0.01
# PAIR t=50.0 p=44 d=1.200 pq=1:1 delta=+0.272 x=0.051 ratio=0.9973 dth=-0.152 gg=0.9279 fl=0.420 ret=0.568 shed=0.193 act=0.4501 flq=0.38
# PAIR t=50.0 p=45 d=1.351 pq=1:1 delta=+0.065 x=0.194 ratio=0.9944 dth=-0.037 gg=0.9956 fl=0.616 ret=0.948 shed=0.054 act=1.7116 flq=1.47
# PAIR t=50.0 p=46 d=1.425 pq=1:1 delta=+0.049 x=0.253 ratio=0.9895 dth=-0.064 gg=0.9915 fl=0.197 ret=0.967 shed=0.043 act=0.7383 flq=0.64
# PAIR t=50.0 p=47 d=1.531 pq=1:1 delta=+0.050 x=0.334 ratio=1.0202 dth=+0.035 gg=0.9829 fl=0.097 ret=0.973 shed=0.047 act=0.5120 flq=0.44
# PAIR t=50.0 p=48 d=1.481 pq=1:1 delta=+0.074 x=0.290 ratio=0.9990 dth=-0.035 gg=0.9945 fl=0.168 ret=0.956 shed=0.067 act=0.7614 flq=0.65
# PAIR t=50.0 p=49 d=1.220 pq=1:1 delta=+0.158 x=0.081 ratio=1.0053 dth=-0.077 gg=0.9752 fl=0.301 ret=0.776 shed=0.118 act=0.3868 flq=0.33
# PAIR t=50.0 p=50 d=1.357 pq=1:1 delta=+0.088 x=0.195 ratio=0.9947 dth=-0.050 gg=0.9922 fl=0.481 ret=0.932 shed=0.072 act=1.3724 flq=1.18
# PAIR t=50.0 p=51 d=1.319 pq=1:1 delta=+0.063 x=0.170 ratio=0.9825 dth=-0.052 gg=0.9943 fl=0.553 ret=0.944 shed=0.051 act=1.3263 flq=1.14
# PAIR t=50.0 p=52 d=1.479 pq=1:1 delta=+0.044 x=0.295 ratio=0.9892 dth=-0.037 gg=0.9972 fl=0.300 ret=0.974 shed=0.040 act=1.3522 flq=1.17
# PAIR t=50.0 p=53 d=1.464 pq=1:1 delta=+0.051 x=0.283 ratio=0.9810 dth=-0.078 gg=0.9866 fl=0.294 ret=0.969 shed=0.045 act=1.2621 flq=1.09
# PAIR t=50.0 p=54 d=1.178 pq=1:1 delta=+0.448 x=0.012 ratio=1.0006 dth=-0.248 gg=0.8158 fl=0.080 ret=0.157 shed=0.306 act=0.0685 flq=0.06
# PAIR t=50.0 p=55 d=1.359 pq=1:1 delta=+0.062 x=0.201 ratio=0.9951 dth=-0.037 gg=0.9960 fl=0.445 ret=0.951 shed=0.052 act=1.2848 flq=1.11
# PAIR t=50.0 p=56 d=1.330 pq=1:1 delta=+0.066 x=0.178 ratio=1.0147 dth=-0.021 gg=0.9951 fl=0.196 ret=0.944 shed=0.053 act=0.4942 flq=0.43
# PAIR t=50.0 p=57 d=1.210 pq=1:1 delta=+0.210 x=0.067 ratio=1.0372 dth=-0.045 gg=0.9428 fl=0.388 ret=0.689 shed=0.151 act=0.4553 flq=0.38
# PAIR t=50.0 p=58 d=1.281 pq=1:1 delta=+0.061 x=0.141 ratio=0.9951 dth=-0.036 gg=0.9962 fl=0.388 ret=0.937 shed=0.048 act=0.7566 flq=0.65
# PAIR t=50.0 p=59 d=1.546 pq=1:1 delta=+0.033 x=0.350 ratio=0.9944 dth=-0.351 gg=0.6378 fl=0.006 ret=0.982 shed=0.032 act=0.0305 flq=0.03
# QATOM t=56.02 dir=FD w=1.23773502 e=0.226540393104
60.000	18662.1062	45.1481796	744.207153	15.370986	19466.832514	0.000e+00	111281	14.645	15.288	15.074	0.043	25.3366	0.8477	0.50541	0.8496	0.9978	1.64989	1.64788	15.0000	14.9841	15.0539	-0.013014	0.00013765	-0.033528	-16.47	-5.094	21.102
# CONV t=60.00 cond=0.22654 evap=0 rough=0 back_s=0
# LEDGER t=60.000 mode=1 sum_err=-109801 max|E-iEu|=1.488e-12 run_max_diff=1.500e-12 run_max_sum_err=109988 steps=3000 E0_int=19466832513953957 sum=19466832513844156
# PAIR t=60.0 p=0 d=1.281 pq=1:1 delta=+0.129 x=0.130 ratio=0.9946 dth=-0.065 gg=0.9835 fl=0.160 ret=0.869 shed=0.099 act=0.3100 flq=0.26
# PAIR t=60.0 p=1 d=1.229 pq=1:1 delta=+0.157 x=0.088 ratio=1.0014 dth=-0.078 gg=0.9756 fl=0.364 ret=0.794 shed=0.116 act=0.5024 flq=0.43
# PAIR t=60.0 p=2 d=1.286 pq=1:1 delta=+0.086 x=0.141 ratio=1.0063 dth=-0.041 gg=0.9926 fl=0.149 ret=0.913 shed=0.068 act=0.2983 flq=0.26
# PAIR t=60.0 p=3 d=1.478 pq=1:1 delta=+0.044 x=0.295 ratio=0.9982 dth=-0.023 gg=0.9981 fl=0.172 ret=0.974 shed=0.040 act=0.7730 flq=0.67
# PAIR t=60.0 p=4 d=1.467 pq=1:1 delta=+0.049 x=0.286 ratio=1.0158 dth=+0.021 gg=0.9896 fl=0.104 ret=0.971 shed=0.043 act=0.4491 flq=0.39
# PAIR t=60.0 p=5 d=1.467 pq=1:1 delta=+0.035 x=0.287 ratio=0.9859 dth=-0.040 gg=0.9968 fl=0.248 ret=0.979 shed=0.031 act=1.0705 flq=0.93
# PAIR t=60.0 p=6 d=1.519 pq=1:1 delta=+0.074 x=0.321 ratio=1.0297 dth=+0.159 gg=0.8517 fl=0.038 ret=0.960 shed=0.068 act=0.1957 flq=0.17
# PAIR t=60.0 p=7 d=1.421 pq=1:1 delta=+0.076 x=0.245 ratio=1.0086 dth=-0.027 gg=0.9938 fl=0.299 ret=0.949 shed=0.066 act=1.1036 flq=0.95
# PAIR t=60.0 p=8 d=1.311 pq=1:1 delta=+0.131 x=0.153 ratio=0.9951 dth=-0.066 gg=0.9830 fl=0.435 ret=0.880 shed=0.105 act=0.9998 flq=0.85
# PAIR t=60.0 p=9 d=1.343 pq=1:1 delta=+0.083 x=0.184 ratio=1.0042 dth=-0.041 gg=0.9932 fl=0.101 ret=0.933 shed=0.067 act=0.2714 flq=0.23
# PAIR t=60.0 p=10 d=1.201 pq=1:1 delta=+0.174 x=0.064 ratio=1.0103 dth=-0.088 gg=0.9703 fl=0.175 ret=0.723 shed=0.125 act=0.1899 flq=0.16
# PAIR t=60.0 p=11 d=1.239 pq=1:1 delta=+0.180 x=0.092 ratio=1.0035 dth=-0.088 gg=0.9680 fl=0.336 ret=0.775 shed=0.135 act=0.4985 flq=0.42
# PAIR t=60.0 p=12 d=1.334 pq=1:1 delta=+0.112 x=0.174 ratio=0.9956 dth=-0.061 gg=0.9874 fl=0.516 ret=0.906 shed=0.091 act=1.3281 flq=1.13
# PAIR t=60.0 p=13 d=1.137 pq=1:1 delta=+0.298 x=0.002 ratio=1.0000 dth=-0.317 gg=0.8170 fl=0.014 ret=0.014 shed=0.203 act=0.0065 flq=0.01
# PAIR t=60.0 p=14 d=1.539 pq=1:1 delta=+0.093 x=0.334 ratio=1.0065 dth=+0.446 gg=0.3723 fl=0.003 ret=0.951 shed=0.086 act=0.0171 flq=0.01
# PAIR t=60.0 p=15 d=1.402 pq=1:1 delta=+0.131 x=0.221 ratio=0.9960 dth=-0.069 gg=0.9829 fl=0.188 ret=0.910 shed=0.111 act=0.6452 flq=0.55
# PAIR t=60.0 p=16 d=1.486 pq=1:1 delta=+0.103 x=0.374 ratio=0.9948 dth=-0.056 gg=0.9893 fl=0.000 ret=0.940 shed=0.093 act=0.0000 flq=0.00
# PAIR t=60.0 p=17 d=1.264 pq=1:1 delta=+0.209 x=0.107 ratio=0.9937 dth=-0.110 gg=0.9570 fl=0.556 ret=0.773 shed=0.158 act=0.9784 flq=0.82
# PAIR t=60.0 p=18 d=1.110 pq=1:1 delta=+0.146 x=0.001 ratio=1.0005 dth=-0.022 gg=0.9685 fl=0.029 ret=0.029 shed=0.099 act=0.0067 flq=0.01
# PAIR t=60.0 p=19 d=1.281 pq=1:1 delta=+0.129 x=0.129 ratio=1.0010 dth=-0.064 gg=0.9834 fl=0.195 ret=0.869 shed=0.099 act=0.3793 flq=0.32
# PAIR t=60.0 p=20 d=1.454 pq=1:1 delta=+0.034 x=0.278 ratio=0.9951 dth=-0.031 gg=0.9980 fl=0.021 ret=0.978 shed=0.031 act=0.0871 flq=0.08
# PAIR t=60.0 p=21 d=1.535 pq=1:1 delta=+0.065 x=0.335 ratio=0.9919 dth=-0.586 gg=0.2880 fl=0.001 ret=0.965 shed=0.061 act=0.0051 flq=0.00
# PAIR t=60.0 p=22 d=1.232 pq=1:1 delta=+0.231 x=0.080 ratio=1.0097 dth=-0.114 gg=0.9479 fl=0.312 ret=0.704 shed=0.170 act=0.4399 flq=0.37
# PAIR t=60.0 p=23 d=1.470 pq=1:1 delta=+0.060 x=0.285 ratio=1.0020 dth=-0.021 gg=0.9962 fl=0.187 ret=0.964 shed=0.053 act=0.8148 flq=0.70
# PAIR t=60.0 p=24 d=1.296 pq=1:1 delta=+0.192 x=0.132 ratio=0.9900 dth=-0.096 gg=0.9637 fl=0.163 ret=0.818 shed=0.149 act=0.3461 flq=0.29
# PAIR t=60.0 p=25 d=1.374 pq=1:1 delta=+0.095 x=0.207 ratio=0.9952 dth=-0.050 gg=0.9910 fl=0.296 ret=0.929 shed=0.079 act=0.9116 flq=0.78
# PAIR t=60.0 p=26 d=1.327 pq=1:1 delta=+0.093 x=0.171 ratio=1.0004 dth=-0.046 gg=0.9914 fl=0.637 ret=0.920 shed=0.075 act=1.5802 flq=1.35
# PAIR t=60.0 p=27 d=1.216 pq=1:1 delta=+0.190 x=0.073 ratio=1.0029 dth=-0.093 gg=0.9647 fl=0.214 ret=0.727 shed=0.139 act=0.2664 flq=0.22
# PAIR t=60.0 p=28 d=1.519 pq=1:1 delta=+0.031 x=0.329 ratio=1.0123 dth=+0.139 gg=0.9081 fl=0.031 ret=0.983 shed=0.028 act=0.1555 flq=0.13
# PAIR t=60.0 p=29 d=1.433 pq=1:1 delta=+0.085 x=0.254 ratio=0.9766 dth=-0.111 gg=0.9744 fl=0.163 ret=0.945 shed=0.074 act=0.6272 flq=0.54
# PAIR t=60.0 p=30 d=1.380 pq=1:1 delta=+0.108 x=0.209 ratio=0.9772 dth=-0.080 gg=0.9857 fl=0.218 ret=0.921 shed=0.090 act=0.6861 flq=0.59
# PAIR t=60.0 p=31 d=1.343 pq=1:1 delta=+0.109 x=0.181 ratio=0.9851 dth=-0.060 gg=0.9880 fl=0.083 ret=0.912 shed=0.088 act=0.2232 flq=0.19
# PAIR t=60.0 p=32 d=1.268 pq=1:1 delta=+0.118 x=0.123 ratio=0.9877 dth=-0.069 gg=0.9858 fl=0.598 ret=0.873 shed=0.090 act=1.0786 flq=0.92
# PAIR t=60.0 p=33 d=1.363 pq=1:1 delta=+0.072 x=0.202 ratio=0.9956 dth=-0.043 gg=0.9946 fl=0.245 ret=0.945 shed=0.059 act=0.7180 flq=0.62
# PAIR t=60.0 p=34 d=1.495 pq=1:1 delta=-0.228 x=0.368 ratio=1.0464 dth=-0.436 gg=0.2782 fl=0.000 ret=1.138 shed=-0.219 act=0.0000 flq=0.00
# PAIR t=60.0 p=35 d=1.154 pq=1:1 delta=+0.408 x=0.000 ratio=1.0002 dth=+0.486 gg=0.1187 fl=0.002 ret=0.002 shed=0.272 act=0.0011 flq=0.00
# PAIR t=60.0 p=36 d=1.182 pq=1:1 delta=+0.478 x=0.022 ratio=0.9993 dth=-0.239 gg=0.7953 fl=0.000 ret=0.143 shed=0.325 act=0.0000 flq=0.00
# PAIR t=60.0 p=37 d=1.251 pq=1:1 delta=+0.244 x=0.092 ratio=1.0250 dth=-0.113 gg=0.9418 fl=0.342 ret=0.720 shed=0.181 act=0.5510 flq=0.46
# PAIR t=60.0 p=38 d=1.362 pq=1:1 delta=+0.102 x=0.197 ratio=1.0209 dth=-0.027 gg=0.9875 fl=0.205 ret=0.922 shed=0.084 act=0.5988 flq=0.51
# PAIR t=60.0 p=39 d=1.162 pq=1:1 delta=+0.428 x=0.004 ratio=0.9985 dth=-0.389 gg=0.7354 fl=0.024 ret=0.024 shed=0.296 act=0.0166 flq=0.01
# PAIR t=60.0 p=40 d=1.550 pq=1:1 delta=+0.082 x=0.344 ratio=1.0490 dth=+2.083 gg=0.0000 fl=0.000 ret=0.959 shed=0.074 act=0.0000 flq=0.00
# PAIR t=60.0 p=41 d=1.381 pq=1:1 delta=+0.086 x=0.214 ratio=1.0140 dth=-0.028 gg=0.9918 fl=0.454 ret=0.938 shed=0.071 act=1.4384 flq=1.23
# PAIR t=60.0 p=42 d=1.280 pq=1:1 delta=+0.104 x=0.134 ratio=1.0018 dth=-0.050 gg=0.9893 fl=0.637 ret=0.894 shed=0.080 act=1.2333 flq=1.06
# PAIR t=60.0 p=43 d=1.112 pq=1:1 delta=+0.162 x=0.001 ratio=1.0000 dth=-0.096 gg=0.9732 fl=0.038 ret=0.038 shed=0.108 act=0.0095 flq=0.01
# PAIR t=60.0 p=44 d=1.200 pq=1:1 delta=+0.356 x=0.072 ratio=1.0104 dth=-0.208 gg=0.8779 fl=0.000 ret=0.442 shed=0.250 act=0.0000 flq=0.00
# PAIR t=60.0 p=45 d=1.351 pq=1:1 delta=+0.078 x=0.190 ratio=1.0059 dth=-0.041 gg=0.9939 fl=0.137 ret=0.938 shed=0.064 act=0.3795 flq=0.33
# PAIR t=60.0 p=46 d=1.425 pq=1:1 delta=+0.059 x=0.251 ratio=0.9969 dth=-0.051 gg=0.9947 fl=0.196 ret=0.961 shed=0.051 act=0.7340 flq=0.63
# PAIR t=60.0 p=47 d=1.531 pq=1:1 delta=+0.061 x=0.333 ratio=1.0254 dth=+0.084 gg=0.9449 fl=0.169 ret=0.967 shed=0.057 act=0.8903 flq=0.77
# PAIR t=60.0 p=48 d=1.481 pq=1:1 delta=+0.089 x=0.420 ratio=1.0020 dth=-0.045 gg=0.9921 fl=0.000 ret=0.948 shed=0.080 act=0.0000 flq=0.00
# PAIR t=60.0 p=49 d=1.220 pq=1:1 delta=+0.181 x=0.078 ratio=1.0004 dth=-0.091 gg=0.9676 fl=0.333 ret=0.748 shed=0.133 act=0.4280 flq=0.36
# PAIR t=60.0 p=50 d=1.357 pq=1:1 delta=+0.105 x=0.191 ratio=0.9954 dth=-0.056 gg=0.9889 fl=0.096 ret=0.918 shed=0.087 act=0.2740 flq=0.23
# PAIR t=60.0 p=51 d=1.319 pq=1:1 delta=+0.072 x=0.168 ratio=0.9926 dth=-0.041 gg=0.9947 fl=0.381 ret=0.936 shed=0.059 act=0.9146 flq=0.79
# PAIR t=60.0 p=52 d=1.479 pq=1:1 delta=+0.053 x=0.294 ratio=0.9845 dth=-0.060 gg=0.9926 fl=0.204 ret=0.969 shed=0.047 act=0.9209 flq=0.79
# PAIR t=60.0 p=53 d=1.464 pq=1:1 delta=+0.062 x=0.281 ratio=1.0325 dth=+0.011 gg=0.9890 fl=0.182 ret=0.963 shed=0.054 act=0.7785 flq=0.67
# PAIR t=60.0 p=54 d=1.178 pq=1:1 delta=+0.510 x=0.005 ratio=0.9995 dth=-0.307 gg=0.7621 fl=0.042 ret=0.042 shed=0.347 act=0.0356 flq=0.03
# PAIR t=60.0 p=55 d=1.359 pq=1:1 delta=+0.075 x=0.198 ratio=0.9963 dth=-0.037 gg=0.9944 fl=0.085 ret=0.942 shed=0.062 act=0.2460 flq=0.21
# PAIR t=60.0 p=56 d=1.330 pq=1:1 delta=+0.083 x=0.176 ratio=1.0372 dth=+0.017 gg=0.9797 fl=0.279 ret=0.931 shed=0.065 act=0.7034 flq=0.60
# PAIR t=60.0 p=57 d=1.210 pq=1:1 delta=+0.292 x=0.055 ratio=1.0306 dth=-0.169 gg=0.9162 fl=0.094 ret=0.564 shed=0.212 act=0.1099 flq=0.09
# PAIR t=60.0 p=58 d=1.281 pq=1:1 delta=+0.074 x=0.139 ratio=1.0111 dth=-0.038 gg=0.9946 fl=0.140 ret=0.925 shed=0.057 act=0.2735 flq=0.24
# PAIR t=60.0 p=59 d=1.546 pq=1:1 delta=+0.037 x=0.349 ratio=0.9941 dth=-0.471 gg=0.4375 fl=0.006 ret=0.980 shed=0.035 act=0.0305 flq=0.03
# RESULT es_shells 0.94:1.0008 2.81:0.9989 4.69:0.9987 6.56:1.0003 8.44:0.9997 10.31:0.9995 12.19:0.9994 14.06:0.9997
# RESULT LEDGER mode=1 E0_int=19466832513953957 sum_int=19466832513844156 max_sum_err=109988 max|E-iEu|=1.500e-12 steps=3000
# RESULT conservation E0=19466.832514 Efinal=19466.832514 rel_drift=0.000e+00
# RESULT roughness_radiated=0 (dissonant dense deliveries converted to field, conserved)
# RESULT curvature_fit defA_per_Em=-0.23941 r2=0.4921 (linear defect ~ converted energy)
# PAIR t=60.0 p=0 d=1.281 pq=1:1 delta=+0.129 x=0.130 ratio=0.9946 dth=-0.065 gg=0.9835 fl=0.160 ret=0.869 shed=0.099 act=0.3100 flq=0.26
# PAIR t=60.0 p=1 d=1.229 pq=1:1 delta=+0.157 x=0.088 ratio=1.0014 dth=-0.078 gg=0.9756 fl=0.364 ret=0.794 shed=0.116 act=0.5024 flq=0.43
# PAIR t=60.0 p=2 d=1.286 pq=1:1 delta=+0.086 x=0.141 ratio=1.0063 dth=-0.041 gg=0.9926 fl=0.149 ret=0.913 shed=0.068 act=0.2983 flq=0.26
# PAIR t=60.0 p=3 d=1.478 pq=1:1 delta=+0.044 x=0.295 ratio=0.9982 dth=-0.023 gg=0.9981 fl=0.172 ret=0.974 shed=0.040 act=0.7730 flq=0.67
# PAIR t=60.0 p=4 d=1.467 pq=1:1 delta=+0.049 x=0.286 ratio=1.0158 dth=+0.021 gg=0.9896 fl=0.104 ret=0.971 shed=0.043 act=0.4491 flq=0.39
# PAIR t=60.0 p=5 d=1.467 pq=1:1 delta=+0.035 x=0.287 ratio=0.9859 dth=-0.040 gg=0.9968 fl=0.248 ret=0.979 shed=0.031 act=1.0705 flq=0.93
# PAIR t=60.0 p=6 d=1.519 pq=1:1 delta=+0.074 x=0.321 ratio=1.0297 dth=+0.159 gg=0.8517 fl=0.038 ret=0.960 shed=0.068 act=0.1957 flq=0.17
# PAIR t=60.0 p=7 d=1.421 pq=1:1 delta=+0.076 x=0.245 ratio=1.0086 dth=-0.027 gg=0.9938 fl=0.299 ret=0.949 shed=0.066 act=1.1036 flq=0.95
# PAIR t=60.0 p=8 d=1.311 pq=1:1 delta=+0.131 x=0.153 ratio=0.9951 dth=-0.066 gg=0.9830 fl=0.435 ret=0.880 shed=0.105 act=0.9998 flq=0.85
# PAIR t=60.0 p=9 d=1.343 pq=1:1 delta=+0.083 x=0.184 ratio=1.0042 dth=-0.041 gg=0.9932 fl=0.101 ret=0.933 shed=0.067 act=0.2714 flq=0.23
# PAIR t=60.0 p=10 d=1.201 pq=1:1 delta=+0.174 x=0.064 ratio=1.0103 dth=-0.088 gg=0.9703 fl=0.175 ret=0.723 shed=0.125 act=0.1899 flq=0.16
# PAIR t=60.0 p=11 d=1.239 pq=1:1 delta=+0.180 x=0.092 ratio=1.0035 dth=-0.088 gg=0.9680 fl=0.336 ret=0.775 shed=0.135 act=0.4985 flq=0.42
# PAIR t=60.0 p=12 d=1.334 pq=1:1 delta=+0.112 x=0.174 ratio=0.9956 dth=-0.061 gg=0.9874 fl=0.516 ret=0.906 shed=0.091 act=1.3281 flq=1.13
# PAIR t=60.0 p=13 d=1.137 pq=1:1 delta=+0.298 x=0.002 ratio=1.0000 dth=-0.317 gg=0.8170 fl=0.014 ret=0.014 shed=0.203 act=0.0065 flq=0.01
# PAIR t=60.0 p=14 d=1.539 pq=1:1 delta=+0.093 x=0.334 ratio=1.0065 dth=+0.446 gg=0.3723 fl=0.003 ret=0.951 shed=0.086 act=0.0171 flq=0.01
# PAIR t=60.0 p=15 d=1.402 pq=1:1 delta=+0.131 x=0.221 ratio=0.9960 dth=-0.069 gg=0.9829 fl=0.188 ret=0.910 shed=0.111 act=0.6452 flq=0.55
# PAIR t=60.0 p=16 d=1.486 pq=1:1 delta=+0.103 x=0.374 ratio=0.9948 dth=-0.056 gg=0.9893 fl=0.000 ret=0.940 shed=0.093 act=0.0000 flq=0.00
# PAIR t=60.0 p=17 d=1.264 pq=1:1 delta=+0.209 x=0.107 ratio=0.9937 dth=-0.110 gg=0.9570 fl=0.556 ret=0.773 shed=0.158 act=0.9784 flq=0.82
# PAIR t=60.0 p=18 d=1.110 pq=1:1 delta=+0.146 x=0.001 ratio=1.0005 dth=-0.022 gg=0.9685 fl=0.029 ret=0.029 shed=0.099 act=0.0067 flq=0.01
# PAIR t=60.0 p=19 d=1.281 pq=1:1 delta=+0.129 x=0.129 ratio=1.0010 dth=-0.064 gg=0.9834 fl=0.195 ret=0.869 shed=0.099 act=0.3793 flq=0.32
# PAIR t=60.0 p=20 d=1.454 pq=1:1 delta=+0.034 x=0.278 ratio=0.9951 dth=-0.031 gg=0.9980 fl=0.021 ret=0.978 shed=0.031 act=0.0871 flq=0.08
# PAIR t=60.0 p=21 d=1.535 pq=1:1 delta=+0.065 x=0.335 ratio=0.9919 dth=-0.586 gg=0.2880 fl=0.001 ret=0.965 shed=0.061 act=0.0051 flq=0.00
# PAIR t=60.0 p=22 d=1.232 pq=1:1 delta=+0.231 x=0.080 ratio=1.0097 dth=-0.114 gg=0.9479 fl=0.312 ret=0.704 shed=0.170 act=0.4399 flq=0.37
# PAIR t=60.0 p=23 d=1.470 pq=1:1 delta=+0.060 x=0.285 ratio=1.0020 dth=-0.021 gg=0.9962 fl=0.187 ret=0.964 shed=0.053 act=0.8148 flq=0.70
# PAIR t=60.0 p=24 d=1.296 pq=1:1 delta=+0.192 x=0.132 ratio=0.9900 dth=-0.096 gg=0.9637 fl=0.163 ret=0.818 shed=0.149 act=0.3461 flq=0.29
# PAIR t=60.0 p=25 d=1.374 pq=1:1 delta=+0.095 x=0.207 ratio=0.9952 dth=-0.050 gg=0.9910 fl=0.296 ret=0.929 shed=0.079 act=0.9116 flq=0.78
# PAIR t=60.0 p=26 d=1.327 pq=1:1 delta=+0.093 x=0.171 ratio=1.0004 dth=-0.046 gg=0.9914 fl=0.637 ret=0.920 shed=0.075 act=1.5802 flq=1.35
# PAIR t=60.0 p=27 d=1.216 pq=1:1 delta=+0.190 x=0.073 ratio=1.0029 dth=-0.093 gg=0.9647 fl=0.214 ret=0.727 shed=0.139 act=0.2664 flq=0.22
# PAIR t=60.0 p=28 d=1.519 pq=1:1 delta=+0.031 x=0.329 ratio=1.0123 dth=+0.139 gg=0.9081 fl=0.031 ret=0.983 shed=0.028 act=0.1555 flq=0.13
# PAIR t=60.0 p=29 d=1.433 pq=1:1 delta=+0.085 x=0.254 ratio=0.9766 dth=-0.111 gg=0.9744 fl=0.163 ret=0.945 shed=0.074 act=0.6272 flq=0.54
# PAIR t=60.0 p=30 d=1.380 pq=1:1 delta=+0.108 x=0.209 ratio=0.9772 dth=-0.080 gg=0.9857 fl=0.218 ret=0.921 shed=0.090 act=0.6861 flq=0.59
# PAIR t=60.0 p=31 d=1.343 pq=1:1 delta=+0.109 x=0.181 ratio=0.9851 dth=-0.060 gg=0.9880 fl=0.083 ret=0.912 shed=0.088 act=0.2232 flq=0.19
# PAIR t=60.0 p=32 d=1.268 pq=1:1 delta=+0.118 x=0.123 ratio=0.9877 dth=-0.069 gg=0.9858 fl=0.598 ret=0.873 shed=0.090 act=1.0786 flq=0.92
# PAIR t=60.0 p=33 d=1.363 pq=1:1 delta=+0.072 x=0.202 ratio=0.9956 dth=-0.043 gg=0.9946 fl=0.245 ret=0.945 shed=0.059 act=0.7180 flq=0.62
# PAIR t=60.0 p=34 d=1.495 pq=1:1 delta=-0.228 x=0.368 ratio=1.0464 dth=-0.436 gg=0.2782 fl=0.000 ret=1.138 shed=-0.219 act=0.0000 flq=0.00
# PAIR t=60.0 p=35 d=1.154 pq=1:1 delta=+0.408 x=0.000 ratio=1.0002 dth=+0.486 gg=0.1187 fl=0.002 ret=0.002 shed=0.272 act=0.0011 flq=0.00
# PAIR t=60.0 p=36 d=1.182 pq=1:1 delta=+0.478 x=0.022 ratio=0.9993 dth=-0.239 gg=0.7953 fl=0.000 ret=0.143 shed=0.325 act=0.0000 flq=0.00
# PAIR t=60.0 p=37 d=1.251 pq=1:1 delta=+0.244 x=0.092 ratio=1.0250 dth=-0.113 gg=0.9418 fl=0.342 ret=0.720 shed=0.181 act=0.5510 flq=0.46
# PAIR t=60.0 p=38 d=1.362 pq=1:1 delta=+0.102 x=0.197 ratio=1.0209 dth=-0.027 gg=0.9875 fl=0.205 ret=0.922 shed=0.084 act=0.5988 flq=0.51
# PAIR t=60.0 p=39 d=1.162 pq=1:1 delta=+0.428 x=0.004 ratio=0.9985 dth=-0.389 gg=0.7354 fl=0.024 ret=0.024 shed=0.296 act=0.0166 flq=0.01
# PAIR t=60.0 p=40 d=1.550 pq=1:1 delta=+0.082 x=0.344 ratio=1.0490 dth=+2.083 gg=0.0000 fl=0.000 ret=0.959 shed=0.074 act=0.0000 flq=0.00
# PAIR t=60.0 p=41 d=1.381 pq=1:1 delta=+0.086 x=0.214 ratio=1.0140 dth=-0.028 gg=0.9918 fl=0.454 ret=0.938 shed=0.071 act=1.4384 flq=1.23
# PAIR t=60.0 p=42 d=1.280 pq=1:1 delta=+0.104 x=0.134 ratio=1.0018 dth=-0.050 gg=0.9893 fl=0.637 ret=0.894 shed=0.080 act=1.2333 flq=1.06
# PAIR t=60.0 p=43 d=1.112 pq=1:1 delta=+0.162 x=0.001 ratio=1.0000 dth=-0.096 gg=0.9732 fl=0.038 ret=0.038 shed=0.108 act=0.0095 flq=0.01
# PAIR t=60.0 p=44 d=1.200 pq=1:1 delta=+0.356 x=0.072 ratio=1.0104 dth=-0.208 gg=0.8779 fl=0.000 ret=0.442 shed=0.250 act=0.0000 flq=0.00
# PAIR t=60.0 p=45 d=1.351 pq=1:1 delta=+0.078 x=0.190 ratio=1.0059 dth=-0.041 gg=0.9939 fl=0.137 ret=0.938 shed=0.064 act=0.3795 flq=0.33
# PAIR t=60.0 p=46 d=1.425 pq=1:1 delta=+0.059 x=0.251 ratio=0.9969 dth=-0.051 gg=0.9947 fl=0.196 ret=0.961 shed=0.051 act=0.7340 flq=0.63
# PAIR t=60.0 p=47 d=1.531 pq=1:1 delta=+0.061 x=0.333 ratio=1.0254 dth=+0.084 gg=0.9449 fl=0.169 ret=0.967 shed=0.057 act=0.8903 flq=0.77
# PAIR t=60.0 p=48 d=1.481 pq=1:1 delta=+0.089 x=0.420 ratio=1.0020 dth=-0.045 gg=0.9921 fl=0.000 ret=0.948 shed=0.080 act=0.0000 flq=0.00
# PAIR t=60.0 p=49 d=1.220 pq=1:1 delta=+0.181 x=0.078 ratio=1.0004 dth=-0.091 gg=0.9676 fl=0.333 ret=0.748 shed=0.133 act=0.4280 flq=0.36
# PAIR t=60.0 p=50 d=1.357 pq=1:1 delta=+0.105 x=0.191 ratio=0.9954 dth=-0.056 gg=0.9889 fl=0.096 ret=0.918 shed=0.087 act=0.2740 flq=0.23
# PAIR t=60.0 p=51 d=1.319 pq=1:1 delta=+0.072 x=0.168 ratio=0.9926 dth=-0.041 gg=0.9947 fl=0.381 ret=0.936 shed=0.059 act=0.9146 flq=0.79
# PAIR t=60.0 p=52 d=1.479 pq=1:1 delta=+0.053 x=0.294 ratio=0.9845 dth=-0.060 gg=0.9926 fl=0.204 ret=0.969 shed=0.047 act=0.9209 flq=0.79
# PAIR t=60.0 p=53 d=1.464 pq=1:1 delta=+0.062 x=0.281 ratio=1.0325 dth=+0.011 gg=0.9890 fl=0.182 ret=0.963 shed=0.054 act=0.7785 flq=0.67
# PAIR t=60.0 p=54 d=1.178 pq=1:1 delta=+0.510 x=0.005 ratio=0.9995 dth=-0.307 gg=0.7621 fl=0.042 ret=0.042 shed=0.347 act=0.0356 flq=0.03
# PAIR t=60.0 p=55 d=1.359 pq=1:1 delta=+0.075 x=0.198 ratio=0.9963 dth=-0.037 gg=0.9944 fl=0.085 ret=0.942 shed=0.062 act=0.2460 flq=0.21
# PAIR t=60.0 p=56 d=1.330 pq=1:1 delta=+0.083 x=0.176 ratio=1.0372 dth=+0.017 gg=0.9797 fl=0.279 ret=0.931 shed=0.065 act=0.7034 flq=0.60
# PAIR t=60.0 p=57 d=1.210 pq=1:1 delta=+0.292 x=0.055 ratio=1.0306 dth=-0.169 gg=0.9162 fl=0.094 ret=0.564 shed=0.212 act=0.1099 flq=0.09
# PAIR t=60.0 p=58 d=1.281 pq=1:1 delta=+0.074 x=0.139 ratio=1.0111 dth=-0.038 gg=0.9946 fl=0.140 ret=0.925 shed=0.057 act=0.2735 flq=0.24
# PAIR t=60.0 p=59 d=1.546 pq=1:1 delta=+0.037 x=0.349 ratio=0.9941 dth=-0.471 gg=0.4375 fl=0.006 ret=0.980 shed=0.035 act=0.0305 flq=0.03
# RESULT pair_tongue |delta|<0.6: n=60 gg=0.889 ret=0.794 fl=0.188 | 0.6-1.2: n=0 gg=0.000 ret=0.000 fl=0.000 | >1.2: n=0 gg=0.000 ret=0.000 fl=0.000
