# freecell — v89 free-cell substance test (exp=pair)
# laws = laws_V2g VERBATIM (defaults): C=1 w1=1.65 w2=2.9 q_detune=1.2
# gamma_res=0.25 gamma_res_m=0.1 p_gate=8 lock_floor=0.005 k_dep=1.2 k_dep_m=2 cap=2.5
# e_s0=1 es_floor=0.05 e_cond=0 f_conv=0.25 f_evap=0.5 s_pull=0.15
# kappa_lock=1 kappa_align=0.5 s_k=0.06 s_disp=0.3 sigma_tumble=0.01
# comb_limit=6 rough_k=0.35 gamma_rough=0.5 mob_sym=1 mob_floor=0.004 field_J=1.8
# quant_A0=1.15 quant_mode=2 (A0eff=1.15)
# GEOMETRY (apparatus): cfac=1.15 k_rep=1 mob_geo=1 kappa_bond=1 freeze_geo=1
# bath=1 bath_frac=1 jam_sweeps=800 jam_k=0.1 L=16 dt=0.02 T=120 seed=20260802 diag_every=200
# JAM sweeps=800 max_step=1.402e-04 (tol 1.0e-04, k_end=0.0010) — witness for the settle
# SEED pair: i=564 j=1650 x=0.6500/0.0000 p:q=1:1 m=1 d*=1.387257 d0=7.036449 (doff +5.6215)
# SEED pair radii r=0.7872 contact=1.6619  Em/voice=1.6250
# SEED noise: amp=0.5 (e1-class churn)
# INIT NC=2700 slots=25950 live=20844 phi_nom=1.7043 z_live=15.44 dbar=1.4113 sigma_d=14.79% E0=3372.314755525
#
# t | drift_rel | phi_nom z_live NLa NLd births deaths | dbar sigma_d% | maxstep maxbond | Em_tag ret com_dev rms conn z_tag | pair: d delta gf gb | core/far
t=    0.00 +0.00e+00 | 1.7043 15.44  20844    0      0      0 | 1.4113 14.79 | 0.00e+00 0.00e+00 |   1.6250 1.0000  3.3660  0.0000 0.500 15.00 | PAIR-CHANNEL-DEAD
# CONVTAG t=0.00 rough=0.000000 cond=0.000000 evap=0.000000 backs=0.000000
t=    4.00 -5.39e-16 | 1.7044 15.35  20717    0      0      0 | 1.4097 14.79 | 0.00e+00 5.27e-06 |   1.6242 0.9995  3.3660  0.0000 0.500 13.50 | PAIR-CHANNEL-DEAD
# CONVTAG t=4.00 rough=0.000000 cond=0.000000 evap=0.000000 backs=0.000000
# QATOM t=5.36 dir=FD w=1.65 e=0.301996504516
t=    8.00 -9.44e-16 | 1.7041 15.33  20691    0      0      0 | 1.4095 14.79 | 0.00e+00 8.20e-05 |   1.6228 0.9987  3.3660  0.0004 0.500 13.50 | PAIR-CHANNEL-DEAD
# CONVTAG t=8.00 rough=0.000000 cond=0.000000 evap=0.000000 backs=0.000000
t=   12.00 -9.44e-16 | 1.7027 15.33  20693    0      0      0 | 1.4095 14.79 | 0.00e+00 4.98e-03 |   1.6187 0.9961  3.3659  0.0224 0.500 13.50 | PAIR-CHANNEL-DEAD
# CONVTAG t=12.00 rough=0.000000 cond=0.000000 evap=0.000000 backs=0.000000
t=   16.00 -9.44e-16 | 1.7004 15.28  20634    0      0      0 | 1.4088 14.79 | 0.00e+00 5.10e-03 |   1.6161 0.9945  3.3658  0.0332 0.500 13.50 | PAIR-CHANNEL-DEAD
# CONVTAG t=16.00 rough=0.000000 cond=0.000000 evap=0.000000 backs=0.000000
# QATOM t=18.00 dir=FD w=1.64970777 e=0.30194301747
t=   20.00 -9.44e-16 | 1.6965 15.23  20566    0      0      0 | 1.4079 14.78 | 0.00e+00 1.39e-02 |   1.6152 0.9940  3.3657  0.0440 0.500 13.00 | PAIR-CHANNEL-DEAD
# CONVTAG t=20.00 rough=0.000000 cond=0.000000 evap=0.000000 backs=0.000000
# QATOM t=22.60 dir=FD w=1.64919627 e=0.301849398399
t=   24.00 -9.44e-16 | 1.6910 15.19  20512    0      0      0 | 1.4072 14.77 | 0.00e+00 1.37e-02 |   1.6150 0.9939  3.3650  0.0806 0.500 13.00 | PAIR-CHANNEL-DEAD
# CONVTAG t=24.00 rough=0.000000 cond=0.000000 evap=0.000000 backs=0.000000
# QATOM t=26.86 dir=FD w=1.6494123 e=0.301888939391
t=   28.00 -9.44e-16 | 1.6856 15.13  20431    0      0      0 | 1.4061 14.76 | 0.00e+00 3.91e-02 |   1.6167 0.9949  3.3494  0.3403 0.500 13.50 | PAIR-CHANNEL-DEAD
# CONVTAG t=28.00 rough=0.000000 cond=0.000000 evap=0.000000 backs=0.000000
# QATOM t=30.88 dir=FD w=1.64716187 e=0.301477046567
t=   32.00 -8.09e-16 | 1.6799 15.08  20364    0      0      0 | 1.4052 14.75 | 0.00e+00 1.65e-02 |   1.6162 0.9946  3.3467  0.3665 0.500 13.50 | PAIR-CHANNEL-DEAD
# CONVTAG t=32.00 rough=0.000000 cond=0.000000 evap=0.000000 backs=0.000000
# QATOM t=35.76 dir=FD w=1.64344265 e=0.30079632471
t=   36.00 -8.09e-16 | 1.6757 15.04  20304    0      0      0 | 1.4044 14.74 | 0.00e+00 3.81e-02 |   1.6158 0.9943  3.3456  0.3738 0.500 13.50 | PAIR-CHANNEL-DEAD
# CONVTAG t=36.00 rough=0.000000 cond=0.000000 evap=0.000000 backs=0.000000
t=   40.00 -9.44e-16 | 1.6723 15.02  20274    0      0      0 | 1.4039 14.73 | 0.00e+00 1.67e-02 |   1.6141 0.9933  3.3466  0.3641 0.500 13.50 | PAIR-CHANNEL-DEAD
# CONVTAG t=40.00 rough=0.000000 cond=0.000000 evap=0.000000 backs=0.000000
# QATOM t=42.84 dir=FD w=1.64647393 e=0.30135113465
t=   44.00 -9.44e-16 | 1.6698 14.99  20232    0      0      0 | 1.4035 14.73 | 0.00e+00 3.90e-02 |   1.8058 1.1113  3.3490  0.3409 0.500 13.50 | PAIR-CHANNEL-DEAD
# CONVTAG t=44.00 rough=0.000000 cond=0.170370 evap=0.000000 backs=0.000000
t=   48.00 -9.44e-16 | 1.6671 14.96  20191    0      0      0 | 1.4029 14.72 | 0.00e+00 2.89e-02 |   1.8107 1.1143  3.3256  0.5269 0.500 13.50 | PAIR-CHANNEL-DEAD
# CONVTAG t=48.00 rough=0.000000 cond=0.170370 evap=0.000000 backs=0.000000
# QATOM t=51.56 dir=FD w=1.64960782 e=0.30192472397
t=   52.00 -9.44e-16 | 1.6650 14.93  20159    0      0      0 | 1.4025 14.73 | 0.00e+00 3.26e-02 |   1.8047 1.1106  3.3420  0.4076 0.500 13.00 | PAIR-CHANNEL-DEAD
# CONVTAG t=52.00 rough=0.000000 cond=0.170370 evap=0.000000 backs=0.000000
t=   56.00 -9.44e-16 | 1.6636 14.92  20145    0      0      0 | 1.4023 14.72 | 0.00e+00 3.77e-02 |   1.7994 1.1073  3.3486  0.3458 0.500 13.50 | PAIR-CHANNEL-DEAD
# CONVTAG t=56.00 rough=0.000000 cond=0.170370 evap=0.000000 backs=0.000000
t=   60.00 -9.44e-16 | 1.6621 14.89  20101    0      0      0 | 1.4017 14.71 | 0.00e+00 2.89e-02 |   1.7958 1.1051  3.3481  0.3492 0.500 13.00 | PAIR-CHANNEL-DEAD
# CONVTAG t=60.00 rough=0.000000 cond=0.170370 evap=0.000000 backs=0.000000
t=   64.00 -9.44e-16 | 1.6610 14.89  20107    0      0      0 | 1.4018 14.72 | 0.00e+00 3.98e-02 |   1.7934 1.1036  3.3381  0.4360 0.500 13.00 | PAIR-CHANNEL-DEAD
# CONVTAG t=64.00 rough=0.000000 cond=0.170370 evap=0.000000 backs=0.000000
# QATOM t=67.80 dir=FD w=1.64707341 e=0.301460856495
t=   68.00 -9.44e-16 | 1.6598 14.89  20101    0      0      0 | 1.4018 14.72 | 0.00e+00 3.80e-02 |   1.7975 1.1062  3.3169  0.5782 0.500 12.50 | PAIR-CHANNEL-DEAD
# CONVTAG t=68.00 rough=0.000000 cond=0.170370 evap=0.000000 backs=0.000000
t=   72.00 -9.44e-16 | 1.6586 14.87  20079    0      0      0 | 1.4015 14.72 | 0.00e+00 3.59e-02 |   1.7956 1.1050  3.3183  0.5697 0.500 12.50 | PAIR-CHANNEL-DEAD
# CONVTAG t=72.00 rough=0.000000 cond=0.170370 evap=0.000000 backs=0.000000
t=   76.00 -9.44e-16 | 1.6580 14.86  20066    0      0      0 | 1.4013 14.72 | 0.00e+00 3.53e-02 |   1.7918 1.1026  3.3314  0.4833 0.500 12.50 | PAIR-CHANNEL-DEAD
# CONVTAG t=76.00 rough=0.000000 cond=0.170370 evap=0.000000 backs=0.000000
t=   80.00 -9.44e-16 | 1.6573 14.85  20052    0      0      0 | 1.4011 14.71 | 0.00e+00 5.00e-02 |   1.7938 1.1039  3.3095  0.6237 0.500 12.50 | PAIR-CHANNEL-DEAD
# CONVTAG t=80.00 rough=0.000000 cond=0.170370 evap=0.000000 backs=0.000000
t=   84.00 -9.44e-16 | 1.6569 14.82  20012    0      0      0 | 1.4006 14.71 | 0.00e+00 3.64e-02 |   1.7927 1.1032  3.2983  0.6818 0.500 13.00 | PAIR-CHANNEL-DEAD
# CONVTAG t=84.00 rough=0.000000 cond=0.170370 evap=0.000000 backs=0.000000
t=   88.00 -8.09e-16 | 1.6563 14.83  20027    0      0      0 | 1.4008 14.71 | 0.00e+00 2.95e-02 |   1.7993 1.1073  3.2583  0.8581 0.500 12.50 | PAIR-CHANNEL-DEAD
# CONVTAG t=88.00 rough=0.000000 cond=0.170370 evap=0.000000 backs=0.000000
t=   92.00 -8.09e-16 | 1.6560 14.83  20020    0      0      0 | 1.4007 14.71 | 0.00e+00 5.00e-02 |   1.8133 1.1159  3.1993  1.0644 0.500 13.00 | PAIR-CHANNEL-DEAD
# CONVTAG t=92.00 rough=0.000000 cond=0.170370 evap=0.000000 backs=0.000000
t=   96.00 -9.44e-16 | 1.6555 14.82  20001    0      0      0 | 1.4004 14.70 | 0.00e+00 4.03e-02 |   1.8075 1.1123  3.2178  1.0089 0.500 12.50 | PAIR-CHANNEL-DEAD
# CONVTAG t=96.00 rough=0.000000 cond=0.170370 evap=0.000000 backs=0.000000
t=  100.00 -9.44e-16 | 1.6552 14.82  20012    0      0      0 | 1.4006 14.71 | 0.00e+00 5.00e-02 |   1.7996 1.1075  3.2422  0.9180 0.500 12.50 | PAIR-CHANNEL-DEAD
# CONVTAG t=100.00 rough=0.000000 cond=0.170370 evap=0.000000 backs=0.000000
t=  104.00 -9.44e-16 | 1.6548 14.80  19984    0      0      0 | 1.4002 14.70 | 0.00e+00 5.00e-02 |   1.7852 1.0986  3.2809  0.7634 0.500 12.50 | PAIR-CHANNEL-DEAD
# CONVTAG t=104.00 rough=0.000000 cond=0.170370 evap=0.000000 backs=0.000000
# QATOM t=104.08 dir=FD w=1.34171471 e=0.245571608414
t=  108.00 -9.44e-16 | 1.6543 14.80  19977    0      0      0 | 1.4001 14.70 | 0.00e+00 3.90e-02 |   1.7793 1.0950  3.2992  0.6747 0.500 12.50 | PAIR-CHANNEL-DEAD
# CONVTAG t=108.00 rough=0.000000 cond=0.170370 evap=0.000000 backs=0.000000
t=  112.00 -9.44e-16 | 1.6540 14.79  19972    0      0      0 | 1.4000 14.70 | 0.00e+00 4.35e-02 |   1.7900 1.1015  3.2499  0.8889 0.500 12.50 | PAIR-CHANNEL-DEAD
# CONVTAG t=112.00 rough=0.000000 cond=0.170370 evap=0.000000 backs=0.000000
t=  116.00 -9.44e-16 | 1.6539 14.80  19984    0      0      0 | 1.4002 14.71 | 0.00e+00 5.00e-02 |   1.7816 1.0963  3.2713  0.8025 0.500 12.50 | PAIR-CHANNEL-DEAD
# CONVTAG t=116.00 rough=0.000000 cond=0.170370 evap=0.000000 backs=0.000000
t=  120.00 -9.44e-16 | 1.6535 14.81  19988    0      0      0 | 1.4003 14.71 | 0.00e+00 4.73e-02 |   1.7828 1.0971  3.2544  0.8708 0.500 12.50 | PAIR-CHANNEL-DEAD
# CONVTAG t=120.00 rough=0.000000 cond=0.170370 evap=0.000000 backs=0.000000
#
# RESULT drift_rel -9.439e-16
# RESULT births 0 deaths 0 beta_returns 0 beta_energy 0.000000e+00
# RESULT conv rough=2.240603 cond=537.069061 evap=0.000000 backs=0.292253
# RESULT convtag rough=0.000000 cond=0.170370 evap=0.000000 backs=0.000000 net=0.170370
# RESULT geometry phi_nom=1.6535 z_live=14.81 dbar=1.4003 sigma_d=0.1471
# RESULT pair CHANNEL DEAD
