# freecell — v89 free-cell substance test (exp=pair)
# laws = laws_V2g VERBATIM (defaults): C=1 w1=1.65 w2=2.9 q_detune=1.2
# gamma_res=0.25 gamma_res_m=0.1 p_gate=8 lock_floor=0.005 k_dep=1.2 k_dep_m=2 cap=2.5
# e_s0=1 es_floor=0.05 e_cond=0 f_conv=0.25 f_evap=0.5 s_pull=0.15
# kappa_lock=1 kappa_align=0.5 s_k=0.06 s_disp=0.3 sigma_tumble=0.01
# comb_limit=6 rough_k=0.35 gamma_rough=0.5 mob_sym=1 mob_floor=0.004 field_J=1.8
# quant_A0=1.15 quant_mode=2 (A0eff=1.15)
# GEOMETRY (apparatus): cfac=1.15 k_rep=1 mob_geo=1 kappa_bond=1 freeze_geo=1
# bath=1 bath_frac=1 jam_sweeps=800 jam_k=0.1 L=16 dt=0.02 T=120 seed=20260802 diag_every=200
# JAM sweeps=800 max_step=1.402e-04 (tol 1.0e-04, k_end=0.0010) — witness for the settle
# SEED pair: i=1009 j=1168 x=0.7500/0.0000 p:q=1:1 m=1 d*=1.419507 d0=6.447002 (doff +5.0000)
# SEED pair radii r=0.7606 contact=1.6172  Em/voice=1.8750
# SEED noise: amp=0.5 (e1-class churn)
# INIT NC=2700 slots=25949 live=20844 phi_nom=1.7042 z_live=15.44 dbar=1.4113 sigma_d=14.79% E0=3372.532146829
#
# t | drift_rel | phi_nom z_live NLa NLd births deaths | dbar sigma_d% | maxstep maxbond | Em_tag ret com_dev rms conn z_tag | pair: d delta gf gb | core/far
t=    0.00 +0.00e+00 | 1.7042 15.44  20844    0      0      0 | 1.4113 14.79 | 0.00e+00 0.00e+00 |   1.8750 1.0000  3.3134  0.0000 0.500 14.50 | PAIR-CHANNEL-DEAD
# CONVTAG t=0.00 rough=0.000000 cond=0.000000 evap=0.000000 backs=0.000000
t=    4.00 -5.39e-16 | 1.7044 15.34  20715    0      0      0 | 1.4097 14.79 | 0.00e+00 1.51e-04 |   1.8732 0.9990  3.3134  0.0000 0.500 12.00 | PAIR-CHANNEL-DEAD
# CONVTAG t=4.00 rough=0.000000 cond=0.000000 evap=0.000000 backs=0.000000
# QATOM t=5.36 dir=FD w=1.65 e=0.301996504517
t=    8.00 -8.09e-16 | 1.7041 15.33  20691    0      0      0 | 1.4095 14.79 | 0.00e+00 2.36e-04 |   1.8688 0.9967  3.3134  0.0000 0.500 11.00 | PAIR-CHANNEL-DEAD
# CONVTAG t=8.00 rough=0.000000 cond=0.000000 evap=0.000000 backs=0.000000
t=   12.00 -8.09e-16 | 1.7026 15.32  20687    0      0      0 | 1.4094 14.79 | 0.00e+00 4.51e-03 |   1.8645 0.9944  3.3134  0.0010 0.500 11.00 | PAIR-CHANNEL-DEAD
# CONVTAG t=12.00 rough=0.000000 cond=0.000000 evap=0.000000 backs=0.000000
t=   16.00 -9.44e-16 | 1.7004 15.28  20633    0      0      0 | 1.4088 14.79 | 0.00e+00 5.56e-03 |   1.8516 0.9875  3.3134  0.0051 0.500 10.00 | PAIR-CHANNEL-DEAD
# CONVTAG t=16.00 rough=0.000000 cond=0.000000 evap=0.000000 backs=0.000000
# QATOM t=17.98 dir=FD w=1.64988645 e=0.301975721204
t=   20.00 -9.44e-16 | 1.6965 15.23  20562    0      0      0 | 1.4079 14.78 | 0.00e+00 1.05e-02 |   1.8415 0.9821  3.3133  0.0123 0.500 10.50 | PAIR-CHANNEL-DEAD
# CONVTAG t=20.00 rough=0.000000 cond=0.000000 evap=0.000000 backs=0.000000
# QATOM t=22.54 dir=FD w=1.64937639 e=0.301882365747
t=   24.00 -9.44e-16 | 1.6909 15.20  20520    0      0      0 | 1.4073 14.77 | 0.00e+00 1.91e-02 |   1.8346 0.9784  3.3124  0.0765 0.500 11.00 | PAIR-CHANNEL-DEAD
# CONVTAG t=24.00 rough=0.000000 cond=0.000000 evap=0.000000 backs=0.000000
# QATOM t=26.86 dir=FD w=1.64924086 e=0.301857559912
t=   28.00 -9.44e-16 | 1.6854 15.13  20429    0      0      0 | 1.4061 14.76 | 0.00e+00 2.51e-02 |   2.0285 1.0819  3.2755  0.4877 0.500 11.00 | PAIR-CHANNEL-DEAD
# CONVTAG t=28.00 rough=0.000000 cond=0.160622 evap=0.000000 backs=0.000000
# QATOM t=30.78 dir=FD w=1.14217992 e=0.20905111723
t=   32.00 -9.44e-16 | 1.6798 15.08  20352    0      0      0 | 1.4051 14.75 | 0.00e+00 1.67e-02 |   2.0338 1.0847  3.2503  0.6310 0.500 10.00 | PAIR-CHANNEL-DEAD
# CONVTAG t=32.00 rough=0.000000 cond=0.160622 evap=0.000000 backs=0.000000
# QATOM t=35.48 dir=FD w=1.63813283 e=0.299824478664
t=   36.00 -9.44e-16 | 1.6755 15.02  20276    0      0      0 | 1.4041 14.75 | 0.00e+00 2.55e-02 |   2.2141 1.1808  3.2389  0.6846 0.500 10.50 | PAIR-CHANNEL-DEAD
# CONVTAG t=36.00 rough=0.000000 cond=0.314250 evap=0.000000 backs=0.000000
t=   40.00 -9.44e-16 | 1.6720 15.01  20266    0      0      0 | 1.4039 14.74 | 0.00e+00 2.72e-02 |   2.2084 1.1778  3.2201  0.7657 0.500 10.50 | PAIR-CHANNEL-DEAD
# CONVTAG t=40.00 rough=0.000000 cond=0.314250 evap=0.000000 backs=0.000000
# QATOM t=42.40 dir=FD w=1.64555256 e=0.301182497801
t=   44.00 -9.44e-16 | 1.6694 14.98  20225    0      0      0 | 1.4033 14.73 | 0.00e+00 2.81e-02 |   2.2047 1.1759  3.2144  0.7858 0.500 10.50 | PAIR-CHANNEL-DEAD
# CONVTAG t=44.00 rough=0.000000 cond=0.314250 evap=0.000000 backs=0.000000
t=   48.00 -9.44e-16 | 1.6668 14.96  20194    0      0      0 | 1.4030 14.73 | 0.00e+00 3.09e-02 |   2.2094 1.1784  3.2078  0.8141 0.500 11.00 | PAIR-CHANNEL-DEAD
# CONVTAG t=48.00 rough=0.000000 cond=0.314250 evap=0.000000 backs=0.000000
# QATOM t=51.16 dir=FD w=1.64565515 e=0.301201274262
t=   52.00 -9.44e-16 | 1.6649 14.93  20156    0      0      0 | 1.4025 14.73 | 0.00e+00 3.07e-02 |   2.2139 1.1808  3.1978  0.8485 0.500 11.00 | PAIR-CHANNEL-DEAD
# CONVTAG t=52.00 rough=0.000000 cond=0.314250 evap=0.000000 backs=0.000000
t=   56.00 -8.09e-16 | 1.6633 14.92  20140    0      0      0 | 1.4022 14.72 | 0.00e+00 4.38e-02 |   2.2139 1.1808  3.1986  0.8479 0.500 11.50 | PAIR-CHANNEL-DEAD
# CONVTAG t=56.00 rough=0.000000 cond=0.314250 evap=0.000000 backs=0.000000
t=   60.00 -8.09e-16 | 1.6619 14.88  20091    0      0      0 | 1.4016 14.71 | 0.00e+00 3.61e-02 |   2.2127 1.1801  3.1983  0.8808 0.500 11.00 | PAIR-CHANNEL-DEAD
# CONVTAG t=60.00 rough=0.000000 cond=0.314250 evap=0.000000 backs=0.000000
t=   64.00 -8.09e-16 | 1.6607 14.87  20071    0      0      0 | 1.4013 14.71 | 0.00e+00 3.00e-02 |   2.2052 1.1761  3.2195  0.7650 0.500 11.00 | PAIR-CHANNEL-DEAD
# CONVTAG t=64.00 rough=0.000000 cond=0.314250 evap=0.000000 backs=0.000000
# QATOM t=66.76 dir=FD w=1.4586098 e=0.266966703723
t=   68.00 -8.09e-16 | 1.6597 14.89  20098    0      0      0 | 1.4017 14.72 | 0.00e+00 5.00e-02 |   2.2111 1.1793  3.2014  0.8371 0.500 11.00 | PAIR-CHANNEL-DEAD
# CONVTAG t=68.00 rough=0.000000 cond=0.314250 evap=0.000000 backs=0.000000
t=   72.00 -8.09e-16 | 1.6590 14.86  20062    0      0      0 | 1.4013 14.72 | 0.00e+00 4.23e-02 |   2.2028 1.1748  3.2247  0.7433 0.500 11.00 | PAIR-CHANNEL-DEAD
# CONVTAG t=72.00 rough=0.000000 cond=0.314250 evap=0.000000 backs=0.000000
t=   76.00 -8.09e-16 | 1.6582 14.85  20041    0      0      0 | 1.4010 14.72 | 0.00e+00 4.95e-02 |   2.1969 1.1717  3.2228  0.7539 0.500 11.00 | PAIR-CHANNEL-DEAD
# CONVTAG t=76.00 rough=0.000000 cond=0.314250 evap=0.000000 backs=0.000000
t=   80.00 -8.09e-16 | 1.6577 14.83  20020    0      0      0 | 1.4007 14.71 | 0.00e+00 3.11e-02 |   2.1618 1.1530  3.2267  0.7344 0.500 11.50 | PAIR-CHANNEL-DEAD
# CONVTAG t=80.00 rough=0.000000 cond=0.314250 evap=0.000000 backs=0.000000
t=   84.00 -9.44e-16 | 1.6572 14.84  20035    0      0      0 | 1.4009 14.71 | 0.00e+00 3.87e-02 |   2.1468 1.1450  3.2372  0.7439 0.500 12.00 | PAIR-CHANNEL-DEAD
# CONVTAG t=84.00 rough=0.000000 cond=0.314250 evap=0.000000 backs=0.000000
t=   88.00 -8.09e-16 | 1.6567 14.81  19993    0      0      0 | 1.4004 14.71 | 0.00e+00 4.35e-02 |   2.1520 1.1477  3.2272  0.7757 0.500 12.00 | PAIR-CHANNEL-DEAD
# CONVTAG t=88.00 rough=0.000000 cond=0.314250 evap=0.000000 backs=0.000000
t=   92.00 -9.44e-16 | 1.6565 14.81  19999    0      0      0 | 1.4004 14.71 | 0.00e+00 3.96e-02 |   2.1503 1.1468  3.2324  0.7139 0.500 11.50 | PAIR-CHANNEL-DEAD
# CONVTAG t=92.00 rough=0.000000 cond=0.314250 evap=0.000000 backs=0.000000
t=   96.00 -8.09e-16 | 1.6562 14.82  20005    0      0      0 | 1.4006 14.72 | 0.00e+00 3.12e-02 |   2.1473 1.1452  3.2311  0.7152 0.500 11.50 | PAIR-CHANNEL-DEAD
# CONVTAG t=96.00 rough=0.000000 cond=0.314250 evap=0.000000 backs=0.000000
t=  100.00 -8.09e-16 | 1.6558 14.81  19994    0      0      0 | 1.4005 14.72 | 0.00e+00 4.16e-02 |   2.1403 1.1415  3.2346  0.7019 0.500 11.00 | PAIR-CHANNEL-DEAD
# CONVTAG t=100.00 rough=0.000000 cond=0.314250 evap=0.000000 backs=0.000000
# QATOM t=103.04 dir=FD w=1.63699467 e=0.299616163121
t=  104.00 -8.09e-16 | 1.6554 14.80  19980    0      0      0 | 1.4003 14.72 | 0.00e+00 4.86e-02 |   2.1452 1.1441  3.2082  0.8123 0.500 11.50 | PAIR-CHANNEL-DEAD
# CONVTAG t=104.00 rough=0.000000 cond=0.314250 evap=0.000000 backs=0.000000
t=  108.00 -8.09e-16 | 1.6550 14.80  19978    0      0      0 | 1.4004 14.72 | 0.00e+00 4.15e-02 |   2.1311 1.1366  3.2171  0.7764 0.500 11.50 | PAIR-CHANNEL-DEAD
# CONVTAG t=108.00 rough=0.000000 cond=0.314250 evap=0.000000 backs=0.000000
t=  112.00 -8.09e-16 | 1.6546 14.79  19971    0      0      0 | 1.4002 14.71 | 0.00e+00 3.35e-02 |   2.1097 1.1252  3.2277  0.8128 0.500 11.50 | PAIR-CHANNEL-DEAD
# CONVTAG t=112.00 rough=0.000000 cond=0.314250 evap=0.000000 backs=0.000000
t=  116.00 -8.09e-16 | 1.6543 14.79  19960    0      0      0 | 1.4001 14.72 | 0.00e+00 4.62e-02 |   2.1123 1.1266  3.2075  0.8859 0.500 12.50 | PAIR-CHANNEL-DEAD
# CONVTAG t=116.00 rough=0.000000 cond=0.314250 evap=0.000000 backs=0.000000
t=  120.00 -8.09e-16 | 1.6542 14.78  19949    0      0      0 | 1.4000 14.72 | 0.00e+00 4.69e-02 |   2.2838 1.2180  3.2241  0.7493 0.500 11.00 | PAIR-CHANNEL-DEAD
# CONVTAG t=120.00 rough=0.000000 cond=0.465446 evap=0.000000 backs=0.000000
#
# RESULT drift_rel -8.090e-16
# RESULT births 0 deaths 0 beta_returns 0 beta_energy 0.000000e+00
# RESULT conv rough=4.973200 cond=536.195902 evap=0.000000 backs=0.648678
# RESULT convtag rough=0.000000 cond=0.465446 evap=0.000000 backs=0.000000 net=0.465446
# RESULT geometry phi_nom=1.6542 z_live=14.78 dbar=1.4000 sigma_d=0.1472
# RESULT pair CHANNEL DEAD
