# freecell — v89 free-cell substance test (exp=pair)
# laws = laws_V2g VERBATIM (defaults): C=1 w1=1.65 w2=2.9 q_detune=1.2
# gamma_res=0.25 gamma_res_m=0.1 p_gate=8 lock_floor=0.005 k_dep=1.2 k_dep_m=2 cap=2.5
# e_s0=1 es_floor=0.05 e_cond=0 f_conv=0.25 f_evap=0.5 s_pull=0.15
# kappa_lock=1 kappa_align=0.5 s_k=0.06 s_disp=0.3 sigma_tumble=0.01
# comb_limit=6 rough_k=0.35 gamma_rough=0.5 mob_sym=1 mob_floor=0.004 field_J=1.8
# quant_A0=1.15 quant_mode=2 (A0eff=1.15)
# GEOMETRY (apparatus): cfac=1.15 k_rep=1 mob_geo=1 kappa_bond=1 freeze_geo=1
# bath=1 bath_frac=1 jam_sweeps=800 jam_k=0.1 L=16 dt=0.02 T=120 seed=20260802 diag_every=200
# JAM sweeps=800 max_step=1.402e-04 (tol 1.0e-04, k_end=0.0010) — witness for the settle
# SEED pair: i=2355 j=2655 x=0.2778/0.0000 p:q=1:1 m=1 d*=1.238066 d0=6.247849 (doff +5.0000)
# SEED pair radii r=0.8051 contact=1.6860  Em/voice=0.6944
# SEED noise: amp=0.5 (e1-class churn)
# INIT NC=2700 slots=25951 live=20845 phi_nom=1.7043 z_live=15.44 dbar=1.4113 sigma_d=14.79% E0=3371.505577264
#
# t | drift_rel | phi_nom z_live NLa NLd births deaths | dbar sigma_d% | maxstep maxbond | Em_tag ret com_dev rms conn z_tag | pair: d delta gf gb | core/far
t=    0.00 +0.00e+00 | 1.7043 15.44  20845    0      0      0 | 1.4113 14.79 | 0.00e+00 0.00e+00 |   0.6944 1.0000  3.1324  0.0000 0.500 14.50 | PAIR-CHANNEL-DEAD
# CONVTAG t=0.00 rough=0.000000 cond=0.000000 evap=0.000000 backs=0.000000
t=    4.00 -4.05e-16 | 1.7045 15.35  20720    0      0      0 | 1.4098 14.79 | 0.00e+00 9.71e-07 |   0.6936 0.9988  3.1324  0.0000 0.500 13.00 | PAIR-CHANNEL-DEAD
# CONVTAG t=4.00 rough=0.000000 cond=0.000000 evap=0.000000 backs=0.000000
# QATOM t=5.36 dir=FD w=1.65 e=0.301996504517
t=    8.00 -8.09e-16 | 1.7042 15.32  20687    0      0      0 | 1.4094 14.79 | 0.00e+00 8.21e-05 |   0.6901 0.9938  3.1324  0.0003 0.500 13.00 | PAIR-CHANNEL-DEAD
# CONVTAG t=8.00 rough=0.000000 cond=0.000000 evap=0.000000 backs=0.000000
t=   12.00 -9.44e-16 | 1.7028 15.32  20688    0      0      0 | 1.4094 14.79 | 0.00e+00 4.52e-03 |   0.6860 0.9879  3.1323  0.0049 0.500 13.00 | PAIR-CHANNEL-DEAD
# CONVTAG t=12.00 rough=0.000000 cond=0.000000 evap=0.000000 backs=0.000000
t=   16.00 -9.44e-16 | 1.7005 15.28  20629    0      0      0 | 1.4087 14.78 | 0.00e+00 8.26e-03 |   0.6827 0.9830  3.1323  0.0240 0.500 13.00 | PAIR-CHANNEL-DEAD
# CONVTAG t=16.00 rough=0.000000 cond=0.000000 evap=0.000000 backs=0.000000
# QATOM t=18.00 dir=FD w=1.649925 e=0.301982777102
t=   20.00 -9.44e-16 | 1.6965 15.24  20570    0      0      0 | 1.4079 14.78 | 0.00e+00 1.81e-02 |   0.6785 0.9770  3.1319  0.0520 0.500 12.50 | PAIR-CHANNEL-DEAD
# CONVTAG t=20.00 rough=0.000000 cond=0.000000 evap=0.000000 backs=0.000000
# QATOM t=22.38 dir=FD w=1.43230456 e=0.262152104202
t=   24.00 -9.44e-16 | 1.6908 15.19  20507    0      0      0 | 1.4071 14.77 | 0.00e+00 1.77e-02 |   0.6688 0.9630  3.1319  0.0544 0.500 13.00 | PAIR-CHANNEL-DEAD
# CONVTAG t=24.00 rough=0.000000 cond=0.000000 evap=0.000000 backs=0.000000
# QATOM t=26.60 dir=FD w=1.64454894 e=0.300998807011
t=   28.00 -9.44e-16 | 1.6853 15.12  20416    0      0      0 | 1.4059 14.76 | 0.00e+00 3.50e-02 |   1.1434 1.6465  1.7890  2.5700 0.500 11.50 | PAIR-CHANNEL-DEAD
# CONVTAG t=28.00 rough=0.000000 cond=0.529315 evap=0.000000 backs=0.000000
# QATOM t=30.58 dir=FD w=1.64629959 e=0.301319224426
t=   32.00 -9.44e-16 | 1.6795 15.07  20343    0      0      0 | 1.4049 14.74 | 0.00e+00 2.92e-02 |   0.9603 1.3829  1.6280  2.6747 0.500 12.00 | PAIR-CHANNEL-DEAD
# CONVTAG t=32.00 rough=0.000000 cond=0.529315 evap=0.000000 backs=0.000000
# QATOM t=35.80 dir=FD w=1.41808896 e=0.259550248346
t=   36.00 -9.44e-16 | 1.6755 15.03  20292    0      0      0 | 1.4042 14.74 | 0.00e+00 2.52e-02 |   0.9727 1.4006  0.3487  3.1172 0.500 12.50 | PAIR-CHANNEL-DEAD
# CONVTAG t=36.00 rough=0.000000 cond=0.529315 evap=0.000000 backs=0.000000
t=   40.00 -9.44e-16 | 1.6720 15.00  20248    0      0      0 | 1.4035 14.72 | 0.00e+00 3.79e-02 |   0.8669 1.2483  0.5153  3.0859 0.500 12.00 | PAIR-CHANNEL-DEAD
# CONVTAG t=40.00 rough=0.000000 cond=0.529315 evap=0.000000 backs=0.000000
# QATOM t=42.38 dir=FD w=1.43790883 e=0.263177842469
t=   44.00 -9.44e-16 | 1.6693 14.97  20213    0      0      0 | 1.4031 14.72 | 0.00e+00 4.11e-02 |   1.2277 1.7678  1.5003  2.7480 0.500 12.00 | PAIR-CHANNEL-DEAD
# CONVTAG t=44.00 rough=0.000000 cond=0.529315 evap=0.000000 backs=0.000000
t=   48.00 -9.44e-16 | 1.6673 14.97  20208    0      0      0 | 1.4031 14.72 | 0.00e+00 3.92e-02 |   1.3332 1.9198  0.8636  3.0122 0.500 12.00 | PAIR-CHANNEL-DEAD
# CONVTAG t=48.00 rough=0.000000 cond=0.529315 evap=0.000000 backs=0.000000
t=   52.00 -9.44e-16 | 1.6651 14.94  20174    0      0      0 | 1.4026 14.72 | 0.00e+00 3.17e-02 |   1.0660 1.5350  1.4473  2.7739 0.500 12.50 | PAIR-CHANNEL-DEAD
# CONVTAG t=52.00 rough=0.000000 cond=0.529315 evap=0.000000 backs=0.000000
# QATOM t=52.08 dir=FD w=1.64017272 e=0.300197834984
t=   56.00 -9.44e-16 | 1.6634 14.93  20162    0      0      0 | 1.4024 14.72 | 0.00e+00 5.00e-02 |   1.1413 1.6435  1.0558  2.9436 0.500 12.50 | PAIR-CHANNEL-DEAD
# CONVTAG t=56.00 rough=0.000000 cond=0.529315 evap=0.000000 backs=0.000000
t=   60.00 -9.44e-16 | 1.6621 14.92  20143    0      0      0 | 1.4022 14.72 | 0.00e+00 3.02e-02 |   1.1336 1.6324  1.0511  2.9500 0.500 12.50 | PAIR-CHANNEL-DEAD
# CONVTAG t=60.00 rough=0.000000 cond=0.529315 evap=0.000000 backs=0.000000
t=   64.00 -9.44e-16 | 1.6606 14.90  20112    0      0      0 | 1.4018 14.71 | 0.00e+00 4.44e-02 |   1.2245 1.7633  0.7691  3.0346 0.500 12.00 | PAIR-CHANNEL-DEAD
# CONVTAG t=64.00 rough=0.000000 cond=0.790430 evap=0.000000 backs=0.000000
# QATOM t=66.56 dir=FD w=1.35460114 e=0.247930187983
t=   68.00 -9.44e-16 | 1.6592 14.89  20097    0      0      0 | 1.4015 14.71 | 0.00e+00 4.18e-02 |   1.1074 1.5946  1.1458  2.9135 0.500 12.50 | PAIR-CHANNEL-DEAD
# CONVTAG t=68.00 rough=0.000000 cond=0.790430 evap=0.000000 backs=0.000000
t=   72.00 -9.44e-16 | 1.6585 14.88  20093    0      0      0 | 1.4015 14.71 | 0.00e+00 3.94e-02 |   1.1308 1.6283  0.7966  3.0288 0.500 12.50 | PAIR-CHANNEL-DEAD
# CONVTAG t=72.00 rough=0.000000 cond=0.790430 evap=0.000000 backs=0.000000
t=   76.00 -9.44e-16 | 1.6579 14.88  20086    0      0      0 | 1.4014 14.71 | 0.00e+00 3.86e-02 |   1.2252 1.7643  0.3976  3.1110 0.500 12.00 | PAIR-CHANNEL-DEAD
# CONVTAG t=76.00 rough=0.000000 cond=0.790430 evap=0.000000 backs=0.000000
t=   80.00 -9.44e-16 | 1.6571 14.87  20068    0      0      0 | 1.4012 14.71 | 0.00e+00 4.80e-02 |   1.0584 1.5240  0.4042  3.1088 0.500 12.00 | PAIR-CHANNEL-DEAD
# CONVTAG t=80.00 rough=0.000000 cond=0.790430 evap=0.000000 backs=0.000000
t=   84.00 -9.44e-16 | 1.6566 14.85  20049    0      0      0 | 1.4010 14.70 | 0.00e+00 4.26e-02 |   1.0219 1.4715  1.4373  2.7785 0.500 12.50 | PAIR-CHANNEL-DEAD
# CONVTAG t=84.00 rough=0.000000 cond=0.790430 evap=0.000000 backs=0.000000
t=   88.00 -9.44e-16 | 1.6561 14.84  20037    0      0      0 | 1.4008 14.70 | 0.00e+00 3.53e-02 |   1.3275 1.9115  1.6810  2.6383 0.500 12.50 | PAIR-CHANNEL-DEAD
# CONVTAG t=88.00 rough=0.000000 cond=0.790430 evap=0.000000 backs=0.000000
t=   92.00 -9.44e-16 | 1.6559 14.84  20038    0      0      0 | 1.4009 14.71 | 0.00e+00 3.91e-02 |   1.2965 1.8670  1.7685  2.5723 0.500 13.00 | PAIR-CHANNEL-DEAD
# CONVTAG t=92.00 rough=0.000000 cond=0.790430 evap=0.000000 backs=0.000000
t=   96.00 -9.44e-16 | 1.6555 14.83  20021    0      0      0 | 1.4007 14.71 | 0.00e+00 4.42e-02 |   1.2982 1.8695  1.7648  2.5842 0.500 13.00 | PAIR-CHANNEL-DEAD
# CONVTAG t=96.00 rough=0.000000 cond=0.790430 evap=0.000000 backs=0.000000
t=  100.00 -9.44e-16 | 1.6551 14.82  20001    0      0      0 | 1.4003 14.70 | 0.00e+00 4.01e-02 |   1.2637 1.8197  1.7665  2.5743 0.500 13.00 | PAIR-CHANNEL-DEAD
# CONVTAG t=100.00 rough=0.000000 cond=0.790430 evap=0.000000 backs=0.000000
# QATOM t=102.40 dir=FD w=1.24893615 e=0.228590516814
t=  104.00 -9.44e-16 | 1.6548 14.84  20030    0      0      0 | 1.4008 14.71 | 0.00e+00 5.00e-02 |   1.2814 1.8452  1.8157  2.5468 0.500 12.50 | PAIR-CHANNEL-DEAD
# CONVTAG t=104.00 rough=0.000000 cond=0.790430 evap=0.000000 backs=0.000000
t=  108.00 -9.44e-16 | 1.6547 14.83  20025    0      0      0 | 1.4007 14.70 | 0.00e+00 4.05e-02 |   1.2839 1.8488  1.8655  2.5033 0.500 12.00 | PAIR-CHANNEL-DEAD
# CONVTAG t=108.00 rough=0.000000 cond=0.790430 evap=0.000000 backs=0.000000
t=  112.00 -9.44e-16 | 1.6544 14.82  20006    0      0      0 | 1.4005 14.71 | 0.00e+00 4.10e-02 |   1.2644 1.8208  1.7966  2.5608 0.500 12.50 | PAIR-CHANNEL-DEAD
# CONVTAG t=112.00 rough=0.000000 cond=0.790430 evap=0.000000 backs=0.000000
t=  116.00 -9.44e-16 | 1.6540 14.81  19995    0      0      0 | 1.4004 14.71 | 0.00e+00 5.00e-02 |   1.2404 1.7861  1.7404  2.5917 0.500 12.50 | PAIR-CHANNEL-DEAD
# CONVTAG t=116.00 rough=0.000000 cond=0.790430 evap=0.000000 backs=0.000000
t=  120.00 -9.44e-16 | 1.6537 14.80  19978    0      0      0 | 1.4001 14.70 | 0.00e+00 3.72e-02 |   1.2160 1.7511  1.7270  2.6087 0.500 12.50 | PAIR-CHANNEL-DEAD
# CONVTAG t=120.00 rough=0.000000 cond=0.790430 evap=0.000000 backs=0.000000
#
# RESULT drift_rel -9.442e-16
# RESULT births 0 deaths 0 beta_returns 0 beta_energy 0.000000e+00
# RESULT conv rough=5.477003 cond=534.265284 evap=0.000000 backs=0.714392
# RESULT convtag rough=0.000000 cond=0.790430 evap=0.000000 backs=0.000000 net=0.790430
# RESULT geometry phi_nom=1.6537 z_live=14.80 dbar=1.4001 sigma_d=0.1470
# RESULT pair CHANNEL DEAD
