# freecell — v89 free-cell substance test (exp=pair)
# laws = laws_V2g VERBATIM (defaults): C=1 w1=1.65 w2=2.9 q_detune=1.2
# gamma_res=0.25 gamma_res_m=0.1 p_gate=8 lock_floor=0.005 k_dep=1.2 k_dep_m=2 cap=2.5
# e_s0=1 es_floor=0.05 e_cond=0 f_conv=0.25 f_evap=0.5 s_pull=0.15
# kappa_lock=1 kappa_align=0.5 s_k=0.06 s_disp=0.3 sigma_tumble=0.01
# comb_limit=6 rough_k=0.35 gamma_rough=0.5 mob_sym=1 mob_floor=0.004 field_J=1.8
# quant_A0=1.15 quant_mode=2 (A0eff=1.15)
# GEOMETRY (apparatus): cfac=1.15 k_rep=1 mob_geo=1 kappa_bond=1 freeze_geo=1
# bath=1 bath_frac=1 jam_sweeps=800 jam_k=0.1 L=16 dt=0.02 T=120 seed=20260802 diag_every=200
# JAM sweeps=800 max_step=1.402e-04 (tol 1.0e-04, k_end=0.0010) — witness for the settle
# SEED pair: i=1009 j=1168 x=0.8333/0.0000 p:q=1:1 m=1 d*=1.444410 d0=6.447002 (doff +5.0000)
# SEED pair radii r=0.7513 contact=1.6080  Em/voice=2.0833
# SEED noise: amp=0.5 (e1-class churn)
# INIT NC=2700 slots=25949 live=20844 phi_nom=1.7042 z_live=15.44 dbar=1.4113 sigma_d=14.79% E0=3372.713305525
#
# t | drift_rel | phi_nom z_live NLa NLd births deaths | dbar sigma_d% | maxstep maxbond | Em_tag ret com_dev rms conn z_tag | pair: d delta gf gb | core/far
t=    0.00 +0.00e+00 | 1.7042 15.44  20844    0      0      0 | 1.4113 14.79 | 0.00e+00 0.00e+00 |   2.0833 1.0000  3.3134  0.0000 0.500 14.50 | PAIR-CHANNEL-DEAD
# CONVTAG t=0.00 rough=0.000000 cond=0.000000 evap=0.000000 backs=0.000000
t=    4.00 -4.04e-16 | 1.7044 15.34  20715    0      0      0 | 1.4097 14.79 | 0.00e+00 2.31e-04 |   2.0634 0.9904  3.3134  0.0000 0.500 11.50 | PAIR-CHANNEL-DEAD
# CONVTAG t=4.00 rough=0.000000 cond=0.000000 evap=0.000000 backs=0.000000
# QATOM t=5.36 dir=FD w=1.65 e=0.301996504517
t=    8.00 -6.74e-16 | 1.7041 15.33  20690    0      0      0 | 1.4095 14.79 | 0.00e+00 5.57e-04 |   2.0379 0.9782  3.3134  0.0000 0.500 10.50 | PAIR-CHANNEL-DEAD
# CONVTAG t=8.00 rough=0.000000 cond=0.000000 evap=0.000000 backs=0.000000
t=   12.00 -8.09e-16 | 1.7026 15.32  20686    0      0      0 | 1.4095 14.79 | 0.00e+00 4.51e-03 |   2.0198 0.9695  3.3134  0.0010 0.500 10.00 | PAIR-CHANNEL-DEAD
# CONVTAG t=12.00 rough=0.000000 cond=0.000000 evap=0.000000 backs=0.000000
t=   16.00 -8.09e-16 | 1.7004 15.28  20633    0      0      0 | 1.4088 14.79 | 0.00e+00 7.08e-03 |   2.0068 0.9633  3.3134  0.0063 0.500  9.50 | PAIR-CHANNEL-DEAD
# CONVTAG t=16.00 rough=0.000000 cond=0.000000 evap=0.000000 backs=0.000000
# QATOM t=17.98 dir=FD w=1.64988413 e=0.301975297561
t=   20.00 -8.09e-16 | 1.6965 15.23  20562    0      0      0 | 1.4079 14.78 | 0.00e+00 1.04e-02 |   1.9844 0.9525  3.3133  0.0218 0.500 10.50 | PAIR-CHANNEL-DEAD
# CONVTAG t=20.00 rough=0.000000 cond=0.000000 evap=0.000000 backs=0.000000
# QATOM t=22.54 dir=FD w=1.64943549 e=0.301893183311
t=   24.00 -8.09e-16 | 1.6909 15.20  20519    0      0      0 | 1.4073 14.77 | 0.00e+00 1.47e-02 |   1.9678 0.9445  3.3103  0.1393 0.500 10.50 | PAIR-CHANNEL-DEAD
# CONVTAG t=24.00 rough=0.000000 cond=0.000000 evap=0.000000 backs=0.000000
# QATOM t=26.86 dir=FD w=1.64904275 e=0.301821301404
t=   28.00 -8.09e-16 | 1.6855 15.14  20437    0      0      0 | 1.4062 14.76 | 0.00e+00 2.49e-02 |   2.1105 1.0131  3.2891  0.3912 0.500 10.50 | PAIR-CHANNEL-DEAD
# CONVTAG t=28.00 rough=0.000000 cond=0.155764 evap=0.000000 backs=0.000000
# QATOM t=30.62 dir=FD w=1.64831683 e=0.301688436156
t=   32.00 -6.74e-16 | 1.6796 15.07  20346    0      0      0 | 1.4050 14.75 | 0.00e+00 1.86e-02 |   2.0279 0.9734  3.2604  0.5738 0.500 10.00 | PAIR-CHANNEL-DEAD
# CONVTAG t=32.00 rough=0.000000 cond=0.155764 evap=0.000000 backs=0.000000
# QATOM t=35.34 dir=FD w=1.64556085 e=0.301184015254
t=   36.00 -6.74e-16 | 1.6754 15.01  20265    0      0      0 | 1.4040 14.75 | 0.00e+00 2.02e-02 |   2.0130 0.9663  3.2355  0.7003 0.500 10.50 | PAIR-CHANNEL-DEAD
# CONVTAG t=36.00 rough=0.000000 cond=0.155764 evap=0.000000 backs=0.000000
t=   40.00 -6.74e-16 | 1.6721 15.01  20262    0      0      0 | 1.4039 14.74 | 0.00e+00 3.34e-02 |   2.1543 1.0341  3.2268  0.7389 0.500 10.50 | PAIR-CHANNEL-DEAD
# CONVTAG t=40.00 rough=0.000000 cond=0.310403 evap=0.000000 backs=0.000000
# QATOM t=42.18 dir=FD w=1.64702005 e=0.301451090501
t=   44.00 -8.09e-16 | 1.6693 14.99  20232    0      0      0 | 1.4035 14.73 | 0.00e+00 2.68e-02 |   2.1140 1.0147  3.2164  0.7839 0.500 10.50 | PAIR-CHANNEL-DEAD
# CONVTAG t=44.00 rough=0.000000 cond=0.310403 evap=0.000000 backs=0.000000
t=   48.00 -6.74e-16 | 1.6667 14.98  20218    0      0      0 | 1.4033 14.73 | 0.00e+00 2.85e-02 |   2.1025 1.0092  3.2121  0.8010 0.500 11.00 | PAIR-CHANNEL-DEAD
# CONVTAG t=48.00 rough=0.000000 cond=0.310403 evap=0.000000 backs=0.000000
# QATOM t=50.90 dir=FD w=1.64509965 e=0.301099602834
t=   52.00 -6.74e-16 | 1.6648 14.94  20174    0      0      0 | 1.4027 14.73 | 0.00e+00 4.10e-02 |   2.0947 1.0055  3.2333  0.7129 0.500 11.50 | PAIR-CHANNEL-DEAD
# CONVTAG t=52.00 rough=0.000000 cond=0.310403 evap=0.000000 backs=0.000000
t=   56.00 -6.74e-16 | 1.6635 14.94  20167    0      0      0 | 1.4027 14.73 | 0.00e+00 4.00e-02 |   2.0893 1.0029  3.2479  0.6427 0.500 11.00 | PAIR-CHANNEL-DEAD
# CONVTAG t=56.00 rough=0.000000 cond=0.310403 evap=0.000000 backs=0.000000
t=   60.00 -6.74e-16 | 1.6619 14.91  20127    0      0      0 | 1.4021 14.72 | 0.00e+00 4.19e-02 |   2.0893 1.0029  3.2420  0.7449 0.500 11.50 | PAIR-CHANNEL-DEAD
# CONVTAG t=60.00 rough=0.000000 cond=0.310403 evap=0.000000 backs=0.000000
t=   64.00 -6.74e-16 | 1.6611 14.89  20104    0      0      0 | 1.4017 14.71 | 0.00e+00 3.99e-02 |   2.0805 0.9986  3.2596  0.5819 0.500 12.00 | PAIR-CHANNEL-DEAD
# CONVTAG t=64.00 rough=0.000000 cond=0.310403 evap=0.000000 backs=0.000000
# QATOM t=67.42 dir=FD w=1.64641113 e=0.301339640942
t=   68.00 -6.74e-16 | 1.6600 14.88  20090    0      0      0 | 1.4016 14.72 | 0.00e+00 3.07e-02 |   2.2584 1.0841  3.2364  0.6964 0.500 10.50 | PAIR-CHANNEL-DEAD
# CONVTAG t=68.00 rough=0.000000 cond=0.462315 evap=0.000000 backs=0.000000
t=   72.00 -6.74e-16 | 1.6589 14.88  20089    0      0      0 | 1.4016 14.72 | 0.00e+00 4.16e-02 |   2.2381 1.0743  3.2318  0.7163 0.500 10.50 | PAIR-CHANNEL-DEAD
# CONVTAG t=72.00 rough=0.000000 cond=0.462315 evap=0.000000 backs=0.000000
t=   76.00 -6.74e-16 | 1.6585 14.89  20104    0      0      0 | 1.4018 14.72 | 0.00e+00 3.50e-02 |   2.1940 1.0531  3.1858  0.8950 0.500 10.50 | PAIR-CHANNEL-DEAD
# CONVTAG t=76.00 rough=0.000000 cond=0.462315 evap=0.000000 backs=0.000000
t=   80.00 -6.74e-16 | 1.6579 14.87  20074    0      0      0 | 1.4014 14.72 | 0.00e+00 4.40e-02 |   2.1672 1.0403  3.2303  0.7228 0.500 10.50 | PAIR-CHANNEL-DEAD
# CONVTAG t=80.00 rough=0.000000 cond=0.462315 evap=0.000000 backs=0.000000
t=   84.00 -6.74e-16 | 1.6575 14.85  20049    0      0      0 | 1.4011 14.72 | 0.00e+00 2.82e-02 |   2.1625 1.0380  3.2305  0.7226 0.500 10.50 | PAIR-CHANNEL-DEAD
# CONVTAG t=84.00 rough=0.000000 cond=0.462315 evap=0.000000 backs=0.000000
t=   88.00 -6.74e-16 | 1.6572 14.84  20037    0      0      0 | 1.4010 14.72 | 0.00e+00 3.88e-02 |   2.3243 1.1157  3.2521  0.7118 0.500 10.50 | PAIR-CHANNEL-DEAD
# CONVTAG t=88.00 rough=0.000000 cond=0.611607 evap=0.000000 backs=0.000000
t=   92.00 -6.74e-16 | 1.6567 14.84  20033    0      0      0 | 1.4009 14.71 | 0.00e+00 3.91e-02 |   2.3108 1.1092  3.2697  0.5300 0.500 10.50 | PAIR-CHANNEL-DEAD
# CONVTAG t=92.00 rough=0.000000 cond=0.611607 evap=0.000000 backs=0.000000
t=   96.00 -6.74e-16 | 1.6562 14.84  20040    0      0      0 | 1.4010 14.72 | 0.00e+00 3.32e-02 |   2.2874 1.0979  3.2393  0.6808 0.500 10.50 | PAIR-CHANNEL-DEAD
# CONVTAG t=96.00 rough=0.000000 cond=0.611607 evap=0.000000 backs=0.000000
t=  100.00 -6.74e-16 | 1.6558 14.84  20031    0      0      0 | 1.4010 14.72 | 0.00e+00 3.16e-02 |   2.2870 1.0977  3.2346  0.7099 0.500 10.50 | PAIR-CHANNEL-DEAD
# CONVTAG t=100.00 rough=0.000000 cond=0.611607 evap=0.000000 backs=0.000000
# QATOM t=103.84 dir=FD w=1.3163144 e=0.2409226348
t=  104.00 -6.74e-16 | 1.6554 14.83  20027    0      0      0 | 1.4009 14.72 | 0.00e+00 3.76e-02 |   2.3012 1.1046  3.1841  0.8967 0.500 10.50 | PAIR-CHANNEL-DEAD
# CONVTAG t=104.00 rough=0.000000 cond=0.611607 evap=0.000000 backs=0.000000
t=  108.00 -6.74e-16 | 1.6548 14.83  20016    0      0      0 | 1.4008 14.72 | 0.00e+00 3.53e-02 |   2.2674 1.0883  3.1689  0.9483 0.500 10.50 | PAIR-CHANNEL-DEAD
# CONVTAG t=108.00 rough=0.000000 cond=0.611607 evap=0.000000 backs=0.000000
t=  112.00 -6.74e-16 | 1.6546 14.82  20003    0      0      0 | 1.4006 14.72 | 0.00e+00 3.04e-02 |   2.2765 1.0927  3.1306  1.0624 0.500 10.50 | PAIR-CHANNEL-DEAD
# CONVTAG t=112.00 rough=0.000000 cond=0.611607 evap=0.000000 backs=0.000000
t=  116.00 -6.74e-16 | 1.6545 14.82  20007    0      0      0 | 1.4006 14.71 | 0.00e+00 4.36e-02 |   2.2844 1.0965  3.1183  1.1574 0.500 10.50 | PAIR-CHANNEL-DEAD
# CONVTAG t=116.00 rough=0.000000 cond=0.611607 evap=0.000000 backs=0.000000
t=  120.00 -6.74e-16 | 1.6542 14.82  20007    0      0      0 | 1.4006 14.72 | 0.00e+00 4.91e-02 |   2.2720 1.0906  3.1497  1.0092 0.500 10.50 | PAIR-CHANNEL-DEAD
# CONVTAG t=120.00 rough=0.000000 cond=0.611607 evap=0.000000 backs=0.000000
#
# RESULT drift_rel -6.742e-16
# RESULT births 0 deaths 0 beta_returns 0 beta_energy 0.000000e+00
# RESULT conv rough=5.034785 cond=534.410640 evap=0.000000 backs=0.656711
# RESULT convtag rough=0.000000 cond=0.611607 evap=0.000000 backs=0.000000 net=0.611607
# RESULT geometry phi_nom=1.6542 z_live=14.82 dbar=1.4006 sigma_d=0.1472
# RESULT pair CHANNEL DEAD
