# freecell — v89 free-cell substance test (exp=pair)
# laws = laws_V2g VERBATIM (defaults): C=1 w1=1.65 w2=2.9 q_detune=1.2
# gamma_res=0.25 gamma_res_m=0.1 p_gate=8 lock_floor=0.005 k_dep=1.2 k_dep_m=2 cap=2.5
# e_s0=1 es_floor=0.05 e_cond=0 f_conv=0.25 f_evap=0.5 s_pull=0.15
# kappa_lock=1 kappa_align=0.5 s_k=0.06 s_disp=0.3 sigma_tumble=0.01
# comb_limit=6 rough_k=0.35 gamma_rough=0.5 mob_sym=1 mob_floor=0.004 field_J=1.8
# quant_A0=1.15 quant_mode=2 (A0eff=1.15)
# GEOMETRY (apparatus): cfac=1.15 k_rep=1 mob_geo=1 kappa_bond=1 freeze_geo=1
# bath=1 bath_frac=1 jam_sweeps=800 jam_k=0.1 L=16 dt=0.02 T=120 seed=20260802 diag_every=200
# JAM sweeps=800 max_step=1.402e-04 (tol 1.0e-04, k_end=0.0010) — witness for the settle
# SEED pair: i=896 j=1053 x=0.3500/0.0000 p:q=1:1 m=1 d*=1.271320 d0=6.274731 (doff +5.0000)
# SEED pair radii r=0.7892 contact=1.6263  Em/voice=0.8750
# SEED noise: amp=0.5 (e1-class churn)
# INIT NC=2700 slots=25951 live=20843 phi_nom=1.7043 z_live=15.44 dbar=1.4113 sigma_d=14.79% E0=3371.662581612
#
# t | drift_rel | phi_nom z_live NLa NLd births deaths | dbar sigma_d% | maxstep maxbond | Em_tag ret com_dev rms conn z_tag | pair: d delta gf gb | core/far
t=    0.00 +0.00e+00 | 1.7043 15.44  20843    0      0      0 | 1.4113 14.79 | 0.00e+00 0.00e+00 |   0.8750 1.0000  2.8528  0.0000 0.500 13.50 | PAIR-CHANNEL-DEAD
# CONVTAG t=0.00 rough=0.000000 cond=0.000000 evap=0.000000 backs=0.000000
t=    4.00 -4.05e-16 | 1.7045 15.35  20720    0      0      0 | 1.4098 14.79 | 0.00e+00 3.32e-07 |   0.8743 0.9992  2.8528  0.0000 0.500 13.50 | PAIR-CHANNEL-DEAD
# CONVTAG t=4.00 rough=0.000000 cond=0.000000 evap=0.000000 backs=0.000000
# QATOM t=5.36 dir=FD w=1.65 e=0.301996504517
t=    8.00 -6.74e-16 | 1.7042 15.33  20690    0      0      0 | 1.4095 14.79 | 0.00e+00 8.35e-05 |   0.8719 0.9965  2.8528  0.0006 0.500 13.50 | PAIR-CHANNEL-DEAD
# CONVTAG t=8.00 rough=0.000000 cond=0.000000 evap=0.000000 backs=0.000000
t=   12.00 -6.74e-16 | 1.7027 15.32  20688    0      0      0 | 1.4094 14.79 | 0.00e+00 5.04e-03 |   0.8705 0.9949  2.8528  0.0030 0.500 13.50 | PAIR-CHANNEL-DEAD
# CONVTAG t=12.00 rough=0.000000 cond=0.000000 evap=0.000000 backs=0.000000
t=   16.00 -6.74e-16 | 1.7005 15.28  20630    0      0      0 | 1.4087 14.78 | 0.00e+00 3.42e-03 |   0.8683 0.9923  2.8528  0.0172 0.500 13.50 | PAIR-CHANNEL-DEAD
# CONVTAG t=16.00 rough=0.000000 cond=0.000000 evap=0.000000 backs=0.000000
# QATOM t=18.06 dir=FD w=1.6494099 e=0.301888499018
t=   20.00 -6.74e-16 | 1.6967 15.23  20561    0      0      0 | 1.4078 14.78 | 0.00e+00 2.61e-02 |   0.8651 0.9886  2.8517  0.0803 0.500 13.00 | PAIR-CHANNEL-DEAD
# CONVTAG t=20.00 rough=0.000000 cond=0.000000 evap=0.000000 backs=0.000000
# QATOM t=22.48 dir=FD w=1.64957304 e=0.301918358215
t=   24.00 -6.74e-16 | 1.6908 15.19  20509    0      0      0 | 1.4071 14.77 | 0.00e+00 1.66e-02 |   0.8644 0.9878  2.8343  0.3370 0.500 13.50 | PAIR-CHANNEL-DEAD
# CONVTAG t=24.00 rough=0.000000 cond=0.000000 evap=0.000000 backs=0.000000
# QATOM t=26.62 dir=FD w=1.64841006 e=0.301705500848
t=   28.00 -6.74e-16 | 1.6853 15.13  20426    0      0      0 | 1.4060 14.76 | 0.00e+00 3.80e-02 |   0.8612 0.9842  2.8432  0.2403 0.500 13.50 | PAIR-CHANNEL-DEAD
# CONVTAG t=28.00 rough=0.000000 cond=0.000000 evap=0.000000 backs=0.000000
# QATOM t=30.40 dir=FD w=1.64982323 e=0.3019641506
t=   32.00 -6.74e-16 | 1.6794 15.06  20328    0      0      0 | 1.4047 14.74 | 0.00e+00 2.07e-02 |   0.8627 0.9860  2.8250  0.4125 0.500 13.50 | PAIR-CHANNEL-DEAD
# CONVTAG t=32.00 rough=0.000000 cond=0.000000 evap=0.000000 backs=0.000000
# QATOM t=35.42 dir=FD w=1.64803298 e=0.301636485085
t=   36.00 -6.74e-16 | 1.6755 15.03  20293    0      0      0 | 1.4042 14.74 | 0.00e+00 2.37e-02 |   0.8623 0.9855  2.7894  0.6200 0.500 13.50 | PAIR-CHANNEL-DEAD
# CONVTAG t=36.00 rough=0.000000 cond=0.000000 evap=0.000000 backs=0.000000
t=   40.00 -6.74e-16 | 1.6723 15.01  20269    0      0      0 | 1.4039 14.73 | 0.00e+00 3.14e-02 |   0.8623 0.9855  2.7938  0.6014 0.500 13.50 | PAIR-CHANNEL-DEAD
# CONVTAG t=40.00 rough=0.000000 cond=0.000000 evap=0.000000 backs=0.000000
# QATOM t=42.20 dir=FD w=1.64519144 e=0.301116402542
t=   44.00 -6.74e-16 | 1.6694 14.97  20213    0      0      0 | 1.4032 14.73 | 0.00e+00 2.77e-02 |   0.8668 0.9906  2.7953  0.5937 0.500 13.50 | PAIR-CHANNEL-DEAD
# CONVTAG t=44.00 rough=0.000000 cond=0.000000 evap=0.000000 backs=0.000000
t=   48.00 -6.74e-16 | 1.6665 14.96  20190    0      0      0 | 1.4028 14.72 | 0.00e+00 3.30e-02 |   0.8557 0.9779  2.7672  0.7240 0.500 13.50 | PAIR-CHANNEL-DEAD
# CONVTAG t=48.00 rough=0.000000 cond=0.000000 evap=0.000000 backs=0.000000
# QATOM t=50.34 dir=FD w=1.6298134 e=0.298301787277
t=   52.00 -6.74e-16 | 1.6645 14.94  20163    0      0      0 | 1.4024 14.72 | 0.00e+00 3.91e-02 |   0.8409 0.9610  2.7127  0.9200 0.500 13.50 | PAIR-CHANNEL-DEAD
# CONVTAG t=52.00 rough=0.000000 cond=0.000000 evap=0.000000 backs=0.000000
t=   56.00 -5.39e-16 | 1.6629 14.93  20150    0      0      0 | 1.4023 14.72 | 0.00e+00 4.12e-02 |   0.8411 0.9612  2.7077  0.9395 0.500 13.50 | PAIR-CHANNEL-DEAD
# CONVTAG t=56.00 rough=0.000000 cond=0.000000 evap=0.000000 backs=0.000000
t=   60.00 -5.39e-16 | 1.6615 14.90  20112    0      0      0 | 1.4018 14.71 | 0.00e+00 2.94e-02 |   0.8401 0.9602  2.7314  0.8598 0.500 13.50 | PAIR-CHANNEL-DEAD
# CONVTAG t=60.00 rough=0.000000 cond=0.000000 evap=0.000000 backs=0.000000
t=   64.00 -5.39e-16 | 1.6603 14.87  20080    0      0      0 | 1.4014 14.71 | 0.00e+00 2.86e-02 |   0.8424 0.9628  2.8102  0.5091 0.500 13.50 | PAIR-CHANNEL-DEAD
# CONVTAG t=64.00 rough=0.000000 cond=0.000000 evap=0.000000 backs=0.000000
# QATOM t=65.74 dir=FD w=1.38837658 e=0.254112044618
t=   68.00 -6.74e-16 | 1.6593 14.86  20067    0      0      0 | 1.4012 14.71 | 0.00e+00 3.45e-02 |   0.8523 0.9740  2.8222  0.4356 0.500 13.50 | PAIR-CHANNEL-DEAD
# CONVTAG t=68.00 rough=0.000000 cond=0.000000 evap=0.000000 backs=0.000000
t=   72.00 -6.74e-16 | 1.6585 14.84  20037    0      0      0 | 1.4009 14.71 | 0.00e+00 4.59e-02 |   0.7821 0.8938  2.8149  0.4831 0.500 13.50 | PAIR-CHANNEL-DEAD
# CONVTAG t=72.00 rough=0.000000 cond=0.000000 evap=0.000000 backs=0.000000
t=   76.00 -6.74e-16 | 1.6581 14.84  20038    0      0      0 | 1.4010 14.71 | 0.00e+00 5.00e-02 |   0.9430 1.0777  1.5143  2.5687 0.500 13.50 | PAIR-CHANNEL-DEAD
# CONVTAG t=76.00 rough=0.000000 cond=0.301271 evap=0.000000 backs=0.000000
t=   80.00 -6.74e-16 | 1.6575 14.83  20014    0      0      0 | 1.4006 14.71 | 0.00e+00 3.70e-02 |   0.8832 1.0094  2.2790  1.8064 0.500 13.50 | PAIR-CHANNEL-DEAD
# CONVTAG t=80.00 rough=0.000000 cond=0.301271 evap=0.000000 backs=0.000000
t=   84.00 -6.74e-16 | 1.6568 14.82  20008    0      0      0 | 1.4005 14.70 | 0.00e+00 3.43e-02 |   0.9739 1.1130  2.3544  1.6953 0.500 13.50 | PAIR-CHANNEL-DEAD
# CONVTAG t=84.00 rough=0.000000 cond=0.301271 evap=0.000000 backs=0.000000
t=   88.00 -6.74e-16 | 1.6565 14.81  19990    0      0      0 | 1.4003 14.70 | 0.00e+00 4.12e-02 |   1.0668 1.2192  2.4119  1.5983 0.500 13.50 | PAIR-CHANNEL-DEAD
# CONVTAG t=88.00 rough=0.000000 cond=0.301271 evap=0.000000 backs=0.000000
t=   92.00 -6.74e-16 | 1.6562 14.82  20008    0      0      0 | 1.4005 14.71 | 0.00e+00 4.02e-02 |   1.0006 1.1435  2.2712  1.8172 0.500 13.50 | PAIR-CHANNEL-DEAD
# CONVTAG t=92.00 rough=0.000000 cond=0.301271 evap=0.000000 backs=0.000000
t=   96.00 -6.74e-16 | 1.6560 14.79  19970    0      0      0 | 1.4000 14.70 | 0.00e+00 4.30e-02 |   0.8381 0.9578  2.2641  1.8261 0.500 13.50 | PAIR-CHANNEL-DEAD
# CONVTAG t=96.00 rough=0.000000 cond=0.301271 evap=0.000000 backs=0.000000
t=  100.00 -6.74e-16 | 1.6556 14.81  19990    0      0      0 | 1.4003 14.70 | 0.00e+00 5.00e-02 |   0.8344 0.9536  2.4261  1.5750 0.500 13.50 | PAIR-CHANNEL-DEAD
# CONVTAG t=100.00 rough=0.000000 cond=0.301271 evap=0.000000 backs=0.000000
t=  104.00 -6.74e-16 | 1.6554 14.81  19987    0      0      0 | 1.4002 14.70 | 0.00e+00 4.79e-02 |   0.9278 1.0603  2.7667  0.7244 0.500 13.50 | PAIR-CHANNEL-DEAD
# CONVTAG t=104.00 rough=0.000000 cond=0.301271 evap=0.000000 backs=0.000000
# QATOM t=104.36 dir=DF w=2.18826763 e=0.4005146518
t=  108.00 -6.74e-16 | 1.6552 14.81  19994    0      0      0 | 1.4003 14.70 | 0.00e+00 3.92e-02 |   0.9507 1.0866  2.6905  0.9917 0.500 13.50 | PAIR-CHANNEL-DEAD
# CONVTAG t=108.00 rough=0.000000 cond=0.301271 evap=0.000000 backs=0.000000
t=  112.00 -6.74e-16 | 1.6549 14.80  19985    0      0      0 | 1.4002 14.70 | 0.00e+00 3.40e-02 |   0.9131 1.0435  2.6095  1.2088 0.500 13.50 | PAIR-CHANNEL-DEAD
# CONVTAG t=112.00 rough=0.000000 cond=0.301271 evap=0.000000 backs=0.000000
t=  116.00 -6.74e-16 | 1.6548 14.80  19977    0      0      0 | 1.4001 14.70 | 0.00e+00 3.97e-02 |   0.9324 1.0656  2.5060  1.4273 0.500 13.50 | PAIR-CHANNEL-DEAD
# CONVTAG t=116.00 rough=0.000000 cond=0.301271 evap=0.000000 backs=0.000000
t=  120.00 -6.74e-16 | 1.6547 14.81  19995    0      0      0 | 1.4004 14.70 | 0.00e+00 3.31e-02 |   0.9586 1.0955  2.6620  1.0716 0.500 13.50 | PAIR-CHANNEL-DEAD
# CONVTAG t=120.00 rough=0.000000 cond=0.301271 evap=0.000000 backs=0.000000
#
# RESULT drift_rel -6.744e-16
# RESULT births 0 deaths 0 beta_returns 0 beta_energy 0.000000e+00
# RESULT conv rough=8.674298 cond=534.240438 evap=0.000000 backs=1.131430
# RESULT convtag rough=0.000000 cond=0.301271 evap=0.000000 backs=0.000000 net=0.301271
# RESULT geometry phi_nom=1.6547 z_live=14.81 dbar=1.4004 sigma_d=0.1470
# RESULT pair CHANNEL DEAD
