# cellfab — v89 cell-fabric kernel (no lattice, no prior code)
# cfg seed=314159 mode=field init=pairs
# cfg L=30 dmin=1 r0=0.85 rjit=0.06
# cfg C=1 w1=1.65 w2=2.9 q_detune=1.2 gamma_res=0.25 gamma_res_m=0 p_gate=8
# cfg lock_floor=0.005
# cfg k_dep=1.2 k_dep_m=2 cap=2.5 e_s0=1 es_floor=0.05
# cfg e_cond=0 f_conv=0.25 f_evap=0.5 s_pull=0.15
# cfg kappa_lock=1 kappa_align=0.5 kappa_freq=0 kappa_reac=0 sigma_tumble=0.01
# cfg space: s_k=0.06 s_disp=0.3 es_gx=0
# cfg dt=0.02 T=60 diag_every=500 snap_every=0
# cfg center=(-1,-1,-1) amp=1 sigma=2.5 k=(0,0,0) prealign=0 noise_amp=0.08
# cfg music: comb_limit=6 rough_k=0.35 gamma_rough=0.5 mob_sym=1 mob_floor=0.004
# cfg field sector: two-component signed amplitude, unitary hops, field_J=1.8
# cfg ledger: mode=3 u=1.000e-12 (cellfabi INT_LEDGER)
# cfg pairs: n=60 x0=-1 x1=-1 pq=1:1 seedlock=1 d=[1,1.55] gap=5
# action atom: A0=1.1500 (dbar=1.5069) mode=2 — eps(w)=A0*w/2pi; atoms at mode boundaries, transport continuous
# edge coloring: 29 colors for 165524 links
# pairs: seeded 60 of 60 requested, d=[1,1.55], x0=x*(d), example 0.128, phases=locked
# fabric: cells=18622 channels=165524 mean_degree=17.78 box=30 dmin=1
# LEDGER seed mode=3 u=1.000e-12 E0_int=19416022288378510 NC=18622 NL=165524
# LEDGER seed mode=3 u=1.000e-12 E0_int=19416022288378510 NC=18622 NL=165524
# t	E_space	E_dense	E_field	E_transfer	E_total	rel_drift	live_ch	cm_x	cm_y	cm_z	contain	front_r	r_core	defA	r_far	r_ratio	w_core	w_far
0.000	18614.7374	55.6798225	745.605051	0	19416.0222884	0.000e+00	110707	13.194	14.492	14.774	0.042	25.6465	0.8480	0	0.8499	0.9978	1.65000	1.64815	15.0039	15.0418	14.9968	0	0	0	-7.4534	6.7615	-1.0651
# CONV t=0.00 cond=0 evap=0 rough=0 back_s=0
# LEDGER t=0.000 mode=3 sum_err=0 max|E-iEu|=5.000e-13 run_max_diff=0.000e+00 run_max_sum_err=0 steps=0 E0_int=19416022288378510 sum=19416022288378510
# PAIR t=0.0 p=0 d=1.262 pq=1:1 delta=+0.000 x=0.137 ratio=1.0000 dth=-0.000 gg=1.0000 fl=0.000 ret=1.000 shed=0.000 act=0.0000 flq=0.00
# PAIR t=0.0 p=1 d=1.148 pq=1:1 delta=+0.000 x=0.050 ratio=1.0000 dth=+0.000 gg=1.0000 fl=0.000 ret=1.000 shed=0.000 act=0.0000 flq=0.00
# PAIR t=0.0 p=2 d=1.412 pq=1:1 delta=+0.000 x=0.253 ratio=1.0000 dth=-0.000 gg=1.0000 fl=0.000 ret=1.000 shed=0.000 act=0.0000 flq=0.00
# PAIR t=0.0 p=3 d=1.129 pq=1:1 delta=+0.000 x=0.035 ratio=1.0000 dth=+0.000 gg=1.0000 fl=0.000 ret=1.000 shed=0.000 act=0.0000 flq=0.00
# PAIR t=0.0 p=4 d=1.498 pq=1:1 delta=+0.000 x=0.319 ratio=1.0000 dth=+0.000 gg=1.0000 fl=0.000 ret=1.000 shed=0.000 act=0.0000 flq=0.00
# PAIR t=0.0 p=5 d=1.148 pq=1:1 delta=+0.000 x=0.049 ratio=1.0000 dth=-0.000 gg=1.0000 fl=0.000 ret=1.000 shed=0.000 act=0.0000 flq=0.00
# PAIR t=0.0 p=6 d=1.441 pq=1:1 delta=+0.000 x=0.276 ratio=1.0000 dth=+0.000 gg=1.0000 fl=0.000 ret=1.000 shed=0.000 act=0.0000 flq=0.00
# PAIR t=0.0 p=7 d=1.489 pq=1:1 delta=-0.000 x=0.312 ratio=1.0000 dth=+0.000 gg=1.0000 fl=0.000 ret=1.000 shed=0.000 act=0.0000 flq=0.00
# PAIR t=0.0 p=8 d=1.110 pq=1:1 delta=+0.000 x=0.020 ratio=1.0000 dth=-0.000 gg=1.0000 fl=0.000 ret=1.000 shed=0.000 act=0.0000 flq=0.00
# PAIR t=0.0 p=9 d=1.396 pq=1:1 delta=+0.000 x=0.240 ratio=1.0000 dth=-0.000 gg=1.0000 fl=0.000 ret=1.000 shed=0.000 act=0.0000 flq=0.00
# PAIR t=0.0 p=10 d=1.112 pq=1:1 delta=+0.000 x=0.022 ratio=1.0000 dth=-0.000 gg=1.0000 fl=0.000 ret=1.000 shed=0.000 act=0.0000 flq=0.00
# PAIR t=0.0 p=11 d=1.153 pq=1:1 delta=+0.000 x=0.053 ratio=1.0000 dth=-0.000 gg=1.0000 fl=0.000 ret=1.000 shed=0.000 act=0.0000 flq=0.00
# PAIR t=0.0 p=12 d=1.417 pq=1:1 delta=+0.000 x=0.257 ratio=1.0000 dth=-0.000 gg=1.0000 fl=0.000 ret=1.000 shed=0.000 act=0.0000 flq=0.00
# PAIR t=0.0 p=13 d=1.132 pq=1:1 delta=+0.000 x=0.037 ratio=1.0000 dth=+0.000 gg=1.0000 fl=0.000 ret=1.000 shed=0.000 act=0.0000 flq=0.00
# PAIR t=0.0 p=14 d=1.277 pq=1:1 delta=+0.000 x=0.149 ratio=1.0000 dth=-0.000 gg=1.0000 fl=0.000 ret=1.000 shed=0.000 act=0.0000 flq=0.00
# PAIR t=0.0 p=15 d=1.213 pq=1:1 delta=+0.000 x=0.100 ratio=1.0000 dth=-0.000 gg=1.0000 fl=0.000 ret=1.000 shed=0.000 act=0.0000 flq=0.00
# PAIR t=0.0 p=16 d=1.504 pq=1:1 delta=+0.000 x=0.323 ratio=1.0000 dth=+0.000 gg=1.0000 fl=0.000 ret=1.000 shed=0.000 act=0.0000 flq=0.00
# PAIR t=0.0 p=17 d=1.529 pq=1:1 delta=+0.000 x=0.343 ratio=1.0000 dth=-0.000 gg=1.0000 fl=0.000 ret=1.000 shed=0.000 act=0.0000 flq=0.00
# PAIR t=0.0 p=18 d=1.271 pq=1:1 delta=+0.000 x=0.145 ratio=1.0000 dth=+0.000 gg=1.0000 fl=0.000 ret=1.000 shed=0.000 act=0.0000 flq=0.00
# PAIR t=0.0 p=19 d=1.524 pq=1:1 delta=+0.000 x=0.339 ratio=1.0000 dth=-0.000 gg=1.0000 fl=0.000 ret=1.000 shed=0.000 act=0.0000 flq=0.00
# PAIR t=0.0 p=20 d=1.455 pq=1:1 delta=+0.000 x=0.286 ratio=1.0000 dth=+0.000 gg=1.0000 fl=0.000 ret=1.000 shed=0.000 act=0.0000 flq=0.00
# PAIR t=0.0 p=21 d=1.174 pq=1:1 delta=+0.000 x=0.070 ratio=1.0000 dth=-0.000 gg=1.0000 fl=0.000 ret=1.000 shed=0.000 act=0.0000 flq=0.00
# PAIR t=0.0 p=22 d=1.142 pq=1:1 delta=+0.000 x=0.045 ratio=1.0000 dth=-0.000 gg=1.0000 fl=0.000 ret=1.000 shed=0.000 act=0.0000 flq=0.00
# PAIR t=0.0 p=23 d=1.194 pq=1:1 delta=+0.000 x=0.086 ratio=1.0000 dth=+0.000 gg=1.0000 fl=0.000 ret=1.000 shed=0.000 act=0.0000 flq=0.00
# PAIR t=0.0 p=24 d=1.371 pq=1:1 delta=+0.000 x=0.221 ratio=1.0000 dth=+0.000 gg=1.0000 fl=0.000 ret=1.000 shed=0.000 act=0.0000 flq=0.00
# PAIR t=0.0 p=25 d=1.335 pq=1:1 delta=+0.000 x=0.193 ratio=1.0000 dth=-0.000 gg=1.0000 fl=0.000 ret=1.000 shed=0.000 act=0.0000 flq=0.00
# PAIR t=0.0 p=26 d=1.371 pq=1:1 delta=+0.000 x=0.221 ratio=1.0000 dth=+0.000 gg=1.0000 fl=0.000 ret=1.000 shed=0.000 act=0.0000 flq=0.00
# PAIR t=0.0 p=27 d=1.481 pq=1:1 delta=+0.000 x=0.306 ratio=1.0000 dth=+0.000 gg=1.0000 fl=0.000 ret=1.000 shed=0.000 act=0.0000 flq=0.00
# PAIR t=0.0 p=28 d=1.154 pq=1:1 delta=+0.000 x=0.055 ratio=1.0000 dth=-0.000 gg=1.0000 fl=0.000 ret=1.000 shed=0.000 act=0.0000 flq=0.00
# PAIR t=0.0 p=29 d=1.176 pq=1:1 delta=+0.000 x=0.071 ratio=1.0000 dth=-0.000 gg=1.0000 fl=0.000 ret=1.000 shed=0.000 act=0.0000 flq=0.00
# PAIR t=0.0 p=30 d=1.520 pq=1:1 delta=+0.000 x=0.336 ratio=1.0000 dth=+0.000 gg=1.0000 fl=0.000 ret=1.000 shed=0.000 act=0.0000 flq=0.00
# PAIR t=0.0 p=31 d=1.317 pq=1:1 delta=+0.000 x=0.180 ratio=1.0000 dth=-0.000 gg=1.0000 fl=0.000 ret=1.000 shed=0.000 act=0.0000 flq=0.00
# PAIR t=0.0 p=32 d=1.450 pq=1:1 delta=+0.000 x=0.282 ratio=1.0000 dth=+0.000 gg=1.0000 fl=0.000 ret=1.000 shed=0.000 act=0.0000 flq=0.00
# PAIR t=0.0 p=33 d=1.400 pq=1:1 delta=+0.000 x=0.243 ratio=1.0000 dth=-0.000 gg=1.0000 fl=0.000 ret=1.000 shed=0.000 act=0.0000 flq=0.00
# PAIR t=0.0 p=34 d=1.421 pq=1:1 delta=+0.000 x=0.260 ratio=1.0000 dth=+0.000 gg=1.0000 fl=0.000 ret=1.000 shed=0.000 act=0.0000 flq=0.00
# PAIR t=0.0 p=35 d=1.425 pq=1:1 delta=+0.000 x=0.263 ratio=1.0000 dth=+0.000 gg=1.0000 fl=0.000 ret=1.000 shed=0.000 act=0.0000 flq=0.00
# PAIR t=0.0 p=36 d=1.174 pq=1:1 delta=+0.000 x=0.069 ratio=1.0000 dth=-0.000 gg=1.0000 fl=0.000 ret=1.000 shed=0.000 act=0.0000 flq=0.00
# PAIR t=0.0 p=37 d=1.547 pq=1:1 delta=+0.000 x=0.356 ratio=1.0000 dth=+0.000 gg=1.0000 fl=0.000 ret=1.000 shed=0.000 act=0.0000 flq=0.00
# PAIR t=0.0 p=38 d=1.376 pq=1:1 delta=+0.000 x=0.225 ratio=1.0000 dth=+0.000 gg=1.0000 fl=0.000 ret=1.000 shed=0.000 act=0.0000 flq=0.00
# PAIR t=0.0 p=39 d=1.346 pq=1:1 delta=+0.000 x=0.202 ratio=1.0000 dth=+0.000 gg=1.0000 fl=0.000 ret=1.000 shed=0.000 act=0.0000 flq=0.00
# PAIR t=0.0 p=40 d=1.289 pq=1:1 delta=+0.000 x=0.158 ratio=1.0000 dth=+0.000 gg=1.0000 fl=0.000 ret=1.000 shed=0.000 act=0.0000 flq=0.00
# PAIR t=0.0 p=41 d=1.491 pq=1:1 delta=+0.000 x=0.314 ratio=1.0000 dth=+0.000 gg=1.0000 fl=0.000 ret=1.000 shed=0.000 act=0.0000 flq=0.00
# PAIR t=0.0 p=42 d=1.222 pq=1:1 delta=+0.000 x=0.107 ratio=1.0000 dth=+0.000 gg=1.0000 fl=0.000 ret=1.000 shed=0.000 act=0.0000 flq=0.00
# PAIR t=0.0 p=43 d=1.180 pq=1:1 delta=+0.000 x=0.075 ratio=1.0000 dth=-0.000 gg=1.0000 fl=0.000 ret=1.000 shed=0.000 act=0.0000 flq=0.00
# PAIR t=0.0 p=44 d=1.227 pq=1:1 delta=+0.000 x=0.110 ratio=1.0000 dth=+0.000 gg=1.0000 fl=0.000 ret=1.000 shed=0.000 act=0.0000 flq=0.00
# PAIR t=0.0 p=45 d=1.516 pq=1:1 delta=+0.000 x=0.333 ratio=1.0000 dth=+0.000 gg=1.0000 fl=0.000 ret=1.000 shed=0.000 act=0.0000 flq=0.00
# PAIR t=0.0 p=46 d=1.329 pq=1:1 delta=+0.000 x=0.189 ratio=1.0000 dth=+0.000 gg=1.0000 fl=0.000 ret=1.000 shed=0.000 act=0.0000 flq=0.00
# PAIR t=0.0 p=47 d=1.536 pq=1:1 delta=+0.000 x=0.348 ratio=1.0000 dth=+0.000 gg=1.0000 fl=0.000 ret=1.000 shed=0.000 act=0.0000 flq=0.00
# PAIR t=0.0 p=48 d=1.201 pq=1:1 delta=+0.000 x=0.091 ratio=1.0000 dth=-0.000 gg=1.0000 fl=0.000 ret=1.000 shed=0.000 act=0.0000 flq=0.00
# PAIR t=0.0 p=49 d=1.352 pq=1:1 delta=+0.000 x=0.207 ratio=1.0000 dth=+0.000 gg=1.0000 fl=0.000 ret=1.000 shed=0.000 act=0.0000 flq=0.00
# PAIR t=0.0 p=50 d=1.543 pq=1:1 delta=+0.000 x=0.354 ratio=1.0000 dth=+0.000 gg=1.0000 fl=0.000 ret=1.000 shed=0.000 act=0.0000 flq=0.00
# PAIR t=0.0 p=51 d=1.212 pq=1:1 delta=+0.000 x=0.099 ratio=1.0000 dth=-0.000 gg=1.0000 fl=0.000 ret=1.000 shed=0.000 act=0.0000 flq=0.00
# PAIR t=0.0 p=52 d=1.426 pq=1:1 delta=+0.000 x=0.263 ratio=1.0000 dth=-0.000 gg=1.0000 fl=0.000 ret=1.000 shed=0.000 act=0.0000 flq=0.00
# PAIR t=0.0 p=53 d=1.148 pq=1:1 delta=+0.000 x=0.050 ratio=1.0000 dth=-0.000 gg=1.0000 fl=0.000 ret=1.000 shed=0.000 act=0.0000 flq=0.00
# PAIR t=0.0 p=54 d=1.191 pq=1:1 delta=+0.000 x=0.083 ratio=1.0000 dth=+0.000 gg=1.0000 fl=0.000 ret=1.000 shed=0.000 act=0.0000 flq=0.00
# PAIR t=0.0 p=55 d=1.134 pq=1:1 delta=+0.000 x=0.039 ratio=1.0000 dth=-0.000 gg=1.0000 fl=0.000 ret=1.000 shed=0.000 act=0.0000 flq=0.00
# PAIR t=0.0 p=56 d=1.310 pq=1:1 delta=+0.000 x=0.175 ratio=1.0000 dth=+0.000 gg=1.0000 fl=0.000 ret=1.000 shed=0.000 act=0.0000 flq=0.00
# PAIR t=0.0 p=57 d=1.498 pq=1:1 delta=+0.000 x=0.319 ratio=1.0000 dth=+0.000 gg=1.0000 fl=0.000 ret=1.000 shed=0.000 act=0.0000 flq=0.00
# PAIR t=0.0 p=58 d=1.323 pq=1:1 delta=+0.000 x=0.184 ratio=1.0000 dth=+0.000 gg=1.0000 fl=0.000 ret=1.000 shed=0.000 act=0.0000 flq=0.00
# PAIR t=0.0 p=59 d=1.355 pq=1:1 delta=+0.000 x=0.209 ratio=1.0000 dth=-0.000 gg=1.0000 fl=0.000 ret=1.000 shed=0.000 act=0.0000 flq=0.00
10.000	18614.7374	55.6798225	745.605051	0	19416.0222884	4.310e-15	110689	13.194	14.492	14.774	0.042	25.7077	0.8479	5.6252	0.8499	0.9977	1.65000	1.64815	14.9829	15.0710	14.9551	0	0	0	-31.147	-3.0888	-29.225
# CONV t=10.00 cond=0 evap=0 rough=0 back_s=0
# LEDGER t=10.000 mode=3 sum_err=0 max|E-iEu|=5.000e-13 run_max_diff=1.500e-12 run_max_sum_err=0 steps=500 E0_int=19416022288378510 sum=19416022288378510
# PAIR t=10.0 p=0 d=1.262 pq=1:2 delta=-3.142 x=0.137 ratio=1.0000 dth=-2.475 gg=0.0000 fl=0.000 ret=1.000 shed=0.000 act=0.0000 flq=0.00
# PAIR t=10.0 p=1 d=1.148 pq=1:2 delta=+3.142 x=0.050 ratio=1.0000 dth=-0.820 gg=0.0000 fl=0.000 ret=1.000 shed=-0.000 act=0.0000 flq=0.00
# PAIR t=10.0 p=2 d=1.412 pq=1:2 delta=-3.142 x=0.253 ratio=1.0000 dth=-2.408 gg=0.0000 fl=0.000 ret=1.000 shed=0.000 act=0.0000 flq=0.00
# PAIR t=10.0 p=3 d=1.129 pq=1:2 delta=-3.142 x=0.035 ratio=1.0000 dth=+0.887 gg=0.0000 fl=0.000 ret=1.000 shed=0.000 act=0.0000 flq=0.00
# PAIR t=10.0 p=4 d=1.498 pq=1:2 delta=-3.142 x=0.319 ratio=1.0000 dth=-0.282 gg=0.0000 fl=0.000 ret=1.000 shed=0.000 act=0.0000 flq=0.00
# PAIR t=10.0 p=5 d=1.148 pq=1:2 delta=-3.142 x=0.049 ratio=1.0000 dth=+1.219 gg=0.0000 fl=0.000 ret=1.000 shed=0.000 act=0.0000 flq=0.00
# PAIR t=10.0 p=6 d=1.441 pq=1:2 delta=+3.142 x=0.276 ratio=1.0000 dth=+0.014 gg=0.0000 fl=0.000 ret=1.000 shed=-0.000 act=0.0000 flq=0.00
# PAIR t=10.0 p=7 d=1.489 pq=1:2 delta=+3.142 x=0.312 ratio=1.0000 dth=-2.740 gg=0.0000 fl=0.000 ret=1.000 shed=-0.000 act=0.0000 flq=0.00
# PAIR t=10.0 p=8 d=1.110 pq=1:2 delta=+3.142 x=0.020 ratio=1.0000 dth=+1.589 gg=0.0000 fl=0.000 ret=1.000 shed=-0.000 act=0.0000 flq=0.00
# PAIR t=10.0 p=9 d=1.396 pq=1:2 delta=-3.142 x=0.240 ratio=1.0000 dth=-0.140 gg=0.0000 fl=0.000 ret=1.000 shed=0.000 act=0.0000 flq=0.00
# PAIR t=10.0 p=10 d=1.112 pq=1:2 delta=-3.142 x=0.022 ratio=1.0000 dth=-1.224 gg=0.0000 fl=0.000 ret=1.000 shed=0.000 act=0.0000 flq=0.00
# PAIR t=10.0 p=11 d=1.153 pq=1:2 delta=+3.142 x=0.053 ratio=1.0000 dth=+2.369 gg=0.0000 fl=0.000 ret=1.000 shed=-0.000 act=0.0000 flq=0.00
# PAIR t=10.0 p=12 d=1.417 pq=1:2 delta=+3.142 x=0.257 ratio=1.0000 dth=+2.526 gg=0.0000 fl=0.000 ret=1.000 shed=-0.000 act=0.0000 flq=0.00
# PAIR t=10.0 p=13 d=1.132 pq=1:2 delta=+3.142 x=0.037 ratio=1.0000 dth=+3.125 gg=0.0000 fl=0.000 ret=1.000 shed=-0.000 act=0.0000 flq=0.00
# PAIR t=10.0 p=14 d=1.277 pq=1:2 delta=-3.142 x=0.149 ratio=1.0000 dth=+0.735 gg=0.0000 fl=0.000 ret=1.000 shed=0.000 act=0.0000 flq=0.00
# PAIR t=10.0 p=15 d=1.213 pq=1:2 delta=+3.142 x=0.100 ratio=1.0000 dth=+3.051 gg=0.0000 fl=0.000 ret=1.000 shed=-0.000 act=0.0000 flq=0.00
# PAIR t=10.0 p=16 d=1.504 pq=1:2 delta=+3.142 x=0.323 ratio=1.0000 dth=-0.139 gg=0.0000 fl=0.000 ret=1.000 shed=-0.000 act=0.0000 flq=0.00
# PAIR t=10.0 p=17 d=1.529 pq=1:2 delta=-3.142 x=0.343 ratio=1.0000 dth=+2.341 gg=0.0000 fl=0.000 ret=1.000 shed=0.000 act=0.0000 flq=0.00
# PAIR t=10.0 p=18 d=1.271 pq=1:2 delta=-3.142 x=0.145 ratio=1.0000 dth=-0.230 gg=0.0000 fl=0.000 ret=1.000 shed=0.000 act=0.0000 flq=0.00
# PAIR t=10.0 p=19 d=1.524 pq=1:2 delta=+3.142 x=0.339 ratio=1.0000 dth=-0.009 gg=0.0000 fl=0.000 ret=1.000 shed=-0.000 act=0.0000 flq=0.00
# PAIR t=10.0 p=20 d=1.455 pq=1:2 delta=-3.142 x=0.286 ratio=1.0000 dth=-2.377 gg=0.0000 fl=0.000 ret=1.000 shed=0.000 act=0.0000 flq=0.00
# PAIR t=10.0 p=21 d=1.174 pq=1:2 delta=+3.142 x=0.070 ratio=1.0000 dth=-1.215 gg=0.0000 fl=0.000 ret=1.000 shed=-0.000 act=0.0000 flq=0.00
# PAIR t=10.0 p=22 d=1.142 pq=1:2 delta=+3.142 x=0.045 ratio=1.0000 dth=-0.668 gg=0.0000 fl=0.000 ret=1.000 shed=-0.000 act=0.0000 flq=0.00
# PAIR t=10.0 p=23 d=1.194 pq=1:2 delta=-3.142 x=0.086 ratio=1.0000 dth=+2.953 gg=0.0000 fl=0.000 ret=1.000 shed=0.000 act=0.0000 flq=0.00
# PAIR t=10.0 p=24 d=1.371 pq=1:2 delta=+3.142 x=0.221 ratio=1.0000 dth=+0.539 gg=0.0000 fl=0.000 ret=1.000 shed=-0.000 act=0.0000 flq=0.00
# PAIR t=10.0 p=25 d=1.335 pq=1:2 delta=-3.142 x=0.193 ratio=1.0000 dth=+2.188 gg=0.0000 fl=0.000 ret=1.000 shed=0.000 act=0.0000 flq=0.00
# PAIR t=10.0 p=26 d=1.371 pq=1:2 delta=+3.142 x=0.221 ratio=1.0000 dth=-1.397 gg=0.0000 fl=0.000 ret=1.000 shed=-0.000 act=0.0000 flq=0.00
# PAIR t=10.0 p=27 d=1.481 pq=1:2 delta=-3.142 x=0.306 ratio=1.0000 dth=-2.928 gg=0.0000 fl=0.000 ret=1.000 shed=0.000 act=0.0000 flq=0.00
# PAIR t=10.0 p=28 d=1.154 pq=1:2 delta=+3.142 x=0.055 ratio=1.0000 dth=+1.021 gg=0.0000 fl=0.000 ret=1.000 shed=-0.000 act=0.0000 flq=0.00
# PAIR t=10.0 p=29 d=1.176 pq=1:2 delta=+3.142 x=0.071 ratio=1.0000 dth=+1.845 gg=0.0000 fl=0.000 ret=1.000 shed=-0.000 act=0.0000 flq=0.00
# PAIR t=10.0 p=30 d=1.520 pq=1:2 delta=+3.142 x=0.336 ratio=1.0000 dth=-2.959 gg=0.0000 fl=0.000 ret=1.000 shed=-0.000 act=0.0000 flq=0.00
# PAIR t=10.0 p=31 d=1.317 pq=1:2 delta=+3.142 x=0.180 ratio=1.0000 dth=+1.411 gg=0.0000 fl=0.000 ret=1.000 shed=-0.000 act=0.0000 flq=0.00
# PAIR t=10.0 p=32 d=1.450 pq=1:2 delta=+3.142 x=0.282 ratio=1.0000 dth=-2.207 gg=0.0000 fl=0.000 ret=1.000 shed=-0.000 act=0.0000 flq=0.00
# PAIR t=10.0 p=33 d=1.400 pq=1:2 delta=-3.142 x=0.243 ratio=1.0000 dth=+2.449 gg=0.0000 fl=0.000 ret=1.000 shed=0.000 act=0.0000 flq=0.00
# PAIR t=10.0 p=34 d=1.421 pq=1:2 delta=-3.142 x=0.260 ratio=1.0000 dth=+3.028 gg=0.0000 fl=0.000 ret=1.000 shed=0.000 act=0.0000 flq=0.00
# PAIR t=10.0 p=35 d=1.425 pq=1:2 delta=-3.142 x=0.263 ratio=1.0000 dth=-0.125 gg=0.0000 fl=0.000 ret=1.000 shed=0.000 act=0.0000 flq=0.00
# PAIR t=10.0 p=36 d=1.174 pq=1:2 delta=+3.142 x=0.069 ratio=1.0000 dth=+1.025 gg=0.0000 fl=0.000 ret=1.000 shed=-0.000 act=0.0000 flq=0.00
# PAIR t=10.0 p=37 d=1.547 pq=1:2 delta=-3.142 x=0.356 ratio=1.0000 dth=-0.550 gg=0.0000 fl=0.000 ret=1.000 shed=0.000 act=0.0000 flq=0.00
# PAIR t=10.0 p=38 d=1.376 pq=1:2 delta=-3.142 x=0.225 ratio=1.0000 dth=-0.407 gg=0.0000 fl=0.000 ret=1.000 shed=0.000 act=0.0000 flq=0.00
# PAIR t=10.0 p=39 d=1.346 pq=1:2 delta=-3.142 x=0.202 ratio=1.0000 dth=-2.312 gg=0.0000 fl=0.000 ret=1.000 shed=0.000 act=0.0000 flq=0.00
# PAIR t=10.0 p=40 d=1.289 pq=1:2 delta=-3.142 x=0.158 ratio=1.0000 dth=-0.474 gg=0.0000 fl=0.000 ret=1.000 shed=0.000 act=0.0000 flq=0.00
# PAIR t=10.0 p=41 d=1.491 pq=1:2 delta=+3.142 x=0.314 ratio=1.0000 dth=-2.326 gg=0.0000 fl=0.000 ret=1.000 shed=-0.000 act=0.0000 flq=0.00
# PAIR t=10.0 p=42 d=1.222 pq=1:2 delta=+3.142 x=0.107 ratio=1.0000 dth=+1.386 gg=0.0000 fl=0.000 ret=1.000 shed=-0.000 act=0.0000 flq=0.00
# PAIR t=10.0 p=43 d=1.180 pq=1:2 delta=+3.142 x=0.075 ratio=1.0000 dth=+0.684 gg=0.0000 fl=0.000 ret=1.000 shed=-0.000 act=0.0000 flq=0.00
# PAIR t=10.0 p=44 d=1.227 pq=1:2 delta=+3.142 x=0.110 ratio=1.0000 dth=+0.390 gg=0.0000 fl=0.000 ret=1.000 shed=-0.000 act=0.0000 flq=0.00
# PAIR t=10.0 p=45 d=1.516 pq=1:2 delta=+3.142 x=0.333 ratio=1.0000 dth=+2.778 gg=0.0000 fl=0.000 ret=1.000 shed=-0.000 act=0.0000 flq=0.00
# PAIR t=10.0 p=46 d=1.329 pq=1:2 delta=-3.142 x=0.189 ratio=1.0000 dth=-1.486 gg=0.0000 fl=0.000 ret=1.000 shed=0.000 act=0.0000 flq=0.00
# PAIR t=10.0 p=47 d=1.536 pq=1:2 delta=+3.142 x=0.348 ratio=1.0000 dth=-0.261 gg=0.0000 fl=0.000 ret=1.000 shed=-0.000 act=0.0000 flq=0.00
# PAIR t=10.0 p=48 d=1.201 pq=1:2 delta=-3.142 x=0.091 ratio=1.0000 dth=+1.725 gg=0.0000 fl=0.000 ret=1.000 shed=0.000 act=0.0000 flq=0.00
# PAIR t=10.0 p=49 d=1.352 pq=1:2 delta=-3.142 x=0.207 ratio=1.0000 dth=+1.276 gg=0.0000 fl=0.000 ret=1.000 shed=0.000 act=0.0000 flq=0.00
# PAIR t=10.0 p=50 d=1.543 pq=1:2 delta=-3.142 x=0.354 ratio=1.0000 dth=+1.352 gg=0.0000 fl=0.000 ret=1.000 shed=0.000 act=0.0000 flq=0.00
# PAIR t=10.0 p=51 d=1.212 pq=1:2 delta=+3.142 x=0.099 ratio=1.0000 dth=+0.683 gg=0.0000 fl=0.000 ret=1.000 shed=-0.000 act=0.0000 flq=0.00
# PAIR t=10.0 p=52 d=1.426 pq=1:2 delta=-3.142 x=0.263 ratio=1.0000 dth=-1.696 gg=0.0000 fl=0.000 ret=1.000 shed=0.000 act=0.0000 flq=0.00
# PAIR t=10.0 p=53 d=1.148 pq=1:2 delta=-3.142 x=0.050 ratio=1.0000 dth=+2.687 gg=0.0000 fl=0.000 ret=1.000 shed=0.000 act=0.0000 flq=0.00
# PAIR t=10.0 p=54 d=1.191 pq=1:2 delta=-3.142 x=0.083 ratio=1.0000 dth=+1.139 gg=0.0000 fl=0.000 ret=1.000 shed=0.000 act=0.0000 flq=0.00
# PAIR t=10.0 p=55 d=1.134 pq=1:2 delta=+3.142 x=0.039 ratio=1.0000 dth=+2.507 gg=0.0000 fl=0.000 ret=1.000 shed=-0.000 act=0.0000 flq=0.00
# PAIR t=10.0 p=56 d=1.310 pq=1:2 delta=-3.142 x=0.175 ratio=1.0000 dth=-2.227 gg=0.0000 fl=0.000 ret=1.000 shed=0.000 act=0.0000 flq=0.00
# PAIR t=10.0 p=57 d=1.498 pq=1:2 delta=-3.142 x=0.319 ratio=1.0000 dth=+1.222 gg=0.0000 fl=0.000 ret=1.000 shed=0.000 act=0.0000 flq=0.00
# PAIR t=10.0 p=58 d=1.323 pq=1:2 delta=-3.142 x=0.184 ratio=1.0000 dth=+2.457 gg=0.0000 fl=0.000 ret=1.000 shed=0.000 act=0.0000 flq=0.00
# PAIR t=10.0 p=59 d=1.355 pq=1:2 delta=-3.142 x=0.209 ratio=1.0000 dth=-1.788 gg=0.0000 fl=0.000 ret=1.000 shed=0.000 act=0.0000 flq=0.00
20.000	18614.7374	55.6798225	745.605051	0	19416.0222884	1.686e-15	110720	13.194	14.492	14.774	0.042	25.6897	0.8482	6.4975	0.8499	0.9980	1.65000	1.64815	14.9695	15.0344	14.9646	0	0	0	5.1645	4.9388	26.735
# CONV t=20.00 cond=0 evap=0 rough=0 back_s=0
# LEDGER t=20.000 mode=3 sum_err=0 max|E-iEu|=4.999e-13 run_max_diff=1.500e-12 run_max_sum_err=0 steps=1000 E0_int=19416022288378510 sum=19416022288378510
# PAIR t=20.0 p=0 d=1.262 pq=1:2 delta=-3.142 x=0.137 ratio=1.0000 dth=-2.713 gg=0.0000 fl=0.000 ret=1.000 shed=0.000 act=0.0000 flq=0.00
# PAIR t=20.0 p=1 d=1.148 pq=1:2 delta=+3.142 x=0.050 ratio=1.0000 dth=+1.414 gg=0.0000 fl=0.000 ret=1.000 shed=-0.000 act=0.0000 flq=0.00
# PAIR t=20.0 p=2 d=1.412 pq=1:2 delta=-3.142 x=0.253 ratio=1.0000 dth=+0.992 gg=0.0000 fl=0.000 ret=1.000 shed=0.000 act=0.0000 flq=0.00
# PAIR t=20.0 p=3 d=1.129 pq=1:2 delta=-3.142 x=0.035 ratio=1.0000 dth=-2.712 gg=0.0000 fl=0.000 ret=1.000 shed=0.000 act=0.0000 flq=0.00
# PAIR t=20.0 p=4 d=1.498 pq=1:2 delta=-3.142 x=0.319 ratio=1.0000 dth=+1.835 gg=0.0000 fl=0.000 ret=1.000 shed=0.000 act=0.0000 flq=0.00
# PAIR t=20.0 p=5 d=1.148 pq=1:2 delta=-3.142 x=0.049 ratio=1.0000 dth=-2.820 gg=0.0000 fl=0.000 ret=1.000 shed=0.000 act=0.0000 flq=0.00
# PAIR t=20.0 p=6 d=1.441 pq=1:2 delta=+3.142 x=0.276 ratio=1.0000 dth=+2.959 gg=0.0000 fl=0.000 ret=1.000 shed=-0.000 act=0.0000 flq=0.00
# PAIR t=20.0 p=7 d=1.489 pq=1:2 delta=+3.142 x=0.312 ratio=1.0000 dth=-0.488 gg=0.0000 fl=0.000 ret=1.000 shed=-0.000 act=0.0000 flq=0.00
# PAIR t=20.0 p=8 d=1.110 pq=1:2 delta=+3.142 x=0.020 ratio=1.0000 dth=-1.518 gg=0.0000 fl=0.000 ret=1.000 shed=-0.000 act=0.0000 flq=0.00
# PAIR t=20.0 p=9 d=1.396 pq=1:2 delta=-3.142 x=0.240 ratio=1.0000 dth=-2.762 gg=0.0000 fl=0.000 ret=1.000 shed=0.000 act=0.0000 flq=0.00
# PAIR t=20.0 p=10 d=1.112 pq=1:2 delta=-3.142 x=0.022 ratio=1.0000 dth=+1.898 gg=0.0000 fl=0.000 ret=1.000 shed=0.000 act=0.0000 flq=0.00
# PAIR t=20.0 p=11 d=1.153 pq=1:2 delta=+3.142 x=0.053 ratio=1.0000 dth=-1.792 gg=0.0000 fl=0.000 ret=1.000 shed=-0.000 act=0.0000 flq=0.00
# PAIR t=20.0 p=12 d=1.417 pq=1:2 delta=+3.142 x=0.257 ratio=1.0000 dth=-0.435 gg=0.0000 fl=0.000 ret=1.000 shed=-0.000 act=0.0000 flq=0.00
# PAIR t=20.0 p=13 d=1.132 pq=1:2 delta=+3.142 x=0.037 ratio=1.0000 dth=-0.537 gg=0.0000 fl=0.000 ret=1.000 shed=-0.000 act=0.0000 flq=0.00
# PAIR t=20.0 p=14 d=1.277 pq=1:2 delta=-3.142 x=0.149 ratio=1.0000 dth=+0.201 gg=0.0000 fl=0.000 ret=1.000 shed=0.000 act=0.0000 flq=0.00
# PAIR t=20.0 p=15 d=1.213 pq=1:2 delta=+3.142 x=0.100 ratio=1.0000 dth=-2.470 gg=0.0000 fl=0.000 ret=1.000 shed=-0.000 act=0.0000 flq=0.00
# PAIR t=20.0 p=16 d=1.504 pq=1:2 delta=+3.142 x=0.323 ratio=1.0000 dth=+1.906 gg=0.0000 fl=0.000 ret=1.000 shed=-0.000 act=0.0000 flq=0.00
# PAIR t=20.0 p=17 d=1.529 pq=1:2 delta=-3.142 x=0.343 ratio=1.0000 dth=-2.248 gg=0.0000 fl=0.000 ret=1.000 shed=0.000 act=0.0000 flq=0.00
# PAIR t=20.0 p=18 d=1.271 pq=1:2 delta=-3.142 x=0.145 ratio=1.0000 dth=-0.651 gg=0.0000 fl=0.000 ret=1.000 shed=0.000 act=0.0000 flq=0.00
# PAIR t=20.0 p=19 d=1.524 pq=1:2 delta=+3.142 x=0.339 ratio=1.0000 dth=+1.752 gg=0.0000 fl=0.000 ret=1.000 shed=-0.000 act=0.0000 flq=0.00
# PAIR t=20.0 p=20 d=1.455 pq=1:2 delta=-3.142 x=0.286 ratio=1.0000 dth=+0.359 gg=0.0000 fl=0.000 ret=1.000 shed=0.000 act=0.0000 flq=0.00
# PAIR t=20.0 p=21 d=1.174 pq=1:2 delta=+3.142 x=0.070 ratio=1.0000 dth=+0.404 gg=0.0000 fl=0.000 ret=1.000 shed=-0.000 act=0.0000 flq=0.00
# PAIR t=20.0 p=22 d=1.142 pq=1:2 delta=+3.142 x=0.045 ratio=1.0000 dth=+1.718 gg=0.0000 fl=0.000 ret=1.000 shed=-0.000 act=0.0000 flq=0.00
# PAIR t=20.0 p=23 d=1.194 pq=1:2 delta=-3.142 x=0.086 ratio=1.0000 dth=-2.163 gg=0.0000 fl=0.000 ret=1.000 shed=0.000 act=0.0000 flq=0.00
# PAIR t=20.0 p=24 d=1.371 pq=1:2 delta=+3.142 x=0.221 ratio=1.0000 dth=-1.677 gg=0.0000 fl=0.000 ret=1.000 shed=-0.000 act=0.0000 flq=0.00
# PAIR t=20.0 p=25 d=1.335 pq=1:2 delta=-3.142 x=0.193 ratio=1.0000 dth=+0.595 gg=0.0000 fl=0.000 ret=1.000 shed=0.000 act=0.0000 flq=0.00
# PAIR t=20.0 p=26 d=1.371 pq=1:2 delta=+3.142 x=0.221 ratio=1.0000 dth=+2.664 gg=0.0000 fl=0.000 ret=1.000 shed=-0.000 act=0.0000 flq=0.00
# PAIR t=20.0 p=27 d=1.481 pq=1:2 delta=-3.142 x=0.306 ratio=1.0000 dth=-0.567 gg=0.0000 fl=0.000 ret=1.000 shed=0.000 act=0.0000 flq=0.00
# PAIR t=20.0 p=28 d=1.154 pq=1:2 delta=+3.142 x=0.055 ratio=1.0000 dth=+3.104 gg=0.0000 fl=0.000 ret=1.000 shed=-0.000 act=0.0000 flq=0.00
# PAIR t=20.0 p=29 d=1.176 pq=1:2 delta=+3.142 x=0.071 ratio=1.0000 dth=-2.861 gg=0.0000 fl=0.000 ret=1.000 shed=-0.000 act=0.0000 flq=0.00
# PAIR t=20.0 p=30 d=1.520 pq=1:2 delta=+3.142 x=0.336 ratio=1.0000 dth=-1.134 gg=0.0000 fl=0.000 ret=1.000 shed=-0.000 act=0.0000 flq=0.00
# PAIR t=20.0 p=31 d=1.317 pq=1:2 delta=+3.142 x=0.180 ratio=1.0000 dth=+0.134 gg=0.0000 fl=0.000 ret=1.000 shed=-0.000 act=0.0000 flq=0.00
# PAIR t=20.0 p=32 d=1.450 pq=1:2 delta=+3.142 x=0.282 ratio=1.0000 dth=+0.617 gg=0.0000 fl=0.000 ret=1.000 shed=-0.000 act=0.0000 flq=0.00
# PAIR t=20.0 p=33 d=1.400 pq=1:2 delta=-3.142 x=0.243 ratio=1.0000 dth=-0.239 gg=0.0000 fl=0.000 ret=1.000 shed=0.000 act=0.0000 flq=0.00
# PAIR t=20.0 p=34 d=1.421 pq=1:2 delta=-3.142 x=0.260 ratio=1.0000 dth=+0.006 gg=0.0000 fl=0.000 ret=1.000 shed=0.000 act=0.0000 flq=0.00
# PAIR t=20.0 p=35 d=1.425 pq=1:2 delta=-3.142 x=0.263 ratio=1.0000 dth=+3.072 gg=0.0000 fl=0.000 ret=1.000 shed=0.000 act=0.0000 flq=0.00
# PAIR t=20.0 p=36 d=1.174 pq=1:2 delta=+3.142 x=0.069 ratio=1.0000 dth=+2.661 gg=0.0000 fl=0.000 ret=1.000 shed=-0.000 act=0.0000 flq=0.00
# PAIR t=20.0 p=37 d=1.547 pq=1:2 delta=-3.142 x=0.356 ratio=1.0000 dth=+0.914 gg=0.0000 fl=0.000 ret=1.000 shed=0.000 act=0.0000 flq=0.00
# PAIR t=20.0 p=38 d=1.376 pq=1:2 delta=-3.142 x=0.225 ratio=1.0000 dth=-2.700 gg=0.0000 fl=0.000 ret=1.000 shed=0.000 act=0.0000 flq=0.00
# PAIR t=20.0 p=39 d=1.346 pq=1:2 delta=-3.142 x=0.202 ratio=1.0000 dth=+2.178 gg=0.0000 fl=0.000 ret=1.000 shed=0.000 act=0.0000 flq=0.00
# PAIR t=20.0 p=40 d=1.289 pq=1:2 delta=-3.142 x=0.158 ratio=1.0000 dth=-1.227 gg=0.0000 fl=0.000 ret=1.000 shed=0.000 act=0.0000 flq=0.00
# PAIR t=20.0 p=41 d=1.491 pq=1:2 delta=+3.142 x=0.314 ratio=1.0000 dth=-0.105 gg=0.0000 fl=0.000 ret=1.000 shed=-0.000 act=0.0000 flq=0.00
# PAIR t=20.0 p=42 d=1.222 pq=1:2 delta=+3.142 x=0.107 ratio=1.0000 dth=+1.952 gg=0.0000 fl=0.000 ret=1.000 shed=-0.000 act=0.0000 flq=0.00
# PAIR t=20.0 p=43 d=1.180 pq=1:2 delta=+3.142 x=0.075 ratio=1.0000 dth=+2.170 gg=0.0000 fl=0.000 ret=1.000 shed=-0.000 act=0.0000 flq=0.00
# PAIR t=20.0 p=44 d=1.227 pq=1:2 delta=+3.142 x=0.110 ratio=1.0000 dth=+0.865 gg=0.0000 fl=0.000 ret=1.000 shed=-0.000 act=0.0000 flq=0.00
# PAIR t=20.0 p=45 d=1.516 pq=1:2 delta=+3.142 x=0.333 ratio=1.0000 dth=-1.627 gg=0.0000 fl=0.000 ret=1.000 shed=-0.000 act=0.0000 flq=0.00
# PAIR t=20.0 p=46 d=1.329 pq=1:2 delta=-3.142 x=0.189 ratio=1.0000 dth=-2.976 gg=0.0000 fl=0.000 ret=1.000 shed=0.000 act=0.0000 flq=0.00
# PAIR t=20.0 p=47 d=1.536 pq=1:2 delta=+3.142 x=0.348 ratio=1.0000 dth=+1.341 gg=0.0000 fl=0.000 ret=1.000 shed=-0.000 act=0.0000 flq=0.00
# PAIR t=20.0 p=48 d=1.201 pq=1:2 delta=-3.142 x=0.091 ratio=1.0000 dth=+2.740 gg=0.0000 fl=0.000 ret=1.000 shed=0.000 act=0.0000 flq=0.00
# PAIR t=20.0 p=49 d=1.352 pq=1:2 delta=-3.142 x=0.207 ratio=1.0000 dth=-0.616 gg=0.0000 fl=0.000 ret=1.000 shed=0.000 act=0.0000 flq=0.00
# PAIR t=20.0 p=50 d=1.543 pq=1:2 delta=-3.142 x=0.354 ratio=1.0000 dth=+2.858 gg=0.0000 fl=0.000 ret=1.000 shed=0.000 act=0.0000 flq=0.00
# PAIR t=20.0 p=51 d=1.212 pq=1:2 delta=+3.142 x=0.099 ratio=1.0000 dth=+1.477 gg=0.0000 fl=0.000 ret=1.000 shed=-0.000 act=0.0000 flq=0.00
# PAIR t=20.0 p=52 d=1.426 pq=1:2 delta=-3.142 x=0.263 ratio=1.0000 dth=+1.493 gg=0.0000 fl=0.000 ret=1.000 shed=0.000 act=0.0000 flq=0.00
# PAIR t=20.0 p=53 d=1.148 pq=1:2 delta=-3.142 x=0.050 ratio=1.0000 dth=-1.371 gg=0.0000 fl=0.000 ret=1.000 shed=0.000 act=0.0000 flq=0.00
# PAIR t=20.0 p=54 d=1.191 pq=1:2 delta=-3.142 x=0.083 ratio=1.0000 dth=+2.380 gg=0.0000 fl=0.000 ret=1.000 shed=0.000 act=0.0000 flq=0.00
# PAIR t=20.0 p=55 d=1.134 pq=1:2 delta=+3.142 x=0.039 ratio=1.0000 dth=-1.196 gg=0.0000 fl=0.000 ret=1.000 shed=-0.000 act=0.0000 flq=0.00
# PAIR t=20.0 p=56 d=1.310 pq=1:2 delta=-3.142 x=0.175 ratio=1.0000 dth=+2.899 gg=0.0000 fl=0.000 ret=1.000 shed=0.000 act=0.0000 flq=0.00
# PAIR t=20.0 p=57 d=1.498 pq=1:2 delta=-3.142 x=0.319 ratio=1.0000 dth=-2.941 gg=0.0000 fl=0.000 ret=1.000 shed=0.000 act=0.0000 flq=0.00
# PAIR t=20.0 p=58 d=1.323 pq=1:2 delta=-3.142 x=0.184 ratio=1.0000 dth=+1.076 gg=0.0000 fl=0.000 ret=1.000 shed=0.000 act=0.0000 flq=0.00
# PAIR t=20.0 p=59 d=1.355 pq=1:2 delta=-3.142 x=0.209 ratio=1.0000 dth=+2.554 gg=0.0000 fl=0.000 ret=1.000 shed=0.000 act=0.0000 flq=0.00
30.000	18614.7374	55.6798225	745.605051	0	19416.0222884	0.000e+00	110736	13.194	14.492	14.774	0.042	25.4771	0.8482	6.1628	0.8499	0.9981	1.65000	1.64815	14.9562	15.0545	14.9564	0	0	0	-5.4595	12.712	-0.99654
# CONV t=30.00 cond=0 evap=0 rough=0 back_s=0
# LEDGER t=30.000 mode=3 sum_err=0 max|E-iEu|=5.000e-13 run_max_diff=1.500e-12 run_max_sum_err=0 steps=1500 E0_int=19416022288378510 sum=19416022288378510
# PAIR t=30.0 p=0 d=1.262 pq=1:2 delta=-3.142 x=0.137 ratio=1.0000 dth=-2.952 gg=0.0000 fl=0.000 ret=1.000 shed=0.000 act=0.0000 flq=0.00
# PAIR t=30.0 p=1 d=1.148 pq=1:2 delta=+3.142 x=0.050 ratio=1.0000 dth=-2.635 gg=0.0000 fl=0.000 ret=1.000 shed=-0.000 act=0.0000 flq=0.00
# PAIR t=30.0 p=2 d=1.412 pq=1:2 delta=-3.142 x=0.253 ratio=1.0000 dth=-1.891 gg=0.0000 fl=0.000 ret=1.000 shed=0.000 act=0.0000 flq=0.00
# PAIR t=30.0 p=3 d=1.129 pq=1:2 delta=-3.142 x=0.035 ratio=1.0000 dth=-0.027 gg=0.0000 fl=0.000 ret=1.000 shed=0.000 act=0.0000 flq=0.00
# PAIR t=30.0 p=4 d=1.498 pq=1:2 delta=-3.142 x=0.319 ratio=1.0000 dth=-2.332 gg=0.0000 fl=0.000 ret=1.000 shed=0.000 act=0.0000 flq=0.00
# PAIR t=30.0 p=5 d=1.148 pq=1:2 delta=-3.142 x=0.049 ratio=1.0000 dth=-0.576 gg=0.0000 fl=0.000 ret=1.000 shed=0.000 act=0.0000 flq=0.00
# PAIR t=30.0 p=6 d=1.441 pq=1:2 delta=+3.142 x=0.276 ratio=1.0000 dth=-0.379 gg=0.0000 fl=0.000 ret=1.000 shed=-0.000 act=0.0000 flq=0.00
# PAIR t=30.0 p=7 d=1.489 pq=1:2 delta=+3.142 x=0.312 ratio=1.0000 dth=+1.763 gg=0.0000 fl=0.000 ret=1.000 shed=-0.000 act=0.0000 flq=0.00
# PAIR t=30.0 p=8 d=1.110 pq=1:2 delta=+3.142 x=0.020 ratio=1.0000 dth=+1.658 gg=0.0000 fl=0.000 ret=1.000 shed=-0.000 act=0.0000 flq=0.00
# PAIR t=30.0 p=9 d=1.396 pq=1:2 delta=-3.142 x=0.240 ratio=1.0000 dth=+0.899 gg=0.0000 fl=0.000 ret=1.000 shed=0.000 act=0.0000 flq=0.00
# PAIR t=30.0 p=10 d=1.112 pq=1:2 delta=-3.142 x=0.022 ratio=1.0000 dth=-1.263 gg=0.0000 fl=0.000 ret=1.000 shed=0.000 act=0.0000 flq=0.00
# PAIR t=30.0 p=11 d=1.153 pq=1:2 delta=+3.142 x=0.053 ratio=1.0000 dth=+0.331 gg=0.0000 fl=0.000 ret=1.000 shed=-0.000 act=0.0000 flq=0.00
# PAIR t=30.0 p=12 d=1.417 pq=1:2 delta=+3.142 x=0.257 ratio=1.0000 dth=+2.887 gg=0.0000 fl=0.000 ret=1.000 shed=-0.000 act=0.0000 flq=0.00
# PAIR t=30.0 p=13 d=1.132 pq=1:2 delta=+3.142 x=0.037 ratio=1.0000 dth=+2.084 gg=0.0000 fl=0.000 ret=1.000 shed=-0.000 act=0.0000 flq=0.00
# PAIR t=30.0 p=14 d=1.277 pq=1:2 delta=-3.142 x=0.149 ratio=1.0000 dth=-0.333 gg=0.0000 fl=0.000 ret=1.000 shed=0.000 act=0.0000 flq=0.00
# PAIR t=30.0 p=15 d=1.213 pq=1:2 delta=+3.142 x=0.100 ratio=1.0000 dth=-1.709 gg=0.0000 fl=0.000 ret=1.000 shed=-0.000 act=0.0000 flq=0.00
# PAIR t=30.0 p=16 d=1.504 pq=1:2 delta=+3.142 x=0.323 ratio=1.0000 dth=-2.333 gg=0.0000 fl=0.000 ret=1.000 shed=-0.000 act=0.0000 flq=0.00
# PAIR t=30.0 p=17 d=1.529 pq=1:2 delta=-3.142 x=0.343 ratio=1.0000 dth=-0.554 gg=0.0000 fl=0.000 ret=1.000 shed=0.000 act=0.0000 flq=0.00
# PAIR t=30.0 p=18 d=1.271 pq=1:2 delta=-3.142 x=0.145 ratio=1.0000 dth=-1.073 gg=0.0000 fl=0.000 ret=1.000 shed=0.000 act=0.0000 flq=0.00
# PAIR t=30.0 p=19 d=1.524 pq=1:2 delta=+3.142 x=0.339 ratio=1.0000 dth=-2.771 gg=0.0000 fl=0.000 ret=1.000 shed=-0.000 act=0.0000 flq=0.00
# PAIR t=30.0 p=20 d=1.455 pq=1:2 delta=-3.142 x=0.286 ratio=1.0000 dth=+3.095 gg=0.0000 fl=0.000 ret=1.000 shed=0.000 act=0.0000 flq=0.00
# PAIR t=30.0 p=21 d=1.174 pq=1:2 delta=+3.142 x=0.070 ratio=1.0000 dth=+2.022 gg=0.0000 fl=0.000 ret=1.000 shed=-0.000 act=0.0000 flq=0.00
# PAIR t=30.0 p=22 d=1.142 pq=1:2 delta=+3.142 x=0.045 ratio=1.0000 dth=-2.179 gg=0.0000 fl=0.000 ret=1.000 shed=-0.000 act=0.0000 flq=0.00
# PAIR t=30.0 p=23 d=1.194 pq=1:2 delta=-3.142 x=0.086 ratio=1.0000 dth=-0.995 gg=0.0000 fl=0.000 ret=1.000 shed=0.000 act=0.0000 flq=0.00
# PAIR t=30.0 p=24 d=1.371 pq=1:2 delta=+3.142 x=0.221 ratio=1.0000 dth=+2.389 gg=0.0000 fl=0.000 ret=1.000 shed=-0.000 act=0.0000 flq=0.00
# PAIR t=30.0 p=25 d=1.335 pq=1:2 delta=-3.142 x=0.193 ratio=1.0000 dth=-0.998 gg=0.0000 fl=0.000 ret=1.000 shed=0.000 act=0.0000 flq=0.00
# PAIR t=30.0 p=26 d=1.371 pq=1:2 delta=+3.142 x=0.221 ratio=1.0000 dth=+0.443 gg=0.0000 fl=0.000 ret=1.000 shed=-0.000 act=0.0000 flq=0.00
# PAIR t=30.0 p=27 d=1.481 pq=1:2 delta=-3.142 x=0.306 ratio=1.0000 dth=+1.794 gg=0.0000 fl=0.000 ret=1.000 shed=0.000 act=0.0000 flq=0.00
# PAIR t=30.0 p=28 d=1.154 pq=1:2 delta=+3.142 x=0.055 ratio=1.0000 dth=-1.097 gg=0.0000 fl=0.000 ret=1.000 shed=-0.000 act=0.0000 flq=0.00
# PAIR t=30.0 p=29 d=1.176 pq=1:2 delta=+3.142 x=0.071 ratio=1.0000 dth=-1.283 gg=0.0000 fl=0.000 ret=1.000 shed=-0.000 act=0.0000 flq=0.00
# PAIR t=30.0 p=30 d=1.520 pq=1:2 delta=+3.142 x=0.336 ratio=1.0000 dth=+0.691 gg=0.0000 fl=0.000 ret=1.000 shed=-0.000 act=0.0000 flq=0.00
# PAIR t=30.0 p=31 d=1.317 pq=1:2 delta=+3.142 x=0.180 ratio=1.0000 dth=-1.143 gg=0.0000 fl=0.000 ret=1.000 shed=-0.000 act=0.0000 flq=0.00
# PAIR t=30.0 p=32 d=1.450 pq=1:2 delta=+3.142 x=0.282 ratio=1.0000 dth=-2.842 gg=0.0000 fl=0.000 ret=1.000 shed=-0.000 act=0.0000 flq=0.00
# PAIR t=30.0 p=33 d=1.400 pq=1:2 delta=-3.142 x=0.243 ratio=1.0000 dth=-2.927 gg=0.0000 fl=0.000 ret=1.000 shed=0.000 act=0.0000 flq=0.00
# PAIR t=30.0 p=34 d=1.421 pq=1:2 delta=-3.142 x=0.260 ratio=1.0000 dth=-3.015 gg=0.0000 fl=0.000 ret=1.000 shed=0.000 act=0.0000 flq=0.00
# PAIR t=30.0 p=35 d=1.425 pq=1:2 delta=-3.142 x=0.263 ratio=1.0000 dth=-0.014 gg=0.0000 fl=0.000 ret=1.000 shed=0.000 act=0.0000 flq=0.00
# PAIR t=30.0 p=36 d=1.174 pq=1:2 delta=+3.142 x=0.069 ratio=1.0000 dth=-1.986 gg=0.0000 fl=0.000 ret=1.000 shed=-0.000 act=0.0000 flq=0.00
# PAIR t=30.0 p=37 d=1.547 pq=1:2 delta=-3.142 x=0.356 ratio=1.0000 dth=+2.378 gg=0.0000 fl=0.000 ret=1.000 shed=0.000 act=0.0000 flq=0.00
# PAIR t=30.0 p=38 d=1.376 pq=1:2 delta=-3.142 x=0.225 ratio=1.0000 dth=+1.289 gg=0.0000 fl=0.000 ret=1.000 shed=0.000 act=0.0000 flq=0.00
# PAIR t=30.0 p=39 d=1.346 pq=1:2 delta=-3.142 x=0.202 ratio=1.0000 dth=+0.386 gg=0.0000 fl=0.000 ret=1.000 shed=0.000 act=0.0000 flq=0.00
# PAIR t=30.0 p=40 d=1.289 pq=1:2 delta=-3.142 x=0.158 ratio=1.0000 dth=-1.980 gg=0.0000 fl=0.000 ret=1.000 shed=0.000 act=0.0000 flq=0.00
# PAIR t=30.0 p=41 d=1.491 pq=1:2 delta=+3.142 x=0.314 ratio=1.0000 dth=+2.116 gg=0.0000 fl=0.000 ret=1.000 shed=-0.000 act=0.0000 flq=0.00
# PAIR t=30.0 p=42 d=1.222 pq=1:2 delta=+3.142 x=0.107 ratio=1.0000 dth=+2.518 gg=0.0000 fl=0.000 ret=1.000 shed=-0.000 act=0.0000 flq=0.00
# PAIR t=30.0 p=43 d=1.180 pq=1:2 delta=+3.142 x=0.075 ratio=1.0000 dth=-2.628 gg=0.0000 fl=0.000 ret=1.000 shed=-0.000 act=0.0000 flq=0.00
# PAIR t=30.0 p=44 d=1.227 pq=1:2 delta=+3.142 x=0.110 ratio=1.0000 dth=+1.341 gg=0.0000 fl=0.000 ret=1.000 shed=-0.000 act=0.0000 flq=0.00
# PAIR t=30.0 p=45 d=1.516 pq=1:2 delta=+3.142 x=0.333 ratio=1.0000 dth=+0.251 gg=0.0000 fl=0.000 ret=1.000 shed=-0.000 act=0.0000 flq=0.00
# PAIR t=30.0 p=46 d=1.329 pq=1:2 delta=-3.142 x=0.189 ratio=1.0000 dth=+1.818 gg=0.0000 fl=0.000 ret=1.000 shed=0.000 act=0.0000 flq=0.00
# PAIR t=30.0 p=47 d=1.536 pq=1:2 delta=+3.142 x=0.348 ratio=1.0000 dth=+2.943 gg=0.0000 fl=0.000 ret=1.000 shed=-0.000 act=0.0000 flq=0.00
# PAIR t=30.0 p=48 d=1.201 pq=1:2 delta=-3.142 x=0.091 ratio=1.0000 dth=-2.528 gg=0.0000 fl=0.000 ret=1.000 shed=0.000 act=0.0000 flq=0.00
# PAIR t=30.0 p=49 d=1.352 pq=1:2 delta=-3.142 x=0.207 ratio=1.0000 dth=-2.509 gg=0.0000 fl=0.000 ret=1.000 shed=0.000 act=0.0000 flq=0.00
# PAIR t=30.0 p=50 d=1.543 pq=1:2 delta=-3.142 x=0.354 ratio=1.0000 dth=-1.919 gg=0.0000 fl=0.000 ret=1.000 shed=0.000 act=0.0000 flq=0.00
# PAIR t=30.0 p=51 d=1.212 pq=1:2 delta=+3.142 x=0.099 ratio=1.0000 dth=+2.271 gg=0.0000 fl=0.000 ret=1.000 shed=-0.000 act=0.0000 flq=0.00
# PAIR t=30.0 p=52 d=1.426 pq=1:2 delta=-3.142 x=0.263 ratio=1.0000 dth=-1.601 gg=0.0000 fl=0.000 ret=1.000 shed=0.000 act=0.0000 flq=0.00
# PAIR t=30.0 p=53 d=1.148 pq=1:2 delta=-3.142 x=0.050 ratio=1.0000 dth=+0.854 gg=0.0000 fl=0.000 ret=1.000 shed=0.000 act=0.0000 flq=0.00
# PAIR t=30.0 p=54 d=1.191 pq=1:2 delta=-3.142 x=0.083 ratio=1.0000 dth=-2.663 gg=0.0000 fl=0.000 ret=1.000 shed=0.000 act=0.0000 flq=0.00
# PAIR t=30.0 p=55 d=1.134 pq=1:2 delta=+3.142 x=0.039 ratio=1.0000 dth=+1.383 gg=0.0000 fl=0.000 ret=1.000 shed=-0.000 act=0.0000 flq=0.00
# PAIR t=30.0 p=56 d=1.310 pq=1:2 delta=-3.142 x=0.175 ratio=1.0000 dth=+1.741 gg=0.0000 fl=0.000 ret=1.000 shed=0.000 act=0.0000 flq=0.00
# PAIR t=30.0 p=57 d=1.498 pq=1:2 delta=-3.142 x=0.319 ratio=1.0000 dth=-0.821 gg=0.0000 fl=0.000 ret=1.000 shed=0.000 act=0.0000 flq=0.00
# PAIR t=30.0 p=58 d=1.323 pq=1:2 delta=-3.142 x=0.184 ratio=1.0000 dth=-0.306 gg=0.0000 fl=0.000 ret=1.000 shed=0.000 act=0.0000 flq=0.00
# PAIR t=30.0 p=59 d=1.355 pq=1:2 delta=-3.142 x=0.209 ratio=1.0000 dth=+0.613 gg=0.0000 fl=0.000 ret=1.000 shed=0.000 act=0.0000 flq=0.00
40.000	18614.7374	55.6798225	745.605051	0	19416.0222884	4.310e-15	110724	13.194	14.492	14.774	0.042	25.6897	0.8485	2.784	0.8499	0.9984	1.65000	1.64815	14.9597	15.0661	14.9154	0	0	0	-5.0897	-3.6885	-5.4015
# CONV t=40.00 cond=0 evap=0 rough=0 back_s=0
# LEDGER t=40.000 mode=3 sum_err=0 max|E-iEu|=5.000e-13 run_max_diff=1.500e-12 run_max_sum_err=0 steps=2000 E0_int=19416022288378510 sum=19416022288378510
# PAIR t=40.0 p=0 d=1.262 pq=1:2 delta=-3.142 x=0.137 ratio=1.0000 dth=+3.093 gg=0.0000 fl=0.000 ret=1.000 shed=0.000 act=0.0000 flq=0.00
# PAIR t=40.0 p=1 d=1.148 pq=1:2 delta=+3.142 x=0.050 ratio=1.0000 dth=-0.402 gg=0.0000 fl=0.000 ret=1.000 shed=-0.000 act=0.0000 flq=0.00
# PAIR t=40.0 p=2 d=1.412 pq=1:2 delta=-3.142 x=0.253 ratio=1.0000 dth=+1.509 gg=0.0000 fl=0.000 ret=1.000 shed=0.000 act=0.0000 flq=0.00
# PAIR t=40.0 p=3 d=1.129 pq=1:2 delta=-3.142 x=0.035 ratio=1.0000 dth=+2.657 gg=0.0000 fl=0.000 ret=1.000 shed=0.000 act=0.0000 flq=0.00
# PAIR t=40.0 p=4 d=1.498 pq=1:2 delta=-3.142 x=0.319 ratio=1.0000 dth=-0.215 gg=0.0000 fl=0.000 ret=1.000 shed=0.000 act=0.0000 flq=0.00
# PAIR t=40.0 p=5 d=1.148 pq=1:2 delta=-3.142 x=0.049 ratio=1.0000 dth=+1.668 gg=0.0000 fl=0.000 ret=1.000 shed=0.000 act=0.0000 flq=0.00
# PAIR t=40.0 p=6 d=1.441 pq=1:2 delta=+3.142 x=0.276 ratio=1.0000 dth=+2.566 gg=0.0000 fl=0.000 ret=1.000 shed=-0.000 act=0.0000 flq=0.00
# PAIR t=40.0 p=7 d=1.489 pq=1:2 delta=+3.142 x=0.312 ratio=1.0000 dth=-2.268 gg=0.0000 fl=0.000 ret=1.000 shed=-0.000 act=0.0000 flq=0.00
# PAIR t=40.0 p=8 d=1.110 pq=1:2 delta=+3.142 x=0.020 ratio=1.0000 dth=-1.449 gg=0.0000 fl=0.000 ret=1.000 shed=-0.000 act=0.0000 flq=0.00
# PAIR t=40.0 p=9 d=1.396 pq=1:2 delta=-3.142 x=0.240 ratio=1.0000 dth=-1.723 gg=0.0000 fl=0.000 ret=1.000 shed=0.000 act=0.0000 flq=0.00
# PAIR t=40.0 p=10 d=1.112 pq=1:2 delta=-3.142 x=0.022 ratio=1.0000 dth=+1.859 gg=0.0000 fl=0.000 ret=1.000 shed=0.000 act=0.0000 flq=0.00
# PAIR t=40.0 p=11 d=1.153 pq=1:2 delta=+3.142 x=0.053 ratio=1.0000 dth=+2.454 gg=0.0000 fl=0.000 ret=1.000 shed=-0.000 act=0.0000 flq=0.00
# PAIR t=40.0 p=12 d=1.417 pq=1:2 delta=+3.142 x=0.257 ratio=1.0000 dth=-0.074 gg=0.0000 fl=0.000 ret=1.000 shed=-0.000 act=0.0000 flq=0.00
# PAIR t=40.0 p=13 d=1.132 pq=1:2 delta=+3.142 x=0.037 ratio=1.0000 dth=-1.579 gg=0.0000 fl=0.000 ret=1.000 shed=-0.000 act=0.0000 flq=0.00
# PAIR t=40.0 p=14 d=1.277 pq=1:2 delta=-3.142 x=0.149 ratio=1.0000 dth=-0.867 gg=0.0000 fl=0.000 ret=1.000 shed=0.000 act=0.0000 flq=0.00
# PAIR t=40.0 p=15 d=1.213 pq=1:2 delta=+3.142 x=0.100 ratio=1.0000 dth=-0.947 gg=0.0000 fl=0.000 ret=1.000 shed=-0.000 act=0.0000 flq=0.00
# PAIR t=40.0 p=16 d=1.504 pq=1:2 delta=+3.142 x=0.323 ratio=1.0000 dth=-0.288 gg=0.0000 fl=0.000 ret=1.000 shed=-0.000 act=0.0000 flq=0.00
# PAIR t=40.0 p=17 d=1.529 pq=1:2 delta=-3.142 x=0.343 ratio=1.0000 dth=+1.140 gg=0.0000 fl=0.000 ret=1.000 shed=0.000 act=0.0000 flq=0.00
# PAIR t=40.0 p=18 d=1.271 pq=1:2 delta=-3.142 x=0.145 ratio=1.0000 dth=-1.494 gg=0.0000 fl=0.000 ret=1.000 shed=0.000 act=0.0000 flq=0.00
# PAIR t=40.0 p=19 d=1.524 pq=1:2 delta=+3.142 x=0.339 ratio=1.0000 dth=-1.010 gg=0.0000 fl=0.000 ret=1.000 shed=-0.000 act=0.0000 flq=0.00
# PAIR t=40.0 p=20 d=1.455 pq=1:2 delta=-3.142 x=0.286 ratio=1.0000 dth=-0.452 gg=0.0000 fl=0.000 ret=1.000 shed=0.000 act=0.0000 flq=0.00
# PAIR t=40.0 p=21 d=1.174 pq=1:2 delta=+3.142 x=0.070 ratio=1.0000 dth=-2.643 gg=0.0000 fl=0.000 ret=1.000 shed=-0.000 act=0.0000 flq=0.00
# PAIR t=40.0 p=22 d=1.142 pq=1:2 delta=+3.142 x=0.045 ratio=1.0000 dth=+0.207 gg=0.0000 fl=0.000 ret=1.000 shed=-0.000 act=0.0000 flq=0.00
# PAIR t=40.0 p=23 d=1.194 pq=1:2 delta=-3.142 x=0.086 ratio=1.0000 dth=+0.173 gg=0.0000 fl=0.000 ret=1.000 shed=0.000 act=0.0000 flq=0.00
# PAIR t=40.0 p=24 d=1.371 pq=1:2 delta=+3.142 x=0.221 ratio=1.0000 dth=+0.172 gg=0.0000 fl=0.000 ret=1.000 shed=-0.000 act=0.0000 flq=0.00
# PAIR t=40.0 p=25 d=1.335 pq=1:2 delta=-3.142 x=0.193 ratio=1.0000 dth=-2.590 gg=0.0000 fl=0.000 ret=1.000 shed=0.000 act=0.0000 flq=0.00
# PAIR t=40.0 p=26 d=1.371 pq=1:2 delta=+3.142 x=0.221 ratio=1.0000 dth=-1.779 gg=0.0000 fl=0.000 ret=1.000 shed=-0.000 act=0.0000 flq=0.00
# PAIR t=40.0 p=27 d=1.481 pq=1:2 delta=-3.142 x=0.306 ratio=1.0000 dth=-2.129 gg=0.0000 fl=0.000 ret=1.000 shed=0.000 act=0.0000 flq=0.00
# PAIR t=40.0 p=28 d=1.154 pq=1:2 delta=+3.142 x=0.055 ratio=1.0000 dth=+0.986 gg=0.0000 fl=0.000 ret=1.000 shed=-0.000 act=0.0000 flq=0.00
# PAIR t=40.0 p=29 d=1.176 pq=1:2 delta=+3.142 x=0.071 ratio=1.0000 dth=+0.295 gg=0.0000 fl=0.000 ret=1.000 shed=-0.000 act=0.0000 flq=0.00
# PAIR t=40.0 p=30 d=1.520 pq=1:2 delta=+3.142 x=0.336 ratio=1.0000 dth=+2.517 gg=0.0000 fl=0.000 ret=1.000 shed=-0.000 act=0.0000 flq=0.00
# PAIR t=40.0 p=31 d=1.317 pq=1:2 delta=+3.142 x=0.180 ratio=1.0000 dth=-2.421 gg=0.0000 fl=0.000 ret=1.000 shed=-0.000 act=0.0000 flq=0.00
# PAIR t=40.0 p=32 d=1.450 pq=1:2 delta=+3.142 x=0.282 ratio=1.0000 dth=-0.018 gg=0.0000 fl=0.000 ret=1.000 shed=-0.000 act=0.0000 flq=0.00
# PAIR t=40.0 p=33 d=1.400 pq=1:2 delta=-3.142 x=0.243 ratio=1.0000 dth=+0.669 gg=0.0000 fl=0.000 ret=1.000 shed=0.000 act=0.0000 flq=0.00
# PAIR t=40.0 p=34 d=1.421 pq=1:2 delta=-3.142 x=0.260 ratio=1.0000 dth=+0.248 gg=0.0000 fl=0.000 ret=1.000 shed=0.000 act=0.0000 flq=0.00
# PAIR t=40.0 p=35 d=1.425 pq=1:2 delta=-3.142 x=0.263 ratio=1.0000 dth=-3.099 gg=0.0000 fl=0.000 ret=1.000 shed=0.000 act=0.0000 flq=0.00
# PAIR t=40.0 p=36 d=1.174 pq=1:2 delta=+3.142 x=0.069 ratio=1.0000 dth=-0.350 gg=0.0000 fl=0.000 ret=1.000 shed=-0.000 act=0.0000 flq=0.00
# PAIR t=40.0 p=37 d=1.547 pq=1:2 delta=-3.142 x=0.356 ratio=1.0000 dth=-2.441 gg=0.0000 fl=0.000 ret=1.000 shed=0.000 act=0.0000 flq=0.00
# PAIR t=40.0 p=38 d=1.376 pq=1:2 delta=-3.142 x=0.225 ratio=1.0000 dth=-1.005 gg=0.0000 fl=0.000 ret=1.000 shed=0.000 act=0.0000 flq=0.00
# PAIR t=40.0 p=39 d=1.346 pq=1:2 delta=-3.142 x=0.202 ratio=1.0000 dth=-1.407 gg=0.0000 fl=0.000 ret=1.000 shed=0.000 act=0.0000 flq=0.00
# PAIR t=40.0 p=40 d=1.289 pq=1:2 delta=-3.142 x=0.158 ratio=1.0000 dth=-2.732 gg=0.0000 fl=0.000 ret=1.000 shed=0.000 act=0.0000 flq=0.00
# PAIR t=40.0 p=41 d=1.491 pq=1:2 delta=+3.142 x=0.314 ratio=1.0000 dth=-1.946 gg=0.0000 fl=0.000 ret=1.000 shed=-0.000 act=0.0000 flq=0.00
# PAIR t=40.0 p=42 d=1.222 pq=1:2 delta=+3.142 x=0.107 ratio=1.0000 dth=+3.084 gg=0.0000 fl=0.000 ret=1.000 shed=-0.000 act=0.0000 flq=0.00
# PAIR t=40.0 p=43 d=1.180 pq=1:2 delta=+3.142 x=0.075 ratio=1.0000 dth=-1.142 gg=0.0000 fl=0.000 ret=1.000 shed=-0.000 act=0.0000 flq=0.00
# PAIR t=40.0 p=44 d=1.227 pq=1:2 delta=+3.142 x=0.110 ratio=1.0000 dth=+1.816 gg=0.0000 fl=0.000 ret=1.000 shed=-0.000 act=0.0000 flq=0.00
# PAIR t=40.0 p=45 d=1.516 pq=1:2 delta=+3.142 x=0.333 ratio=1.0000 dth=+2.129 gg=0.0000 fl=0.000 ret=1.000 shed=-0.000 act=0.0000 flq=0.00
# PAIR t=40.0 p=46 d=1.329 pq=1:2 delta=-3.142 x=0.189 ratio=1.0000 dth=+0.328 gg=0.0000 fl=0.000 ret=1.000 shed=0.000 act=0.0000 flq=0.00
# PAIR t=40.0 p=47 d=1.536 pq=1:2 delta=+3.142 x=0.348 ratio=1.0000 dth=-1.738 gg=0.0000 fl=0.000 ret=1.000 shed=-0.000 act=0.0000 flq=0.00
# PAIR t=40.0 p=48 d=1.201 pq=1:2 delta=-3.142 x=0.091 ratio=1.0000 dth=-1.513 gg=0.0000 fl=0.000 ret=1.000 shed=0.000 act=0.0000 flq=0.00
# PAIR t=40.0 p=49 d=1.352 pq=1:2 delta=-3.142 x=0.207 ratio=1.0000 dth=+1.882 gg=0.0000 fl=0.000 ret=1.000 shed=0.000 act=0.0000 flq=0.00
# PAIR t=40.0 p=50 d=1.543 pq=1:2 delta=-3.142 x=0.354 ratio=1.0000 dth=-0.413 gg=0.0000 fl=0.000 ret=1.000 shed=0.000 act=0.0000 flq=0.00
# PAIR t=40.0 p=51 d=1.212 pq=1:2 delta=+3.142 x=0.099 ratio=1.0000 dth=+3.066 gg=0.0000 fl=0.000 ret=1.000 shed=-0.000 act=0.0000 flq=0.00
# PAIR t=40.0 p=52 d=1.426 pq=1:2 delta=-3.142 x=0.263 ratio=1.0000 dth=+1.588 gg=0.0000 fl=0.000 ret=1.000 shed=0.000 act=0.0000 flq=0.00
# PAIR t=40.0 p=53 d=1.148 pq=1:2 delta=-3.142 x=0.050 ratio=1.0000 dth=+3.079 gg=0.0000 fl=0.000 ret=1.000 shed=0.000 act=0.0000 flq=0.00
# PAIR t=40.0 p=54 d=1.191 pq=1:2 delta=-3.142 x=0.083 ratio=1.0000 dth=-1.422 gg=0.0000 fl=0.000 ret=1.000 shed=0.000 act=0.0000 flq=0.00
# PAIR t=40.0 p=55 d=1.134 pq=1:2 delta=+3.142 x=0.039 ratio=1.0000 dth=-2.321 gg=0.0000 fl=0.000 ret=1.000 shed=-0.000 act=0.0000 flq=0.00
# PAIR t=40.0 p=56 d=1.310 pq=1:2 delta=-3.142 x=0.175 ratio=1.0000 dth=+0.583 gg=0.0000 fl=0.000 ret=1.000 shed=0.000 act=0.0000 flq=0.00
# PAIR t=40.0 p=57 d=1.498 pq=1:2 delta=-3.142 x=0.319 ratio=1.0000 dth=+1.300 gg=0.0000 fl=0.000 ret=1.000 shed=0.000 act=0.0000 flq=0.00
# PAIR t=40.0 p=58 d=1.323 pq=1:2 delta=-3.142 x=0.184 ratio=1.0000 dth=-1.688 gg=0.0000 fl=0.000 ret=1.000 shed=0.000 act=0.0000 flq=0.00
# PAIR t=40.0 p=59 d=1.355 pq=1:2 delta=-3.142 x=0.209 ratio=1.0000 dth=-1.329 gg=0.0000 fl=0.000 ret=1.000 shed=0.000 act=0.0000 flq=0.00
50.000	18614.7374	55.6798225	745.605051	0	19416.0222884	1.124e-15	110723	13.194	14.492	14.774	0.042	25.7077	0.8485	2.4486	0.8499	0.9984	1.65000	1.64815	14.9642	15.0897	14.9068	0	0	0	3.4364	0.98633	-8.9416
# CONV t=50.00 cond=0 evap=0 rough=0 back_s=0
# LEDGER t=50.000 mode=3 sum_err=0 max|E-iEu|=5.000e-13 run_max_diff=1.500e-12 run_max_sum_err=0 steps=2500 E0_int=19416022288378510 sum=19416022288378510
# PAIR t=50.0 p=0 d=1.262 pq=1:2 delta=-3.142 x=0.137 ratio=1.0000 dth=+2.855 gg=0.0000 fl=0.000 ret=1.000 shed=0.000 act=0.0000 flq=0.00
# PAIR t=50.0 p=1 d=1.148 pq=1:2 delta=+3.142 x=0.050 ratio=1.0000 dth=+1.832 gg=0.0000 fl=0.000 ret=1.000 shed=-0.000 act=0.0000 flq=0.00
# PAIR t=50.0 p=2 d=1.412 pq=1:2 delta=-3.142 x=0.253 ratio=1.0000 dth=-1.374 gg=0.0000 fl=0.000 ret=1.000 shed=0.000 act=0.0000 flq=0.00
# PAIR t=50.0 p=3 d=1.129 pq=1:2 delta=-3.142 x=0.035 ratio=1.0000 dth=-0.942 gg=0.0000 fl=0.000 ret=1.000 shed=0.000 act=0.0000 flq=0.00
# PAIR t=50.0 p=4 d=1.498 pq=1:2 delta=-3.142 x=0.319 ratio=1.0000 dth=+1.902 gg=0.0000 fl=0.000 ret=1.000 shed=0.000 act=0.0000 flq=0.00
# PAIR t=50.0 p=5 d=1.148 pq=1:2 delta=-3.142 x=0.049 ratio=1.0000 dth=-2.371 gg=0.0000 fl=0.000 ret=1.000 shed=0.000 act=0.0000 flq=0.00
# PAIR t=50.0 p=6 d=1.441 pq=1:2 delta=+3.142 x=0.276 ratio=1.0000 dth=-0.772 gg=0.0000 fl=0.000 ret=1.000 shed=-0.000 act=0.0000 flq=0.00
# PAIR t=50.0 p=7 d=1.489 pq=1:2 delta=+3.142 x=0.312 ratio=1.0000 dth=-0.017 gg=0.0000 fl=0.000 ret=1.000 shed=-0.000 act=0.0000 flq=0.00
# PAIR t=50.0 p=8 d=1.110 pq=1:2 delta=+3.142 x=0.020 ratio=1.0000 dth=+1.727 gg=0.0000 fl=0.000 ret=1.000 shed=-0.000 act=0.0000 flq=0.00
# PAIR t=50.0 p=9 d=1.396 pq=1:2 delta=-3.142 x=0.240 ratio=1.0000 dth=+1.938 gg=0.0000 fl=0.000 ret=1.000 shed=0.000 act=0.0000 flq=0.00
# PAIR t=50.0 p=10 d=1.112 pq=1:2 delta=-3.142 x=0.022 ratio=1.0000 dth=-1.302 gg=0.0000 fl=0.000 ret=1.000 shed=0.000 act=0.0000 flq=0.00
# PAIR t=50.0 p=11 d=1.153 pq=1:2 delta=+3.142 x=0.053 ratio=1.0000 dth=-1.707 gg=0.0000 fl=0.000 ret=1.000 shed=-0.000 act=0.0000 flq=0.00
# PAIR t=50.0 p=12 d=1.417 pq=1:2 delta=+3.142 x=0.257 ratio=1.0000 dth=-3.035 gg=0.0000 fl=0.000 ret=1.000 shed=-0.000 act=0.0000 flq=0.00
# PAIR t=50.0 p=13 d=1.132 pq=1:2 delta=+3.142 x=0.037 ratio=1.0000 dth=+1.042 gg=0.0000 fl=0.000 ret=1.000 shed=-0.000 act=0.0000 flq=0.00
# PAIR t=50.0 p=14 d=1.277 pq=1:2 delta=-3.142 x=0.149 ratio=1.0000 dth=-1.401 gg=0.0000 fl=0.000 ret=1.000 shed=0.000 act=0.0000 flq=0.00
# PAIR t=50.0 p=15 d=1.213 pq=1:2 delta=+3.142 x=0.100 ratio=1.0000 dth=-0.185 gg=0.0000 fl=0.000 ret=1.000 shed=-0.000 act=0.0000 flq=0.00
# PAIR t=50.0 p=16 d=1.504 pq=1:2 delta=+3.142 x=0.323 ratio=1.0000 dth=+1.756 gg=0.0000 fl=0.000 ret=1.000 shed=-0.000 act=0.0000 flq=0.00
# PAIR t=50.0 p=17 d=1.529 pq=1:2 delta=-3.142 x=0.343 ratio=1.0000 dth=+2.834 gg=0.0000 fl=0.000 ret=1.000 shed=0.000 act=0.0000 flq=0.00
# PAIR t=50.0 p=18 d=1.271 pq=1:2 delta=-3.142 x=0.145 ratio=1.0000 dth=-1.916 gg=0.0000 fl=0.000 ret=1.000 shed=0.000 act=0.0000 flq=0.00
# PAIR t=50.0 p=19 d=1.524 pq=1:2 delta=+3.142 x=0.339 ratio=1.0000 dth=+0.750 gg=0.0000 fl=0.000 ret=1.000 shed=-0.000 act=0.0000 flq=0.00
# PAIR t=50.0 p=20 d=1.455 pq=1:2 delta=-3.142 x=0.286 ratio=1.0000 dth=+2.285 gg=0.0000 fl=0.000 ret=1.000 shed=0.000 act=0.0000 flq=0.00
# PAIR t=50.0 p=21 d=1.174 pq=1:2 delta=+3.142 x=0.070 ratio=1.0000 dth=-1.024 gg=0.0000 fl=0.000 ret=1.000 shed=-0.000 act=0.0000 flq=0.00
# PAIR t=50.0 p=22 d=1.142 pq=1:2 delta=+3.142 x=0.045 ratio=1.0000 dth=+2.593 gg=0.0000 fl=0.000 ret=1.000 shed=-0.000 act=0.0000 flq=0.00
# PAIR t=50.0 p=23 d=1.194 pq=1:2 delta=-3.142 x=0.086 ratio=1.0000 dth=+1.342 gg=0.0000 fl=0.000 ret=1.000 shed=0.000 act=0.0000 flq=0.00
# PAIR t=50.0 p=24 d=1.371 pq=1:2 delta=+3.142 x=0.221 ratio=1.0000 dth=-2.044 gg=0.0000 fl=0.000 ret=1.000 shed=-0.000 act=0.0000 flq=0.00
# PAIR t=50.0 p=25 d=1.335 pq=1:2 delta=-3.142 x=0.193 ratio=1.0000 dth=+2.100 gg=0.0000 fl=0.000 ret=1.000 shed=0.000 act=0.0000 flq=0.00
# PAIR t=50.0 p=26 d=1.371 pq=1:2 delta=+3.142 x=0.221 ratio=1.0000 dth=+2.283 gg=0.0000 fl=0.000 ret=1.000 shed=-0.000 act=0.0000 flq=0.00
# PAIR t=50.0 p=27 d=1.481 pq=1:2 delta=-3.142 x=0.306 ratio=1.0000 dth=+0.232 gg=0.0000 fl=0.000 ret=1.000 shed=0.000 act=0.0000 flq=0.00
# PAIR t=50.0 p=28 d=1.154 pq=1:2 delta=+3.142 x=0.055 ratio=1.0000 dth=+3.068 gg=0.0000 fl=0.000 ret=1.000 shed=-0.000 act=0.0000 flq=0.00
# PAIR t=50.0 p=29 d=1.176 pq=1:2 delta=+3.142 x=0.071 ratio=1.0000 dth=+1.873 gg=0.0000 fl=0.000 ret=1.000 shed=-0.000 act=0.0000 flq=0.00
# PAIR t=50.0 p=30 d=1.520 pq=1:2 delta=+3.142 x=0.336 ratio=1.0000 dth=-1.942 gg=0.0000 fl=0.000 ret=1.000 shed=-0.000 act=0.0000 flq=0.00
# PAIR t=50.0 p=31 d=1.317 pq=1:2 delta=+3.142 x=0.180 ratio=1.0000 dth=+2.585 gg=0.0000 fl=0.000 ret=1.000 shed=-0.000 act=0.0000 flq=0.00
# PAIR t=50.0 p=32 d=1.450 pq=1:2 delta=+3.142 x=0.282 ratio=1.0000 dth=+2.806 gg=0.0000 fl=0.000 ret=1.000 shed=-0.000 act=0.0000 flq=0.00
# PAIR t=50.0 p=33 d=1.400 pq=1:2 delta=-3.142 x=0.243 ratio=1.0000 dth=-2.019 gg=0.0000 fl=0.000 ret=1.000 shed=0.000 act=0.0000 flq=0.00
# PAIR t=50.0 p=34 d=1.421 pq=1:2 delta=-3.142 x=0.260 ratio=1.0000 dth=-2.773 gg=0.0000 fl=0.000 ret=1.000 shed=0.000 act=0.0000 flq=0.00
# PAIR t=50.0 p=35 d=1.425 pq=1:2 delta=-3.142 x=0.263 ratio=1.0000 dth=+0.098 gg=0.0000 fl=0.000 ret=1.000 shed=0.000 act=0.0000 flq=0.00
# PAIR t=50.0 p=36 d=1.174 pq=1:2 delta=+3.142 x=0.069 ratio=1.0000 dth=+1.286 gg=0.0000 fl=0.000 ret=1.000 shed=-0.000 act=0.0000 flq=0.00
# PAIR t=50.0 p=37 d=1.547 pq=1:2 delta=-3.142 x=0.356 ratio=1.0000 dth=-0.977 gg=0.0000 fl=0.000 ret=1.000 shed=0.000 act=0.0000 flq=0.00
# PAIR t=50.0 p=38 d=1.376 pq=1:2 delta=-3.142 x=0.225 ratio=1.0000 dth=+2.985 gg=0.0000 fl=0.000 ret=1.000 shed=0.000 act=0.0000 flq=0.00
# PAIR t=50.0 p=39 d=1.346 pq=1:2 delta=-3.142 x=0.202 ratio=1.0000 dth=+3.083 gg=0.0000 fl=0.000 ret=1.000 shed=0.000 act=0.0000 flq=0.00
# PAIR t=50.0 p=40 d=1.289 pq=1:2 delta=-3.142 x=0.158 ratio=1.0000 dth=+2.798 gg=0.0000 fl=0.000 ret=1.000 shed=0.000 act=0.0000 flq=0.00
# PAIR t=50.0 p=41 d=1.491 pq=1:2 delta=+3.142 x=0.314 ratio=1.0000 dth=+0.276 gg=0.0000 fl=0.000 ret=1.000 shed=-0.000 act=0.0000 flq=0.00
# PAIR t=50.0 p=42 d=1.222 pq=1:2 delta=+3.142 x=0.107 ratio=1.0000 dth=-2.633 gg=0.0000 fl=0.000 ret=1.000 shed=-0.000 act=0.0000 flq=0.00
# PAIR t=50.0 p=43 d=1.180 pq=1:2 delta=+3.142 x=0.075 ratio=1.0000 dth=+0.344 gg=0.0000 fl=0.000 ret=1.000 shed=-0.000 act=0.0000 flq=0.00
# PAIR t=50.0 p=44 d=1.227 pq=1:2 delta=+3.142 x=0.110 ratio=1.0000 dth=+2.291 gg=0.0000 fl=0.000 ret=1.000 shed=-0.000 act=0.0000 flq=0.00
# PAIR t=50.0 p=45 d=1.516 pq=1:2 delta=+3.142 x=0.333 ratio=1.0000 dth=-2.276 gg=0.0000 fl=0.000 ret=1.000 shed=-0.000 act=0.0000 flq=0.00
# PAIR t=50.0 p=46 d=1.329 pq=1:2 delta=-3.142 x=0.189 ratio=1.0000 dth=-1.161 gg=0.0000 fl=0.000 ret=1.000 shed=0.000 act=0.0000 flq=0.00
# PAIR t=50.0 p=47 d=1.536 pq=1:2 delta=+3.142 x=0.348 ratio=1.0000 dth=-0.136 gg=0.0000 fl=0.000 ret=1.000 shed=-0.000 act=0.0000 flq=0.00
# PAIR t=50.0 p=48 d=1.201 pq=1:2 delta=-3.142 x=0.091 ratio=1.0000 dth=-0.498 gg=0.0000 fl=0.000 ret=1.000 shed=0.000 act=0.0000 flq=0.00
# PAIR t=50.0 p=49 d=1.352 pq=1:2 delta=-3.142 x=0.207 ratio=1.0000 dth=-0.011 gg=0.0000 fl=0.000 ret=1.000 shed=0.000 act=0.0000 flq=0.00
# PAIR t=50.0 p=50 d=1.543 pq=1:2 delta=-3.142 x=0.354 ratio=1.0000 dth=+1.093 gg=0.0000 fl=0.000 ret=1.000 shed=0.000 act=0.0000 flq=0.00
# PAIR t=50.0 p=51 d=1.212 pq=1:2 delta=+3.142 x=0.099 ratio=1.0000 dth=-2.423 gg=0.0000 fl=0.000 ret=1.000 shed=-0.000 act=0.0000 flq=0.00
# PAIR t=50.0 p=52 d=1.426 pq=1:2 delta=-3.142 x=0.263 ratio=1.0000 dth=-1.506 gg=0.0000 fl=0.000 ret=1.000 shed=0.000 act=0.0000 flq=0.00
# PAIR t=50.0 p=53 d=1.148 pq=1:2 delta=-3.142 x=0.050 ratio=1.0000 dth=-0.979 gg=0.0000 fl=0.000 ret=1.000 shed=0.000 act=0.0000 flq=0.00
# PAIR t=50.0 p=54 d=1.191 pq=1:2 delta=-3.142 x=0.083 ratio=1.0000 dth=-0.181 gg=0.0000 fl=0.000 ret=1.000 shed=0.000 act=0.0000 flq=0.00
# PAIR t=50.0 p=55 d=1.134 pq=1:2 delta=+3.142 x=0.039 ratio=1.0000 dth=+0.259 gg=0.0000 fl=0.000 ret=1.000 shed=-0.000 act=0.0000 flq=0.00
# PAIR t=50.0 p=56 d=1.310 pq=1:2 delta=-3.142 x=0.175 ratio=1.0000 dth=-0.575 gg=0.0000 fl=0.000 ret=1.000 shed=0.000 act=0.0000 flq=0.00
# PAIR t=50.0 p=57 d=1.498 pq=1:2 delta=-3.142 x=0.319 ratio=1.0000 dth=-2.863 gg=0.0000 fl=0.000 ret=1.000 shed=0.000 act=0.0000 flq=0.00
# PAIR t=50.0 p=58 d=1.323 pq=1:2 delta=-3.142 x=0.184 ratio=1.0000 dth=-3.070 gg=0.0000 fl=0.000 ret=1.000 shed=0.000 act=0.0000 flq=0.00
# PAIR t=50.0 p=59 d=1.355 pq=1:2 delta=-3.142 x=0.209 ratio=1.0000 dth=+3.013 gg=0.0000 fl=0.000 ret=1.000 shed=0.000 act=0.0000 flq=0.00
60.000	18614.7374	55.6798225	745.605051	0	19416.0222884	2.811e-15	110688	13.194	14.492	14.774	0.042	25.7077	0.8485	2.1654	0.8499	0.9983	1.65000	1.64815	14.9410	15.0866	14.9222	0	0	0	17.208	-0.9325	4.7695
# CONV t=60.00 cond=0 evap=0 rough=0 back_s=0
# LEDGER t=60.000 mode=3 sum_err=0 max|E-iEu|=5.000e-13 run_max_diff=1.500e-12 run_max_sum_err=0 steps=3000 E0_int=19416022288378510 sum=19416022288378510
# PAIR t=60.0 p=0 d=1.262 pq=1:2 delta=-3.142 x=0.137 ratio=1.0000 dth=+2.617 gg=0.0000 fl=0.000 ret=1.000 shed=0.000 act=0.0000 flq=0.00
# PAIR t=60.0 p=1 d=1.148 pq=1:2 delta=+3.142 x=0.050 ratio=1.0000 dth=-2.218 gg=0.0000 fl=0.000 ret=1.000 shed=-0.000 act=0.0000 flq=0.00
# PAIR t=60.0 p=2 d=1.412 pq=1:2 delta=-3.142 x=0.253 ratio=1.0000 dth=+2.026 gg=0.0000 fl=0.000 ret=1.000 shed=0.000 act=0.0000 flq=0.00
# PAIR t=60.0 p=3 d=1.129 pq=1:2 delta=-3.142 x=0.035 ratio=1.0000 dth=+1.743 gg=0.0000 fl=0.000 ret=1.000 shed=0.000 act=0.0000 flq=0.00
# PAIR t=60.0 p=4 d=1.498 pq=1:2 delta=-3.142 x=0.319 ratio=1.0000 dth=-2.265 gg=0.0000 fl=0.000 ret=1.000 shed=0.000 act=0.0000 flq=0.00
# PAIR t=60.0 p=5 d=1.148 pq=1:2 delta=-3.142 x=0.049 ratio=1.0000 dth=-0.127 gg=0.0000 fl=0.000 ret=1.000 shed=0.000 act=0.0000 flq=0.00
# PAIR t=60.0 p=6 d=1.441 pq=1:2 delta=+3.142 x=0.276 ratio=1.0000 dth=+2.173 gg=0.0000 fl=0.000 ret=1.000 shed=-0.000 act=0.0000 flq=0.00
# PAIR t=60.0 p=7 d=1.489 pq=1:2 delta=+3.142 x=0.312 ratio=1.0000 dth=+2.235 gg=0.0000 fl=0.000 ret=1.000 shed=-0.000 act=0.0000 flq=0.00
# PAIR t=60.0 p=8 d=1.110 pq=1:2 delta=+3.142 x=0.020 ratio=1.0000 dth=-1.380 gg=0.0000 fl=0.000 ret=1.000 shed=-0.000 act=0.0000 flq=0.00
# PAIR t=60.0 p=9 d=1.396 pq=1:2 delta=-3.142 x=0.240 ratio=1.0000 dth=-0.684 gg=0.0000 fl=0.000 ret=1.000 shed=0.000 act=0.0000 flq=0.00
# PAIR t=60.0 p=10 d=1.112 pq=1:2 delta=-3.142 x=0.022 ratio=1.0000 dth=+1.820 gg=0.0000 fl=0.000 ret=1.000 shed=0.000 act=0.0000 flq=0.00
# PAIR t=60.0 p=11 d=1.153 pq=1:2 delta=+3.142 x=0.053 ratio=1.0000 dth=+0.416 gg=0.0000 fl=0.000 ret=1.000 shed=-0.000 act=0.0000 flq=0.00
# PAIR t=60.0 p=12 d=1.417 pq=1:2 delta=+3.142 x=0.257 ratio=1.0000 dth=+0.287 gg=0.0000 fl=0.000 ret=1.000 shed=-0.000 act=0.0000 flq=0.00
# PAIR t=60.0 p=13 d=1.132 pq=1:2 delta=+3.142 x=0.037 ratio=1.0000 dth=-2.620 gg=0.0000 fl=0.000 ret=1.000 shed=-0.000 act=0.0000 flq=0.00
# PAIR t=60.0 p=14 d=1.277 pq=1:2 delta=-3.142 x=0.149 ratio=1.0000 dth=-1.935 gg=0.0000 fl=0.000 ret=1.000 shed=0.000 act=0.0000 flq=0.00
# PAIR t=60.0 p=15 d=1.213 pq=1:2 delta=+3.142 x=0.100 ratio=1.0000 dth=+0.576 gg=0.0000 fl=0.000 ret=1.000 shed=-0.000 act=0.0000 flq=0.00
# PAIR t=60.0 p=16 d=1.504 pq=1:2 delta=+3.142 x=0.323 ratio=1.0000 dth=-2.482 gg=0.0000 fl=0.000 ret=1.000 shed=-0.000 act=0.0000 flq=0.00
# PAIR t=60.0 p=17 d=1.529 pq=1:2 delta=-3.142 x=0.343 ratio=1.0000 dth=-1.755 gg=0.0000 fl=0.000 ret=1.000 shed=0.000 act=0.0000 flq=0.00
# PAIR t=60.0 p=18 d=1.271 pq=1:2 delta=-3.142 x=0.145 ratio=1.0000 dth=-2.337 gg=0.0000 fl=0.000 ret=1.000 shed=0.000 act=0.0000 flq=0.00
# PAIR t=60.0 p=19 d=1.524 pq=1:2 delta=+3.142 x=0.339 ratio=1.0000 dth=+2.511 gg=0.0000 fl=0.000 ret=1.000 shed=-0.000 act=0.0000 flq=0.00
# PAIR t=60.0 p=20 d=1.455 pq=1:2 delta=-3.142 x=0.286 ratio=1.0000 dth=-1.262 gg=0.0000 fl=0.000 ret=1.000 shed=0.000 act=0.0000 flq=0.00
# PAIR t=60.0 p=21 d=1.174 pq=1:2 delta=+3.142 x=0.070 ratio=1.0000 dth=+0.594 gg=0.0000 fl=0.000 ret=1.000 shed=-0.000 act=0.0000 flq=0.00
# PAIR t=60.0 p=22 d=1.142 pq=1:2 delta=+3.142 x=0.045 ratio=1.0000 dth=-1.305 gg=0.0000 fl=0.000 ret=1.000 shed=-0.000 act=0.0000 flq=0.00
# PAIR t=60.0 p=23 d=1.194 pq=1:2 delta=-3.142 x=0.086 ratio=1.0000 dth=+2.510 gg=0.0000 fl=0.000 ret=1.000 shed=0.000 act=0.0000 flq=0.00
# PAIR t=60.0 p=24 d=1.371 pq=1:2 delta=+3.142 x=0.221 ratio=1.0000 dth=+2.022 gg=0.0000 fl=0.000 ret=1.000 shed=-0.000 act=0.0000 flq=0.00
# PAIR t=60.0 p=25 d=1.335 pq=1:2 delta=-3.142 x=0.193 ratio=1.0000 dth=+0.507 gg=0.0000 fl=0.000 ret=1.000 shed=0.000 act=0.0000 flq=0.00
# PAIR t=60.0 p=26 d=1.371 pq=1:2 delta=+3.142 x=0.221 ratio=1.0000 dth=+0.061 gg=0.0000 fl=0.000 ret=1.000 shed=-0.000 act=0.0000 flq=0.00
# PAIR t=60.0 p=27 d=1.481 pq=1:2 delta=-3.142 x=0.306 ratio=1.0000 dth=+2.593 gg=0.0000 fl=0.000 ret=1.000 shed=0.000 act=0.0000 flq=0.00
# PAIR t=60.0 p=28 d=1.154 pq=1:2 delta=+3.142 x=0.055 ratio=1.0000 dth=-1.132 gg=0.0000 fl=0.000 ret=1.000 shed=-0.000 act=0.0000 flq=0.00
# PAIR t=60.0 p=29 d=1.176 pq=1:2 delta=+3.142 x=0.071 ratio=1.0000 dth=-2.832 gg=0.0000 fl=0.000 ret=1.000 shed=-0.000 act=0.0000 flq=0.00
# PAIR t=60.0 p=30 d=1.520 pq=1:2 delta=+3.142 x=0.336 ratio=1.0000 dth=-0.116 gg=0.0000 fl=0.000 ret=1.000 shed=-0.000 act=0.0000 flq=0.00
# PAIR t=60.0 p=31 d=1.317 pq=1:2 delta=+3.142 x=0.180 ratio=1.0000 dth=+1.308 gg=0.0000 fl=0.000 ret=1.000 shed=-0.000 act=0.0000 flq=0.00
# PAIR t=60.0 p=32 d=1.450 pq=1:2 delta=+3.142 x=0.282 ratio=1.0000 dth=-0.653 gg=0.0000 fl=0.000 ret=1.000 shed=-0.000 act=0.0000 flq=0.00
# PAIR t=60.0 p=33 d=1.400 pq=1:2 delta=-3.142 x=0.243 ratio=1.0000 dth=+1.576 gg=0.0000 fl=0.000 ret=1.000 shed=0.000 act=0.0000 flq=0.00
# PAIR t=60.0 p=34 d=1.421 pq=1:2 delta=-3.142 x=0.260 ratio=1.0000 dth=+0.489 gg=0.0000 fl=0.000 ret=1.000 shed=0.000 act=0.0000 flq=0.00
# PAIR t=60.0 p=35 d=1.425 pq=1:2 delta=-3.142 x=0.263 ratio=1.0000 dth=-2.987 gg=0.0000 fl=0.000 ret=1.000 shed=0.000 act=0.0000 flq=0.00
# PAIR t=60.0 p=36 d=1.174 pq=1:2 delta=+3.142 x=0.069 ratio=1.0000 dth=+2.922 gg=0.0000 fl=0.000 ret=1.000 shed=-0.000 act=0.0000 flq=0.00
# PAIR t=60.0 p=37 d=1.547 pq=1:2 delta=-3.142 x=0.356 ratio=1.0000 dth=+0.487 gg=0.0000 fl=0.000 ret=1.000 shed=0.000 act=0.0000 flq=0.00
# PAIR t=60.0 p=38 d=1.376 pq=1:2 delta=-3.142 x=0.225 ratio=1.0000 dth=+0.691 gg=0.0000 fl=0.000 ret=1.000 shed=0.000 act=0.0000 flq=0.00
# PAIR t=60.0 p=39 d=1.346 pq=1:2 delta=-3.142 x=0.202 ratio=1.0000 dth=+1.290 gg=0.0000 fl=0.000 ret=1.000 shed=0.000 act=0.0000 flq=0.00
# PAIR t=60.0 p=40 d=1.289 pq=1:2 delta=-3.142 x=0.158 ratio=1.0000 dth=+2.045 gg=0.0000 fl=0.000 ret=1.000 shed=0.000 act=0.0000 flq=0.00
# PAIR t=60.0 p=41 d=1.491 pq=1:2 delta=+3.142 x=0.314 ratio=1.0000 dth=+2.497 gg=0.0000 fl=0.000 ret=1.000 shed=-0.000 act=0.0000 flq=0.00
# PAIR t=60.0 p=42 d=1.222 pq=1:2 delta=+3.142 x=0.107 ratio=1.0000 dth=-2.067 gg=0.0000 fl=0.000 ret=1.000 shed=-0.000 act=0.0000 flq=0.00
# PAIR t=60.0 p=43 d=1.180 pq=1:2 delta=+3.142 x=0.075 ratio=1.0000 dth=+1.829 gg=0.0000 fl=0.000 ret=1.000 shed=-0.000 act=0.0000 flq=0.00
# PAIR t=60.0 p=44 d=1.227 pq=1:2 delta=+3.142 x=0.110 ratio=1.0000 dth=+2.767 gg=0.0000 fl=0.000 ret=1.000 shed=-0.000 act=0.0000 flq=0.00
# PAIR t=60.0 p=45 d=1.516 pq=1:2 delta=+3.142 x=0.333 ratio=1.0000 dth=-0.398 gg=0.0000 fl=0.000 ret=1.000 shed=-0.000 act=0.0000 flq=0.00
# PAIR t=60.0 p=46 d=1.329 pq=1:2 delta=-3.142 x=0.189 ratio=1.0000 dth=-2.651 gg=0.0000 fl=0.000 ret=1.000 shed=0.000 act=0.0000 flq=0.00
# PAIR t=60.0 p=47 d=1.536 pq=1:2 delta=+3.142 x=0.348 ratio=1.0000 dth=+1.466 gg=0.0000 fl=0.000 ret=1.000 shed=-0.000 act=0.0000 flq=0.00
# PAIR t=60.0 p=48 d=1.201 pq=1:2 delta=-3.142 x=0.091 ratio=1.0000 dth=+0.517 gg=0.0000 fl=0.000 ret=1.000 shed=0.000 act=0.0000 flq=0.00
# PAIR t=60.0 p=49 d=1.352 pq=1:2 delta=-3.142 x=0.207 ratio=1.0000 dth=-1.904 gg=0.0000 fl=0.000 ret=1.000 shed=0.000 act=0.0000 flq=0.00
# PAIR t=60.0 p=50 d=1.543 pq=1:2 delta=-3.142 x=0.354 ratio=1.0000 dth=+2.599 gg=0.0000 fl=0.000 ret=1.000 shed=0.000 act=0.0000 flq=0.00
# PAIR t=60.0 p=51 d=1.212 pq=1:2 delta=+3.142 x=0.099 ratio=1.0000 dth=-1.629 gg=0.0000 fl=0.000 ret=1.000 shed=-0.000 act=0.0000 flq=0.00
# PAIR t=60.0 p=52 d=1.426 pq=1:2 delta=-3.142 x=0.263 ratio=1.0000 dth=+1.683 gg=0.0000 fl=0.000 ret=1.000 shed=0.000 act=0.0000 flq=0.00
# PAIR t=60.0 p=53 d=1.148 pq=1:2 delta=-3.142 x=0.050 ratio=1.0000 dth=+1.246 gg=0.0000 fl=0.000 ret=1.000 shed=0.000 act=0.0000 flq=0.00
# PAIR t=60.0 p=54 d=1.191 pq=1:2 delta=-3.142 x=0.083 ratio=1.0000 dth=+1.059 gg=0.0000 fl=0.000 ret=1.000 shed=0.000 act=0.0000 flq=0.00
# PAIR t=60.0 p=55 d=1.134 pq=1:2 delta=+3.142 x=0.039 ratio=1.0000 dth=+2.838 gg=0.0000 fl=0.000 ret=1.000 shed=-0.000 act=0.0000 flq=0.00
# PAIR t=60.0 p=56 d=1.310 pq=1:2 delta=-3.142 x=0.175 ratio=1.0000 dth=-1.733 gg=0.0000 fl=0.000 ret=1.000 shed=0.000 act=0.0000 flq=0.00
# PAIR t=60.0 p=57 d=1.498 pq=1:2 delta=-3.142 x=0.319 ratio=1.0000 dth=-0.742 gg=0.0000 fl=0.000 ret=1.000 shed=0.000 act=0.0000 flq=0.00
# PAIR t=60.0 p=58 d=1.323 pq=1:2 delta=-3.142 x=0.184 ratio=1.0000 dth=+1.832 gg=0.0000 fl=0.000 ret=1.000 shed=0.000 act=0.0000 flq=0.00
# PAIR t=60.0 p=59 d=1.355 pq=1:2 delta=-3.142 x=0.209 ratio=1.0000 dth=+1.072 gg=0.0000 fl=0.000 ret=1.000 shed=0.000 act=0.0000 flq=0.00
# RESULT es_shells 0.94:1.0020 2.81:1.0012 4.69:0.9999 6.56:0.9987 8.44:0.9998 10.31:0.9997 12.19:1.0000 14.06:0.9994
# RESULT LEDGER mode=3 E0_int=19416022288378510 sum_int=19416022288378510 max_sum_err=0 max|E-iEu|=1.500e-12 steps=3000
# RESULT conservation E0=19416.0222884 Efinal=19416.0222884 rel_drift=2.811e-15
# RESULT roughness_radiated=0 (dissonant dense deliveries converted to field, conserved)
# PAIR t=60.0 p=0 d=1.262 pq=1:2 delta=-3.142 x=0.137 ratio=1.0000 dth=+2.617 gg=0.0000 fl=0.000 ret=1.000 shed=0.000 act=0.0000 flq=0.00
# PAIR t=60.0 p=1 d=1.148 pq=1:2 delta=+3.142 x=0.050 ratio=1.0000 dth=-2.218 gg=0.0000 fl=0.000 ret=1.000 shed=-0.000 act=0.0000 flq=0.00
# PAIR t=60.0 p=2 d=1.412 pq=1:2 delta=-3.142 x=0.253 ratio=1.0000 dth=+2.026 gg=0.0000 fl=0.000 ret=1.000 shed=0.000 act=0.0000 flq=0.00
# PAIR t=60.0 p=3 d=1.129 pq=1:2 delta=-3.142 x=0.035 ratio=1.0000 dth=+1.743 gg=0.0000 fl=0.000 ret=1.000 shed=0.000 act=0.0000 flq=0.00
# PAIR t=60.0 p=4 d=1.498 pq=1:2 delta=-3.142 x=0.319 ratio=1.0000 dth=-2.265 gg=0.0000 fl=0.000 ret=1.000 shed=0.000 act=0.0000 flq=0.00
# PAIR t=60.0 p=5 d=1.148 pq=1:2 delta=-3.142 x=0.049 ratio=1.0000 dth=-0.127 gg=0.0000 fl=0.000 ret=1.000 shed=0.000 act=0.0000 flq=0.00
# PAIR t=60.0 p=6 d=1.441 pq=1:2 delta=+3.142 x=0.276 ratio=1.0000 dth=+2.173 gg=0.0000 fl=0.000 ret=1.000 shed=-0.000 act=0.0000 flq=0.00
# PAIR t=60.0 p=7 d=1.489 pq=1:2 delta=+3.142 x=0.312 ratio=1.0000 dth=+2.235 gg=0.0000 fl=0.000 ret=1.000 shed=-0.000 act=0.0000 flq=0.00
# PAIR t=60.0 p=8 d=1.110 pq=1:2 delta=+3.142 x=0.020 ratio=1.0000 dth=-1.380 gg=0.0000 fl=0.000 ret=1.000 shed=-0.000 act=0.0000 flq=0.00
# PAIR t=60.0 p=9 d=1.396 pq=1:2 delta=-3.142 x=0.240 ratio=1.0000 dth=-0.684 gg=0.0000 fl=0.000 ret=1.000 shed=0.000 act=0.0000 flq=0.00
# PAIR t=60.0 p=10 d=1.112 pq=1:2 delta=-3.142 x=0.022 ratio=1.0000 dth=+1.820 gg=0.0000 fl=0.000 ret=1.000 shed=0.000 act=0.0000 flq=0.00
# PAIR t=60.0 p=11 d=1.153 pq=1:2 delta=+3.142 x=0.053 ratio=1.0000 dth=+0.416 gg=0.0000 fl=0.000 ret=1.000 shed=-0.000 act=0.0000 flq=0.00
# PAIR t=60.0 p=12 d=1.417 pq=1:2 delta=+3.142 x=0.257 ratio=1.0000 dth=+0.287 gg=0.0000 fl=0.000 ret=1.000 shed=-0.000 act=0.0000 flq=0.00
# PAIR t=60.0 p=13 d=1.132 pq=1:2 delta=+3.142 x=0.037 ratio=1.0000 dth=-2.620 gg=0.0000 fl=0.000 ret=1.000 shed=-0.000 act=0.0000 flq=0.00
# PAIR t=60.0 p=14 d=1.277 pq=1:2 delta=-3.142 x=0.149 ratio=1.0000 dth=-1.935 gg=0.0000 fl=0.000 ret=1.000 shed=0.000 act=0.0000 flq=0.00
# PAIR t=60.0 p=15 d=1.213 pq=1:2 delta=+3.142 x=0.100 ratio=1.0000 dth=+0.576 gg=0.0000 fl=0.000 ret=1.000 shed=-0.000 act=0.0000 flq=0.00
# PAIR t=60.0 p=16 d=1.504 pq=1:2 delta=+3.142 x=0.323 ratio=1.0000 dth=-2.482 gg=0.0000 fl=0.000 ret=1.000 shed=-0.000 act=0.0000 flq=0.00
# PAIR t=60.0 p=17 d=1.529 pq=1:2 delta=-3.142 x=0.343 ratio=1.0000 dth=-1.755 gg=0.0000 fl=0.000 ret=1.000 shed=0.000 act=0.0000 flq=0.00
# PAIR t=60.0 p=18 d=1.271 pq=1:2 delta=-3.142 x=0.145 ratio=1.0000 dth=-2.337 gg=0.0000 fl=0.000 ret=1.000 shed=0.000 act=0.0000 flq=0.00
# PAIR t=60.0 p=19 d=1.524 pq=1:2 delta=+3.142 x=0.339 ratio=1.0000 dth=+2.511 gg=0.0000 fl=0.000 ret=1.000 shed=-0.000 act=0.0000 flq=0.00
# PAIR t=60.0 p=20 d=1.455 pq=1:2 delta=-3.142 x=0.286 ratio=1.0000 dth=-1.262 gg=0.0000 fl=0.000 ret=1.000 shed=0.000 act=0.0000 flq=0.00
# PAIR t=60.0 p=21 d=1.174 pq=1:2 delta=+3.142 x=0.070 ratio=1.0000 dth=+0.594 gg=0.0000 fl=0.000 ret=1.000 shed=-0.000 act=0.0000 flq=0.00
# PAIR t=60.0 p=22 d=1.142 pq=1:2 delta=+3.142 x=0.045 ratio=1.0000 dth=-1.305 gg=0.0000 fl=0.000 ret=1.000 shed=-0.000 act=0.0000 flq=0.00
# PAIR t=60.0 p=23 d=1.194 pq=1:2 delta=-3.142 x=0.086 ratio=1.0000 dth=+2.510 gg=0.0000 fl=0.000 ret=1.000 shed=0.000 act=0.0000 flq=0.00
# PAIR t=60.0 p=24 d=1.371 pq=1:2 delta=+3.142 x=0.221 ratio=1.0000 dth=+2.022 gg=0.0000 fl=0.000 ret=1.000 shed=-0.000 act=0.0000 flq=0.00
# PAIR t=60.0 p=25 d=1.335 pq=1:2 delta=-3.142 x=0.193 ratio=1.0000 dth=+0.507 gg=0.0000 fl=0.000 ret=1.000 shed=0.000 act=0.0000 flq=0.00
# PAIR t=60.0 p=26 d=1.371 pq=1:2 delta=+3.142 x=0.221 ratio=1.0000 dth=+0.061 gg=0.0000 fl=0.000 ret=1.000 shed=-0.000 act=0.0000 flq=0.00
# PAIR t=60.0 p=27 d=1.481 pq=1:2 delta=-3.142 x=0.306 ratio=1.0000 dth=+2.593 gg=0.0000 fl=0.000 ret=1.000 shed=0.000 act=0.0000 flq=0.00
# PAIR t=60.0 p=28 d=1.154 pq=1:2 delta=+3.142 x=0.055 ratio=1.0000 dth=-1.132 gg=0.0000 fl=0.000 ret=1.000 shed=-0.000 act=0.0000 flq=0.00
# PAIR t=60.0 p=29 d=1.176 pq=1:2 delta=+3.142 x=0.071 ratio=1.0000 dth=-2.832 gg=0.0000 fl=0.000 ret=1.000 shed=-0.000 act=0.0000 flq=0.00
# PAIR t=60.0 p=30 d=1.520 pq=1:2 delta=+3.142 x=0.336 ratio=1.0000 dth=-0.116 gg=0.0000 fl=0.000 ret=1.000 shed=-0.000 act=0.0000 flq=0.00
# PAIR t=60.0 p=31 d=1.317 pq=1:2 delta=+3.142 x=0.180 ratio=1.0000 dth=+1.308 gg=0.0000 fl=0.000 ret=1.000 shed=-0.000 act=0.0000 flq=0.00
# PAIR t=60.0 p=32 d=1.450 pq=1:2 delta=+3.142 x=0.282 ratio=1.0000 dth=-0.653 gg=0.0000 fl=0.000 ret=1.000 shed=-0.000 act=0.0000 flq=0.00
# PAIR t=60.0 p=33 d=1.400 pq=1:2 delta=-3.142 x=0.243 ratio=1.0000 dth=+1.576 gg=0.0000 fl=0.000 ret=1.000 shed=0.000 act=0.0000 flq=0.00
# PAIR t=60.0 p=34 d=1.421 pq=1:2 delta=-3.142 x=0.260 ratio=1.0000 dth=+0.489 gg=0.0000 fl=0.000 ret=1.000 shed=0.000 act=0.0000 flq=0.00
# PAIR t=60.0 p=35 d=1.425 pq=1:2 delta=-3.142 x=0.263 ratio=1.0000 dth=-2.987 gg=0.0000 fl=0.000 ret=1.000 shed=0.000 act=0.0000 flq=0.00
# PAIR t=60.0 p=36 d=1.174 pq=1:2 delta=+3.142 x=0.069 ratio=1.0000 dth=+2.922 gg=0.0000 fl=0.000 ret=1.000 shed=-0.000 act=0.0000 flq=0.00
# PAIR t=60.0 p=37 d=1.547 pq=1:2 delta=-3.142 x=0.356 ratio=1.0000 dth=+0.487 gg=0.0000 fl=0.000 ret=1.000 shed=0.000 act=0.0000 flq=0.00
# PAIR t=60.0 p=38 d=1.376 pq=1:2 delta=-3.142 x=0.225 ratio=1.0000 dth=+0.691 gg=0.0000 fl=0.000 ret=1.000 shed=0.000 act=0.0000 flq=0.00
# PAIR t=60.0 p=39 d=1.346 pq=1:2 delta=-3.142 x=0.202 ratio=1.0000 dth=+1.290 gg=0.0000 fl=0.000 ret=1.000 shed=0.000 act=0.0000 flq=0.00
# PAIR t=60.0 p=40 d=1.289 pq=1:2 delta=-3.142 x=0.158 ratio=1.0000 dth=+2.045 gg=0.0000 fl=0.000 ret=1.000 shed=0.000 act=0.0000 flq=0.00
# PAIR t=60.0 p=41 d=1.491 pq=1:2 delta=+3.142 x=0.314 ratio=1.0000 dth=+2.497 gg=0.0000 fl=0.000 ret=1.000 shed=-0.000 act=0.0000 flq=0.00
# PAIR t=60.0 p=42 d=1.222 pq=1:2 delta=+3.142 x=0.107 ratio=1.0000 dth=-2.067 gg=0.0000 fl=0.000 ret=1.000 shed=-0.000 act=0.0000 flq=0.00
# PAIR t=60.0 p=43 d=1.180 pq=1:2 delta=+3.142 x=0.075 ratio=1.0000 dth=+1.829 gg=0.0000 fl=0.000 ret=1.000 shed=-0.000 act=0.0000 flq=0.00
# PAIR t=60.0 p=44 d=1.227 pq=1:2 delta=+3.142 x=0.110 ratio=1.0000 dth=+2.767 gg=0.0000 fl=0.000 ret=1.000 shed=-0.000 act=0.0000 flq=0.00
# PAIR t=60.0 p=45 d=1.516 pq=1:2 delta=+3.142 x=0.333 ratio=1.0000 dth=-0.398 gg=0.0000 fl=0.000 ret=1.000 shed=-0.000 act=0.0000 flq=0.00
# PAIR t=60.0 p=46 d=1.329 pq=1:2 delta=-3.142 x=0.189 ratio=1.0000 dth=-2.651 gg=0.0000 fl=0.000 ret=1.000 shed=0.000 act=0.0000 flq=0.00
# PAIR t=60.0 p=47 d=1.536 pq=1:2 delta=+3.142 x=0.348 ratio=1.0000 dth=+1.466 gg=0.0000 fl=0.000 ret=1.000 shed=-0.000 act=0.0000 flq=0.00
# PAIR t=60.0 p=48 d=1.201 pq=1:2 delta=-3.142 x=0.091 ratio=1.0000 dth=+0.517 gg=0.0000 fl=0.000 ret=1.000 shed=0.000 act=0.0000 flq=0.00
# PAIR t=60.0 p=49 d=1.352 pq=1:2 delta=-3.142 x=0.207 ratio=1.0000 dth=-1.904 gg=0.0000 fl=0.000 ret=1.000 shed=0.000 act=0.0000 flq=0.00
# PAIR t=60.0 p=50 d=1.543 pq=1:2 delta=-3.142 x=0.354 ratio=1.0000 dth=+2.599 gg=0.0000 fl=0.000 ret=1.000 shed=0.000 act=0.0000 flq=0.00
# PAIR t=60.0 p=51 d=1.212 pq=1:2 delta=+3.142 x=0.099 ratio=1.0000 dth=-1.629 gg=0.0000 fl=0.000 ret=1.000 shed=-0.000 act=0.0000 flq=0.00
# PAIR t=60.0 p=52 d=1.426 pq=1:2 delta=-3.142 x=0.263 ratio=1.0000 dth=+1.683 gg=0.0000 fl=0.000 ret=1.000 shed=0.000 act=0.0000 flq=0.00
# PAIR t=60.0 p=53 d=1.148 pq=1:2 delta=-3.142 x=0.050 ratio=1.0000 dth=+1.246 gg=0.0000 fl=0.000 ret=1.000 shed=0.000 act=0.0000 flq=0.00
# PAIR t=60.0 p=54 d=1.191 pq=1:2 delta=-3.142 x=0.083 ratio=1.0000 dth=+1.059 gg=0.0000 fl=0.000 ret=1.000 shed=0.000 act=0.0000 flq=0.00
# PAIR t=60.0 p=55 d=1.134 pq=1:2 delta=+3.142 x=0.039 ratio=1.0000 dth=+2.838 gg=0.0000 fl=0.000 ret=1.000 shed=-0.000 act=0.0000 flq=0.00
# PAIR t=60.0 p=56 d=1.310 pq=1:2 delta=-3.142 x=0.175 ratio=1.0000 dth=-1.733 gg=0.0000 fl=0.000 ret=1.000 shed=0.000 act=0.0000 flq=0.00
# PAIR t=60.0 p=57 d=1.498 pq=1:2 delta=-3.142 x=0.319 ratio=1.0000 dth=-0.742 gg=0.0000 fl=0.000 ret=1.000 shed=0.000 act=0.0000 flq=0.00
# PAIR t=60.0 p=58 d=1.323 pq=1:2 delta=-3.142 x=0.184 ratio=1.0000 dth=+1.832 gg=0.0000 fl=0.000 ret=1.000 shed=0.000 act=0.0000 flq=0.00
# PAIR t=60.0 p=59 d=1.355 pq=1:2 delta=-3.142 x=0.209 ratio=1.0000 dth=+1.072 gg=0.0000 fl=0.000 ret=1.000 shed=0.000 act=0.0000 flq=0.00
# RESULT pair_tongue |delta|<0.6: n=0 gg=0.000 ret=0.000 fl=0.000 | 0.6-1.2: n=0 gg=0.000 ret=0.000 fl=0.000 | >1.2: n=60 gg=0.000 ret=1.000 fl=0.000
