# freecell — v89 free-cell substance test (exp=ring)
# laws = laws_V2g VERBATIM (defaults): C=1 w1=1.65 w2=2.9 q_detune=1.2
# gamma_res=0.25 gamma_res_m=0.1 p_gate=8 lock_floor=0.005 k_dep=1.2 k_dep_m=2 cap=2.5
# e_s0=1 es_floor=0.05 e_cond=0 f_conv=0.25 f_evap=0.5 s_pull=0.15
# kappa_lock=1 kappa_align=0.5 s_k=0.06 s_disp=0.3 sigma_tumble=0.01
# comb_limit=6 rough_k=0.35 gamma_rough=0.5 mob_sym=1 mob_floor=0.004 field_J=1.8
# quant_A0=1.15 quant_mode=2 (A0eff=1.15)
# v91 radiance (laws_V3r candidate A): k_rad=0.05 p_rad=4 rad_clock=0
# v91 cantus (coherent-channel candidate B): k_cant=0 k_tune=0 cant_tau=50 cant_seed=0 cant_grow=1
# v91 registry (exchange-registry lane, REGISTRY.md): reg_tau=0 reg_gate=0 reg_f0=0
# v91 identity (parcel-identity lane, IDENTITY.md): par_tau=0 par_gate=0 par_form=0 par_lo=0.002 par_hi=0.02 par_mature=400
# v91 workfn (emergent-threshold lane, WORKFN.md): wf_on=1 wf_floor=0.01 wf_far=99
# v91 amplitude (field-side-identity lane Phase M, AMPLITUDE.md): amp_tau=30
# v92 amplitude Phase L lane L-1 (L0_DESIGN.md): amp_drv=0.1 amp_mmin=1
# QUENCH-2 apparatus: conf_r=0 conf_gap=0.3 conf_th=1.6 conf_pinw=3 spin_m=0 imp_k=0 qp_phase=0
# HORIZON apparatus (HORIZON.md): bh_r=0 bh_k=1 bh_sep=0
# FLOW apparatus (FLOW.md): bed_k=0 bed_tau=30
# GEOMETRY (apparatus): cfac=1.15 k_rep=1 mob_geo=1 kappa_bond=1 freeze_geo=0
# bath=0 bath_frac=1 jam_sweeps=800 jam_k=0.1 L=16 dt=0.02 T=300 seed=20260802 diag_every=100
# JAM skipped (no bath)
# SEED ring: n=5 x=0.3250 d*=1.505798 d_edge=1.505798 edges=5
# INIT NC=5 slots=5 live=5 phi_nom=0.0028 z_live=2.00 dbar=1.5058 sigma_d=0.00% E0=8.532608696
#
# t | drift_rel | phi_nom z_live NLa NLd births deaths | dbar sigma_d% | maxstep maxbond | Em_tag ret com_dev rms conn z_tag | pair: d delta gf gb | core/far
t=    0.00 +0.00e+00 | 0.0028  2.00      5    0      0      0 | 1.5058  0.00 | 0.00e+00 0.00e+00 |   4.0625 1.0000  0.0000  1.2809 1.000  2.00 | edge_dev mean=0.0000 max=0.0000 gg=0.2000 shape_dev=0.0000 xbar=0.3250
# AMP t=0.00 tp n=0 rho=[0.000 0.000 0.000 0.000] mag=0.00000 | ba n=0 rho=[0.000 0.000 0.000 0.000] mag=0.00000
t=    2.00 +0.00e+00 | 0.0028  2.00      5    0      0      0 | 1.5559  2.56 | 5.01e-05 4.05e-03 |   4.0625 1.0000  0.0090  1.3197 1.000  2.00 | edge_dev mean=0.0502 max=0.1297 gg=0.7868 shape_dev=0.1113 xbar=0.3231
# AMP t=2.00 tp n=5 rho=[0.999 1.000 1.000 1.000] mag=0.01374 | ba n=0 rho=[0.000 0.000 0.000 0.000] mag=0.00000
t=    4.00 +0.00e+00 | 0.0028  1.60      4    0      0      0 | 1.5420  0.16 | 1.92e-04 3.67e-03 |   4.0625 1.0000  0.0175  1.3246 1.000  1.60 | edge_dev mean=0.0554 max=0.1317 gg=0.7780 shape_dev=0.1231 xbar=0.3235
# AMP t=4.00 tp n=5 rho=[0.990 1.000 1.000 1.000] mag=0.02227 | ba n=0 rho=[0.000 0.000 0.000 0.000] mag=0.00000
t=    6.00 +2.08e-16 | 0.0028  2.00      5    0      0      0 | 1.5670  2.22 | 2.27e-04 3.31e-03 |   4.0625 1.0000  0.0269  1.3300 1.000  2.00 | edge_dev mean=0.0614 max=0.1304 gg=0.7627 shape_dev=0.1366 xbar=0.3238
# AMP t=6.00 tp n=5 rho=[0.985 0.985 0.999 0.999] mag=0.03070 | ba n=0 rho=[0.000 0.000 0.000 0.000] mag=0.00000
t=    8.00 +2.08e-16 | 0.0028  1.60      4    0      0      0 | 1.5498  0.09 | 2.43e-04 3.90e-03 |   4.0625 1.0000  0.0405  1.3290 1.000  1.60 | edge_dev mean=0.0613 max=0.1319 gg=0.7598 shape_dev=0.1365 xbar=0.3236
# AMP t=8.00 tp n=5 rho=[0.979 0.979 0.999 0.999] mag=0.04679 | ba n=0 rho=[0.000 0.000 0.000 0.000] mag=0.00000
t=   10.00 +2.08e-16 | 0.0028  2.00      5    0      0      0 | 1.5710  2.11 | 1.04e-04 3.19e-03 |   4.0625 1.0000  0.0514  1.3323 1.000  2.00 | edge_dev mean=0.0653 max=0.1313 gg=0.7309 shape_dev=0.1453 xbar=0.3238
# AMP t=10.00 tp n=5 rho=[0.976 0.976 0.999 0.999] mag=0.05225 | ba n=0 rho=[0.000 0.000 0.000 0.000] mag=0.00000
t=   12.00 +4.16e-16 | 0.0028  2.00      5    0      0      0 | 1.5807  1.77 | 2.00e-04 2.81e-03 |   4.0625 1.0000  0.0656  1.3405 1.000  2.00 | edge_dev mean=0.0751 max=0.1297 gg=0.6671 shape_dev=0.1678 xbar=0.3241
# AMP t=12.00 tp n=5 rho=[0.974 0.975 0.999 0.999] mag=0.05709 | ba n=0 rho=[0.000 0.000 0.000 0.000] mag=0.00000
t=   14.00 +4.16e-16 | 0.0028  2.00      5    0      0      0 | 1.5970  1.58 | 2.41e-04 2.48e-03 |   4.0625 1.0000  0.0835  1.3536 1.000  2.00 | edge_dev mean=0.0914 max=0.1284 gg=0.5510 shape_dev=0.2052 xbar=0.3244
# AMP t=14.00 tp n=5 rho=[0.974 0.974 0.999 0.999] mag=0.06263 | ba n=0 rho=[0.000 0.000 0.000 0.000] mag=0.00000
t=   16.00 +2.08e-16 | 0.0028  2.00      5    0      0      0 | 1.6086  1.95 | 6.05e-05 2.69e-03 |   4.0625 1.0000  0.1024  1.3616 1.000  2.00 | edge_dev mean=0.1028 max=0.1301 gg=0.4420 shape_dev=0.2316 xbar=0.3243
# AMP t=16.00 tp n=5 rho=[0.969 0.969 0.991 0.991] mag=0.07571 | ba n=0 rho=[0.000 0.000 0.000 0.000] mag=0.00000
t=   18.00 +2.08e-16 | 0.0028  2.00      5    0      0      0 | 1.6120  1.90 | 6.36e-05 2.44e-03 |   4.0625 1.0000  0.1068  1.3644 1.000  2.00 | edge_dev mean=0.1063 max=0.1314 gg=0.3991 shape_dev=0.2397 xbar=0.3244
# AMP t=18.00 tp n=5 rho=[0.963 0.963 0.991 0.991] mag=0.07583 | ba n=0 rho=[0.000 0.000 0.000 0.000] mag=0.00000
t=   20.00 +4.16e-16 | 0.0028  2.00      5    0      0      0 | 1.6140  1.75 | 8.11e-05 2.22e-03 |   4.0625 1.0000  0.1097  1.3661 1.000  2.00 | edge_dev mean=0.1082 max=0.1316 gg=0.3894 shape_dev=0.2442 xbar=0.3245
# AMP t=20.00 tp n=5 rho=[0.961 0.961 0.991 0.991] mag=0.07139 | ba n=0 rho=[0.000 0.000 0.000 0.000] mag=0.00000
t=   22.00 +4.16e-16 | 0.0028  2.00      5    0      0      0 | 1.6158  1.61 | 1.53e-04 2.44e-03 |   4.0625 1.0000  0.1129  1.3674 1.000  2.00 | edge_dev mean=0.1100 max=0.1315 gg=0.3874 shape_dev=0.2483 xbar=0.3245
# AMP t=22.00 tp n=5 rho=[0.956 0.956 0.981 0.981] mag=0.06735 | ba n=0 rho=[0.000 0.000 0.000 0.000] mag=0.00000
t=   24.00 +4.16e-16 | 0.0028  2.00      5    0      0      0 | 1.6165  1.57 | 3.64e-06 2.11e-03 |   4.0625 1.0000  0.1147  1.3680 1.000  2.00 | edge_dev mean=0.1107 max=0.1316 gg=0.3795 shape_dev=0.2501 xbar=0.3246
# AMP t=24.00 tp n=5 rho=[0.955 0.955 0.975 0.975] mag=0.06340 | ba n=0 rho=[0.000 0.000 0.000 0.000] mag=0.00000
t=   26.00 +4.16e-16 | 0.0028  2.00      5    0      0      0 | 1.6184  1.42 | 5.52e-05 1.83e-03 |   4.0625 1.0000  0.1167  1.3698 1.000  2.00 | edge_dev mean=0.1126 max=0.1316 gg=0.3643 shape_dev=0.2546 xbar=0.3247
# AMP t=26.00 tp n=5 rho=[0.954 0.955 0.971 0.971] mag=0.05940 | ba n=0 rho=[0.000 0.000 0.000 0.000] mag=0.00000
t=   28.00 +6.25e-16 | 0.0028  2.00      5    0      0      0 | 1.6212  1.20 | 8.47e-05 1.50e-03 |   4.0625 1.0000  0.1191  1.3723 1.000  2.00 | edge_dev mean=0.1154 max=0.1315 gg=0.3379 shape_dev=0.2611 xbar=0.3248
# AMP t=28.00 tp n=5 rho=[0.954 0.954 0.969 0.969] mag=0.05559 | ba n=0 rho=[0.000 0.000 0.000 0.000] mag=0.00000
t=   30.00 +4.16e-16 | 0.0028  2.00      5    0      0      0 | 1.6252  0.89 | 4.56e-05 1.16e-03 |   4.0625 1.0000  0.1231  1.3758 1.000  2.00 | edge_dev mean=0.1194 max=0.1315 gg=0.3157 shape_dev=0.2705 xbar=0.3248
# AMP t=30.00 tp n=5 rho=[0.954 0.954 0.967 0.967] mag=0.05201 | ba n=0 rho=[0.000 0.000 0.000 0.000] mag=0.00000
t=   32.00 +4.16e-16 | 0.0028  2.00      5    0      0      0 | 1.6303  0.49 | 1.01e-04 5.47e-04 |   4.0625 1.0000  0.1263  1.3805 1.000  2.00 | edge_dev mean=0.1246 max=0.1314 gg=0.2365 shape_dev=0.2827 xbar=0.3249
# AMP t=32.00 tp n=5 rho=[0.954 0.954 0.969 0.969] mag=0.04866 | ba n=0 rho=[0.000 0.000 0.000 0.000] mag=0.00000
t=   34.00 +4.16e-16 | 0.0028  2.00      5    0      0      0 | 1.6355  0.11 | 6.23e-05 9.22e-05 |   4.0625 1.0000  0.1287  1.3852 1.000  2.00 | edge_dev mean=0.1297 max=0.1314 gg=0.1275 shape_dev=0.2949 xbar=0.3250
# AMP t=34.00 tp n=5 rho=[0.954 0.954 0.970 0.970] mag=0.04552 | ba n=0 rho=[0.000 0.000 0.000 0.000] mag=0.00000
t=   36.00 +1.04e-15 | 0.0028  2.00      5    0      0      0 | 1.6374  0.01 | 9.63e-06 3.39e-06 |   4.0625 1.0000  0.1295  1.3869 1.000  2.00 | edge_dev mean=0.1316 max=0.1318 gg=0.0431 shape_dev=0.2994 xbar=0.3250
# AMP t=36.00 tp n=5 rho=[0.954 0.954 0.967 0.967] mag=0.04258 | ba n=0 rho=[0.000 0.000 0.000 0.000] mag=0.00000
t=   38.00 +1.46e-15 | 0.0028  2.00      5    0      0      0 | 1.6377  0.02 | 6.26e-07 4.19e-08 |   4.0625 1.0000  0.1296  1.3871 1.000  2.00 | edge_dev mean=0.1319 max=0.1322 gg=0.0088 shape_dev=0.3000 xbar=0.3250
# AMP t=38.00 tp n=5 rho=[0.954 0.954 0.963 0.963] mag=0.03984 | ba n=0 rho=[0.000 0.000 0.000 0.000] mag=0.00000
t=   40.00 +1.25e-15 | 0.0028  2.00      5    0      0      0 | 1.6377  0.02 | 3.33e-08 2.93e-10 |   4.0625 1.0000  0.1296  1.3871 1.000  2.00 | edge_dev mean=0.1319 max=0.1323 gg=0.0011 shape_dev=0.3000 xbar=0.3250
# AMP t=40.00 tp n=5 rho=[0.954 0.954 0.960 0.960] mag=0.03727 | ba n=0 rho=[0.000 0.000 0.000 0.000] mag=0.00000
t=   42.00 +1.67e-15 | 0.0028  2.00      5    0      0      0 | 1.6377  0.02 | 1.83e-09 1.27e-12 |   4.0625 1.0000  0.1296  1.3871 1.000  2.00 | edge_dev mean=0.1319 max=0.1323 gg=0.0001 shape_dev=0.3000 xbar=0.3250
# AMP t=42.00 tp n=5 rho=[0.954 0.954 0.960 0.960] mag=0.03486 | ba n=0 rho=[0.000 0.000 0.000 0.000] mag=0.00000
t=   44.00 +1.46e-15 | 0.0028  2.00      5    0      0      0 | 1.6377  0.02 | 1.06e-10 3.08e-15 |   4.0625 1.0000  0.1296  1.3871 1.000  2.00 | edge_dev mean=0.1319 max=0.1323 gg=0.0000 shape_dev=0.3000 xbar=0.3250
# AMP t=44.00 tp n=5 rho=[0.954 0.954 0.960 0.960] mag=0.03261 | ba n=0 rho=[0.000 0.000 0.000 0.000] mag=0.00000
t=   46.00 +1.46e-15 | 0.0028  2.00      5    0      0      0 | 1.6377  0.02 | 6.30e-12 3.42e-18 |   4.0625 1.0000  0.1296  1.3871 1.000  2.00 | edge_dev mean=0.1319 max=0.1323 gg=0.0000 shape_dev=0.3000 xbar=0.3250
# AMP t=46.00 tp n=5 rho=[0.954 0.954 0.960 0.960] mag=0.03051 | ba n=0 rho=[0.000 0.000 0.000 0.000] mag=0.00000
t=   48.00 +1.67e-15 | 0.0028  2.00      5    0      0      0 | 1.6377  0.02 | 3.79e-13 8.16e-19 |   4.0625 1.0000  0.1296  1.3871 1.000  2.00 | edge_dev mean=0.1319 max=0.1323 gg=0.0000 shape_dev=0.3000 xbar=0.3250
# AMP t=48.00 tp n=5 rho=[0.954 0.954 0.960 0.960] mag=0.02854 | ba n=0 rho=[0.000 0.000 0.000 0.000] mag=0.00000
t=   50.00 +1.67e-15 | 0.0028  2.00      5    0      0      0 | 1.6377  0.02 | 2.30e-14 1.56e-18 |   4.0625 1.0000  0.1296  1.3871 1.000  2.00 | edge_dev mean=0.1319 max=0.1323 gg=0.0000 shape_dev=0.3000 xbar=0.3250
# AMP t=50.00 tp n=5 rho=[0.954 0.954 0.960 0.960] mag=0.02670 | ba n=0 rho=[0.000 0.000 0.000 0.000] mag=0.00000
t=   52.00 +1.25e-15 | 0.0028  2.00      5    0      0      0 | 1.6377  0.02 | 1.57e-15 1.72e-18 |   4.0625 1.0000  0.1296  1.3871 1.000  2.00 | edge_dev mean=0.1319 max=0.1323 gg=0.0000 shape_dev=0.3000 xbar=0.3250
# AMP t=52.00 tp n=5 rho=[0.954 0.954 0.960 0.960] mag=0.02498 | ba n=0 rho=[0.000 0.000 0.000 0.000] mag=0.00000
t=   54.00 +1.46e-15 | 0.0028  2.00      5    0      0      0 | 1.6377  0.02 | 6.65e-16 5.55e-18 |   4.0625 1.0000  0.1296  1.3871 1.000  2.00 | edge_dev mean=0.1319 max=0.1323 gg=0.0005 shape_dev=0.3000 xbar=0.3250
# AMP t=54.00 tp n=5 rho=[0.954 0.954 0.960 0.960] mag=0.02337 | ba n=0 rho=[0.000 0.000 0.000 0.000] mag=0.00000
t=   56.00 +1.25e-15 | 0.0028  2.00      5    0      0      0 | 1.6377  0.02 | 6.60e-16 3.51e-17 |   4.0625 1.0000  0.1296  1.3871 1.000  2.00 | edge_dev mean=0.1319 max=0.1323 gg=0.0036 shape_dev=0.3000 xbar=0.3250
# AMP t=56.00 tp n=5 rho=[0.954 0.954 0.960 0.960] mag=0.02186 | ba n=0 rho=[0.000 0.000 0.000 0.000] mag=0.00000
t=   58.00 +1.46e-15 | 0.0028  2.00      5    0      0      0 | 1.6377  0.02 | 6.41e-16 1.50e-16 |   4.0625 1.0000  0.1296  1.3871 1.000  2.00 | edge_dev mean=0.1319 max=0.1323 gg=0.0171 shape_dev=0.3000 xbar=0.3250
# AMP t=58.00 tp n=5 rho=[0.954 0.954 0.960 0.960] mag=0.02045 | ba n=0 rho=[0.000 0.000 0.000 0.000] mag=0.00000
t=   60.00 +2.08e-15 | 0.0028  2.00      5    0      0      0 | 1.6377  0.02 | 6.15e-16 4.48e-16 |   4.0625 1.0000  0.1296  1.3871 1.000  2.00 | edge_dev mean=0.1319 max=0.1323 gg=0.0554 shape_dev=0.3000 xbar=0.3250
# AMP t=60.00 tp n=5 rho=[0.954 0.954 0.960 0.960] mag=0.01913 | ba n=0 rho=[0.000 0.000 0.000 0.000] mag=0.00000
t=   62.00 +1.46e-15 | 0.0028  2.00      5    0      0      0 | 1.6377  0.02 | 6.52e-16 9.73e-16 |   4.0625 1.0000  0.1296  1.3871 1.000  2.00 | edge_dev mean=0.1319 max=0.1323 gg=0.1273 shape_dev=0.3000 xbar=0.3250
# AMP t=62.00 tp n=5 rho=[0.954 0.954 0.960 0.960] mag=0.01790 | ba n=0 rho=[0.000 0.000 0.000 0.000] mag=0.00000
t=   64.00 +1.67e-15 | 0.0028  2.00      5    0      0      0 | 1.6377  0.02 | 8.01e-16 1.56e-15 |   4.0625 1.0000  0.1296  1.3871 1.000  2.00 | edge_dev mean=0.1319 max=0.1323 gg=0.2113 shape_dev=0.3000 xbar=0.3250
# AMP t=64.00 tp n=5 rho=[0.954 0.954 0.960 0.960] mag=0.01674 | ba n=0 rho=[0.000 0.000 0.000 0.000] mag=0.00000
t=   66.00 +1.87e-15 | 0.0028  2.00      5    0      0      0 | 1.6377  0.02 | 9.04e-16 1.86e-15 |   4.0625 1.0000  0.1296  1.3871 1.000  2.00 | edge_dev mean=0.1319 max=0.1323 gg=0.2562 shape_dev=0.3000 xbar=0.3250
# AMP t=66.00 tp n=5 rho=[0.954 0.954 0.960 0.960] mag=0.01566 | ba n=0 rho=[0.000 0.000 0.000 0.000] mag=0.00000
t=   68.00 +1.25e-15 | 0.0028  1.20      3    0      0      0 | 1.6377  0.02 | 1.90e-14 8.62e-14 |   4.0625 1.0000  0.1296  1.3871 0.600  1.20 | edge_dev mean=0.1319 max=0.1323 gg=0.2276 shape_dev=0.3000 xbar=0.3250
# AMP t=68.00 tp n=5 rho=[0.954 0.954 0.960 0.960] mag=0.01465 | ba n=0 rho=[0.000 0.000 0.000 0.000] mag=0.00000
t=   70.00 +1.04e-15 | 0.0028  1.20      3    0      0      0 | 1.6377  0.02 | 3.41e-14 4.28e-13 |   4.0625 1.0000  0.1296  1.3871 0.600  1.20 | edge_dev mean=0.1319 max=0.1323 gg=0.1479 shape_dev=0.3000 xbar=0.3250
# AMP t=70.00 tp n=5 rho=[0.954 0.954 0.960 0.960] mag=0.01371 | ba n=0 rho=[0.000 0.000 0.000 0.000] mag=0.00000
t=   72.00 +6.25e-16 | 0.0028  1.20      3    0      0      0 | 1.6377  0.02 | 4.54e-14 1.28e-13 |   4.0625 1.0000  0.1296  1.3871 0.600  1.20 | edge_dev mean=0.1319 max=0.1323 gg=0.0697 shape_dev=0.3000 xbar=0.3250
# AMP t=72.00 tp n=5 rho=[0.954 0.954 0.960 0.960] mag=0.01282 | ba n=0 rho=[0.000 0.000 0.000 0.000] mag=0.00000
t=   74.00 +1.25e-15 | 0.0028  1.20      3    0      0      0 | 1.6377  0.02 | 6.92e-15 3.65e-15 |   4.0625 1.0000  0.1296  1.3871 0.600  1.20 | edge_dev mean=0.1319 max=0.1323 gg=0.0236 shape_dev=0.3000 xbar=0.3250
# AMP t=74.00 tp n=5 rho=[0.954 0.954 0.960 0.960] mag=0.01199 | ba n=0 rho=[0.000 0.000 0.000 0.000] mag=0.00000
t=   76.00 +2.08e-15 | 0.0028  1.60      4    0      0      0 | 1.6376  0.02 | 7.03e-16 6.70e-17 |   4.0625 1.0000  0.1296  1.3871 1.000  1.60 | edge_dev mean=0.1319 max=0.1323 gg=0.0081 shape_dev=0.3000 xbar=0.3250
# AMP t=76.00 tp n=5 rho=[0.954 0.954 0.960 0.960] mag=0.01122 | ba n=0 rho=[0.000 0.000 0.000 0.000] mag=0.00000
t=   78.00 +1.87e-15 | 0.0028  1.60      4    0      0      0 | 1.6376  0.02 | 6.33e-16 7.78e-17 |   4.0625 1.0000  0.1296  1.3871 1.000  1.60 | edge_dev mean=0.1319 max=0.1323 gg=0.0185 shape_dev=0.3000 xbar=0.3250
# AMP t=78.00 tp n=5 rho=[0.954 0.954 0.960 0.960] mag=0.01050 | ba n=0 rho=[0.000 0.000 0.000 0.000] mag=0.00000
t=   80.00 +2.08e-15 | 0.0028  1.60      4    0      0      0 | 1.6376  0.02 | 6.35e-16 2.87e-16 |   4.0625 1.0000  0.1296  1.3871 1.000  1.60 | edge_dev mean=0.1319 max=0.1323 gg=0.0720 shape_dev=0.3000 xbar=0.3250
# AMP t=80.00 tp n=5 rho=[0.954 0.954 0.960 0.960] mag=0.00982 | ba n=0 rho=[0.000 0.000 0.000 0.000] mag=0.00000
t=   82.00 +2.91e-15 | 0.0028  1.60      4    0      0      0 | 1.6376  0.02 | 6.35e-16 6.87e-16 |   4.0625 1.0000  0.1296  1.3871 1.000  1.60 | edge_dev mean=0.1319 max=0.1323 gg=0.1866 shape_dev=0.3000 xbar=0.3250
# AMP t=82.00 tp n=5 rho=[0.954 0.954 0.960 0.960] mag=0.00919 | ba n=0 rho=[0.000 0.000 0.000 0.000] mag=0.00000
t=   84.00 +2.91e-15 | 0.0028  1.60      4    0      0      0 | 1.6376  0.02 | 6.35e-16 1.10e-15 |   4.0625 1.0000  0.1296  1.3871 1.000  1.60 | edge_dev mean=0.1319 max=0.1323 gg=0.3168 shape_dev=0.3000 xbar=0.3250
# AMP t=84.00 tp n=5 rho=[0.954 0.954 0.960 0.960] mag=0.00859 | ba n=0 rho=[0.000 0.000 0.000 0.000] mag=0.00000
t=   86.00 +3.12e-15 | 0.0028  1.60      4    0      0      0 | 1.6376  0.02 | 6.35e-16 1.20e-15 |   4.0625 1.0000  0.1296  1.3871 1.000  1.60 | edge_dev mean=0.1319 max=0.1323 gg=0.3570 shape_dev=0.3000 xbar=0.3250
# AMP t=86.00 tp n=5 rho=[0.954 0.954 0.960 0.960] mag=0.00804 | ba n=0 rho=[0.000 0.000 0.000 0.000] mag=0.00000
t=   88.00 +2.71e-15 | 0.0028  1.60      4    0      0      0 | 1.6376  0.02 | 6.35e-16 8.89e-16 |   4.0625 1.0000  0.1296  1.3871 1.000  1.60 | edge_dev mean=0.1319 max=0.1323 gg=0.2678 shape_dev=0.3000 xbar=0.3250
# AMP t=88.00 tp n=5 rho=[0.954 0.954 0.960 0.960] mag=0.00752 | ba n=0 rho=[0.000 0.000 0.000 0.000] mag=0.00000
t=   90.00 +2.71e-15 | 0.0028  1.60      4    0      0      0 | 1.6376  0.02 | 6.35e-16 4.48e-16 |   4.0625 1.0000  0.1296  1.3871 1.000  1.60 | edge_dev mean=0.1319 max=0.1323 gg=0.1327 shape_dev=0.3000 xbar=0.3250
# AMP t=90.00 tp n=5 rho=[0.954 0.954 0.960 0.960] mag=0.00703 | ba n=0 rho=[0.000 0.000 0.000 0.000] mag=0.00000
t=   92.00 +2.71e-15 | 0.0028  1.60      4    0      0      0 | 1.6376  0.02 | 6.35e-16 1.51e-16 |   4.0625 1.0000  0.1296  1.3871 1.000  1.60 | edge_dev mean=0.1319 max=0.1323 gg=0.0426 shape_dev=0.3000 xbar=0.3250
# AMP t=92.00 tp n=5 rho=[0.954 0.954 0.960 0.960] mag=0.00658 | ba n=0 rho=[0.000 0.000 0.000 0.000] mag=0.00000
t=   94.00 +2.91e-15 | 0.0028  1.60      4    0      0      0 | 1.6376  0.02 | 6.35e-16 3.30e-17 |   4.0625 1.0000  0.1296  1.3871 1.000  1.60 | edge_dev mean=0.1319 max=0.1323 gg=0.0086 shape_dev=0.3000 xbar=0.3250
# AMP t=94.00 tp n=5 rho=[0.954 0.954 0.960 0.960] mag=0.00616 | ba n=0 rho=[0.000 0.000 0.000 0.000] mag=0.00000
t=   96.00 +3.12e-15 | 0.0028  1.60      4    0      0      0 | 1.6376  0.02 | 6.35e-16 4.49e-18 |   4.0625 1.0000  0.1296  1.3871 1.000  1.60 | edge_dev mean=0.1319 max=0.1323 gg=0.0010 shape_dev=0.3000 xbar=0.3250
# AMP t=96.00 tp n=5 rho=[0.954 0.954 0.960 0.960] mag=0.00576 | ba n=0 rho=[0.000 0.000 0.000 0.000] mag=0.00000
t=   98.00 +3.54e-15 | 0.0028  1.60      4    0      0      0 | 1.6376  0.02 | 6.35e-16 3.56e-19 |   4.0625 1.0000  0.1296  1.3871 1.000  1.60 | edge_dev mean=0.1319 max=0.1323 gg=0.0001 shape_dev=0.3000 xbar=0.3250
# AMP t=98.00 tp n=5 rho=[0.954 0.954 0.960 0.960] mag=0.00539 | ba n=0 rho=[0.000 0.000 0.000 0.000] mag=0.00000
t=  100.00 +3.54e-15 | 0.0028  1.60      4    0      0      0 | 1.6376  0.02 | 6.35e-16 1.47e-20 |   4.0625 1.0000  0.1296  1.3871 1.000  1.60 | edge_dev mean=0.1319 max=0.1323 gg=0.0000 shape_dev=0.3000 xbar=0.3250
# AMP t=100.00 tp n=5 rho=[0.954 0.954 0.960 0.960] mag=0.00504 | ba n=0 rho=[0.000 0.000 0.000 0.000] mag=0.00000
t=  102.00 +3.54e-15 | 0.0028  1.60      4    0      0      0 | 1.6376  0.02 | 6.35e-16 2.72e-22 |   4.0625 1.0000  0.1296  1.3871 1.000  1.60 | edge_dev mean=0.1319 max=0.1323 gg=0.0000 shape_dev=0.3000 xbar=0.3250
# AMP t=102.00 tp n=5 rho=[0.954 0.954 0.960 0.960] mag=0.00472 | ba n=0 rho=[0.000 0.000 0.000 0.000] mag=0.00000
t=  104.00 +3.54e-15 | 0.0028  1.60      4    0      0      0 | 1.6376  0.02 | 6.35e-16 1.71e-24 |   4.0625 1.0000  0.1296  1.3871 1.000  1.60 | edge_dev mean=0.1319 max=0.1323 gg=0.0000 shape_dev=0.3000 xbar=0.3250
# AMP t=104.00 tp n=5 rho=[0.954 0.954 0.960 0.960] mag=0.00441 | ba n=0 rho=[0.000 0.000 0.000 0.000] mag=0.00000
t=  106.00 +3.54e-15 | 0.0028  1.60      4    0      0      0 | 1.6376  0.02 | 6.35e-16 2.30e-27 |   4.0625 1.0000  0.1296  1.3871 1.000  1.60 | edge_dev mean=0.1319 max=0.1323 gg=0.0000 shape_dev=0.3000 xbar=0.3250
# AMP t=106.00 tp n=5 rho=[0.954 0.954 0.960 0.960] mag=0.00413 | ba n=0 rho=[0.000 0.000 0.000 0.000] mag=0.00000
t=  108.00 +3.54e-15 | 0.0028  1.60      4    0      0      0 | 1.6376  0.02 | 6.35e-16 5.15e-27 |   4.0625 1.0000  0.1296  1.3871 1.000  1.60 | edge_dev mean=0.1319 max=0.1323 gg=0.0000 shape_dev=0.3000 xbar=0.3250
# AMP t=108.00 tp n=5 rho=[0.954 0.954 0.960 0.960] mag=0.00386 | ba n=0 rho=[0.000 0.000 0.000 0.000] mag=0.00000
t=  110.00 +3.54e-15 | 0.0028  1.60      4    0      0      0 | 1.6376  0.02 | 6.35e-16 2.21e-24 |   4.0625 1.0000  0.1296  1.3871 1.000  1.60 | edge_dev mean=0.1319 max=0.1323 gg=0.0000 shape_dev=0.3000 xbar=0.3250
# AMP t=110.00 tp n=5 rho=[0.954 0.954 0.960 0.960] mag=0.00361 | ba n=0 rho=[0.000 0.000 0.000 0.000] mag=0.00000
t=  112.00 +3.54e-15 | 0.0028  1.60      4    0      0      0 | 1.6376  0.02 | 6.35e-16 2.40e-22 |   4.0625 1.0000  0.1296  1.3871 1.000  1.60 | edge_dev mean=0.1319 max=0.1323 gg=0.0000 shape_dev=0.3000 xbar=0.3250
# AMP t=112.00 tp n=5 rho=[0.954 0.954 0.960 0.960] mag=0.00338 | ba n=0 rho=[0.000 0.000 0.000 0.000] mag=0.00000
t=  114.00 +3.75e-15 | 0.0028  1.60      4    0      0      0 | 1.6376  0.02 | 6.35e-16 1.01e-20 |   4.0625 1.0000  0.1296  1.3871 1.000  1.60 | edge_dev mean=0.1319 max=0.1323 gg=0.0000 shape_dev=0.3000 xbar=0.3250
# AMP t=114.00 tp n=5 rho=[0.954 0.954 0.960 0.960] mag=0.00316 | ba n=0 rho=[0.000 0.000 0.000 0.000] mag=0.00000
t=  116.00 +3.96e-15 | 0.0028  1.60      4    0      0      0 | 1.6376  0.02 | 6.35e-16 2.12e-19 |   4.0625 1.0000  0.1296  1.3871 1.000  1.60 | edge_dev mean=0.1319 max=0.1323 gg=0.0000 shape_dev=0.3000 xbar=0.3250
# AMP t=116.00 tp n=5 rho=[0.954 0.954 0.960 0.960] mag=0.00296 | ba n=0 rho=[0.000 0.000 0.000 0.000] mag=0.00000
t=  118.00 +4.58e-15 | 0.0028  1.60      4    0      0      0 | 1.6376  0.02 | 6.35e-16 2.50e-18 |   4.0625 1.0000  0.1296  1.3871 1.000  1.60 | edge_dev mean=0.1319 max=0.1323 gg=0.0002 shape_dev=0.3000 xbar=0.3250
# AMP t=118.00 tp n=5 rho=[0.954 0.954 0.960 0.960] mag=0.00277 | ba n=0 rho=[0.000 0.000 0.000 0.000] mag=0.00000
t=  120.00 +4.58e-15 | 0.0028  1.60      4    0      0      0 | 1.6376  0.02 | 6.31e-16 1.84e-17 |   4.0625 1.0000  0.1296  1.3871 1.000  1.60 | edge_dev mean=0.1319 max=0.1323 gg=0.0019 shape_dev=0.3000 xbar=0.3250
# AMP t=120.00 tp n=5 rho=[0.954 0.954 0.960 0.960] mag=0.00259 | ba n=0 rho=[0.000 0.000 0.000 0.000] mag=0.00000
t=  122.00 +4.58e-15 | 0.0028  1.60      4    0      0      0 | 1.6376  0.02 | 6.17e-16 9.04e-17 |   4.0625 1.0000  0.1296  1.3871 1.000  1.60 | edge_dev mean=0.1319 max=0.1323 gg=0.0101 shape_dev=0.3000 xbar=0.3250
# AMP t=122.00 tp n=5 rho=[0.954 0.954 0.960 0.960] mag=0.00242 | ba n=0 rho=[0.000 0.000 0.000 0.000] mag=0.00000
t=  124.00 +5.41e-15 | 0.0028  1.60      4    0      0      0 | 1.6376  0.02 | 5.86e-16 3.09e-16 |   4.0625 1.0000  0.1296  1.3871 1.000  1.60 | edge_dev mean=0.1319 max=0.1323 gg=0.0375 shape_dev=0.3000 xbar=0.3250
# AMP t=124.00 tp n=5 rho=[0.954 0.954 0.960 0.960] mag=0.00226 | ba n=0 rho=[0.000 0.000 0.000 0.000] mag=0.00000
t=  126.00 +5.41e-15 | 0.0028  1.60      4    0      0      0 | 1.6376  0.02 | 5.92e-16 7.55e-16 |   4.0625 1.0000  0.1296  1.3871 1.000  1.60 | edge_dev mean=0.1319 max=0.1323 gg=0.0975 shape_dev=0.3000 xbar=0.3250
# AMP t=126.00 tp n=5 rho=[0.954 0.954 0.960 0.960] mag=0.00212 | ba n=0 rho=[0.000 0.000 0.000 0.000] mag=0.00000
t=  128.00 +5.41e-15 | 0.0028  1.60      4    0      0      0 | 1.6376  0.02 | 7.03e-16 1.35e-15 |   4.0625 1.0000  0.1296  1.3871 1.000  1.60 | edge_dev mean=0.1319 max=0.1323 gg=0.1821 shape_dev=0.3000 xbar=0.3250
# AMP t=128.00 tp n=5 rho=[0.954 0.954 0.960 0.960] mag=0.00198 | ba n=0 rho=[0.000 0.000 0.000 0.000] mag=0.00000
t=  130.00 +5.83e-15 | 0.0028  1.60      4    0      0      0 | 1.6376  0.02 | 8.45e-16 1.78e-15 |   4.0625 1.0000  0.1296  1.3871 1.000  1.60 | edge_dev mean=0.1319 max=0.1323 gg=0.2477 shape_dev=0.3000 xbar=0.3250
# AMP t=130.00 tp n=5 rho=[0.954 0.954 0.960 0.960] mag=0.00185 | ba n=0 rho=[0.000 0.000 0.000 0.000] mag=0.00000
t=  132.00 +5.83e-15 | 0.0028  1.60      4    0      0      0 | 1.6376  0.02 | 8.42e-16 1.77e-15 |   4.0625 1.0000  0.1296  1.3871 1.000  1.60 | edge_dev mean=0.1319 max=0.1323 gg=0.2492 shape_dev=0.3000 xbar=0.3250
# AMP t=132.00 tp n=5 rho=[0.954 0.954 0.960 0.960] mag=0.00173 | ba n=0 rho=[0.000 0.000 0.000 0.000] mag=0.00000
t=  134.00 +5.00e-15 | 0.0028  1.60      4    0      0      0 | 1.6376  0.02 | 6.92e-16 1.31e-15 |   4.0625 1.0000  0.1296  1.3871 1.000  1.60 | edge_dev mean=0.1319 max=0.1323 gg=0.1979 shape_dev=0.3000 xbar=0.3250
# AMP t=134.00 tp n=5 rho=[0.954 0.954 0.960 0.960] mag=0.00162 | ba n=0 rho=[0.000 0.000 0.000 0.000] mag=0.00000
t=  136.00 +5.00e-15 | 0.0028  1.60      4    0      0      0 | 1.6376  0.02 | 5.87e-16 7.20e-16 |   4.0625 1.0000  0.1296  1.3871 1.000  1.60 | edge_dev mean=0.1319 max=0.1323 gg=0.1686 shape_dev=0.3000 xbar=0.3250
# AMP t=136.00 tp n=5 rho=[0.954 0.954 0.960 0.960] mag=0.00152 | ba n=0 rho=[0.000 0.000 0.000 0.000] mag=0.00000
t=  138.00 +4.58e-15 | 0.0028  1.60      4    0      0      0 | 1.6376  0.02 | 5.88e-16 6.92e-16 |   4.0625 1.0000  0.1296  1.3871 1.000  1.60 | edge_dev mean=0.1319 max=0.1323 gg=0.2250 shape_dev=0.3000 xbar=0.3250
# AMP t=138.00 tp n=5 rho=[0.954 0.954 0.960 0.960] mag=0.00142 | ba n=0 rho=[0.000 0.000 0.000 0.000] mag=0.00000
t=  140.00 +5.00e-15 | 0.0028  1.60      4    0      0      0 | 1.6376  0.02 | 6.18e-16 1.10e-15 |   4.0625 1.0000  0.1296  1.3871 1.000  1.60 | edge_dev mean=0.1319 max=0.1323 gg=0.3281 shape_dev=0.3000 xbar=0.3250
# AMP t=140.00 tp n=5 rho=[0.954 0.954 0.960 0.960] mag=0.00133 | ba n=0 rho=[0.000 0.000 0.000 0.000] mag=0.00000
t=  142.00 +5.00e-15 | 0.0028  1.60      4    0      0      0 | 1.6376  0.02 | 6.31e-16 1.20e-15 |   4.0625 1.0000  0.1296  1.3871 1.000  1.60 | edge_dev mean=0.1319 max=0.1323 gg=0.3583 shape_dev=0.3000 xbar=0.3250
# AMP t=142.00 tp n=5 rho=[0.954 0.954 0.960 0.960] mag=0.00124 | ba n=0 rho=[0.000 0.000 0.000 0.000] mag=0.00000
t=  144.00 +4.79e-15 | 0.0028  1.60      4    0      0      0 | 1.6376  0.02 | 6.35e-16 8.83e-16 |   4.0625 1.0000  0.1296  1.3871 1.000  1.60 | edge_dev mean=0.1319 max=0.1323 gg=0.2660 shape_dev=0.3000 xbar=0.3250
# AMP t=144.00 tp n=5 rho=[0.954 0.954 0.960 0.960] mag=0.00116 | ba n=0 rho=[0.000 0.000 0.000 0.000] mag=0.00000
t=  146.00 +5.41e-15 | 0.0028  1.60      4    0      0      0 | 1.6376  0.02 | 6.35e-16 4.42e-16 |   4.0625 1.0000  0.1296  1.3871 1.000  1.60 | edge_dev mean=0.1319 max=0.1323 gg=0.1309 shape_dev=0.3000 xbar=0.3250
# AMP t=146.00 tp n=5 rho=[0.954 0.954 0.960 0.960] mag=0.00109 | ba n=0 rho=[0.000 0.000 0.000 0.000] mag=0.00000
t=  148.00 +5.41e-15 | 0.0028  1.60      4    0      0      0 | 1.6376  0.02 | 6.35e-16 1.48e-16 |   4.0625 1.0000  0.1296  1.3871 1.000  1.60 | edge_dev mean=0.1319 max=0.1323 gg=0.0418 shape_dev=0.3000 xbar=0.3250
# AMP t=148.00 tp n=5 rho=[0.954 0.954 0.960 0.960] mag=0.00102 | ba n=0 rho=[0.000 0.000 0.000 0.000] mag=0.00000
t=  150.00 +5.62e-15 | 0.0028  1.60      4    0      0      0 | 1.6376  0.02 | 6.35e-16 3.22e-17 |   4.0625 1.0000  0.1296  1.3871 1.000  1.60 | edge_dev mean=0.1319 max=0.1323 gg=0.0084 shape_dev=0.3000 xbar=0.3250
# AMP t=150.00 tp n=5 rho=[0.954 0.954 0.960 0.960] mag=0.00095 | ba n=0 rho=[0.000 0.000 0.000 0.000] mag=0.00000
t=  152.00 +5.83e-15 | 0.0028  1.60      4    0      0      0 | 1.6376  0.02 | 6.35e-16 4.35e-18 |   4.0625 1.0000  0.1296  1.3871 1.000  1.60 | edge_dev mean=0.1319 max=0.1323 gg=0.0010 shape_dev=0.3000 xbar=0.3250
# AMP t=152.00 tp n=5 rho=[0.954 0.954 0.960 0.960] mag=0.00089 | ba n=0 rho=[0.000 0.000 0.000 0.000] mag=0.00000
t=  154.00 +6.04e-15 | 0.0028  1.60      4    0      0      0 | 1.6376  0.02 | 6.35e-16 3.41e-19 |   4.0625 1.0000  0.1296  1.3871 1.000  1.60 | edge_dev mean=0.1319 max=0.1323 gg=0.0001 shape_dev=0.3000 xbar=0.3250
# AMP t=154.00 tp n=5 rho=[0.954 0.954 0.960 0.960] mag=0.00083 | ba n=0 rho=[0.000 0.000 0.000 0.000] mag=0.00000
t=  156.00 +6.25e-15 | 0.0028  1.60      4    0      0      0 | 1.6376  0.02 | 6.35e-16 1.39e-20 |   4.0625 1.0000  0.1296  1.3871 1.000  1.60 | edge_dev mean=0.1319 max=0.1323 gg=0.0000 shape_dev=0.3000 xbar=0.3250
# AMP t=156.00 tp n=5 rho=[0.954 0.954 0.960 0.960] mag=0.00078 | ba n=0 rho=[0.000 0.000 0.000 0.000] mag=0.00000
t=  158.00 +6.25e-15 | 0.0028  1.60      4    0      0      0 | 1.6376  0.02 | 6.35e-16 2.53e-22 |   4.0625 1.0000  0.1296  1.3871 1.000  1.60 | edge_dev mean=0.1319 max=0.1323 gg=0.0000 shape_dev=0.3000 xbar=0.3250
# AMP t=158.00 tp n=5 rho=[0.954 0.954 0.960 0.960] mag=0.00073 | ba n=0 rho=[0.000 0.000 0.000 0.000] mag=0.00000
t=  160.00 +6.25e-15 | 0.0028  1.60      4    0      0      0 | 1.6376  0.02 | 6.35e-16 1.56e-24 |   4.0625 1.0000  0.1296  1.3871 1.000  1.60 | edge_dev mean=0.1319 max=0.1323 gg=0.0000 shape_dev=0.3000 xbar=0.3250
# AMP t=160.00 tp n=5 rho=[0.954 0.954 0.960 0.960] mag=0.00068 | ba n=0 rho=[0.000 0.000 0.000 0.000] mag=0.00000
t=  162.00 +6.25e-15 | 0.0028  1.60      4    0      0      0 | 1.6376  0.02 | 6.35e-16 2.04e-27 |   4.0625 1.0000  0.1296  1.3871 1.000  1.60 | edge_dev mean=0.1319 max=0.1323 gg=0.0000 shape_dev=0.3000 xbar=0.3250
# AMP t=162.00 tp n=5 rho=[0.954 0.954 0.960 0.960] mag=0.00064 | ba n=0 rho=[0.000 0.000 0.000 0.000] mag=0.00000
t=  164.00 +6.25e-15 | 0.0028  1.60      4    0      0      0 | 1.6376  0.02 | 6.35e-16 2.09e-31 |   4.0625 1.0000  0.1296  1.3871 1.000  1.60 | edge_dev mean=0.1319 max=0.1323 gg=0.0000 shape_dev=0.3000 xbar=0.3250
# AMP t=164.00 tp n=5 rho=[0.954 0.954 0.960 0.960] mag=0.00060 | ba n=0 rho=[0.000 0.000 0.000 0.000] mag=0.00000
t=  166.00 +6.25e-15 | 0.0028  1.60      4    0      0      0 | 1.6376  0.02 | 6.35e-16 1.68e-35 |   4.0625 1.0000  0.1296  1.3871 1.000  1.60 | edge_dev mean=0.1319 max=0.1323 gg=0.0000 shape_dev=0.3000 xbar=0.3250
# AMP t=166.00 tp n=5 rho=[0.954 0.954 0.960 0.960] mag=0.00056 | ba n=0 rho=[0.000 0.000 0.000 0.000] mag=0.00000
t=  168.00 +6.25e-15 | 0.0028  1.60      4    0      0      0 | 1.6376  0.02 | 6.35e-16 1.68e-35 |   4.0625 1.0000  0.1296  1.3871 1.000  1.60 | edge_dev mean=0.1319 max=0.1323 gg=0.0000 shape_dev=0.3000 xbar=0.3250
# AMP t=168.00 tp n=5 rho=[0.954 0.954 0.960 0.960] mag=0.00052 | ba n=0 rho=[0.000 0.000 0.000 0.000] mag=0.00000
t=  170.00 +6.25e-15 | 0.0028  1.60      4    0      0      0 | 1.6376  0.02 | 6.35e-16 2.07e-32 |   4.0625 1.0000  0.1296  1.3871 1.000  1.60 | edge_dev mean=0.1319 max=0.1323 gg=0.0000 shape_dev=0.3000 xbar=0.3250
# AMP t=170.00 tp n=5 rho=[0.954 0.954 0.960 0.960] mag=0.00049 | ba n=0 rho=[0.000 0.000 0.000 0.000] mag=0.00000
t=  172.00 +6.25e-15 | 0.0028  1.60      4    0      0      0 | 1.6376  0.02 | 6.35e-16 3.28e-28 |   4.0625 1.0000  0.1296  1.3871 1.000  1.60 | edge_dev mean=0.1319 max=0.1323 gg=0.0000 shape_dev=0.3000 xbar=0.3250
# AMP t=172.00 tp n=5 rho=[0.954 0.954 0.960 0.960] mag=0.00046 | ba n=0 rho=[0.000 0.000 0.000 0.000] mag=0.00000
t=  174.00 +6.25e-15 | 0.0028  1.60      4    0      0      0 | 1.6376  0.02 | 6.35e-16 2.82e-25 |   4.0625 1.0000  0.1296  1.3871 1.000  1.60 | edge_dev mean=0.1319 max=0.1323 gg=0.0000 shape_dev=0.3000 xbar=0.3250
# AMP t=174.00 tp n=5 rho=[0.954 0.954 0.960 0.960] mag=0.00043 | ba n=0 rho=[0.000 0.000 0.000 0.000] mag=0.00000
t=  176.00 +6.25e-15 | 0.0028  1.60      4    0      0      0 | 1.6376  0.02 | 6.35e-16 4.77e-23 |   4.0625 1.0000  0.1296  1.3871 1.000  1.60 | edge_dev mean=0.1319 max=0.1323 gg=0.0000 shape_dev=0.3000 xbar=0.3250
# AMP t=176.00 tp n=5 rho=[0.954 0.954 0.960 0.960] mag=0.00040 | ba n=0 rho=[0.000 0.000 0.000 0.000] mag=0.00000
t=  178.00 +6.25e-15 | 0.0028  1.60      4    0      0      0 | 1.6376  0.02 | 6.35e-16 2.77e-21 |   4.0625 1.0000  0.1296  1.3871 1.000  1.60 | edge_dev mean=0.1319 max=0.1323 gg=0.0000 shape_dev=0.3000 xbar=0.3250
# AMP t=178.00 tp n=5 rho=[0.954 0.954 0.960 0.960] mag=0.00037 | ba n=0 rho=[0.000 0.000 0.000 0.000] mag=0.00000
t=  180.00 +6.45e-15 | 0.0028  1.60      4    0      0      0 | 1.6376  0.02 | 6.35e-16 7.37e-20 |   4.0625 1.0000  0.1296  1.3871 1.000  1.60 | edge_dev mean=0.1319 max=0.1323 gg=0.0000 shape_dev=0.3000 xbar=0.3250
# AMP t=180.00 tp n=5 rho=[0.954 0.954 0.960 0.960] mag=0.00035 | ba n=0 rho=[0.000 0.000 0.000 0.000] mag=0.00000
t=  182.00 +6.87e-15 | 0.0028  1.60      4    0      0      0 | 1.6376  0.02 | 6.35e-16 1.06e-18 |   4.0625 1.0000  0.1296  1.3871 1.000  1.60 | edge_dev mean=0.1319 max=0.1323 gg=0.0001 shape_dev=0.3000 xbar=0.3250
# AMP t=182.00 tp n=5 rho=[0.954 0.954 0.960 0.960] mag=0.00033 | ba n=0 rho=[0.000 0.000 0.000 0.000] mag=0.00000
t=  184.00 +7.49e-15 | 0.0028  1.60      4    0      0      0 | 1.6376  0.02 | 6.33e-16 9.25e-18 |   4.0625 1.0000  0.1296  1.3871 1.000  1.60 | edge_dev mean=0.1319 max=0.1323 gg=0.0009 shape_dev=0.3000 xbar=0.3250
# AMP t=184.00 tp n=5 rho=[0.954 0.954 0.960 0.960] mag=0.00031 | ba n=0 rho=[0.000 0.000 0.000 0.000] mag=0.00000
t=  186.00 +7.29e-15 | 0.0028  1.60      4    0      0      0 | 1.6376  0.02 | 6.24e-16 5.25e-17 |   4.0625 1.0000  0.1296  1.3871 1.000  1.60 | edge_dev mean=0.1319 max=0.1323 gg=0.0059 shape_dev=0.3000 xbar=0.3250
# AMP t=186.00 tp n=5 rho=[0.954 0.954 0.960 0.960] mag=0.00029 | ba n=0 rho=[0.000 0.000 0.000 0.000] mag=0.00000
t=  188.00 +8.12e-15 | 0.0028  1.60      4    0      0      0 | 1.6376  0.02 | 5.99e-16 2.04e-16 |   4.0625 1.0000  0.1296  1.3871 1.000  1.60 | edge_dev mean=0.1319 max=0.1323 gg=0.0270 shape_dev=0.3000 xbar=0.3250
# AMP t=188.00 tp n=5 rho=[0.954 0.954 0.960 0.960] mag=0.00027 | ba n=0 rho=[0.000 0.000 0.000 0.000] mag=0.00000
t=  190.00 +8.12e-15 | 0.0028  1.60      4    0      0      0 | 1.6376  0.02 | 5.79e-16 5.63e-16 |   4.0625 1.0000  0.1296  1.3871 1.000  1.60 | edge_dev mean=0.1319 max=0.1323 gg=0.0899 shape_dev=0.3000 xbar=0.3250
# AMP t=190.00 tp n=5 rho=[0.954 0.954 0.960 0.960] mag=0.00025 | ba n=0 rho=[0.000 0.000 0.000 0.000] mag=0.00000
t=  192.00 +8.12e-15 | 0.0028  1.60      4    0      0      0 | 1.6376  0.02 | 6.45e-16 1.13e-15 |   4.0625 1.0000  0.1296  1.3871 1.000  1.60 | edge_dev mean=0.1319 max=0.1323 gg=0.2247 shape_dev=0.3000 xbar=0.3250
# AMP t=192.00 tp n=5 rho=[0.954 0.954 0.960 0.960] mag=0.00023 | ba n=0 rho=[0.000 0.000 0.000 0.000] mag=0.00000
t=  194.00 +8.33e-15 | 0.0028  1.60      4    0      0      0 | 1.6376  0.02 | 8.04e-16 1.67e-15 |   4.0625 1.0000  0.1296  1.3871 1.000  1.60 | edge_dev mean=0.1319 max=0.1323 gg=0.4200 shape_dev=0.3000 xbar=0.3250
# AMP t=194.00 tp n=5 rho=[0.954 0.954 0.960 0.960] mag=0.00022 | ba n=0 rho=[0.000 0.000 0.000 0.000] mag=0.00000
t=  196.00 +8.33e-15 | 0.0028  1.60      4    0      0      0 | 1.6376  0.02 | 8.67e-16 1.84e-15 |   4.0625 1.0000  0.1296  1.3871 1.000  1.60 | edge_dev mean=0.1319 max=0.1323 gg=0.5757 shape_dev=0.3000 xbar=0.3250
# AMP t=196.00 tp n=5 rho=[0.954 0.954 0.960 0.960] mag=0.00021 | ba n=0 rho=[0.000 0.000 0.000 0.000] mag=0.00000
t=  198.00 +7.29e-15 | 0.0028  1.60      4    0      0      0 | 1.6376  0.02 | 7.54e-16 1.52e-15 |   4.0625 1.0000  0.1296  1.3871 1.000  1.60 | edge_dev mean=0.1319 max=0.1323 gg=0.5654 shape_dev=0.3000 xbar=0.3250
# AMP t=198.00 tp n=5 rho=[0.954 0.954 0.960 0.960] mag=0.00019 | ba n=0 rho=[0.000 0.000 0.000 0.000] mag=0.00000
t=  200.00 +6.87e-15 | 0.0028  1.60      4    0      0      0 | 1.6376  0.02 | 6.07e-16 9.34e-16 |   4.0625 1.0000  0.1296  1.3871 1.000  1.60 | edge_dev mean=0.1319 max=0.1323 gg=0.3888 shape_dev=0.3000 xbar=0.3250
# AMP t=200.00 tp n=5 rho=[0.954 0.954 0.960 0.960] mag=0.00018 | ba n=0 rho=[0.000 0.000 0.000 0.000] mag=0.00000
t=  202.00 +5.62e-15 | 0.0028  1.60      4    0      0      0 | 1.6376  0.02 | 5.77e-16 4.35e-16 |   4.0625 1.0000  0.1296  1.3871 1.000  1.60 | edge_dev mean=0.1319 max=0.1323 gg=0.1830 shape_dev=0.3000 xbar=0.3250
# AMP t=202.00 tp n=5 rho=[0.954 0.954 0.960 0.960] mag=0.00017 | ba n=0 rho=[0.000 0.000 0.000 0.000] mag=0.00000
t=  204.00 +6.45e-15 | 0.0028  1.60      4    0      0      0 | 1.6376  0.02 | 6.09e-16 1.45e-16 |   4.0625 1.0000  0.1296  1.3871 1.000  1.60 | edge_dev mean=0.1319 max=0.1323 gg=0.0574 shape_dev=0.3000 xbar=0.3250
# AMP t=204.00 tp n=5 rho=[0.954 0.954 0.960 0.960] mag=0.00016 | ba n=0 rho=[0.000 0.000 0.000 0.000] mag=0.00000
t=  206.00 +6.66e-15 | 0.0028  1.60      4    0      0      0 | 1.6376  0.02 | 6.28e-16 3.25e-17 |   4.0625 1.0000  0.1296  1.3871 1.000  1.60 | edge_dev mean=0.1319 max=0.1323 gg=0.0116 shape_dev=0.3000 xbar=0.3250
# AMP t=206.00 tp n=5 rho=[0.954 0.954 0.960 0.960] mag=0.00015 | ba n=0 rho=[0.000 0.000 0.000 0.000] mag=0.00000
t=  208.00 +6.66e-15 | 0.0028  1.60      4    0      0      0 | 1.6376  0.02 | 6.34e-16 5.16e-18 |   4.0625 1.0000  0.1296  1.3871 1.000  1.60 | edge_dev mean=0.1319 max=0.1323 gg=0.0014 shape_dev=0.3000 xbar=0.3250
# AMP t=208.00 tp n=5 rho=[0.954 0.954 0.960 0.960] mag=0.00014 | ba n=0 rho=[0.000 0.000 0.000 0.000] mag=0.00000
t=  210.00 +7.49e-15 | 0.0028  1.60      4    0      0      0 | 1.6376  0.02 | 6.35e-16 5.26e-19 |   4.0625 1.0000  0.1296  1.3871 1.000  1.60 | edge_dev mean=0.1319 max=0.1323 gg=0.0001 shape_dev=0.3000 xbar=0.3250
# AMP t=210.00 tp n=5 rho=[0.954 0.954 0.960 0.960] mag=0.00013 | ba n=0 rho=[0.000 0.000 0.000 0.000] mag=0.00000
t=  212.00 +7.91e-15 | 0.0028  1.60      4    0      0      0 | 1.6376  0.02 | 6.35e-16 3.21e-20 |   4.0625 1.0000  0.1296  1.3871 1.000  1.60 | edge_dev mean=0.1319 max=0.1323 gg=0.0000 shape_dev=0.3000 xbar=0.3250
# AMP t=212.00 tp n=5 rho=[0.954 0.954 0.960 0.960] mag=0.00012 | ba n=0 rho=[0.000 0.000 0.000 0.000] mag=0.00000
t=  214.00 +8.12e-15 | 0.0028  1.60      4    0      0      0 | 1.6376  0.02 | 6.35e-16 1.03e-21 |   4.0625 1.0000  0.1296  1.3871 1.000  1.60 | edge_dev mean=0.1319 max=0.1323 gg=0.0000 shape_dev=0.3000 xbar=0.3250
# AMP t=214.00 tp n=5 rho=[0.954 0.954 0.960 0.960] mag=0.00011 | ba n=0 rho=[0.000 0.000 0.000 0.000] mag=0.00000
t=  216.00 +8.12e-15 | 0.0028  1.60      4    0      0      0 | 1.6376  0.02 | 6.35e-16 1.45e-23 |   4.0625 1.0000  0.1296  1.3871 1.000  1.60 | edge_dev mean=0.1319 max=0.1323 gg=0.0000 shape_dev=0.3000 xbar=0.3250
# AMP t=216.00 tp n=5 rho=[0.954 0.954 0.960 0.960] mag=0.00011 | ba n=0 rho=[0.000 0.000 0.000 0.000] mag=0.00000
t=  218.00 +8.12e-15 | 0.0028  1.60      4    0      0      0 | 1.6376  0.02 | 6.35e-16 6.37e-26 |   4.0625 1.0000  0.1296  1.3871 1.000  1.60 | edge_dev mean=0.1319 max=0.1323 gg=0.0000 shape_dev=0.3000 xbar=0.3250
# AMP t=218.00 tp n=5 rho=[0.954 0.954 0.960 0.960] mag=0.00010 | ba n=0 rho=[0.000 0.000 0.000 0.000] mag=0.00000
t=  220.00 +8.12e-15 | 0.0028  1.60      4    0      0      0 | 1.6376  0.02 | 6.35e-16 4.57e-29 |   4.0625 1.0000  0.1296  1.3871 1.000  1.60 | edge_dev mean=0.1319 max=0.1323 gg=0.0000 shape_dev=0.3000 xbar=0.3250
# AMP t=220.00 tp n=5 rho=[0.954 0.954 0.960 0.960] mag=0.00009 | ba n=0 rho=[0.000 0.000 0.000 0.000] mag=0.00000
t=  222.00 +8.12e-15 | 0.0028  1.60      4    0      0      0 | 1.6376  0.02 | 6.35e-16 9.71e-34 |   4.0625 1.0000  0.1296  1.3871 1.000  1.60 | edge_dev mean=0.1319 max=0.1323 gg=0.0000 shape_dev=0.3000 xbar=0.3250
# AMP t=222.00 tp n=5 rho=[0.954 0.954 0.960 0.960] mag=0.00009 | ba n=0 rho=[0.000 0.000 0.000 0.000] mag=0.00000
t=  224.00 +8.12e-15 | 0.0028  1.60      4    0      0      0 | 1.6376  0.02 | 6.35e-16 1.64e-35 |   4.0625 1.0000  0.1296  1.3871 1.000  1.60 | edge_dev mean=0.1319 max=0.1323 gg=0.0000 shape_dev=0.3000 xbar=0.3250
# AMP t=224.00 tp n=5 rho=[0.954 0.954 0.960 0.960] mag=0.00008 | ba n=0 rho=[0.000 0.000 0.000 0.000] mag=0.00000
t=  226.00 +8.12e-15 | 0.0028  1.60      4    0      0      0 | 1.6376  0.02 | 6.35e-16 1.63e-35 |   4.0625 1.0000  0.1296  1.3871 1.000  1.60 | edge_dev mean=0.1319 max=0.1323 gg=0.0000 shape_dev=0.3000 xbar=0.3250
# AMP t=226.00 tp n=5 rho=[0.954 0.954 0.960 0.960] mag=0.00008 | ba n=0 rho=[0.000 0.000 0.000 0.000] mag=0.00000
t=  228.00 +8.12e-15 | 0.0028  1.60      4    0      0      0 | 1.6376  0.02 | 6.35e-16 1.64e-35 |   4.0625 1.0000  0.1296  1.3871 1.000  1.60 | edge_dev mean=0.1319 max=0.1323 gg=0.0000 shape_dev=0.3000 xbar=0.3250
# AMP t=228.00 tp n=5 rho=[0.954 0.954 0.960 0.960] mag=0.00007 | ba n=0 rho=[0.000 0.000 0.000 0.000] mag=0.00000
t=  230.00 +8.12e-15 | 0.0028  1.60      4    0      0      0 | 1.6376  0.02 | 6.35e-16 1.39e-34 |   4.0625 1.0000  0.1296  1.3871 1.000  1.60 | edge_dev mean=0.1319 max=0.1323 gg=0.0000 shape_dev=0.3000 xbar=0.3250
# AMP t=230.00 tp n=5 rho=[0.954 0.954 0.960 0.960] mag=0.00007 | ba n=0 rho=[0.000 0.000 0.000 0.000] mag=0.00000
t=  232.00 +8.12e-15 | 0.0028  1.60      4    0      0      0 | 1.6376  0.02 | 6.35e-16 1.80e-29 |   4.0625 1.0000  0.1296  1.3871 1.000  1.60 | edge_dev mean=0.1319 max=0.1323 gg=0.0000 shape_dev=0.3000 xbar=0.3250
# AMP t=232.00 tp n=5 rho=[0.954 0.954 0.960 0.960] mag=0.00006 | ba n=0 rho=[0.000 0.000 0.000 0.000] mag=0.00000
t=  234.00 +8.12e-15 | 0.0028  1.60      4    0      0      0 | 1.6376  0.02 | 6.35e-16 5.37e-26 |   4.0625 1.0000  0.1296  1.3871 1.000  1.60 | edge_dev mean=0.1319 max=0.1323 gg=0.0000 shape_dev=0.3000 xbar=0.3250
# AMP t=234.00 tp n=5 rho=[0.954 0.954 0.960 0.960] mag=0.00006 | ba n=0 rho=[0.000 0.000 0.000 0.000] mag=0.00000
t=  236.00 +8.12e-15 | 0.0028  1.60      4    0      0      0 | 1.6376  0.02 | 6.35e-16 2.08e-23 |   4.0625 1.0000  0.1296  1.3871 1.000  1.60 | edge_dev mean=0.1319 max=0.1323 gg=0.0000 shape_dev=0.3000 xbar=0.3250
# AMP t=236.00 tp n=5 rho=[0.954 0.954 0.960 0.960] mag=0.00005 | ba n=0 rho=[0.000 0.000 0.000 0.000] mag=0.00000
t=  238.00 +8.12e-15 | 0.0028  1.60      4    0      0      0 | 1.6376  0.02 | 6.35e-16 2.11e-21 |   4.0625 1.0000  0.1296  1.3871 1.000  1.60 | edge_dev mean=0.1319 max=0.1323 gg=0.0000 shape_dev=0.3000 xbar=0.3250
# AMP t=238.00 tp n=5 rho=[0.954 0.954 0.960 0.960] mag=0.00005 | ba n=0 rho=[0.000 0.000 0.000 0.000] mag=0.00000
t=  240.00 +8.12e-15 | 0.0028  1.60      4    0      0      0 | 1.6376  0.02 | 6.35e-16 8.09e-20 |   4.0625 1.0000  0.1296  1.3871 1.000  1.60 | edge_dev mean=0.1319 max=0.1323 gg=0.0000 shape_dev=0.3000 xbar=0.3250
# AMP t=240.00 tp n=5 rho=[0.954 0.954 0.960 0.960] mag=0.00005 | ba n=0 rho=[0.000 0.000 0.000 0.000] mag=0.00000
t=  242.00 +8.33e-15 | 0.0028  1.60      4    0      0      0 | 1.6376  0.02 | 6.35e-16 1.46e-18 |   4.0625 1.0000  0.1296  1.3871 1.000  1.60 | edge_dev mean=0.1319 max=0.1323 gg=0.0003 shape_dev=0.3000 xbar=0.3250
# AMP t=242.00 tp n=5 rho=[0.954 0.954 0.960 0.960] mag=0.00004 | ba n=0 rho=[0.000 0.000 0.000 0.000] mag=0.00000
t=  244.00 +8.95e-15 | 0.0028  1.60      4    0      0      0 | 1.6376  0.02 | 6.35e-16 1.43e-17 |   4.0625 1.0000  0.1296  1.3871 1.000  1.60 | edge_dev mean=0.1319 max=0.1323 gg=0.0029 shape_dev=0.3000 xbar=0.3250
# AMP t=244.00 tp n=5 rho=[0.954 0.954 0.960 0.960] mag=0.00004 | ba n=0 rho=[0.000 0.000 0.000 0.000] mag=0.00000
t=  246.00 +9.16e-15 | 0.0028  1.60      4    0      0      0 | 1.6376  0.02 | 6.35e-16 8.20e-17 |   4.0625 1.0000  0.1296  1.3871 1.000  1.60 | edge_dev mean=0.1319 max=0.1323 gg=0.0190 shape_dev=0.3000 xbar=0.3250
# AMP t=246.00 tp n=5 rho=[0.954 0.954 0.960 0.960] mag=0.00004 | ba n=0 rho=[0.000 0.000 0.000 0.000] mag=0.00000
t=  248.00 +9.37e-15 | 0.0028  1.60      4    0      0      0 | 1.6376  0.02 | 6.34e-16 2.99e-16 |   4.0625 1.0000  0.1296  1.3871 1.000  1.60 | edge_dev mean=0.1319 max=0.1323 gg=0.0762 shape_dev=0.3000 xbar=0.3250
# AMP t=248.00 tp n=5 rho=[0.954 0.954 0.960 0.960] mag=0.00004 | ba n=0 rho=[0.000 0.000 0.000 0.000] mag=0.00000
t=  250.00 +9.16e-15 | 0.0028  1.60      4    0      0      0 | 1.6376  0.02 | 6.29e-16 7.03e-16 |   4.0625 1.0000  0.1296  1.3871 1.000  1.60 | edge_dev mean=0.1319 max=0.1323 gg=0.1959 shape_dev=0.3000 xbar=0.3250
# AMP t=250.00 tp n=5 rho=[0.954 0.954 0.960 0.960] mag=0.00003 | ba n=0 rho=[0.000 0.000 0.000 0.000] mag=0.00000
# QATOM t=250.64 dir=DF w=1.96063403 e=0.358851286575 i=3 Em=0.9982
t=  252.00 +9.16e-15 | 0.0028  2.00      5    0      0      0 | 1.6382  0.09 | 6.64e-05 4.47e-04 |   3.7036 0.9117  0.0060  1.3935 1.000  2.00 | edge_dev mean=0.1324 max=0.1352 gg=0.1729 shape_dev=0.3013 xbar=0.2963
# AMP t=252.00 tp n=5 rho=[0.914 0.953 0.954 0.954] mag=0.00093 | ba n=0 rho=[0.000 0.000 0.000 0.000] mag=0.00000
t=  254.00 +9.16e-15 | 0.0028  2.00      5    0      0      0 | 1.6421  0.38 | 4.18e-05 2.58e-05 |   3.7036 0.9117  0.0035  1.3968 1.000  2.00 | edge_dev mean=0.1363 max=0.1442 gg=0.1013 shape_dev=0.3105 xbar=0.2963
# AMP t=254.00 tp n=5 rho=[0.711 0.818 0.820 0.820] mag=0.00171 | ba n=0 rho=[0.000 0.000 0.000 0.000] mag=0.00000
t=  256.00 +8.95e-15 | 0.0028  2.00      5    0      0      0 | 1.6431  0.44 | 2.89e-06 2.03e-05 |   3.7036 0.9117  0.0025  1.3976 1.000  2.00 | edge_dev mean=0.1373 max=0.1462 gg=0.1320 shape_dev=0.3128 xbar=0.2963
# AMP t=256.00 tp n=5 rho=[0.616 0.785 0.788 0.788] mag=0.00347 | ba n=0 rho=[0.000 0.000 0.000 0.000] mag=0.00000
t=  258.00 +8.95e-15 | 0.0028  0.80      2    0      0      0 | 1.6357  0.01 | 2.61e-05 1.32e-04 |   3.7036 0.9117  0.0019  1.3973 0.400  0.80 | edge_dev mean=0.1369 max=0.1465 gg=0.2159 shape_dev=0.3120 xbar=0.2963
# AMP t=258.00 tp n=5 rho=[0.587 0.788 0.826 0.826] mag=0.00507 | ba n=0 rho=[0.000 0.000 0.000 0.000] mag=0.00000
t=  260.00 +9.37e-15 | 0.0028  0.80      2    0      0      0 | 1.5915  0.22 | 7.08e-04 3.39e-03 |   3.7036 0.9117  0.0018  1.3859 0.400  0.80 | edge_dev mean=0.1245 max=0.1542 gg=0.3226 shape_dev=0.2826 xbar=0.2961
# AMP t=260.00 tp n=5 rho=[0.587 0.788 0.886 0.886] mag=0.01232 | ba n=0 rho=[0.000 0.000 0.000 0.000] mag=0.00000
t=  262.00 +9.78e-15 | 0.0028  0.80      2    0      0      0 | 1.5388  0.19 | 9.86e-05 4.07e-03 |   3.7036 0.9117  0.0058  1.3732 0.400  0.80 | edge_dev mean=0.1105 max=0.1626 gg=0.3553 shape_dev=0.2505 xbar=0.2958
# AMP t=262.00 tp n=5 rho=[0.587 0.788 0.912 0.912] mag=0.01827 | ba n=0 rho=[0.000 0.000 0.000 0.000] mag=0.00000
t=  264.00 +9.99e-15 | 0.0028  0.80      2    0      0      0 | 1.5518  0.29 | 1.06e-04 3.39e-03 |   3.7036 0.9117  0.0027  1.3765 0.400  0.80 | edge_dev mean=0.1140 max=0.1606 gg=0.3234 shape_dev=0.2586 xbar=0.2960
# AMP t=264.00 tp n=5 rho=[0.587 0.609 0.679 0.679] mag=0.01709 | ba n=0 rho=[0.000 0.000 0.000 0.000] mag=0.00000
t=  266.00 +1.04e-14 | 0.0028  0.80      2    0      0      0 | 1.5799  0.40 | 2.15e-04 2.12e-03 |   3.7036 0.9117  0.0149  1.3836 0.400  0.80 | edge_dev mean=0.1218 max=0.1563 gg=0.2368 shape_dev=0.2764 xbar=0.2961
# AMP t=266.00 tp n=5 rho=[0.570 0.587 0.593 0.593] mag=0.01598 | ba n=0 rho=[0.000 0.000 0.000 0.000] mag=0.00000
t=  268.00 +1.06e-14 | 0.0028  0.80      2    0      0      0 | 1.6224  0.32 | 1.92e-04 4.25e-04 |   3.7036 0.9117  0.0305  1.3939 0.400  0.80 | edge_dev mean=0.1334 max=0.1493 gg=0.1079 shape_dev=0.3036 xbar=0.2963
# AMP t=268.00 tp n=5 rho=[0.570 0.587 0.608 0.608] mag=0.01495 | ba n=0 rho=[0.000 0.000 0.000 0.000] mag=0.00000
t=  270.00 +1.10e-14 | 0.0028  1.20      3    0      0      0 | 1.6371  0.05 | 2.19e-05 6.47e-06 |   3.7036 0.9117  0.0342  1.3973 0.800  1.20 | edge_dev mean=0.1373 max=0.1463 gg=0.0209 shape_dev=0.3129 xbar=0.2963
# AMP t=270.00 tp n=5 rho=[0.581 0.587 0.622 0.622] mag=0.01399 | ba n=0 rho=[0.000 0.000 0.000 0.000] mag=0.00000
t=  272.00 +1.10e-14 | 0.0028  1.20      3    0      0      0 | 1.6378  0.03 | 8.25e-07 1.92e-08 |   3.7036 0.9117  0.0345  1.3976 0.800  1.20 | edge_dev mean=0.1377 max=0.1462 gg=0.0016 shape_dev=0.3137 xbar=0.2963
# AMP t=272.00 tp n=5 rho=[0.579 0.587 0.619 0.619] mag=0.01309 | ba n=0 rho=[0.000 0.000 0.000 0.000] mag=0.00000
t=  274.00 +1.10e-14 | 0.0028  1.20      3    0      0      0 | 1.6378  0.03 | 3.31e-08 2.18e-11 |   3.7036 0.9117  0.0345  1.3976 0.800  1.20 | edge_dev mean=0.1377 max=0.1461 gg=0.0000 shape_dev=0.3137 xbar=0.2963
# AMP t=274.00 tp n=5 rho=[0.576 0.587 0.618 0.618] mag=0.01224 | ba n=0 rho=[0.000 0.000 0.000 0.000] mag=0.00000
t=  276.00 +1.08e-14 | 0.0028  1.20      3    0      0      0 | 1.6378  0.03 | 1.37e-09 7.46e-15 |   3.7036 0.9117  0.0345  1.3976 0.800  1.20 | edge_dev mean=0.1377 max=0.1461 gg=0.0000 shape_dev=0.3137 xbar=0.2963
# AMP t=276.00 tp n=5 rho=[0.576 0.587 0.617 0.617] mag=0.01145 | ba n=0 rho=[0.000 0.000 0.000 0.000] mag=0.00000
t=  278.00 +1.10e-14 | 0.0028  1.20      3    0      0      0 | 1.6378  0.03 | 5.76e-11 3.92e-19 |   3.7036 0.9117  0.0345  1.3976 0.800  1.20 | edge_dev mean=0.1377 max=0.1461 gg=0.0000 shape_dev=0.3137 xbar=0.2963
# AMP t=278.00 tp n=5 rho=[0.576 0.587 0.617 0.617] mag=0.01071 | ba n=0 rho=[0.000 0.000 0.000 0.000] mag=0.00000
t=  280.00 +1.10e-14 | 0.0028  1.20      3    0      0      0 | 1.6378  0.03 | 2.43e-12 7.71e-25 |   3.7036 0.9117  0.0345  1.3976 0.800  1.20 | edge_dev mean=0.1377 max=0.1461 gg=0.0003 shape_dev=0.3137 xbar=0.2963
# AMP t=280.00 tp n=5 rho=[0.576 0.587 0.617 0.617] mag=0.01002 | ba n=0 rho=[0.000 0.000 0.000 0.000] mag=0.00000
t=  282.00 +1.12e-14 | 0.0028  1.20      3    0      0      0 | 1.6378  0.03 | 1.03e-13 7.94e-32 |   3.7036 0.9117  0.0345  1.3976 0.800  1.20 | edge_dev mean=0.1377 max=0.1461 gg=0.0117 shape_dev=0.3137 xbar=0.2963
# AMP t=282.00 tp n=5 rho=[0.576 0.587 0.617 0.617] mag=0.00938 | ba n=0 rho=[0.000 0.000 0.000 0.000] mag=0.00000
t=  284.00 +1.12e-14 | 0.0028  1.20      3    0      0      0 | 1.6378  0.03 | 4.31e-15 3.31e-33 |   3.7036 0.9117  0.0345  1.3976 0.800  1.20 | edge_dev mean=0.1377 max=0.1461 gg=0.0929 shape_dev=0.3137 xbar=0.2963
# AMP t=284.00 tp n=5 rho=[0.576 0.587 0.617 0.617] mag=0.00877 | ba n=0 rho=[0.000 0.000 0.000 0.000] mag=0.00000
t=  286.00 +1.12e-14 | 0.0028  1.20      3    0      0      0 | 1.6378  0.03 | 7.85e-16 6.48e-34 |   3.7036 0.9117  0.0345  1.3976 0.800  1.20 | edge_dev mean=0.1377 max=0.1461 gg=0.2130 shape_dev=0.3137 xbar=0.2963
# AMP t=286.00 tp n=5 rho=[0.576 0.587 0.617 0.617] mag=0.00820 | ba n=0 rho=[0.000 0.000 0.000 0.000] mag=0.00000
t=  288.00 +1.12e-14 | 0.0028  1.20      3    0      0      0 | 1.6378  0.03 | 7.85e-16 6.49e-34 |   3.7036 0.9117  0.0345  1.3976 0.800  1.20 | edge_dev mean=0.1377 max=0.1461 gg=0.1509 shape_dev=0.3137 xbar=0.2963
# AMP t=288.00 tp n=5 rho=[0.576 0.587 0.617 0.617] mag=0.00768 | ba n=0 rho=[0.000 0.000 0.000 0.000] mag=0.00000
t=  290.00 +1.12e-14 | 0.0028  1.20      3    0      0      0 | 1.6378  0.03 | 7.85e-16 1.13e-28 |   3.7036 0.9117  0.0345  1.3976 0.800  1.20 | edge_dev mean=0.1377 max=0.1461 gg=0.0321 shape_dev=0.3137 xbar=0.2963
# AMP t=290.00 tp n=5 rho=[0.576 0.587 0.617 0.617] mag=0.00718 | ba n=0 rho=[0.000 0.000 0.000 0.000] mag=0.00000
t=  292.00 +1.12e-14 | 0.0028  1.20      3    0      0      0 | 1.6378  0.03 | 7.85e-16 3.33e-24 |   3.7036 0.9117  0.0345  1.3976 0.800  1.20 | edge_dev mean=0.1377 max=0.1461 gg=0.0018 shape_dev=0.3137 xbar=0.2963
# AMP t=292.00 tp n=5 rho=[0.576 0.587 0.617 0.617] mag=0.00672 | ba n=0 rho=[0.000 0.000 0.000 0.000] mag=0.00000
t=  294.00 +1.12e-14 | 0.0028  1.20      3    0      0      0 | 1.6378  0.03 | 7.85e-16 3.05e-21 |   3.7036 0.9117  0.0345  1.3976 0.800  1.20 | edge_dev mean=0.1377 max=0.1461 gg=0.0000 shape_dev=0.3137 xbar=0.2963
# AMP t=294.00 tp n=5 rho=[0.576 0.587 0.617 0.617] mag=0.00628 | ba n=0 rho=[0.000 0.000 0.000 0.000] mag=0.00000
t=  296.00 +1.17e-14 | 0.0028  1.20      3    0      0      0 | 1.6378  0.03 | 7.85e-16 3.76e-19 |   3.7036 0.9117  0.0345  1.3976 0.800  1.20 | edge_dev mean=0.1377 max=0.1461 gg=0.0000 shape_dev=0.3137 xbar=0.2963
# AMP t=296.00 tp n=5 rho=[0.576 0.587 0.617 0.617] mag=0.00588 | ba n=0 rho=[0.000 0.000 0.000 0.000] mag=0.00000
t=  298.00 +1.21e-14 | 0.0028  1.20      3    0      0      0 | 1.6378  0.03 | 7.83e-16 1.18e-17 |   3.7036 0.9117  0.0345  1.3976 0.800  1.20 | edge_dev mean=0.1377 max=0.1461 gg=0.0014 shape_dev=0.3137 xbar=0.2963
# AMP t=298.00 tp n=5 rho=[0.576 0.587 0.617 0.617] mag=0.00550 | ba n=0 rho=[0.000 0.000 0.000 0.000] mag=0.00000
t=  300.00 +1.21e-14 | 0.0028  1.20      3    0      0      0 | 1.6378  0.03 | 7.68e-16 1.25e-16 |   3.7036 0.9117  0.0345  1.3976 0.800  1.20 | edge_dev mean=0.1377 max=0.1461 gg=0.0191 shape_dev=0.3137 xbar=0.2963
# AMP t=300.00 tp n=5 rho=[0.576 0.587 0.617 0.617] mag=0.00514 | ba n=0 rho=[0.000 0.000 0.000 0.000] mag=0.00000
#
# RESULT drift_rel 1.207e-14
# RESULT births 0 deaths 0 beta_returns 0 beta_energy 0.000000e+00
# RESULT conv rough=0.000000 cond=0.000000 evap=0.000000 backs=0.046807 rad=0.358851
# RESULT credit qcnvD=0.523265 qcnvF=1.040384
# RESULT amp tp n=5 rho=[0.5762 0.5873 0.6169 0.6169] mag=0.005144 | ba n=0 rho=[0.0000 0.0000 0.0000 0.0000] mag=0.000000
# RESULT geometry phi_nom=0.0028 z_live=1.20 dbar=1.6378 sigma_d=0.0003
# RESULT truss edge_dev_mean=0.137673 edge_dev_max=0.146145 shape=(0.0000,0.9763,0.9781) shape0=(0.0000,0.8204,0.8204)
# EDGE 0 0-1 d=1.63855 dev=+0.13275 gg=0.0000 gpl=0.9714
# EDGE 1 1-2 d=1.63747 dev=+0.13167 gg=0.0348 gpl=0.9713
# EDGE 2 2-3 d=1.65194 dev=+0.14614 gg=0.0000 gpl=0.9111
# EDGE 3 3-4 d=1.65192 dev=+0.14613 gg=0.0000 gpl=0.9493
# EDGE 4 4-0 d=1.63747 dev=+0.13168 gg=0.0606 gpl=0.9719
