# freecell-go — v90 Go port of v89/freecell.c (exp=blob2)
# laws = laws_V2g VERBATIM (defaults): C=1 w1=1.65 w2=2.9 q_detune=1.2
# gamma_res=0.25 gamma_res_m=0.1 p_gate=8 lock_floor=0.005 k_dep=1.2 k_dep_m=2 cap=2.5
# e_s0=1 es_floor=0.05 e_cond=0 f_conv=0.25 f_evap=0.5 s_pull=0.15
# kappa_lock=1 kappa_align=0.5 s_k=0.06 s_disp=0.3 sigma_tumble=0.01
# comb_limit=6 rough_k=0.35 gamma_rough=0.5 mob_sym=1 mob_floor=0.004 field_J=1.8
# quant_A0=1.15 quant_mode=2 (A0eff=1.15)
# v91 radiance (laws_V3r candidate A): k_rad=0.05 p_rad=4 rad_clock=0
# v91 cantus (coherent-channel candidate B): k_cant=1 k_tune=0.2 cant_tau=50 cant_seed=0 cant_grow=1
# GEOMETRY (apparatus): cfac=1.15 k_rep=1 mob_geo=1 kappa_bond=1 freeze_geo=0
# bath=1 bath_frac=1 jam_sweeps=800 jam_k=0.1 L=16 dt=0.02 T=80 seed=20260802 diag_every=200
# JAM sweeps=800 max_step=1.402e-04 (tol 1.0e-04, k_end=0.0010) — witness for the settle
# SEED blob2: amp=0.5 sigma=2.2 sep=7 kx=0 tagged A=394 B=386
# INIT NC=2700 slots=25855 live=20726 phi_nom=1.6939 z_live=15.35 dbar=1.4097 sigma_d=14.77% E0=2810.973640147
#
# t | drift_rel | phi_nom z_live NLa NLd births deaths | dbar sigma_d% | maxstep maxbond | Em_tag ret com_dev rms conn z_tag | pair: d delta gf gb | core/far
t=    0.00 +0.00e+00 | 1.6939 15.35  20726    0      0      0 | 1.4097 14.77 | 0.00e+00 0.00e+00 | 117.1514 1.0000  0.0191  4.8775 1.000 15.12 | A=4.4614 B=11.5613 sepx=7.0998 tot=7.98205 EmA=59.045 EmB=58.106
# P1 t=0.00 tot=(+0.000000e+00,+0.000000e+00,+0.000000e+00) sp=+0.000e+00 fl=+0.000e+00 fd=+0.000e+00 gm=+0.000e+00 (x)
# CANT t=0.00 a_tag=0.0000 a_max=0.0000 xl_tag=0.0601 nlock=0 tune=0.000000
t=    4.00 +1.62e-16 | 1.6940 15.93  21504    4   1209   1145 | 1.4219 14.90 | 2.43e-03 8.04e-03 | 116.0332 0.9905  0.0396  4.8542 1.000 15.69 | A=4.4492 B=11.5243 sepx=7.0751 tot=7.95535 EmA=58.296 EmB=57.357
# P1 t=4.00 tot=(+1.121611e+00,-7.014110e-02,-2.961601e-02) sp=-4.449e-03 fl=+8.189e-01 fd=+0.000e+00 gm=+3.072e-01 (x)
# CANT t=4.00 a_tag=0.0387 a_max=0.0763 xl_tag=0.0595 nlock=0 tune=0.556205
t=    8.00 +1.62e-16 | 1.6940 16.13  21773   28   2014   1789 | 1.4265 14.97 | 3.46e-03 1.02e-02 | 114.9896 0.9815  0.0297  4.8643 1.000 15.93 | A=4.5183 B=11.5001 sepx=6.9818 tot=7.96593 EmA=58.119 EmB=57.139
# P1 t=8.00 tot=(+7.073375e-02,+3.597346e-01,-1.792858e+00) sp=-1.221e-02 fl=-2.886e-01 fd=+0.000e+00 gm=+3.715e-01 (x)
# CANT t=8.00 a_tag=0.0830 a_max=0.1472 xl_tag=0.0585 nlock=0 tune=3.041297
t=   12.00 +1.62e-16 | 1.6940 16.28  21973   42   2617   2305 | 1.4296 15.00 | 3.14e-03 1.14e-02 | 114.0694 0.9737  0.0464  4.8482 1.000 16.08 | A=4.5732 B=11.5397 sepx=6.9665 tot=7.98053 EmA=57.829 EmB=56.099
# P1 t=12.00 tot=(-1.186689e+00,+6.190507e-01,-3.331106e+00) sp=-2.105e-02 fl=-1.596e+00 fd=+0.000e+00 gm=+4.301e-01 (x)
# CANT t=12.00 a_tag=0.1266 a_max=0.2125 xl_tag=0.0575 nlock=0 tune=7.302058
# QATOM t=13.88 dir=DF w=2.26048891 e=0.413733180822 i=2078 Em=0.4755
t=   16.00 +1.62e-16 | 1.6940 16.40  22134   30   3134   2797 | 1.4319 15.02 | 3.06e-03 9.29e-03 | 113.0262 0.9648  0.0595  4.8541 1.000 16.15 | A=4.5826 B=11.5523 sepx=6.9697 tot=8.01076 EmA=57.174 EmB=56.276
# P1 t=16.00 tot=(-9.298843e-01,+1.164196e+00,-4.263785e+00) sp=-1.906e-02 fl=-1.473e+00 fd=+1.762e-02 gm=+5.450e-01 (x)
# CANT t=16.00 a_tag=0.1684 a_max=0.2727 xl_tag=0.0564 nlock=0 tune=13.043314
t=   20.00 +1.62e-16 | 1.6940 16.49  22263   24   3590   3236 | 1.4337 15.03 | 4.07e-03 1.14e-02 | 112.7333 0.9623  0.0807  4.8513 1.000 16.21 | A=4.6112 B=11.6031 sepx=6.9918 tot=8.03977 EmA=57.014 EmB=55.655
# P1 t=20.00 tot=(-8.122945e-01,+1.945060e+00,-4.217205e+00) sp=-1.966e-02 fl=-1.508e+00 fd=+2.555e-02 gm=+6.893e-01 (x)
# CANT t=20.00 a_tag=0.2084 a_max=0.3280 xl_tag=0.0553 nlock=0 tune=20.030591
t=   24.00 +1.62e-16 | 1.6940 16.54  22328   24   3959   3632 | 1.4349 15.06 | 3.33e-03 9.65e-03 | 112.1483 0.9573  0.0750  4.8538 1.000 16.25 | A=4.5894 B=11.5818 sepx=6.9924 tot=8.05066 EmA=56.368 EmB=55.875
# P1 t=24.00 tot=(-1.105238e+00,+2.221544e+00,-4.522344e+00) sp=-2.344e-02 fl=-1.781e+00 fd=+2.200e-02 gm=+6.768e-01 (x)
# CANT t=24.00 a_tag=0.2477 a_max=0.3788 xl_tag=0.0542 nlock=0 tune=28.088102
t=   28.00 +1.62e-16 | 1.6941 16.58  22381   25   4331   3980 | 1.4358 15.08 | 3.94e-03 1.18e-02 | 110.9513 0.9471  0.0644  4.8659 1.000 16.31 | A=4.6148 B=11.5943 sepx=6.9794 tot=8.04594 EmA=56.614 EmB=54.946
# P1 t=28.00 tot=(-6.071679e-01,+2.327007e+00,-4.934592e+00) sp=-2.100e-02 fl=-1.287e+00 fd=+6.782e-02 gm=+6.329e-01 (x)
# CANT t=28.00 a_tag=0.2856 a_max=0.4261 xl_tag=0.0530 nlock=0 tune=37.348441
t=   32.00 +1.62e-16 | 1.6941 16.63  22447   11   4677   4349 | 1.4368 15.08 | 2.33e-03 1.04e-02 | 109.7063 0.9364  0.0788  4.8496 1.000 16.33 | A=4.6109 B=11.6177 sepx=7.0068 tot=8.07481 EmA=55.175 EmB=54.279
# P1 t=32.00 tot=(-1.043685e+00,+3.053036e+00,-4.324644e+00) sp=-2.430e-02 fl=-1.805e+00 fd=+9.776e-02 gm=+6.877e-01 (x)
# CANT t=32.00 a_tag=0.3213 a_max=0.4699 xl_tag=0.0519 nlock=0 tune=47.468905
t=   36.00 +1.62e-16 | 1.6941 16.65  22481   20   5009   4651 | 1.4373 15.10 | 3.54e-03 1.52e-02 | 107.9620 0.9216  0.1138  4.8701 1.000 16.31 | A=4.5979 B=11.6500 sepx=7.0521 tot=8.10215 EmA=54.148 EmB=54.036
# P1 t=36.00 tot=(-6.014905e-01,+3.385120e+00,-3.999374e+00) sp=-2.246e-02 fl=-1.424e+00 fd=+1.338e-02 gm=+8.320e-01 (x)
# CANT t=36.00 a_tag=0.3544 a_max=0.5106 xl_tag=0.0507 nlock=14 tune=58.235224
t=   40.00 +1.62e-16 | 1.6942 16.67  22504   20   5320   4935 | 1.4376 15.09 | 3.25e-03 1.16e-02 | 106.7383 0.9111  0.1308  4.8495 1.000 16.31 | A=4.5938 B=11.6338 sepx=7.0400 tot=8.08356 EmA=52.964 EmB=53.014
# P1 t=40.00 tot=(-1.002362e+00,+3.888900e+00,-2.678503e+00) sp=-1.926e-02 fl=-1.770e+00 fd=-1.440e-01 gm=+9.309e-01 (x)
# CANT t=40.00 a_tag=0.3851 a_max=0.5464 xl_tag=0.0496 nlock=249 tune=69.671736
t=   44.00 +1.62e-16 | 1.6943 16.68  22520   14   5590   5213 | 1.4379 15.09 | 4.00e-03 1.08e-02 | 105.8254 0.9033  0.1485  4.8470 1.000 16.28 | A=4.6157 B=11.6178 sepx=7.0021 tot=8.09698 EmA=52.127 EmB=52.962
# P1 t=44.00 tot=(-4.213335e-01,+3.658418e+00,-1.476520e+00) sp=-1.791e-02 fl=-1.493e+00 fd=-2.695e-02 gm=+1.117e+00 (x)
# CANT t=44.00 a_tag=0.4144 a_max=0.5812 xl_tag=0.0484 nlock=463 tune=81.698868
t=   48.00 +1.62e-16 | 1.6943 16.70  22548   13   5873   5480 | 1.4383 15.10 | 4.13e-03 1.06e-02 | 105.3115 0.8989  0.1343  4.8533 1.000 16.33 | A=4.5910 B=11.5847 sepx=6.9937 tot=8.08416 EmA=52.175 EmB=53.284
# P1 t=48.00 tot=(-2.128048e-01,+4.527369e+00,-1.381198e+00) sp=-1.833e-02 fl=-1.363e+00 fd=-1.017e-01 gm=+1.270e+00 (x)
# CANT t=48.00 a_tag=0.4432 a_max=0.6133 xl_tag=0.0473 nlock=698 tune=94.045664
t=   52.00 +1.62e-16 | 1.6943 16.71  22564   19   6154   5733 | 1.4385 15.10 | 2.48e-03 1.20e-02 | 104.5131 0.8921  0.1461  4.8207 1.000 16.35 | A=4.6006 B=11.5596 sepx=6.9591 tot=8.08277 EmA=51.248 EmB=52.657
# P1 t=52.00 tot=(+6.836854e-02,+5.875787e+00,-8.572027e-01) sp=-2.274e-02 fl=-1.092e+00 fd=-2.072e-01 gm=+1.391e+00 (x)
# CANT t=52.00 a_tag=0.4700 a_max=0.6393 xl_tag=0.0463 nlock=898 tune=107.197123
t=   56.00 +1.62e-16 | 1.6943 16.72  22570   11   6408   5990 | 1.4386 15.10 | 4.05e-03 1.91e-02 | 103.7187 0.8853  0.1592  4.8249 1.000 16.32 | A=4.6059 B=11.5291 sepx=6.9232 tot=8.14054 EmA=50.225 EmB=54.088
# P1 t=56.00 tot=(-5.309741e-02,+7.174216e+00,-5.108001e-01) sp=-2.439e-02 fl=-1.161e+00 fd=-3.488e-01 gm=+1.481e+00 (x)
# CANT t=56.00 a_tag=0.4945 a_max=0.6642 xl_tag=0.0453 nlock=1098 tune=121.398969
t=   60.00 +1.62e-16 | 1.6943 16.73  22592   11   6684   6262 | 1.4390 15.10 | 3.64e-03 1.16e-02 | 103.1053 0.8801  0.1444  4.8076 1.000 16.35 | A=4.5955 B=11.5351 sepx=6.9396 tot=8.09745 EmA=50.461 EmB=52.725
# P1 t=60.00 tot=(+2.254739e-01,+7.001234e+00,+3.423632e-01) sp=-2.707e-02 fl=-1.023e+00 fd=-3.013e-01 gm=+1.577e+00 (x)
# CANT t=60.00 a_tag=0.5175 a_max=0.6892 xl_tag=0.0443 nlock=1241 tune=135.995715
t=   64.00 +1.62e-16 | 1.6943 16.75  22615   22   6922   6497 | 1.4393 15.10 | 3.25e-03 1.06e-02 | 102.8481 0.8779  0.1475  4.7968 1.000 16.37 | A=4.6279 B=11.4922 sepx=6.8644 tot=8.09729 EmA=50.284 EmB=53.025
# P1 t=64.00 tot=(+2.051288e-01,+6.985361e+00,+1.215360e+00) sp=-2.792e-02 fl=-1.052e+00 fd=-3.501e-01 gm=+1.635e+00 (x)
# CANT t=64.00 a_tag=0.5386 a_max=0.7127 xl_tag=0.0434 nlock=1347 tune=151.143829
t=   68.00 +1.62e-16 | 1.6944 16.77  22635   15   7194   6767 | 1.4397 15.11 | 3.64e-03 1.11e-02 | 101.6655 0.8678  0.1423  4.7973 1.000 16.39 | A=4.6432 B=11.5299 sepx=6.8867 tot=8.07844 EmA=49.873 EmB=51.355
# P1 t=68.00 tot=(+5.504868e-01,+6.684880e+00,+2.568499e+00) sp=-3.123e-02 fl=-4.951e-01 fd=-5.212e-01 gm=+1.598e+00 (x)
# CANT t=68.00 a_tag=0.5583 a_max=0.7338 xl_tag=0.0426 nlock=1448 tune=166.573502
t=   72.00 +1.62e-16 | 1.6944 16.78  22650    9   7443   7031 | 1.4399 15.11 | 4.42e-03 1.21e-02 | 101.0456 0.8625  0.1920  4.7938 1.000 16.41 | A=4.6960 B=11.5421 sepx=6.8461 tot=8.12905 EmA=49.168 EmB=51.182
# P1 t=72.00 tot=(+1.517720e+00,+7.043361e+00,+3.182505e+00) sp=-3.017e-02 fl=+5.898e-01 fd=-5.479e-01 gm=+1.506e+00 (x)
# CANT t=72.00 a_tag=0.5768 a_max=0.7524 xl_tag=0.0417 nlock=1540 tune=182.527322
t=   76.00 +1.62e-16 | 1.6945 16.81  22696    8   7702   7289 | 1.4405 15.12 | 4.19e-03 1.34e-02 | 100.4218 0.8572  0.2202  4.8032 1.000 16.44 | A=4.6952 B=11.5517 sepx=6.8565 tot=8.14296 EmA=49.007 EmB=51.683
# P1 t=76.00 tot=(+1.176365e+00,+7.996705e+00,+3.655742e+00) sp=-3.213e-02 fl=+4.651e-01 fd=-6.715e-01 gm=+1.415e+00 (x)
# CANT t=76.00 a_tag=0.5935 a_max=0.7697 xl_tag=0.0409 nlock=1616 tune=199.233772
t=   80.00 +1.62e-16 | 1.6945 16.82  22706    9   7958   7529 | 1.4407 15.12 | 4.23e-03 1.24e-02 |  99.2355 0.8471  0.1785  4.8174 1.000 16.46 | A=4.6763 B=11.5204 sepx=6.8441 tot=8.13801 EmA=48.277 EmB=51.897
# P1 t=80.00 tot=(+5.474134e-01,+9.560984e+00,+3.811319e+00) sp=-2.608e-02 fl=+3.991e-01 fd=-1.195e+00 gm=+1.370e+00 (x)
# CANT t=80.00 a_tag=0.6098 a_max=0.7865 xl_tag=0.0401 nlock=1694 tune=216.133616
#
# RESULT drift_rel 1.618e-16
# RESULT births 7958 deaths 7529 beta_returns 0 beta_energy 0.000000e+00
# RESULT conv rough=0.000000 cond=0.000000 evap=0.000000 backs=0.881680 rad=6.759544
# RESULT credit qcnvD=8.062757 qcnvF=278.702441
# RESULT cantus a_tag=0.6098 a_max=0.7865 xl_tag=0.0401 nlock=1694 tune_total=216.133616
# RESULT p1 tot=(+5.474134e-01,+9.560984e+00,+3.811319e+00) rate=(+6.842668e-03,+1.195123e-01,+4.764148e-02)
# RESULT p1x sp=-2.608192e-02 fl=+3.990643e-01 fd=-1.195085e+00 gm=+1.369516e+00
# RESULT geometry phi_nom=1.6945 z_live=16.82 dbar=1.4407 sigma_d=0.1512
# RESULT blob2 vA=0.004425 vB=0.003183 closing=0.001242 vTotalCOM=3.87e-03 sep_final=6.8441
