# freecell-go — v90 Go port of v89/freecell.c (exp=pair)
# laws = laws_V2g VERBATIM (defaults): C=1 w1=1.65 w2=2.9 q_detune=1.2
# gamma_res=0.25 gamma_res_m=0.1 p_gate=8 lock_floor=0.005 k_dep=1.2 k_dep_m=2 cap=2.5
# e_s0=1 es_floor=0.05 e_cond=0 f_conv=0.25 f_evap=0.5 s_pull=0.15
# kappa_lock=1 kappa_align=0.5 s_k=0.06 s_disp=0.3 sigma_tumble=0.01
# comb_limit=6 rough_k=0.35 gamma_rough=0.5 mob_sym=1 mob_floor=0.004 field_J=1.8
# quant_A0=1.15 quant_mode=2 (A0eff=1.15)
# v91 radiance (laws_V3r candidate A): k_rad=0.05 p_rad=4 rad_clock=0
# v91 cantus (coherent-channel candidate B): k_cant=1 k_tune=0.2 cant_tau=50 cant_seed=0 cant_grow=1
# GEOMETRY (apparatus): cfac=1.15 k_rep=1 mob_geo=1 kappa_bond=1 freeze_geo=0
# bath=0 bath_frac=1 jam_sweeps=800 jam_k=0.1 L=16 dt=0.02 T=60 seed=20260802 diag_every=100
# JAM skipped (no bath)
# SEED pair: i=0 j=1 x=0.3250/0.3250 p:q=1:1 m=1 d*=1.505798 d0=1.555798 (doff +0.0500)
# SEED pair radii r=0.8188 contact=1.6377  Em/voice=0.8125
# INIT NC=2 slots=1 live=1 phi_nom=0.0011 z_live=1.00 dbar=1.5558 sigma_d=0.00% E0=3.413043478
#
# t | drift_rel | phi_nom z_live NLa NLd births deaths | dbar sigma_d% | maxstep maxbond | Em_tag ret com_dev rms conn z_tag | pair: d delta gf gb | core/far
t=    0.00 +0.00e+00 | 0.0011  1.00      1    0      0      0 | 1.5558  0.00 | 0.00e+00 0.00e+00 |   1.6250 1.0000  0.0000  0.7779 1.000  1.00 | d=1.555798 dl=+0.0000 gf=0.0000 gb=0.0000 x=0.3250
# CANT t=0.00 a_tag=0.0000 a_max=0.0000 xl_tag=0.3250 nlock=0 tune=0.000000
t=    2.00 -2.60e-16 | 0.0011  1.00      1    0      0      0 | 1.5326  0.00 | 3.89e-05 4.13e-03 |   1.6250 1.0000  0.0079  0.7648 1.000  1.00 | d=1.532576 dl=+0.1118 gf=0.9978 gb=0.9877 x=0.3204
# CANT t=2.00 a_tag=0.0379 a_max=0.0379 xl_tag=0.3235 nlock=0 tune=0.000081
t=    4.00 +0.00e+00 | 0.0011  1.00      1    0      0      0 | 1.5350  0.00 | 6.24e-05 3.98e-03 |   1.6250 1.0000  0.0077  0.7662 1.000  1.00 | d=1.535049 dl=+0.1221 gf=0.9959 gb=0.9883 x=0.3206
# CANT t=4.00 a_tag=0.0750 a_max=0.0750 xl_tag=0.3218 nlock=0 tune=0.000446
t=    6.00 +1.30e-16 | 0.0011  1.00      1    0      0      0 | 1.5380  0.00 | 6.92e-05 3.85e-03 |   1.6250 1.0000  0.0068  0.7678 1.000  1.00 | d=1.537971 dl=+0.1343 gf=0.9945 gb=0.9867 x=0.3211
# CANT t=6.00 a_tag=0.1106 a_max=0.1106 xl_tag=0.3199 nlock=0 tune=0.000965
t=    8.00 +1.30e-16 | 0.0011  1.00      1    0      0      0 | 1.5321  0.00 | 1.31e-05 4.25e-03 |   1.6250 1.0000  0.0054  0.7645 1.000  1.00 | d=1.532082 dl=+0.1097 gf=0.9955 gb=0.9923 x=0.3214
# CANT t=8.00 a_tag=0.1449 a_max=0.1449 xl_tag=0.3183 nlock=0 tune=0.001529
t=   10.00 +2.60e-16 | 0.0011  1.00      1    0      0      0 | 1.5338  0.00 | 5.89e-05 4.04e-03 |   1.6250 1.0000  0.0044  0.7655 1.000  1.00 | d=1.533810 dl=+0.1169 gf=0.9948 gb=0.9913 x=0.3219
# CANT t=10.00 a_tag=0.1779 a_max=0.1779 xl_tag=0.3169 nlock=0 tune=0.002066
t=   12.00 +3.90e-16 | 0.0011  1.00      1    0      0      0 | 1.5367  0.00 | 6.70e-05 3.91e-03 |   1.6250 1.0000  0.0036  0.7671 1.000  1.00 | d=1.536691 dl=+0.1289 gf=0.9934 gb=0.9898 x=0.3224
# CANT t=12.00 a_tag=0.2095 a_max=0.2095 xl_tag=0.3152 nlock=0 tune=0.002532
t=   14.00 +6.51e-16 | 0.0011  1.00      1    0      0      0 | 1.5336  0.00 | 2.17e-04 4.60e-03 |   1.6250 1.0000  0.0028  0.7651 1.000  1.00 | d=1.533630 dl=+0.1161 gf=0.9940 gb=0.9925 x=0.3225
# CANT t=14.00 a_tag=0.2399 a_max=0.2399 xl_tag=0.3137 nlock=0 tune=0.002901
t=   16.00 +6.51e-16 | 0.0011  1.00      1    0      0      0 | 1.5328  0.00 | 5.30e-05 4.09e-03 |   1.6250 1.0000  0.0022  0.7650 1.000  1.00 | d=1.532846 dl=+0.1129 gf=0.9944 gb=0.9929 x=0.3228
# CANT t=16.00 a_tag=0.2692 a_max=0.2692 xl_tag=0.3125 nlock=0 tune=0.003164
t=   18.00 +5.20e-16 | 0.0011  1.00      1    0      0      0 | 1.5356  0.00 | 6.42e-05 3.96e-03 |   1.6250 1.0000  0.0018  0.7665 1.000  1.00 | d=1.535601 dl=+0.1244 gf=0.9930 gb=0.9915 x=0.3231
# CANT t=18.00 a_tag=0.2973 a_max=0.2973 xl_tag=0.3111 nlock=0 tune=0.003329
t=   20.00 +3.90e-16 | 0.0011  1.00      1    0      0      0 | 1.5387  0.00 | 7.18e-05 3.81e-03 |   1.6250 1.0000  0.0016  0.7682 1.000  1.00 | d=1.538728 dl=+0.1374 gf=0.9913 gb=0.9898 x=0.3233
# CANT t=20.00 a_tag=0.3242 a_max=0.3242 xl_tag=0.3095 nlock=0 tune=0.003411
t=   22.00 +2.60e-16 | 0.0011  1.00      1    0      0      0 | 1.5321  0.00 | 3.63e-05 4.15e-03 |   1.6250 1.0000  0.0013  0.7646 1.000  1.00 | d=1.532094 dl=+0.1097 gf=0.9943 gb=0.9937 x=0.3232
# CANT t=22.00 a_tag=0.3502 a_max=0.3502 xl_tag=0.3085 nlock=0 tune=0.003429
t=   24.00 +3.90e-16 | 0.0011  1.00      1    0      0      0 | 1.5346  0.00 | 6.21e-05 4.00e-03 |   1.6250 1.0000  0.0012  0.7659 1.000  1.00 | d=1.534554 dl=+0.1200 gf=0.9932 gb=0.9924 x=0.3233
# CANT t=24.00 a_tag=0.3751 a_max=0.3751 xl_tag=0.3073 nlock=0 tune=0.003474
t=   26.00 +5.20e-16 | 0.0011  1.00      1    0      0      0 | 1.5376  0.00 | 7.00e-05 3.86e-03 |   1.6250 1.0000  0.0011  0.7676 1.000  1.00 | d=1.537598 dl=+0.1327 gf=0.9916 gb=0.9908 x=0.3235
# CANT t=26.00 a_tag=0.3990 a_max=0.3990 xl_tag=0.3060 nlock=0 tune=0.003559
t=   28.00 +5.20e-16 | 0.0011  1.00      1    0      0      0 | 1.5319  0.00 | 2.44e-05 4.28e-03 |   1.6250 1.0000  0.0010  0.7644 1.000  1.00 | d=1.531943 dl=+0.1091 gf=0.9943 gb=0.9939 x=0.3233
# CANT t=28.00 a_tag=0.4220 a_max=0.4220 xl_tag=0.3050 nlock=0 tune=0.003674
t=   30.00 +3.90e-16 | 0.0011  1.00      1    0      0      0 | 1.5336  0.00 | 6.01e-05 4.04e-03 |   1.6250 1.0000  0.0009  0.7654 1.000  1.00 | d=1.533619 dl=+0.1161 gf=0.9935 gb=0.9930 x=0.3234
# CANT t=30.00 a_tag=0.4441 a_max=0.4441 xl_tag=0.3040 nlock=0 tune=0.003810
t=   32.00 +2.60e-16 | 0.0011  1.00      1    0      0      0 | 1.5365  0.00 | 6.67e-05 3.91e-03 |   1.6250 1.0000  0.0009  0.7670 1.000  1.00 | d=1.536506 dl=+0.1281 gf=0.9921 gb=0.9915 x=0.3235
# CANT t=32.00 a_tag=0.4654 a_max=0.4654 xl_tag=0.3029 nlock=0 tune=0.003958
t=   34.00 +2.60e-16 | 0.0011  1.00      1    0      0      0 | 1.5341  0.00 | 2.68e-04 4.68e-03 |   1.6250 1.0000  0.0009  0.7653 1.000  1.00 | d=1.534123 dl=+0.1182 gf=0.9932 gb=0.9929 x=0.3233
# CANT t=34.00 a_tag=0.4857 a_max=0.4857 xl_tag=0.3018 nlock=0 tune=0.004115
t=   36.00 +0.00e+00 | 0.0011  1.00      1    0      0      0 | 1.5327  0.00 | 5.19e-05 4.10e-03 |   1.6250 1.0000  0.0009  0.7649 1.000  1.00 | d=1.532719 dl=+0.1123 gf=0.9939 gb=0.9935 x=0.3234
# CANT t=36.00 a_tag=0.5053 a_max=0.5053 xl_tag=0.3010 nlock=2 tune=0.004280
t=   38.00 +1.30e-16 | 0.0011  1.00      1    0      0      0 | 1.5355  0.00 | 6.45e-05 3.96e-03 |   1.6250 1.0000  0.0009  0.7664 1.000  1.00 | d=1.535453 dl=+0.1237 gf=0.9926 gb=0.9921 x=0.3235
# CANT t=38.00 a_tag=0.5242 a_max=0.5242 xl_tag=0.3001 nlock=2 tune=0.004447
t=   40.00 -1.30e-16 | 0.0011  1.00      1    0      0      0 | 1.5386  0.00 | 7.19e-05 3.82e-03 |   1.6250 1.0000  0.0009  0.7681 1.000  1.00 | d=1.538569 dl=+0.1367 gf=0.9910 gb=0.9904 x=0.3236
# CANT t=40.00 a_tag=0.5422 a_max=0.5422 xl_tag=0.2989 nlock=2 tune=0.004615
t=   42.00 -1.30e-16 | 0.0011  1.00      1    0      0      0 | 1.5320  0.00 | 3.27e-05 4.16e-03 |   1.6250 1.0000  0.0009  0.7645 1.000  1.00 | d=1.532022 dl=+0.1094 gf=0.9942 gb=0.9939 x=0.3234
# CANT t=42.00 a_tag=0.5596 a_max=0.5596 xl_tag=0.2984 nlock=2 tune=0.004788
t=   44.00 +0.00e+00 | 0.0011  1.00      1    0      0      0 | 1.5344  0.00 | 6.19e-05 4.01e-03 |   1.6250 1.0000  0.0009  0.7659 1.000  1.00 | d=1.534432 dl=+0.1195 gf=0.9931 gb=0.9927 x=0.3235
# CANT t=44.00 a_tag=0.5764 a_max=0.5764 xl_tag=0.2976 nlock=2 tune=0.004961
t=   46.00 +0.00e+00 | 0.0011  1.00      1    0      0      0 | 1.5375  0.00 | 6.92e-05 3.87e-03 |   1.6250 1.0000  0.0009  0.7675 1.000  1.00 | d=1.537459 dl=+0.1321 gf=0.9916 gb=0.9910 x=0.3236
# CANT t=46.00 a_tag=0.5924 a_max=0.5924 xl_tag=0.2966 nlock=2 tune=0.005132
t=   48.00 -3.90e-16 | 0.0011  1.00      1    0      0      0 | 1.5320  0.00 | 3.94e-05 4.31e-03 |   1.6250 1.0000  0.0008  0.7644 1.000  1.00 | d=1.532032 dl=+0.1095 gf=0.9942 gb=0.9939 x=0.3233
# CANT t=48.00 a_tag=0.6078 a_max=0.6078 xl_tag=0.2960 nlock=2 tune=0.005306
t=   50.00 -5.20e-16 | 0.0011  1.00      1    0      0      0 | 1.5336  0.00 | 5.72e-05 4.05e-03 |   1.6250 1.0000  0.0008  0.7654 1.000  1.00 | d=1.533606 dl=+0.1160 gf=0.9935 gb=0.9931 x=0.3234
# CANT t=50.00 a_tag=0.6226 a_max=0.6226 xl_tag=0.2954 nlock=2 tune=0.005480
t=   52.00 -5.20e-16 | 0.0011  1.00      1    0      0      0 | 1.5365  0.00 | 6.76e-05 3.91e-03 |   1.6250 1.0000  0.0009  0.7670 1.000  1.00 | d=1.536517 dl=+0.1282 gf=0.9921 gb=0.9916 x=0.3235
# CANT t=52.00 a_tag=0.6368 a_max=0.6368 xl_tag=0.2946 nlock=2 tune=0.005652
t=   54.00 -5.20e-16 | 0.0011  1.00      1    0      0      0 | 1.5350  0.00 | 3.26e-04 4.76e-03 |   1.6250 1.0000  0.0008  0.7657 1.000  1.00 | d=1.535027 dl=+0.1220 gf=0.9927 gb=0.9925 x=0.3234
# CANT t=54.00 a_tag=0.6505 a_max=0.6505 xl_tag=0.2938 nlock=2 tune=0.005822
t=   56.00 -5.20e-16 | 0.0011  1.00      1    0      0      0 | 1.5328  0.00 | 5.14e-05 4.09e-03 |   1.6250 1.0000  0.0008  0.7650 1.000  1.00 | d=1.532785 dl=+0.1126 gf=0.9938 gb=0.9935 x=0.3234
# CANT t=56.00 a_tag=0.6636 a_max=0.6636 xl_tag=0.2934 nlock=2 tune=0.005995
t=   58.00 -7.81e-16 | 0.0011  1.00      1    0      0      0 | 1.5356  0.00 | 6.45e-05 3.96e-03 |   1.6250 1.0000  0.0008  0.7665 1.000  1.00 | d=1.535563 dl=+0.1242 gf=0.9925 gb=0.9921 x=0.3235
# CANT t=58.00 a_tag=0.6762 a_max=0.6762 xl_tag=0.2928 nlock=2 tune=0.006165
t=   60.00 -3.90e-16 | 0.0011  1.00      1    0      0      0 | 1.5387  0.00 | 7.20e-05 3.82e-03 |   1.6250 1.0000  0.0009  0.7682 1.000  1.00 | d=1.538700 dl=+0.1373 gf=0.9909 gb=0.9904 x=0.3236
# CANT t=60.00 a_tag=0.6883 a_max=0.6883 xl_tag=0.2920 nlock=2 tune=0.006331
#
# RESULT drift_rel -3.903e-16
# RESULT births 0 deaths 0 beta_returns 0 beta_energy 0.000000e+00
# RESULT conv rough=0.000000 cond=0.000000 evap=0.000000 backs=0.000000 rad=0.000000
# RESULT credit qcnvD=0.000000 qcnvF=0.095953
# RESULT cantus a_tag=0.6883 a_max=0.6883 xl_tag=0.2920 nlock=2 tune_total=0.006331
# RESULT geometry phi_nom=0.0011 z_live=1.00 dbar=1.5387 sigma_d=0.0000
# RESULT pair d_final=1.538700 d_star_seed=1.505798 d_star_live=1.505798 off_live=+0.032902 Em_i=0.59253 Em_j=0.59434
# RESULT pairflux dep_ij=8.902895e+00 dep_ji=8.901538e+00 lem_ij=2.189988e-01 lem_ji=2.191301e-01
