# cellfab — v89 cell-fabric kernel (no lattice, no prior code)
# cfg seed=20260727 mode=field init=slit
# cfg L=30 dmin=1 r0=0.85 rjit=0.06
# cfg C=1 w1=1.65 w2=2.9 q_detune=0 gamma_res=0.25 gamma_res_m=0.1 p_gate=8
# cfg lock_floor=0.005
# cfg k_dep=1.2 k_dep_m=2 cap=2.5 e_s0=1 es_floor=0.05
# cfg e_cond=0 f_conv=0.25 f_evap=0.5 s_pull=0.15
# cfg kappa_lock=1 kappa_align=0.5 kappa_freq=0 kappa_reac=0 sigma_tumble=0.01
# cfg space: s_k=0.06 s_disp=0.3 es_gx=0
# cfg dt=0.02 T=70 diag_every=250 snap_every=0
# cfg center=(-1,-1,-1) amp=0.25 sigma=2.5 k=(1.1,0,0) prealign=1 noise_amp=0
# cfg music: comb_limit=6 rough_k=0.35 gamma_rough=0.5 mob_sym=1 mob_floor=0.004
# cfg field sector: two-component signed amplitude, unitary hops, field_J=1.8
# cfg ledger: mode=3 u=1.000e-12 (cellfabi INT_LEDGER)
# cfg slit: wall_x=11.5 th=1.6 sep=9 hw=2 screen_x=23.5 src=[1.5,8.5] absorb=2 detune=8 which_path=0 tap=0.06 sigma_det=6 block=0
# cfg quantum layer: n_quanta=500 tag_rate=0 analyzer_deg=-999 t_choice=0
# action atom: A0=1.1500 (dbar=1.5072) mode=2 — eps(w)=A0*w/2pi; atoms at mode boundaries, transport continuous
# edge coloring: 30 colors for 166635 links
# slit: wall=541 screen=3242 sink=4649 recorder=0 source_cells=3340 slitA_y=10.50 slitB_y=19.50
# fabric: cells=18670 channels=166635 mean_degree=17.85 box=30 dmin=1
# LEDGER seed mode=3 u=1.000e-12 E0_int=19505000000000000 NC=18670 NL=166635
# LEDGER seed mode=3 u=1.000e-12 E0_int=19505000000000000 NC=18670 NL=166635
# t	E_space	E_dense	E_field	E_transfer	E_total	rel_drift	live_ch	cm_x	cm_y	cm_z	contain	front_r	r_core	defA	r_far	r_ratio	w_core	w_far
0.000	18670	0	835	0	19505	0.000e+00	111289	0.000	0.000	0.000	0.000	22.3311	0.8474	0	0.8497	0.9973	1.65000	1.65000	5.0034	14.9964	14.9833	0	0	0	2976.3	-7.6202	-8.1994
# CONV t=0.00 cond=0 evap=0 rough=0 back_s=0
# LEDGER t=0.000 mode=3 sum_err=0 max|E-iEu|=2.826e-16 run_max_diff=0.000e+00 run_max_sum_err=0 steps=0 E0_int=19505000000000000 sum=19505000000000000
5.000	18670	52.9328195	782.06718	0	19505	4.663e-15	111287	0.000	0.000	0.000	0.000	22.3770	0.8475	18.406	0.8497	0.9974	1.65000	1.84163	7.7679	14.9974	14.9993	0	0	0	1389.3	16.11	5.0122
# CONV t=5.00 cond=0 evap=0 rough=0 back_s=0
# LEDGER t=5.000 mode=3 sum_err=0 max|E-iEu|=5.000e-13 run_max_diff=1.498e-12 run_max_sum_err=0 steps=250 E0_int=19505000000000000 sum=19505000000000000
# QATOM t=5.12 dir=FD w=1.65 e=0.301996504517
10.000	18668.8222	97.8621107	737.429216	0.886459429	19505	5.036e-15	111271	9.755	13.662	13.465	0.000	23.1401	0.8477	38.509	0.8497	0.9977	1.65000	1.84163	8.6358	15.0148	14.9570	-0.086135	0.057705	0.018133	-157.15	-17.737	-33.342
# CONV t=10.00 cond=7.85191 evap=0 rough=0 back_s=0
# LEDGER t=10.000 mode=3 sum_err=0 max|E-iEu|=5.000e-13 run_max_diff=1.500e-12 run_max_sum_err=0 steps=500 E0_int=19505000000000000 sum=19505000000000000
# QATOM t=10.68 dir=FD w=1.65 e=0.301996504517
# QATOM t=12.80 dir=FD w=1.65 e=0.301996504517
15.000	18664.4282	159.345934	669.532178	11.6937228	19505	1.865e-15	111250	9.713	14.615	14.775	0.033	22.8890	0.8484	88.555	0.8496	0.9985	1.65000	1.84163	8.2855	14.9521	14.9132	-1.1117	0.13638	0.14469	-434.57	-34.505	-57.698
# CONV t=15.00 cond=37.1456 evap=0 rough=0 back_s=0
# LEDGER t=15.000 mode=3 sum_err=0 max|E-iEu|=5.000e-13 run_max_diff=1.500e-12 run_max_sum_err=0 steps=750 E0_int=19505000000000000 sum=19505000000000000
20.000	18663.1145	212.171649	610.508069	19.2058023	19505	3.171e-15	111213	9.579	15.383	14.553	0.031	22.3770	0.8489	113.52	0.8496	0.9992	1.65000	1.84163	8.1234	14.8380	14.9653	-0.51207	0.22807	-0.037564	-193.45	-27.204	-12.361
# CONV t=20.00 cond=45.9035 evap=0 rough=0 back_s=0
# LEDGER t=20.000 mode=3 sum_err=0 max|E-iEu|=4.999e-13 run_max_diff=1.500e-12 run_max_sum_err=0 steps=1000 E0_int=19505000000000000 sum=19505000000000000
# QATOM t=20.26 dir=FD w=1.65 e=0.301996504517
25.000	18662.2085	293.619569	524.010043	25.1618978	19505	2.798e-15	111224	9.158	14.759	14.744	0.035	23.1401	0.8488	128.23	0.8496	0.9991	1.65000	1.84163	8.6081	14.8432	14.9952	-0.71089	-0.1894	0.043941	61.482	22.12	27.677
# CONV t=25.00 cond=51.9434 evap=0 rough=0 back_s=0
# LEDGER t=25.000 mode=3 sum_err=0 max|E-iEu|=5.000e-13 run_max_diff=1.500e-12 run_max_sum_err=0 steps=1250 E0_int=19505000000000000 sum=19505000000000000
# CLICK t=28.32 x=23.91 y=16.37 z=19.79
30.000	18661.2572	369.838786	444.612538	29.2914742	19505	-1.865e-16	111227	8.689	14.810	14.702	0.032	22.3634	0.8488	139.44	0.8496	0.9991	1.65000	1.84163	9.1766	14.8609	14.9663	-0.72189	-0.42532	0.083344	109.24	16.851	23.25
# CONV t=30.00 cond=58.2853 evap=0 rough=0 back_s=0
# LEDGER t=30.000 mode=3 sum_err=0 max|E-iEu|=5.000e-13 run_max_diff=1.500e-12 run_max_sum_err=0 steps=1500 E0_int=19505000000000000 sum=19505000000000000
# CLICK t=30.18 x=23.70 y=17.12 z=12.51
# CLICK t=30.22 x=23.53 y=12.38 z=5.97
# CLICK t=31.24 x=23.69 y=22.22 z=20.19
# CLICK t=31.66 x=23.62 y=13.49 z=8.02
# CLICK t=32.52 x=23.73 y=14.54 z=21.19
# CLICK t=32.80 x=23.63 y=16.48 z=14.63
# CLICK t=32.84 x=23.78 y=13.59 z=17.36
# CLICK t=33.60 x=23.69 y=7.79 z=20.39
# CLICK t=33.68 x=23.55 y=12.45 z=17.68
# CLICK t=33.82 x=24.01 y=14.20 z=19.50
# CLICK t=34.22 x=23.52 y=15.32 z=22.81
# CLICK t=34.58 x=23.62 y=13.27 z=9.05
# CLICK t=34.86 x=23.57 y=4.82 z=15.86
# CLICK t=34.90 x=23.90 y=16.13 z=21.90
# CLICK t=34.94 x=23.71 y=15.22 z=16.88
35.000	18660.8948	421.152901	390.370006	32.582288	19505	4.849e-15	111242	8.539	14.899	14.855	0.034	22.3311	0.8492	138.05	0.8496	0.9995	1.65000	1.84163	9.4535	14.9044	14.8600	-0.65005	0.15421	-0.090126	65.223	0.68198	2.5301
# CONV t=35.00 cond=60.7013 evap=0 rough=0 back_s=0
# LEDGER t=35.000 mode=3 sum_err=0 max|E-iEu|=4.999e-13 run_max_diff=1.500e-12 run_max_sum_err=0 steps=1750 E0_int=19505000000000000 sum=19505000000000000
# CLICK t=35.12 x=23.70 y=17.12 z=12.51
# QATOM t=35.22 dir=FD w=1.65 e=0.301996504517
# CLICK t=35.28 x=23.53 y=17.24 z=10.35
# CLICK t=35.72 x=23.90 y=15.22 z=12.56
# CLICK t=36.00 x=23.91 y=16.37 z=19.79
# CLICK t=36.92 x=23.70 y=17.51 z=15.17
# CLICK t=37.12 x=23.71 y=13.36 z=12.93
# CLICK t=37.40 x=23.51 y=3.45 z=17.21
# CLICK t=37.48 x=23.95 y=12.95 z=11.11
# CLICK t=37.50 x=23.54 y=16.36 z=9.62
# CLICK t=37.94 x=23.65 y=14.33 z=13.42
# CLICK t=38.20 x=23.55 y=16.66 z=17.56
# CLICK t=38.34 x=23.52 y=8.05 z=22.63
# CLICK t=38.40 x=23.61 y=13.99 z=15.84
# CLICK t=38.50 x=24.14 y=16.17 z=12.83
40.000	18660.3965	461.214909	347.028028	36.360552	19505	0.000e+00	111195	8.355	14.994	14.789	0.029	22.3634	0.8491	138.69	0.8496	0.9995	1.65000	1.84163	9.5920	14.9406	14.8235	-0.33292	0.25961	0.086258	17.183	-1.3945	2.6477
# CONV t=40.00 cond=64.0233 evap=0 rough=0 back_s=0
# LEDGER t=40.000 mode=3 sum_err=0 max|E-iEu|=5.000e-13 run_max_diff=1.500e-12 run_max_sum_err=0 steps=2000 E0_int=19505000000000000 sum=19505000000000000
# CLICK t=40.30 x=23.52 y=25.56 z=21.78
# CLICK t=40.64 x=23.70 y=17.12 z=12.51
# CLICK t=41.06 x=23.80 y=14.45 z=10.43
# CLICK t=42.92 x=23.90 y=20.30 z=20.98
# CLICK t=43.38 x=23.57 y=11.77 z=12.35
45.000	18660.17	497.210805	306.82539	40.7937912	19505	1.679e-15	111234	8.217	14.876	14.802	0.033	22.3387	0.8488	139.76	0.8495	0.9991	1.65000	1.84163	9.7634	15.0240	14.8307	-0.39994	0.12176	0.063929	7.0597	1.6854	-11.682
# CONV t=45.00 cond=65.5332 evap=0 rough=0 back_s=0
# LEDGER t=45.000 mode=3 sum_err=0 max|E-iEu|=5.000e-13 run_max_diff=1.500e-12 run_max_sum_err=0 steps=2250 E0_int=19505000000000000 sum=19505000000000000
# CLICK t=45.14 x=23.70 y=21.59 z=15.88
# CLICK t=45.96 x=23.53 y=18.17 z=16.70
# CLICK t=46.00 x=23.72 y=6.32 z=7.46
# CLICK t=46.02 x=23.68 y=4.10 z=6.50
# CLICK t=46.20 x=23.60 y=26.21 z=14.92
# CLICK t=46.54 x=23.89 y=14.64 z=5.19
# CLICK t=47.02 x=24.12 y=14.16 z=18.33
# CLICK t=47.40 x=23.53 y=12.38 z=5.97
# CLICK t=47.80 x=23.65 y=20.51 z=27.03
# CLICK t=48.02 x=23.54 y=10.40 z=13.96
# CLICK t=48.62 x=23.64 y=15.17 z=9.35
# CLICK t=49.20 x=23.87 y=13.26 z=4.21
50.000	18659.9435	529.016897	275.248742	40.7908445	19505	2.052e-15	111236	8.249	14.864	14.694	0.037	22.0301	0.8482	138.27	0.8495	0.9984	1.65000	1.84163	9.8868	14.9757	14.8255	-0.54086	0.13996	0.10149	-4.3136	-10.658	-4.6834
# CONV t=50.00 cond=67.0432 evap=0 rough=0 back_s=0
# LEDGER t=50.000 mode=3 sum_err=0 max|E-iEu|=5.000e-13 run_max_diff=1.500e-12 run_max_sum_err=0 steps=2500 E0_int=19505000000000000 sum=19505000000000000
# CLICK t=52.02 x=23.52 y=26.50 z=22.23
# CLICK t=54.32 x=23.88 y=2.54 z=18.84
# CLICK t=54.32 x=23.58 y=26.17 z=18.42
# CLICK t=54.72 x=23.57 y=19.39 z=9.81
# shutter closed at t=55.0
55.000	18659.8076	552.194173	249.377595	43.620614	19505	7.461e-16	111253	8.071	14.981	14.381	0.037	22.0301	0.8483	136.03	0.8495	0.9986	1.65000	1.84163	10.0186	14.9120	14.8248	0.24391	-0.014599	0.075896	-7.4037	-17.91	-6.6707
# CONV t=55.00 cond=67.9492 evap=0 rough=0 back_s=0
# LEDGER t=55.000 mode=3 sum_err=0 max|E-iEu|=5.000e-13 run_max_diff=1.500e-12 run_max_sum_err=0 steps=2750 E0_int=19505000000000000 sum=19505000000000000
60.000	18659.717	573.794913	226.109432	45.3786363	19505	5.595e-16	111251	7.900	14.941	14.604	0.032	22.2886	0.8482	132.99	0.8495	0.9985	1.65000	1.84163	9.9824	14.8361	14.8430	-0.64069	0.071298	-0.033056	-45.504	-18.363	7.7993
# CONV t=60.00 cond=68.5532 evap=0 rough=0 back_s=0
# LEDGER t=60.000 mode=3 sum_err=0 max|E-iEu|=5.000e-13 run_max_diff=1.500e-12 run_max_sum_err=0 steps=3000 E0_int=19505000000000000 sum=19505000000000000
65.000	18659.5358	595.039401	203.385323	47.0394543	19505	1.306e-15	111246	8.023	14.842	14.503	0.039	21.5637	0.8480	131.78	0.8495	0.9982	1.65000	1.84163	9.9512	14.7540	14.9158	-0.12071	0.24945	0.069481	-35.288	-14.055	14.326
# CONV t=65.00 cond=69.7612 evap=0 rough=0 back_s=0
# LEDGER t=65.000 mode=3 sum_err=0 max|E-iEu|=5.000e-13 run_max_diff=1.500e-12 run_max_sum_err=0 steps=3250 E0_int=19505000000000000 sum=19505000000000000
70.000	18659.4905	612.170425	184.010423	49.3286305	19505	2.984e-15	111250	7.963	14.674	14.355	0.038	22.0868	0.8478	128.65	0.8495	0.9980	1.65000	1.84163	9.9354	14.7270	14.9124	-0.79887	0.50327	0.093616	-32.656	-4.9049	11.233
# CONV t=70.00 cond=70.0632 evap=0 rough=0 back_s=0
# LEDGER t=70.000 mode=3 sum_err=0 max|E-iEu|=5.000e-13 run_max_diff=1.500e-12 run_max_sum_err=0 steps=3500 E0_int=19505000000000000 sum=19505000000000000
# RESULT es_shells 0.94:1.0013 2.81:1.0021 4.69:1.0001 6.56:0.9970 8.44:0.9985 10.31:0.9990 12.19:1.0014 14.06:1.0072
# RESULT LEDGER mode=3 E0_int=19505000000000000 sum_int=19505000000000000 max_sum_err=0 max|E-iEu|=1.500e-12 steps=3500
# RESULT conservation E0=19505 Efinal=19505 rel_drift=2.984e-15
# RESULT roughness_radiated=0 (dissonant dense deliveries converted to field, conserved)
# RESULT curvature_fit defA_per_Em=0.19713 r2=0.7439 (linear defect ~ converted energy)
# SCREEN y_center exposure predicted_cos2 (lambda=5.712)
# SCREEN 1.88	0.5382	0.805
# SCREEN 2.62	0.9993	0.881
# SCREEN 3.38	1.2566	0.945
# SCREEN 4.12	1.0804	0.988
# SCREEN 4.88	1.6617	0.999
# SCREEN 5.62	1.2664	0.969
# SCREEN 6.38	0.8767	0.889
# SCREEN 7.12	1.2421	0.756
# SCREEN 7.88	1.7477	0.577
# SCREEN 8.62	1.9607	0.372
# SCREEN 9.38	0.8952	0.178
# SCREEN 10.12	1.5915	0.040
# SCREEN 10.88	0.9699	0.002
# SCREEN 11.62	1.1687	0.090
# SCREEN 12.38	3.0500	0.296
# SCREEN 13.12	3.2735	0.568
# SCREEN 13.88	2.0744	0.824
# SCREEN 14.62	2.7098	0.979
# SCREEN 15.38	3.6632	0.979
# SCREEN 16.12	3.5026	0.824
# SCREEN 16.88	2.9740	0.568
# SCREEN 17.62	1.8216	0.296
# SCREEN 18.38	1.4582	0.090
# SCREEN 19.12	1.3922	0.002
# SCREEN 19.88	0.4736	0.040
# SCREEN 20.62	1.4372	0.178
# SCREEN 21.38	1.4255	0.372
# SCREEN 22.12	1.2262	0.577
# SCREEN 22.88	0.7803	0.756
# SCREEN 23.62	1.1624	0.889
# SCREEN 24.38	0.5188	0.969
# SCREEN 25.12	1.1942	0.999
# SCREEN 25.88	1.9398	0.988
# SCREEN 26.62	1.3807	0.945
# SCREEN 27.38	0.4418	0.881
# SCREEN 28.12	0.3614	0.805
# RESULT fringe_visibility_central=0.461 centre_max=3.187 (n=2) first_minima=1.176 (n=6)
# RESULT fringe_visibility_wide=0.101 bright_mean=1.439 (n=14) dark_mean=1.176 (n=6)
# RESULT screen_exposure=55.5163 whichpath_record A=0.0000 B=0.0000
# claim rule: 500 quanta, each claimed whole by the first completed cycle
# QCLICK q=0 t=30.0 y=8.76 z=13.96
# QCLICK q=1 t=40.0 y=25.87 z=16.39
# QCLICK q=2 t=25.0 y=16.17 z=12.83
# QCLICK q=3 t=50.0 y=20.21 z=10.32
# QCLICK q=4 t=30.0 y=13.27 z=9.05
# QCLICK q=5 t=30.0 y=13.99 z=15.84
# QCLICK q=6 t=35.0 y=6.24 z=10.83
# QCLICK q=7 t=30.0 y=17.12 z=12.51
# QCLICK q=8 t=30.0 y=7.79 z=20.39
# QCLICK q=9 t=30.0 y=8.60 z=24.36
# QCLICK q=10 t=30.0 y=10.84 z=10.74
# QCLICK q=11 t=45.0 y=12.45 z=17.68
# QCLICK q=12 t=50.0 y=25.87 z=16.39
# QCLICK q=13 t=50.0 y=16.66 z=17.56
# QCLICK q=14 t=25.0 y=10.01 z=7.75
# QCLICK q=15 t=55.0 y=12.32 z=7.07
# QCLICK q=16 t=30.0 y=6.84 z=18.73
# QCLICK q=17 t=40.0 y=1.86 z=2.25
# QCLICK q=18 t=35.0 y=18.00 z=6.00
# QCLICK q=19 t=25.0 y=11.77 z=12.35
# QCLICK q=20 t=35.0 y=17.24 z=10.35
# QCLICK q=21 t=35.0 y=9.14 z=20.79
# QCLICK q=22 t=50.0 y=3.43 z=5.46
# QCLICK q=23 t=30.0 y=8.95 z=19.18
# QCLICK q=24 t=30.0 y=14.20 z=19.50
# QCLICK q=25 t=40.0 y=12.40 z=3.69
# QCLICK q=26 t=25.0 y=8.60 z=24.36
# QCLICK q=27 t=30.0 y=11.60 z=9.97
# QCLICK q=28 t=25.0 y=12.45 z=17.68
# QCLICK q=29 t=35.0 y=17.53 z=19.46
# QCLICK q=30 t=35.0 y=17.12 z=12.51
# QCLICK q=31 t=25.0 y=23.14 z=14.53
# QCLICK q=32 t=50.0 y=23.66 z=25.80
# QCLICK q=33 t=35.0 y=16.97 z=19.03
# QCLICK q=34 t=25.0 y=14.41 z=27.61
# QCLICK q=35 t=35.0 y=8.95 z=19.18
# QCLICK q=36 t=45.0 y=11.77 z=12.35
# QCLICK q=37 t=55.0 y=13.99 z=15.84
# QCLICK q=38 t=30.0 y=3.44 z=21.62
# QCLICK q=39 t=35.0 y=10.40 z=13.96
# QCLICK q=40 t=35.0 y=13.49 z=8.02
# QCLICK q=41 t=45.0 y=13.36 z=12.93
# QCLICK q=42 t=30.0 y=13.49 z=8.02
# QCLICK q=43 t=40.0 y=11.77 z=12.35
# QCLICK q=44 t=35.0 y=16.17 z=12.83
# QCLICK q=45 t=40.0 y=17.62 z=15.81
# QCLICK q=46 t=35.0 y=25.55 z=13.87
# QCLICK q=47 t=45.0 y=3.43 z=5.46
# QCLICK q=48 t=35.0 y=17.51 z=15.17
# QCLICK q=49 t=30.0 y=22.49 z=18.50
# QCLICK q=50 t=25.0 y=11.45 z=1.54
# QCLICK q=51 t=25.0 y=12.95 z=11.11
# QCLICK q=52 t=30.0 y=5.72 z=16.97
# QCLICK q=53 t=40.0 y=25.25 z=18.18
# QCLICK q=54 t=35.0 y=13.01 z=16.27
# QCLICK q=55 t=45.0 y=16.37 z=19.79
# QCLICK q=56 t=45.0 y=25.05 z=12.21
# QCLICK q=57 t=55.0 y=5.06 z=3.80
# QCLICK q=58 t=45.0 y=1.99 z=6.80
# QCLICK q=59 t=35.0 y=3.45 z=17.21
# QCLICK q=60 t=55.0 y=17.53 z=19.46
# QCLICK q=61 t=25.0 y=7.65 z=21.91
# QCLICK q=62 t=40.0 y=2.56 z=16.90
# QCLICK q=63 t=30.0 y=17.12 z=12.51
# QCLICK q=64 t=30.0 y=23.10 z=22.47
# QCLICK q=65 t=55.0 y=25.25 z=18.18
# QCLICK q=66 t=25.0 y=8.60 z=24.36
# QCLICK q=67 t=50.0 y=11.56 z=6.39
# QCLICK q=68 t=30.0 y=15.22 z=16.88
# QCLICK q=69 t=55.0 y=25.00 z=16.87
# QCLICK q=70 t=35.0 y=4.39 z=24.54
# QCLICK q=71 t=40.0 y=12.95 z=11.11
# QCLICK q=72 t=35.0 y=18.10 z=26.13
# QCLICK q=73 t=40.0 y=14.20 z=19.50
# QCLICK q=74 t=25.0 y=11.29 z=3.94
# QCLICK q=75 t=30.0 y=16.71 z=22.64
# QCLICK q=76 t=25.0 y=13.49 z=8.02
# QCLICK q=77 t=30.0 y=13.27 z=9.05
# QCLICK q=78 t=45.0 y=22.43 z=6.50
# QCLICK q=79 t=35.0 y=16.48 z=14.63
# QCLICK q=80 t=40.0 y=3.27 z=16.18
# QCLICK q=81 t=45.0 y=13.07 z=8.39
# QCLICK q=82 t=30.0 y=13.07 z=19.96
# QCLICK q=83 t=35.0 y=16.39 z=4.82
# QCLICK q=84 t=35.0 y=16.48 z=14.63
# QCLICK q=85 t=30.0 y=9.08 z=11.24
# QCLICK q=86 t=55.0 y=13.36 z=12.93
# QCLICK q=87 t=40.0 y=8.89 z=17.56
# QCLICK q=88 t=45.0 y=19.39 z=9.81
# QCLICK q=89 t=40.0 y=16.17 z=12.83
# QCLICK q=90 t=50.0 y=12.25 z=16.95
# QCLICK q=91 t=30.0 y=14.45 z=7.56
# QCLICK q=92 t=25.0 y=2.35 z=11.97
# QCLICK q=93 t=20.0 y=4.82 z=15.86
# QCLICK q=94 t=30.0 y=26.94 z=9.00
# QCLICK q=95 t=30.0 y=11.84 z=15.98
# QCLICK q=96 t=30.0 y=14.20 z=19.50
# QCLICK q=97 t=25.0 y=22.76 z=16.92
# QCLICK q=98 t=30.0 y=12.45 z=15.30
# QCLICK q=99 t=30.0 y=8.54 z=27.56
# QCLICK q=100 t=35.0 y=15.17 z=9.35
# QCLICK q=101 t=30.0 y=16.36 z=9.62
# QCLICK q=102 t=35.0 y=14.64 z=5.19
# QCLICK q=103 t=30.0 y=12.06 z=24.13
# QCLICK q=104 t=25.0 y=3.70 z=11.41
# QCLICK q=105 t=40.0 y=24.52 z=6.19
# QCLICK q=106 t=50.0 y=16.66 z=17.56
# QCLICK q=107 t=45.0 y=19.93 z=24.26
# QCLICK q=108 t=40.0 y=18.59 z=13.11
# QCLICK q=109 t=35.0 y=13.36 z=12.93
# QCLICK q=110 t=30.0 y=13.36 z=12.93
# QCLICK q=111 t=40.0 y=17.24 z=10.35
# QCLICK q=112 t=35.0 y=5.39 z=22.89
# QCLICK q=113 t=40.0 y=14.33 z=13.42
# QCLICK q=114 t=25.0 y=12.38 z=5.97
# QCLICK q=115 t=55.0 y=23.14 z=14.53
# QCLICK q=116 t=30.0 y=9.08 z=11.24
# QCLICK q=117 t=35.0 y=15.55 z=6.45
# QCLICK q=118 t=45.0 y=12.30 z=14.10
# QCLICK q=119 t=35.0 y=13.19 z=21.98
# QCLICK q=120 t=25.0 y=17.72 z=22.55
# QCLICK q=121 t=35.0 y=16.37 z=19.79
# QCLICK q=122 t=55.0 y=21.01 z=13.66
# QCLICK q=123 t=30.0 y=5.37 z=22.01
# QCLICK q=124 t=40.0 y=15.17 z=9.35
# QCLICK q=125 t=25.0 y=15.56 z=18.97
# QCLICK q=126 t=35.0 y=26.14 z=7.53
# QCLICK q=127 t=30.0 y=13.59 z=17.36
# QCLICK q=128 t=20.0 y=16.45 z=27.19
# QCLICK q=129 t=40.0 y=12.45 z=15.30
# QCLICK q=130 t=25.0 y=15.79 z=13.83
# QCLICK q=131 t=25.0 y=12.12 z=21.78
# QCLICK q=132 t=30.0 y=12.45 z=17.68
# QCLICK q=133 t=35.0 y=27.02 z=24.50
# QCLICK q=134 t=35.0 y=20.91 z=17.82
# QCLICK q=135 t=30.0 y=21.59 z=15.88
# QCLICK q=136 t=35.0 y=14.33 z=13.42
# QCLICK q=137 t=35.0 y=25.79 z=9.02
# QCLICK q=138 t=45.0 y=11.13 z=12.05
# QCLICK q=139 t=30.0 y=19.37 z=19.61
# QCLICK q=140 t=50.0 y=6.78 z=11.57
# QCLICK q=141 t=35.0 y=16.01 z=16.55
# QCLICK q=142 t=35.0 y=13.25 z=10.15
# QCLICK q=143 t=50.0 y=23.60 z=19.64
# QCLICK q=144 t=40.0 y=15.22 z=12.56
# QCLICK q=145 t=30.0 y=15.57 z=21.18
# QCLICK q=146 t=25.0 y=18.10 z=26.13
# QCLICK q=147 t=45.0 y=19.58 z=27.32
# QCLICK q=148 t=35.0 y=12.19 z=8.73
# QCLICK q=149 t=45.0 y=16.61 z=13.22
# QCLICK q=150 t=30.0 y=13.36 z=12.93
# QCLICK q=151 t=35.0 y=8.96 z=2.81
# QCLICK q=152 t=40.0 y=7.79 z=23.68
# QCLICK q=153 t=45.0 y=5.75 z=11.28
# QCLICK q=154 t=25.0 y=8.91 z=6.27
# QCLICK q=155 t=30.0 y=23.14 z=14.53
# QCLICK q=156 t=35.0 y=17.46 z=21.41
# QCLICK q=157 t=50.0 y=7.78 z=16.92
# QCLICK q=158 t=45.0 y=17.24 z=10.35
# QCLICK q=159 t=50.0 y=18.59 z=13.11
# QCLICK q=160 t=25.0 y=10.01 z=7.75
# QCLICK q=161 t=30.0 y=20.30 z=20.98
# QCLICK q=162 t=40.0 y=25.56 z=21.78
# QCLICK q=163 t=45.0 y=17.12 z=12.51
# QCLICK q=164 t=20.0 y=21.52 z=26.28
# QCLICK q=165 t=30.0 y=16.37 z=19.79
# QCLICK q=166 t=35.0 y=27.70 z=13.91
# QCLICK q=167 t=55.0 y=12.76 z=23.27
# QCLICK q=168 t=25.0 y=18.10 z=26.13
# QCLICK q=169 t=40.0 y=13.26 z=4.21
# QCLICK q=170 t=35.0 y=15.52 z=8.45
# QCLICK q=171 t=25.0 y=12.99 z=25.02
# QCLICK q=172 t=30.0 y=12.32 z=7.07
# QCLICK q=173 t=35.0 y=3.64 z=17.85
# QCLICK q=174 t=40.0 y=8.91 z=6.27
# QCLICK q=175 t=55.0 y=10.67 z=21.29
# QCLICK q=176 t=30.0 y=18.56 z=5.12
# QCLICK q=177 t=35.0 y=3.45 z=17.21
# QCLICK q=178 t=40.0 y=24.19 z=23.36
# QCLICK q=179 t=30.0 y=10.84 z=10.74
# QCLICK q=180 t=45.0 y=5.40 z=6.96
# QCLICK q=181 t=35.0 y=12.91 z=18.27
# QCLICK q=182 t=50.0 y=14.41 z=16.60
# QCLICK q=183 t=30.0 y=22.22 z=20.19
# QCLICK q=184 t=30.0 y=15.04 z=22.14
# QCLICK q=185 t=50.0 y=12.07 z=13.13
# QCLICK q=186 t=25.0 y=24.66 z=9.96
# QCLICK q=187 t=45.0 y=18.90 z=10.83
# QCLICK q=188 t=45.0 y=4.79 z=8.29
# QCLICK q=189 t=50.0 y=17.12 z=12.51
# QCLICK q=190 t=50.0 y=27.65 z=27.33
# QCLICK q=191 t=35.0 y=13.36 z=12.93
# QCLICK q=192 t=25.0 y=21.59 z=15.88
# QCLICK q=193 t=30.0 y=22.22 z=20.19
# QCLICK q=194 t=40.0 y=26.50 z=22.23
# QCLICK q=195 t=25.0 y=10.33 z=18.00
# QCLICK q=196 t=40.0 y=13.25 z=10.15
# QCLICK q=197 t=50.0 y=8.05 z=22.63
# QCLICK q=198 t=45.0 y=11.43 z=17.64
# QCLICK q=199 t=30.0 y=12.45 z=17.68
# QCLICK q=200 t=40.0 y=25.56 z=21.78
# QCLICK q=201 t=45.0 y=23.60 z=19.64
# QCLICK q=202 t=30.0 y=14.41 z=16.60
# QCLICK q=203 t=50.0 y=3.45 z=17.21
# QCLICK q=204 t=50.0 y=21.01 z=13.66
# QCLICK q=205 t=35.0 y=14.66 z=14.40
# QCLICK q=206 t=45.0 y=12.87 z=13.13
# QCLICK q=207 t=40.0 y=8.89 z=17.56
# QCLICK q=208 t=35.0 y=1.76 z=15.99
# QCLICK q=209 t=30.0 y=19.04 z=23.25
# QCLICK q=210 t=30.0 y=5.38 z=18.98
# QCLICK q=211 t=35.0 y=15.22 z=16.88
# QCLICK q=212 t=40.0 y=11.24 z=5.35
# QCLICK q=213 t=45.0 y=24.39 z=13.98
# QCLICK q=214 t=25.0 y=5.84 z=19.97
# QCLICK q=215 t=30.0 y=16.59 z=8.18
# QCLICK q=216 t=55.0 y=14.33 z=13.42
# QCLICK q=217 t=30.0 y=7.78 z=16.92
# QCLICK q=218 t=55.0 y=24.78 z=25.56
# QCLICK q=219 t=25.0 y=13.25 z=10.15
# QCLICK q=220 t=50.0 y=5.00 z=8.01
# QCLICK q=221 t=35.0 y=26.50 z=22.23
# QCLICK q=222 t=40.0 y=16.17 z=12.83
# QCLICK q=223 t=30.0 y=22.41 z=10.78
# QCLICK q=224 t=30.0 y=7.78 z=16.92
# QCLICK q=225 t=30.0 y=25.56 z=21.78
# QCLICK q=226 t=50.0 y=18.17 z=16.70
# QCLICK q=227 t=25.0 y=23.44 z=7.73
# QCLICK q=228 t=50.0 y=17.24 z=10.35
# QCLICK q=229 t=50.0 y=12.38 z=5.97
# QCLICK q=230 t=25.0 y=24.78 z=25.56
# QCLICK q=231 t=50.0 y=21.59 z=15.88
# QCLICK q=232 t=40.0 y=5.39 z=23.67
# QCLICK q=233 t=30.0 y=15.52 z=8.45
# QCLICK q=234 t=35.0 y=17.51 z=15.17
# QCLICK q=235 t=35.0 y=14.41 z=16.60
# QCLICK q=236 t=45.0 y=4.82 z=15.86
# QCLICK q=237 t=25.0 y=16.37 z=19.79
# QCLICK q=238 t=30.0 y=6.32 z=7.46
# QCLICK q=239 t=35.0 y=2.72 z=9.30
# QCLICK q=240 t=50.0 y=7.79 z=20.39
# QCLICK q=241 t=45.0 y=26.21 z=14.92
# QCLICK q=242 t=25.0 y=3.84 z=14.87
# QCLICK q=243 t=20.0 y=8.05 z=22.63
# QCLICK q=244 t=35.0 y=16.53 z=15.64
# QCLICK q=245 t=35.0 y=15.22 z=12.56
# QCLICK q=246 t=35.0 y=6.24 z=15.80
# QCLICK q=247 t=35.0 y=8.57 z=8.34
# QCLICK q=248 t=30.0 y=19.39 z=9.81
# QCLICK q=249 t=40.0 y=17.24 z=10.35
# QCLICK q=250 t=35.0 y=19.37 z=19.61
# QCLICK q=251 t=30.0 y=20.30 z=20.98
# QCLICK q=252 t=40.0 y=4.74 z=9.97
# QCLICK q=253 t=35.0 y=5.75 z=11.28
# QCLICK q=254 t=55.0 y=27.57 z=20.41
# QCLICK q=255 t=45.0 y=8.76 z=13.96
# QCLICK q=256 t=35.0 y=16.37 z=19.79
# QCLICK q=257 t=25.0 y=15.10 z=4.09
# QCLICK q=258 t=50.0 y=8.91 z=7.29
# QCLICK q=259 t=30.0 y=16.17 z=12.83
# QCLICK q=260 t=35.0 y=12.45 z=15.30
# QCLICK q=261 t=30.0 y=20.30 z=20.98
# QCLICK q=262 t=35.0 y=17.51 z=15.17
# QCLICK q=263 t=30.0 y=5.39 z=23.67
# QCLICK q=264 t=35.0 y=8.76 z=13.96
# QCLICK q=265 t=35.0 y=13.36 z=12.93
# QCLICK q=266 t=35.0 y=13.99 z=15.84
# QCLICK q=267 t=30.0 y=15.22 z=17.89
# QCLICK q=268 t=30.0 y=17.12 z=12.51
# QCLICK q=269 t=45.0 y=21.99 z=24.20
# QCLICK q=270 t=45.0 y=25.87 z=16.39
# QCLICK q=271 t=45.0 y=11.77 z=12.35
# QCLICK q=272 t=35.0 y=12.32 z=7.07
# QCLICK q=273 t=45.0 y=16.28 z=25.73
# QCLICK q=274 t=45.0 y=26.21 z=14.92
# QCLICK q=275 t=30.0 y=10.15 z=12.71
# QCLICK q=276 t=50.0 y=15.42 z=15.29
# QCLICK q=277 t=20.0 y=15.55 z=6.45
# QCLICK q=278 t=30.0 y=26.21 z=14.92
# QCLICK q=279 t=25.0 y=15.42 z=15.29
# QCLICK q=280 t=40.0 y=13.26 z=4.21
# QCLICK q=281 t=40.0 y=13.49 z=8.02
# QCLICK q=282 t=40.0 y=14.54 z=21.19
# QCLICK q=283 t=45.0 y=19.04 z=23.25
# QCLICK q=284 t=30.0 y=26.21 z=14.92
# QCLICK q=285 t=35.0 y=13.59 z=17.36
# QCLICK q=286 t=35.0 y=13.07 z=19.96
# QCLICK q=287 t=45.0 y=11.18 z=22.27
# QCLICK q=288 t=50.0 y=7.78 z=18.16
# QCLICK q=289 t=25.0 y=12.40 z=3.69
# QCLICK q=290 t=30.0 y=12.45 z=17.68
# QCLICK q=291 t=30.0 y=2.54 z=18.84
# QCLICK q=292 t=35.0 y=7.78 z=16.92
# QCLICK q=293 t=30.0 y=13.07 z=19.96
# QCLICK q=294 t=35.0 y=22.49 z=18.50
# QCLICK q=295 t=35.0 y=16.39 z=4.82
# QCLICK q=296 t=40.0 y=18.17 z=16.70
# QCLICK q=297 t=50.0 y=11.57 z=19.89
# QCLICK q=298 t=35.0 y=15.55 z=6.45
# QCLICK q=299 t=40.0 y=12.38 z=5.97
# QCLICK q=300 t=55.0 y=13.99 z=15.84
# QCLICK q=301 t=30.0 y=8.60 z=24.36
# QCLICK q=302 t=30.0 y=7.79 z=20.39
# QCLICK q=303 t=25.0 y=10.01 z=7.75
# QCLICK q=304 t=45.0 y=17.12 z=12.51
# QCLICK q=305 t=45.0 y=13.89 z=2.04
# QCLICK q=306 t=55.0 y=19.39 z=9.81
# QCLICK q=307 t=30.0 y=8.05 z=22.63
# QCLICK q=308 t=50.0 y=12.45 z=17.68
# QCLICK q=309 t=45.0 y=12.95 z=11.11
# QCLICK q=310 t=40.0 y=15.32 z=22.81
# QCLICK q=311 t=35.0 y=16.39 z=4.82
# QCLICK q=312 t=50.0 y=19.39 z=9.81
# QCLICK q=313 t=25.0 y=13.49 z=8.02
# QCLICK q=314 t=55.0 y=8.60 z=24.36
# QCLICK q=315 t=35.0 y=4.73 z=9.07
# QCLICK q=316 t=25.0 y=3.70 z=11.41
# QCLICK q=317 t=35.0 y=16.17 z=12.83
# QCLICK q=318 t=25.0 y=4.73 z=9.07
# QCLICK q=319 t=35.0 y=3.69 z=9.20
# QCLICK q=320 t=45.0 y=16.17 z=12.83
# QCLICK q=321 t=55.0 y=19.39 z=9.81
# QCLICK q=322 t=25.0 y=5.90 z=26.65
# QCLICK q=323 t=50.0 y=4.82 z=15.86
# QCLICK q=324 t=35.0 y=15.22 z=12.56
# QCLICK q=325 t=45.0 y=25.56 z=21.78
# QCLICK q=326 t=40.0 y=25.73 z=10.64
# QCLICK q=327 t=35.0 y=16.48 z=14.63
# QCLICK q=328 t=55.0 y=6.24 z=15.80
# QCLICK q=329 t=40.0 y=10.44 z=6.04
# QCLICK q=330 t=30.0 y=11.99 z=11.24
# QCLICK q=331 t=30.0 y=18.00 z=6.00
# QCLICK q=332 t=40.0 y=16.13 z=21.90
# QCLICK q=333 t=45.0 y=16.48 z=14.63
# QCLICK q=334 t=30.0 y=14.45 z=10.43
# QCLICK q=335 t=35.0 y=16.36 z=9.62
# QCLICK q=336 t=35.0 y=8.05 z=22.63
# QCLICK q=337 t=35.0 y=21.01 z=13.66
# QCLICK q=338 t=35.0 y=16.39 z=4.82
# QCLICK q=339 t=30.0 y=20.30 z=20.98
# QCLICK q=340 t=35.0 y=4.82 z=15.86
# QCLICK q=341 t=30.0 y=20.24 z=18.92
# QCLICK q=342 t=55.0 y=12.06 z=24.13
# QCLICK q=343 t=35.0 y=17.72 z=22.55
# QCLICK q=344 t=50.0 y=8.96 z=2.81
# QCLICK q=345 t=30.0 y=18.00 z=6.00
# QCLICK q=346 t=40.0 y=18.17 z=16.70
# QCLICK q=347 t=35.0 y=17.72 z=22.55
# QCLICK q=348 t=25.0 y=14.64 z=5.19
# QCLICK q=349 t=20.0 y=8.57 z=8.34
# QCLICK q=350 t=45.0 y=2.21 z=8.14
# QCLICK q=351 t=55.0 y=15.56 z=18.97
# QCLICK q=352 t=30.0 y=17.12 z=12.51
# QCLICK q=353 t=55.0 y=8.66 z=4.61
# QCLICK q=354 t=40.0 y=24.39 z=13.98
# QCLICK q=355 t=30.0 y=16.17 z=12.83
# QCLICK q=356 t=50.0 y=25.46 z=12.18
# QCLICK q=357 t=35.0 y=13.25 z=10.15
# QCLICK q=358 t=55.0 y=25.56 z=21.78
# QCLICK q=359 t=45.0 y=12.95 z=11.11
# QCLICK q=360 t=30.0 y=24.52 z=6.19
# QCLICK q=361 t=30.0 y=17.24 z=10.35
# QCLICK q=362 t=35.0 y=17.51 z=15.17
# QCLICK q=363 t=35.0 y=4.74 z=9.97
# QCLICK q=364 t=30.0 y=16.13 z=21.90
# QCLICK q=365 t=35.0 y=12.45 z=15.30
# QCLICK q=366 t=40.0 y=13.36 z=12.93
# QCLICK q=367 t=30.0 y=24.39 z=13.98
# QCLICK q=368 t=40.0 y=16.66 z=17.56
# QCLICK q=369 t=25.0 y=5.39 z=22.89
# QCLICK q=370 t=55.0 y=26.17 z=18.42
# QCLICK q=371 t=50.0 y=12.95 z=11.11
# QCLICK q=372 t=30.0 y=26.86 z=16.52
# QCLICK q=373 t=40.0 y=7.57 z=6.63
# QCLICK q=374 t=30.0 y=6.30 z=22.65
# QCLICK q=375 t=55.0 y=25.87 z=16.39
# QCLICK q=376 t=30.0 y=16.36 z=9.62
# QCLICK q=377 t=30.0 y=16.39 z=4.82
# QCLICK q=378 t=20.0 y=18.33 z=7.88
# QCLICK q=379 t=30.0 y=25.56 z=21.78
# QCLICK q=380 t=20.0 y=13.76 z=24.38
# QCLICK q=381 t=35.0 y=23.10 z=22.47
# QCLICK q=382 t=25.0 y=17.24 z=10.35
# QCLICK q=383 t=40.0 y=3.64 z=17.85
# QCLICK q=384 t=30.0 y=23.10 z=22.47
# QCLICK q=385 t=35.0 y=13.49 z=8.02
# QCLICK q=386 t=30.0 y=15.22 z=16.88
# QCLICK q=387 t=40.0 y=13.05 z=26.52
# QCLICK q=388 t=35.0 y=16.48 z=14.63
# QCLICK q=389 t=35.0 y=7.78 z=18.16
# QCLICK q=390 t=35.0 y=25.56 z=21.78
# QCLICK q=391 t=40.0 y=4.74 z=9.97
# QCLICK q=392 t=40.0 y=17.24 z=10.35
# QCLICK q=393 t=55.0 y=15.22 z=17.89
# QCLICK q=394 t=45.0 y=15.17 z=9.35
# QCLICK q=395 t=55.0 y=22.22 z=20.19
# QCLICK q=396 t=30.0 y=15.22 z=16.88
# QCLICK q=397 t=35.0 y=4.21 z=18.96
# QCLICK q=398 t=35.0 y=17.38 z=13.29
# QCLICK q=399 t=25.0 y=16.37 z=19.79
# QCLICK q=400 t=40.0 y=25.46 z=12.18
# QCLICK q=401 t=35.0 y=18.59 z=13.11
# QCLICK q=402 t=45.0 y=1.74 z=22.51
# QCLICK q=403 t=55.0 y=7.92 z=4.23
# QCLICK q=404 t=35.0 y=17.72 z=22.55
# QCLICK q=405 t=55.0 y=25.33 z=14.79
# QCLICK q=406 t=30.0 y=15.17 z=9.35
# QCLICK q=407 t=30.0 y=17.46 z=21.41
# QCLICK q=408 t=35.0 y=14.20 z=19.50
# QCLICK q=409 t=25.0 y=6.88 z=9.85
# QCLICK q=410 t=30.0 y=19.09 z=12.01
# QCLICK q=411 t=25.0 y=12.30 z=14.10
# QCLICK q=412 t=40.0 y=4.74 z=12.02
# QCLICK q=413 t=55.0 y=8.26 z=15.01
# QCLICK q=414 t=20.0 y=23.45 z=22.01
# QCLICK q=415 t=30.0 y=16.37 z=19.79
# QCLICK q=416 t=35.0 y=8.21 z=5.87
# QCLICK q=417 t=40.0 y=17.53 z=19.46
# QCLICK q=418 t=40.0 y=16.13 z=21.90
# QCLICK q=419 t=30.0 y=14.66 z=14.40
# QCLICK q=420 t=20.0 y=12.19 z=25.40
# QCLICK q=421 t=40.0 y=7.79 z=20.39
# QCLICK q=422 t=35.0 y=7.79 z=23.68
# QCLICK q=423 t=45.0 y=17.38 z=13.29
# QCLICK q=424 t=30.0 y=23.47 z=17.82
# QCLICK q=425 t=35.0 y=16.66 z=17.56
# QCLICK q=426 t=50.0 y=18.10 z=26.13
# QCLICK q=427 t=35.0 y=10.40 z=13.96
# QCLICK q=428 t=35.0 y=3.69 z=20.52
# QCLICK q=429 t=30.0 y=19.09 z=12.01
# QCLICK q=430 t=35.0 y=16.39 z=4.82
# QCLICK q=431 t=40.0 y=10.44 z=6.04
# QCLICK q=432 t=55.0 y=12.06 z=24.13
# QCLICK q=433 t=20.0 y=6.53 z=22.20
# QCLICK q=434 t=35.0 y=2.72 z=9.30
# QCLICK q=435 t=30.0 y=25.00 z=16.87
# QCLICK q=436 t=30.0 y=9.27 z=15.52
# QCLICK q=437 t=30.0 y=14.45 z=7.56
# QCLICK q=438 t=55.0 y=26.55 z=13.39
# QCLICK q=439 t=40.0 y=6.88 z=9.85
# QCLICK q=440 t=25.0 y=17.24 z=9.40
# QCLICK q=441 t=35.0 y=13.49 z=8.02
# QCLICK q=442 t=40.0 y=16.37 z=19.79
# QCLICK q=443 t=50.0 y=16.48 z=14.63
# QCLICK q=444 t=35.0 y=15.20 z=11.10
# QCLICK q=445 t=50.0 y=10.87 z=15.34
# QCLICK q=446 t=40.0 y=8.76 z=13.96
# QCLICK q=447 t=30.0 y=25.56 z=21.78
# QCLICK q=448 t=20.0 y=17.74 z=18.22
# QCLICK q=449 t=30.0 y=16.17 z=12.83
# QCLICK q=450 t=40.0 y=12.40 z=3.69
# QCLICK q=451 t=35.0 y=20.30 z=20.98
# QCLICK q=452 t=45.0 y=17.93 z=20.53
# QCLICK q=453 t=30.0 y=21.62 z=7.22
# QCLICK q=454 t=45.0 y=17.24 z=10.35
# QCLICK q=455 t=30.0 y=15.17 z=9.35
# QCLICK q=456 t=40.0 y=16.37 z=19.79
# QCLICK q=457 t=50.0 y=9.27 z=15.52
# QCLICK q=458 t=40.0 y=14.33 z=13.42
# QCLICK q=459 t=55.0 y=14.33 z=13.42
# QCLICK q=460 t=25.0 y=13.07 z=19.96
# QCLICK q=461 t=45.0 y=4.82 z=15.86
# QCLICK q=462 t=45.0 y=14.33 z=13.42
# QCLICK q=463 t=45.0 y=26.26 z=20.80
# QCLICK q=464 t=30.0 y=10.40 z=13.96
# QCLICK q=465 t=30.0 y=26.35 z=6.34
# QCLICK q=466 t=35.0 y=7.79 z=23.68
# QCLICK q=467 t=35.0 y=24.35 z=21.35
# QCLICK q=468 t=25.0 y=4.21 z=18.96
# QCLICK q=469 t=30.0 y=14.54 z=21.19
# QCLICK q=470 t=30.0 y=23.71 z=18.96
# QCLICK q=471 t=35.0 y=13.26 z=4.21
# QCLICK q=472 t=45.0 y=26.21 z=14.92
# QCLICK q=473 t=30.0 y=4.36 z=23.35
# QCLICK q=474 t=40.0 y=16.48 z=14.63
# QCLICK q=475 t=30.0 y=5.75 z=11.28
# QCLICK q=476 t=35.0 y=11.60 z=9.97
# QCLICK q=477 t=35.0 y=12.38 z=5.97
# QCLICK q=478 t=35.0 y=6.32 z=7.46
# QCLICK q=479 t=30.0 y=20.51 z=27.03
# QCLICK q=480 t=35.0 y=25.25 z=18.18
# QCLICK q=481 t=35.0 y=16.39 z=4.82
# QCLICK q=482 t=40.0 y=19.09 z=12.01
# QCLICK q=483 t=55.0 y=11.60 z=9.97
# QCLICK q=484 t=55.0 y=6.85 z=3.77
# QCLICK q=485 t=30.0 y=4.82 z=15.86
# QCLICK q=486 t=25.0 y=16.36 z=9.62
# QCLICK q=487 t=40.0 y=2.20 z=18.74
# QCLICK q=488 t=35.0 y=8.26 z=15.01
# QCLICK q=489 t=20.0 y=13.27 z=9.05
# QCLICK q=490 t=55.0 y=12.06 z=24.13
# QCLICK q=491 t=55.0 y=11.47 z=8.96
# QCLICK q=492 t=30.0 y=17.54 z=24.45
# QCLICK q=493 t=25.0 y=18.84 z=25.19
# QCLICK q=494 t=30.0 y=6.32 z=7.46
# QCLICK q=495 t=30.0 y=10.67 z=21.29
# QCLICK q=496 t=35.0 y=7.79 z=20.39
# QCLICK q=497 t=35.0 y=13.99 z=15.84
# QCLICK q=498 t=25.0 y=15.55 z=6.45
# QCLICK q=499 t=20.0 y=17.24 z=9.40
# QHIST y_center clicks predicted_cos2
# QHIST 1.88	6	0.805
# QHIST 2.62	5	0.881
# QHIST 3.38	13	0.945
# QHIST 4.12	5	0.988
# QHIST 4.88	15	0.999
# QHIST 5.62	13	0.969
# QHIST 6.38	8	0.889
# QHIST 7.12	5	0.756
# QHIST 7.88	22	0.577
# QHIST 8.62	24	0.372
# QHIST 9.38	5	0.178
# QHIST 10.12	10	0.040
# QHIST 10.88	8	0.002
# QHIST 11.62	15	0.090
# QHIST 12.38	31	0.296
# QHIST 13.12	42	0.568
# QHIST 13.88	13	0.824
# QHIST 14.62	19	0.979
# QHIST 15.38	29	0.979
# QHIST 16.12	43	0.824
# QHIST 16.88	28	0.568
# QHIST 17.62	22	0.296
# QHIST 18.38	12	0.090
# QHIST 19.12	14	0.002
# QHIST 19.88	4	0.040
# QHIST 20.62	7	0.178
# QHIST 21.38	8	0.372
# QHIST 22.12	8	0.577
# QHIST 22.88	7	0.756
# QHIST 23.62	7	0.889
# QHIST 24.38	8	0.969
# QHIST 25.12	11	0.999
# QHIST 25.88	22	0.988
# QHIST 26.62	7	0.945
# QHIST 27.38	4	0.881
# QHIST 28.12	0	0.805
# RESULT qclick_visibility_central=0.391 centre=24.0 minima=10.5 (discrete events)
