=== scp_sim_c4: V44 + Cosserat + Curl²-Hardening (+ optional chiral) ===
d²φ/dt² = ∇²φ - m²φ - V'(P) + η·curl(θ) - α·curl(M) - 2curl(Q)
d²θ/dt² = ∇²θ - m_θ²θ + η·curl(φ) + 2α·M - β|∇×φ|²θ
  M = curl(φ)/2 - θ,  Q = (β/2)|θ|²curl(φ)

Grid:    N=48 L=12.0 T=5 dt_factor=0.0500
Physics: m²=2.2500 m_θ²=2.5600 η=0.000 μ=-41.345 κ=50.0 κ_h=0.000 α=0.000 β=0.000
Complex: 12-field U(1) kernel (complex_phi=1)
Q-diag:  radius=8.00 probes=(8.00,16.00)
Gauge:   U(1) compact links, g=1.0000 (complex_gauge=1)
Locks:   n_locks=2 file=(inline lock0..) track=v83/e1/results/track_sign_opp.tsv soft=(0,0) bag_mode=0 (r=0 k=0 sm=0) medium_only=1
Mode:    0
BC:      periodic
Init:    oscillon
Output:  v83/e1/results/out_sign_opp.sfa (f32, snap=1000.0 diag=0.5)

Allocating 0.05 GB (5971968 doubles, N=48, 12 fields + U(1) links)
dx=0.5106 dt=0.025532 threads=8

Locks: allocated 2 carriers + rho/J
  lock[0] from lock0=1,12,4,0,0,0,0,0,0
  lock[1] from lock1=-1,12,-4,0,0,0,0,0,0
Init: oscillon (A=0.800 sigma=3.000)
Gauss projection: 174 CG iters, gauss_max(0)=1.20e-13 (offset 5.322e-22)
SFA: v83/e1/results/out_sign_opp.sfa (30 cols, f32, BSS+zstd)

INIT: E_total=2.3003e+02 E_pot=-9.0114 phi_max=0.7914 P_int=1.1460e+01 theta_rms=0.000e+00

Locks: n=2 Q=0 E*=2.4000e+01 Ekin=0.0000e+00
t=    0.5 E=2.300e+02 (drift +0.003%) Ep=-9.0 phi=0.791 θ_rms=0.00e+00 Q=0.000000e+00 s_max=1.8372e-02 gauss=3.5e-08 E_em=1.721e-01 locks=2 E*=2.40e+01 [10% 0.0s 2.15ms/step]
t=    1.0 E=2.301e+02 (drift +0.014%) Ep=-9.0 phi=0.791 θ_rms=0.00e+00 Q=0.000000e+00 s_max=1.8372e-02 gauss=2.7e-06 E_em=1.722e-01 locks=2 E*=2.40e+01 [20% 0.1s 2.08ms/step]
t=    1.5 E=2.301e+02 (drift +0.031%) Ep=-9.0 phi=0.791 θ_rms=0.00e+00 Q=0.000000e+00 s_max=1.8372e-02 gauss=1.6e-05 E_em=1.725e-01 locks=2 E*=2.40e+01 [31% 0.1s 2.15ms/step]
t=    2.0 E=2.302e+02 (drift +0.054%) Ep=-9.0 phi=0.791 θ_rms=0.00e+00 Q=0.000000e+00 s_max=1.8372e-02 gauss=2.9e-05 E_em=1.729e-01 locks=2 E*=2.40e+01 [41% 0.2s 2.21ms/step]
t=    2.6 E=2.302e+02 (drift +0.085%) Ep=-9.0 phi=0.791 θ_rms=0.00e+00 Q=0.000000e+00 s_max=1.8372e-02 gauss=3.1e-05 E_em=1.734e-01 locks=2 E*=2.40e+01 [51% 0.2s 2.20ms/step]
t=    3.1 E=2.303e+02 (drift +0.122%) Ep=-9.0 phi=0.791 θ_rms=0.00e+00 Q=0.000000e+00 s_max=1.8372e-02 gauss=3.9e-05 E_em=1.741e-01 locks=2 E*=2.40e+01 [61% 0.3s 2.20ms/step]
t=    3.6 E=2.304e+02 (drift +0.167%) Ep=-9.0 phi=0.791 θ_rms=0.00e+00 Q=0.000000e+00 s_max=1.8372e-02 gauss=4.6e-05 E_em=1.750e-01 locks=2 E*=2.40e+01 [71% 0.3s 2.19ms/step]
t=    4.1 E=2.305e+02 (drift +0.218%) Ep=-9.0 phi=0.791 θ_rms=0.00e+00 Q=0.000000e+00 s_max=1.8372e-02 gauss=5.3e-05 E_em=1.760e-01 locks=2 E*=2.40e+01 [82% 0.4s 2.19ms/step]
t=    4.6 E=2.307e+02 (drift +0.276%) Ep=-9.0 phi=0.791 θ_rms=0.00e+00 Q=0.000000e+00 s_max=1.8372e-02 gauss=6.0e-05 E_em=1.773e-01 locks=2 E*=2.40e+01 [92% 0.4s 2.18ms/step]

=== COMPLETE ===
E_total=2.3078e+02 (drift 0.327%) E_pot=-9.0114
phi_max=0.7914 P_int=1.1460e+01 theta_rms=0.000e+00
Q_phi=0.000000e+00 Q_theta=0.000000e+00 Q_total=0.000000e+00 s_max=1.8372e-02 r_core=3.674 omega_core=0.0000 Q_core=0.000000e+00
gauss_max=6.585e-05 gauss_l2=6.606e-07 E_em=1.784829e-01 Q_flux=1.426205e-10
SFA: v83/e1/results/out_sign_opp.sfa (1 frames)
[WARN] theta_rms grew: 0.00e+00 -> 0.00e+00
Wall: 0.4s (0.0 min) 2.19ms/step
