# freecell — v89 free-cell substance test (exp=pair)
# laws = laws_V2g VERBATIM (defaults): C=1 w1=1.65 w2=2.9 q_detune=1.2
# gamma_res=0.25 gamma_res_m=0.1 p_gate=8 lock_floor=0.005 k_dep=1.2 k_dep_m=2 cap=2.5
# e_s0=1 es_floor=0.05 e_cond=0 f_conv=0.25 f_evap=0.5 s_pull=0.15
# kappa_lock=1 kappa_align=0.5 s_k=0.06 s_disp=0.3 sigma_tumble=0.01
# comb_limit=6 rough_k=0.35 gamma_rough=0.5 mob_sym=1 mob_floor=0.004 field_J=1.8
# quant_A0=1.15 quant_mode=2 (A0eff=1.15)
# v91 radiance (laws_V3r candidate A): k_rad=0.3 p_rad=4 rad_clock=0
# GEOMETRY (apparatus): cfac=1.15 k_rep=1 mob_geo=1 kappa_bond=1 freeze_geo=1
# bath=1 bath_frac=1 jam_sweeps=800 jam_k=0.1 L=16 dt=0.02 T=120 seed=20260802 diag_every=200
# JAM sweeps=800 max_step=1.402e-04 (tol 1.0e-04, k_end=0.0010) — witness for the settle
# SEED pair: i=475 j=1565 x=0.3500/0.0000 p:q=1:1 m=1 d*=1.271320 d0=6.984974 (doff +5.7287)
# SEED pair radii r=0.7771 contact=1.6762  Em/voice=0.8750
# SEED noise: amp=0.5 (e1-class churn)
# INIT NC=2700 slots=25950 live=20845 phi_nom=1.7043 z_live=15.44 dbar=1.4113 sigma_d=14.79% E0=3371.662581612
#
# t | drift_rel | phi_nom z_live NLa NLd births deaths | dbar sigma_d% | maxstep maxbond | Em_tag ret com_dev rms conn z_tag | pair: d delta gf gb | core/far
t=    0.00 +0.00e+00 | 1.7043 15.44  20845    0      0      0 | 1.4113 14.79 | 0.00e+00 0.00e+00 |   0.8750 1.0000  3.6101  0.0000 0.500 16.00 | PAIR-CHANNEL-DEAD
# CONVTAG t=0.00 rough=0.000000 cond=0.000000 evap=0.000000 backs=0.000000
t=    4.00 -5.39e-16 | 1.7045 15.35  20719    0      0      0 | 1.4098 14.79 | 0.00e+00 4.00e-06 |   0.8742 0.9991  3.6101  0.0000 0.500 14.50 | PAIR-CHANNEL-DEAD
# CONVTAG t=4.00 rough=0.000000 cond=0.000000 evap=0.000000 backs=0.000000
# QATOM t=5.36 dir=FD w=1.65 e=0.301996504517
t=    8.00 -8.09e-16 | 1.7042 15.33  20689    0      0      0 | 1.4095 14.79 | 0.00e+00 1.94e-04 |   0.8708 0.9952  3.6101  0.0002 0.500 14.00 | PAIR-CHANNEL-DEAD
# CONVTAG t=8.00 rough=0.000000 cond=0.000000 evap=0.000000 backs=0.000000
t=   12.00 -8.09e-16 | 1.7027 15.33  20692    0      0      0 | 1.4095 14.79 | 0.00e+00 4.53e-03 |   0.8696 0.9938  3.6100  0.0200 0.500 14.00 | PAIR-CHANNEL-DEAD
# CONVTAG t=12.00 rough=0.000000 cond=0.000000 evap=0.000000 backs=0.000000
t=   16.00 -8.09e-16 | 1.7002 15.29  20639    0      0      0 | 1.4088 14.78 | 0.00e+00 7.15e-03 |   0.8670 0.9909  3.6098  0.0384 0.500 14.00 | PAIR-CHANNEL-DEAD
# CONVTAG t=16.00 rough=0.000000 cond=0.000000 evap=0.000000 backs=0.000000
# QATOM t=17.66 dir=FD w=1.64975106 e=0.301950941279
t=   20.00 -8.09e-16 | 1.6962 15.23  20559    0      0      0 | 1.4078 14.78 | 0.00e+00 1.34e-02 |   0.8635 0.9869  3.6087  0.0972 0.500 15.00 | PAIR-CHANNEL-DEAD
# CONVTAG t=20.00 rough=0.000000 cond=0.000000 evap=0.000000 backs=0.000000
# QATOM t=22.34 dir=FD w=1.64936956 e=0.301881116972
t=   24.00 -8.09e-16 | 1.6906 15.19  20502    0      0      0 | 1.4070 14.77 | 0.00e+00 2.68e-02 |   0.8616 0.9846  3.5898  0.3704 0.500 14.50 | PAIR-CHANNEL-DEAD
# CONVTAG t=24.00 rough=0.000000 cond=0.000000 evap=0.000000 backs=0.000000
# QATOM t=26.40 dir=FD w=1.64840535 e=0.301704638704
t=   28.00 -9.44e-16 | 1.6849 15.13  20432    0      0      0 | 1.4061 14.76 | 0.00e+00 2.84e-02 |   0.8550 0.9772  3.5713  0.5121 0.500 15.00 | PAIR-CHANNEL-DEAD
# CONVTAG t=28.00 rough=0.000000 cond=0.000000 evap=0.000000 backs=0.000000
# QATOM t=30.42 dir=FD w=1.27314874 e=0.233022102397
t=   32.00 -9.44e-16 | 1.6794 15.06  20325    0      0      0 | 1.4047 14.74 | 0.00e+00 3.37e-02 |   0.8453 0.9661  3.5746  0.4888 0.500 14.00 | PAIR-CHANNEL-DEAD
# CONVTAG t=32.00 rough=0.000000 cond=0.000000 evap=0.000000 backs=0.000000
# QATOM t=35.64 dir=FD w=1.50094309 e=0.274714888919
t=   36.00 -9.44e-16 | 1.6754 15.03  20289    0      0      0 | 1.4042 14.74 | 0.00e+00 2.95e-02 |   1.0203 1.1661  2.3866  2.6574 0.500 14.00 | PAIR-CHANNEL-DEAD
# CONVTAG t=36.00 rough=0.000000 cond=0.301341 evap=0.000000 backs=0.000000
t=   40.00 -9.44e-16 | 1.6720 15.02  20277    0      0      0 | 1.4039 14.72 | 0.00e+00 3.11e-02 |   0.9695 1.1080  2.7579  2.2864 0.500 14.00 | PAIR-CHANNEL-DEAD
# CONVTAG t=40.00 rough=0.000000 cond=0.301341 evap=0.000000 backs=0.000000
# QATOM t=42.74 dir=FD w=1.6470524 e=0.602914022896
t=   44.00 -9.44e-16 | 1.6695 14.98  20220    0      0      0 | 1.4031 14.72 | 0.00e+00 2.73e-02 |   1.1998 1.3712  3.0454  1.9006 0.500 14.00 | PAIR-CHANNEL-DEAD
# CONVTAG t=44.00 rough=0.000000 cond=0.514803 evap=0.000000 backs=0.000000
t=   48.00 -8.09e-16 | 1.6672 14.97  20204    0      0      0 | 1.4030 14.72 | 0.00e+00 3.09e-02 |   1.1247 1.2854  3.1113  1.7929 0.500 14.50 | PAIR-CHANNEL-DEAD
# CONVTAG t=48.00 rough=0.000000 cond=0.514803 evap=0.000000 backs=0.000000
# QATOM t=50.90 dir=FD w=1.64346664 e=0.300800715387
t=   52.00 -9.44e-16 | 1.6652 14.97  20207    0      0      0 | 1.4030 14.72 | 0.00e+00 3.24e-02 |   1.1586 1.3241  2.7799  2.2616 0.500 14.50 | PAIR-CHANNEL-DEAD
# CONVTAG t=52.00 rough=0.000000 cond=0.514803 evap=0.000000 backs=0.000000
t=   56.00 -9.44e-16 | 1.6641 14.94  20163    0      0      0 | 1.4023 14.71 | 0.00e+00 4.39e-02 |   1.0055 1.1491  2.9298  2.0674 0.500 14.50 | PAIR-CHANNEL-DEAD
# CONVTAG t=56.00 rough=0.000000 cond=0.514803 evap=0.000000 backs=0.000000
t=   60.00 -9.44e-16 | 1.6630 14.93  20152    0      0      0 | 1.4022 14.71 | 0.00e+00 2.99e-02 |   0.8566 0.9790  2.9832  1.9953 0.500 15.00 | PAIR-CHANNEL-DEAD
# CONVTAG t=60.00 rough=0.000000 cond=0.514803 evap=0.000000 backs=0.000000
# QATOM t=62.22 dir=FD w=1.64641373 e=0.301340116461
t=   64.00 -9.44e-16 | 1.6622 14.92  20148    0      0      0 | 1.4022 14.71 | 0.00e+00 4.27e-02 |   0.6219 0.7108  3.2407  1.5645 0.500 15.00 | PAIR-CHANNEL-DEAD
# CONVTAG t=64.00 rough=0.000000 cond=0.514803 evap=0.000000 backs=0.000000
t=   68.00 -8.09e-16 | 1.6614 14.91  20131    0      0      0 | 1.4020 14.71 | 0.00e+00 2.77e-02 |   0.3710 0.4240  3.3791  1.2462 0.500 15.50 | PAIR-CHANNEL-DEAD
# CONVTAG t=68.00 rough=0.000000 cond=0.514803 evap=0.000000 backs=0.000000
t=   72.00 -8.09e-16 | 1.6604 14.91  20129    0      0      0 | 1.4020 14.71 | 0.00e+00 4.47e-02 |   0.6677 0.7630  3.3914  1.2075 0.500 15.50 | PAIR-CHANNEL-DEAD
# CONVTAG t=72.00 rough=0.000000 cond=0.514803 evap=0.000000 backs=0.000000
# QATOM t=73.68 dir=FD w=1.31101806 e=0.239953254951
t=   76.00 -8.09e-16 | 1.6603 14.91  20124    0      0      0 | 1.4020 14.71 | 0.00e+00 3.64e-02 |   0.7288 0.8329  3.0888  1.8252 0.500 15.00 | PAIR-CHANNEL-DEAD
# CONVTAG t=76.00 rough=0.000000 cond=0.514803 evap=0.000000 backs=0.000000
t=   80.00 -9.44e-16 | 1.6604 14.88  20094    0      0      0 | 1.4016 14.72 | 0.00e+00 4.02e-02 |   0.7579 0.8662  3.2462  1.5423 0.500 15.00 | PAIR-CHANNEL-DEAD
# CONVTAG t=80.00 rough=0.000000 cond=0.514803 evap=0.000000 backs=0.000000
t=   84.00 -8.09e-16 | 1.6606 14.88  20091    0      0      0 | 1.4016 14.71 | 0.00e+00 3.49e-02 |   0.7322 0.8368  3.3052  1.4124 0.500 15.00 | PAIR-CHANNEL-DEAD
# CONVTAG t=84.00 rough=0.000000 cond=0.514803 evap=0.000000 backs=0.000000
# QATOM t=84.56 dir=FD w=1.32150073 e=0.241871879939
t=   88.00 -8.09e-16 | 1.6607 14.88  20087    0      0      0 | 1.4015 14.71 | 0.00e+00 3.64e-02 |   0.6770 0.7737  3.4152  1.1467 0.500 14.50 | PAIR-CHANNEL-DEAD
# CONVTAG t=88.00 rough=0.000000 cond=0.514803 evap=0.000000 backs=0.000000
t=   92.00 -8.09e-16 | 1.6605 14.88  20083    0      0      0 | 1.4015 14.71 | 0.00e+00 2.75e-02 |   0.5519 0.6307  3.3571  1.3013 0.500 15.00 | PAIR-CHANNEL-DEAD
# CONVTAG t=92.00 rough=0.000000 cond=0.514803 evap=0.000000 backs=0.000000
# QATOM t=95.84 dir=FD w=1.52165752 e=0.278506212921
t=   96.00 -8.09e-16 | 1.6603 14.88  20086    0      0      0 | 1.4015 14.71 | 0.00e+00 4.07e-02 |   0.4330 0.4948  3.0908  1.8239 0.500 15.00 | PAIR-CHANNEL-DEAD
# CONVTAG t=96.00 rough=0.000000 cond=0.753706 evap=0.419890 backs=0.054768
t=  100.00 -8.09e-16 | 1.6607 14.88  20093    0      0      0 | 1.4015 14.70 | 0.00e+00 4.48e-02 |   0.3362 0.3842  3.0714  1.8527 0.500 15.50 | PAIR-CHANNEL-DEAD
# CONVTAG t=100.00 rough=0.000000 cond=0.753706 evap=0.419890 backs=0.054768
t=  104.00 -8.09e-16 | 1.6611 14.88  20089    0      0      0 | 1.4014 14.70 | 0.00e+00 4.02e-02 |   0.2954 0.3376  2.9388  2.0459 0.500 16.00 | PAIR-CHANNEL-DEAD
# CONVTAG t=104.00 rough=0.000000 cond=0.753706 evap=0.419890 backs=0.054768
# QATOM t=105.64 dir=FD w=1.64366974 e=0.601675777712
t=  108.00 -8.09e-16 | 1.6614 14.90  20117    0      0      0 | 1.4018 14.71 | 0.00e+00 5.00e-02 |   0.4277 0.4888  3.0534  1.8824 0.500 16.00 | PAIR-CHANNEL-DEAD
# CONVTAG t=108.00 rough=0.000000 cond=0.753706 evap=0.419890 backs=0.054768
t=  112.00 -8.09e-16 | 1.6616 14.89  20102    0      0      0 | 1.4016 14.71 | 0.00e+00 4.14e-02 |   0.4138 0.4729  3.0690  1.8632 0.500 15.50 | PAIR-CHANNEL-DEAD
# CONVTAG t=112.00 rough=0.000000 cond=0.753706 evap=0.419890 backs=0.054768
# QATOM t=114.80 dir=DF w=2.33850076 e=0.428011548224
t=  116.00 -8.09e-16 | 1.6621 14.91  20126    0      0      0 | 1.4020 14.71 | 0.00e+00 3.05e-02 |   0.3029 0.3462  2.4227  2.6165 0.500 16.00 | PAIR-CHANNEL-DEAD
# CONVTAG t=116.00 rough=0.000000 cond=0.753706 evap=0.419890 backs=0.054768
t=  120.00 -8.09e-16 | 1.6613 14.90  20111    0      0      0 | 1.4017 14.70 | 0.00e+00 4.44e-02 |   0.3552 0.4059  2.9341  2.0587 0.500 16.00 | PAIR-CHANNEL-DEAD
# CONVTAG t=120.00 rough=0.000000 cond=0.753706 evap=0.419890 backs=0.054768
#
# RESULT drift_rel -8.092e-16
# RESULT births 0 deaths 0 beta_returns 0 beta_energy 0.000000e+00
# RESULT conv rough=1.203298 cond=641.791080 evap=0.000000 backs=27.858265 rad=212.376736
# RESULT convtag rough=0.000000 cond=0.753706 evap=0.419890 backs=0.054768 net=0.388584
# RESULT geometry phi_nom=1.6613 z_live=14.90 dbar=1.4017 sigma_d=0.1470
# RESULT pair CHANNEL DEAD
