# freecell — v89 free-cell substance test (exp=pair)
# laws = laws_V2g VERBATIM (defaults): C=1 w1=1.65 w2=2.9 q_detune=1.2
# gamma_res=0.25 gamma_res_m=0.1 p_gate=8 lock_floor=0.005 k_dep=1.2 k_dep_m=2 cap=2.5
# e_s0=1 es_floor=0.05 e_cond=0 f_conv=0.25 f_evap=0.5 s_pull=0.15
# kappa_lock=1 kappa_align=0.5 s_k=0.06 s_disp=0.3 sigma_tumble=0.01
# comb_limit=6 rough_k=0.35 gamma_rough=0.5 mob_sym=1 mob_floor=0.004 field_J=1.8
# quant_A0=1.15 quant_mode=2 (A0eff=1.15)
# v91 radiance (laws_V3r candidate A): k_rad=0.3 p_rad=4 rad_clock=0
# GEOMETRY (apparatus): cfac=1.15 k_rep=1 mob_geo=1 kappa_bond=1 freeze_geo=1
# bath=1 bath_frac=1 jam_sweeps=800 jam_k=0.1 L=16 dt=0.02 T=120 seed=20260802 diag_every=200
# JAM sweeps=800 max_step=1.402e-04 (tol 1.0e-04, k_end=0.0010) — witness for the settle
# SEED pair: i=475 j=1565 x=0.6000/0.0000 p:q=1:1 m=1 d*=1.370066 d0=6.984974 (doff +5.6299)
# SEED pair radii r=0.7525 contact=1.6516  Em/voice=1.5000
# SEED noise: amp=0.5 (e1-class churn)
# INIT NC=2700 slots=25950 live=20843 phi_nom=1.7043 z_live=15.44 dbar=1.4113 sigma_d=14.79% E0=3372.206059873
#
# t | drift_rel | phi_nom z_live NLa NLd births deaths | dbar sigma_d% | maxstep maxbond | Em_tag ret com_dev rms conn z_tag | pair: d delta gf gb | core/far
t=    0.00 +0.00e+00 | 1.7043 15.44  20843    0      0      0 | 1.4113 14.79 | 0.00e+00 0.00e+00 |   1.5000 1.0000  3.6101  0.0000 0.500 15.00 | PAIR-CHANNEL-DEAD
# CONVTAG t=0.00 rough=0.000000 cond=0.000000 evap=0.000000 backs=0.000000
t=    4.00 -4.05e-16 | 1.7045 15.35  20717    0      0      0 | 1.4098 14.79 | 0.00e+00 2.09e-07 |   1.4995 0.9996  3.6101  0.0000 0.500 13.50 | PAIR-CHANNEL-DEAD
# CONVTAG t=4.00 rough=0.000000 cond=0.000000 evap=0.000000 backs=0.000000
# QATOM t=5.36 dir=FD w=1.65 e=0.301996504517
t=    8.00 -8.09e-16 | 1.7041 15.32  20686    0      0      0 | 1.4094 14.79 | 0.00e+00 8.19e-05 |   1.4983 0.9989  3.6101  0.0001 0.500 13.00 | PAIR-CHANNEL-DEAD
# CONVTAG t=8.00 rough=0.000000 cond=0.000000 evap=0.000000 backs=0.000000
t=   12.00 -8.09e-16 | 1.7026 15.32  20687    0      0      0 | 1.4094 14.79 | 0.00e+00 4.52e-03 |   1.4971 0.9981  3.6100  0.0050 0.500 12.50 | PAIR-CHANNEL-DEAD
# CONVTAG t=12.00 rough=0.000000 cond=0.000000 evap=0.000000 backs=0.000000
t=   16.00 -9.44e-16 | 1.7003 15.29  20641    0      0      0 | 1.4089 14.79 | 0.00e+00 5.67e-03 |   1.4958 0.9972  3.6100  0.0297 0.500 12.50 | PAIR-CHANNEL-DEAD
# CONVTAG t=16.00 rough=0.000000 cond=0.000000 evap=0.000000 backs=0.000000
# QATOM t=17.78 dir=FD w=1.6499459 e=0.301986602585
t=   20.00 -9.44e-16 | 1.6962 15.23  20560    0      0      0 | 1.4078 14.78 | 0.00e+00 1.54e-02 |   1.4980 0.9986  3.5964  0.3692 0.500 13.50 | PAIR-CHANNEL-DEAD
# CONVTAG t=20.00 rough=0.000000 cond=0.000000 evap=0.000000 backs=0.000000
# QATOM t=22.32 dir=FD w=1.64990504 e=0.301979124698
t=   24.00 -9.44e-16 | 1.6905 15.18  20499    0      0      0 | 1.4070 14.77 | 0.00e+00 2.87e-02 |   1.5011 1.0007  3.5749  0.4955 0.500 13.50 | PAIR-CHANNEL-DEAD
# CONVTAG t=24.00 rough=0.000000 cond=0.000000 evap=0.000000 backs=0.000000
# QATOM t=26.54 dir=FD w=1.64959701 e=0.301922745724
t=   28.00 -9.44e-16 | 1.6851 15.13  20431    0      0      0 | 1.4061 14.76 | 0.00e+00 4.61e-02 |   1.1932 0.7955  3.5246  0.7689 0.500 13.50 | PAIR-CHANNEL-DEAD
# CONVTAG t=28.00 rough=0.000000 cond=0.000000 evap=0.309158 backs=0.040325
# QATOM t=30.62 dir=FD w=1.64882841 e=0.301782070934
t=   32.00 -9.44e-16 | 1.6797 15.07  20338    0      0      0 | 1.4049 14.75 | 0.00e+00 3.67e-02 |   1.2024 0.8016  3.5117  0.8450 0.500 12.50 | PAIR-CHANNEL-DEAD
# CONVTAG t=32.00 rough=0.000000 cond=0.000000 evap=0.309158 backs=0.040325
# QATOM t=35.50 dir=FD w=1.64119463 e=0.300384874434
t=   36.00 -8.09e-16 | 1.6754 15.05  20312    0      0      0 | 1.4045 14.74 | 0.00e+00 3.68e-02 |   1.1634 0.7756  3.4598  1.0630 0.500 13.50 | PAIR-CHANNEL-DEAD
# CONVTAG t=36.00 rough=0.000000 cond=0.000000 evap=0.309158 backs=0.040325
t=   40.00 -8.09e-16 | 1.6717 15.01  20263    0      0      0 | 1.4037 14.72 | 0.00e+00 3.03e-02 |   1.1691 0.7794  3.3503  1.3678 0.500 13.00 | PAIR-CHANNEL-DEAD
# CONVTAG t=40.00 rough=0.000000 cond=0.000000 evap=0.309158 backs=0.040325
# QATOM t=42.14 dir=FD w=1.52403229 e=0.278940863517
t=   44.00 -8.09e-16 | 1.6692 14.97  20213    0      0      0 | 1.4031 14.73 | 0.00e+00 3.04e-02 |   1.1547 0.7698  3.3501  1.3253 0.500 13.50 | PAIR-CHANNEL-DEAD
# CONVTAG t=44.00 rough=0.000000 cond=0.000000 evap=0.309158 backs=0.040325
t=   48.00 -8.09e-16 | 1.6667 14.97  20214    0      0      0 | 1.4031 14.72 | 0.00e+00 3.42e-02 |   1.1759 0.7839  3.2278  1.5910 0.500 13.50 | PAIR-CHANNEL-DEAD
# CONVTAG t=48.00 rough=0.000000 cond=0.000000 evap=0.309158 backs=0.040325
# QATOM t=49.80 dir=FD w=1.39712006 e=0.255712347599
t=   52.00 -8.09e-16 | 1.6646 14.95  20183    0      0      0 | 1.4027 14.71 | 0.00e+00 3.35e-02 |   1.2113 0.8075  3.0253  1.9374 0.500 13.50 | PAIR-CHANNEL-DEAD
# CONVTAG t=52.00 rough=0.000000 cond=0.000000 evap=0.309158 backs=0.040325
t=   56.00 -8.09e-16 | 1.6635 14.94  20169    0      0      0 | 1.4025 14.71 | 0.00e+00 4.33e-02 |   1.2264 0.8176  2.9406  2.0606 0.500 13.00 | PAIR-CHANNEL-DEAD
# CONVTAG t=56.00 rough=0.000000 cond=0.000000 evap=0.309158 backs=0.040325
t=   60.00 -8.09e-16 | 1.6625 14.93  20150    0      0      0 | 1.4023 14.72 | 0.00e+00 3.84e-02 |   1.2217 0.8144  3.0871  1.8413 0.500 13.50 | PAIR-CHANNEL-DEAD
# CONVTAG t=60.00 rough=0.000000 cond=0.000000 evap=0.309158 backs=0.040325
# QATOM t=60.84 dir=FD w=1.18936318 e=0.217686983736
t=   64.00 -9.44e-16 | 1.6617 14.92  20140    0      0      0 | 1.4021 14.71 | 0.00e+00 4.29e-02 |   1.1743 0.7829  3.2574  1.5352 0.500 13.50 | PAIR-CHANNEL-DEAD
# CONVTAG t=64.00 rough=0.000000 cond=0.000000 evap=0.309158 backs=0.040325
t=   68.00 -8.09e-16 | 1.6606 14.92  20141    0      0      0 | 1.4022 14.71 | 0.00e+00 4.49e-02 |   1.1413 0.7609  3.4111  1.1634 0.500 13.50 | PAIR-CHANNEL-DEAD
# CONVTAG t=68.00 rough=0.000000 cond=0.000000 evap=0.309158 backs=0.040325
t=   72.00 -9.44e-16 | 1.6604 14.89  20104    0      0      0 | 1.4016 14.71 | 0.00e+00 3.96e-02 |   1.0998 0.7332  3.5979  0.3143 0.500 13.50 | PAIR-CHANNEL-DEAD
# CONVTAG t=72.00 rough=0.000000 cond=0.000000 evap=0.309158 backs=0.040325
# QATOM t=73.18 dir=FD w=1.14089859 e=0.208816597578
t=   76.00 -9.44e-16 | 1.6602 14.88  20089    0      0      0 | 1.4014 14.70 | 0.00e+00 2.90e-02 |   1.0889 0.7259  3.5994  0.3177 0.500 13.50 | PAIR-CHANNEL-DEAD
# CONVTAG t=76.00 rough=0.000000 cond=0.000000 evap=0.309158 backs=0.040325
t=   80.00 -9.44e-16 | 1.6599 14.86  20067    0      0      0 | 1.4012 14.70 | 0.00e+00 4.12e-02 |   0.7537 0.5024  3.4342  1.2512 0.500 14.00 | PAIR-CHANNEL-DEAD
# CONVTAG t=80.00 rough=0.000000 cond=0.000000 evap=0.657307 backs=0.085736
t=   84.00 -9.44e-16 | 1.6598 14.87  20074    0      0      0 | 1.4013 14.71 | 0.00e+00 3.57e-02 |   0.5015 0.3343  3.0846  2.1862 0.500 14.50 | PAIR-CHANNEL-DEAD
# CONVTAG t=84.00 rough=0.000000 cond=0.000000 evap=0.657307 backs=0.085736
# QATOM t=84.08 dir=DF w=2.15995312 e=0.395332297646
t=   88.00 -9.44e-16 | 1.6597 14.89  20103    0      0      0 | 1.4017 14.71 | 0.00e+00 4.20e-02 |   0.3402 0.2268  3.1686  2.0897 0.500 14.00 | PAIR-CHANNEL-DEAD
# CONVTAG t=88.00 rough=0.000000 cond=0.000000 evap=0.657307 backs=0.085736
t=   92.00 -9.44e-16 | 1.6594 14.87  20077    0      0      0 | 1.4013 14.70 | 0.00e+00 4.92e-02 |   0.4145 0.2763  3.2959  1.8104 0.500 14.50 | PAIR-CHANNEL-DEAD
# CONVTAG t=92.00 rough=0.000000 cond=0.000000 evap=0.657307 backs=0.085736
t=   96.00 -9.44e-16 | 1.6595 14.89  20102    0      0      0 | 1.4016 14.71 | 0.00e+00 3.14e-02 |   0.3232 0.2155  3.0806  2.2583 0.500 14.50 | PAIR-CHANNEL-DEAD
# CONVTAG t=96.00 rough=0.000000 cond=0.000000 evap=0.657307 backs=0.085736
# QATOM t=96.44 dir=DF w=2.03966436 e=0.373316065799
t=  100.00 -9.44e-16 | 1.6597 14.90  20112    0      0      0 | 1.4018 14.71 | 0.00e+00 4.73e-02 |   0.2191 0.1460  2.3082  3.2961 0.500 15.00 | PAIR-CHANNEL-DEAD
# CONVTAG t=100.00 rough=0.000000 cond=0.000000 evap=0.657307 backs=0.085736
t=  104.00 -9.44e-16 | 1.6595 14.91  20126    0      0      0 | 1.4020 14.71 | 0.00e+00 3.83e-02 |   0.2498 0.1665  2.8713  2.6981 0.500 15.50 | PAIR-CHANNEL-DEAD
# CONVTAG t=104.00 rough=0.000000 cond=0.000000 evap=0.657307 backs=0.085736
# QATOM t=106.28 dir=FD w=1.35970012 e=0.24886344536
t=  108.00 -9.44e-16 | 1.6599 14.91  20127    0      0      0 | 1.4020 14.71 | 0.00e+00 5.00e-02 |   0.2025 0.1350  3.0633  2.3760 0.500 15.50 | PAIR-CHANNEL-DEAD
# CONVTAG t=108.00 rough=0.000000 cond=0.000000 evap=0.657307 backs=0.085736
t=  112.00 -9.44e-16 | 1.6604 14.91  20130    0      0      0 | 1.4020 14.71 | 0.00e+00 3.26e-02 |   0.1620 0.1080  2.9006  2.5911 0.500 15.50 | PAIR-CHANNEL-DEAD
# CONVTAG t=112.00 rough=0.000000 cond=0.000000 evap=0.657307 backs=0.085736
t=  116.00 -9.44e-16 | 1.6605 14.92  20139    0      0      0 | 1.4021 14.71 | 0.00e+00 3.64e-02 |   0.1558 0.1039  2.9480  2.6444 0.500 15.50 | PAIR-CHANNEL-DEAD
# CONVTAG t=116.00 rough=0.000000 cond=0.000000 evap=0.657307 backs=0.085736
# QATOM t=116.90 dir=DF w=2.32892865 e=0.426259582985
t=  120.00 -9.44e-16 | 1.6609 14.93  20152    0      0      0 | 1.4023 14.71 | 0.00e+00 4.03e-02 |   0.2087 0.1391  3.0506  2.4351 0.500 15.50 | PAIR-CHANNEL-DEAD
# CONVTAG t=120.00 rough=0.000000 cond=0.000000 evap=0.657307 backs=0.085736
#
# RESULT drift_rel -9.440e-16
# RESULT births 0 deaths 0 beta_returns 0 beta_energy 0.000000e+00
# RESULT conv rough=1.154048 cond=630.543742 evap=0.000000 backs=25.840739 rad=196.958284
# RESULT convtag rough=0.000000 cond=0.000000 evap=0.657307 backs=0.085736 net=-0.571571
# RESULT geometry phi_nom=1.6609 z_live=14.93 dbar=1.4023 sigma_d=0.1471
# RESULT pair CHANNEL DEAD
