# freecell — v89 free-cell substance test (exp=pair)
# laws = laws_V2g VERBATIM (defaults): C=1 w1=1.65 w2=2.9 q_detune=1.2
# gamma_res=0.25 gamma_res_m=0.1 p_gate=8 lock_floor=0.005 k_dep=1.2 k_dep_m=2 cap=2.5
# e_s0=1 es_floor=0.05 e_cond=0 f_conv=0.25 f_evap=0.5 s_pull=0.15
# kappa_lock=1 kappa_align=0.5 s_k=0.06 s_disp=0.3 sigma_tumble=0.01
# comb_limit=6 rough_k=0.35 gamma_rough=0.5 mob_sym=1 mob_floor=0.004 field_J=1.8
# quant_A0=1.15 quant_mode=2 (A0eff=1.15)
# v91 radiance (laws_V3r candidate A): k_rad=0.1 p_rad=4 rad_clock=0
# GEOMETRY (apparatus): cfac=1.15 k_rep=1 mob_geo=1 kappa_bond=1 freeze_geo=1
# bath=1 bath_frac=1 jam_sweeps=800 jam_k=0.1 L=16 dt=0.02 T=120 seed=20260802 diag_every=200
# JAM sweeps=800 max_step=1.402e-04 (tol 1.0e-04, k_end=0.0010) — witness for the settle
# SEED pair: i=475 j=1565 x=0.2800/0.0000 p:q=1:1 m=1 d*=1.239126 d0=6.984974 (doff +5.7609)
# SEED pair radii r=0.7837 contact=1.6828  Em/voice=0.7000
# SEED noise: amp=0.5 (e1-class churn)
# INIT NC=2700 slots=25950 live=20845 phi_nom=1.7043 z_live=15.44 dbar=1.4113 sigma_d=14.79% E0=3371.510407699
#
# t | drift_rel | phi_nom z_live NLa NLd births deaths | dbar sigma_d% | maxstep maxbond | Em_tag ret com_dev rms conn z_tag | pair: d delta gf gb | core/far
t=    0.00 +0.00e+00 | 1.7043 15.44  20845    0      0      0 | 1.4113 14.79 | 0.00e+00 0.00e+00 |   0.7000 1.0000  3.6101  0.0000 0.500 16.00 | PAIR-CHANNEL-DEAD
# CONVTAG t=0.00 rough=0.000000 cond=0.000000 evap=0.000000 backs=0.000000
t=    4.00 -4.05e-16 | 1.7045 15.35  20719    0      0      0 | 1.4098 14.79 | 0.00e+00 5.51e-06 |   0.6989 0.9985  3.6101  0.0000 0.500 14.50 | PAIR-CHANNEL-DEAD
# CONVTAG t=4.00 rough=0.000000 cond=0.000000 evap=0.000000 backs=0.000000
# QATOM t=5.36 dir=FD w=1.65 e=0.301996504517
t=    8.00 -8.09e-16 | 1.7042 15.33  20691    0      0      0 | 1.4095 14.79 | 0.00e+00 1.93e-04 |   0.6944 0.9920  3.6101  0.0008 0.500 14.00 | PAIR-CHANNEL-DEAD
# CONVTAG t=8.00 rough=0.000000 cond=0.000000 evap=0.000000 backs=0.000000
t=   12.00 -9.44e-16 | 1.7026 15.33  20689    0      0      0 | 1.4094 14.79 | 0.00e+00 4.53e-03 |   0.6926 0.9894  3.6100  0.0228 0.500 14.00 | PAIR-CHANNEL-DEAD
# CONVTAG t=12.00 rough=0.000000 cond=0.000000 evap=0.000000 backs=0.000000
t=   16.00 -9.44e-16 | 1.7002 15.28  20632    0      0      0 | 1.4087 14.78 | 0.00e+00 7.17e-03 |   0.6889 0.9841  3.6098  0.0412 0.500 14.00 | PAIR-CHANNEL-DEAD
# CONVTAG t=16.00 rough=0.000000 cond=0.000000 evap=0.000000 backs=0.000000
# QATOM t=17.62 dir=FD w=1.64953024 e=0.301910525412
t=   20.00 -9.44e-16 | 1.6961 15.23  20557    0      0      0 | 1.4078 14.78 | 0.00e+00 9.68e-03 |   0.6874 0.9820  3.6084  0.1066 0.500 15.00 | PAIR-CHANNEL-DEAD
# CONVTAG t=20.00 rough=0.000000 cond=0.000000 evap=0.000000 backs=0.000000
# QATOM t=22.30 dir=FD w=1.64921556 e=0.301852929339
t=   24.00 -9.44e-16 | 1.6906 15.19  20500    0      0      0 | 1.4070 14.77 | 0.00e+00 2.76e-02 |   0.6874 0.9819  3.5952  0.3169 0.500 15.00 | PAIR-CHANNEL-DEAD
# CONVTAG t=24.00 rough=0.000000 cond=0.000000 evap=0.000000 backs=0.000000
# QATOM t=26.56 dir=FD w=1.64986159 e=0.301971170744
t=   28.00 -9.44e-16 | 1.6853 15.14  20438    0      0      0 | 1.4062 14.76 | 0.00e+00 3.11e-02 |   0.6877 0.9824  3.5479  0.6496 0.500 15.00 | PAIR-CHANNEL-DEAD
# CONVTAG t=28.00 rough=0.000000 cond=0.000000 evap=0.000000 backs=0.000000
# QATOM t=30.94 dir=FD w=1.64921307 e=0.301852474027
t=   32.00 -9.44e-16 | 1.6799 15.07  20342    0      0      0 | 1.4049 14.74 | 0.00e+00 2.03e-02 |   0.7269 1.0384  3.5535  0.6161 0.500 14.00 | PAIR-CHANNEL-DEAD
# CONVTAG t=32.00 rough=0.000000 cond=0.000000 evap=0.000000 backs=0.000000
# QATOM t=35.96 dir=FD w=1.64316179 e=0.300744919673
t=   36.00 -9.44e-16 | 1.6759 15.05  20319    0      0      0 | 1.4045 14.74 | 0.00e+00 3.14e-02 |   1.0456 1.4937  2.2428  2.7749 0.500 14.00 | PAIR-CHANNEL-DEAD
# CONVTAG t=36.00 rough=0.000000 cond=0.301121 evap=0.000000 backs=0.000000
t=   40.00 -9.44e-16 | 1.6722 15.03  20291    0      0      0 | 1.4041 14.73 | 0.00e+00 2.80e-02 |   1.0384 1.4834  2.2040  2.8043 0.500 14.00 | PAIR-CHANNEL-DEAD
# CONVTAG t=40.00 rough=0.000000 cond=0.301121 evap=0.000000 backs=0.000000
# QATOM t=42.28 dir=FD w=1.64453843 e=0.300996883072
t=   44.00 -9.44e-16 | 1.6692 15.00  20252    0      0      0 | 1.4037 14.73 | 0.00e+00 2.91e-02 |   0.7573 1.0818  2.0251  2.9260 0.500 13.50 | PAIR-CHANNEL-DEAD
# CONVTAG t=44.00 rough=0.000000 cond=0.301121 evap=0.000000 backs=0.000000
t=   48.00 -9.44e-16 | 1.6673 14.97  20213    0      0      0 | 1.4032 14.73 | 0.00e+00 3.43e-02 |   0.6196 0.8852  2.5504  2.4952 0.500 14.50 | PAIR-CHANNEL-DEAD
# CONVTAG t=48.00 rough=0.000000 cond=0.301121 evap=0.000000 backs=0.000000
# QATOM t=50.88 dir=FD w=1.6443709 e=0.300966219767
t=   52.00 -9.44e-16 | 1.6649 14.95  20184    0      0      0 | 1.4027 14.72 | 0.00e+00 3.04e-02 |   0.8492 1.2131  1.6361  3.1401 0.500 14.50 | PAIR-CHANNEL-DEAD
# CONVTAG t=52.00 rough=0.000000 cond=0.301121 evap=0.000000 backs=0.000000
t=   56.00 -9.44e-16 | 1.6636 14.93  20155    0      0      0 | 1.4023 14.71 | 0.00e+00 3.41e-02 |   1.1040 1.5771  0.7216  3.4418 0.500 14.00 | PAIR-CHANNEL-DEAD
# CONVTAG t=56.00 rough=0.000000 cond=0.301121 evap=0.000000 backs=0.000000
t=   60.00 -9.44e-16 | 1.6624 14.93  20159    0      0      0 | 1.4024 14.72 | 0.00e+00 4.40e-02 |   0.8851 1.2644  0.9919  3.3812 0.500 14.00 | PAIR-CHANNEL-DEAD
# CONVTAG t=60.00 rough=0.000000 cond=0.301121 evap=0.000000 backs=0.000000
t=   64.00 -9.44e-16 | 1.6615 14.91  20129    0      0      0 | 1.4019 14.71 | 0.00e+00 3.98e-02 |   1.2206 1.7438  0.3164  3.4834 0.500 14.50 | PAIR-CHANNEL-DEAD
# CONVTAG t=64.00 rough=0.000000 cond=0.301121 evap=0.000000 backs=0.000000
# QATOM t=64.10 dir=FD w=1.43633078 e=0.262889015642
t=   68.00 -9.44e-16 | 1.6611 14.89  20103    0      0      0 | 1.4016 14.71 | 0.00e+00 4.15e-02 |   1.1247 1.6067  0.6965  3.4474 0.500 14.50 | PAIR-CHANNEL-DEAD
# CONVTAG t=68.00 rough=0.000000 cond=0.301121 evap=0.000000 backs=0.000000
t=   72.00 -9.44e-16 | 1.6607 14.90  20119    0      0      0 | 1.4018 14.71 | 0.00e+00 3.48e-02 |   0.6215 0.8878  1.1661  3.3355 0.500 14.50 | PAIR-CHANNEL-DEAD
# CONVTAG t=72.00 rough=0.000000 cond=0.301121 evap=0.000000 backs=0.000000
t=   76.00 -9.44e-16 | 1.6607 14.90  20111    0      0      0 | 1.4017 14.71 | 0.00e+00 3.81e-02 |   0.8328 1.1897  0.7916  3.4161 0.500 14.00 | PAIR-CHANNEL-DEAD
# CONVTAG t=76.00 rough=0.000000 cond=0.301121 evap=0.000000 backs=0.000000
# QATOM t=77.20 dir=FD w=1.63801479 e=0.299802873269
t=   80.00 -9.44e-16 | 1.6608 14.89  20097    0      0      0 | 1.4015 14.70 | 0.00e+00 2.94e-02 |   0.6841 0.9773  1.7762  3.0658 0.500 14.00 | PAIR-CHANNEL-DEAD
# CONVTAG t=80.00 rough=0.000000 cond=0.301121 evap=0.398317 backs=0.051954
t=   84.00 -9.44e-16 | 1.6609 14.90  20117    0      0      0 | 1.4018 14.70 | 0.00e+00 2.68e-02 |   0.6426 0.9179  1.5085  3.1829 0.500 15.00 | PAIR-CHANNEL-DEAD
# CONVTAG t=84.00 rough=0.000000 cond=0.301121 evap=0.398317 backs=0.051954
t=   88.00 -9.44e-16 | 1.6608 14.90  20114    0      0      0 | 1.4017 14.70 | 0.00e+00 4.15e-02 |   0.8466 1.2094  2.1269  2.8698 0.500 15.00 | PAIR-CHANNEL-DEAD
# CONVTAG t=88.00 rough=0.000000 cond=0.301121 evap=0.398317 backs=0.051954
# QATOM t=88.42 dir=DF w=2.43351726 e=0.445402245985
t=   92.00 -1.08e-15 | 1.6608 14.89  20101    0      0      0 | 1.4016 14.71 | 0.00e+00 4.19e-02 |   0.3603 0.5147  0.3333  3.4705 0.500 15.00 | PAIR-CHANNEL-DEAD
# CONVTAG t=92.00 rough=0.000000 cond=0.301121 evap=0.806509 backs=0.105197
t=   96.00 -1.08e-15 | 1.6609 14.90  20113    0      0      0 | 1.4018 14.71 | 0.00e+00 3.45e-02 |   0.3519 0.5027  0.3542  3.4725 0.500 15.00 | PAIR-CHANNEL-DEAD
# CONVTAG t=96.00 rough=0.000000 cond=0.301121 evap=0.806509 backs=0.105197
# QATOM t=98.20 dir=FD w=1.31429285 e=0.240552634015
t=  100.00 -1.08e-15 | 1.6606 14.90  20110    0      0      0 | 1.4018 14.71 | 0.00e+00 2.96e-02 |   0.5579 0.7970  1.2193  3.3071 0.500 15.00 | PAIR-CHANNEL-DEAD
# CONVTAG t=100.00 rough=0.000000 cond=0.301121 evap=0.806509 backs=0.105197
t=  104.00 -1.08e-15 | 1.6605 14.89  20101    0      0      0 | 1.4016 14.71 | 0.00e+00 4.31e-02 |   0.8860 1.2658  2.1174  2.8531 0.500 13.00 | PAIR-CHANNEL-DEAD
# CONVTAG t=104.00 rough=0.000000 cond=0.552206 evap=0.806509 backs=0.105197
t=  108.00 -1.08e-15 | 1.6605 14.90  20112    0      0      0 | 1.4018 14.71 | 0.00e+00 3.70e-02 |   0.8185 1.1693  1.8646  3.0230 0.500 13.50 | PAIR-CHANNEL-DEAD
# CONVTAG t=108.00 rough=0.000000 cond=0.552206 evap=0.806509 backs=0.105197
# QATOM t=109.86 dir=FD w=1.26701215 e=0.231898932731
t=  112.00 -9.44e-16 | 1.6605 14.89  20097    0      0      0 | 1.4016 14.71 | 0.00e+00 4.89e-02 |   0.6054 0.8649  1.1189  3.3410 0.500 15.00 | PAIR-CHANNEL-DEAD
# CONVTAG t=112.00 rough=0.000000 cond=0.552206 evap=0.806509 backs=0.105197
t=  116.00 -9.44e-16 | 1.6604 14.92  20136    0      0      0 | 1.4021 14.71 | 0.00e+00 4.28e-02 |   0.4434 0.6334  0.4427  3.4611 0.500 15.00 | PAIR-CHANNEL-DEAD
# CONVTAG t=116.00 rough=0.000000 cond=0.552206 evap=0.806509 backs=0.105197
t=  120.00 -9.44e-16 | 1.6605 14.90  20113    0      0      0 | 1.4017 14.71 | 0.00e+00 3.20e-02 |   0.5173 0.7389  0.5744  3.4561 0.500 15.00 | PAIR-CHANNEL-DEAD
# CONVTAG t=120.00 rough=0.000000 cond=0.552206 evap=0.806509 backs=0.105197
#
# RESULT drift_rel -9.442e-16
# RESULT births 0 deaths 0 beta_returns 0 beta_energy 0.000000e+00
# RESULT conv rough=1.155297 cond=621.803215 evap=0.000000 backs=24.108244 rad=183.674571
# RESULT convtag rough=0.000000 cond=0.552206 evap=0.806509 backs=0.105197 net=-0.149106
# RESULT geometry phi_nom=1.6605 z_live=14.90 dbar=1.4017 sigma_d=0.1471
# RESULT pair CHANNEL DEAD
