# freecell — v89 free-cell substance test (exp=pair)
# laws = laws_V2g VERBATIM (defaults): C=1 w1=1.65 w2=2.9 q_detune=1.2
# gamma_res=0.25 gamma_res_m=0.1 p_gate=8 lock_floor=0.005 k_dep=1.2 k_dep_m=2 cap=2.5
# e_s0=1 es_floor=0.05 e_cond=0 f_conv=0.25 f_evap=0.5 s_pull=0.15
# kappa_lock=1 kappa_align=0.5 s_k=0.06 s_disp=0.3 sigma_tumble=0.01
# comb_limit=6 rough_k=0.35 gamma_rough=0.5 mob_sym=1 mob_floor=0.004 field_J=1.8
# quant_A0=1.15 quant_mode=2 (A0eff=1.15)
# v91 radiance (laws_V3r candidate A): k_rad=0.1 p_rad=4 rad_clock=0
# GEOMETRY (apparatus): cfac=1.15 k_rep=1 mob_geo=1 kappa_bond=1 freeze_geo=1
# bath=1 bath_frac=1 jam_sweeps=800 jam_k=0.1 L=16 dt=0.02 T=120 seed=20260802 diag_every=200
# JAM sweeps=800 max_step=1.402e-04 (tol 1.0e-04, k_end=0.0010) — witness for the settle
# SEED pair: i=475 j=1565 x=0.6000/0.0000 p:q=1:1 m=1 d*=1.370066 d0=6.984974 (doff +5.6299)
# SEED pair radii r=0.7525 contact=1.6516  Em/voice=1.5000
# SEED noise: amp=0.5 (e1-class churn)
# INIT NC=2700 slots=25950 live=20843 phi_nom=1.7043 z_live=15.44 dbar=1.4113 sigma_d=14.79% E0=3372.206059873
#
# t | drift_rel | phi_nom z_live NLa NLd births deaths | dbar sigma_d% | maxstep maxbond | Em_tag ret com_dev rms conn z_tag | pair: d delta gf gb | core/far
t=    0.00 +0.00e+00 | 1.7043 15.44  20843    0      0      0 | 1.4113 14.79 | 0.00e+00 0.00e+00 |   1.5000 1.0000  3.6101  0.0000 0.500 15.00 | PAIR-CHANNEL-DEAD
# CONVTAG t=0.00 rough=0.000000 cond=0.000000 evap=0.000000 backs=0.000000
t=    4.00 -4.05e-16 | 1.7045 15.35  20717    0      0      0 | 1.4098 14.79 | 0.00e+00 2.09e-07 |   1.4995 0.9996  3.6101  0.0000 0.500 13.50 | PAIR-CHANNEL-DEAD
# CONVTAG t=4.00 rough=0.000000 cond=0.000000 evap=0.000000 backs=0.000000
# QATOM t=5.36 dir=FD w=1.65 e=0.301996504517
t=    8.00 -8.09e-16 | 1.7041 15.32  20686    0      0      0 | 1.4094 14.79 | 0.00e+00 8.19e-05 |   1.4983 0.9989  3.6101  0.0001 0.500 13.00 | PAIR-CHANNEL-DEAD
# CONVTAG t=8.00 rough=0.000000 cond=0.000000 evap=0.000000 backs=0.000000
t=   12.00 -8.09e-16 | 1.7026 15.32  20687    0      0      0 | 1.4094 14.79 | 0.00e+00 4.52e-03 |   1.4971 0.9981  3.6100  0.0050 0.500 12.50 | PAIR-CHANNEL-DEAD
# CONVTAG t=12.00 rough=0.000000 cond=0.000000 evap=0.000000 backs=0.000000
t=   16.00 -9.44e-16 | 1.7003 15.29  20641    0      0      0 | 1.4089 14.79 | 0.00e+00 5.67e-03 |   1.4958 0.9972  3.6100  0.0297 0.500 12.50 | PAIR-CHANNEL-DEAD
# CONVTAG t=16.00 rough=0.000000 cond=0.000000 evap=0.000000 backs=0.000000
# QATOM t=17.78 dir=FD w=1.6499459 e=0.301986602585
t=   20.00 -9.44e-16 | 1.6962 15.23  20560    0      0      0 | 1.4078 14.78 | 0.00e+00 1.54e-02 |   1.4980 0.9986  3.5964  0.3692 0.500 13.50 | PAIR-CHANNEL-DEAD
# CONVTAG t=20.00 rough=0.000000 cond=0.000000 evap=0.000000 backs=0.000000
# QATOM t=22.32 dir=FD w=1.64990504 e=0.301979124698
t=   24.00 -9.44e-16 | 1.6905 15.18  20499    0      0      0 | 1.4070 14.77 | 0.00e+00 2.87e-02 |   1.5011 1.0007  3.5749  0.4955 0.500 13.50 | PAIR-CHANNEL-DEAD
# CONVTAG t=24.00 rough=0.000000 cond=0.000000 evap=0.000000 backs=0.000000
# QATOM t=26.54 dir=FD w=1.64852701 e=0.301726905336
t=   28.00 -8.09e-16 | 1.6851 15.13  20431    0      0      0 | 1.4061 14.76 | 0.00e+00 4.61e-02 |   1.5037 1.0024  3.5422  0.6858 0.500 13.50 | PAIR-CHANNEL-DEAD
# CONVTAG t=28.00 rough=0.000000 cond=0.000000 evap=0.000000 backs=0.000000
# QATOM t=30.62 dir=FD w=1.64882828 e=0.301782047639
t=   32.00 -8.09e-16 | 1.6797 15.07  20339    0      0      0 | 1.4049 14.75 | 0.00e+00 3.67e-02 |   1.4905 0.9936  3.5307  0.7603 0.500 12.50 | PAIR-CHANNEL-DEAD
# CONVTAG t=32.00 rough=0.000000 cond=0.000000 evap=0.000000 backs=0.000000
# QATOM t=35.66 dir=FD w=1.6475954 e=0.301556394624
t=   36.00 -8.09e-16 | 1.6754 15.04  20305    0      0      0 | 1.4044 14.74 | 0.00e+00 3.68e-02 |   1.4577 0.9718  3.4901  0.9520 0.500 13.00 | PAIR-CHANNEL-DEAD
# CONVTAG t=36.00 rough=0.000000 cond=0.000000 evap=0.000000 backs=0.000000
t=   40.00 -8.09e-16 | 1.6717 15.01  20264    0      0      0 | 1.4037 14.72 | 0.00e+00 3.03e-02 |   1.4415 0.9610  3.3996  1.2356 0.500 13.00 | PAIR-CHANNEL-DEAD
# CONVTAG t=40.00 rough=0.000000 cond=0.000000 evap=0.000000 backs=0.000000
# QATOM t=41.76 dir=FD w=1.63747768 e=0.299704566482
t=   44.00 -6.74e-16 | 1.6690 14.97  20208    0      0      0 | 1.4030 14.72 | 0.00e+00 3.03e-02 |   1.4282 0.9521  3.3987  1.1993 0.500 13.00 | PAIR-CHANNEL-DEAD
# CONVTAG t=44.00 rough=0.000000 cond=0.000000 evap=0.000000 backs=0.000000
t=   48.00 -6.74e-16 | 1.6664 14.96  20195    0      0      0 | 1.4029 14.72 | 0.00e+00 2.42e-02 |   1.4507 0.9671  3.2971  1.4469 0.500 13.00 | PAIR-CHANNEL-DEAD
# CONVTAG t=48.00 rough=0.000000 cond=0.000000 evap=0.000000 backs=0.000000
# QATOM t=50.08 dir=FD w=1.23464476 e=0.225974789448
t=   52.00 -6.74e-16 | 1.6645 14.94  20172    0      0      0 | 1.4025 14.71 | 0.00e+00 3.14e-02 |   1.4964 0.9976  3.1375  1.7567 0.500 13.00 | PAIR-CHANNEL-DEAD
# CONVTAG t=52.00 rough=0.000000 cond=0.000000 evap=0.000000 backs=0.000000
t=   56.00 -6.74e-16 | 1.6637 14.96  20193    0      0      0 | 1.4028 14.72 | 0.00e+00 3.42e-02 |   1.4998 0.9999  3.0570  1.8899 0.500 13.00 | PAIR-CHANNEL-DEAD
# CONVTAG t=56.00 rough=0.000000 cond=0.000000 evap=0.000000 backs=0.000000
t=   60.00 -8.09e-16 | 1.6628 14.93  20150    0      0      0 | 1.4023 14.72 | 0.00e+00 3.58e-02 |   1.4718 0.9812  3.1639  1.7108 0.500 13.00 | PAIR-CHANNEL-DEAD
# CONVTAG t=60.00 rough=0.000000 cond=0.000000 evap=0.000000 backs=0.000000
# QATOM t=62.32 dir=FD w=1.64294209 e=0.300704707574
t=   64.00 -8.09e-16 | 1.6621 14.92  20139    0      0      0 | 1.4021 14.71 | 0.00e+00 4.16e-02 |   1.4993 0.9995  3.2973  1.4463 0.500 13.00 | PAIR-CHANNEL-DEAD
# CONVTAG t=64.00 rough=0.000000 cond=0.000000 evap=0.000000 backs=0.000000
t=   68.00 -8.09e-16 | 1.6612 14.92  20140    0      0      0 | 1.4021 14.71 | 0.00e+00 4.01e-02 |   1.0671 0.7114  3.3880  1.2866 0.500 13.50 | PAIR-CHANNEL-DEAD
# CONVTAG t=68.00 rough=0.000000 cond=0.000000 evap=0.315458 backs=0.041147
t=   72.00 -8.09e-16 | 1.6605 14.90  20113    0      0      0 | 1.4018 14.71 | 0.00e+00 3.34e-02 |   0.6274 0.4183  3.5344  0.8654 0.500 14.00 | PAIR-CHANNEL-DEAD
# CONVTAG t=72.00 rough=0.000000 cond=0.000000 evap=0.315458 backs=0.041147
# QATOM t=73.94 dir=FD w=1.62656709 e=0.297707621091
t=   76.00 -8.09e-16 | 1.6600 14.89  20098    0      0      0 | 1.4016 14.71 | 0.00e+00 2.84e-02 |   0.5065 0.3377  3.3986  1.2854 0.500 15.00 | PAIR-CHANNEL-DEAD
# CONVTAG t=76.00 rough=0.000000 cond=0.000000 evap=0.315458 backs=0.041147
t=   80.00 -8.09e-16 | 1.6598 14.88  20084    0      0      0 | 1.4014 14.71 | 0.00e+00 5.00e-02 |   0.5947 0.3965  3.5481  0.7302 0.500 15.50 | PAIR-CHANNEL-DEAD
# CONVTAG t=80.00 rough=0.000000 cond=0.000000 evap=0.315458 backs=0.041147
t=   84.00 -8.09e-16 | 1.6598 14.89  20106    0      0      0 | 1.4017 14.71 | 0.00e+00 5.00e-02 |   0.6431 0.4287  3.4769  1.0725 0.500 15.00 | PAIR-CHANNEL-DEAD
# CONVTAG t=84.00 rough=0.000000 cond=0.000000 evap=0.315458 backs=0.041147
# QATOM t=86.78 dir=FD w=1.64079761 e=0.300312207636
t=   88.00 -8.09e-16 | 1.6602 14.91  20129    0      0      0 | 1.4021 14.72 | 0.00e+00 3.45e-02 |   0.6429 0.4286  3.1459  1.9578 0.500 15.50 | PAIR-CHANNEL-DEAD
# CONVTAG t=88.00 rough=0.000000 cond=0.000000 evap=0.315458 backs=0.041147
t=   92.00 -8.09e-16 | 1.6601 14.89  20106    0      0      0 | 1.4018 14.71 | 0.00e+00 4.46e-02 |   0.6875 0.4584  2.6286  2.8315 0.500 14.00 | PAIR-CHANNEL-DEAD
# CONVTAG t=92.00 rough=0.000000 cond=0.000000 evap=0.315458 backs=0.041147
t=   96.00 -8.09e-16 | 1.6605 14.90  20114    0      0      0 | 1.4019 14.72 | 0.00e+00 3.77e-02 |   0.7319 0.4879  2.4550  2.9300 0.500 15.00 | PAIR-CHANNEL-DEAD
# CONVTAG t=96.00 rough=0.000000 cond=0.000000 evap=0.315458 backs=0.041147
# QATOM t=99.14 dir=FD w=1.64190277 e=0.300514482378
t=  100.00 -8.09e-16 | 1.6609 14.92  20140    0      0      0 | 1.4022 14.72 | 0.00e+00 3.75e-02 |   0.4556 0.3037  2.5140  3.0709 0.500 16.00 | PAIR-CHANNEL-DEAD
# CONVTAG t=100.00 rough=0.000000 cond=0.241116 evap=0.739238 backs=0.096422
t=  104.00 -8.09e-16 | 1.6610 14.91  20125    0      0      0 | 1.4021 14.72 | 0.00e+00 2.97e-02 |   0.5241 0.3494  2.7438  2.8210 0.500 16.00 | PAIR-CHANNEL-DEAD
# CONVTAG t=104.00 rough=0.000000 cond=0.241116 evap=0.739238 backs=0.096422
t=  108.00 -8.09e-16 | 1.6612 14.91  20129    0      0      0 | 1.4021 14.72 | 0.00e+00 4.07e-02 |   0.5547 0.3698  2.6360  2.8397 0.500 16.00 | PAIR-CHANNEL-DEAD
# CONVTAG t=108.00 rough=0.000000 cond=0.241116 evap=0.739238 backs=0.096422
# QATOM t=108.10 dir=DF w=2.23140748 e=0.408410459838
t=  112.00 -8.09e-16 | 1.6612 14.93  20161    0      0      0 | 1.4026 14.73 | 0.00e+00 4.24e-02 |   0.5720 0.3813  2.7086  2.9074 0.500 15.50 | PAIR-CHANNEL-DEAD
# CONVTAG t=112.00 rough=0.000000 cond=0.241116 evap=0.739238 backs=0.096422
t=  116.00 -8.09e-16 | 1.6616 14.95  20178    0      0      0 | 1.4027 14.72 | 0.00e+00 3.16e-02 |   0.6277 0.4185  2.5505  3.0404 0.500 14.50 | PAIR-CHANNEL-DEAD
# CONVTAG t=116.00 rough=0.000000 cond=0.241116 evap=0.739238 backs=0.096422
# QATOM t=116.64 dir=DF w=2.27476073 e=0.416345326998
t=  120.00 -8.09e-16 | 1.6617 14.96  20191    0      0      0 | 1.4029 14.73 | 0.00e+00 4.93e-02 |   0.6965 0.4643  2.2779  3.2219 0.500 15.00 | PAIR-CHANNEL-DEAD
# CONVTAG t=120.00 rough=0.000000 cond=0.241116 evap=0.739238 backs=0.096422
#
# RESULT drift_rel -8.091e-16
# RESULT births 0 deaths 0 beta_returns 0 beta_energy 0.000000e+00
# RESULT conv rough=1.117248 cond=630.241212 evap=0.000000 backs=26.578445 rad=202.650834
# RESULT convtag rough=0.000000 cond=0.241116 evap=0.739238 backs=0.096422 net=-0.401700
# RESULT geometry phi_nom=1.6617 z_live=14.96 dbar=1.4029 sigma_d=0.1473
# RESULT pair CHANNEL DEAD
