# freecell — v89 free-cell substance test (exp=pair)
# laws = laws_V2g VERBATIM (defaults): C=1 w1=1.65 w2=2.9 q_detune=1.2
# gamma_res=0.25 gamma_res_m=0.1 p_gate=8 lock_floor=0.005 k_dep=1.2 k_dep_m=2 cap=2.5
# e_s0=1 es_floor=0.05 e_cond=0 f_conv=0.25 f_evap=0.5 s_pull=0.15
# kappa_lock=1 kappa_align=0.5 s_k=0.06 s_disp=0.3 sigma_tumble=0.01
# comb_limit=6 rough_k=0.35 gamma_rough=0.5 mob_sym=1 mob_floor=0.004 field_J=1.8
# quant_A0=1.15 quant_mode=2 (A0eff=1.15)
# v91 radiance (laws_V3r candidate A): k_rad=0 p_rad=4 rad_clock=0
# GEOMETRY (apparatus): cfac=1.15 k_rep=1 mob_geo=1 kappa_bond=1 freeze_geo=1
# bath=1 bath_frac=1 jam_sweeps=800 jam_k=0.1 L=16 dt=0.02 T=120 seed=20260802 diag_every=200
# JAM sweeps=800 max_step=1.402e-04 (tol 1.0e-04, k_end=0.0010) — witness for the settle
# SEED pair: i=475 j=1565 x=0.4800/0.0000 p:q=1:1 m=1 d*=1.325538 d0=6.984974 (doff +5.6745)
# SEED pair radii r=0.7645 contact=1.6636  Em/voice=1.2000
# SEED noise: amp=0.5 (e1-class churn)
# INIT NC=2700 slots=25950 live=20843 phi_nom=1.7043 z_live=15.44 dbar=1.4113 sigma_d=14.79% E0=3371.945190308
#
# t | drift_rel | phi_nom z_live NLa NLd births deaths | dbar sigma_d% | maxstep maxbond | Em_tag ret com_dev rms conn z_tag | pair: d delta gf gb | core/far
t=    0.00 +0.00e+00 | 1.7043 15.44  20843    0      0      0 | 1.4113 14.79 | 0.00e+00 0.00e+00 |   1.2000 1.0000  3.6101  0.0000 0.500 15.00 | PAIR-CHANNEL-DEAD
# CONVTAG t=0.00 rough=0.000000 cond=0.000000 evap=0.000000 backs=0.000000
t=    4.00 -5.39e-16 | 1.7045 15.35  20718    0      0      0 | 1.4098 14.79 | 0.00e+00 1.48e-06 |   1.1994 0.9995  3.6101  0.0000 0.500 14.00 | PAIR-CHANNEL-DEAD
# CONVTAG t=4.00 rough=0.000000 cond=0.000000 evap=0.000000 backs=0.000000
# QATOM t=5.36 dir=FD w=1.65 e=0.301996504517
t=    8.00 -9.44e-16 | 1.7041 15.32  20688    0      0      0 | 1.4094 14.79 | 0.00e+00 1.93e-04 |   1.1975 0.9979  3.6101  0.0000 0.500 13.50 | PAIR-CHANNEL-DEAD
# CONVTAG t=8.00 rough=0.000000 cond=0.000000 evap=0.000000 backs=0.000000
t=   12.00 -9.44e-16 | 1.7026 15.33  20690    0      0      0 | 1.4095 14.79 | 0.00e+00 4.53e-03 |   1.1959 0.9966  3.6100  0.0064 0.500 13.50 | PAIR-CHANNEL-DEAD
# CONVTAG t=12.00 rough=0.000000 cond=0.000000 evap=0.000000 backs=0.000000
t=   16.00 -9.44e-16 | 1.7002 15.29  20637    0      0      0 | 1.4088 14.79 | 0.00e+00 5.67e-03 |   1.1956 0.9963  3.6100  0.0188 0.500 13.50 | PAIR-CHANNEL-DEAD
# CONVTAG t=16.00 rough=0.000000 cond=0.000000 evap=0.000000 backs=0.000000
# QATOM t=17.66 dir=FD w=1.6498159 e=0.301962809601
t=   20.00 -9.44e-16 | 1.6962 15.23  20562    0      0      0 | 1.4079 14.78 | 0.00e+00 1.55e-02 |   1.1941 0.9951  3.6088  0.1162 0.500 13.50 | PAIR-CHANNEL-DEAD
# CONVTAG t=20.00 rough=0.000000 cond=0.000000 evap=0.000000 backs=0.000000
# QATOM t=22.32 dir=FD w=1.42055299 e=0.260001235737
t=   24.00 -9.44e-16 | 1.6904 15.19  20501    0      0      0 | 1.4070 14.77 | 0.00e+00 2.79e-02 |   1.1918 0.9932  3.5832  0.4398 0.500 14.00 | PAIR-CHANNEL-DEAD
# CONVTAG t=24.00 rough=0.000000 cond=0.000000 evap=0.000000 backs=0.000000
# QATOM t=26.38 dir=FD w=1.64599578 e=0.301263618862
t=   28.00 -9.44e-16 | 1.6847 15.13  20432    0      0      0 | 1.4061 14.76 | 0.00e+00 2.91e-02 |   1.1885 0.9904  3.5776  0.4753 0.500 14.00 | PAIR-CHANNEL-DEAD
# CONVTAG t=28.00 rough=0.000000 cond=0.000000 evap=0.000000 backs=0.000000
# QATOM t=30.40 dir=FD w=1.64970625 e=0.301942740198
t=   32.00 -1.08e-15 | 1.6795 15.07  20343    0      0      0 | 1.4049 14.75 | 0.00e+00 1.81e-02 |   1.1869 0.9891  3.5600  0.6223 0.500 13.50 | PAIR-CHANNEL-DEAD
# CONVTAG t=32.00 rough=0.000000 cond=0.000000 evap=0.000000 backs=0.000000
# QATOM t=35.66 dir=FD w=1.64840022 e=0.301703699626
t=   36.00 -1.08e-15 | 1.6754 15.04  20303    0      0      0 | 1.4043 14.74 | 0.00e+00 2.27e-02 |   1.1824 0.9853  3.5485  0.6951 0.500 13.50 | PAIR-CHANNEL-DEAD
# CONVTAG t=36.00 rough=0.000000 cond=0.000000 evap=0.000000 backs=0.000000
t=   40.00 -1.08e-15 | 1.6718 15.02  20279    0      0      0 | 1.4039 14.72 | 0.00e+00 2.47e-02 |   1.4261 1.1884  3.4988  0.9131 0.500 13.00 | PAIR-CHANNEL-DEAD
# CONVTAG t=40.00 rough=0.000000 cond=0.192728 evap=0.000000 backs=0.000000
# QATOM t=42.62 dir=FD w=1.63591527 e=0.299418601857
t=   44.00 -1.08e-15 | 1.6692 14.99  20240    0      0      0 | 1.4034 14.72 | 0.00e+00 3.15e-02 |   1.4233 1.1861  3.4919  0.9023 0.500 13.00 | PAIR-CHANNEL-DEAD
# CONVTAG t=44.00 rough=0.000000 cond=0.192728 evap=0.000000 backs=0.000000
t=   48.00 -1.08e-15 | 1.6673 14.98  20217    0      0      0 | 1.4031 14.72 | 0.00e+00 2.75e-02 |   1.4418 1.2015  3.4090  1.1695 0.500 13.00 | PAIR-CHANNEL-DEAD
# CONVTAG t=48.00 rough=0.000000 cond=0.192728 evap=0.000000 backs=0.000000
t=   52.00 -1.08e-15 | 1.6654 14.95  20184    0      0      0 | 1.4027 14.71 | 0.00e+00 3.66e-02 |   1.4752 1.2294  3.2510  1.5813 0.500 13.00 | PAIR-CHANNEL-DEAD
# CONVTAG t=52.00 rough=0.000000 cond=0.192728 evap=0.000000 backs=0.000000
# QATOM t=52.80 dir=FD w=1.31080464 e=0.239914193247
t=   56.00 -9.44e-16 | 1.6634 14.93  20159    0      0      0 | 1.4023 14.71 | 0.00e+00 3.01e-02 |   1.4671 1.2226  3.2364  1.5749 0.500 12.50 | PAIR-CHANNEL-DEAD
# CONVTAG t=56.00 rough=0.000000 cond=0.192728 evap=0.000000 backs=0.000000
t=   60.00 -1.08e-15 | 1.6616 14.92  20139    0      0      0 | 1.4020 14.70 | 0.00e+00 3.77e-02 |   1.4488 1.2074  3.2557  1.5620 0.500 13.00 | PAIR-CHANNEL-DEAD
# CONVTAG t=60.00 rough=0.000000 cond=0.192728 evap=0.000000 backs=0.000000
t=   64.00 -1.08e-15 | 1.6605 14.89  20096    0      0      0 | 1.4014 14.70 | 0.00e+00 2.86e-02 |   1.4155 1.1796  3.4178  1.2048 0.500 13.00 | PAIR-CHANNEL-DEAD
# CONVTAG t=64.00 rough=0.000000 cond=0.192728 evap=0.000000 backs=0.000000
t=   68.00 -1.08e-15 | 1.6596 14.87  20077    0      0      0 | 1.4012 14.70 | 0.00e+00 3.03e-02 |   1.4546 1.2122  3.1922  1.7550 0.500 13.00 | PAIR-CHANNEL-DEAD
# CONVTAG t=68.00 rough=0.000000 cond=0.192728 evap=0.000000 backs=0.000000
# QATOM t=68.32 dir=FD w=1.37058562 e=0.250855798569
t=   72.00 -1.08e-15 | 1.6586 14.86  20062    0      0      0 | 1.4011 14.70 | 0.00e+00 2.71e-02 |   1.6358 1.3632  2.4661  2.6468 0.500 13.00 | PAIR-CHANNEL-DEAD
# CONVTAG t=72.00 rough=0.000000 cond=0.192728 evap=0.000000 backs=0.000000
t=   76.00 -1.08e-15 | 1.6578 14.87  20077    0      0      0 | 1.4013 14.70 | 0.00e+00 3.65e-02 |   1.4745 1.2287  3.1068  2.1553 0.500 13.00 | PAIR-CHANNEL-DEAD
# CONVTAG t=76.00 rough=0.000000 cond=0.192728 evap=0.000000 backs=0.000000
t=   80.00 -1.08e-15 | 1.6573 14.87  20075    0      0      0 | 1.4013 14.71 | 0.00e+00 4.24e-02 |   1.4137 1.1781  3.0173  2.2033 0.500 13.00 | PAIR-CHANNEL-DEAD
# CONVTAG t=80.00 rough=0.000000 cond=0.192728 evap=0.000000 backs=0.000000
t=   84.00 -9.44e-16 | 1.6566 14.85  20047    0      0      0 | 1.4009 14.70 | 0.00e+00 4.27e-02 |   1.3762 1.1468  3.2286  1.9556 0.500 14.00 | PAIR-CHANNEL-DEAD
# CONVTAG t=84.00 rough=0.000000 cond=0.192728 evap=0.000000 backs=0.000000
t=   88.00 -9.44e-16 | 1.6560 14.83  20027    0      0      0 | 1.4007 14.70 | 0.00e+00 4.09e-02 |   1.3546 1.1288  3.3485  1.6232 0.500 14.00 | PAIR-CHANNEL-DEAD
# CONVTAG t=88.00 rough=0.000000 cond=0.192728 evap=0.000000 backs=0.000000
t=   92.00 -9.44e-16 | 1.6555 14.84  20039    0      0      0 | 1.4008 14.70 | 0.00e+00 4.03e-02 |   1.3627 1.1356  3.3953  1.5205 0.500 14.00 | PAIR-CHANNEL-DEAD
# CONVTAG t=92.00 rough=0.000000 cond=0.192728 evap=0.000000 backs=0.000000
t=   96.00 -9.44e-16 | 1.6552 14.84  20032    0      0      0 | 1.4007 14.70 | 0.00e+00 3.56e-02 |   1.3732 1.1444  3.2410  1.8287 0.500 14.00 | PAIR-CHANNEL-DEAD
# CONVTAG t=96.00 rough=0.000000 cond=0.192728 evap=0.000000 backs=0.000000
t=  100.00 -9.44e-16 | 1.6551 14.84  20037    0      0      0 | 1.4008 14.70 | 0.00e+00 3.65e-02 |   1.3205 1.1004  3.4751  1.2195 0.500 13.50 | PAIR-CHANNEL-DEAD
# CONVTAG t=100.00 rough=0.000000 cond=0.192728 evap=0.000000 backs=0.000000
# QATOM t=103.08 dir=FD w=1.63395526 e=0.299059864583
t=  104.00 -9.44e-16 | 1.6548 14.82  20003    0      0      0 | 1.4004 14.70 | 0.00e+00 3.39e-02 |   1.4530 1.2108  3.4489  1.2817 0.500 13.50 | PAIR-CHANNEL-DEAD
# CONVTAG t=104.00 rough=0.000000 cond=0.192728 evap=0.000000 backs=0.000000
t=  108.00 -9.44e-16 | 1.6545 14.82  20010    0      0      0 | 1.4005 14.70 | 0.00e+00 4.44e-02 |   1.4713 1.2261  3.4195  1.3552 0.500 13.50 | PAIR-CHANNEL-DEAD
# CONVTAG t=108.00 rough=0.000000 cond=0.192728 evap=0.000000 backs=0.000000
t=  112.00 -9.44e-16 | 1.6543 14.82  20001    0      0      0 | 1.4003 14.70 | 0.00e+00 4.70e-02 |   1.2586 1.0489  3.3694  1.5171 0.500 13.50 | PAIR-CHANNEL-DEAD
# CONVTAG t=112.00 rough=0.000000 cond=0.192728 evap=0.000000 backs=0.000000
t=  116.00 -9.44e-16 | 1.6540 14.81  19989    0      0      0 | 1.4002 14.70 | 0.00e+00 3.94e-02 |   0.9368 0.7807  3.2508  1.8376 0.500 14.00 | PAIR-CHANNEL-DEAD
# CONVTAG t=116.00 rough=0.000000 cond=0.192728 evap=0.000000 backs=0.000000
t=  120.00 -9.44e-16 | 1.6538 14.80  19982    0      0      0 | 1.4001 14.70 | 0.00e+00 3.94e-02 |   1.0191 0.8493  2.7234  2.4475 0.500 15.00 | PAIR-CHANNEL-DEAD
# CONVTAG t=120.00 rough=0.000000 cond=0.192728 evap=0.000000 backs=0.000000
#
# RESULT drift_rel -9.440e-16
# RESULT births 0 deaths 0 beta_returns 0 beta_energy 0.000000e+00
# RESULT conv rough=5.273437 cond=533.527021 evap=0.000000 backs=0.687840 rad=0.000000
# RESULT convtag rough=0.000000 cond=0.192728 evap=0.000000 backs=0.000000 net=0.192728
# RESULT geometry phi_nom=1.6538 z_live=14.80 dbar=1.4001 sigma_d=0.1470
# RESULT pair CHANNEL DEAD
