# freecell — v89 free-cell substance test (exp=pair)
# laws = laws_V2g VERBATIM (defaults): C=1 w1=1.65 w2=2.9 q_detune=1.2
# gamma_res=0.25 gamma_res_m=0.1 p_gate=8 lock_floor=0.005 k_dep=1.2 k_dep_m=2 cap=2.5
# e_s0=1 es_floor=0.05 e_cond=0 f_conv=0.25 f_evap=0.5 s_pull=0.15
# kappa_lock=1 kappa_align=0.5 s_k=0.06 s_disp=0.3 sigma_tumble=0.01
# comb_limit=6 rough_k=0.35 gamma_rough=0.5 mob_sym=1 mob_floor=0.004 field_J=1.8
# quant_A0=1.15 quant_mode=2 (A0eff=1.15)
# v91 radiance (laws_V3r candidate A): k_rad=0.02 p_rad=4 rad_clock=0
# GEOMETRY (apparatus): cfac=1.15 k_rep=1 mob_geo=1 kappa_bond=1 freeze_geo=1
# bath=1 bath_frac=1 jam_sweeps=800 jam_k=0.1 L=16 dt=0.02 T=120 seed=20260802 diag_every=200
# JAM sweeps=800 max_step=1.402e-04 (tol 1.0e-04, k_end=0.0010) — witness for the settle
# SEED pair: i=475 j=1565 x=0.2800/0.0000 p:q=1:1 m=1 d*=1.239126 d0=6.984974 (doff +5.7609)
# SEED pair radii r=0.7837 contact=1.6828  Em/voice=0.7000
# SEED noise: amp=0.5 (e1-class churn)
# INIT NC=2700 slots=25950 live=20845 phi_nom=1.7043 z_live=15.44 dbar=1.4113 sigma_d=14.79% E0=3371.510407699
#
# t | drift_rel | phi_nom z_live NLa NLd births deaths | dbar sigma_d% | maxstep maxbond | Em_tag ret com_dev rms conn z_tag | pair: d delta gf gb | core/far
t=    0.00 +0.00e+00 | 1.7043 15.44  20845    0      0      0 | 1.4113 14.79 | 0.00e+00 0.00e+00 |   0.7000 1.0000  3.6101  0.0000 0.500 16.00 | PAIR-CHANNEL-DEAD
# CONVTAG t=0.00 rough=0.000000 cond=0.000000 evap=0.000000 backs=0.000000
t=    4.00 -4.05e-16 | 1.7045 15.35  20719    0      0      0 | 1.4098 14.79 | 0.00e+00 5.51e-06 |   0.6989 0.9985  3.6101  0.0000 0.500 14.50 | PAIR-CHANNEL-DEAD
# CONVTAG t=4.00 rough=0.000000 cond=0.000000 evap=0.000000 backs=0.000000
# QATOM t=5.36 dir=FD w=1.65 e=0.301996504517
t=    8.00 -8.09e-16 | 1.7042 15.33  20691    0      0      0 | 1.4095 14.79 | 0.00e+00 1.93e-04 |   0.6944 0.9920  3.6101  0.0008 0.500 14.00 | PAIR-CHANNEL-DEAD
# CONVTAG t=8.00 rough=0.000000 cond=0.000000 evap=0.000000 backs=0.000000
t=   12.00 -9.44e-16 | 1.7026 15.33  20689    0      0      0 | 1.4094 14.79 | 0.00e+00 4.53e-03 |   0.6926 0.9894  3.6100  0.0228 0.500 14.00 | PAIR-CHANNEL-DEAD
# CONVTAG t=12.00 rough=0.000000 cond=0.000000 evap=0.000000 backs=0.000000
t=   16.00 -9.44e-16 | 1.7002 15.28  20632    0      0      0 | 1.4087 14.78 | 0.00e+00 7.17e-03 |   0.6889 0.9841  3.6098  0.0412 0.500 14.00 | PAIR-CHANNEL-DEAD
# CONVTAG t=16.00 rough=0.000000 cond=0.000000 evap=0.000000 backs=0.000000
# QATOM t=17.62 dir=FD w=1.64953024 e=0.301910525412
t=   20.00 -9.44e-16 | 1.6961 15.23  20557    0      0      0 | 1.4078 14.78 | 0.00e+00 9.68e-03 |   0.6874 0.9820  3.6084  0.1066 0.500 15.00 | PAIR-CHANNEL-DEAD
# CONVTAG t=20.00 rough=0.000000 cond=0.000000 evap=0.000000 backs=0.000000
# QATOM t=22.30 dir=FD w=1.64921556 e=0.301852929339
t=   24.00 -9.44e-16 | 1.6906 15.19  20500    0      0      0 | 1.4070 14.77 | 0.00e+00 2.76e-02 |   0.6874 0.9819  3.5952  0.3169 0.500 15.00 | PAIR-CHANNEL-DEAD
# CONVTAG t=24.00 rough=0.000000 cond=0.000000 evap=0.000000 backs=0.000000
# QATOM t=26.56 dir=FD w=1.64986159 e=0.301971170744
t=   28.00 -9.44e-16 | 1.6853 15.14  20438    0      0      0 | 1.4062 14.76 | 0.00e+00 3.11e-02 |   0.6877 0.9824  3.5479  0.6496 0.500 15.00 | PAIR-CHANNEL-DEAD
# CONVTAG t=28.00 rough=0.000000 cond=0.000000 evap=0.000000 backs=0.000000
# QATOM t=30.94 dir=FD w=1.64921307 e=0.301852474027
t=   32.00 -9.44e-16 | 1.6799 15.07  20342    0      0      0 | 1.4049 14.74 | 0.00e+00 2.03e-02 |   0.7269 1.0384  3.5535  0.6161 0.500 14.00 | PAIR-CHANNEL-DEAD
# CONVTAG t=32.00 rough=0.000000 cond=0.000000 evap=0.000000 backs=0.000000
# QATOM t=35.96 dir=FD w=1.64316179 e=0.300744919673
t=   36.00 -9.44e-16 | 1.6759 15.05  20319    0      0      0 | 1.4045 14.74 | 0.00e+00 3.14e-02 |   1.0456 1.4937  2.2428  2.7749 0.500 14.00 | PAIR-CHANNEL-DEAD
# CONVTAG t=36.00 rough=0.000000 cond=0.301121 evap=0.000000 backs=0.000000
t=   40.00 -9.44e-16 | 1.6722 15.03  20291    0      0      0 | 1.4041 14.73 | 0.00e+00 2.80e-02 |   1.0384 1.4834  2.2040  2.8043 0.500 14.00 | PAIR-CHANNEL-DEAD
# CONVTAG t=40.00 rough=0.000000 cond=0.301121 evap=0.000000 backs=0.000000
# QATOM t=42.28 dir=FD w=1.64453843 e=0.300996883072
t=   44.00 -9.44e-16 | 1.6692 15.00  20252    0      0      0 | 1.4037 14.73 | 0.00e+00 2.91e-02 |   0.7573 1.0818  2.0251  2.9260 0.500 13.50 | PAIR-CHANNEL-DEAD
# CONVTAG t=44.00 rough=0.000000 cond=0.301121 evap=0.000000 backs=0.000000
t=   48.00 -9.44e-16 | 1.6673 14.97  20213    0      0      0 | 1.4032 14.73 | 0.00e+00 3.43e-02 |   0.6196 0.8852  2.5504  2.4952 0.500 14.50 | PAIR-CHANNEL-DEAD
# CONVTAG t=48.00 rough=0.000000 cond=0.301121 evap=0.000000 backs=0.000000
# QATOM t=50.88 dir=FD w=1.6443709 e=0.300966219767
t=   52.00 -9.44e-16 | 1.6649 14.95  20184    0      0      0 | 1.4027 14.72 | 0.00e+00 3.04e-02 |   0.8492 1.2131  1.6361  3.1401 0.500 14.50 | PAIR-CHANNEL-DEAD
# CONVTAG t=52.00 rough=0.000000 cond=0.301121 evap=0.000000 backs=0.000000
t=   56.00 -9.44e-16 | 1.6636 14.93  20155    0      0      0 | 1.4023 14.71 | 0.00e+00 3.45e-02 |   1.1040 1.5771  0.7215  3.4418 0.500 14.00 | PAIR-CHANNEL-DEAD
# CONVTAG t=56.00 rough=0.000000 cond=0.301121 evap=0.000000 backs=0.000000
t=   60.00 -9.44e-16 | 1.6623 14.93  20159    0      0      0 | 1.4024 14.72 | 0.00e+00 4.39e-02 |   0.8850 1.2643  0.9924  3.3811 0.500 14.00 | PAIR-CHANNEL-DEAD
# CONVTAG t=60.00 rough=0.000000 cond=0.301121 evap=0.000000 backs=0.000000
t=   64.00 -9.44e-16 | 1.6614 14.92  20138    0      0      0 | 1.4021 14.71 | 0.00e+00 3.95e-02 |   1.2209 1.7441  0.3164  3.4835 0.500 14.50 | PAIR-CHANNEL-DEAD
# CONVTAG t=64.00 rough=0.000000 cond=0.301121 evap=0.000000 backs=0.000000
# QATOM t=64.14 dir=DF w=1.92692853 e=0.352682229863
t=   68.00 -9.44e-16 | 1.6611 14.90  20111    0      0      0 | 1.4017 14.71 | 0.00e+00 4.11e-02 |   1.1282 1.6117  0.6883  3.4489 0.500 14.50 | PAIR-CHANNEL-DEAD
# CONVTAG t=68.00 rough=0.000000 cond=0.301121 evap=0.000000 backs=0.000000
t=   72.00 -9.44e-16 | 1.6607 14.91  20130    0      0      0 | 1.4020 14.71 | 0.00e+00 3.76e-02 |   0.6195 0.8851  1.1718  3.3336 0.500 14.50 | PAIR-CHANNEL-DEAD
# CONVTAG t=72.00 rough=0.000000 cond=0.301121 evap=0.000000 backs=0.000000
t=   76.00 -9.44e-16 | 1.6608 14.90  20121    0      0      0 | 1.4018 14.71 | 0.00e+00 3.87e-02 |   0.8015 1.1450  0.8972  3.3760 0.500 14.00 | PAIR-CHANNEL-DEAD
# CONVTAG t=76.00 rough=0.000000 cond=0.301121 evap=0.000000 backs=0.000000
# QATOM t=77.78 dir=FD w=1.60377646 e=0.293536294685
t=   80.00 -9.44e-16 | 1.6607 14.89  20098    0      0      0 | 1.4016 14.71 | 0.00e+00 3.00e-02 |   0.6277 0.8968  1.5720  3.1667 0.500 14.00 | PAIR-CHANNEL-DEAD
# CONVTAG t=80.00 rough=0.000000 cond=0.301121 evap=0.398386 backs=0.051963
t=   84.00 -9.44e-16 | 1.6607 14.90  20110    0      0      0 | 1.4017 14.71 | 0.00e+00 2.96e-02 |   0.6380 0.9115  1.5118  3.1817 0.500 15.00 | PAIR-CHANNEL-DEAD
# CONVTAG t=84.00 rough=0.000000 cond=0.301121 evap=0.398386 backs=0.051963
t=   88.00 -9.44e-16 | 1.6602 14.90  20110    0      0      0 | 1.4018 14.71 | 0.00e+00 4.51e-02 |   0.4694 0.6705  0.9194  3.4454 0.500 15.00 | PAIR-CHANNEL-DEAD
# CONVTAG t=88.00 rough=0.000000 cond=0.301121 evap=0.398386 backs=0.051963
# QATOM t=89.40 dir=FD w=1.63638343 e=0.299504287915
t=   92.00 -9.44e-16 | 1.6603 14.88  20082    0      0      0 | 1.4014 14.71 | 0.00e+00 4.22e-02 |   0.5906 0.8437  1.2755  3.2865 0.500 15.00 | PAIR-CHANNEL-DEAD
# CONVTAG t=92.00 rough=0.000000 cond=0.301121 evap=0.398386 backs=0.051963
t=   96.00 -9.44e-16 | 1.6603 14.88  20082    0      0      0 | 1.4015 14.72 | 0.00e+00 4.44e-02 |   0.5879 0.8399  1.4599  3.2158 0.500 14.50 | PAIR-CHANNEL-DEAD
# CONVTAG t=96.00 rough=0.000000 cond=0.301121 evap=0.398386 backs=0.051963
t=  100.00 -9.44e-16 | 1.6603 14.88  20094    0      0      0 | 1.4015 14.71 | 0.00e+00 4.54e-02 |   0.5560 0.7943  1.3658  3.2583 0.500 15.00 | PAIR-CHANNEL-DEAD
# CONVTAG t=100.00 rough=0.000000 cond=0.301121 evap=0.398386 backs=0.051963
# QATOM t=100.52 dir=DF w=2.28664457 e=0.418520405227
t=  104.00 -9.44e-16 | 1.6602 14.89  20098    0      0      0 | 1.4016 14.71 | 0.00e+00 4.47e-02 |   0.5011 0.7159  1.2966  3.2755 0.500 14.50 | PAIR-CHANNEL-DEAD
# CONVTAG t=104.00 rough=0.000000 cond=0.301121 evap=0.398386 backs=0.051963
t=  108.00 -9.44e-16 | 1.6598 14.87  20071    0      0      0 | 1.4013 14.71 | 0.00e+00 4.29e-02 |   0.4383 0.6262  0.8352  3.4215 0.500 15.00 | PAIR-CHANNEL-DEAD
# CONVTAG t=108.00 rough=0.000000 cond=0.301121 evap=0.398386 backs=0.051963
# QATOM t=111.72 dir=FD w=1.62183755 e=0.29684198317
t=  112.00 -1.08e-15 | 1.6598 14.89  20102    0      0      0 | 1.4018 14.72 | 0.00e+00 4.80e-02 |   0.4090 0.5843  0.5896  3.4581 0.500 15.00 | PAIR-CHANNEL-DEAD
# CONVTAG t=112.00 rough=0.000000 cond=0.301121 evap=0.398386 backs=0.051963
t=  116.00 -1.08e-15 | 1.6599 14.91  20125    0      0      0 | 1.4020 14.72 | 0.00e+00 4.51e-02 |   0.3283 0.4690  1.3655  3.2648 0.500 15.00 | PAIR-CHANNEL-DEAD
# CONVTAG t=116.00 rough=0.000000 cond=0.301121 evap=0.398386 backs=0.051963
t=  120.00 -1.08e-15 | 1.6600 14.91  20125    0      0      0 | 1.4020 14.71 | 0.00e+00 3.97e-02 |   0.3958 0.5655  0.3505  3.4749 0.500 15.50 | PAIR-CHANNEL-DEAD
# CONVTAG t=120.00 rough=0.000000 cond=0.301121 evap=0.398386 backs=0.051963
#
# RESULT drift_rel -1.079e-15
# RESULT births 0 deaths 0 beta_returns 0 beta_energy 0.000000e+00
# RESULT conv rough=1.142462 cond=619.765756 evap=0.000000 backs=22.703039 rad=172.914173
# RESULT convtag rough=0.000000 cond=0.301121 evap=0.398386 backs=0.051963 net=-0.045301
# RESULT geometry phi_nom=1.6600 z_live=14.91 dbar=1.4020 sigma_d=0.1471
# RESULT pair CHANNEL DEAD
