# freecell — v89 free-cell substance test (exp=pair)
# laws = laws_V2g VERBATIM (defaults): C=1 w1=1.65 w2=2.9 q_detune=1.2
# gamma_res=0.25 gamma_res_m=0.1 p_gate=8 lock_floor=0.005 k_dep=1.2 k_dep_m=2 cap=2.5
# e_s0=1 es_floor=0.05 e_cond=0 f_conv=0.25 f_evap=0.5 s_pull=0.15
# kappa_lock=1 kappa_align=0.5 s_k=0.06 s_disp=0.3 sigma_tumble=0.01
# comb_limit=6 rough_k=0.35 gamma_rough=0.5 mob_sym=1 mob_floor=0.004 field_J=1.8
# quant_A0=1.15 quant_mode=2 (A0eff=1.15)
# v91 radiance (laws_V3r candidate A): k_rad=0.3 p_rad=4 rad_clock=0
# GEOMETRY (apparatus): cfac=1.15 k_rep=1 mob_geo=1 kappa_bond=1 freeze_geo=1
# bath=1 bath_frac=1 jam_sweeps=800 jam_k=0.1 L=16 dt=0.02 T=120 seed=20260802 diag_every=200
# JAM sweeps=800 max_step=1.402e-04 (tol 1.0e-04, k_end=0.0010) — witness for the settle
# SEED pair: i=475 j=1565 x=0.8333/0.0000 p:q=1:1 m=1 d*=1.444401 d0=6.984974 (doff +5.5556)
# SEED pair radii r=0.7280 contact=1.6270  Em/voice=2.0833
# SEED noise: amp=0.5 (e1-class churn)
# INIT NC=2700 slots=25950 live=20842 phi_nom=1.7042 z_live=15.44 dbar=1.4113 sigma_d=14.79% E0=3372.713233786
#
# t | drift_rel | phi_nom z_live NLa NLd births deaths | dbar sigma_d% | maxstep maxbond | Em_tag ret com_dev rms conn z_tag | pair: d delta gf gb | core/far
t=    0.00 +0.00e+00 | 1.7042 15.44  20842    0      0      0 | 1.4113 14.79 | 0.00e+00 0.00e+00 |   2.0833 1.0000  3.6101  0.0000 0.500 14.50 | PAIR-CHANNEL-DEAD
# CONVTAG t=0.00 rough=0.000000 cond=0.000000 evap=0.000000 backs=0.000000
t=    4.00 -5.39e-16 | 1.7044 15.35  20717    0      0      0 | 1.4098 14.79 | 0.00e+00 4.41e-04 |   1.9639 0.9427  3.6101  0.0000 0.500 13.00 | PAIR-CHANNEL-DEAD
# CONVTAG t=4.00 rough=0.000000 cond=0.000000 evap=0.000000 backs=0.000000
# QATOM t=5.36 dir=FD w=1.65 e=0.301996504517
t=    8.00 -9.44e-16 | 1.7041 15.32  20686    0      0      0 | 1.4094 14.79 | 0.00e+00 1.19e-03 |   1.9140 0.9187  3.6101  0.0001 0.500 13.00 | PAIR-CHANNEL-DEAD
# CONVTAG t=8.00 rough=0.000000 cond=0.000000 evap=0.000000 backs=0.000000
t=   12.00 -9.44e-16 | 1.7026 15.32  20688    0      0      0 | 1.4094 14.79 | 0.00e+00 4.53e-03 |   1.8962 0.9102  3.6101  0.0009 0.500 12.50 | PAIR-CHANNEL-DEAD
# CONVTAG t=12.00 rough=0.000000 cond=0.000000 evap=0.000000 backs=0.000000
t=   16.00 -9.44e-16 | 1.7002 15.29  20636    0      0      0 | 1.4088 14.79 | 0.00e+00 5.57e-03 |   1.8859 0.9053  3.6100  0.0062 0.500 11.50 | PAIR-CHANNEL-DEAD
# CONVTAG t=16.00 rough=0.000000 cond=0.000000 evap=0.000000 backs=0.000000
# QATOM t=17.78 dir=FD w=1.64994964 e=0.301987287371
t=   20.00 -9.44e-16 | 1.6962 15.23  20558    0      0      0 | 1.4078 14.78 | 0.00e+00 1.39e-02 |   1.6011 0.7686  3.6100  0.0209 0.500 13.00 | PAIR-CHANNEL-DEAD
# CONVTAG t=20.00 rough=0.000000 cond=0.000000 evap=0.278845 backs=0.036371
# QATOM t=22.32 dir=FD w=1.42161917 e=0.260196375433
t=   24.00 -9.44e-16 | 1.6904 15.18  20492    0      0      0 | 1.4069 14.77 | 0.00e+00 3.36e-02 |   1.5644 0.7509  3.6092  0.0766 0.500 13.50 | PAIR-CHANNEL-DEAD
# CONVTAG t=24.00 rough=0.000000 cond=0.000000 evap=0.278845 backs=0.036371
# QATOM t=26.42 dir=FD w=1.64882092 e=0.301780699748
t=   28.00 -9.44e-16 | 1.6849 15.13  20423    0      0      0 | 1.4060 14.76 | 0.00e+00 2.48e-02 |   1.2572 0.6035  3.5835  0.4395 0.500 13.50 | PAIR-CHANNEL-DEAD
# CONVTAG t=28.00 rough=0.000000 cond=0.000000 evap=0.582633 backs=0.075996
# QATOM t=30.60 dir=FD w=1.64894319 e=0.301803078953
t=   32.00 -9.44e-16 | 1.6798 15.07  20348    0      0      0 | 1.4050 14.75 | 0.00e+00 2.82e-02 |   1.2565 0.6031  3.5995  0.3126 0.500 12.50 | PAIR-CHANNEL-DEAD
# CONVTAG t=32.00 rough=0.000000 cond=0.000000 evap=0.582633 backs=0.075996
# QATOM t=35.58 dir=FD w=1.64563135 e=0.301196917582
t=   36.00 -9.44e-16 | 1.6754 15.04  20308    0      0      0 | 1.4044 14.74 | 0.00e+00 2.57e-02 |   1.6762 0.8046  1.8054  3.0914 0.500 12.50 | PAIR-CHANNEL-DEAD
# CONVTAG t=36.00 rough=0.000000 cond=0.301846 evap=0.582633 backs=0.075996
t=   40.00 -9.44e-16 | 1.6717 15.01  20265    0      0      0 | 1.4037 14.72 | 0.00e+00 2.43e-02 |   1.6971 0.8146  1.7441  3.0946 0.500 13.00 | PAIR-CHANNEL-DEAD
# CONVTAG t=40.00 rough=0.000000 cond=0.301846 evap=0.582633 backs=0.075996
# QATOM t=41.82 dir=FD w=1.64615822 e=0.301293349869
t=   44.00 -9.44e-16 | 1.6688 14.96  20201    0      0      0 | 1.4029 14.72 | 0.00e+00 2.85e-02 |   1.7720 0.8506  2.3267  2.7105 0.500 12.50 | PAIR-CHANNEL-DEAD
# CONVTAG t=44.00 rough=0.000000 cond=0.491477 evap=0.582633 backs=0.075996
t=   48.00 -9.44e-16 | 1.6665 14.97  20211    0      0      0 | 1.4031 14.72 | 0.00e+00 2.39e-02 |   1.5739 0.7555  3.0225  1.9399 0.500 13.00 | PAIR-CHANNEL-DEAD
# CONVTAG t=48.00 rough=0.000000 cond=0.491477 evap=0.582633 backs=0.075996
# QATOM t=50.14 dir=FD w=1.16784786 e=0.427498147481
t=   52.00 -9.44e-16 | 1.6648 14.95  20184    0      0      0 | 1.4027 14.72 | 0.00e+00 2.92e-02 |   1.3220 0.6346  2.5508  2.4950 0.500 13.00 | PAIR-CHANNEL-DEAD
# CONVTAG t=52.00 rough=0.000000 cond=0.491477 evap=0.896600 backs=0.116948
t=   56.00 -9.44e-16 | 1.6638 14.93  20156    0      0      0 | 1.4024 14.72 | 0.00e+00 2.81e-02 |   1.2896 0.6190  2.5875  2.4782 0.500 13.50 | PAIR-CHANNEL-DEAD
# CONVTAG t=56.00 rough=0.000000 cond=0.491477 evap=0.896600 backs=0.116948
t=   60.00 -9.44e-16 | 1.6625 14.91  20132    0      0      0 | 1.4020 14.71 | 0.00e+00 3.38e-02 |   1.1782 0.5655  2.8719  2.1368 0.500 13.50 | PAIR-CHANNEL-DEAD
# CONVTAG t=60.00 rough=0.000000 cond=0.491477 evap=0.896600 backs=0.116948
# QATOM t=61.62 dir=FD w=1.64348596 e=0.300804251388
t=   64.00 -9.44e-16 | 1.6613 14.90  20111    0      0      0 | 1.4017 14.71 | 0.00e+00 4.23e-02 |   0.9551 0.4585  2.4849  2.8326 0.500 13.50 | PAIR-CHANNEL-DEAD
# CONVTAG t=64.00 rough=0.000000 cond=0.491477 evap=0.896600 backs=0.116948
t=   68.00 -9.44e-16 | 1.6606 14.90  20117    0      0      0 | 1.4018 14.71 | 0.00e+00 3.51e-02 |   0.8975 0.4308  2.7044  2.3401 0.500 14.00 | PAIR-CHANNEL-DEAD
# CONVTAG t=68.00 rough=0.000000 cond=0.491477 evap=0.896600 backs=0.116948
t=   72.00 -9.44e-16 | 1.6603 14.90  20121    0      0      0 | 1.4018 14.70 | 0.00e+00 3.14e-02 |   1.1761 0.5646  3.0330  1.9120 0.500 14.00 | PAIR-CHANNEL-DEAD
# CONVTAG t=72.00 rough=0.000000 cond=0.491477 evap=0.896600 backs=0.116948
# QATOM t=75.70 dir=DF w=2.37825799 e=0.435288242806
t=   76.00 -9.44e-16 | 1.6603 14.91  20128    0      0      0 | 1.4020 14.71 | 0.00e+00 3.32e-02 |   0.7279 0.3494  2.4161  2.6269 0.500 14.00 | PAIR-CHANNEL-DEAD
# CONVTAG t=76.00 rough=0.000000 cond=0.491477 evap=1.247750 backs=0.162750
t=   80.00 -9.44e-16 | 1.6604 14.92  20141    0      0      0 | 1.4021 14.71 | 0.00e+00 3.31e-02 |   1.0719 0.5146  1.1783  3.3325 0.500 13.50 | PAIR-CHANNEL-DEAD
# CONVTAG t=80.00 rough=0.000000 cond=0.781242 evap=1.247750 backs=0.162750
t=   84.00 -9.44e-16 | 1.6604 14.91  20126    0      0      0 | 1.4019 14.71 | 0.00e+00 4.04e-02 |   0.8357 0.4011  2.6837  2.3634 0.500 13.00 | PAIR-CHANNEL-DEAD
# CONVTAG t=84.00 rough=0.000000 cond=1.008056 evap=1.247750 backs=0.162750
# QATOM t=87.40 dir=DF w=2.28743258 e=0.418664632224
t=   88.00 -9.44e-16 | 1.6607 14.91  20129    0      0      0 | 1.4020 14.71 | 0.00e+00 3.57e-02 |   0.9845 0.4726  2.2988  2.7423 0.500 13.50 | PAIR-CHANNEL-DEAD
# CONVTAG t=88.00 rough=0.000000 cond=1.008056 evap=1.247750 backs=0.162750
t=   92.00 -9.44e-16 | 1.6609 14.91  20132    0      0      0 | 1.4021 14.71 | 0.00e+00 3.69e-02 |   1.0937 0.5250  0.9361  3.4296 0.500 13.50 | PAIR-CHANNEL-DEAD
# CONVTAG t=92.00 rough=0.000000 cond=1.008056 evap=1.247750 backs=0.162750
t=   96.00 -9.44e-16 | 1.6608 14.92  20143    0      0      0 | 1.4022 14.72 | 0.00e+00 4.04e-02 |   0.4651 0.2233  1.5106  3.2278 0.500 13.50 | PAIR-CHANNEL-DEAD
# CONVTAG t=96.00 rough=0.000000 cond=1.008056 evap=1.644458 backs=0.214495
# QATOM t=97.06 dir=FD w=1.64648054 e=0.301352344836
t=  100.00 -1.08e-15 | 1.6610 14.93  20151    0      0      0 | 1.4023 14.72 | 0.00e+00 3.65e-02 |   0.5916 0.2840  1.8111  3.3286 0.500 14.00 | PAIR-CHANNEL-DEAD
# CONVTAG t=100.00 rough=0.000000 cond=1.008056 evap=1.644458 backs=0.214495
t=  104.00 -9.44e-16 | 1.6609 14.92  20138    0      0      0 | 1.4021 14.71 | 0.00e+00 4.82e-02 |   0.7286 0.3497  2.2646  3.0377 0.500 14.00 | PAIR-CHANNEL-DEAD
# CONVTAG t=104.00 rough=0.000000 cond=1.008056 evap=1.644458 backs=0.214495
# QATOM t=106.82 dir=FD w=1.64769979 e=0.301575501727
t=  108.00 -9.44e-16 | 1.6609 14.91  20135    0      0      0 | 1.4021 14.72 | 0.00e+00 2.91e-02 |   0.5674 0.2724  1.8030  3.1285 0.500 14.50 | PAIR-CHANNEL-DEAD
# CONVTAG t=108.00 rough=0.000000 cond=1.008056 evap=1.644458 backs=0.214495
t=  112.00 -9.44e-16 | 1.6606 14.94  20175    0      0      0 | 1.4027 14.73 | 0.00e+00 4.15e-02 |   0.6679 0.3206  1.8656  3.1586 0.500 14.00 | PAIR-CHANNEL-DEAD
# CONVTAG t=112.00 rough=0.000000 cond=1.008056 evap=1.644458 backs=0.214495
t=  116.00 -9.44e-16 | 1.6608 14.91  20130    0      0      0 | 1.4021 14.72 | 0.00e+00 3.47e-02 |   1.0908 0.5236  1.1777  3.3357 0.500 14.00 | PAIR-CHANNEL-DEAD
# CONVTAG t=116.00 rough=0.000000 cond=1.008056 evap=1.644458 backs=0.214495
# QATOM t=116.72 dir=FD w=1.62017842 e=0.296538315341
t=  120.00 -9.44e-16 | 1.6609 14.92  20142    0      0      0 | 1.4022 14.72 | 0.00e+00 3.17e-02 |   0.8977 0.4309  0.9697  3.3861 0.500 13.50 | PAIR-CHANNEL-DEAD
# CONVTAG t=120.00 rough=0.000000 cond=1.008056 evap=1.644458 backs=0.214495
#
# RESULT drift_rel -9.438e-16
# RESULT births 0 deaths 0 beta_returns 0 beta_energy 0.000000e+00
# RESULT conv rough=0.798195 cond=631.182145 evap=0.000000 backs=25.750834 rad=196.624864
# RESULT convtag rough=0.000000 cond=1.008056 evap=1.644458 backs=0.214495 net=-0.421908
# RESULT geometry phi_nom=1.6609 z_live=14.92 dbar=1.4022 sigma_d=0.1472
# RESULT pair CHANNEL DEAD
