# freecell — v89 free-cell substance test (exp=pair)
# laws = laws_V2g VERBATIM (defaults): C=1 w1=1.65 w2=2.9 q_detune=1.2
# gamma_res=0.25 gamma_res_m=0.1 p_gate=8 lock_floor=0.005 k_dep=1.2 k_dep_m=2 cap=2.5
# e_s0=1 es_floor=0.05 e_cond=0 f_conv=0.25 f_evap=0.5 s_pull=0.15
# kappa_lock=1 kappa_align=0.5 s_k=0.06 s_disp=0.3 sigma_tumble=0.01
# comb_limit=6 rough_k=0.35 gamma_rough=0.5 mob_sym=1 mob_floor=0.004 field_J=1.8
# quant_A0=1.15 quant_mode=2 (A0eff=1.15)
# v91 radiance (laws_V3r candidate A): k_rad=0.02 p_rad=4 rad_clock=0
# GEOMETRY (apparatus): cfac=1.15 k_rep=1 mob_geo=1 kappa_bond=1 freeze_geo=1
# bath=1 bath_frac=1 jam_sweeps=800 jam_k=0.1 L=16 dt=0.02 T=120 seed=20260802 diag_every=200
# JAM sweeps=800 max_step=1.402e-04 (tol 1.0e-04, k_end=0.0010) — witness for the settle
# SEED pair: i=475 j=1565 x=0.7000/0.0000 p:q=1:1 m=1 d*=1.403723 d0=6.984974 (doff +5.5963)
# SEED pair radii r=0.7422 contact=1.6412  Em/voice=1.7500
# SEED noise: amp=0.5 (e1-class churn)
# INIT NC=2700 slots=25950 live=20843 phi_nom=1.7043 z_live=15.44 dbar=1.4113 sigma_d=14.79% E0=3372.423451177
#
# t | drift_rel | phi_nom z_live NLa NLd births deaths | dbar sigma_d% | maxstep maxbond | Em_tag ret com_dev rms conn z_tag | pair: d delta gf gb | core/far
t=    0.00 +0.00e+00 | 1.7043 15.44  20843    0      0      0 | 1.4113 14.79 | 0.00e+00 0.00e+00 |   1.7500 1.0000  3.6101  0.0000 0.500 15.00 | PAIR-CHANNEL-DEAD
# CONVTAG t=0.00 rough=0.000000 cond=0.000000 evap=0.000000 backs=0.000000
t=    4.00 -4.05e-16 | 1.7044 15.35  20717    0      0      0 | 1.4098 14.79 | 0.00e+00 2.72e-05 |   1.7440 0.9966  3.6101  0.0000 0.500 13.00 | PAIR-CHANNEL-DEAD
# CONVTAG t=4.00 rough=0.000000 cond=0.000000 evap=0.000000 backs=0.000000
# QATOM t=5.36 dir=FD w=1.65 e=0.301996504517
t=    8.00 -8.09e-16 | 1.7041 15.32  20687    0      0      0 | 1.4094 14.79 | 0.00e+00 8.20e-05 |   1.7380 0.9931  3.6101  0.0001 0.500 13.00 | PAIR-CHANNEL-DEAD
# CONVTAG t=8.00 rough=0.000000 cond=0.000000 evap=0.000000 backs=0.000000
t=   12.00 -8.09e-16 | 1.7026 15.32  20688    0      0      0 | 1.4094 14.79 | 0.00e+00 4.53e-03 |   1.7359 0.9920  3.6101  0.0009 0.500 12.50 | PAIR-CHANNEL-DEAD
# CONVTAG t=12.00 rough=0.000000 cond=0.000000 evap=0.000000 backs=0.000000
t=   16.00 -8.09e-16 | 1.7002 15.29  20638    0      0      0 | 1.4088 14.79 | 0.00e+00 5.64e-03 |   1.7354 0.9916  3.6100  0.0039 0.500 12.00 | PAIR-CHANNEL-DEAD
# CONVTAG t=16.00 rough=0.000000 cond=0.000000 evap=0.000000 backs=0.000000
# QATOM t=17.74 dir=FD w=1.64997106 e=0.301991208566
t=   20.00 -8.09e-16 | 1.6962 15.23  20556    0      0      0 | 1.4078 14.78 | 0.00e+00 1.54e-02 |   1.7343 0.9910  3.6060  0.2018 0.500 13.00 | PAIR-CHANNEL-DEAD
# CONVTAG t=20.00 rough=0.000000 cond=0.000000 evap=0.000000 backs=0.000000
# QATOM t=22.34 dir=FD w=1.6492891 e=0.301866389345
t=   24.00 -8.09e-16 | 1.6905 15.18  20497    0      0      0 | 1.4070 14.77 | 0.00e+00 3.47e-02 |   1.7290 0.9880  3.6094  0.0659 0.500 13.50 | PAIR-CHANNEL-DEAD
# CONVTAG t=24.00 rough=0.000000 cond=0.000000 evap=0.000000 backs=0.000000
# QATOM t=26.56 dir=FD w=1.64591543 e=0.301248913479
t=   28.00 -8.09e-16 | 1.6851 15.13  20426    0      0      0 | 1.4061 14.76 | 0.00e+00 2.58e-02 |   1.7261 0.9863  3.6045  0.1925 0.500 13.00 | PAIR-CHANNEL-DEAD
# CONVTAG t=28.00 rough=0.000000 cond=0.000000 evap=0.000000 backs=0.000000
# QATOM t=30.62 dir=FD w=1.64846429 e=0.301715426566
t=   32.00 -6.74e-16 | 1.6797 15.07  20346    0      0      0 | 1.4050 14.75 | 0.00e+00 2.81e-02 |   1.7255 0.9860  3.5986  0.3013 0.500 12.00 | PAIR-CHANNEL-DEAD
# CONVTAG t=32.00 rough=0.000000 cond=0.000000 evap=0.000000 backs=0.000000
# QATOM t=35.80 dir=FD w=1.42464742 e=0.260750630076
t=   36.00 -6.74e-16 | 1.6755 15.05  20317    0      0      0 | 1.4045 14.74 | 0.00e+00 2.85e-02 |   2.3691 1.3538  1.7121  3.1252 0.500 12.00 | PAIR-CHANNEL-DEAD
# CONVTAG t=36.00 rough=0.000000 cond=0.301738 evap=0.000000 backs=0.000000
t=   40.00 -8.09e-16 | 1.6714 15.02  20279    0      0      0 | 1.4039 14.73 | 0.00e+00 2.86e-02 |   2.2830 1.3046  1.8959  3.0121 0.500 12.00 | PAIR-CHANNEL-DEAD
# CONVTAG t=40.00 rough=0.000000 cond=0.301738 evap=0.000000 backs=0.000000
# QATOM t=41.80 dir=FD w=1.44735232 e=0.264906267664
t=   44.00 -6.74e-16 | 1.6687 14.99  20241    0      0      0 | 1.4034 14.72 | 0.00e+00 2.71e-02 |   1.8747 1.0712  3.0152  1.9502 0.500 12.00 | PAIR-CHANNEL-DEAD
# CONVTAG t=44.00 rough=0.000000 cond=0.301738 evap=0.000000 backs=0.000000
t=   48.00 -6.74e-16 | 1.6663 14.98  20224    0      0      0 | 1.4032 14.72 | 0.00e+00 3.15e-02 |   1.7372 0.9927  3.5107  0.8422 0.500 13.00 | PAIR-CHANNEL-DEAD
# CONVTAG t=48.00 rough=0.000000 cond=0.301738 evap=0.000000 backs=0.000000
# QATOM t=49.96 dir=FD w=1.28415273 e=0.23503614267
t=   52.00 -6.74e-16 | 1.6647 14.95  20180    0      0      0 | 1.4026 14.71 | 0.00e+00 2.93e-02 |   1.7121 0.9783  3.5966  0.3069 0.500 12.50 | PAIR-CHANNEL-DEAD
# CONVTAG t=52.00 rough=0.000000 cond=0.301738 evap=0.000000 backs=0.000000
t=   56.00 -6.74e-16 | 1.6635 14.96  20192    0      0      0 | 1.4028 14.72 | 0.00e+00 2.38e-02 |   1.7148 0.9799  3.5786  0.4686 0.500 13.50 | PAIR-CHANNEL-DEAD
# CONVTAG t=56.00 rough=0.000000 cond=0.301738 evap=0.000000 backs=0.000000
t=   60.00 -6.74e-16 | 1.6622 14.94  20171    0      0      0 | 1.4025 14.71 | 0.00e+00 3.93e-02 |   1.7189 0.9822  3.5319  0.7449 0.500 12.50 | PAIR-CHANNEL-DEAD
# CONVTAG t=60.00 rough=0.000000 cond=0.301738 evap=0.000000 backs=0.000000
# QATOM t=62.22 dir=FD w=1.64462115 e=0.301012022549
t=   64.00 -6.74e-16 | 1.6615 14.96  20191    0      0      0 | 1.4028 14.72 | 0.00e+00 4.67e-02 |   1.9242 1.0995  3.4866  0.9203 0.500 12.50 | PAIR-CHANNEL-DEAD
# CONVTAG t=64.00 rough=0.000000 cond=0.468104 evap=0.000000 backs=0.000000
t=   68.00 -8.09e-16 | 1.6612 14.94  20167    0      0      0 | 1.4025 14.72 | 0.00e+00 3.55e-02 |   1.9402 1.1087  3.4115  1.1606 0.500 12.00 | PAIR-CHANNEL-DEAD
# CONVTAG t=68.00 rough=0.000000 cond=0.468104 evap=0.000000 backs=0.000000
t=   72.00 -8.09e-16 | 1.6607 14.93  20161    0      0      0 | 1.4024 14.71 | 0.00e+00 5.00e-02 |   1.9086 1.0906  3.5109  0.8301 0.500 12.00 | PAIR-CHANNEL-DEAD
# CONVTAG t=72.00 rough=0.000000 cond=0.468104 evap=0.000000 backs=0.000000
# QATOM t=74.88 dir=FD w=1.62578292 e=0.297564095711
t=   76.00 -8.09e-16 | 1.6604 14.94  20163    0      0      0 | 1.4025 14.72 | 0.00e+00 4.24e-02 |   1.8910 1.0806  3.5619  0.5789 0.500 12.50 | PAIR-CHANNEL-DEAD
# CONVTAG t=76.00 rough=0.000000 cond=0.468104 evap=0.000000 backs=0.000000
t=   80.00 -8.09e-16 | 1.6603 14.93  20154    0      0      0 | 1.4024 14.72 | 0.00e+00 3.73e-02 |   1.8756 1.0718  3.5887  0.3852 0.500 12.50 | PAIR-CHANNEL-DEAD
# CONVTAG t=80.00 rough=0.000000 cond=0.468104 evap=0.000000 backs=0.000000
t=   84.00 -8.09e-16 | 1.6602 14.92  20140    0      0      0 | 1.4022 14.72 | 0.00e+00 3.77e-02 |   1.8762 1.0721  3.5827  0.4344 0.500 12.50 | PAIR-CHANNEL-DEAD
# CONVTAG t=84.00 rough=0.000000 cond=0.468104 evap=0.000000 backs=0.000000
# QATOM t=87.18 dir=FD w=1.6290169 e=0.298156005885
t=   88.00 -8.09e-16 | 1.6600 14.91  20127    0      0      0 | 1.4020 14.72 | 0.00e+00 4.08e-02 |   1.8681 1.0675  3.5975  0.3060 0.500 12.00 | PAIR-CHANNEL-DEAD
# CONVTAG t=88.00 rough=0.000000 cond=0.468104 evap=0.000000 backs=0.000000
t=   92.00 -8.09e-16 | 1.6600 14.92  20144    0      0      0 | 1.4023 14.72 | 0.00e+00 3.39e-02 |   1.8664 1.0665  3.5757  0.4862 0.500 12.50 | PAIR-CHANNEL-DEAD
# CONVTAG t=92.00 rough=0.000000 cond=0.468104 evap=0.000000 backs=0.000000
t=   96.00 -8.09e-16 | 1.6600 14.91  20127    0      0      0 | 1.4021 14.72 | 0.00e+00 4.34e-02 |   1.8646 1.0655  3.5655  0.5529 0.500 13.00 | PAIR-CHANNEL-DEAD
# CONVTAG t=96.00 rough=0.000000 cond=0.468104 evap=0.000000 backs=0.000000
# QATOM t=99.90 dir=FD w=1.3614542 e=0.249184491249
t=  100.00 -8.09e-16 | 1.6601 14.92  20136    0      0      0 | 1.4021 14.71 | 0.00e+00 4.49e-02 |   1.8617 1.0638  3.5563  0.6058 0.500 13.50 | PAIR-CHANNEL-DEAD
# CONVTAG t=100.00 rough=0.000000 cond=0.468104 evap=0.000000 backs=0.000000
t=  104.00 -8.09e-16 | 1.6602 14.91  20135    0      0      0 | 1.4021 14.72 | 0.00e+00 5.00e-02 |   1.8665 1.0666  3.5223  0.7719 0.500 13.50 | PAIR-CHANNEL-DEAD
# CONVTAG t=104.00 rough=0.000000 cond=0.468104 evap=0.000000 backs=0.000000
t=  108.00 -8.09e-16 | 1.6604 14.91  20134    0      0      0 | 1.4021 14.71 | 0.00e+00 4.26e-02 |   1.8632 1.0647  3.5234  0.7644 0.500 13.50 | PAIR-CHANNEL-DEAD
# CONVTAG t=108.00 rough=0.000000 cond=0.468104 evap=0.000000 backs=0.000000
# QATOM t=111.50 dir=FD w=1.5064752 e=0.275727421604
t=  112.00 -8.09e-16 | 1.6601 14.89  20101    0      0      0 | 1.4017 14.71 | 0.00e+00 5.00e-02 |   1.5756 0.9003  3.5224  0.7776 0.500 13.50 | PAIR-CHANNEL-DEAD
# CONVTAG t=112.00 rough=0.000000 cond=0.468104 evap=0.281974 backs=0.036779
t=  116.00 -8.09e-16 | 1.6601 14.90  20114    0      0      0 | 1.4017 14.70 | 0.00e+00 4.09e-02 |   1.5845 0.9054  3.4823  0.9319 0.500 13.50 | PAIR-CHANNEL-DEAD
# CONVTAG t=116.00 rough=0.000000 cond=0.468104 evap=0.281974 backs=0.036779
t=  120.00 -8.09e-16 | 1.6600 14.91  20127    0      0      0 | 1.4020 14.71 | 0.00e+00 3.61e-02 |   1.5955 0.9117  3.4304  1.1234 0.500 13.50 | PAIR-CHANNEL-DEAD
# CONVTAG t=120.00 rough=0.000000 cond=0.468104 evap=0.281974 backs=0.036779
#
# RESULT drift_rel -8.091e-16
# RESULT births 0 deaths 0 beta_returns 0 beta_energy 0.000000e+00
# RESULT conv rough=0.000000 cond=618.869946 evap=0.000000 backs=22.098480 rad=169.421680
# RESULT convtag rough=0.000000 cond=0.468104 evap=0.281974 backs=0.036779 net=0.222909
# RESULT geometry phi_nom=1.6600 z_live=14.91 dbar=1.4020 sigma_d=0.1471
# RESULT pair CHANNEL DEAD
