# freecell — v89 free-cell substance test (exp=pair)
# laws = laws_V2g VERBATIM (defaults): C=1 w1=1.65 w2=2.9 q_detune=1.2
# gamma_res=0.25 gamma_res_m=0.1 p_gate=8 lock_floor=0.005 k_dep=1.2 k_dep_m=2 cap=2.5
# e_s0=1 es_floor=0.05 e_cond=0 f_conv=0.25 f_evap=0.5 s_pull=0.15
# kappa_lock=1 kappa_align=0.5 s_k=0.06 s_disp=0.3 sigma_tumble=0.01
# comb_limit=6 rough_k=0.35 gamma_rough=0.5 mob_sym=1 mob_floor=0.004 field_J=1.8
# quant_A0=1.15 quant_mode=2 (A0eff=1.15)
# v91 radiance (laws_V3r candidate A): k_rad=0.01 p_rad=4 rad_clock=0
# GEOMETRY (apparatus): cfac=1.15 k_rep=1 mob_geo=1 kappa_bond=1 freeze_geo=1
# bath=1 bath_frac=1 jam_sweeps=800 jam_k=0.1 L=16 dt=0.02 T=120 seed=20260802 diag_every=200
# JAM sweeps=800 max_step=1.402e-04 (tol 1.0e-04, k_end=0.0010) — witness for the settle
# SEED pair: i=475 j=1565 x=0.8333/0.0000 p:q=1:1 m=1 d*=1.444401 d0=6.984974 (doff +5.5556)
# SEED pair radii r=0.7280 contact=1.6270  Em/voice=2.0833
# SEED noise: amp=0.5 (e1-class churn)
# INIT NC=2700 slots=25950 live=20842 phi_nom=1.7042 z_live=15.44 dbar=1.4113 sigma_d=14.79% E0=3372.713233786
#
# t | drift_rel | phi_nom z_live NLa NLd births deaths | dbar sigma_d% | maxstep maxbond | Em_tag ret com_dev rms conn z_tag | pair: d delta gf gb | core/far
t=    0.00 +0.00e+00 | 1.7042 15.44  20842    0      0      0 | 1.4113 14.79 | 0.00e+00 0.00e+00 |   2.0833 1.0000  3.6101  0.0000 0.500 14.50 | PAIR-CHANNEL-DEAD
# CONVTAG t=0.00 rough=0.000000 cond=0.000000 evap=0.000000 backs=0.000000
t=    4.00 -5.39e-16 | 1.7044 15.35  20717    0      0      0 | 1.4098 14.79 | 0.00e+00 4.41e-04 |   1.9639 0.9427  3.6101  0.0000 0.500 13.00 | PAIR-CHANNEL-DEAD
# CONVTAG t=4.00 rough=0.000000 cond=0.000000 evap=0.000000 backs=0.000000
# QATOM t=5.36 dir=FD w=1.65 e=0.301996504517
t=    8.00 -9.44e-16 | 1.7041 15.32  20686    0      0      0 | 1.4094 14.79 | 0.00e+00 1.19e-03 |   1.9140 0.9187  3.6101  0.0001 0.500 13.00 | PAIR-CHANNEL-DEAD
# CONVTAG t=8.00 rough=0.000000 cond=0.000000 evap=0.000000 backs=0.000000
t=   12.00 -9.44e-16 | 1.7026 15.32  20688    0      0      0 | 1.4094 14.79 | 0.00e+00 4.53e-03 |   1.8962 0.9102  3.6101  0.0009 0.500 12.50 | PAIR-CHANNEL-DEAD
# CONVTAG t=12.00 rough=0.000000 cond=0.000000 evap=0.000000 backs=0.000000
t=   16.00 -9.44e-16 | 1.7002 15.29  20636    0      0      0 | 1.4088 14.79 | 0.00e+00 5.57e-03 |   1.8859 0.9053  3.6100  0.0062 0.500 11.50 | PAIR-CHANNEL-DEAD
# CONVTAG t=16.00 rough=0.000000 cond=0.000000 evap=0.000000 backs=0.000000
# QATOM t=17.78 dir=FD w=1.64994964 e=0.301987287371
t=   20.00 -1.08e-15 | 1.6962 15.23  20560    0      0      0 | 1.4078 14.78 | 0.00e+00 1.39e-02 |   1.8797 0.9023  3.6100  0.0193 0.500 13.00 | PAIR-CHANNEL-DEAD
# CONVTAG t=20.00 rough=0.000000 cond=0.000000 evap=0.000000 backs=0.000000
# QATOM t=22.34 dir=FD w=1.64953286 e=0.301911004775
t=   24.00 -1.21e-15 | 1.6904 15.18  20492    0      0      0 | 1.4069 14.77 | 0.00e+00 3.37e-02 |   1.8754 0.9002  3.6093  0.0700 0.500 13.00 | PAIR-CHANNEL-DEAD
# CONVTAG t=24.00 rough=0.000000 cond=0.000000 evap=0.000000 backs=0.000000
# QATOM t=26.50 dir=FD w=1.64802227 e=0.301634524787
t=   28.00 -1.21e-15 | 1.6849 15.13  20429    0      0      0 | 1.4061 14.76 | 0.00e+00 2.50e-02 |   1.8796 0.9023  3.5922  0.3599 0.500 13.00 | PAIR-CHANNEL-DEAD
# CONVTAG t=28.00 rough=0.000000 cond=0.000000 evap=0.000000 backs=0.000000
# QATOM t=30.86 dir=FD w=1.6499066 e=0.301979410376
t=   32.00 -1.21e-15 | 1.6799 15.07  20348    0      0      0 | 1.4050 14.75 | 0.00e+00 2.80e-02 |   1.8740 0.8996  3.6030  0.2547 0.500 12.00 | PAIR-CHANNEL-DEAD
# CONVTAG t=32.00 rough=0.000000 cond=0.000000 evap=0.000000 backs=0.000000
# QATOM t=35.90 dir=FD w=1.6435618 e=0.300818132443
t=   36.00 -1.21e-15 | 1.6755 15.04  20306    0      0      0 | 1.4044 14.74 | 0.00e+00 2.56e-02 |   2.3081 1.1079  2.2953  2.7628 0.500 12.00 | PAIR-CHANNEL-DEAD
# CONVTAG t=36.00 rough=0.000000 cond=0.301848 evap=0.000000 backs=0.000000
t=   40.00 -1.21e-15 | 1.6718 15.01  20265    0      0      0 | 1.4037 14.72 | 0.00e+00 2.47e-02 |   2.3264 1.1167  2.2130  2.7974 0.500 12.00 | PAIR-CHANNEL-DEAD
# CONVTAG t=40.00 rough=0.000000 cond=0.301848 evap=0.000000 backs=0.000000
# QATOM t=42.30 dir=FD w=1.64483394 e=0.30105096984
t=   44.00 -1.21e-15 | 1.6688 14.97  20210    0      0      0 | 1.4031 14.72 | 0.00e+00 2.33e-02 |   2.1785 1.0457  2.5655  2.4945 0.500 11.50 | PAIR-CHANNEL-DEAD
# CONVTAG t=44.00 rough=0.000000 cond=0.301848 evap=0.000000 backs=0.000000
t=   48.00 -1.21e-15 | 1.6667 14.97  20210    0      0      0 | 1.4031 14.72 | 0.00e+00 2.90e-02 |   1.9897 0.9551  3.0953  1.8258 0.500 12.50 | PAIR-CHANNEL-DEAD
# CONVTAG t=48.00 rough=0.000000 cond=0.301848 evap=0.000000 backs=0.000000
# QATOM t=51.60 dir=FD w=1.63887427 e=0.299960182601
t=   52.00 -1.08e-15 | 1.6651 14.94  20167    0      0      0 | 1.4025 14.72 | 0.00e+00 2.52e-02 |   2.0634 0.9905  2.8333  2.1911 0.500 13.00 | PAIR-CHANNEL-DEAD
# CONVTAG t=52.00 rough=0.000000 cond=0.301848 evap=0.000000 backs=0.000000
t=   56.00 -1.08e-15 | 1.6638 14.92  20146    0      0      0 | 1.4023 14.72 | 0.00e+00 2.84e-02 |   2.0068 0.9633  2.9915  1.9994 0.500 13.00 | PAIR-CHANNEL-DEAD
# CONVTAG t=56.00 rough=0.000000 cond=0.301848 evap=0.000000 backs=0.000000
t=   60.00 -1.08e-15 | 1.6626 14.91  20130    0      0      0 | 1.4021 14.72 | 0.00e+00 3.41e-02 |   1.9836 0.9522  3.0540  1.8794 0.500 13.00 | PAIR-CHANNEL-DEAD
# CONVTAG t=60.00 rough=0.000000 cond=0.301848 evap=0.000000 backs=0.000000
# QATOM t=62.16 dir=DF w=2.33314419 e=0.427031144543
t=   64.00 -1.08e-15 | 1.6619 14.91  20131    0      0      0 | 1.4021 14.72 | 0.00e+00 3.38e-02 |   1.9133 0.9184  3.2871  1.5712 0.500 13.00 | PAIR-CHANNEL-DEAD
# CONVTAG t=64.00 rough=0.000000 cond=0.301848 evap=0.000000 backs=0.000000
t=   68.00 -1.08e-15 | 1.6611 14.91  20127    0      0      0 | 1.4020 14.71 | 0.00e+00 3.93e-02 |   1.9587 0.9402  3.0913  1.8270 0.500 13.00 | PAIR-CHANNEL-DEAD
# CONVTAG t=68.00 rough=0.000000 cond=0.301848 evap=0.000000 backs=0.000000
t=   72.00 -1.08e-15 | 1.6603 14.90  20116    0      0      0 | 1.4018 14.71 | 0.00e+00 5.00e-02 |   1.9814 0.9511  3.0081  1.9617 0.500 13.00 | PAIR-CHANNEL-DEAD
# CONVTAG t=72.00 rough=0.000000 cond=0.301848 evap=0.000000 backs=0.000000
# QATOM t=74.28 dir=FD w=1.38932108 e=0.254284915256
t=   76.00 -1.08e-15 | 1.6599 14.89  20108    0      0      0 | 1.4017 14.71 | 0.00e+00 3.39e-02 |   2.0790 0.9980  2.6625  2.3942 0.500 12.50 | PAIR-CHANNEL-DEAD
# CONVTAG t=76.00 rough=0.000000 cond=0.301848 evap=0.000000 backs=0.000000
t=   80.00 -1.08e-15 | 1.6595 14.87  20073    0      0      0 | 1.4013 14.71 | 0.00e+00 3.48e-02 |   1.9377 0.9301  3.0851  1.8348 0.500 12.50 | PAIR-CHANNEL-DEAD
# CONVTAG t=80.00 rough=0.000000 cond=0.301848 evap=0.000000 backs=0.000000
t=   84.00 -1.08e-15 | 1.6593 14.87  20069    0      0      0 | 1.4013 14.71 | 0.00e+00 3.18e-02 |   1.8772 0.9011  3.2861  1.4783 0.500 13.00 | PAIR-CHANNEL-DEAD
# CONVTAG t=84.00 rough=0.000000 cond=0.301848 evap=0.000000 backs=0.000000
t=   88.00 -1.08e-15 | 1.6591 14.86  20064    0      0      0 | 1.4012 14.70 | 0.00e+00 5.00e-02 |   2.0077 0.9637  3.4707  0.9659 0.500 12.50 | PAIR-CHANNEL-DEAD
# CONVTAG t=88.00 rough=0.000000 cond=0.464301 evap=0.000000 backs=0.000000
# QATOM t=88.28 dir=FD w=1.39732603 e=0.255750046364
t=   92.00 -1.08e-15 | 1.6594 14.88  20091    0      0      0 | 1.4015 14.71 | 0.00e+00 5.00e-02 |   1.9798 0.9503  3.5393  0.6974 0.500 12.00 | PAIR-CHANNEL-DEAD
# CONVTAG t=92.00 rough=0.000000 cond=0.464301 evap=0.000000 backs=0.000000
t=   96.00 -1.08e-15 | 1.6596 14.88  20093    0      0      0 | 1.4015 14.71 | 0.00e+00 3.08e-02 |   1.9636 0.9426  3.5717  0.5160 0.500 12.50 | PAIR-CHANNEL-DEAD
# CONVTAG t=96.00 rough=0.000000 cond=0.464301 evap=0.000000 backs=0.000000
t=  100.00 -1.08e-15 | 1.6598 14.89  20100    0      0      0 | 1.4016 14.71 | 0.00e+00 3.08e-02 |   1.9848 0.9527  3.4893  1.0391 0.500 12.50 | PAIR-CHANNEL-DEAD
# CONVTAG t=100.00 rough=0.000000 cond=0.464301 evap=0.000000 backs=0.000000
# QATOM t=100.56 dir=FD w=1.42034542 e=0.25996324352
t=  104.00 -1.08e-15 | 1.6598 14.91  20125    0      0      0 | 1.4019 14.71 | 0.00e+00 2.95e-02 |   2.0074 0.9636  3.4104  1.1979 0.500 12.50 | PAIR-CHANNEL-DEAD
# CONVTAG t=104.00 rough=0.000000 cond=0.464301 evap=0.000000 backs=0.000000
t=  108.00 -1.08e-15 | 1.6600 14.92  20138    0      0      0 | 1.4022 14.72 | 0.00e+00 3.94e-02 |   1.9755 0.9483  3.4635  1.1105 0.500 13.00 | PAIR-CHANNEL-DEAD
# CONVTAG t=108.00 rough=0.000000 cond=0.464301 evap=0.000000 backs=0.000000
# QATOM t=110.86 dir=FD w=1.50026578 e=0.274590922546
t=  112.00 -1.08e-15 | 1.6601 14.91  20134    0      0      0 | 1.4021 14.71 | 0.00e+00 3.17e-02 |   1.9762 0.9486  3.3997  1.2349 0.500 13.00 | PAIR-CHANNEL-DEAD
# CONVTAG t=112.00 rough=0.000000 cond=0.464301 evap=0.000000 backs=0.000000
t=  116.00 -1.08e-15 | 1.6602 14.90  20114    0      0      0 | 1.4018 14.71 | 0.00e+00 4.40e-02 |   1.9530 0.9375  3.4037  1.3005 0.500 13.50 | PAIR-CHANNEL-DEAD
# CONVTAG t=116.00 rough=0.000000 cond=0.464301 evap=0.000000 backs=0.000000
t=  120.00 -1.08e-15 | 1.6604 14.89  20103    0      0      0 | 1.4016 14.71 | 0.00e+00 2.84e-02 |   1.9948 0.9575  3.2539  1.6678 0.500 13.50 | PAIR-CHANNEL-DEAD
# CONVTAG t=120.00 rough=0.000000 cond=0.464301 evap=0.000000 backs=0.000000
#
# RESULT drift_rel -1.079e-15
# RESULT births 0 deaths 0 beta_returns 0 beta_energy 0.000000e+00
# RESULT conv rough=3.983149 cond=619.771379 evap=0.000000 backs=23.025867 rad=172.548502
# RESULT convtag rough=0.000000 cond=0.464301 evap=0.000000 backs=0.000000 net=0.464301
# RESULT geometry phi_nom=1.6604 z_live=14.89 dbar=1.4016 sigma_d=0.1471
# RESULT pair CHANNEL DEAD
