# freecell — v89 free-cell substance test (exp=pair)
# laws = laws_V2g VERBATIM (defaults): C=1 w1=1.65 w2=2.9 q_detune=1.2
# gamma_res=0.25 gamma_res_m=0.1 p_gate=8 lock_floor=0.005 k_dep=1.2 k_dep_m=2 cap=2.5
# e_s0=1 es_floor=0.05 e_cond=0 f_conv=0.25 f_evap=0.5 s_pull=0.15
# kappa_lock=1 kappa_align=0.5 s_k=0.06 s_disp=0.3 sigma_tumble=0.01
# comb_limit=6 rough_k=0.35 gamma_rough=0.5 mob_sym=1 mob_floor=0.004 field_J=1.8
# quant_A0=1.15 quant_mode=2 (A0eff=1.15)
# v91 radiance (laws_V3r candidate A): k_rad=0 p_rad=4 rad_clock=0
# GEOMETRY (apparatus): cfac=1.15 k_rep=1 mob_geo=1 kappa_bond=1 freeze_geo=1
# bath=1 bath_frac=1 jam_sweeps=800 jam_k=0.1 L=16 dt=0.02 T=120 seed=20260802 diag_every=200
# JAM sweeps=800 max_step=1.402e-04 (tol 1.0e-04, k_end=0.0010) — witness for the settle
# SEED pair: i=475 j=1565 x=0.4167/0.0000 p:q=1:1 m=1 d*=1.299983 d0=6.984974 (doff +5.7000)
# SEED pair radii r=0.7707 contact=1.6698  Em/voice=1.0417
# SEED noise: amp=0.5 (e1-class churn)
# INIT NC=2700 slots=25950 live=20843 phi_nom=1.7043 z_live=15.44 dbar=1.4113 sigma_d=14.79% E0=3371.807581612
#
# t | drift_rel | phi_nom z_live NLa NLd births deaths | dbar sigma_d% | maxstep maxbond | Em_tag ret com_dev rms conn z_tag | pair: d delta gf gb | core/far
t=    0.00 +0.00e+00 | 1.7043 15.44  20843    0      0      0 | 1.4113 14.79 | 0.00e+00 0.00e+00 |   1.0417 1.0000  3.6101  0.0000 0.500 15.00 | PAIR-CHANNEL-DEAD
# CONVTAG t=0.00 rough=0.000000 cond=0.000000 evap=0.000000 backs=0.000000
t=    4.00 -5.39e-16 | 1.7045 15.35  20718    0      0      0 | 1.4098 14.79 | 0.00e+00 1.30e-04 |   1.0296 0.9884  3.6101  0.0000 0.500 14.00 | PAIR-CHANNEL-DEAD
# CONVTAG t=4.00 rough=0.000000 cond=0.000000 evap=0.000000 backs=0.000000
# QATOM t=5.36 dir=FD w=1.65 e=0.301996504517
t=    8.00 -6.74e-16 | 1.7041 15.33  20690    0      0      0 | 1.4095 14.79 | 0.00e+00 1.93e-04 |   1.0208 0.9799  3.6101  0.0001 0.500 14.00 | PAIR-CHANNEL-DEAD
# CONVTAG t=8.00 rough=0.000000 cond=0.000000 evap=0.000000 backs=0.000000
t=   12.00 -6.74e-16 | 1.7027 15.33  20689    0      0      0 | 1.4094 14.79 | 0.00e+00 4.53e-03 |   1.0191 0.9782  3.6100  0.0164 0.500 13.50 | PAIR-CHANNEL-DEAD
# CONVTAG t=12.00 rough=0.000000 cond=0.000000 evap=0.000000 backs=0.000000
t=   16.00 -6.74e-16 | 1.7002 15.29  20636    0      0      0 | 1.4088 14.78 | 0.00e+00 6.53e-03 |   1.0188 0.9780  3.6099  0.0291 0.500 14.00 | PAIR-CHANNEL-DEAD
# CONVTAG t=16.00 rough=0.000000 cond=0.000000 evap=0.000000 backs=0.000000
# QATOM t=17.62 dir=FD w=1.64954064 e=0.301912428358
t=   20.00 -5.39e-16 | 1.6962 15.23  20560    0      0      0 | 1.4078 14.78 | 0.00e+00 1.45e-02 |   1.0176 0.9768  3.6093  0.0727 0.500 14.50 | PAIR-CHANNEL-DEAD
# CONVTAG t=20.00 rough=0.000000 cond=0.000000 evap=0.000000 backs=0.000000
# QATOM t=22.34 dir=FD w=1.64936179 e=0.301879694875
t=   24.00 -5.39e-16 | 1.6905 15.19  20504    0      0      0 | 1.4071 14.77 | 0.00e+00 2.32e-02 |   1.0213 0.9803  3.5836  0.4247 0.500 14.50 | PAIR-CHANNEL-DEAD
# CONVTAG t=24.00 rough=0.000000 cond=0.000000 evap=0.000000 backs=0.000000
# QATOM t=26.38 dir=FD w=1.6455223 e=0.301176958817
t=   28.00 -5.39e-16 | 1.6847 15.13  20430    0      0      0 | 1.4061 14.76 | 0.00e+00 3.04e-02 |   1.0221 0.9811  3.5765  0.4775 0.500 14.00 | PAIR-CHANNEL-DEAD
# CONVTAG t=28.00 rough=0.000000 cond=0.000000 evap=0.000000 backs=0.000000
# QATOM t=30.40 dir=FD w=1.64975735 e=0.30195209286
t=   32.00 -5.39e-16 | 1.6794 15.07  20349    0      0      0 | 1.4050 14.75 | 0.00e+00 1.77e-02 |   1.0354 0.9939  3.5844  0.4127 0.500 13.00 | PAIR-CHANNEL-DEAD
# CONVTAG t=32.00 rough=0.000000 cond=0.000000 evap=0.000000 backs=0.000000
# QATOM t=35.62 dir=FD w=1.4257613 e=0.260954503218
t=   36.00 -5.39e-16 | 1.6753 15.04  20309    0      0      0 | 1.4044 14.74 | 0.00e+00 2.88e-02 |   1.1872 1.1396  2.5434  2.5148 0.500 13.50 | PAIR-CHANNEL-DEAD
# CONVTAG t=36.00 rough=0.000000 cond=0.301371 evap=0.000000 backs=0.000000
t=   40.00 -5.39e-16 | 1.6715 15.03  20289    0      0      0 | 1.4041 14.73 | 0.00e+00 3.33e-02 |   1.2795 1.2282  1.9620  2.9637 0.500 13.00 | PAIR-CHANNEL-DEAD
# CONVTAG t=40.00 rough=0.000000 cond=0.301371 evap=0.000000 backs=0.000000
# QATOM t=42.44 dir=FD w=1.63698465 e=0.29961432832
t=   44.00 -6.74e-16 | 1.6693 15.01  20262    0      0      0 | 1.4037 14.73 | 0.00e+00 3.62e-02 |   1.4674 1.4086  1.3518  3.2784 0.500 12.50 | PAIR-CHANNEL-DEAD
# CONVTAG t=44.00 rough=0.000000 cond=0.301371 evap=0.000000 backs=0.000000
t=   48.00 -6.74e-16 | 1.6669 14.96  20201    0      0      0 | 1.4030 14.72 | 0.00e+00 3.11e-02 |   1.1078 1.0634  2.6800  2.3738 0.500 13.50 | PAIR-CHANNEL-DEAD
# CONVTAG t=48.00 rough=0.000000 cond=0.301371 evap=0.000000 backs=0.000000
# QATOM t=50.60 dir=FD w=1.64387243 e=0.300874985881
t=   52.00 -5.39e-16 | 1.6645 14.95  20176    0      0      0 | 1.4026 14.72 | 0.00e+00 4.16e-02 |   0.9918 0.9521  3.3217  1.3894 0.500 15.00 | PAIR-CHANNEL-DEAD
# CONVTAG t=52.00 rough=0.000000 cond=0.301371 evap=0.000000 backs=0.000000
t=   56.00 -5.39e-16 | 1.6632 14.91  20134    0      0      0 | 1.4020 14.71 | 0.00e+00 3.27e-02 |   1.0020 0.9619  3.5746  0.4944 0.500 15.00 | PAIR-CHANNEL-DEAD
# CONVTAG t=56.00 rough=0.000000 cond=0.301371 evap=0.000000 backs=0.000000
t=   60.00 -5.39e-16 | 1.6618 14.92  20137    0      0      0 | 1.4021 14.71 | 0.00e+00 3.58e-02 |   0.9668 0.9281  3.5315  0.7374 0.500 14.50 | PAIR-CHANNEL-DEAD
# CONVTAG t=60.00 rough=0.000000 cond=0.301371 evap=0.000000 backs=0.000000
t=   64.00 -5.39e-16 | 1.6608 14.90  20116    0      0      0 | 1.4018 14.71 | 0.00e+00 3.06e-02 |   0.9709 0.9320  3.5097  0.8308 0.500 15.00 | PAIR-CHANNEL-DEAD
# CONVTAG t=64.00 rough=0.000000 cond=0.301371 evap=0.000000 backs=0.000000
# QATOM t=66.70 dir=FD w=1.41658321 e=0.259274653437
t=   68.00 -5.39e-16 | 1.6598 14.88  20094    0      0      0 | 1.4015 14.71 | 0.00e+00 3.35e-02 |   0.9587 0.9203  3.5191  0.7911 0.500 14.50 | PAIR-CHANNEL-DEAD
# CONVTAG t=68.00 rough=0.000000 cond=0.301371 evap=0.000000 backs=0.000000
t=   72.00 -5.39e-16 | 1.6591 14.90  20114    0      0      0 | 1.4018 14.71 | 0.00e+00 4.83e-02 |   0.9320 0.8947  3.6036  0.2097 0.500 14.50 | PAIR-CHANNEL-DEAD
# CONVTAG t=72.00 rough=0.000000 cond=0.301371 evap=0.000000 backs=0.000000
t=   76.00 -5.39e-16 | 1.6586 14.87  20073    0      0      0 | 1.4013 14.71 | 0.00e+00 3.99e-02 |   0.9337 0.8963  3.5633  0.5686 0.500 13.50 | PAIR-CHANNEL-DEAD
# CONVTAG t=76.00 rough=0.000000 cond=0.301371 evap=0.000000 backs=0.000000
t=   80.00 -5.39e-16 | 1.6580 14.86  20064    0      0      0 | 1.4013 14.72 | 0.00e+00 3.18e-02 |   0.9633 0.9247  3.2987  1.4397 0.500 13.00 | PAIR-CHANNEL-DEAD
# CONVTAG t=80.00 rough=0.000000 cond=0.301371 evap=0.000000 backs=0.000000
t=   84.00 -5.39e-16 | 1.6576 14.86  20059    0      0      0 | 1.4012 14.71 | 0.00e+00 3.59e-02 |   0.9799 0.9406  2.9922  1.9873 0.500 14.00 | PAIR-CHANNEL-DEAD
# CONVTAG t=84.00 rough=0.000000 cond=0.301371 evap=0.000000 backs=0.000000
t=   88.00 -5.39e-16 | 1.6572 14.86  20059    0      0      0 | 1.4012 14.71 | 0.00e+00 4.60e-02 |   0.9599 0.9214  3.0709  1.8666 0.500 14.00 | PAIR-CHANNEL-DEAD
# CONVTAG t=88.00 rough=0.000000 cond=0.301371 evap=0.000000 backs=0.000000
t=   92.00 -5.39e-16 | 1.6568 14.84  20039    0      0      0 | 1.4009 14.71 | 0.00e+00 3.88e-02 |   0.9464 0.9085  3.0170  1.9497 0.500 14.00 | PAIR-CHANNEL-DEAD
# CONVTAG t=92.00 rough=0.000000 cond=0.301371 evap=0.000000 backs=0.000000
t=   96.00 -5.39e-16 | 1.6562 14.85  20049    0      0      0 | 1.4011 14.71 | 0.00e+00 3.46e-02 |   0.9603 0.9218  3.1087  1.8024 0.500 13.50 | PAIR-CHANNEL-DEAD
# CONVTAG t=96.00 rough=0.000000 cond=0.301371 evap=0.000000 backs=0.000000
# QATOM t=98.66 dir=FD w=1.52877972 e=0.279809775847
t=  100.00 -5.39e-16 | 1.6558 14.85  20046    0      0      0 | 1.4011 14.72 | 0.00e+00 3.95e-02 |   1.0338 0.9924  3.0956  1.8215 0.500 14.00 | PAIR-CHANNEL-DEAD
# CONVTAG t=100.00 rough=0.000000 cond=0.301371 evap=0.000000 backs=0.000000
t=  104.00 -5.39e-16 | 1.6553 14.84  20029    0      0      0 | 1.4008 14.71 | 0.00e+00 3.27e-02 |   0.9142 0.8776  1.7247  3.0883 0.500 13.50 | PAIR-CHANNEL-DEAD
# CONVTAG t=104.00 rough=0.000000 cond=0.301371 evap=0.000000 backs=0.000000
t=  108.00 -5.39e-16 | 1.6549 14.83  20021    0      0      0 | 1.4008 14.72 | 0.00e+00 5.00e-02 |   1.1459 1.1000  1.9479  2.9703 0.500 14.00 | PAIR-CHANNEL-DEAD
# CONVTAG t=108.00 rough=0.000000 cond=0.301371 evap=0.000000 backs=0.000000
t=  112.00 -5.39e-16 | 1.6546 14.83  20020    0      0      0 | 1.4008 14.72 | 0.00e+00 3.87e-02 |   1.2638 1.2132  1.9516  2.9682 0.500 13.50 | PAIR-CHANNEL-DEAD
# CONVTAG t=112.00 rough=0.000000 cond=0.301371 evap=0.000000 backs=0.000000
t=  116.00 -5.39e-16 | 1.6546 14.84  20032    0      0      0 | 1.4010 14.72 | 0.00e+00 4.06e-02 |   0.9138 0.8772  1.5840  3.1582 0.500 14.00 | PAIR-CHANNEL-DEAD
# CONVTAG t=116.00 rough=0.000000 cond=0.301371 evap=0.000000 backs=0.000000
t=  120.00 -5.39e-16 | 1.6544 14.83  20020    0      0      0 | 1.4009 14.73 | 0.00e+00 3.93e-02 |   1.0175 0.9767  1.3609  3.2608 0.500 13.50 | PAIR-CHANNEL-DEAD
# CONVTAG t=120.00 rough=0.000000 cond=0.301371 evap=0.000000 backs=0.000000
#
# RESULT drift_rel -5.395e-16
# RESULT births 0 deaths 0 beta_returns 0 beta_energy 0.000000e+00
# RESULT conv rough=9.550217 cond=540.904008 evap=0.000000 backs=1.245680 rad=0.000000
# RESULT convtag rough=0.000000 cond=0.301371 evap=0.000000 backs=0.000000 net=0.301371
# RESULT geometry phi_nom=1.6544 z_live=14.83 dbar=1.4009 sigma_d=0.1473
# RESULT pair CHANNEL DEAD
