# freecell — v89 free-cell substance test (exp=pair)
# laws = laws_V2g VERBATIM (defaults): C=1 w1=1.65 w2=2.9 q_detune=1.2
# gamma_res=0.25 gamma_res_m=0.1 p_gate=8 lock_floor=0.005 k_dep=1.2 k_dep_m=2 cap=2.5
# e_s0=1 es_floor=0.05 e_cond=0 f_conv=0.25 f_evap=0.5 s_pull=0.15
# kappa_lock=1 kappa_align=0.5 s_k=0.06 s_disp=0.3 sigma_tumble=0.01
# comb_limit=6 rough_k=0.35 gamma_rough=0.5 mob_sym=1 mob_floor=0.004 field_J=1.8
# quant_A0=1.15 quant_mode=2 (A0eff=1.15)
# v91 radiance (laws_V3r candidate A): k_rad=0 p_rad=4 rad_clock=0
# GEOMETRY (apparatus): cfac=1.15 k_rep=1 mob_geo=1 kappa_bond=1 freeze_geo=1
# bath=1 bath_frac=1 jam_sweeps=800 jam_k=0.1 L=16 dt=0.02 T=120 seed=20260802 diag_every=200
# JAM sweeps=800 max_step=1.402e-04 (tol 1.0e-04, k_end=0.0010) — witness for the settle
# SEED pair: i=475 j=1565 x=0.5200/0.0000 p:q=1:1 m=1 d*=1.340924 d0=6.984974 (doff +5.6591)
# SEED pair radii r=0.7605 contact=1.6596  Em/voice=1.3000
# SEED noise: amp=0.5 (e1-class churn)
# INIT NC=2700 slots=25950 live=20843 phi_nom=1.7043 z_live=15.44 dbar=1.4113 sigma_d=14.79% E0=3372.032146829
#
# t | drift_rel | phi_nom z_live NLa NLd births deaths | dbar sigma_d% | maxstep maxbond | Em_tag ret com_dev rms conn z_tag | pair: d delta gf gb | core/far
t=    0.00 +0.00e+00 | 1.7043 15.44  20843    0      0      0 | 1.4113 14.79 | 0.00e+00 0.00e+00 |   1.3000 1.0000  3.6101  0.0000 0.500 15.00 | PAIR-CHANNEL-DEAD
# CONVTAG t=0.00 rough=0.000000 cond=0.000000 evap=0.000000 backs=0.000000
t=    4.00 -4.05e-16 | 1.7045 15.35  20718    0      0      0 | 1.4098 14.79 | 0.00e+00 7.31e-07 |   1.2994 0.9996  3.6101  0.0000 0.500 14.00 | PAIR-CHANNEL-DEAD
# CONVTAG t=4.00 rough=0.000000 cond=0.000000 evap=0.000000 backs=0.000000
# QATOM t=5.36 dir=FD w=1.65 e=0.301996504517
t=    8.00 -6.74e-16 | 1.7041 15.32  20688    0      0      0 | 1.4094 14.79 | 0.00e+00 1.93e-04 |   1.2979 0.9984  3.6101  0.0000 0.500 13.50 | PAIR-CHANNEL-DEAD
# CONVTAG t=8.00 rough=0.000000 cond=0.000000 evap=0.000000 backs=0.000000
t=   12.00 -6.74e-16 | 1.7026 15.32  20688    0      0      0 | 1.4094 14.79 | 0.00e+00 4.53e-03 |   1.2963 0.9972  3.6100  0.0053 0.500 13.00 | PAIR-CHANNEL-DEAD
# CONVTAG t=12.00 rough=0.000000 cond=0.000000 evap=0.000000 backs=0.000000
t=   16.00 -6.74e-16 | 1.7002 15.29  20637    0      0      0 | 1.4088 14.79 | 0.00e+00 5.68e-03 |   1.2953 0.9964  3.6100  0.0312 0.500 13.00 | PAIR-CHANNEL-DEAD
# CONVTAG t=16.00 rough=0.000000 cond=0.000000 evap=0.000000 backs=0.000000
# QATOM t=17.66 dir=FD w=1.64981488 e=0.301962623069
t=   20.00 -6.74e-16 | 1.6962 15.23  20564    0      0      0 | 1.4079 14.78 | 0.00e+00 1.30e-02 |   1.2953 0.9964  3.6042  0.2482 0.500 13.50 | PAIR-CHANNEL-DEAD
# CONVTAG t=20.00 rough=0.000000 cond=0.000000 evap=0.000000 backs=0.000000
# QATOM t=22.30 dir=FD w=1.64919629 e=0.301849402085
t=   24.00 -5.39e-16 | 1.6904 15.19  20502    0      0      0 | 1.4070 14.77 | 0.00e+00 2.83e-02 |   1.2990 0.9993  3.5655  0.5582 0.500 13.50 | PAIR-CHANNEL-DEAD
# CONVTAG t=24.00 rough=0.000000 cond=0.000000 evap=0.000000 backs=0.000000
# QATOM t=26.40 dir=FD w=1.64838644 e=0.301701177657
t=   28.00 -6.74e-16 | 1.6849 15.13  20431    0      0      0 | 1.4061 14.76 | 0.00e+00 2.91e-02 |   1.3055 1.0042  3.5270  0.7582 0.500 13.50 | PAIR-CHANNEL-DEAD
# CONVTAG t=28.00 rough=0.000000 cond=0.000000 evap=0.000000 backs=0.000000
# QATOM t=30.40 dir=FD w=1.64969898 e=0.301941409614
t=   32.00 -6.74e-16 | 1.6796 15.06  20337    0      0      0 | 1.4048 14.75 | 0.00e+00 1.84e-02 |   1.3061 1.0047  3.5056  0.8716 0.500 13.00 | PAIR-CHANNEL-DEAD
# CONVTAG t=32.00 rough=0.000000 cond=0.000000 evap=0.000000 backs=0.000000
# QATOM t=35.94 dir=FD w=1.64810482 e=0.301649633601
t=   36.00 -6.74e-16 | 1.6757 15.05  20316    0      0      0 | 1.4045 14.74 | 0.00e+00 2.27e-02 |   1.3251 1.0193  3.4835  0.9779 0.500 13.00 | PAIR-CHANNEL-DEAD
# CONVTAG t=36.00 rough=0.000000 cond=0.000000 evap=0.000000 backs=0.000000
t=   40.00 -6.74e-16 | 1.6717 15.02  20280    0      0      0 | 1.4039 14.72 | 0.00e+00 2.73e-02 |   1.3239 1.0184  3.3946  1.2525 0.500 13.00 | PAIR-CHANNEL-DEAD
# CONVTAG t=40.00 rough=0.000000 cond=0.000000 evap=0.000000 backs=0.000000
# QATOM t=42.78 dir=FD w=1.42386393 e=0.260607230088
t=   44.00 -6.74e-16 | 1.6694 15.02  20272    0      0      0 | 1.4038 14.72 | 0.00e+00 2.23e-02 |   1.3269 1.0207  3.3901  1.2241 0.500 13.50 | PAIR-CHANNEL-DEAD
# CONVTAG t=44.00 rough=0.000000 cond=0.000000 evap=0.000000 backs=0.000000
t=   48.00 -6.74e-16 | 1.6668 14.99  20230    0      0      0 | 1.4032 14.72 | 0.00e+00 3.94e-02 |   1.3383 1.0295  3.2832  1.4763 0.500 13.00 | PAIR-CHANNEL-DEAD
# CONVTAG t=48.00 rough=0.000000 cond=0.000000 evap=0.000000 backs=0.000000
# QATOM t=51.54 dir=FD w=1.63587824 e=0.299411824845
t=   52.00 -6.74e-16 | 1.6647 14.95  20182    0      0      0 | 1.4026 14.71 | 0.00e+00 3.42e-02 |   1.3637 1.0490  3.1272  1.7738 0.500 13.50 | PAIR-CHANNEL-DEAD
# CONVTAG t=52.00 rough=0.000000 cond=0.000000 evap=0.000000 backs=0.000000
t=   56.00 -6.74e-16 | 1.6632 14.93  20159    0      0      0 | 1.4023 14.71 | 0.00e+00 3.31e-02 |   1.4329 1.1022  2.7748  2.2675 0.500 14.00 | PAIR-CHANNEL-DEAD
# CONVTAG t=56.00 rough=0.000000 cond=0.000000 evap=0.000000 backs=0.000000
t=   60.00 -6.74e-16 | 1.6616 14.92  20145    0      0      0 | 1.4021 14.71 | 0.00e+00 3.83e-02 |   1.5732 1.2101  2.1594  2.8479 0.500 13.00 | PAIR-CHANNEL-DEAD
# CONVTAG t=60.00 rough=0.000000 cond=0.000000 evap=0.000000 backs=0.000000
t=   64.00 -5.39e-16 | 1.6607 14.92  20138    0      0      0 | 1.4021 14.71 | 0.00e+00 4.21e-02 |   1.3946 1.0728  2.8505  2.1746 0.500 13.00 | PAIR-CHANNEL-DEAD
# CONVTAG t=64.00 rough=0.000000 cond=0.000000 evap=0.000000 backs=0.000000
# QATOM t=67.02 dir=FD w=1.43565444 e=0.262765225777
t=   68.00 -5.39e-16 | 1.6597 14.88  20091    0      0      0 | 1.4015 14.71 | 0.00e+00 5.00e-02 |   1.4149 1.0884  2.6517  2.3897 0.500 12.50 | PAIR-CHANNEL-DEAD
# CONVTAG t=68.00 rough=0.000000 cond=0.000000 evap=0.000000 backs=0.000000
t=   72.00 -5.39e-16 | 1.6586 14.89  20099    0      0      0 | 1.4016 14.71 | 0.00e+00 4.15e-02 |   1.5966 1.2281  1.9762  3.1378 0.500 12.50 | PAIR-CHANNEL-DEAD
# CONVTAG t=72.00 rough=0.000000 cond=0.000000 evap=0.000000 backs=0.000000
t=   76.00 -5.39e-16 | 1.6577 14.87  20076    0      0      0 | 1.4013 14.71 | 0.00e+00 3.32e-02 |   1.4673 1.1287  2.4334  2.6468 0.500 12.00 | PAIR-CHANNEL-DEAD
# CONVTAG t=76.00 rough=0.000000 cond=0.000000 evap=0.000000 backs=0.000000
t=   80.00 -5.39e-16 | 1.6571 14.87  20068    0      0      0 | 1.4012 14.70 | 0.00e+00 2.98e-02 |   1.4830 1.1408  2.3049  2.7857 0.500 12.00 | PAIR-CHANNEL-DEAD
# CONVTAG t=80.00 rough=0.000000 cond=0.000000 evap=0.000000 backs=0.000000
t=   84.00 -5.39e-16 | 1.6566 14.87  20069    0      0      0 | 1.4012 14.71 | 0.00e+00 5.00e-02 |   1.5003 1.1541  2.3036  2.7213 0.500 12.00 | PAIR-CHANNEL-DEAD
# CONVTAG t=84.00 rough=0.000000 cond=0.000000 evap=0.000000 backs=0.000000
t=   88.00 -5.39e-16 | 1.6562 14.85  20049    0      0      0 | 1.4010 14.70 | 0.00e+00 3.92e-02 |   1.4149 1.0884  2.4786  2.6680 0.500 13.00 | PAIR-CHANNEL-DEAD
# CONVTAG t=88.00 rough=0.000000 cond=0.000000 evap=0.000000 backs=0.000000
t=   92.00 -5.39e-16 | 1.6558 14.86  20065    0      0      0 | 1.4012 14.71 | 0.00e+00 3.62e-02 |   1.5999 1.2307  1.8176  3.2332 0.500 12.50 | PAIR-CHANNEL-DEAD
# CONVTAG t=92.00 rough=0.000000 cond=0.000000 evap=0.000000 backs=0.000000
t=   96.00 -5.39e-16 | 1.6555 14.84  20037    0      0      0 | 1.4008 14.70 | 0.00e+00 5.00e-02 |   1.6626 1.2789  1.5775  3.1939 0.500 12.50 | PAIR-CHANNEL-DEAD
# CONVTAG t=96.00 rough=0.000000 cond=0.000000 evap=0.000000 backs=0.000000
t=  100.00 -5.39e-16 | 1.6551 14.85  20042    0      0      0 | 1.4009 14.70 | 0.00e+00 3.56e-02 |   1.6982 1.3063  1.4212  3.2644 0.500 12.50 | PAIR-CHANNEL-DEAD
# CONVTAG t=100.00 rough=0.000000 cond=0.000000 evap=0.000000 backs=0.000000
# QATOM t=100.14 dir=DF w=2.28265067 e=0.417789407961
t=  104.00 -5.39e-16 | 1.6549 14.85  20042    0      0      0 | 1.4009 14.70 | 0.00e+00 4.29e-02 |   1.2919 0.9937  2.7841  2.3164 0.500 12.50 | PAIR-CHANNEL-DEAD
# CONVTAG t=104.00 rough=0.000000 cond=0.000000 evap=0.000000 backs=0.000000
t=  108.00 -5.39e-16 | 1.6547 14.85  20050    0      0      0 | 1.4010 14.71 | 0.00e+00 4.56e-02 |   1.2944 0.9957  2.7352  2.3151 0.500 13.50 | PAIR-CHANNEL-DEAD
# CONVTAG t=108.00 rough=0.000000 cond=0.000000 evap=0.000000 backs=0.000000
t=  112.00 -5.39e-16 | 1.6543 14.84  20039    0      0      0 | 1.4008 14.70 | 0.00e+00 4.17e-02 |   1.2778 0.9830  2.8187  2.3600 0.500 13.50 | PAIR-CHANNEL-DEAD
# CONVTAG t=112.00 rough=0.000000 cond=0.000000 evap=0.000000 backs=0.000000
t=  116.00 -5.39e-16 | 1.6541 14.85  20043    0      0      0 | 1.4009 14.70 | 0.00e+00 3.82e-02 |   1.2264 0.9434  3.0267  1.9865 0.500 13.50 | PAIR-CHANNEL-DEAD
# CONVTAG t=116.00 rough=0.000000 cond=0.000000 evap=0.000000 backs=0.000000
t=  120.00 -5.39e-16 | 1.6540 14.85  20044    0      0      0 | 1.4009 14.70 | 0.00e+00 5.00e-02 |   1.2094 0.9303  3.0292  1.9297 0.500 13.50 | PAIR-CHANNEL-DEAD
# CONVTAG t=120.00 rough=0.000000 cond=0.000000 evap=0.000000 backs=0.000000
#
# RESULT drift_rel -5.394e-16
# RESULT births 0 deaths 0 beta_returns 0 beta_energy 0.000000e+00
# RESULT conv rough=6.229538 cond=534.728733 evap=0.000000 backs=0.812548 rad=0.000000
# RESULT convtag rough=0.000000 cond=0.000000 evap=0.000000 backs=0.000000 net=0.000000
# RESULT geometry phi_nom=1.6540 z_live=14.85 dbar=1.4009 sigma_d=0.1470
# RESULT pair CHANNEL DEAD
