# freecell — v89 free-cell substance test (exp=pair)
# laws = laws_V2g VERBATIM (defaults): C=1 w1=1.65 w2=2.9 q_detune=1.2
# gamma_res=0.25 gamma_res_m=0.1 p_gate=8 lock_floor=0.005 k_dep=1.2 k_dep_m=2 cap=2.5
# e_s0=1 es_floor=0.05 e_cond=0 f_conv=0.25 f_evap=0.5 s_pull=0.15
# kappa_lock=1 kappa_align=0.5 s_k=0.06 s_disp=0.3 sigma_tumble=0.01
# comb_limit=6 rough_k=0.35 gamma_rough=0.5 mob_sym=1 mob_floor=0.004 field_J=1.8
# quant_A0=1.15 quant_mode=2 (A0eff=1.15)
# v91 radiance (laws_V3r candidate A): k_rad=0 p_rad=4 rad_clock=0
# GEOMETRY (apparatus): cfac=1.15 k_rep=1 mob_geo=1 kappa_bond=1 freeze_geo=1
# bath=1 bath_frac=1 jam_sweeps=800 jam_k=0.1 L=16 dt=0.02 T=120 seed=20260802 diag_every=200
# JAM sweeps=800 max_step=1.402e-04 (tol 1.0e-04, k_end=0.0010) — witness for the settle
# SEED pair: i=475 j=1565 x=0.7500/0.0000 p:q=1:1 m=1 d*=1.419507 d0=6.984974 (doff +5.5805)
# SEED pair radii r=0.7369 contact=1.6360  Em/voice=1.8750
# SEED noise: amp=0.5 (e1-class churn)
# INIT NC=2700 slots=25950 live=20842 phi_nom=1.7043 z_live=15.44 dbar=1.4113 sigma_d=14.79% E0=3372.532146829
#
# t | drift_rel | phi_nom z_live NLa NLd births deaths | dbar sigma_d% | maxstep maxbond | Em_tag ret com_dev rms conn z_tag | pair: d delta gf gb | core/far
t=    0.00 +0.00e+00 | 1.7043 15.44  20842    0      0      0 | 1.4113 14.79 | 0.00e+00 0.00e+00 |   1.8750 1.0000  3.6101  0.0000 0.500 14.50 | PAIR-CHANNEL-DEAD
# CONVTAG t=0.00 rough=0.000000 cond=0.000000 evap=0.000000 backs=0.000000
t=    4.00 -4.05e-16 | 1.7044 15.35  20717    0      0      0 | 1.4098 14.79 | 0.00e+00 8.40e-05 |   1.8580 0.9909  3.6101  0.0000 0.500 13.00 | PAIR-CHANNEL-DEAD
# CONVTAG t=4.00 rough=0.000000 cond=0.000000 evap=0.000000 backs=0.000000
# QATOM t=5.36 dir=FD w=1.65 e=0.301996504517
t=    8.00 -8.09e-16 | 1.7041 15.32  20686    0      0      0 | 1.4094 14.79 | 0.00e+00 1.56e-04 |   1.8367 0.9796  3.6101  0.0002 0.500 13.00 | PAIR-CHANNEL-DEAD
# CONVTAG t=8.00 rough=0.000000 cond=0.000000 evap=0.000000 backs=0.000000
t=   12.00 -8.09e-16 | 1.7026 15.33  20690    0      0      0 | 1.4095 14.79 | 0.00e+00 4.53e-03 |   1.8249 0.9733  3.6101  0.0007 0.500 12.50 | PAIR-CHANNEL-DEAD
# CONVTAG t=12.00 rough=0.000000 cond=0.000000 evap=0.000000 backs=0.000000
t=   16.00 -6.74e-16 | 1.7002 15.29  20639    0      0      0 | 1.4088 14.79 | 0.00e+00 5.67e-03 |   1.8213 0.9714  3.6100  0.0121 0.500 12.00 | PAIR-CHANNEL-DEAD
# CONVTAG t=16.00 rough=0.000000 cond=0.000000 evap=0.000000 backs=0.000000
# QATOM t=17.78 dir=FD w=1.64993896 e=0.30198533293
t=   20.00 -8.09e-16 | 1.6962 15.23  20557    0      0      0 | 1.4078 14.78 | 0.00e+00 1.61e-02 |   1.8212 0.9713  3.6093  0.0845 0.500 13.00 | PAIR-CHANNEL-DEAD
# CONVTAG t=20.00 rough=0.000000 cond=0.000000 evap=0.000000 backs=0.000000
# QATOM t=22.32 dir=FD w=1.64957136 e=0.301918051403
t=   24.00 -6.74e-16 | 1.6904 15.18  20492    0      0      0 | 1.4069 14.77 | 0.00e+00 3.30e-02 |   1.8190 0.9701  3.6095  0.0741 0.500 13.50 | PAIR-CHANNEL-DEAD
# CONVTAG t=24.00 rough=0.000000 cond=0.000000 evap=0.000000 backs=0.000000
# QATOM t=26.50 dir=FD w=1.64803115 e=0.301636150228
t=   28.00 -6.74e-16 | 1.6849 15.13  20426    0      0      0 | 1.4061 14.76 | 0.00e+00 2.35e-02 |   1.8231 0.9723  3.5920  0.3523 0.500 13.00 | PAIR-CHANNEL-DEAD
# CONVTAG t=28.00 rough=0.000000 cond=0.000000 evap=0.000000 backs=0.000000
# QATOM t=30.84 dir=FD w=1.64794589 e=0.301620543661
t=   32.00 -6.74e-16 | 1.6799 15.08  20353    0      0      0 | 1.4051 14.75 | 0.00e+00 2.76e-02 |   1.8201 0.9707  3.5988  0.3100 0.500 12.00 | PAIR-CHANNEL-DEAD
# CONVTAG t=32.00 rough=0.000000 cond=0.000000 evap=0.000000 backs=0.000000
# QATOM t=35.98 dir=FD w=1.63977939 e=0.300125844557
t=   36.00 -6.74e-16 | 1.6757 15.05  20315    0      0      0 | 1.4045 14.74 | 0.00e+00 2.50e-02 |   2.3923 1.2759  1.9304  2.9992 0.500 12.00 | PAIR-CHANNEL-DEAD
# CONVTAG t=36.00 rough=0.000000 cond=0.301775 evap=0.000000 backs=0.000000
t=   40.00 -6.74e-16 | 1.6718 15.01  20260    0      0      0 | 1.4036 14.72 | 0.00e+00 2.93e-02 |   2.3355 1.2456  2.0276  2.9289 0.500 11.50 | PAIR-CHANNEL-DEAD
# CONVTAG t=40.00 rough=0.000000 cond=0.301775 evap=0.000000 backs=0.000000
# QATOM t=42.28 dir=FD w=1.64450088 e=0.300990011385
t=   44.00 -8.09e-16 | 1.6689 14.98  20220    0      0      0 | 1.4032 14.72 | 0.00e+00 3.87e-02 |   1.9710 1.0512  2.9883  2.0248 0.500 12.00 | PAIR-CHANNEL-DEAD
# CONVTAG t=44.00 rough=0.000000 cond=0.301775 evap=0.000000 backs=0.000000
t=   48.00 -6.74e-16 | 1.6665 14.97  20210    0      0      0 | 1.4031 14.72 | 0.00e+00 3.76e-02 |   1.8658 0.9951  3.3470  1.3458 0.500 13.00 | PAIR-CHANNEL-DEAD
# CONVTAG t=48.00 rough=0.000000 cond=0.301775 evap=0.000000 backs=0.000000
# QATOM t=50.58 dir=FD w=1.28174559 e=0.234595567709
t=   52.00 -6.74e-16 | 1.6643 14.95  20182    0      0      0 | 1.4027 14.72 | 0.00e+00 3.31e-02 |   2.0569 1.0970  2.7036  2.3881 0.500 13.00 | PAIR-CHANNEL-DEAD
# CONVTAG t=52.00 rough=0.000000 cond=0.301775 evap=0.000000 backs=0.000000
t=   56.00 -6.74e-16 | 1.6626 14.91  20135    0      0      0 | 1.4020 14.71 | 0.00e+00 3.74e-02 |   2.6055 1.3896  1.4302  3.2445 0.500 11.50 | PAIR-CHANNEL-DEAD
# CONVTAG t=56.00 rough=0.000000 cond=0.301775 evap=0.000000 backs=0.000000
t=   60.00 -6.74e-16 | 1.6611 14.90  20117    0      0      0 | 1.4017 14.70 | 0.00e+00 3.36e-02 |   2.4423 1.3026  1.7388  3.0996 0.500 11.50 | PAIR-CHANNEL-DEAD
# CONVTAG t=60.00 rough=0.000000 cond=0.301775 evap=0.000000 backs=0.000000
t=   64.00 -6.74e-16 | 1.6601 14.90  20112    0      0      0 | 1.4017 14.70 | 0.00e+00 3.28e-02 |   2.0871 1.1131  2.5688  2.5694 0.500 12.00 | PAIR-CHANNEL-DEAD
# CONVTAG t=64.00 rough=0.000000 cond=0.301775 evap=0.000000 backs=0.000000
# QATOM t=66.20 dir=FD w=1.4764703 e=0.270235678513
t=   68.00 -6.74e-16 | 1.6592 14.88  20087    0      0      0 | 1.4014 14.70 | 0.00e+00 3.74e-02 |   2.0172 1.0758  2.7583  2.2946 0.500 12.50 | PAIR-CHANNEL-DEAD
# CONVTAG t=68.00 rough=0.000000 cond=0.301775 evap=0.000000 backs=0.000000
t=   72.00 -6.74e-16 | 1.6583 14.86  20067    0      0      0 | 1.4011 14.70 | 0.00e+00 4.35e-02 |   2.0284 1.0818  2.7067  2.3793 0.500 12.00 | PAIR-CHANNEL-DEAD
# CONVTAG t=72.00 rough=0.000000 cond=0.301775 evap=0.000000 backs=0.000000
t=   76.00 -6.74e-16 | 1.6578 14.88  20082    0      0      0 | 1.4014 14.70 | 0.00e+00 4.42e-02 |   2.0638 1.1007  2.5825  2.4954 0.500 12.50 | PAIR-CHANNEL-DEAD
# CONVTAG t=76.00 rough=0.000000 cond=0.301775 evap=0.000000 backs=0.000000
t=   80.00 -6.74e-16 | 1.6574 14.86  20061    0      0      0 | 1.4011 14.71 | 0.00e+00 2.90e-02 |   2.0491 1.0928  2.6138  2.4496 0.500 12.50 | PAIR-CHANNEL-DEAD
# CONVTAG t=80.00 rough=0.000000 cond=0.301775 evap=0.000000 backs=0.000000
t=   84.00 -6.74e-16 | 1.6572 14.84  20040    0      0      0 | 1.4008 14.70 | 0.00e+00 4.27e-02 |   1.9825 1.0573  2.7922  2.2502 0.500 12.50 | PAIR-CHANNEL-DEAD
# CONVTAG t=84.00 rough=0.000000 cond=0.301775 evap=0.000000 backs=0.000000
t=   88.00 -6.74e-16 | 1.6567 14.84  20039    0      0      0 | 1.4008 14.70 | 0.00e+00 4.29e-02 |   1.9838 1.0581  2.7644  2.2876 0.500 12.00 | PAIR-CHANNEL-DEAD
# CONVTAG t=88.00 rough=0.000000 cond=0.301775 evap=0.000000 backs=0.000000
t=   92.00 -6.74e-16 | 1.6563 14.83  20024    0      0      0 | 1.4006 14.70 | 0.00e+00 3.47e-02 |   1.7596 0.9384  3.5367  0.7972 0.500 12.00 | PAIR-CHANNEL-DEAD
# CONVTAG t=92.00 rough=0.000000 cond=0.301775 evap=0.000000 backs=0.000000
t=   96.00 -6.74e-16 | 1.6559 14.84  20040    0      0      0 | 1.4009 14.70 | 0.00e+00 3.19e-02 |   1.9682 1.0497  3.4493  1.1804 0.500 12.00 | PAIR-CHANNEL-DEAD
# CONVTAG t=96.00 rough=0.000000 cond=0.466276 evap=0.000000 backs=0.000000
t=  100.00 -6.74e-16 | 1.6554 14.83  20022    0      0      0 | 1.4007 14.70 | 0.00e+00 4.63e-02 |   1.9551 1.0427  3.4855  1.0289 0.500 12.00 | PAIR-CHANNEL-DEAD
# CONVTAG t=100.00 rough=0.000000 cond=0.466276 evap=0.000000 backs=0.000000
t=  104.00 -6.74e-16 | 1.6550 14.83  20017    0      0      0 | 1.4006 14.70 | 0.00e+00 3.94e-02 |   1.9351 1.0321  3.5069  0.9231 0.500 12.50 | PAIR-CHANNEL-DEAD
# CONVTAG t=104.00 rough=0.000000 cond=0.466276 evap=0.000000 backs=0.000000
# QATOM t=106.88 dir=DF w=2.25476882 e=0.412686243174
t=  108.00 -6.74e-16 | 1.6548 14.84  20038    0      0      0 | 1.4008 14.70 | 0.00e+00 3.99e-02 |   1.9942 1.0636  3.2906  1.5653 0.500 12.00 | PAIR-CHANNEL-DEAD
# CONVTAG t=108.00 rough=0.000000 cond=0.466276 evap=0.000000 backs=0.000000
t=  112.00 -6.74e-16 | 1.6546 14.83  20023    0      0      0 | 1.4006 14.70 | 0.00e+00 3.19e-02 |   1.9906 1.0616  3.2750  1.6278 0.500 12.00 | PAIR-CHANNEL-DEAD
# CONVTAG t=112.00 rough=0.000000 cond=0.466276 evap=0.000000 backs=0.000000
t=  116.00 -6.74e-16 | 1.6545 14.82  20008    0      0      0 | 1.4004 14.70 | 0.00e+00 3.78e-02 |   1.9574 1.0439  3.3739  1.4131 0.500 12.00 | PAIR-CHANNEL-DEAD
# CONVTAG t=116.00 rough=0.000000 cond=0.466276 evap=0.000000 backs=0.000000
t=  120.00 -6.74e-16 | 1.6544 14.83  20017    0      0      0 | 1.4006 14.70 | 0.00e+00 3.75e-02 |   2.0125 1.0733  3.1998  1.7369 0.500 12.00 | PAIR-CHANNEL-DEAD
# CONVTAG t=120.00 rough=0.000000 cond=0.466276 evap=0.000000 backs=0.000000
#
# RESULT drift_rel -6.742e-16
# RESULT births 0 deaths 0 beta_returns 0 beta_energy 0.000000e+00
# RESULT conv rough=3.976242 cond=532.612523 evap=0.000000 backs=0.518640 rad=0.000000
# RESULT convtag rough=0.000000 cond=0.466276 evap=0.000000 backs=0.000000 net=0.466276
# RESULT geometry phi_nom=1.6544 z_live=14.83 dbar=1.4006 sigma_d=0.1470
# RESULT pair CHANNEL DEAD
