# freecell — v89 free-cell substance test (exp=pair)
# laws = laws_V2g VERBATIM (defaults): C=1 w1=1.65 w2=2.9 q_detune=1.2
# gamma_res=0.25 gamma_res_m=0.1 p_gate=8 lock_floor=0.005 k_dep=1.2 k_dep_m=2 cap=2.5
# e_s0=1 es_floor=0.05 e_cond=0 f_conv=0.25 f_evap=0.5 s_pull=0.15
# kappa_lock=1 kappa_align=0.5 s_k=0.06 s_disp=0.3 sigma_tumble=0.01
# comb_limit=6 rough_k=0.35 gamma_rough=0.5 mob_sym=1 mob_floor=0.004 field_J=1.8
# quant_A0=1.15 quant_mode=2 (A0eff=1.15)
# v91 radiance (laws_V3r candidate A): k_rad=0.05 p_rad=2 rad_clock=0
# GEOMETRY (apparatus): cfac=1.15 k_rep=1 mob_geo=1 kappa_bond=1 freeze_geo=1
# bath=1 bath_frac=1 jam_sweeps=800 jam_k=0.1 L=16 dt=0.02 T=120 seed=20260802 diag_every=200
# JAM sweeps=800 max_step=1.402e-04 (tol 1.0e-04, k_end=0.0010) — witness for the settle
# SEED pair: i=475 j=1565 x=0.1000/0.0000 p:q=1:1 m=1 d*=1.144627 d0=6.984974 (doff +5.8554)
# SEED pair radii r=0.8003 contact=1.6993  Em/voice=0.2500
# SEED noise: amp=0.5 (e1-class churn)
# INIT NC=2700 slots=25950 live=20845 phi_nom=1.7044 z_live=15.44 dbar=1.4113 sigma_d=14.79% E0=3371.119103351
#
# t | drift_rel | phi_nom z_live NLa NLd births deaths | dbar sigma_d% | maxstep maxbond | Em_tag ret com_dev rms conn z_tag | pair: d delta gf gb | core/far
t=    0.00 +0.00e+00 | 1.7044 15.44  20845    0      0      0 | 1.4113 14.79 | 0.00e+00 0.00e+00 |   0.2500 1.0000  3.6101  0.0000 0.500 16.00 | PAIR-CHANNEL-DEAD
# CONVTAG t=0.00 rough=0.000000 cond=0.000000 evap=0.000000 backs=0.000000
t=    4.00 -4.05e-16 | 1.7045 15.35  20721    0      0      0 | 1.4098 14.79 | 0.00e+00 4.73e-05 |   0.2438 0.9753  3.6101  0.0000 0.500 15.50 | PAIR-CHANNEL-DEAD
# CONVTAG t=4.00 rough=0.000000 cond=0.000000 evap=0.000000 backs=0.000000
# QATOM t=5.36 dir=FD w=1.65 e=0.301996504517
t=    8.00 -8.09e-16 | 1.7042 15.33  20692    0      0      0 | 1.4095 14.79 | 0.00e+00 1.87e-04 |   0.2375 0.9499  3.6101  0.0007 0.500 15.50 | PAIR-CHANNEL-DEAD
# CONVTAG t=8.00 rough=0.000000 cond=0.000000 evap=0.000000 backs=0.000000
t=   12.00 -9.44e-16 | 1.7027 15.32  20688    0      0      0 | 1.4094 14.79 | 0.00e+00 4.53e-03 |   0.2252 0.9009  3.6100  0.0178 0.500 14.00 | PAIR-CHANNEL-DEAD
# CONVTAG t=12.00 rough=0.000000 cond=0.000000 evap=0.000000 backs=0.000000
t=   16.00 -8.09e-16 | 1.7004 15.29  20641    0      0      0 | 1.4088 14.78 | 0.00e+00 8.08e-03 |   0.2090 0.8359  3.6094  0.0734 0.500 15.00 | PAIR-CHANNEL-DEAD
# CONVTAG t=16.00 rough=0.000000 cond=0.000000 evap=0.000000 backs=0.000000
# QATOM t=17.74 dir=FD w=1.64994921 e=0.301987207932
t=   20.00 -8.09e-16 | 1.6964 15.23  20565    0      0      0 | 1.4079 14.78 | 0.00e+00 1.17e-02 |   0.2222 0.8888  3.5113  0.9825 0.500 16.00 | PAIR-CHANNEL-DEAD
# CONVTAG t=20.00 rough=0.000000 cond=0.000000 evap=0.000000 backs=0.000000
# QATOM t=22.34 dir=FD w=1.64948616 e=0.301902457069
t=   24.00 -8.09e-16 | 1.6907 15.20  20515    0      0      0 | 1.4072 14.77 | 0.00e+00 1.99e-02 |   0.4013 1.6054  3.4647  1.0005 0.500 15.50 | PAIR-CHANNEL-DEAD
# CONVTAG t=24.00 rough=0.000000 cond=0.000000 evap=0.000000 backs=0.000000
# QATOM t=26.78 dir=FD w=1.64810676 e=0.301649988955
t=   28.00 -8.09e-16 | 1.6855 15.13  20427    0      0      0 | 1.4060 14.76 | 0.00e+00 3.34e-02 |   0.4654 1.8616  3.4172  1.1455 0.500 15.50 | PAIR-CHANNEL-DEAD
# CONVTAG t=28.00 rough=0.000000 cond=0.000000 evap=0.000000 backs=0.000000
# QATOM t=30.66 dir=FD w=1.64651214 e=0.30135812773
t=   32.00 -9.44e-16 | 1.6797 15.07  20340    0      0      0 | 1.4048 14.74 | 0.00e+00 2.54e-02 |   0.6852 2.7406  3.4653  0.9959 0.500 14.00 | PAIR-CHANNEL-DEAD
# CONVTAG t=32.00 rough=0.000000 cond=0.000000 evap=0.000000 backs=0.000000
# QATOM t=35.68 dir=FD w=1.6472439 e=0.301492061318
t=   36.00 -9.44e-16 | 1.6757 15.05  20316    0      0      0 | 1.4045 14.74 | 0.00e+00 3.15e-02 |   0.4746 1.8985  3.3354  1.3590 0.500 14.50 | PAIR-CHANNEL-DEAD
# CONVTAG t=36.00 rough=0.000000 cond=0.000000 evap=0.000000 backs=0.000000
t=   40.00 -8.09e-16 | 1.6721 15.02  20274    0      0      0 | 1.4040 14.74 | 0.00e+00 3.36e-02 |   0.4248 1.6993  3.4219  1.1503 0.500 14.50 | PAIR-CHANNEL-DEAD
# CONVTAG t=40.00 rough=0.000000 cond=0.000000 evap=0.000000 backs=0.000000
# QATOM t=42.34 dir=FD w=1.64306497 e=0.300727198131
t=   44.00 -8.09e-16 | 1.6693 15.00  20246    0      0      0 | 1.4035 14.73 | 0.00e+00 2.59e-02 |   0.6876 2.7505  3.2880  1.5945 0.500 14.50 | PAIR-CHANNEL-DEAD
# CONVTAG t=44.00 rough=0.000000 cond=0.000000 evap=0.000000 backs=0.000000
t=   48.00 -8.09e-16 | 1.6670 14.99  20232    0      0      0 | 1.4034 14.73 | 0.00e+00 3.21e-02 |   0.8282 3.3129  2.4801  2.6962 0.500 14.50 | PAIR-CHANNEL-DEAD
# CONVTAG t=48.00 rough=0.000000 cond=0.000000 evap=0.000000 backs=0.000000
# QATOM t=50.52 dir=FD w=1.64368118 e=0.300839981794
t=   52.00 -8.09e-16 | 1.6652 14.96  20199    0      0      0 | 1.4029 14.72 | 0.00e+00 2.79e-02 |   0.5803 2.3211  2.6212  2.7003 0.500 14.50 | PAIR-CHANNEL-DEAD
# CONVTAG t=52.00 rough=0.000000 cond=0.000000 evap=0.000000 backs=0.000000
t=   56.00 -9.44e-16 | 1.6638 14.94  20175    0      0      0 | 1.4026 14.72 | 0.00e+00 3.15e-02 |   0.6456 2.5823  2.2370  2.8696 0.500 14.50 | PAIR-CHANNEL-DEAD
# CONVTAG t=56.00 rough=0.000000 cond=0.251620 evap=0.000000 backs=0.000000
t=   60.00 -9.44e-16 | 1.6624 14.92  20147    0      0      0 | 1.4023 14.72 | 0.00e+00 2.64e-02 |   0.4211 1.6845  3.0062  2.0035 0.500 15.00 | PAIR-CHANNEL-DEAD
# CONVTAG t=60.00 rough=0.000000 cond=0.251620 evap=0.000000 backs=0.000000
# QATOM t=60.82 dir=DF w=2.31270302 e=0.423289835971
t=   64.00 -9.44e-16 | 1.6613 14.90  20121    0      0      0 | 1.4019 14.71 | 0.00e+00 3.92e-02 |   0.2596 1.0385  2.2562  2.9115 0.500 15.00 | PAIR-CHANNEL-DEAD
# CONVTAG t=64.00 rough=0.000000 cond=0.251620 evap=0.000000 backs=0.000000
t=   68.00 -9.44e-16 | 1.6605 14.90  20114    0      0      0 | 1.4018 14.71 | 0.00e+00 3.65e-02 |   0.3067 1.2269  0.8335  3.5001 0.500 14.00 | PAIR-CHANNEL-DEAD
# CONVTAG t=68.00 rough=0.000000 cond=0.251620 evap=0.000000 backs=0.000000
# QATOM t=71.62 dir=FD w=1.47262087 e=0.269531125271
t=   72.00 -8.09e-16 | 1.6606 14.91  20135    0      0      0 | 1.4021 14.71 | 0.00e+00 3.82e-02 |   0.2837 1.1347  0.5667  3.4692 0.500 14.00 | PAIR-CHANNEL-DEAD
# CONVTAG t=72.00 rough=0.000000 cond=0.251620 evap=0.000000 backs=0.000000
t=   76.00 -9.44e-16 | 1.6605 14.91  20126    0      0      0 | 1.4020 14.71 | 0.00e+00 2.72e-02 |   0.4021 1.6083  1.6813  3.0564 0.500 13.50 | PAIR-CHANNEL-DEAD
# CONVTAG t=76.00 rough=0.000000 cond=0.251620 evap=0.000000 backs=0.000000
t=   80.00 -9.44e-16 | 1.6606 14.90  20116    0      0      0 | 1.4019 14.71 | 0.00e+00 3.07e-02 |   0.4380 1.7520  2.0527  2.7637 0.500 13.50 | PAIR-CHANNEL-DEAD
# CONVTAG t=80.00 rough=0.000000 cond=0.251620 evap=0.000000 backs=0.000000
t=   84.00 -9.44e-16 | 1.6603 14.89  20104    0      0      0 | 1.4018 14.72 | 0.00e+00 5.00e-02 |   0.2648 1.0591  1.2225  3.2413 0.500 14.00 | PAIR-CHANNEL-DEAD
# CONVTAG t=84.00 rough=0.000000 cond=0.251620 evap=0.000000 backs=0.000000
# QATOM t=84.14 dir=DF w=2.37359902 e=0.434435518949
t=   88.00 -9.44e-16 | 1.6605 14.89  20102    0      0      0 | 1.4017 14.71 | 0.00e+00 3.98e-02 |   0.5852 2.3408  2.4011  2.4738 0.500 13.50 | PAIR-CHANNEL-DEAD
# CONVTAG t=88.00 rough=0.000000 cond=0.524127 evap=0.000000 backs=0.000000
t=   92.00 -9.44e-16 | 1.6606 14.90  20111    0      0      0 | 1.4018 14.71 | 0.00e+00 4.93e-02 |   0.5266 2.1066  2.2442  2.6011 0.500 14.00 | PAIR-CHANNEL-DEAD
# CONVTAG t=92.00 rough=0.000000 cond=0.524127 evap=0.000000 backs=0.000000
# QATOM t=94.68 dir=FD w=1.49948282 e=0.274447618957
t=   96.00 -9.44e-16 | 1.6610 14.90  20120    0      0      0 | 1.4020 14.72 | 0.00e+00 3.10e-02 |   0.4696 1.8783  2.2555  2.5920 0.500 14.00 | PAIR-CHANNEL-DEAD
# CONVTAG t=96.00 rough=0.000000 cond=0.524127 evap=0.000000 backs=0.000000
t=  100.00 -9.44e-16 | 1.6612 14.91  20132    0      0      0 | 1.4022 14.73 | 0.00e+00 4.45e-02 |   0.4014 1.6057  2.8142  1.9446 0.500 14.00 | PAIR-CHANNEL-DEAD
# CONVTAG t=100.00 rough=0.000000 cond=0.524127 evap=0.000000 backs=0.000000
t=  104.00 -9.44e-16 | 1.6609 14.91  20122    0      0      0 | 1.4020 14.72 | 0.00e+00 3.35e-02 |   0.3786 1.5145  2.6241  2.2058 0.500 14.00 | PAIR-CHANNEL-DEAD
# CONVTAG t=104.00 rough=0.000000 cond=0.524127 evap=0.000000 backs=0.000000
# QATOM t=104.70 dir=FD w=1.4733875 e=0.269671439513
t=  108.00 -9.44e-16 | 1.6611 14.92  20142    0      0      0 | 1.4022 14.72 | 0.00e+00 5.00e-02 |   0.3690 1.4758  2.4672  2.3914 0.500 14.00 | PAIR-CHANNEL-DEAD
# CONVTAG t=108.00 rough=0.000000 cond=0.524127 evap=0.000000 backs=0.000000
t=  112.00 -9.44e-16 | 1.6615 14.92  20146    0      0      0 | 1.4022 14.71 | 0.00e+00 5.00e-02 |   0.3073 1.2291  2.4162  2.4399 0.500 14.00 | PAIR-CHANNEL-DEAD
# CONVTAG t=112.00 rough=0.000000 cond=0.524127 evap=0.000000 backs=0.000000
# QATOM t=113.18 dir=DF w=2.29320556 e=0.41972125136
t=  116.00 -9.44e-16 | 1.6614 14.94  20165    0      0      0 | 1.4024 14.71 | 0.00e+00 3.37e-02 |   0.4652 1.8607  2.9370  1.7454 0.500 14.00 | PAIR-CHANNEL-DEAD
# CONVTAG t=116.00 rough=0.000000 cond=0.795619 evap=0.000000 backs=0.000000
t=  120.00 -9.44e-16 | 1.6617 14.93  20158    0      0      0 | 1.4024 14.72 | 0.00e+00 5.00e-02 |   0.2426 0.9706  3.2217  1.1142 0.500 14.50 | PAIR-CHANNEL-DEAD
# CONVTAG t=120.00 rough=0.000000 cond=0.795619 evap=0.000000 backs=0.000000
#
# RESULT drift_rel -9.443e-16
# RESULT births 0 deaths 0 beta_returns 0 beta_energy 0.000000e+00
# RESULT conv rough=0.801315 cond=643.959853 evap=0.000000 backs=28.772901 rad=219.790926
# RESULT convtag rough=0.000000 cond=0.795619 evap=0.000000 backs=0.000000 net=0.795619
# RESULT geometry phi_nom=1.6617 z_live=14.93 dbar=1.4024 sigma_d=0.1472
# RESULT pair CHANNEL DEAD
