# freecell — v89 free-cell substance test (exp=pair)
# laws = laws_V2g VERBATIM (defaults): C=1 w1=1.65 w2=2.9 q_detune=1.2
# gamma_res=0.25 gamma_res_m=0.1 p_gate=8 lock_floor=0.005 k_dep=1.2 k_dep_m=2 cap=2.5
# e_s0=1 es_floor=0.05 e_cond=0 f_conv=0.25 f_evap=0.5 s_pull=0.15
# kappa_lock=1 kappa_align=0.5 s_k=0.06 s_disp=0.3 sigma_tumble=0.01
# comb_limit=6 rough_k=0.35 gamma_rough=0.5 mob_sym=1 mob_floor=0.004 field_J=1.8
# quant_A0=1.15 quant_mode=2 (A0eff=1.15)
# v91 radiance (laws_V3r candidate A): k_rad=0.05 p_rad=2 rad_clock=0
# GEOMETRY (apparatus): cfac=1.15 k_rep=1 mob_geo=1 kappa_bond=1 freeze_geo=1
# bath=1 bath_frac=1 jam_sweeps=800 jam_k=0.1 L=16 dt=0.02 T=120 seed=20260802 diag_every=200
# JAM sweeps=800 max_step=1.402e-04 (tol 1.0e-04, k_end=0.0010) — witness for the settle
# SEED pair: i=475 j=1565 x=0.0000/0.0000 p:q=1:1 m=1 d*=1.083308 d0=6.984974 (doff +5.9167)
# SEED pair radii r=0.8091 contact=1.7082  Em/voice=0.0000
# SEED noise: amp=0.5 (e1-class churn)
# INIT NC=2700 slots=25951 live=20845 phi_nom=1.7044 z_live=15.44 dbar=1.4113 sigma_d=14.79% E0=3370.901712047
#
# t | drift_rel | phi_nom z_live NLa NLd births deaths | dbar sigma_d% | maxstep maxbond | Em_tag ret com_dev rms conn z_tag | pair: d delta gf gb | core/far
t=    0.00 +0.00e+00 | 1.7044 15.44  20845    0      0      0 | 1.4113 14.79 | 0.00e+00 0.00e+00 |   0.0000 0.0000  0.0000  0.0000 0.500 16.00 | PAIR-CHANNEL-DEAD
# CONVTAG t=0.00 rough=0.000000 cond=0.000000 evap=0.000000 backs=0.000000
t=    4.00 -4.05e-16 | 1.7046 15.35  20720    0      0      0 | 1.4098 14.79 | 0.00e+00 0.00e+00 |   0.0000 0.0000  0.0000  0.0000 0.500 15.50 | PAIR-CHANNEL-DEAD
# CONVTAG t=4.00 rough=0.000000 cond=0.000000 evap=0.000000 backs=0.000000
# QATOM t=5.36 dir=FD w=1.65 e=0.301996504517
t=    8.00 -9.44e-16 | 1.7042 15.33  20692    0      0      0 | 1.4095 14.79 | 0.00e+00 8.19e-05 |   0.0000 0.0000  0.0000  0.0000 0.500 15.50 | PAIR-CHANNEL-DEAD
# CONVTAG t=8.00 rough=0.000000 cond=0.000000 evap=0.000000 backs=0.000000
t=   12.00 -1.08e-15 | 1.7027 15.33  20690    0      0      0 | 1.4094 14.79 | 0.00e+00 4.53e-03 |   0.0000 1.0000  0.9847  2.9718 0.500 14.50 | PAIR-CHANNEL-DEAD
# CONVTAG t=12.00 rough=0.000000 cond=0.000000 evap=0.000000 backs=0.000000
t=   16.00 -1.08e-15 | 1.7005 15.29  20639    0      0      0 | 1.4088 14.78 | 0.00e+00 4.95e-03 |   0.0000 80.3189  0.3189  3.4912 0.500 15.00 | PAIR-CHANNEL-DEAD
# CONVTAG t=16.00 rough=0.000000 cond=0.000000 evap=0.000000 backs=0.000000
# QATOM t=17.84 dir=FD w=1.64977069 e=0.301954533921
t=   20.00 -1.08e-15 | 1.6964 15.24  20569    0      0      0 | 1.4079 14.78 | 0.00e+00 2.45e-02 |   0.0007 3014.7704  2.7397  2.1906 0.500 16.00 | PAIR-CHANNEL-DEAD
# CONVTAG t=20.00 rough=0.000000 cond=0.000000 evap=0.000000 backs=0.000000
# QATOM t=22.34 dir=FD w=1.64985388 e=0.301969760323
t=   24.00 -1.08e-15 | 1.6907 15.19  20511    0      0      0 | 1.4071 14.77 | 0.00e+00 1.66e-02 |   0.0075 31934.6760  0.5112  3.4368 0.500 16.00 | PAIR-CHANNEL-DEAD
# CONVTAG t=24.00 rough=0.000000 cond=0.000000 evap=0.000000 backs=0.000000
# QATOM t=26.66 dir=FD w=1.64485331 e=0.301054514528
t=   28.00 -1.08e-15 | 1.6854 15.13  20431    0      0      0 | 1.4061 14.76 | 0.00e+00 3.38e-02 |   0.0054 23233.1695  2.7129  2.0767 0.500 16.00 | PAIR-CHANNEL-DEAD
# CONVTAG t=28.00 rough=0.000000 cond=0.000000 evap=0.000000 backs=0.000000
# QATOM t=30.72 dir=FD w=1.64513428 e=0.301105941362
t=   32.00 -9.44e-16 | 1.6798 15.07  20351    0      0      0 | 1.4050 14.75 | 0.00e+00 2.22e-02 |   0.0091 39006.0081  3.1787  1.3827 0.500 16.00 | PAIR-CHANNEL-DEAD
# CONVTAG t=32.00 rough=0.000000 cond=0.000000 evap=0.000000 backs=0.000000
t=   36.00 -1.08e-15 | 1.6761 15.04  20304    0      0      0 | 1.4044 14.74 | 0.00e+00 2.85e-02 |   0.0152 65182.6056  2.6242  2.2188 0.500 16.00 | PAIR-CHANNEL-DEAD
# CONVTAG t=36.00 rough=0.000000 cond=0.000000 evap=0.000000 backs=0.000000
# QATOM t=36.12 dir=FD w=1.64902567 e=0.301818174038
t=   40.00 -1.08e-15 | 1.6726 15.01  20269    0      0      0 | 1.4039 14.73 | 0.00e+00 2.10e-02 |   0.0253 108391.7463  3.1951  1.1842 0.500 16.00 | PAIR-CHANNEL-DEAD
# CONVTAG t=40.00 rough=0.000000 cond=0.000000 evap=0.000000 backs=0.000000
# QATOM t=42.88 dir=FD w=1.2153034 e=0.222434775254
t=   44.00 -1.08e-15 | 1.6699 14.97  20213    0      0      0 | 1.4031 14.72 | 0.00e+00 4.32e-02 |   0.0257 110016.8872  2.7975  1.9666 0.500 15.50 | PAIR-CHANNEL-DEAD
# CONVTAG t=44.00 rough=0.000000 cond=0.000000 evap=0.000000 backs=0.000000
t=   48.00 -1.08e-15 | 1.6671 14.98  20219    0      0      0 | 1.4032 14.73 | 0.00e+00 2.66e-02 |   0.0189 80779.9321  3.0576  1.5126 0.500 15.50 | PAIR-CHANNEL-DEAD
# CONVTAG t=48.00 rough=0.000000 cond=0.000000 evap=0.000000 backs=0.000000
# QATOM t=50.36 dir=FD w=1.64962164 e=0.301927253373
t=   52.00 -1.08e-15 | 1.6652 14.93  20156    0      0      0 | 1.4024 14.72 | 0.00e+00 2.93e-02 |   0.0211 90586.8585  3.2756  0.9304 0.500 15.50 | PAIR-CHANNEL-DEAD
# CONVTAG t=52.00 rough=0.000000 cond=0.000000 evap=0.000000 backs=0.000000
t=   56.00 -1.08e-15 | 1.6639 14.94  20165    0      0      0 | 1.4026 14.72 | 0.00e+00 3.20e-02 |   0.0352 150951.7198  3.1593  1.2793 0.500 16.00 | PAIR-CHANNEL-DEAD
# CONVTAG t=56.00 rough=0.000000 cond=0.000000 evap=0.000000 backs=0.000000
t=   60.00 -1.08e-15 | 1.6627 14.92  20143    0      0      0 | 1.4022 14.71 | 0.00e+00 4.20e-02 |   0.0340 145482.0032  3.2576  1.2610 0.500 15.50 | PAIR-CHANNEL-DEAD
# CONVTAG t=60.00 rough=0.000000 cond=0.000000 evap=0.000000 backs=0.000000
# QATOM t=61.34 dir=FD w=1.61439513 e=0.295479810217
t=   64.00 -1.08e-15 | 1.6616 14.92  20145    0      0      0 | 1.4023 14.72 | 0.00e+00 3.21e-02 |   0.0236 101303.1074  3.0262  1.5607 0.500 15.50 | PAIR-CHANNEL-DEAD
# CONVTAG t=64.00 rough=0.000000 cond=0.000000 evap=0.000000 backs=0.000000
t=   68.00 -1.08e-15 | 1.6615 14.92  20136    0      0      0 | 1.4021 14.71 | 0.00e+00 4.39e-02 |   0.0288 123585.2042  2.2522  2.5832 0.500 15.00 | PAIR-CHANNEL-DEAD
# CONVTAG t=68.00 rough=0.000000 cond=0.000000 evap=0.000000 backs=0.000000
t=   72.00 -1.08e-15 | 1.6614 14.93  20159    0      0      0 | 1.4024 14.72 | 0.00e+00 3.78e-02 |   0.0596 255547.3060  1.9020  2.8662 0.500 15.00 | PAIR-CHANNEL-DEAD
# CONVTAG t=72.00 rough=0.000000 cond=0.000000 evap=0.000000 backs=0.000000
# QATOM t=73.04 dir=FD w=1.12231533 e=0.205415336443
t=   76.00 -1.08e-15 | 1.6608 14.89  20104    0      0      0 | 1.4018 14.72 | 0.00e+00 5.00e-02 |   0.0665 284887.3366  1.4429  3.1456 0.500 15.00 | PAIR-CHANNEL-DEAD
# CONVTAG t=76.00 rough=0.000000 cond=0.000000 evap=0.000000 backs=0.000000
t=   80.00 -1.08e-15 | 1.6609 14.90  20119    0      0      0 | 1.4020 14.72 | 0.00e+00 3.12e-02 |   0.0619 265300.4488  1.8552  2.8984 0.500 15.00 | PAIR-CHANNEL-DEAD
# CONVTAG t=80.00 rough=0.000000 cond=0.000000 evap=0.000000 backs=0.000000
t=   84.00 -1.08e-15 | 1.6606 14.92  20136    0      0      0 | 1.4022 14.72 | 0.00e+00 3.41e-02 |   0.0747 320133.4419  1.8809  2.8843 0.500 15.00 | PAIR-CHANNEL-DEAD
# CONVTAG t=84.00 rough=0.000000 cond=0.000000 evap=0.000000 backs=0.000000
# QATOM t=84.08 dir=FD w=1.38989461 e=0.254389887027
t=   88.00 -1.08e-15 | 1.6603 14.90  20120    0      0      0 | 1.4020 14.72 | 0.00e+00 4.39e-02 |   0.1012 433706.1596  1.5565  3.0812 0.500 15.00 | PAIR-CHANNEL-DEAD
# CONVTAG t=88.00 rough=0.000000 cond=0.000000 evap=0.000000 backs=0.000000
t=   92.00 -1.08e-15 | 1.6603 14.89  20100    0      0      0 | 1.4017 14.71 | 0.00e+00 3.89e-02 |   0.1687 722853.1924  2.0052  2.7954 0.500 14.50 | PAIR-CHANNEL-DEAD
# CONVTAG t=92.00 rough=0.000000 cond=0.000000 evap=0.000000 backs=0.000000
# QATOM t=94.80 dir=DF w=2.3352186 e=0.427410820843
t=   96.00 -1.08e-15 | 1.6606 14.89  20105    0      0      0 | 1.4018 14.72 | 0.00e+00 3.68e-02 |   0.2105 902074.7896  1.7749  2.9561 0.500 15.00 | PAIR-CHANNEL-DEAD
# CONVTAG t=96.00 rough=0.000000 cond=0.000000 evap=0.000000 backs=0.000000
t=  100.00 -9.44e-16 | 1.6608 14.91  20122    0      0      0 | 1.4020 14.72 | 0.00e+00 3.93e-02 |   0.1285 550620.3875  1.0311  3.5190 0.500 15.00 | PAIR-CHANNEL-DEAD
# CONVTAG t=100.00 rough=0.000000 cond=0.000000 evap=0.000000 backs=0.000000
t=  104.00 -9.44e-16 | 1.6611 14.93  20149    0      0      0 | 1.4023 14.72 | 0.00e+00 3.04e-02 |   0.0966 413990.3288  1.0664  3.2928 0.500 15.00 | PAIR-CHANNEL-DEAD
# CONVTAG t=104.00 rough=0.000000 cond=0.000000 evap=0.000000 backs=0.000000
# QATOM t=105.12 dir=FD w=1.60232913 e=0.293271392554
t=  108.00 -9.44e-16 | 1.6608 14.91  20123    0      0      0 | 1.4020 14.71 | 0.00e+00 3.03e-02 |   0.0526 225173.2856  2.0948  2.8546 0.500 15.00 | PAIR-CHANNEL-DEAD
# CONVTAG t=108.00 rough=0.000000 cond=0.000000 evap=0.000000 backs=0.000000
t=  112.00 -9.44e-16 | 1.6611 14.92  20137    0      0      0 | 1.4021 14.71 | 0.00e+00 3.66e-02 |   0.0561 240513.8129  2.9610  1.6990 0.500 15.00 | PAIR-CHANNEL-DEAD
# CONVTAG t=112.00 rough=0.000000 cond=0.000000 evap=0.000000 backs=0.000000
# QATOM t=114.20 dir=DF w=2.56931974 e=0.470257928275
t=  116.00 -9.44e-16 | 1.6609 14.91  20131    0      0      0 | 1.4020 14.71 | 0.00e+00 4.85e-02 |   0.1826 782411.8270  3.1660  1.2633 0.500 15.50 | PAIR-CHANNEL-DEAD
# CONVTAG t=116.00 rough=0.000000 cond=0.000000 evap=0.000000 backs=0.000000
t=  120.00 -9.44e-16 | 1.6616 14.94  20163    0      0      0 | 1.4024 14.71 | 0.00e+00 4.06e-02 |   0.1688 723223.7831  3.0440  1.5404 0.500 15.50 | PAIR-CHANNEL-DEAD
# CONVTAG t=120.00 rough=0.000000 cond=0.000000 evap=0.000000 backs=0.000000
#
# RESULT drift_rel -9.443e-16
# RESULT births 0 deaths 0 beta_returns 0 beta_energy 0.000000e+00
# RESULT conv rough=0.812938 cond=640.181400 evap=0.000000 backs=28.154103 rad=215.035186
# RESULT convtag rough=0.000000 cond=0.000000 evap=0.000000 backs=0.000000 net=0.000000
# RESULT geometry phi_nom=1.6616 z_live=14.94 dbar=1.4024 sigma_d=0.1471
# RESULT pair CHANNEL DEAD
