# freecell — v89 free-cell substance test (exp=pair)
# laws = laws_V2g VERBATIM (defaults): C=1 w1=1.65 w2=2.9 q_detune=1.2
# gamma_res=0.25 gamma_res_m=0.1 p_gate=8 lock_floor=0.005 k_dep=1.2 k_dep_m=2 cap=2.5
# e_s0=1 es_floor=0.05 e_cond=0 f_conv=0.25 f_evap=0.5 s_pull=0.15
# kappa_lock=1 kappa_align=0.5 s_k=0.06 s_disp=0.3 sigma_tumble=0.01
# comb_limit=6 rough_k=0.35 gamma_rough=0.5 mob_sym=1 mob_floor=0.004 field_J=1.8
# quant_A0=1.15 quant_mode=2 (A0eff=1.15)
# v91 radiance (laws_V3r candidate A): k_rad=0.05 p_rad=2 rad_clock=0
# GEOMETRY (apparatus): cfac=1.15 k_rep=1 mob_geo=1 kappa_bond=1 freeze_geo=1
# bath=1 bath_frac=1 jam_sweeps=800 jam_k=0.1 L=16 dt=0.02 T=120 seed=20260802 diag_every=200
# JAM sweeps=800 max_step=1.402e-04 (tol 1.0e-04, k_end=0.0010) — witness for the settle
# SEED pair: i=475 j=1565 x=0.4167/0.0000 p:q=1:1 m=1 d*=1.299983 d0=6.984974 (doff +5.7000)
# SEED pair radii r=0.7707 contact=1.6698  Em/voice=1.0417
# SEED noise: amp=0.5 (e1-class churn)
# INIT NC=2700 slots=25950 live=20843 phi_nom=1.7043 z_live=15.44 dbar=1.4113 sigma_d=14.79% E0=3371.807581612
#
# t | drift_rel | phi_nom z_live NLa NLd births deaths | dbar sigma_d% | maxstep maxbond | Em_tag ret com_dev rms conn z_tag | pair: d delta gf gb | core/far
t=    0.00 +0.00e+00 | 1.7043 15.44  20843    0      0      0 | 1.4113 14.79 | 0.00e+00 0.00e+00 |   1.0417 1.0000  3.6101  0.0000 0.500 15.00 | PAIR-CHANNEL-DEAD
# CONVTAG t=0.00 rough=0.000000 cond=0.000000 evap=0.000000 backs=0.000000
t=    4.00 -5.39e-16 | 1.7045 15.35  20718    0      0      0 | 1.4098 14.79 | 0.00e+00 1.30e-04 |   1.0296 0.9884  3.6101  0.0000 0.500 14.00 | PAIR-CHANNEL-DEAD
# CONVTAG t=4.00 rough=0.000000 cond=0.000000 evap=0.000000 backs=0.000000
# QATOM t=5.36 dir=FD w=1.65 e=0.301996504517
t=    8.00 -6.74e-16 | 1.7041 15.33  20690    0      0      0 | 1.4095 14.79 | 0.00e+00 1.93e-04 |   1.0208 0.9799  3.6101  0.0001 0.500 14.00 | PAIR-CHANNEL-DEAD
# CONVTAG t=8.00 rough=0.000000 cond=0.000000 evap=0.000000 backs=0.000000
t=   12.00 -6.74e-16 | 1.7027 15.33  20689    0      0      0 | 1.4094 14.79 | 0.00e+00 4.53e-03 |   1.0191 0.9782  3.6100  0.0164 0.500 13.50 | PAIR-CHANNEL-DEAD
# CONVTAG t=12.00 rough=0.000000 cond=0.000000 evap=0.000000 backs=0.000000
t=   16.00 -6.74e-16 | 1.7002 15.29  20636    0      0      0 | 1.4088 14.78 | 0.00e+00 6.53e-03 |   1.0188 0.9780  3.6099  0.0291 0.500 14.00 | PAIR-CHANNEL-DEAD
# CONVTAG t=16.00 rough=0.000000 cond=0.000000 evap=0.000000 backs=0.000000
# QATOM t=17.62 dir=FD w=1.64954064 e=0.301912428358
t=   20.00 -5.39e-16 | 1.6962 15.23  20560    0      0      0 | 1.4078 14.78 | 0.00e+00 1.45e-02 |   1.0176 0.9768  3.6093  0.0727 0.500 14.50 | PAIR-CHANNEL-DEAD
# CONVTAG t=20.00 rough=0.000000 cond=0.000000 evap=0.000000 backs=0.000000
# QATOM t=22.34 dir=FD w=1.64936179 e=0.301879694875
t=   24.00 -5.39e-16 | 1.6905 15.19  20504    0      0      0 | 1.4071 14.77 | 0.00e+00 2.32e-02 |   1.0213 0.9803  3.5836  0.4247 0.500 14.50 | PAIR-CHANNEL-DEAD
# CONVTAG t=24.00 rough=0.000000 cond=0.000000 evap=0.000000 backs=0.000000
# QATOM t=26.38 dir=FD w=1.6455223 e=0.301176958817
t=   28.00 -5.39e-16 | 1.6847 15.13  20430    0      0      0 | 1.4061 14.76 | 0.00e+00 3.04e-02 |   1.0221 0.9811  3.5765  0.4775 0.500 14.00 | PAIR-CHANNEL-DEAD
# CONVTAG t=28.00 rough=0.000000 cond=0.000000 evap=0.000000 backs=0.000000
# QATOM t=30.40 dir=FD w=1.64975735 e=0.30195209286
t=   32.00 -5.39e-16 | 1.6794 15.07  20349    0      0      0 | 1.4050 14.75 | 0.00e+00 1.77e-02 |   1.0354 0.9939  3.5844  0.4127 0.500 13.00 | PAIR-CHANNEL-DEAD
# CONVTAG t=32.00 rough=0.000000 cond=0.000000 evap=0.000000 backs=0.000000
# QATOM t=35.62 dir=FD w=1.4257613 e=0.260954503218
t=   36.00 -5.39e-16 | 1.6753 15.04  20309    0      0      0 | 1.4044 14.74 | 0.00e+00 2.88e-02 |   1.1872 1.1396  2.5434  2.5148 0.500 13.50 | PAIR-CHANNEL-DEAD
# CONVTAG t=36.00 rough=0.000000 cond=0.301371 evap=0.000000 backs=0.000000
t=   40.00 -5.39e-16 | 1.6716 15.03  20289    0      0      0 | 1.4041 14.73 | 0.00e+00 3.33e-02 |   1.2795 1.2282  1.9620  2.9637 0.500 13.00 | PAIR-CHANNEL-DEAD
# CONVTAG t=40.00 rough=0.000000 cond=0.301371 evap=0.000000 backs=0.000000
# QATOM t=42.36 dir=FD w=1.63111482 e=0.298539985026
t=   44.00 -6.74e-16 | 1.6693 15.01  20263    0      0      0 | 1.4038 14.73 | 0.00e+00 3.65e-02 |   1.4675 1.4087  1.3519  3.2784 0.500 12.50 | PAIR-CHANNEL-DEAD
# CONVTAG t=44.00 rough=0.000000 cond=0.301371 evap=0.000000 backs=0.000000
t=   48.00 -6.74e-16 | 1.6670 14.96  20200    0      0      0 | 1.4029 14.72 | 0.00e+00 3.10e-02 |   1.1079 1.0635  2.6801  2.3736 0.500 13.50 | PAIR-CHANNEL-DEAD
# CONVTAG t=48.00 rough=0.000000 cond=0.301371 evap=0.000000 backs=0.000000
# QATOM t=50.14 dir=FD w=1.60968049 e=0.294616897492
t=   52.00 -6.74e-16 | 1.6649 14.96  20191    0      0      0 | 1.4028 14.72 | 0.00e+00 4.17e-02 |   0.9919 0.9521  3.3227  1.3871 0.500 15.00 | PAIR-CHANNEL-DEAD
# CONVTAG t=52.00 rough=0.000000 cond=0.301371 evap=0.000000 backs=0.000000
t=   56.00 -6.74e-16 | 1.6640 14.93  20159    0      0      0 | 1.4024 14.71 | 0.00e+00 3.28e-02 |   1.0019 0.9618  3.5753  0.4900 0.500 15.00 | PAIR-CHANNEL-DEAD
# CONVTAG t=56.00 rough=0.000000 cond=0.301371 evap=0.000000 backs=0.000000
t=   60.00 -6.74e-16 | 1.6627 14.94  20173    0      0      0 | 1.4026 14.72 | 0.00e+00 3.75e-02 |   0.9628 0.9242  3.5312  0.7385 0.500 14.50 | PAIR-CHANNEL-DEAD
# CONVTAG t=60.00 rough=0.000000 cond=0.301371 evap=0.000000 backs=0.000000
# QATOM t=60.88 dir=FD w=1.25620419 e=0.229920771959
t=   64.00 -6.74e-16 | 1.6621 14.92  20146    0      0      0 | 1.4022 14.71 | 0.00e+00 3.42e-02 |   0.9688 0.9300  3.5054  0.8481 0.500 14.50 | PAIR-CHANNEL-DEAD
# CONVTAG t=64.00 rough=0.000000 cond=0.301371 evap=0.000000 backs=0.000000
t=   68.00 -6.74e-16 | 1.6614 14.91  20122    0      0      0 | 1.4020 14.72 | 0.00e+00 3.73e-02 |   0.9596 0.9211  3.4736  0.9668 0.500 14.00 | PAIR-CHANNEL-DEAD
# CONVTAG t=68.00 rough=0.000000 cond=0.301371 evap=0.000000 backs=0.000000
t=   72.00 -6.74e-16 | 1.6615 14.91  20135    0      0      0 | 1.4021 14.71 | 0.00e+00 4.01e-02 |   0.9398 0.9022  3.5220  0.7797 0.500 14.00 | PAIR-CHANNEL-DEAD
# CONVTAG t=72.00 rough=0.000000 cond=0.301371 evap=0.000000 backs=0.000000
# QATOM t=72.22 dir=FD w=1.37843525 e=0.252292501156
t=   76.00 -5.39e-16 | 1.6616 14.91  20129    0      0      0 | 1.4020 14.72 | 0.00e+00 3.89e-02 |   0.9495 0.9115  3.4852  0.9254 0.500 13.50 | PAIR-CHANNEL-DEAD
# CONVTAG t=76.00 rough=0.000000 cond=0.301371 evap=0.000000 backs=0.000000
t=   80.00 -5.39e-16 | 1.6614 14.91  20134    0      0      0 | 1.4021 14.71 | 0.00e+00 3.08e-02 |   0.9121 0.8756  3.3714  1.2643 0.500 13.50 | PAIR-CHANNEL-DEAD
# CONVTAG t=80.00 rough=0.000000 cond=0.301371 evap=0.000000 backs=0.000000
# QATOM t=83.50 dir=FD w=1.51049508 e=0.276463172974
t=   84.00 -5.39e-16 | 1.6610 14.89  20107    0      0      0 | 1.4017 14.71 | 0.00e+00 4.06e-02 |   0.9892 0.9495  2.7474  2.2967 0.500 13.50 | PAIR-CHANNEL-DEAD
# CONVTAG t=84.00 rough=0.000000 cond=0.301371 evap=0.000000 backs=0.000000
t=   88.00 -5.39e-16 | 1.6611 14.90  20109    0      0      0 | 1.4017 14.71 | 0.00e+00 3.51e-02 |   0.5617 0.5392  2.6470  2.3996 0.500 13.50 | PAIR-CHANNEL-DEAD
# CONVTAG t=88.00 rough=0.000000 cond=0.301371 evap=0.375195 backs=0.048939
t=   92.00 -6.74e-16 | 1.6617 14.92  20146    0      0      0 | 1.4023 14.72 | 0.00e+00 3.98e-02 |   0.5692 0.5464  3.0799  1.8397 0.500 13.50 | PAIR-CHANNEL-DEAD
# CONVTAG t=92.00 rough=0.000000 cond=0.301371 evap=0.375195 backs=0.048939
# QATOM t=92.12 dir=DF w=2.0360147 e=0.372648074905
t=   96.00 -5.39e-16 | 1.6616 14.91  20135    0      0      0 | 1.4022 14.72 | 0.00e+00 4.10e-02 |   0.6002 0.5762  2.9363  2.0584 0.500 13.50 | PAIR-CHANNEL-DEAD
# CONVTAG t=96.00 rough=0.000000 cond=0.301371 evap=0.375195 backs=0.048939
t=  100.00 -6.74e-16 | 1.6620 14.93  20149    0      0      0 | 1.4024 14.72 | 0.00e+00 3.45e-02 |   0.5375 0.5160  3.0635  1.8681 0.500 14.00 | PAIR-CHANNEL-DEAD
# CONVTAG t=100.00 rough=0.000000 cond=0.301371 evap=0.375195 backs=0.048939
# QATOM t=100.34 dir=DF w=2.60417862 e=0.476638085843
t=  104.00 -6.74e-16 | 1.6619 14.92  20137    0      0      0 | 1.4022 14.72 | 0.00e+00 3.96e-02 |   1.0706 1.0277  1.6164  3.1593 0.500 13.50 | PAIR-CHANNEL-DEAD
# CONVTAG t=104.00 rough=0.000000 cond=0.842914 evap=0.375195 backs=0.048939
t=  108.00 -6.74e-16 | 1.6618 14.93  20156    0      0      0 | 1.4023 14.71 | 0.00e+00 4.10e-02 |   1.0201 0.9792  1.9657  2.9655 0.500 13.50 | PAIR-CHANNEL-DEAD
# CONVTAG t=108.00 rough=0.000000 cond=0.842914 evap=0.375195 backs=0.048939
# QATOM t=109.10 dir=FD w=1.16563452 e=0.213343969579
t=  112.00 -6.74e-16 | 1.6617 14.93  20153    0      0      0 | 1.4024 14.72 | 0.00e+00 5.00e-02 |   0.9178 0.8811  2.0981  2.8791 0.500 14.00 | PAIR-CHANNEL-DEAD
# CONVTAG t=112.00 rough=0.000000 cond=0.842914 evap=0.375195 backs=0.048939
t=  116.00 -6.74e-16 | 1.6619 14.93  20159    0      0      0 | 1.4025 14.72 | 0.00e+00 4.62e-02 |   0.8398 0.8062  2.2755  2.7504 0.500 14.00 | PAIR-CHANNEL-DEAD
# CONVTAG t=116.00 rough=0.000000 cond=0.842914 evap=0.375195 backs=0.048939
# QATOM t=117.30 dir=FD w=1.61921408 e=0.296361812897
t=  120.00 -6.74e-16 | 1.6618 14.94  20170    0      0      0 | 1.4026 14.72 | 0.00e+00 3.46e-02 |   0.7468 0.7169  2.1450  2.8461 0.500 13.50 | PAIR-CHANNEL-DEAD
# CONVTAG t=120.00 rough=0.000000 cond=0.842914 evap=0.375195 backs=0.048939
#
# RESULT drift_rel -6.743e-16
# RESULT births 0 deaths 0 beta_returns 0 beta_energy 0.000000e+00
# RESULT conv rough=1.518081 cond=659.895392 evap=0.000000 backs=30.549041 rad=232.691236
# RESULT convtag rough=0.000000 cond=0.842914 evap=0.375195 backs=0.048939 net=0.516657
# RESULT geometry phi_nom=1.6618 z_live=14.94 dbar=1.4026 sigma_d=0.1472
# RESULT pair CHANNEL DEAD
