# freecell — v89 free-cell substance test (exp=pair)
# laws = laws_V2g VERBATIM (defaults): C=1 w1=1.65 w2=2.9 q_detune=1.2
# gamma_res=0.25 gamma_res_m=0.1 p_gate=8 lock_floor=0.005 k_dep=1.2 k_dep_m=2 cap=2.5
# e_s0=1 es_floor=0.05 e_cond=0 f_conv=0.25 f_evap=0.5 s_pull=0.15
# kappa_lock=1 kappa_align=0.5 s_k=0.06 s_disp=0.3 sigma_tumble=0.01
# comb_limit=6 rough_k=0.35 gamma_rough=0.5 mob_sym=1 mob_floor=0.004 field_J=1.8
# quant_A0=1.15 quant_mode=2 (A0eff=1.15)
# v91 radiance (laws_V3r candidate A): k_rad=0.05 p_rad=2 rad_clock=0
# GEOMETRY (apparatus): cfac=1.15 k_rep=1 mob_geo=1 kappa_bond=1 freeze_geo=1
# bath=1 bath_frac=1 jam_sweeps=800 jam_k=0.1 L=16 dt=0.02 T=120 seed=20260802 diag_every=200
# JAM sweeps=800 max_step=1.402e-04 (tol 1.0e-04, k_end=0.0010) — witness for the settle
# SEED pair: i=475 j=1565 x=0.4800/0.0000 p:q=1:1 m=1 d*=1.325538 d0=6.984974 (doff +5.6745)
# SEED pair radii r=0.7645 contact=1.6636  Em/voice=1.2000
# SEED noise: amp=0.5 (e1-class churn)
# INIT NC=2700 slots=25950 live=20843 phi_nom=1.7043 z_live=15.44 dbar=1.4113 sigma_d=14.79% E0=3371.945190308
#
# t | drift_rel | phi_nom z_live NLa NLd births deaths | dbar sigma_d% | maxstep maxbond | Em_tag ret com_dev rms conn z_tag | pair: d delta gf gb | core/far
t=    0.00 +0.00e+00 | 1.7043 15.44  20843    0      0      0 | 1.4113 14.79 | 0.00e+00 0.00e+00 |   1.2000 1.0000  3.6101  0.0000 0.500 15.00 | PAIR-CHANNEL-DEAD
# CONVTAG t=0.00 rough=0.000000 cond=0.000000 evap=0.000000 backs=0.000000
t=    4.00 -5.39e-16 | 1.7045 15.35  20718    0      0      0 | 1.4098 14.79 | 0.00e+00 1.48e-06 |   1.1994 0.9995  3.6101  0.0000 0.500 14.00 | PAIR-CHANNEL-DEAD
# CONVTAG t=4.00 rough=0.000000 cond=0.000000 evap=0.000000 backs=0.000000
# QATOM t=5.36 dir=FD w=1.65 e=0.301996504517
t=    8.00 -9.44e-16 | 1.7041 15.32  20688    0      0      0 | 1.4094 14.79 | 0.00e+00 1.93e-04 |   1.1975 0.9979  3.6101  0.0000 0.500 13.50 | PAIR-CHANNEL-DEAD
# CONVTAG t=8.00 rough=0.000000 cond=0.000000 evap=0.000000 backs=0.000000
t=   12.00 -9.44e-16 | 1.7026 15.33  20690    0      0      0 | 1.4095 14.79 | 0.00e+00 4.53e-03 |   1.1959 0.9966  3.6100  0.0064 0.500 13.50 | PAIR-CHANNEL-DEAD
# CONVTAG t=12.00 rough=0.000000 cond=0.000000 evap=0.000000 backs=0.000000
t=   16.00 -9.44e-16 | 1.7002 15.29  20637    0      0      0 | 1.4088 14.79 | 0.00e+00 5.67e-03 |   1.1956 0.9963  3.6100  0.0188 0.500 13.50 | PAIR-CHANNEL-DEAD
# CONVTAG t=16.00 rough=0.000000 cond=0.000000 evap=0.000000 backs=0.000000
# QATOM t=17.66 dir=FD w=1.6498159 e=0.301962809601
t=   20.00 -9.44e-16 | 1.6962 15.23  20562    0      0      0 | 1.4079 14.78 | 0.00e+00 1.55e-02 |   1.1941 0.9951  3.6088  0.1162 0.500 13.50 | PAIR-CHANNEL-DEAD
# CONVTAG t=20.00 rough=0.000000 cond=0.000000 evap=0.000000 backs=0.000000
# QATOM t=22.32 dir=FD w=1.42055299 e=0.260001235737
t=   24.00 -9.44e-16 | 1.6904 15.19  20501    0      0      0 | 1.4070 14.77 | 0.00e+00 2.79e-02 |   1.1918 0.9932  3.5832  0.4398 0.500 14.00 | PAIR-CHANNEL-DEAD
# CONVTAG t=24.00 rough=0.000000 cond=0.000000 evap=0.000000 backs=0.000000
# QATOM t=26.38 dir=FD w=1.64599578 e=0.301263618862
t=   28.00 -9.44e-16 | 1.6847 15.13  20432    0      0      0 | 1.4061 14.76 | 0.00e+00 2.91e-02 |   1.1885 0.9904  3.5776  0.4753 0.500 14.00 | PAIR-CHANNEL-DEAD
# CONVTAG t=28.00 rough=0.000000 cond=0.000000 evap=0.000000 backs=0.000000
# QATOM t=30.40 dir=FD w=1.64970625 e=0.301942740198
t=   32.00 -1.08e-15 | 1.6795 15.07  20343    0      0      0 | 1.4049 14.75 | 0.00e+00 1.81e-02 |   1.1869 0.9891  3.5600  0.6223 0.500 13.50 | PAIR-CHANNEL-DEAD
# CONVTAG t=32.00 rough=0.000000 cond=0.000000 evap=0.000000 backs=0.000000
# QATOM t=35.66 dir=FD w=1.64840022 e=0.301703699626
t=   36.00 -1.08e-15 | 1.6754 15.04  20303    0      0      0 | 1.4043 14.74 | 0.00e+00 2.27e-02 |   1.1824 0.9853  3.5485  0.6951 0.500 13.50 | PAIR-CHANNEL-DEAD
# CONVTAG t=36.00 rough=0.000000 cond=0.000000 evap=0.000000 backs=0.000000
t=   40.00 -1.08e-15 | 1.6718 15.02  20279    0      0      0 | 1.4039 14.72 | 0.00e+00 2.47e-02 |   1.4261 1.1884  3.4988  0.9131 0.500 13.00 | PAIR-CHANNEL-DEAD
# CONVTAG t=40.00 rough=0.000000 cond=0.192728 evap=0.000000 backs=0.000000
# QATOM t=42.60 dir=FD w=1.6462025 e=0.301301454749
t=   44.00 -1.08e-15 | 1.6693 14.99  20240    0      0      0 | 1.4034 14.72 | 0.00e+00 3.15e-02 |   1.4233 1.1861  3.4919  0.9023 0.500 13.00 | PAIR-CHANNEL-DEAD
# CONVTAG t=44.00 rough=0.000000 cond=0.192728 evap=0.000000 backs=0.000000
t=   48.00 -1.08e-15 | 1.6675 14.98  20222    0      0      0 | 1.4032 14.72 | 0.00e+00 2.73e-02 |   1.4419 1.2016  3.4089  1.1697 0.500 13.00 | PAIR-CHANNEL-DEAD
# CONVTAG t=48.00 rough=0.000000 cond=0.192728 evap=0.000000 backs=0.000000
# QATOM t=51.80 dir=FD w=1.38247682 e=0.253032222161
t=   52.00 -1.08e-15 | 1.6656 14.95  20178    0      0      0 | 1.4026 14.71 | 0.00e+00 3.65e-02 |   1.4743 1.2286  3.2505  1.5827 0.500 13.00 | PAIR-CHANNEL-DEAD
# CONVTAG t=52.00 rough=0.000000 cond=0.192728 evap=0.000000 backs=0.000000
t=   56.00 -1.08e-15 | 1.6639 14.95  20182    0      0      0 | 1.4026 14.71 | 0.00e+00 3.46e-02 |   1.1482 0.9568  3.1318  1.7675 0.500 13.00 | PAIR-CHANNEL-DEAD
# CONVTAG t=56.00 rough=0.000000 cond=0.192728 evap=0.318039 backs=0.041483
t=   60.00 -1.08e-15 | 1.6624 14.94  20166    0      0      0 | 1.4023 14.70 | 0.00e+00 4.69e-02 |   1.1316 0.9430  3.1518  1.7610 0.500 14.00 | PAIR-CHANNEL-DEAD
# CONVTAG t=60.00 rough=0.000000 cond=0.192728 evap=0.318039 backs=0.041483
# QATOM t=61.60 dir=FD w=1.62791508 e=0.297954341312
t=   64.00 -1.08e-15 | 1.6616 14.92  20140    0      0      0 | 1.4020 14.70 | 0.00e+00 2.75e-02 |   1.1018 0.9181  3.2451  1.5733 0.500 14.00 | PAIR-CHANNEL-DEAD
# CONVTAG t=64.00 rough=0.000000 cond=0.192728 evap=0.318039 backs=0.041483
t=   68.00 -1.08e-15 | 1.6612 14.90  20114    0      0      0 | 1.4017 14.70 | 0.00e+00 3.47e-02 |   1.1694 0.9745  3.0202  1.9460 0.500 14.00 | PAIR-CHANNEL-DEAD
# CONVTAG t=68.00 rough=0.000000 cond=0.192728 evap=0.318039 backs=0.041483
t=   72.00 -1.08e-15 | 1.6608 14.90  20119    0      0      0 | 1.4018 14.70 | 0.00e+00 3.41e-02 |   1.1761 0.9800  3.0098  1.9672 0.500 14.00 | PAIR-CHANNEL-DEAD
# CONVTAG t=72.00 rough=0.000000 cond=0.192728 evap=0.318039 backs=0.041483
# QATOM t=72.14 dir=FD w=1.63790331 e=0.299782468987
t=   76.00 -1.08e-15 | 1.6603 14.90  20112    0      0      0 | 1.4017 14.71 | 0.00e+00 3.36e-02 |   1.0823 0.9019  3.1848  1.6962 0.500 14.00 | PAIR-CHANNEL-DEAD
# CONVTAG t=76.00 rough=0.000000 cond=0.192728 evap=0.318039 backs=0.041483
t=   80.00 -1.08e-15 | 1.6605 14.90  20110    0      0      0 | 1.4017 14.71 | 0.00e+00 3.16e-02 |   0.9865 0.8221  3.1616  1.7496 0.500 14.00 | PAIR-CHANNEL-DEAD
# CONVTAG t=80.00 rough=0.000000 cond=0.192728 evap=0.318039 backs=0.041483
# QATOM t=82.84 dir=FD w=1.51850735 e=0.277929643269
t=   84.00 -1.08e-15 | 1.6605 14.88  20090    0      0      0 | 1.4014 14.70 | 0.00e+00 4.40e-02 |   0.6966 0.5805  3.5832  0.4256 0.500 15.00 | PAIR-CHANNEL-DEAD
# CONVTAG t=84.00 rough=0.000000 cond=0.192728 evap=0.318039 backs=0.041483
t=   88.00 -1.08e-15 | 1.6609 14.91  20129    0      0      0 | 1.4019 14.70 | 0.00e+00 3.83e-02 |   0.3847 0.3206  3.5715  0.5237 0.500 16.00 | PAIR-CHANNEL-DEAD
# CONVTAG t=88.00 rough=0.000000 cond=0.192728 evap=0.318039 backs=0.041483
t=   92.00 -1.08e-15 | 1.6610 14.93  20160    0      0      0 | 1.4022 14.70 | 0.00e+00 2.60e-02 |   0.5420 0.4516  3.5753  0.5262 0.500 15.50 | PAIR-CHANNEL-DEAD
# CONVTAG t=92.00 rough=0.000000 cond=0.192728 evap=0.318039 backs=0.041483
# QATOM t=92.20 dir=DF w=2.10716472 e=0.385670533454
t=   96.00 -1.08e-15 | 1.6608 14.91  20131    0      0      0 | 1.4019 14.70 | 0.00e+00 4.29e-02 |   0.9365 0.7804  3.6064  0.1580 0.500 15.00 | PAIR-CHANNEL-DEAD
# CONVTAG t=96.00 rough=0.000000 cond=0.192728 evap=0.318039 backs=0.041483
t=  100.00 -1.08e-15 | 1.6603 14.92  20144    0      0      0 | 1.4021 14.70 | 0.00e+00 3.39e-02 |   0.8782 0.7318  3.6079  0.1284 0.500 15.00 | PAIR-CHANNEL-DEAD
# CONVTAG t=100.00 rough=0.000000 cond=0.192728 evap=0.318039 backs=0.041483
# QATOM t=101.54 dir=DF w=2.25685587 e=0.413068232814
t=  104.00 -1.08e-15 | 1.6611 14.91  20127    0      0      0 | 1.4019 14.70 | 0.00e+00 3.58e-02 |   0.6709 0.5591  3.5085  0.8451 0.500 14.50 | PAIR-CHANNEL-DEAD
# CONVTAG t=104.00 rough=0.000000 cond=0.192728 evap=0.318039 backs=0.041483
t=  108.00 -1.21e-15 | 1.6608 14.91  20125    0      0      0 | 1.4018 14.70 | 0.00e+00 5.00e-02 |   0.6713 0.5595  3.1493  1.7290 0.500 15.00 | PAIR-CHANNEL-DEAD
# CONVTAG t=108.00 rough=0.000000 cond=0.192728 evap=0.318039 backs=0.041483
# QATOM t=110.38 dir=FD w=1.45594881 e=0.266479668383
t=  112.00 -1.21e-15 | 1.6611 14.92  20136    0      0      0 | 1.4020 14.70 | 0.00e+00 3.88e-02 |   0.5355 0.4462  2.7790  2.4573 0.500 15.00 | PAIR-CHANNEL-DEAD
# CONVTAG t=112.00 rough=0.000000 cond=0.192728 evap=0.695079 backs=0.090662
t=  116.00 -1.21e-15 | 1.6609 14.93  20161    0      0      0 | 1.4023 14.71 | 0.00e+00 5.00e-02 |   0.4958 0.4132  3.0500  1.9382 0.500 15.00 | PAIR-CHANNEL-DEAD
# CONVTAG t=116.00 rough=0.000000 cond=0.192728 evap=0.695079 backs=0.090662
# QATOM t=119.04 dir=DF w=2.27144376 e=0.415738226858
t=  120.00 -1.21e-15 | 1.6613 14.93  20155    0      0      0 | 1.4022 14.71 | 0.00e+00 3.51e-02 |   0.5737 0.4781  3.1322  1.7691 0.500 16.00 | PAIR-CHANNEL-DEAD
# CONVTAG t=120.00 rough=0.000000 cond=0.192728 evap=0.695079 backs=0.090662
#
# RESULT drift_rel -1.214e-15
# RESULT births 0 deaths 0 beta_returns 0 beta_energy 0.000000e+00
# RESULT conv rough=0.365810 cond=654.279187 evap=0.000000 backs=29.922792 rad=229.042266
# RESULT convtag rough=0.000000 cond=0.192728 evap=0.695079 backs=0.090662 net=-0.411689
# RESULT geometry phi_nom=1.6613 z_live=14.93 dbar=1.4022 sigma_d=0.1471
# RESULT pair CHANNEL DEAD
