# freecell — v89 free-cell substance test (exp=pair)
# laws = laws_V2g VERBATIM (defaults): C=1 w1=1.65 w2=2.9 q_detune=1.2
# gamma_res=0.25 gamma_res_m=0.1 p_gate=8 lock_floor=0.005 k_dep=1.2 k_dep_m=2 cap=2.5
# e_s0=1 es_floor=0.05 e_cond=0 f_conv=0.25 f_evap=0.5 s_pull=0.15
# kappa_lock=1 kappa_align=0.5 s_k=0.06 s_disp=0.3 sigma_tumble=0.01
# comb_limit=6 rough_k=0.35 gamma_rough=0.5 mob_sym=1 mob_floor=0.004 field_J=1.8
# quant_A0=1.15 quant_mode=2 (A0eff=1.15)
# v91 radiance (laws_V3r candidate A): k_rad=0.05 p_rad=6 rad_clock=0
# GEOMETRY (apparatus): cfac=1.15 k_rep=1 mob_geo=1 kappa_bond=1 freeze_geo=1
# bath=1 bath_frac=1 jam_sweeps=800 jam_k=0.1 L=16 dt=0.02 T=120 seed=20260802 diag_every=200
# JAM sweeps=800 max_step=1.402e-04 (tol 1.0e-04, k_end=0.0010) — witness for the settle
# SEED pair: i=475 j=1565 x=0.7500/0.0000 p:q=1:1 m=1 d*=1.419507 d0=6.984974 (doff +5.5805)
# SEED pair radii r=0.7369 contact=1.6360  Em/voice=1.8750
# SEED noise: amp=0.5 (e1-class churn)
# INIT NC=2700 slots=25950 live=20842 phi_nom=1.7043 z_live=15.44 dbar=1.4113 sigma_d=14.79% E0=3372.532146829
#
# t | drift_rel | phi_nom z_live NLa NLd births deaths | dbar sigma_d% | maxstep maxbond | Em_tag ret com_dev rms conn z_tag | pair: d delta gf gb | core/far
t=    0.00 +0.00e+00 | 1.7043 15.44  20842    0      0      0 | 1.4113 14.79 | 0.00e+00 0.00e+00 |   1.8750 1.0000  3.6101  0.0000 0.500 14.50 | PAIR-CHANNEL-DEAD
# CONVTAG t=0.00 rough=0.000000 cond=0.000000 evap=0.000000 backs=0.000000
t=    4.00 -4.05e-16 | 1.7044 15.35  20717    0      0      0 | 1.4098 14.79 | 0.00e+00 8.40e-05 |   1.8580 0.9909  3.6101  0.0000 0.500 13.00 | PAIR-CHANNEL-DEAD
# CONVTAG t=4.00 rough=0.000000 cond=0.000000 evap=0.000000 backs=0.000000
# QATOM t=5.36 dir=FD w=1.65 e=0.301996504517
t=    8.00 -8.09e-16 | 1.7041 15.32  20686    0      0      0 | 1.4094 14.79 | 0.00e+00 1.56e-04 |   1.8367 0.9796  3.6101  0.0002 0.500 13.00 | PAIR-CHANNEL-DEAD
# CONVTAG t=8.00 rough=0.000000 cond=0.000000 evap=0.000000 backs=0.000000
t=   12.00 -8.09e-16 | 1.7026 15.33  20690    0      0      0 | 1.4095 14.79 | 0.00e+00 4.53e-03 |   1.8249 0.9733  3.6101  0.0007 0.500 12.50 | PAIR-CHANNEL-DEAD
# CONVTAG t=12.00 rough=0.000000 cond=0.000000 evap=0.000000 backs=0.000000
t=   16.00 -6.74e-16 | 1.7002 15.29  20639    0      0      0 | 1.4088 14.79 | 0.00e+00 5.67e-03 |   1.8213 0.9714  3.6100  0.0121 0.500 12.00 | PAIR-CHANNEL-DEAD
# CONVTAG t=16.00 rough=0.000000 cond=0.000000 evap=0.000000 backs=0.000000
# QATOM t=17.78 dir=FD w=1.64993896 e=0.30198533293
t=   20.00 -8.09e-16 | 1.6962 15.23  20557    0      0      0 | 1.4078 14.78 | 0.00e+00 1.61e-02 |   1.8212 0.9713  3.6093  0.0845 0.500 13.00 | PAIR-CHANNEL-DEAD
# CONVTAG t=20.00 rough=0.000000 cond=0.000000 evap=0.000000 backs=0.000000
# QATOM t=22.32 dir=FD w=1.64957136 e=0.301918051403
t=   24.00 -6.74e-16 | 1.6904 15.18  20492    0      0      0 | 1.4069 14.77 | 0.00e+00 3.30e-02 |   1.8190 0.9701  3.6095  0.0741 0.500 13.50 | PAIR-CHANNEL-DEAD
# CONVTAG t=24.00 rough=0.000000 cond=0.000000 evap=0.000000 backs=0.000000
# QATOM t=26.50 dir=FD w=1.64803115 e=0.301636150228
t=   28.00 -6.74e-16 | 1.6849 15.13  20426    0      0      0 | 1.4061 14.76 | 0.00e+00 2.35e-02 |   1.8231 0.9723  3.5920  0.3523 0.500 13.00 | PAIR-CHANNEL-DEAD
# CONVTAG t=28.00 rough=0.000000 cond=0.000000 evap=0.000000 backs=0.000000
# QATOM t=30.84 dir=FD w=1.64794589 e=0.301620543661
t=   32.00 -6.74e-16 | 1.6799 15.08  20353    0      0      0 | 1.4051 14.75 | 0.00e+00 2.76e-02 |   1.8201 0.9707  3.5988  0.3100 0.500 12.00 | PAIR-CHANNEL-DEAD
# CONVTAG t=32.00 rough=0.000000 cond=0.000000 evap=0.000000 backs=0.000000
# QATOM t=35.98 dir=FD w=1.63977939 e=0.300125844557
t=   36.00 -6.74e-16 | 1.6757 15.05  20315    0      0      0 | 1.4045 14.74 | 0.00e+00 2.50e-02 |   2.3923 1.2759  1.9304  2.9992 0.500 12.00 | PAIR-CHANNEL-DEAD
# CONVTAG t=36.00 rough=0.000000 cond=0.301775 evap=0.000000 backs=0.000000
t=   40.00 -6.74e-16 | 1.6718 15.01  20260    0      0      0 | 1.4036 14.72 | 0.00e+00 2.93e-02 |   2.3355 1.2456  2.0276  2.9289 0.500 11.50 | PAIR-CHANNEL-DEAD
# CONVTAG t=40.00 rough=0.000000 cond=0.301775 evap=0.000000 backs=0.000000
# QATOM t=42.28 dir=FD w=1.64450088 e=0.300990011385
t=   44.00 -6.74e-16 | 1.6690 14.98  20220    0      0      0 | 1.4032 14.72 | 0.00e+00 3.87e-02 |   1.9710 1.0512  2.9883  2.0248 0.500 12.00 | PAIR-CHANNEL-DEAD
# CONVTAG t=44.00 rough=0.000000 cond=0.301775 evap=0.000000 backs=0.000000
t=   48.00 -6.74e-16 | 1.6666 14.97  20214    0      0      0 | 1.4031 14.72 | 0.00e+00 3.76e-02 |   1.8660 0.9952  3.3463  1.3474 0.500 13.00 | PAIR-CHANNEL-DEAD
# CONVTAG t=48.00 rough=0.000000 cond=0.301775 evap=0.000000 backs=0.000000
# QATOM t=49.98 dir=FD w=1.28425378 e=0.235054637669
t=   52.00 -6.74e-16 | 1.6646 14.96  20190    0      0      0 | 1.4028 14.72 | 0.00e+00 3.21e-02 |   2.0596 1.0984  2.6957  2.3956 0.500 13.00 | PAIR-CHANNEL-DEAD
# CONVTAG t=52.00 rough=0.000000 cond=0.301775 evap=0.000000 backs=0.000000
t=   56.00 -6.74e-16 | 1.6630 14.92  20147    0      0      0 | 1.4022 14.71 | 0.00e+00 3.49e-02 |   2.6070 1.3904  1.4272  3.2454 0.500 11.50 | PAIR-CHANNEL-DEAD
# CONVTAG t=56.00 rough=0.000000 cond=0.301775 evap=0.000000 backs=0.000000
t=   60.00 -6.74e-16 | 1.6616 14.91  20129    0      0      0 | 1.4019 14.71 | 0.00e+00 3.34e-02 |   2.0454 1.0909  2.7181  2.3339 0.500 12.00 | PAIR-CHANNEL-DEAD
# CONVTAG t=60.00 rough=0.000000 cond=0.301775 evap=0.000000 backs=0.000000
# QATOM t=61.00 dir=FD w=1.64418716 e=0.300932591206
t=   64.00 -6.74e-16 | 1.6606 14.92  20138    0      0      0 | 1.4020 14.71 | 0.00e+00 3.74e-02 |   2.0479 1.0922  2.6840  2.3811 0.500 13.00 | PAIR-CHANNEL-DEAD
# CONVTAG t=64.00 rough=0.000000 cond=0.301775 evap=0.000000 backs=0.000000
t=   68.00 -6.74e-16 | 1.6603 14.90  20111    0      0      0 | 1.4017 14.70 | 0.00e+00 3.88e-02 |   2.2022 1.1745  2.2475  2.7697 0.500 12.50 | PAIR-CHANNEL-DEAD
# CONVTAG t=68.00 rough=0.000000 cond=0.301775 evap=0.382101 backs=0.049839
t=   72.00 -6.74e-16 | 1.6599 14.90  20112    0      0      0 | 1.4018 14.71 | 0.00e+00 3.79e-02 |   2.4264 1.2941  1.7223  3.1095 0.500 12.00 | PAIR-CHANNEL-DEAD
# CONVTAG t=72.00 rough=0.000000 cond=0.301775 evap=0.382101 backs=0.049839
# QATOM t=74.56 dir=FD w=1.44670155 e=0.264787158722
t=   76.00 -6.74e-16 | 1.6597 14.89  20099    0      0      0 | 1.4016 14.71 | 0.00e+00 4.44e-02 |   2.3589 1.2581  1.8529  3.0386 0.500 12.00 | PAIR-CHANNEL-DEAD
# CONVTAG t=76.00 rough=0.000000 cond=0.301775 evap=0.382101 backs=0.049839
t=   80.00 -6.74e-16 | 1.6598 14.91  20122    0      0      0 | 1.4019 14.71 | 0.00e+00 3.28e-02 |   2.3206 1.2376  1.9187  2.9990 0.500 12.00 | PAIR-CHANNEL-DEAD
# CONVTAG t=80.00 rough=0.000000 cond=0.301775 evap=0.382101 backs=0.049839
t=   84.00 -6.74e-16 | 1.6601 14.91  20125    0      0      0 | 1.4019 14.71 | 0.00e+00 5.00e-02 |   2.2689 1.2101  2.0173  2.9375 0.500 12.00 | PAIR-CHANNEL-DEAD
# CONVTAG t=84.00 rough=0.000000 cond=0.301775 evap=0.382101 backs=0.049839
t=   88.00 -6.74e-16 | 1.6600 14.91  20135    0      0      0 | 1.4021 14.71 | 0.00e+00 4.62e-02 |   2.2669 1.2090  2.0027  2.9482 0.500 12.00 | PAIR-CHANNEL-DEAD
# CONVTAG t=88.00 rough=0.000000 cond=0.301775 evap=0.382101 backs=0.049839
# QATOM t=88.60 dir=FD w=1.35284736 e=0.24760919666
t=   92.00 -6.74e-16 | 1.6598 14.91  20122    0      0      0 | 1.4019 14.71 | 0.00e+00 3.34e-02 |   2.2589 1.2047  2.0086  2.9433 0.500 12.50 | PAIR-CHANNEL-DEAD
# CONVTAG t=92.00 rough=0.000000 cond=0.301775 evap=0.382101 backs=0.049839
t=   96.00 -6.74e-16 | 1.6597 14.91  20125    0      0      0 | 1.4020 14.71 | 0.00e+00 5.00e-02 |   2.2832 1.2177  1.8889  3.0167 0.500 12.00 | PAIR-CHANNEL-DEAD
# CONVTAG t=96.00 rough=0.000000 cond=0.301775 evap=0.382101 backs=0.049839
t=  100.00 -6.74e-16 | 1.6599 14.90  20118    0      0      0 | 1.4019 14.71 | 0.00e+00 4.26e-02 |   2.4128 1.2868  1.5712  3.1841 0.500 11.50 | PAIR-CHANNEL-DEAD
# CONVTAG t=100.00 rough=0.000000 cond=0.301775 evap=0.382101 backs=0.049839
# QATOM t=100.42 dir=FD w=1.6252583 e=0.297468076278
t=  104.00 -6.74e-16 | 1.6600 14.90  20116    0      0      0 | 1.4019 14.71 | 0.00e+00 3.84e-02 |   2.0617 1.0996  1.3898  3.2588 0.500 12.00 | PAIR-CHANNEL-DEAD
# CONVTAG t=104.00 rough=0.000000 cond=0.301775 evap=0.674707 backs=0.088005
t=  108.00 -6.74e-16 | 1.6597 14.92  20136    0      0      0 | 1.4022 14.72 | 0.00e+00 3.82e-02 |   1.5298 0.8159  3.0235  2.0034 0.500 12.50 | PAIR-CHANNEL-DEAD
# CONVTAG t=108.00 rough=0.000000 cond=0.301775 evap=0.674707 backs=0.088005
# QATOM t=111.72 dir=DF w=2.24298802 e=0.410530025285
t=  112.00 -5.39e-16 | 1.6599 14.93  20155    0      0      0 | 1.4025 14.72 | 0.00e+00 3.41e-02 |   2.0382 1.0870  1.4240  3.2931 0.500 12.50 | PAIR-CHANNEL-DEAD
# CONVTAG t=112.00 rough=0.000000 cond=0.301775 evap=0.674707 backs=0.088005
t=  116.00 -5.39e-16 | 1.6600 14.92  20144    0      0      0 | 1.4023 14.72 | 0.00e+00 2.85e-02 |   2.1442 1.1436  1.1829  3.3342 0.500 12.00 | PAIR-CHANNEL-DEAD
# CONVTAG t=116.00 rough=0.000000 cond=0.301775 evap=0.674707 backs=0.088005
t=  120.00 -5.39e-16 | 1.6603 14.92  20145    0      0      0 | 1.4022 14.71 | 0.00e+00 4.53e-02 |   1.9488 1.0393  2.3436  2.6950 0.500 12.50 | PAIR-CHANNEL-DEAD
# CONVTAG t=120.00 rough=0.000000 cond=0.483025 evap=1.053138 backs=0.137366
#
# RESULT drift_rel -5.394e-16
# RESULT births 0 deaths 0 beta_returns 0 beta_energy 0.000000e+00
# RESULT conv rough=2.382280 cond=616.187769 evap=0.000000 backs=22.477870 rad=169.948059
# RESULT convtag rough=0.000000 cond=0.483025 evap=1.053138 backs=0.137366 net=-0.432747
# RESULT geometry phi_nom=1.6603 z_live=14.92 dbar=1.4022 sigma_d=0.1471
# RESULT pair CHANNEL DEAD
