# freecell — v89 free-cell substance test (exp=pair)
# laws = laws_V2g VERBATIM (defaults): C=1 w1=1.65 w2=2.9 q_detune=1.2
# gamma_res=0.25 gamma_res_m=0.1 p_gate=8 lock_floor=0.005 k_dep=1.2 k_dep_m=2 cap=2.5
# e_s0=1 es_floor=0.05 e_cond=0 f_conv=0.25 f_evap=0.5 s_pull=0.15
# kappa_lock=1 kappa_align=0.5 s_k=0.06 s_disp=0.3 sigma_tumble=0.01
# comb_limit=6 rough_k=0.35 gamma_rough=0.5 mob_sym=1 mob_floor=0.004 field_J=1.8
# quant_A0=1.15 quant_mode=2 (A0eff=1.15)
# v91 radiance (laws_V3r candidate A): k_rad=0.05 p_rad=4 rad_clock=0
# GEOMETRY (apparatus): cfac=1.15 k_rep=1 mob_geo=1 kappa_bond=1 freeze_geo=1
# bath=1 bath_frac=1 jam_sweeps=800 jam_k=0.1 L=16 dt=0.02 T=480 seed=20260802 diag_every=100
# JAM sweeps=800 max_step=1.402e-04 (tol 1.0e-04, k_end=0.0010) — witness for the settle
# SEED pair: i=475 j=1565 x=0.6400/0.6400 p:q=1:1 m=1 d*=1.915288 d0=6.984974 (doff +5.0847)
# SEED pair radii r=0.7484 contact=1.5800  Em/voice=1.6000
# SEED noise: amp=0.5 (e1-class churn)
# INIT NC=2700 slots=25950 live=20840 phi_nom=1.7041 z_live=15.44 dbar=1.4112 sigma_d=14.79% E0=3373.684320742
#
# t | drift_rel | phi_nom z_live NLa NLd births deaths | dbar sigma_d% | maxstep maxbond | Em_tag ret com_dev rms conn z_tag | pair: d delta gf gb | core/far
t=    0.00 +0.00e+00 | 1.7041 15.44  20840    0      0      0 | 1.4112 14.79 | 0.00e+00 0.00e+00 |   3.2000 1.0000  0.3317  3.4925 0.500 13.50 | PAIR-CHANNEL-DEAD
# CONVTAG t=0.00 rough=0.000000 cond=0.000000 evap=0.000000 backs=0.000000
t=    2.00 -1.35e-16 | 1.7041 15.36  20737    0      0      0 | 1.4099 14.78 | 0.00e+00 1.09e-05 |   3.1986 0.9996  0.3316  3.4925 0.500 13.00 | PAIR-CHANNEL-DEAD
# CONVTAG t=2.00 rough=0.000000 cond=0.000000 evap=0.000000 backs=0.000000
t=    4.00 -4.04e-16 | 1.7043 15.34  20714    0      0      0 | 1.4097 14.79 | 0.00e+00 7.10e-06 |   3.1959 0.9987  0.3313  3.4925 0.500 12.00 | PAIR-CHANNEL-DEAD
# CONVTAG t=4.00 rough=0.000000 cond=0.000000 evap=0.000000 backs=0.000000
# QATOM t=5.36 dir=FD w=1.65 e=0.301996504517
t=    6.00 -6.74e-16 | 1.7042 15.33  20702    0      0      0 | 1.4096 14.79 | 0.00e+00 1.87e-05 |   3.1935 0.9980  0.3312  3.4927 0.500 11.50 | PAIR-CHANNEL-DEAD
# CONVTAG t=6.00 rough=0.000000 cond=0.000000 evap=0.000000 backs=0.000000
t=    8.00 -8.09e-16 | 1.7040 15.32  20687    0      0      0 | 1.4094 14.79 | 0.00e+00 8.22e-05 |   3.1914 0.9973  0.3316  3.4926 0.500 11.50 | PAIR-CHANNEL-DEAD
# CONVTAG t=8.00 rough=0.000000 cond=0.000000 evap=0.000000 backs=0.000000
t=   10.00 -8.09e-16 | 1.7037 15.33  20694    0      0      0 | 1.4095 14.79 | 0.00e+00 1.25e-04 |   3.1905 0.9970  0.3317  3.4925 0.500 10.00 | PAIR-CHANNEL-DEAD
# CONVTAG t=10.00 rough=0.000000 cond=0.000000 evap=0.000000 backs=0.000000
t=   12.00 -8.09e-16 | 1.7025 15.32  20685    0      0      0 | 1.4094 14.79 | 0.00e+00 5.26e-03 |   3.1900 0.9969  0.3317  3.4925 0.500 11.00 | PAIR-CHANNEL-DEAD
# CONVTAG t=12.00 rough=0.000000 cond=0.000000 evap=0.000000 backs=0.000000
t=   14.00 -9.44e-16 | 1.7016 15.29  20644    0      0      0 | 1.4089 14.79 | 0.00e+00 5.89e-03 |   3.1895 0.9967  0.3318  3.4925 0.500 11.00 | PAIR-CHANNEL-DEAD
# CONVTAG t=14.00 rough=0.000000 cond=0.000000 evap=0.000000 backs=0.000000
t=   16.00 -8.09e-16 | 1.7001 15.28  20627    0      0      0 | 1.4087 14.79 | 0.00e+00 5.60e-03 |   3.1874 0.9961  0.3318  3.4925 0.500 10.50 | PAIR-CHANNEL-DEAD
# CONVTAG t=16.00 rough=0.000000 cond=0.000000 evap=0.000000 backs=0.000000
# QATOM t=17.66 dir=FD w=1.64976865 e=0.301954161635
t=   18.00 -8.09e-16 | 1.6982 15.27  20611    0      0      0 | 1.4086 14.79 | 0.00e+00 4.05e-03 |   3.1834 0.9948  0.3324  3.4925 0.500 10.50 | PAIR-CHANNEL-DEAD
# CONVTAG t=18.00 rough=0.000000 cond=0.000000 evap=0.000000 backs=0.000000
t=   20.00 -8.09e-16 | 1.6962 15.23  20563    0      0      0 | 1.4079 14.78 | 0.00e+00 1.46e-02 |   3.1764 0.9926  0.3341  3.4924 0.500 10.50 | PAIR-CHANNEL-DEAD
# CONVTAG t=20.00 rough=0.000000 cond=0.000000 evap=0.000000 backs=0.000000
t=   22.00 -8.09e-16 | 1.6937 15.22  20546    0      0      0 | 1.4077 14.78 | 0.00e+00 1.30e-02 |   3.1473 0.9835  0.3454  3.4986 0.500 10.50 | PAIR-CHANNEL-DEAD
# CONVTAG t=22.00 rough=0.000000 cond=0.000000 evap=0.000000 backs=0.000000
# QATOM t=22.40 dir=FD w=1.64965737 e=0.301933794327
t=   24.00 -8.09e-16 | 1.6905 15.18  20487    0      0      0 | 1.4069 14.77 | 0.00e+00 3.26e-02 |   3.1387 0.9808  0.3495  3.4922 0.500 10.00 | PAIR-CHANNEL-DEAD
# CONVTAG t=24.00 rough=0.000000 cond=0.000000 evap=0.000000 backs=0.000000
t=   26.00 -8.09e-16 | 1.6877 15.15  20459    0      0      0 | 1.4065 14.77 | 0.00e+00 1.98e-02 |   3.1394 0.9811  0.3467  3.4936 0.500 10.50 | PAIR-CHANNEL-DEAD
# CONVTAG t=26.00 rough=0.000000 cond=0.000000 evap=0.000000 backs=0.000000
# QATOM t=26.62 dir=FD w=1.64801249 e=0.301632734877
t=   28.00 -8.09e-16 | 1.6850 15.13  20422    0      0      0 | 1.4060 14.76 | 0.00e+00 2.60e-02 |   3.1506 0.9846  0.3401  3.4924 0.500 10.50 | PAIR-CHANNEL-DEAD
# CONVTAG t=28.00 rough=0.000000 cond=0.000000 evap=0.000000 backs=0.000000
t=   30.00 -8.09e-16 | 1.6823 15.10  20386    0      0      0 | 1.4055 14.75 | 0.00e+00 4.52e-02 |   3.1558 0.9862  0.3370  3.4924 0.500 10.50 | PAIR-CHANNEL-DEAD
# CONVTAG t=30.00 rough=0.000000 cond=0.000000 evap=0.000000 backs=0.000000
# QATOM t=30.92 dir=FD w=1.64827928 e=0.301681564516
t=   32.00 -8.09e-16 | 1.6795 15.08  20360    0      0      0 | 1.4051 14.75 | 0.00e+00 2.78e-02 |   3.1545 0.9858  0.3360  3.4925 0.500 11.50 | PAIR-CHANNEL-DEAD
# CONVTAG t=32.00 rough=0.000000 cond=0.000000 evap=0.000000 backs=0.000000
t=   34.00 -8.09e-16 | 1.6776 15.06  20327    0      0      0 | 1.4047 14.74 | 0.00e+00 2.34e-02 |   3.1539 0.9856  0.3359  3.4925 0.500 11.00 | PAIR-CHANNEL-DEAD
# CONVTAG t=34.00 rough=0.000000 cond=0.000000 evap=0.000000 backs=0.000000
# QATOM t=35.76 dir=FD w=1.64697851 e=0.30144348646
t=   36.00 -8.09e-16 | 1.6754 15.05  20312    0      0      0 | 1.4045 14.74 | 0.00e+00 2.63e-02 |   3.1584 0.9870  0.3356  3.4925 0.500 11.50 | PAIR-CHANNEL-DEAD
# CONVTAG t=36.00 rough=0.000000 cond=0.000000 evap=0.000000 backs=0.000000
t=   38.00 -8.09e-16 | 1.6735 15.04  20304    0      0      0 | 1.4043 14.74 | 0.00e+00 2.93e-02 |   3.1560 0.9862  0.3375  3.4925 0.500 11.50 | PAIR-CHANNEL-DEAD
# CONVTAG t=38.00 rough=0.000000 cond=0.000000 evap=0.000000 backs=0.000000
t=   40.00 -8.09e-16 | 1.6716 15.02  20278    0      0      0 | 1.4040 14.73 | 0.00e+00 3.37e-02 |   3.1427 0.9821  0.3357  3.4925 0.500 11.00 | PAIR-CHANNEL-DEAD
# CONVTAG t=40.00 rough=0.000000 cond=0.000000 evap=0.000000 backs=0.000000
# QATOM t=41.60 dir=FD w=1.64489875 e=0.301062831288
t=   42.00 -9.44e-16 | 1.6699 15.01  20270    0      0      0 | 1.4039 14.73 | 0.00e+00 2.91e-02 |   3.1408 0.9815  0.3353  3.4925 0.500 11.00 | PAIR-CHANNEL-DEAD
# CONVTAG t=42.00 rough=0.000000 cond=0.000000 evap=0.000000 backs=0.000000
t=   44.00 -9.44e-16 | 1.6688 14.99  20238    0      0      0 | 1.4035 14.73 | 0.00e+00 3.11e-02 |   3.1398 0.9812  0.3360  3.4935 0.500 11.00 | PAIR-CHANNEL-DEAD
# CONVTAG t=44.00 rough=0.000000 cond=0.000000 evap=0.000000 backs=0.000000
t=   46.00 -9.44e-16 | 1.6678 14.98  20224    0      0      0 | 1.4034 14.73 | 0.00e+00 3.72e-02 |   3.1346 0.9795  0.3405  3.4924 0.500 11.00 | PAIR-CHANNEL-DEAD
# CONVTAG t=46.00 rough=0.000000 cond=0.000000 evap=0.000000 backs=0.000000
t=   48.00 -9.44e-16 | 1.6666 14.98  20225    0      0      0 | 1.4033 14.73 | 0.00e+00 3.87e-02 |   3.1282 0.9776  0.3380  3.4924 0.500 11.00 | PAIR-CHANNEL-DEAD
# CONVTAG t=48.00 rough=0.000000 cond=0.000000 evap=0.000000 backs=0.000000
t=   50.00 -9.44e-16 | 1.6654 14.95  20176    0      0      0 | 1.4027 14.72 | 0.00e+00 2.78e-02 |   3.1203 0.9751  0.3334  3.4925 0.500 11.00 | PAIR-CHANNEL-DEAD
# CONVTAG t=50.00 rough=0.000000 cond=0.000000 evap=0.000000 backs=0.000000
# QATOM t=50.56 dir=FD w=1.43866322 e=0.263315916768
t=   52.00 -9.44e-16 | 1.6642 14.94  20171    0      0      0 | 1.4026 14.72 | 0.00e+00 5.00e-02 |   3.1103 0.9720  0.3370  3.4941 0.500 11.00 | PAIR-CHANNEL-DEAD
# CONVTAG t=52.00 rough=0.000000 cond=0.000000 evap=0.000000 backs=0.000000
t=   54.00 -9.44e-16 | 1.6636 14.94  20173    0      0      0 | 1.4027 14.73 | 0.00e+00 2.46e-02 |   3.1102 0.9719  0.3380  3.4924 0.500 11.00 | PAIR-CHANNEL-DEAD
# CONVTAG t=54.00 rough=0.000000 cond=0.000000 evap=0.000000 backs=0.000000
t=   56.00 -9.44e-16 | 1.6629 14.93  20150    0      0      0 | 1.4024 14.72 | 0.00e+00 3.63e-02 |   3.1168 0.9740  0.3394  3.4927 0.500 11.50 | PAIR-CHANNEL-DEAD
# CONVTAG t=56.00 rough=0.000000 cond=0.000000 evap=0.000000 backs=0.000000
t=   58.00 -9.44e-16 | 1.6622 14.94  20165    0      0      0 | 1.4025 14.72 | 0.00e+00 3.09e-02 |   3.1096 0.9717  0.3360  3.4926 0.500 11.50 | PAIR-CHANNEL-DEAD
# CONVTAG t=58.00 rough=0.000000 cond=0.000000 evap=0.000000 backs=0.000000
t=   60.00 -9.44e-16 | 1.6616 14.93  20149    0      0      0 | 1.4023 14.72 | 0.00e+00 4.28e-02 |   3.0854 0.9642  0.3357  3.4940 0.500 11.50 | PAIR-CHANNEL-DEAD
# CONVTAG t=60.00 rough=0.000000 cond=0.000000 evap=0.000000 backs=0.000000
# QATOM t=61.92 dir=FD w=1.56505563 e=0.28644928979
t=   62.00 -9.44e-16 | 1.6612 14.90  20118    0      0      0 | 1.4019 14.72 | 0.00e+00 4.47e-02 |   3.0759 0.9612  0.3329  3.4925 0.500 11.50 | PAIR-CHANNEL-DEAD
# CONVTAG t=62.00 rough=0.000000 cond=0.000000 evap=0.000000 backs=0.000000
t=   64.00 -9.44e-16 | 1.6606 14.91  20131    0      0      0 | 1.4021 14.72 | 0.00e+00 2.90e-02 |   3.0743 0.9607  0.3339  3.4927 0.500 11.50 | PAIR-CHANNEL-DEAD
# CONVTAG t=64.00 rough=0.000000 cond=0.000000 evap=0.000000 backs=0.000000
t=   66.00 -9.44e-16 | 1.6603 14.91  20133    0      0      0 | 1.4022 14.72 | 0.00e+00 2.95e-02 |   3.0819 0.9631  0.3352  3.4932 0.500 11.50 | PAIR-CHANNEL-DEAD
# CONVTAG t=66.00 rough=0.000000 cond=0.000000 evap=0.000000 backs=0.000000
t=   68.00 -9.44e-16 | 1.6602 14.92  20136    0      0      0 | 1.4022 14.72 | 0.00e+00 4.75e-02 |   3.0628 0.9571  0.3349  3.4941 0.500 11.50 | PAIR-CHANNEL-DEAD
# CONVTAG t=68.00 rough=0.000000 cond=0.000000 evap=0.000000 backs=0.000000
t=   70.00 -9.44e-16 | 1.6600 14.89  20107    0      0      0 | 1.4018 14.71 | 0.00e+00 3.41e-02 |   3.0557 0.9549  0.3367  3.4924 0.500 11.50 | PAIR-CHANNEL-DEAD
# CONVTAG t=70.00 rough=0.000000 cond=0.000000 evap=0.000000 backs=0.000000
t=   72.00 -9.44e-16 | 1.6600 14.90  20120    0      0      0 | 1.4019 14.71 | 0.00e+00 5.00e-02 |   3.0573 0.9554  0.3371  3.4927 0.500 11.50 | PAIR-CHANNEL-DEAD
# CONVTAG t=72.00 rough=0.000000 cond=0.000000 evap=0.000000 backs=0.000000
t=   74.00 -9.44e-16 | 1.6600 14.90  20118    0      0      0 | 1.4019 14.72 | 0.00e+00 3.81e-02 |   3.0598 0.9562  0.3350  3.4927 0.500 11.50 | PAIR-CHANNEL-DEAD
# CONVTAG t=74.00 rough=0.000000 cond=0.000000 evap=0.000000 backs=0.000000
# QATOM t=75.86 dir=FD w=1.57295607 e=0.287895292972
t=   76.00 -9.44e-16 | 1.6598 14.88  20094    0      0      0 | 1.4016 14.71 | 0.00e+00 3.63e-02 |   3.0220 0.9444  0.3372  3.4938 0.500 11.50 | PAIR-CHANNEL-DEAD
# CONVTAG t=76.00 rough=0.000000 cond=0.000000 evap=0.000000 backs=0.000000
t=   78.00 -9.44e-16 | 1.6597 14.88  20092    0      0      0 | 1.4016 14.72 | 0.00e+00 3.86e-02 |   3.0177 0.9430  0.3375  3.4924 0.500 11.50 | PAIR-CHANNEL-DEAD
# CONVTAG t=78.00 rough=0.000000 cond=0.000000 evap=0.000000 backs=0.000000
t=   80.00 -9.44e-16 | 1.6598 14.88  20090    0      0      0 | 1.4016 14.71 | 0.00e+00 3.92e-02 |   3.0165 0.9427  0.3374  3.4925 0.500 11.50 | PAIR-CHANNEL-DEAD
# CONVTAG t=80.00 rough=0.000000 cond=0.000000 evap=0.000000 backs=0.000000
t=   82.00 -9.44e-16 | 1.6598 14.89  20102    0      0      0 | 1.4017 14.71 | 0.00e+00 2.83e-02 |   3.0302 0.9469  0.3353  3.4926 0.500 11.50 | PAIR-CHANNEL-DEAD
# CONVTAG t=82.00 rough=0.000000 cond=0.000000 evap=0.000000 backs=0.000000
t=   84.00 -9.44e-16 | 1.6598 14.91  20125    0      0      0 | 1.4020 14.72 | 0.00e+00 4.10e-02 |   2.9994 0.9373  0.3418  3.4934 0.500 11.50 | PAIR-CHANNEL-DEAD
# CONVTAG t=84.00 rough=0.000000 cond=0.000000 evap=0.000000 backs=0.000000
t=   86.00 -9.44e-16 | 1.6599 14.90  20115    0      0      0 | 1.4019 14.71 | 0.00e+00 4.93e-02 |   2.9839 0.9325  0.3441  3.4923 0.500 11.50 | PAIR-CHANNEL-DEAD
# CONVTAG t=86.00 rough=0.000000 cond=0.000000 evap=0.000000 backs=0.000000
t=   88.00 -9.44e-16 | 1.6598 14.91  20128    0      0      0 | 1.4020 14.71 | 0.00e+00 2.48e-02 |   2.6689 0.8340  0.4109  3.4731 0.500 11.00 | PAIR-CHANNEL-DEAD
# CONVTAG t=88.00 rough=0.000000 cond=0.000000 evap=0.308041 backs=0.040179
# QATOM t=88.16 dir=FD w=1.56923536 e=0.287214299556
t=   90.00 -9.44e-16 | 1.6597 14.90  20116    0      0      0 | 1.4019 14.71 | 0.00e+00 3.21e-02 |   2.6711 0.8347  0.4328  3.4700 0.500 11.00 | PAIR-CHANNEL-DEAD
# CONVTAG t=90.00 rough=0.000000 cond=0.000000 evap=0.308041 backs=0.040179
t=   92.00 -1.08e-15 | 1.6601 14.91  20131    0      0      0 | 1.4021 14.72 | 0.00e+00 2.90e-02 |   2.3342 0.7294  0.3514  3.4954 0.500 12.00 | PAIR-CHANNEL-DEAD
# CONVTAG t=92.00 rough=0.000000 cond=0.000000 evap=0.617696 backs=0.080569
t=   94.00 -1.08e-15 | 1.6601 14.90  20113    0      0      0 | 1.4019 14.72 | 0.00e+00 3.84e-02 |   2.2507 0.7034  0.4186  3.4910 0.500 12.50 | PAIR-CHANNEL-DEAD
# CONVTAG t=94.00 rough=0.000000 cond=0.000000 evap=0.617696 backs=0.080569
t=   96.00 -9.44e-16 | 1.6602 14.91  20126    0      0      0 | 1.4020 14.72 | 0.00e+00 3.58e-02 |   2.2372 0.6991  0.4310  3.4872 0.500 12.50 | PAIR-CHANNEL-DEAD
# CONVTAG t=96.00 rough=0.000000 cond=0.000000 evap=0.617696 backs=0.080569
t=   98.00 -9.44e-16 | 1.6603 14.91  20134    0      0      0 | 1.4021 14.72 | 0.00e+00 4.78e-02 |   2.2296 0.6968  0.4408  3.4864 0.500 12.50 | PAIR-CHANNEL-DEAD
# CONVTAG t=98.00 rough=0.000000 cond=0.000000 evap=0.617696 backs=0.080569
# QATOM t=98.72 dir=DF w=2.07958027 e=0.38062180103
t=  100.00 -9.44e-16 | 1.6605 14.93  20151    0      0      0 | 1.4024 14.72 | 0.00e+00 3.48e-02 |   2.2316 0.6974  0.4351  3.4879 0.500 13.00 | PAIR-CHANNEL-DEAD
# CONVTAG t=100.00 rough=0.000000 cond=0.000000 evap=0.617696 backs=0.080569
t=  102.00 -9.44e-16 | 1.6604 14.92  20148    0      0      0 | 1.4023 14.72 | 0.00e+00 3.29e-02 |   2.2729 0.7103  0.3917  3.4955 0.500 13.00 | PAIR-CHANNEL-DEAD
# CONVTAG t=102.00 rough=0.000000 cond=0.000000 evap=0.617696 backs=0.080569
t=  104.00 -1.08e-15 | 1.6600 14.92  20146    0      0      0 | 1.4022 14.71 | 0.00e+00 4.80e-02 |   2.3223 0.7257  0.3422  3.5022 0.500 13.00 | PAIR-CHANNEL-DEAD
# CONVTAG t=104.00 rough=0.000000 cond=0.000000 evap=0.617696 backs=0.080569
t=  106.00 -1.08e-15 | 1.6602 14.93  20151    0      0      0 | 1.4023 14.71 | 0.00e+00 4.31e-02 |   2.3054 0.7204  0.3465  3.4991 0.500 13.00 | PAIR-CHANNEL-DEAD
# CONVTAG t=106.00 rough=0.000000 cond=0.000000 evap=0.617696 backs=0.080569
t=  108.00 -1.08e-15 | 1.6599 14.91  20129    0      0      0 | 1.4020 14.71 | 0.00e+00 5.00e-02 |   2.2455 0.7017  0.3926  3.4938 0.500 13.00 | PAIR-CHANNEL-DEAD
# CONVTAG t=108.00 rough=0.000000 cond=0.000000 evap=0.617696 backs=0.080569
t=  110.00 -1.08e-15 | 1.6595 14.91  20122    0      0      0 | 1.4019 14.71 | 0.00e+00 3.50e-02 |   2.1739 0.6793  0.4874  3.4827 0.500 13.00 | PAIR-CHANNEL-DEAD
# CONVTAG t=110.00 rough=0.000000 cond=0.000000 evap=0.617696 backs=0.080569
# QATOM t=110.02 dir=FD w=1.51944181 e=0.278100675273
t=  112.00 -1.08e-15 | 1.6594 14.91  20127    0      0      0 | 1.4020 14.71 | 0.00e+00 3.06e-02 |   2.1453 0.6704  0.5332  3.4771 0.500 13.00 | PAIR-CHANNEL-DEAD
# CONVTAG t=112.00 rough=0.000000 cond=0.000000 evap=0.617696 backs=0.080569
t=  114.00 -1.08e-15 | 1.6594 14.92  20142    0      0      0 | 1.4023 14.72 | 0.00e+00 4.00e-02 |   2.1353 0.6673  0.5223  3.4790 0.500 13.00 | PAIR-CHANNEL-DEAD
# CONVTAG t=114.00 rough=0.000000 cond=0.000000 evap=0.617696 backs=0.080569
t=  116.00 -1.08e-15 | 1.6594 14.92  20142    0      0      0 | 1.4022 14.72 | 0.00e+00 3.10e-02 |   2.1452 0.6704  0.4704  3.4923 0.500 13.00 | PAIR-CHANNEL-DEAD
# CONVTAG t=116.00 rough=0.000000 cond=0.000000 evap=0.617696 backs=0.080569
t=  118.00 -1.08e-15 | 1.6596 14.91  20133    0      0      0 | 1.4021 14.71 | 0.00e+00 3.68e-02 |   2.1972 0.6866  0.4040  3.4989 0.500 13.00 | PAIR-CHANNEL-DEAD
# CONVTAG t=118.00 rough=0.000000 cond=0.000000 evap=0.617696 backs=0.080569
t=  120.00 -1.08e-15 | 1.6593 14.90  20116    0      0      0 | 1.4019 14.71 | 0.00e+00 4.05e-02 |   2.2018 0.6881  0.3910  3.4926 0.500 13.00 | PAIR-CHANNEL-DEAD
# CONVTAG t=120.00 rough=0.000000 cond=0.000000 evap=0.617696 backs=0.080569
# QATOM t=121.10 dir=FD w=1.61370593 e=0.295353665915
t=  122.00 -1.08e-15 | 1.6594 14.91  20127    0      0      0 | 1.4020 14.72 | 0.00e+00 4.63e-02 |   2.1488 0.6715  0.4393  3.4989 0.500 13.00 | PAIR-CHANNEL-DEAD
# CONVTAG t=122.00 rough=0.000000 cond=0.000000 evap=0.617696 backs=0.080569
t=  124.00 -1.08e-15 | 1.6596 14.90  20121    0      0      0 | 1.4019 14.71 | 0.00e+00 3.96e-02 |   2.1105 0.6595  0.4833  3.4882 0.500 13.00 | PAIR-CHANNEL-DEAD
# CONVTAG t=124.00 rough=0.000000 cond=0.000000 evap=0.617696 backs=0.080569
t=  126.00 -1.08e-15 | 1.6596 14.91  20129    0      0      0 | 1.4020 14.71 | 0.00e+00 3.46e-02 |   2.1086 0.6589  0.4886  3.4823 0.500 13.00 | PAIR-CHANNEL-DEAD
# CONVTAG t=126.00 rough=0.000000 cond=0.000000 evap=0.617696 backs=0.080569
t=  128.00 -1.08e-15 | 1.6596 14.91  20127    0      0      0 | 1.4020 14.71 | 0.00e+00 4.22e-02 |   2.1030 0.6572  0.4829  3.4825 0.500 13.00 | PAIR-CHANNEL-DEAD
# CONVTAG t=128.00 rough=0.000000 cond=0.000000 evap=0.617696 backs=0.080569
t=  130.00 -1.08e-15 | 1.6598 14.90  20119    0      0      0 | 1.4019 14.71 | 0.00e+00 4.31e-02 |   2.0905 0.6533  0.4808  3.4837 0.500 13.00 | PAIR-CHANNEL-DEAD
# CONVTAG t=130.00 rough=0.000000 cond=0.000000 evap=0.617696 backs=0.080569
# QATOM t=131.86 dir=DF w=2.31600368 e=0.423893949334
t=  132.00 -1.08e-15 | 1.6599 14.88  20091    0      0      0 | 1.4015 14.71 | 0.00e+00 3.75e-02 |   2.0984 0.6558  0.4705  3.4872 0.500 13.00 | PAIR-CHANNEL-DEAD
# CONVTAG t=132.00 rough=0.000000 cond=0.000000 evap=0.617696 backs=0.080569
t=  134.00 -1.08e-15 | 1.6601 14.88  20089    0      0      0 | 1.4015 14.71 | 0.00e+00 4.20e-02 |   2.1432 0.6698  0.4336  3.4960 0.500 12.50 | PAIR-CHANNEL-DEAD
# CONVTAG t=134.00 rough=0.000000 cond=0.000000 evap=0.617696 backs=0.080569
t=  136.00 -1.08e-15 | 1.6600 14.88  20092    0      0      0 | 1.4015 14.71 | 0.00e+00 4.29e-02 |   2.1527 0.6727  0.4260  3.4905 0.500 13.00 | PAIR-CHANNEL-DEAD
# CONVTAG t=136.00 rough=0.000000 cond=0.000000 evap=0.617696 backs=0.080569
t=  138.00 -1.08e-15 | 1.6598 14.90  20113    0      0      0 | 1.4019 14.72 | 0.00e+00 4.30e-02 |   2.0851 0.6516  0.4863  3.5031 0.500 13.00 | PAIR-CHANNEL-DEAD
# CONVTAG t=138.00 rough=0.000000 cond=0.000000 evap=0.617696 backs=0.080569
t=  140.00 -1.08e-15 | 1.6597 14.88  20083    0      0      0 | 1.4015 14.71 | 0.00e+00 4.51e-02 |   2.0117 0.6286  0.5778  3.4870 0.500 13.00 | PAIR-CHANNEL-DEAD
# CONVTAG t=140.00 rough=0.000000 cond=0.000000 evap=0.617696 backs=0.080569
t=  142.00 -1.08e-15 | 1.6601 14.89  20097    0      0      0 | 1.4016 14.71 | 0.00e+00 3.57e-02 |   1.9806 0.6189  0.6202  3.4715 0.500 13.00 | PAIR-CHANNEL-DEAD
# CONVTAG t=142.00 rough=0.000000 cond=0.000000 evap=0.617696 backs=0.080569
# QATOM t=142.38 dir=DF w=2.10223974 e=0.384769122624
t=  144.00 -1.08e-15 | 1.6601 14.88  20093    0      0      0 | 1.4016 14.71 | 0.00e+00 4.48e-02 |   2.0015 0.6255  0.6055  3.4682 0.500 13.00 | PAIR-CHANNEL-DEAD
# CONVTAG t=144.00 rough=0.000000 cond=0.000000 evap=0.617696 backs=0.080569
t=  146.00 -1.08e-15 | 1.6599 14.90  20109    0      0      0 | 1.4018 14.71 | 0.00e+00 4.15e-02 |   2.0268 0.6334  0.5557  3.4743 0.500 13.00 | PAIR-CHANNEL-DEAD
# CONVTAG t=146.00 rough=0.000000 cond=0.000000 evap=0.617696 backs=0.080569
t=  148.00 -1.08e-15 | 1.6600 14.89  20095    0      0      0 | 1.4016 14.71 | 0.00e+00 2.84e-02 |   2.0010 0.6253  0.6026  3.4679 0.500 13.00 | PAIR-CHANNEL-DEAD
# CONVTAG t=148.00 rough=0.000000 cond=0.000000 evap=0.617696 backs=0.080569
t=  150.00 -1.08e-15 | 1.6602 14.90  20109    0      0      0 | 1.4018 14.72 | 0.00e+00 4.06e-02 |   1.9052 0.5954  0.7848  3.4371 0.500 13.00 | PAIR-CHANNEL-DEAD
# CONVTAG t=150.00 rough=0.000000 cond=0.000000 evap=0.617696 backs=0.080569
t=  152.00 -1.08e-15 | 1.6603 14.89  20104    0      0      0 | 1.4018 14.72 | 0.00e+00 4.45e-02 |   1.7002 0.5313  1.2746  3.3200 0.500 13.00 | PAIR-CHANNEL-DEAD
# CONVTAG t=152.00 rough=0.000000 cond=0.000000 evap=0.617696 backs=0.080569
# QATOM t=152.58 dir=DF w=1.98468946 e=0.363254108842
t=  154.00 -1.08e-15 | 1.6601 14.89  20103    0      0      0 | 1.4018 14.72 | 0.00e+00 3.38e-02 |   1.6625 0.5195  1.3594  3.3542 0.500 13.00 | PAIR-CHANNEL-DEAD
# CONVTAG t=154.00 rough=0.000000 cond=0.000000 evap=0.617696 backs=0.080569
t=  156.00 -1.08e-15 | 1.6599 14.89  20099    0      0      0 | 1.4017 14.72 | 0.00e+00 4.62e-02 |   1.6262 0.5082  1.5067  3.3706 0.500 13.00 | PAIR-CHANNEL-DEAD
# CONVTAG t=156.00 rough=0.000000 cond=0.000000 evap=0.617696 backs=0.080569
t=  158.00 -1.08e-15 | 1.6599 14.88  20090    0      0      0 | 1.4016 14.72 | 0.00e+00 4.66e-02 |   1.5583 0.4870  1.7887  3.1373 0.500 13.50 | PAIR-CHANNEL-DEAD
# CONVTAG t=158.00 rough=0.000000 cond=0.000000 evap=0.617696 backs=0.080569
t=  160.00 -1.08e-15 | 1.6599 14.88  20087    0      0      0 | 1.4016 14.72 | 0.00e+00 4.31e-02 |   1.4616 0.4568  2.3131  2.8120 0.500 13.50 | PAIR-CHANNEL-DEAD
# CONVTAG t=160.00 rough=0.000000 cond=0.000000 evap=0.617696 backs=0.080569
t=  162.00 -1.08e-15 | 1.6598 14.87  20077    0      0      0 | 1.4015 14.72 | 0.00e+00 4.22e-02 |   1.6771 0.5241  1.7541  3.1045 0.500 13.50 | PAIR-CHANNEL-DEAD
# CONVTAG t=162.00 rough=0.000000 cond=0.000000 evap=0.617696 backs=0.080569
# QATOM t=162.92 dir=FD w=1.64619956 e=0.301300917108
t=  164.00 -1.08e-15 | 1.6599 14.89  20108    0      0      0 | 1.4019 14.72 | 0.00e+00 4.23e-02 |   1.9940 0.6231  0.8826  3.4186 0.500 13.00 | PAIR-CHANNEL-DEAD
# CONVTAG t=164.00 rough=0.000000 cond=0.000000 evap=0.617696 backs=0.080569
t=  166.00 -1.08e-15 | 1.6598 14.87  20069    0      0      0 | 1.4013 14.72 | 0.00e+00 3.51e-02 |   2.0917 0.6536  0.5949  3.4689 0.500 12.50 | PAIR-CHANNEL-DEAD
# CONVTAG t=166.00 rough=0.000000 cond=0.000000 evap=0.617696 backs=0.080569
t=  168.00 -1.08e-15 | 1.6601 14.88  20083    0      0      0 | 1.4015 14.72 | 0.00e+00 4.26e-02 |   2.1353 0.6673  0.5162  3.4790 0.500 12.50 | PAIR-CHANNEL-DEAD
# CONVTAG t=168.00 rough=0.000000 cond=0.000000 evap=0.617696 backs=0.080569
t=  170.00 -1.08e-15 | 1.6603 14.88  20093    0      0      0 | 1.4017 14.72 | 0.00e+00 4.06e-02 |   2.1356 0.6674  0.5136  3.4792 0.500 13.00 | PAIR-CHANNEL-DEAD
# CONVTAG t=170.00 rough=0.000000 cond=0.000000 evap=0.617696 backs=0.080569
t=  172.00 -1.08e-15 | 1.6605 14.88  20086    0      0      0 | 1.4016 14.72 | 0.00e+00 3.61e-02 |   1.5081 0.4713  1.9830  2.9585 0.500 13.00 | PAIR-CHANNEL-DEAD
# CONVTAG t=172.00 rough=0.000000 cond=0.000000 evap=0.979369 backs=0.127744
# QATOM t=172.82 dir=FD w=1.58902261 e=0.290835924436
t=  174.00 -1.08e-15 | 1.6608 14.89  20108    0      0      0 | 1.4019 14.72 | 0.00e+00 3.57e-02 |   1.5026 0.4696  2.0006  2.9495 0.500 12.50 | PAIR-CHANNEL-DEAD
# CONVTAG t=174.00 rough=0.000000 cond=0.000000 evap=0.979369 backs=0.127744
t=  176.00 -1.08e-15 | 1.6609 14.89  20098    0      0      0 | 1.4018 14.73 | 0.00e+00 4.78e-02 |   1.5876 0.4961  1.7119  3.1203 0.500 12.50 | PAIR-CHANNEL-DEAD
# CONVTAG t=176.00 rough=0.000000 cond=0.000000 evap=0.979369 backs=0.127744
t=  178.00 -1.08e-15 | 1.6608 14.88  20084    0      0      0 | 1.4016 14.72 | 0.00e+00 3.99e-02 |   1.8961 0.5925  0.8998  3.4139 0.500 12.50 | PAIR-CHANNEL-DEAD
# CONVTAG t=178.00 rough=0.000000 cond=0.000000 evap=0.979369 backs=0.127744
t=  180.00 -1.08e-15 | 1.6609 14.89  20108    0      0      0 | 1.4019 14.73 | 0.00e+00 5.00e-02 |   1.9451 0.6078  0.7892  3.4368 0.500 12.50 | PAIR-CHANNEL-DEAD
# CONVTAG t=180.00 rough=0.000000 cond=0.000000 evap=0.979369 backs=0.127744
t=  182.00 -1.08e-15 | 1.6609 14.89  20108    0      0      0 | 1.4019 14.72 | 0.00e+00 4.37e-02 |   1.9285 0.6027  0.8099  3.4443 0.500 13.00 | PAIR-CHANNEL-DEAD
# CONVTAG t=182.00 rough=0.000000 cond=0.000000 evap=0.979369 backs=0.127744
# QATOM t=182.06 dir=FD w=1.55160244 e=0.283986978052
t=  184.00 -1.08e-15 | 1.6610 14.91  20127    0      0      0 | 1.4021 14.72 | 0.00e+00 4.13e-02 |   1.8761 0.5863  0.9071  3.4112 0.500 12.50 | PAIR-CHANNEL-DEAD
# CONVTAG t=184.00 rough=0.000000 cond=0.000000 evap=0.979369 backs=0.127744
t=  186.00 -1.08e-15 | 1.6609 14.91  20123    0      0      0 | 1.4021 14.72 | 0.00e+00 5.00e-02 |   1.7865 0.5583  1.0686  3.3692 0.500 12.50 | PAIR-CHANNEL-DEAD
# CONVTAG t=186.00 rough=0.000000 cond=0.000000 evap=0.979369 backs=0.127744
t=  188.00 -1.08e-15 | 1.6608 14.90  20119    0      0      0 | 1.4020 14.72 | 0.00e+00 3.70e-02 |   1.6005 0.5001  1.5672  3.1878 0.500 12.50 | PAIR-CHANNEL-DEAD
# CONVTAG t=188.00 rough=0.000000 cond=0.000000 evap=0.979369 backs=0.127744
t=  190.00 -1.08e-15 | 1.6605 14.90  20109    0      0      0 | 1.4019 14.73 | 0.00e+00 4.27e-02 |   1.5490 0.4841  1.7265  3.1578 0.500 13.00 | PAIR-CHANNEL-DEAD
# CONVTAG t=190.00 rough=0.000000 cond=0.000000 evap=0.979369 backs=0.127744
# QATOM t=191.88 dir=DF w=2.02591348 e=0.370799265523
t=  192.00 -1.08e-15 | 1.6606 14.90  20117    0      0      0 | 1.4021 14.73 | 0.00e+00 5.00e-02 |   1.5557 0.4862  1.7166  3.1430 0.500 12.50 | PAIR-CHANNEL-DEAD
# CONVTAG t=192.00 rough=0.000000 cond=0.000000 evap=0.979369 backs=0.127744
t=  194.00 -1.08e-15 | 1.6610 14.90  20118    0      0      0 | 1.4021 14.73 | 0.00e+00 3.84e-02 |   1.5756 0.4924  1.6081  3.1830 0.500 12.50 | PAIR-CHANNEL-DEAD
# CONVTAG t=194.00 rough=0.000000 cond=0.000000 evap=0.979369 backs=0.127744
t=  196.00 -1.08e-15 | 1.6608 14.90  20112    0      0      0 | 1.4020 14.73 | 0.00e+00 4.94e-02 |   1.8429 0.5759  0.8553  3.4229 0.500 12.50 | PAIR-CHANNEL-DEAD
# CONVTAG t=196.00 rough=0.000000 cond=0.000000 evap=0.979369 backs=0.127744
t=  198.00 -1.08e-15 | 1.6607 14.89  20106    0      0      0 | 1.4019 14.73 | 0.00e+00 3.08e-02 |   1.9283 0.6026  0.6845  3.4557 0.500 12.50 | PAIR-CHANNEL-DEAD
# CONVTAG t=198.00 rough=0.000000 cond=0.000000 evap=0.979369 backs=0.127744
t=  200.00 -1.08e-15 | 1.6609 14.88  20085    0      0      0 | 1.4016 14.72 | 0.00e+00 3.76e-02 |   1.9363 0.6051  0.6561  3.4602 0.500 13.00 | PAIR-CHANNEL-DEAD
# CONVTAG t=200.00 rough=0.000000 cond=0.000000 evap=0.979369 backs=0.127744
# QATOM t=200.30 dir=DF w=2.22268867 e=0.406814672229
t=  202.00 -1.08e-15 | 1.6610 14.91  20131    0      0      0 | 1.4023 14.73 | 0.00e+00 4.56e-02 |   1.8676 0.5836  0.7409  3.4459 0.500 13.00 | PAIR-CHANNEL-DEAD
# CONVTAG t=202.00 rough=0.000000 cond=0.000000 evap=0.979369 backs=0.127744
t=  204.00 -1.08e-15 | 1.6613 14.90  20113    0      0      0 | 1.4020 14.73 | 0.00e+00 3.13e-02 |   1.7884 0.5589  0.8920  3.4147 0.500 13.00 | PAIR-CHANNEL-DEAD
# CONVTAG t=204.00 rough=0.000000 cond=0.000000 evap=0.979369 backs=0.127744
t=  206.00 -1.21e-15 | 1.6612 14.90  20116    0      0      0 | 1.4021 14.73 | 0.00e+00 4.19e-02 |   1.6668 0.5209  1.2096  3.3233 0.500 12.50 | PAIR-CHANNEL-DEAD
# CONVTAG t=206.00 rough=0.000000 cond=0.000000 evap=0.979369 backs=0.127744
t=  208.00 -1.08e-15 | 1.6614 14.90  20120    0      0      0 | 1.4022 14.74 | 0.00e+00 5.00e-02 |   1.5196 0.4749  1.7127  3.1695 0.500 12.50 | PAIR-CHANNEL-DEAD
# CONVTAG t=208.00 rough=0.000000 cond=0.000000 evap=0.979369 backs=0.127744
# QATOM t=209.86 dir=FD w=1.5954577 e=0.292013726061
t=  210.00 -1.08e-15 | 1.6612 14.90  20114    0      0      0 | 1.4021 14.73 | 0.00e+00 3.95e-02 |   1.4226 0.4446  2.0260  2.9314 0.500 13.00 | PAIR-CHANNEL-DEAD
# CONVTAG t=210.00 rough=0.000000 cond=0.000000 evap=0.979369 backs=0.127744
t=  212.00 -1.08e-15 | 1.6611 14.91  20126    0      0      0 | 1.4022 14.73 | 0.00e+00 3.09e-02 |   1.3444 0.4201  2.2108  2.8301 0.500 13.00 | PAIR-CHANNEL-DEAD
# CONVTAG t=212.00 rough=0.000000 cond=0.000000 evap=0.979369 backs=0.127744
t=  214.00 -1.21e-15 | 1.6613 14.91  20126    0      0      0 | 1.4022 14.73 | 0.00e+00 4.05e-02 |   1.3618 0.4256  2.0282  2.9448 0.500 13.00 | PAIR-CHANNEL-DEAD
# CONVTAG t=214.00 rough=0.000000 cond=0.000000 evap=0.979369 backs=0.127744
t=  216.00 -1.08e-15 | 1.6611 14.92  20137    0      0      0 | 1.4023 14.73 | 0.00e+00 5.00e-02 |   1.5540 0.4856  1.3022  3.2954 0.500 13.00 | PAIR-CHANNEL-DEAD
# CONVTAG t=216.00 rough=0.000000 cond=0.000000 evap=0.979369 backs=0.127744
t=  218.00 -1.08e-15 | 1.6613 14.92  20142    0      0      0 | 1.4024 14.73 | 0.00e+00 4.17e-02 |   1.6592 0.5185  0.9845  3.3925 0.500 13.00 | PAIR-CHANNEL-DEAD
# CONVTAG t=218.00 rough=0.000000 cond=0.000000 evap=0.979369 backs=0.127744
# QATOM t=219.38 dir=FD w=1.58776399 e=0.290605561083
t=  220.00 -1.21e-15 | 1.6610 14.90  20111    0      0      0 | 1.4019 14.72 | 0.00e+00 3.18e-02 |   1.6359 0.5112  1.0270  3.3808 0.500 12.50 | PAIR-CHANNEL-DEAD
# CONVTAG t=220.00 rough=0.000000 cond=0.000000 evap=0.979369 backs=0.127744
t=  222.00 -1.21e-15 | 1.6612 14.91  20128    0      0      0 | 1.4022 14.73 | 0.00e+00 4.30e-02 |   1.1608 0.3627  2.7878  2.2535 0.500 13.00 | PAIR-CHANNEL-DEAD
# CONVTAG t=222.00 rough=0.000000 cond=0.000000 evap=1.394286 backs=0.181863
t=  224.00 -1.21e-15 | 1.6610 14.92  20136    0      0      0 | 1.4023 14.73 | 0.00e+00 3.66e-02 |   1.1150 0.3484  3.0551  1.8901 0.500 13.00 | PAIR-CHANNEL-DEAD
# CONVTAG t=224.00 rough=0.000000 cond=0.000000 evap=1.394286 backs=0.181863
t=  226.00 -1.21e-15 | 1.6611 14.91  20131    0      0      0 | 1.4022 14.72 | 0.00e+00 4.48e-02 |   1.1266 0.3521  3.0766  1.8563 0.500 13.50 | PAIR-CHANNEL-DEAD
# CONVTAG t=226.00 rough=0.000000 cond=0.000000 evap=1.394286 backs=0.181863
# QATOM t=227.48 dir=DF w=1.99104553 e=0.728834895961
t=  228.00 -1.21e-15 | 1.6612 14.92  20137    0      0      0 | 1.4023 14.73 | 0.00e+00 4.55e-02 |   1.1357 0.3549  2.9034  2.1088 0.500 14.00 | PAIR-CHANNEL-DEAD
# CONVTAG t=228.00 rough=0.000000 cond=0.000000 evap=1.394286 backs=0.181863
t=  230.00 -1.21e-15 | 1.6614 14.91  20133    0      0      0 | 1.4023 14.73 | 0.00e+00 3.70e-02 |   1.1903 0.3720  2.4803  2.5710 0.500 13.50 | PAIR-CHANNEL-DEAD
# CONVTAG t=230.00 rough=0.000000 cond=0.000000 evap=1.394286 backs=0.181863
t=  232.00 -1.21e-15 | 1.6617 14.92  20139    0      0      0 | 1.4024 14.73 | 0.00e+00 3.51e-02 |   1.3249 0.4140  1.8411  3.0462 0.500 13.50 | PAIR-CHANNEL-DEAD
# CONVTAG t=232.00 rough=0.000000 cond=0.000000 evap=1.394286 backs=0.181863
t=  234.00 -1.21e-15 | 1.6615 14.95  20187    0      0      0 | 1.4030 14.74 | 0.00e+00 3.98e-02 |   1.3347 0.4171  1.7989  3.0988 0.500 13.50 | PAIR-CHANNEL-DEAD
# CONVTAG t=234.00 rough=0.000000 cond=0.000000 evap=1.394286 backs=0.181863
# QATOM t=235.88 dir=FD w=1.62947446 e=0.298239752281
t=  236.00 -1.21e-15 | 1.6621 14.96  20196    0      0      0 | 1.4032 14.74 | 0.00e+00 3.65e-02 |   1.3388 0.4184  1.7485  3.1151 0.500 12.50 | PAIR-CHANNEL-DEAD
# CONVTAG t=236.00 rough=0.000000 cond=0.000000 evap=1.394286 backs=0.181863
t=  238.00 -1.21e-15 | 1.6622 14.95  20183    0      0      0 | 1.4029 14.73 | 0.00e+00 3.55e-02 |   1.3175 0.4117  1.8330  3.0691 0.500 12.50 | PAIR-CHANNEL-DEAD
# CONVTAG t=238.00 rough=0.000000 cond=0.000000 evap=1.394286 backs=0.181863
t=  240.00 -1.21e-15 | 1.6623 14.96  20191    0      0      0 | 1.4030 14.73 | 0.00e+00 3.21e-02 |   1.2495 0.3905  2.1015  2.9021 0.500 13.00 | PAIR-CHANNEL-DEAD
# CONVTAG t=240.00 rough=0.000000 cond=0.000000 evap=1.394286 backs=0.181863
t=  242.00 -1.21e-15 | 1.6621 14.96  20198    0      0      0 | 1.4031 14.73 | 0.00e+00 4.17e-02 |   1.2177 0.3805  2.2264  2.7869 0.500 13.00 | PAIR-CHANNEL-DEAD
# CONVTAG t=242.00 rough=0.000000 cond=0.000000 evap=1.394286 backs=0.181863
# QATOM t=243.26 dir=DF w=2.37641677 e=0.434951246601
t=  244.00 -1.21e-15 | 1.6619 14.94  20173    0      0      0 | 1.4027 14.72 | 0.00e+00 3.59e-02 |   1.2038 0.3762  2.3244  2.7052 0.500 13.00 | PAIR-CHANNEL-DEAD
# CONVTAG t=244.00 rough=0.000000 cond=0.000000 evap=1.394286 backs=0.181863
t=  246.00 -1.21e-15 | 1.6619 14.95  20189    0      0      0 | 1.4029 14.73 | 0.00e+00 4.17e-02 |   1.1993 0.3748  2.4917  2.5540 0.500 13.00 | PAIR-CHANNEL-DEAD
# CONVTAG t=246.00 rough=0.000000 cond=0.000000 evap=1.394286 backs=0.181863
t=  248.00 -1.21e-15 | 1.6618 14.96  20202    0      0      0 | 1.4031 14.73 | 0.00e+00 3.48e-02 |   1.2373 0.3867  2.5597  2.4952 0.500 13.50 | PAIR-CHANNEL-DEAD
# CONVTAG t=248.00 rough=0.000000 cond=0.000000 evap=1.394286 backs=0.181863
t=  250.00 -1.21e-15 | 1.6617 14.97  20215    0      0      0 | 1.4033 14.73 | 0.00e+00 5.00e-02 |   1.3079 0.4087  2.2498  2.7648 0.500 13.50 | PAIR-CHANNEL-DEAD
# CONVTAG t=250.00 rough=0.000000 cond=0.000000 evap=1.394286 backs=0.181863
# QATOM t=250.66 dir=DF w=2.30893202 e=0.42259963583
t=  252.00 -1.21e-15 | 1.6619 14.96  20194    0      0      0 | 1.4030 14.73 | 0.00e+00 4.02e-02 |   1.3155 0.4111  2.0334  2.9234 0.500 13.50 | PAIR-CHANNEL-DEAD
# CONVTAG t=252.00 rough=0.000000 cond=0.000000 evap=1.394286 backs=0.181863
t=  254.00 -1.21e-15 | 1.6620 14.96  20197    0      0      0 | 1.4030 14.73 | 0.00e+00 3.15e-02 |   1.2801 0.4000  1.8624  3.0349 0.500 13.50 | PAIR-CHANNEL-DEAD
# CONVTAG t=254.00 rough=0.000000 cond=0.000000 evap=1.394286 backs=0.181863
t=  256.00 -1.21e-15 | 1.6621 14.96  20190    0      0      0 | 1.4029 14.73 | 0.00e+00 4.15e-02 |   1.1736 0.3667  2.1038  2.9066 0.500 13.50 | PAIR-CHANNEL-DEAD
# CONVTAG t=256.00 rough=0.000000 cond=0.000000 evap=1.394286 backs=0.181863
t=  258.00 -1.21e-15 | 1.6617 14.96  20197    0      0      0 | 1.4030 14.73 | 0.00e+00 3.60e-02 |   1.1330 0.3541  2.2354  2.8676 0.500 13.50 | PAIR-CHANNEL-DEAD
# CONVTAG t=258.00 rough=0.000000 cond=0.000000 evap=1.394286 backs=0.181863
# QATOM t=258.62 dir=FD w=1.48405164 e=0.271623278083
t=  260.00 -1.35e-15 | 1.6614 14.96  20196    0      0      0 | 1.4031 14.73 | 0.00e+00 3.74e-02 |   1.1001 0.3438  2.5667  2.8749 0.500 13.50 | PAIR-CHANNEL-DEAD
# CONVTAG t=260.00 rough=0.000000 cond=0.000000 evap=1.394286 backs=0.181863
t=  262.00 -1.21e-15 | 1.6617 14.97  20207    0      0      0 | 1.4032 14.73 | 0.00e+00 3.38e-02 |   1.1205 0.3501  2.7952  2.3391 0.500 14.50 | PAIR-CHANNEL-DEAD
# CONVTAG t=262.00 rough=0.000000 cond=0.000000 evap=1.394286 backs=0.181863
t=  264.00 -1.21e-15 | 1.6620 14.98  20219    0      0      0 | 1.4034 14.74 | 0.00e+00 4.61e-02 |   1.0012 0.3129  2.9713  2.4760 0.500 14.50 | PAIR-CHANNEL-DEAD
# CONVTAG t=264.00 rough=0.000000 cond=0.202617 evap=1.750401 backs=0.228313
t=  266.00 -1.21e-15 | 1.6620 14.97  20210    0      0      0 | 1.4032 14.73 | 0.00e+00 4.52e-02 |   1.3116 0.4099  1.5564  3.2159 0.500 13.50 | PAIR-CHANNEL-DEAD
# CONVTAG t=266.00 rough=0.000000 cond=0.494857 evap=1.750401 backs=0.228313
# QATOM t=267.18 dir=FD w=1.48586553 e=0.271955271247
t=  268.00 -1.21e-15 | 1.6622 14.96  20195    0      0      0 | 1.4030 14.73 | 0.00e+00 4.88e-02 |   1.1443 0.3576  2.2877  2.7805 0.500 13.50 | PAIR-CHANNEL-DEAD
# CONVTAG t=268.00 rough=0.000000 cond=0.494857 evap=1.750401 backs=0.228313
t=  270.00 -1.21e-15 | 1.6624 14.96  20192    0      0      0 | 1.4030 14.73 | 0.00e+00 3.87e-02 |   1.0115 0.3161  2.9547  2.0974 0.500 14.00 | PAIR-CHANNEL-DEAD
# CONVTAG t=270.00 rough=0.000000 cond=0.494857 evap=1.750401 backs=0.228313
t=  272.00 -1.21e-15 | 1.6622 14.97  20215    0      0      0 | 1.4033 14.74 | 0.00e+00 4.49e-02 |   1.2024 0.3757  3.2128  1.6440 0.500 14.50 | PAIR-CHANNEL-DEAD
# CONVTAG t=272.00 rough=0.000000 cond=0.705857 evap=1.750401 backs=0.228313
t=  274.00 -1.21e-15 | 1.6621 14.96  20198    0      0      0 | 1.4031 14.73 | 0.00e+00 3.61e-02 |   1.1468 0.3584  3.2609  1.5581 0.500 14.00 | PAIR-CHANNEL-DEAD
# CONVTAG t=274.00 rough=0.000000 cond=0.705857 evap=1.750401 backs=0.228313
# QATOM t=274.54 dir=DF w=2.28722388 e=0.418626434662
t=  276.00 -1.35e-15 | 1.6622 14.96  20193    0      0      0 | 1.4030 14.73 | 0.00e+00 3.55e-02 |   0.9942 0.3107  3.2671  1.5422 0.500 14.00 | PAIR-CHANNEL-DEAD
# CONVTAG t=276.00 rough=0.000000 cond=0.705857 evap=1.750401 backs=0.228313
t=  278.00 -1.35e-15 | 1.6622 14.96  20197    0      0      0 | 1.4031 14.74 | 0.00e+00 4.61e-02 |   0.9565 0.2989  3.1434  1.7530 0.500 14.00 | PAIR-CHANNEL-DEAD
# CONVTAG t=278.00 rough=0.000000 cond=0.705857 evap=1.750401 backs=0.228313
t=  280.00 -1.35e-15 | 1.6622 14.95  20187    0      0      0 | 1.4029 14.73 | 0.00e+00 3.72e-02 |   0.9713 0.3035  2.9446  2.0502 0.500 14.50 | PAIR-CHANNEL-DEAD
# CONVTAG t=280.00 rough=0.000000 cond=0.705857 evap=1.750401 backs=0.228313
# QATOM t=281.20 dir=FD w=1.46340032 e=0.267843502936
t=  282.00 -1.35e-15 | 1.6623 14.95  20177    0      0      0 | 1.4028 14.73 | 0.00e+00 3.08e-02 |   1.0413 0.3254  2.6141  2.4404 0.500 14.50 | PAIR-CHANNEL-DEAD
# CONVTAG t=282.00 rough=0.000000 cond=0.705857 evap=1.750401 backs=0.228313
t=  284.00 -1.35e-15 | 1.6624 14.97  20210    0      0      0 | 1.4032 14.74 | 0.00e+00 4.66e-02 |   1.2031 0.3760  2.0249  3.0489 0.500 14.50 | PAIR-CHANNEL-DEAD
# CONVTAG t=284.00 rough=0.000000 cond=0.705857 evap=1.750401 backs=0.228313
t=  286.00 -1.35e-15 | 1.6625 14.96  20195    0      0      0 | 1.4030 14.73 | 0.00e+00 4.44e-02 |   1.1438 0.3574  2.5410  3.3378 0.500 14.50 | PAIR-CHANNEL-DEAD
# CONVTAG t=286.00 rough=0.000000 cond=0.705857 evap=1.750401 backs=0.228313
t=  288.00 -1.35e-15 | 1.6623 14.94  20172    0      0      0 | 1.4027 14.73 | 0.00e+00 3.83e-02 |   1.1600 0.3625  2.4866  2.5600 0.500 14.00 | PAIR-CHANNEL-DEAD
# CONVTAG t=288.00 rough=0.000000 cond=0.705857 evap=1.750401 backs=0.228313
# QATOM t=288.94 dir=FD w=1.58622828 e=0.290324481995
t=  290.00 -1.35e-15 | 1.6624 14.98  20222    0      0      0 | 1.4034 14.74 | 0.00e+00 5.00e-02 |   1.0975 0.3430  2.6280  2.4205 0.500 14.00 | PAIR-CHANNEL-DEAD
# CONVTAG t=290.00 rough=0.000000 cond=0.705857 evap=1.750401 backs=0.228313
t=  292.00 -1.35e-15 | 1.6626 14.98  20221    0      0      0 | 1.4034 14.74 | 0.00e+00 3.59e-02 |   1.0146 0.3171  2.6193  2.4251 0.500 14.00 | PAIR-CHANNEL-DEAD
# CONVTAG t=292.00 rough=0.000000 cond=0.705857 evap=1.750401 backs=0.228313
t=  294.00 -1.35e-15 | 1.6626 14.97  20206    0      0      0 | 1.4032 14.74 | 0.00e+00 4.65e-02 |   0.9402 0.2938  2.5946  2.4473 0.500 14.50 | PAIR-CHANNEL-DEAD
# CONVTAG t=294.00 rough=0.000000 cond=0.705857 evap=1.750401 backs=0.228313
t=  296.00 -1.35e-15 | 1.6623 14.96  20201    0      0      0 | 1.4032 14.74 | 0.00e+00 4.07e-02 |   0.9332 0.2916  2.6977  2.3594 0.500 13.50 | PAIR-CHANNEL-DEAD
# CONVTAG t=296.00 rough=0.000000 cond=0.705857 evap=1.750401 backs=0.228313
# QATOM t=296.26 dir=DF w=2.28141347 e=0.417562965755
t=  298.00 -1.35e-15 | 1.6625 14.98  20224    0      0      0 | 1.4035 14.74 | 0.00e+00 3.72e-02 |   0.9461 0.2957  2.8420  2.2583 0.500 14.00 | PAIR-CHANNEL-DEAD
# CONVTAG t=298.00 rough=0.000000 cond=0.705857 evap=1.750401 backs=0.228313
t=  300.00 -1.35e-15 | 1.6627 14.99  20242    0      0      0 | 1.4037 14.74 | 0.00e+00 3.70e-02 |   1.0404 0.3251  2.9957  2.0538 0.500 14.00 | PAIR-CHANNEL-DEAD
# CONVTAG t=300.00 rough=0.000000 cond=0.705857 evap=1.750401 backs=0.228313
t=  302.00 -1.35e-15 | 1.6630 14.99  20232    0      0      0 | 1.4035 14.73 | 0.00e+00 4.55e-02 |   1.1204 0.3501  2.8886  2.1961 0.500 14.00 | PAIR-CHANNEL-DEAD
# CONVTAG t=302.00 rough=0.000000 cond=0.705857 evap=1.750401 backs=0.228313
# QATOM t=302.82 dir=DF w=2.08575298 e=0.763503162598
t=  304.00 -1.35e-15 | 1.6628 14.98  20224    0      0      0 | 1.4034 14.73 | 0.00e+00 3.39e-02 |   1.2131 0.3791  2.5305  2.6515 0.500 14.00 | PAIR-CHANNEL-DEAD
# CONVTAG t=304.00 rough=0.000000 cond=0.705857 evap=1.750401 backs=0.228313
t=  306.00 -1.35e-15 | 1.6626 14.99  20237    0      0      0 | 1.4036 14.74 | 0.00e+00 5.00e-02 |   1.2919 0.4037  2.0808  2.9556 0.500 14.00 | PAIR-CHANNEL-DEAD
# CONVTAG t=306.00 rough=0.000000 cond=0.705857 evap=1.750401 backs=0.228313
t=  308.00 -1.35e-15 | 1.6623 14.98  20224    0      0      0 | 1.4033 14.73 | 0.00e+00 3.16e-02 |   1.1658 0.3643  2.2310  3.3836 0.500 14.00 | PAIR-CHANNEL-DEAD
# CONVTAG t=308.00 rough=0.000000 cond=0.705857 evap=1.750401 backs=0.228313
# QATOM t=309.50 dir=FD w=1.64184 e=0.300502994686
t=  310.00 -1.35e-15 | 1.6624 14.98  20224    0      0      0 | 1.4034 14.73 | 0.00e+00 4.18e-02 |   1.0962 0.3426  1.9332  2.9872 0.500 14.00 | PAIR-CHANNEL-DEAD
# CONVTAG t=310.00 rough=0.000000 cond=0.705857 evap=1.750401 backs=0.228313
t=  312.00 -1.35e-15 | 1.6621 14.98  20228    0      0      0 | 1.4034 14.73 | 0.00e+00 3.82e-02 |   1.0506 0.3283  1.7614  3.1841 0.500 14.00 | PAIR-CHANNEL-DEAD
# CONVTAG t=312.00 rough=0.000000 cond=0.705857 evap=1.750401 backs=0.228313
t=  314.00 -1.35e-15 | 1.6624 14.97  20206    0      0      0 | 1.4031 14.73 | 0.00e+00 4.61e-02 |   1.1810 0.3691  1.2090  3.3202 0.500 14.00 | PAIR-CHANNEL-DEAD
# CONVTAG t=314.00 rough=0.000000 cond=0.705857 evap=1.750401 backs=0.228313
t=  316.00 -1.35e-15 | 1.6626 14.98  20219    0      0      0 | 1.4032 14.73 | 0.00e+00 3.97e-02 |   0.8763 0.2738  2.9749  2.0140 0.500 14.00 | PAIR-CHANNEL-DEAD
# CONVTAG t=316.00 rough=0.000000 cond=0.705857 evap=2.178179 backs=0.284110
# QATOM t=316.12 dir=FD w=1.58719173 e=0.290500821218
t=  318.00 -1.35e-15 | 1.6629 14.99  20239    0      0      0 | 1.4035 14.73 | 0.00e+00 3.86e-02 |   1.0472 0.3272  2.4773  2.5588 0.500 14.00 | PAIR-CHANNEL-DEAD
# CONVTAG t=318.00 rough=0.000000 cond=0.705857 evap=2.178179 backs=0.284110
t=  320.00 -1.35e-15 | 1.6628 14.99  20243    0      0      0 | 1.4036 14.73 | 0.00e+00 4.44e-02 |   1.2320 0.3850  2.1078  2.8672 0.500 13.50 | PAIR-CHANNEL-DEAD
# CONVTAG t=320.00 rough=0.000000 cond=0.705857 evap=2.178179 backs=0.284110
t=  322.00 -1.35e-15 | 1.6629 14.99  20237    0      0      0 | 1.4035 14.73 | 0.00e+00 4.26e-02 |   1.2711 0.3972  2.1719  2.8199 0.500 13.50 | PAIR-CHANNEL-DEAD
# CONVTAG t=322.00 rough=0.000000 cond=0.705857 evap=2.178179 backs=0.284110
# QATOM t=323.26 dir=FD w=1.56066666 e=0.28564598559
t=  324.00 -1.35e-15 | 1.6628 14.99  20243    0      0      0 | 1.4036 14.73 | 0.00e+00 3.99e-02 |   1.1989 0.3747  2.4685  2.5767 0.500 13.50 | PAIR-CHANNEL-DEAD
# CONVTAG t=324.00 rough=0.000000 cond=0.705857 evap=2.178179 backs=0.284110
t=  326.00 -1.35e-15 | 1.6630 14.99  20234    0      0      0 | 1.4035 14.73 | 0.00e+00 4.06e-02 |   1.1914 0.3723  2.2234  2.7752 0.500 14.00 | PAIR-CHANNEL-DEAD
# CONVTAG t=326.00 rough=0.000000 cond=0.705857 evap=2.178179 backs=0.284110
t=  328.00 -1.35e-15 | 1.6628 14.99  20237    0      0      0 | 1.4035 14.73 | 0.00e+00 2.94e-02 |   1.0815 0.3380  2.2961  2.7542 0.500 14.00 | PAIR-CHANNEL-DEAD
# CONVTAG t=328.00 rough=0.000000 cond=0.705857 evap=2.178179 backs=0.284110
# QATOM t=329.76 dir=FD w=1.58090512 e=0.289350194699
t=  330.00 -1.35e-15 | 1.6623 14.97  20204    0      0      0 | 1.4031 14.73 | 0.00e+00 4.24e-02 |   0.9021 0.2819  2.6462  3.2848 0.500 14.50 | PAIR-CHANNEL-DEAD
# CONVTAG t=330.00 rough=0.000000 cond=0.705857 evap=2.178179 backs=0.284110
t=  332.00 -1.35e-15 | 1.6623 15.00  20246    0      0      0 | 1.4037 14.74 | 0.00e+00 4.13e-02 |   0.9324 0.2914  2.2684  2.9388 0.500 15.00 | PAIR-CHANNEL-DEAD
# CONVTAG t=332.00 rough=0.000000 cond=0.705857 evap=2.178179 backs=0.284110
t=  334.00 -1.35e-15 | 1.6622 14.98  20225    0      0      0 | 1.4033 14.73 | 0.00e+00 3.67e-02 |   1.1266 0.3521  1.3482  3.3229 0.500 14.00 | PAIR-CHANNEL-DEAD
# CONVTAG t=334.00 rough=0.000000 cond=0.705857 evap=2.178179 backs=0.284110
t=  336.00 -1.35e-15 | 1.6627 14.98  20225    0      0      0 | 1.4033 14.73 | 0.00e+00 3.07e-02 |   1.0832 0.3385  1.7141  3.1556 0.500 13.50 | PAIR-CHANNEL-DEAD
# CONVTAG t=336.00 rough=0.000000 cond=0.705857 evap=2.178179 backs=0.284110
# QATOM t=336.58 dir=FD w=1.21957455 e=0.223216516614
t=  338.00 -1.35e-15 | 1.6626 14.96  20197    0      0      0 | 1.4030 14.73 | 0.00e+00 3.86e-02 |   1.1010 0.3441  2.0664  3.0218 0.500 13.50 | PAIR-CHANNEL-DEAD
# CONVTAG t=338.00 rough=0.000000 cond=0.705857 evap=2.178179 backs=0.284110
t=  340.00 -1.35e-15 | 1.6624 14.98  20222    0      0      0 | 1.4033 14.73 | 0.00e+00 4.07e-02 |   1.4068 0.4396  1.4133  3.2657 0.500 13.50 | PAIR-CHANNEL-DEAD
# CONVTAG t=340.00 rough=0.000000 cond=0.705857 evap=2.178179 backs=0.284110
t=  342.00 -1.35e-15 | 1.6625 14.98  20224    0      0      0 | 1.4033 14.73 | 0.00e+00 4.77e-02 |   1.3768 0.4302  1.6188  3.1819 0.500 13.50 | PAIR-CHANNEL-DEAD
# CONVTAG t=342.00 rough=0.000000 cond=0.705857 evap=2.178179 backs=0.284110
# QATOM t=342.82 dir=DF w=2.33883313 e=0.428072381387
t=  344.00 -1.35e-15 | 1.6629 14.99  20242    0      0      0 | 1.4036 14.73 | 0.00e+00 3.62e-02 |   1.0652 0.3329  3.0086  2.3776 0.500 14.00 | PAIR-CHANNEL-DEAD
# CONVTAG t=344.00 rough=0.000000 cond=0.705857 evap=2.178179 backs=0.284110
t=  346.00 -1.48e-15 | 1.6627 15.00  20250    0      0      0 | 1.4037 14.73 | 0.00e+00 4.44e-02 |   0.9718 0.3037  3.3576  1.4376 0.500 14.50 | PAIR-CHANNEL-DEAD
# CONVTAG t=346.00 rough=0.000000 cond=0.705857 evap=2.178179 backs=0.284110
t=  348.00 -1.48e-15 | 1.6626 14.98  20224    0      0      0 | 1.4033 14.73 | 0.00e+00 3.66e-02 |   0.8713 0.2723  3.2130  1.6967 0.500 14.50 | PAIR-CHANNEL-DEAD
# CONVTAG t=348.00 rough=0.000000 cond=0.705857 evap=2.178179 backs=0.284110
# QATOM t=349.18 dir=FD w=1.59685453 e=0.292269384944
t=  350.00 -1.48e-15 | 1.6624 14.98  20225    0      0      0 | 1.4033 14.73 | 0.00e+00 4.05e-02 |   0.8465 0.2645  2.8847  2.1672 0.500 14.50 | PAIR-CHANNEL-DEAD
# CONVTAG t=350.00 rough=0.000000 cond=0.705857 evap=2.178179 backs=0.284110
t=  352.00 -1.48e-15 | 1.6625 15.01  20260    0      0      0 | 1.4038 14.73 | 0.00e+00 5.00e-02 |   0.8976 0.2805  2.3478  2.7223 0.500 14.50 | PAIR-CHANNEL-DEAD
# CONVTAG t=352.00 rough=0.000000 cond=0.705857 evap=2.178179 backs=0.284110
t=  354.00 -1.48e-15 | 1.6625 14.99  20237    0      0      0 | 1.4035 14.73 | 0.00e+00 4.10e-02 |   1.1903 0.3720  1.0744  3.3973 0.500 14.50 | PAIR-CHANNEL-DEAD
# CONVTAG t=354.00 rough=0.000000 cond=0.705857 evap=2.178179 backs=0.284110
# QATOM t=355.58 dir=FD w=1.64256142 e=0.300635034853
t=  356.00 -1.48e-15 | 1.6630 14.99  20243    0      0      0 | 1.4035 14.73 | 0.00e+00 3.83e-02 |   1.3033 0.4073  0.8237  3.4398 0.500 14.00 | PAIR-CHANNEL-DEAD
# CONVTAG t=356.00 rough=0.000000 cond=0.705857 evap=2.178179 backs=0.284110
t=  358.00 -1.48e-15 | 1.6631 15.00  20253    0      0      0 | 1.4037 14.73 | 0.00e+00 4.08e-02 |   0.9615 0.3005  0.6167  3.4344 0.500 14.00 | PAIR-CHANNEL-DEAD
# CONVTAG t=358.00 rough=0.000000 cond=0.705857 evap=2.565126 backs=0.334582
t=  360.00 -1.48e-15 | 1.6633 14.97  20214    0      0      0 | 1.4031 14.72 | 0.00e+00 4.97e-02 |   0.3910 0.1222  2.7168  3.0894 0.500 14.50 | PAIR-CHANNEL-DEAD
# CONVTAG t=360.00 rough=0.000000 cond=0.705857 evap=2.984727 backs=0.389312
# QATOM t=361.58 dir=FD w=1.53254263 e=0.280498495814
t=  362.00 -1.48e-15 | 1.6635 14.98  20223    0      0      0 | 1.4033 14.72 | 0.00e+00 5.00e-02 |   0.4627 0.1446  2.4563  2.8827 0.500 15.50 | PAIR-CHANNEL-DEAD
# CONVTAG t=362.00 rough=0.000000 cond=0.705857 evap=2.984727 backs=0.389312
t=  364.00 -1.48e-15 | 1.6635 14.98  20221    0      0      0 | 1.4032 14.72 | 0.00e+00 3.35e-02 |   0.5333 0.1666  1.8031  3.8641 0.500 15.50 | PAIR-CHANNEL-DEAD
# CONVTAG t=364.00 rough=0.000000 cond=0.705857 evap=2.984727 backs=0.389312
t=  366.00 -1.48e-15 | 1.6632 14.98  20222    0      0      0 | 1.4033 14.72 | 0.00e+00 5.00e-02 |   0.4866 0.1520  2.5590  3.1357 0.500 15.00 | PAIR-CHANNEL-DEAD
# CONVTAG t=366.00 rough=0.000000 cond=0.705857 evap=2.984727 backs=0.389312
# QATOM t=367.92 dir=DF w=2.3307384 e=0.426590818166
t=  368.00 -1.48e-15 | 1.6631 14.98  20224    0      0      0 | 1.4033 14.73 | 0.00e+00 4.51e-02 |   0.5974 0.1867  2.1526  3.4051 0.500 15.00 | PAIR-CHANNEL-DEAD
# CONVTAG t=368.00 rough=0.000000 cond=0.705857 evap=2.984727 backs=0.389312
t=  370.00 -1.48e-15 | 1.6631 14.98  20223    0      0      0 | 1.4033 14.73 | 0.00e+00 4.82e-02 |   0.5896 0.1843  2.3520  3.2704 0.500 15.00 | PAIR-CHANNEL-DEAD
# CONVTAG t=370.00 rough=0.000000 cond=0.705857 evap=2.984727 backs=0.389312
t=  372.00 -1.48e-15 | 1.6626 14.97  20208    0      0      0 | 1.4030 14.72 | 0.00e+00 4.77e-02 |   0.6197 0.1937  2.0329  3.1836 0.500 15.00 | PAIR-CHANNEL-DEAD
# CONVTAG t=372.00 rough=0.000000 cond=0.705857 evap=2.984727 backs=0.389312
t=  374.00 -1.48e-15 | 1.6625 14.95  20185    0      0      0 | 1.4028 14.72 | 0.00e+00 3.85e-02 |   0.6498 0.2031  1.6746  3.7096 0.500 15.50 | PAIR-CHANNEL-DEAD
# CONVTAG t=374.00 rough=0.000000 cond=0.705857 evap=2.984727 backs=0.389312
# QATOM t=374.34 dir=DF w=2.09242832 e=0.765946713526
t=  376.00 -1.48e-15 | 1.6623 14.96  20194    0      0      0 | 1.4028 14.72 | 0.00e+00 5.00e-02 |   0.6023 0.1882  2.0502  3.0685 0.500 15.50 | PAIR-CHANNEL-DEAD
# CONVTAG t=376.00 rough=0.000000 cond=0.705857 evap=2.984727 backs=0.389312
t=  378.00 -1.48e-15 | 1.6624 14.96  20191    0      0      0 | 1.4028 14.71 | 0.00e+00 4.39e-02 |   0.5860 0.1831  2.2319  3.0451 0.500 15.50 | PAIR-CHANNEL-DEAD
# CONVTAG t=378.00 rough=0.000000 cond=0.705857 evap=2.984727 backs=0.389312
t=  380.00 -1.48e-15 | 1.6629 14.96  20193    0      0      0 | 1.4028 14.71 | 0.00e+00 5.00e-02 |   0.6361 0.1988  1.8141  3.2561 0.500 15.00 | PAIR-CHANNEL-DEAD
# CONVTAG t=380.00 rough=0.000000 cond=0.705857 evap=2.984727 backs=0.389312
# QATOM t=380.76 dir=FD w=1.42825485 e=0.261410891364
t=  382.00 -1.48e-15 | 1.6628 14.97  20210    0      0      0 | 1.4030 14.72 | 0.00e+00 4.32e-02 |   0.5505 0.1720  1.8444  3.3803 0.500 15.00 | PAIR-CHANNEL-DEAD
# CONVTAG t=382.00 rough=0.000000 cond=0.705857 evap=2.984727 backs=0.389312
t=  384.00 -1.48e-15 | 1.6630 14.99  20230    0      0      0 | 1.4033 14.72 | 0.00e+00 5.00e-02 |   0.4633 0.1448  1.1678  3.6091 0.500 16.00 | PAIR-CHANNEL-DEAD
# CONVTAG t=384.00 rough=0.000000 cond=0.705857 evap=2.984727 backs=0.389312
t=  386.00 -1.48e-15 | 1.6628 14.99  20231    0      0      0 | 1.4033 14.72 | 0.00e+00 4.43e-02 |   0.4677 0.1462  1.0741  3.6080 0.500 15.00 | PAIR-CHANNEL-DEAD
# CONVTAG t=386.00 rough=0.000000 cond=0.705857 evap=2.984727 backs=0.389312
# QATOM t=386.76 dir=DF w=2.37487622 e=0.434669282956
t=  388.00 -1.48e-15 | 1.6629 15.00  20247    0      0      0 | 1.4035 14.72 | 0.00e+00 3.90e-02 |   0.5559 0.1737  0.8007  3.5313 0.500 15.00 | PAIR-CHANNEL-DEAD
# CONVTAG t=388.00 rough=0.000000 cond=0.705857 evap=2.984727 backs=0.389312
t=  390.00 -1.48e-15 | 1.6627 14.97  20212    0      0      0 | 1.4030 14.72 | 0.00e+00 5.00e-02 |   0.5488 0.1715  1.9217  3.6783 0.500 15.50 | PAIR-CHANNEL-DEAD
# CONVTAG t=390.00 rough=0.000000 cond=0.705857 evap=2.984727 backs=0.389312
t=  392.00 -1.48e-15 | 1.6628 14.98  20219    0      0      0 | 1.4031 14.72 | 0.00e+00 5.00e-02 |   0.5810 0.1816  2.2366  3.2323 0.500 15.50 | PAIR-CHANNEL-DEAD
# CONVTAG t=392.00 rough=0.000000 cond=0.705857 evap=2.984727 backs=0.389312
# QATOM t=392.58 dir=DF w=2.35550959 e=0.431124644643
t=  394.00 -1.48e-15 | 1.6630 14.99  20232    0      0      0 | 1.4033 14.72 | 0.00e+00 4.00e-02 |   0.6603 0.2063  1.7770  3.3871 0.500 15.50 | PAIR-CHANNEL-DEAD
# CONVTAG t=394.00 rough=0.000000 cond=0.705857 evap=2.984727 backs=0.389312
t=  396.00 -1.48e-15 | 1.6628 15.00  20245    0      0      0 | 1.4034 14.72 | 0.00e+00 4.24e-02 |   0.6802 0.2126  1.4862  3.5830 0.500 16.00 | PAIR-CHANNEL-DEAD
# CONVTAG t=396.00 rough=0.000000 cond=0.705857 evap=2.984727 backs=0.389312
t=  398.00 -1.48e-15 | 1.6628 14.98  20221    0      0      0 | 1.4031 14.71 | 0.00e+00 3.47e-02 |   0.6163 0.1926  1.2155  3.3601 0.500 16.00 | PAIR-CHANNEL-DEAD
# CONVTAG t=398.00 rough=0.000000 cond=0.705857 evap=2.984727 backs=0.389312
# QATOM t=398.68 dir=DF w=2.5389782 e=0.464704570818
t=  400.00 -1.48e-15 | 1.6630 14.98  20229    0      0      0 | 1.4032 14.72 | 0.00e+00 4.42e-02 |   0.4730 0.1478  0.4353  3.4934 0.500 16.00 | PAIR-CHANNEL-DEAD
# CONVTAG t=400.00 rough=0.000000 cond=0.705857 evap=2.984727 backs=0.389312
t=  402.00 -1.48e-15 | 1.6633 15.01  20264    0      0      0 | 1.4037 14.72 | 0.00e+00 3.98e-02 |   0.4948 0.1546  0.3220  3.6833 0.500 15.50 | PAIR-CHANNEL-DEAD
# CONVTAG t=402.00 rough=0.000000 cond=0.705857 evap=2.984727 backs=0.389312
t=  404.00 -1.48e-15 | 1.6632 14.99  20233    0      0      0 | 1.4033 14.72 | 0.00e+00 3.25e-02 |   0.3548 0.1109  0.6137  3.4785 0.500 16.00 | PAIR-CHANNEL-DEAD
# CONVTAG t=404.00 rough=0.000000 cond=0.705857 evap=2.984727 backs=0.389312
# QATOM t=405.00 dir=FD w=1.53997269 e=0.281858405288
t=  406.00 -1.48e-15 | 1.6639 14.99  20230    0      0      0 | 1.4033 14.72 | 0.00e+00 5.00e-02 |   0.3251 0.1016  0.9903  3.4504 0.500 16.00 | PAIR-CHANNEL-DEAD
# CONVTAG t=406.00 rough=0.000000 cond=0.705857 evap=2.984727 backs=0.389312
t=  408.00 -1.48e-15 | 1.6640 14.99  20243    0      0      0 | 1.4035 14.72 | 0.00e+00 4.96e-02 |   0.3747 0.1171  1.2818  3.4740 0.500 16.00 | PAIR-CHANNEL-DEAD
# CONVTAG t=408.00 rough=0.000000 cond=0.705857 evap=2.984727 backs=0.389312
t=  410.00 -1.48e-15 | 1.6638 15.00  20254    0      0      0 | 1.4036 14.73 | 0.00e+00 3.96e-02 |   0.3325 0.1039  1.9471  3.5868 0.500 15.50 | PAIR-CHANNEL-DEAD
# CONVTAG t=410.00 rough=0.000000 cond=0.705857 evap=2.984727 backs=0.389312
# QATOM t=410.42 dir=DF w=2.49246918 e=0.456192109792
t=  412.00 -1.48e-15 | 1.6643 15.00  20247    0      0      0 | 1.4035 14.72 | 0.00e+00 3.24e-02 |   0.3383 0.1057  1.9267  3.3528 0.500 16.00 | PAIR-CHANNEL-DEAD
# CONVTAG t=412.00 rough=0.000000 cond=0.705857 evap=2.984727 backs=0.389312
t=  414.00 -1.48e-15 | 1.6646 15.00  20245    0      0      0 | 1.4035 14.72 | 0.00e+00 3.70e-02 |   0.3842 0.1200  0.7748  3.8368 0.500 16.00 | PAIR-CHANNEL-DEAD
# CONVTAG t=414.00 rough=0.000000 cond=0.705857 evap=2.984727 backs=0.389312
# QATOM t=415.60 dir=FD w=1.62108718 e=0.296704644378
t=  416.00 -1.35e-15 | 1.6643 15.01  20269    0      0      0 | 1.4039 14.73 | 0.00e+00 4.80e-02 |   0.4284 0.1339  0.6416  3.5681 0.500 16.00 | PAIR-CHANNEL-DEAD
# CONVTAG t=416.00 rough=0.000000 cond=0.705857 evap=2.984727 backs=0.389312
t=  418.00 -1.35e-15 | 1.6638 14.99  20243    0      0      0 | 1.4035 14.72 | 0.00e+00 5.00e-02 |   0.5848 0.1827  1.2134  3.4583 0.500 16.00 | PAIR-CHANNEL-DEAD
# CONVTAG t=418.00 rough=0.000000 cond=0.705857 evap=2.984727 backs=0.389312
t=  420.00 -1.35e-15 | 1.6637 14.99  20243    0      0      0 | 1.4035 14.72 | 0.00e+00 4.07e-02 |   0.5563 0.1738  1.5201  3.1126 0.500 15.00 | PAIR-CHANNEL-DEAD
# CONVTAG t=420.00 rough=0.000000 cond=0.705857 evap=2.984727 backs=0.389312
# QATOM t=421.78 dir=DF w=2.30216284 e=0.42136068545
t=  422.00 -1.35e-15 | 1.6639 14.99  20238    0      0      0 | 1.4034 14.72 | 0.00e+00 3.37e-02 |   0.7879 0.2462  0.6781  3.4952 0.500 14.50 | PAIR-CHANNEL-DEAD
# CONVTAG t=422.00 rough=0.000000 cond=0.988974 evap=2.984727 backs=0.389312
t=  424.00 -1.35e-15 | 1.6641 15.00  20253    0      0      0 | 1.4036 14.72 | 0.00e+00 4.79e-02 |   0.4627 0.1446  1.4828  3.5854 0.500 15.00 | PAIR-CHANNEL-DEAD
# CONVTAG t=424.00 rough=0.000000 cond=0.988974 evap=2.984727 backs=0.389312
t=  426.00 -1.35e-15 | 1.6641 14.99  20237    0      0      0 | 1.4034 14.72 | 0.00e+00 4.60e-02 |   0.3210 0.1003  2.2859  2.9972 0.500 15.00 | PAIR-CHANNEL-DEAD
# CONVTAG t=426.00 rough=0.000000 cond=0.988974 evap=2.984727 backs=0.389312
# QATOM t=427.04 dir=DF w=2.37548837 e=0.434781324073
t=  428.00 -1.35e-15 | 1.6640 15.00  20247    0      0      0 | 1.4035 14.72 | 0.00e+00 3.85e-02 |   0.2248 0.0702  2.4252  2.7412 0.500 15.50 | PAIR-CHANNEL-DEAD
# CONVTAG t=428.00 rough=0.000000 cond=0.988974 evap=2.984727 backs=0.389312
t=  430.00 -1.35e-15 | 1.6637 15.00  20252    0      0      0 | 1.4036 14.72 | 0.00e+00 3.34e-02 |   0.1567 0.0490  2.3101  2.8195 0.500 15.50 | PAIR-CHANNEL-DEAD
# CONVTAG t=430.00 rough=0.000000 cond=0.988974 evap=2.984727 backs=0.389312
t=  432.00 -1.48e-15 | 1.6636 14.99  20237    0      0      0 | 1.4034 14.72 | 0.00e+00 4.41e-02 |   0.1027 0.0321  2.3604  2.7054 0.500 15.50 | PAIR-CHANNEL-DEAD
# CONVTAG t=432.00 rough=0.000000 cond=0.988974 evap=2.984727 backs=0.389312
# QATOM t=432.38 dir=DF w=2.2369231 e=0.409419974592
t=  434.00 -1.48e-15 | 1.6636 14.98  20223    0      0      0 | 1.4032 14.72 | 0.00e+00 3.54e-02 |   0.0716 0.0224  2.5737  2.4617 0.500 16.00 | PAIR-CHANNEL-DEAD
# CONVTAG t=434.00 rough=0.000000 cond=0.988974 evap=2.984727 backs=0.389312
t=  436.00 -1.48e-15 | 1.6639 14.98  20218    0      0      0 | 1.4032 14.72 | 0.00e+00 4.21e-02 |   0.0903 0.0282  2.3576  2.6574 0.500 15.50 | PAIR-CHANNEL-DEAD
# CONVTAG t=436.00 rough=0.000000 cond=0.988974 evap=2.984727 backs=0.389312
# QATOM t=437.44 dir=FD w=1.60715608 e=0.294154858964
t=  438.00 -1.48e-15 | 1.6638 14.97  20204    0      0      0 | 1.4030 14.72 | 0.00e+00 4.25e-02 |   0.1085 0.0339  2.3403  2.6920 0.500 15.50 | PAIR-CHANNEL-DEAD
# CONVTAG t=438.00 rough=0.000000 cond=0.988974 evap=2.984727 backs=0.389312
t=  440.00 -1.48e-15 | 1.6639 14.96  20200    0      0      0 | 1.4029 14.72 | 0.00e+00 4.33e-02 |   0.1129 0.0353  2.3434  3.1302 0.500 15.50 | PAIR-CHANNEL-DEAD
# CONVTAG t=440.00 rough=0.000000 cond=0.988974 evap=2.984727 backs=0.389312
t=  442.00 -1.48e-15 | 1.6643 14.96  20200    0      0      0 | 1.4029 14.72 | 0.00e+00 3.31e-02 |   0.0804 0.0251  2.4968  3.4938 0.500 15.50 | PAIR-CHANNEL-DEAD
# CONVTAG t=442.00 rough=0.000000 cond=0.988974 evap=2.984727 backs=0.389312
# QATOM t=443.02 dir=FD w=1.55690544 e=0.28495757637
t=  444.00 -1.48e-15 | 1.6641 14.97  20208    0      0      0 | 1.4031 14.72 | 0.00e+00 3.68e-02 |   0.0388 0.0121  0.4922  3.7873 0.500 16.00 | PAIR-CHANNEL-DEAD
# CONVTAG t=444.00 rough=0.000000 cond=0.988974 evap=2.984727 backs=0.389312
t=  446.00 -1.35e-15 | 1.6638 14.97  20205    0      0      0 | 1.4030 14.72 | 0.00e+00 4.95e-02 |   0.0431 0.0135  2.3808  2.5244 0.500 16.00 | PAIR-CHANNEL-DEAD
# CONVTAG t=446.00 rough=0.000000 cond=0.988974 evap=2.984727 backs=0.389312
t=  448.00 -1.35e-15 | 1.6633 14.97  20203    0      0      0 | 1.4030 14.72 | 0.00e+00 4.25e-02 |   0.0885 0.0276  3.0832  1.4591 0.500 16.00 | PAIR-CHANNEL-DEAD
# CONVTAG t=448.00 rough=0.000000 cond=0.988974 evap=2.984727 backs=0.389312
# QATOM t=449.26 dir=FD w=1.56723528 e=0.286848227717
t=  450.00 -1.35e-15 | 1.6634 14.96  20193    0      0      0 | 1.4029 14.72 | 0.00e+00 3.38e-02 |   0.1934 0.0604  3.1380  1.3306 0.500 16.00 | PAIR-CHANNEL-DEAD
# CONVTAG t=450.00 rough=0.000000 cond=0.988974 evap=2.984727 backs=0.389312
t=  452.00 -1.35e-15 | 1.6639 14.96  20196    0      0      0 | 1.4029 14.72 | 0.00e+00 4.69e-02 |   0.3536 0.1105  3.0557  1.5157 0.500 16.00 | PAIR-CHANNEL-DEAD
# CONVTAG t=452.00 rough=0.000000 cond=0.988974 evap=2.984727 backs=0.389312
t=  454.00 -1.35e-15 | 1.6638 14.96  20191    0      0      0 | 1.4028 14.72 | 0.00e+00 4.09e-02 |   0.3521 0.1100  2.9804  1.6641 0.500 15.50 | PAIR-CHANNEL-DEAD
# CONVTAG t=454.00 rough=0.000000 cond=0.988974 evap=2.984727 backs=0.389312
# QATOM t=455.34 dir=FD w=1.34078561 e=0.245401555842
t=  456.00 -1.35e-15 | 1.6641 14.95  20188    0      0      0 | 1.4028 14.72 | 0.00e+00 5.00e-02 |   0.3538 0.1106  2.9763  1.6713 0.500 15.50 | PAIR-CHANNEL-DEAD
# CONVTAG t=456.00 rough=0.000000 cond=0.988974 evap=2.984727 backs=0.389312
t=  458.00 -1.35e-15 | 1.6637 14.93  20161    0      0      0 | 1.4024 14.72 | 0.00e+00 3.89e-02 |   0.3272 0.1023  2.9370  1.7418 0.500 15.00 | PAIR-CHANNEL-DEAD
# CONVTAG t=458.00 rough=0.000000 cond=0.988974 evap=2.984727 backs=0.389312
t=  460.00 -1.35e-15 | 1.6637 14.95  20178    0      0      0 | 1.4026 14.72 | 0.00e+00 3.63e-02 |   0.1821 0.0569  2.4176  2.4860 0.500 15.00 | PAIR-CHANNEL-DEAD
# CONVTAG t=460.00 rough=0.000000 cond=0.988974 evap=2.984727 backs=0.389312
# QATOM t=461.16 dir=DF w=2.2848316 e=0.418188580613
t=  462.00 -1.35e-15 | 1.6637 14.95  20187    0      0      0 | 1.4028 14.72 | 0.00e+00 3.42e-02 |   0.0954 0.0298  1.1635  3.3566 0.500 15.50 | PAIR-CHANNEL-DEAD
# CONVTAG t=462.00 rough=0.000000 cond=0.988974 evap=2.984727 backs=0.389312
t=  464.00 -1.35e-15 | 1.6637 14.95  20176    0      0      0 | 1.4026 14.71 | 0.00e+00 5.00e-02 |   0.1264 0.0395  0.4808  3.5927 0.500 16.00 | PAIR-CHANNEL-DEAD
# CONVTAG t=464.00 rough=0.000000 cond=0.988974 evap=2.984727 backs=0.389312
t=  466.00 -1.35e-15 | 1.6638 14.95  20184    0      0      0 | 1.4027 14.72 | 0.00e+00 4.43e-02 |   0.2380 0.0744  1.0448  3.4815 0.500 16.00 | PAIR-CHANNEL-DEAD
# CONVTAG t=466.00 rough=0.000000 cond=0.988974 evap=2.984727 backs=0.389312
# QATOM t=467.48 dir=FD w=1.20907408 e=0.221294633955
t=  468.00 -1.35e-15 | 1.6635 14.96  20191    0      0      0 | 1.4029 14.72 | 0.00e+00 3.24e-02 |   0.3373 0.1054  0.7939  3.5398 0.500 16.00 | PAIR-CHANNEL-DEAD
# CONVTAG t=468.00 rough=0.000000 cond=0.988974 evap=2.984727 backs=0.389312
t=  470.00 -1.35e-15 | 1.6636 14.96  20202    0      0      0 | 1.4030 14.72 | 0.00e+00 3.87e-02 |   0.3901 0.1219  2.0310  2.8268 0.500 15.50 | PAIR-CHANNEL-DEAD
# CONVTAG t=470.00 rough=0.000000 cond=1.262322 evap=3.465157 backs=0.451977
t=  472.00 -1.35e-15 | 1.6636 14.95  20189    0      0      0 | 1.4028 14.72 | 0.00e+00 3.56e-02 |   0.4502 0.1407  1.5820  3.0817 0.500 15.00 | PAIR-CHANNEL-DEAD
# CONVTAG t=472.00 rough=0.000000 cond=1.262322 evap=3.465157 backs=0.451977
# QATOM t=473.62 dir=DF w=2.22782454 e=0.4077546815
t=  474.00 -1.35e-15 | 1.6640 14.96  20192    0      0      0 | 1.4028 14.72 | 0.00e+00 4.67e-02 |   0.4698 0.1468  0.7822  3.4177 0.500 15.00 | PAIR-CHANNEL-DEAD
# CONVTAG t=474.00 rough=0.000000 cond=1.262322 evap=3.465157 backs=0.451977
t=  476.00 -1.35e-15 | 1.6638 14.95  20188    0      0      0 | 1.4028 14.72 | 0.00e+00 4.16e-02 |   0.3889 0.1215  0.5978  3.6698 0.500 15.00 | PAIR-CHANNEL-DEAD
# CONVTAG t=476.00 rough=0.000000 cond=1.262322 evap=3.465157 backs=0.451977
t=  478.00 -1.35e-15 | 1.6637 14.96  20198    0      0      0 | 1.4029 14.72 | 0.00e+00 3.35e-02 |   0.3330 0.1041  1.8362  3.2579 0.500 15.50 | PAIR-CHANNEL-DEAD
# CONVTAG t=478.00 rough=0.000000 cond=1.262322 evap=3.465157 backs=0.451977
# QATOM t=479.56 dir=FD w=1.62401032 e=0.59447932234
t=  480.00 -1.35e-15 | 1.6638 14.97  20203    0      0      0 | 1.4030 14.72 | 0.00e+00 4.58e-02 |   0.5635 0.1761  0.5427  3.6842 0.500 15.50 | PAIR-CHANNEL-DEAD
# CONVTAG t=480.00 rough=0.000000 cond=1.262322 evap=3.465157 backs=0.451977
#
# RESULT drift_rel -1.348e-15
# RESULT births 0 deaths 0 beta_returns 0 beta_energy 0.000000e+00
# RESULT conv rough=6.311714 cond=2221.265355 evap=0.000000 backs=268.762503 rad=2054.200807
# RESULT convtag rough=0.000000 cond=1.262322 evap=3.465157 backs=0.451977 net=-1.750858
# RESULT geometry phi_nom=1.6638 z_live=14.97 dbar=1.4030 sigma_d=0.1472
# RESULT pair CHANNEL DEAD
