# freecell — v89 free-cell substance test (exp=pair)
# laws = laws_V2g VERBATIM (defaults): C=1 w1=1.65 w2=2.9 q_detune=1.2
# gamma_res=0.25 gamma_res_m=0.1 p_gate=8 lock_floor=0.005 k_dep=1.2 k_dep_m=2 cap=2.5
# e_s0=1 es_floor=0.05 e_cond=0 f_conv=0.25 f_evap=0.5 s_pull=0.15
# kappa_lock=1 kappa_align=0.5 s_k=0.06 s_disp=0.3 sigma_tumble=0.01
# comb_limit=6 rough_k=0.35 gamma_rough=0.5 mob_sym=1 mob_floor=0.004 field_J=1.8
# quant_A0=1.15 quant_mode=2 (A0eff=1.15)
# v91 radiance (laws_V3r candidate A): k_rad=0.05 p_rad=4 rad_clock=0
# GEOMETRY (apparatus): cfac=1.15 k_rep=1 mob_geo=1 kappa_bond=1 freeze_geo=1
# bath=1 bath_frac=1 jam_sweeps=800 jam_k=0.1 L=16 dt=0.02 T=480 seed=20260802 diag_every=100
# JAM sweeps=800 max_step=1.402e-04 (tol 1.0e-04, k_end=0.0010) — witness for the settle
# SEED pair: i=475 j=1565 x=0.7600/0.7600 p:q=1:1 m=1 d*=2.071285 d0=6.984974 (doff +4.9287)
# SEED pair radii r=0.7359 contact=1.5535  Em/voice=1.9000
# SEED noise: amp=0.5 (e1-class churn)
# INIT NC=2700 slots=25950 live=20839 phi_nom=1.7041 z_live=15.44 dbar=1.4112 sigma_d=14.79% E0=3374.206059873
#
# t | drift_rel | phi_nom z_live NLa NLd births deaths | dbar sigma_d% | maxstep maxbond | Em_tag ret com_dev rms conn z_tag | pair: d delta gf gb | core/far
t=    0.00 +0.00e+00 | 1.7041 15.44  20839    0      0      0 | 1.4112 14.79 | 0.00e+00 0.00e+00 |   3.8000 1.0000  0.3317  3.4925 0.500 13.00 | PAIR-CHANNEL-DEAD
# CONVTAG t=0.00 rough=0.000000 cond=0.000000 evap=0.000000 backs=0.000000
t=    2.00 -2.70e-16 | 1.7040 15.36  20735    0      0      0 | 1.4099 14.78 | 0.00e+00 3.20e-04 |   3.7831 0.9955  0.3332  3.4940 0.500 12.00 | PAIR-CHANNEL-DEAD
# CONVTAG t=2.00 rough=0.000000 cond=0.000000 evap=0.000000 backs=0.000000
t=    4.00 -4.04e-16 | 1.7042 15.34  20714    0      0      0 | 1.4097 14.79 | 0.00e+00 3.84e-04 |   3.7567 0.9886  0.3315  3.4937 0.500 11.00 | PAIR-CHANNEL-DEAD
# CONVTAG t=4.00 rough=0.000000 cond=0.000000 evap=0.000000 backs=0.000000
# QATOM t=5.36 dir=FD w=1.65 e=0.301996504517
t=    6.00 -5.39e-16 | 1.7042 15.33  20700    0      0      0 | 1.4096 14.79 | 0.00e+00 3.08e-04 |   3.7326 0.9823  0.3294  3.4935 0.500 10.50 | PAIR-CHANNEL-DEAD
# CONVTAG t=6.00 rough=0.000000 cond=0.000000 evap=0.000000 backs=0.000000
t=    8.00 -6.74e-16 | 1.7039 15.32  20683    0      0      0 | 1.4094 14.79 | 0.00e+00 1.99e-04 |   3.7147 0.9775  0.3277  3.4931 0.500 10.00 | PAIR-CHANNEL-DEAD
# CONVTAG t=8.00 rough=0.000000 cond=0.000000 evap=0.000000 backs=0.000000
t=   10.00 -8.09e-16 | 1.7036 15.33  20692    0      0      0 | 1.4094 14.79 | 0.00e+00 1.15e-04 |   3.7000 0.9737  0.3261  3.4928 0.500 10.00 | PAIR-CHANNEL-DEAD
# CONVTAG t=10.00 rough=0.000000 cond=0.000000 evap=0.000000 backs=0.000000
t=   12.00 -8.09e-16 | 1.7025 15.32  20683    0      0      0 | 1.4094 14.79 | 0.00e+00 8.42e-03 |   3.6899 0.9710  0.3249  3.4926 0.500 10.00 | PAIR-CHANNEL-DEAD
# CONVTAG t=12.00 rough=0.000000 cond=0.000000 evap=0.000000 backs=0.000000
t=   14.00 -8.09e-16 | 1.7015 15.29  20641    0      0      0 | 1.4089 14.79 | 0.00e+00 4.97e-03 |   3.6822 0.9690  0.3245  3.4924 0.500 10.00 | PAIR-CHANNEL-DEAD
# CONVTAG t=14.00 rough=0.000000 cond=0.000000 evap=0.000000 backs=0.000000
t=   16.00 -8.09e-16 | 1.7000 15.28  20624    0      0      0 | 1.4087 14.79 | 0.00e+00 5.61e-03 |   3.6771 0.9677  0.3247  3.4924 0.500  9.00 | PAIR-CHANNEL-DEAD
# CONVTAG t=16.00 rough=0.000000 cond=0.000000 evap=0.000000 backs=0.000000
# QATOM t=17.64 dir=FD w=1.64411774 e=0.300919884582
t=   18.00 -8.09e-16 | 1.6981 15.27  20610    0      0      0 | 1.4086 14.79 | 0.00e+00 5.74e-03 |   3.6752 0.9672  0.3248  3.4924 0.500  9.50 | PAIR-CHANNEL-DEAD
# CONVTAG t=18.00 rough=0.000000 cond=0.000000 evap=0.000000 backs=0.000000
t=   20.00 -8.09e-16 | 1.6961 15.23  20559    0      0      0 | 1.4079 14.78 | 0.00e+00 1.40e-02 |   3.6739 0.9668  0.3250  3.4924 0.500  9.50 | PAIR-CHANNEL-DEAD
# CONVTAG t=20.00 rough=0.000000 cond=0.000000 evap=0.000000 backs=0.000000
t=   22.00 -8.09e-16 | 1.6935 15.22  20546    0      0      0 | 1.4077 14.78 | 0.00e+00 1.25e-02 |   3.6728 0.9665  0.3252  3.4924 0.500  9.50 | PAIR-CHANNEL-DEAD
# CONVTAG t=22.00 rough=0.000000 cond=0.000000 evap=0.000000 backs=0.000000
# QATOM t=22.34 dir=FD w=1.64906013 e=0.301824482007
t=   24.00 -9.43e-16 | 1.6902 15.18  20488    0      0      0 | 1.4069 14.77 | 0.00e+00 3.07e-02 |   3.8396 1.0104  0.3235  3.4879 0.500  9.50 | PAIR-CHANNEL-DEAD
# CONVTAG t=24.00 rough=0.000000 cond=0.160043 evap=0.000000 backs=0.000000
t=   26.00 -9.43e-16 | 1.6874 15.16  20460    0      0      0 | 1.4066 14.77 | 0.00e+00 2.09e-02 |   3.8273 1.0072  0.3214  3.4886 0.500  9.00 | PAIR-CHANNEL-DEAD
# CONVTAG t=26.00 rough=0.000000 cond=0.160043 evap=0.000000 backs=0.000000
# QATOM t=26.38 dir=FD w=1.64843762 e=0.301710545728
t=   28.00 -9.43e-16 | 1.6847 15.12  20409    0      0      0 | 1.4058 14.76 | 0.00e+00 2.69e-02 |   3.8256 1.0067  0.3211  3.4885 0.500  9.00 | PAIR-CHANNEL-DEAD
# CONVTAG t=28.00 rough=0.000000 cond=0.160043 evap=0.000000 backs=0.000000
t=   30.00 -8.09e-16 | 1.6821 15.09  20373    0      0      0 | 1.4053 14.75 | 0.00e+00 4.54e-02 |   3.8160 1.0042  0.3201  3.4888 0.500  9.50 | PAIR-CHANNEL-DEAD
# CONVTAG t=30.00 rough=0.000000 cond=0.160043 evap=0.000000 backs=0.000000
# QATOM t=30.40 dir=FD w=1.2707149 e=0.232576641586
t=   32.00 -8.09e-16 | 1.6794 15.07  20349    0      0      0 | 1.4050 14.75 | 0.00e+00 3.01e-02 |   3.8148 1.0039  0.3200  3.4888 0.500  9.50 | PAIR-CHANNEL-DEAD
# CONVTAG t=32.00 rough=0.000000 cond=0.160043 evap=0.000000 backs=0.000000
t=   34.00 -9.43e-16 | 1.6774 15.06  20333    0      0      0 | 1.4048 14.75 | 0.00e+00 2.80e-02 |   3.5433 0.9325  0.3714  3.4912 0.500  9.50 | PAIR-CHANNEL-DEAD
# CONVTAG t=34.00 rough=0.000000 cond=0.160043 evap=0.271127 backs=0.035364
# QATOM t=35.40 dir=FD w=1.64199601 e=0.300531549532
t=   36.00 -9.43e-16 | 1.6751 15.05  20322    0      0      0 | 1.4046 14.74 | 0.00e+00 2.35e-02 |   3.5283 0.9285  0.3753  3.4911 0.500  9.50 | PAIR-CHANNEL-DEAD
# CONVTAG t=36.00 rough=0.000000 cond=0.160043 evap=0.271127 backs=0.035364
t=   38.00 -9.43e-16 | 1.6734 15.03  20287    0      0      0 | 1.4041 14.73 | 0.00e+00 3.09e-02 |   3.5182 0.9258  0.3774  3.4909 0.500  9.50 | PAIR-CHANNEL-DEAD
# CONVTAG t=38.00 rough=0.000000 cond=0.160043 evap=0.271127 backs=0.035364
t=   40.00 -9.43e-16 | 1.6716 15.01  20258    0      0      0 | 1.4037 14.73 | 0.00e+00 3.15e-02 |   3.4800 0.9158  0.3963  3.4898 0.500  9.50 | PAIR-CHANNEL-DEAD
# CONVTAG t=40.00 rough=0.000000 cond=0.160043 evap=0.271127 backs=0.035364
# QATOM t=41.64 dir=FD w=1.64356577 e=0.300818859573
t=   42.00 -9.43e-16 | 1.6701 14.99  20233    0      0      0 | 1.4034 14.73 | 0.00e+00 3.39e-02 |   3.4567 0.9097  0.4046  3.4893 0.500 10.00 | PAIR-CHANNEL-DEAD
# CONVTAG t=42.00 rough=0.000000 cond=0.160043 evap=0.271127 backs=0.035364
t=   44.00 -9.43e-16 | 1.6688 14.98  20220    0      0      0 | 1.4033 14.73 | 0.00e+00 4.22e-02 |   3.4453 0.9067  0.4085  3.4891 0.500 10.00 | PAIR-CHANNEL-DEAD
# CONVTAG t=44.00 rough=0.000000 cond=0.160043 evap=0.271127 backs=0.035364
t=   46.00 -9.43e-16 | 1.6677 14.96  20191    0      0      0 | 1.4029 14.73 | 0.00e+00 2.79e-02 |   3.4428 0.9060  0.4090  3.4889 0.500 10.00 | PAIR-CHANNEL-DEAD
# CONVTAG t=46.00 rough=0.000000 cond=0.160043 evap=0.271127 backs=0.035364
t=   48.00 -9.43e-16 | 1.6665 14.94  20171    0      0      0 | 1.4027 14.73 | 0.00e+00 4.35e-02 |   3.4429 0.9060  0.4084  3.4890 0.500 10.00 | PAIR-CHANNEL-DEAD
# CONVTAG t=48.00 rough=0.000000 cond=0.160043 evap=0.271127 backs=0.035364
t=   50.00 -9.43e-16 | 1.6655 14.94  20166    0      0      0 | 1.4026 14.72 | 0.00e+00 3.03e-02 |   3.4417 0.9057  0.4082  3.4890 0.500 10.00 | PAIR-CHANNEL-DEAD
# CONVTAG t=50.00 rough=0.000000 cond=0.160043 evap=0.271127 backs=0.035364
# QATOM t=50.28 dir=FD w=1.64069822 e=0.300294016397
t=   52.00 -9.43e-16 | 1.6644 14.93  20157    0      0      0 | 1.4025 14.73 | 0.00e+00 4.23e-02 |   3.4362 0.9043  0.4116  3.4890 0.500 10.50 | PAIR-CHANNEL-DEAD
# CONVTAG t=52.00 rough=0.000000 cond=0.160043 evap=0.271127 backs=0.035364
t=   54.00 -9.43e-16 | 1.6635 14.92  20136    0      0      0 | 1.4022 14.72 | 0.00e+00 4.35e-02 |   3.4336 0.9036  0.4107  3.4888 0.500 11.00 | PAIR-CHANNEL-DEAD
# CONVTAG t=54.00 rough=0.000000 cond=0.160043 evap=0.271127 backs=0.035364
t=   56.00 -9.43e-16 | 1.6630 14.89  20105    0      0      0 | 1.4018 14.72 | 0.00e+00 3.30e-02 |   3.1456 0.8278  0.3173  3.4896 0.500 11.00 | PAIR-CHANNEL-DEAD
# CONVTAG t=56.00 rough=0.000000 cond=0.160043 evap=0.556295 backs=0.072560
t=   58.00 -9.43e-16 | 1.6625 14.89  20101    0      0      0 | 1.4018 14.72 | 0.00e+00 2.52e-02 |   3.1439 0.8273  0.3173  3.4897 0.500 11.00 | PAIR-CHANNEL-DEAD
# CONVTAG t=58.00 rough=0.000000 cond=0.160043 evap=0.556295 backs=0.072560
t=   60.00 -9.43e-16 | 1.6622 14.90  20116    0      0      0 | 1.4020 14.73 | 0.00e+00 3.52e-02 |   3.1445 0.8275  0.3170  3.4899 0.500 11.00 | PAIR-CHANNEL-DEAD
# CONVTAG t=60.00 rough=0.000000 cond=0.160043 evap=0.556295 backs=0.072560
# QATOM t=61.48 dir=FD w=1.36860348 e=0.250493009675
t=   62.00 -9.43e-16 | 1.6616 14.90  20114    0      0      0 | 1.4020 14.73 | 0.00e+00 2.66e-02 |   3.1444 0.8275  0.3192  3.4890 0.500 11.00 | PAIR-CHANNEL-DEAD
# CONVTAG t=62.00 rough=0.000000 cond=0.160043 evap=0.556295 backs=0.072560
t=   64.00 -9.43e-16 | 1.6613 14.91  20122    0      0      0 | 1.4021 14.73 | 0.00e+00 3.22e-02 |   3.1530 0.8297  0.3218  3.4884 0.500 10.50 | PAIR-CHANNEL-DEAD
# CONVTAG t=64.00 rough=0.000000 cond=0.160043 evap=0.556295 backs=0.072560
t=   66.00 -9.43e-16 | 1.6609 14.89  20099    0      0      0 | 1.4018 14.72 | 0.00e+00 4.77e-02 |   3.1588 0.8313  0.3230  3.4881 0.500 10.00 | PAIR-CHANNEL-DEAD
# CONVTAG t=66.00 rough=0.000000 cond=0.160043 evap=0.556295 backs=0.072560
t=   68.00 -9.43e-16 | 1.6606 14.88  20091    0      0      0 | 1.4017 14.72 | 0.00e+00 3.39e-02 |   3.1672 0.8335  0.3221  3.4882 0.500 10.00 | PAIR-CHANNEL-DEAD
# CONVTAG t=68.00 rough=0.000000 cond=0.160043 evap=0.556295 backs=0.072560
t=   70.00 -9.43e-16 | 1.6605 14.90  20113    0      0      0 | 1.4020 14.73 | 0.00e+00 4.05e-02 |   3.1735 0.8351  0.3215  3.4884 0.500 10.50 | PAIR-CHANNEL-DEAD
# CONVTAG t=70.00 rough=0.000000 cond=0.160043 evap=0.556295 backs=0.072560
t=   72.00 -9.43e-16 | 1.6604 14.89  20100    0      0      0 | 1.4018 14.73 | 0.00e+00 4.92e-02 |   3.1678 0.8336  0.3209  3.4885 0.500 10.00 | PAIR-CHANNEL-DEAD
# CONVTAG t=72.00 rough=0.000000 cond=0.160043 evap=0.556295 backs=0.072560
t=   74.00 -9.43e-16 | 1.6603 14.88  20089    0      0      0 | 1.4017 14.72 | 0.00e+00 2.63e-02 |   3.1571 0.8308  0.3212  3.4886 0.500 11.00 | PAIR-CHANNEL-DEAD
# CONVTAG t=74.00 rough=0.000000 cond=0.160043 evap=0.556295 backs=0.072560
t=   76.00 -9.43e-16 | 1.6602 14.88  20089    0      0      0 | 1.4016 14.72 | 0.00e+00 4.11e-02 |   3.1521 0.8295  0.3226  3.4884 0.500 11.00 | PAIR-CHANNEL-DEAD
# CONVTAG t=76.00 rough=0.000000 cond=0.160043 evap=0.556295 backs=0.072560
# QATOM t=76.16 dir=FD w=1.36538267 e=0.249903511531
t=   78.00 -9.43e-16 | 1.6604 14.89  20103    0      0      0 | 1.4019 14.73 | 0.00e+00 4.36e-02 |   3.1510 0.8292  0.3240  3.4880 0.500 11.00 | PAIR-CHANNEL-DEAD
# CONVTAG t=78.00 rough=0.000000 cond=0.160043 evap=0.556295 backs=0.072560
t=   80.00 -9.43e-16 | 1.6602 14.89  20107    0      0      0 | 1.4020 14.73 | 0.00e+00 4.03e-02 |   3.1473 0.8282  0.3222  3.4882 0.500 10.50 | PAIR-CHANNEL-DEAD
# CONVTAG t=80.00 rough=0.000000 cond=0.160043 evap=0.556295 backs=0.072560
t=   82.00 -9.43e-16 | 1.6603 14.90  20121    0      0      0 | 1.4022 14.74 | 0.00e+00 4.05e-02 |   3.1543 0.8301  0.3193  3.4890 0.500 10.50 | PAIR-CHANNEL-DEAD
# CONVTAG t=82.00 rough=0.000000 cond=0.160043 evap=0.556295 backs=0.072560
t=   84.00 -9.43e-16 | 1.6603 14.90  20112    0      0      0 | 1.4021 14.74 | 0.00e+00 4.01e-02 |   3.1513 0.8293  0.3190  3.4890 0.500 10.50 | PAIR-CHANNEL-DEAD
# CONVTAG t=84.00 rough=0.000000 cond=0.160043 evap=0.556295 backs=0.072560
t=   86.00 -9.43e-16 | 1.6604 14.90  20117    0      0      0 | 1.4021 14.73 | 0.00e+00 3.69e-02 |   3.1353 0.8251  0.3193  3.4889 0.500 10.50 | PAIR-CHANNEL-DEAD
# CONVTAG t=86.00 rough=0.000000 cond=0.160043 evap=0.556295 backs=0.072560
# QATOM t=87.10 dir=FD w=1.19850388 e=0.219359988664
t=   88.00 -9.43e-16 | 1.6603 14.91  20125    0      0      0 | 1.4022 14.73 | 0.00e+00 3.73e-02 |   3.1280 0.8232  0.3193  3.4891 0.500 10.50 | PAIR-CHANNEL-DEAD
# CONVTAG t=88.00 rough=0.000000 cond=0.160043 evap=0.556295 backs=0.072560
t=   90.00 -9.43e-16 | 1.6603 14.90  20110    0      0      0 | 1.4021 14.73 | 0.00e+00 5.00e-02 |   3.1260 0.8226  0.3193  3.4891 0.500 10.00 | PAIR-CHANNEL-DEAD
# CONVTAG t=90.00 rough=0.000000 cond=0.160043 evap=0.556295 backs=0.072560
t=   92.00 -9.43e-16 | 1.6603 14.90  20113    0      0      0 | 1.4021 14.73 | 0.00e+00 3.96e-02 |   3.1157 0.8199  0.3211  3.4886 0.500 10.50 | PAIR-CHANNEL-DEAD
# CONVTAG t=92.00 rough=0.000000 cond=0.160043 evap=0.556295 backs=0.072560
t=   94.00 -9.43e-16 | 1.6604 14.90  20118    0      0      0 | 1.4022 14.74 | 0.00e+00 4.24e-02 |   3.1015 0.8162  0.3239  3.4879 0.500 11.00 | PAIR-CHANNEL-DEAD
# CONVTAG t=94.00 rough=0.000000 cond=0.160043 evap=0.556295 backs=0.072560
t=   96.00 -9.43e-16 | 1.6606 14.90  20119    0      0      0 | 1.4022 14.74 | 0.00e+00 4.79e-02 |   2.8018 0.7373  0.4183  3.4886 0.500 11.50 | PAIR-CHANNEL-DEAD
# CONVTAG t=96.00 rough=0.000000 cond=0.160043 evap=0.854081 backs=0.111402
t=   98.00 -9.43e-16 | 1.6602 14.90  20118    0      0      0 | 1.4022 14.74 | 0.00e+00 3.81e-02 |   2.7939 0.7352  0.4131  3.4886 0.500 11.50 | PAIR-CHANNEL-DEAD
# CONVTAG t=98.00 rough=0.000000 cond=0.160043 evap=0.854081 backs=0.111402
# QATOM t=98.98 dir=FD w=1.56103191 e=0.285712837212
t=  100.00 -9.43e-16 | 1.6602 14.89  20108    0      0      0 | 1.4021 14.74 | 0.00e+00 4.80e-02 |   2.7919 0.7347  0.4130  3.4888 0.500 11.50 | PAIR-CHANNEL-DEAD
# CONVTAG t=100.00 rough=0.000000 cond=0.160043 evap=0.854081 backs=0.111402
t=  102.00 -9.43e-16 | 1.6601 14.91  20122    0      0      0 | 1.4022 14.74 | 0.00e+00 5.00e-02 |   2.7868 0.7334  0.4132  3.4893 0.500 11.50 | PAIR-CHANNEL-DEAD
# CONVTAG t=102.00 rough=0.000000 cond=0.160043 evap=0.854081 backs=0.111402
t=  104.00 -9.43e-16 | 1.6603 14.90  20121    0      0      0 | 1.4022 14.74 | 0.00e+00 3.49e-02 |   2.7729 0.7297  0.4036  3.4893 0.500 11.50 | PAIR-CHANNEL-DEAD
# CONVTAG t=104.00 rough=0.000000 cond=0.160043 evap=0.854081 backs=0.111402
t=  106.00 -9.43e-16 | 1.6605 14.88  20094    0      0      0 | 1.4019 14.74 | 0.00e+00 3.41e-02 |   2.7667 0.7281  0.3930  3.4906 0.500 11.00 | PAIR-CHANNEL-DEAD
# CONVTAG t=106.00 rough=0.000000 cond=0.160043 evap=0.854081 backs=0.111402
t=  108.00 -9.43e-16 | 1.6608 14.88  20089    0      0      0 | 1.4017 14.73 | 0.00e+00 5.00e-02 |   2.7487 0.7233  0.3999  3.4934 0.500 11.00 | PAIR-CHANNEL-DEAD
# CONVTAG t=108.00 rough=0.000000 cond=0.160043 evap=0.854081 backs=0.111402
# QATOM t=108.62 dir=FD w=1.60323155 e=0.293436559859
t=  110.00 -9.43e-16 | 1.6609 14.89  20104    0      0      0 | 1.4019 14.73 | 0.00e+00 4.26e-02 |   2.7198 0.7157  0.4174  3.4899 0.500 12.00 | PAIR-CHANNEL-DEAD
# CONVTAG t=110.00 rough=0.000000 cond=0.160043 evap=0.854081 backs=0.111402
t=  112.00 -9.43e-16 | 1.6609 14.89  20099    0      0      0 | 1.4019 14.73 | 0.00e+00 5.00e-02 |   2.7174 0.7151  0.4198  3.4881 0.500 12.00 | PAIR-CHANNEL-DEAD
# CONVTAG t=112.00 rough=0.000000 cond=0.160043 evap=0.854081 backs=0.111402
t=  114.00 -9.43e-16 | 1.6606 14.90  20115    0      0      0 | 1.4021 14.73 | 0.00e+00 5.00e-02 |   2.9223 0.7690  0.3151  3.4926 0.500 11.50 | PAIR-CHANNEL-DEAD
# CONVTAG t=114.00 rough=0.000000 cond=0.346547 evap=0.854081 backs=0.111402
t=  116.00 -9.43e-16 | 1.6604 14.89  20107    0      0      0 | 1.4020 14.73 | 0.00e+00 4.50e-02 |   2.9179 0.7679  0.3162  3.4906 0.500 11.50 | PAIR-CHANNEL-DEAD
# CONVTAG t=116.00 rough=0.000000 cond=0.346547 evap=0.854081 backs=0.111402
t=  118.00 -9.43e-16 | 1.6605 14.90  20119    0      0      0 | 1.4022 14.74 | 0.00e+00 2.99e-02 |   2.9131 0.7666  0.3155  3.4904 0.500 11.50 | PAIR-CHANNEL-DEAD
# CONVTAG t=118.00 rough=0.000000 cond=0.346547 evap=0.854081 backs=0.111402
# QATOM t=118.48 dir=FD w=1.64862531 e=0.301744897464
t=  120.00 -9.43e-16 | 1.6606 14.90  20113    0      0      0 | 1.4020 14.73 | 0.00e+00 5.00e-02 |   2.8778 0.7573  0.3151  3.4913 0.500 11.50 | PAIR-CHANNEL-DEAD
# CONVTAG t=120.00 rough=0.000000 cond=0.346547 evap=0.854081 backs=0.111402
t=  122.00 -9.43e-16 | 1.6606 14.90  20121    0      0      0 | 1.4022 14.73 | 0.00e+00 5.00e-02 |   3.0779 0.8100  0.3829  3.4778 0.500 11.00 | PAIR-CHANNEL-DEAD
# CONVTAG t=122.00 rough=0.000000 cond=0.523220 evap=0.854081 backs=0.111402
t=  124.00 -9.43e-16 | 1.6606 14.88  20091    0      0      0 | 1.4017 14.72 | 0.00e+00 3.49e-02 |   3.0820 0.8111  0.3781  3.4786 0.500 10.00 | PAIR-CHANNEL-DEAD
# CONVTAG t=124.00 rough=0.000000 cond=0.523220 evap=0.854081 backs=0.111402
t=  126.00 -9.43e-16 | 1.6606 14.89  20102    0      0      0 | 1.4018 14.72 | 0.00e+00 5.00e-02 |   3.0911 0.8134  0.3764  3.4787 0.500 10.00 | PAIR-CHANNEL-DEAD
# CONVTAG t=126.00 rough=0.000000 cond=0.523220 evap=0.854081 backs=0.111402
t=  128.00 -9.43e-16 | 1.6609 14.89  20105    0      0      0 | 1.4020 14.73 | 0.00e+00 5.00e-02 |   3.0644 0.8064  0.3853  3.4772 0.500 10.50 | PAIR-CHANNEL-DEAD
# CONVTAG t=128.00 rough=0.000000 cond=0.523220 evap=0.854081 backs=0.111402
# QATOM t=128.80 dir=DF w=2.17544665 e=0.39816805112
t=  130.00 -9.43e-16 | 1.6606 14.89  20106    0      0      0 | 1.4020 14.73 | 0.00e+00 3.86e-02 |   3.0422 0.8006  0.3782  3.4786 0.500 10.50 | PAIR-CHANNEL-DEAD
# CONVTAG t=130.00 rough=0.000000 cond=0.523220 evap=0.854081 backs=0.111402
t=  132.00 -9.43e-16 | 1.6606 14.89  20103    0      0      0 | 1.4020 14.73 | 0.00e+00 4.86e-02 |   3.0378 0.7994  0.3781  3.4785 0.500 11.50 | PAIR-CHANNEL-DEAD
# CONVTAG t=132.00 rough=0.000000 cond=0.523220 evap=0.854081 backs=0.111402
t=  134.00 -9.43e-16 | 1.6608 14.89  20102    0      0      0 | 1.4019 14.73 | 0.00e+00 5.00e-02 |   3.0220 0.7953  0.3702  3.4800 0.500 11.00 | PAIR-CHANNEL-DEAD
# CONVTAG t=134.00 rough=0.000000 cond=0.523220 evap=0.854081 backs=0.111402
t=  136.00 -9.43e-16 | 1.6609 14.90  20109    0      0      0 | 1.4020 14.73 | 0.00e+00 3.54e-02 |   3.0302 0.7974  0.3744  3.4791 0.500 11.00 | PAIR-CHANNEL-DEAD
# CONVTAG t=136.00 rough=0.000000 cond=0.523220 evap=0.854081 backs=0.111402
t=  138.00 -9.43e-16 | 1.6609 14.90  20121    0      0      0 | 1.4022 14.73 | 0.00e+00 4.48e-02 |   3.0079 0.7916  0.3711  3.4797 0.500 10.50 | PAIR-CHANNEL-DEAD
# CONVTAG t=138.00 rough=0.000000 cond=0.523220 evap=0.854081 backs=0.111402
# QATOM t=139.24 dir=DF w=2.21117866 e=0.404708016118
t=  140.00 -9.43e-16 | 1.6610 14.90  20111    0      0      0 | 1.4020 14.73 | 0.00e+00 3.73e-02 |   3.0001 0.7895  0.3672  3.4802 0.500 10.00 | PAIR-CHANNEL-DEAD
# CONVTAG t=140.00 rough=0.000000 cond=0.523220 evap=0.854081 backs=0.111402
t=  142.00 -9.43e-16 | 1.6611 14.91  20122    0      0      0 | 1.4022 14.73 | 0.00e+00 4.06e-02 |   3.0008 0.7897  0.3659  3.4804 0.500 10.50 | PAIR-CHANNEL-DEAD
# CONVTAG t=142.00 rough=0.000000 cond=0.523220 evap=0.854081 backs=0.111402
t=  144.00 -9.43e-16 | 1.6608 14.90  20118    0      0      0 | 1.4021 14.73 | 0.00e+00 4.49e-02 |   3.0082 0.7916  0.3614  3.4811 0.500 11.50 | PAIR-CHANNEL-DEAD
# CONVTAG t=144.00 rough=0.000000 cond=0.523220 evap=0.854081 backs=0.111402
t=  146.00 -8.09e-16 | 1.6606 14.90  20109    0      0      0 | 1.4020 14.73 | 0.00e+00 3.85e-02 |   3.0147 0.7933  0.3823  3.4778 0.500 11.50 | PAIR-CHANNEL-DEAD
# CONVTAG t=146.00 rough=0.000000 cond=0.523220 evap=0.854081 backs=0.111402
t=  148.00 -9.43e-16 | 1.6607 14.91  20124    0      0      0 | 1.4022 14.73 | 0.00e+00 3.45e-02 |   3.0220 0.7953  0.3965  3.4754 0.500 11.50 | PAIR-CHANNEL-DEAD
# CONVTAG t=148.00 rough=0.000000 cond=0.523220 evap=0.854081 backs=0.111402
# QATOM t=148.46 dir=DF w=2.22783907 e=0.40775733989
t=  150.00 -9.43e-16 | 1.6607 14.91  20127    0      0      0 | 1.4023 14.73 | 0.00e+00 4.89e-02 |   2.9870 0.7861  0.3810  3.4778 0.500 11.50 | PAIR-CHANNEL-DEAD
# CONVTAG t=150.00 rough=0.000000 cond=0.523220 evap=0.854081 backs=0.111402
t=  152.00 -9.43e-16 | 1.6606 14.91  20130    0      0      0 | 1.4022 14.73 | 0.00e+00 4.80e-02 |   2.9311 0.7713  0.3494  3.4831 0.500 11.50 | PAIR-CHANNEL-DEAD
# CONVTAG t=152.00 rough=0.000000 cond=0.523220 evap=0.854081 backs=0.111402
t=  154.00 -9.43e-16 | 1.6607 14.90  20112    0      0      0 | 1.4020 14.73 | 0.00e+00 4.34e-02 |   2.9113 0.7661  0.3481  3.4838 0.500 11.50 | PAIR-CHANNEL-DEAD
# CONVTAG t=154.00 rough=0.000000 cond=0.523220 evap=0.854081 backs=0.111402
t=  156.00 -9.43e-16 | 1.6611 14.92  20137    0      0      0 | 1.4024 14.74 | 0.00e+00 5.00e-02 |   2.9045 0.7643  0.3467  3.4841 0.500 11.50 | PAIR-CHANNEL-DEAD
# CONVTAG t=156.00 rough=0.000000 cond=0.523220 evap=0.854081 backs=0.111402
# QATOM t=156.80 dir=DF w=2.14056855 e=0.39178437479
t=  158.00 -9.43e-16 | 1.6612 14.91  20134    0      0      0 | 1.4024 14.74 | 0.00e+00 4.44e-02 |   2.5814 0.6793  0.6941  3.4169 0.500 11.50 | PAIR-CHANNEL-DEAD
# CONVTAG t=158.00 rough=0.000000 cond=0.523220 evap=1.176675 backs=0.153479
t=  160.00 -9.43e-16 | 1.6614 14.92  20148    0      0      0 | 1.4025 14.74 | 0.00e+00 3.75e-02 |   2.6148 0.6881  0.7140  3.4120 0.500 12.00 | PAIR-CHANNEL-DEAD
# CONVTAG t=160.00 rough=0.000000 cond=0.523220 evap=1.176675 backs=0.153479
t=  162.00 -9.43e-16 | 1.6614 14.93  20149    0      0      0 | 1.4026 14.74 | 0.00e+00 3.52e-02 |   2.6257 0.6910  0.7710  3.3978 0.500 12.50 | PAIR-CHANNEL-DEAD
# CONVTAG t=162.00 rough=0.000000 cond=0.523220 evap=1.176675 backs=0.153479
t=  164.00 -9.43e-16 | 1.6612 14.92  20137    0      0      0 | 1.4024 14.74 | 0.00e+00 3.15e-02 |   2.6137 0.6878  0.7789  3.3958 0.500 12.50 | PAIR-CHANNEL-DEAD
# CONVTAG t=164.00 rough=0.000000 cond=0.523220 evap=1.176675 backs=0.153479
t=  166.00 -9.43e-16 | 1.6615 14.93  20152    0      0      0 | 1.4026 14.74 | 0.00e+00 4.37e-02 |   2.2583 0.5943  0.4307  3.4692 0.500 12.50 | PAIR-CHANNEL-DEAD
# CONVTAG t=166.00 rough=0.000000 cond=0.523220 evap=1.479158 backs=0.192934
# QATOM t=166.08 dir=DF w=2.18995587 e=0.400823646911
t=  168.00 -9.43e-16 | 1.6613 14.93  20149    0      0      0 | 1.4026 14.74 | 0.00e+00 3.76e-02 |   2.0219 0.5321  0.3191  3.4916 0.500 13.00 | PAIR-CHANNEL-DEAD
# CONVTAG t=168.00 rough=0.000000 cond=0.523220 evap=1.479158 backs=0.192934
t=  170.00 -9.43e-16 | 1.6612 14.94  20165    0      0      0 | 1.4028 14.74 | 0.00e+00 3.03e-02 |   1.7574 0.4625  0.7176  3.4493 0.500 13.00 | PAIR-CHANNEL-DEAD
# CONVTAG t=170.00 rough=0.000000 cond=0.523220 evap=1.479158 backs=0.192934
t=  172.00 -9.43e-16 | 1.6611 14.92  20147    0      0      0 | 1.4026 14.74 | 0.00e+00 3.45e-02 |   1.6433 0.4324  0.9975  3.3885 0.500 13.00 | PAIR-CHANNEL-DEAD
# CONVTAG t=172.00 rough=0.000000 cond=0.523220 evap=1.479158 backs=0.192934
t=  174.00 -9.43e-16 | 1.6610 14.93  20153    0      0      0 | 1.4026 14.74 | 0.00e+00 5.00e-02 |   1.5745 0.4143  1.1074  3.3583 0.500 13.00 | PAIR-CHANNEL-DEAD
# CONVTAG t=174.00 rough=0.000000 cond=0.523220 evap=1.479158 backs=0.192934
t=  176.00 -9.43e-16 | 1.6615 14.93  20150    0      0      0 | 1.4025 14.74 | 0.00e+00 4.93e-02 |   1.6215 0.4267  1.0373  3.4060 0.500 13.00 | PAIR-CHANNEL-DEAD
# CONVTAG t=176.00 rough=0.000000 cond=0.523220 evap=1.479158 backs=0.192934
# QATOM t=176.04 dir=FD w=1.46075648 e=0.267359607318
t=  178.00 -9.43e-16 | 1.6617 14.94  20164    0      0      0 | 1.4028 14.74 | 0.00e+00 3.85e-02 |   1.7200 0.4526  0.9046  3.4114 0.500 13.00 | PAIR-CHANNEL-DEAD
# CONVTAG t=178.00 rough=0.000000 cond=0.523220 evap=1.479158 backs=0.192934
t=  180.00 -9.43e-16 | 1.6616 14.91  20129    0      0      0 | 1.4023 14.74 | 0.00e+00 4.06e-02 |   1.9114 0.5030  0.6865  3.4537 0.500 13.00 | PAIR-CHANNEL-DEAD
# CONVTAG t=180.00 rough=0.000000 cond=0.523220 evap=1.479158 backs=0.192934
t=  182.00 -9.43e-16 | 1.6618 14.91  20128    0      0      0 | 1.4023 14.74 | 0.00e+00 5.00e-02 |   2.2144 0.5827  0.3727  3.4912 0.500 13.00 | PAIR-CHANNEL-DEAD
# CONVTAG t=182.00 rough=0.000000 cond=0.523220 evap=1.479158 backs=0.192934
t=  184.00 -9.43e-16 | 1.6620 14.90  20118    0      0      0 | 1.4021 14.73 | 0.00e+00 3.50e-02 |   2.3660 0.6226  0.3520  3.4916 0.500 13.00 | PAIR-CHANNEL-DEAD
# CONVTAG t=184.00 rough=0.000000 cond=0.523220 evap=1.479158 backs=0.192934
# QATOM t=185.10 dir=FD w=1.55197773 e=0.284055666898
t=  186.00 -9.43e-16 | 1.6618 14.91  20126    0      0      0 | 1.4022 14.73 | 0.00e+00 3.82e-02 |   2.3982 0.6311  0.3466  3.4919 0.500 12.50 | PAIR-CHANNEL-DEAD
# CONVTAG t=186.00 rough=0.000000 cond=0.523220 evap=1.479158 backs=0.192934
t=  188.00 -9.43e-16 | 1.6615 14.91  20132    0      0      0 | 1.4023 14.73 | 0.00e+00 4.10e-02 |   2.3378 0.6152  0.3289  3.4916 0.500 12.00 | PAIR-CHANNEL-DEAD
# CONVTAG t=188.00 rough=0.000000 cond=0.523220 evap=1.479158 backs=0.192934
t=  190.00 -9.43e-16 | 1.6615 14.92  20143    0      0      0 | 1.4024 14.73 | 0.00e+00 5.00e-02 |   2.2711 0.5976  0.3151  3.4899 0.500 12.50 | PAIR-CHANNEL-DEAD
# CONVTAG t=190.00 rough=0.000000 cond=0.523220 evap=1.479158 backs=0.192934
t=  192.00 -9.43e-16 | 1.6619 14.91  20134    0      0      0 | 1.4023 14.73 | 0.00e+00 3.92e-02 |   2.2478 0.5915  0.3700  3.4796 0.500 12.50 | PAIR-CHANNEL-DEAD
# CONVTAG t=192.00 rough=0.000000 cond=0.523220 evap=1.479158 backs=0.192934
# QATOM t=193.62 dir=DF w=2.58435504 e=0.473009811755
t=  194.00 -9.43e-16 | 1.6619 14.92  20144    0      0      0 | 1.4024 14.73 | 0.00e+00 3.71e-02 |   2.2559 0.5937  0.3788  3.4783 0.500 12.50 | PAIR-CHANNEL-DEAD
# CONVTAG t=194.00 rough=0.000000 cond=0.523220 evap=1.479158 backs=0.192934
t=  196.00 -9.43e-16 | 1.6618 14.92  20148    0      0      0 | 1.4025 14.73 | 0.00e+00 4.51e-02 |   2.2105 0.5817  0.3464  3.4836 0.500 12.50 | PAIR-CHANNEL-DEAD
# CONVTAG t=196.00 rough=0.000000 cond=0.523220 evap=1.479158 backs=0.192934
t=  198.00 -9.43e-16 | 1.6616 14.93  20161    0      0      0 | 1.4027 14.74 | 0.00e+00 4.55e-02 |   2.1532 0.5666  0.3192  3.4904 0.500 12.50 | PAIR-CHANNEL-DEAD
# CONVTAG t=198.00 rough=0.000000 cond=0.523220 evap=1.479158 backs=0.192934
t=  200.00 -9.43e-16 | 1.6618 14.93  20156    0      0      0 | 1.4026 14.73 | 0.00e+00 4.71e-02 |   2.1592 0.5682  0.3224  3.4879 0.500 12.50 | PAIR-CHANNEL-DEAD
# CONVTAG t=200.00 rough=0.000000 cond=0.523220 evap=1.479158 backs=0.192934
t=  202.00 -9.43e-16 | 1.6616 14.93  20155    0      0      0 | 1.4026 14.73 | 0.00e+00 4.38e-02 |   2.2360 0.5884  0.3509  3.4827 0.500 12.00 | PAIR-CHANNEL-DEAD
# CONVTAG t=202.00 rough=0.000000 cond=0.523220 evap=1.479158 backs=0.192934
# QATOM t=202.10 dir=FD w=1.53180995 e=0.280364394177
t=  204.00 -9.43e-16 | 1.6617 14.92  20141    0      0      0 | 1.4023 14.72 | 0.00e+00 3.67e-02 |   2.2579 0.5942  0.3623  3.4811 0.500 12.00 | PAIR-CHANNEL-DEAD
# CONVTAG t=204.00 rough=0.000000 cond=0.523220 evap=1.479158 backs=0.192934
t=  206.00 -9.43e-16 | 1.6616 14.91  20125    0      0      0 | 1.4021 14.72 | 0.00e+00 3.89e-02 |   2.1622 0.5690  0.3303  3.4864 0.500 12.00 | PAIR-CHANNEL-DEAD
# CONVTAG t=206.00 rough=0.000000 cond=0.523220 evap=1.479158 backs=0.192934
t=  208.00 -9.43e-16 | 1.6616 14.91  20135    0      0      0 | 1.4022 14.72 | 0.00e+00 4.45e-02 |   2.0037 0.5273  0.3447  3.5116 0.500 12.50 | PAIR-CHANNEL-DEAD
# CONVTAG t=208.00 rough=0.000000 cond=0.523220 evap=1.479158 backs=0.192934
t=  210.00 -8.09e-16 | 1.6617 14.93  20162    0      0      0 | 1.4026 14.73 | 0.00e+00 4.45e-02 |   1.7311 0.4556  0.7707  3.4793 0.500 12.50 | PAIR-CHANNEL-DEAD
# CONVTAG t=210.00 rough=0.000000 cond=0.523220 evap=1.479158 backs=0.192934
# QATOM t=210.30 dir=FD w=1.63297035 e=0.298879597795
t=  212.00 -9.43e-16 | 1.6616 14.93  20152    0      0      0 | 1.4025 14.73 | 0.00e+00 3.15e-02 |   1.5140 0.3984  1.3102  3.4064 0.500 12.50 | PAIR-CHANNEL-DEAD
# CONVTAG t=212.00 rough=0.000000 cond=0.523220 evap=1.479158 backs=0.192934
t=  214.00 -8.09e-16 | 1.6614 14.93  20152    0      0      0 | 1.4025 14.73 | 0.00e+00 3.36e-02 |   1.4984 0.3943  1.3505  3.3195 0.500 12.50 | PAIR-CHANNEL-DEAD
# CONVTAG t=214.00 rough=0.000000 cond=0.523220 evap=1.479158 backs=0.192934
t=  216.00 -8.09e-16 | 1.6612 14.92  20145    0      0      0 | 1.4024 14.73 | 0.00e+00 4.72e-02 |   1.5704 0.4133  1.1537  3.3488 0.500 12.50 | PAIR-CHANNEL-DEAD
# CONVTAG t=216.00 rough=0.000000 cond=0.523220 evap=1.479158 backs=0.192934
t=  218.00 -9.43e-16 | 1.6611 14.91  20126    0      0      0 | 1.4021 14.72 | 0.00e+00 5.00e-02 |   1.1723 0.3085  2.6579  2.4123 0.500 13.00 | PAIR-CHANNEL-DEAD
# CONVTAG t=218.00 rough=0.000000 cond=0.523220 evap=1.897545 backs=0.247506
# QATOM t=218.66 dir=DF w=2.39422472 e=0.43821060319
t=  220.00 -9.43e-16 | 1.6615 14.92  20141    0      0      0 | 1.4024 14.73 | 0.00e+00 3.41e-02 |   1.1497 0.3026  2.7329  2.3153 0.500 13.00 | PAIR-CHANNEL-DEAD
# CONVTAG t=220.00 rough=0.000000 cond=0.523220 evap=1.897545 backs=0.247506
t=  222.00 -9.43e-16 | 1.6615 14.92  20145    0      0      0 | 1.4024 14.72 | 0.00e+00 3.31e-02 |   1.0973 0.2888  3.0151  1.9955 0.500 13.00 | PAIR-CHANNEL-DEAD
# CONVTAG t=222.00 rough=0.000000 cond=0.523220 evap=1.897545 backs=0.247506
t=  224.00 -9.43e-16 | 1.6619 14.92  20140    0      0      0 | 1.4023 14.73 | 0.00e+00 4.55e-02 |   1.1158 0.2936  2.9762  2.0441 0.500 13.50 | PAIR-CHANNEL-DEAD
# CONVTAG t=224.00 rough=0.000000 cond=0.523220 evap=1.897545 backs=0.247506
t=  226.00 -9.43e-16 | 1.6616 14.92  20140    0      0      0 | 1.4023 14.73 | 0.00e+00 3.41e-02 |   1.1572 0.3045  2.8662  2.1676 0.500 13.50 | PAIR-CHANNEL-DEAD
# CONVTAG t=226.00 rough=0.000000 cond=0.523220 evap=1.897545 backs=0.247506
# QATOM t=226.32 dir=FD w=1.42942376 e=0.26162483511
t=  228.00 -8.09e-16 | 1.6613 14.92  20145    0      0      0 | 1.4024 14.73 | 0.00e+00 3.67e-02 |   1.2311 0.3240  2.5311  2.5202 0.500 14.00 | PAIR-CHANNEL-DEAD
# CONVTAG t=228.00 rough=0.000000 cond=0.523220 evap=1.897545 backs=0.247506
t=  230.00 -8.09e-16 | 1.6615 14.93  20153    0      0      0 | 1.4026 14.73 | 0.00e+00 3.01e-02 |   1.2851 0.3382  2.0881  2.8875 0.500 14.00 | PAIR-CHANNEL-DEAD
# CONVTAG t=230.00 rough=0.000000 cond=0.523220 evap=1.897545 backs=0.247506
t=  232.00 -8.09e-16 | 1.6617 14.92  20148    0      0      0 | 1.4025 14.73 | 0.00e+00 4.10e-02 |   1.0652 0.2803  2.5162  2.5472 0.500 14.00 | PAIR-CHANNEL-DEAD
# CONVTAG t=232.00 rough=0.000000 cond=0.523220 evap=1.897545 backs=0.247506
t=  234.00 -8.09e-16 | 1.6618 14.93  20151    0      0      0 | 1.4025 14.73 | 0.00e+00 4.01e-02 |   0.8342 0.2195  2.6043  3.0156 0.500 13.50 | PAIR-CHANNEL-DEAD
# CONVTAG t=234.00 rough=0.000000 cond=0.523220 evap=1.897545 backs=0.247506
# QATOM t=234.84 dir=DF w=2.1886542 e=0.4005854051
t=  236.00 -8.09e-16 | 1.6619 14.93  20161    0      0      0 | 1.4026 14.73 | 0.00e+00 3.16e-02 |   0.7752 0.2040  2.2566  2.7579 0.500 14.50 | PAIR-CHANNEL-DEAD
# CONVTAG t=236.00 rough=0.000000 cond=0.523220 evap=1.897545 backs=0.247506
t=  238.00 -8.09e-16 | 1.6615 14.93  20149    0      0      0 | 1.4024 14.73 | 0.00e+00 5.00e-02 |   0.6118 0.1610  1.7375  3.1003 0.500 14.50 | PAIR-CHANNEL-DEAD
# CONVTAG t=238.00 rough=0.000000 cond=0.523220 evap=1.897545 backs=0.247506
t=  240.00 -8.09e-16 | 1.6618 14.94  20163    0      0      0 | 1.4026 14.73 | 0.00e+00 4.60e-02 |   0.4579 0.1205  1.4586  3.2257 0.500 15.00 | PAIR-CHANNEL-DEAD
# CONVTAG t=240.00 rough=0.000000 cond=0.523220 evap=1.897545 backs=0.247506
t=  242.00 -8.09e-16 | 1.6615 14.96  20190    0      0      0 | 1.4029 14.73 | 0.00e+00 3.44e-02 |   0.4890 0.1287  1.5675  3.2089 0.500 15.50 | PAIR-CHANNEL-DEAD
# CONVTAG t=242.00 rough=0.000000 cond=0.523220 evap=1.897545 backs=0.247506
# QATOM t=242.18 dir=DF w=2.27358499 e=0.416130133043
t=  244.00 -8.09e-16 | 1.6613 14.95  20184    0      0      0 | 1.4029 14.73 | 0.00e+00 4.03e-02 |   0.5222 0.1374  1.8754  3.0237 0.500 15.50 | PAIR-CHANNEL-DEAD
# CONVTAG t=244.00 rough=0.000000 cond=0.523220 evap=1.897545 backs=0.247506
t=  246.00 -8.09e-16 | 1.6615 14.93  20154    0      0      0 | 1.4025 14.73 | 0.00e+00 4.39e-02 |   0.5020 0.1321  1.8311  3.0376 0.500 15.50 | PAIR-CHANNEL-DEAD
# CONVTAG t=246.00 rough=0.000000 cond=0.523220 evap=1.897545 backs=0.247506
t=  248.00 -8.09e-16 | 1.6616 14.92  20148    0      0      0 | 1.4024 14.73 | 0.00e+00 4.18e-02 |   0.4668 0.1228  1.0614  3.3673 0.500 15.00 | PAIR-CHANNEL-DEAD
# CONVTAG t=248.00 rough=0.000000 cond=0.523220 evap=1.897545 backs=0.247506
t=  250.00 -8.09e-16 | 1.6618 14.93  20150    0      0      0 | 1.4024 14.72 | 0.00e+00 4.61e-02 |   0.3958 0.1042  0.5660  3.4689 0.500 15.50 | PAIR-CHANNEL-DEAD
# CONVTAG t=250.00 rough=0.000000 cond=0.523220 evap=1.897545 backs=0.247506
# QATOM t=250.34 dir=FD w=1.63359925 e=0.298994704683
t=  252.00 -8.09e-16 | 1.6616 14.94  20169    0      0      0 | 1.4026 14.72 | 0.00e+00 3.61e-02 |   0.3382 0.0890  0.8163  3.4192 0.500 15.50 | PAIR-CHANNEL-DEAD
# CONVTAG t=252.00 rough=0.000000 cond=0.523220 evap=1.897545 backs=0.247506
t=  254.00 -8.09e-16 | 1.6617 14.94  20175    0      0      0 | 1.4027 14.72 | 0.00e+00 4.61e-02 |   0.3168 0.0834  0.5610  3.4588 0.500 15.00 | PAIR-CHANNEL-DEAD
# CONVTAG t=254.00 rough=0.000000 cond=0.523220 evap=1.897545 backs=0.247506
t=  256.00 -8.09e-16 | 1.6619 14.95  20181    0      0      0 | 1.4028 14.73 | 0.00e+00 4.12e-02 |   0.2785 0.0733  0.3854  3.4537 0.500 15.50 | PAIR-CHANNEL-DEAD
# CONVTAG t=256.00 rough=0.000000 cond=0.523220 evap=1.897545 backs=0.247506
t=  258.00 -8.09e-16 | 1.6621 14.95  20177    0      0      0 | 1.4028 14.73 | 0.00e+00 3.93e-02 |   0.2838 0.0747  0.4253  3.4511 0.500 15.50 | PAIR-CHANNEL-DEAD
# CONVTAG t=258.00 rough=0.000000 cond=0.523220 evap=1.897545 backs=0.247506
# QATOM t=258.24 dir=FD w=1.35233755 e=0.247515887443
t=  260.00 -8.09e-16 | 1.6624 14.94  20166    0      0      0 | 1.4026 14.73 | 0.00e+00 4.15e-02 |   0.3109 0.0818  0.3172  3.9671 0.500 15.50 | PAIR-CHANNEL-DEAD
# CONVTAG t=260.00 rough=0.000000 cond=0.523220 evap=1.897545 backs=0.247506
t=  262.00 -8.09e-16 | 1.6624 14.95  20177    0      0      0 | 1.4028 14.73 | 0.00e+00 4.27e-02 |   0.3418 0.0899  0.4690  3.4810 0.500 15.50 | PAIR-CHANNEL-DEAD
# CONVTAG t=262.00 rough=0.000000 cond=0.523220 evap=1.897545 backs=0.247506
t=  264.00 -8.09e-16 | 1.6620 14.96  20192    0      0      0 | 1.4030 14.73 | 0.00e+00 4.18e-02 |   0.3930 0.1034  0.4215  3.5065 0.500 15.50 | PAIR-CHANNEL-DEAD
# CONVTAG t=264.00 rough=0.000000 cond=0.523220 evap=1.897545 backs=0.247506
# QATOM t=265.40 dir=FD w=1.13311638 e=0.207392233341
t=  266.00 -8.09e-16 | 1.6620 14.96  20190    0      0      0 | 1.4029 14.73 | 0.00e+00 5.00e-02 |   0.4550 0.1197  0.4341  3.4837 0.500 15.50 | PAIR-CHANNEL-DEAD
# CONVTAG t=266.00 rough=0.000000 cond=0.523220 evap=1.897545 backs=0.247506
t=  268.00 -8.09e-16 | 1.6622 14.95  20185    0      0      0 | 1.4028 14.73 | 0.00e+00 3.95e-02 |   0.4918 0.1294  1.2922  3.3196 0.500 15.00 | PAIR-CHANNEL-DEAD
# CONVTAG t=268.00 rough=0.000000 cond=0.523220 evap=1.897545 backs=0.247506
t=  270.00 -8.09e-16 | 1.6621 14.95  20189    0      0      0 | 1.4029 14.73 | 0.00e+00 4.16e-02 |   0.4448 0.1171  1.5518  3.1808 0.500 15.00 | PAIR-CHANNEL-DEAD
# CONVTAG t=270.00 rough=0.000000 cond=0.523220 evap=1.897545 backs=0.247506
t=  272.00 -8.09e-16 | 1.6619 14.94  20167    0      0      0 | 1.4027 14.73 | 0.00e+00 4.18e-02 |   0.3391 0.0892  1.2498  3.2997 0.500 15.00 | PAIR-CHANNEL-DEAD
# CONVTAG t=272.00 rough=0.000000 cond=0.523220 evap=1.897545 backs=0.247506
# QATOM t=272.68 dir=DF w=2.34252669 e=0.428748407273
t=  274.00 -9.43e-16 | 1.6626 14.94  20175    0      0      0 | 1.4028 14.73 | 0.00e+00 5.00e-02 |   0.4335 0.1141  1.5479  3.1818 0.500 15.50 | PAIR-CHANNEL-DEAD
# CONVTAG t=274.00 rough=0.000000 cond=0.523220 evap=1.897545 backs=0.247506
t=  276.00 -8.09e-16 | 1.6629 14.96  20197    0      0      0 | 1.4031 14.73 | 0.00e+00 4.38e-02 |   0.6174 0.1625  2.2313  2.7868 0.500 15.50 | PAIR-CHANNEL-DEAD
# CONVTAG t=276.00 rough=0.000000 cond=0.523220 evap=1.897545 backs=0.247506
t=  278.00 -9.43e-16 | 1.6628 14.97  20206    0      0      0 | 1.4032 14.73 | 0.00e+00 3.68e-02 |   0.6502 0.1711  2.5930  2.4654 0.500 15.50 | PAIR-CHANNEL-DEAD
# CONVTAG t=278.00 rough=0.000000 cond=0.523220 evap=1.897545 backs=0.247506
t=  280.00 -9.43e-16 | 1.6631 14.98  20219    0      0      0 | 1.4034 14.74 | 0.00e+00 4.06e-02 |   0.2109 0.0555  0.5006  3.4618 0.500 15.00 | PAIR-CHANNEL-DEAD
# CONVTAG t=280.00 rough=0.000000 cond=0.523220 evap=2.316315 backs=0.302128
# QATOM t=280.34 dir=DF w=2.35096746 e=0.430293305769
t=  282.00 -9.43e-16 | 1.6629 14.97  20207    0      0      0 | 1.4032 14.73 | 0.00e+00 3.61e-02 |   0.1740 0.0458  0.3233  3.4598 0.500 15.50 | PAIR-CHANNEL-DEAD
# CONVTAG t=282.00 rough=0.000000 cond=0.523220 evap=2.316315 backs=0.302128
t=  284.00 -9.43e-16 | 1.6625 14.95  20187    0      0      0 | 1.4028 14.72 | 0.00e+00 2.96e-02 |   0.1669 0.0439  1.2335  3.2376 0.500 15.00 | PAIR-CHANNEL-DEAD
# CONVTAG t=284.00 rough=0.000000 cond=0.523220 evap=2.316315 backs=0.302128
t=  286.00 -9.43e-16 | 1.6622 14.96  20198    0      0      0 | 1.4029 14.72 | 0.00e+00 4.14e-02 |   0.1559 0.0410  1.6847  3.2444 0.500 15.00 | PAIR-CHANNEL-DEAD
# CONVTAG t=286.00 rough=0.000000 cond=0.523220 evap=2.316315 backs=0.302128
t=  288.00 -9.43e-16 | 1.6622 14.94  20165    0      0      0 | 1.4025 14.71 | 0.00e+00 3.62e-02 |   0.1669 0.0439  2.4043  2.4578 0.500 15.00 | PAIR-CHANNEL-DEAD
# CONVTAG t=288.00 rough=0.000000 cond=0.523220 evap=2.316315 backs=0.302128
# QATOM t=288.28 dir=FD w=1.35617762 e=0.248218726839
t=  290.00 -9.43e-16 | 1.6624 14.94  20167    0      0      0 | 1.4026 14.72 | 0.00e+00 4.56e-02 |   0.2168 0.0571  2.7034  2.0984 0.500 15.00 | PAIR-CHANNEL-DEAD
# CONVTAG t=290.00 rough=0.000000 cond=0.523220 evap=2.316315 backs=0.302128
t=  292.00 -9.43e-16 | 1.6623 14.96  20193    0      0      0 | 1.4029 14.72 | 0.00e+00 4.05e-02 |   0.2103 0.0553  2.7096  2.0914 0.500 15.00 | PAIR-CHANNEL-DEAD
# CONVTAG t=292.00 rough=0.000000 cond=0.523220 evap=2.316315 backs=0.302128
t=  294.00 -9.43e-16 | 1.6619 14.95  20176    0      0      0 | 1.4027 14.72 | 0.00e+00 3.54e-02 |   0.1946 0.0512  2.7368  2.0542 0.500 15.50 | PAIR-CHANNEL-DEAD
# CONVTAG t=294.00 rough=0.000000 cond=0.523220 evap=2.316315 backs=0.302128
# QATOM t=295.54 dir=DF w=2.24359225 e=0.410640616645
t=  296.00 -9.43e-16 | 1.6620 14.95  20182    0      0      0 | 1.4027 14.72 | 0.00e+00 4.11e-02 |   0.1806 0.0475  2.7919  1.9779 0.500 15.50 | PAIR-CHANNEL-DEAD
# CONVTAG t=296.00 rough=0.000000 cond=0.523220 evap=2.316315 backs=0.302128
t=  298.00 -9.43e-16 | 1.6624 14.94  20172    0      0      0 | 1.4026 14.72 | 0.00e+00 5.00e-02 |   0.1693 0.0446  2.7614  2.0225 0.500 15.50 | PAIR-CHANNEL-DEAD
# CONVTAG t=298.00 rough=0.000000 cond=0.523220 evap=2.316315 backs=0.302128
t=  300.00 -9.43e-16 | 1.6627 14.96  20195    0      0      0 | 1.4030 14.73 | 0.00e+00 4.69e-02 |   0.1594 0.0420  2.7240  2.0751 0.500 15.00 | PAIR-CHANNEL-DEAD
# CONVTAG t=300.00 rough=0.000000 cond=0.523220 evap=2.316315 backs=0.302128
t=  302.00 -9.43e-16 | 1.6628 14.96  20192    0      0      0 | 1.4029 14.72 | 0.00e+00 4.04e-02 |   0.1312 0.0345  2.5389  2.3064 0.500 15.00 | PAIR-CHANNEL-DEAD
# CONVTAG t=302.00 rough=0.000000 cond=0.523220 evap=2.316315 backs=0.302128
# QATOM t=302.70 dir=DF w=2.41492063 e=0.441998538313
t=  304.00 -9.43e-16 | 1.6632 14.96  20199    0      0      0 | 1.4030 14.72 | 0.00e+00 3.25e-02 |   0.1100 0.0289  2.2170  2.6311 0.500 15.50 | PAIR-CHANNEL-DEAD
# CONVTAG t=304.00 rough=0.000000 cond=0.523220 evap=2.316315 backs=0.302128
t=  306.00 -9.43e-16 | 1.6629 14.95  20187    0      0      0 | 1.4028 14.72 | 0.00e+00 3.82e-02 |   0.1167 0.0307  2.0895  2.7385 0.500 15.50 | PAIR-CHANNEL-DEAD
# CONVTAG t=306.00 rough=0.000000 cond=0.523220 evap=2.316315 backs=0.302128
t=  308.00 -9.43e-16 | 1.6626 14.94  20163    0      0      0 | 1.4025 14.72 | 0.00e+00 3.81e-02 |   0.1330 0.0350  1.8800  2.8914 0.500 15.50 | PAIR-CHANNEL-DEAD
# CONVTAG t=308.00 rough=0.000000 cond=0.523220 evap=2.316315 backs=0.302128
# QATOM t=309.68 dir=DF w=2.37987326 e=0.435583882244
t=  310.00 -9.43e-16 | 1.6626 14.95  20184    0      0      0 | 1.4028 14.72 | 0.00e+00 5.00e-02 |   0.1350 0.0355  1.4905  3.1166 0.500 16.00 | PAIR-CHANNEL-DEAD
# CONVTAG t=310.00 rough=0.000000 cond=0.523220 evap=2.316315 backs=0.302128
t=  312.00 -8.09e-16 | 1.6625 14.95  20178    0      0      0 | 1.4027 14.72 | 0.00e+00 3.80e-02 |   0.1441 0.0379  1.2248  3.4696 0.500 16.00 | PAIR-CHANNEL-DEAD
# CONVTAG t=312.00 rough=0.000000 cond=0.523220 evap=2.316315 backs=0.302128
t=  314.00 -8.09e-16 | 1.6628 14.95  20188    0      0      0 | 1.4028 14.72 | 0.00e+00 4.15e-02 |   0.1515 0.0399  0.6706  3.4145 0.500 16.00 | PAIR-CHANNEL-DEAD
# CONVTAG t=314.00 rough=0.000000 cond=0.523220 evap=2.316315 backs=0.302128
# QATOM t=315.90 dir=DF w=2.31508947 e=0.42372662296
t=  316.00 -8.09e-16 | 1.6628 14.95  20177    0      0      0 | 1.4027 14.73 | 0.00e+00 5.00e-02 |   0.1526 0.0402  0.7111  3.4035 0.500 16.00 | PAIR-CHANNEL-DEAD
# CONVTAG t=316.00 rough=0.000000 cond=0.523220 evap=2.316315 backs=0.302128
t=  318.00 -8.09e-16 | 1.6632 14.95  20186    0      0      0 | 1.4029 14.73 | 0.00e+00 3.63e-02 |   0.1605 0.0422  0.7728  3.4421 0.500 16.00 | PAIR-CHANNEL-DEAD
# CONVTAG t=318.00 rough=0.000000 cond=0.523220 evap=2.316315 backs=0.302128
t=  320.00 -8.09e-16 | 1.6632 14.95  20180    0      0      0 | 1.4028 14.72 | 0.00e+00 3.56e-02 |   0.1096 0.0288  0.5579  3.8734 0.500 16.00 | PAIR-CHANNEL-DEAD
# CONVTAG t=320.00 rough=0.000000 cond=0.523220 evap=2.316315 backs=0.302128
# QATOM t=321.66 dir=FD w=1.44883406 e=0.26517746727
t=  322.00 -9.43e-16 | 1.6634 14.95  20188    0      0      0 | 1.4029 14.73 | 0.00e+00 5.00e-02 |   0.1153 0.0303  0.5778  3.9100 0.500 16.00 | PAIR-CHANNEL-DEAD
# CONVTAG t=322.00 rough=0.000000 cond=0.523220 evap=2.316315 backs=0.302128
t=  324.00 -9.43e-16 | 1.6637 14.97  20203    0      0      0 | 1.4032 14.73 | 0.00e+00 4.24e-02 |   0.1242 0.0327  1.3091  4.0480 0.500 16.00 | PAIR-CHANNEL-DEAD
# CONVTAG t=324.00 rough=0.000000 cond=0.523220 evap=2.316315 backs=0.302128
t=  326.00 -9.43e-16 | 1.6638 14.98  20225    0      0      0 | 1.4034 14.73 | 0.00e+00 3.52e-02 |   0.1496 0.0394  1.3725  3.9642 0.500 16.00 | PAIR-CHANNEL-DEAD
# CONVTAG t=326.00 rough=0.000000 cond=0.523220 evap=2.316315 backs=0.302128
# QATOM t=327.90 dir=FD w=1.40510828 e=0.257174417534
t=  328.00 -9.43e-16 | 1.6637 14.98  20217    0      0      0 | 1.4033 14.73 | 0.00e+00 4.13e-02 |   0.1864 0.0490  1.3009  3.8456 0.500 16.00 | PAIR-CHANNEL-DEAD
# CONVTAG t=328.00 rough=0.000000 cond=0.523220 evap=2.316315 backs=0.302128
t=  330.00 -9.43e-16 | 1.6634 14.95  20189    0      0      0 | 1.4029 14.73 | 0.00e+00 3.88e-02 |   0.1683 0.0443  1.1585  4.0267 0.500 16.00 | PAIR-CHANNEL-DEAD
# CONVTAG t=330.00 rough=0.000000 cond=0.523220 evap=2.316315 backs=0.302128
t=  332.00 -9.43e-16 | 1.6635 14.95  20183    0      0      0 | 1.4028 14.73 | 0.00e+00 3.21e-02 |   0.1560 0.0410  0.3992  3.9183 0.500 16.00 | PAIR-CHANNEL-DEAD
# CONVTAG t=332.00 rough=0.000000 cond=0.523220 evap=2.316315 backs=0.302128
t=  334.00 -9.43e-16 | 1.6634 14.93  20149    0      0      0 | 1.4024 14.72 | 0.00e+00 4.20e-02 |   0.1558 0.0410  1.1073  3.3991 0.500 15.50 | PAIR-CHANNEL-DEAD
# CONVTAG t=334.00 rough=0.000000 cond=0.523220 evap=2.316315 backs=0.302128
# QATOM t=334.26 dir=DF w=2.29066788 e=0.419256782741
t=  336.00 -9.43e-16 | 1.6639 14.93  20155    0      0      0 | 1.4025 14.72 | 0.00e+00 3.78e-02 |   0.0911 0.0240  1.0573  3.5745 0.500 16.00 | PAIR-CHANNEL-DEAD
# CONVTAG t=336.00 rough=0.000000 cond=0.523220 evap=2.316315 backs=0.302128
t=  338.00 -9.43e-16 | 1.6637 14.93  20159    0      0      0 | 1.4025 14.72 | 0.00e+00 3.68e-02 |   0.0689 0.0181  0.4440  4.1795 0.500 16.00 | PAIR-CHANNEL-DEAD
# CONVTAG t=338.00 rough=0.000000 cond=0.523220 evap=2.316315 backs=0.302128
# QATOM t=339.92 dir=FD w=1.55729635 e=0.285029124232
t=  340.00 -9.43e-16 | 1.6640 14.95  20176    0      0      0 | 1.4028 14.73 | 0.00e+00 3.34e-02 |   0.0590 0.0155  0.3218  3.6014 0.500 16.00 | PAIR-CHANNEL-DEAD
# CONVTAG t=340.00 rough=0.000000 cond=0.523220 evap=2.316315 backs=0.302128
t=  342.00 -9.43e-16 | 1.6638 14.94  20168    0      0      0 | 1.4027 14.73 | 0.00e+00 2.94e-02 |   0.0502 0.0132  0.3272  3.5638 0.500 16.00 | PAIR-CHANNEL-DEAD
# CONVTAG t=342.00 rough=0.000000 cond=0.523220 evap=2.316315 backs=0.302128
t=  344.00 -9.43e-16 | 1.6637 14.94  20173    0      0      0 | 1.4028 14.73 | 0.00e+00 2.84e-02 |   0.0335 0.0088  1.0752  3.5777 0.500 15.00 | PAIR-CHANNEL-DEAD
# CONVTAG t=344.00 rough=0.000000 cond=0.523220 evap=2.316315 backs=0.302128
# QATOM t=345.84 dir=DF w=2.65319713 e=0.485609854074
t=  346.00 -9.43e-16 | 1.6638 14.96  20196    0      0      0 | 1.4031 14.73 | 0.00e+00 3.88e-02 |   0.1987 0.0523  2.8013  2.0060 0.500 15.00 | PAIR-CHANNEL-DEAD
# CONVTAG t=346.00 rough=0.000000 cond=0.823288 evap=2.316315 backs=0.302128
t=  348.00 -9.43e-16 | 1.6636 14.97  20210    0      0      0 | 1.4033 14.74 | 0.00e+00 3.78e-02 |   0.2434 0.0641  2.9309  1.7571 0.500 15.50 | PAIR-CHANNEL-DEAD
# CONVTAG t=348.00 rough=0.000000 cond=0.823288 evap=2.316315 backs=0.302128
t=  350.00 -9.43e-16 | 1.6633 14.97  20203    0      0      0 | 1.4031 14.73 | 0.00e+00 3.88e-02 |   0.2655 0.0699  3.0120  1.6072 0.500 15.50 | PAIR-CHANNEL-DEAD
# CONVTAG t=350.00 rough=0.000000 cond=0.823288 evap=2.316315 backs=0.302128
# QATOM t=351.86 dir=FD w=1.62333796 e=0.297116599401
t=  352.00 -9.43e-16 | 1.6638 14.95  20182    0      0      0 | 1.4028 14.72 | 0.00e+00 3.58e-02 |   0.3282 0.0864  3.1292  1.3563 0.500 15.50 | PAIR-CHANNEL-DEAD
# CONVTAG t=352.00 rough=0.000000 cond=0.823288 evap=2.316315 backs=0.302128
t=  354.00 -9.43e-16 | 1.6634 14.95  20185    0      0      0 | 1.4028 14.72 | 0.00e+00 3.51e-02 |   0.5349 0.1408  3.1769  1.2379 0.500 15.00 | PAIR-CHANNEL-DEAD
# CONVTAG t=354.00 rough=0.000000 cond=0.823288 evap=2.316315 backs=0.302128
t=  356.00 -9.43e-16 | 1.6632 14.94  20170    0      0      0 | 1.4026 14.72 | 0.00e+00 4.05e-02 |   0.1047 0.0275  1.5781  3.1256 0.500 15.50 | PAIR-CHANNEL-DEAD
# CONVTAG t=356.00 rough=0.000000 cond=0.823288 evap=2.743350 backs=0.357828
t=  358.00 -9.43e-16 | 1.6632 14.95  20182    0      0      0 | 1.4028 14.72 | 0.00e+00 4.13e-02 |   0.0823 0.0217  0.3178  3.8153 0.500 15.00 | PAIR-CHANNEL-DEAD
# CONVTAG t=358.00 rough=0.000000 cond=0.823288 evap=2.743350 backs=0.357828
# QATOM t=358.32 dir=FD w=1.55830961 e=0.570429159515
t=  360.00 -9.43e-16 | 1.6633 14.94  20167    0      0      0 | 1.4025 14.72 | 0.00e+00 3.36e-02 |   0.1201 0.0316  0.4720  3.6758 0.500 15.00 | PAIR-CHANNEL-DEAD
# CONVTAG t=360.00 rough=0.000000 cond=0.823288 evap=2.743350 backs=0.357828
t=  362.00 -9.43e-16 | 1.6631 14.93  20157    0      0      0 | 1.4024 14.72 | 0.00e+00 3.59e-02 |   0.2082 0.0548  0.9880  3.4741 0.500 15.00 | PAIR-CHANNEL-DEAD
# CONVTAG t=362.00 rough=0.000000 cond=0.823288 evap=2.743350 backs=0.357828
t=  364.00 -9.43e-16 | 1.6635 14.95  20179    0      0      0 | 1.4027 14.72 | 0.00e+00 3.42e-02 |   0.2221 0.0584  0.5828  3.7327 0.500 15.00 | PAIR-CHANNEL-DEAD
# CONVTAG t=364.00 rough=0.000000 cond=0.823288 evap=2.743350 backs=0.357828
# QATOM t=364.86 dir=FD w=1.51113627 e=0.276580528058
t=  366.00 -9.43e-16 | 1.6633 14.96  20197    0      0      0 | 1.4030 14.73 | 0.00e+00 3.89e-02 |   0.2262 0.0595  0.6288  3.9608 0.500 15.50 | PAIR-CHANNEL-DEAD
# CONVTAG t=366.00 rough=0.000000 cond=0.823288 evap=2.743350 backs=0.357828
t=  368.00 -9.43e-16 | 1.6632 14.96  20199    0      0      0 | 1.4031 14.73 | 0.00e+00 4.09e-02 |   0.4205 0.1106  0.7205  3.4531 0.500 15.50 | PAIR-CHANNEL-DEAD
# CONVTAG t=368.00 rough=0.000000 cond=0.823288 evap=2.743350 backs=0.357828
t=  370.00 -9.43e-16 | 1.6631 14.96  20191    0      0      0 | 1.4029 14.72 | 0.00e+00 3.74e-02 |   0.7047 0.1854  1.5249  3.1079 0.500 15.50 | PAIR-CHANNEL-DEAD
# CONVTAG t=370.00 rough=0.000000 cond=0.823288 evap=2.743350 backs=0.357828
t=  372.00 -9.43e-16 | 1.6631 14.97  20208    0      0      0 | 1.4031 14.73 | 0.00e+00 3.20e-02 |   0.6700 0.1763  1.6292  3.0742 0.500 15.00 | PAIR-CHANNEL-DEAD
# CONVTAG t=372.00 rough=0.000000 cond=0.823288 evap=2.743350 backs=0.357828
# QATOM t=372.04 dir=FD w=1.44854163 e=0.26512394472
t=  374.00 -9.43e-16 | 1.6630 14.96  20197    0      0      0 | 1.4030 14.73 | 0.00e+00 3.70e-02 |   0.4861 0.1279  0.6125  3.4618 0.500 15.50 | PAIR-CHANNEL-DEAD
# CONVTAG t=374.00 rough=0.000000 cond=0.823288 evap=2.743350 backs=0.357828
t=  376.00 -9.43e-16 | 1.6633 14.96  20193    0      0      0 | 1.4029 14.72 | 0.00e+00 5.00e-02 |   0.5001 0.1316  0.7734  3.4159 0.500 15.50 | PAIR-CHANNEL-DEAD
# CONVTAG t=376.00 rough=0.000000 cond=0.823288 evap=2.743350 backs=0.357828
t=  378.00 -9.43e-16 | 1.6635 14.96  20193    0      0      0 | 1.4029 14.73 | 0.00e+00 3.61e-02 |   0.6026 0.1586  1.3677  3.2117 0.500 15.00 | PAIR-CHANNEL-DEAD
# CONVTAG t=378.00 rough=0.000000 cond=0.823288 evap=2.743350 backs=0.357828
# QATOM t=379.10 dir=DF w=2.19601018 e=0.401931755691
t=  380.00 -9.43e-16 | 1.6640 14.97  20204    0      0      0 | 1.4031 14.73 | 0.00e+00 3.61e-02 |   0.9756 0.2567  2.2766  2.5654 0.500 15.00 | PAIR-CHANNEL-DEAD
# CONVTAG t=380.00 rough=0.000000 cond=0.823288 evap=2.743350 backs=0.357828
t=  382.00 -9.43e-16 | 1.6638 14.98  20224    0      0      0 | 1.4033 14.73 | 0.00e+00 4.21e-02 |   1.1353 0.2988  2.4771  2.3630 0.500 14.50 | PAIR-CHANNEL-DEAD
# CONVTAG t=382.00 rough=0.362524 cond=0.823288 evap=2.743350 backs=0.405114
t=  384.00 -9.43e-16 | 1.6639 14.98  20219    0      0      0 | 1.4032 14.73 | 0.00e+00 4.02e-02 |   1.1526 0.3033  2.6301  2.1866 0.500 14.50 | PAIR-CHANNEL-DEAD
# CONVTAG t=384.00 rough=0.362524 cond=0.823288 evap=2.743350 backs=0.405114
# QATOM t=384.90 dir=FD w=1.27933389 e=0.23415416001
t=  386.00 -9.43e-16 | 1.6638 14.99  20236    0      0      0 | 1.4035 14.73 | 0.00e+00 4.95e-02 |   1.1688 0.3076  2.3406  2.5068 0.500 14.50 | PAIR-CHANNEL-DEAD
# CONVTAG t=386.00 rough=0.362524 cond=0.823288 evap=2.743350 backs=0.405114
t=  388.00 -9.43e-16 | 1.6637 14.98  20224    0      0      0 | 1.4033 14.73 | 0.00e+00 4.30e-02 |   1.0497 0.2762  2.1334  2.6953 0.500 14.50 | PAIR-CHANNEL-DEAD
# CONVTAG t=388.00 rough=0.362524 cond=0.823288 evap=2.743350 backs=0.405114
t=  390.00 -9.43e-16 | 1.6637 14.97  20208    0      0      0 | 1.4032 14.73 | 0.00e+00 3.17e-02 |   0.6299 0.1658  1.6738  3.0211 0.500 14.50 | PAIR-CHANNEL-DEAD
# CONVTAG t=390.00 rough=0.362524 cond=0.823288 evap=2.743350 backs=0.405114
# QATOM t=391.88 dir=DF w=2.37761345 e=0.435170273611
t=  392.00 -9.43e-16 | 1.6635 14.97  20214    0      0      0 | 1.4032 14.73 | 0.00e+00 4.17e-02 |   0.5187 0.1365  1.8642  2.8945 0.500 15.00 | PAIR-CHANNEL-DEAD
# CONVTAG t=392.00 rough=0.362524 cond=0.823288 evap=2.743350 backs=0.405114
t=  394.00 -9.43e-16 | 1.6631 14.97  20209    0      0      0 | 1.4032 14.73 | 0.00e+00 4.16e-02 |   0.4955 0.1304  1.5193  3.0980 0.500 15.00 | PAIR-CHANNEL-DEAD
# CONVTAG t=394.00 rough=0.362524 cond=0.823288 evap=2.743350 backs=0.405114
t=  396.00 -9.43e-16 | 1.6633 14.97  20205    0      0      0 | 1.4031 14.73 | 0.00e+00 3.84e-02 |   0.5172 0.1361  1.6694  3.0945 0.500 15.00 | PAIR-CHANNEL-DEAD
# CONVTAG t=396.00 rough=0.362524 cond=0.823288 evap=2.743350 backs=0.405114
t=  398.00 -9.43e-16 | 1.6637 14.99  20235    0      0      0 | 1.4036 14.74 | 0.00e+00 5.00e-02 |   0.6360 0.1674  1.9816  2.8048 0.500 15.00 | PAIR-CHANNEL-DEAD
# CONVTAG t=398.00 rough=0.362524 cond=0.823288 evap=2.743350 backs=0.405114
# QATOM t=398.52 dir=FD w=1.57378906 e=0.288047753951
t=  400.00 -9.43e-16 | 1.6638 14.97  20216    0      0      0 | 1.4033 14.73 | 0.00e+00 3.56e-02 |   0.7362 0.1937  1.6993  3.0046 0.500 14.50 | PAIR-CHANNEL-DEAD
# CONVTAG t=400.00 rough=0.362524 cond=0.823288 evap=2.743350 backs=0.405114
t=  402.00 -9.43e-16 | 1.6637 14.97  20210    0      0      0 | 1.4032 14.73 | 0.00e+00 4.61e-02 |   0.7666 0.2017  1.7038  2.9903 0.500 14.50 | PAIR-CHANNEL-DEAD
# CONVTAG t=402.00 rough=0.362524 cond=0.823288 evap=2.743350 backs=0.405114
t=  404.00 -9.43e-16 | 1.6635 14.98  20220    0      0      0 | 1.4033 14.73 | 0.00e+00 3.18e-02 |   0.8254 0.2172  1.4101  3.1520 0.500 14.50 | PAIR-CHANNEL-DEAD
# CONVTAG t=404.00 rough=0.362524 cond=0.823288 evap=2.743350 backs=0.405114
# QATOM t=404.82 dir=FD w=1.62677034 e=0.297744821261
t=  406.00 -9.43e-16 | 1.6631 14.98  20220    0      0      0 | 1.4033 14.73 | 0.00e+00 3.38e-02 |   1.3922 0.3664  2.1018  2.7182 0.500 14.50 | PAIR-CHANNEL-DEAD
# CONVTAG t=406.00 rough=0.362524 cond=1.294318 evap=2.743350 backs=0.405114
t=  408.00 -9.43e-16 | 1.6631 14.98  20219    0      0      0 | 1.4034 14.74 | 0.00e+00 5.00e-02 |   1.3360 0.3516  2.3173  2.5281 0.500 14.50 | PAIR-CHANNEL-DEAD
# CONVTAG t=408.00 rough=0.362524 cond=1.294318 evap=2.743350 backs=0.405114
t=  410.00 -9.43e-16 | 1.6630 14.97  20212    0      0      0 | 1.4033 14.73 | 0.00e+00 3.87e-02 |   1.3672 0.3598  2.1492  2.6792 0.500 14.50 | PAIR-CHANNEL-DEAD
# CONVTAG t=410.00 rough=0.362524 cond=1.294318 evap=2.743350 backs=0.405114
# QATOM t=411.50 dir=FD w=1.64082857 e=0.300317873928
t=  412.00 -9.43e-16 | 1.6633 14.97  20210    0      0      0 | 1.4032 14.73 | 0.00e+00 4.29e-02 |   1.3727 0.3612  2.1032  2.7166 0.500 14.50 | PAIR-CHANNEL-DEAD
# CONVTAG t=412.00 rough=0.362524 cond=1.294318 evap=2.743350 backs=0.405114
t=  414.00 -9.43e-16 | 1.6634 14.96  20194    0      0      0 | 1.4030 14.73 | 0.00e+00 4.67e-02 |   0.9683 0.2548  1.9818  2.8073 0.500 14.50 | PAIR-CHANNEL-DEAD
# CONVTAG t=414.00 rough=0.362524 cond=1.294318 evap=3.089045 backs=0.450205
t=  416.00 -9.43e-16 | 1.6637 14.96  20190    0      0      0 | 1.4029 14.73 | 0.00e+00 2.94e-02 |   1.0329 0.2718  1.6636  3.0224 0.500 14.50 | PAIR-CHANNEL-DEAD
# CONVTAG t=416.00 rough=0.362524 cond=1.294318 evap=3.089045 backs=0.450205
# QATOM t=417.54 dir=FD w=1.64345794 e=0.300799122597
t=  418.00 -9.43e-16 | 1.6636 14.94  20173    0      0      0 | 1.4026 14.72 | 0.00e+00 4.56e-02 |   1.0397 0.2736  1.7042  3.0874 0.500 14.50 | PAIR-CHANNEL-DEAD
# CONVTAG t=418.00 rough=0.362524 cond=1.294318 evap=3.089045 backs=0.450205
t=  420.00 -9.43e-16 | 1.6637 14.95  20186    0      0      0 | 1.4029 14.73 | 0.00e+00 3.59e-02 |   0.9632 0.2535  2.0643  2.7472 0.500 14.00 | PAIR-CHANNEL-DEAD
# CONVTAG t=420.00 rough=0.362524 cond=1.294318 evap=3.089045 backs=0.450205
t=  422.00 -9.43e-16 | 1.6632 14.94  20174    0      0      0 | 1.4027 14.72 | 0.00e+00 4.68e-02 |   1.0761 0.2832  1.3549  3.1848 0.500 14.50 | PAIR-CHANNEL-DEAD
# CONVTAG t=422.00 rough=0.362524 cond=1.294318 evap=3.089045 backs=0.450205
# QATOM t=423.52 dir=DF w=2.28732849 e=0.418645580263
t=  424.00 -9.43e-16 | 1.6631 14.94  20172    0      0      0 | 1.4027 14.72 | 0.00e+00 5.00e-02 |   1.1227 0.2954  0.9743  3.3815 0.500 14.50 | PAIR-CHANNEL-DEAD
# CONVTAG t=424.00 rough=0.362524 cond=1.294318 evap=3.089045 backs=0.450205
t=  426.00 -9.43e-16 | 1.6633 14.95  20186    0      0      0 | 1.4028 14.72 | 0.00e+00 3.89e-02 |   1.0695 0.2815  1.0413  3.3126 0.500 14.00 | PAIR-CHANNEL-DEAD
# CONVTAG t=426.00 rough=0.362524 cond=1.294318 evap=3.089045 backs=0.450205
t=  428.00 -1.08e-15 | 1.6634 14.96  20195    0      0      0 | 1.4030 14.73 | 0.00e+00 3.90e-02 |   0.7840 0.2063  2.5633  2.2741 0.500 14.00 | PAIR-CHANNEL-DEAD
# CONVTAG t=428.00 rough=0.362524 cond=1.556963 evap=3.550665 backs=0.510416
# QATOM t=429.78 dir=FD w=1.58309995 e=0.289751909864
t=  430.00 -9.43e-16 | 1.6634 14.97  20210    0      0      0 | 1.4032 14.73 | 0.00e+00 4.80e-02 |   0.7772 0.2045  2.7260  2.0700 0.500 14.50 | PAIR-CHANNEL-DEAD
# CONVTAG t=430.00 rough=0.362524 cond=1.556963 evap=3.550665 backs=0.510416
t=  432.00 -9.43e-16 | 1.6636 14.98  20220    0      0      0 | 1.4034 14.73 | 0.00e+00 3.75e-02 |   0.8465 0.2228  2.8958  1.8209 0.500 14.50 | PAIR-CHANNEL-DEAD
# CONVTAG t=432.00 rough=0.362524 cond=1.556963 evap=3.550665 backs=0.510416
t=  434.00 -1.08e-15 | 1.6636 14.96  20200    0      0      0 | 1.4031 14.73 | 0.00e+00 4.26e-02 |   1.2742 0.3353  3.1016  1.4214 0.500 14.50 | PAIR-CHANNEL-DEAD
# CONVTAG t=434.00 rough=0.362524 cond=1.556963 evap=3.550665 backs=0.510416
t=  436.00 -1.08e-15 | 1.6638 14.97  20212    0      0      0 | 1.4032 14.73 | 0.00e+00 5.00e-02 |   1.2981 0.3416  3.1251  1.3703 0.500 14.50 | PAIR-CHANNEL-DEAD
# CONVTAG t=436.00 rough=0.362524 cond=1.556963 evap=3.550665 backs=0.510416
# QATOM t=436.70 dir=DF w=2.36377127 e=0.432636764242
t=  438.00 -1.08e-15 | 1.6636 14.96  20202    0      0      0 | 1.4030 14.73 | 0.00e+00 3.45e-02 |   1.2408 0.3265  3.0897  1.4483 0.500 14.50 | PAIR-CHANNEL-DEAD
# CONVTAG t=438.00 rough=0.362524 cond=1.556963 evap=3.550665 backs=0.510416
t=  440.00 -1.08e-15 | 1.6640 14.99  20241    0      0      0 | 1.4036 14.73 | 0.00e+00 4.13e-02 |   1.1577 0.3047  2.9674  1.6929 0.500 14.50 | PAIR-CHANNEL-DEAD
# CONVTAG t=440.00 rough=0.362524 cond=1.556963 evap=3.550665 backs=0.510416
t=  442.00 -1.08e-15 | 1.6642 14.98  20228    0      0      0 | 1.4034 14.73 | 0.00e+00 4.81e-02 |   1.1639 0.3063  2.7339  2.0588 0.500 14.50 | PAIR-CHANNEL-DEAD
# CONVTAG t=442.00 rough=0.362524 cond=1.556963 evap=3.550665 backs=0.510416
# QATOM t=442.94 dir=FD w=1.40517401 e=0.257186447522
t=  444.00 -1.08e-15 | 1.6643 14.99  20233    0      0      0 | 1.4035 14.73 | 0.00e+00 4.85e-02 |   1.1864 0.3122  2.5563  2.3096 0.500 14.50 | PAIR-CHANNEL-DEAD
# CONVTAG t=444.00 rough=0.362524 cond=1.556963 evap=3.550665 backs=0.510416
t=  446.00 -1.08e-15 | 1.6645 15.00  20252    0      0      0 | 1.4038 14.74 | 0.00e+00 4.28e-02 |   1.2075 0.3178  2.4524  2.4008 0.500 14.50 | PAIR-CHANNEL-DEAD
# CONVTAG t=446.00 rough=0.362524 cond=1.556963 evap=3.550665 backs=0.510416
t=  448.00 -1.08e-15 | 1.6645 15.01  20258    0      0      0 | 1.4039 14.74 | 0.00e+00 4.54e-02 |   1.2066 0.3175  2.4389  2.4154 0.500 14.50 | PAIR-CHANNEL-DEAD
# CONVTAG t=448.00 rough=0.362524 cond=1.556963 evap=3.550665 backs=0.510416
# QATOM t=449.14 dir=FD w=1.61845794 e=0.296223417644
t=  450.00 -1.08e-15 | 1.6643 15.01  20265    0      0      0 | 1.4039 14.74 | 0.00e+00 4.90e-02 |   1.2146 0.3196  2.3717  2.4828 0.500 14.50 | PAIR-CHANNEL-DEAD
# CONVTAG t=450.00 rough=0.362524 cond=1.556963 evap=3.550665 backs=0.510416
t=  452.00 -1.08e-15 | 1.6640 15.01  20265    0      0      0 | 1.4040 14.74 | 0.00e+00 3.95e-02 |   1.2325 0.3243  2.2776  2.5705 0.500 14.50 | PAIR-CHANNEL-DEAD
# CONVTAG t=452.00 rough=0.362524 cond=1.556963 evap=3.550665 backs=0.510416
t=  454.00 -1.08e-15 | 1.6643 15.03  20287    0      0      0 | 1.4042 14.74 | 0.00e+00 4.01e-02 |   1.2556 0.3304  2.3598  2.4918 0.500 14.50 | PAIR-CHANNEL-DEAD
# CONVTAG t=454.00 rough=0.362524 cond=1.556963 evap=3.550665 backs=0.510416
# QATOM t=454.58 dir=FD w=1.62068245 e=0.296630567044
t=  456.00 -1.08e-15 | 1.6640 15.00  20256    0      0      0 | 1.4038 14.73 | 0.00e+00 5.00e-02 |   1.3249 0.3487  2.5110  2.3360 0.500 14.50 | PAIR-CHANNEL-DEAD
# CONVTAG t=456.00 rough=0.362524 cond=1.556963 evap=3.550665 backs=0.510416
t=  458.00 -1.08e-15 | 1.6639 15.00  20254    0      0      0 | 1.4038 14.73 | 0.00e+00 5.00e-02 |   1.3734 0.3614  2.6326  2.1868 0.500 14.50 | PAIR-CHANNEL-DEAD
# CONVTAG t=458.00 rough=0.362524 cond=1.556963 evap=3.550665 backs=0.510416
# QATOM t=459.76 dir=FD w=1.41412844 e=0.258825360693
t=  460.00 -1.08e-15 | 1.6636 14.98  20228    0      0      0 | 1.4034 14.73 | 0.00e+00 4.83e-02 |   1.3044 0.3433  2.7299  2.0566 0.500 14.50 | PAIR-CHANNEL-DEAD
# CONVTAG t=460.00 rough=0.362524 cond=1.556963 evap=3.550665 backs=0.510416
t=  462.00 -1.08e-15 | 1.6635 14.98  20224    0      0      0 | 1.4034 14.73 | 0.00e+00 3.98e-02 |   1.1569 0.3044  2.7343  2.4555 0.500 14.50 | PAIR-CHANNEL-DEAD
# CONVTAG t=462.00 rough=0.362524 cond=1.556963 evap=3.550665 backs=0.510416
t=  464.00 -1.08e-15 | 1.6641 14.99  20241    0      0      0 | 1.4036 14.74 | 0.00e+00 4.01e-02 |   1.3212 0.3477  2.8180  1.9333 0.500 14.50 | PAIR-CHANNEL-DEAD
# CONVTAG t=464.00 rough=0.362524 cond=1.762062 evap=3.550665 backs=0.510416
# QATOM t=465.06 dir=FD w=1.48123353 e=0.271107484626
t=  466.00 -1.08e-15 | 1.6638 14.97  20211    0      0      0 | 1.4032 14.73 | 0.00e+00 4.36e-02 |   1.2949 0.3408  2.7513  2.0296 0.500 14.50 | PAIR-CHANNEL-DEAD
# CONVTAG t=466.00 rough=0.362524 cond=1.762062 evap=3.550665 backs=0.510416
t=  468.00 -1.08e-15 | 1.6641 14.99  20240    0      0      0 | 1.4036 14.74 | 0.00e+00 4.40e-02 |   1.2913 0.3398  2.7681  2.0072 0.500 14.50 | PAIR-CHANNEL-DEAD
# CONVTAG t=468.00 rough=0.362524 cond=1.762062 evap=3.550665 backs=0.510416
t=  470.00 -1.08e-15 | 1.6639 14.97  20212    0      0      0 | 1.4032 14.73 | 0.00e+00 3.77e-02 |   1.3038 0.3431  2.8166  1.9358 0.500 14.50 | PAIR-CHANNEL-DEAD
# CONVTAG t=470.00 rough=0.362524 cond=1.762062 evap=3.550665 backs=0.510416
# QATOM t=471.24 dir=DF w=2.22817631 e=0.407819064011
t=  472.00 -1.08e-15 | 1.6639 14.98  20221    0      0      0 | 1.4033 14.73 | 0.00e+00 4.51e-02 |   1.0345 0.2722  2.7607  2.0177 0.500 14.50 | PAIR-CHANNEL-DEAD
# CONVTAG t=472.00 rough=0.362524 cond=1.762062 evap=3.883541 backs=0.553835
t=  474.00 -1.08e-15 | 1.6637 14.97  20214    0      0      0 | 1.4033 14.74 | 0.00e+00 3.52e-02 |   1.1244 0.2959  2.8575  1.8747 0.500 14.50 | PAIR-CHANNEL-DEAD
# CONVTAG t=474.00 rough=0.362524 cond=1.762062 evap=3.883541 backs=0.553835
t=  476.00 -1.08e-15 | 1.6640 14.99  20233    0      0      0 | 1.4035 14.73 | 0.00e+00 4.00e-02 |   1.1614 0.3056  2.8945  1.8132 0.500 14.50 | PAIR-CHANNEL-DEAD
# CONVTAG t=476.00 rough=0.362524 cond=1.762062 evap=3.883541 backs=0.553835
# QATOM t=477.34 dir=FD w=1.4688937 e=0.268848947427
t=  478.00 -1.08e-15 | 1.6637 14.99  20232    0      0      0 | 1.4035 14.73 | 0.00e+00 4.29e-02 |   1.2105 0.3185  2.8878  1.8258 0.500 14.50 | PAIR-CHANNEL-DEAD
# CONVTAG t=478.00 rough=0.362524 cond=1.762062 evap=3.883541 backs=0.553835
t=  480.00 -1.08e-15 | 1.6637 15.00  20246    0      0      0 | 1.4037 14.74 | 0.00e+00 4.14e-02 |   1.2633 0.3324  2.9044  1.7978 0.500 14.50 | PAIR-CHANNEL-DEAD
# CONVTAG t=480.00 rough=0.362524 cond=1.762062 evap=3.883541 backs=0.553835
#
# RESULT drift_rel -1.078e-15
# RESULT births 0 deaths 0 beta_returns 0 beta_energy 0.000000e+00
# RESULT conv rough=7.499821 cond=2235.060370 evap=0.000000 backs=270.083850 rad=2063.143031
# RESULT convtag rough=0.362524 cond=1.762062 evap=3.883541 backs=0.553835 net=-1.930169
# RESULT geometry phi_nom=1.6637 z_live=15.00 dbar=1.4037 sigma_d=0.1474
# RESULT pair CHANNEL DEAD
