# freecell — v89 free-cell substance test (exp=pair)
# laws = laws_V2g VERBATIM (defaults): C=1 w1=1.65 w2=2.9 q_detune=1.2
# gamma_res=0.25 gamma_res_m=0.1 p_gate=8 lock_floor=0.005 k_dep=1.2 k_dep_m=2 cap=2.5
# e_s0=1 es_floor=0.05 e_cond=0 f_conv=0.25 f_evap=0.5 s_pull=0.15
# kappa_lock=1 kappa_align=0.5 s_k=0.06 s_disp=0.3 sigma_tumble=0.01
# comb_limit=6 rough_k=0.35 gamma_rough=0.5 mob_sym=1 mob_floor=0.004 field_J=1.8
# quant_A0=1.15 quant_mode=2 (A0eff=1.15)
# v91 radiance (laws_V3r candidate A): k_rad=0.05 p_rad=4 rad_clock=0
# GEOMETRY (apparatus): cfac=1.15 k_rep=1 mob_geo=1 kappa_bond=1 freeze_geo=1
# bath=1 bath_frac=1 jam_sweeps=800 jam_k=0.1 L=16 dt=0.02 T=480 seed=20260802 diag_every=100
# JAM sweeps=800 max_step=1.402e-04 (tol 1.0e-04, k_end=0.0010) — witness for the settle
# SEED pair: i=475 j=1565 x=0.8000/0.8000 p:q=1:1 m=1 d*=2.123283 d0=6.984974 (doff +4.8767)
# SEED pair radii r=0.7316 contact=1.5445  Em/voice=2.0000
# SEED noise: amp=0.5 (e1-class churn)
# INIT NC=2700 slots=25950 live=20839 phi_nom=1.7041 z_live=15.44 dbar=1.4112 sigma_d=14.79% E0=3374.379972916
#
# t | drift_rel | phi_nom z_live NLa NLd births deaths | dbar sigma_d% | maxstep maxbond | Em_tag ret com_dev rms conn z_tag | pair: d delta gf gb | core/far
t=    0.00 +0.00e+00 | 1.7041 15.44  20839    0      0      0 | 1.4112 14.79 | 0.00e+00 0.00e+00 |   4.0000 1.0000  0.3317  3.4925 0.500 13.00 | PAIR-CHANNEL-DEAD
# CONVTAG t=0.00 rough=0.000000 cond=0.000000 evap=0.000000 backs=0.000000
t=    2.00 -1.35e-16 | 1.7040 15.36  20735    0      0      0 | 1.4099 14.78 | 0.00e+00 1.03e-03 |   3.9477 0.9869  0.3352  3.4959 0.500 12.00 | PAIR-CHANNEL-DEAD
# CONVTAG t=2.00 rough=0.000000 cond=0.000000 evap=0.000000 backs=0.000000
t=    4.00 -4.04e-16 | 1.7042 15.34  20714    0      0      0 | 1.4097 14.79 | 0.00e+00 9.53e-04 |   3.8852 0.9713  0.3309  3.4950 0.500 11.00 | PAIR-CHANNEL-DEAD
# CONVTAG t=4.00 rough=0.000000 cond=0.000000 evap=0.000000 backs=0.000000
# QATOM t=5.36 dir=FD w=1.65 e=0.301996504517
t=    6.00 -5.39e-16 | 1.7042 15.33  20700    0      0      0 | 1.4096 14.79 | 0.00e+00 7.36e-04 |   3.8415 0.9604  0.3280  3.4942 0.500 10.50 | PAIR-CHANNEL-DEAD
# CONVTAG t=6.00 rough=0.000000 cond=0.000000 evap=0.000000 backs=0.000000
t=    8.00 -6.74e-16 | 1.7039 15.32  20684    0      0      0 | 1.4094 14.79 | 0.00e+00 5.54e-04 |   3.8125 0.9531  0.3259  3.4934 0.500 10.00 | PAIR-CHANNEL-DEAD
# CONVTAG t=8.00 rough=0.000000 cond=0.000000 evap=0.000000 backs=0.000000
t=   10.00 -6.74e-16 | 1.7036 15.33  20692    0      0      0 | 1.4094 14.79 | 0.00e+00 4.36e-04 |   3.7888 0.9472  0.3240  3.4929 0.500 10.00 | PAIR-CHANNEL-DEAD
# CONVTAG t=10.00 rough=0.000000 cond=0.000000 evap=0.000000 backs=0.000000
t=   12.00 -6.74e-16 | 1.7025 15.32  20682    0      0      0 | 1.4094 14.79 | 0.00e+00 4.58e-03 |   3.7714 0.9429  0.3225  3.4925 0.500 10.00 | PAIR-CHANNEL-DEAD
# CONVTAG t=12.00 rough=0.000000 cond=0.000000 evap=0.000000 backs=0.000000
t=   14.00 -6.74e-16 | 1.7015 15.29  20639    0      0      0 | 1.4088 14.79 | 0.00e+00 3.81e-03 |   3.7575 0.9394  0.3215  3.4922 0.500  9.00 | PAIR-CHANNEL-DEAD
# CONVTAG t=14.00 rough=0.000000 cond=0.000000 evap=0.000000 backs=0.000000
t=   16.00 -6.74e-16 | 1.7000 15.28  20625    0      0      0 | 1.4087 14.79 | 0.00e+00 5.59e-03 |   3.7475 0.9369  0.3212  3.4922 0.500  8.50 | PAIR-CHANNEL-DEAD
# CONVTAG t=16.00 rough=0.000000 cond=0.000000 evap=0.000000 backs=0.000000
# QATOM t=17.64 dir=FD w=1.6499794 e=0.30199273449
t=   18.00 -6.74e-16 | 1.6980 15.27  20608    0      0      0 | 1.4086 14.79 | 0.00e+00 6.74e-03 |   3.7423 0.9356  0.3212  3.4922 0.500  9.00 | PAIR-CHANNEL-DEAD
# CONVTAG t=18.00 rough=0.000000 cond=0.000000 evap=0.000000 backs=0.000000
t=   20.00 -5.39e-16 | 1.6961 15.23  20560    0      0      0 | 1.4079 14.78 | 0.00e+00 1.67e-02 |   3.7380 0.9345  0.3215  3.4923 0.500  9.50 | PAIR-CHANNEL-DEAD
# CONVTAG t=20.00 rough=0.000000 cond=0.000000 evap=0.000000 backs=0.000000
t=   22.00 -6.74e-16 | 1.6935 15.22  20549    0      0      0 | 1.4077 14.78 | 0.00e+00 1.28e-02 |   3.7358 0.9339  0.3218  3.4923 0.500  9.50 | PAIR-CHANNEL-DEAD
# CONVTAG t=22.00 rough=0.000000 cond=0.000000 evap=0.000000 backs=0.000000
# QATOM t=22.34 dir=FD w=1.64957865 e=0.301919386478
t=   24.00 -6.74e-16 | 1.6903 15.18  20490    0      0      0 | 1.4069 14.77 | 0.00e+00 3.07e-02 |   3.9121 0.9780  0.3285  3.4869 0.500  9.00 | PAIR-CHANNEL-DEAD
# CONVTAG t=24.00 rough=0.000000 cond=0.158455 evap=0.000000 backs=0.000000
t=   26.00 -6.74e-16 | 1.6874 15.16  20461    0      0      0 | 1.4066 14.77 | 0.00e+00 2.28e-02 |   3.9028 0.9757  0.3265  3.4878 0.500  9.00 | PAIR-CHANNEL-DEAD
# CONVTAG t=26.00 rough=0.000000 cond=0.158455 evap=0.000000 backs=0.000000
# QATOM t=26.46 dir=FD w=1.64596556 e=0.301258088018
t=   28.00 -6.74e-16 | 1.6847 15.12  20408    0      0      0 | 1.4058 14.76 | 0.00e+00 2.33e-02 |   3.8937 0.9734  0.3246  3.4877 0.500  9.00 | PAIR-CHANNEL-DEAD
# CONVTAG t=28.00 rough=0.000000 cond=0.158455 evap=0.000000 backs=0.000000
t=   30.00 -6.74e-16 | 1.6822 15.09  20370    0      0      0 | 1.4052 14.75 | 0.00e+00 4.79e-02 |   3.8764 0.9691  0.3222  3.4882 0.500  9.50 | PAIR-CHANNEL-DEAD
# CONVTAG t=30.00 rough=0.000000 cond=0.158455 evap=0.000000 backs=0.000000
# QATOM t=30.66 dir=FD w=1.64506589 e=0.301093422998
t=   32.00 -6.74e-16 | 1.6795 15.07  20348    0      0      0 | 1.4050 14.74 | 0.00e+00 2.76e-02 |   3.8630 0.9658  0.3202  3.4887 0.500  9.00 | PAIR-CHANNEL-DEAD
# CONVTAG t=32.00 rough=0.000000 cond=0.158455 evap=0.000000 backs=0.000000
t=   34.00 -6.74e-16 | 1.6775 15.05  20321    0      0      0 | 1.4046 14.74 | 0.00e+00 2.61e-02 |   3.5810 0.8953  0.3757  3.4910 0.500  9.00 | PAIR-CHANNEL-DEAD
# CONVTAG t=34.00 rough=0.000000 cond=0.158455 evap=0.269989 backs=0.035216
# QATOM t=35.52 dir=FD w=1.49897943 e=0.274355483724
t=   36.00 -6.74e-16 | 1.6752 15.04  20307    0      0      0 | 1.4044 14.74 | 0.00e+00 2.12e-02 |   3.5722 0.8931  0.3797  3.4908 0.500  9.00 | PAIR-CHANNEL-DEAD
# CONVTAG t=36.00 rough=0.000000 cond=0.158455 evap=0.269989 backs=0.035216
t=   38.00 -6.74e-16 | 1.6733 15.03  20287    0      0      0 | 1.4041 14.74 | 0.00e+00 2.93e-02 |   3.5689 0.8922  0.3778  3.4909 0.500  9.50 | PAIR-CHANNEL-DEAD
# CONVTAG t=38.00 rough=0.000000 cond=0.158455 evap=0.269989 backs=0.035216
t=   40.00 -6.74e-16 | 1.6715 15.00  20256    0      0      0 | 1.4037 14.73 | 0.00e+00 3.36e-02 |   3.5663 0.8916  0.3745  3.4911 0.500 10.00 | PAIR-CHANNEL-DEAD
# CONVTAG t=40.00 rough=0.000000 cond=0.158455 evap=0.269989 backs=0.035216
# QATOM t=41.42 dir=FD w=1.63836224 e=0.299866465536
t=   42.00 -6.74e-16 | 1.6696 14.99  20242    0      0      0 | 1.4035 14.73 | 0.00e+00 2.48e-02 |   3.5544 0.8886  0.3771  3.4910 0.500 10.00 | PAIR-CHANNEL-DEAD
# CONVTAG t=42.00 rough=0.000000 cond=0.158455 evap=0.269989 backs=0.035216
t=   44.00 -6.74e-16 | 1.6686 14.96  20198    0      0      0 | 1.4030 14.72 | 0.00e+00 2.98e-02 |   3.5469 0.8867  0.3763  3.4913 0.500  9.50 | PAIR-CHANNEL-DEAD
# CONVTAG t=44.00 rough=0.000000 cond=0.158455 evap=0.269989 backs=0.035216
t=   46.00 -6.74e-16 | 1.6673 14.94  20173    0      0      0 | 1.4026 14.72 | 0.00e+00 3.44e-02 |   3.5438 0.8860  0.3750  3.4912 0.500  9.50 | PAIR-CHANNEL-DEAD
# CONVTAG t=46.00 rough=0.000000 cond=0.158455 evap=0.269989 backs=0.035216
t=   48.00 -6.74e-16 | 1.6663 14.94  20169    0      0      0 | 1.4025 14.72 | 0.00e+00 3.89e-02 |   3.5368 0.8842  0.3744  3.4911 0.500 10.00 | PAIR-CHANNEL-DEAD
# CONVTAG t=48.00 rough=0.000000 cond=0.158455 evap=0.269989 backs=0.035216
t=   50.00 -6.74e-16 | 1.6651 14.93  20155    0      0      0 | 1.4023 14.72 | 0.00e+00 2.96e-02 |   3.5251 0.8813  0.3756  3.4910 0.500 10.00 | PAIR-CHANNEL-DEAD
# CONVTAG t=50.00 rough=0.000000 cond=0.158455 evap=0.269989 backs=0.035216
# QATOM t=50.06 dir=DF w=2.3023945 e=0.421403085497
t=   52.00 -6.74e-16 | 1.6643 14.91  20126    0      0      0 | 1.4020 14.71 | 0.00e+00 3.68e-02 |   3.5226 0.8807  0.3752  3.4914 0.500 10.00 | PAIR-CHANNEL-DEAD
# CONVTAG t=52.00 rough=0.000000 cond=0.158455 evap=0.269989 backs=0.035216
t=   54.00 -6.74e-16 | 1.6638 14.91  20132    0      0      0 | 1.4021 14.72 | 0.00e+00 3.82e-02 |   3.5236 0.8809  0.3739  3.4911 0.500 10.00 | PAIR-CHANNEL-DEAD
# CONVTAG t=54.00 rough=0.000000 cond=0.158455 evap=0.269989 backs=0.035216
t=   56.00 -6.74e-16 | 1.6631 14.92  20143    0      0      0 | 1.4022 14.71 | 0.00e+00 3.62e-02 |   3.2325 0.8081  0.3278  3.4870 0.500 10.00 | PAIR-CHANNEL-DEAD
# CONVTAG t=56.00 rough=0.000000 cond=0.158455 evap=0.553959 backs=0.072256
t=   58.00 -6.74e-16 | 1.6623 14.92  20144    0      0      0 | 1.4022 14.71 | 0.00e+00 3.19e-02 |   3.2260 0.8065  0.3275  3.4871 0.500 10.50 | PAIR-CHANNEL-DEAD
# CONVTAG t=58.00 rough=0.000000 cond=0.158455 evap=0.553959 backs=0.072256
t=   60.00 -6.74e-16 | 1.6618 14.92  20143    0      0      0 | 1.4022 14.72 | 0.00e+00 3.21e-02 |   3.2292 0.8073  0.3267  3.4873 0.500 10.50 | PAIR-CHANNEL-DEAD
# CONVTAG t=60.00 rough=0.000000 cond=0.158455 evap=0.553959 backs=0.072256
t=   62.00 -6.74e-16 | 1.6614 14.91  20122    0      0      0 | 1.4020 14.72 | 0.00e+00 3.33e-02 |   3.4101 0.8525  0.4252  3.4706 0.500 10.00 | PAIR-CHANNEL-DEAD
# CONVTAG t=62.00 rough=0.000000 cond=0.324591 evap=0.553959 backs=0.072256
# QATOM t=62.44 dir=FD w=1.62820707 e=0.29800778341
t=   64.00 -6.74e-16 | 1.6606 14.90  20113    0      0      0 | 1.4018 14.71 | 0.00e+00 5.00e-02 |   3.3812 0.8453  0.4388  3.4685 0.500 10.00 | PAIR-CHANNEL-DEAD
# CONVTAG t=64.00 rough=0.000000 cond=0.324591 evap=0.553959 backs=0.072256
t=   66.00 -6.74e-16 | 1.6603 14.89  20102    0      0      0 | 1.4017 14.71 | 0.00e+00 3.98e-02 |   3.3704 0.8426  0.4417  3.4683 0.500 10.00 | PAIR-CHANNEL-DEAD
# CONVTAG t=66.00 rough=0.000000 cond=0.324591 evap=0.553959 backs=0.072256
t=   68.00 -6.74e-16 | 1.6602 14.88  20091    0      0      0 | 1.4015 14.71 | 0.00e+00 3.69e-02 |   3.3739 0.8435  0.4330  3.4697 0.500  9.50 | PAIR-CHANNEL-DEAD
# CONVTAG t=68.00 rough=0.000000 cond=0.324591 evap=0.553959 backs=0.072256
t=   70.00 -6.74e-16 | 1.6600 14.88  20093    0      0      0 | 1.4016 14.71 | 0.00e+00 4.43e-02 |   3.3616 0.8404  0.4326  3.4695 0.500  9.50 | PAIR-CHANNEL-DEAD
# CONVTAG t=70.00 rough=0.000000 cond=0.324591 evap=0.553959 backs=0.072256
t=   72.00 -6.74e-16 | 1.6599 14.87  20081    0      0      0 | 1.4014 14.71 | 0.00e+00 4.09e-02 |   3.0587 0.7647  0.3178  3.4894 0.500 10.00 | PAIR-CHANNEL-DEAD
# CONVTAG t=72.00 rough=0.000000 cond=0.324591 evap=0.833439 backs=0.108709
t=   74.00 -6.74e-16 | 1.6599 14.87  20078    0      0      0 | 1.4014 14.71 | 0.00e+00 3.55e-02 |   3.0445 0.7611  0.3215  3.4884 0.500 10.50 | PAIR-CHANNEL-DEAD
# CONVTAG t=74.00 rough=0.000000 cond=0.324591 evap=0.833439 backs=0.108709
t=   76.00 -6.74e-16 | 1.6596 14.86  20058    0      0      0 | 1.4011 14.71 | 0.00e+00 4.00e-02 |   3.0253 0.7563  0.3227  3.4881 0.500 10.50 | PAIR-CHANNEL-DEAD
# CONVTAG t=76.00 rough=0.000000 cond=0.324591 evap=0.833439 backs=0.108709
# QATOM t=76.36 dir=FD w=1.01397455 e=0.18558592159
t=   78.00 -6.74e-16 | 1.6597 14.87  20076    0      0      0 | 1.4014 14.71 | 0.00e+00 3.71e-02 |   3.0212 0.7553  0.3226  3.4882 0.500 10.50 | PAIR-CHANNEL-DEAD
# CONVTAG t=78.00 rough=0.000000 cond=0.324591 evap=0.833439 backs=0.108709
t=   80.00 -6.74e-16 | 1.6595 14.87  20068    0      0      0 | 1.4013 14.71 | 0.00e+00 4.67e-02 |   3.0315 0.7579  0.3200  3.4888 0.500 11.00 | PAIR-CHANNEL-DEAD
# CONVTAG t=80.00 rough=0.000000 cond=0.324591 evap=0.833439 backs=0.108709
t=   82.00 -6.74e-16 | 1.6594 14.88  20082    0      0      0 | 1.4015 14.71 | 0.00e+00 4.82e-02 |   3.0462 0.7615  0.3176  3.4895 0.500 11.00 | PAIR-CHANNEL-DEAD
# CONVTAG t=82.00 rough=0.000000 cond=0.324591 evap=0.833439 backs=0.108709
t=   84.00 -6.74e-16 | 1.6595 14.87  20078    0      0      0 | 1.4014 14.71 | 0.00e+00 3.30e-02 |   3.0356 0.7589  0.3186  3.4892 0.500 11.00 | PAIR-CHANNEL-DEAD
# CONVTAG t=84.00 rough=0.000000 cond=0.324591 evap=0.833439 backs=0.108709
t=   86.00 -6.74e-16 | 1.6597 14.87  20068    0      0      0 | 1.4013 14.71 | 0.00e+00 3.87e-02 |   3.0289 0.7572  0.3196  3.4889 0.500 11.50 | PAIR-CHANNEL-DEAD
# CONVTAG t=86.00 rough=0.000000 cond=0.324591 evap=0.833439 backs=0.108709
t=   88.00 -6.74e-16 | 1.6594 14.87  20075    0      0      0 | 1.4014 14.71 | 0.00e+00 3.86e-02 |   3.0213 0.7553  0.3213  3.4885 0.500 11.00 | PAIR-CHANNEL-DEAD
# CONVTAG t=88.00 rough=0.000000 cond=0.324591 evap=0.833439 backs=0.108709
# QATOM t=89.46 dir=FD w=1.62338504 e=0.297125217415
t=   90.00 -6.74e-16 | 1.6592 14.88  20087    0      0      0 | 1.4015 14.71 | 0.00e+00 3.13e-02 |   3.0208 0.7552  0.3211  3.4886 0.500 11.00 | PAIR-CHANNEL-DEAD
# CONVTAG t=90.00 rough=0.000000 cond=0.324591 evap=0.833439 backs=0.108709
t=   92.00 -6.74e-16 | 1.6593 14.86  20058    0      0      0 | 1.4011 14.71 | 0.00e+00 4.62e-02 |   3.0289 0.7572  0.3191  3.4892 0.500 11.50 | PAIR-CHANNEL-DEAD
# CONVTAG t=92.00 rough=0.000000 cond=0.324591 evap=0.833439 backs=0.108709
t=   94.00 -6.74e-16 | 1.6592 14.86  20058    0      0      0 | 1.4011 14.71 | 0.00e+00 3.16e-02 |   3.0175 0.7544  0.3213  3.4884 0.500 11.00 | PAIR-CHANNEL-DEAD
# CONVTAG t=94.00 rough=0.000000 cond=0.324591 evap=0.833439 backs=0.108709
t=   96.00 -6.74e-16 | 1.6594 14.85  20051    0      0      0 | 1.4010 14.71 | 0.00e+00 3.68e-02 |   2.9977 0.7494  0.3266  3.4874 0.500 11.50 | PAIR-CHANNEL-DEAD
# CONVTAG t=96.00 rough=0.000000 cond=0.324591 evap=0.833439 backs=0.108709
t=   98.00 -6.74e-16 | 1.6597 14.87  20078    0      0      0 | 1.4014 14.71 | 0.00e+00 3.14e-02 |   2.9929 0.7482  0.3273  3.4872 0.500 11.50 | PAIR-CHANNEL-DEAD
# CONVTAG t=98.00 rough=0.000000 cond=0.324591 evap=0.833439 backs=0.108709
t=  100.00 -6.74e-16 | 1.6597 14.87  20068    0      0      0 | 1.4012 14.71 | 0.00e+00 3.50e-02 |   3.1992 0.7998  0.3491  3.4922 0.500 11.50 | PAIR-CHANNEL-DEAD
# CONVTAG t=100.00 rough=0.000000 cond=0.504499 evap=0.833439 backs=0.108709
# QATOM t=100.10 dir=FD w=1.42347195 e=0.26053548616
t=  102.00 -6.74e-16 | 1.6595 14.87  20071    0      0      0 | 1.4013 14.71 | 0.00e+00 4.34e-02 |   3.2056 0.8014  0.3526  3.4922 0.500 11.50 | PAIR-CHANNEL-DEAD
# CONVTAG t=102.00 rough=0.000000 cond=0.504499 evap=0.833439 backs=0.108709
t=  104.00 -6.74e-16 | 1.6597 14.86  20061    0      0      0 | 1.4011 14.70 | 0.00e+00 3.90e-02 |   3.2046 0.8011  0.3523  3.4920 0.500 11.50 | PAIR-CHANNEL-DEAD
# CONVTAG t=104.00 rough=0.000000 cond=0.504499 evap=0.833439 backs=0.108709
t=  106.00 -6.74e-16 | 1.6597 14.87  20075    0      0      0 | 1.4013 14.71 | 0.00e+00 3.79e-02 |   3.1896 0.7974  0.3457  3.4936 0.500 11.50 | PAIR-CHANNEL-DEAD
# CONVTAG t=106.00 rough=0.000000 cond=0.504499 evap=0.833439 backs=0.108709
t=  108.00 -6.74e-16 | 1.6598 14.87  20075    0      0      0 | 1.4014 14.71 | 0.00e+00 3.86e-02 |   3.1887 0.7972  0.3460  3.4924 0.500 11.00 | PAIR-CHANNEL-DEAD
# CONVTAG t=108.00 rough=0.000000 cond=0.504499 evap=0.833439 backs=0.108709
t=  110.00 -6.74e-16 | 1.6600 14.88  20092    0      0      0 | 1.4015 14.71 | 0.00e+00 3.94e-02 |   3.1892 0.7973  0.3465  3.4923 0.500 11.50 | PAIR-CHANNEL-DEAD
# CONVTAG t=110.00 rough=0.000000 cond=0.504499 evap=0.833439 backs=0.108709
# QATOM t=111.82 dir=DF w=2.1609105 e=0.395507525725
t=  112.00 -6.74e-16 | 1.6600 14.88  20091    0      0      0 | 1.4015 14.71 | 0.00e+00 3.10e-02 |   3.1897 0.7974  0.3473  3.4922 0.500 11.50 | PAIR-CHANNEL-DEAD
# CONVTAG t=112.00 rough=0.000000 cond=0.504499 evap=0.833439 backs=0.108709
t=  114.00 -6.74e-16 | 1.6598 14.87  20072    0      0      0 | 1.4013 14.70 | 0.00e+00 3.57e-02 |   3.1827 0.7957  0.3449  3.4923 0.500 11.50 | PAIR-CHANNEL-DEAD
# CONVTAG t=114.00 rough=0.000000 cond=0.504499 evap=0.833439 backs=0.108709
t=  116.00 -6.74e-16 | 1.6594 14.87  20076    0      0      0 | 1.4013 14.71 | 0.00e+00 3.27e-02 |   3.1810 0.7953  0.3447  3.4923 0.500 11.50 | PAIR-CHANNEL-DEAD
# CONVTAG t=116.00 rough=0.000000 cond=0.504499 evap=0.833439 backs=0.108709
t=  118.00 -6.74e-16 | 1.6596 14.86  20056    0      0      0 | 1.4011 14.70 | 0.00e+00 3.93e-02 |   2.8824 0.7206  0.3824  3.4778 0.500 11.50 | PAIR-CHANNEL-DEAD
# CONVTAG t=118.00 rough=0.000000 cond=0.504499 evap=1.133093 backs=0.147795
t=  120.00 -6.74e-16 | 1.6596 14.86  20067    0      0      0 | 1.4013 14.71 | 0.00e+00 4.44e-02 |   2.8833 0.7208  0.3810  3.4779 0.500 11.50 | PAIR-CHANNEL-DEAD
# CONVTAG t=120.00 rough=0.000000 cond=0.504499 evap=1.133093 backs=0.147795
t=  122.00 -6.74e-16 | 1.6599 14.89  20097    0      0      0 | 1.4016 14.71 | 0.00e+00 2.55e-02 |   2.8748 0.7187  0.3868  3.4770 0.500 11.50 | PAIR-CHANNEL-DEAD
# CONVTAG t=122.00 rough=0.000000 cond=0.504499 evap=1.133093 backs=0.147795
# QATOM t=122.60 dir=DF w=2.29106477 e=0.419329426247
t=  124.00 -6.74e-16 | 1.6600 14.87  20068    0      0      0 | 1.4013 14.71 | 0.00e+00 3.31e-02 |   3.0678 0.7669  0.5362  3.4508 0.500 10.00 | PAIR-CHANNEL-DEAD
# CONVTAG t=124.00 rough=0.000000 cond=0.676609 evap=1.133093 backs=0.147795
t=  126.00 -6.74e-16 | 1.6601 14.87  20072    0      0      0 | 1.4013 14.71 | 0.00e+00 3.85e-02 |   3.0148 0.7537  0.5925  3.4391 0.500 10.00 | PAIR-CHANNEL-DEAD
# CONVTAG t=126.00 rough=0.000000 cond=0.676609 evap=1.133093 backs=0.147795
t=  128.00 -6.74e-16 | 1.6600 14.88  20083    0      0      0 | 1.4015 14.71 | 0.00e+00 4.92e-02 |   2.7935 0.6984  0.8758  3.3682 0.500 10.00 | PAIR-CHANNEL-DEAD
# CONVTAG t=128.00 rough=0.000000 cond=0.676609 evap=1.133093 backs=0.147795
t=  130.00 -6.74e-16 | 1.6599 14.88  20090    0      0      0 | 1.4015 14.71 | 0.00e+00 2.85e-02 |   2.7022 0.6755  1.0103  3.3266 0.500 10.50 | PAIR-CHANNEL-DEAD
# CONVTAG t=130.00 rough=0.000000 cond=0.676609 evap=1.133093 backs=0.147795
# QATOM t=131.82 dir=FD w=1.62307061 e=0.297067667039
t=  132.00 -6.74e-16 | 1.6599 14.88  20083    0      0      0 | 1.4014 14.71 | 0.00e+00 4.22e-02 |   2.6776 0.6694  1.0461  3.3145 0.500 10.50 | PAIR-CHANNEL-DEAD
# CONVTAG t=132.00 rough=0.000000 cond=0.676609 evap=1.133093 backs=0.147795
t=  134.00 -6.74e-16 | 1.6601 14.87  20068    0      0      0 | 1.4012 14.70 | 0.00e+00 3.80e-02 |   2.3819 0.5955  0.7838  3.3944 0.500 12.00 | PAIR-CHANNEL-DEAD
# CONVTAG t=134.00 rough=0.000000 cond=0.676609 evap=1.420776 backs=0.185319
t=  136.00 -6.74e-16 | 1.6600 14.87  20073    0      0      0 | 1.4013 14.71 | 0.00e+00 5.00e-02 |   2.4082 0.6021  0.7377  3.4061 0.500 11.00 | PAIR-CHANNEL-DEAD
# CONVTAG t=136.00 rough=0.000000 cond=0.676609 evap=1.420776 backs=0.185319
t=  138.00 -6.74e-16 | 1.6602 14.88  20090    0      0      0 | 1.4016 14.71 | 0.00e+00 3.44e-02 |   2.4806 0.6202  0.6287  3.4313 0.500 12.50 | PAIR-CHANNEL-DEAD
# CONVTAG t=138.00 rough=0.000000 cond=0.676609 evap=1.420776 backs=0.185319
t=  140.00 -6.74e-16 | 1.6604 14.89  20103    0      0      0 | 1.4018 14.72 | 0.00e+00 5.00e-02 |   2.5996 0.6499  0.4688  3.4622 0.500 12.50 | PAIR-CHANNEL-DEAD
# CONVTAG t=140.00 rough=0.000000 cond=0.676609 evap=1.420776 backs=0.185319
# QATOM t=141.58 dir=FD w=1.52383565 e=0.278904872903
t=  142.00 -6.74e-16 | 1.6601 14.88  20091    0      0      0 | 1.4016 14.71 | 0.00e+00 3.52e-02 |   2.7438 0.6860  0.3441  3.4838 0.500 12.00 | PAIR-CHANNEL-DEAD
# CONVTAG t=142.00 rough=0.000000 cond=0.676609 evap=1.420776 backs=0.185319
t=  144.00 -6.74e-16 | 1.6601 14.88  20089    0      0      0 | 1.4016 14.71 | 0.00e+00 3.49e-02 |   2.7919 0.6980  0.3238  3.4878 0.500 12.00 | PAIR-CHANNEL-DEAD
# CONVTAG t=144.00 rough=0.000000 cond=0.676609 evap=1.420776 backs=0.185319
t=  146.00 -6.74e-16 | 1.6600 14.86  20062    0      0      0 | 1.4012 14.71 | 0.00e+00 3.71e-02 |   2.8059 0.7015  0.3181  3.4893 0.500 12.00 | PAIR-CHANNEL-DEAD
# CONVTAG t=146.00 rough=0.000000 cond=0.676609 evap=1.420776 backs=0.185319
t=  148.00 -6.74e-16 | 1.6602 14.88  20087    0      0      0 | 1.4015 14.71 | 0.00e+00 3.04e-02 |   2.8068 0.7017  0.3178  3.4894 0.500 12.00 | PAIR-CHANNEL-DEAD
# CONVTAG t=148.00 rough=0.000000 cond=0.676609 evap=1.420776 backs=0.185319
t=  150.00 -6.74e-16 | 1.6602 14.87  20075    0      0      0 | 1.4013 14.71 | 0.00e+00 3.91e-02 |   2.7899 0.6975  0.3215  3.4883 0.500 12.00 | PAIR-CHANNEL-DEAD
# CONVTAG t=150.00 rough=0.000000 cond=0.676609 evap=1.420776 backs=0.185319
# QATOM t=151.02 dir=FD w=1.47389461 e=0.269764254945
t=  152.00 -6.74e-16 | 1.6603 14.87  20068    0      0      0 | 1.4013 14.71 | 0.00e+00 4.80e-02 |   2.7303 0.6826  0.3423  3.4841 0.500 12.00 | PAIR-CHANNEL-DEAD
# CONVTAG t=152.00 rough=0.000000 cond=0.676609 evap=1.420776 backs=0.185319
t=  154.00 -6.74e-16 | 1.6604 14.88  20089    0      0      0 | 1.4015 14.71 | 0.00e+00 2.81e-02 |   2.6542 0.6636  0.3966  3.4773 0.500 12.00 | PAIR-CHANNEL-DEAD
# CONVTAG t=154.00 rough=0.000000 cond=0.676609 evap=1.420776 backs=0.185319
t=  156.00 -6.74e-16 | 1.6606 14.89  20099    0      0      0 | 1.4017 14.71 | 0.00e+00 3.21e-02 |   2.5739 0.6435  0.4802  3.4607 0.500 12.00 | PAIR-CHANNEL-DEAD
# CONVTAG t=156.00 rough=0.000000 cond=0.676609 evap=1.420776 backs=0.185319
t=  158.00 -6.74e-16 | 1.6608 14.90  20116    0      0      0 | 1.4019 14.72 | 0.00e+00 5.00e-02 |   2.4652 0.6163  0.6177  3.4339 0.500 12.00 | PAIR-CHANNEL-DEAD
# CONVTAG t=158.00 rough=0.000000 cond=0.676609 evap=1.420776 backs=0.185319
# QATOM t=159.82 dir=FD w=1.56854262 e=0.287087508497
t=  160.00 -6.74e-16 | 1.6607 14.90  20109    0      0      0 | 1.4018 14.71 | 0.00e+00 3.67e-02 |   2.4061 0.6015  0.7068  3.4137 0.500 11.50 | PAIR-CHANNEL-DEAD
# CONVTAG t=160.00 rough=0.000000 cond=0.676609 evap=1.420776 backs=0.185319
t=  162.00 -6.74e-16 | 1.6608 14.89  20107    0      0      0 | 1.4018 14.71 | 0.00e+00 3.38e-02 |   2.3641 0.5910  0.7715  3.3975 0.500 12.00 | PAIR-CHANNEL-DEAD
# CONVTAG t=162.00 rough=0.000000 cond=0.676609 evap=1.420776 backs=0.185319
t=  164.00 -6.74e-16 | 1.6609 14.89  20101    0      0      0 | 1.4017 14.71 | 0.00e+00 3.90e-02 |   2.3449 0.5862  0.8039  3.3888 0.500 12.50 | PAIR-CHANNEL-DEAD
# CONVTAG t=164.00 rough=0.000000 cond=0.676609 evap=1.420776 backs=0.185319
t=  166.00 -6.74e-16 | 1.6607 14.90  20113    0      0      0 | 1.4019 14.71 | 0.00e+00 3.40e-02 |   2.3223 0.5806  0.8416  3.3785 0.500 12.50 | PAIR-CHANNEL-DEAD
# CONVTAG t=166.00 rough=0.000000 cond=0.676609 evap=1.420776 backs=0.185319
t=  168.00 -6.74e-16 | 1.6603 14.89  20097    0      0      0 | 1.4016 14.71 | 0.00e+00 2.71e-02 |   2.3129 0.5782  0.8562  3.3743 0.500 12.50 | PAIR-CHANNEL-DEAD
# CONVTAG t=168.00 rough=0.000000 cond=0.676609 evap=1.420776 backs=0.185319
# QATOM t=168.46 dir=FD w=1.62427682 e=0.297288437502
t=  170.00 -6.74e-16 | 1.6604 14.89  20108    0      0      0 | 1.4018 14.71 | 0.00e+00 3.26e-02 |   2.3408 0.5852  0.8077  3.3879 0.500 12.50 | PAIR-CHANNEL-DEAD
# CONVTAG t=170.00 rough=0.000000 cond=0.676609 evap=1.420776 backs=0.185319
t=  172.00 -6.74e-16 | 1.6607 14.90  20113    0      0      0 | 1.4018 14.71 | 0.00e+00 4.45e-02 |   2.3502 0.5875  0.7902  3.3928 0.500 12.50 | PAIR-CHANNEL-DEAD
# CONVTAG t=172.00 rough=0.000000 cond=0.676609 evap=1.420776 backs=0.185319
t=  174.00 -6.74e-16 | 1.6605 14.89  20097    0      0      0 | 1.4016 14.71 | 0.00e+00 3.31e-02 |   2.3455 0.5864  0.7849  3.3942 0.500 12.50 | PAIR-CHANNEL-DEAD
# CONVTAG t=174.00 rough=0.000000 cond=0.676609 evap=1.420776 backs=0.185319
t=  176.00 -6.74e-16 | 1.6604 14.89  20100    0      0      0 | 1.4017 14.72 | 0.00e+00 2.88e-02 |   2.3399 0.5850  0.7799  3.3955 0.500 12.50 | PAIR-CHANNEL-DEAD
# CONVTAG t=176.00 rough=0.000000 cond=0.676609 evap=1.420776 backs=0.185319
# QATOM t=177.14 dir=DF w=2.35661109 e=0.431326248927
t=  178.00 -6.74e-16 | 1.6607 14.90  20109    0      0      0 | 1.4019 14.72 | 0.00e+00 3.26e-02 |   2.3481 0.5870  0.7679  3.3985 0.500 12.50 | PAIR-CHANNEL-DEAD
# CONVTAG t=178.00 rough=0.000000 cond=0.676609 evap=1.420776 backs=0.185319
t=  180.00 -6.74e-16 | 1.6608 14.90  20119    0      0      0 | 1.4020 14.72 | 0.00e+00 3.14e-02 |   2.3481 0.5870  0.7673  3.3986 0.500 13.00 | PAIR-CHANNEL-DEAD
# CONVTAG t=180.00 rough=0.000000 cond=0.676609 evap=1.420776 backs=0.185319
t=  182.00 -6.74e-16 | 1.6611 14.93  20149    0      0      0 | 1.4024 14.72 | 0.00e+00 4.42e-02 |   2.3232 0.5808  0.8093  3.3875 0.500 13.00 | PAIR-CHANNEL-DEAD
# CONVTAG t=182.00 rough=0.000000 cond=0.676609 evap=1.420776 backs=0.185319
t=  184.00 -6.74e-16 | 1.6609 14.92  20145    0      0      0 | 1.4023 14.72 | 0.00e+00 4.73e-02 |   2.3065 0.5766  0.8383  3.3794 0.500 12.50 | PAIR-CHANNEL-DEAD
# CONVTAG t=184.00 rough=0.000000 cond=0.676609 evap=1.420776 backs=0.185319
# QATOM t=185.22 dir=DF w=2.00099469 e=0.366238426086
t=  186.00 -6.74e-16 | 1.6607 14.90  20110    0      0      0 | 1.4018 14.71 | 0.00e+00 3.68e-02 |   2.2905 0.5726  0.8642  3.3717 0.500 12.50 | PAIR-CHANNEL-DEAD
# CONVTAG t=186.00 rough=0.000000 cond=0.676609 evap=1.420776 backs=0.185319
t=  188.00 -5.39e-16 | 1.6610 14.90  20120    0      0      0 | 1.4019 14.71 | 0.00e+00 3.03e-02 |   2.2939 0.5735  0.8540  3.3745 0.500 12.50 | PAIR-CHANNEL-DEAD
# CONVTAG t=188.00 rough=0.000000 cond=0.676609 evap=1.420776 backs=0.185319
t=  190.00 -5.39e-16 | 1.6611 14.92  20140    0      0      0 | 1.4022 14.71 | 0.00e+00 3.93e-02 |   2.2766 0.5692  0.8734  3.3691 0.500 13.00 | PAIR-CHANNEL-DEAD
# CONVTAG t=190.00 rough=0.000000 cond=0.676609 evap=1.420776 backs=0.185319
t=  192.00 -5.39e-16 | 1.6611 14.90  20113    0      0      0 | 1.4018 14.71 | 0.00e+00 3.80e-02 |   2.4843 0.6211  0.5496  3.4472 0.500 12.50 | PAIR-CHANNEL-DEAD
# CONVTAG t=192.00 rough=0.000000 cond=0.893546 evap=1.420776 backs=0.185319
t=  194.00 -5.39e-16 | 1.6606 14.89  20107    0      0      0 | 1.4018 14.71 | 0.00e+00 4.73e-02 |   2.6062 0.6516  0.8705  3.3683 0.500 12.50 | PAIR-CHANNEL-DEAD
# CONVTAG t=194.00 rough=0.000000 cond=1.072175 evap=1.420776 backs=0.185319
# QATOM t=195.04 dir=DF w=1.92286932 e=0.351939280569
t=  196.00 -5.39e-16 | 1.6605 14.91  20124    0      0      0 | 1.4020 14.72 | 0.00e+00 4.59e-02 |   2.4548 0.6137  1.1256  3.2848 0.500 13.00 | PAIR-CHANNEL-DEAD
# CONVTAG t=196.00 rough=0.000000 cond=1.072175 evap=1.420776 backs=0.185319
t=  198.00 -5.39e-16 | 1.6605 14.91  20124    0      0      0 | 1.4020 14.71 | 0.00e+00 3.39e-02 |   2.4600 0.6150  1.1137  3.2915 0.500 13.00 | PAIR-CHANNEL-DEAD
# CONVTAG t=198.00 rough=0.000000 cond=1.072175 evap=1.420776 backs=0.185319
t=  200.00 -5.39e-16 | 1.6603 14.89  20108    0      0      0 | 1.4018 14.71 | 0.00e+00 5.00e-02 |   2.5731 0.6433  0.9165  3.3536 0.500 12.00 | PAIR-CHANNEL-DEAD
# CONVTAG t=200.00 rough=0.000000 cond=1.072175 evap=1.420776 backs=0.185319
t=  202.00 -5.39e-16 | 1.6602 14.89  20107    0      0      0 | 1.4017 14.71 | 0.00e+00 5.00e-02 |   2.6962 0.6741  0.7276  3.4081 0.500 11.50 | PAIR-CHANNEL-DEAD
# CONVTAG t=202.00 rough=0.000000 cond=1.072175 evap=1.420776 backs=0.185319
t=  204.00 -5.39e-16 | 1.6601 14.89  20106    0      0      0 | 1.4017 14.71 | 0.00e+00 4.13e-02 |   2.6209 0.6552  0.8390  3.3775 0.500 12.00 | PAIR-CHANNEL-DEAD
# CONVTAG t=204.00 rough=0.000000 cond=1.072175 evap=1.420776 backs=0.185319
# QATOM t=205.24 dir=FD w=1.60097573 e=0.293023681611
t=  206.00 -5.39e-16 | 1.6604 14.91  20131    0      0      0 | 1.4020 14.71 | 0.00e+00 3.32e-02 |   2.4206 0.6051  1.1810  3.2631 0.500 12.00 | PAIR-CHANNEL-DEAD
# CONVTAG t=206.00 rough=0.000000 cond=1.072175 evap=1.420776 backs=0.185319
t=  208.00 -5.39e-16 | 1.6605 14.90  20119    0      0      0 | 1.4019 14.71 | 0.00e+00 3.96e-02 |   2.3735 0.5934  1.2708  3.2264 0.500 12.50 | PAIR-CHANNEL-DEAD
# CONVTAG t=208.00 rough=0.000000 cond=1.072175 evap=1.420776 backs=0.185319
t=  210.00 -5.39e-16 | 1.6606 14.92  20141    0      0      0 | 1.4022 14.72 | 0.00e+00 4.82e-02 |   2.4207 0.6052  1.1802  3.2633 0.500 13.00 | PAIR-CHANNEL-DEAD
# CONVTAG t=210.00 rough=0.000000 cond=1.072175 evap=1.420776 backs=0.185319
t=  212.00 -5.39e-16 | 1.6605 14.91  20122    0      0      0 | 1.4019 14.71 | 0.00e+00 4.58e-02 |   2.7028 0.6757  0.7149  3.4115 0.500 13.00 | PAIR-CHANNEL-DEAD
# CONVTAG t=212.00 rough=0.000000 cond=1.072175 evap=1.420776 backs=0.185319
t=  214.00 -5.39e-16 | 1.6606 14.91  20122    0      0      0 | 1.4019 14.71 | 0.00e+00 4.74e-02 |   2.4002 0.6000  1.2075  3.2495 0.500 13.00 | PAIR-CHANNEL-DEAD
# CONVTAG t=214.00 rough=0.000000 cond=1.072175 evap=1.768323 backs=0.230651
# QATOM t=214.06 dir=DF w=2.09619711 e=0.383663151262
t=  216.00 -5.39e-16 | 1.6606 14.91  20128    0      0      0 | 1.4020 14.71 | 0.00e+00 5.00e-02 |   2.4049 0.6012  1.1951  3.2538 0.500 13.00 | PAIR-CHANNEL-DEAD
# CONVTAG t=216.00 rough=0.000000 cond=1.072175 evap=1.768323 backs=0.230651
t=  218.00 -5.39e-16 | 1.6608 14.92  20146    0      0      0 | 1.4023 14.72 | 0.00e+00 5.00e-02 |   2.3627 0.5907  1.2760  3.2187 0.500 12.50 | PAIR-CHANNEL-DEAD
# CONVTAG t=218.00 rough=0.000000 cond=1.072175 evap=1.768323 backs=0.230651
t=  220.00 -5.39e-16 | 1.6611 14.93  20162    0      0      0 | 1.4025 14.72 | 0.00e+00 3.87e-02 |   2.0606 0.5152  0.9858  3.3282 0.500 13.00 | PAIR-CHANNEL-DEAD
# CONVTAG t=220.00 rough=0.000000 cond=1.072175 evap=2.065801 backs=0.269452
# QATOM t=221.46 dir=DF w=2.31676496 e=0.424033284977
t=  222.00 -5.39e-16 | 1.6609 14.94  20171    0      0      0 | 1.4026 14.72 | 0.00e+00 4.36e-02 |   2.1064 0.5266  0.8895  3.3631 0.500 13.00 | PAIR-CHANNEL-DEAD
# CONVTAG t=222.00 rough=0.000000 cond=1.072175 evap=2.065801 backs=0.269452
t=  224.00 -5.39e-16 | 1.6612 14.94  20175    0      0      0 | 1.4027 14.72 | 0.00e+00 3.57e-02 |   2.4143 0.6036  0.4115  3.4722 0.500 13.00 | PAIR-CHANNEL-DEAD
# CONVTAG t=224.00 rough=0.000000 cond=1.072175 evap=2.065801 backs=0.269452
t=  226.00 -5.39e-16 | 1.6612 14.93  20156    0      0      0 | 1.4024 14.72 | 0.00e+00 3.64e-02 |   2.4990 0.6248  0.3421  3.4839 0.500 13.00 | PAIR-CHANNEL-DEAD
# CONVTAG t=226.00 rough=0.000000 cond=1.072175 evap=2.065801 backs=0.269452
t=  228.00 -5.39e-16 | 1.6612 14.93  20152    0      0      0 | 1.4023 14.72 | 0.00e+00 4.20e-02 |   2.4852 0.6213  0.3486  3.4912 0.500 12.50 | PAIR-CHANNEL-DEAD
# CONVTAG t=228.00 rough=0.000000 cond=1.072175 evap=2.065801 backs=0.269452
# QATOM t=228.14 dir=DF w=2.1549402 e=0.394414792407
t=  230.00 -5.39e-16 | 1.6611 14.93  20161    0      0      0 | 1.4025 14.72 | 0.00e+00 4.32e-02 |   2.4661 0.6165  0.3594  3.4814 0.500 12.50 | PAIR-CHANNEL-DEAD
# CONVTAG t=230.00 rough=0.000000 cond=1.072175 evap=2.065801 backs=0.269452
t=  232.00 -6.74e-16 | 1.6609 14.93  20160    0      0      0 | 1.4024 14.72 | 0.00e+00 3.90e-02 |   2.4533 0.6133  0.3686  3.4799 0.500 12.50 | PAIR-CHANNEL-DEAD
# CONVTAG t=232.00 rough=0.000000 cond=1.072175 evap=2.065801 backs=0.269452
t=  234.00 -6.74e-16 | 1.6609 14.93  20162    0      0      0 | 1.4024 14.72 | 0.00e+00 3.42e-02 |   2.4163 0.6041  0.4005  3.4748 0.500 13.00 | PAIR-CHANNEL-DEAD
# CONVTAG t=234.00 rough=0.000000 cond=1.072175 evap=2.065801 backs=0.269452
t=  236.00 -6.74e-16 | 1.6609 14.94  20165    0      0      0 | 1.4025 14.71 | 0.00e+00 3.54e-02 |   2.2151 0.5538  0.6668  3.4227 0.500 13.00 | PAIR-CHANNEL-DEAD
# CONVTAG t=236.00 rough=0.000000 cond=1.072175 evap=2.065801 backs=0.269452
# QATOM t=236.20 dir=DF w=2.5188044 e=0.461012196555
t=  238.00 -6.74e-16 | 1.6612 14.94  20164    0      0      0 | 1.4025 14.72 | 0.00e+00 4.60e-02 |   2.1554 0.5388  0.7822  3.3946 0.500 13.50 | PAIR-CHANNEL-DEAD
# CONVTAG t=238.00 rough=0.000000 cond=1.072175 evap=2.065801 backs=0.269452
t=  240.00 -6.74e-16 | 1.6613 14.95  20177    0      0      0 | 1.4027 14.72 | 0.00e+00 4.04e-02 |   2.1117 0.5279  0.8286  3.3821 0.500 13.50 | PAIR-CHANNEL-DEAD
# CONVTAG t=240.00 rough=0.000000 cond=1.072175 evap=2.065801 backs=0.269452
t=  242.00 -6.74e-16 | 1.6611 14.93  20154    0      0      0 | 1.4024 14.71 | 0.00e+00 3.45e-02 |   2.0967 0.5242  0.8071  3.3889 0.500 13.50 | PAIR-CHANNEL-DEAD
# CONVTAG t=242.00 rough=0.000000 cond=1.072175 evap=2.065801 backs=0.269452
t=  244.00 -6.74e-16 | 1.6614 14.95  20176    0      0      0 | 1.4027 14.72 | 0.00e+00 3.67e-02 |   2.1322 0.5330  0.7403  3.4053 0.500 13.50 | PAIR-CHANNEL-DEAD
# CONVTAG t=244.00 rough=0.000000 cond=1.072175 evap=2.065801 backs=0.269452
# QATOM t=245.34 dir=FD w=1.19569273 e=0.218845470002
t=  246.00 -6.74e-16 | 1.6614 14.93  20155    0      0      0 | 1.4024 14.72 | 0.00e+00 4.91e-02 |   2.1917 0.5479  0.6367  3.4295 0.500 13.50 | PAIR-CHANNEL-DEAD
# CONVTAG t=246.00 rough=0.000000 cond=1.072175 evap=2.065801 backs=0.269452
t=  248.00 -6.74e-16 | 1.6613 14.92  20138    0      0      0 | 1.4022 14.71 | 0.00e+00 3.57e-02 |   2.3472 0.5868  0.4162  3.4716 0.500 13.50 | PAIR-CHANNEL-DEAD
# CONVTAG t=248.00 rough=0.000000 cond=1.072175 evap=2.065801 backs=0.269452
t=  250.00 -6.74e-16 | 1.6612 14.94  20169    0      0      0 | 1.4026 14.72 | 0.00e+00 2.98e-02 |   2.1038 0.5259  0.7760  3.3955 0.500 13.50 | PAIR-CHANNEL-DEAD
# CONVTAG t=250.00 rough=0.000000 cond=1.072175 evap=2.412425 backs=0.314664
t=  252.00 -6.74e-16 | 1.6614 14.95  20179    0      0      0 | 1.4027 14.72 | 0.00e+00 3.78e-02 |   2.2324 0.5581  0.5601  3.4459 0.500 13.50 | PAIR-CHANNEL-DEAD
# CONVTAG t=252.00 rough=0.000000 cond=1.072175 evap=2.412425 backs=0.314664
# QATOM t=252.74 dir=DF w=2.38671482 e=0.436836080522
t=  254.00 -6.74e-16 | 1.6614 14.94  20175    0      0      0 | 1.4026 14.72 | 0.00e+00 5.00e-02 |   2.2667 0.5667  0.5082  3.4560 0.500 13.50 | PAIR-CHANNEL-DEAD
# CONVTAG t=254.00 rough=0.000000 cond=1.072175 evap=2.412425 backs=0.314664
t=  256.00 -6.74e-16 | 1.6615 14.94  20165    0      0      0 | 1.4025 14.72 | 0.00e+00 4.43e-02 |   2.2833 0.5708  0.4774  3.4616 0.500 13.50 | PAIR-CHANNEL-DEAD
# CONVTAG t=256.00 rough=0.000000 cond=1.072175 evap=2.412425 backs=0.314664
t=  258.00 -6.74e-16 | 1.6615 14.94  20171    0      0      0 | 1.4026 14.72 | 0.00e+00 3.85e-02 |   2.5068 0.6267  0.3150  3.4910 0.500 12.00 | PAIR-CHANNEL-DEAD
# CONVTAG t=258.00 rough=0.000000 cond=1.277016 evap=2.412425 backs=0.314664
t=  260.00 -6.74e-16 | 1.6611 14.94  20164    0      0      0 | 1.4025 14.72 | 0.00e+00 4.45e-02 |   2.5062 0.6265  0.3151  3.4913 0.500 12.00 | PAIR-CHANNEL-DEAD
# CONVTAG t=260.00 rough=0.000000 cond=1.277016 evap=2.412425 backs=0.314664
# QATOM t=260.60 dir=DF w=2.3471136 e=0.429587940317
t=  262.00 -6.74e-16 | 1.6606 14.92  20141    0      0      0 | 1.4022 14.72 | 0.00e+00 4.06e-02 |   2.5194 0.6298  0.3166  3.4913 0.500 12.00 | PAIR-CHANNEL-DEAD
# CONVTAG t=262.00 rough=0.000000 cond=1.277016 evap=2.412425 backs=0.314664
t=  264.00 -6.74e-16 | 1.6607 14.93  20153    0      0      0 | 1.4023 14.71 | 0.00e+00 2.99e-02 |   2.4412 0.6103  0.3245  3.4869 0.500 12.00 | PAIR-CHANNEL-DEAD
# CONVTAG t=264.00 rough=0.000000 cond=1.277016 evap=2.412425 backs=0.314664
t=  266.00 -6.74e-16 | 1.6612 14.93  20155    0      0      0 | 1.4023 14.71 | 0.00e+00 3.66e-02 |   2.2104 0.5526  0.5561  3.4465 0.500 13.00 | PAIR-CHANNEL-DEAD
# CONVTAG t=266.00 rough=0.000000 cond=1.277016 evap=2.412425 backs=0.314664
t=  268.00 -5.39e-16 | 1.6616 14.93  20149    0      0      0 | 1.4023 14.71 | 0.00e+00 3.29e-02 |   2.1809 0.5452  0.5962  3.4603 0.500 13.00 | PAIR-CHANNEL-DEAD
# CONVTAG t=268.00 rough=0.000000 cond=1.277016 evap=2.412425 backs=0.314664
# QATOM t=269.02 dir=FD w=1.63808135 e=0.299815054847
t=  270.00 -6.74e-16 | 1.6619 14.93  20155    0      0      0 | 1.4024 14.72 | 0.00e+00 4.47e-02 |   2.2566 0.5642  0.4799  3.4593 0.500 13.00 | PAIR-CHANNEL-DEAD
# CONVTAG t=270.00 rough=0.000000 cond=1.277016 evap=2.412425 backs=0.314664
t=  272.00 -6.74e-16 | 1.6617 14.93  20150    0      0      0 | 1.4023 14.71 | 0.00e+00 3.75e-02 |   2.4072 0.6018  0.3357  3.4852 0.500 13.00 | PAIR-CHANNEL-DEAD
# CONVTAG t=272.00 rough=0.000000 cond=1.277016 evap=2.412425 backs=0.314664
t=  274.00 -6.74e-16 | 1.6619 14.92  20143    0      0      0 | 1.4022 14.72 | 0.00e+00 4.32e-02 |   2.4351 0.6088  0.3227  3.4878 0.500 13.00 | PAIR-CHANNEL-DEAD
# CONVTAG t=274.00 rough=0.000000 cond=1.277016 evap=2.412425 backs=0.314664
t=  276.00 -6.74e-16 | 1.6620 14.94  20163    0      0      0 | 1.4025 14.72 | 0.00e+00 5.00e-02 |   2.3982 0.5995  0.3365  3.4851 0.500 13.00 | PAIR-CHANNEL-DEAD
# CONVTAG t=276.00 rough=0.000000 cond=1.277016 evap=2.412425 backs=0.314664
# QATOM t=276.04 dir=DF w=2.62727487 e=0.480865350441
t=  278.00 -6.74e-16 | 1.6625 14.94  20166    0      0      0 | 1.4025 14.72 | 0.00e+00 4.98e-02 |   2.2882 0.5721  0.4322  3.4688 0.500 13.00 | PAIR-CHANNEL-DEAD
# CONVTAG t=278.00 rough=0.000000 cond=1.277016 evap=2.412425 backs=0.314664
t=  280.00 -6.74e-16 | 1.6623 14.93  20157    0      0      0 | 1.4024 14.71 | 0.00e+00 3.99e-02 |   2.1524 0.5381  0.6308  3.4306 0.500 13.00 | PAIR-CHANNEL-DEAD
# CONVTAG t=280.00 rough=0.000000 cond=1.277016 evap=2.412425 backs=0.314664
t=  282.00 -6.74e-16 | 1.6621 14.95  20187    0      0      0 | 1.4027 14.72 | 0.00e+00 4.16e-02 |   1.9941 0.4985  0.9176  3.3554 0.500 13.00 | PAIR-CHANNEL-DEAD
# CONVTAG t=282.00 rough=0.000000 cond=1.277016 evap=2.412425 backs=0.314664
# QATOM t=283.62 dir=FD w=1.40113605 e=0.256447387708
t=  284.00 -6.74e-16 | 1.6619 14.94  20169    0      0      0 | 1.4025 14.71 | 0.00e+00 3.26e-02 |   1.9072 0.4768  1.1081  3.2912 0.500 13.00 | PAIR-CHANNEL-DEAD
# CONVTAG t=284.00 rough=0.000000 cond=1.277016 evap=2.412425 backs=0.314664
t=  286.00 -6.74e-16 | 1.6619 14.93  20160    0      0      0 | 1.4023 14.71 | 0.00e+00 3.70e-02 |   1.8899 0.4725  1.1485  3.2764 0.500 13.00 | PAIR-CHANNEL-DEAD
# CONVTAG t=286.00 rough=0.000000 cond=1.277016 evap=2.412425 backs=0.314664
t=  288.00 -6.74e-16 | 1.6617 14.94  20173    0      0      0 | 1.4026 14.72 | 0.00e+00 3.87e-02 |   1.8683 0.4671  1.1948  3.2614 0.500 13.50 | PAIR-CHANNEL-DEAD
# CONVTAG t=288.00 rough=0.000000 cond=1.277016 evap=2.412425 backs=0.314664
t=  290.00 -6.74e-16 | 1.6618 14.95  20180    0      0      0 | 1.4027 14.72 | 0.00e+00 5.00e-02 |   1.8467 0.4617  1.2441  3.2381 0.500 13.00 | PAIR-CHANNEL-DEAD
# CONVTAG t=290.00 rough=0.000000 cond=1.277016 evap=2.412425 backs=0.314664
# QATOM t=290.50 dir=DF w=2.36371016 e=0.432625579179
t=  292.00 -6.74e-16 | 1.6620 14.94  20172    0      0      0 | 1.4026 14.72 | 0.00e+00 3.54e-02 |   1.8245 0.4561  1.2876  3.2196 0.500 13.50 | PAIR-CHANNEL-DEAD
# CONVTAG t=292.00 rough=0.000000 cond=1.277016 evap=2.412425 backs=0.314664
t=  294.00 -6.74e-16 | 1.6620 14.94  20165    0      0      0 | 1.4024 14.71 | 0.00e+00 3.32e-02 |   1.8294 0.4574  1.2713  3.2267 0.500 13.00 | PAIR-CHANNEL-DEAD
# CONVTAG t=294.00 rough=0.000000 cond=1.277016 evap=2.412425 backs=0.314664
t=  296.00 -6.74e-16 | 1.6619 14.94  20173    0      0      0 | 1.4025 14.71 | 0.00e+00 3.98e-02 |   1.8663 0.4666  1.1818  3.2637 0.500 13.00 | PAIR-CHANNEL-DEAD
# CONVTAG t=296.00 rough=0.000000 cond=1.277016 evap=2.412425 backs=0.314664
# QATOM t=297.90 dir=FD w=1.45811304 e=0.533751566693
t=  298.00 -6.74e-16 | 1.6619 14.94  20175    0      0      0 | 1.4026 14.71 | 0.00e+00 5.00e-02 |   1.9330 0.4833  1.0280  3.3195 0.500 13.00 | PAIR-CHANNEL-DEAD
# CONVTAG t=298.00 rough=0.000000 cond=1.277016 evap=2.412425 backs=0.314664
t=  300.00 -6.74e-16 | 1.6619 14.94  20175    0      0      0 | 1.4026 14.72 | 0.00e+00 3.46e-02 |   2.0309 0.5077  0.8188  3.3843 0.500 13.00 | PAIR-CHANNEL-DEAD
# CONVTAG t=300.00 rough=0.000000 cond=1.277016 evap=2.412425 backs=0.314664
t=  302.00 -6.74e-16 | 1.6618 14.92  20147    0      0      0 | 1.4022 14.71 | 0.00e+00 3.90e-02 |   2.0247 0.5062  0.8308  3.3809 0.500 13.00 | PAIR-CHANNEL-DEAD
# CONVTAG t=302.00 rough=0.000000 cond=1.277016 evap=2.412425 backs=0.314664
t=  304.00 -6.74e-16 | 1.6618 14.93  20152    0      0      0 | 1.4023 14.71 | 0.00e+00 5.00e-02 |   2.0447 0.5112  0.7899  3.3920 0.500 13.00 | PAIR-CHANNEL-DEAD
# CONVTAG t=304.00 rough=0.000000 cond=1.277016 evap=2.412425 backs=0.314664
# QATOM t=305.06 dir=FD w=1.61854247 e=0.296238890194
t=  306.00 -6.74e-16 | 1.6620 14.93  20157    0      0      0 | 1.4024 14.72 | 0.00e+00 4.17e-02 |   2.0706 0.5177  0.7317  3.4070 0.500 13.00 | PAIR-CHANNEL-DEAD
# CONVTAG t=306.00 rough=0.000000 cond=1.277016 evap=2.412425 backs=0.314664
t=  308.00 -6.74e-16 | 1.6621 14.91  20134    0      0      0 | 1.4021 14.71 | 0.00e+00 4.72e-02 |   2.1194 0.5299  0.6405  3.4314 0.500 13.00 | PAIR-CHANNEL-DEAD
# CONVTAG t=308.00 rough=0.000000 cond=1.277016 evap=2.412425 backs=0.314664
t=  310.00 -6.74e-16 | 1.6623 14.94  20168    0      0      0 | 1.4025 14.72 | 0.00e+00 3.64e-02 |   2.3841 0.5960  0.3295  3.4864 0.500 13.00 | PAIR-CHANNEL-DEAD
# CONVTAG t=310.00 rough=0.000000 cond=1.277016 evap=2.412425 backs=0.314664
# QATOM t=311.76 dir=FD w=1.6353814 e=0.299320888482
t=  312.00 -6.74e-16 | 1.6625 14.95  20176    0      0      0 | 1.4026 14.72 | 0.00e+00 4.09e-02 |   2.4258 0.6064  0.3160  3.4903 0.500 12.50 | PAIR-CHANNEL-DEAD
# CONVTAG t=312.00 rough=0.000000 cond=1.277016 evap=2.412425 backs=0.314664
t=  314.00 -6.74e-16 | 1.6628 14.94  20166    0      0      0 | 1.4025 14.72 | 0.00e+00 3.08e-02 |   2.0774 0.5193  0.7063  3.4104 0.500 13.00 | PAIR-CHANNEL-DEAD
# CONVTAG t=314.00 rough=0.000000 cond=1.277016 evap=2.750812 backs=0.358802
t=  316.00 -6.74e-16 | 1.6623 14.91  20126    0      0      0 | 1.4019 14.71 | 0.00e+00 5.00e-02 |   1.9176 0.4794  1.0300  3.3182 0.500 13.00 | PAIR-CHANNEL-DEAD
# CONVTAG t=316.00 rough=0.000000 cond=1.277016 evap=2.750812 backs=0.358802
t=  318.00 -6.74e-16 | 1.6626 14.93  20149    0      0      0 | 1.4022 14.71 | 0.00e+00 4.82e-02 |   1.8855 0.4714  1.1011  3.2938 0.500 12.50 | PAIR-CHANNEL-DEAD
# CONVTAG t=318.00 rough=0.000000 cond=1.277016 evap=2.750812 backs=0.358802
# QATOM t=319.60 dir=FD w=1.64160721 e=0.300460387689
t=  320.00 -6.74e-16 | 1.6627 14.95  20178    0      0      0 | 1.4026 14.71 | 0.00e+00 3.84e-02 |   1.8837 0.4709  1.1049  3.2914 0.500 12.50 | PAIR-CHANNEL-DEAD
# CONVTAG t=320.00 rough=0.000000 cond=1.277016 evap=2.750812 backs=0.358802
t=  322.00 -6.74e-16 | 1.6629 14.96  20194    0      0      0 | 1.4029 14.72 | 0.00e+00 3.66e-02 |   1.8688 0.4672  1.1379  3.2780 0.500 12.50 | PAIR-CHANNEL-DEAD
# CONVTAG t=322.00 rough=0.000000 cond=1.277016 evap=2.750812 backs=0.358802
t=  324.00 -6.74e-16 | 1.6632 14.95  20189    0      0      0 | 1.4028 14.72 | 0.00e+00 3.86e-02 |   1.7250 0.4313  1.5136  3.1110 0.500 13.00 | PAIR-CHANNEL-DEAD
# CONVTAG t=324.00 rough=0.000000 cond=1.277016 evap=2.750812 backs=0.358802
t=  326.00 -6.74e-16 | 1.6631 14.95  20182    0      0      0 | 1.4027 14.72 | 0.00e+00 4.08e-02 |   1.5322 0.3831  2.1330  2.6992 0.500 13.00 | PAIR-CHANNEL-DEAD
# CONVTAG t=326.00 rough=0.000000 cond=1.277016 evap=2.750812 backs=0.358802
# QATOM t=326.34 dir=FD w=1.44171036 e=0.263873629379
t=  328.00 -6.74e-16 | 1.6633 14.96  20197    0      0      0 | 1.4029 14.72 | 0.00e+00 4.08e-02 |   1.4881 0.3720  2.2989  2.5544 0.500 13.50 | PAIR-CHANNEL-DEAD
# CONVTAG t=328.00 rough=0.000000 cond=1.277016 evap=2.750812 backs=0.358802
t=  330.00 -6.74e-16 | 1.6635 14.96  20193    0      0      0 | 1.4028 14.71 | 0.00e+00 4.51e-02 |   1.5314 0.3828  2.1327  2.7710 0.500 13.50 | PAIR-CHANNEL-DEAD
# CONVTAG t=330.00 rough=0.000000 cond=1.277016 evap=2.750812 backs=0.358802
t=  332.00 -6.74e-16 | 1.6636 14.96  20199    0      0      0 | 1.4029 14.71 | 0.00e+00 3.77e-02 |   1.6488 0.4122  1.7309  2.9848 0.500 13.50 | PAIR-CHANNEL-DEAD
# CONVTAG t=332.00 rough=0.000000 cond=1.277016 evap=2.750812 backs=0.358802
# QATOM t=332.28 dir=DF w=2.34076914 e=0.428426726051
t=  334.00 -6.74e-16 | 1.6636 14.94  20175    0      0      0 | 1.4025 14.71 | 0.00e+00 3.79e-02 |   1.8108 0.4527  1.2652  3.2291 0.500 13.00 | PAIR-CHANNEL-DEAD
# CONVTAG t=334.00 rough=0.000000 cond=1.277016 evap=2.750812 backs=0.358802
t=  336.00 -6.74e-16 | 1.6633 14.97  20205    0      0      0 | 1.4029 14.72 | 0.00e+00 4.53e-02 |   1.8414 0.4604  1.1868  3.2614 0.500 12.50 | PAIR-CHANNEL-DEAD
# CONVTAG t=336.00 rough=0.000000 cond=1.277016 evap=2.750812 backs=0.358802
# QATOM t=337.96 dir=FD w=1.63731104 e=0.299674067321
t=  338.00 -6.74e-16 | 1.6630 14.97  20210    0      0      0 | 1.4030 14.72 | 0.00e+00 3.69e-02 |   1.8223 0.4556  1.2344  3.2421 0.500 12.50 | PAIR-CHANNEL-DEAD
# CONVTAG t=338.00 rough=0.000000 cond=1.277016 evap=2.750812 backs=0.358802
t=  340.00 -6.74e-16 | 1.6628 14.95  20188    0      0      0 | 1.4027 14.71 | 0.00e+00 3.51e-02 |   1.7864 0.4466  1.3253  3.2031 0.500 12.50 | PAIR-CHANNEL-DEAD
# CONVTAG t=340.00 rough=0.000000 cond=1.277016 evap=2.750812 backs=0.358802
t=  342.00 -6.74e-16 | 1.6628 14.95  20189    0      0      0 | 1.4027 14.71 | 0.00e+00 4.97e-02 |   1.7742 0.4436  1.3516  3.1913 0.500 12.50 | PAIR-CHANNEL-DEAD
# CONVTAG t=342.00 rough=0.000000 cond=1.277016 evap=2.750812 backs=0.358802
t=  344.00 -6.74e-16 | 1.6628 14.96  20193    0      0      0 | 1.4028 14.72 | 0.00e+00 4.65e-02 |   1.7751 0.4438  1.3504  3.1919 0.500 13.00 | PAIR-CHANNEL-DEAD
# CONVTAG t=344.00 rough=0.000000 cond=1.277016 evap=2.750812 backs=0.358802
# QATOM t=344.50 dir=DF w=2.1361334 e=0.390972618442
t=  346.00 -6.74e-16 | 1.6630 14.97  20205    0      0      0 | 1.4030 14.72 | 0.00e+00 3.23e-02 |   1.7841 0.4460  1.3233  3.2039 0.500 13.00 | PAIR-CHANNEL-DEAD
# CONVTAG t=346.00 rough=0.000000 cond=1.277016 evap=2.750812 backs=0.358802
t=  348.00 -6.74e-16 | 1.6635 14.98  20222    0      0      0 | 1.4032 14.72 | 0.00e+00 4.53e-02 |   1.7940 0.4485  1.2958  3.2164 0.500 13.00 | PAIR-CHANNEL-DEAD
# CONVTAG t=348.00 rough=0.000000 cond=1.277016 evap=2.750812 backs=0.358802
t=  350.00 -6.74e-16 | 1.6636 14.99  20235    0      0      0 | 1.4034 14.72 | 0.00e+00 3.61e-02 |   2.0025 0.5006  1.5405  3.0981 0.500 11.50 | PAIR-CHANNEL-DEAD
# CONVTAG t=350.00 rough=0.000000 cond=1.465968 evap=2.750812 backs=0.358802
# QATOM t=350.06 dir=FD w=1.53548227 e=0.281036532129
t=  352.00 -6.74e-16 | 1.6634 14.98  20219    0      0      0 | 1.4031 14.72 | 0.00e+00 5.00e-02 |   2.2355 0.5589  1.0229  3.3205 0.500 12.50 | PAIR-CHANNEL-DEAD
# CONVTAG t=352.00 rough=0.000000 cond=1.706874 evap=2.750812 backs=0.358802
t=  354.00 -6.74e-16 | 1.6634 15.00  20244    0      0      0 | 1.4035 14.72 | 0.00e+00 4.13e-02 |   2.0669 0.5167  1.3817  3.1766 0.500 12.50 | PAIR-CHANNEL-DEAD
# CONVTAG t=354.00 rough=0.000000 cond=1.706874 evap=2.750812 backs=0.358802
t=  356.00 -6.74e-16 | 1.6631 14.99  20230    0      0      0 | 1.4033 14.72 | 0.00e+00 4.06e-02 |   2.0565 0.5141  1.4016  3.1630 0.500 12.00 | PAIR-CHANNEL-DEAD
# CONVTAG t=356.00 rough=0.000000 cond=1.706874 evap=2.750812 backs=0.358802
# QATOM t=356.72 dir=FD w=1.33463691 e=0.244276170774
t=  358.00 -6.74e-16 | 1.6631 14.98  20226    0      0      0 | 1.4033 14.72 | 0.00e+00 4.78e-02 |   2.0893 0.5223  1.3247  3.1983 0.500 11.50 | PAIR-CHANNEL-DEAD
# CONVTAG t=358.00 rough=0.000000 cond=1.706874 evap=2.750812 backs=0.358802
t=  360.00 -6.74e-16 | 1.6634 14.99  20232    0      0      0 | 1.4034 14.73 | 0.00e+00 5.00e-02 |   2.0786 0.5197  1.3460  3.1876 0.500 12.00 | PAIR-CHANNEL-DEAD
# CONVTAG t=360.00 rough=0.000000 cond=1.706874 evap=2.750812 backs=0.358802
t=  362.00 -6.74e-16 | 1.6633 14.98  20219    0      0      0 | 1.4032 14.72 | 0.00e+00 4.82e-02 |   2.0129 0.5032  1.5028  3.1096 0.500 12.50 | PAIR-CHANNEL-DEAD
# CONVTAG t=362.00 rough=0.000000 cond=1.706874 evap=2.750812 backs=0.358802
# QATOM t=363.96 dir=FD w=1.63825045 e=0.299846004954
t=  364.00 -6.74e-16 | 1.6635 14.97  20206    0      0      0 | 1.4030 14.72 | 0.00e+00 4.80e-02 |   1.9834 0.4958  1.5482  3.0876 0.500 13.00 | PAIR-CHANNEL-DEAD
# CONVTAG t=364.00 rough=0.000000 cond=1.706874 evap=2.750812 backs=0.358802
t=  366.00 -6.74e-16 | 1.6633 14.97  20216    0      0      0 | 1.4032 14.73 | 0.00e+00 4.49e-02 |   1.9989 0.4997  1.4807  3.1191 0.500 12.50 | PAIR-CHANNEL-DEAD
# CONVTAG t=366.00 rough=0.000000 cond=1.706874 evap=2.750812 backs=0.358802
t=  368.00 -5.39e-16 | 1.6633 14.97  20205    0      0      0 | 1.4030 14.72 | 0.00e+00 3.91e-02 |   1.7479 0.4370  0.9670  3.3373 0.500 13.00 | PAIR-CHANNEL-DEAD
# CONVTAG t=368.00 rough=0.000000 cond=1.706874 evap=3.064392 backs=0.399703
t=  370.00 -5.39e-16 | 1.6630 14.97  20203    0      0      0 | 1.4029 14.72 | 0.00e+00 3.12e-02 |   1.7975 0.4494  0.8559  3.3684 0.500 12.50 | PAIR-CHANNEL-DEAD
# CONVTAG t=370.00 rough=0.000000 cond=1.706874 evap=3.064392 backs=0.399703
# QATOM t=370.34 dir=FD w=1.62340389 e=0.297128667246
t=  372.00 -5.39e-16 | 1.6626 14.96  20191    0      0      0 | 1.4028 14.72 | 0.00e+00 5.00e-02 |   1.4556 0.3639  1.8601  2.9049 0.500 13.50 | PAIR-CHANNEL-DEAD
# CONVTAG t=372.00 rough=0.000000 cond=1.706874 evap=3.463032 backs=0.451700
t=  374.00 -5.39e-16 | 1.6625 14.98  20217    0      0      0 | 1.4032 14.72 | 0.00e+00 5.00e-02 |   1.4637 0.3659  1.8414  2.9182 0.500 14.00 | PAIR-CHANNEL-DEAD
# CONVTAG t=374.00 rough=0.000000 cond=1.706874 evap=3.463032 backs=0.451700
t=  376.00 -5.39e-16 | 1.6627 14.96  20197    0      0      0 | 1.4029 14.72 | 0.00e+00 4.19e-02 |   1.4611 0.3653  1.8526  2.9110 0.500 13.50 | PAIR-CHANNEL-DEAD
# CONVTAG t=376.00 rough=0.000000 cond=1.706874 evap=3.463032 backs=0.451700
# QATOM t=376.96 dir=DF w=2.34933195 e=0.429993961341
t=  378.00 -5.39e-16 | 1.6628 14.97  20208    0      0      0 | 1.4030 14.72 | 0.00e+00 4.57e-02 |   1.4574 0.3643  1.8663  2.9017 0.500 13.50 | PAIR-CHANNEL-DEAD
# CONVTAG t=378.00 rough=0.000000 cond=1.706874 evap=3.463032 backs=0.451700
t=  380.00 -5.39e-16 | 1.6631 14.97  20213    0      0      0 | 1.4031 14.72 | 0.00e+00 4.40e-02 |   1.4429 0.3607  1.8987  2.8787 0.500 13.50 | PAIR-CHANNEL-DEAD
# CONVTAG t=380.00 rough=0.000000 cond=1.706874 evap=3.463032 backs=0.451700
t=  382.00 -5.39e-16 | 1.6632 14.98  20217    0      0      0 | 1.4032 14.72 | 0.00e+00 3.46e-02 |   1.3992 0.3498  2.0744  2.7442 0.500 14.50 | PAIR-CHANNEL-DEAD
# CONVTAG t=382.00 rough=0.000000 cond=1.706874 evap=3.463032 backs=0.451700
# QATOM t=383.48 dir=DF w=2.47562158 e=0.453108523797
t=  384.00 -5.39e-16 | 1.6631 14.97  20216    0      0      0 | 1.4031 14.72 | 0.00e+00 3.25e-02 |   1.4306 0.3577  2.0040  2.7987 0.500 14.00 | PAIR-CHANNEL-DEAD
# CONVTAG t=384.00 rough=0.000000 cond=1.706874 evap=3.463032 backs=0.451700
t=  386.00 -5.39e-16 | 1.6632 14.97  20208    0      0      0 | 1.4030 14.71 | 0.00e+00 3.53e-02 |   1.4310 0.3578  2.0009  2.8014 0.500 13.50 | PAIR-CHANNEL-DEAD
# CONVTAG t=386.00 rough=0.000000 cond=1.706874 evap=3.463032 backs=0.451700
t=  388.00 -5.39e-16 | 1.6634 14.99  20235    0      0      0 | 1.4033 14.72 | 0.00e+00 5.00e-02 |   1.2855 0.3214  2.3021  2.5412 0.500 13.50 | PAIR-CHANNEL-DEAD
# CONVTAG t=388.00 rough=0.000000 cond=1.706874 evap=3.463032 backs=0.451700
# QATOM t=389.52 dir=FD w=1.6249912 e=0.297419188709
t=  390.00 -5.39e-16 | 1.6632 14.98  20225    0      0      0 | 1.4032 14.72 | 0.00e+00 4.87e-02 |   1.1293 0.2823  2.6639  2.1455 0.500 14.50 | PAIR-CHANNEL-DEAD
# CONVTAG t=390.00 rough=0.000000 cond=1.706874 evap=3.463032 backs=0.451700
t=  392.00 -5.39e-16 | 1.6632 14.98  20225    0      0      0 | 1.4033 14.72 | 0.00e+00 5.00e-02 |   1.0952 0.2738  2.7933  1.9699 0.500 14.50 | PAIR-CHANNEL-DEAD
# CONVTAG t=392.00 rough=0.000000 cond=1.706874 evap=3.463032 backs=0.451700
t=  394.00 -5.39e-16 | 1.6633 14.98  20225    0      0      0 | 1.4032 14.72 | 0.00e+00 4.08e-02 |   1.0695 0.2674  2.8684  1.9248 0.500 14.50 | PAIR-CHANNEL-DEAD
# CONVTAG t=394.00 rough=0.000000 cond=1.706874 evap=3.463032 backs=0.451700
# QATOM t=395.32 dir=FD w=1.63610661 e=0.29945362241
t=  396.00 -6.74e-16 | 1.6632 14.98  20222    0      0      0 | 1.4032 14.72 | 0.00e+00 4.88e-02 |   1.0309 0.2577  2.8396  1.9485 0.500 14.50 | PAIR-CHANNEL-DEAD
# CONVTAG t=396.00 rough=0.000000 cond=1.706874 evap=3.463032 backs=0.451700
t=  398.00 -6.74e-16 | 1.6632 14.99  20237    0      0      0 | 1.4034 14.72 | 0.00e+00 3.57e-02 |   1.0326 0.2582  2.8056  1.9564 0.500 14.50 | PAIR-CHANNEL-DEAD
# CONVTAG t=398.00 rough=0.000000 cond=1.706874 evap=3.463032 backs=0.451700
t=  400.00 -5.39e-16 | 1.6632 14.97  20214    0      0      0 | 1.4031 14.72 | 0.00e+00 3.70e-02 |   1.0432 0.2608  2.7325  2.0612 0.500 14.50 | PAIR-CHANNEL-DEAD
# CONVTAG t=400.00 rough=0.000000 cond=1.706874 evap=3.463032 backs=0.451700
# QATOM t=401.44 dir=DF w=2.37053351 e=0.433874444352
t=  402.00 -5.39e-16 | 1.6630 14.99  20241    0      0      0 | 1.4035 14.72 | 0.00e+00 4.53e-02 |   1.0642 0.2661  2.6208  2.2121 0.500 14.50 | PAIR-CHANNEL-DEAD
# CONVTAG t=402.00 rough=0.000000 cond=1.706874 evap=3.463032 backs=0.451700
t=  404.00 -5.39e-16 | 1.6631 15.00  20244    0      0      0 | 1.4035 14.72 | 0.00e+00 4.15e-02 |   1.0800 0.2700  2.5914  2.2437 0.500 14.50 | PAIR-CHANNEL-DEAD
# CONVTAG t=404.00 rough=0.000000 cond=1.706874 evap=3.463032 backs=0.451700
t=  406.00 -5.39e-16 | 1.6633 14.98  20219    0      0      0 | 1.4032 14.72 | 0.00e+00 4.23e-02 |   1.1020 0.2755  2.6273  2.1996 0.500 14.50 | PAIR-CHANNEL-DEAD
# CONVTAG t=406.00 rough=0.000000 cond=1.706874 evap=3.463032 backs=0.451700
# QATOM t=407.46 dir=DF w=2.31860259 e=0.424369623023
t=  408.00 -5.39e-16 | 1.6634 14.98  20218    0      0      0 | 1.4031 14.71 | 0.00e+00 4.25e-02 |   1.0564 0.2641  2.7058  2.0980 0.500 14.50 | PAIR-CHANNEL-DEAD
# CONVTAG t=408.00 rough=0.000000 cond=1.706874 evap=3.463032 backs=0.451700
t=  410.00 -5.39e-16 | 1.6636 14.98  20225    0      0      0 | 1.4032 14.72 | 0.00e+00 4.41e-02 |   0.9995 0.2499  2.7638  2.0181 0.500 14.50 | PAIR-CHANNEL-DEAD
# CONVTAG t=410.00 rough=0.000000 cond=1.706874 evap=3.463032 backs=0.451700
t=  412.00 -5.39e-16 | 1.6633 14.99  20233    0      0      0 | 1.4033 14.71 | 0.00e+00 3.99e-02 |   1.2178 0.3045  2.9844  1.6606 0.500 14.00 | PAIR-CHANNEL-DEAD
# CONVTAG t=412.00 rough=0.000000 cond=1.917618 evap=3.463032 backs=0.451700
# QATOM t=413.58 dir=FD w=1.59303174 e=0.291569707064
t=  414.00 -5.39e-16 | 1.6634 15.01  20258    0      0      0 | 1.4036 14.72 | 0.00e+00 3.39e-02 |   1.2007 0.3002  3.0878  1.4531 0.500 14.00 | PAIR-CHANNEL-DEAD
# CONVTAG t=414.00 rough=0.000000 cond=1.917618 evap=3.463032 backs=0.451700
t=  416.00 -5.39e-16 | 1.6632 15.00  20254    0      0      0 | 1.4036 14.72 | 0.00e+00 4.51e-02 |   1.1907 0.2977  3.1416  1.3286 0.500 14.00 | PAIR-CHANNEL-DEAD
# CONVTAG t=416.00 rough=0.000000 cond=1.917618 evap=3.463032 backs=0.451700
t=  418.00 -5.39e-16 | 1.6634 15.00  20254    0      0      0 | 1.4036 14.72 | 0.00e+00 4.88e-02 |   1.1777 0.2944  3.2209  1.1550 0.500 14.00 | PAIR-CHANNEL-DEAD
# CONVTAG t=418.00 rough=0.000000 cond=1.917618 evap=3.463032 backs=0.451700
# QATOM t=419.62 dir=FD w=1.40494598 e=0.257144712202
t=  420.00 -5.39e-16 | 1.6633 14.99  20243    0      0      0 | 1.4035 14.73 | 0.00e+00 4.09e-02 |   1.1758 0.2940  3.1617  1.2757 0.500 14.00 | PAIR-CHANNEL-DEAD
# CONVTAG t=420.00 rough=0.000000 cond=1.917618 evap=3.463032 backs=0.451700
t=  422.00 -5.39e-16 | 1.6635 15.00  20254    0      0      0 | 1.4037 14.73 | 0.00e+00 5.00e-02 |   1.1504 0.2876  3.0865  1.4529 0.500 14.00 | PAIR-CHANNEL-DEAD
# CONVTAG t=422.00 rough=0.000000 cond=1.917618 evap=3.463032 backs=0.451700
t=  424.00 -5.39e-16 | 1.6635 15.00  20246    0      0      0 | 1.4035 14.72 | 0.00e+00 4.07e-02 |   1.1310 0.2827  3.1108  1.4385 0.500 14.00 | PAIR-CHANNEL-DEAD
# CONVTAG t=424.00 rough=0.000000 cond=1.917618 evap=3.463032 backs=0.451700
t=  426.00 -5.39e-16 | 1.6637 14.99  20235    0      0      0 | 1.4034 14.72 | 0.00e+00 3.76e-02 |   1.1181 0.2795  3.1863  1.2134 0.500 14.00 | PAIR-CHANNEL-DEAD
# CONVTAG t=426.00 rough=0.000000 cond=1.917618 evap=3.463032 backs=0.451700
# QATOM t=426.10 dir=DF w=2.61299297 e=0.478251359294
t=  428.00 -5.39e-16 | 1.6636 14.97  20216    0      0      0 | 1.4031 14.72 | 0.00e+00 5.00e-02 |   1.1146 0.2786  3.2063  1.1582 0.500 14.00 | PAIR-CHANNEL-DEAD
# CONVTAG t=428.00 rough=0.000000 cond=1.917618 evap=3.463032 backs=0.451700
t=  430.00 -5.39e-16 | 1.6640 14.99  20230    0      0      0 | 1.4033 14.72 | 0.00e+00 3.83e-02 |   1.1421 0.2855  3.1932  1.1945 0.500 14.00 | PAIR-CHANNEL-DEAD
# CONVTAG t=430.00 rough=0.000000 cond=1.917618 evap=3.463032 backs=0.451700
t=  432.00 -5.39e-16 | 1.6635 14.97  20216    0      0      0 | 1.4031 14.72 | 0.00e+00 4.14e-02 |   1.1744 0.2936  3.1091  1.4703 0.500 14.00 | PAIR-CHANNEL-DEAD
# CONVTAG t=432.00 rough=0.000000 cond=1.917618 evap=3.463032 backs=0.451700
# QATOM t=432.32 dir=DF w=2.30816733 e=0.422459676549
t=  434.00 -5.39e-16 | 1.6636 14.96  20202    0      0      0 | 1.4029 14.72 | 0.00e+00 4.32e-02 |   1.1208 0.2802  3.0375  1.5560 0.500 14.00 | PAIR-CHANNEL-DEAD
# CONVTAG t=434.00 rough=0.000000 cond=1.917618 evap=3.463032 backs=0.451700
t=  436.00 -5.39e-16 | 1.6636 14.97  20211    0      0      0 | 1.4030 14.72 | 0.00e+00 3.78e-02 |   1.1021 0.2755  2.9993  1.6330 0.500 14.00 | PAIR-CHANNEL-DEAD
# CONVTAG t=436.00 rough=0.000000 cond=1.917618 evap=3.463032 backs=0.451700
t=  438.00 -5.39e-16 | 1.6637 14.98  20223    0      0      0 | 1.4032 14.72 | 0.00e+00 3.93e-02 |   1.1143 0.2786  2.9224  1.7718 0.500 14.00 | PAIR-CHANNEL-DEAD
# CONVTAG t=438.00 rough=0.000000 cond=1.917618 evap=3.463032 backs=0.451700
# QATOM t=438.44 dir=DF w=2.33414277 e=0.427213912991
t=  440.00 -5.39e-16 | 1.6641 14.97  20206    0      0      0 | 1.4030 14.72 | 0.00e+00 3.76e-02 |   1.1281 0.2820  2.8470  1.8939 0.500 14.00 | PAIR-CHANNEL-DEAD
# CONVTAG t=440.00 rough=0.000000 cond=1.917618 evap=3.463032 backs=0.451700
t=  442.00 -5.39e-16 | 1.6636 14.97  20210    0      0      0 | 1.4031 14.72 | 0.00e+00 4.99e-02 |   1.1583 0.2896  2.8454  1.8969 0.500 14.00 | PAIR-CHANNEL-DEAD
# CONVTAG t=442.00 rough=0.000000 cond=1.917618 evap=3.463032 backs=0.451700
t=  444.00 -5.39e-16 | 1.6633 14.97  20213    0      0      0 | 1.4031 14.72 | 0.00e+00 4.68e-02 |   1.1888 0.2972  2.8528  1.8842 0.500 14.00 | PAIR-CHANNEL-DEAD
# CONVTAG t=444.00 rough=0.000000 cond=1.917618 evap=3.463032 backs=0.451700
# QATOM t=444.30 dir=DF w=2.61516495 e=0.478648893097
t=  446.00 -5.39e-16 | 1.6631 14.99  20231    0      0      0 | 1.4034 14.72 | 0.00e+00 3.15e-02 |   1.1981 0.2995  2.7522  2.0349 0.500 14.00 | PAIR-CHANNEL-DEAD
# CONVTAG t=446.00 rough=0.000000 cond=1.917618 evap=3.463032 backs=0.451700
t=  448.00 -5.39e-16 | 1.6629 14.98  20226    0      0      0 | 1.4033 14.72 | 0.00e+00 3.33e-02 |   1.1247 0.2812  2.6763  2.1364 0.500 14.00 | PAIR-CHANNEL-DEAD
# CONVTAG t=448.00 rough=0.000000 cond=1.917618 evap=3.463032 backs=0.451700
t=  450.00 -5.39e-16 | 1.6629 14.98  20228    0      0      0 | 1.4033 14.72 | 0.00e+00 5.00e-02 |   1.0759 0.2690  2.5007  2.3447 0.500 14.00 | PAIR-CHANNEL-DEAD
# CONVTAG t=450.00 rough=0.000000 cond=1.917618 evap=3.463032 backs=0.451700
# QATOM t=450.26 dir=FD w=1.5940274 e=0.291751940785
t=  452.00 -5.39e-16 | 1.6630 14.98  20217    0      0      0 | 1.4031 14.72 | 0.00e+00 5.00e-02 |   1.0854 0.2714  2.3420  2.5093 0.500 14.00 | PAIR-CHANNEL-DEAD
# CONVTAG t=452.00 rough=0.000000 cond=1.917618 evap=3.463032 backs=0.451700
t=  454.00 -5.39e-16 | 1.6632 14.97  20209    0      0      0 | 1.4030 14.71 | 0.00e+00 3.61e-02 |   1.0749 0.2687  2.3900  2.4597 0.500 14.00 | PAIR-CHANNEL-DEAD
# CONVTAG t=454.00 rough=0.000000 cond=1.917618 evap=3.463032 backs=0.451700
t=  456.00 -6.74e-16 | 1.6630 14.98  20217    0      0      0 | 1.4031 14.72 | 0.00e+00 5.00e-02 |   1.0699 0.2675  2.4147  2.4346 0.500 14.00 | PAIR-CHANNEL-DEAD
# CONVTAG t=456.00 rough=0.000000 cond=1.917618 evap=3.463032 backs=0.451700
# QATOM t=456.56 dir=DF w=2.35203644 e=0.430488959637
t=  458.00 -5.39e-16 | 1.6635 14.98  20227    0      0      0 | 1.4033 14.72 | 0.00e+00 4.03e-02 |   1.0747 0.2687  2.4859  2.3573 0.500 14.00 | PAIR-CHANNEL-DEAD
# CONVTAG t=458.00 rough=0.000000 cond=1.917618 evap=3.463032 backs=0.451700
t=  460.00 -5.39e-16 | 1.6636 14.99  20238    0      0      0 | 1.4034 14.72 | 0.00e+00 3.87e-02 |   1.0578 0.2645  2.5131  2.3271 0.500 14.00 | PAIR-CHANNEL-DEAD
# CONVTAG t=460.00 rough=0.000000 cond=1.917618 evap=3.463032 backs=0.451700
t=  462.00 -5.39e-16 | 1.6636 14.97  20216    0      0      0 | 1.4031 14.72 | 0.00e+00 4.59e-02 |   1.0384 0.2596  2.4945  2.6428 0.500 14.00 | PAIR-CHANNEL-DEAD
# CONVTAG t=462.00 rough=0.000000 cond=1.917618 evap=3.463032 backs=0.451700
# QATOM t=462.86 dir=FD w=1.59109651 e=0.29121550505
t=  464.00 -5.39e-16 | 1.6635 14.98  20228    0      0      0 | 1.4034 14.73 | 0.00e+00 4.07e-02 |   1.0701 0.2675  2.5479  2.2894 0.500 14.00 | PAIR-CHANNEL-DEAD
# CONVTAG t=464.00 rough=0.000000 cond=1.917618 evap=3.463032 backs=0.451700
t=  466.00 -5.39e-16 | 1.6637 14.98  20228    0      0      0 | 1.4033 14.73 | 0.00e+00 3.38e-02 |   1.1224 0.2806  2.5550  2.2818 0.500 14.00 | PAIR-CHANNEL-DEAD
# CONVTAG t=466.00 rough=0.000000 cond=1.917618 evap=3.463032 backs=0.451700
t=  468.00 -5.39e-16 | 1.6639 14.97  20215    0      0      0 | 1.4031 14.72 | 0.00e+00 4.27e-02 |   1.0292 0.2573  2.4860  2.3577 0.500 14.00 | PAIR-CHANNEL-DEAD
# CONVTAG t=468.00 rough=0.000000 cond=1.917618 evap=3.463032 backs=0.451700
# QATOM t=468.54 dir=FD w=1.62945656 e=0.298236476313
t=  470.00 -5.39e-16 | 1.6638 14.96  20199    0      0      0 | 1.4029 14.72 | 0.00e+00 4.07e-02 |   0.5956 0.1489  2.0785  2.7438 0.500 14.50 | PAIR-CHANNEL-DEAD
# CONVTAG t=470.00 rough=0.000000 cond=1.917618 evap=3.463032 backs=0.451700
t=  472.00 -5.39e-16 | 1.6639 14.98  20225    0      0      0 | 1.4033 14.72 | 0.00e+00 4.72e-02 |   0.5279 0.1320  2.2396  2.6021 0.500 14.50 | PAIR-CHANNEL-DEAD
# CONVTAG t=472.00 rough=0.000000 cond=1.917618 evap=3.463032 backs=0.451700
t=  474.00 -5.39e-16 | 1.6634 14.99  20234    0      0      0 | 1.4034 14.72 | 0.00e+00 4.49e-02 |   0.5717 0.1429  2.3555  2.4971 0.500 14.50 | PAIR-CHANNEL-DEAD
# CONVTAG t=474.00 rough=0.000000 cond=1.917618 evap=3.463032 backs=0.451700
# QATOM t=474.44 dir=DF w=2.26245225 e=0.41409252869
t=  476.00 -5.39e-16 | 1.6635 14.99  20241    0      0      0 | 1.4035 14.73 | 0.00e+00 3.51e-02 |   0.7790 0.1948  2.6594  2.1558 0.500 14.50 | PAIR-CHANNEL-DEAD
# CONVTAG t=476.00 rough=0.000000 cond=1.917618 evap=3.463032 backs=0.451700
t=  478.00 -5.39e-16 | 1.6630 14.99  20235    0      0      0 | 1.4034 14.72 | 0.00e+00 3.40e-02 |   0.7627 0.1907  2.6295  2.1928 0.500 14.50 | PAIR-CHANNEL-DEAD
# CONVTAG t=478.00 rough=0.000000 cond=1.917618 evap=3.821435 backs=0.498448
t=  480.00 -5.39e-16 | 1.6632 14.98  20218    0      0      0 | 1.4032 14.72 | 0.00e+00 4.72e-02 |   0.9079 0.2270  2.7034  2.0967 0.500 14.50 | PAIR-CHANNEL-DEAD
# CONVTAG t=480.00 rough=0.000000 cond=1.917618 evap=3.821435 backs=0.498448
#
# RESULT drift_rel -5.391e-16
# RESULT births 0 deaths 0 beta_returns 0 beta_energy 0.000000e+00
# RESULT conv rough=4.322555 cond=2214.777703 evap=0.000000 backs=266.554793 rad=2039.264188
# RESULT convtag rough=0.000000 cond=1.917618 evap=3.821435 backs=0.498448 net=-1.405369
# RESULT geometry phi_nom=1.6632 z_live=14.98 dbar=1.4032 sigma_d=0.1472
# RESULT pair CHANNEL DEAD
