# freecell — v89 free-cell substance test (exp=pair)
# laws = laws_V2g VERBATIM (defaults): C=1 w1=1.65 w2=2.9 q_detune=1.2
# gamma_res=0.25 gamma_res_m=0.1 p_gate=8 lock_floor=0.005 k_dep=1.2 k_dep_m=2 cap=2.5
# e_s0=1 es_floor=0.05 e_cond=0 f_conv=0.25 f_evap=0.5 s_pull=0.15
# kappa_lock=1 kappa_align=0.5 s_k=0.06 s_disp=0.3 sigma_tumble=0.01
# comb_limit=6 rough_k=0.35 gamma_rough=0.5 mob_sym=1 mob_floor=0.004 field_J=1.8
# quant_A0=1.15 quant_mode=2 (A0eff=1.15)
# v91 radiance (laws_V3r candidate A): k_rad=0.1 p_rad=4 rad_clock=0
# GEOMETRY (apparatus): cfac=1.15 k_rep=1 mob_geo=1 kappa_bond=1 freeze_geo=1
# bath=1 bath_frac=1 jam_sweeps=800 jam_k=0.1 L=16 dt=0.02 T=480 seed=20260802 diag_every=100
# JAM sweeps=800 max_step=1.402e-04 (tol 1.0e-04, k_end=0.0010) — witness for the settle
# SEED pair: i=475 j=1565 x=0.8000/0.8000 p:q=1:1 m=1 d*=2.123283 d0=6.984974 (doff +4.8767)
# SEED pair radii r=0.7316 contact=1.5445  Em/voice=2.0000
# SEED noise: amp=0.5 (e1-class churn)
# INIT NC=2700 slots=25950 live=20839 phi_nom=1.7041 z_live=15.44 dbar=1.4112 sigma_d=14.79% E0=3374.379972916
#
# t | drift_rel | phi_nom z_live NLa NLd births deaths | dbar sigma_d% | maxstep maxbond | Em_tag ret com_dev rms conn z_tag | pair: d delta gf gb | core/far
t=    0.00 +0.00e+00 | 1.7041 15.44  20839    0      0      0 | 1.4112 14.79 | 0.00e+00 0.00e+00 |   4.0000 1.0000  0.3317  3.4925 0.500 13.00 | PAIR-CHANNEL-DEAD
# CONVTAG t=0.00 rough=0.000000 cond=0.000000 evap=0.000000 backs=0.000000
t=    2.00 -1.35e-16 | 1.7040 15.36  20735    0      0      0 | 1.4099 14.78 | 0.00e+00 1.03e-03 |   3.9477 0.9869  0.3352  3.4959 0.500 12.00 | PAIR-CHANNEL-DEAD
# CONVTAG t=2.00 rough=0.000000 cond=0.000000 evap=0.000000 backs=0.000000
t=    4.00 -4.04e-16 | 1.7042 15.34  20714    0      0      0 | 1.4097 14.79 | 0.00e+00 9.53e-04 |   3.8852 0.9713  0.3309  3.4950 0.500 11.00 | PAIR-CHANNEL-DEAD
# CONVTAG t=4.00 rough=0.000000 cond=0.000000 evap=0.000000 backs=0.000000
# QATOM t=5.36 dir=FD w=1.65 e=0.301996504517
t=    6.00 -5.39e-16 | 1.7042 15.33  20700    0      0      0 | 1.4096 14.79 | 0.00e+00 7.36e-04 |   3.8415 0.9604  0.3280  3.4942 0.500 10.50 | PAIR-CHANNEL-DEAD
# CONVTAG t=6.00 rough=0.000000 cond=0.000000 evap=0.000000 backs=0.000000
t=    8.00 -6.74e-16 | 1.7039 15.32  20684    0      0      0 | 1.4094 14.79 | 0.00e+00 5.54e-04 |   3.8125 0.9531  0.3259  3.4934 0.500 10.00 | PAIR-CHANNEL-DEAD
# CONVTAG t=8.00 rough=0.000000 cond=0.000000 evap=0.000000 backs=0.000000
t=   10.00 -6.74e-16 | 1.7036 15.33  20692    0      0      0 | 1.4094 14.79 | 0.00e+00 4.36e-04 |   3.7888 0.9472  0.3240  3.4929 0.500 10.00 | PAIR-CHANNEL-DEAD
# CONVTAG t=10.00 rough=0.000000 cond=0.000000 evap=0.000000 backs=0.000000
t=   12.00 -6.74e-16 | 1.7025 15.32  20682    0      0      0 | 1.4094 14.79 | 0.00e+00 4.58e-03 |   3.7714 0.9429  0.3225  3.4925 0.500 10.00 | PAIR-CHANNEL-DEAD
# CONVTAG t=12.00 rough=0.000000 cond=0.000000 evap=0.000000 backs=0.000000
t=   14.00 -6.74e-16 | 1.7015 15.29  20639    0      0      0 | 1.4088 14.79 | 0.00e+00 3.81e-03 |   3.7575 0.9394  0.3215  3.4922 0.500  9.00 | PAIR-CHANNEL-DEAD
# CONVTAG t=14.00 rough=0.000000 cond=0.000000 evap=0.000000 backs=0.000000
t=   16.00 -6.74e-16 | 1.7000 15.28  20625    0      0      0 | 1.4087 14.79 | 0.00e+00 5.59e-03 |   3.7475 0.9369  0.3212  3.4922 0.500  8.50 | PAIR-CHANNEL-DEAD
# CONVTAG t=16.00 rough=0.000000 cond=0.000000 evap=0.000000 backs=0.000000
# QATOM t=17.64 dir=FD w=1.6499794 e=0.30199273449
t=   18.00 -6.74e-16 | 1.6980 15.27  20608    0      0      0 | 1.4086 14.79 | 0.00e+00 6.74e-03 |   3.7423 0.9356  0.3212  3.4922 0.500  9.00 | PAIR-CHANNEL-DEAD
# CONVTAG t=18.00 rough=0.000000 cond=0.000000 evap=0.000000 backs=0.000000
t=   20.00 -5.39e-16 | 1.6961 15.23  20560    0      0      0 | 1.4079 14.78 | 0.00e+00 1.67e-02 |   3.7380 0.9345  0.3215  3.4923 0.500  9.50 | PAIR-CHANNEL-DEAD
# CONVTAG t=20.00 rough=0.000000 cond=0.000000 evap=0.000000 backs=0.000000
t=   22.00 -6.74e-16 | 1.6935 15.22  20549    0      0      0 | 1.4077 14.78 | 0.00e+00 1.28e-02 |   3.7358 0.9339  0.3218  3.4923 0.500  9.50 | PAIR-CHANNEL-DEAD
# CONVTAG t=22.00 rough=0.000000 cond=0.000000 evap=0.000000 backs=0.000000
# QATOM t=22.34 dir=FD w=1.64957865 e=0.301919386478
t=   24.00 -6.74e-16 | 1.6903 15.18  20490    0      0      0 | 1.4069 14.77 | 0.00e+00 3.07e-02 |   3.6363 0.9091  0.3518  3.4921 0.500  9.00 | PAIR-CHANNEL-DEAD
# CONVTAG t=24.00 rough=0.000000 cond=0.158455 evap=0.278497 backs=0.036326
t=   26.00 -6.74e-16 | 1.6874 15.16  20462    0      0      0 | 1.4066 14.77 | 0.00e+00 2.28e-02 |   3.6369 0.9092  0.3513  3.4924 0.500  9.50 | PAIR-CHANNEL-DEAD
# CONVTAG t=26.00 rough=0.000000 cond=0.158455 evap=0.278497 backs=0.036326
# QATOM t=26.42 dir=FD w=1.64971174 e=0.301943743958
t=   28.00 -6.74e-16 | 1.6847 15.12  20409    0      0      0 | 1.4058 14.76 | 0.00e+00 2.33e-02 |   3.3467 0.8367  0.3440  3.4840 0.500 10.00 | PAIR-CHANNEL-DEAD
# CONVTAG t=28.00 rough=0.000000 cond=0.158455 evap=0.559964 backs=0.073039
t=   30.00 -6.74e-16 | 1.6822 15.09  20370    0      0      0 | 1.4052 14.75 | 0.00e+00 4.79e-02 |   3.3295 0.8324  0.3482  3.4834 0.500 10.00 | PAIR-CHANNEL-DEAD
# CONVTAG t=30.00 rough=0.000000 cond=0.158455 evap=0.559964 backs=0.073039
# QATOM t=30.60 dir=FD w=1.64894427 e=0.301803276812
t=   32.00 -6.74e-16 | 1.6796 15.07  20350    0      0      0 | 1.4050 14.74 | 0.00e+00 2.75e-02 |   3.3285 0.8321  0.3492  3.4832 0.500 10.00 | PAIR-CHANNEL-DEAD
# CONVTAG t=32.00 rough=0.000000 cond=0.158455 evap=0.559964 backs=0.073039
t=   34.00 -6.74e-16 | 1.6775 15.05  20321    0      0      0 | 1.4046 14.74 | 0.00e+00 2.61e-02 |   3.3301 0.8325  0.3499  3.4831 0.500 10.00 | PAIR-CHANNEL-DEAD
# CONVTAG t=34.00 rough=0.000000 cond=0.158455 evap=0.559964 backs=0.073039
# QATOM t=35.40 dir=FD w=1.6493474 e=0.301877059443
t=   36.00 -6.74e-16 | 1.6752 15.04  20307    0      0      0 | 1.4044 14.74 | 0.00e+00 2.13e-02 |   3.3187 0.8297  0.3451  3.4840 0.500 10.00 | PAIR-CHANNEL-DEAD
# CONVTAG t=36.00 rough=0.000000 cond=0.158455 evap=0.559964 backs=0.073039
t=   38.00 -6.74e-16 | 1.6732 15.02  20283    0      0      0 | 1.4041 14.74 | 0.00e+00 2.92e-02 |   3.3125 0.8281  0.3455  3.4841 0.500 10.00 | PAIR-CHANNEL-DEAD
# CONVTAG t=38.00 rough=0.000000 cond=0.158455 evap=0.559964 backs=0.073039
t=   40.00 -6.74e-16 | 1.6714 15.01  20257    0      0      0 | 1.4037 14.73 | 0.00e+00 3.37e-02 |   3.3105 0.8276  0.3459  3.4840 0.500 10.00 | PAIR-CHANNEL-DEAD
# CONVTAG t=40.00 rough=0.000000 cond=0.158455 evap=0.559964 backs=0.073039
# QATOM t=41.14 dir=FD w=1.63832102 e=0.299858921852
t=   42.00 -6.74e-16 | 1.6696 15.00  20249    0      0      0 | 1.4036 14.73 | 0.00e+00 2.67e-02 |   3.0169 0.7542  0.3586  3.4919 0.500 10.00 | PAIR-CHANNEL-DEAD
# CONVTAG t=42.00 rough=0.000000 cond=0.158455 evap=0.847165 backs=0.110500
t=   44.00 -6.74e-16 | 1.6686 14.97  20210    0      0      0 | 1.4031 14.72 | 0.00e+00 2.96e-02 |   3.0135 0.7534  0.3601  3.4919 0.500 10.00 | PAIR-CHANNEL-DEAD
# CONVTAG t=44.00 rough=0.000000 cond=0.158455 evap=0.847165 backs=0.110500
t=   46.00 -6.74e-16 | 1.6672 14.94  20174    0      0      0 | 1.4025 14.71 | 0.00e+00 3.29e-02 |   3.0107 0.7527  0.3570  3.4919 0.500 10.50 | PAIR-CHANNEL-DEAD
# CONVTAG t=46.00 rough=0.000000 cond=0.158455 evap=0.847165 backs=0.110500
t=   48.00 -6.74e-16 | 1.6662 14.94  20173    0      0      0 | 1.4026 14.72 | 0.00e+00 3.53e-02 |   3.0051 0.7513  0.3592  3.4918 0.500 11.50 | PAIR-CHANNEL-DEAD
# CONVTAG t=48.00 rough=0.000000 cond=0.158455 evap=0.847165 backs=0.110500
# QATOM t=49.62 dir=FD w=1.40272305 e=0.256737853626
t=   50.00 -6.74e-16 | 1.6649 14.94  20163    0      0      0 | 1.4025 14.72 | 0.00e+00 3.04e-02 |   2.9950 0.7487  0.3633  3.4916 0.500 10.00 | PAIR-CHANNEL-DEAD
# CONVTAG t=50.00 rough=0.000000 cond=0.158455 evap=0.847165 backs=0.110500
t=   52.00 -6.74e-16 | 1.6641 14.91  20133    0      0      0 | 1.4021 14.71 | 0.00e+00 3.36e-02 |   3.1991 0.7998  0.3184  3.4893 0.500 10.00 | PAIR-CHANNEL-DEAD
# CONVTAG t=52.00 rough=0.000000 cond=0.335798 evap=0.847165 backs=0.110500
t=   54.00 -6.74e-16 | 1.6635 14.93  20151    0      0      0 | 1.4024 14.72 | 0.00e+00 3.38e-02 |   3.1964 0.7991  0.3197  3.4889 0.500 10.00 | PAIR-CHANNEL-DEAD
# CONVTAG t=54.00 rough=0.000000 cond=0.335798 evap=0.847165 backs=0.110500
t=   56.00 -6.74e-16 | 1.6629 14.93  20153    0      0      0 | 1.4024 14.72 | 0.00e+00 3.93e-02 |   3.1952 0.7988  0.3196  3.4889 0.500 10.00 | PAIR-CHANNEL-DEAD
# CONVTAG t=56.00 rough=0.000000 cond=0.335798 evap=0.847165 backs=0.110500
t=   58.00 -8.09e-16 | 1.6622 14.91  20134    0      0      0 | 1.4021 14.72 | 0.00e+00 3.38e-02 |   3.1875 0.7969  0.3182  3.4892 0.500 10.00 | PAIR-CHANNEL-DEAD
# CONVTAG t=58.00 rough=0.000000 cond=0.335798 evap=0.847165 backs=0.110500
t=   60.00 -8.09e-16 | 1.6617 14.91  20129    0      0      0 | 1.4021 14.72 | 0.00e+00 5.00e-02 |   3.1583 0.7896  0.3214  3.4884 0.500 10.00 | PAIR-CHANNEL-DEAD
# CONVTAG t=60.00 rough=0.000000 cond=0.335798 evap=0.847165 backs=0.110500
# QATOM t=60.90 dir=FD w=1.49516784 e=0.273657855876
t=   62.00 -6.74e-16 | 1.6613 14.89  20104    0      0      0 | 1.4017 14.71 | 0.00e+00 3.22e-02 |   3.1470 0.7867  0.3240  3.4879 0.500 10.00 | PAIR-CHANNEL-DEAD
# CONVTAG t=62.00 rough=0.000000 cond=0.335798 evap=0.847165 backs=0.110500
t=   64.00 -6.74e-16 | 1.6608 14.90  20111    0      0      0 | 1.4018 14.71 | 0.00e+00 3.98e-02 |   3.1483 0.7871  0.3242  3.4878 0.500 10.00 | PAIR-CHANNEL-DEAD
# CONVTAG t=64.00 rough=0.000000 cond=0.335798 evap=0.847165 backs=0.110500
t=   66.00 -6.74e-16 | 1.6607 14.90  20118    0      0      0 | 1.4019 14.72 | 0.00e+00 5.00e-02 |   3.1491 0.7873  0.3240  3.4885 0.500 10.00 | PAIR-CHANNEL-DEAD
# CONVTAG t=66.00 rough=0.000000 cond=0.335798 evap=0.847165 backs=0.110500
t=   68.00 -6.74e-16 | 1.6602 14.91  20126    0      0      0 | 1.4020 14.71 | 0.00e+00 2.82e-02 |   3.1362 0.7840  0.3230  3.4881 0.500 10.00 | PAIR-CHANNEL-DEAD
# CONVTAG t=68.00 rough=0.000000 cond=0.335798 evap=0.847165 backs=0.110500
t=   70.00 -8.09e-16 | 1.6600 14.90  20112    0      0      0 | 1.4018 14.71 | 0.00e+00 4.13e-02 |   2.8353 0.7088  0.4203  3.4881 0.500 11.00 | PAIR-CHANNEL-DEAD
# CONVTAG t=70.00 rough=0.000000 cond=0.335798 evap=1.143829 backs=0.149195
t=   72.00 -8.09e-16 | 1.6598 14.89  20095    0      0      0 | 1.4016 14.71 | 0.00e+00 3.52e-02 |   2.8331 0.7083  0.4192  3.4883 0.500 10.00 | PAIR-CHANNEL-DEAD
# CONVTAG t=72.00 rough=0.000000 cond=0.335798 evap=1.143829 backs=0.149195
t=   74.00 -8.09e-16 | 1.6596 14.88  20084    0      0      0 | 1.4015 14.71 | 0.00e+00 2.77e-02 |   2.8339 0.7085  0.4183  3.4882 0.500 10.50 | PAIR-CHANNEL-DEAD
# CONVTAG t=74.00 rough=0.000000 cond=0.335798 evap=1.143829 backs=0.149195
# QATOM t=74.94 dir=DF w=2.10230413 e=0.384780907647
t=   76.00 -8.09e-16 | 1.6597 14.88  20082    0      0      0 | 1.4014 14.71 | 0.00e+00 3.92e-02 |   2.8375 0.7094  0.4069  3.4891 0.500 11.00 | PAIR-CHANNEL-DEAD
# CONVTAG t=76.00 rough=0.000000 cond=0.335798 evap=1.143829 backs=0.149195
t=   78.00 -8.09e-16 | 1.6597 14.88  20085    0      0      0 | 1.4015 14.71 | 0.00e+00 5.00e-02 |   2.8391 0.7098  0.4054  3.4892 0.500 11.00 | PAIR-CHANNEL-DEAD
# CONVTAG t=78.00 rough=0.000000 cond=0.335798 evap=1.143829 backs=0.149195
t=   80.00 -8.09e-16 | 1.6596 14.88  20085    0      0      0 | 1.4015 14.71 | 0.00e+00 3.89e-02 |   2.5117 0.6279  0.3465  3.4836 0.500 11.50 | PAIR-CHANNEL-DEAD
# CONVTAG t=80.00 rough=0.000000 cond=0.335798 evap=1.454141 backs=0.189671
t=   82.00 -6.74e-16 | 1.6595 14.88  20082    0      0      0 | 1.4015 14.71 | 0.00e+00 4.64e-02 |   2.4968 0.6242  0.3432  3.4842 0.500 11.50 | PAIR-CHANNEL-DEAD
# CONVTAG t=82.00 rough=0.000000 cond=0.335798 evap=1.454141 backs=0.189671
t=   84.00 -8.09e-16 | 1.6598 14.89  20103    0      0      0 | 1.4017 14.71 | 0.00e+00 3.44e-02 |   2.4908 0.6227  0.3461  3.4837 0.500 11.00 | PAIR-CHANNEL-DEAD
# CONVTAG t=84.00 rough=0.000000 cond=0.335798 evap=1.454141 backs=0.189671
t=   86.00 -6.74e-16 | 1.6598 14.89  20102    0      0      0 | 1.4017 14.71 | 0.00e+00 3.54e-02 |   2.4751 0.6188  0.3441  3.4841 0.500 12.00 | PAIR-CHANNEL-DEAD
# CONVTAG t=86.00 rough=0.000000 cond=0.335798 evap=1.454141 backs=0.189671
# QATOM t=86.74 dir=FD w=1.63505922 e=0.299261921433
t=   88.00 -6.74e-16 | 1.6598 14.88  20094    0      0      0 | 1.4016 14.71 | 0.00e+00 2.45e-02 |   2.4745 0.6186  0.3423  3.4844 0.500 13.00 | PAIR-CHANNEL-DEAD
# CONVTAG t=88.00 rough=0.000000 cond=0.335798 evap=1.454141 backs=0.189671
t=   90.00 -6.74e-16 | 1.6599 14.87  20077    0      0      0 | 1.4013 14.71 | 0.00e+00 4.11e-02 |   2.4813 0.6203  0.3389  3.4849 0.500 13.00 | PAIR-CHANNEL-DEAD
# CONVTAG t=90.00 rough=0.000000 cond=0.335798 evap=1.454141 backs=0.189671
t=   92.00 -8.09e-16 | 1.6599 14.86  20065    0      0      0 | 1.4012 14.71 | 0.00e+00 4.16e-02 |   2.4853 0.6213  0.3450  3.4838 0.500 13.00 | PAIR-CHANNEL-DEAD
# CONVTAG t=92.00 rough=0.000000 cond=0.335798 evap=1.454141 backs=0.189671
t=   94.00 -8.09e-16 | 1.6598 14.87  20072    0      0      0 | 1.4013 14.71 | 0.00e+00 3.98e-02 |   2.4606 0.6151  0.3480  3.4833 0.500 13.00 | PAIR-CHANNEL-DEAD
# CONVTAG t=94.00 rough=0.000000 cond=0.335798 evap=1.454141 backs=0.189671
t=   96.00 -8.09e-16 | 1.6596 14.87  20076    0      0      0 | 1.4014 14.71 | 0.00e+00 4.14e-02 |   2.4388 0.6097  0.3430  3.4843 0.500 13.00 | PAIR-CHANNEL-DEAD
# CONVTAG t=96.00 rough=0.000000 cond=0.335798 evap=1.454141 backs=0.189671
t=   98.00 -8.09e-16 | 1.6595 14.88  20089    0      0      0 | 1.4016 14.71 | 0.00e+00 3.22e-02 |   2.4384 0.6096  0.3430  3.4843 0.500 13.00 | PAIR-CHANNEL-DEAD
# CONVTAG t=98.00 rough=0.000000 cond=0.335798 evap=1.454141 backs=0.189671
# QATOM t=98.40 dir=DF w=2.10213465 e=0.384749888676
t=  100.00 -6.74e-16 | 1.6596 14.88  20087    0      0      0 | 1.4015 14.71 | 0.00e+00 3.86e-02 |   2.4398 0.6100  0.3432  3.4842 0.500 13.00 | PAIR-CHANNEL-DEAD
# CONVTAG t=100.00 rough=0.000000 cond=0.335798 evap=1.454141 backs=0.189671
t=  102.00 -6.74e-16 | 1.6600 14.90  20111    0      0      0 | 1.4018 14.71 | 0.00e+00 3.40e-02 |   2.4469 0.6117  0.3455  3.4838 0.500 13.00 | PAIR-CHANNEL-DEAD
# CONVTAG t=102.00 rough=0.000000 cond=0.335798 evap=1.454141 backs=0.189671
t=  104.00 -6.74e-16 | 1.6601 14.89  20101    0      0      0 | 1.4017 14.72 | 0.00e+00 3.43e-02 |   2.4378 0.6094  0.3443  3.4861 0.500 12.50 | PAIR-CHANNEL-DEAD
# CONVTAG t=104.00 rough=0.000000 cond=0.335798 evap=1.454141 backs=0.189671
t=  106.00 -6.74e-16 | 1.6600 14.89  20105    0      0      0 | 1.4018 14.72 | 0.00e+00 3.38e-02 |   2.4113 0.6028  0.3455  3.4840 0.500 13.00 | PAIR-CHANNEL-DEAD
# CONVTAG t=106.00 rough=0.000000 cond=0.335798 evap=1.454141 backs=0.189671
# QATOM t=107.94 dir=DF w=2.56134816 e=0.468798904604
t=  108.00 -6.74e-16 | 1.6601 14.89  20101    0      0      0 | 1.4018 14.72 | 0.00e+00 3.79e-02 |   2.3990 0.5998  0.3438  3.4841 0.500 12.50 | PAIR-CHANNEL-DEAD
# CONVTAG t=108.00 rough=0.000000 cond=0.335798 evap=1.454141 backs=0.189671
t=  110.00 -6.74e-16 | 1.6600 14.90  20114    0      0      0 | 1.4020 14.72 | 0.00e+00 3.30e-02 |   2.3977 0.5994  0.3439  3.4842 0.500 12.50 | PAIR-CHANNEL-DEAD
# CONVTAG t=110.00 rough=0.000000 cond=0.335798 evap=1.454141 backs=0.189671
t=  112.00 -6.74e-16 | 1.6598 14.88  20092    0      0      0 | 1.4017 14.72 | 0.00e+00 4.92e-02 |   2.3961 0.5990  0.3446  3.4839 0.500 12.50 | PAIR-CHANNEL-DEAD
# CONVTAG t=112.00 rough=0.000000 cond=0.335798 evap=1.454141 backs=0.189671
t=  114.00 -6.74e-16 | 1.6597 14.89  20105    0      0      0 | 1.4018 14.72 | 0.00e+00 3.49e-02 |   2.4110 0.6027  0.3504  3.4833 0.500 11.50 | PAIR-CHANNEL-DEAD
# CONVTAG t=114.00 rough=0.000000 cond=0.335798 evap=1.454141 backs=0.189671
t=  116.00 -6.74e-16 | 1.6598 14.89  20100    0      0      0 | 1.4017 14.72 | 0.00e+00 3.27e-02 |   2.4060 0.6015  0.3477  3.4833 0.500 12.00 | PAIR-CHANNEL-DEAD
# CONVTAG t=116.00 rough=0.000000 cond=0.335798 evap=1.454141 backs=0.189671
# QATOM t=117.06 dir=FD w=1.64273185 e=0.300666227345
t=  118.00 -6.74e-16 | 1.6597 14.89  20096    0      0      0 | 1.4017 14.72 | 0.00e+00 2.92e-02 |   2.3893 0.5973  0.3443  3.4839 0.500 12.00 | PAIR-CHANNEL-DEAD
# CONVTAG t=118.00 rough=0.000000 cond=0.335798 evap=1.454141 backs=0.189671
t=  120.00 -6.74e-16 | 1.6597 14.88  20083    0      0      0 | 1.4015 14.71 | 0.00e+00 3.59e-02 |   2.3681 0.5920  0.3570  3.4818 0.500 12.00 | PAIR-CHANNEL-DEAD
# CONVTAG t=120.00 rough=0.000000 cond=0.335798 evap=1.454141 backs=0.189671
t=  122.00 -6.74e-16 | 1.6598 14.88  20093    0      0      0 | 1.4017 14.72 | 0.00e+00 5.00e-02 |   2.3633 0.5908  0.3580  3.4817 0.500 12.50 | PAIR-CHANNEL-DEAD
# CONVTAG t=122.00 rough=0.000000 cond=0.335798 evap=1.454141 backs=0.189671
t=  124.00 -6.74e-16 | 1.6600 14.88  20086    0      0      0 | 1.4016 14.72 | 0.00e+00 3.94e-02 |   2.3694 0.5924  0.3610  3.4812 0.500 12.00 | PAIR-CHANNEL-DEAD
# CONVTAG t=124.00 rough=0.000000 cond=0.335798 evap=1.454141 backs=0.189671
t=  126.00 -6.74e-16 | 1.6601 14.89  20101    0      0      0 | 1.4017 14.72 | 0.00e+00 3.11e-02 |   2.3674 0.5918  0.3578  3.4816 0.500 12.00 | PAIR-CHANNEL-DEAD
# CONVTAG t=126.00 rough=0.000000 cond=0.335798 evap=1.454141 backs=0.189671
# QATOM t=126.84 dir=FD w=1.62620024 e=0.297640478548
t=  128.00 -6.74e-16 | 1.6605 14.90  20117    0      0      0 | 1.4020 14.72 | 0.00e+00 3.87e-02 |   2.3436 0.5859  0.3630  3.4809 0.500 12.00 | PAIR-CHANNEL-DEAD
# CONVTAG t=128.00 rough=0.000000 cond=0.335798 evap=1.454141 backs=0.189671
t=  130.00 -6.74e-16 | 1.6605 14.90  20121    0      0      0 | 1.4020 14.72 | 0.00e+00 3.30e-02 |   2.3452 0.5863  0.3627  3.4809 0.500 12.50 | PAIR-CHANNEL-DEAD
# CONVTAG t=130.00 rough=0.000000 cond=0.335798 evap=1.454141 backs=0.189671
t=  132.00 -6.74e-16 | 1.6606 14.89  20104    0      0      0 | 1.4018 14.72 | 0.00e+00 3.59e-02 |   2.3377 0.5844  0.3633  3.4807 0.500 12.50 | PAIR-CHANNEL-DEAD
# CONVTAG t=132.00 rough=0.000000 cond=0.335798 evap=1.454141 backs=0.189671
t=  134.00 -6.74e-16 | 1.6606 14.90  20113    0      0      0 | 1.4020 14.72 | 0.00e+00 3.70e-02 |   2.3274 0.5819  0.3711  3.4795 0.500 12.50 | PAIR-CHANNEL-DEAD
# CONVTAG t=134.00 rough=0.000000 cond=0.335798 evap=1.454141 backs=0.189671
t=  136.00 -6.74e-16 | 1.6605 14.91  20123    0      0      0 | 1.4021 14.72 | 0.00e+00 4.23e-02 |   2.3002 0.5751  0.3670  3.4801 0.500 12.50 | PAIR-CHANNEL-DEAD
# CONVTAG t=136.00 rough=0.000000 cond=0.335798 evap=1.454141 backs=0.189671
# QATOM t=136.46 dir=DF w=2.31786148 e=0.424233978113
t=  138.00 -6.74e-16 | 1.6604 14.90  20117    0      0      0 | 1.4020 14.72 | 0.00e+00 3.39e-02 |   2.2820 0.5705  0.3579  3.4817 0.500 12.50 | PAIR-CHANNEL-DEAD
# CONVTAG t=138.00 rough=0.000000 cond=0.335798 evap=1.454141 backs=0.189671
t=  140.00 -6.74e-16 | 1.6605 14.89  20099    0      0      0 | 1.4018 14.72 | 0.00e+00 3.66e-02 |   2.2771 0.5693  0.3566  3.4819 0.500 12.50 | PAIR-CHANNEL-DEAD
# CONVTAG t=140.00 rough=0.000000 cond=0.335798 evap=1.454141 backs=0.189671
t=  142.00 -6.74e-16 | 1.6602 14.90  20117    0      0      0 | 1.4021 14.73 | 0.00e+00 4.39e-02 |   2.2801 0.5700  0.3542  3.4834 0.500 12.50 | PAIR-CHANNEL-DEAD
# CONVTAG t=142.00 rough=0.000000 cond=0.335798 evap=1.454141 backs=0.189671
t=  144.00 -6.74e-16 | 1.6601 14.89  20106    0      0      0 | 1.4019 14.73 | 0.00e+00 3.66e-02 |   2.2806 0.5702  0.3504  3.4835 0.500 12.50 | PAIR-CHANNEL-DEAD
# CONVTAG t=144.00 rough=0.000000 cond=0.335798 evap=1.454141 backs=0.189671
# QATOM t=145.38 dir=FD w=1.631046 e=0.298527389095
t=  146.00 -6.74e-16 | 1.6597 14.89  20105    0      0      0 | 1.4019 14.73 | 0.00e+00 3.73e-02 |   2.2703 0.5676  0.3613  3.4821 0.500 12.50 | PAIR-CHANNEL-DEAD
# CONVTAG t=146.00 rough=0.000000 cond=0.335798 evap=1.454141 backs=0.189671
t=  148.00 -6.74e-16 | 1.6597 14.90  20114    0      0      0 | 1.4021 14.73 | 0.00e+00 5.00e-02 |   2.2414 0.5603  0.3483  3.4870 0.500 12.50 | PAIR-CHANNEL-DEAD
# CONVTAG t=148.00 rough=0.000000 cond=0.335798 evap=1.454141 backs=0.189671
t=  150.00 -6.74e-16 | 1.6597 14.92  20137    0      0      0 | 1.4025 14.74 | 0.00e+00 4.86e-02 |   1.8952 0.4738  0.5369  3.4769 0.500 12.50 | PAIR-CHANNEL-DEAD
# CONVTAG t=150.00 rough=0.000000 cond=0.335798 evap=1.791425 backs=0.233664
t=  152.00 -6.74e-16 | 1.6597 14.91  20126    0      0      0 | 1.4023 14.74 | 0.00e+00 5.00e-02 |   1.8964 0.4741  0.5488  3.4752 0.500 12.50 | PAIR-CHANNEL-DEAD
# CONVTAG t=152.00 rough=0.000000 cond=0.335798 evap=1.791425 backs=0.233664
t=  154.00 -6.74e-16 | 1.6600 14.91  20124    0      0      0 | 1.4023 14.74 | 0.00e+00 3.63e-02 |   1.8898 0.4724  0.5329  3.4784 0.500 13.00 | PAIR-CHANNEL-DEAD
# CONVTAG t=154.00 rough=0.000000 cond=0.335798 evap=1.791425 backs=0.233664
# QATOM t=155.74 dir=DF w=2.24082039 e=0.410133288011
t=  156.00 -6.74e-16 | 1.6603 14.90  20110    0      0      0 | 1.4021 14.73 | 0.00e+00 4.32e-02 |   1.9160 0.4790  0.4834  3.4905 0.500 13.00 | PAIR-CHANNEL-DEAD
# CONVTAG t=156.00 rough=0.000000 cond=0.335798 evap=1.791425 backs=0.233664
t=  158.00 -6.74e-16 | 1.6600 14.90  20110    0      0      0 | 1.4021 14.73 | 0.00e+00 4.26e-02 |   1.9437 0.4859  0.4508  3.4888 0.500 13.00 | PAIR-CHANNEL-DEAD
# CONVTAG t=158.00 rough=0.000000 cond=0.335798 evap=1.791425 backs=0.233664
t=  160.00 -6.74e-16 | 1.6602 14.89  20101    0      0      0 | 1.4019 14.73 | 0.00e+00 3.33e-02 |   1.8962 0.4740  0.5300  3.4855 0.500 13.00 | PAIR-CHANNEL-DEAD
# CONVTAG t=160.00 rough=0.000000 cond=0.335798 evap=1.791425 backs=0.233664
t=  162.00 -6.74e-16 | 1.6605 14.90  20120    0      0      0 | 1.4022 14.73 | 0.00e+00 4.80e-02 |   1.8447 0.4612  0.6003  3.4759 0.500 13.00 | PAIR-CHANNEL-DEAD
# CONVTAG t=162.00 rough=0.000000 cond=0.335798 evap=1.791425 backs=0.233664
t=  164.00 -8.09e-16 | 1.6609 14.91  20129    0      0      0 | 1.4023 14.74 | 0.00e+00 3.57e-02 |   1.8147 0.4537  0.5750  3.4724 0.500 13.00 | PAIR-CHANNEL-DEAD
# CONVTAG t=164.00 rough=0.000000 cond=0.335798 evap=1.791425 backs=0.233664
# QATOM t=165.32 dir=DF w=2.3715266 e=0.434056208803
t=  166.00 -8.09e-16 | 1.6611 14.89  20101    0      0      0 | 1.4019 14.73 | 0.00e+00 3.71e-02 |   1.8074 0.4519  0.5612  3.4737 0.500 12.50 | PAIR-CHANNEL-DEAD
# CONVTAG t=166.00 rough=0.000000 cond=0.335798 evap=1.791425 backs=0.233664
t=  168.00 -8.09e-16 | 1.6610 14.91  20124    0      0      0 | 1.4022 14.73 | 0.00e+00 4.31e-02 |   1.8021 0.4505  0.5651  3.4733 0.500 13.00 | PAIR-CHANNEL-DEAD
# CONVTAG t=168.00 rough=0.000000 cond=0.335798 evap=1.791425 backs=0.233664
t=  170.00 -8.09e-16 | 1.6609 14.90  20117    0      0      0 | 1.4020 14.72 | 0.00e+00 4.43e-02 |   1.8068 0.4517  0.5548  3.4758 0.500 13.00 | PAIR-CHANNEL-DEAD
# CONVTAG t=170.00 rough=0.000000 cond=0.335798 evap=1.791425 backs=0.233664
t=  172.00 -8.09e-16 | 1.6611 14.92  20136    0      0      0 | 1.4023 14.73 | 0.00e+00 4.88e-02 |   1.9805 0.4951  0.3364  3.5188 0.500 13.00 | PAIR-CHANNEL-DEAD
# CONVTAG t=172.00 rough=0.000000 cond=0.335798 evap=1.791425 backs=0.233664
t=  174.00 -8.09e-16 | 1.6612 14.92  20147    0      0      0 | 1.4025 14.73 | 0.00e+00 4.19e-02 |   2.0341 0.5085  0.3152  3.5024 0.500 13.00 | PAIR-CHANNEL-DEAD
# CONVTAG t=174.00 rough=0.000000 cond=0.335798 evap=1.791425 backs=0.233664
# QATOM t=174.94 dir=FD w=1.34715303 e=0.246566973804
t=  176.00 -6.74e-16 | 1.6613 14.93  20162    0      0      0 | 1.4027 14.73 | 0.00e+00 3.12e-02 |   2.0228 0.5057  0.3155  3.4963 0.500 13.00 | PAIR-CHANNEL-DEAD
# CONVTAG t=176.00 rough=0.000000 cond=0.335798 evap=1.791425 backs=0.233664
t=  178.00 -6.74e-16 | 1.6615 14.92  20141    0      0      0 | 1.4024 14.73 | 0.00e+00 3.44e-02 |   1.9558 0.4889  0.3427  3.5125 0.500 13.00 | PAIR-CHANNEL-DEAD
# CONVTAG t=178.00 rough=0.000000 cond=0.335798 evap=1.791425 backs=0.233664
t=  180.00 -6.74e-16 | 1.6612 14.90  20121    0      0      0 | 1.4021 14.73 | 0.00e+00 5.00e-02 |   1.8198 0.4550  0.5144  3.5246 0.500 13.00 | PAIR-CHANNEL-DEAD
# CONVTAG t=180.00 rough=0.000000 cond=0.335798 evap=1.791425 backs=0.233664
t=  182.00 -6.74e-16 | 1.6615 14.92  20136    0      0      0 | 1.4023 14.73 | 0.00e+00 4.17e-02 |   1.5126 0.3782  1.2052  3.3863 0.500 13.00 | PAIR-CHANNEL-DEAD
# CONVTAG t=182.00 rough=0.000000 cond=0.335798 evap=1.791425 backs=0.233664
# QATOM t=183.70 dir=FD w=1.63060454 e=0.298446589565
t=  184.00 -6.74e-16 | 1.6614 14.92  20138    0      0      0 | 1.4023 14.73 | 0.00e+00 3.60e-02 |   1.4681 0.3670  1.3191  3.3136 0.500 13.50 | PAIR-CHANNEL-DEAD
# CONVTAG t=184.00 rough=0.000000 cond=0.335798 evap=1.791425 backs=0.233664
t=  186.00 -6.74e-16 | 1.6612 14.91  20127    0      0      0 | 1.4021 14.72 | 0.00e+00 4.38e-02 |   1.4442 0.3611  1.3910  3.2677 0.500 14.00 | PAIR-CHANNEL-DEAD
# CONVTAG t=186.00 rough=0.000000 cond=0.335798 evap=1.791425 backs=0.233664
t=  188.00 -6.74e-16 | 1.6610 14.91  20129    0      0      0 | 1.4021 14.72 | 0.00e+00 4.96e-02 |   1.3147 0.3287  1.8482  3.0676 0.500 13.50 | PAIR-CHANNEL-DEAD
# CONVTAG t=188.00 rough=0.000000 cond=0.335798 evap=1.791425 backs=0.233664
t=  190.00 -6.74e-16 | 1.6609 14.91  20130    0      0      0 | 1.4021 14.72 | 0.00e+00 4.08e-02 |   1.2203 0.3051  2.2421  2.7800 0.500 13.50 | PAIR-CHANNEL-DEAD
# CONVTAG t=190.00 rough=0.000000 cond=0.335798 evap=1.791425 backs=0.233664
# QATOM t=191.26 dir=FD w=1.52361912 e=0.278865241837
t=  192.00 -6.74e-16 | 1.6609 14.90  20120    0      0      0 | 1.4020 14.72 | 0.00e+00 3.81e-02 |   1.1196 0.2799  2.7239  2.3192 0.500 14.00 | PAIR-CHANNEL-DEAD
# CONVTAG t=192.00 rough=0.000000 cond=0.335798 evap=1.791425 backs=0.233664
t=  194.00 -6.74e-16 | 1.6608 14.89  20106    0      0      0 | 1.4018 14.72 | 0.00e+00 3.61e-02 |   1.0945 0.2736  2.8564  2.1584 0.500 14.00 | PAIR-CHANNEL-DEAD
# CONVTAG t=194.00 rough=0.000000 cond=0.335798 evap=1.791425 backs=0.233664
t=  196.00 -6.74e-16 | 1.6607 14.88  20091    0      0      0 | 1.4017 14.72 | 0.00e+00 2.94e-02 |   1.1046 0.2762  2.8264  2.1934 0.500 14.50 | PAIR-CHANNEL-DEAD
# CONVTAG t=196.00 rough=0.000000 cond=0.335798 evap=1.791425 backs=0.233664
t=  198.00 -6.74e-16 | 1.6607 14.90  20109    0      0      0 | 1.4019 14.72 | 0.00e+00 3.60e-02 |   1.0895 0.2724  2.8494  2.8400 0.500 13.50 | PAIR-CHANNEL-DEAD
# CONVTAG t=198.00 rough=0.000000 cond=0.335798 evap=1.791425 backs=0.233664
t=  200.00 -6.74e-16 | 1.6605 14.89  20097    0      0      0 | 1.4018 14.72 | 0.00e+00 4.94e-02 |   1.0460 0.2615  2.9973  1.9769 0.500 14.00 | PAIR-CHANNEL-DEAD
# CONVTAG t=200.00 rough=0.000000 cond=0.335798 evap=1.791425 backs=0.233664
# QATOM t=200.66 dir=FD w=1.50112968 e=0.274749039951
t=  202.00 -6.74e-16 | 1.6605 14.91  20125    0      0      0 | 1.4021 14.72 | 0.00e+00 5.00e-02 |   1.0389 0.2597  2.9572  2.0299 0.500 14.00 | PAIR-CHANNEL-DEAD
# CONVTAG t=202.00 rough=0.000000 cond=0.335798 evap=1.791425 backs=0.233664
t=  204.00 -6.74e-16 | 1.6610 14.91  20134    0      0      0 | 1.4022 14.72 | 0.00e+00 3.36e-02 |   1.0332 0.2583  2.9226  2.0704 0.500 14.50 | PAIR-CHANNEL-DEAD
# CONVTAG t=204.00 rough=0.000000 cond=0.335798 evap=1.791425 backs=0.233664
t=  206.00 -6.74e-16 | 1.6609 14.90  20115    0      0      0 | 1.4019 14.72 | 0.00e+00 3.38e-02 |   1.0247 0.2562  2.8671  2.1398 0.500 14.50 | PAIR-CHANNEL-DEAD
# CONVTAG t=206.00 rough=0.000000 cond=0.335798 evap=1.791425 backs=0.233664
t=  208.00 -6.74e-16 | 1.6613 14.90  20109    0      0      0 | 1.4019 14.72 | 0.00e+00 4.70e-02 |   1.0223 0.2556  2.7689  2.2801 0.500 14.00 | PAIR-CHANNEL-DEAD
# CONVTAG t=208.00 rough=0.000000 cond=0.335798 evap=1.791425 backs=0.233664
# QATOM t=208.08 dir=FD w=1.64747649 e=0.301534630159
t=  210.00 -6.74e-16 | 1.6613 14.90  20110    0      0      0 | 1.4018 14.72 | 0.00e+00 3.71e-02 |   1.0224 0.2556  2.6922  2.3588 0.500 14.50 | PAIR-CHANNEL-DEAD
# CONVTAG t=210.00 rough=0.000000 cond=0.335798 evap=1.791425 backs=0.233664
t=  212.00 -6.74e-16 | 1.6615 14.90  20109    0      0      0 | 1.4018 14.72 | 0.00e+00 3.86e-02 |   1.0322 0.2581  2.6838  2.3725 0.500 14.00 | PAIR-CHANNEL-DEAD
# CONVTAG t=212.00 rough=0.000000 cond=0.335798 evap=1.791425 backs=0.233664
t=  214.00 -6.74e-16 | 1.6611 14.90  20110    0      0      0 | 1.4018 14.71 | 0.00e+00 3.84e-02 |   1.4129 0.3532  1.1573  3.3813 0.500 14.00 | PAIR-CHANNEL-DEAD
# CONVTAG t=214.00 rough=0.000000 cond=0.619036 evap=1.791425 backs=0.233664
t=  216.00 -6.74e-16 | 1.6611 14.90  20121    0      0      0 | 1.4019 14.71 | 0.00e+00 3.85e-02 |   1.4876 0.3719  1.2372  3.3527 0.500 14.00 | PAIR-CHANNEL-DEAD
# CONVTAG t=216.00 rough=0.000000 cond=0.619036 evap=1.791425 backs=0.233664
# QATOM t=216.78 dir=FD w=1.29366735 e=0.236777586514
t=  218.00 -6.74e-16 | 1.6610 14.90  20115    0      0      0 | 1.4019 14.71 | 0.00e+00 3.53e-02 |   1.5727 0.3932  1.4461  3.2390 0.500 14.00 | PAIR-CHANNEL-DEAD
# CONVTAG t=218.00 rough=0.000000 cond=0.619036 evap=1.791425 backs=0.233664
t=  220.00 -6.74e-16 | 1.6611 14.90  20120    0      0      0 | 1.4019 14.71 | 0.00e+00 3.27e-02 |   1.6451 0.4113  1.5946  3.1774 0.500 14.00 | PAIR-CHANNEL-DEAD
# CONVTAG t=220.00 rough=0.000000 cond=0.619036 evap=1.791425 backs=0.233664
t=  222.00 -6.74e-16 | 1.6613 14.91  20131    0      0      0 | 1.4021 14.71 | 0.00e+00 4.26e-02 |   1.6508 0.4127  1.6097  3.1659 0.500 13.50 | PAIR-CHANNEL-DEAD
# CONVTAG t=222.00 rough=0.000000 cond=0.619036 evap=1.791425 backs=0.233664
t=  224.00 -6.74e-16 | 1.6613 14.91  20129    0      0      0 | 1.4020 14.71 | 0.00e+00 3.33e-02 |   1.2940 0.3235  1.0877  3.3669 0.500 14.00 | PAIR-CHANNEL-DEAD
# CONVTAG t=224.00 rough=0.000000 cond=0.619036 evap=2.131390 backs=0.278007
# QATOM t=224.88 dir=DF w=2.27110494 e=0.415676214672
t=  226.00 -6.74e-16 | 1.6614 14.91  20132    0      0      0 | 1.4021 14.72 | 0.00e+00 3.33e-02 |   1.2290 0.3072  1.2044  3.3599 0.500 13.50 | PAIR-CHANNEL-DEAD
# CONVTAG t=226.00 rough=0.000000 cond=0.619036 evap=2.131390 backs=0.278007
t=  228.00 -6.74e-16 | 1.6617 14.91  20128    0      0      0 | 1.4020 14.72 | 0.00e+00 5.00e-02 |   1.1788 0.2947  1.3440  3.3012 0.500 14.00 | PAIR-CHANNEL-DEAD
# CONVTAG t=228.00 rough=0.000000 cond=0.619036 evap=2.131390 backs=0.278007
t=  230.00 -6.74e-16 | 1.6616 14.92  20143    0      0      0 | 1.4022 14.72 | 0.00e+00 4.01e-02 |   1.1903 0.2976  1.2492  3.3329 0.500 14.00 | PAIR-CHANNEL-DEAD
# CONVTAG t=230.00 rough=0.000000 cond=0.619036 evap=2.131390 backs=0.278007
t=  232.00 -6.74e-16 | 1.6616 14.93  20152    0      0      0 | 1.4023 14.71 | 0.00e+00 3.28e-02 |   1.2510 0.3127  0.9484  3.4403 0.500 13.50 | PAIR-CHANNEL-DEAD
# CONVTAG t=232.00 rough=0.000000 cond=0.619036 evap=2.131390 backs=0.278007
# QATOM t=232.50 dir=FD w=1.60434749 e=0.29364080897
t=  234.00 -6.74e-16 | 1.6617 14.93  20154    0      0      0 | 1.4023 14.71 | 0.00e+00 3.69e-02 |   1.3002 0.3251  0.7477  3.4675 0.500 13.50 | PAIR-CHANNEL-DEAD
# CONVTAG t=234.00 rough=0.000000 cond=0.619036 evap=2.131390 backs=0.278007
t=  236.00 -6.74e-16 | 1.6618 14.93  20155    0      0      0 | 1.4024 14.72 | 0.00e+00 4.46e-02 |   1.3331 0.3333  0.6979  3.4607 0.500 13.50 | PAIR-CHANNEL-DEAD
# CONVTAG t=236.00 rough=0.000000 cond=0.619036 evap=2.131390 backs=0.278007
t=  238.00 -6.74e-16 | 1.6619 14.92  20148    0      0      0 | 1.4023 14.72 | 0.00e+00 3.94e-02 |   0.9339 0.2335  2.3434  2.6952 0.500 14.00 | PAIR-CHANNEL-DEAD
# CONVTAG t=238.00 rough=0.000000 cond=0.619036 evap=2.547724 backs=0.332312
# QATOM t=239.68 dir=DF w=2.35479956 e=0.430994688954
t=  240.00 -6.74e-16 | 1.6620 14.93  20151    0      0      0 | 1.4023 14.72 | 0.00e+00 4.51e-02 |   1.0812 0.2703  1.5616  3.1855 0.500 14.00 | PAIR-CHANNEL-DEAD
# CONVTAG t=240.00 rough=0.000000 cond=0.619036 evap=2.547724 backs=0.332312
t=  242.00 -6.74e-16 | 1.6619 14.91  20130    0      0      0 | 1.4020 14.71 | 0.00e+00 3.68e-02 |   1.0758 0.2689  1.5733  3.3142 0.500 14.00 | PAIR-CHANNEL-DEAD
# CONVTAG t=242.00 rough=0.000000 cond=0.619036 evap=2.547724 backs=0.332312
t=  244.00 -6.74e-16 | 1.6616 14.93  20151    0      0      0 | 1.4023 14.72 | 0.00e+00 3.84e-02 |   1.3010 0.3253  0.8077  3.4702 0.500 14.00 | PAIR-CHANNEL-DEAD
# CONVTAG t=244.00 rough=0.000000 cond=0.882536 evap=2.547724 backs=0.332312
t=  246.00 -6.74e-16 | 1.6618 14.94  20167    0      0      0 | 1.4026 14.72 | 0.00e+00 4.90e-02 |   1.2508 0.3127  1.1174  3.3989 0.500 14.00 | PAIR-CHANNEL-DEAD
# CONVTAG t=246.00 rough=0.000000 cond=0.882536 evap=2.547724 backs=0.332312
# QATOM t=247.00 dir=DF w=2.36575594 e=0.433000014326
t=  248.00 -6.74e-16 | 1.6622 14.94  20164    0      0      0 | 1.4025 14.72 | 0.00e+00 3.61e-02 |   1.0943 0.2736  1.5812  3.1851 0.500 14.00 | PAIR-CHANNEL-DEAD
# CONVTAG t=248.00 rough=0.000000 cond=0.882536 evap=2.547724 backs=0.332312
t=  250.00 -6.74e-16 | 1.6625 14.93  20158    0      0      0 | 1.4024 14.72 | 0.00e+00 4.87e-02 |   1.0054 0.2514  1.6856  3.1672 0.500 14.00 | PAIR-CHANNEL-DEAD
# CONVTAG t=250.00 rough=0.000000 cond=0.882536 evap=2.547724 backs=0.332312
t=  252.00 -6.74e-16 | 1.6626 14.95  20189    0      0      0 | 1.4028 14.72 | 0.00e+00 3.69e-02 |   1.5797 0.3949  0.9543  3.4602 0.500 13.50 | PAIR-CHANNEL-DEAD
# CONVTAG t=252.00 rough=0.000000 cond=1.106660 evap=2.547724 backs=0.332312
t=  254.00 -6.74e-16 | 1.6627 14.97  20208    0      0      0 | 1.4031 14.73 | 0.00e+00 4.65e-02 |   1.6529 0.4132  0.7603  3.4654 0.500 13.00 | PAIR-CHANNEL-DEAD
# CONVTAG t=254.00 rough=0.000000 cond=1.106660 evap=2.547724 backs=0.332312
# QATOM t=254.18 dir=FD w=1.63165192 e=0.298638288666
t=  256.00 -6.74e-16 | 1.6628 14.97  20210    0      0      0 | 1.4031 14.73 | 0.00e+00 4.56e-02 |   1.6932 0.4233  0.6699  3.4835 0.500 13.00 | PAIR-CHANNEL-DEAD
# CONVTAG t=256.00 rough=0.000000 cond=1.106660 evap=2.547724 backs=0.332312
t=  258.00 -6.74e-16 | 1.6628 14.96  20202    0      0      0 | 1.4030 14.72 | 0.00e+00 4.77e-02 |   1.7256 0.4314  0.6018  3.4783 0.500 13.00 | PAIR-CHANNEL-DEAD
# CONVTAG t=258.00 rough=0.000000 cond=1.106660 evap=2.547724 backs=0.332312
t=  260.00 -6.74e-16 | 1.6628 14.98  20226    0      0      0 | 1.4033 14.73 | 0.00e+00 4.56e-02 |   1.6875 0.4219  0.7024  3.4737 0.500 13.00 | PAIR-CHANNEL-DEAD
# CONVTAG t=260.00 rough=0.000000 cond=1.106660 evap=2.547724 backs=0.332312
# QATOM t=260.88 dir=FD w=1.61464421 e=0.295525398966
t=  262.00 -6.74e-16 | 1.6631 14.97  20216    0      0      0 | 1.4032 14.73 | 0.00e+00 2.99e-02 |   1.6063 0.4016  0.9399  3.4440 0.500 13.00 | PAIR-CHANNEL-DEAD
# CONVTAG t=262.00 rough=0.000000 cond=1.106660 evap=2.547724 backs=0.332312
t=  264.00 -6.74e-16 | 1.6631 14.96  20197    0      0      0 | 1.4030 14.73 | 0.00e+00 4.06e-02 |   1.3117 0.3279  1.7240  3.4155 0.500 13.50 | PAIR-CHANNEL-DEAD
# CONVTAG t=264.00 rough=0.000000 cond=1.106660 evap=2.547724 backs=0.332312
t=  266.00 -6.74e-16 | 1.6634 14.97  20207    0      0      0 | 1.4031 14.73 | 0.00e+00 3.78e-02 |   1.2326 0.3082  1.9279  3.0292 0.500 13.50 | PAIR-CHANNEL-DEAD
# CONVTAG t=266.00 rough=0.000000 cond=1.106660 evap=2.547724 backs=0.332312
# QATOM t=267.84 dir=DF w=2.38310408 e=0.436175213283
t=  268.00 -6.74e-16 | 1.6635 14.97  20209    0      0      0 | 1.4032 14.73 | 0.00e+00 3.66e-02 |   1.1671 0.2918  2.1689  2.8557 0.500 13.50 | PAIR-CHANNEL-DEAD
# CONVTAG t=268.00 rough=0.000000 cond=1.106660 evap=2.547724 backs=0.332312
t=  270.00 -6.74e-16 | 1.6631 14.97  20205    0      0      0 | 1.4031 14.73 | 0.00e+00 3.21e-02 |   1.1954 0.2989  2.0383  2.9078 0.500 13.50 | PAIR-CHANNEL-DEAD
# CONVTAG t=270.00 rough=0.000000 cond=1.106660 evap=2.547724 backs=0.332312
t=  272.00 -6.74e-16 | 1.6631 14.96  20190    0      0      0 | 1.4029 14.73 | 0.00e+00 4.16e-02 |   1.1870 0.2968  2.0694  2.8913 0.500 13.50 | PAIR-CHANNEL-DEAD
# CONVTAG t=272.00 rough=0.000000 cond=1.106660 evap=2.547724 backs=0.332312
t=  274.00 -6.74e-16 | 1.6629 14.96  20196    0      0      0 | 1.4030 14.73 | 0.00e+00 5.00e-02 |   1.1759 0.2940  2.1031  2.8796 0.500 14.00 | PAIR-CHANNEL-DEAD
# CONVTAG t=274.00 rough=0.000000 cond=1.106660 evap=2.547724 backs=0.332312
# QATOM t=274.82 dir=FD w=1.57831878 e=0.288876820093
t=  276.00 -6.74e-16 | 1.6628 14.95  20183    0      0      0 | 1.4028 14.73 | 0.00e+00 3.24e-02 |   1.1565 0.2891  2.1939  2.8056 0.500 14.00 | PAIR-CHANNEL-DEAD
# CONVTAG t=276.00 rough=0.000000 cond=1.106660 evap=2.547724 backs=0.332312
t=  278.00 -6.74e-16 | 1.6628 14.95  20177    0      0      0 | 1.4027 14.72 | 0.00e+00 3.27e-02 |   1.1638 0.2910  2.1539  2.8455 0.500 13.50 | PAIR-CHANNEL-DEAD
# CONVTAG t=278.00 rough=0.000000 cond=1.106660 evap=2.547724 backs=0.332312
t=  280.00 -6.74e-16 | 1.6628 14.94  20174    0      0      0 | 1.4027 14.72 | 0.00e+00 4.38e-02 |   1.1506 0.2877  2.2151  2.8139 0.500 14.00 | PAIR-CHANNEL-DEAD
# CONVTAG t=280.00 rough=0.000000 cond=1.106660 evap=2.547724 backs=0.332312
# QATOM t=280.90 dir=DF w=2.06781603 e=0.378468614097
t=  282.00 -6.74e-16 | 1.6631 14.95  20183    0      0      0 | 1.4028 14.72 | 0.00e+00 2.92e-02 |   1.1682 0.2920  2.1180  2.8508 0.500 14.00 | PAIR-CHANNEL-DEAD
# CONVTAG t=282.00 rough=0.000000 cond=1.106660 evap=2.547724 backs=0.332312
t=  284.00 -6.74e-16 | 1.6629 14.96  20198    0      0      0 | 1.4030 14.72 | 0.00e+00 3.39e-02 |   1.1591 0.2898  2.1449  2.8943 0.500 14.00 | PAIR-CHANNEL-DEAD
# CONVTAG t=284.00 rough=0.000000 cond=1.106660 evap=2.547724 backs=0.332312
t=  286.00 -6.74e-16 | 1.6631 14.96  20192    0      0      0 | 1.4029 14.73 | 0.00e+00 3.38e-02 |   1.1509 0.2877  2.1940  3.5898 0.500 14.00 | PAIR-CHANNEL-DEAD
# CONVTAG t=286.00 rough=0.000000 cond=1.106660 evap=2.547724 backs=0.332312
# QATOM t=287.50 dir=FD w=1.5237681 e=0.27889250952
t=  288.00 -6.74e-16 | 1.6631 14.96  20195    0      0      0 | 1.4030 14.73 | 0.00e+00 3.75e-02 |   1.1546 0.2886  2.2860  2.7345 0.500 14.00 | PAIR-CHANNEL-DEAD
# CONVTAG t=288.00 rough=0.000000 cond=1.106660 evap=2.547724 backs=0.332312
t=  290.00 -6.74e-16 | 1.6632 14.98  20217    0      0      0 | 1.4032 14.73 | 0.00e+00 3.39e-02 |   1.1806 0.2952  2.2326  2.7817 0.500 13.50 | PAIR-CHANNEL-DEAD
# CONVTAG t=290.00 rough=0.000000 cond=1.106660 evap=2.547724 backs=0.332312
t=  292.00 -6.74e-16 | 1.6629 14.95  20185    0      0      0 | 1.4027 14.72 | 0.00e+00 3.92e-02 |   1.1850 0.2963  2.1741  2.8420 0.500 14.00 | PAIR-CHANNEL-DEAD
# CONVTAG t=292.00 rough=0.000000 cond=1.106660 evap=2.547724 backs=0.332312
# QATOM t=293.00 dir=FD w=1.40974425 e=0.258022931322
t=  294.00 -6.74e-16 | 1.6631 14.95  20186    0      0      0 | 1.4027 14.71 | 0.00e+00 4.43e-02 |   1.2038 0.3010  2.0011  2.9326 0.500 14.00 | PAIR-CHANNEL-DEAD
# CONVTAG t=294.00 rough=0.000000 cond=1.106660 evap=2.547724 backs=0.332312
t=  296.00 -6.74e-16 | 1.6633 14.97  20209    0      0      0 | 1.4031 14.72 | 0.00e+00 4.40e-02 |   1.1392 0.2848  2.1745  2.8142 0.500 14.00 | PAIR-CHANNEL-DEAD
# CONVTAG t=296.00 rough=0.000000 cond=1.106660 evap=2.547724 backs=0.332312
t=  298.00 -6.74e-16 | 1.6627 14.97  20214    0      0      0 | 1.4032 14.73 | 0.00e+00 3.72e-02 |   1.1298 0.2825  2.1729  2.8504 0.500 13.50 | PAIR-CHANNEL-DEAD
# CONVTAG t=298.00 rough=0.000000 cond=1.106660 evap=2.547724 backs=0.332312
# QATOM t=299.94 dir=DF w=2.52020783 e=0.461269063802
t=  300.00 -6.74e-16 | 1.6627 14.96  20194    0      0      0 | 1.4029 14.72 | 0.00e+00 3.82e-02 |   1.1598 0.2900  2.0173  2.9292 0.500 13.50 | PAIR-CHANNEL-DEAD
# CONVTAG t=300.00 rough=0.000000 cond=1.106660 evap=2.547724 backs=0.332312
t=  302.00 -6.74e-16 | 1.6628 14.95  20189    0      0      0 | 1.4028 14.72 | 0.00e+00 3.28e-02 |   1.1524 0.2881  2.0367  2.9133 0.500 13.00 | PAIR-CHANNEL-DEAD
# CONVTAG t=302.00 rough=0.000000 cond=1.106660 evap=2.547724 backs=0.332312
t=  304.00 -6.74e-16 | 1.6628 14.94  20173    0      0      0 | 1.4026 14.72 | 0.00e+00 3.23e-02 |   1.1466 0.2866  2.0626  2.9169 0.500 14.00 | PAIR-CHANNEL-DEAD
# CONVTAG t=304.00 rough=0.000000 cond=1.106660 evap=2.547724 backs=0.332312
t=  306.00 -6.74e-16 | 1.6629 14.96  20200    0      0      0 | 1.4030 14.72 | 0.00e+00 4.29e-02 |   1.1430 0.2858  2.0943  2.8648 0.500 13.50 | PAIR-CHANNEL-DEAD
# CONVTAG t=306.00 rough=0.000000 cond=1.106660 evap=2.547724 backs=0.332312
# QATOM t=306.70 dir=DF w=2.39575056 e=0.438489875911
t=  308.00 -6.74e-16 | 1.6627 14.97  20204    0      0      0 | 1.4031 14.73 | 0.00e+00 3.66e-02 |   1.1292 0.2823  2.1121  3.6631 0.500 14.00 | PAIR-CHANNEL-DEAD
# CONVTAG t=308.00 rough=0.000000 cond=1.106660 evap=2.547724 backs=0.332312
t=  310.00 -6.74e-16 | 1.6630 14.96  20198    0      0      0 | 1.4030 14.73 | 0.00e+00 3.35e-02 |   1.1622 0.2905  1.9550  2.9852 0.500 14.00 | PAIR-CHANNEL-DEAD
# CONVTAG t=310.00 rough=0.000000 cond=1.106660 evap=2.547724 backs=0.332312
t=  312.00 -6.74e-16 | 1.6629 14.96  20199    0      0      0 | 1.4030 14.73 | 0.00e+00 4.19e-02 |   1.1565 0.2891  1.9792  2.9652 0.500 14.00 | PAIR-CHANNEL-DEAD
# CONVTAG t=312.00 rough=0.000000 cond=1.106660 evap=2.547724 backs=0.332312
# QATOM t=313.86 dir=DF w=2.30762364 e=0.422360166003
t=  314.00 -6.74e-16 | 1.6632 14.95  20185    0      0      0 | 1.4028 14.72 | 0.00e+00 3.10e-02 |   1.1474 0.2869  2.0093  2.9266 0.500 13.50 | PAIR-CHANNEL-DEAD
# CONVTAG t=314.00 rough=0.000000 cond=1.106660 evap=2.547724 backs=0.332312
t=  316.00 -6.74e-16 | 1.6632 14.96  20194    0      0      0 | 1.4029 14.72 | 0.00e+00 4.40e-02 |   1.1462 0.2865  2.0105  2.9552 0.500 13.50 | PAIR-CHANNEL-DEAD
# CONVTAG t=316.00 rough=0.000000 cond=1.106660 evap=2.547724 backs=0.332312
t=  318.00 -6.74e-16 | 1.6627 14.96  20192    0      0      0 | 1.4028 14.72 | 0.00e+00 4.02e-02 |   1.1499 0.2875  1.9489  2.9835 0.500 13.00 | PAIR-CHANNEL-DEAD
# CONVTAG t=318.00 rough=0.000000 cond=1.106660 evap=2.547724 backs=0.332312
t=  320.00 -6.74e-16 | 1.6624 14.94  20169    0      0      0 | 1.4025 14.71 | 0.00e+00 3.60e-02 |   1.1537 0.2884  1.9315  2.9829 0.500 13.50 | PAIR-CHANNEL-DEAD
# CONVTAG t=320.00 rough=0.000000 cond=1.106660 evap=2.547724 backs=0.332312
# QATOM t=321.58 dir=FD w=1.45752397 e=0.266767965697
t=  322.00 -6.74e-16 | 1.6626 14.94  20175    0      0      0 | 1.4026 14.72 | 0.00e+00 3.60e-02 |   1.1311 0.2828  2.0264  2.9407 0.500 13.50 | PAIR-CHANNEL-DEAD
# CONVTAG t=322.00 rough=0.000000 cond=1.106660 evap=2.547724 backs=0.332312
t=  324.00 -8.09e-16 | 1.6627 14.97  20205    0      0      0 | 1.4030 14.72 | 0.00e+00 3.72e-02 |   1.1502 0.2876  1.9436  3.0002 0.500 14.00 | PAIR-CHANNEL-DEAD
# CONVTAG t=324.00 rough=0.000000 cond=1.106660 evap=2.547724 backs=0.332312
t=  326.00 -6.74e-16 | 1.6631 14.96  20193    0      0      0 | 1.4028 14.72 | 0.00e+00 5.00e-02 |   1.1456 0.2864  1.9096  2.9866 0.500 14.00 | PAIR-CHANNEL-DEAD
# CONVTAG t=326.00 rough=0.000000 cond=1.106660 evap=2.547724 backs=0.332312
t=  328.00 -6.74e-16 | 1.6635 14.96  20198    0      0      0 | 1.4029 14.72 | 0.00e+00 3.89e-02 |   1.1372 0.2843  1.9206  2.9935 0.500 14.00 | PAIR-CHANNEL-DEAD
# CONVTAG t=328.00 rough=0.000000 cond=1.106660 evap=2.547724 backs=0.332312
# QATOM t=328.50 dir=FD w=1.62927206 e=0.298202707239
t=  330.00 -6.74e-16 | 1.6635 14.97  20215    0      0      0 | 1.4031 14.72 | 0.00e+00 3.49e-02 |   1.1583 0.2896  1.8099  3.7354 0.500 14.00 | PAIR-CHANNEL-DEAD
# CONVTAG t=330.00 rough=0.000000 cond=1.106660 evap=2.547724 backs=0.332312
t=  332.00 -6.74e-16 | 1.6634 14.96  20196    0      0      0 | 1.4029 14.72 | 0.00e+00 5.00e-02 |   1.4027 0.3507  2.1480  2.8407 0.500 13.50 | PAIR-CHANNEL-DEAD
# CONVTAG t=332.00 rough=0.000000 cond=1.320601 evap=2.547724 backs=0.332312
t=  334.00 -6.74e-16 | 1.6629 14.96  20199    0      0      0 | 1.4029 14.72 | 0.00e+00 2.86e-02 |   1.3856 0.3464  2.2221  2.7796 0.500 13.50 | PAIR-CHANNEL-DEAD
# CONVTAG t=334.00 rough=0.000000 cond=1.320601 evap=2.547724 backs=0.332312
# QATOM t=335.12 dir=FD w=1.63197995 e=0.298698327559
t=  336.00 -6.74e-16 | 1.6632 14.96  20200    0      0      0 | 1.4030 14.72 | 0.00e+00 3.84e-02 |   1.3498 0.3374  2.3591  2.6978 0.500 13.00 | PAIR-CHANNEL-DEAD
# CONVTAG t=336.00 rough=0.000000 cond=1.320601 evap=2.547724 backs=0.332312
t=  338.00 -6.74e-16 | 1.6633 14.98  20227    0      0      0 | 1.4033 14.72 | 0.00e+00 4.65e-02 |   1.0080 0.2520  1.8708  3.0955 0.500 13.00 | PAIR-CHANNEL-DEAD
# CONVTAG t=338.00 rough=0.000000 cond=1.320601 evap=2.894846 backs=0.377589
t=  340.00 -6.74e-16 | 1.6637 14.99  20243    0      0      0 | 1.4035 14.73 | 0.00e+00 4.01e-02 |   0.9937 0.2484  1.9442  3.0143 0.500 13.00 | PAIR-CHANNEL-DEAD
# CONVTAG t=340.00 rough=0.000000 cond=1.320601 evap=2.894846 backs=0.377589
# QATOM t=340.64 dir=DF w=2.12403203 e=0.388757727211
t=  342.00 -6.74e-16 | 1.6637 14.99  20234    0      0      0 | 1.4034 14.73 | 0.00e+00 3.63e-02 |   0.9482 0.2371  2.1886  2.8075 0.500 13.50 | PAIR-CHANNEL-DEAD
# CONVTAG t=342.00 rough=0.000000 cond=1.320601 evap=2.894846 backs=0.377589
t=  344.00 -6.74e-16 | 1.6635 14.99  20233    0      0      0 | 1.4034 14.73 | 0.00e+00 4.96e-02 |   1.0156 0.2539  1.8097  3.0633 0.500 14.00 | PAIR-CHANNEL-DEAD
# CONVTAG t=344.00 rough=0.000000 cond=1.320601 evap=2.894846 backs=0.377589
t=  346.00 -6.74e-16 | 1.6636 15.00  20249    0      0      0 | 1.4036 14.73 | 0.00e+00 5.00e-02 |   0.9819 0.2455  1.9845  2.9774 0.500 14.00 | PAIR-CHANNEL-DEAD
# CONVTAG t=346.00 rough=0.000000 cond=1.320601 evap=2.894846 backs=0.377589
# QATOM t=346.96 dir=FD w=1.3357554 e=0.244480885509
t=  348.00 -6.74e-16 | 1.6640 14.99  20240    0      0      0 | 1.4035 14.73 | 0.00e+00 5.00e-02 |   0.9848 0.2462  1.9491  2.9736 0.500 14.00 | PAIR-CHANNEL-DEAD
# CONVTAG t=348.00 rough=0.000000 cond=1.320601 evap=2.894846 backs=0.377589
t=  350.00 -6.74e-16 | 1.6643 14.99  20234    0      0      0 | 1.4034 14.73 | 0.00e+00 4.53e-02 |   1.0103 0.2526  1.7839  3.0547 0.500 14.00 | PAIR-CHANNEL-DEAD
# CONVTAG t=350.00 rough=0.000000 cond=1.320601 evap=2.894846 backs=0.377589
t=  352.00 -6.74e-16 | 1.6644 14.99  20233    0      0      0 | 1.4034 14.73 | 0.00e+00 3.51e-02 |   0.9805 0.2451  1.9022  3.8048 0.500 14.00 | PAIR-CHANNEL-DEAD
# CONVTAG t=352.00 rough=0.000000 cond=1.320601 evap=2.894846 backs=0.377589
# QATOM t=352.90 dir=FD w=1.49591515 e=0.273794634376
t=  354.00 -6.74e-16 | 1.6645 14.99  20237    0      0      0 | 1.4034 14.73 | 0.00e+00 4.41e-02 |   0.9800 0.2450  1.8558  3.0300 0.500 14.00 | PAIR-CHANNEL-DEAD
# CONVTAG t=354.00 rough=0.000000 cond=1.320601 evap=2.894846 backs=0.377589
t=  356.00 -6.74e-16 | 1.6641 15.00  20244    0      0      0 | 1.4035 14.73 | 0.00e+00 4.13e-02 |   0.9990 0.2498  1.7500  3.0858 0.500 14.00 | PAIR-CHANNEL-DEAD
# CONVTAG t=356.00 rough=0.000000 cond=1.320601 evap=2.894846 backs=0.377589
t=  358.00 -6.74e-16 | 1.6640 14.98  20224    0      0      0 | 1.4032 14.72 | 0.00e+00 3.86e-02 |   0.9681 0.2420  1.9126  3.0044 0.500 14.50 | PAIR-CHANNEL-DEAD
# CONVTAG t=358.00 rough=0.000000 cond=1.320601 evap=2.894846 backs=0.377589
# QATOM t=358.96 dir=FD w=1.64664189 e=0.301381876059
t=  360.00 -6.74e-16 | 1.6637 14.97  20212    0      0      0 | 1.4031 14.72 | 0.00e+00 4.55e-02 |   0.9614 0.2404  1.9534  2.9557 0.500 14.50 | PAIR-CHANNEL-DEAD
# CONVTAG t=360.00 rough=0.000000 cond=1.320601 evap=2.894846 backs=0.377589
t=  362.00 -8.09e-16 | 1.6637 14.98  20227    0      0      0 | 1.4033 14.72 | 0.00e+00 5.00e-02 |   0.9216 0.2304  2.1816  2.7930 0.500 14.00 | PAIR-CHANNEL-DEAD
# CONVTAG t=362.00 rough=0.000000 cond=1.320601 evap=2.894846 backs=0.377589
t=  364.00 -6.74e-16 | 1.6641 14.97  20207    0      0      0 | 1.4030 14.72 | 0.00e+00 4.68e-02 |   1.0730 0.2682  1.4214  3.5027 0.500 13.50 | PAIR-CHANNEL-DEAD
# CONVTAG t=364.00 rough=0.000000 cond=1.320601 evap=2.894846 backs=0.377589
# QATOM t=364.56 dir=FD w=1.35955622 e=0.248837106126
t=  366.00 -8.09e-16 | 1.6643 14.98  20223    0      0      0 | 1.4032 14.72 | 0.00e+00 3.95e-02 |   0.9946 0.2487  1.7389  3.1030 0.500 13.50 | PAIR-CHANNEL-DEAD
# CONVTAG t=366.00 rough=0.000000 cond=1.320601 evap=2.894846 backs=0.377589
t=  368.00 -8.09e-16 | 1.6644 14.98  20221    0      0      0 | 1.4032 14.72 | 0.00e+00 5.00e-02 |   0.9796 0.2449  1.7742  3.0714 0.500 14.00 | PAIR-CHANNEL-DEAD
# CONVTAG t=368.00 rough=0.000000 cond=1.320601 evap=2.894846 backs=0.377589
t=  370.00 -8.09e-16 | 1.6645 14.98  20222    0      0      0 | 1.4032 14.72 | 0.00e+00 4.35e-02 |   1.1336 0.2834  1.0595  3.3823 0.500 14.00 | PAIR-CHANNEL-DEAD
# CONVTAG t=370.00 rough=0.000000 cond=1.320601 evap=2.894846 backs=0.377589
# QATOM t=370.04 dir=DF w=2.40851259 e=0.440825686144
t=  372.00 -6.74e-16 | 1.6648 15.00  20248    0      0      0 | 1.4036 14.73 | 0.00e+00 3.79e-02 |   0.9193 0.2298  2.0526  2.9315 0.500 14.00 | PAIR-CHANNEL-DEAD
# CONVTAG t=372.00 rough=0.000000 cond=1.320601 evap=2.894846 backs=0.377589
t=  374.00 -6.74e-16 | 1.6647 15.00  20250    0      0      0 | 1.4036 14.73 | 0.00e+00 4.51e-02 |   0.9939 0.2485  1.5595  3.6357 0.500 14.50 | PAIR-CHANNEL-DEAD
# CONVTAG t=374.00 rough=0.000000 cond=1.320601 evap=2.894846 backs=0.377589
t=  376.00 -6.74e-16 | 1.6643 14.99  20240    0      0      0 | 1.4035 14.73 | 0.00e+00 3.36e-02 |   0.9603 0.2401  1.4973  3.2058 0.500 14.50 | PAIR-CHANNEL-DEAD
# CONVTAG t=376.00 rough=0.000000 cond=1.320601 evap=2.894846 backs=0.377589
# QATOM t=376.28 dir=FD w=1.43587327 e=0.262805278067
t=  378.00 -6.74e-16 | 1.6643 14.99  20237    0      0      0 | 1.4034 14.72 | 0.00e+00 3.42e-02 |   0.8830 0.2208  1.5643  3.1896 0.500 14.50 | PAIR-CHANNEL-DEAD
# CONVTAG t=378.00 rough=0.000000 cond=1.320601 evap=2.894846 backs=0.377589
t=  380.00 -6.74e-16 | 1.6641 14.99  20235    0      0      0 | 1.4033 14.72 | 0.00e+00 4.54e-02 |   0.9189 0.2297  1.3833  3.2688 0.500 14.50 | PAIR-CHANNEL-DEAD
# CONVTAG t=380.00 rough=0.000000 cond=1.320601 evap=2.894846 backs=0.377589
# QATOM t=381.90 dir=DF w=2.73740006 e=0.501021363451
t=  382.00 -6.74e-16 | 1.6640 14.99  20231    0      0      0 | 1.4032 14.72 | 0.00e+00 5.00e-02 |   0.9207 0.2302  1.3616  3.2537 0.500 14.50 | PAIR-CHANNEL-DEAD
# CONVTAG t=382.00 rough=0.000000 cond=1.320601 evap=2.894846 backs=0.377589
t=  384.00 -6.74e-16 | 1.6641 14.99  20233    0      0      0 | 1.4033 14.72 | 0.00e+00 5.00e-02 |   0.8942 0.2236  1.5050  3.2058 0.500 14.50 | PAIR-CHANNEL-DEAD
# CONVTAG t=384.00 rough=0.000000 cond=1.320601 evap=2.894846 backs=0.377589
t=  386.00 -6.74e-16 | 1.6641 15.00  20248    0      0      0 | 1.4035 14.72 | 0.00e+00 3.93e-02 |   0.9543 0.2386  1.2526  3.3113 0.500 14.50 | PAIR-CHANNEL-DEAD
# CONVTAG t=386.00 rough=0.000000 cond=1.320601 evap=2.894846 backs=0.377589
t=  388.00 -8.09e-16 | 1.6641 14.99  20240    0      0      0 | 1.4034 14.72 | 0.00e+00 3.60e-02 |   1.0349 0.2587  0.9290  3.4029 0.500 14.50 | PAIR-CHANNEL-DEAD
# CONVTAG t=388.00 rough=0.000000 cond=1.320601 evap=2.894846 backs=0.377589
# QATOM t=388.76 dir=DF w=2.33593527 e=0.427541991432
t=  390.00 -8.09e-16 | 1.6641 14.99  20235    0      0      0 | 1.4034 14.72 | 0.00e+00 3.80e-02 |   0.9740 0.2435  1.0532  3.4385 0.500 14.00 | PAIR-CHANNEL-DEAD
# CONVTAG t=390.00 rough=0.000000 cond=1.320601 evap=2.894846 backs=0.377589
t=  392.00 -8.09e-16 | 1.6643 14.98  20228    0      0      0 | 1.4033 14.72 | 0.00e+00 3.76e-02 |   0.7936 0.1984  1.9433  3.0166 0.500 14.50 | PAIR-CHANNEL-DEAD
# CONVTAG t=392.00 rough=0.000000 cond=1.320601 evap=2.894846 backs=0.377589
t=  394.00 -8.09e-16 | 1.6644 14.99  20235    0      0      0 | 1.4034 14.72 | 0.00e+00 5.00e-02 |   0.7568 0.1892  2.1372  2.8842 0.500 14.50 | PAIR-CHANNEL-DEAD
# CONVTAG t=394.00 rough=0.000000 cond=1.320601 evap=2.894846 backs=0.377589
# QATOM t=394.18 dir=DF w=2.62730725 e=0.48087127585
t=  396.00 -8.09e-16 | 1.6646 15.00  20245    0      0      0 | 1.4035 14.73 | 0.00e+00 4.63e-02 |   0.7743 0.1936  1.9979  3.6891 0.500 14.50 | PAIR-CHANNEL-DEAD
# CONVTAG t=396.00 rough=0.000000 cond=1.320601 evap=2.894846 backs=0.377589
t=  398.00 -8.09e-16 | 1.6645 14.99  20235    0      0      0 | 1.4034 14.72 | 0.00e+00 4.14e-02 |   0.7686 0.1922  2.0419  2.9112 0.500 14.50 | PAIR-CHANNEL-DEAD
# CONVTAG t=398.00 rough=0.000000 cond=1.320601 evap=2.894846 backs=0.377589
# QATOM t=399.80 dir=DF w=2.60391291 e=0.476589453406
t=  400.00 -8.09e-16 | 1.6641 14.99  20235    0      0      0 | 1.4034 14.73 | 0.00e+00 5.00e-02 |   0.7924 0.1981  1.9643  2.9904 0.500 14.50 | PAIR-CHANNEL-DEAD
# CONVTAG t=400.00 rough=0.000000 cond=1.320601 evap=2.894846 backs=0.377589
t=  402.00 -8.09e-16 | 1.6641 14.99  20230    0      0      0 | 1.4034 14.73 | 0.00e+00 4.50e-02 |   0.8097 0.2024  1.7571  3.1242 0.500 14.50 | PAIR-CHANNEL-DEAD
# CONVTAG t=402.00 rough=0.000000 cond=1.320601 evap=2.894846 backs=0.377589
t=  404.00 -8.09e-16 | 1.6642 14.98  20221    0      0      0 | 1.4032 14.72 | 0.00e+00 4.41e-02 |   0.8367 0.2092  1.6362  3.1290 0.500 14.50 | PAIR-CHANNEL-DEAD
# CONVTAG t=404.00 rough=0.000000 cond=1.320601 evap=2.894846 backs=0.377589
# QATOM t=405.12 dir=FD w=1.26351384 e=0.231258643723
t=  406.00 -8.09e-16 | 1.6641 14.97  20208    0      0      0 | 1.4030 14.72 | 0.00e+00 4.02e-02 |   0.7784 0.1946  2.0179  2.9046 0.500 14.50 | PAIR-CHANNEL-DEAD
# CONVTAG t=406.00 rough=0.000000 cond=1.320601 evap=2.894846 backs=0.377589
t=  408.00 -8.09e-16 | 1.6638 14.98  20219    0      0      0 | 1.4032 14.72 | 0.00e+00 4.01e-02 |   0.7387 0.1847  2.2082  2.8072 0.500 14.50 | PAIR-CHANNEL-DEAD
# CONVTAG t=408.00 rough=0.000000 cond=1.320601 evap=2.894846 backs=0.377589
t=  410.00 -8.09e-16 | 1.6640 14.97  20205    0      0      0 | 1.4029 14.72 | 0.00e+00 4.56e-02 |   0.7316 0.1829  2.2418  2.8170 0.500 14.50 | PAIR-CHANNEL-DEAD
# CONVTAG t=410.00 rough=0.000000 cond=1.320601 evap=2.894846 backs=0.377589
# QATOM t=411.04 dir=DF w=2.30896626 e=0.422605902552
t=  412.00 -8.09e-16 | 1.6642 14.97  20208    0      0      0 | 1.4030 14.71 | 0.00e+00 4.58e-02 |   0.7696 0.1924  2.2334  2.8175 0.500 15.00 | PAIR-CHANNEL-DEAD
# CONVTAG t=412.00 rough=0.000000 cond=1.320601 evap=2.894846 backs=0.377589
t=  414.00 -8.09e-16 | 1.6643 14.98  20229    0      0      0 | 1.4032 14.72 | 0.00e+00 4.46e-02 |   0.7784 0.1946  2.3533  2.6696 0.500 14.50 | PAIR-CHANNEL-DEAD
# CONVTAG t=414.00 rough=0.000000 cond=1.320601 evap=2.894846 backs=0.377589
t=  416.00 -8.09e-16 | 1.6639 14.97  20205    0      0      0 | 1.4029 14.71 | 0.00e+00 4.08e-02 |   0.7771 0.1943  2.3902  2.7005 0.500 14.00 | PAIR-CHANNEL-DEAD
# CONVTAG t=416.00 rough=0.000000 cond=1.320601 evap=2.894846 backs=0.377589
# QATOM t=416.58 dir=DF w=2.38629455 e=0.436759158423
t=  418.00 -8.09e-16 | 1.6635 14.97  20211    0      0      0 | 1.4029 14.71 | 0.00e+00 3.09e-02 |   0.7809 0.1952  2.2421  3.5405 0.500 14.00 | PAIR-CHANNEL-DEAD
# CONVTAG t=418.00 rough=0.000000 cond=1.320601 evap=2.894846 backs=0.377589
t=  420.00 -8.09e-16 | 1.6637 14.96  20190    0      0      0 | 1.4027 14.71 | 0.00e+00 4.42e-02 |   0.7680 0.1920  2.2196  2.8296 0.500 14.00 | PAIR-CHANNEL-DEAD
# CONVTAG t=420.00 rough=0.000000 cond=1.320601 evap=2.894846 backs=0.377589
t=  422.00 -8.09e-16 | 1.6639 14.96  20202    0      0      0 | 1.4029 14.72 | 0.00e+00 4.17e-02 |   0.7666 0.1916  2.1065  2.8720 0.500 14.00 | PAIR-CHANNEL-DEAD
# CONVTAG t=422.00 rough=0.000000 cond=1.320601 evap=2.894846 backs=0.377589
# QATOM t=423.12 dir=FD w=1.56162097 e=0.285820650861
t=  424.00 -8.09e-16 | 1.6637 14.97  20206    0      0      0 | 1.4030 14.72 | 0.00e+00 4.82e-02 |   0.8329 0.2082  1.6782  3.1167 0.500 14.50 | PAIR-CHANNEL-DEAD
# CONVTAG t=424.00 rough=0.000000 cond=1.320601 evap=2.894846 backs=0.377589
t=  426.00 -8.09e-16 | 1.6639 14.97  20215    0      0      0 | 1.4032 14.72 | 0.00e+00 3.89e-02 |   0.8144 0.2036  1.7032  3.1059 0.500 14.50 | PAIR-CHANNEL-DEAD
# CONVTAG t=426.00 rough=0.000000 cond=1.320601 evap=2.894846 backs=0.377589
t=  428.00 -8.09e-16 | 1.6639 14.98  20223    0      0      0 | 1.4032 14.72 | 0.00e+00 3.98e-02 |   0.7146 0.1786  2.2376  2.7860 0.500 14.00 | PAIR-CHANNEL-DEAD
# CONVTAG t=428.00 rough=0.000000 cond=1.320601 evap=2.894846 backs=0.377589
# QATOM t=428.44 dir=FD w=1.570088 e=0.28737035562
t=  430.00 -8.09e-16 | 1.6642 14.98  20227    0      0      0 | 1.4033 14.72 | 0.00e+00 3.74e-02 |   0.6890 0.1723  2.3756  2.7058 0.500 14.00 | PAIR-CHANNEL-DEAD
# CONVTAG t=430.00 rough=0.000000 cond=1.320601 evap=2.894846 backs=0.377589
t=  432.00 -8.09e-16 | 1.6641 14.99  20236    0      0      0 | 1.4033 14.72 | 0.00e+00 5.00e-02 |   0.6940 0.1735  2.3716  2.6707 0.500 14.00 | PAIR-CHANNEL-DEAD
# CONVTAG t=432.00 rough=0.000000 cond=1.320601 evap=2.894846 backs=0.377589
t=  434.00 -8.09e-16 | 1.6639 14.98  20217    0      0      0 | 1.4032 14.72 | 0.00e+00 4.09e-02 |   0.6957 0.1739  2.4065  2.6273 0.500 14.00 | PAIR-CHANNEL-DEAD
# CONVTAG t=434.00 rough=0.000000 cond=1.320601 evap=2.894846 backs=0.377589
# QATOM t=434.26 dir=FD w=1.30626637 e=0.239083562655
t=  436.00 -8.09e-16 | 1.6640 14.99  20235    0      0      0 | 1.4033 14.72 | 0.00e+00 3.17e-02 |   0.7171 0.1793  2.6151  2.4227 0.500 15.00 | PAIR-CHANNEL-DEAD
# CONVTAG t=436.00 rough=0.000000 cond=1.320601 evap=2.894846 backs=0.377589
t=  438.00 -8.09e-16 | 1.6642 14.99  20242    0      0      0 | 1.4034 14.72 | 0.00e+00 3.98e-02 |   0.7590 0.1898  2.2435  2.7742 0.500 15.00 | PAIR-CHANNEL-DEAD
# CONVTAG t=438.00 rough=0.000000 cond=1.320601 evap=2.894846 backs=0.377589
t=  440.00 -8.09e-16 | 1.6640 14.99  20238    0      0      0 | 1.4034 14.72 | 0.00e+00 3.86e-02 |   0.7738 0.1934  1.5579  3.6887 0.500 14.50 | PAIR-CHANNEL-DEAD
# CONVTAG t=440.00 rough=0.000000 cond=1.320601 evap=2.894846 backs=0.377589
# QATOM t=440.00 dir=DF w=2.23464677 e=0.409003341383
t=  442.00 -8.09e-16 | 1.6642 14.99  20234    0      0      0 | 1.4034 14.72 | 0.00e+00 3.95e-02 |   0.6849 0.1712  0.8576  3.9598 0.500 14.50 | PAIR-CHANNEL-DEAD
# CONVTAG t=442.00 rough=0.000000 cond=1.320601 evap=2.894846 backs=0.377589
t=  444.00 -8.09e-16 | 1.6637 15.01  20257    0      0      0 | 1.4037 14.73 | 0.00e+00 4.28e-02 |   0.4260 0.1065  1.2118  3.3120 0.500 14.50 | PAIR-CHANNEL-DEAD
# CONVTAG t=444.00 rough=0.000000 cond=1.320601 evap=2.894846 backs=0.377589
# QATOM t=445.94 dir=FD w=1.50318023 e=0.275124349465
t=  446.00 -9.43e-16 | 1.6639 14.99  20242    0      0      0 | 1.4034 14.72 | 0.00e+00 3.64e-02 |   0.3801 0.0950  1.6859  3.1096 0.500 14.50 | PAIR-CHANNEL-DEAD
# CONVTAG t=446.00 rough=0.000000 cond=1.320601 evap=2.894846 backs=0.377589
t=  448.00 -8.09e-16 | 1.6640 15.00  20251    0      0      0 | 1.4036 14.72 | 0.00e+00 4.77e-02 |   0.5130 0.1283  1.4963  3.2164 0.500 14.50 | PAIR-CHANNEL-DEAD
# CONVTAG t=448.00 rough=0.000000 cond=1.320601 evap=2.894846 backs=0.377589
t=  450.00 -8.09e-16 | 1.6639 14.99  20243    0      0      0 | 1.4035 14.73 | 0.00e+00 4.27e-02 |   0.5310 0.1328  1.9095  3.0793 0.500 15.50 | PAIR-CHANNEL-DEAD
# CONVTAG t=450.00 rough=0.000000 cond=1.320601 evap=2.894846 backs=0.377589
# QATOM t=451.56 dir=FD w=1.63540444 e=0.299325105741
t=  452.00 -9.43e-16 | 1.6640 14.98  20222    0      0      0 | 1.4032 14.72 | 0.00e+00 4.06e-02 |   0.5272 0.1318  2.0008  3.0088 0.500 15.50 | PAIR-CHANNEL-DEAD
# CONVTAG t=452.00 rough=0.000000 cond=1.320601 evap=2.894846 backs=0.377589
t=  454.00 -8.09e-16 | 1.6641 14.98  20222    0      0      0 | 1.4032 14.72 | 0.00e+00 4.94e-02 |   0.3895 0.0974  1.7688  3.0656 0.500 15.50 | PAIR-CHANNEL-DEAD
# CONVTAG t=454.00 rough=0.000000 cond=1.320601 evap=2.894846 backs=0.377589
t=  456.00 -8.09e-16 | 1.6640 14.99  20239    0      0      0 | 1.4034 14.72 | 0.00e+00 3.99e-02 |   0.4598 0.1150  0.9105  3.3983 0.500 15.50 | PAIR-CHANNEL-DEAD
# CONVTAG t=456.00 rough=0.000000 cond=1.320601 evap=2.894846 backs=0.377589
# QATOM t=456.94 dir=DF w=2.64080428 e=0.483341613764
t=  458.00 -8.09e-16 | 1.6640 14.97  20211    0      0      0 | 1.4030 14.71 | 0.00e+00 3.67e-02 |   0.6610 0.1652  1.0363  3.3728 0.500 15.50 | PAIR-CHANNEL-DEAD
# CONVTAG t=458.00 rough=0.000000 cond=1.320601 evap=2.894846 backs=0.377589
t=  460.00 -9.43e-16 | 1.6642 14.98  20227    0      0      0 | 1.4032 14.72 | 0.00e+00 4.20e-02 |   0.7702 0.1926  1.5297  3.3090 0.500 15.00 | PAIR-CHANNEL-DEAD
# CONVTAG t=460.00 rough=0.000000 cond=1.320601 evap=2.894846 backs=0.377589
t=  462.00 -9.43e-16 | 1.6640 14.99  20233    0      0      0 | 1.4034 14.72 | 0.00e+00 5.00e-02 |   0.7946 0.1986  0.9273  3.5382 0.500 14.50 | PAIR-CHANNEL-DEAD
# CONVTAG t=462.00 rough=0.000000 cond=1.320601 evap=2.894846 backs=0.377589
# QATOM t=463.42 dir=FD w=1.58844826 e=0.290730801113
t=  464.00 -9.43e-16 | 1.6640 14.99  20238    0      0      0 | 1.4035 14.73 | 0.00e+00 4.34e-02 |   0.6985 0.1746  0.3343  3.5521 0.500 14.00 | PAIR-CHANNEL-DEAD
# CONVTAG t=464.00 rough=0.000000 cond=1.320601 evap=2.894846 backs=0.377589
t=  466.00 -9.43e-16 | 1.6645 15.00  20250    0      0      0 | 1.4036 14.72 | 0.00e+00 3.57e-02 |   0.8373 0.2093  1.2277  3.3505 0.500 14.50 | PAIR-CHANNEL-DEAD
# CONVTAG t=466.00 rough=0.000000 cond=1.320601 evap=2.894846 backs=0.377589
t=  468.00 -9.43e-16 | 1.6644 15.00  20250    0      0      0 | 1.4035 14.72 | 0.00e+00 4.76e-02 |   0.7872 0.1968  1.6202  3.0547 0.500 14.00 | PAIR-CHANNEL-DEAD
# CONVTAG t=468.00 rough=0.000000 cond=1.320601 evap=2.894846 backs=0.377589
# QATOM t=469.26 dir=DF w=2.20405709 e=0.40340456807
t=  470.00 -9.43e-16 | 1.6642 15.00  20256    0      0      0 | 1.4036 14.72 | 0.00e+00 4.11e-02 |   0.2374 0.0593  1.0006  3.8095 0.500 14.50 | PAIR-CHANNEL-DEAD
# CONVTAG t=470.00 rough=0.000000 cond=1.320601 evap=3.308809 backs=0.431584
t=  472.00 -9.43e-16 | 1.6643 15.01  20267    0      0      0 | 1.4038 14.72 | 0.00e+00 4.27e-02 |   0.2225 0.0556  1.1129  3.5274 0.500 14.50 | PAIR-CHANNEL-DEAD
# CONVTAG t=472.00 rough=0.000000 cond=1.320601 evap=3.308809 backs=0.431584
t=  474.00 -9.43e-16 | 1.6642 15.01  20262    0      0      0 | 1.4037 14.72 | 0.00e+00 4.35e-02 |   0.5507 0.1377  2.4248  2.7653 0.500 14.50 | PAIR-CHANNEL-DEAD
# CONVTAG t=474.00 rough=0.000000 cond=1.603404 evap=3.308809 backs=0.431584
# QATOM t=474.66 dir=DF w=2.29193122 e=0.419488010718
t=  476.00 -8.09e-16 | 1.6639 14.99  20242    0      0      0 | 1.4034 14.72 | 0.00e+00 3.69e-02 |   0.5105 0.1276  2.1357  3.0033 0.500 14.50 | PAIR-CHANNEL-DEAD
# CONVTAG t=476.00 rough=0.000000 cond=1.603404 evap=3.308809 backs=0.431584
t=  478.00 -8.09e-16 | 1.6637 14.99  20231    0      0      0 | 1.4033 14.72 | 0.00e+00 4.47e-02 |   0.5706 0.1427  1.0059  3.5589 0.500 15.00 | PAIR-CHANNEL-DEAD
# CONVTAG t=478.00 rough=0.000000 cond=1.603404 evap=3.308809 backs=0.431584
t=  480.00 -8.09e-16 | 1.6640 14.99  20236    0      0      0 | 1.4033 14.72 | 0.00e+00 4.96e-02 |   0.7956 0.1989  0.4501  3.4805 0.500 14.50 | PAIR-CHANNEL-DEAD
# CONVTAG t=480.00 rough=0.000000 cond=1.603404 evap=3.308809 backs=0.431584
#
# RESULT drift_rel -8.086e-16
# RESULT births 0 deaths 0 beta_returns 0 beta_energy 0.000000e+00
# RESULT conv rough=6.721821 cond=2314.714391 evap=0.000000 backs=282.577395 rad=2159.704878
# RESULT convtag rough=0.000000 cond=1.603404 evap=3.308809 backs=0.431584 net=-1.273821
# RESULT geometry phi_nom=1.6640 z_live=14.99 dbar=1.4033 sigma_d=0.1472
# RESULT pair CHANNEL DEAD
