# freecell — v89 free-cell substance test (exp=pair)
# laws = laws_V2g VERBATIM (defaults): C=1 w1=1.65 w2=2.9 q_detune=1.2
# gamma_res=0.25 gamma_res_m=0.1 p_gate=8 lock_floor=0.005 k_dep=1.2 k_dep_m=2 cap=2.5
# e_s0=1 es_floor=0.05 e_cond=0 f_conv=0.25 f_evap=0.5 s_pull=0.15
# kappa_lock=1 kappa_align=0.5 s_k=0.06 s_disp=0.3 sigma_tumble=0.01
# comb_limit=6 rough_k=0.35 gamma_rough=0.5 mob_sym=1 mob_floor=0.004 field_J=1.8
# quant_A0=1.15 quant_mode=2 (A0eff=1.15)
# v91 radiance (laws_V3r candidate A): k_rad=0 p_rad=4 rad_clock=0
# GEOMETRY (apparatus): cfac=1.15 k_rep=1 mob_geo=1 kappa_bond=1 freeze_geo=1
# bath=1 bath_frac=1 jam_sweeps=800 jam_k=0.1 L=16 dt=0.02 T=480 seed=111 diag_every=100
# JAM sweeps=800 max_step=1.449e-04 (tol 1.0e-04, k_end=0.0010) — witness for the settle
# SEED pair: i=1018 j=1538 x=0.6400/0.6400 p:q=1:1 m=1 d*=1.915288 d0=7.003921 (doff +5.0847)
# SEED pair radii r=0.8093 contact=1.6397  Em/voice=1.6000
# SEED noise: amp=0.5 (e1-class churn)
# INIT NC=2663 slots=25099 live=20090 phi_nom=1.6757 z_live=15.09 dbar=1.4088 sigma_d=14.52% E0=3344.892988963
#
# t | drift_rel | phi_nom z_live NLa NLd births deaths | dbar sigma_d% | maxstep maxbond | Em_tag ret com_dev rms conn z_tag | pair: d delta gf gb | core/far
t=    0.00 +0.00e+00 | 1.6757 15.09  20090    0      0      0 | 1.4088 14.52 | 0.00e+00 0.00e+00 |   3.2000 1.0000  0.1375  3.5020 0.500 15.00 | PAIR-CHANNEL-DEAD
# CONVTAG t=0.00 rough=0.000000 cond=0.000000 evap=0.000000 backs=0.000000
t=    2.00 -1.36e-16 | 1.6757 15.05  20035    0      0      0 | 1.4082 14.52 | 0.00e+00 4.93e-05 |   3.1985 0.9995  0.1375  3.5019 0.500 12.00 | PAIR-CHANNEL-DEAD
# CONVTAG t=2.00 rough=0.000000 cond=0.000000 evap=0.000000 backs=0.000000
t=    4.00 -4.08e-16 | 1.6756 15.00  19976    0      0      0 | 1.4073 14.51 | 0.00e+00 1.07e-04 |   3.1953 0.9985  0.1375  3.5019 0.500 11.00 | PAIR-CHANNEL-DEAD
# CONVTAG t=4.00 rough=0.000000 cond=0.000000 evap=0.000000 backs=0.000000
# QATOM t=5.62 dir=FD w=1.65 e=0.301996504517
t=    6.00 -5.44e-16 | 1.6756 15.00  19977    0      0      0 | 1.4074 14.51 | 0.00e+00 4.99e-05 |   3.1940 0.9981  0.1375  3.5020 0.500 10.50 | PAIR-CHANNEL-DEAD
# CONVTAG t=6.00 rough=0.000000 cond=0.000000 evap=0.000000 backs=0.000000
t=    8.00 -6.80e-16 | 1.6752 14.98  19952    0      0      0 | 1.4070 14.50 | 0.00e+00 5.22e-05 |   3.1915 0.9973  0.1375  3.5019 0.500 10.50 | PAIR-CHANNEL-DEAD
# CONVTAG t=8.00 rough=0.000000 cond=0.000000 evap=0.000000 backs=0.000000
t=   10.00 -6.80e-16 | 1.6752 15.00  19967    0      0      0 | 1.4073 14.51 | 0.00e+00 1.66e-04 |   3.1883 0.9964  0.1375  3.5020 0.500 11.50 | PAIR-CHANNEL-DEAD
# CONVTAG t=10.00 rough=0.000000 cond=0.000000 evap=0.000000 backs=0.000000
t=   12.00 -6.80e-16 | 1.6740 14.98  19944    0      0      0 | 1.4070 14.51 | 0.00e+00 2.61e-02 |   3.1868 0.9959  0.1375  3.5020 0.500 10.50 | PAIR-CHANNEL-DEAD
# CONVTAG t=12.00 rough=0.000000 cond=0.000000 evap=0.000000 backs=0.000000
t=   14.00 -6.80e-16 | 1.6730 14.97  19936    0      0      0 | 1.4069 14.51 | 0.00e+00 3.10e-02 |   3.1856 0.9955  0.1375  3.5020 0.500 11.00 | PAIR-CHANNEL-DEAD
# CONVTAG t=14.00 rough=0.000000 cond=0.000000 evap=0.000000 backs=0.000000
t=   16.00 -6.80e-16 | 1.6712 14.95  19908    0      0      0 | 1.4066 14.51 | 0.00e+00 2.16e-02 |   3.1844 0.9951  0.1375  3.5020 0.500 10.50 | PAIR-CHANNEL-DEAD
# CONVTAG t=16.00 rough=0.000000 cond=0.000000 evap=0.000000 backs=0.000000
# QATOM t=16.96 dir=FD w=1.649869 e=0.301972528673
t=   18.00 -6.80e-16 | 1.6690 14.93  19881    0      0      0 | 1.4061 14.50 | 0.00e+00 8.36e-03 |   3.1826 0.9946  0.1375  3.5020 0.500 11.00 | PAIR-CHANNEL-DEAD
# CONVTAG t=18.00 rough=0.000000 cond=0.000000 evap=0.000000 backs=0.000000
t=   20.00 -6.80e-16 | 1.6666 14.89  19825    0      0      0 | 1.4054 14.49 | 0.00e+00 1.73e-02 |   3.3716 1.0536  0.2426  3.4965 0.500 10.00 | PAIR-CHANNEL-DEAD
# CONVTAG t=20.00 rough=0.000000 cond=0.171334 evap=0.000000 backs=0.000000
# QATOM t=21.90 dir=FD w=1.64733078 e=0.301507961658
t=   22.00 -6.80e-16 | 1.6639 14.87  19795    0      0      0 | 1.4050 14.49 | 0.00e+00 1.66e-02 |   3.3637 1.0511  0.2371  3.4969 0.500 10.00 | PAIR-CHANNEL-DEAD
# CONVTAG t=22.00 rough=0.000000 cond=0.171334 evap=0.000000 backs=0.000000
t=   24.00 -6.80e-16 | 1.6608 14.82  19737    0      0      0 | 1.4041 14.47 | 0.00e+00 1.66e-02 |   3.3647 1.0515  0.2398  3.4967 0.500 10.50 | PAIR-CHANNEL-DEAD
# CONVTAG t=24.00 rough=0.000000 cond=0.171334 evap=0.000000 backs=0.000000
# QATOM t=25.84 dir=FD w=1.64720618 e=0.301485156743
t=   26.00 -6.80e-16 | 1.6584 14.81  19720    0      0      0 | 1.4039 14.48 | 0.00e+00 2.54e-02 |   3.3647 1.0515  0.2422  3.4966 0.500 10.00 | PAIR-CHANNEL-DEAD
# CONVTAG t=26.00 rough=0.000000 cond=0.171334 evap=0.000000 backs=0.000000
t=   28.00 -6.80e-16 | 1.6559 14.80  19704    0      0      0 | 1.4037 14.48 | 0.00e+00 4.89e-02 |   3.3529 1.0478  0.2342  3.4970 0.500 10.00 | PAIR-CHANNEL-DEAD
# CONVTAG t=28.00 rough=0.000000 cond=0.171334 evap=0.000000 backs=0.000000
t=   30.00 -6.80e-16 | 1.6530 14.77  19671    0      0      0 | 1.4032 14.46 | 0.00e+00 3.55e-02 |   3.3449 1.0453  0.2309  3.4973 0.500 10.00 | PAIR-CHANNEL-DEAD
# CONVTAG t=30.00 rough=0.000000 cond=0.171334 evap=0.000000 backs=0.000000
# QATOM t=30.26 dir=FD w=1.64876973 e=0.301771329976
t=   32.00 -8.16e-16 | 1.6503 14.75  19635    0      0      0 | 1.4027 14.46 | 0.00e+00 2.45e-02 |   3.3466 1.0458  0.2331  3.4971 0.500 10.50 | PAIR-CHANNEL-DEAD
# CONVTAG t=32.00 rough=0.000000 cond=0.171334 evap=0.000000 backs=0.000000
t=   34.00 -8.16e-16 | 1.6482 14.73  19618    0      0      0 | 1.4025 14.45 | 0.00e+00 2.61e-02 |   3.3368 1.0427  0.2290  3.4974 0.500 10.50 | PAIR-CHANNEL-DEAD
# CONVTAG t=34.00 rough=0.000000 cond=0.171334 evap=0.000000 backs=0.000000
# QATOM t=34.80 dir=FD w=1.64913496 e=0.301838178039
t=   36.00 -8.16e-16 | 1.6464 14.73  19610    0      0      0 | 1.4024 14.46 | 0.00e+00 2.70e-02 |   3.3274 1.0398  0.2222  3.4978 0.500 10.00 | PAIR-CHANNEL-DEAD
# CONVTAG t=36.00 rough=0.000000 cond=0.171334 evap=0.000000 backs=0.000000
t=   38.00 -8.16e-16 | 1.6445 14.71  19592    0      0      0 | 1.4021 14.45 | 0.00e+00 3.49e-02 |   3.3301 1.0407  0.2245  3.4977 0.500 10.00 | PAIR-CHANNEL-DEAD
# CONVTAG t=38.00 rough=0.000000 cond=0.171334 evap=0.000000 backs=0.000000
t=   40.00 -8.16e-16 | 1.6427 14.69  19564    0      0      0 | 1.4018 14.46 | 0.00e+00 2.50e-02 |   3.3241 1.0388  0.2215  3.4978 0.500 10.00 | PAIR-CHANNEL-DEAD
# CONVTAG t=40.00 rough=0.000000 cond=0.171334 evap=0.000000 backs=0.000000
# QATOM t=40.56 dir=FD w=1.6473781 e=0.301516623397
t=   42.00 -8.16e-16 | 1.6410 14.67  19539    0      0      0 | 1.4015 14.45 | 0.00e+00 3.62e-02 |   3.3109 1.0347  0.2117  3.4985 0.500 10.00 | PAIR-CHANNEL-DEAD
# CONVTAG t=42.00 rough=0.000000 cond=0.171334 evap=0.000000 backs=0.000000
t=   44.00 -8.16e-16 | 1.6398 14.67  19532    0      0      0 | 1.4014 14.45 | 0.00e+00 4.80e-02 |   3.3114 1.0348  0.2124  3.4984 0.500 10.50 | PAIR-CHANNEL-DEAD
# CONVTAG t=44.00 rough=0.000000 cond=0.171334 evap=0.000000 backs=0.000000
t=   46.00 -8.16e-16 | 1.6384 14.66  19518    0      0      0 | 1.4013 14.45 | 0.00e+00 3.69e-02 |   3.3086 1.0339  0.2172  3.4981 0.500 10.00 | PAIR-CHANNEL-DEAD
# CONVTAG t=46.00 rough=0.000000 cond=0.171334 evap=0.000000 backs=0.000000
t=   48.00 -8.16e-16 | 1.6371 14.61  19456    0      0      0 | 1.4004 14.44 | 0.00e+00 2.99e-02 |   3.2805 1.0252  0.2055  3.4988 0.500 10.00 | PAIR-CHANNEL-DEAD
# CONVTAG t=48.00 rough=0.000000 cond=0.171334 evap=0.000000 backs=0.000000
# QATOM t=48.34 dir=FD w=1.46613019 e=0.268343146321
t=   50.00 -8.16e-16 | 1.6360 14.61  19458    0      0      0 | 1.4004 14.44 | 0.00e+00 3.96e-02 |   3.2799 1.0250  0.2072  3.4987 0.500 10.50 | PAIR-CHANNEL-DEAD
# CONVTAG t=50.00 rough=0.000000 cond=0.171334 evap=0.000000 backs=0.000000
t=   52.00 -8.16e-16 | 1.6356 14.61  19458    0      0      0 | 1.4005 14.45 | 0.00e+00 3.34e-02 |   3.4874 1.0898  0.1437  3.5016 0.500 10.00 | PAIR-CHANNEL-DEAD
# CONVTAG t=52.00 rough=0.000000 cond=0.343569 evap=0.000000 backs=0.000000
t=   54.00 -8.16e-16 | 1.6348 14.60  19442    0      0      0 | 1.4002 14.44 | 0.00e+00 3.29e-02 |   3.4720 1.0850  0.1479  3.5014 0.500 10.50 | PAIR-CHANNEL-DEAD
# CONVTAG t=54.00 rough=0.000000 cond=0.343569 evap=0.000000 backs=0.000000
t=   56.00 -8.16e-16 | 1.6340 14.59  19432    0      0      0 | 1.4001 14.44 | 0.00e+00 3.75e-02 |   3.4481 1.0775  0.1584  3.5009 0.500 10.00 | PAIR-CHANNEL-DEAD
# CONVTAG t=56.00 rough=0.000000 cond=0.343569 evap=0.000000 backs=0.000000
t=   58.00 -8.16e-16 | 1.6332 14.59  19432    0      0      0 | 1.4000 14.44 | 0.00e+00 2.86e-02 |   3.4248 1.0703  0.1727  3.5002 0.500 10.50 | PAIR-CHANNEL-DEAD
# CONVTAG t=58.00 rough=0.000000 cond=0.343569 evap=0.000000 backs=0.000000
t=   60.00 -8.16e-16 | 1.6325 14.57  19406    0      0      0 | 1.3997 14.43 | 0.00e+00 3.84e-02 |   3.4222 1.0694  0.1722  3.5003 0.500 10.50 | PAIR-CHANNEL-DEAD
# CONVTAG t=60.00 rough=0.000000 cond=0.343569 evap=0.000000 backs=0.000000
t=   62.00 -8.16e-16 | 1.6320 14.58  19416    0      0      0 | 1.3998 14.44 | 0.00e+00 4.29e-02 |   3.4236 1.0699  0.1642  3.5006 0.500 10.50 | PAIR-CHANNEL-DEAD
# CONVTAG t=62.00 rough=0.000000 cond=0.343569 evap=0.000000 backs=0.000000
# QATOM t=62.94 dir=FD w=1.62612414 e=0.297626548652
t=   64.00 -8.16e-16 | 1.6314 14.56  19391    0      0      0 | 1.3995 14.43 | 0.00e+00 4.46e-02 |   3.4375 1.0742  0.1532  3.5015 0.500 10.00 | PAIR-CHANNEL-DEAD
# CONVTAG t=64.00 rough=0.000000 cond=0.343569 evap=0.000000 backs=0.000000
t=   66.00 -8.16e-16 | 1.6310 14.54  19361    0      0      0 | 1.3991 14.42 | 0.00e+00 2.62e-02 |   3.4329 1.0728  0.1547  3.5011 0.500 10.00 | PAIR-CHANNEL-DEAD
# CONVTAG t=66.00 rough=0.000000 cond=0.343569 evap=0.000000 backs=0.000000
t=   68.00 -8.16e-16 | 1.6306 14.55  19377    0      0      0 | 1.3993 14.43 | 0.00e+00 3.37e-02 |   3.3988 1.0621  0.1736  3.5001 0.500  9.50 | PAIR-CHANNEL-DEAD
# CONVTAG t=68.00 rough=0.000000 cond=0.343569 evap=0.000000 backs=0.000000
t=   70.00 -8.16e-16 | 1.6303 14.56  19387    0      0      0 | 1.3994 14.43 | 0.00e+00 3.51e-02 |   3.3662 1.0519  0.1965  3.4989 0.500  9.50 | PAIR-CHANNEL-DEAD
# CONVTAG t=70.00 rough=0.000000 cond=0.343569 evap=0.000000 backs=0.000000
t=   72.00 -8.16e-16 | 1.6300 14.55  19376    0      0      0 | 1.3993 14.43 | 0.00e+00 4.79e-02 |   3.3570 1.0491  0.2036  3.4985 0.500  9.50 | PAIR-CHANNEL-DEAD
# CONVTAG t=72.00 rough=0.000000 cond=0.343569 evap=0.000000 backs=0.000000
t=   74.00 -8.16e-16 | 1.6297 14.55  19371    0      0      0 | 1.3992 14.43 | 0.00e+00 3.24e-02 |   3.3731 1.0541  0.1909  3.4991 0.500 10.00 | PAIR-CHANNEL-DEAD
# CONVTAG t=74.00 rough=0.000000 cond=0.343569 evap=0.000000 backs=0.000000
t=   76.00 -8.16e-16 | 1.6294 14.54  19359    0      0      0 | 1.3990 14.42 | 0.00e+00 3.76e-02 |   3.3960 1.0612  0.1750  3.5001 0.500 10.00 | PAIR-CHANNEL-DEAD
# CONVTAG t=76.00 rough=0.000000 cond=0.343569 evap=0.000000 backs=0.000000
t=   78.00 -8.16e-16 | 1.6289 14.53  19344    0      0      0 | 1.3988 14.42 | 0.00e+00 4.09e-02 |   3.3803 1.0563  0.1866  3.4994 0.500 10.00 | PAIR-CHANNEL-DEAD
# CONVTAG t=78.00 rough=0.000000 cond=0.343569 evap=0.000000 backs=0.000000
t=   80.00 -8.16e-16 | 1.6288 14.52  19331    0      0      0 | 1.3987 14.42 | 0.00e+00 5.00e-02 |   3.3574 1.0492  0.1983  3.4988 0.500 10.00 | PAIR-CHANNEL-DEAD
# CONVTAG t=80.00 rough=0.000000 cond=0.343569 evap=0.000000 backs=0.000000
t=   82.00 -8.16e-16 | 1.6284 14.53  19345    0      0      0 | 1.3989 14.43 | 0.00e+00 4.03e-02 |   3.3581 1.0494  0.1899  3.4993 0.500 10.00 | PAIR-CHANNEL-DEAD
# CONVTAG t=82.00 rough=0.000000 cond=0.343569 evap=0.000000 backs=0.000000
t=   84.00 -9.52e-16 | 1.6282 14.53  19349    0      0      0 | 1.3990 14.43 | 0.00e+00 3.28e-02 |   3.3532 1.0479  0.1912  3.4992 0.500 10.00 | PAIR-CHANNEL-DEAD
# CONVTAG t=84.00 rough=0.000000 cond=0.343569 evap=0.000000 backs=0.000000
t=   86.00 -9.52e-16 | 1.6279 14.54  19356    0      0      0 | 1.3992 14.44 | 0.00e+00 4.86e-02 |   3.3443 1.0451  0.1946  3.4990 0.500 10.00 | PAIR-CHANNEL-DEAD
# CONVTAG t=86.00 rough=0.000000 cond=0.343569 evap=0.000000 backs=0.000000
t=   88.00 -9.52e-16 | 1.6275 14.53  19347    0      0      0 | 1.3990 14.43 | 0.00e+00 4.14e-02 |   3.3385 1.0433  0.1976  3.4989 0.500 10.00 | PAIR-CHANNEL-DEAD
# CONVTAG t=88.00 rough=0.000000 cond=0.343569 evap=0.000000 backs=0.000000
t=   90.00 -9.52e-16 | 1.6273 14.53  19344    0      0      0 | 1.3989 14.43 | 0.00e+00 4.10e-02 |   3.3355 1.0423  0.1997  3.4987 0.500 10.00 | PAIR-CHANNEL-DEAD
# CONVTAG t=90.00 rough=0.000000 cond=0.343569 evap=0.000000 backs=0.000000
t=   92.00 -9.52e-16 | 1.6270 14.52  19339    0      0      0 | 1.3988 14.42 | 0.00e+00 4.07e-02 |   3.5212 1.1004  0.1462  3.5017 0.500 10.00 | PAIR-CHANNEL-DEAD
# CONVTAG t=92.00 rough=0.000000 cond=0.515036 evap=0.000000 backs=0.000000
# QATOM t=93.88 dir=FD w=1.60951072 e=0.294585825377
t=   94.00 -9.52e-16 | 1.6268 14.51  19323    0      0      0 | 1.3986 14.43 | 0.00e+00 4.94e-02 |   3.5103 1.0970  0.1436  3.5036 0.500 10.00 | PAIR-CHANNEL-DEAD
# CONVTAG t=94.00 rough=0.000000 cond=0.515036 evap=0.000000 backs=0.000000
t=   96.00 -9.52e-16 | 1.6265 14.53  19347    0      0      0 | 1.3989 14.43 | 0.00e+00 4.18e-02 |   3.5025 1.0945  0.1416  3.5018 0.500 10.00 | PAIR-CHANNEL-DEAD
# CONVTAG t=96.00 rough=0.000000 cond=0.515036 evap=0.000000 backs=0.000000
t=   98.00 -9.52e-16 | 1.6262 14.51  19325    0      0      0 | 1.3986 14.42 | 0.00e+00 3.23e-02 |   3.4880 1.0900  0.1390  3.5019 0.500 10.50 | PAIR-CHANNEL-DEAD
# CONVTAG t=98.00 rough=0.000000 cond=0.515036 evap=0.000000 backs=0.000000
t=  100.00 -9.52e-16 | 1.6262 14.50  19312    0      0      0 | 1.3985 14.42 | 0.00e+00 4.46e-02 |   3.4741 1.0857  0.1421  3.5018 0.500 10.50 | PAIR-CHANNEL-DEAD
# CONVTAG t=100.00 rough=0.000000 cond=0.515036 evap=0.000000 backs=0.000000
t=  102.00 -9.52e-16 | 1.6260 14.50  19305    0      0      0 | 1.3984 14.42 | 0.00e+00 3.76e-02 |   3.4771 1.0866  0.1433  3.5018 0.500 10.50 | PAIR-CHANNEL-DEAD
# CONVTAG t=102.00 rough=0.000000 cond=0.515036 evap=0.000000 backs=0.000000
t=  104.00 -9.52e-16 | 1.6258 14.50  19312    0      0      0 | 1.3985 14.42 | 0.00e+00 3.88e-02 |   3.4560 1.0800  0.1395  3.5019 0.500 10.50 | PAIR-CHANNEL-DEAD
# CONVTAG t=104.00 rough=0.000000 cond=0.515036 evap=0.000000 backs=0.000000
t=  106.00 -9.52e-16 | 1.6257 14.51  19319    0      0      0 | 1.3985 14.42 | 0.00e+00 3.63e-02 |   3.4489 1.0778  0.1389  3.5019 0.500 10.50 | PAIR-CHANNEL-DEAD
# CONVTAG t=106.00 rough=0.000000 cond=0.515036 evap=0.000000 backs=0.000000
t=  108.00 -9.52e-16 | 1.6255 14.51  19316    0      0      0 | 1.3985 14.42 | 0.00e+00 4.87e-02 |   3.4406 1.0752  0.1402  3.5018 0.500 10.50 | PAIR-CHANNEL-DEAD
# CONVTAG t=108.00 rough=0.000000 cond=0.515036 evap=0.000000 backs=0.000000
t=  110.00 -9.52e-16 | 1.6254 14.50  19310    0      0      0 | 1.3985 14.43 | 0.00e+00 3.35e-02 |   3.3975 1.0617  0.1447  3.5017 0.500 10.50 | PAIR-CHANNEL-DEAD
# CONVTAG t=110.00 rough=0.000000 cond=0.515036 evap=0.000000 backs=0.000000
t=  112.00 -9.52e-16 | 1.6254 14.48  19285    0      0      0 | 1.3981 14.42 | 0.00e+00 3.54e-02 |   3.3951 1.0610  0.1457  3.5016 0.500 10.50 | PAIR-CHANNEL-DEAD
# CONVTAG t=112.00 rough=0.000000 cond=0.515036 evap=0.000000 backs=0.000000
t=  114.00 -9.52e-16 | 1.6253 14.49  19290    0      0      0 | 1.3982 14.42 | 0.00e+00 4.44e-02 |   3.4086 1.0652  0.1536  3.5014 0.500 10.50 | PAIR-CHANNEL-DEAD
# CONVTAG t=114.00 rough=0.000000 cond=0.515036 evap=0.000000 backs=0.000000
t=  116.00 -9.52e-16 | 1.6253 14.48  19280    0      0      0 | 1.3980 14.42 | 0.00e+00 5.00e-02 |   3.4011 1.0628  0.1509  3.5014 0.500 10.50 | PAIR-CHANNEL-DEAD
# CONVTAG t=116.00 rough=0.000000 cond=0.515036 evap=0.000000 backs=0.000000
t=  118.00 -9.52e-16 | 1.6251 14.48  19285    0      0      0 | 1.3982 14.42 | 0.00e+00 3.64e-02 |   3.3904 1.0595  0.1529  3.5014 0.500 10.50 | PAIR-CHANNEL-DEAD
# CONVTAG t=118.00 rough=0.000000 cond=0.515036 evap=0.000000 backs=0.000000
t=  120.00 -9.52e-16 | 1.6250 14.47  19264    0      0      0 | 1.3978 14.42 | 0.00e+00 3.45e-02 |   3.4040 1.0637  0.1596  3.5011 0.500 10.50 | PAIR-CHANNEL-DEAD
# CONVTAG t=120.00 rough=0.000000 cond=0.515036 evap=0.000000 backs=0.000000
t=  122.00 -9.52e-16 | 1.6249 14.47  19271    0      0      0 | 1.3979 14.42 | 0.00e+00 4.62e-02 |   3.3909 1.0597  0.1536  3.5014 0.500 10.50 | PAIR-CHANNEL-DEAD
# CONVTAG t=122.00 rough=0.000000 cond=0.515036 evap=0.000000 backs=0.000000
t=  124.00 -9.52e-16 | 1.6248 14.49  19287    0      0      0 | 1.3982 14.43 | 0.00e+00 5.00e-02 |   3.3867 1.0584  0.1505  3.5015 0.500 10.50 | PAIR-CHANNEL-DEAD
# CONVTAG t=124.00 rough=0.000000 cond=0.515036 evap=0.000000 backs=0.000000
t=  126.00 -9.52e-16 | 1.6247 14.48  19280    0      0      0 | 1.3982 14.43 | 0.00e+00 4.18e-02 |   3.3954 1.0611  0.1548  3.5013 0.500 10.50 | PAIR-CHANNEL-DEAD
# CONVTAG t=126.00 rough=0.000000 cond=0.515036 evap=0.000000 backs=0.000000
t=  128.00 -9.52e-16 | 1.6246 14.48  19286    0      0      0 | 1.3982 14.42 | 0.00e+00 4.02e-02 |   3.3804 1.0564  0.1474  3.5019 0.500 10.50 | PAIR-CHANNEL-DEAD
# CONVTAG t=128.00 rough=0.000000 cond=0.515036 evap=0.000000 backs=0.000000
t=  130.00 -9.52e-16 | 1.6245 14.48  19278    0      0      0 | 1.3981 14.42 | 0.00e+00 3.40e-02 |   3.3632 1.0510  0.1462  3.5016 0.500 10.50 | PAIR-CHANNEL-DEAD
# CONVTAG t=130.00 rough=0.000000 cond=0.515036 evap=0.000000 backs=0.000000
t=  132.00 -9.52e-16 | 1.6244 14.48  19281    0      0      0 | 1.3981 14.42 | 0.00e+00 4.98e-02 |   3.3656 1.0517  0.1474  3.5019 0.500 10.50 | PAIR-CHANNEL-DEAD
# CONVTAG t=132.00 rough=0.000000 cond=0.515036 evap=0.000000 backs=0.000000
t=  134.00 -9.52e-16 | 1.6243 14.48  19277    0      0      0 | 1.3980 14.42 | 0.00e+00 5.00e-02 |   3.3424 1.0445  0.1472  3.5016 0.500 10.50 | PAIR-CHANNEL-DEAD
# CONVTAG t=134.00 rough=0.000000 cond=0.515036 evap=0.000000 backs=0.000000
t=  136.00 -9.52e-16 | 1.6242 14.48  19276    0      0      0 | 1.3980 14.42 | 0.00e+00 4.32e-02 |   3.3287 1.0402  0.1473  3.5016 0.500 10.50 | PAIR-CHANNEL-DEAD
# CONVTAG t=136.00 rough=0.000000 cond=0.515036 evap=0.000000 backs=0.000000
t=  138.00 -9.52e-16 | 1.6241 14.47  19263    0      0      0 | 1.3978 14.42 | 0.00e+00 4.44e-02 |   3.3367 1.0427  0.1460  3.5016 0.500 10.50 | PAIR-CHANNEL-DEAD
# CONVTAG t=138.00 rough=0.000000 cond=0.515036 evap=0.000000 backs=0.000000
t=  140.00 -9.52e-16 | 1.6240 14.47  19269    0      0      0 | 1.3979 14.42 | 0.00e+00 3.46e-02 |   3.3124 1.0351  0.1472  3.5016 0.500 10.50 | PAIR-CHANNEL-DEAD
# CONVTAG t=140.00 rough=0.000000 cond=0.515036 evap=0.000000 backs=0.000000
t=  142.00 -9.52e-16 | 1.6238 14.48  19279    0      0      0 | 1.3981 14.42 | 0.00e+00 4.08e-02 |   3.3006 1.0314  0.1457  3.5016 0.500 10.50 | PAIR-CHANNEL-DEAD
# CONVTAG t=142.00 rough=0.000000 cond=0.515036 evap=0.000000 backs=0.000000
t=  144.00 -9.52e-16 | 1.6238 14.48  19274    0      0      0 | 1.3980 14.42 | 0.00e+00 4.71e-02 |   3.2690 1.0215  0.1417  3.5017 0.500 10.50 | PAIR-CHANNEL-DEAD
# CONVTAG t=144.00 rough=0.000000 cond=0.515036 evap=0.000000 backs=0.000000
t=  146.00 -9.52e-16 | 1.6237 14.47  19266    0      0      0 | 1.3980 14.43 | 0.00e+00 3.55e-02 |   3.2505 1.0158  0.1398  3.5019 0.500 10.50 | PAIR-CHANNEL-DEAD
# CONVTAG t=146.00 rough=0.000000 cond=0.515036 evap=0.000000 backs=0.000000
t=  148.00 -9.52e-16 | 1.6236 14.47  19261    0      0      0 | 1.3979 14.42 | 0.00e+00 4.01e-02 |   3.2545 1.0170  0.1405  3.5018 0.500 10.50 | PAIR-CHANNEL-DEAD
# CONVTAG t=148.00 rough=0.000000 cond=0.515036 evap=0.000000 backs=0.000000
t=  150.00 -9.52e-16 | 1.6235 14.47  19265    0      0      0 | 1.3979 14.43 | 0.00e+00 4.66e-02 |   3.2619 1.0193  0.1524  3.5013 0.500 10.50 | PAIR-CHANNEL-DEAD
# CONVTAG t=150.00 rough=0.000000 cond=0.515036 evap=0.000000 backs=0.000000
t=  152.00 -9.52e-16 | 1.6235 14.47  19270    0      0      0 | 1.3980 14.43 | 0.00e+00 3.89e-02 |   3.2607 1.0190  0.1506  3.5015 0.500 10.50 | PAIR-CHANNEL-DEAD
# CONVTAG t=152.00 rough=0.000000 cond=0.515036 evap=0.000000 backs=0.000000
t=  154.00 -9.52e-16 | 1.6234 14.47  19272    0      0      0 | 1.3980 14.43 | 0.00e+00 4.42e-02 |   3.2421 1.0132  0.1480  3.5014 0.500 10.50 | PAIR-CHANNEL-DEAD
# CONVTAG t=154.00 rough=0.000000 cond=0.515036 evap=0.000000 backs=0.000000
t=  156.00 -9.52e-16 | 1.6232 14.47  19263    0      0      0 | 1.3979 14.42 | 0.00e+00 4.81e-02 |   3.2154 1.0048  0.1427  3.5017 0.500 10.50 | PAIR-CHANNEL-DEAD
# CONVTAG t=156.00 rough=0.000000 cond=0.515036 evap=0.000000 backs=0.000000
t=  158.00 -9.52e-16 | 1.6232 14.46  19256    0      0      0 | 1.3978 14.42 | 0.00e+00 4.56e-02 |   3.1865 0.9958  0.1376  3.5018 0.500 10.50 | PAIR-CHANNEL-DEAD
# CONVTAG t=158.00 rough=0.000000 cond=0.515036 evap=0.000000 backs=0.000000
t=  160.00 -9.52e-16 | 1.6231 14.47  19262    0      0      0 | 1.3979 14.42 | 0.00e+00 4.28e-02 |   3.1771 0.9928  0.1376  3.5020 0.500 10.50 | PAIR-CHANNEL-DEAD
# CONVTAG t=160.00 rough=0.000000 cond=0.515036 evap=0.000000 backs=0.000000
t=  162.00 -9.52e-16 | 1.6231 14.46  19260    0      0      0 | 1.3978 14.42 | 0.00e+00 4.48e-02 |   3.1773 0.9929  0.1383  3.5018 0.500 10.50 | PAIR-CHANNEL-DEAD
# CONVTAG t=162.00 rough=0.000000 cond=0.515036 evap=0.000000 backs=0.000000
t=  164.00 -9.52e-16 | 1.6231 14.47  19265    0      0      0 | 1.3979 14.42 | 0.00e+00 4.84e-02 |   3.1298 0.9781  0.1428  3.5014 0.500 10.50 | PAIR-CHANNEL-DEAD
# CONVTAG t=164.00 rough=0.000000 cond=0.515036 evap=0.000000 backs=0.000000
t=  166.00 -9.52e-16 | 1.6232 14.46  19252    0      0      0 | 1.3977 14.42 | 0.00e+00 4.62e-02 |   3.0075 0.9398  0.1557  3.5007 0.500 10.50 | PAIR-CHANNEL-DEAD
# CONVTAG t=166.00 rough=0.000000 cond=0.515036 evap=0.000000 backs=0.000000
t=  168.00 -9.52e-16 | 1.6231 14.46  19253    0      0      0 | 1.3977 14.42 | 0.00e+00 3.42e-02 |   2.8741 0.8982  0.1510  3.5010 0.500 10.50 | PAIR-CHANNEL-DEAD
# CONVTAG t=168.00 rough=0.000000 cond=0.515036 evap=0.000000 backs=0.000000
t=  170.00 -9.52e-16 | 1.6231 14.46  19255    0      0      0 | 1.3978 14.42 | 0.00e+00 4.88e-02 |   2.7608 0.8628  0.2613  3.4956 0.500 10.50 | PAIR-CHANNEL-DEAD
# CONVTAG t=170.00 rough=0.000000 cond=0.515036 evap=0.000000 backs=0.000000
t=  172.00 -9.52e-16 | 1.6232 14.46  19254    0      0      0 | 1.3978 14.42 | 0.00e+00 4.20e-02 |   2.5639 0.8012  0.5904  3.4545 0.500 10.50 | PAIR-CHANNEL-DEAD
# CONVTAG t=172.00 rough=0.000000 cond=0.515036 evap=0.000000 backs=0.000000
t=  174.00 -9.52e-16 | 1.6232 14.45  19243    0      0      0 | 1.3976 14.42 | 0.00e+00 3.05e-02 |   2.3963 0.7488  0.7721  3.4168 0.500 10.50 | PAIR-CHANNEL-DEAD
# CONVTAG t=174.00 rough=0.000000 cond=0.515036 evap=0.000000 backs=0.000000
t=  176.00 -9.52e-16 | 1.6233 14.45  19244    0      0      0 | 1.3976 14.42 | 0.00e+00 5.00e-02 |   2.1540 0.6731  1.0883  3.3315 0.500 12.00 | PAIR-CHANNEL-DEAD
# CONVTAG t=176.00 rough=0.000000 cond=0.515036 evap=0.000000 backs=0.000000
# QATOM t=176.28 dir=FD w=1.63508312 e=0.299266294752
t=  178.00 -9.52e-16 | 1.6232 14.45  19243    0      0      0 | 1.3975 14.41 | 0.00e+00 3.74e-02 |   2.0779 0.6493  1.2451  3.2763 0.500 12.00 | PAIR-CHANNEL-DEAD
# CONVTAG t=178.00 rough=0.000000 cond=0.515036 evap=0.000000 backs=0.000000
t=  180.00 -9.52e-16 | 1.6232 14.46  19255    0      0      0 | 1.3977 14.42 | 0.00e+00 4.77e-02 |   2.0074 0.6273  1.4359  3.1986 0.500 12.50 | PAIR-CHANNEL-DEAD
# CONVTAG t=180.00 rough=0.000000 cond=0.515036 evap=0.000000 backs=0.000000
t=  182.00 -9.52e-16 | 1.6231 14.46  19257    0      0      0 | 1.3978 14.42 | 0.00e+00 4.47e-02 |   1.9558 0.6112  1.6528  3.0920 0.500 12.50 | PAIR-CHANNEL-DEAD
# CONVTAG t=182.00 rough=0.000000 cond=0.515036 evap=0.000000 backs=0.000000
t=  184.00 -9.52e-16 | 1.6230 14.47  19261    0      0      0 | 1.3978 14.42 | 0.00e+00 3.06e-02 |   1.9539 0.6106  1.6809  3.0768 0.500 12.50 | PAIR-CHANNEL-DEAD
# CONVTAG t=184.00 rough=0.000000 cond=0.515036 evap=0.000000 backs=0.000000
t=  186.00 -9.52e-16 | 1.6230 14.45  19243    0      0      0 | 1.3976 14.42 | 0.00e+00 4.18e-02 |   1.9468 0.6084  1.6740  3.0812 0.500 12.50 | PAIR-CHANNEL-DEAD
# CONVTAG t=186.00 rough=0.000000 cond=0.515036 evap=0.000000 backs=0.000000
t=  188.00 -9.52e-16 | 1.6229 14.45  19246    0      0      0 | 1.3976 14.42 | 0.00e+00 4.40e-02 |   1.9024 0.5945  1.6307  3.1106 0.500 12.50 | PAIR-CHANNEL-DEAD
# CONVTAG t=188.00 rough=0.000000 cond=0.515036 evap=0.000000 backs=0.000000
t=  190.00 -9.52e-16 | 1.6228 14.45  19245    0      0      0 | 1.3976 14.42 | 0.00e+00 3.53e-02 |   1.8038 0.5637  1.4983  3.1725 0.500 12.50 | PAIR-CHANNEL-DEAD
# CONVTAG t=190.00 rough=0.000000 cond=0.515036 evap=0.000000 backs=0.000000
t=  192.00 -9.52e-16 | 1.6228 14.45  19234    0      0      0 | 1.3975 14.42 | 0.00e+00 3.77e-02 |   1.3804 0.4314  0.8864  3.3911 0.500 13.50 | PAIR-CHANNEL-DEAD
# CONVTAG t=192.00 rough=0.000000 cond=0.515036 evap=0.000000 backs=0.000000
t=  194.00 -9.52e-16 | 1.6229 14.46  19248    0      0      0 | 1.3977 14.42 | 0.00e+00 3.84e-02 |   0.8792 0.2747  0.6376  3.4442 0.500 14.50 | PAIR-CHANNEL-DEAD
# CONVTAG t=194.00 rough=0.000000 cond=0.515036 evap=0.000000 backs=0.000000
t=  196.00 -9.52e-16 | 1.6228 14.46  19248    0      0      0 | 1.3977 14.42 | 0.00e+00 3.98e-02 |   0.8370 0.2616  0.7801  3.4153 0.500 15.50 | PAIR-CHANNEL-DEAD
# CONVTAG t=196.00 rough=0.000000 cond=0.515036 evap=0.000000 backs=0.000000
t=  198.00 -9.52e-16 | 1.6228 14.45  19245    0      0      0 | 1.3977 14.42 | 0.00e+00 4.29e-02 |   0.8744 0.2732  0.3937  3.4795 0.500 15.50 | PAIR-CHANNEL-DEAD
# CONVTAG t=198.00 rough=0.000000 cond=0.515036 evap=0.000000 backs=0.000000
t=  200.00 -9.52e-16 | 1.6229 14.45  19244    0      0      0 | 1.3977 14.42 | 0.00e+00 3.58e-02 |   0.9371 0.2929  0.2231  3.4966 0.500 15.50 | PAIR-CHANNEL-DEAD
# CONVTAG t=200.00 rough=0.000000 cond=0.515036 evap=0.000000 backs=0.000000
t=  202.00 -9.52e-16 | 1.6228 14.45  19243    0      0      0 | 1.3976 14.42 | 0.00e+00 4.41e-02 |   1.0176 0.3180  0.4940  3.4694 0.500 15.50 | PAIR-CHANNEL-DEAD
# CONVTAG t=202.00 rough=0.000000 cond=0.515036 evap=0.000000 backs=0.000000
t=  204.00 -9.52e-16 | 1.6228 14.44  19233    0      0      0 | 1.3975 14.42 | 0.00e+00 4.74e-02 |   1.3110 0.4097  1.1066  3.3263 0.500 15.50 | PAIR-CHANNEL-DEAD
# CONVTAG t=204.00 rough=0.000000 cond=0.515036 evap=0.000000 backs=0.000000
t=  206.00 -9.52e-16 | 1.6227 14.45  19235    0      0      0 | 1.3976 14.42 | 0.00e+00 3.84e-02 |   1.3303 0.4157  1.1528  3.3104 0.500 15.50 | PAIR-CHANNEL-DEAD
# CONVTAG t=206.00 rough=0.000000 cond=0.515036 evap=0.000000 backs=0.000000
t=  208.00 -9.52e-16 | 1.6227 14.46  19247    0      0      0 | 1.3977 14.42 | 0.00e+00 4.50e-02 |   1.3153 0.4110  1.0898  3.3414 0.500 15.00 | PAIR-CHANNEL-DEAD
# CONVTAG t=208.00 rough=0.000000 cond=0.515036 evap=0.000000 backs=0.000000
t=  210.00 -9.52e-16 | 1.6226 14.43  19217    0      0      0 | 1.3973 14.42 | 0.00e+00 4.08e-02 |   1.2818 0.4006  0.9970  3.3607 0.500 15.00 | PAIR-CHANNEL-DEAD
# CONVTAG t=210.00 rough=0.000000 cond=0.515036 evap=0.000000 backs=0.000000
t=  212.00 -9.52e-16 | 1.6226 14.44  19221    0      0      0 | 1.3973 14.42 | 0.00e+00 5.00e-02 |   1.1285 0.3527  0.6907  3.4340 0.500 15.50 | PAIR-CHANNEL-DEAD
# CONVTAG t=212.00 rough=0.000000 cond=0.515036 evap=0.000000 backs=0.000000
t=  214.00 -9.52e-16 | 1.6225 14.45  19234    0      0      0 | 1.3975 14.42 | 0.00e+00 3.43e-02 |   0.8019 0.2506  0.4005  3.4794 0.500 15.50 | PAIR-CHANNEL-DEAD
# CONVTAG t=214.00 rough=0.000000 cond=0.515036 evap=0.000000 backs=0.000000
t=  216.00 -9.52e-16 | 1.6225 14.44  19230    0      0      0 | 1.3974 14.42 | 0.00e+00 4.83e-02 |   0.7256 0.2268  0.6023  3.4510 0.500 15.50 | PAIR-CHANNEL-DEAD
# CONVTAG t=216.00 rough=0.000000 cond=0.515036 evap=0.000000 backs=0.000000
t=  218.00 -9.52e-16 | 1.6225 14.45  19241    0      0      0 | 1.3976 14.42 | 0.00e+00 4.07e-02 |   0.7601 0.2375  0.7334  3.4235 0.500 15.50 | PAIR-CHANNEL-DEAD
# CONVTAG t=218.00 rough=0.000000 cond=0.515036 evap=0.000000 backs=0.000000
t=  220.00 -9.52e-16 | 1.6225 14.45  19237    0      0      0 | 1.3976 14.42 | 0.00e+00 3.94e-02 |   0.8701 0.2719  0.4183  3.4776 0.500 15.50 | PAIR-CHANNEL-DEAD
# CONVTAG t=220.00 rough=0.000000 cond=0.515036 evap=0.000000 backs=0.000000
t=  222.00 -9.52e-16 | 1.6224 14.45  19242    0      0      0 | 1.3977 14.42 | 0.00e+00 5.00e-02 |   0.9646 0.3014  0.2704  3.4925 0.500 15.50 | PAIR-CHANNEL-DEAD
# CONVTAG t=222.00 rough=0.000000 cond=0.515036 evap=0.000000 backs=0.000000
t=  224.00 -9.52e-16 | 1.6224 14.44  19228    0      0      0 | 1.3975 14.42 | 0.00e+00 4.57e-02 |   0.9897 0.3093  0.2910  3.4910 0.500 15.50 | PAIR-CHANNEL-DEAD
# CONVTAG t=224.00 rough=0.000000 cond=0.515036 evap=0.000000 backs=0.000000
t=  226.00 -9.52e-16 | 1.6225 14.43  19213    0      0      0 | 1.3973 14.42 | 0.00e+00 5.00e-02 |   0.8749 0.2734  0.2054  3.4860 0.500 15.50 | PAIR-CHANNEL-DEAD
# CONVTAG t=226.00 rough=0.000000 cond=0.515036 evap=0.000000 backs=0.000000
t=  228.00 -9.52e-16 | 1.6225 14.43  19209    0      0      0 | 1.3973 14.42 | 0.00e+00 3.39e-02 |   0.7996 0.2499  0.5739  3.4521 0.500 15.50 | PAIR-CHANNEL-DEAD
# CONVTAG t=228.00 rough=0.000000 cond=0.515036 evap=0.000000 backs=0.000000
t=  230.00 -9.52e-16 | 1.6225 14.43  19210    0      0      0 | 1.3973 14.42 | 0.00e+00 4.38e-02 |   0.9287 0.2902  0.5138  3.4552 0.500 15.50 | PAIR-CHANNEL-DEAD
# CONVTAG t=230.00 rough=0.000000 cond=0.515036 evap=0.000000 backs=0.000000
t=  232.00 -9.52e-16 | 1.6225 14.43  19218    0      0      0 | 1.3974 14.42 | 0.00e+00 5.00e-02 |   0.9263 0.2895  0.3770  3.4687 0.500 15.50 | PAIR-CHANNEL-DEAD
# CONVTAG t=232.00 rough=0.000000 cond=0.515036 evap=0.000000 backs=0.000000
t=  234.00 -9.52e-16 | 1.6225 14.45  19235    0      0      0 | 1.3976 14.43 | 0.00e+00 5.00e-02 |   0.8157 0.2549  0.1376  3.4940 0.500 15.50 | PAIR-CHANNEL-DEAD
# CONVTAG t=234.00 rough=0.000000 cond=0.515036 evap=0.000000 backs=0.000000
t=  236.00 -9.52e-16 | 1.6224 14.43  19208    0      0      0 | 1.3973 14.42 | 0.00e+00 5.00e-02 |   0.7613 0.2379  0.3915  3.4719 0.500 15.50 | PAIR-CHANNEL-DEAD
# CONVTAG t=236.00 rough=0.000000 cond=0.515036 evap=0.000000 backs=0.000000
t=  238.00 -9.52e-16 | 1.6225 14.44  19222    0      0      0 | 1.3974 14.42 | 0.00e+00 4.55e-02 |   0.7915 0.2473  0.2844  3.4766 0.500 15.50 | PAIR-CHANNEL-DEAD
# CONVTAG t=238.00 rough=0.000000 cond=0.515036 evap=0.000000 backs=0.000000
t=  240.00 -9.52e-16 | 1.6226 14.44  19229    0      0      0 | 1.3975 14.42 | 0.00e+00 4.71e-02 |   0.9234 0.2886  0.2045  3.4901 0.500 15.50 | PAIR-CHANNEL-DEAD
# CONVTAG t=240.00 rough=0.000000 cond=0.515036 evap=0.000000 backs=0.000000
t=  242.00 -9.52e-16 | 1.6225 14.44  19232    0      0      0 | 1.3975 14.42 | 0.00e+00 4.27e-02 |   0.9949 0.3109  0.4630  3.4608 0.500 15.50 | PAIR-CHANNEL-DEAD
# CONVTAG t=242.00 rough=0.000000 cond=0.515036 evap=0.000000 backs=0.000000
t=  244.00 -9.52e-16 | 1.6225 14.44  19228    0      0      0 | 1.3974 14.42 | 0.00e+00 4.01e-02 |   1.0321 0.3225  0.6362  4.1021 0.500 15.50 | PAIR-CHANNEL-DEAD
# CONVTAG t=244.00 rough=0.000000 cond=0.515036 evap=0.000000 backs=0.000000
t=  246.00 -9.52e-16 | 1.6225 14.43  19213    0      0      0 | 1.3972 14.41 | 0.00e+00 3.73e-02 |   1.0882 0.3401  0.6751  3.4302 0.500 15.50 | PAIR-CHANNEL-DEAD
# CONVTAG t=246.00 rough=0.000000 cond=0.515036 evap=0.000000 backs=0.000000
t=  248.00 -9.52e-16 | 1.6225 14.43  19208    0      0      0 | 1.3971 14.41 | 0.00e+00 5.00e-02 |   1.1470 0.3584  0.8412  3.3858 0.500 15.50 | PAIR-CHANNEL-DEAD
# CONVTAG t=248.00 rough=0.000000 cond=0.515036 evap=0.000000 backs=0.000000
t=  250.00 -9.52e-16 | 1.6225 14.43  19208    0      0      0 | 1.3971 14.41 | 0.00e+00 4.36e-02 |   1.2477 0.3899  1.0065  3.3499 0.500 15.50 | PAIR-CHANNEL-DEAD
# CONVTAG t=250.00 rough=0.000000 cond=0.515036 evap=0.000000 backs=0.000000
t=  252.00 -9.52e-16 | 1.6224 14.42  19206    0      0      0 | 1.3971 14.41 | 0.00e+00 4.28e-02 |   1.4689 0.4590  1.3525  3.2229 0.500 15.50 | PAIR-CHANNEL-DEAD
# CONVTAG t=252.00 rough=0.000000 cond=0.515036 evap=0.000000 backs=0.000000
t=  254.00 -9.52e-16 | 1.6223 14.44  19228    0      0      0 | 1.3975 14.42 | 0.00e+00 4.66e-02 |   1.5189 0.4747  1.4345  3.1811 0.500 15.00 | PAIR-CHANNEL-DEAD
# CONVTAG t=254.00 rough=0.000000 cond=0.515036 evap=0.000000 backs=0.000000
t=  256.00 -9.52e-16 | 1.6223 14.44  19226    0      0      0 | 1.3974 14.42 | 0.00e+00 4.41e-02 |   1.5476 0.4836  1.5100  3.1562 0.500 15.00 | PAIR-CHANNEL-DEAD
# CONVTAG t=256.00 rough=0.000000 cond=0.515036 evap=0.000000 backs=0.000000
t=  258.00 -9.52e-16 | 1.6224 14.44  19221    0      0      0 | 1.3974 14.42 | 0.00e+00 3.77e-02 |   1.6664 0.5207  1.6684  3.0702 0.500 15.00 | PAIR-CHANNEL-DEAD
# CONVTAG t=258.00 rough=0.321321 cond=0.515036 evap=0.000000 backs=0.041911
t=  260.00 -9.52e-16 | 1.6223 14.44  19227    0      0      0 | 1.3974 14.42 | 0.00e+00 4.94e-02 |   1.7305 0.5408  1.6978  3.0486 0.500 14.50 | PAIR-CHANNEL-DEAD
# CONVTAG t=260.00 rough=0.321321 cond=0.515036 evap=0.000000 backs=0.041911
t=  262.00 -9.52e-16 | 1.6223 14.45  19235    0      0      0 | 1.3976 14.42 | 0.00e+00 4.38e-02 |   1.7744 0.5545  1.6333  3.0949 0.500 13.00 | PAIR-CHANNEL-DEAD
# CONVTAG t=262.00 rough=0.321321 cond=0.515036 evap=0.000000 backs=0.041911
t=  264.00 -9.52e-16 | 1.6223 14.45  19234    0      0      0 | 1.3976 14.42 | 0.00e+00 4.33e-02 |   1.7690 0.5528  1.5878  3.1158 0.500 13.00 | PAIR-CHANNEL-DEAD
# CONVTAG t=264.00 rough=0.321321 cond=0.515036 evap=0.000000 backs=0.041911
t=  266.00 -9.52e-16 | 1.6222 14.45  19235    0      0      0 | 1.3976 14.42 | 0.00e+00 4.69e-02 |   1.5666 0.4896  1.6570  3.0705 0.500 13.00 | PAIR-CHANNEL-DEAD
# CONVTAG t=266.00 rough=0.321321 cond=0.515036 evap=0.000000 backs=0.041911
t=  268.00 -9.52e-16 | 1.6223 14.45  19240    0      0      0 | 1.3976 14.42 | 0.00e+00 4.48e-02 |   1.1929 0.3728  1.0424  3.3362 0.500 15.00 | PAIR-CHANNEL-DEAD
# CONVTAG t=268.00 rough=0.321321 cond=0.515036 evap=0.000000 backs=0.041911
t=  270.00 -9.52e-16 | 1.6223 14.45  19237    0      0      0 | 1.3976 14.42 | 0.00e+00 3.75e-02 |   1.1870 0.3709  0.8499  3.3851 0.500 15.00 | PAIR-CHANNEL-DEAD
# CONVTAG t=270.00 rough=0.321321 cond=0.515036 evap=0.000000 backs=0.041911
t=  272.00 -9.52e-16 | 1.6223 14.46  19247    0      0      0 | 1.3978 14.43 | 0.00e+00 4.56e-02 |   1.2046 0.3764  0.5099  3.4602 0.500 15.00 | PAIR-CHANNEL-DEAD
# CONVTAG t=272.00 rough=0.321321 cond=0.515036 evap=0.000000 backs=0.041911
t=  274.00 -9.52e-16 | 1.6223 14.45  19240    0      0      0 | 1.3977 14.43 | 0.00e+00 4.02e-02 |   0.6928 0.2165  1.0445  3.3370 0.500 15.50 | PAIR-CHANNEL-DEAD
# CONVTAG t=274.00 rough=0.321321 cond=0.515036 evap=0.000000 backs=0.041911
t=  276.00 -9.52e-16 | 1.6223 14.44  19224    0      0      0 | 1.3975 14.43 | 0.00e+00 4.21e-02 |   0.7329 0.2290  1.3125  3.2408 0.500 15.50 | PAIR-CHANNEL-DEAD
# CONVTAG t=276.00 rough=0.321321 cond=0.515036 evap=0.000000 backs=0.041911
t=  278.00 -9.52e-16 | 1.6222 14.44  19224    0      0      0 | 1.3975 14.42 | 0.00e+00 3.73e-02 |   0.7260 0.2269  0.9815  3.3564 0.500 15.50 | PAIR-CHANNEL-DEAD
# CONVTAG t=278.00 rough=0.321321 cond=0.515036 evap=0.000000 backs=0.041911
t=  280.00 -9.52e-16 | 1.6221 14.44  19227    0      0      0 | 1.3975 14.42 | 0.00e+00 4.31e-02 |   0.9294 0.2904  0.2698  3.4754 0.500 15.50 | PAIR-CHANNEL-DEAD
# CONVTAG t=280.00 rough=0.321321 cond=0.515036 evap=0.000000 backs=0.041911
t=  282.00 -9.52e-16 | 1.6221 14.45  19241    0      0      0 | 1.3977 14.43 | 0.00e+00 4.44e-02 |   1.1657 0.3643  0.7103  3.4418 0.500 15.50 | PAIR-CHANNEL-DEAD
# CONVTAG t=282.00 rough=0.321321 cond=0.515036 evap=0.000000 backs=0.041911
t=  284.00 -9.52e-16 | 1.6222 14.46  19251    0      0      0 | 1.3978 14.43 | 0.00e+00 4.05e-02 |   1.2443 0.3888  0.7270  3.4204 0.500 15.50 | PAIR-CHANNEL-DEAD
# CONVTAG t=284.00 rough=0.321321 cond=0.515036 evap=0.000000 backs=0.041911
t=  286.00 -9.52e-16 | 1.6221 14.46  19249    0      0      0 | 1.3977 14.42 | 0.00e+00 3.85e-02 |   1.3091 0.4091  1.0402  3.3358 0.500 15.50 | PAIR-CHANNEL-DEAD
# CONVTAG t=286.00 rough=0.321321 cond=0.515036 evap=0.000000 backs=0.041911
t=  288.00 -9.52e-16 | 1.6220 14.45  19242    0      0      0 | 1.3977 14.42 | 0.00e+00 5.00e-02 |   1.6905 0.5283  1.4823  3.1604 0.500 15.00 | PAIR-CHANNEL-DEAD
# CONVTAG t=288.00 rough=0.321321 cond=0.515036 evap=0.000000 backs=0.041911
t=  290.00 -9.52e-16 | 1.6220 14.45  19241    0      0      0 | 1.3976 14.42 | 0.00e+00 4.07e-02 |   1.7615 0.5505  1.5481  3.1361 0.500 14.50 | PAIR-CHANNEL-DEAD
# CONVTAG t=290.00 rough=0.321321 cond=0.515036 evap=0.000000 backs=0.041911
t=  292.00 -9.52e-16 | 1.6219 14.44  19223    0      0      0 | 1.3974 14.42 | 0.00e+00 3.78e-02 |   1.7781 0.5557  1.5436  3.1338 0.500 13.00 | PAIR-CHANNEL-DEAD
# CONVTAG t=292.00 rough=0.321321 cond=0.515036 evap=0.000000 backs=0.041911
t=  294.00 -9.52e-16 | 1.6219 14.43  19216    0      0      0 | 1.3973 14.42 | 0.00e+00 4.30e-02 |   1.7730 0.5541  1.5224  3.1516 0.500 13.00 | PAIR-CHANNEL-DEAD
# CONVTAG t=294.00 rough=0.321321 cond=0.515036 evap=0.000000 backs=0.041911
t=  296.00 -9.52e-16 | 1.6220 14.44  19222    0      0      0 | 1.3974 14.42 | 0.00e+00 5.00e-02 |   1.6986 0.5308  1.3732  3.2155 0.500 13.50 | PAIR-CHANNEL-DEAD
# CONVTAG t=296.00 rough=0.321321 cond=0.515036 evap=0.000000 backs=0.041911
t=  298.00 -9.52e-16 | 1.6220 14.45  19239    0      0      0 | 1.3976 14.42 | 0.00e+00 3.77e-02 |   1.5028 0.4696  1.2459  3.2628 0.500 14.00 | PAIR-CHANNEL-DEAD
# CONVTAG t=298.00 rough=0.321321 cond=0.515036 evap=0.000000 backs=0.041911
t=  300.00 -9.52e-16 | 1.6219 14.45  19237    0      0      0 | 1.3976 14.42 | 0.00e+00 4.31e-02 |   1.3965 0.4364  0.9034  3.3781 0.500 15.00 | PAIR-CHANNEL-DEAD
# CONVTAG t=300.00 rough=0.321321 cond=0.515036 evap=0.000000 backs=0.041911
t=  302.00 -9.52e-16 | 1.6220 14.43  19209    0      0      0 | 1.3972 14.42 | 0.00e+00 4.78e-02 |   1.1868 0.3709  0.5571  3.4493 0.500 15.00 | PAIR-CHANNEL-DEAD
# CONVTAG t=302.00 rough=0.321321 cond=0.515036 evap=0.000000 backs=0.041911
t=  304.00 -9.52e-16 | 1.6221 14.43  19220    0      0      0 | 1.3973 14.42 | 0.00e+00 4.78e-02 |   1.1243 0.3513  0.1905  3.4860 0.500 15.50 | PAIR-CHANNEL-DEAD
# CONVTAG t=304.00 rough=0.321321 cond=0.515036 evap=0.000000 backs=0.041911
t=  306.00 -9.52e-16 | 1.6221 14.44  19233    0      0      0 | 1.3975 14.42 | 0.00e+00 4.25e-02 |   1.0701 0.3344  0.1861  3.4923 0.500 15.50 | PAIR-CHANNEL-DEAD
# CONVTAG t=306.00 rough=0.321321 cond=0.515036 evap=0.000000 backs=0.041911
t=  308.00 -9.52e-16 | 1.6221 14.44  19231    0      0      0 | 1.3975 14.42 | 0.00e+00 4.00e-02 |   1.0905 0.3408  0.2189  3.4866 0.500 15.50 | PAIR-CHANNEL-DEAD
# CONVTAG t=308.00 rough=0.321321 cond=0.515036 evap=0.000000 backs=0.041911
t=  310.00 -9.52e-16 | 1.6221 14.44  19230    0      0      0 | 1.3975 14.42 | 0.00e+00 5.00e-02 |   1.1988 0.3746  0.4795  3.4573 0.500 15.50 | PAIR-CHANNEL-DEAD
# CONVTAG t=310.00 rough=0.321321 cond=0.515036 evap=0.000000 backs=0.041911
t=  312.00 -9.52e-16 | 1.6220 14.44  19223    0      0      0 | 1.3975 14.43 | 0.00e+00 4.04e-02 |   1.5461 0.4831  1.2384  3.2717 0.500 15.50 | PAIR-CHANNEL-DEAD
# CONVTAG t=312.00 rough=0.321321 cond=0.515036 evap=0.000000 backs=0.041911
t=  314.00 -9.52e-16 | 1.6219 14.44  19221    0      0      0 | 1.3974 14.43 | 0.00e+00 3.81e-02 |   1.8615 0.5817  1.2711  3.2587 0.500 15.00 | PAIR-CHANNEL-DEAD
# CONVTAG t=314.00 rough=0.321321 cond=0.515036 evap=0.000000 backs=0.041911
t=  316.00 -9.52e-16 | 1.6218 14.44  19229    0      0      0 | 1.3976 14.43 | 0.00e+00 5.00e-02 |   1.8011 0.5628  1.4885  3.1579 0.500 14.00 | PAIR-CHANNEL-DEAD
# CONVTAG t=316.00 rough=0.321321 cond=0.515036 evap=0.000000 backs=0.041911
t=  318.00 -9.52e-16 | 1.6218 14.45  19235    0      0      0 | 1.3976 14.43 | 0.00e+00 4.19e-02 |   1.7023 0.5320  1.4169  3.1954 0.500 13.50 | PAIR-CHANNEL-DEAD
# CONVTAG t=318.00 rough=0.321321 cond=0.515036 evap=0.000000 backs=0.041911
t=  320.00 -9.52e-16 | 1.6218 14.45  19237    0      0      0 | 1.3977 14.43 | 0.00e+00 4.31e-02 |   1.6966 0.5302  1.1300  3.3058 0.500 13.50 | PAIR-CHANNEL-DEAD
# CONVTAG t=320.00 rough=0.321321 cond=0.515036 evap=0.000000 backs=0.041911
t=  322.00 -9.52e-16 | 1.6219 14.44  19231    0      0      0 | 1.3976 14.43 | 0.00e+00 4.20e-02 |   1.6615 0.5192  1.2054  3.2875 0.500 14.00 | PAIR-CHANNEL-DEAD
# CONVTAG t=322.00 rough=0.321321 cond=0.515036 evap=0.000000 backs=0.041911
t=  324.00 -9.52e-16 | 1.6221 14.45  19240    0      0      0 | 1.3977 14.43 | 0.00e+00 4.67e-02 |   1.6487 0.5152  1.2447  3.2740 0.500 13.50 | PAIR-CHANNEL-DEAD
# CONVTAG t=324.00 rough=0.321321 cond=0.515036 evap=0.000000 backs=0.041911
t=  326.00 -9.52e-16 | 1.6221 14.45  19235    0      0      0 | 1.3976 14.42 | 0.00e+00 3.98e-02 |   1.6722 0.5226  1.3282  3.2411 0.500 13.50 | PAIR-CHANNEL-DEAD
# CONVTAG t=326.00 rough=0.321321 cond=0.515036 evap=0.000000 backs=0.041911
t=  328.00 -9.52e-16 | 1.6220 14.45  19239    0      0      0 | 1.3977 14.43 | 0.00e+00 3.63e-02 |   1.7589 0.5497  1.2936  3.2552 0.500 13.50 | PAIR-CHANNEL-DEAD
# CONVTAG t=328.00 rough=0.321321 cond=0.515036 evap=0.000000 backs=0.041911
t=  330.00 -9.52e-16 | 1.6219 14.44  19230    0      0      0 | 1.3975 14.42 | 0.00e+00 4.04e-02 |   2.0266 0.6333  0.5742  3.4565 0.500 13.50 | PAIR-CHANNEL-DEAD
# CONVTAG t=330.00 rough=0.321321 cond=0.515036 evap=0.000000 backs=0.041911
t=  332.00 -9.52e-16 | 1.6219 14.43  19218    0      0      0 | 1.3973 14.42 | 0.00e+00 5.00e-02 |   2.0029 0.6259  0.3162  3.4900 0.500 13.50 | PAIR-CHANNEL-DEAD
# CONVTAG t=332.00 rough=0.321321 cond=0.515036 evap=0.000000 backs=0.041911
t=  334.00 -1.09e-15 | 1.6218 14.45  19244    0      0      0 | 1.3977 14.43 | 0.00e+00 3.40e-02 |   1.8940 0.5919  0.4043  3.4803 0.500 14.00 | PAIR-CHANNEL-DEAD
# CONVTAG t=334.00 rough=0.321321 cond=0.515036 evap=0.000000 backs=0.041911
t=  336.00 -9.52e-16 | 1.6219 14.46  19255    0      0      0 | 1.3978 14.43 | 0.00e+00 3.83e-02 |   1.4699 0.4593  1.4732  3.1814 0.500 14.00 | PAIR-CHANNEL-DEAD
# CONVTAG t=336.00 rough=0.321321 cond=0.515036 evap=0.000000 backs=0.041911
t=  338.00 -9.52e-16 | 1.6219 14.45  19242    0      0      0 | 1.3976 14.42 | 0.00e+00 4.35e-02 |   1.4728 0.4602  1.4842  3.1759 0.500 14.00 | PAIR-CHANNEL-DEAD
# CONVTAG t=338.00 rough=0.321321 cond=0.515036 evap=0.000000 backs=0.041911
t=  340.00 -9.52e-16 | 1.6219 14.45  19234    0      0      0 | 1.3975 14.42 | 0.00e+00 3.95e-02 |   1.5593 0.4873  1.3981  3.2151 0.500 14.00 | PAIR-CHANNEL-DEAD
# CONVTAG t=340.00 rough=0.321321 cond=0.515036 evap=0.000000 backs=0.041911
t=  342.00 -9.52e-16 | 1.6218 14.44  19229    0      0      0 | 1.3974 14.42 | 0.00e+00 4.16e-02 |   1.6339 0.5106  1.4578  3.1888 0.500 14.00 | PAIR-CHANNEL-DEAD
# CONVTAG t=342.00 rough=0.321321 cond=0.515036 evap=0.000000 backs=0.041911
t=  344.00 -9.52e-16 | 1.6218 14.45  19240    0      0      0 | 1.3976 14.42 | 0.00e+00 3.60e-02 |   1.6204 0.5064  1.4997  3.1693 0.500 14.00 | PAIR-CHANNEL-DEAD
# CONVTAG t=344.00 rough=0.321321 cond=0.515036 evap=0.000000 backs=0.041911
t=  346.00 -1.09e-15 | 1.6217 14.44  19228    0      0      0 | 1.3974 14.42 | 0.00e+00 4.83e-02 |   1.5158 0.4737  1.2859  3.2613 0.500 14.00 | PAIR-CHANNEL-DEAD
# CONVTAG t=346.00 rough=0.321321 cond=0.515036 evap=0.000000 backs=0.041911
# QATOM t=347.08 dir=DF w=1.84843061 e=0.338314899675
t=  348.00 -1.09e-15 | 1.6218 14.45  19234    0      0      0 | 1.3975 14.42 | 0.00e+00 3.19e-02 |   1.0081 0.3150  0.1402  3.4994 0.500 14.00 | PAIR-CHANNEL-DEAD
# CONVTAG t=348.00 rough=0.321321 cond=0.515036 evap=0.000000 backs=0.041911
t=  350.00 -1.09e-15 | 1.6219 14.46  19248    0      0      0 | 1.3977 14.42 | 0.00e+00 3.83e-02 |   0.9029 0.2822  0.5085  3.4646 0.500 15.50 | PAIR-CHANNEL-DEAD
# CONVTAG t=350.00 rough=0.321321 cond=0.515036 evap=0.000000 backs=0.041911
t=  352.00 -1.09e-15 | 1.6219 14.45  19243    0      0      0 | 1.3977 14.42 | 0.00e+00 4.57e-02 |   0.9162 0.2863  0.3706  3.4853 0.500 15.50 | PAIR-CHANNEL-DEAD
# CONVTAG t=352.00 rough=0.321321 cond=0.515036 evap=0.000000 backs=0.041911
t=  354.00 -1.09e-15 | 1.6219 14.45  19244    0      0      0 | 1.3977 14.42 | 0.00e+00 5.00e-02 |   0.9184 0.2870  0.1533  3.4985 0.500 15.50 | PAIR-CHANNEL-DEAD
# CONVTAG t=354.00 rough=0.321321 cond=0.515036 evap=0.000000 backs=0.041911
t=  356.00 -1.09e-15 | 1.6219 14.45  19241    0      0      0 | 1.3977 14.42 | 0.00e+00 4.22e-02 |   1.3111 0.4097  1.3546  3.2325 0.500 15.50 | PAIR-CHANNEL-DEAD
# CONVTAG t=356.00 rough=0.321321 cond=0.515036 evap=0.000000 backs=0.041911
t=  358.00 -1.09e-15 | 1.6220 14.46  19249    0      0      0 | 1.3978 14.43 | 0.00e+00 3.77e-02 |   1.3090 0.4091  1.5033  3.1658 0.500 14.50 | PAIR-CHANNEL-DEAD
# CONVTAG t=358.00 rough=0.321321 cond=0.515036 evap=0.000000 backs=0.041911
t=  360.00 -1.09e-15 | 1.6220 14.47  19267    0      0      0 | 1.3980 14.43 | 0.00e+00 4.46e-02 |   1.3438 0.4199  1.2275  3.3086 0.500 14.50 | PAIR-CHANNEL-DEAD
# CONVTAG t=360.00 rough=0.321321 cond=0.515036 evap=0.000000 backs=0.041911
t=  362.00 -1.09e-15 | 1.6220 14.46  19258    0      0      0 | 1.3979 14.43 | 0.00e+00 5.00e-02 |   1.4109 0.4409  0.6294  3.4418 0.500 14.50 | PAIR-CHANNEL-DEAD
# CONVTAG t=362.00 rough=0.321321 cond=0.515036 evap=0.000000 backs=0.041911
t=  364.00 -1.09e-15 | 1.6220 14.44  19233    0      0      0 | 1.3976 14.42 | 0.00e+00 3.23e-02 |   1.6352 0.5110  0.1479  3.4997 0.500 15.00 | PAIR-CHANNEL-DEAD
# CONVTAG t=364.00 rough=0.321321 cond=0.515036 evap=0.000000 backs=0.041911
t=  366.00 -1.09e-15 | 1.6219 14.44  19223    0      0      0 | 1.3975 14.43 | 0.00e+00 3.81e-02 |   1.5451 0.4828  0.2065  3.5306 0.500 15.00 | PAIR-CHANNEL-DEAD
# CONVTAG t=366.00 rough=0.321321 cond=0.515036 evap=0.000000 backs=0.041911
t=  368.00 -1.09e-15 | 1.6220 14.44  19230    0      0      0 | 1.3975 14.42 | 0.00e+00 5.00e-02 |   1.3319 0.4162  0.2499  3.4869 0.500 15.00 | PAIR-CHANNEL-DEAD
# CONVTAG t=368.00 rough=0.321321 cond=0.515036 evap=0.000000 backs=0.041911
t=  370.00 -1.09e-15 | 1.6221 14.45  19239    0      0      0 | 1.3977 14.43 | 0.00e+00 4.55e-02 |   1.0912 0.3410  1.0871  3.3306 0.500 15.50 | PAIR-CHANNEL-DEAD
# CONVTAG t=370.00 rough=0.321321 cond=0.515036 evap=0.000000 backs=0.041911
t=  372.00 -1.09e-15 | 1.6221 14.46  19255    0      0      0 | 1.3979 14.43 | 0.00e+00 3.33e-02 |   1.1746 0.3670  1.0896  3.3288 0.500 15.50 | PAIR-CHANNEL-DEAD
# CONVTAG t=372.00 rough=0.321321 cond=0.515036 evap=0.000000 backs=0.041911
t=  374.00 -1.09e-15 | 1.6221 14.45  19238    0      0      0 | 1.3977 14.43 | 0.00e+00 4.15e-02 |   1.3307 0.4159  0.9643  3.3668 0.500 15.50 | PAIR-CHANNEL-DEAD
# CONVTAG t=374.00 rough=0.321321 cond=0.515036 evap=0.000000 backs=0.041911
t=  376.00 -1.09e-15 | 1.6220 14.44  19233    0      0      0 | 1.3976 14.43 | 0.00e+00 5.00e-02 |   1.3822 0.4319  0.7864  3.4140 0.500 15.50 | PAIR-CHANNEL-DEAD
# CONVTAG t=376.00 rough=0.321321 cond=0.515036 evap=0.000000 backs=0.041911
t=  378.00 -1.09e-15 | 1.6220 14.45  19236    0      0      0 | 1.3976 14.42 | 0.00e+00 5.00e-02 |   1.4511 0.4535  0.1381  3.4967 0.500 15.50 | PAIR-CHANNEL-DEAD
# CONVTAG t=378.00 rough=0.321321 cond=0.515036 evap=0.000000 backs=0.041911
t=  380.00 -9.52e-16 | 1.6221 14.45  19240    0      0      0 | 1.3977 14.43 | 0.00e+00 4.21e-02 |   1.5102 0.4720  0.6013  3.4486 0.500 15.50 | PAIR-CHANNEL-DEAD
# CONVTAG t=380.00 rough=0.321321 cond=0.515036 evap=0.000000 backs=0.041911
t=  382.00 -9.52e-16 | 1.6220 14.45  19235    0      0      0 | 1.3976 14.43 | 0.00e+00 4.79e-02 |   1.1343 0.3545  1.8472  2.9730 0.500 15.50 | PAIR-CHANNEL-DEAD
# CONVTAG t=382.00 rough=0.321321 cond=0.515036 evap=0.000000 backs=0.041911
t=  384.00 -9.52e-16 | 1.6220 14.45  19238    0      0      0 | 1.3977 14.43 | 0.00e+00 3.54e-02 |   1.0358 0.3237  2.1109  2.7951 0.500 15.50 | PAIR-CHANNEL-DEAD
# CONVTAG t=384.00 rough=0.321321 cond=0.515036 evap=0.000000 backs=0.041911
t=  386.00 -9.52e-16 | 1.6220 14.45  19240    0      0      0 | 1.3977 14.43 | 0.00e+00 4.66e-02 |   1.0367 0.3240  2.1000  2.8002 0.500 15.50 | PAIR-CHANNEL-DEAD
# CONVTAG t=386.00 rough=0.321321 cond=0.515036 evap=0.000000 backs=0.041911
t=  388.00 -9.52e-16 | 1.6220 14.45  19235    0      0      0 | 1.3977 14.43 | 0.00e+00 4.01e-02 |   1.0993 0.3435  1.9076  2.9362 0.500 14.50 | PAIR-CHANNEL-DEAD
# CONVTAG t=388.00 rough=0.321321 cond=0.515036 evap=0.000000 backs=0.041911
t=  390.00 -9.52e-16 | 1.6221 14.45  19238    0      0      0 | 1.3977 14.43 | 0.00e+00 5.00e-02 |   1.0861 0.3394  1.8296  2.9860 0.500 14.50 | PAIR-CHANNEL-DEAD
# CONVTAG t=390.00 rough=0.321321 cond=0.515036 evap=0.000000 backs=0.041911
t=  392.00 -9.52e-16 | 1.6221 14.45  19240    0      0      0 | 1.3978 14.43 | 0.00e+00 4.09e-02 |   0.9777 0.3055  1.6475  3.0897 0.500 14.50 | PAIR-CHANNEL-DEAD
# CONVTAG t=392.00 rough=0.321321 cond=0.515036 evap=0.000000 backs=0.041911
t=  394.00 -9.52e-16 | 1.6221 14.45  19246    0      0      0 | 1.3978 14.43 | 0.00e+00 5.00e-02 |   0.8272 0.2585  1.3090  3.2479 0.500 15.50 | PAIR-CHANNEL-DEAD
# CONVTAG t=394.00 rough=0.321321 cond=0.515036 evap=0.000000 backs=0.041911
t=  396.00 -1.09e-15 | 1.6222 14.46  19259    0      0      0 | 1.3979 14.43 | 0.00e+00 4.30e-02 |   0.7219 0.2256  1.3200  3.2776 0.500 15.50 | PAIR-CHANNEL-DEAD
# CONVTAG t=396.00 rough=0.321321 cond=0.515036 evap=0.000000 backs=0.041911
t=  398.00 -1.09e-15 | 1.6222 14.46  19257    0      0      0 | 1.3979 14.42 | 0.00e+00 4.19e-02 |   0.7015 0.2192  1.6181  3.1043 0.500 15.50 | PAIR-CHANNEL-DEAD
# CONVTAG t=398.00 rough=0.321321 cond=0.515036 evap=0.000000 backs=0.041911
t=  400.00 -1.09e-15 | 1.6221 14.47  19265    0      0      0 | 1.3980 14.43 | 0.00e+00 3.81e-02 |   0.9030 0.2822  1.7085  3.0546 0.500 15.50 | PAIR-CHANNEL-DEAD
# CONVTAG t=400.00 rough=0.321321 cond=0.515036 evap=0.000000 backs=0.041911
t=  402.00 -1.09e-15 | 1.6221 14.46  19249    0      0      0 | 1.3978 14.42 | 0.00e+00 3.63e-02 |   0.9045 0.2827  1.2257  3.2789 0.500 15.50 | PAIR-CHANNEL-DEAD
# CONVTAG t=402.00 rough=0.321321 cond=0.515036 evap=0.000000 backs=0.041911
t=  404.00 -1.09e-15 | 1.6220 14.46  19247    0      0      0 | 1.3977 14.42 | 0.00e+00 5.00e-02 |   0.7926 0.2477  0.7521  3.4192 0.500 15.50 | PAIR-CHANNEL-DEAD
# CONVTAG t=404.00 rough=0.321321 cond=0.515036 evap=0.000000 backs=0.041911
t=  406.00 -1.09e-15 | 1.6220 14.46  19257    0      0      0 | 1.3979 14.43 | 0.00e+00 4.66e-02 |   0.8234 0.2573  0.8219  3.4070 0.500 15.50 | PAIR-CHANNEL-DEAD
# CONVTAG t=406.00 rough=0.321321 cond=0.515036 evap=0.000000 backs=0.041911
t=  408.00 -1.09e-15 | 1.6219 14.46  19253    0      0      0 | 1.3979 14.43 | 0.00e+00 3.79e-02 |   0.9054 0.2829  1.0402  3.3442 0.500 15.50 | PAIR-CHANNEL-DEAD
# CONVTAG t=408.00 rough=0.321321 cond=0.515036 evap=0.000000 backs=0.041911
t=  410.00 -1.09e-15 | 1.6220 14.45  19239    0      0      0 | 1.3976 14.42 | 0.00e+00 4.12e-02 |   1.1514 0.3598  1.6922  3.0638 0.500 15.50 | PAIR-CHANNEL-DEAD
# CONVTAG t=410.00 rough=0.321321 cond=0.515036 evap=0.000000 backs=0.041911
t=  412.00 -1.09e-15 | 1.6219 14.45  19239    0      0      0 | 1.3976 14.42 | 0.00e+00 5.00e-02 |   1.0965 0.3427  2.2120  2.7113 0.500 15.50 | PAIR-CHANNEL-DEAD
# CONVTAG t=412.00 rough=0.321321 cond=0.515036 evap=0.000000 backs=0.041911
t=  414.00 -1.09e-15 | 1.6218 14.45  19242    0      0      0 | 1.3977 14.43 | 0.00e+00 4.53e-02 |   0.9170 0.2866  1.8933  2.9418 0.500 15.00 | PAIR-CHANNEL-DEAD
# CONVTAG t=414.00 rough=0.321321 cond=0.515036 evap=0.000000 backs=0.041911
t=  416.00 -1.09e-15 | 1.6218 14.44  19229    0      0      0 | 1.3975 14.42 | 0.00e+00 4.03e-02 |   0.7941 0.2482  0.8005  3.4396 0.500 15.50 | PAIR-CHANNEL-DEAD
# CONVTAG t=416.00 rough=0.321321 cond=0.515036 evap=0.000000 backs=0.041911
t=  418.00 -1.09e-15 | 1.6218 14.45  19245    0      0      0 | 1.3977 14.42 | 0.00e+00 5.00e-02 |   0.9114 0.2848  0.3622  3.4784 0.500 15.50 | PAIR-CHANNEL-DEAD
# CONVTAG t=418.00 rough=0.321321 cond=0.515036 evap=0.000000 backs=0.041911
t=  420.00 -1.09e-15 | 1.6218 14.45  19234    0      0      0 | 1.3975 14.42 | 0.00e+00 4.14e-02 |   1.2730 0.3978  0.5299  3.4543 0.500 15.50 | PAIR-CHANNEL-DEAD
# CONVTAG t=420.00 rough=0.321321 cond=0.515036 evap=0.000000 backs=0.041911
t=  422.00 -1.09e-15 | 1.6218 14.45  19244    0      0      0 | 1.3977 14.42 | 0.00e+00 4.38e-02 |   1.2606 0.3939  0.9447  3.3630 0.500 15.50 | PAIR-CHANNEL-DEAD
# CONVTAG t=422.00 rough=0.321321 cond=0.515036 evap=0.000000 backs=0.041911
t=  424.00 -1.09e-15 | 1.6218 14.45  19240    0      0      0 | 1.3976 14.42 | 0.00e+00 3.70e-02 |   1.2803 0.4001  0.7160  3.4188 0.500 15.00 | PAIR-CHANNEL-DEAD
# CONVTAG t=424.00 rough=0.321321 cond=0.515036 evap=0.000000 backs=0.041911
t=  426.00 -1.09e-15 | 1.6218 14.45  19242    0      0      0 | 1.3977 14.42 | 0.00e+00 5.00e-02 |   1.1010 0.3441  0.4071  3.4715 0.500 15.00 | PAIR-CHANNEL-DEAD
# CONVTAG t=426.00 rough=0.321321 cond=0.515036 evap=0.000000 backs=0.041911
t=  428.00 -1.09e-15 | 1.6219 14.45  19240    0      0      0 | 1.3976 14.42 | 0.00e+00 3.90e-02 |   0.6607 0.2065  1.3724  3.2127 0.500 15.50 | PAIR-CHANNEL-DEAD
# CONVTAG t=428.00 rough=0.321321 cond=0.515036 evap=0.000000 backs=0.041911
t=  430.00 -1.09e-15 | 1.6219 14.45  19235    0      0      0 | 1.3975 14.42 | 0.00e+00 4.46e-02 |   0.5912 0.1847  1.7989  3.0089 0.500 15.50 | PAIR-CHANNEL-DEAD
# CONVTAG t=430.00 rough=0.321321 cond=0.515036 evap=0.000000 backs=0.041911
t=  432.00 -1.09e-15 | 1.6219 14.45  19244    0      0      0 | 1.3977 14.42 | 0.00e+00 4.24e-02 |   0.4919 0.1537  2.8908  1.9961 0.500 15.50 | PAIR-CHANNEL-DEAD
# CONVTAG t=432.00 rough=0.321321 cond=0.515036 evap=0.000000 backs=0.041911
t=  434.00 -1.09e-15 | 1.6219 14.46  19254    0      0      0 | 1.3979 14.43 | 0.00e+00 5.00e-02 |   0.4416 0.1380  3.2750  1.2296 0.500 15.50 | PAIR-CHANNEL-DEAD
# CONVTAG t=434.00 rough=0.321321 cond=0.515036 evap=0.000000 backs=0.041911
t=  436.00 -1.09e-15 | 1.6219 14.47  19262    0      0      0 | 1.3980 14.43 | 0.00e+00 3.70e-02 |   0.3847 0.1202  3.1267  1.5770 0.500 15.50 | PAIR-CHANNEL-DEAD
# CONVTAG t=436.00 rough=0.321321 cond=0.515036 evap=0.000000 backs=0.041911
t=  438.00 -1.09e-15 | 1.6220 14.47  19267    0      0      0 | 1.3980 14.43 | 0.00e+00 3.99e-02 |   0.4870 0.1522  2.1940  2.7080 0.500 15.50 | PAIR-CHANNEL-DEAD
# CONVTAG t=438.00 rough=0.321321 cond=0.515036 evap=0.000000 backs=0.041911
t=  440.00 -1.09e-15 | 1.6220 14.48  19278    0      0      0 | 1.3981 14.42 | 0.00e+00 4.94e-02 |   0.7739 0.2419  0.5961  3.4394 0.500 15.50 | PAIR-CHANNEL-DEAD
# CONVTAG t=440.00 rough=0.321321 cond=0.515036 evap=0.000000 backs=0.041911
t=  442.00 -1.09e-15 | 1.6219 14.47  19265    0      0      0 | 1.3979 14.42 | 0.00e+00 4.51e-02 |   1.1220 0.3506  0.5517  3.4422 0.500 15.50 | PAIR-CHANNEL-DEAD
# CONVTAG t=442.00 rough=0.321321 cond=0.515036 evap=0.000000 backs=0.041911
t=  444.00 -1.09e-15 | 1.6218 14.46  19258    0      0      0 | 1.3979 14.42 | 0.00e+00 4.33e-02 |   1.3027 0.4071  1.0199  3.3453 0.500 15.50 | PAIR-CHANNEL-DEAD
# CONVTAG t=444.00 rough=0.321321 cond=0.515036 evap=0.000000 backs=0.041911
t=  446.00 -1.09e-15 | 1.6219 14.46  19253    0      0      0 | 1.3978 14.42 | 0.00e+00 5.00e-02 |   1.2656 0.3955  1.0404  3.3319 0.500 15.00 | PAIR-CHANNEL-DEAD
# CONVTAG t=446.00 rough=0.321321 cond=0.515036 evap=0.000000 backs=0.041911
t=  448.00 -1.09e-15 | 1.6219 14.46  19247    0      0      0 | 1.3977 14.42 | 0.00e+00 5.00e-02 |   1.0792 0.3373  0.5112  3.6723 0.500 15.00 | PAIR-CHANNEL-DEAD
# CONVTAG t=448.00 rough=0.321321 cond=0.515036 evap=0.000000 backs=0.041911
t=  450.00 -1.09e-15 | 1.6219 14.46  19253    0      0      0 | 1.3978 14.42 | 0.00e+00 4.49e-02 |   0.6427 0.2008  1.7793  3.0087 0.500 15.50 | PAIR-CHANNEL-DEAD
# CONVTAG t=450.00 rough=0.321321 cond=0.515036 evap=0.000000 backs=0.041911
t=  452.00 -1.09e-15 | 1.6219 14.46  19251    0      0      0 | 1.3978 14.42 | 0.00e+00 3.42e-02 |   0.6169 0.1928  1.7680  3.0149 0.500 15.50 | PAIR-CHANNEL-DEAD
# CONVTAG t=452.00 rough=0.321321 cond=0.515036 evap=0.000000 backs=0.041911
t=  454.00 -1.09e-15 | 1.6219 14.46  19254    0      0      0 | 1.3978 14.42 | 0.00e+00 4.25e-02 |   0.8421 0.2632  1.4633  3.1746 0.500 15.50 | PAIR-CHANNEL-DEAD
# CONVTAG t=454.00 rough=0.321321 cond=0.515036 evap=0.000000 backs=0.041911
t=  456.00 -1.09e-15 | 1.6219 14.47  19262    0      0      0 | 1.3979 14.43 | 0.00e+00 5.00e-02 |   1.4897 0.4655  0.5176  3.4640 0.500 15.50 | PAIR-CHANNEL-DEAD
# CONVTAG t=456.00 rough=0.321321 cond=0.515036 evap=0.000000 backs=0.041911
t=  458.00 -1.09e-15 | 1.6220 14.47  19273    0      0      0 | 1.3981 14.43 | 0.00e+00 3.99e-02 |   1.5073 0.4710  0.9062  3.3824 0.500 15.50 | PAIR-CHANNEL-DEAD
# CONVTAG t=458.00 rough=0.321321 cond=0.515036 evap=0.000000 backs=0.041911
t=  460.00 -1.09e-15 | 1.6220 14.46  19252    0      0      0 | 1.3978 14.43 | 0.00e+00 4.12e-02 |   1.4141 0.4419  1.3351  3.2176 0.500 14.50 | PAIR-CHANNEL-DEAD
# CONVTAG t=460.00 rough=0.321321 cond=0.515036 evap=0.000000 backs=0.041911
t=  462.00 -1.09e-15 | 1.6221 14.46  19256    0      0      0 | 1.3979 14.43 | 0.00e+00 4.93e-02 |   1.4221 0.4444  1.2643  3.2581 0.500 14.50 | PAIR-CHANNEL-DEAD
# CONVTAG t=462.00 rough=0.321321 cond=0.515036 evap=0.000000 backs=0.041911
t=  464.00 -1.09e-15 | 1.6221 14.46  19255    0      0      0 | 1.3979 14.43 | 0.00e+00 3.94e-02 |   1.2473 0.3898  1.5092  3.1429 0.500 14.50 | PAIR-CHANNEL-DEAD
# CONVTAG t=464.00 rough=0.321321 cond=0.515036 evap=0.000000 backs=0.041911
t=  466.00 -1.09e-15 | 1.6221 14.46  19255    0      0      0 | 1.3979 14.43 | 0.00e+00 3.81e-02 |   0.9911 0.3097  1.1453  3.2845 0.500 15.00 | PAIR-CHANNEL-DEAD
# CONVTAG t=466.00 rough=0.321321 cond=0.515036 evap=0.000000 backs=0.041911
t=  468.00 -1.09e-15 | 1.6221 14.46  19249    0      0      0 | 1.3978 14.43 | 0.00e+00 5.00e-02 |   0.7843 0.2451  0.3431  3.4787 0.500 15.50 | PAIR-CHANNEL-DEAD
# CONVTAG t=468.00 rough=0.321321 cond=0.515036 evap=0.000000 backs=0.041911
t=  470.00 -1.09e-15 | 1.6221 14.46  19253    0      0      0 | 1.3979 14.43 | 0.00e+00 5.00e-02 |   0.7664 0.2395  0.1459  3.4992 0.500 15.50 | PAIR-CHANNEL-DEAD
# CONVTAG t=470.00 rough=0.321321 cond=0.515036 evap=0.000000 backs=0.041911
t=  472.00 -1.09e-15 | 1.6221 14.45  19242    0      0      0 | 1.3977 14.43 | 0.00e+00 4.05e-02 |   0.7757 0.2424  0.1454  3.4941 0.500 15.50 | PAIR-CHANNEL-DEAD
# CONVTAG t=472.00 rough=0.321321 cond=0.515036 evap=0.000000 backs=0.041911
t=  474.00 -1.09e-15 | 1.6221 14.44  19226    0      0      0 | 1.3975 14.42 | 0.00e+00 5.00e-02 |   0.7448 0.2328  0.1576  3.4883 0.500 15.50 | PAIR-CHANNEL-DEAD
# CONVTAG t=474.00 rough=0.321321 cond=0.515036 evap=0.000000 backs=0.041911
t=  476.00 -1.09e-15 | 1.6221 14.46  19253    0      0      0 | 1.3979 14.43 | 0.00e+00 4.54e-02 |   0.6972 0.2179  0.1419  3.4824 0.500 15.50 | PAIR-CHANNEL-DEAD
# CONVTAG t=476.00 rough=0.321321 cond=0.515036 evap=0.000000 backs=0.041911
t=  478.00 -1.09e-15 | 1.6221 14.46  19256    0      0      0 | 1.3979 14.43 | 0.00e+00 5.00e-02 |   0.6831 0.2135  0.1477  3.4917 0.500 15.50 | PAIR-CHANNEL-DEAD
# CONVTAG t=478.00 rough=0.321321 cond=0.515036 evap=0.000000 backs=0.041911
t=  480.00 -1.09e-15 | 1.6220 14.46  19251    0      0      0 | 1.3978 14.43 | 0.00e+00 4.30e-02 |   0.7049 0.2203  0.6239  3.8094 0.500 15.50 | PAIR-CHANNEL-DEAD
# CONVTAG t=480.00 rough=0.321321 cond=0.515036 evap=0.000000 backs=0.041911
#
# RESULT drift_rel -1.088e-15
# RESULT births 0 deaths 0 beta_returns 0 beta_energy 0.000000e+00
# RESULT conv rough=48.412689 cond=619.427712 evap=0.000000 backs=6.314699 rad=0.000000
# RESULT convtag rough=0.321321 cond=0.515036 evap=0.000000 backs=0.041911 net=0.235626
# RESULT geometry phi_nom=1.6220 z_live=14.46 dbar=1.3978 sigma_d=0.1443
# RESULT pair CHANNEL DEAD
