# freecell — v89 free-cell substance test (exp=pair)
# laws = laws_V2g VERBATIM (defaults): C=1 w1=1.65 w2=2.9 q_detune=1.2
# gamma_res=0.25 gamma_res_m=0.1 p_gate=8 lock_floor=0.005 k_dep=1.2 k_dep_m=2 cap=2.5
# e_s0=1 es_floor=0.05 e_cond=0 f_conv=0.25 f_evap=0.5 s_pull=0.15
# kappa_lock=1 kappa_align=0.5 s_k=0.06 s_disp=0.3 sigma_tumble=0.01
# comb_limit=6 rough_k=0.35 gamma_rough=0.5 mob_sym=1 mob_floor=0.004 field_J=1.8
# quant_A0=1.15 quant_mode=2 (A0eff=1.15)
# v91 radiance (laws_V3r candidate A): k_rad=0.1 p_rad=4 rad_clock=0
# GEOMETRY (apparatus): cfac=1.15 k_rep=1 mob_geo=1 kappa_bond=1 freeze_geo=1
# bath=1 bath_frac=1 jam_sweeps=800 jam_k=0.1 L=16 dt=0.02 T=480 seed=20260802 diag_every=100
# JAM sweeps=800 max_step=1.402e-04 (tol 1.0e-04, k_end=0.0010) — witness for the settle
# SEED pair: i=475 j=1565 x=0.6000/0.6000 p:q=1:1 m=1 d*=1.863289 d0=6.984974 (doff +5.1367)
# SEED pair radii r=0.7525 contact=1.5886  Em/voice=1.5000
# SEED noise: amp=0.5 (e1-class churn)
# INIT NC=2700 slots=25950 live=20840 phi_nom=1.7041 z_live=15.44 dbar=1.4112 sigma_d=14.79% E0=3373.510407699
#
# t | drift_rel | phi_nom z_live NLa NLd births deaths | dbar sigma_d% | maxstep maxbond | Em_tag ret com_dev rms conn z_tag | pair: d delta gf gb | core/far
t=    0.00 +0.00e+00 | 1.7041 15.44  20840    0      0      0 | 1.4112 14.79 | 0.00e+00 0.00e+00 |   3.0000 1.0000  0.3317  3.4925 0.500 13.50 | PAIR-CHANNEL-DEAD
# CONVTAG t=0.00 rough=0.000000 cond=0.000000 evap=0.000000 backs=0.000000
t=    2.00 -2.70e-16 | 1.7041 15.36  20737    0      0      0 | 1.4099 14.78 | 0.00e+00 9.24e-08 |   2.9990 0.9997  0.3319  3.4926 0.500 13.00 | PAIR-CHANNEL-DEAD
# CONVTAG t=2.00 rough=0.000000 cond=0.000000 evap=0.000000 backs=0.000000
t=    4.00 -2.70e-16 | 1.7043 15.34  20715    0      0      0 | 1.4097 14.79 | 0.00e+00 3.29e-06 |   2.9978 0.9993  0.3321  3.4925 0.500 12.50 | PAIR-CHANNEL-DEAD
# CONVTAG t=4.00 rough=0.000000 cond=0.000000 evap=0.000000 backs=0.000000
# QATOM t=5.36 dir=FD w=1.65 e=0.301996504516
t=    6.00 -5.39e-16 | 1.7043 15.34  20703    0      0      0 | 1.4096 14.79 | 0.00e+00 7.82e-06 |   2.9960 0.9987  0.3320  3.4925 0.500 12.00 | PAIR-CHANNEL-DEAD
# CONVTAG t=6.00 rough=0.000000 cond=0.000000 evap=0.000000 backs=0.000000
t=    8.00 -6.74e-16 | 1.7040 15.32  20688    0      0      0 | 1.4095 14.79 | 0.00e+00 8.24e-05 |   2.9951 0.9984  0.3322  3.4925 0.500 12.00 | PAIR-CHANNEL-DEAD
# CONVTAG t=8.00 rough=0.000000 cond=0.000000 evap=0.000000 backs=0.000000
t=   10.00 -6.74e-16 | 1.7037 15.33  20691    0      0      0 | 1.4094 14.79 | 0.00e+00 1.12e-04 |   2.9930 0.9977  0.3324  3.4925 0.500 10.00 | PAIR-CHANNEL-DEAD
# CONVTAG t=10.00 rough=0.000000 cond=0.000000 evap=0.000000 backs=0.000000
t=   12.00 -6.74e-16 | 1.7025 15.32  20685    0      0      0 | 1.4094 14.79 | 0.00e+00 8.38e-03 |   2.9922 0.9974  0.3324  3.4925 0.500 11.50 | PAIR-CHANNEL-DEAD
# CONVTAG t=12.00 rough=0.000000 cond=0.000000 evap=0.000000 backs=0.000000
t=   14.00 -5.39e-16 | 1.7016 15.29  20645    0      0      0 | 1.4089 14.79 | 0.00e+00 5.94e-03 |   2.9913 0.9971  0.3325  3.4925 0.500 11.50 | PAIR-CHANNEL-DEAD
# CONVTAG t=14.00 rough=0.000000 cond=0.000000 evap=0.000000 backs=0.000000
t=   16.00 -5.39e-16 | 1.7001 15.29  20635    0      0      0 | 1.4088 14.79 | 0.00e+00 5.61e-03 |   2.9892 0.9964  0.3325  3.4925 0.500 11.00 | PAIR-CHANNEL-DEAD
# CONVTAG t=16.00 rough=0.000000 cond=0.000000 evap=0.000000 backs=0.000000
# QATOM t=17.74 dir=FD w=1.64997302 e=0.301991567157
t=   18.00 -5.39e-16 | 1.6982 15.27  20609    0      0      0 | 1.4086 14.79 | 0.00e+00 4.69e-03 |   2.9884 0.9961  0.3328  3.4926 0.500 11.50 | PAIR-CHANNEL-DEAD
# CONVTAG t=18.00 rough=0.000000 cond=0.000000 evap=0.000000 backs=0.000000
t=   20.00 -5.39e-16 | 1.6963 15.23  20558    0      0      0 | 1.4078 14.78 | 0.00e+00 1.35e-02 |   2.9865 0.9955  0.3330  3.4925 0.500 11.00 | PAIR-CHANNEL-DEAD
# CONVTAG t=20.00 rough=0.000000 cond=0.000000 evap=0.000000 backs=0.000000
t=   22.00 -5.39e-16 | 1.6937 15.22  20547    0      0      0 | 1.4077 14.78 | 0.00e+00 1.32e-02 |   2.9850 0.9950  0.3328  3.4925 0.500 11.00 | PAIR-CHANNEL-DEAD
# CONVTAG t=22.00 rough=0.000000 cond=0.000000 evap=0.000000 backs=0.000000
# QATOM t=22.40 dir=FD w=1.64949052 e=0.301903255695
t=   24.00 -5.39e-16 | 1.6906 15.18  20492    0      0      0 | 1.4069 14.77 | 0.00e+00 3.35e-02 |   2.9845 0.9948  0.3326  3.4925 0.500 10.50 | PAIR-CHANNEL-DEAD
# CONVTAG t=24.00 rough=0.000000 cond=0.000000 evap=0.000000 backs=0.000000
t=   26.00 -5.39e-16 | 1.6878 15.16  20461    0      0      0 | 1.4065 14.77 | 0.00e+00 2.15e-02 |   2.9835 0.9945  0.3326  3.4924 0.500 10.50 | PAIR-CHANNEL-DEAD
# CONVTAG t=26.00 rough=0.000000 cond=0.000000 evap=0.000000 backs=0.000000
# QATOM t=26.62 dir=FD w=1.64806813 e=0.301642918132
t=   28.00 -5.39e-16 | 1.6853 15.13  20423    0      0      0 | 1.4060 14.76 | 0.00e+00 2.91e-02 |   2.9700 0.9900  0.3346  3.4925 0.500 10.50 | PAIR-CHANNEL-DEAD
# CONVTAG t=28.00 rough=0.000000 cond=0.000000 evap=0.000000 backs=0.000000
t=   30.00 -5.39e-16 | 1.6825 15.11  20394    0      0      0 | 1.4056 14.75 | 0.00e+00 5.00e-02 |   2.9680 0.9893  0.3344  3.4925 0.500 10.50 | PAIR-CHANNEL-DEAD
# CONVTAG t=30.00 rough=0.000000 cond=0.000000 evap=0.000000 backs=0.000000
# QATOM t=31.04 dir=FD w=1.6484504 e=0.301712883575
t=   32.00 -5.39e-16 | 1.6801 15.08  20360    0      0      0 | 1.4051 14.75 | 0.00e+00 2.94e-02 |   2.9552 0.9851  0.3284  3.4924 0.500 10.50 | PAIR-CHANNEL-DEAD
# CONVTAG t=32.00 rough=0.000000 cond=0.000000 evap=0.000000 backs=0.000000
t=   34.00 -5.39e-16 | 1.6782 15.06  20331    0      0      0 | 1.4047 14.74 | 0.00e+00 4.39e-02 |   2.9506 0.9835  0.3205  3.4920 0.500 11.00 | PAIR-CHANNEL-DEAD
# CONVTAG t=34.00 rough=0.000000 cond=0.000000 evap=0.000000 backs=0.000000
t=   36.00 -5.39e-16 | 1.6758 15.06  20332    0      0      0 | 1.4047 14.74 | 0.00e+00 2.18e-02 |   2.9419 0.9806  0.3160  3.4916 0.500 10.50 | PAIR-CHANNEL-DEAD
# CONVTAG t=36.00 rough=0.000000 cond=0.000000 evap=0.000000 backs=0.000000
# QATOM t=36.08 dir=FD w=1.64839108 e=0.301702026759
t=   38.00 -5.39e-16 | 1.6737 15.03  20291    0      0      0 | 1.4042 14.74 | 0.00e+00 3.30e-02 |   2.9059 0.9686  0.3155  3.4904 0.500 11.50 | PAIR-CHANNEL-DEAD
# CONVTAG t=38.00 rough=0.000000 cond=0.000000 evap=0.000000 backs=0.000000
t=   40.00 -5.39e-16 | 1.6721 15.02  20271    0      0      0 | 1.4039 14.73 | 0.00e+00 3.33e-02 |   2.9086 0.9695  0.3155  3.4903 0.500 11.50 | PAIR-CHANNEL-DEAD
# CONVTAG t=40.00 rough=0.000000 cond=0.000000 evap=0.000000 backs=0.000000
t=   42.00 -5.39e-16 | 1.6704 15.01  20263    0      0      0 | 1.4038 14.73 | 0.00e+00 3.86e-02 |   2.9168 0.9723  0.3151  3.4911 0.500 11.50 | PAIR-CHANNEL-DEAD
# CONVTAG t=42.00 rough=0.000000 cond=0.000000 evap=0.000000 backs=0.000000
# QATOM t=42.38 dir=FD w=1.62319816 e=0.297091012213
t=   44.00 -5.39e-16 | 1.6690 14.99  20242    0      0      0 | 1.4035 14.73 | 0.00e+00 2.67e-02 |   2.9093 0.9698  0.3150  3.4931 0.500 11.00 | PAIR-CHANNEL-DEAD
# CONVTAG t=44.00 rough=0.000000 cond=0.000000 evap=0.000000 backs=0.000000
t=   46.00 -5.39e-16 | 1.6674 14.99  20236    0      0      0 | 1.4035 14.73 | 0.00e+00 3.60e-02 |   2.9002 0.9667  0.3151  3.4907 0.500 11.00 | PAIR-CHANNEL-DEAD
# CONVTAG t=46.00 rough=0.000000 cond=0.000000 evap=0.000000 backs=0.000000
t=   48.00 -5.39e-16 | 1.6662 14.97  20211    0      0      0 | 1.4031 14.73 | 0.00e+00 2.49e-02 |   2.8978 0.9659  0.3151  3.4907 0.500 11.50 | PAIR-CHANNEL-DEAD
# CONVTAG t=48.00 rough=0.000000 cond=0.000000 evap=0.000000 backs=0.000000
t=   50.00 -5.39e-16 | 1.6652 14.94  20175    0      0      0 | 1.4027 14.72 | 0.00e+00 3.81e-02 |   2.8973 0.9658  0.3150  3.4908 0.500 11.50 | PAIR-CHANNEL-DEAD
# CONVTAG t=50.00 rough=0.000000 cond=0.000000 evap=0.000000 backs=0.000000
# QATOM t=50.02 dir=FD w=1.63467458 e=0.299191520064
t=   52.00 -5.39e-16 | 1.6643 14.95  20179    0      0      0 | 1.4027 14.72 | 0.00e+00 4.22e-02 |   2.8962 0.9654  0.3150  3.4909 0.500 10.50 | PAIR-CHANNEL-DEAD
# CONVTAG t=52.00 rough=0.000000 cond=0.000000 evap=0.000000 backs=0.000000
t=   54.00 -5.39e-16 | 1.6638 14.94  20164    0      0      0 | 1.4024 14.72 | 0.00e+00 4.44e-02 |   2.9189 0.9730  0.3165  3.4918 0.500 10.50 | PAIR-CHANNEL-DEAD
# CONVTAG t=54.00 rough=0.000000 cond=0.000000 evap=0.000000 backs=0.000000
t=   56.00 -5.39e-16 | 1.6633 14.93  20157    0      0      0 | 1.4024 14.72 | 0.00e+00 4.22e-02 |   2.6145 0.8715  0.5482  3.4754 0.500 11.50 | PAIR-CHANNEL-DEAD
# CONVTAG t=56.00 rough=0.000000 cond=0.000000 evap=0.309608 backs=0.040384
t=   58.00 -5.39e-16 | 1.6626 14.93  20150    0      0      0 | 1.4023 14.71 | 0.00e+00 3.29e-02 |   2.5871 0.8624  0.5225  3.4782 0.500 11.50 | PAIR-CHANNEL-DEAD
# CONVTAG t=58.00 rough=0.000000 cond=0.000000 evap=0.309608 backs=0.040384
t=   60.00 -5.39e-16 | 1.6620 14.92  20145    0      0      0 | 1.4022 14.71 | 0.00e+00 3.05e-02 |   2.5118 0.8373  0.4401  3.4876 0.500 12.00 | PAIR-CHANNEL-DEAD
# CONVTAG t=60.00 rough=0.000000 cond=0.000000 evap=0.309608 backs=0.040384
t=   62.00 -5.39e-16 | 1.6616 14.90  20114    0      0      0 | 1.4018 14.71 | 0.00e+00 3.82e-02 |   2.4599 0.8200  0.4048  3.4923 0.500 12.00 | PAIR-CHANNEL-DEAD
# CONVTAG t=62.00 rough=0.000000 cond=0.000000 evap=0.309608 backs=0.040384
# QATOM t=62.94 dir=FD w=1.61448181 e=0.295495675147
t=   64.00 -5.39e-16 | 1.6611 14.90  20120    0      0      0 | 1.4019 14.71 | 0.00e+00 3.59e-02 |   2.4375 0.8125  0.4146  3.4922 0.500 12.00 | PAIR-CHANNEL-DEAD
# CONVTAG t=64.00 rough=0.000000 cond=0.000000 evap=0.309608 backs=0.040384
t=   66.00 -5.39e-16 | 1.6607 14.91  20127    0      0      0 | 1.4020 14.71 | 0.00e+00 3.01e-02 |   2.4377 0.8126  0.4140  3.4887 0.500 12.00 | PAIR-CHANNEL-DEAD
# CONVTAG t=66.00 rough=0.000000 cond=0.000000 evap=0.309608 backs=0.040384
t=   68.00 -5.39e-16 | 1.6605 14.92  20139    0      0      0 | 1.4021 14.71 | 0.00e+00 4.10e-02 |   2.1086 0.7029  0.4026  3.4741 0.500 12.50 | PAIR-CHANNEL-DEAD
# CONVTAG t=68.00 rough=0.000000 cond=0.000000 evap=0.638561 backs=0.083291
t=   70.00 -5.39e-16 | 1.6606 14.92  20142    0      0      0 | 1.4022 14.72 | 0.00e+00 4.08e-02 |   2.0610 0.6870  0.4676  3.4632 0.500 12.50 | PAIR-CHANNEL-DEAD
# CONVTAG t=70.00 rough=0.000000 cond=0.000000 evap=0.638561 backs=0.083291
t=   72.00 -5.39e-16 | 1.6606 14.89  20103    0      0      0 | 1.4017 14.71 | 0.00e+00 2.93e-02 |   2.1697 0.7232  0.9569  3.3417 0.500 11.50 | PAIR-CHANNEL-DEAD
# CONVTAG t=72.00 rough=0.000000 cond=0.193623 evap=0.638561 backs=0.083291
t=   74.00 -5.39e-16 | 1.6607 14.90  20112    0      0      0 | 1.4018 14.71 | 0.00e+00 4.40e-02 |   1.9918 0.6639  1.3426  3.1940 0.500 12.50 | PAIR-CHANNEL-DEAD
# CONVTAG t=74.00 rough=0.000000 cond=0.193623 evap=0.638561 backs=0.083291
t=   76.00 -5.39e-16 | 1.6606 14.91  20131    0      0      0 | 1.4020 14.71 | 0.00e+00 4.02e-02 |   1.7140 0.5713  2.0312  2.7813 0.500 12.50 | PAIR-CHANNEL-DEAD
# CONVTAG t=76.00 rough=0.000000 cond=0.193623 evap=0.638561 backs=0.083291
# QATOM t=76.54 dir=DF w=2.29642968 e=0.420311355818
t=   78.00 -5.39e-16 | 1.6603 14.92  20138    0      0      0 | 1.4021 14.72 | 0.00e+00 3.79e-02 |   1.6574 0.5525  2.1980  2.6448 0.500 12.50 | PAIR-CHANNEL-DEAD
# CONVTAG t=78.00 rough=0.000000 cond=0.193623 evap=0.638561 backs=0.083291
t=   80.00 -5.39e-16 | 1.6601 14.92  20142    0      0      0 | 1.4022 14.71 | 0.00e+00 4.12e-02 |   1.6725 0.5575  2.1433  2.6905 0.500 12.50 | PAIR-CHANNEL-DEAD
# CONVTAG t=80.00 rough=0.000000 cond=0.193623 evap=0.638561 backs=0.083291
t=   82.00 -5.39e-16 | 1.6599 14.93  20152    0      0      0 | 1.4023 14.71 | 0.00e+00 3.29e-02 |   1.7704 0.5901  1.8539  2.9073 0.500 13.00 | PAIR-CHANNEL-DEAD
# CONVTAG t=82.00 rough=0.000000 cond=0.193623 evap=0.638561 backs=0.083291
t=   84.00 -5.39e-16 | 1.6601 14.92  20144    0      0      0 | 1.4022 14.71 | 0.00e+00 3.56e-02 |   2.0969 0.6990  1.0730  3.3051 0.500 13.50 | PAIR-CHANNEL-DEAD
# CONVTAG t=84.00 rough=0.000000 cond=0.193623 evap=0.638561 backs=0.083291
t=   86.00 -5.39e-16 | 1.6601 14.91  20125    0      0      0 | 1.4019 14.71 | 0.00e+00 3.92e-02 |   2.1405 0.7135  0.9561  3.3456 0.500 12.50 | PAIR-CHANNEL-DEAD
# CONVTAG t=86.00 rough=0.000000 cond=0.193623 evap=0.638561 backs=0.083291
t=   88.00 -5.39e-16 | 1.6599 14.91  20128    0      0      0 | 1.4019 14.71 | 0.00e+00 4.19e-02 |   2.0961 0.6987  0.9594  3.3629 0.500 12.50 | PAIR-CHANNEL-DEAD
# CONVTAG t=88.00 rough=0.000000 cond=0.193623 evap=0.638561 backs=0.083291
# QATOM t=88.82 dir=FD w=1.63188263 e=0.298680514608
t=   90.00 -5.39e-16 | 1.6601 14.90  20120    0      0      0 | 1.4019 14.71 | 0.00e+00 3.72e-02 |   2.0591 0.6864  1.0251  3.3207 0.500 13.00 | PAIR-CHANNEL-DEAD
# CONVTAG t=90.00 rough=0.000000 cond=0.193623 evap=0.638561 backs=0.083291
t=   92.00 -5.39e-16 | 1.6601 14.89  20108    0      0      0 | 1.4017 14.71 | 0.00e+00 4.44e-02 |   2.0333 0.6778  1.0774  3.3022 0.500 13.00 | PAIR-CHANNEL-DEAD
# CONVTAG t=92.00 rough=0.000000 cond=0.193623 evap=0.638561 backs=0.083291
t=   94.00 -5.39e-16 | 1.6599 14.88  20090    0      0      0 | 1.4014 14.70 | 0.00e+00 3.45e-02 |   2.0441 0.6814  1.0848  3.3008 0.500 13.00 | PAIR-CHANNEL-DEAD
# CONVTAG t=94.00 rough=0.000000 cond=0.193623 evap=0.638561 backs=0.083291
t=   96.00 -5.39e-16 | 1.6603 14.90  20119    0      0      0 | 1.4019 14.71 | 0.00e+00 3.49e-02 |   2.0617 0.6872  1.0879  3.2989 0.500 13.00 | PAIR-CHANNEL-DEAD
# CONVTAG t=96.00 rough=0.000000 cond=0.193623 evap=0.638561 backs=0.083291
t=   98.00 -5.39e-16 | 1.6602 14.91  20130    0      0      0 | 1.4020 14.71 | 0.00e+00 3.64e-02 |   2.0453 0.6818  1.0852  3.3010 0.500 13.00 | PAIR-CHANNEL-DEAD
# CONVTAG t=98.00 rough=0.000000 cond=0.193623 evap=0.638561 backs=0.083291
# QATOM t=99.68 dir=DF w=2.07886752 e=0.380491347694
t=  100.00 -5.39e-16 | 1.6600 14.92  20137    0      0      0 | 1.4021 14.71 | 0.00e+00 4.19e-02 |   2.0102 0.6701  1.0640  3.3090 0.500 13.00 | PAIR-CHANNEL-DEAD
# CONVTAG t=100.00 rough=0.000000 cond=0.193623 evap=0.638561 backs=0.083291
t=  102.00 -5.39e-16 | 1.6598 14.92  20138    0      0      0 | 1.4021 14.71 | 0.00e+00 3.56e-02 |   2.0059 0.6686  1.0529  3.3095 0.500 13.00 | PAIR-CHANNEL-DEAD
# CONVTAG t=102.00 rough=0.000000 cond=0.193623 evap=0.638561 backs=0.083291
t=  104.00 -5.39e-16 | 1.6596 14.89  20107    0      0      0 | 1.4016 14.70 | 0.00e+00 3.48e-02 |   2.0818 0.6939  0.8930  3.3603 0.500 13.00 | PAIR-CHANNEL-DEAD
# CONVTAG t=104.00 rough=0.000000 cond=0.193623 evap=0.638561 backs=0.083291
t=  106.00 -5.39e-16 | 1.6594 14.89  20107    0      0      0 | 1.4017 14.71 | 0.00e+00 4.12e-02 |   2.3845 0.7948  0.4338  3.4700 0.500 13.00 | PAIR-CHANNEL-DEAD
# CONVTAG t=106.00 rough=0.000000 cond=0.193623 evap=0.638561 backs=0.083291
t=  108.00 -5.39e-16 | 1.6597 14.89  20102    0      0      0 | 1.4015 14.70 | 0.00e+00 4.14e-02 |   2.4479 0.8160  0.4078  3.4756 0.500 13.00 | PAIR-CHANNEL-DEAD
# CONVTAG t=108.00 rough=0.000000 cond=0.193623 evap=0.638561 backs=0.083291
t=  110.00 -5.39e-16 | 1.6600 14.90  20119    0      0      0 | 1.4018 14.71 | 0.00e+00 3.01e-02 |   2.3774 0.7925  0.4765  3.4670 0.500 13.00 | PAIR-CHANNEL-DEAD
# CONVTAG t=110.00 rough=0.000000 cond=0.193623 evap=0.638561 backs=0.083291
# QATOM t=110.04 dir=DF w=2.2684355 e=0.415187631013
t=  112.00 -5.39e-16 | 1.6602 14.89  20102    0      0      0 | 1.4016 14.70 | 0.00e+00 4.21e-02 |   2.0184 0.6728  0.9552  3.3429 0.500 13.00 | PAIR-CHANNEL-DEAD
# CONVTAG t=112.00 rough=0.000000 cond=0.193623 evap=0.638561 backs=0.083291
t=  114.00 -5.39e-16 | 1.6606 14.89  20104    0      0      0 | 1.4017 14.71 | 0.00e+00 3.85e-02 |   1.9000 0.6333  1.1454  3.2757 0.500 13.50 | PAIR-CHANNEL-DEAD
# CONVTAG t=114.00 rough=0.000000 cond=0.193623 evap=0.638561 backs=0.083291
t=  116.00 -5.39e-16 | 1.6605 14.91  20132    0      0      0 | 1.4020 14.71 | 0.00e+00 3.74e-02 |   1.9274 0.6425  1.0658  3.3017 0.500 13.50 | PAIR-CHANNEL-DEAD
# CONVTAG t=116.00 rough=0.000000 cond=0.193623 evap=0.638561 backs=0.083291
t=  118.00 -5.39e-16 | 1.6607 14.92  20141    0      0      0 | 1.4021 14.71 | 0.00e+00 4.76e-02 |   1.9733 0.6578  0.9647  3.3350 0.500 13.50 | PAIR-CHANNEL-DEAD
# CONVTAG t=118.00 rough=0.000000 cond=0.193623 evap=0.638561 backs=0.083291
t=  120.00 -5.39e-16 | 1.6608 14.92  20138    0      0      0 | 1.4021 14.71 | 0.00e+00 3.47e-02 |   1.8077 0.6026  1.4358  3.1465 0.500 13.50 | PAIR-CHANNEL-DEAD
# CONVTAG t=120.00 rough=0.000000 cond=0.193623 evap=0.638561 backs=0.083291
# QATOM t=120.22 dir=FD w=1.10332264 e=0.201939140017
t=  122.00 -5.39e-16 | 1.6609 14.92  20143    0      0      0 | 1.4021 14.71 | 0.00e+00 3.18e-02 |   1.7401 0.5800  1.7368  2.9817 0.500 13.50 | PAIR-CHANNEL-DEAD
# CONVTAG t=122.00 rough=0.000000 cond=0.193623 evap=0.638561 backs=0.083291
t=  124.00 -5.39e-16 | 1.6611 14.92  20142    0      0      0 | 1.4021 14.71 | 0.00e+00 2.96e-02 |   1.6945 0.5648  1.8115  2.9356 0.500 14.00 | PAIR-CHANNEL-DEAD
# CONVTAG t=124.00 rough=0.000000 cond=0.193623 evap=0.638561 backs=0.083291
t=  126.00 -5.39e-16 | 1.6609 14.91  20133    0      0      0 | 1.4020 14.71 | 0.00e+00 5.00e-02 |   1.6543 0.5514  1.6725  3.0253 0.500 14.00 | PAIR-CHANNEL-DEAD
# CONVTAG t=126.00 rough=0.000000 cond=0.193623 evap=0.638561 backs=0.083291
# QATOM t=127.84 dir=FD w=1.59376772 e=0.291704412052
t=  128.00 -5.39e-16 | 1.6610 14.92  20141    0      0      0 | 1.4021 14.71 | 0.00e+00 3.72e-02 |   1.7878 0.5959  1.1938  3.2519 0.500 13.50 | PAIR-CHANNEL-DEAD
# CONVTAG t=128.00 rough=0.000000 cond=0.193623 evap=0.638561 backs=0.083291
t=  130.00 -5.39e-16 | 1.6610 14.90  20121    0      0      0 | 1.4019 14.71 | 0.00e+00 2.69e-02 |   1.6971 0.5657  0.3158  3.4898 0.500 13.50 | PAIR-CHANNEL-DEAD
# CONVTAG t=130.00 rough=0.000000 cond=0.193623 evap=0.973874 backs=0.127027
t=  132.00 -5.39e-16 | 1.6611 14.91  20132    0      0      0 | 1.4021 14.72 | 0.00e+00 3.65e-02 |   1.6701 0.5567  0.3347  3.4984 0.500 13.50 | PAIR-CHANNEL-DEAD
# CONVTAG t=132.00 rough=0.000000 cond=0.193623 evap=0.973874 backs=0.127027
t=  134.00 -5.39e-16 | 1.6613 14.93  20149    0      0      0 | 1.4024 14.72 | 0.00e+00 4.01e-02 |   1.1871 0.3957  1.6619  3.1243 0.500 13.50 | PAIR-CHANNEL-DEAD
# CONVTAG t=134.00 rough=0.000000 cond=0.193623 evap=1.365060 backs=0.178051
# QATOM t=135.82 dir=FD w=1.58552265 e=0.290195331367
t=  136.00 -5.39e-16 | 1.6613 14.94  20170    0      0      0 | 1.4026 14.72 | 0.00e+00 4.18e-02 |   1.1088 0.3696  1.9560  2.8351 0.500 14.00 | PAIR-CHANNEL-DEAD
# CONVTAG t=136.00 rough=0.000000 cond=0.193623 evap=1.365060 backs=0.178051
t=  138.00 -5.39e-16 | 1.6615 14.94  20165    0      0      0 | 1.4025 14.72 | 0.00e+00 3.61e-02 |   1.0812 0.3604  2.1356  2.6967 0.500 14.50 | PAIR-CHANNEL-DEAD
# CONVTAG t=138.00 rough=0.000000 cond=0.193623 evap=1.365060 backs=0.178051
t=  140.00 -5.39e-16 | 1.6614 14.93  20155    0      0      0 | 1.4024 14.72 | 0.00e+00 3.89e-02 |   1.0904 0.3635  2.3853  2.4712 0.500 14.50 | PAIR-CHANNEL-DEAD
# CONVTAG t=140.00 rough=0.000000 cond=0.193623 evap=1.365060 backs=0.178051
t=  142.00 -5.39e-16 | 1.6614 14.93  20155    0      0      0 | 1.4024 14.72 | 0.00e+00 3.78e-02 |   1.1363 0.3788  2.6693  2.1482 0.500 14.50 | PAIR-CHANNEL-DEAD
# CONVTAG t=142.00 rough=0.000000 cond=0.193623 evap=1.365060 backs=0.178051
t=  144.00 -5.39e-16 | 1.6615 14.93  20149    0      0      0 | 1.4023 14.72 | 0.00e+00 4.11e-02 |   1.1715 0.3905  2.7165  2.0847 0.500 14.50 | PAIR-CHANNEL-DEAD
# CONVTAG t=144.00 rough=0.000000 cond=0.193623 evap=1.365060 backs=0.178051
t=  146.00 -5.39e-16 | 1.6614 14.93  20158    0      0      0 | 1.4025 14.72 | 0.00e+00 3.67e-02 |   1.1610 0.3870  2.6805  2.1321 0.500 14.50 | PAIR-CHANNEL-DEAD
# CONVTAG t=146.00 rough=0.000000 cond=0.193623 evap=1.365060 backs=0.178051
# QATOM t=146.10 dir=FD w=1.55951392 e=0.285435001789
t=  148.00 -5.39e-16 | 1.6612 14.92  20148    0      0      0 | 1.4023 14.72 | 0.00e+00 3.57e-02 |   1.0962 0.3654  2.5827  2.2562 0.500 14.50 | PAIR-CHANNEL-DEAD
# CONVTAG t=148.00 rough=0.000000 cond=0.193623 evap=1.365060 backs=0.178051
t=  150.00 -5.39e-16 | 1.6609 14.91  20132    0      0      0 | 1.4021 14.72 | 0.00e+00 3.30e-02 |   0.9744 0.3248  2.4877  2.3667 0.500 14.50 | PAIR-CHANNEL-DEAD
# CONVTAG t=150.00 rough=0.000000 cond=0.193623 evap=1.365060 backs=0.178051
t=  152.00 -5.39e-16 | 1.6611 14.91  20124    0      0      0 | 1.4020 14.72 | 0.00e+00 4.44e-02 |   0.6889 0.2296  2.2676  2.6103 0.500 14.50 | PAIR-CHANNEL-DEAD
# CONVTAG t=152.00 rough=0.000000 cond=0.193623 evap=1.365060 backs=0.178051
t=  154.00 -5.39e-16 | 1.6611 14.91  20127    0      0      0 | 1.4021 14.72 | 0.00e+00 3.63e-02 |   0.6024 0.2008  2.3434  2.5877 0.500 15.00 | PAIR-CHANNEL-DEAD
# CONVTAG t=154.00 rough=0.000000 cond=0.193623 evap=1.365060 backs=0.178051
t=  156.00 -5.39e-16 | 1.6611 14.92  20136    0      0      0 | 1.4021 14.71 | 0.00e+00 3.06e-02 |   0.5566 0.1855  2.2985  2.5576 0.500 15.00 | PAIR-CHANNEL-DEAD
# CONVTAG t=156.00 rough=0.000000 cond=0.193623 evap=1.365060 backs=0.178051
# QATOM t=156.06 dir=DF w=2.06246611 e=0.377489427755
t=  158.00 -5.39e-16 | 1.6613 14.92  20142    0      0      0 | 1.4022 14.71 | 0.00e+00 3.14e-02 |   0.4462 0.1487  1.9828  2.8214 0.500 15.00 | PAIR-CHANNEL-DEAD
# CONVTAG t=158.00 rough=0.000000 cond=0.193623 evap=1.365060 backs=0.178051
t=  160.00 -5.39e-16 | 1.6613 14.92  20138    0      0      0 | 1.4021 14.71 | 0.00e+00 4.06e-02 |   0.2594 0.0865  1.2087  3.2411 0.500 15.00 | PAIR-CHANNEL-DEAD
# CONVTAG t=160.00 rough=0.000000 cond=0.193623 evap=1.365060 backs=0.178051
t=  162.00 -5.39e-16 | 1.6613 14.93  20156    0      0      0 | 1.4024 14.72 | 0.00e+00 4.97e-02 |   0.4134 0.1378  2.0195  3.2380 0.500 15.00 | PAIR-CHANNEL-DEAD
# CONVTAG t=162.00 rough=0.000000 cond=0.193623 evap=1.365060 backs=0.178051
t=  164.00 -5.39e-16 | 1.6611 14.92  20141    0      0      0 | 1.4022 14.72 | 0.00e+00 4.10e-02 |   0.6716 0.2239  2.5458  2.2947 0.500 15.00 | PAIR-CHANNEL-DEAD
# CONVTAG t=164.00 rough=0.000000 cond=0.193623 evap=1.365060 backs=0.178051
# QATOM t=164.94 dir=FD w=1.62963878 e=0.298269826804
t=  166.00 -5.39e-16 | 1.6611 14.93  20150    0      0      0 | 1.4023 14.72 | 0.00e+00 3.70e-02 |   0.5950 0.1983  2.3961  2.4589 0.500 15.00 | PAIR-CHANNEL-DEAD
# CONVTAG t=166.00 rough=0.000000 cond=0.193623 evap=1.365060 backs=0.178051
t=  168.00 -5.39e-16 | 1.6611 14.92  20140    0      0      0 | 1.4022 14.71 | 0.00e+00 4.55e-02 |   0.2809 0.0936  1.2697  3.2278 0.500 15.50 | PAIR-CHANNEL-DEAD
# CONVTAG t=168.00 rough=0.000000 cond=0.193623 evap=1.365060 backs=0.178051
t=  170.00 -5.39e-16 | 1.6609 14.93  20151    0      0      0 | 1.4023 14.72 | 0.00e+00 4.34e-02 |   0.2419 0.0806  0.9552  3.3322 0.500 15.50 | PAIR-CHANNEL-DEAD
# CONVTAG t=170.00 rough=0.000000 cond=0.193623 evap=1.365060 backs=0.178051
t=  172.00 -5.39e-16 | 1.6606 14.93  20151    0      0      0 | 1.4023 14.72 | 0.00e+00 3.45e-02 |   0.1782 0.0594  0.4264  3.4671 0.500 15.50 | PAIR-CHANNEL-DEAD
# CONVTAG t=172.00 rough=0.000000 cond=0.193623 evap=1.365060 backs=0.178051
# QATOM t=173.64 dir=DF w=2.20577916 e=0.403719755249
t=  174.00 -5.39e-16 | 1.6606 14.93  20159    0      0      0 | 1.4024 14.72 | 0.00e+00 4.76e-02 |   0.1914 0.0638  0.7171  3.4430 0.500 15.50 | PAIR-CHANNEL-DEAD
# CONVTAG t=174.00 rough=0.000000 cond=0.193623 evap=1.365060 backs=0.178051
t=  176.00 -5.39e-16 | 1.6608 14.93  20153    0      0      0 | 1.4023 14.72 | 0.00e+00 3.55e-02 |   0.1812 0.0604  1.0213  3.4146 0.500 15.50 | PAIR-CHANNEL-DEAD
# CONVTAG t=176.00 rough=0.000000 cond=0.193623 evap=1.365060 backs=0.178051
t=  178.00 -5.39e-16 | 1.6607 14.94  20175    0      0      0 | 1.4026 14.72 | 0.00e+00 4.35e-02 |   0.1541 0.0514  1.3427  3.2570 0.500 15.50 | PAIR-CHANNEL-DEAD
# CONVTAG t=178.00 rough=0.000000 cond=0.193623 evap=1.365060 backs=0.178051
t=  180.00 -5.39e-16 | 1.6609 14.94  20167    0      0      0 | 1.4025 14.71 | 0.00e+00 3.09e-02 |   0.1410 0.0470  1.1960  3.3253 0.500 15.50 | PAIR-CHANNEL-DEAD
# CONVTAG t=180.00 rough=0.000000 cond=0.193623 evap=1.365060 backs=0.178051
t=  182.00 -5.39e-16 | 1.6609 14.93  20155    0      0      0 | 1.4024 14.72 | 0.00e+00 4.33e-02 |   0.1655 0.0552  0.7865  4.0427 0.500 16.00 | PAIR-CHANNEL-DEAD
# CONVTAG t=182.00 rough=0.000000 cond=0.193623 evap=1.365060 backs=0.178051
# QATOM t=182.56 dir=FD w=1.36103276 e=0.249107354284
t=  184.00 -5.39e-16 | 1.6609 14.93  20162    0      0      0 | 1.4025 14.72 | 0.00e+00 4.39e-02 |   0.1735 0.0578  0.6086  3.4586 0.500 16.00 | PAIR-CHANNEL-DEAD
# CONVTAG t=184.00 rough=0.000000 cond=0.193623 evap=1.365060 backs=0.178051
t=  186.00 -5.39e-16 | 1.6609 14.94  20169    0      0      0 | 1.4025 14.71 | 0.00e+00 4.23e-02 |   0.1816 0.0605  0.7347  3.4360 0.500 16.00 | PAIR-CHANNEL-DEAD
# CONVTAG t=186.00 rough=0.000000 cond=0.193623 evap=1.365060 backs=0.178051
t=  188.00 -5.39e-16 | 1.6607 14.94  20169    0      0      0 | 1.4026 14.72 | 0.00e+00 3.99e-02 |   0.1587 0.0529  1.2385  3.3298 0.500 16.00 | PAIR-CHANNEL-DEAD
# CONVTAG t=188.00 rough=0.000000 cond=0.193623 evap=1.365060 backs=0.178051
t=  190.00 -5.39e-16 | 1.6607 14.94  20167    0      0      0 | 1.4025 14.72 | 0.00e+00 4.80e-02 |   0.1405 0.0468  1.0108  3.4018 0.500 16.00 | PAIR-CHANNEL-DEAD
# CONVTAG t=190.00 rough=0.000000 cond=0.193623 evap=1.365060 backs=0.178051
# QATOM t=191.70 dir=FD w=1.61698056 e=0.295953016229
t=  192.00 -5.39e-16 | 1.6608 14.95  20181    0      0      0 | 1.4027 14.72 | 0.00e+00 4.79e-02 |   0.1497 0.0499  0.4728  3.4533 0.500 16.00 | PAIR-CHANNEL-DEAD
# CONVTAG t=192.00 rough=0.000000 cond=0.193623 evap=1.365060 backs=0.178051
t=  194.00 -5.39e-16 | 1.6611 14.93  20154    0      0      0 | 1.4023 14.72 | 0.00e+00 4.41e-02 |   0.2316 0.0772  1.7861  2.9497 0.500 16.00 | PAIR-CHANNEL-DEAD
# CONVTAG t=194.00 rough=0.000000 cond=0.193623 evap=1.365060 backs=0.178051
t=  196.00 -5.39e-16 | 1.6613 14.95  20181    0      0      0 | 1.4027 14.72 | 0.00e+00 4.96e-02 |   0.1579 0.0526  1.1926  3.2568 0.500 15.50 | PAIR-CHANNEL-DEAD
# CONVTAG t=196.00 rough=0.000000 cond=0.193623 evap=1.365060 backs=0.178051
t=  198.00 -5.39e-16 | 1.6613 14.93  20150    0      0      0 | 1.4023 14.71 | 0.00e+00 5.00e-02 |   0.4690 0.1563  2.6115  2.4707 0.500 15.00 | PAIR-CHANNEL-DEAD
# CONVTAG t=198.00 rough=0.000000 cond=0.488393 evap=1.365060 backs=0.178051
t=  200.00 -5.39e-16 | 1.6617 14.94  20164    0      0      0 | 1.4024 14.71 | 0.00e+00 4.46e-02 |   0.4504 0.1501  2.6848  2.3790 0.500 15.50 | PAIR-CHANNEL-DEAD
# CONVTAG t=200.00 rough=0.000000 cond=0.488393 evap=1.365060 backs=0.178051
# QATOM t=200.04 dir=FD w=1.09320213 e=0.200086800997
t=  202.00 -5.39e-16 | 1.6614 14.93  20153    0      0      0 | 1.4023 14.71 | 0.00e+00 5.00e-02 |   0.4073 0.1358  2.8407  2.1744 0.500 15.50 | PAIR-CHANNEL-DEAD
# CONVTAG t=202.00 rough=0.000000 cond=0.488393 evap=1.365060 backs=0.178051
t=  204.00 -5.39e-16 | 1.6613 14.91  20133    0      0      0 | 1.4020 14.71 | 0.00e+00 4.40e-02 |   0.3364 0.1121  2.8284  2.2081 0.500 15.50 | PAIR-CHANNEL-DEAD
# CONVTAG t=204.00 rough=0.000000 cond=0.488393 evap=1.365060 backs=0.178051
t=  206.00 -5.39e-16 | 1.6615 14.93  20160    0      0      0 | 1.4025 14.72 | 0.00e+00 4.92e-02 |   0.3089 0.1030  2.7345  2.3379 0.500 15.50 | PAIR-CHANNEL-DEAD
# CONVTAG t=206.00 rough=0.000000 cond=0.488393 evap=1.365060 backs=0.178051
# QATOM t=207.34 dir=FD w=1.35727251 e=0.248419122552
t=  208.00 -5.39e-16 | 1.6617 14.94  20164    0      0      0 | 1.4025 14.72 | 0.00e+00 3.42e-02 |   0.3270 0.1090  2.6556  2.9049 0.500 15.50 | PAIR-CHANNEL-DEAD
# CONVTAG t=208.00 rough=0.000000 cond=0.488393 evap=1.365060 backs=0.178051
t=  210.00 -5.39e-16 | 1.6618 14.94  20175    0      0      0 | 1.4027 14.72 | 0.00e+00 4.60e-02 |   0.3116 0.1039  2.7000  2.3477 0.500 15.50 | PAIR-CHANNEL-DEAD
# CONVTAG t=210.00 rough=0.000000 cond=0.488393 evap=1.365060 backs=0.178051
t=  212.00 -5.39e-16 | 1.6617 14.96  20196    0      0      0 | 1.4030 14.73 | 0.00e+00 4.55e-02 |   0.2706 0.0902  2.7680  2.2932 0.500 15.50 | PAIR-CHANNEL-DEAD
# CONVTAG t=212.00 rough=0.000000 cond=0.488393 evap=1.365060 backs=0.178051
t=  214.00 -5.39e-16 | 1.6616 14.94  20166    0      0      0 | 1.4025 14.72 | 0.00e+00 5.00e-02 |   0.2723 0.0908  2.2521  2.7862 0.500 16.00 | PAIR-CHANNEL-DEAD
# CONVTAG t=214.00 rough=0.000000 cond=0.488393 evap=1.365060 backs=0.178051
# QATOM t=214.72 dir=FD w=1.55590208 e=0.28477393386
t=  216.00 -5.39e-16 | 1.6619 14.94  20170    0      0      0 | 1.4026 14.72 | 0.00e+00 3.50e-02 |   0.3021 0.1007  1.2634  3.3089 0.500 15.50 | PAIR-CHANNEL-DEAD
# CONVTAG t=216.00 rough=0.000000 cond=0.488393 evap=1.365060 backs=0.178051
t=  218.00 -5.39e-16 | 1.6619 14.94  20173    0      0      0 | 1.4026 14.72 | 0.00e+00 4.06e-02 |   0.3649 0.1216  0.4665  3.4815 0.500 15.00 | PAIR-CHANNEL-DEAD
# CONVTAG t=218.00 rough=0.000000 cond=0.488393 evap=1.365060 backs=0.178051
t=  220.00 -5.39e-16 | 1.6618 14.94  20165    0      0      0 | 1.4025 14.72 | 0.00e+00 3.71e-02 |   0.3579 0.1193  0.3212  3.4892 0.500 14.50 | PAIR-CHANNEL-DEAD
# CONVTAG t=220.00 rough=0.000000 cond=0.488393 evap=1.365060 backs=0.178051
t=  222.00 -5.39e-16 | 1.6617 14.95  20186    0      0      0 | 1.4028 14.72 | 0.00e+00 5.00e-02 |   0.3563 0.1188  0.3400  3.4934 0.500 14.50 | PAIR-CHANNEL-DEAD
# CONVTAG t=222.00 rough=0.000000 cond=0.488393 evap=1.365060 backs=0.178051
# QATOM t=222.54 dir=FD w=1.50901594 e=0.276192448148
t=  224.00 -5.39e-16 | 1.6615 14.95  20179    0      0      0 | 1.4027 14.72 | 0.00e+00 4.52e-02 |   0.4135 0.1378  0.3263  3.5033 0.500 14.50 | PAIR-CHANNEL-DEAD
# CONVTAG t=224.00 rough=0.000000 cond=0.488393 evap=1.365060 backs=0.178051
t=  226.00 -5.39e-16 | 1.6619 14.95  20177    0      0      0 | 1.4026 14.71 | 0.00e+00 3.30e-02 |   0.5432 0.1811  0.8066  3.4173 0.500 14.50 | PAIR-CHANNEL-DEAD
# CONVTAG t=226.00 rough=0.000000 cond=0.488393 evap=1.365060 backs=0.178051
t=  228.00 -5.39e-16 | 1.6619 14.92  20140    0      0      0 | 1.4021 14.71 | 0.00e+00 3.93e-02 |   0.6242 0.2081  1.1056  3.3130 0.500 14.50 | PAIR-CHANNEL-DEAD
# CONVTAG t=228.00 rough=0.000000 cond=0.488393 evap=1.365060 backs=0.178051
t=  230.00 -5.39e-16 | 1.6618 14.93  20156    0      0      0 | 1.4023 14.71 | 0.00e+00 5.00e-02 |   0.7599 0.2533  1.6287  3.0844 0.500 15.00 | PAIR-CHANNEL-DEAD
# CONVTAG t=230.00 rough=0.000000 cond=0.488393 evap=1.365060 backs=0.178051
# QATOM t=230.22 dir=DF w=2.23573866 e=0.409203188916
t=  232.00 -5.39e-16 | 1.6618 14.92  20146    0      0      0 | 1.4021 14.71 | 0.00e+00 4.12e-02 |   0.8703 0.2901  2.0374  2.7845 0.500 15.00 | PAIR-CHANNEL-DEAD
# CONVTAG t=232.00 rough=0.000000 cond=0.488393 evap=1.365060 backs=0.178051
t=  234.00 -5.39e-16 | 1.6616 14.93  20154    0      0      0 | 1.4022 14.71 | 0.00e+00 3.33e-02 |   0.5948 0.1983  1.8401  2.9362 0.500 15.00 | PAIR-CHANNEL-DEAD
# CONVTAG t=234.00 rough=0.000000 cond=0.488393 evap=1.760837 backs=0.229674
t=  236.00 -5.39e-16 | 1.6620 14.93  20155    0      0      0 | 1.4023 14.71 | 0.00e+00 3.57e-02 |   0.6131 0.2044  1.9699  2.8327 0.500 15.00 | PAIR-CHANNEL-DEAD
# CONVTAG t=236.00 rough=0.000000 cond=0.488393 evap=1.760837 backs=0.229674
# QATOM t=237.54 dir=FD w=1.56015173 e=0.285551739379
t=  238.00 -5.39e-16 | 1.6621 14.93  20157    0      0      0 | 1.4023 14.71 | 0.00e+00 5.00e-02 |   0.5428 0.1809  1.8188  2.9500 0.500 15.00 | PAIR-CHANNEL-DEAD
# CONVTAG t=238.00 rough=0.000000 cond=0.488393 evap=1.760837 backs=0.229674
t=  240.00 -5.39e-16 | 1.6625 14.93  20152    0      0      0 | 1.4022 14.71 | 0.00e+00 3.42e-02 |   0.2896 0.0965  0.5329  3.6915 0.500 15.00 | PAIR-CHANNEL-DEAD
# CONVTAG t=240.00 rough=0.000000 cond=0.488393 evap=1.760837 backs=0.229674
t=  242.00 -5.39e-16 | 1.6625 14.93  20150    0      0      0 | 1.4022 14.71 | 0.00e+00 3.75e-02 |   0.2402 0.0801  0.3732  3.6125 0.500 15.00 | PAIR-CHANNEL-DEAD
# CONVTAG t=242.00 rough=0.000000 cond=0.488393 evap=1.760837 backs=0.229674
t=  244.00 -5.39e-16 | 1.6624 14.95  20188    0      0      0 | 1.4027 14.71 | 0.00e+00 3.58e-02 |   0.2614 0.0871  0.3333  3.5514 0.500 15.00 | PAIR-CHANNEL-DEAD
# CONVTAG t=244.00 rough=0.000000 cond=0.488393 evap=1.760837 backs=0.229674
# QATOM t=245.00 dir=DF w=2.0866346 e=0.381912941786
t=  246.00 -5.39e-16 | 1.6622 14.95  20184    0      0      0 | 1.4026 14.71 | 0.00e+00 5.00e-02 |   0.2716 0.0905  0.3190  3.5162 0.500 15.50 | PAIR-CHANNEL-DEAD
# CONVTAG t=246.00 rough=0.000000 cond=0.488393 evap=1.760837 backs=0.229674
t=  248.00 -5.39e-16 | 1.6621 14.94  20173    0      0      0 | 1.4025 14.71 | 0.00e+00 3.28e-02 |   0.2226 0.0742  0.3559  3.4759 0.500 15.50 | PAIR-CHANNEL-DEAD
# CONVTAG t=248.00 rough=0.000000 cond=0.488393 evap=1.760837 backs=0.229674
t=  250.00 -5.39e-16 | 1.6620 14.95  20177    0      0      0 | 1.4025 14.71 | 0.00e+00 3.97e-02 |   0.2600 0.0867  1.8652  2.8937 0.500 15.00 | PAIR-CHANNEL-DEAD
# CONVTAG t=250.00 rough=0.000000 cond=0.488393 evap=1.760837 backs=0.229674
t=  252.00 -5.39e-16 | 1.6622 14.95  20187    0      0      0 | 1.4027 14.71 | 0.00e+00 4.30e-02 |   0.4655 0.1552  3.1477  1.3104 0.500 15.00 | PAIR-CHANNEL-DEAD
# CONVTAG t=252.00 rough=0.000000 cond=0.488393 evap=1.760837 backs=0.229674
# QATOM t=252.84 dir=FD w=1.51919789 e=0.278056031204
t=  254.00 -5.39e-16 | 1.6626 14.95  20186    0      0      0 | 1.4026 14.71 | 0.00e+00 4.56e-02 |   0.4993 0.1664  3.3197  0.7576 0.500 15.00 | PAIR-CHANNEL-DEAD
# CONVTAG t=254.00 rough=0.000000 cond=0.488393 evap=1.760837 backs=0.229674
t=  256.00 -5.39e-16 | 1.6625 14.95  20177    0      0      0 | 1.4025 14.71 | 0.00e+00 4.82e-02 |   0.5104 0.1701  3.3950  0.2359 0.500 15.00 | PAIR-CHANNEL-DEAD
# CONVTAG t=256.00 rough=0.000000 cond=0.488393 evap=1.760837 backs=0.229674
t=  258.00 -5.39e-16 | 1.6622 14.95  20181    0      0      0 | 1.4026 14.71 | 0.00e+00 3.68e-02 |   0.5127 0.1709  3.3800  0.3987 0.500 15.00 | PAIR-CHANNEL-DEAD
# CONVTAG t=258.00 rough=0.000000 cond=0.488393 evap=1.760837 backs=0.229674
t=  260.00 -5.39e-16 | 1.6625 14.95  20181    0      0      0 | 1.4026 14.71 | 0.00e+00 4.88e-02 |   0.5174 0.1725  3.3222  0.7455 0.500 15.00 | PAIR-CHANNEL-DEAD
# CONVTAG t=260.00 rough=0.000000 cond=0.488393 evap=1.760837 backs=0.229674
# QATOM t=260.14 dir=DF w=2.15714491 e=0.394818317088
t=  262.00 -5.39e-16 | 1.6625 14.94  20173    0      0      0 | 1.4024 14.70 | 0.00e+00 3.34e-02 |   0.5232 0.1744  3.2618  0.9836 0.500 15.00 | PAIR-CHANNEL-DEAD
# CONVTAG t=262.00 rough=0.000000 cond=0.488393 evap=1.760837 backs=0.229674
t=  264.00 -5.39e-16 | 1.6625 14.95  20185    0      0      0 | 1.4026 14.71 | 0.00e+00 3.93e-02 |   0.5322 0.1774  3.1671  1.2765 0.500 15.00 | PAIR-CHANNEL-DEAD
# CONVTAG t=264.00 rough=0.000000 cond=0.488393 evap=1.760837 backs=0.229674
t=  266.00 -5.39e-16 | 1.6624 14.95  20185    0      0      0 | 1.4026 14.70 | 0.00e+00 4.10e-02 |   0.5403 0.1801  3.0869  1.4539 0.500 15.00 | PAIR-CHANNEL-DEAD
# CONVTAG t=266.00 rough=0.000000 cond=0.488393 evap=1.760837 backs=0.229674
# QATOM t=266.88 dir=FD w=1.54070151 e=0.281991801194
t=  268.00 -5.39e-16 | 1.6622 14.95  20181    0      0      0 | 1.4025 14.70 | 0.00e+00 5.00e-02 |   0.5304 0.1768  3.0296  1.5734 0.500 15.00 | PAIR-CHANNEL-DEAD
# CONVTAG t=268.00 rough=0.000000 cond=0.488393 evap=1.760837 backs=0.229674
t=  270.00 -5.39e-16 | 1.6620 14.95  20180    0      0      0 | 1.4025 14.71 | 0.00e+00 3.22e-02 |   0.5433 0.1811  3.0549  1.5244 0.500 15.00 | PAIR-CHANNEL-DEAD
# CONVTAG t=270.00 rough=0.000000 cond=0.488393 evap=1.760837 backs=0.229674
t=  272.00 -5.39e-16 | 1.6621 14.97  20207    0      0      0 | 1.4029 14.71 | 0.00e+00 4.44e-02 |   0.5888 0.1963  3.0426  1.5483 0.500 15.00 | PAIR-CHANNEL-DEAD
# CONVTAG t=272.00 rough=0.000000 cond=0.488393 evap=1.760837 backs=0.229674
# QATOM t=273.56 dir=FD w=1.3082954 e=0.239454932504
t=  274.00 -5.39e-16 | 1.6620 14.95  20185    0      0      0 | 1.4026 14.71 | 0.00e+00 3.21e-02 |   0.7750 0.2583  3.1407  1.3300 0.500 15.00 | PAIR-CHANNEL-DEAD
# CONVTAG t=274.00 rough=0.000000 cond=0.488393 evap=1.760837 backs=0.229674
t=  276.00 -5.39e-16 | 1.6621 14.94  20175    0      0      0 | 1.4025 14.71 | 0.00e+00 3.29e-02 |   0.7376 0.2459  3.1460  1.3170 0.500 15.00 | PAIR-CHANNEL-DEAD
# CONVTAG t=276.00 rough=0.000000 cond=0.488393 evap=2.137039 backs=0.278744
t=  278.00 -5.39e-16 | 1.6621 14.96  20193    0      0      0 | 1.4027 14.71 | 0.00e+00 4.20e-02 |   0.8265 0.2755  3.2467  1.0345 0.500 14.50 | PAIR-CHANNEL-DEAD
# CONVTAG t=278.00 rough=0.000000 cond=0.488393 evap=2.137039 backs=0.278744
t=  280.00 -5.39e-16 | 1.6622 14.96  20198    0      0      0 | 1.4028 14.71 | 0.00e+00 4.38e-02 |   0.8197 0.2732  3.3454  0.6613 0.500 14.50 | PAIR-CHANNEL-DEAD
# CONVTAG t=280.00 rough=0.000000 cond=0.488393 evap=2.137039 backs=0.278744
# QATOM t=280.98 dir=FD w=1.56788858 e=0.286967800533
t=  282.00 -5.39e-16 | 1.6623 14.97  20205    0      0      0 | 1.4029 14.71 | 0.00e+00 3.98e-02 |   0.7726 0.2575  3.3643  0.5187 0.500 14.50 | PAIR-CHANNEL-DEAD
# CONVTAG t=282.00 rough=0.000000 cond=0.488393 evap=2.137039 backs=0.278744
t=  284.00 -5.39e-16 | 1.6626 14.96  20191    0      0      0 | 1.4026 14.70 | 0.00e+00 5.00e-02 |   0.7608 0.2536  3.3511  0.5991 0.500 14.50 | PAIR-CHANNEL-DEAD
# CONVTAG t=284.00 rough=0.000000 cond=0.488393 evap=2.137039 backs=0.278744
t=  286.00 -5.39e-16 | 1.6624 14.95  20184    0      0      0 | 1.4025 14.70 | 0.00e+00 3.96e-02 |   0.7822 0.2607  3.3264  0.7286 0.500 14.50 | PAIR-CHANNEL-DEAD
# CONVTAG t=286.00 rough=0.000000 cond=0.488393 evap=2.137039 backs=0.278744
# QATOM t=287.78 dir=FD w=1.48554897 e=0.271897331635
t=  288.00 -5.39e-16 | 1.6627 14.94  20172    0      0      0 | 1.4024 14.71 | 0.00e+00 4.50e-02 |   0.7500 0.2500  3.2748  0.9452 0.500 14.50 | PAIR-CHANNEL-DEAD
# CONVTAG t=288.00 rough=0.000000 cond=0.488393 evap=2.137039 backs=0.278744
t=  290.00 -5.39e-16 | 1.6625 14.93  20162    0      0      0 | 1.4023 14.71 | 0.00e+00 4.99e-02 |   0.6812 0.2271  3.1268  1.3570 0.500 14.00 | PAIR-CHANNEL-DEAD
# CONVTAG t=290.00 rough=0.000000 cond=0.488393 evap=2.137039 backs=0.278744
t=  292.00 -5.39e-16 | 1.6626 14.94  20169    0      0      0 | 1.4024 14.71 | 0.00e+00 4.58e-02 |   0.5404 0.1801  3.0044  1.6191 0.500 14.00 | PAIR-CHANNEL-DEAD
# CONVTAG t=292.00 rough=0.000000 cond=0.488393 evap=2.137039 backs=0.278744
t=  294.00 -5.39e-16 | 1.6627 14.93  20162    0      0      0 | 1.4023 14.71 | 0.00e+00 4.12e-02 |   0.4230 0.1410  2.9877  1.6496 0.500 14.50 | PAIR-CHANNEL-DEAD
# CONVTAG t=294.00 rough=0.000000 cond=0.488393 evap=2.137039 backs=0.278744
# QATOM t=294.88 dir=FD w=1.61513479 e=0.295615188172
t=  296.00 -5.39e-16 | 1.6628 14.97  20206    0      0      0 | 1.4029 14.71 | 0.00e+00 3.17e-02 |   0.3579 0.1193  3.2221  1.1058 0.500 14.50 | PAIR-CHANNEL-DEAD
# CONVTAG t=296.00 rough=0.000000 cond=0.488393 evap=2.137039 backs=0.278744
t=  298.00 -5.39e-16 | 1.6631 14.96  20197    0      0      0 | 1.4028 14.71 | 0.00e+00 4.42e-02 |   0.3353 0.1118  3.2856  0.8953 0.500 15.00 | PAIR-CHANNEL-DEAD
# CONVTAG t=298.00 rough=0.000000 cond=0.488393 evap=2.137039 backs=0.278744
t=  300.00 -5.39e-16 | 1.6629 14.96  20201    0      0      0 | 1.4028 14.71 | 0.00e+00 5.00e-02 |   0.3211 0.1070  3.1642  1.2629 0.500 15.50 | PAIR-CHANNEL-DEAD
# CONVTAG t=300.00 rough=0.000000 cond=0.488393 evap=2.137039 backs=0.278744
# QATOM t=300.86 dir=FD w=1.56722802 e=0.286846899044
t=  302.00 -5.39e-16 | 1.6628 14.97  20205    0      0      0 | 1.4029 14.71 | 0.00e+00 4.84e-02 |   0.3233 0.1078  3.0244  1.5751 0.500 15.50 | PAIR-CHANNEL-DEAD
# CONVTAG t=302.00 rough=0.000000 cond=0.488393 evap=2.137039 backs=0.278744
t=  304.00 -5.39e-16 | 1.6627 14.97  20215    0      0      0 | 1.4030 14.71 | 0.00e+00 4.91e-02 |   0.3625 0.1208  2.9983  1.6249 0.500 15.50 | PAIR-CHANNEL-DEAD
# CONVTAG t=304.00 rough=0.000000 cond=0.488393 evap=2.137039 backs=0.278744
t=  306.00 -5.39e-16 | 1.6625 14.97  20210    0      0      0 | 1.4029 14.71 | 0.00e+00 5.00e-02 |   0.5001 0.1667  3.0411  1.5457 0.500 15.50 | PAIR-CHANNEL-DEAD
# CONVTAG t=306.00 rough=0.000000 cond=0.488393 evap=2.137039 backs=0.278744
# QATOM t=307.32 dir=DF w=1.73534177 e=0.317616452851
t=  308.00 -5.39e-16 | 1.6622 14.97  20211    0      0      0 | 1.4029 14.71 | 0.00e+00 3.96e-02 |   0.7735 0.2578  3.0058  1.6225 0.500 15.00 | PAIR-CHANNEL-DEAD
# CONVTAG t=308.00 rough=0.000000 cond=0.488393 evap=2.137039 backs=0.278744
t=  310.00 -5.39e-16 | 1.6624 14.99  20236    0      0      0 | 1.4033 14.71 | 0.00e+00 4.07e-02 |   0.8037 0.2679  2.7563  2.0243 0.500 14.50 | PAIR-CHANNEL-DEAD
# CONVTAG t=310.00 rough=0.000000 cond=0.488393 evap=2.137039 backs=0.278744
t=  312.00 -5.39e-16 | 1.6626 15.01  20258    0      0      0 | 1.4036 14.72 | 0.00e+00 4.20e-02 |   0.7884 0.2628  2.5820  2.2516 0.500 15.00 | PAIR-CHANNEL-DEAD
# CONVTAG t=312.00 rough=0.000000 cond=0.488393 evap=2.137039 backs=0.278744
# QATOM t=313.10 dir=DF w=2.32563011 e=0.425655856925
t=  314.00 -5.39e-16 | 1.6625 14.98  20225    0      0      0 | 1.4031 14.71 | 0.00e+00 3.49e-02 |   0.3705 0.1235  1.3869  3.1668 0.500 15.00 | PAIR-CHANNEL-DEAD
# CONVTAG t=314.00 rough=0.000000 cond=0.488393 evap=2.535620 backs=0.330733
t=  316.00 -5.39e-16 | 1.6626 14.98  20229    0      0      0 | 1.4032 14.72 | 0.00e+00 4.59e-02 |   0.2852 0.0951  0.3709  3.4672 0.500 15.00 | PAIR-CHANNEL-DEAD
# CONVTAG t=316.00 rough=0.000000 cond=0.488393 evap=2.535620 backs=0.330733
t=  318.00 -5.39e-16 | 1.6626 14.98  20224    0      0      0 | 1.4032 14.72 | 0.00e+00 4.23e-02 |   0.2667 0.0889  0.8144  3.4173 0.500 15.50 | PAIR-CHANNEL-DEAD
# CONVTAG t=318.00 rough=0.000000 cond=0.488393 evap=2.535620 backs=0.330733
# QATOM t=319.90 dir=FD w=1.580927 e=0.28935419845
t=  320.00 -5.39e-16 | 1.6629 14.98  20218    0      0      0 | 1.4031 14.71 | 0.00e+00 3.50e-02 |   0.2400 0.0800  1.1098  3.3441 0.500 16.00 | PAIR-CHANNEL-DEAD
# CONVTAG t=320.00 rough=0.000000 cond=0.488393 evap=2.535620 backs=0.330733
t=  322.00 -4.04e-16 | 1.6631 14.97  20216    0      0      0 | 1.4030 14.71 | 0.00e+00 4.66e-02 |   0.2202 0.0734  1.1617  3.3232 0.500 16.00 | PAIR-CHANNEL-DEAD
# CONVTAG t=322.00 rough=0.000000 cond=0.488393 evap=2.535620 backs=0.330733
t=  324.00 -4.04e-16 | 1.6633 14.96  20199    0      0      0 | 1.4028 14.71 | 0.00e+00 4.90e-02 |   0.2140 0.0713  1.0912  3.6906 0.500 16.00 | PAIR-CHANNEL-DEAD
# CONVTAG t=324.00 rough=0.000000 cond=0.488393 evap=2.535620 backs=0.330733
# QATOM t=325.74 dir=FD w=1.56559686 e=0.286548350203
t=  326.00 -4.04e-16 | 1.6637 14.99  20234    0      0      0 | 1.4033 14.72 | 0.00e+00 4.53e-02 |   0.2244 0.0748  1.2631  3.2828 0.500 16.00 | PAIR-CHANNEL-DEAD
# CONVTAG t=326.00 rough=0.000000 cond=0.488393 evap=2.535620 backs=0.330733
t=  328.00 -4.04e-16 | 1.6634 15.00  20246    0      0      0 | 1.4034 14.72 | 0.00e+00 4.48e-02 |   0.2446 0.0815  1.0507  3.3452 0.500 16.00 | PAIR-CHANNEL-DEAD
# CONVTAG t=328.00 rough=0.000000 cond=0.488393 evap=2.535620 backs=0.330733
t=  330.00 -4.04e-16 | 1.6631 14.99  20238    0      0      0 | 1.4033 14.71 | 0.00e+00 3.47e-02 |   0.2445 0.0815  0.8982  4.0514 0.500 16.00 | PAIR-CHANNEL-DEAD
# CONVTAG t=330.00 rough=0.000000 cond=0.488393 evap=2.535620 backs=0.330733
t=  332.00 -4.04e-16 | 1.6631 15.00  20253    0      0      0 | 1.4035 14.72 | 0.00e+00 5.00e-02 |   0.2517 0.0839  1.0126  3.3711 0.500 16.00 | PAIR-CHANNEL-DEAD
# CONVTAG t=332.00 rough=0.000000 cond=0.488393 evap=2.535620 backs=0.330733
# QATOM t=332.60 dir=DF w=2.23124036 e=0.408379872574
t=  334.00 -4.04e-16 | 1.6631 14.99  20242    0      0      0 | 1.4034 14.72 | 0.00e+00 4.52e-02 |   0.2705 0.0902  1.0654  3.3526 0.500 16.00 | PAIR-CHANNEL-DEAD
# CONVTAG t=334.00 rough=0.000000 cond=0.488393 evap=2.535620 backs=0.330733
t=  336.00 -4.04e-16 | 1.6633 15.00  20247    0      0      0 | 1.4034 14.71 | 0.00e+00 3.69e-02 |   0.3405 0.1135  0.4688  3.4770 0.500 16.00 | PAIR-CHANNEL-DEAD
# CONVTAG t=336.00 rough=0.000000 cond=0.488393 evap=2.535620 backs=0.330733
t=  338.00 -4.04e-16 | 1.6634 14.99  20230    0      0      0 | 1.4032 14.71 | 0.00e+00 5.00e-02 |   0.3424 0.1141  0.4042  3.4961 0.500 16.00 | PAIR-CHANNEL-DEAD
# CONVTAG t=338.00 rough=0.000000 cond=0.488393 evap=2.535620 backs=0.330733
# QATOM t=339.38 dir=FD w=1.22488689 e=0.224188824179
t=  340.00 -4.04e-16 | 1.6629 14.97  20216    0      0      0 | 1.4031 14.71 | 0.00e+00 3.52e-02 |   0.3036 0.1012  0.7159  3.4211 0.500 16.00 | PAIR-CHANNEL-DEAD
# CONVTAG t=340.00 rough=0.000000 cond=0.488393 evap=2.535620 backs=0.330733
t=  342.00 -4.04e-16 | 1.6633 14.97  20215    0      0      0 | 1.4030 14.71 | 0.00e+00 4.32e-02 |   0.3025 0.1008  0.6877  3.4431 0.500 16.00 | PAIR-CHANNEL-DEAD
# CONVTAG t=342.00 rough=0.000000 cond=0.488393 evap=2.535620 backs=0.330733
t=  344.00 -4.04e-16 | 1.6634 14.97  20212    0      0      0 | 1.4029 14.70 | 0.00e+00 5.00e-02 |   0.2910 0.0970  0.5516  3.4638 0.500 16.00 | PAIR-CHANNEL-DEAD
# CONVTAG t=344.00 rough=0.000000 cond=0.488393 evap=2.535620 backs=0.330733
# QATOM t=344.48 dir=DF w=2.47466491 e=0.45293342642
t=  346.00 -4.04e-16 | 1.6635 14.98  20226    0      0      0 | 1.4031 14.71 | 0.00e+00 4.29e-02 |   0.2682 0.0894  0.5091  3.4660 0.500 16.00 | PAIR-CHANNEL-DEAD
# CONVTAG t=346.00 rough=0.000000 cond=0.488393 evap=2.535620 backs=0.330733
t=  348.00 -4.04e-16 | 1.6629 14.97  20205    0      0      0 | 1.4028 14.70 | 0.00e+00 4.29e-02 |   0.2244 0.0748  0.7151  3.4296 0.500 16.00 | PAIR-CHANNEL-DEAD
# CONVTAG t=348.00 rough=0.000000 cond=0.488393 evap=2.535620 backs=0.330733
t=  350.00 -4.04e-16 | 1.6631 14.97  20208    0      0      0 | 1.4028 14.70 | 0.00e+00 3.94e-02 |   0.1676 0.0559  0.6797  3.4418 0.500 16.00 | PAIR-CHANNEL-DEAD
# CONVTAG t=350.00 rough=0.000000 cond=0.488393 evap=2.535620 backs=0.330733
# QATOM t=350.06 dir=FD w=1.64230017 e=0.300587217766
t=  352.00 -4.04e-16 | 1.6631 14.97  20206    0      0      0 | 1.4028 14.70 | 0.00e+00 3.71e-02 |   0.1409 0.0470  0.3853  4.1098 0.500 16.00 | PAIR-CHANNEL-DEAD
# CONVTAG t=352.00 rough=0.000000 cond=0.488393 evap=2.535620 backs=0.330733
t=  354.00 -4.04e-16 | 1.6630 14.98  20225    0      0      0 | 1.4031 14.71 | 0.00e+00 4.25e-02 |   0.1124 0.0375  0.3246  3.7841 0.500 16.00 | PAIR-CHANNEL-DEAD
# CONVTAG t=354.00 rough=0.000000 cond=0.488393 evap=2.535620 backs=0.330733
# QATOM t=355.58 dir=FD w=1.53981901 e=0.281830277406
t=  356.00 -4.04e-16 | 1.6630 14.99  20232    0      0      0 | 1.4032 14.71 | 0.00e+00 3.76e-02 |   0.1131 0.0377  0.6750  3.6831 0.500 16.00 | PAIR-CHANNEL-DEAD
# CONVTAG t=356.00 rough=0.000000 cond=0.488393 evap=2.535620 backs=0.330733
t=  358.00 -4.04e-16 | 1.6635 15.00  20254    0      0      0 | 1.4035 14.71 | 0.00e+00 4.63e-02 |   0.1109 0.0370  0.9649  3.5484 0.500 16.00 | PAIR-CHANNEL-DEAD
# CONVTAG t=358.00 rough=0.000000 cond=0.488393 evap=2.535620 backs=0.330733
t=  360.00 -4.04e-16 | 1.6632 15.00  20246    0      0      0 | 1.4033 14.71 | 0.00e+00 3.54e-02 |   0.1315 0.0438  1.3564  3.3583 0.500 16.00 | PAIR-CHANNEL-DEAD
# CONVTAG t=360.00 rough=0.000000 cond=0.488393 evap=2.535620 backs=0.330733
# QATOM t=360.94 dir=FD w=1.55409916 e=0.284443948574
t=  362.00 -4.04e-16 | 1.6631 15.00  20249    0      0      0 | 1.4034 14.71 | 0.00e+00 4.57e-02 |   0.1087 0.0362  1.0179  3.5829 0.500 15.50 | PAIR-CHANNEL-DEAD
# CONVTAG t=362.00 rough=0.000000 cond=0.488393 evap=2.535620 backs=0.330733
t=  364.00 -4.04e-16 | 1.6632 15.00  20245    0      0      0 | 1.4033 14.71 | 0.00e+00 3.84e-02 |   0.1069 0.0356  1.1158  3.5426 0.500 16.00 | PAIR-CHANNEL-DEAD
# CONVTAG t=364.00 rough=0.000000 cond=0.488393 evap=2.535620 backs=0.330733
t=  366.00 -4.04e-16 | 1.6633 14.99  20240    0      0      0 | 1.4032 14.71 | 0.00e+00 4.30e-02 |   0.1048 0.0349  1.3736  3.3967 0.500 16.00 | PAIR-CHANNEL-DEAD
# CONVTAG t=366.00 rough=0.000000 cond=0.488393 evap=2.535620 backs=0.330733
# QATOM t=366.66 dir=DF w=2.43536885 e=0.445741139557
t=  368.00 -4.04e-16 | 1.6634 14.99  20239    0      0      0 | 1.4033 14.71 | 0.00e+00 5.00e-02 |   0.1143 0.0381  1.8167  3.0822 0.500 16.00 | PAIR-CHANNEL-DEAD
# CONVTAG t=368.00 rough=0.000000 cond=0.488393 evap=2.535620 backs=0.330733
t=  370.00 -4.04e-16 | 1.6635 14.98  20228    0      0      0 | 1.4031 14.71 | 0.00e+00 3.53e-02 |   0.0957 0.0319  1.8207  3.1177 0.500 16.00 | PAIR-CHANNEL-DEAD
# CONVTAG t=370.00 rough=0.000000 cond=0.488393 evap=2.535620 backs=0.330733
t=  372.00 -4.04e-16 | 1.6638 14.97  20212    0      0      0 | 1.4029 14.71 | 0.00e+00 4.57e-02 |   0.1053 0.0351  2.1019  2.8467 0.500 16.00 | PAIR-CHANNEL-DEAD
# CONVTAG t=372.00 rough=0.000000 cond=0.488393 evap=2.535620 backs=0.330733
# QATOM t=372.70 dir=DF w=2.24654201 e=0.411180506004
t=  374.00 -4.04e-16 | 1.6641 14.99  20230    0      0      0 | 1.4032 14.71 | 0.00e+00 4.31e-02 |   0.1057 0.0352  2.1586  2.8688 0.500 16.00 | PAIR-CHANNEL-DEAD
# CONVTAG t=374.00 rough=0.000000 cond=0.488393 evap=2.535620 backs=0.330733
t=  376.00 -4.04e-16 | 1.6641 15.00  20250    0      0      0 | 1.4034 14.71 | 0.00e+00 4.16e-02 |   0.1183 0.0394  2.3111  2.6416 0.500 16.00 | PAIR-CHANNEL-DEAD
# CONVTAG t=376.00 rough=0.000000 cond=0.488393 evap=2.535620 backs=0.330733
t=  378.00 -4.04e-16 | 1.6638 15.00  20252    0      0      0 | 1.4035 14.71 | 0.00e+00 4.32e-02 |   0.1306 0.0435  2.3678  3.1072 0.500 16.00 | PAIR-CHANNEL-DEAD
# CONVTAG t=378.00 rough=0.000000 cond=0.488393 evap=2.535620 backs=0.330733
# QATOM t=378.50 dir=DF w=2.37603954 e=0.43488220285
t=  380.00 -5.39e-16 | 1.6635 14.99  20240    0      0      0 | 1.4033 14.72 | 0.00e+00 2.98e-02 |   0.1415 0.0472  2.4260  2.5214 0.500 16.00 | PAIR-CHANNEL-DEAD
# CONVTAG t=380.00 rough=0.000000 cond=0.488393 evap=2.535620 backs=0.330733
t=  382.00 -5.39e-16 | 1.6635 15.01  20264    0      0      0 | 1.4037 14.72 | 0.00e+00 4.02e-02 |   0.1372 0.0457  2.5431  2.3766 0.500 16.00 | PAIR-CHANNEL-DEAD
# CONVTAG t=382.00 rough=0.000000 cond=0.488393 evap=2.535620 backs=0.330733
t=  384.00 -5.39e-16 | 1.6637 14.98  20229    0      0      0 | 1.4032 14.71 | 0.00e+00 3.11e-02 |   0.1411 0.0470  2.7663  2.0696 0.500 16.00 | PAIR-CHANNEL-DEAD
# CONVTAG t=384.00 rough=0.000000 cond=0.488393 evap=2.535620 backs=0.330733
# QATOM t=384.26 dir=FD w=1.62524682 e=0.297465975824
t=  386.00 -4.04e-16 | 1.6634 14.97  20216    0      0      0 | 1.4030 14.71 | 0.00e+00 3.07e-02 |   0.1285 0.0428  2.9953  1.6625 0.500 16.00 | PAIR-CHANNEL-DEAD
# CONVTAG t=386.00 rough=0.000000 cond=0.488393 evap=2.535620 backs=0.330733
t=  388.00 -4.04e-16 | 1.6632 14.96  20197    0      0      0 | 1.4028 14.71 | 0.00e+00 3.77e-02 |   0.0617 0.0206  2.4785  2.4116 0.500 16.00 | PAIR-CHANNEL-DEAD
# CONVTAG t=388.00 rough=0.000000 cond=0.488393 evap=2.535620 backs=0.330733
t=  390.00 -4.04e-16 | 1.6634 14.97  20204    0      0      0 | 1.4029 14.71 | 0.00e+00 4.27e-02 |   0.0631 0.0210  2.1212  2.7721 0.500 16.00 | PAIR-CHANNEL-DEAD
# CONVTAG t=390.00 rough=0.000000 cond=0.488393 evap=2.535620 backs=0.330733
# QATOM t=390.36 dir=FD w=1.56899931 e=0.287171094901
t=  392.00 -4.04e-16 | 1.6635 14.96  20199    0      0      0 | 1.4028 14.71 | 0.00e+00 4.35e-02 |   0.0867 0.0289  2.2308  2.6498 0.500 16.00 | PAIR-CHANNEL-DEAD
# CONVTAG t=392.00 rough=0.000000 cond=0.488393 evap=2.535620 backs=0.330733
t=  394.00 -4.04e-16 | 1.6637 14.96  20194    0      0      0 | 1.4027 14.71 | 0.00e+00 3.76e-02 |   0.1546 0.0515  2.6207  2.2521 0.500 16.00 | PAIR-CHANNEL-DEAD
# CONVTAG t=394.00 rough=0.000000 cond=0.488393 evap=2.535620 backs=0.330733
# QATOM t=395.94 dir=FD w=1.62665248 e=0.297723250717
t=  396.00 -4.04e-16 | 1.6636 14.98  20220    0      0      0 | 1.4031 14.71 | 0.00e+00 3.67e-02 |   0.2062 0.0687  2.5742  2.3136 0.500 16.00 | PAIR-CHANNEL-DEAD
# CONVTAG t=396.00 rough=0.000000 cond=0.488393 evap=2.535620 backs=0.330733
t=  398.00 -4.04e-16 | 1.6636 14.97  20207    0      0      0 | 1.4029 14.71 | 0.00e+00 4.16e-02 |   0.2379 0.0793  2.2496  2.6018 0.500 16.00 | PAIR-CHANNEL-DEAD
# CONVTAG t=398.00 rough=0.000000 cond=0.488393 evap=2.535620 backs=0.330733
t=  400.00 -4.04e-16 | 1.6637 14.97  20205    0      0      0 | 1.4029 14.71 | 0.00e+00 4.46e-02 |   0.2335 0.0778  1.5271  3.1570 0.500 16.00 | PAIR-CHANNEL-DEAD
# CONVTAG t=400.00 rough=0.000000 cond=0.488393 evap=2.535620 backs=0.330733
# QATOM t=401.58 dir=DF w=2.26347001 e=0.41427880589
t=  402.00 -4.04e-16 | 1.6639 14.97  20214    0      0      0 | 1.4030 14.71 | 0.00e+00 3.53e-02 |   0.2577 0.0859  1.0239  3.4139 0.500 15.50 | PAIR-CHANNEL-DEAD
# CONVTAG t=402.00 rough=0.000000 cond=0.488393 evap=2.535620 backs=0.330733
t=  404.00 -4.04e-16 | 1.6641 14.96  20195    0      0      0 | 1.4028 14.72 | 0.00e+00 4.18e-02 |   0.3292 0.1097  1.2014  3.2892 0.500 15.50 | PAIR-CHANNEL-DEAD
# CONVTAG t=404.00 rough=0.000000 cond=0.488393 evap=2.535620 backs=0.330733
t=  406.00 -4.04e-16 | 1.6643 15.00  20244    0      0      0 | 1.4035 14.72 | 0.00e+00 4.87e-02 |   0.3455 0.1152  1.0245  3.3657 0.500 16.00 | PAIR-CHANNEL-DEAD
# CONVTAG t=406.00 rough=0.000000 cond=0.488393 evap=2.535620 backs=0.330733
# QATOM t=406.56 dir=DF w=2.2739167 e=0.416190846266
t=  408.00 -4.04e-16 | 1.6647 14.99  20237    0      0      0 | 1.4034 14.72 | 0.00e+00 4.57e-02 |   0.3799 0.1266  0.6150  3.5095 0.500 16.00 | PAIR-CHANNEL-DEAD
# CONVTAG t=408.00 rough=0.000000 cond=0.488393 evap=2.535620 backs=0.330733
t=  410.00 -4.04e-16 | 1.6643 14.99  20233    0      0      0 | 1.4033 14.72 | 0.00e+00 4.38e-02 |   0.5014 0.1671  0.5085  3.4951 0.500 15.50 | PAIR-CHANNEL-DEAD
# CONVTAG t=410.00 rough=0.000000 cond=0.488393 evap=2.535620 backs=0.330733
t=  412.00 -4.04e-16 | 1.6641 14.99  20235    0      0      0 | 1.4033 14.72 | 0.00e+00 4.83e-02 |   0.5494 0.1831  0.4116  3.5167 0.500 15.00 | PAIR-CHANNEL-DEAD
# CONVTAG t=412.00 rough=0.000000 cond=0.488393 evap=2.535620 backs=0.330733
# QATOM t=412.44 dir=FD w=1.60308956 e=0.293410571448
t=  414.00 -4.04e-16 | 1.6641 14.99  20233    0      0      0 | 1.4033 14.72 | 0.00e+00 3.20e-02 |   0.5099 0.1700  1.3754  3.3884 0.500 15.00 | PAIR-CHANNEL-DEAD
# CONVTAG t=414.00 rough=0.000000 cond=0.488393 evap=2.535620 backs=0.330733
t=  416.00 -4.04e-16 | 1.6642 14.98  20218    0      0      0 | 1.4031 14.72 | 0.00e+00 4.16e-02 |   0.5136 0.1712  1.8941  3.3346 0.500 15.50 | PAIR-CHANNEL-DEAD
# CONVTAG t=416.00 rough=0.000000 cond=0.488393 evap=2.535620 backs=0.330733
t=  418.00 -4.04e-16 | 1.6643 14.97  20210    0      0      0 | 1.4030 14.72 | 0.00e+00 4.89e-02 |   0.5392 0.1797  2.6980  2.9380 0.500 15.00 | PAIR-CHANNEL-DEAD
# CONVTAG t=418.00 rough=0.000000 cond=0.488393 evap=2.535620 backs=0.330733
# QATOM t=418.08 dir=FD w=1.61992947 e=0.296492750548
t=  420.00 -4.04e-16 | 1.6647 14.98  20224    0      0      0 | 1.4032 14.72 | 0.00e+00 3.35e-02 |   0.7293 0.2431  2.5858  2.9083 0.500 15.00 | PAIR-CHANNEL-DEAD
# CONVTAG t=420.00 rough=0.000000 cond=0.488393 evap=2.535620 backs=0.330733
t=  422.00 -4.04e-16 | 1.6645 14.99  20234    0      0      0 | 1.4033 14.72 | 0.00e+00 5.00e-02 |   0.9157 0.3052  2.5965  2.8354 0.500 15.00 | PAIR-CHANNEL-DEAD
# CONVTAG t=422.00 rough=0.000000 cond=0.488393 evap=2.535620 backs=0.330733
t=  424.00 -4.04e-16 | 1.6643 14.98  20219    0      0      0 | 1.4031 14.71 | 0.00e+00 3.98e-02 |   0.8996 0.2999  2.8949  2.5707 0.500 15.00 | PAIR-CHANNEL-DEAD
# CONVTAG t=424.00 rough=0.000000 cond=0.488393 evap=2.535620 backs=0.330733
# QATOM t=424.02 dir=DF w=2.51043304 e=0.459480002099
t=  426.00 -4.04e-16 | 1.6641 14.99  20238    0      0      0 | 1.4034 14.72 | 0.00e+00 4.50e-02 |   0.1540 0.0513  2.2573  2.6529 0.500 15.00 | PAIR-CHANNEL-DEAD
# CONVTAG t=426.00 rough=0.000000 cond=0.488393 evap=3.301881 backs=0.430680
t=  428.00 -4.04e-16 | 1.6640 14.98  20221    0      0      0 | 1.4031 14.72 | 0.00e+00 3.93e-02 |   0.2423 0.0808  2.7598  2.0204 0.500 15.00 | PAIR-CHANNEL-DEAD
# CONVTAG t=428.00 rough=0.000000 cond=0.488393 evap=3.301881 backs=0.430680
t=  430.00 -5.39e-16 | 1.6641 14.98  20224    0      0      0 | 1.4032 14.72 | 0.00e+00 4.05e-02 |   0.2307 0.0769  2.8111  1.9447 0.500 15.50 | PAIR-CHANNEL-DEAD
# CONVTAG t=430.00 rough=0.000000 cond=0.488393 evap=3.301881 backs=0.430680
# QATOM t=430.02 dir=DF w=2.47881358 e=0.453692750298
t=  432.00 -5.39e-16 | 1.6642 15.00  20251    0      0      0 | 1.4035 14.72 | 0.00e+00 3.33e-02 |   0.2362 0.0787  2.9707  2.2347 0.500 15.50 | PAIR-CHANNEL-DEAD
# CONVTAG t=432.00 rough=0.000000 cond=0.488393 evap=3.301881 backs=0.430680
t=  434.00 -4.04e-16 | 1.6646 15.01  20264    0      0      0 | 1.4037 14.73 | 0.00e+00 3.26e-02 |   0.2644 0.0881  3.1408  1.3256 0.500 15.00 | PAIR-CHANNEL-DEAD
# CONVTAG t=434.00 rough=0.000000 cond=0.488393 evap=3.301881 backs=0.430680
# QATOM t=435.66 dir=FD w=1.63709719 e=0.299634927225
t=  436.00 -4.04e-16 | 1.6647 15.01  20265    0      0      0 | 1.4037 14.73 | 0.00e+00 5.00e-02 |   0.1734 0.0578  2.9787  1.6685 0.500 15.00 | PAIR-CHANNEL-DEAD
# CONVTAG t=436.00 rough=0.000000 cond=0.488393 evap=3.301881 backs=0.430680
t=  438.00 -4.04e-16 | 1.6647 15.02  20278    0      0      0 | 1.4040 14.73 | 0.00e+00 3.32e-02 |   0.2415 0.0805  3.1244  1.3654 0.500 15.50 | PAIR-CHANNEL-DEAD
# CONVTAG t=438.00 rough=0.000000 cond=0.488393 evap=3.301881 backs=0.430680
t=  440.00 -4.04e-16 | 1.6647 15.03  20296    0      0      0 | 1.4042 14.73 | 0.00e+00 4.93e-02 |   0.5686 0.1895  0.9858  3.9120 0.500 15.50 | PAIR-CHANNEL-DEAD
# CONVTAG t=440.00 rough=0.000000 cond=0.789205 evap=3.301881 backs=0.430680
# QATOM t=441.36 dir=DF w=2.34798515 e=0.42974745948
t=  442.00 -4.04e-16 | 1.6650 15.02  20279    0      0      0 | 1.4040 14.73 | 0.00e+00 4.10e-02 |   0.5425 0.1808  0.9526  3.4313 0.500 15.50 | PAIR-CHANNEL-DEAD
# CONVTAG t=442.00 rough=0.000000 cond=0.789205 evap=3.301881 backs=0.430680
t=  444.00 -4.04e-16 | 1.6648 15.02  20271    0      0      0 | 1.4039 14.73 | 0.00e+00 4.43e-02 |   0.5447 0.1816  0.7996  3.4641 0.500 14.50 | PAIR-CHANNEL-DEAD
# CONVTAG t=444.00 rough=0.000000 cond=0.789205 evap=3.301881 backs=0.430680
t=  446.00 -4.04e-16 | 1.6649 15.01  20263    0      0      0 | 1.4037 14.73 | 0.00e+00 5.00e-02 |   0.5899 0.1966  0.5283  3.4748 0.500 15.00 | PAIR-CHANNEL-DEAD
# CONVTAG t=446.00 rough=0.000000 cond=0.789205 evap=3.301881 backs=0.430680
# QATOM t=447.38 dir=DF w=2.31920466 e=0.424479818928
t=  448.00 -4.04e-16 | 1.6649 15.03  20287    0      0      0 | 1.4041 14.73 | 0.00e+00 4.34e-02 |   0.5275 0.1758  0.8590  3.4064 0.500 15.00 | PAIR-CHANNEL-DEAD
# CONVTAG t=448.00 rough=0.000000 cond=0.789205 evap=3.301881 backs=0.430680
t=  450.00 -4.04e-16 | 1.6646 15.03  20291    0      0      0 | 1.4041 14.73 | 0.00e+00 3.83e-02 |   0.5282 0.1761  0.7896  3.4091 0.500 15.00 | PAIR-CHANNEL-DEAD
# CONVTAG t=450.00 rough=0.000000 cond=0.789205 evap=3.301881 backs=0.430680
t=  452.00 -4.04e-16 | 1.6644 15.01  20267    0      0      0 | 1.4038 14.72 | 0.00e+00 5.00e-02 |   0.4727 0.1576  1.0956  3.3548 0.500 15.50 | PAIR-CHANNEL-DEAD
# CONVTAG t=452.00 rough=0.000000 cond=0.789205 evap=3.301881 backs=0.430680
# QATOM t=453.24 dir=FD w=1.6257379 e=0.297555857135
t=  454.00 -4.04e-16 | 1.6645 14.99  20238    0      0      0 | 1.4034 14.72 | 0.00e+00 4.09e-02 |   0.4727 0.1576  0.9738  3.3848 0.500 15.50 | PAIR-CHANNEL-DEAD
# CONVTAG t=454.00 rough=0.000000 cond=0.789205 evap=3.301881 backs=0.430680
t=  456.00 -4.04e-16 | 1.6646 15.00  20253    0      0      0 | 1.4036 14.72 | 0.00e+00 4.37e-02 |   0.4996 0.1665  0.8661  3.4073 0.500 15.00 | PAIR-CHANNEL-DEAD
# CONVTAG t=456.00 rough=0.000000 cond=0.789205 evap=3.301881 backs=0.430680
t=  458.00 -4.04e-16 | 1.6645 14.99  20242    0      0      0 | 1.4034 14.72 | 0.00e+00 3.91e-02 |   0.5303 0.1768  0.8914  3.3950 0.500 15.00 | PAIR-CHANNEL-DEAD
# CONVTAG t=458.00 rough=0.000000 cond=0.789205 evap=3.301881 backs=0.430680
# QATOM t=458.76 dir=FD w=1.64916495 e=0.301843665972
t=  460.00 -4.04e-16 | 1.6647 15.00  20251    0      0      0 | 1.4036 14.73 | 0.00e+00 4.13e-02 |   0.5153 0.1718  1.0805  3.3395 0.500 15.00 | PAIR-CHANNEL-DEAD
# CONVTAG t=460.00 rough=0.000000 cond=0.789205 evap=3.301881 backs=0.430680
t=  462.00 -4.04e-16 | 1.6650 15.01  20264    0      0      0 | 1.4038 14.73 | 0.00e+00 3.93e-02 |   0.4306 0.1435  1.5377  4.0191 0.500 15.00 | PAIR-CHANNEL-DEAD
# CONVTAG t=462.00 rough=0.000000 cond=0.789205 evap=3.301881 backs=0.430680
t=  464.00 -4.04e-16 | 1.6648 15.02  20277    0      0      0 | 1.4039 14.73 | 0.00e+00 4.61e-02 |   0.4424 0.1475  0.3877  3.4769 0.500 15.00 | PAIR-CHANNEL-DEAD
# CONVTAG t=464.00 rough=0.000000 cond=0.789205 evap=3.301881 backs=0.430680
# QATOM t=464.06 dir=DF w=2.65263941 e=0.485507776138
t=  466.00 -4.04e-16 | 1.6647 15.01  20258    0      0      0 | 1.4037 14.73 | 0.00e+00 4.72e-02 |   0.3593 0.1198  0.5906  3.4315 0.500 14.50 | PAIR-CHANNEL-DEAD
# CONVTAG t=466.00 rough=0.000000 cond=0.789205 evap=3.301881 backs=0.430680
t=  468.00 -4.04e-16 | 1.6647 14.99  20235    0      0      0 | 1.4033 14.72 | 0.00e+00 4.21e-02 |   0.3816 0.1272  0.6848  3.4126 0.500 15.00 | PAIR-CHANNEL-DEAD
# CONVTAG t=468.00 rough=0.000000 cond=0.789205 evap=3.301881 backs=0.430680
# QATOM t=468.84 dir=FD w=1.62551375 e=0.297514830067
t=  470.00 -4.04e-16 | 1.6644 15.00  20244    0      0      0 | 1.4034 14.72 | 0.00e+00 4.22e-02 |   0.4183 0.1394  0.4157  3.4632 0.500 15.00 | PAIR-CHANNEL-DEAD
# CONVTAG t=470.00 rough=0.000000 cond=0.789205 evap=3.301881 backs=0.430680
t=  472.00 -4.04e-16 | 1.6645 15.00  20255    0      0      0 | 1.4035 14.71 | 0.00e+00 3.63e-02 |   0.4238 0.1413  0.3155  3.4620 0.500 15.50 | PAIR-CHANNEL-DEAD
# CONVTAG t=472.00 rough=0.000000 cond=0.789205 evap=3.301881 backs=0.430680
t=  474.00 -4.04e-16 | 1.6645 15.01  20270    0      0      0 | 1.4038 14.73 | 0.00e+00 4.42e-02 |   0.3984 0.1328  0.3256  3.4817 0.500 15.50 | PAIR-CHANNEL-DEAD
# CONVTAG t=474.00 rough=0.000000 cond=0.789205 evap=3.301881 backs=0.430680
# QATOM t=474.22 dir=DF w=2.39282379 e=0.437954193771
t=  476.00 -4.04e-16 | 1.6647 15.03  20291    0      0      0 | 1.4041 14.73 | 0.00e+00 4.24e-02 |   0.4132 0.1377  0.3853  3.4612 0.500 15.50 | PAIR-CHANNEL-DEAD
# CONVTAG t=476.00 rough=0.000000 cond=0.789205 evap=3.301881 backs=0.430680
t=  478.00 -4.04e-16 | 1.6648 15.03  20297    0      0      0 | 1.4042 14.73 | 0.00e+00 5.00e-02 |   0.4822 0.1607  0.4440  3.4478 0.500 15.50 | PAIR-CHANNEL-DEAD
# CONVTAG t=478.00 rough=0.000000 cond=0.789205 evap=3.301881 backs=0.430680
t=  480.00 -4.04e-16 | 1.6644 15.02  20276    0      0      0 | 1.4039 14.73 | 0.00e+00 5.00e-02 |   0.5062 0.1687  0.3292  3.4644 0.500 15.50 | PAIR-CHANNEL-DEAD
# CONVTAG t=480.00 rough=0.000000 cond=0.789205 evap=3.301881 backs=0.430680
#
# RESULT drift_rel -4.044e-16
# RESULT births 0 deaths 0 beta_returns 0 beta_energy 0.000000e+00
# RESULT conv rough=5.901459 cond=2350.524709 evap=0.000000 backs=288.733634 rad=2207.723070
# RESULT convtag rough=0.000000 cond=0.789205 evap=3.301881 backs=0.430680 net=-2.081996
# RESULT geometry phi_nom=1.6644 z_live=15.02 dbar=1.4039 sigma_d=0.1473
# RESULT pair CHANNEL DEAD
