# freecell — v89 free-cell substance test (exp=pair)
# laws = laws_V2g VERBATIM (defaults): C=1 w1=1.65 w2=2.9 q_detune=1.2
# gamma_res=0.25 gamma_res_m=0.1 p_gate=8 lock_floor=0.005 k_dep=1.2 k_dep_m=2 cap=2.5
# e_s0=1 es_floor=0.05 e_cond=0 f_conv=0.25 f_evap=0.5 s_pull=0.15
# kappa_lock=1 kappa_align=0.5 s_k=0.06 s_disp=0.3 sigma_tumble=0.01
# comb_limit=6 rough_k=0.35 gamma_rough=0.5 mob_sym=1 mob_floor=0.004 field_J=1.8
# quant_A0=1.15 quant_mode=2 (A0eff=1.15)
# v91 radiance (laws_V3r candidate A): k_rad=0 p_rad=4 rad_clock=0
# GEOMETRY (apparatus): cfac=1.15 k_rep=1 mob_geo=1 kappa_bond=1 freeze_geo=1
# bath=1 bath_frac=1 jam_sweeps=800 jam_k=0.1 L=16 dt=0.02 T=480 seed=314159 diag_every=100
# JAM sweeps=800 max_step=1.563e-04 (tol 1.0e-04, k_end=0.0010) — witness for the settle
# SEED pair: i=1954 j=2109 x=0.8000/0.8000 p:q=1:1 m=1 d*=2.123283 d0=7.000189 (doff +4.8767)
# SEED pair radii r=0.8056 contact=1.5783  Em/voice=2.0000
# SEED noise: amp=0.5 (e1-class churn)
# INIT NC=2689 slots=25741 live=20425 phi_nom=1.6923 z_live=15.19 dbar=1.4079 sigma_d=14.72% E0=3373.314474165
#
# t | drift_rel | phi_nom z_live NLa NLd births deaths | dbar sigma_d% | maxstep maxbond | Em_tag ret com_dev rms conn z_tag | pair: d delta gf gb | core/far
t=    0.00 +0.00e+00 | 1.6923 15.19  20425    0      0      0 | 1.4079 14.72 | 0.00e+00 0.00e+00 |   4.0000 1.0000  0.3347  3.5001 0.500 12.00 | PAIR-CHANNEL-DEAD
# CONVTAG t=0.00 rough=0.000000 cond=0.000000 evap=0.000000 backs=0.000000
t=    2.00 -2.70e-16 | 1.6923 15.13  20349    0      0      0 | 1.4070 14.71 | 0.00e+00 2.67e-06 |   3.9932 0.9983  0.3362  3.5001 0.500 10.00 | PAIR-CHANNEL-DEAD
# CONVTAG t=2.00 rough=0.000000 cond=0.000000 evap=0.000000 backs=0.000000
t=    4.00 -5.39e-16 | 1.6922 15.12  20334    0      0      0 | 1.4068 14.72 | 0.00e+00 2.58e-04 |   3.9758 0.9939  0.3310  3.5000 0.500  9.50 | PAIR-CHANNEL-DEAD
# CONVTAG t=4.00 rough=0.000000 cond=0.000000 evap=0.000000 backs=0.000000
# QATOM t=5.10 dir=FD w=1.64995634 e=0.30198851373
t=    6.00 -6.74e-16 | 1.6921 15.10  20302    0      0      0 | 1.4064 14.72 | 0.00e+00 3.81e-04 |   3.9538 0.9885  0.3202  3.5000 0.500  9.50 | PAIR-CHANNEL-DEAD
# CONVTAG t=6.00 rough=0.000000 cond=0.000000 evap=0.000000 backs=0.000000
t=    8.00 -8.09e-16 | 1.6920 15.11  20315    0      0      0 | 1.4067 14.73 | 0.00e+00 1.89e-04 |   3.9385 0.9846  0.3136  3.5000 0.500  7.50 | PAIR-CHANNEL-DEAD
# CONVTAG t=8.00 rough=0.000000 cond=0.000000 evap=0.000000 backs=0.000000
t=   10.00 -8.09e-16 | 1.6918 15.11  20315    0      0      0 | 1.4067 14.72 | 0.00e+00 3.52e-04 |   3.9223 0.9806  0.3068  3.4999 0.500  7.00 | PAIR-CHANNEL-DEAD
# CONVTAG t=10.00 rough=0.000000 cond=0.000000 evap=0.000000 backs=0.000000
t=   12.00 -8.09e-16 | 1.6904 15.08  20274    0      0      0 | 1.4062 14.72 | 0.00e+00 7.05e-04 |   3.9081 0.9770  0.3012  3.4998 0.500  7.00 | PAIR-CHANNEL-DEAD
# CONVTAG t=12.00 rough=0.000000 cond=0.000000 evap=0.000000 backs=0.000000
t=   14.00 -8.09e-16 | 1.6894 15.05  20240    0      0      0 | 1.4056 14.71 | 0.00e+00 3.41e-03 |   3.8987 0.9747  0.2989  3.4998 0.500  7.50 | PAIR-CHANNEL-DEAD
# CONVTAG t=14.00 rough=0.000000 cond=0.000000 evap=0.000000 backs=0.000000
t=   16.00 -8.09e-16 | 1.6879 15.03  20213    0      0      0 | 1.4053 14.71 | 0.00e+00 1.18e-02 |   3.8901 0.9725  0.2958  3.4997 0.500  7.00 | PAIR-CHANNEL-DEAD
# CONVTAG t=16.00 rough=0.000000 cond=0.000000 evap=0.000000 backs=0.000000
# QATOM t=17.24 dir=FD w=1.64988117 e=0.301974755374
t=   18.00 -8.09e-16 | 1.6856 15.00  20167    0      0      0 | 1.4047 14.70 | 0.00e+00 1.12e-02 |   3.8815 0.9704  0.2917  3.4997 0.500  7.00 | PAIR-CHANNEL-DEAD
# CONVTAG t=18.00 rough=0.000000 cond=0.000000 evap=0.000000 backs=0.000000
t=   20.00 -8.09e-16 | 1.6838 14.98  20143    0      0      0 | 1.4044 14.71 | 0.00e+00 1.57e-02 |   3.8747 0.9687  0.2886  3.4996 0.500  7.00 | PAIR-CHANNEL-DEAD
# CONVTAG t=20.00 rough=0.000000 cond=0.000000 evap=0.000000 backs=0.000000
# QATOM t=21.96 dir=FD w=1.64979375 e=0.301958755652
t=   22.00 -8.09e-16 | 1.6812 14.98  20141    0      0      0 | 1.4044 14.70 | 0.00e+00 1.68e-02 |   3.8654 0.9664  0.2856  3.4995 0.500  7.00 | PAIR-CHANNEL-DEAD
# CONVTAG t=22.00 rough=0.000000 cond=0.000000 evap=0.000000 backs=0.000000
t=   24.00 -8.09e-16 | 1.6780 14.95  20103    0      0      0 | 1.4038 14.69 | 0.00e+00 1.78e-02 |   4.0135 1.0034  0.4011  3.4992 0.500  7.00 | PAIR-CHANNEL-DEAD
# CONVTAG t=24.00 rough=0.000000 cond=0.158033 evap=0.000000 backs=0.000000
# QATOM t=25.72 dir=FD w=1.64969902 e=0.301941416096
t=   26.00 -8.09e-16 | 1.6752 14.92  20057    0      0      0 | 1.4032 14.69 | 0.00e+00 1.75e-02 |   4.1640 1.0410  0.2676  3.4989 0.500  7.00 | PAIR-CHANNEL-DEAD
# CONVTAG t=26.00 rough=0.000000 cond=0.313843 evap=0.000000 backs=0.000000
t=   28.00 -8.09e-16 | 1.6725 14.91  20040    0      0      0 | 1.4030 14.69 | 0.00e+00 2.22e-02 |   4.1163 1.0291  0.2709  3.4991 0.500  7.00 | PAIR-CHANNEL-DEAD
# CONVTAG t=28.00 rough=0.000000 cond=0.313843 evap=0.000000 backs=0.000000
# QATOM t=29.94 dir=FD w=1.42535459 e=0.260880063043
t=   30.00 -8.09e-16 | 1.6699 14.86  19974    0      0      0 | 1.4021 14.68 | 0.00e+00 2.39e-02 |   4.0748 1.0187  0.2832  3.4997 0.500  7.00 | PAIR-CHANNEL-DEAD
# CONVTAG t=30.00 rough=0.000000 cond=0.313843 evap=0.000000 backs=0.000000
t=   32.00 -8.09e-16 | 1.6675 14.82  19928    0      0      0 | 1.4015 14.67 | 0.00e+00 2.28e-02 |   4.0385 1.0096  0.2738  3.5026 0.500  7.00 | PAIR-CHANNEL-DEAD
# CONVTAG t=32.00 rough=0.000000 cond=0.313843 evap=0.000000 backs=0.000000
t=   34.00 -8.09e-16 | 1.6644 14.81  19906    0      0      0 | 1.4012 14.67 | 0.00e+00 2.89e-02 |   4.0037 1.0009  0.2644  3.5017 0.500  7.00 | PAIR-CHANNEL-DEAD
# CONVTAG t=34.00 rough=0.000000 cond=0.313843 evap=0.000000 backs=0.000000
# QATOM t=34.16 dir=FD w=1.64810807 e=0.301650228254
t=   36.00 -8.09e-16 | 1.6620 14.78  19876    0      0      0 | 1.4007 14.66 | 0.00e+00 2.84e-02 |   3.9896 0.9974  0.2601  3.4999 0.500  7.00 | PAIR-CHANNEL-DEAD
# CONVTAG t=36.00 rough=0.000000 cond=0.313843 evap=0.000000 backs=0.000000
t=   38.00 -6.74e-16 | 1.6602 14.75  19836    0      0      0 | 1.4002 14.65 | 0.00e+00 3.54e-02 |   3.9864 0.9966  0.2607  3.4989 0.500  7.00 | PAIR-CHANNEL-DEAD
# CONVTAG t=38.00 rough=0.000000 cond=0.313843 evap=0.000000 backs=0.000000
t=   40.00 -6.74e-16 | 1.6590 14.75  19836    0      0      0 | 1.4002 14.65 | 0.00e+00 4.14e-02 |   3.9854 0.9964  0.2613  3.4988 0.500  7.00 | PAIR-CHANNEL-DEAD
# CONVTAG t=40.00 rough=0.000000 cond=0.313843 evap=0.000000 backs=0.000000
# QATOM t=40.50 dir=FD w=1.37931885 e=0.252454225914
t=   42.00 -6.74e-16 | 1.6579 14.72  19796    0      0      0 | 1.3997 14.65 | 0.00e+00 3.15e-02 |   3.9835 0.9959  0.2624  3.4988 0.500  7.00 | PAIR-CHANNEL-DEAD
# CONVTAG t=42.00 rough=0.000000 cond=0.313843 evap=0.000000 backs=0.000000
t=   44.00 -6.74e-16 | 1.6565 14.71  19782    0      0      0 | 1.3995 14.64 | 0.00e+00 3.40e-02 |   3.9823 0.9956  0.2630  3.4989 0.500  7.00 | PAIR-CHANNEL-DEAD
# CONVTAG t=44.00 rough=0.000000 cond=0.313843 evap=0.000000 backs=0.000000
t=   46.00 -8.09e-16 | 1.6552 14.70  19765    0      0      0 | 1.3992 14.64 | 0.00e+00 3.80e-02 |   4.1570 1.0392  0.1927  3.4921 0.500  7.00 | PAIR-CHANNEL-DEAD
# CONVTAG t=46.00 rough=0.000000 cond=0.466290 evap=0.000000 backs=0.000000
t=   48.00 -6.74e-16 | 1.6537 14.68  19734    0      0      0 | 1.3987 14.63 | 0.00e+00 2.76e-02 |   4.1514 1.0378  0.1919  3.4927 0.500  7.00 | PAIR-CHANNEL-DEAD
# CONVTAG t=48.00 rough=0.000000 cond=0.466290 evap=0.000000 backs=0.000000
# QATOM t=49.12 dir=FD w=1.29726943 e=0.237436869137
t=   50.00 -6.74e-16 | 1.6529 14.69  19745    0      0      0 | 1.3989 14.63 | 0.00e+00 3.62e-02 |   4.1340 1.0335  0.1899  3.4929 0.500  7.00 | PAIR-CHANNEL-DEAD
# CONVTAG t=50.00 rough=0.000000 cond=0.466290 evap=0.000000 backs=0.000000
t=   52.00 -6.74e-16 | 1.6523 14.67  19727    0      0      0 | 1.3987 14.63 | 0.00e+00 3.51e-02 |   4.1267 1.0317  0.1893  3.4912 0.500  7.00 | PAIR-CHANNEL-DEAD
# CONVTAG t=52.00 rough=0.000000 cond=0.466290 evap=0.000000 backs=0.000000
t=   54.00 -6.74e-16 | 1.6514 14.67  19728    0      0      0 | 1.3987 14.64 | 0.00e+00 5.00e-02 |   4.1257 1.0314  0.1893  3.4904 0.500  7.00 | PAIR-CHANNEL-DEAD
# CONVTAG t=54.00 rough=0.000000 cond=0.466290 evap=0.000000 backs=0.000000
t=   56.00 -6.74e-16 | 1.6506 14.66  19714    0      0      0 | 1.3985 14.63 | 0.00e+00 3.23e-02 |   4.1229 1.0307  0.1892  3.4904 0.500  7.00 | PAIR-CHANNEL-DEAD
# CONVTAG t=56.00 rough=0.000000 cond=0.466290 evap=0.000000 backs=0.000000
t=   58.00 -6.74e-16 | 1.6499 14.65  19702    0      0      0 | 1.3984 14.63 | 0.00e+00 3.64e-02 |   4.1156 1.0289  0.1887  3.4898 0.500  7.00 | PAIR-CHANNEL-DEAD
# CONVTAG t=58.00 rough=0.000000 cond=0.466290 evap=0.000000 backs=0.000000
t=   60.00 -6.74e-16 | 1.6492 14.66  19707    0      0      0 | 1.3984 14.63 | 0.00e+00 4.06e-02 |   4.1065 1.0266  0.1885  3.4893 0.500  7.00 | PAIR-CHANNEL-DEAD
# CONVTAG t=60.00 rough=0.000000 cond=0.466290 evap=0.000000 backs=0.000000
t=   62.00 -6.74e-16 | 1.6486 14.66  19705    0      0      0 | 1.3984 14.63 | 0.00e+00 3.62e-02 |   4.0945 1.0236  0.1886  3.4887 0.500  7.00 | PAIR-CHANNEL-DEAD
# CONVTAG t=62.00 rough=0.000000 cond=0.466290 evap=0.000000 backs=0.000000
# QATOM t=63.24 dir=FD w=1.34202233 e=0.245627910859
t=   64.00 -6.74e-16 | 1.6481 14.66  19711    0      0      0 | 1.3985 14.63 | 0.00e+00 4.74e-02 |   4.0879 1.0220  0.1888  3.4887 0.500  7.00 | PAIR-CHANNEL-DEAD
# CONVTAG t=64.00 rough=0.000000 cond=0.466290 evap=0.000000 backs=0.000000
t=   66.00 -6.74e-16 | 1.6477 14.65  19702    0      0      0 | 1.3984 14.63 | 0.00e+00 3.51e-02 |   4.0851 1.0213  0.1889  3.4882 0.500  7.00 | PAIR-CHANNEL-DEAD
# CONVTAG t=66.00 rough=0.000000 cond=0.466290 evap=0.000000 backs=0.000000
t=   68.00 -6.74e-16 | 1.6473 14.65  19698    0      0      0 | 1.3983 14.63 | 0.00e+00 3.79e-02 |   4.0840 1.0210  0.1889  3.4882 0.500  7.00 | PAIR-CHANNEL-DEAD
# CONVTAG t=68.00 rough=0.000000 cond=0.466290 evap=0.000000 backs=0.000000
t=   70.00 -6.74e-16 | 1.6470 14.64  19683    0      0      0 | 1.3982 14.64 | 0.00e+00 3.99e-02 |   4.0836 1.0209  0.1889  3.4881 0.500  7.00 | PAIR-CHANNEL-DEAD
# CONVTAG t=70.00 rough=0.000000 cond=0.466290 evap=0.000000 backs=0.000000
t=   72.00 -6.74e-16 | 1.6466 14.63  19669    0      0      0 | 1.3980 14.64 | 0.00e+00 3.46e-02 |   4.2664 1.0666  0.2411  3.4978 0.500  7.00 | PAIR-CHANNEL-DEAD
# CONVTAG t=72.00 rough=0.000000 cond=0.625305 evap=0.000000 backs=0.000000
t=   74.00 -6.74e-16 | 1.6463 14.61  19646    0      0      0 | 1.3976 14.63 | 0.00e+00 2.91e-02 |   4.2657 1.0664  0.2416  3.4979 0.500  7.00 | PAIR-CHANNEL-DEAD
# CONVTAG t=74.00 rough=0.000000 cond=0.625305 evap=0.000000 backs=0.000000
t=   76.00 -6.74e-16 | 1.6459 14.62  19662    0      0      0 | 1.3978 14.63 | 0.00e+00 3.45e-02 |   4.2631 1.0658  0.2422  3.4980 0.500  7.00 | PAIR-CHANNEL-DEAD
# CONVTAG t=76.00 rough=0.000000 cond=0.625305 evap=0.000000 backs=0.000000
t=   78.00 -6.74e-16 | 1.6457 14.63  19672    0      0      0 | 1.3981 14.64 | 0.00e+00 4.58e-02 |   4.4220 1.1055  0.1895  3.4914 0.500  7.00 | PAIR-CHANNEL-DEAD
# CONVTAG t=78.00 rough=0.000000 cond=0.771961 evap=0.000000 backs=0.000000
t=   80.00 -6.74e-16 | 1.6453 14.63  19666    0      0      0 | 1.3980 14.63 | 0.00e+00 3.29e-02 |   4.3986 1.0997  0.1902  3.4918 0.500  7.00 | PAIR-CHANNEL-DEAD
# CONVTAG t=80.00 rough=0.000000 cond=0.771961 evap=0.000000 backs=0.000000
t=   82.00 -6.74e-16 | 1.6450 14.62  19657    0      0      0 | 1.3978 14.63 | 0.00e+00 3.91e-02 |   4.3604 1.0901  0.1958  3.4930 0.500  7.00 | PAIR-CHANNEL-DEAD
# CONVTAG t=82.00 rough=0.000000 cond=0.771961 evap=0.000000 backs=0.000000
t=   84.00 -6.74e-16 | 1.6447 14.62  19650    0      0      0 | 1.3978 14.63 | 0.00e+00 4.84e-02 |   4.3450 1.0862  0.1957  3.4929 0.500  7.00 | PAIR-CHANNEL-DEAD
# CONVTAG t=84.00 rough=0.000000 cond=0.771961 evap=0.000000 backs=0.000000
t=   86.00 -6.74e-16 | 1.6446 14.61  19648    0      0      0 | 1.3978 14.63 | 0.00e+00 3.96e-02 |   4.3271 1.0818  0.1933  3.4922 0.500  7.00 | PAIR-CHANNEL-DEAD
# CONVTAG t=86.00 rough=0.000000 cond=0.771961 evap=0.000000 backs=0.000000
t=   88.00 -6.74e-16 | 1.6443 14.60  19632    0      0      0 | 1.3976 14.63 | 0.00e+00 4.48e-02 |   4.3172 1.0793  0.1924  3.4920 0.500  7.00 | PAIR-CHANNEL-DEAD
# CONVTAG t=88.00 rough=0.000000 cond=0.771961 evap=0.000000 backs=0.000000
# QATOM t=89.18 dir=FD w=1.64963112 e=0.603857979299
t=   90.00 -6.74e-16 | 1.6439 14.59  19618    0      0      0 | 1.3974 14.63 | 0.00e+00 3.72e-02 |   4.3118 1.0779  0.1917  3.4917 0.500  7.00 | PAIR-CHANNEL-DEAD
# CONVTAG t=90.00 rough=0.000000 cond=0.771961 evap=0.000000 backs=0.000000
t=   92.00 -6.74e-16 | 1.6437 14.58  19602    0      0      0 | 1.3972 14.63 | 0.00e+00 4.93e-02 |   4.3090 1.0772  0.1915  3.4918 0.500  7.00 | PAIR-CHANNEL-DEAD
# CONVTAG t=92.00 rough=0.000000 cond=0.771961 evap=0.000000 backs=0.000000
t=   94.00 -6.74e-16 | 1.6437 14.57  19595    0      0      0 | 1.3971 14.63 | 0.00e+00 4.98e-02 |   4.3042 1.0761  0.1912  3.4921 0.500  7.00 | PAIR-CHANNEL-DEAD
# CONVTAG t=94.00 rough=0.000000 cond=0.771961 evap=0.000000 backs=0.000000
t=   96.00 -6.74e-16 | 1.6434 14.58  19597    0      0      0 | 1.3971 14.63 | 0.00e+00 3.94e-02 |   4.2964 1.0741  0.1905  3.4921 0.500  7.00 | PAIR-CHANNEL-DEAD
# CONVTAG t=96.00 rough=0.000000 cond=0.771961 evap=0.000000 backs=0.000000
t=   98.00 -6.74e-16 | 1.6432 14.58  19598    0      0      0 | 1.3972 14.64 | 0.00e+00 5.00e-02 |   4.2920 1.0730  0.1903  3.4914 0.500  7.00 | PAIR-CHANNEL-DEAD
# CONVTAG t=98.00 rough=0.000000 cond=0.771961 evap=0.000000 backs=0.000000
t=  100.00 -8.09e-16 | 1.6430 14.58  19603    0      0      0 | 1.3973 14.64 | 0.00e+00 3.28e-02 |   4.2904 1.0726  0.1905  3.4912 0.500  7.00 | PAIR-CHANNEL-DEAD
# CONVTAG t=100.00 rough=0.000000 cond=0.771961 evap=0.000000 backs=0.000000
t=  102.00 -8.09e-16 | 1.6428 14.59  19613    0      0      0 | 1.3974 14.64 | 0.00e+00 3.98e-02 |   4.2881 1.0720  0.1908  3.4914 0.500  7.00 | PAIR-CHANNEL-DEAD
# CONVTAG t=102.00 rough=0.000000 cond=0.771961 evap=0.000000 backs=0.000000
t=  104.00 -8.09e-16 | 1.6426 14.58  19606    0      0      0 | 1.3973 14.64 | 0.00e+00 4.25e-02 |   4.2846 1.0712  0.1912  3.4915 0.500  7.00 | PAIR-CHANNEL-DEAD
# CONVTAG t=104.00 rough=0.000000 cond=0.771961 evap=0.000000 backs=0.000000
t=  106.00 -8.09e-16 | 1.6425 14.59  19615    0      0      0 | 1.3974 14.64 | 0.00e+00 5.00e-02 |   4.2796 1.0699  0.1920  3.4918 0.500  7.00 | PAIR-CHANNEL-DEAD
# CONVTAG t=106.00 rough=0.000000 cond=0.771961 evap=0.000000 backs=0.000000
t=  108.00 -6.74e-16 | 1.6424 14.59  19610    0      0      0 | 1.3973 14.63 | 0.00e+00 3.39e-02 |   4.2747 1.0687  0.1928  3.4921 0.500  7.00 | PAIR-CHANNEL-DEAD
# CONVTAG t=108.00 rough=0.000000 cond=0.771961 evap=0.000000 backs=0.000000
t=  110.00 -6.74e-16 | 1.6421 14.58  19602    0      0      0 | 1.3971 14.63 | 0.00e+00 3.84e-02 |   4.2522 1.0631  0.1909  3.4943 0.500  7.00 | PAIR-CHANNEL-DEAD
# CONVTAG t=110.00 rough=0.000000 cond=0.771961 evap=0.000000 backs=0.000000
t=  112.00 -6.74e-16 | 1.6419 14.59  19621    0      0      0 | 1.3974 14.63 | 0.00e+00 3.58e-02 |   4.2246 1.0561  0.1890  3.4901 0.500  7.00 | PAIR-CHANNEL-DEAD
# CONVTAG t=112.00 rough=0.000000 cond=0.771961 evap=0.000000 backs=0.000000
t=  114.00 -6.74e-16 | 1.6418 14.59  19620    0      0      0 | 1.3975 14.64 | 0.00e+00 5.00e-02 |   4.2085 1.0521  0.1889  3.4901 0.500  7.00 | PAIR-CHANNEL-DEAD
# CONVTAG t=114.00 rough=0.000000 cond=0.771961 evap=0.000000 backs=0.000000
t=  116.00 -6.74e-16 | 1.6418 14.59  19612    0      0      0 | 1.3974 14.64 | 0.00e+00 3.61e-02 |   4.2051 1.0513  0.1893  3.4905 0.500  7.00 | PAIR-CHANNEL-DEAD
# CONVTAG t=116.00 rough=0.000000 cond=0.771961 evap=0.000000 backs=0.000000
t=  118.00 -8.09e-16 | 1.6417 14.57  19595    0      0      0 | 1.3972 14.64 | 0.00e+00 3.97e-02 |   4.2009 1.0502  0.1894  3.4908 0.500  7.00 | PAIR-CHANNEL-DEAD
# CONVTAG t=118.00 rough=0.000000 cond=0.771961 evap=0.000000 backs=0.000000
t=  120.00 -8.09e-16 | 1.6417 14.57  19591    0      0      0 | 1.3971 14.64 | 0.00e+00 4.10e-02 |   4.1904 1.0476  0.1900  3.4909 0.500  7.00 | PAIR-CHANNEL-DEAD
# CONVTAG t=120.00 rough=0.000000 cond=0.771961 evap=0.000000 backs=0.000000
t=  122.00 -6.74e-16 | 1.6416 14.58  19598    0      0      0 | 1.3972 14.64 | 0.00e+00 3.35e-02 |   4.1667 1.0417  0.1901  3.4910 0.500  7.00 | PAIR-CHANNEL-DEAD
# CONVTAG t=122.00 rough=0.000000 cond=0.771961 evap=0.000000 backs=0.000000
t=  124.00 -6.74e-16 | 1.6415 14.56  19577    0      0      0 | 1.3969 14.63 | 0.00e+00 4.56e-02 |   4.1535 1.0384  0.1902  3.4910 0.500  7.00 | PAIR-CHANNEL-DEAD
# CONVTAG t=124.00 rough=0.000000 cond=0.771961 evap=0.000000 backs=0.000000
t=  126.00 -8.09e-16 | 1.6414 14.56  19573    0      0      0 | 1.3969 14.63 | 0.00e+00 3.39e-02 |   4.1492 1.0373  0.1911  3.4915 0.500  7.00 | PAIR-CHANNEL-DEAD
# CONVTAG t=126.00 rough=0.000000 cond=0.771961 evap=0.000000 backs=0.000000
t=  128.00 -6.74e-16 | 1.6413 14.56  19571    0      0      0 | 1.3969 14.63 | 0.00e+00 3.61e-02 |   4.1477 1.0369  0.1912  3.4915 0.500  7.00 | PAIR-CHANNEL-DEAD
# CONVTAG t=128.00 rough=0.000000 cond=0.771961 evap=0.000000 backs=0.000000
t=  130.00 -6.74e-16 | 1.6413 14.54  19553    0      0      0 | 1.3966 14.63 | 0.00e+00 5.00e-02 |   4.1433 1.0358  0.1906  3.4913 0.500  7.00 | PAIR-CHANNEL-DEAD
# CONVTAG t=130.00 rough=0.000000 cond=0.771961 evap=0.000000 backs=0.000000
t=  132.00 -6.74e-16 | 1.6412 14.54  19543    0      0      0 | 1.3965 14.64 | 0.00e+00 5.00e-02 |   4.1404 1.0351  0.1903  3.4912 0.500  7.00 | PAIR-CHANNEL-DEAD
# CONVTAG t=132.00 rough=0.000000 cond=0.771961 evap=0.000000 backs=0.000000
t=  134.00 -6.74e-16 | 1.6411 14.52  19528    0      0      0 | 1.3963 14.63 | 0.00e+00 4.15e-02 |   4.1382 1.0345  0.1903  3.4911 0.500  7.00 | PAIR-CHANNEL-DEAD
# CONVTAG t=134.00 rough=0.000000 cond=0.771961 evap=0.000000 backs=0.000000
t=  136.00 -6.74e-16 | 1.6411 14.53  19530    0      0      0 | 1.3963 14.63 | 0.00e+00 4.58e-02 |   4.1322 1.0331  0.1903  3.4911 0.500  7.00 | PAIR-CHANNEL-DEAD
# CONVTAG t=136.00 rough=0.000000 cond=0.771961 evap=0.000000 backs=0.000000
t=  138.00 -6.74e-16 | 1.6410 14.52  19526    0      0      0 | 1.3963 14.63 | 0.00e+00 4.22e-02 |   4.1201 1.0300  0.1908  3.4914 0.500  7.00 | PAIR-CHANNEL-DEAD
# CONVTAG t=138.00 rough=0.000000 cond=0.771961 evap=0.000000 backs=0.000000
t=  140.00 -6.74e-16 | 1.6410 14.54  19545    0      0      0 | 1.3966 14.64 | 0.00e+00 4.47e-02 |   4.1179 1.0295  0.1911  3.4915 0.500  7.00 | PAIR-CHANNEL-DEAD
# CONVTAG t=140.00 rough=0.000000 cond=0.771961 evap=0.000000 backs=0.000000
t=  142.00 -6.74e-16 | 1.6408 14.54  19548    0      0      0 | 1.3966 14.64 | 0.00e+00 3.72e-02 |   4.1153 1.0288  0.1910  3.4914 0.500  7.00 | PAIR-CHANNEL-DEAD
# CONVTAG t=142.00 rough=0.000000 cond=0.771961 evap=0.000000 backs=0.000000
t=  144.00 -6.74e-16 | 1.6407 14.53  19540    0      0      0 | 1.3965 14.63 | 0.00e+00 4.06e-02 |   4.1092 1.0273  0.1902  3.4911 0.500  7.00 | PAIR-CHANNEL-DEAD
# CONVTAG t=144.00 rough=0.000000 cond=0.771961 evap=0.000000 backs=0.000000
t=  146.00 -6.74e-16 | 1.6407 14.53  19536    0      0      0 | 1.3964 14.63 | 0.00e+00 4.39e-02 |   4.1077 1.0269  0.1902  3.4911 0.500  7.00 | PAIR-CHANNEL-DEAD
# CONVTAG t=146.00 rough=0.000000 cond=0.771961 evap=0.000000 backs=0.000000
t=  148.00 -6.74e-16 | 1.6406 14.53  19530    0      0      0 | 1.3964 14.63 | 0.00e+00 3.54e-02 |   4.1036 1.0259  0.1913  3.4916 0.500  7.00 | PAIR-CHANNEL-DEAD
# CONVTAG t=148.00 rough=0.000000 cond=0.771961 evap=0.000000 backs=0.000000
t=  150.00 -6.74e-16 | 1.6405 14.53  19534    0      0      0 | 1.3964 14.63 | 0.00e+00 4.08e-02 |   4.0918 1.0229  0.1905  3.4912 0.500  7.00 | PAIR-CHANNEL-DEAD
# CONVTAG t=150.00 rough=0.000000 cond=0.771961 evap=0.000000 backs=0.000000
t=  152.00 -6.74e-16 | 1.6404 14.52  19526    0      0      0 | 1.3963 14.63 | 0.00e+00 4.23e-02 |   4.0876 1.0219  0.1900  3.4910 0.500  7.00 | PAIR-CHANNEL-DEAD
# CONVTAG t=152.00 rough=0.000000 cond=0.771961 evap=0.000000 backs=0.000000
t=  154.00 -6.74e-16 | 1.6402 14.52  19523    0      0      0 | 1.3962 14.63 | 0.00e+00 3.95e-02 |   4.0874 1.0219  0.1903  3.4915 0.500  7.00 | PAIR-CHANNEL-DEAD
# CONVTAG t=154.00 rough=0.000000 cond=0.771961 evap=0.000000 backs=0.000000
# QATOM t=155.12 dir=FD w=1.61212018 e=0.295063429467
t=  156.00 -8.09e-16 | 1.6403 14.53  19529    0      0      0 | 1.3963 14.63 | 0.00e+00 5.00e-02 |   4.0759 1.0190  0.1895  3.4906 0.500  7.00 | PAIR-CHANNEL-DEAD
# CONVTAG t=156.00 rough=0.000000 cond=0.771961 evap=0.000000 backs=0.000000
t=  158.00 -8.09e-16 | 1.6402 14.52  19524    0      0      0 | 1.3963 14.63 | 0.00e+00 4.42e-02 |   4.0618 1.0155  0.1891  3.4903 0.500  7.00 | PAIR-CHANNEL-DEAD
# CONVTAG t=158.00 rough=0.000000 cond=0.771961 evap=0.000000 backs=0.000000
t=  160.00 -8.09e-16 | 1.6402 14.52  19525    0      0      0 | 1.3963 14.63 | 0.00e+00 3.62e-02 |   4.0561 1.0140  0.1902  3.4918 0.500  7.00 | PAIR-CHANNEL-DEAD
# CONVTAG t=160.00 rough=0.000000 cond=0.771961 evap=0.000000 backs=0.000000
t=  162.00 -6.74e-16 | 1.6401 14.53  19536    0      0      0 | 1.3964 14.63 | 0.00e+00 4.00e-02 |   4.0538 1.0135  0.1902  3.4911 0.500  7.00 | PAIR-CHANNEL-DEAD
# CONVTAG t=162.00 rough=0.000000 cond=0.771961 evap=0.000000 backs=0.000000
t=  164.00 -8.09e-16 | 1.6400 14.53  19538    0      0      0 | 1.3965 14.63 | 0.00e+00 4.28e-02 |   4.0330 1.0083  0.1886  3.4897 0.500  7.00 | PAIR-CHANNEL-DEAD
# CONVTAG t=164.00 rough=0.000000 cond=0.771961 evap=0.000000 backs=0.000000
t=  166.00 -8.09e-16 | 1.6400 14.53  19539    0      0      0 | 1.3965 14.63 | 0.00e+00 4.00e-02 |   4.0312 1.0078  0.1886  3.4897 0.500  7.00 | PAIR-CHANNEL-DEAD
# CONVTAG t=166.00 rough=0.000000 cond=0.771961 evap=0.000000 backs=0.000000
t=  168.00 -8.09e-16 | 1.6399 14.53  19537    0      0      0 | 1.3964 14.63 | 0.00e+00 3.48e-02 |   4.0346 1.0087  0.1888  3.4899 0.500  7.00 | PAIR-CHANNEL-DEAD
# CONVTAG t=168.00 rough=0.000000 cond=0.771961 evap=0.000000 backs=0.000000
t=  170.00 -8.09e-16 | 1.6398 14.54  19548    0      0      0 | 1.3965 14.63 | 0.00e+00 4.33e-02 |   4.0206 1.0052  0.1887  3.4897 0.500  7.00 | PAIR-CHANNEL-DEAD
# CONVTAG t=170.00 rough=0.000000 cond=0.771961 evap=0.000000 backs=0.000000
t=  172.00 -8.09e-16 | 1.6398 14.53  19538    0      0      0 | 1.3964 14.63 | 0.00e+00 4.90e-02 |   3.9937 0.9984  0.1885  3.4893 0.500  7.00 | PAIR-CHANNEL-DEAD
# CONVTAG t=172.00 rough=0.000000 cond=0.771961 evap=0.000000 backs=0.000000
t=  174.00 -8.09e-16 | 1.6398 14.53  19540    0      0      0 | 1.3964 14.63 | 0.00e+00 3.89e-02 |   3.9935 0.9984  0.1885  3.4892 0.500  7.00 | PAIR-CHANNEL-DEAD
# CONVTAG t=174.00 rough=0.000000 cond=0.771961 evap=0.000000 backs=0.000000
t=  176.00 -8.09e-16 | 1.6399 14.55  19558    0      0      0 | 1.3967 14.63 | 0.00e+00 4.53e-02 |   3.9954 0.9988  0.1885  3.4896 0.500  7.00 | PAIR-CHANNEL-DEAD
# CONVTAG t=176.00 rough=0.000000 cond=0.771961 evap=0.000000 backs=0.000000
t=  178.00 -8.09e-16 | 1.6398 14.55  19563    0      0      0 | 1.3967 14.63 | 0.00e+00 5.00e-02 |   3.9766 0.9942  0.1890  3.4882 0.500  7.00 | PAIR-CHANNEL-DEAD
# CONVTAG t=178.00 rough=0.000000 cond=0.771961 evap=0.000000 backs=0.000000
t=  180.00 -8.09e-16 | 1.6397 14.54  19555    0      0      0 | 1.3966 14.63 | 0.00e+00 3.76e-02 |   3.9670 0.9918  0.1898  3.4889 0.500  7.00 | PAIR-CHANNEL-DEAD
# CONVTAG t=180.00 rough=0.000000 cond=0.771961 evap=0.000000 backs=0.000000
t=  182.00 -8.09e-16 | 1.6397 14.54  19546    0      0      0 | 1.3965 14.63 | 0.00e+00 4.53e-02 |   3.9654 0.9913  0.1895  3.4876 0.500  7.00 | PAIR-CHANNEL-DEAD
# CONVTAG t=182.00 rough=0.000000 cond=0.771961 evap=0.000000 backs=0.000000
t=  184.00 -8.09e-16 | 1.6397 14.54  19545    0      0      0 | 1.3965 14.63 | 0.00e+00 4.23e-02 |   3.9499 0.9875  0.1906  3.4868 0.500  7.50 | PAIR-CHANNEL-DEAD
# CONVTAG t=184.00 rough=0.000000 cond=0.771961 evap=0.000000 backs=0.000000
t=  186.00 -8.09e-16 | 1.6397 14.54  19553    0      0      0 | 1.3966 14.63 | 0.00e+00 3.82e-02 |   3.9436 0.9859  0.1904  3.4869 0.500  8.00 | PAIR-CHANNEL-DEAD
# CONVTAG t=186.00 rough=0.000000 cond=0.771961 evap=0.000000 backs=0.000000
t=  188.00 -8.09e-16 | 1.6396 14.54  19550    0      0      0 | 1.3966 14.63 | 0.00e+00 5.00e-02 |   3.9413 0.9853  0.1899  3.4873 0.500  8.00 | PAIR-CHANNEL-DEAD
# CONVTAG t=188.00 rough=0.000000 cond=0.771961 evap=0.000000 backs=0.000000
t=  190.00 -8.09e-16 | 1.6395 14.54  19555    0      0      0 | 1.3967 14.63 | 0.00e+00 3.78e-02 |   3.9369 0.9842  0.1902  3.4870 0.500  8.00 | PAIR-CHANNEL-DEAD
# CONVTAG t=190.00 rough=0.000000 cond=0.771961 evap=0.000000 backs=0.000000
t=  192.00 -8.09e-16 | 1.6395 14.54  19549    0      0      0 | 1.3965 14.63 | 0.00e+00 3.71e-02 |   3.9274 0.9819  0.1916  3.4863 0.500  7.50 | PAIR-CHANNEL-DEAD
# CONVTAG t=192.00 rough=0.000000 cond=0.771961 evap=0.000000 backs=0.000000
t=  194.00 -8.09e-16 | 1.6394 14.53  19541    0      0      0 | 1.3964 14.63 | 0.00e+00 5.00e-02 |   3.9259 0.9815  0.1915  3.4863 0.500  7.50 | PAIR-CHANNEL-DEAD
# CONVTAG t=194.00 rough=0.000000 cond=0.771961 evap=0.000000 backs=0.000000
t=  196.00 -8.09e-16 | 1.6393 14.54  19555    0      0      0 | 1.3966 14.63 | 0.00e+00 3.64e-02 |   3.9244 0.9811  0.1913  3.4864 0.500  7.50 | PAIR-CHANNEL-DEAD
# CONVTAG t=196.00 rough=0.000000 cond=0.771961 evap=0.000000 backs=0.000000
t=  198.00 -8.09e-16 | 1.6393 14.54  19551    0      0      0 | 1.3965 14.63 | 0.00e+00 5.00e-02 |   3.9137 0.9784  0.1930  3.4859 0.500  7.50 | PAIR-CHANNEL-DEAD
# CONVTAG t=198.00 rough=0.000000 cond=0.771961 evap=0.000000 backs=0.000000
t=  200.00 -8.09e-16 | 1.6394 14.53  19538    0      0      0 | 1.3964 14.63 | 0.00e+00 4.45e-02 |   3.9130 0.9782  0.1930  3.4856 0.500  7.50 | PAIR-CHANNEL-DEAD
# CONVTAG t=200.00 rough=0.000000 cond=0.771961 evap=0.000000 backs=0.000000
t=  202.00 -8.09e-16 | 1.6394 14.52  19528    0      0      0 | 1.3963 14.63 | 0.00e+00 4.02e-02 |   3.9146 0.9786  0.1928  3.4857 0.500  7.50 | PAIR-CHANNEL-DEAD
# CONVTAG t=202.00 rough=0.000000 cond=0.771961 evap=0.000000 backs=0.000000
t=  204.00 -8.09e-16 | 1.6394 14.52  19521    0      0      0 | 1.3962 14.63 | 0.00e+00 4.55e-02 |   3.9028 0.9757  0.1955  3.4847 0.500  8.00 | PAIR-CHANNEL-DEAD
# CONVTAG t=204.00 rough=0.000000 cond=0.771961 evap=0.000000 backs=0.000000
t=  206.00 -8.09e-16 | 1.6393 14.52  19518    0      0      0 | 1.3961 14.63 | 0.00e+00 4.65e-02 |   3.8948 0.9737  0.1956  3.4846 0.500  8.00 | PAIR-CHANNEL-DEAD
# CONVTAG t=206.00 rough=0.000000 cond=0.771961 evap=0.000000 backs=0.000000
t=  208.00 -8.09e-16 | 1.6392 14.53  19530    0      0      0 | 1.3963 14.63 | 0.00e+00 5.00e-02 |   3.8926 0.9731  0.1938  3.4853 0.500  7.50 | PAIR-CHANNEL-DEAD
# CONVTAG t=208.00 rough=0.000000 cond=0.771961 evap=0.000000 backs=0.000000
t=  210.00 -8.09e-16 | 1.6391 14.53  19538    0      0      0 | 1.3964 14.63 | 0.00e+00 4.62e-02 |   3.8859 0.9715  0.1956  3.4846 0.500  8.00 | PAIR-CHANNEL-DEAD
# CONVTAG t=210.00 rough=0.000000 cond=0.771961 evap=0.000000 backs=0.000000
t=  212.00 -8.09e-16 | 1.6391 14.53  19535    0      0      0 | 1.3963 14.63 | 0.00e+00 4.62e-02 |   3.8779 0.9695  0.1978  3.4839 0.500  7.50 | PAIR-CHANNEL-DEAD
# CONVTAG t=212.00 rough=0.000000 cond=0.771961 evap=0.000000 backs=0.000000
t=  214.00 -8.09e-16 | 1.6391 14.54  19550    0      0      0 | 1.3966 14.63 | 0.00e+00 5.00e-02 |   3.8771 0.9693  0.1975  3.4840 0.500  7.50 | PAIR-CHANNEL-DEAD
# CONVTAG t=214.00 rough=0.000000 cond=0.771961 evap=0.000000 backs=0.000000
t=  216.00 -8.09e-16 | 1.6392 14.54  19547    0      0      0 | 1.3965 14.63 | 0.00e+00 5.00e-02 |   3.8652 0.9663  0.2014  3.4844 0.500  7.50 | PAIR-CHANNEL-DEAD
# CONVTAG t=216.00 rough=0.000000 cond=0.771961 evap=0.000000 backs=0.000000
t=  218.00 -8.09e-16 | 1.6391 14.52  19520    0      0      0 | 1.3962 14.63 | 0.00e+00 4.56e-02 |   3.8483 0.9621  0.2060  3.4816 0.500  7.50 | PAIR-CHANNEL-DEAD
# CONVTAG t=218.00 rough=0.000000 cond=0.771961 evap=0.000000 backs=0.000000
t=  220.00 -8.09e-16 | 1.6391 14.53  19529    0      0      0 | 1.3963 14.63 | 0.00e+00 3.31e-02 |   3.8475 0.9619  0.2053  3.4822 0.500  7.50 | PAIR-CHANNEL-DEAD
# CONVTAG t=220.00 rough=0.000000 cond=0.771961 evap=0.000000 backs=0.000000
t=  222.00 -8.09e-16 | 1.6390 14.52  19526    0      0      0 | 1.3962 14.63 | 0.00e+00 4.88e-02 |   3.8500 0.9625  0.2027  3.4824 0.500  7.50 | PAIR-CHANNEL-DEAD
# CONVTAG t=222.00 rough=0.000000 cond=0.771961 evap=0.000000 backs=0.000000
t=  224.00 -9.44e-16 | 1.6390 14.52  19522    0      0      0 | 1.3962 14.63 | 0.00e+00 5.00e-02 |   3.8313 0.9578  0.2066  3.4814 0.500  7.50 | PAIR-CHANNEL-DEAD
# CONVTAG t=224.00 rough=0.000000 cond=0.771961 evap=0.000000 backs=0.000000
t=  226.00 -9.44e-16 | 1.6389 14.52  19527    0      0      0 | 1.3962 14.63 | 0.00e+00 5.00e-02 |   3.8232 0.9558  0.2064  3.4815 0.500  7.50 | PAIR-CHANNEL-DEAD
# CONVTAG t=226.00 rough=0.000000 cond=0.771961 evap=0.000000 backs=0.000000
t=  228.00 -8.09e-16 | 1.6389 14.52  19526    0      0      0 | 1.3963 14.63 | 0.00e+00 4.39e-02 |   3.8241 0.9560  0.2041  3.4821 0.500  8.00 | PAIR-CHANNEL-DEAD
# CONVTAG t=228.00 rough=0.000000 cond=0.771961 evap=0.000000 backs=0.000000
t=  230.00 -8.09e-16 | 1.6391 14.53  19529    0      0      0 | 1.3964 14.63 | 0.00e+00 5.00e-02 |   3.8158 0.9539  0.2060  3.4815 0.500  8.00 | PAIR-CHANNEL-DEAD
# CONVTAG t=230.00 rough=0.000000 cond=0.771961 evap=0.000000 backs=0.000000
t=  232.00 -8.09e-16 | 1.6391 14.53  19541    0      0      0 | 1.3965 14.64 | 0.00e+00 3.60e-02 |   3.8047 0.9512  0.2098  3.4806 0.500  8.00 | PAIR-CHANNEL-DEAD
# CONVTAG t=232.00 rough=0.000000 cond=0.771961 evap=0.000000 backs=0.000000
t=  234.00 -8.09e-16 | 1.6390 14.53  19530    0      0      0 | 1.3963 14.63 | 0.00e+00 4.34e-02 |   3.8039 0.9510  0.2095  3.4807 0.500  8.00 | PAIR-CHANNEL-DEAD
# CONVTAG t=234.00 rough=0.000000 cond=0.771961 evap=0.000000 backs=0.000000
t=  236.00 -8.09e-16 | 1.6389 14.52  19528    0      0      0 | 1.3963 14.63 | 0.00e+00 4.48e-02 |   3.8032 0.9508  0.2079  3.4812 0.500  8.00 | PAIR-CHANNEL-DEAD
# CONVTAG t=236.00 rough=0.000000 cond=0.771961 evap=0.000000 backs=0.000000
t=  238.00 -8.09e-16 | 1.6389 14.53  19530    0      0      0 | 1.3963 14.63 | 0.00e+00 3.84e-02 |   3.7846 0.9462  0.2133  3.4798 0.500  7.50 | PAIR-CHANNEL-DEAD
# CONVTAG t=238.00 rough=0.000000 cond=0.771961 evap=0.000000 backs=0.000000
t=  240.00 -8.09e-16 | 1.6388 14.51  19514    0      0      0 | 1.3961 14.63 | 0.00e+00 5.00e-02 |   3.7801 0.9450  0.2119  3.4801 0.500  8.00 | PAIR-CHANNEL-DEAD
# CONVTAG t=240.00 rough=0.000000 cond=0.771961 evap=0.000000 backs=0.000000
t=  242.00 -9.44e-16 | 1.6389 14.52  19524    0      0      0 | 1.3963 14.63 | 0.00e+00 4.94e-02 |   3.7766 0.9442  0.2062  3.4825 0.500  8.00 | PAIR-CHANNEL-DEAD
# CONVTAG t=242.00 rough=0.000000 cond=0.771961 evap=0.000000 backs=0.000000
t=  244.00 -8.09e-16 | 1.6390 14.53  19530    0      0      0 | 1.3963 14.63 | 0.00e+00 4.34e-02 |   3.7544 0.9386  0.2131  3.4799 0.500  8.00 | PAIR-CHANNEL-DEAD
# CONVTAG t=244.00 rough=0.000000 cond=0.771961 evap=0.000000 backs=0.000000
t=  246.00 -9.44e-16 | 1.6389 14.53  19536    0      0      0 | 1.3964 14.63 | 0.00e+00 3.10e-02 |   3.7440 0.9360  0.2131  3.4798 0.500  8.00 | PAIR-CHANNEL-DEAD
# CONVTAG t=246.00 rough=0.000000 cond=0.771961 evap=0.000000 backs=0.000000
t=  248.00 -9.44e-16 | 1.6390 14.51  19511    0      0      0 | 1.3961 14.63 | 0.00e+00 4.37e-02 |   3.7311 0.9328  0.2148  3.4794 0.500  8.00 | PAIR-CHANNEL-DEAD
# CONVTAG t=248.00 rough=0.000000 cond=0.771961 evap=0.000000 backs=0.000000
t=  250.00 -9.44e-16 | 1.6390 14.51  19509    0      0      0 | 1.3961 14.63 | 0.00e+00 5.00e-02 |   3.7228 0.9307  0.2138  3.4796 0.500  8.00 | PAIR-CHANNEL-DEAD
# CONVTAG t=250.00 rough=0.000000 cond=0.771961 evap=0.000000 backs=0.000000
t=  252.00 -8.09e-16 | 1.6390 14.51  19510    0      0      0 | 1.3961 14.63 | 0.00e+00 4.52e-02 |   3.6866 0.9217  0.2173  3.4789 0.500  8.00 | PAIR-CHANNEL-DEAD
# CONVTAG t=252.00 rough=0.000000 cond=0.771961 evap=0.000000 backs=0.000000
t=  254.00 -8.09e-16 | 1.6389 14.51  19511    0      0      0 | 1.3961 14.63 | 0.00e+00 4.63e-02 |   3.6501 0.9125  0.2239  3.4774 0.500  8.50 | PAIR-CHANNEL-DEAD
# CONVTAG t=254.00 rough=0.000000 cond=0.771961 evap=0.000000 backs=0.000000
t=  256.00 -8.09e-16 | 1.6389 14.51  19509    0      0      0 | 1.3960 14.63 | 0.00e+00 3.76e-02 |   3.6440 0.9110  0.2131  3.4798 0.500  8.50 | PAIR-CHANNEL-DEAD
# CONVTAG t=256.00 rough=0.000000 cond=0.771961 evap=0.000000 backs=0.000000
t=  258.00 -9.44e-16 | 1.6389 14.50  19491    0      0      0 | 1.3958 14.63 | 0.00e+00 3.94e-02 |   3.6106 0.9027  0.2241  3.4772 0.500  8.50 | PAIR-CHANNEL-DEAD
# CONVTAG t=258.00 rough=0.000000 cond=0.771961 evap=0.000000 backs=0.000000
t=  260.00 -9.44e-16 | 1.6389 14.50  19501    0      0      0 | 1.3960 14.63 | 0.00e+00 5.00e-02 |   3.5905 0.8976  0.2313  3.4759 0.500  8.50 | PAIR-CHANNEL-DEAD
# CONVTAG t=260.00 rough=0.000000 cond=0.771961 evap=0.000000 backs=0.000000
t=  262.00 -8.09e-16 | 1.6389 14.50  19501    0      0      0 | 1.3960 14.63 | 0.00e+00 3.86e-02 |   3.5937 0.8984  0.2279  3.4766 0.500  8.00 | PAIR-CHANNEL-DEAD
# CONVTAG t=262.00 rough=0.000000 cond=0.771961 evap=0.000000 backs=0.000000
t=  264.00 -8.09e-16 | 1.6390 14.50  19491    0      0      0 | 1.3959 14.63 | 0.00e+00 3.67e-02 |   3.5982 0.8996  0.2222  3.4788 0.500  8.00 | PAIR-CHANNEL-DEAD
# CONVTAG t=264.00 rough=0.000000 cond=0.771961 evap=0.000000 backs=0.000000
t=  266.00 -8.09e-16 | 1.6390 14.51  19505    0      0      0 | 1.3961 14.64 | 0.00e+00 4.23e-02 |   3.5924 0.8981  0.2241  3.4774 0.500  8.00 | PAIR-CHANNEL-DEAD
# CONVTAG t=266.00 rough=0.000000 cond=0.771961 evap=0.000000 backs=0.000000
t=  268.00 -8.09e-16 | 1.6390 14.51  19502    0      0      0 | 1.3961 14.64 | 0.00e+00 4.20e-02 |   3.6119 0.9030  0.2134  3.4797 0.500  8.00 | PAIR-CHANNEL-DEAD
# CONVTAG t=268.00 rough=0.000000 cond=0.771961 evap=0.000000 backs=0.000000
t=  270.00 -8.09e-16 | 1.6389 14.51  19506    0      0      0 | 1.3961 14.63 | 0.00e+00 5.00e-02 |   3.6254 0.9063  0.2077  3.4811 0.500  8.00 | PAIR-CHANNEL-DEAD
# CONVTAG t=270.00 rough=0.000000 cond=0.771961 evap=0.000000 backs=0.000000
t=  272.00 -8.09e-16 | 1.6389 14.50  19501    0      0      0 | 1.3960 14.63 | 0.00e+00 4.11e-02 |   3.6123 0.9031  0.2126  3.4798 0.500  8.00 | PAIR-CHANNEL-DEAD
# CONVTAG t=272.00 rough=0.000000 cond=0.771961 evap=0.000000 backs=0.000000
t=  274.00 -8.09e-16 | 1.6389 14.50  19489    0      0      0 | 1.3958 14.63 | 0.00e+00 3.44e-02 |   3.5895 0.8974  0.2202  3.4781 0.500  8.00 | PAIR-CHANNEL-DEAD
# CONVTAG t=274.00 rough=0.000000 cond=0.771961 evap=0.000000 backs=0.000000
t=  276.00 -8.09e-16 | 1.6389 14.49  19480    0      0      0 | 1.3957 14.62 | 0.00e+00 3.48e-02 |   3.5911 0.8978  0.2176  3.4788 0.500  8.00 | PAIR-CHANNEL-DEAD
# CONVTAG t=276.00 rough=0.000000 cond=0.771961 evap=0.000000 backs=0.000000
t=  278.00 -8.09e-16 | 1.6388 14.48  19466    0      0      0 | 1.3955 14.62 | 0.00e+00 4.20e-02 |   3.5917 0.8979  0.2160  3.4792 0.500  8.00 | PAIR-CHANNEL-DEAD
# CONVTAG t=278.00 rough=0.000000 cond=0.771961 evap=0.000000 backs=0.000000
t=  280.00 -8.09e-16 | 1.6388 14.48  19473    0      0      0 | 1.3956 14.63 | 0.00e+00 4.39e-02 |   3.7779 0.9445  0.2066  3.4948 0.500  8.00 | PAIR-CHANNEL-DEAD
# CONVTAG t=280.00 rough=0.000000 cond=0.942814 evap=0.000000 backs=0.000000
t=  282.00 -8.09e-16 | 1.6388 14.50  19500    0      0      0 | 1.3960 14.64 | 0.00e+00 4.23e-02 |   3.7730 0.9432  0.2049  3.4946 0.500  8.00 | PAIR-CHANNEL-DEAD
# CONVTAG t=282.00 rough=0.000000 cond=0.942814 evap=0.000000 backs=0.000000
t=  284.00 -8.09e-16 | 1.6388 14.48  19474    0      0      0 | 1.3957 14.63 | 0.00e+00 4.14e-02 |   3.7495 0.9374  0.1983  3.4935 0.500  8.00 | PAIR-CHANNEL-DEAD
# CONVTAG t=284.00 rough=0.000000 cond=0.942814 evap=0.000000 backs=0.000000
t=  286.00 -8.09e-16 | 1.6387 14.49  19483    0      0      0 | 1.3958 14.63 | 0.00e+00 3.99e-02 |   3.7183 0.9296  0.1918  3.4949 0.500  8.00 | PAIR-CHANNEL-DEAD
# CONVTAG t=286.00 rough=0.000000 cond=0.942814 evap=0.000000 backs=0.000000
t=  288.00 -8.09e-16 | 1.6388 14.50  19489    0      0      0 | 1.3959 14.63 | 0.00e+00 4.65e-02 |   3.7157 0.9289  0.1914  3.4921 0.500  8.00 | PAIR-CHANNEL-DEAD
# CONVTAG t=288.00 rough=0.000000 cond=0.942814 evap=0.000000 backs=0.000000
t=  290.00 -8.09e-16 | 1.6387 14.51  19503    0      0      0 | 1.3960 14.63 | 0.00e+00 3.88e-02 |   3.7087 0.9272  0.1902  3.4911 0.500  8.00 | PAIR-CHANNEL-DEAD
# CONVTAG t=290.00 rough=0.000000 cond=0.942814 evap=0.000000 backs=0.000000
t=  292.00 -8.09e-16 | 1.6387 14.50  19492    0      0      0 | 1.3959 14.63 | 0.00e+00 3.43e-02 |   3.7390 0.9347  0.1965  3.4930 0.500  8.00 | PAIR-CHANNEL-DEAD
# CONVTAG t=292.00 rough=0.000000 cond=0.942814 evap=0.000000 backs=0.000000
t=  294.00 -8.09e-16 | 1.6387 14.50  19490    0      0      0 | 1.3959 14.64 | 0.00e+00 4.22e-02 |   3.7482 0.9370  0.2003  3.4939 0.500  8.50 | PAIR-CHANNEL-DEAD
# CONVTAG t=294.00 rough=0.000000 cond=0.942814 evap=0.000000 backs=0.000000
t=  296.00 -8.09e-16 | 1.6386 14.50  19490    0      0      0 | 1.3958 14.63 | 0.00e+00 4.48e-02 |   3.7449 0.9362  0.2011  3.4940 0.500  8.50 | PAIR-CHANNEL-DEAD
# CONVTAG t=296.00 rough=0.000000 cond=0.942814 evap=0.000000 backs=0.000000
t=  298.00 -8.09e-16 | 1.6385 14.50  19499    0      0      0 | 1.3960 14.63 | 0.00e+00 4.30e-02 |   3.7346 0.9337  0.1979  3.4933 0.500  8.50 | PAIR-CHANNEL-DEAD
# CONVTAG t=298.00 rough=0.000000 cond=0.942814 evap=0.000000 backs=0.000000
t=  300.00 -9.44e-16 | 1.6386 14.51  19506    0      0      0 | 1.3961 14.64 | 0.00e+00 3.25e-02 |   3.7148 0.9287  0.1928  3.4921 0.500  8.50 | PAIR-CHANNEL-DEAD
# CONVTAG t=300.00 rough=0.000000 cond=0.942814 evap=0.000000 backs=0.000000
t=  302.00 -9.44e-16 | 1.6385 14.51  19503    0      0      0 | 1.3961 14.64 | 0.00e+00 5.00e-02 |   3.7126 0.9282  0.1921  3.4918 0.500  8.50 | PAIR-CHANNEL-DEAD
# CONVTAG t=302.00 rough=0.000000 cond=0.942814 evap=0.000000 backs=0.000000
t=  304.00 -9.44e-16 | 1.6385 14.51  19512    0      0      0 | 1.3962 14.64 | 0.00e+00 4.74e-02 |   3.7098 0.9274  0.1921  3.4917 0.500  8.00 | PAIR-CHANNEL-DEAD
# CONVTAG t=304.00 rough=0.000000 cond=0.942814 evap=0.000000 backs=0.000000
t=  306.00 -9.44e-16 | 1.6385 14.50  19499    0      0      0 | 1.3960 14.63 | 0.00e+00 3.39e-02 |   3.6663 0.9166  0.1885  3.4892 0.500  8.00 | PAIR-CHANNEL-DEAD
# CONVTAG t=306.00 rough=0.000000 cond=0.942814 evap=0.000000 backs=0.000000
t=  308.00 -9.44e-16 | 1.6385 14.50  19495    0      0      0 | 1.3959 14.63 | 0.00e+00 3.68e-02 |   3.6328 0.9082  0.1913  3.4916 0.500  8.00 | PAIR-CHANNEL-DEAD
# CONVTAG t=308.00 rough=0.000000 cond=0.942814 evap=0.000000 backs=0.000000
t=  310.00 -9.44e-16 | 1.6385 14.50  19493    0      0      0 | 1.3959 14.63 | 0.00e+00 3.90e-02 |   3.6034 0.9008  0.1991  3.4835 0.500  8.00 | PAIR-CHANNEL-DEAD
# CONVTAG t=310.00 rough=0.000000 cond=0.942814 evap=0.000000 backs=0.000000
t=  312.00 -9.44e-16 | 1.6385 14.49  19488    0      0      0 | 1.3958 14.63 | 0.00e+00 3.40e-02 |   3.6019 0.9005  0.2003  3.4830 0.500  8.00 | PAIR-CHANNEL-DEAD
# CONVTAG t=312.00 rough=0.000000 cond=0.942814 evap=0.000000 backs=0.000000
t=  314.00 -9.44e-16 | 1.6384 14.51  19507    0      0      0 | 1.3960 14.63 | 0.00e+00 3.90e-02 |   3.5682 0.8920  0.2151  3.4794 0.500  8.50 | PAIR-CHANNEL-DEAD
# CONVTAG t=314.00 rough=0.000000 cond=0.942814 evap=0.000000 backs=0.000000
t=  316.00 -9.44e-16 | 1.6384 14.52  19516    0      0      0 | 1.3962 14.63 | 0.00e+00 5.00e-02 |   3.5593 0.8898  0.2161  3.4791 0.500  8.50 | PAIR-CHANNEL-DEAD
# CONVTAG t=316.00 rough=0.000000 cond=0.942814 evap=0.000000 backs=0.000000
t=  318.00 -9.44e-16 | 1.6384 14.51  19509    0      0      0 | 1.3961 14.63 | 0.00e+00 3.56e-02 |   3.5644 0.8911  0.2121  3.4801 0.500  8.50 | PAIR-CHANNEL-DEAD
# CONVTAG t=318.00 rough=0.000000 cond=0.942814 evap=0.000000 backs=0.000000
t=  320.00 -9.44e-16 | 1.6384 14.52  19517    0      0      0 | 1.3962 14.63 | 0.00e+00 3.81e-02 |   3.5534 0.8884  0.2166  3.4791 0.500  8.50 | PAIR-CHANNEL-DEAD
# CONVTAG t=320.00 rough=0.000000 cond=0.942814 evap=0.000000 backs=0.000000
t=  322.00 -9.44e-16 | 1.6384 14.51  19505    0      0      0 | 1.3961 14.64 | 0.00e+00 3.23e-02 |   3.5506 0.8876  0.2184  3.4786 0.500  8.50 | PAIR-CHANNEL-DEAD
# CONVTAG t=322.00 rough=0.000000 cond=0.942814 evap=0.000000 backs=0.000000
t=  324.00 -9.44e-16 | 1.6384 14.51  19506    0      0      0 | 1.3961 14.64 | 0.00e+00 4.54e-02 |   3.5543 0.8886  0.2162  3.4796 0.500  8.00 | PAIR-CHANNEL-DEAD
# CONVTAG t=324.00 rough=0.000000 cond=0.942814 evap=0.000000 backs=0.000000
# QATOM t=325.46 dir=DF w=1.94388671 e=0.355786056181
t=  326.00 -9.44e-16 | 1.6385 14.51  19511    0      0      0 | 1.3961 14.63 | 0.00e+00 3.75e-02 |   3.5589 0.8897  0.2106  3.4805 0.500  8.00 | PAIR-CHANNEL-DEAD
# CONVTAG t=326.00 rough=0.000000 cond=0.942814 evap=0.000000 backs=0.000000
t=  328.00 -9.44e-16 | 1.6385 14.51  19515    0      0      0 | 1.3962 14.63 | 0.00e+00 3.80e-02 |   3.5384 0.8846  0.2187  3.4810 0.500  8.00 | PAIR-CHANNEL-DEAD
# CONVTAG t=328.00 rough=0.000000 cond=0.942814 evap=0.000000 backs=0.000000
t=  330.00 -9.44e-16 | 1.6385 14.50  19495    0      0      0 | 1.3959 14.63 | 0.00e+00 4.25e-02 |   3.5478 0.8869  0.2134  3.4859 0.500  8.00 | PAIR-CHANNEL-DEAD
# CONVTAG t=330.00 rough=0.000000 cond=0.942814 evap=0.000000 backs=0.000000
t=  332.00 -9.44e-16 | 1.6384 14.50  19490    0      0      0 | 1.3958 14.63 | 0.00e+00 4.16e-02 |   3.5600 0.8900  0.2079  3.4822 0.500  8.00 | PAIR-CHANNEL-DEAD
# CONVTAG t=332.00 rough=0.000000 cond=0.942814 evap=0.000000 backs=0.000000
t=  334.00 -9.44e-16 | 1.6384 14.50  19493    0      0      0 | 1.3959 14.63 | 0.00e+00 3.19e-02 |   3.5316 0.8829  0.2228  3.4799 0.500  8.00 | PAIR-CHANNEL-DEAD
# CONVTAG t=334.00 rough=0.000000 cond=0.942814 evap=0.000000 backs=0.000000
t=  336.00 -9.44e-16 | 1.6384 14.48  19464    0      0      0 | 1.3955 14.63 | 0.00e+00 4.11e-02 |   3.4952 0.8738  0.2417  3.4738 0.500  8.00 | PAIR-CHANNEL-DEAD
# CONVTAG t=336.00 rough=0.000000 cond=0.942814 evap=0.000000 backs=0.000000
t=  338.00 -9.44e-16 | 1.6384 14.49  19481    0      0      0 | 1.3956 14.62 | 0.00e+00 3.61e-02 |   3.4963 0.8741  0.2364  3.4748 0.500  8.50 | PAIR-CHANNEL-DEAD
# CONVTAG t=338.00 rough=0.000000 cond=0.942814 evap=0.000000 backs=0.000000
t=  340.00 -9.44e-16 | 1.6385 14.50  19489    0      0      0 | 1.3957 14.62 | 0.00e+00 3.48e-02 |   3.5251 0.8813  0.2180  3.4794 0.500  8.50 | PAIR-CHANNEL-DEAD
# CONVTAG t=340.00 rough=0.000000 cond=0.942814 evap=0.000000 backs=0.000000
t=  342.00 -9.44e-16 | 1.6385 14.49  19480    0      0      0 | 1.3956 14.62 | 0.00e+00 3.83e-02 |   3.4773 0.8693  0.2493  3.4760 0.500  8.50 | PAIR-CHANNEL-DEAD
# CONVTAG t=342.00 rough=0.000000 cond=0.942814 evap=0.000000 backs=0.000000
t=  344.00 -9.44e-16 | 1.6386 14.51  19503    0      0      0 | 1.3959 14.63 | 0.00e+00 3.79e-02 |   3.3292 0.8323  0.3887  3.4450 0.500  9.00 | PAIR-CHANNEL-DEAD
# CONVTAG t=344.00 rough=0.000000 cond=0.942814 evap=0.000000 backs=0.000000
t=  346.00 -9.44e-16 | 1.6387 14.50  19498    0      0      0 | 1.3959 14.63 | 0.00e+00 3.67e-02 |   3.2847 0.8212  0.4343  3.4357 0.500  9.00 | PAIR-CHANNEL-DEAD
# CONVTAG t=346.00 rough=0.000000 cond=0.942814 evap=0.000000 backs=0.000000
t=  348.00 -9.44e-16 | 1.6387 14.49  19479    0      0      0 | 1.3957 14.63 | 0.00e+00 3.62e-02 |   3.2888 0.8222  0.4170  3.4394 0.500  9.00 | PAIR-CHANNEL-DEAD
# CONVTAG t=348.00 rough=0.000000 cond=0.942814 evap=0.000000 backs=0.000000
t=  350.00 -9.44e-16 | 1.6387 14.50  19496    0      0      0 | 1.3959 14.63 | 0.00e+00 5.00e-02 |   3.2951 0.8238  0.4037  3.4468 0.500  9.00 | PAIR-CHANNEL-DEAD
# CONVTAG t=350.00 rough=0.000000 cond=0.942814 evap=0.000000 backs=0.000000
t=  352.00 -9.44e-16 | 1.6386 14.51  19509    0      0      0 | 1.3960 14.63 | 0.00e+00 3.40e-02 |   3.2807 0.8202  0.4157  3.4429 0.500  8.50 | PAIR-CHANNEL-DEAD
# CONVTAG t=352.00 rough=0.000000 cond=0.942814 evap=0.000000 backs=0.000000
t=  354.00 -9.44e-16 | 1.6386 14.51  19503    0      0      0 | 1.3960 14.63 | 0.00e+00 3.77e-02 |   3.1726 0.7931  0.5472  3.4092 0.500  9.00 | PAIR-CHANNEL-DEAD
# CONVTAG t=354.00 rough=0.000000 cond=0.942814 evap=0.000000 backs=0.000000
t=  356.00 -9.44e-16 | 1.6385 14.51  19504    0      0      0 | 1.3960 14.63 | 0.00e+00 5.00e-02 |   3.0853 0.7713  0.6593  3.3799 0.500  9.00 | PAIR-CHANNEL-DEAD
# CONVTAG t=356.00 rough=0.000000 cond=0.942814 evap=0.000000 backs=0.000000
t=  358.00 -9.44e-16 | 1.6386 14.51  19512    0      0      0 | 1.3961 14.63 | 0.00e+00 4.15e-02 |   3.0773 0.7693  0.6556  3.3810 0.500  9.00 | PAIR-CHANNEL-DEAD
# CONVTAG t=358.00 rough=0.000000 cond=0.942814 evap=0.000000 backs=0.000000
t=  360.00 -9.44e-16 | 1.6387 14.51  19507    0      0      0 | 1.3959 14.62 | 0.00e+00 3.93e-02 |   3.1043 0.7761  0.6155  3.3934 0.500  9.00 | PAIR-CHANNEL-DEAD
# CONVTAG t=360.00 rough=0.000000 cond=0.942814 evap=0.000000 backs=0.000000
t=  362.00 -9.44e-16 | 1.6387 14.50  19501    0      0      0 | 1.3958 14.62 | 0.00e+00 4.25e-02 |   3.0934 0.7733  0.6294  3.3977 0.500  9.00 | PAIR-CHANNEL-DEAD
# CONVTAG t=362.00 rough=0.000000 cond=0.942814 evap=0.000000 backs=0.000000
t=  364.00 -9.44e-16 | 1.6387 14.50  19491    0      0      0 | 1.3958 14.63 | 0.00e+00 4.21e-02 |   3.0224 0.7556  0.7282  3.3640 0.500  9.00 | PAIR-CHANNEL-DEAD
# CONVTAG t=364.00 rough=0.000000 cond=0.942814 evap=0.000000 backs=0.000000
t=  366.00 -9.44e-16 | 1.6388 14.51  19506    0      0      0 | 1.3960 14.63 | 0.00e+00 4.21e-02 |   2.4305 0.6076  1.8032  2.8208 0.500 10.00 | PAIR-CHANNEL-DEAD
# CONVTAG t=366.00 rough=0.000000 cond=0.942814 evap=0.000000 backs=0.000000
t=  368.00 -9.44e-16 | 1.6387 14.51  19503    0      0      0 | 1.3960 14.63 | 0.00e+00 4.76e-02 |   2.3089 0.5772  2.0812  2.5941 0.500 10.50 | PAIR-CHANNEL-DEAD
# CONVTAG t=368.00 rough=0.000000 cond=0.942814 evap=0.000000 backs=0.000000
t=  370.00 -9.44e-16 | 1.6386 14.50  19490    0      0      0 | 1.3958 14.63 | 0.00e+00 4.10e-02 |   2.2947 0.5737  2.1093  2.5689 0.500 10.50 | PAIR-CHANNEL-DEAD
# CONVTAG t=370.00 rough=0.000000 cond=0.942814 evap=0.000000 backs=0.000000
t=  372.00 -9.44e-16 | 1.6386 14.49  19487    0      0      0 | 1.3957 14.63 | 0.00e+00 4.38e-02 |   2.3575 0.5894  1.9545  2.7120 0.500 11.00 | PAIR-CHANNEL-DEAD
# CONVTAG t=372.00 rough=0.000000 cond=0.942814 evap=0.000000 backs=0.000000
t=  374.00 -9.44e-16 | 1.6386 14.50  19496    0      0      0 | 1.3959 14.63 | 0.00e+00 4.19e-02 |   2.8335 0.7084  1.0059  3.4739 0.500 10.50 | PAIR-CHANNEL-DEAD
# CONVTAG t=374.00 rough=0.000000 cond=0.942814 evap=0.000000 backs=0.000000
t=  376.00 -9.44e-16 | 1.6386 14.50  19496    0      0      0 | 1.3959 14.63 | 0.00e+00 4.76e-02 |   2.8737 0.7184  0.9410  3.2884 0.500 10.50 | PAIR-CHANNEL-DEAD
# CONVTAG t=376.00 rough=0.000000 cond=0.942814 evap=0.000000 backs=0.000000
t=  378.00 -9.44e-16 | 1.6385 14.50  19495    0      0      0 | 1.3959 14.63 | 0.00e+00 4.66e-02 |   2.8647 0.7162  0.9391  3.2901 0.500 10.00 | PAIR-CHANNEL-DEAD
# CONVTAG t=378.00 rough=0.000000 cond=0.942814 evap=0.000000 backs=0.000000
t=  380.00 -9.44e-16 | 1.6385 14.50  19497    0      0      0 | 1.3959 14.63 | 0.00e+00 4.71e-02 |   2.8072 0.7018  1.0253  3.2555 0.500 10.00 | PAIR-CHANNEL-DEAD
# CONVTAG t=380.00 rough=0.000000 cond=0.942814 evap=0.000000 backs=0.000000
t=  382.00 -9.44e-16 | 1.6385 14.50  19500    0      0      0 | 1.3959 14.62 | 0.00e+00 5.00e-02 |   2.7942 0.6985  1.0419  3.2482 0.500 10.00 | PAIR-CHANNEL-DEAD
# CONVTAG t=382.00 rough=0.000000 cond=0.942814 evap=0.000000 backs=0.000000
t=  384.00 -9.44e-16 | 1.6385 14.50  19499    0      0      0 | 1.3959 14.62 | 0.00e+00 5.00e-02 |   2.8400 0.7100  0.9667  3.2781 0.500 10.00 | PAIR-CHANNEL-DEAD
# CONVTAG t=384.00 rough=0.000000 cond=0.942814 evap=0.000000 backs=0.000000
t=  386.00 -9.44e-16 | 1.6384 14.51  19506    0      0      0 | 1.3960 14.63 | 0.00e+00 3.98e-02 |   2.8578 0.7145  0.9402  3.2890 0.500 10.00 | PAIR-CHANNEL-DEAD
# CONVTAG t=386.00 rough=0.000000 cond=0.942814 evap=0.000000 backs=0.000000
t=  388.00 -9.44e-16 | 1.6384 14.51  19507    0      0      0 | 1.3960 14.63 | 0.00e+00 4.32e-02 |   2.8727 0.7182  0.9112  3.3079 0.500 10.00 | PAIR-CHANNEL-DEAD
# CONVTAG t=388.00 rough=0.000000 cond=0.942814 evap=0.000000 backs=0.000000
t=  390.00 -9.44e-16 | 1.6384 14.51  19510    0      0      0 | 1.3960 14.63 | 0.00e+00 3.35e-02 |   2.8277 0.7069  0.9653  3.3109 0.500 10.00 | PAIR-CHANNEL-DEAD
# CONVTAG t=390.00 rough=0.000000 cond=0.942814 evap=0.000000 backs=0.000000
t=  392.00 -9.44e-16 | 1.6384 14.50  19492    0      0      0 | 1.3958 14.63 | 0.00e+00 5.00e-02 |   2.4020 0.6005  1.7919  3.1858 0.500 10.00 | PAIR-CHANNEL-DEAD
# CONVTAG t=392.00 rough=0.000000 cond=0.942814 evap=0.000000 backs=0.000000
t=  394.00 -9.44e-16 | 1.6385 14.50  19491    0      0      0 | 1.3958 14.62 | 0.00e+00 3.76e-02 |   2.1724 0.5431  2.3765  2.3204 0.500 10.50 | PAIR-CHANNEL-DEAD
# CONVTAG t=394.00 rough=0.000000 cond=0.942814 evap=0.000000 backs=0.000000
t=  396.00 -9.44e-16 | 1.6385 14.51  19503    0      0      0 | 1.3960 14.63 | 0.00e+00 4.93e-02 |   2.1393 0.5348  2.4726  2.1908 0.500 11.00 | PAIR-CHANNEL-DEAD
# CONVTAG t=396.00 rough=0.000000 cond=0.942814 evap=0.000000 backs=0.000000
t=  398.00 -9.44e-16 | 1.6384 14.50  19493    0      0      0 | 1.3958 14.63 | 0.00e+00 3.90e-02 |   2.2422 0.5605  2.1940  2.4833 0.500 11.00 | PAIR-CHANNEL-DEAD
# CONVTAG t=398.00 rough=0.000000 cond=0.942814 evap=0.000000 backs=0.000000
t=  400.00 -9.44e-16 | 1.6384 14.50  19501    0      0      0 | 1.3960 14.63 | 0.00e+00 4.34e-02 |   2.4560 0.6140  1.6710  2.9145 0.500 11.00 | PAIR-CHANNEL-DEAD
# CONVTAG t=400.00 rough=0.000000 cond=0.942814 evap=0.000000 backs=0.000000
t=  402.00 -9.44e-16 | 1.6384 14.51  19502    0      0      0 | 1.3960 14.63 | 0.00e+00 4.59e-02 |   2.4874 0.6218  1.5741  2.9789 0.500 11.00 | PAIR-CHANNEL-DEAD
# CONVTAG t=402.00 rough=0.000000 cond=0.942814 evap=0.000000 backs=0.000000
t=  404.00 -9.44e-16 | 1.6384 14.51  19509    0      0      0 | 1.3961 14.63 | 0.00e+00 4.24e-02 |   2.4110 0.6028  1.7379  2.8948 0.500 11.00 | PAIR-CHANNEL-DEAD
# CONVTAG t=404.00 rough=0.000000 cond=0.942814 evap=0.000000 backs=0.000000
t=  406.00 -9.44e-16 | 1.6383 14.51  19513    0      0      0 | 1.3961 14.63 | 0.00e+00 5.00e-02 |   2.0290 0.5072  2.7695  1.7666 0.500 11.00 | PAIR-CHANNEL-DEAD
# CONVTAG t=406.00 rough=0.000000 cond=0.942814 evap=0.000000 backs=0.000000
t=  408.00 -9.44e-16 | 1.6383 14.52  19516    0      0      0 | 1.3961 14.63 | 0.00e+00 5.00e-02 |   2.0055 0.5014  2.8492  1.5872 0.500 11.00 | PAIR-CHANNEL-DEAD
# CONVTAG t=408.00 rough=0.000000 cond=0.942814 evap=0.000000 backs=0.000000
t=  410.00 -9.44e-16 | 1.6384 14.51  19514    0      0      0 | 1.3961 14.63 | 0.00e+00 4.07e-02 |   2.0404 0.5101  2.7377  1.7882 0.500 11.00 | PAIR-CHANNEL-DEAD
# CONVTAG t=410.00 rough=0.000000 cond=0.942814 evap=0.000000 backs=0.000000
t=  412.00 -9.44e-16 | 1.6385 14.52  19523    0      0      0 | 1.3962 14.63 | 0.00e+00 4.28e-02 |   2.0949 0.5237  2.5636  2.0544 0.500 11.00 | PAIR-CHANNEL-DEAD
# CONVTAG t=412.00 rough=0.000000 cond=0.942814 evap=0.000000 backs=0.000000
t=  414.00 -1.08e-15 | 1.6385 14.51  19515    0      0      0 | 1.3961 14.63 | 0.00e+00 4.30e-02 |   2.0851 0.5213  2.5878  2.0328 0.500 11.00 | PAIR-CHANNEL-DEAD
# CONVTAG t=414.00 rough=0.000000 cond=0.942814 evap=0.000000 backs=0.000000
t=  416.00 -1.08e-15 | 1.6385 14.52  19525    0      0      0 | 1.3962 14.63 | 0.00e+00 5.00e-02 |   2.0572 0.5143  2.6705  1.9045 0.500 11.00 | PAIR-CHANNEL-DEAD
# CONVTAG t=416.00 rough=0.000000 cond=0.942814 evap=0.000000 backs=0.000000
t=  418.00 -9.44e-16 | 1.6386 14.52  19523    0      0      0 | 1.3962 14.63 | 0.00e+00 5.00e-02 |   2.0365 0.5091  2.7320  1.8341 0.500 11.00 | PAIR-CHANNEL-DEAD
# CONVTAG t=418.00 rough=0.000000 cond=0.942814 evap=0.000000 backs=0.000000
t=  420.00 -1.08e-15 | 1.6386 14.52  19525    0      0      0 | 1.3963 14.63 | 0.00e+00 4.53e-02 |   2.0060 0.5015  2.8243  1.6343 0.500 11.00 | PAIR-CHANNEL-DEAD
# CONVTAG t=420.00 rough=0.000000 cond=0.942814 evap=0.000000 backs=0.000000
t=  422.00 -1.08e-15 | 1.6385 14.52  19528    0      0      0 | 1.3964 14.64 | 0.00e+00 4.65e-02 |   2.0070 0.5017  2.8184  1.6487 0.500 11.00 | PAIR-CHANNEL-DEAD
# CONVTAG t=422.00 rough=0.000000 cond=0.942814 evap=0.000000 backs=0.000000
t=  424.00 -1.08e-15 | 1.6385 14.53  19532    0      0      0 | 1.3964 14.64 | 0.00e+00 4.56e-02 |   2.0862 0.5216  2.5665  2.0517 0.500 11.00 | PAIR-CHANNEL-DEAD
# CONVTAG t=424.00 rough=0.000000 cond=0.942814 evap=0.000000 backs=0.000000
t=  426.00 -1.08e-15 | 1.6386 14.53  19536    0      0      0 | 1.3964 14.64 | 0.00e+00 4.32e-02 |   2.3938 0.5985  1.7552  2.8544 0.500 11.00 | PAIR-CHANNEL-DEAD
# CONVTAG t=426.00 rough=0.000000 cond=0.942814 evap=0.000000 backs=0.000000
t=  428.00 -1.08e-15 | 1.6385 14.53  19534    0      0      0 | 1.3964 14.63 | 0.00e+00 5.00e-02 |   2.7655 0.6914  1.0185  3.2558 0.500 11.00 | PAIR-CHANNEL-DEAD
# CONVTAG t=428.00 rough=0.000000 cond=0.942814 evap=0.000000 backs=0.000000
t=  430.00 -1.08e-15 | 1.6385 14.54  19548    0      0      0 | 1.3966 14.64 | 0.00e+00 4.18e-02 |   2.9739 0.7435  0.6916  3.3707 0.500 10.50 | PAIR-CHANNEL-DEAD
# CONVTAG t=430.00 rough=0.000000 cond=0.942814 evap=0.000000 backs=0.000000
t=  432.00 -1.08e-15 | 1.6385 14.54  19543    0      0      0 | 1.3965 14.63 | 0.00e+00 3.86e-02 |   2.9787 0.7447  0.6847  3.3784 0.500  9.50 | PAIR-CHANNEL-DEAD
# CONVTAG t=432.00 rough=0.000000 cond=0.942814 evap=0.000000 backs=0.000000
t=  434.00 -1.08e-15 | 1.6385 14.52  19527    0      0      0 | 1.3963 14.63 | 0.00e+00 5.00e-02 |   2.8851 0.7213  0.8229  3.3554 0.500  9.00 | PAIR-CHANNEL-DEAD
# CONVTAG t=434.00 rough=0.000000 cond=0.942814 evap=0.000000 backs=0.000000
t=  436.00 -1.08e-15 | 1.6385 14.53  19530    0      0      0 | 1.3963 14.63 | 0.00e+00 3.53e-02 |   2.8287 0.7072  0.9107  3.3077 0.500 10.00 | PAIR-CHANNEL-DEAD
# CONVTAG t=436.00 rough=0.000000 cond=0.942814 evap=0.000000 backs=0.000000
t=  438.00 -1.08e-15 | 1.6384 14.52  19516    0      0      0 | 1.3961 14.63 | 0.00e+00 4.31e-02 |   2.8244 0.7061  0.9166  3.2976 0.500 10.00 | PAIR-CHANNEL-DEAD
# CONVTAG t=438.00 rough=0.000000 cond=0.942814 evap=0.000000 backs=0.000000
t=  440.00 -1.08e-15 | 1.6383 14.52  19525    0      0      0 | 1.3962 14.63 | 0.00e+00 4.43e-02 |   2.8213 0.7053  0.9217  3.2956 0.500 10.00 | PAIR-CHANNEL-DEAD
# CONVTAG t=440.00 rough=0.000000 cond=0.942814 evap=0.000000 backs=0.000000
t=  442.00 -1.08e-15 | 1.6383 14.52  19517    0      0      0 | 1.3961 14.63 | 0.00e+00 4.14e-02 |   2.8213 0.7053  0.9205  3.2960 0.500 10.00 | PAIR-CHANNEL-DEAD
# CONVTAG t=442.00 rough=0.000000 cond=0.942814 evap=0.000000 backs=0.000000
t=  444.00 -1.08e-15 | 1.6382 14.52  19522    0      0      0 | 1.3962 14.63 | 0.00e+00 5.00e-02 |   2.8592 0.7148  0.8549  3.3189 0.500 10.00 | PAIR-CHANNEL-DEAD
# CONVTAG t=444.00 rough=0.000000 cond=0.942814 evap=0.000000 backs=0.000000
t=  446.00 -1.08e-15 | 1.6383 14.52  19525    0      0      0 | 1.3963 14.63 | 0.00e+00 4.53e-02 |   2.9272 0.7318  0.7480  3.3539 0.500  9.00 | PAIR-CHANNEL-DEAD
# CONVTAG t=446.00 rough=0.000000 cond=0.942814 evap=0.000000 backs=0.000000
t=  448.00 -1.08e-15 | 1.6382 14.52  19517    0      0      0 | 1.3962 14.63 | 0.00e+00 3.98e-02 |   2.9334 0.7333  0.7360  3.3632 0.500  9.00 | PAIR-CHANNEL-DEAD
# CONVTAG t=448.00 rough=0.000000 cond=0.942814 evap=0.000000 backs=0.000000
t=  450.00 -1.08e-15 | 1.6382 14.52  19520    0      0      0 | 1.3961 14.63 | 0.00e+00 4.07e-02 |   2.8308 0.7077  0.8913  3.3421 0.500  9.00 | PAIR-CHANNEL-DEAD
# CONVTAG t=450.00 rough=0.000000 cond=0.942814 evap=0.000000 backs=0.000000
t=  452.00 -1.08e-15 | 1.6381 14.52  19517    0      0      0 | 1.3961 14.63 | 0.00e+00 4.68e-02 |   2.3480 0.5870  1.8348  3.2204 0.500 10.00 | PAIR-CHANNEL-DEAD
# CONVTAG t=452.00 rough=0.000000 cond=0.942814 evap=0.000000 backs=0.000000
t=  454.00 -1.08e-15 | 1.6381 14.51  19507    0      0      0 | 1.3960 14.62 | 0.00e+00 4.89e-02 |   2.1769 0.5442  2.2710  2.4877 0.500 10.50 | PAIR-CHANNEL-DEAD
# CONVTAG t=454.00 rough=0.000000 cond=0.942814 evap=0.000000 backs=0.000000
t=  456.00 -1.08e-15 | 1.6381 14.51  19511    0      0      0 | 1.3960 14.63 | 0.00e+00 4.94e-02 |   2.1314 0.5328  2.3959  2.2994 0.500 11.00 | PAIR-CHANNEL-DEAD
# CONVTAG t=456.00 rough=0.000000 cond=0.942814 evap=0.000000 backs=0.000000
t=  458.00 -1.08e-15 | 1.6381 14.51  19506    0      0      0 | 1.3960 14.63 | 0.00e+00 4.33e-02 |   2.1877 0.5469  2.2377  2.4412 0.500 11.00 | PAIR-CHANNEL-DEAD
# CONVTAG t=458.00 rough=0.000000 cond=0.942814 evap=0.000000 backs=0.000000
t=  460.00 -1.08e-15 | 1.6381 14.51  19511    0      0      0 | 1.3960 14.63 | 0.00e+00 4.33e-02 |   2.5768 0.6442  1.3371  3.1125 0.500 11.00 | PAIR-CHANNEL-DEAD
# CONVTAG t=460.00 rough=0.000000 cond=0.942814 evap=0.000000 backs=0.000000
t=  462.00 -1.08e-15 | 1.6381 14.52  19516    0      0      0 | 1.3961 14.63 | 0.00e+00 5.00e-02 |   2.6048 0.6512  1.2835  3.1466 0.500 10.50 | PAIR-CHANNEL-DEAD
# CONVTAG t=462.00 rough=0.000000 cond=0.942814 evap=0.000000 backs=0.000000
t=  464.00 -1.08e-15 | 1.6382 14.51  19508    0      0      0 | 1.3960 14.63 | 0.00e+00 4.43e-02 |   2.5489 0.6372  1.3910  3.1128 0.500 10.50 | PAIR-CHANNEL-DEAD
# CONVTAG t=464.00 rough=0.000000 cond=0.942814 evap=0.000000 backs=0.000000
t=  466.00 -1.08e-15 | 1.6382 14.53  19529    0      0      0 | 1.3963 14.63 | 0.00e+00 4.60e-02 |   2.4917 0.6229  1.5071  3.0377 0.500 10.50 | PAIR-CHANNEL-DEAD
# CONVTAG t=466.00 rough=0.000000 cond=0.942814 evap=0.000000 backs=0.000000
t=  468.00 -1.08e-15 | 1.6382 14.52  19523    0      0      0 | 1.3962 14.63 | 0.00e+00 4.09e-02 |   2.4655 0.6164  1.5630  2.9901 0.500 10.50 | PAIR-CHANNEL-DEAD
# CONVTAG t=468.00 rough=0.000000 cond=0.942814 evap=0.000000 backs=0.000000
t=  470.00 -1.08e-15 | 1.6383 14.52  19517    0      0      0 | 1.3962 14.63 | 0.00e+00 4.56e-02 |   2.4634 0.6158  1.5679  2.9820 0.500 10.50 | PAIR-CHANNEL-DEAD
# CONVTAG t=470.00 rough=0.000000 cond=0.942814 evap=0.000000 backs=0.000000
t=  472.00 -1.08e-15 | 1.6383 14.52  19517    0      0      0 | 1.3961 14.63 | 0.00e+00 5.00e-02 |   2.4623 0.6156  1.5688  2.9812 0.500 10.50 | PAIR-CHANNEL-DEAD
# CONVTAG t=472.00 rough=0.000000 cond=0.942814 evap=0.000000 backs=0.000000
t=  474.00 -1.08e-15 | 1.6382 14.52  19528    0      0      0 | 1.3963 14.63 | 0.00e+00 4.94e-02 |   2.4600 0.6150  1.5703  2.9802 0.500 10.50 | PAIR-CHANNEL-DEAD
# CONVTAG t=474.00 rough=0.000000 cond=0.942814 evap=0.000000 backs=0.000000
t=  476.00 -1.08e-15 | 1.6382 14.53  19533    0      0      0 | 1.3963 14.63 | 0.00e+00 4.37e-02 |   2.4551 0.6138  1.5739  2.9780 0.500 10.50 | PAIR-CHANNEL-DEAD
# CONVTAG t=476.00 rough=0.000000 cond=0.942814 evap=0.000000 backs=0.000000
t=  478.00 -1.08e-15 | 1.6382 14.52  19524    0      0      0 | 1.3962 14.63 | 0.00e+00 5.00e-02 |   2.4402 0.6101  1.5893  2.9681 0.500 10.50 | PAIR-CHANNEL-DEAD
# CONVTAG t=478.00 rough=0.000000 cond=0.942814 evap=0.000000 backs=0.000000
t=  480.00 -1.08e-15 | 1.6382 14.52  19516    0      0      0 | 1.3961 14.63 | 0.00e+00 4.50e-02 |   2.3939 0.5985  1.6902  2.9010 0.500 10.50 | PAIR-CHANNEL-DEAD
# CONVTAG t=480.00 rough=0.000000 cond=0.942814 evap=0.000000 backs=0.000000
#
# RESULT drift_rel -1.078e-15
# RESULT births 0 deaths 0 beta_returns 0 beta_energy 0.000000e+00
# RESULT conv rough=52.693621 cond=624.640727 evap=0.000000 backs=6.873081 rad=0.000000
# RESULT convtag rough=0.000000 cond=0.942814 evap=0.000000 backs=0.000000 net=0.942814
# RESULT geometry phi_nom=1.6382 z_live=14.52 dbar=1.3961 sigma_d=0.1463
# RESULT pair CHANNEL DEAD
