# freecell — v89 free-cell substance test (exp=pair)
# laws = laws_V2g VERBATIM (defaults): C=1 w1=1.65 w2=2.9 q_detune=1.2
# gamma_res=0.25 gamma_res_m=0.1 p_gate=8 lock_floor=0.005 k_dep=1.2 k_dep_m=2 cap=2.5
# e_s0=1 es_floor=0.05 e_cond=0 f_conv=0.25 f_evap=0.5 s_pull=0.15
# kappa_lock=1 kappa_align=0.5 s_k=0.06 s_disp=0.3 sigma_tumble=0.01
# comb_limit=6 rough_k=0.35 gamma_rough=0.5 mob_sym=1 mob_floor=0.004 field_J=1.8
# quant_A0=1.15 quant_mode=2 (A0eff=1.15)
# v91 radiance (laws_V3r candidate A): k_rad=0 p_rad=4 rad_clock=0
# GEOMETRY (apparatus): cfac=1.15 k_rep=1 mob_geo=1 kappa_bond=1 freeze_geo=1
# bath=1 bath_frac=1 jam_sweeps=800 jam_k=0.1 L=16 dt=0.02 T=480 seed=111 diag_every=100
# JAM sweeps=800 max_step=1.449e-04 (tol 1.0e-04, k_end=0.0010) — witness for the settle
# SEED pair: i=1018 j=1538 x=0.7200/0.7200 p:q=1:1 m=1 d*=2.019286 d0=7.003921 (doff +4.9807)
# SEED pair radii r=0.8003 contact=1.6215  Em/voice=1.8000
# SEED noise: amp=0.5 (e1-class churn)
# INIT NC=2663 slots=25099 live=20089 phi_nom=1.6757 z_live=15.09 dbar=1.4088 sigma_d=14.52% E0=3345.240815049
#
# t | drift_rel | phi_nom z_live NLa NLd births deaths | dbar sigma_d% | maxstep maxbond | Em_tag ret com_dev rms conn z_tag | pair: d delta gf gb | core/far
t=    0.00 +0.00e+00 | 1.6757 15.09  20089    0      0      0 | 1.4088 14.52 | 0.00e+00 0.00e+00 |   3.6000 1.0000  0.1375  3.5020 0.500 14.50 | PAIR-CHANNEL-DEAD
# CONVTAG t=0.00 rough=0.000000 cond=0.000000 evap=0.000000 backs=0.000000
t=    2.00 -2.72e-16 | 1.6757 15.05  20034    0      0      0 | 1.4082 14.52 | 0.00e+00 3.20e-04 |   3.5970 0.9992  0.1375  3.5019 0.500 11.50 | PAIR-CHANNEL-DEAD
# CONVTAG t=2.00 rough=0.000000 cond=0.000000 evap=0.000000 backs=0.000000
t=    4.00 -4.08e-16 | 1.6755 15.00  19976    0      0      0 | 1.4073 14.51 | 0.00e+00 4.10e-04 |   3.5921 0.9978  0.1375  3.5019 0.500 11.00 | PAIR-CHANNEL-DEAD
# CONVTAG t=4.00 rough=0.000000 cond=0.000000 evap=0.000000 backs=0.000000
# QATOM t=5.62 dir=FD w=1.65 e=0.301996504517
t=    6.00 -6.80e-16 | 1.6755 15.00  19975    0      0      0 | 1.4074 14.51 | 0.00e+00 3.54e-04 |   3.5864 0.9962  0.1376  3.5019 0.500 10.00 | PAIR-CHANNEL-DEAD
# CONVTAG t=6.00 rough=0.000000 cond=0.000000 evap=0.000000 backs=0.000000
t=    8.00 -8.16e-16 | 1.6752 14.98  19952    0      0      0 | 1.4070 14.50 | 0.00e+00 2.32e-04 |   3.5789 0.9942  0.1381  3.5019 0.500 10.50 | PAIR-CHANNEL-DEAD
# CONVTAG t=8.00 rough=0.000000 cond=0.000000 evap=0.000000 backs=0.000000
t=   10.00 -8.16e-16 | 1.6751 14.99  19964    0      0      0 | 1.4072 14.51 | 0.00e+00 1.67e-04 |   3.5705 0.9918  0.1386  3.5019 0.500 10.50 | PAIR-CHANNEL-DEAD
# CONVTAG t=10.00 rough=0.000000 cond=0.000000 evap=0.000000 backs=0.000000
t=   12.00 -8.16e-16 | 1.6740 14.98  19944    0      0      0 | 1.4070 14.51 | 0.00e+00 2.59e-02 |   3.5626 0.9896  0.1386  3.5019 0.500 10.50 | PAIR-CHANNEL-DEAD
# CONVTAG t=12.00 rough=0.000000 cond=0.000000 evap=0.000000 backs=0.000000
t=   14.00 -8.16e-16 | 1.6730 14.97  19933    0      0      0 | 1.4069 14.51 | 0.00e+00 3.12e-02 |   3.5567 0.9880  0.1382  3.5019 0.500 10.50 | PAIR-CHANNEL-DEAD
# CONVTAG t=14.00 rough=0.000000 cond=0.000000 evap=0.000000 backs=0.000000
t=   16.00 -8.16e-16 | 1.6712 14.95  19905    0      0      0 | 1.4065 14.51 | 0.00e+00 2.07e-02 |   3.5517 0.9866  0.1378  3.5019 0.500 10.00 | PAIR-CHANNEL-DEAD
# CONVTAG t=16.00 rough=0.000000 cond=0.000000 evap=0.000000 backs=0.000000
# QATOM t=16.96 dir=FD w=1.64998956 e=0.301994593471
t=   18.00 -8.16e-16 | 1.6690 14.93  19878    0      0      0 | 1.4061 14.50 | 0.00e+00 9.35e-03 |   3.5534 0.9871  0.1375  3.5019 0.500 10.00 | PAIR-CHANNEL-DEAD
# CONVTAG t=18.00 rough=0.000000 cond=0.000000 evap=0.000000 backs=0.000000
t=   20.00 -8.16e-16 | 1.6667 14.89  19820    0      0      0 | 1.4053 14.49 | 0.00e+00 1.80e-02 |   3.5357 0.9822  0.1385  3.5018 0.500  8.50 | PAIR-CHANNEL-DEAD
# CONVTAG t=20.00 rough=0.000000 cond=0.000000 evap=0.000000 backs=0.000000
# QATOM t=21.92 dir=FD w=1.64942568 e=0.30189138824
t=   22.00 -8.16e-16 | 1.6640 14.86  19789    0      0      0 | 1.4049 14.49 | 0.00e+00 1.76e-02 |   3.5254 0.9793  0.1390  3.5019 0.500  9.50 | PAIR-CHANNEL-DEAD
# CONVTAG t=22.00 rough=0.000000 cond=0.000000 evap=0.000000 backs=0.000000
t=   24.00 -8.16e-16 | 1.6608 14.82  19738    0      0      0 | 1.4041 14.47 | 0.00e+00 1.73e-02 |   3.5275 0.9799  0.1383  3.5019 0.500 10.00 | PAIR-CHANNEL-DEAD
# CONVTAG t=24.00 rough=0.000000 cond=0.000000 evap=0.000000 backs=0.000000
# QATOM t=25.86 dir=FD w=1.64848578 e=0.301719360292
t=   26.00 -8.16e-16 | 1.6583 14.81  19716    0      0      0 | 1.4039 14.48 | 0.00e+00 2.53e-02 |   3.5269 0.9797  0.1381  3.5018 0.500 10.00 | PAIR-CHANNEL-DEAD
# CONVTAG t=26.00 rough=0.000000 cond=0.000000 evap=0.000000 backs=0.000000
t=   28.00 -8.16e-16 | 1.6560 14.80  19712    0      0      0 | 1.4038 14.48 | 0.00e+00 4.85e-02 |   3.5052 0.9737  0.1409  3.5018 0.500 10.00 | PAIR-CHANNEL-DEAD
# CONVTAG t=28.00 rough=0.000000 cond=0.000000 evap=0.000000 backs=0.000000
t=   30.00 -8.16e-16 | 1.6531 14.78  19685    0      0      0 | 1.4035 14.47 | 0.00e+00 3.31e-02 |   3.5026 0.9729  0.1404  3.5018 0.500 10.00 | PAIR-CHANNEL-DEAD
# CONVTAG t=30.00 rough=0.000000 cond=0.000000 evap=0.000000 backs=0.000000
# QATOM t=30.26 dir=FD w=1.64893735 e=0.301802008956
t=   32.00 -8.16e-16 | 1.6504 14.76  19653    0      0      0 | 1.4030 14.46 | 0.00e+00 2.27e-02 |   3.5065 0.9740  0.1394  3.5018 0.500 10.50 | PAIR-CHANNEL-DEAD
# CONVTAG t=32.00 rough=0.000000 cond=0.000000 evap=0.000000 backs=0.000000
t=   34.00 -8.16e-16 | 1.6482 14.74  19622    0      0      0 | 1.4026 14.46 | 0.00e+00 2.81e-02 |   3.4989 0.9719  0.1406  3.5018 0.500 10.50 | PAIR-CHANNEL-DEAD
# CONVTAG t=34.00 rough=0.000000 cond=0.000000 evap=0.000000 backs=0.000000
# QATOM t=34.74 dir=FD w=1.64904906 e=0.301822455911
t=   36.00 -8.16e-16 | 1.6464 14.73  19612    0      0      0 | 1.4024 14.46 | 0.00e+00 1.94e-02 |   3.4946 0.9707  0.1406  3.5018 0.500 10.00 | PAIR-CHANNEL-DEAD
# CONVTAG t=36.00 rough=0.000000 cond=0.000000 evap=0.000000 backs=0.000000
t=   38.00 -8.16e-16 | 1.6446 14.72  19594    0      0      0 | 1.4022 14.45 | 0.00e+00 2.42e-02 |   3.4940 0.9706  0.1401  3.5018 0.500 10.00 | PAIR-CHANNEL-DEAD
# CONVTAG t=38.00 rough=0.000000 cond=0.000000 evap=0.000000 backs=0.000000
t=   40.00 -8.16e-16 | 1.6427 14.71  19583    0      0      0 | 1.4021 14.46 | 0.00e+00 2.47e-02 |   3.4871 0.9686  0.1412  3.5017 0.500 10.00 | PAIR-CHANNEL-DEAD
# CONVTAG t=40.00 rough=0.000000 cond=0.000000 evap=0.000000 backs=0.000000
# QATOM t=40.92 dir=FD w=1.64719502 e=0.301483113515
t=   42.00 -8.16e-16 | 1.6411 14.69  19558    0      0      0 | 1.4017 14.45 | 0.00e+00 3.92e-02 |   3.4781 0.9661  0.1437  3.5016 0.500 10.50 | PAIR-CHANNEL-DEAD
# CONVTAG t=42.00 rough=0.000000 cond=0.000000 evap=0.000000 backs=0.000000
t=   44.00 -8.16e-16 | 1.6400 14.67  19532    0      0      0 | 1.4014 14.45 | 0.00e+00 2.45e-02 |   3.4535 0.9593  0.1535  3.5011 0.500 11.00 | PAIR-CHANNEL-DEAD
# CONVTAG t=44.00 rough=0.000000 cond=0.000000 evap=0.000000 backs=0.000000
t=   46.00 -8.16e-16 | 1.6388 14.66  19517    0      0      0 | 1.4012 14.45 | 0.00e+00 3.48e-02 |   3.4279 0.9522  0.1648  3.5006 0.500 11.00 | PAIR-CHANNEL-DEAD
# CONVTAG t=46.00 rough=0.000000 cond=0.000000 evap=0.000000 backs=0.000000
t=   48.00 -8.16e-16 | 1.6373 14.65  19513    0      0      0 | 1.4012 14.45 | 0.00e+00 3.05e-02 |   3.4183 0.9495  0.1649  3.5006 0.500 11.00 | PAIR-CHANNEL-DEAD
# CONVTAG t=48.00 rough=0.000000 cond=0.000000 evap=0.000000 backs=0.000000
# QATOM t=49.30 dir=FD w=1.64175188 e=0.300486865769
t=   50.00 -8.16e-16 | 1.6363 14.62  19473    0      0      0 | 1.4006 14.44 | 0.00e+00 5.00e-02 |   3.3759 0.9378  0.1887  3.4992 0.500 10.00 | PAIR-CHANNEL-DEAD
# CONVTAG t=50.00 rough=0.000000 cond=0.000000 evap=0.000000 backs=0.000000
t=   52.00 -8.16e-16 | 1.6354 14.63  19477    0      0      0 | 1.4007 14.44 | 0.00e+00 3.78e-02 |   3.3264 0.9240  0.2276  3.4969 0.500  9.50 | PAIR-CHANNEL-DEAD
# CONVTAG t=52.00 rough=0.000000 cond=0.000000 evap=0.000000 backs=0.000000
t=   54.00 -8.16e-16 | 1.6346 14.62  19466    0      0      0 | 1.4005 14.44 | 0.00e+00 3.47e-02 |   3.3075 0.9188  0.2436  3.4959 0.500 10.50 | PAIR-CHANNEL-DEAD
# CONVTAG t=54.00 rough=0.000000 cond=0.000000 evap=0.000000 backs=0.000000
t=   56.00 -8.16e-16 | 1.6337 14.63  19474    0      0      0 | 1.4007 14.45 | 0.00e+00 3.47e-02 |   3.3000 0.9167  0.2496  3.4956 0.500 10.50 | PAIR-CHANNEL-DEAD
# CONVTAG t=56.00 rough=0.000000 cond=0.000000 evap=0.000000 backs=0.000000
t=   58.00 -8.16e-16 | 1.6330 14.61  19459    0      0      0 | 1.4004 14.44 | 0.00e+00 2.94e-02 |   3.5021 0.9728  0.1376  3.5019 0.500 10.00 | PAIR-CHANNEL-DEAD
# CONVTAG t=58.00 rough=0.000000 cond=0.173142 evap=0.000000 backs=0.000000
t=   60.00 -8.16e-16 | 1.6323 14.60  19438    0      0      0 | 1.4001 14.44 | 0.00e+00 3.36e-02 |   3.5284 0.9801  0.1416  3.5017 0.500  9.50 | PAIR-CHANNEL-DEAD
# CONVTAG t=60.00 rough=0.000000 cond=0.173142 evap=0.000000 backs=0.000000
t=   62.00 -8.16e-16 | 1.6319 14.59  19422    0      0      0 | 1.4000 14.44 | 0.00e+00 4.95e-02 |   3.5542 0.9873  0.1507  3.5014 0.500 10.50 | PAIR-CHANNEL-DEAD
# CONVTAG t=62.00 rough=0.000000 cond=0.173142 evap=0.000000 backs=0.000000
# QATOM t=63.04 dir=FD w=1.20018914 e=0.219668439164
t=   64.00 -8.16e-16 | 1.6314 14.59  19423    0      0      0 | 1.4000 14.44 | 0.00e+00 4.44e-02 |   3.5544 0.9873  0.1510  3.5017 0.500 10.50 | PAIR-CHANNEL-DEAD
# CONVTAG t=64.00 rough=0.000000 cond=0.173142 evap=0.000000 backs=0.000000
t=   66.00 -8.16e-16 | 1.6309 14.57  19400    0      0      0 | 1.3996 14.43 | 0.00e+00 4.32e-02 |   3.5411 0.9836  0.1457  3.5016 0.500 10.50 | PAIR-CHANNEL-DEAD
# CONVTAG t=66.00 rough=0.000000 cond=0.173142 evap=0.000000 backs=0.000000
t=   68.00 -8.16e-16 | 1.6305 14.56  19389    0      0      0 | 1.3995 14.43 | 0.00e+00 4.18e-02 |   3.4703 0.9640  0.1384  3.5016 0.500 10.00 | PAIR-CHANNEL-DEAD
# CONVTAG t=68.00 rough=0.000000 cond=0.173142 evap=0.000000 backs=0.000000
t=   70.00 -8.16e-16 | 1.6301 14.55  19379    0      0      0 | 1.3994 14.43 | 0.00e+00 3.10e-02 |   3.3980 0.9439  0.1611  3.5008 0.500 10.00 | PAIR-CHANNEL-DEAD
# CONVTAG t=70.00 rough=0.000000 cond=0.173142 evap=0.000000 backs=0.000000
t=   72.00 -8.16e-16 | 1.6296 14.56  19392    0      0      0 | 1.3995 14.43 | 0.00e+00 3.54e-02 |   3.3788 0.9386  0.1678  3.5005 0.500 10.50 | PAIR-CHANNEL-DEAD
# CONVTAG t=72.00 rough=0.000000 cond=0.173142 evap=0.000000 backs=0.000000
t=   74.00 -9.52e-16 | 1.6294 14.56  19382    0      0      0 | 1.3994 14.43 | 0.00e+00 5.00e-02 |   3.3816 0.9393  0.1659  3.5006 0.500 11.00 | PAIR-CHANNEL-DEAD
# CONVTAG t=74.00 rough=0.000000 cond=0.173142 evap=0.000000 backs=0.000000
t=   76.00 -8.16e-16 | 1.6291 14.54  19364    0      0      0 | 1.3991 14.43 | 0.00e+00 3.69e-02 |   3.3836 0.9399  0.1649  3.5005 0.500 11.00 | PAIR-CHANNEL-DEAD
# CONVTAG t=76.00 rough=0.000000 cond=0.173142 evap=0.000000 backs=0.000000
t=   78.00 -8.16e-16 | 1.6289 14.54  19357    0      0      0 | 1.3991 14.43 | 0.00e+00 4.28e-02 |   3.4234 0.9509  0.1472  3.5013 0.500 11.00 | PAIR-CHANNEL-DEAD
# CONVTAG t=78.00 rough=0.000000 cond=0.173142 evap=0.000000 backs=0.000000
t=   80.00 -8.16e-16 | 1.6288 14.54  19364    0      0      0 | 1.3992 14.43 | 0.00e+00 3.79e-02 |   3.4781 0.9661  0.1394  3.5018 0.500 11.00 | PAIR-CHANNEL-DEAD
# CONVTAG t=80.00 rough=0.000000 cond=0.173142 evap=0.000000 backs=0.000000
t=   82.00 -8.16e-16 | 1.6285 14.52  19337    0      0      0 | 1.3989 14.43 | 0.00e+00 3.67e-02 |   3.4814 0.9671  0.1415  3.5018 0.500 10.50 | PAIR-CHANNEL-DEAD
# CONVTAG t=82.00 rough=0.000000 cond=0.173142 evap=0.000000 backs=0.000000
t=   84.00 -8.16e-16 | 1.6283 14.55  19371    0      0      0 | 1.3994 14.44 | 0.00e+00 4.83e-02 |   3.4714 0.9643  0.1393  3.5018 0.500 10.00 | PAIR-CHANNEL-DEAD
# CONVTAG t=84.00 rough=0.000000 cond=0.173142 evap=0.000000 backs=0.000000
t=   86.00 -8.16e-16 | 1.6280 14.54  19364    0      0      0 | 1.3993 14.44 | 0.00e+00 3.68e-02 |   3.4108 0.9474  0.1430  3.5013 0.500 10.50 | PAIR-CHANNEL-DEAD
# CONVTAG t=86.00 rough=0.000000 cond=0.173142 evap=0.000000 backs=0.000000
t=   88.00 -8.16e-16 | 1.6276 14.54  19359    0      0      0 | 1.3992 14.44 | 0.00e+00 4.84e-02 |   3.2609 0.9058  0.2440  3.4952 0.500 11.00 | PAIR-CHANNEL-DEAD
# CONVTAG t=88.00 rough=0.000000 cond=0.173142 evap=0.000000 backs=0.000000
t=   90.00 -8.16e-16 | 1.6274 14.52  19330    0      0      0 | 1.3988 14.43 | 0.00e+00 3.13e-02 |   2.9190 0.8108  0.6392  3.4437 0.500 11.00 | PAIR-CHANNEL-DEAD
# CONVTAG t=90.00 rough=0.000000 cond=0.173142 evap=0.000000 backs=0.000000
t=   92.00 -8.16e-16 | 1.6272 14.52  19327    0      0      0 | 1.3987 14.43 | 0.00e+00 4.91e-02 |   2.7812 0.7726  0.8350  3.4020 0.500 11.00 | PAIR-CHANNEL-DEAD
# CONVTAG t=92.00 rough=0.000000 cond=0.173142 evap=0.000000 backs=0.000000
t=   94.00 -8.16e-16 | 1.6272 14.53  19342    0      0      0 | 1.3990 14.43 | 0.00e+00 4.12e-02 |   2.6955 0.7487  0.9696  3.3787 0.500 11.50 | PAIR-CHANNEL-DEAD
# CONVTAG t=94.00 rough=0.000000 cond=0.173142 evap=0.000000 backs=0.000000
# QATOM t=95.14 dir=FD w=1.51495155 e=0.277278832242
t=   96.00 -8.16e-16 | 1.6271 14.52  19329    0      0      0 | 1.3988 14.43 | 0.00e+00 4.55e-02 |   2.6877 0.7466  0.9825  3.3627 0.500 12.00 | PAIR-CHANNEL-DEAD
# CONVTAG t=96.00 rough=0.000000 cond=0.173142 evap=0.000000 backs=0.000000
t=   98.00 -9.52e-16 | 1.6269 14.53  19344    0      0      0 | 1.3990 14.43 | 0.00e+00 4.69e-02 |   2.6991 0.7498  0.9648  3.3676 0.500 12.00 | PAIR-CHANNEL-DEAD
# CONVTAG t=98.00 rough=0.000000 cond=0.173142 evap=0.000000 backs=0.000000
t=  100.00 -9.52e-16 | 1.6267 14.52  19337    0      0      0 | 1.3989 14.43 | 0.00e+00 3.18e-02 |   2.9933 0.8315  0.9528  3.3702 0.500 11.50 | PAIR-CHANNEL-DEAD
# CONVTAG t=100.00 rough=0.000000 cond=0.338832 evap=0.000000 backs=0.000000
t=  102.00 -9.52e-16 | 1.6266 14.52  19327    0      0      0 | 1.3988 14.43 | 0.00e+00 4.94e-02 |   3.3369 0.9269  0.4917  3.4678 0.500 11.00 | PAIR-CHANNEL-DEAD
# CONVTAG t=102.00 rough=0.000000 cond=0.338832 evap=0.000000 backs=0.000000
t=  104.00 -9.52e-16 | 1.6264 14.50  19309    0      0      0 | 1.3985 14.43 | 0.00e+00 4.42e-02 |   3.5484 0.9857  0.2702  3.4937 0.500 10.50 | PAIR-CHANNEL-DEAD
# CONVTAG t=104.00 rough=0.000000 cond=0.338832 evap=0.000000 backs=0.000000
t=  106.00 -9.52e-16 | 1.6264 14.51  19316    0      0      0 | 1.3986 14.43 | 0.00e+00 3.53e-02 |   3.5981 0.9995  0.2221  3.4973 0.500 10.50 | PAIR-CHANNEL-DEAD
# CONVTAG t=106.00 rough=0.000000 cond=0.338832 evap=0.000000 backs=0.000000
t=  108.00 -9.52e-16 | 1.6264 14.51  19325    0      0      0 | 1.3987 14.43 | 0.00e+00 4.42e-02 |   3.6009 1.0003  0.2123  3.4980 0.500 11.00 | PAIR-CHANNEL-DEAD
# CONVTAG t=108.00 rough=0.000000 cond=0.338832 evap=0.000000 backs=0.000000
t=  110.00 -9.52e-16 | 1.6262 14.51  19314    0      0      0 | 1.3985 14.43 | 0.00e+00 3.71e-02 |   3.5512 0.9864  0.2315  3.4965 0.500 11.00 | PAIR-CHANNEL-DEAD
# CONVTAG t=110.00 rough=0.000000 cond=0.338832 evap=0.000000 backs=0.000000
t=  112.00 -9.52e-16 | 1.6260 14.49  19296    0      0      0 | 1.3983 14.42 | 0.00e+00 3.88e-02 |   3.3992 0.9442  0.3756  3.4829 0.500 11.00 | PAIR-CHANNEL-DEAD
# CONVTAG t=112.00 rough=0.000000 cond=0.338832 evap=0.000000 backs=0.000000
t=  114.00 -9.52e-16 | 1.6258 14.50  19305    0      0      0 | 1.3984 14.42 | 0.00e+00 4.85e-02 |   2.9292 0.8137  0.9788  3.3633 0.500 10.50 | PAIR-CHANNEL-DEAD
# CONVTAG t=114.00 rough=0.000000 cond=0.338832 evap=0.000000 backs=0.000000
t=  116.00 -9.52e-16 | 1.6256 14.50  19306    0      0      0 | 1.3985 14.43 | 0.00e+00 4.36e-02 |   2.8627 0.7952  1.0819  3.3314 0.500 10.00 | PAIR-CHANNEL-DEAD
# CONVTAG t=116.00 rough=0.000000 cond=0.338832 evap=0.000000 backs=0.000000
t=  118.00 -9.52e-16 | 1.6255 14.49  19295    0      0      0 | 1.3983 14.43 | 0.00e+00 5.00e-02 |   2.7235 0.7565  1.2935  3.2537 0.500 10.50 | PAIR-CHANNEL-DEAD
# CONVTAG t=118.00 rough=0.000000 cond=0.338832 evap=0.000000 backs=0.000000
t=  120.00 -9.52e-16 | 1.6254 14.49  19299    0      0      0 | 1.3984 14.43 | 0.00e+00 3.43e-02 |   2.2298 0.6194  2.3324  2.6078 0.500 13.50 | PAIR-CHANNEL-DEAD
# CONVTAG t=120.00 rough=0.000000 cond=0.338832 evap=0.000000 backs=0.000000
t=  122.00 -9.52e-16 | 1.6255 14.50  19310    0      0      0 | 1.3985 14.43 | 0.00e+00 4.16e-02 |   2.2030 0.6120  2.3912  2.5558 0.500 13.00 | PAIR-CHANNEL-DEAD
# CONVTAG t=122.00 rough=0.000000 cond=0.338832 evap=0.000000 backs=0.000000
t=  124.00 -9.52e-16 | 1.6254 14.49  19300    0      0      0 | 1.3984 14.43 | 0.00e+00 4.86e-02 |   2.2716 0.6310  2.2072  2.7160 0.500 13.00 | PAIR-CHANNEL-DEAD
# CONVTAG t=124.00 rough=0.000000 cond=0.338832 evap=0.000000 backs=0.000000
t=  126.00 -9.52e-16 | 1.6252 14.49  19291    0      0      0 | 1.3983 14.43 | 0.00e+00 3.91e-02 |   2.7952 0.7764  1.1365  3.3132 0.500 13.00 | PAIR-CHANNEL-DEAD
# CONVTAG t=126.00 rough=0.000000 cond=0.338832 evap=0.000000 backs=0.000000
t=  128.00 -9.52e-16 | 1.6251 14.49  19300    0      0      0 | 1.3985 14.43 | 0.00e+00 4.14e-02 |   2.8610 0.7947  1.0302  3.3480 0.500 13.00 | PAIR-CHANNEL-DEAD
# CONVTAG t=128.00 rough=0.000000 cond=0.338832 evap=0.000000 backs=0.000000
t=  130.00 -1.09e-15 | 1.6249 14.49  19291    0      0      0 | 1.3983 14.43 | 0.00e+00 3.73e-02 |   2.9691 0.8247  0.8684  3.3928 0.500 12.50 | PAIR-CHANNEL-DEAD
# CONVTAG t=130.00 rough=0.000000 cond=0.338832 evap=0.000000 backs=0.000000
t=  132.00 -1.09e-15 | 1.6248 14.49  19300    0      0      0 | 1.3984 14.43 | 0.00e+00 4.34e-02 |   3.3161 0.9211  0.4186  3.4778 0.500 11.50 | PAIR-CHANNEL-DEAD
# CONVTAG t=132.00 rough=0.000000 cond=0.338832 evap=0.000000 backs=0.000000
t=  134.00 -1.09e-15 | 1.6246 14.49  19288    0      0      0 | 1.3983 14.43 | 0.00e+00 3.85e-02 |   3.4983 0.9718  0.2292  3.4966 0.500 10.50 | PAIR-CHANNEL-DEAD
# CONVTAG t=134.00 rough=0.000000 cond=0.338832 evap=0.000000 backs=0.000000
t=  136.00 -1.09e-15 | 1.6245 14.49  19289    0      0      0 | 1.3983 14.43 | 0.00e+00 5.00e-02 |   3.5466 0.9852  0.1870  3.4994 0.500 11.00 | PAIR-CHANNEL-DEAD
# CONVTAG t=136.00 rough=0.000000 cond=0.338832 evap=0.000000 backs=0.000000
t=  138.00 -1.09e-15 | 1.6244 14.48  19285    0      0      0 | 1.3982 14.43 | 0.00e+00 4.24e-02 |   3.5434 0.9843  0.1838  3.4996 0.500 11.00 | PAIR-CHANNEL-DEAD
# CONVTAG t=138.00 rough=0.000000 cond=0.338832 evap=0.000000 backs=0.000000
t=  140.00 -1.09e-15 | 1.6244 14.49  19287    0      0      0 | 1.3982 14.43 | 0.00e+00 3.55e-02 |   3.5163 0.9767  0.2019  3.4985 0.500 11.00 | PAIR-CHANNEL-DEAD
# CONVTAG t=140.00 rough=0.000000 cond=0.338832 evap=0.000000 backs=0.000000
t=  142.00 -1.09e-15 | 1.6244 14.49  19292    0      0      0 | 1.3983 14.43 | 0.00e+00 3.48e-02 |   3.3528 0.9313  0.3506  3.4861 0.500 11.00 | PAIR-CHANNEL-DEAD
# CONVTAG t=142.00 rough=0.000000 cond=0.338832 evap=0.000000 backs=0.000000
t=  144.00 -1.09e-15 | 1.6243 14.48  19283    0      0      0 | 1.3982 14.43 | 0.00e+00 5.00e-02 |   2.8507 0.7919  1.0022  3.3577 0.500 11.00 | PAIR-CHANNEL-DEAD
# CONVTAG t=144.00 rough=0.000000 cond=0.338832 evap=0.000000 backs=0.000000
t=  146.00 -1.09e-15 | 1.6242 14.46  19256    0      0      0 | 1.3978 14.43 | 0.00e+00 3.90e-02 |   2.6983 0.7495  1.2381  3.2750 0.500 12.00 | PAIR-CHANNEL-DEAD
# CONVTAG t=146.00 rough=0.000000 cond=0.338832 evap=0.000000 backs=0.000000
t=  148.00 -1.09e-15 | 1.6241 14.46  19258    0      0      0 | 1.3979 14.43 | 0.00e+00 3.80e-02 |   2.1835 0.6065  2.3399  2.6022 0.500 13.00 | PAIR-CHANNEL-DEAD
# CONVTAG t=148.00 rough=0.000000 cond=0.338832 evap=0.000000 backs=0.000000
t=  150.00 -1.09e-15 | 1.6241 14.47  19272    0      0      0 | 1.3981 14.43 | 0.00e+00 3.36e-02 |   2.1055 0.5849  2.5501  2.3979 0.500 13.50 | PAIR-CHANNEL-DEAD
# CONVTAG t=150.00 rough=0.000000 cond=0.338832 evap=0.000000 backs=0.000000
t=  152.00 -1.09e-15 | 1.6241 14.48  19278    0      0      0 | 1.3982 14.44 | 0.00e+00 3.60e-02 |   2.0918 0.5811  2.5670  2.3798 0.500 13.00 | PAIR-CHANNEL-DEAD
# CONVTAG t=152.00 rough=0.000000 cond=0.338832 evap=0.000000 backs=0.000000
t=  154.00 -1.09e-15 | 1.6241 14.46  19259    0      0      0 | 1.3980 14.43 | 0.00e+00 4.30e-02 |   2.1326 0.5924  2.4436  2.5060 0.500 13.00 | PAIR-CHANNEL-DEAD
# CONVTAG t=154.00 rough=0.000000 cond=0.338832 evap=0.000000 backs=0.000000
t=  156.00 -1.09e-15 | 1.6240 14.46  19253    0      0      0 | 1.3979 14.43 | 0.00e+00 4.35e-02 |   2.1949 0.6097  2.2696  2.6654 0.500 13.00 | PAIR-CHANNEL-DEAD
# CONVTAG t=156.00 rough=0.000000 cond=0.338832 evap=0.000000 backs=0.000000
t=  158.00 -1.09e-15 | 1.6239 14.47  19265    0      0      0 | 1.3981 14.44 | 0.00e+00 3.23e-02 |   2.3006 0.6391  1.9874  2.8810 0.500 13.00 | PAIR-CHANNEL-DEAD
# CONVTAG t=158.00 rough=0.000000 cond=0.338832 evap=0.000000 backs=0.000000
t=  160.00 -1.09e-15 | 1.6238 14.46  19259    0      0      0 | 1.3980 14.43 | 0.00e+00 4.00e-02 |   2.6248 0.7291  1.3001  3.2511 0.500 13.00 | PAIR-CHANNEL-DEAD
# CONVTAG t=160.00 rough=0.000000 cond=0.338832 evap=0.000000 backs=0.000000
t=  162.00 -1.09e-15 | 1.6238 14.46  19248    0      0      0 | 1.3978 14.43 | 0.00e+00 3.42e-02 |   2.7751 0.7709  1.0440  3.3433 0.500 13.50 | PAIR-CHANNEL-DEAD
# CONVTAG t=162.00 rough=0.000000 cond=0.338832 evap=0.000000 backs=0.000000
t=  164.00 -1.09e-15 | 1.6238 14.46  19257    0      0      0 | 1.3980 14.44 | 0.00e+00 3.57e-02 |   2.8000 0.7778  0.9984  3.3570 0.500 13.00 | PAIR-CHANNEL-DEAD
# CONVTAG t=164.00 rough=0.000000 cond=0.338832 evap=0.000000 backs=0.000000
# QATOM t=165.08 dir=FD w=1.16623326 e=0.213453556255
t=  166.00 -1.09e-15 | 1.6237 14.47  19266    0      0      0 | 1.3981 14.44 | 0.00e+00 3.65e-02 |   2.7261 0.7573  1.0982  3.3251 0.500 13.00 | PAIR-CHANNEL-DEAD
# CONVTAG t=166.00 rough=0.000000 cond=0.338832 evap=0.000000 backs=0.000000
t=  168.00 -1.09e-15 | 1.6237 14.48  19275    0      0      0 | 1.3982 14.44 | 0.00e+00 3.76e-02 |   2.6587 0.7385  1.2075  3.2859 0.500 13.00 | PAIR-CHANNEL-DEAD
# CONVTAG t=168.00 rough=0.000000 cond=0.338832 evap=0.000000 backs=0.000000
t=  170.00 -1.09e-15 | 1.6237 14.47  19270    0      0      0 | 1.3981 14.44 | 0.00e+00 4.05e-02 |   2.5776 0.7160  1.3524  3.2292 0.500 13.00 | PAIR-CHANNEL-DEAD
# CONVTAG t=170.00 rough=0.000000 cond=0.338832 evap=0.000000 backs=0.000000
t=  172.00 -1.09e-15 | 1.6237 14.46  19257    0      0      0 | 1.3980 14.44 | 0.00e+00 3.30e-02 |   2.5707 0.7141  1.3662  3.2229 0.500 13.00 | PAIR-CHANNEL-DEAD
# CONVTAG t=172.00 rough=0.000000 cond=0.338832 evap=0.000000 backs=0.000000
t=  174.00 -1.09e-15 | 1.6237 14.46  19257    0      0      0 | 1.3979 14.43 | 0.00e+00 3.39e-02 |   2.6548 0.7374  1.2040  3.2871 0.500 13.00 | PAIR-CHANNEL-DEAD
# CONVTAG t=174.00 rough=0.000000 cond=0.338832 evap=0.000000 backs=0.000000
t=  176.00 -1.09e-15 | 1.6236 14.47  19268    0      0      0 | 1.3981 14.43 | 0.00e+00 3.59e-02 |   2.8179 0.7827  0.9235  3.3780 0.500 13.00 | PAIR-CHANNEL-DEAD
# CONVTAG t=176.00 rough=0.000000 cond=0.338832 evap=0.000000 backs=0.000000
t=  178.00 -1.09e-15 | 1.6235 14.47  19264    0      0      0 | 1.3980 14.43 | 0.00e+00 4.79e-02 |   3.1996 0.8888  0.3975  3.4811 0.500 13.00 | PAIR-CHANNEL-DEAD
# CONVTAG t=178.00 rough=0.000000 cond=0.338832 evap=0.000000 backs=0.000000
t=  180.00 -1.09e-15 | 1.6235 14.46  19260    0      0      0 | 1.3980 14.43 | 0.00e+00 4.53e-02 |   3.3816 0.9393  0.2097  3.4979 0.500 11.00 | PAIR-CHANNEL-DEAD
# CONVTAG t=180.00 rough=0.000000 cond=0.338832 evap=0.000000 backs=0.000000
t=  182.00 -1.09e-15 | 1.6234 14.47  19262    0      0      0 | 1.3980 14.43 | 0.00e+00 4.17e-02 |   3.4466 0.9574  0.1608  3.5008 0.500 11.00 | PAIR-CHANNEL-DEAD
# CONVTAG t=182.00 rough=0.000000 cond=0.338832 evap=0.000000 backs=0.000000
t=  184.00 -1.09e-15 | 1.6234 14.46  19254    0      0      0 | 1.3980 14.44 | 0.00e+00 4.79e-02 |   3.4479 0.9578  0.1598  3.5008 0.500 11.00 | PAIR-CHANNEL-DEAD
# CONVTAG t=184.00 rough=0.000000 cond=0.338832 evap=0.000000 backs=0.000000
t=  186.00 -1.09e-15 | 1.6233 14.45  19245    0      0      0 | 1.3978 14.43 | 0.00e+00 3.70e-02 |   3.4298 0.9527  0.1653  3.5005 0.500 11.00 | PAIR-CHANNEL-DEAD
# CONVTAG t=186.00 rough=0.000000 cond=0.338832 evap=0.000000 backs=0.000000
t=  188.00 -1.09e-15 | 1.6232 14.45  19240    0      0      0 | 1.3977 14.43 | 0.00e+00 4.39e-02 |   3.2701 0.9084  0.2892  3.5215 0.500 11.00 | PAIR-CHANNEL-DEAD
# CONVTAG t=188.00 rough=0.000000 cond=0.338832 evap=0.000000 backs=0.000000
t=  190.00 -1.09e-15 | 1.6232 14.46  19251    0      0      0 | 1.3979 14.43 | 0.00e+00 3.28e-02 |   2.7570 0.7658  0.9596  3.3688 0.500 11.00 | PAIR-CHANNEL-DEAD
# CONVTAG t=190.00 rough=0.000000 cond=0.338832 evap=0.000000 backs=0.000000
t=  192.00 -1.09e-15 | 1.6232 14.47  19263    0      0      0 | 1.3980 14.43 | 0.00e+00 3.66e-02 |   2.6803 0.7445  1.0839  3.3310 0.500 11.50 | PAIR-CHANNEL-DEAD
# CONVTAG t=192.00 rough=0.000000 cond=0.338832 evap=0.000000 backs=0.000000
t=  194.00 -1.09e-15 | 1.6232 14.45  19235    0      0      0 | 1.3976 14.42 | 0.00e+00 3.55e-02 |   2.6664 0.7407  1.1089  3.3229 0.500 12.00 | PAIR-CHANNEL-DEAD
# CONVTAG t=194.00 rough=0.000000 cond=0.338832 evap=0.000000 backs=0.000000
t=  196.00 -1.09e-15 | 1.6232 14.44  19233    0      0      0 | 1.3976 14.42 | 0.00e+00 4.15e-02 |   2.6761 0.7434  1.0819  3.3315 0.500 13.00 | PAIR-CHANNEL-DEAD
# CONVTAG t=196.00 rough=0.000000 cond=0.338832 evap=0.000000 backs=0.000000
t=  198.00 -1.09e-15 | 1.6231 14.45  19246    0      0      0 | 1.3978 14.43 | 0.00e+00 5.00e-02 |   2.7684 0.7690  0.9224  3.3785 0.500 13.00 | PAIR-CHANNEL-DEAD
# CONVTAG t=198.00 rough=0.000000 cond=0.338832 evap=0.000000 backs=0.000000
t=  200.00 -1.09e-15 | 1.6232 14.45  19234    0      0      0 | 1.3976 14.43 | 0.00e+00 4.52e-02 |   3.1506 0.8752  0.3972  3.4791 0.500 11.50 | PAIR-CHANNEL-DEAD
# CONVTAG t=200.00 rough=0.000000 cond=0.338832 evap=0.000000 backs=0.000000
t=  202.00 -1.09e-15 | 1.6231 14.46  19247    0      0      0 | 1.3979 14.44 | 0.00e+00 3.51e-02 |   3.1581 0.8773  0.3845  3.4825 0.500 11.50 | PAIR-CHANNEL-DEAD
# CONVTAG t=202.00 rough=0.314378 cond=0.338832 evap=0.000000 backs=0.041006
t=  204.00 -1.09e-15 | 1.6231 14.44  19231    0      0      0 | 1.3977 14.43 | 0.00e+00 5.00e-02 |   3.2211 0.8947  0.3067  3.4907 0.500 10.50 | PAIR-CHANNEL-DEAD
# CONVTAG t=204.00 rough=0.314378 cond=0.338832 evap=0.000000 backs=0.041006
t=  206.00 -1.09e-15 | 1.6231 14.44  19221    0      0      0 | 1.3975 14.43 | 0.00e+00 3.60e-02 |   3.2069 0.8908  0.3154  3.4900 0.500 11.00 | PAIR-CHANNEL-DEAD
# CONVTAG t=206.00 rough=0.314378 cond=0.338832 evap=0.000000 backs=0.041006
t=  208.00 -1.09e-15 | 1.6230 14.43  19216    0      0      0 | 1.3975 14.43 | 0.00e+00 3.73e-02 |   3.1663 0.8795  0.3517  3.4861 0.500 11.00 | PAIR-CHANNEL-DEAD
# CONVTAG t=208.00 rough=0.314378 cond=0.338832 evap=0.000000 backs=0.041006
t=  210.00 -1.09e-15 | 1.6229 14.44  19222    0      0      0 | 1.3975 14.43 | 0.00e+00 4.86e-02 |   2.9652 0.8237  0.5914  3.4513 0.500 11.00 | PAIR-CHANNEL-DEAD
# CONVTAG t=210.00 rough=0.314378 cond=0.338832 evap=0.000000 backs=0.041006
t=  212.00 -1.09e-15 | 1.6229 14.45  19237    0      0      0 | 1.3977 14.43 | 0.00e+00 3.74e-02 |   2.5393 0.7054  1.2433  3.2736 0.500 11.50 | PAIR-CHANNEL-DEAD
# CONVTAG t=212.00 rough=0.314378 cond=0.338832 evap=0.000000 backs=0.041006
t=  214.00 -1.09e-15 | 1.6229 14.45  19243    0      0      0 | 1.3978 14.44 | 0.00e+00 3.47e-02 |   2.4507 0.6807  1.4020  3.2091 0.500 12.00 | PAIR-CHANNEL-DEAD
# CONVTAG t=214.00 rough=0.314378 cond=0.338832 evap=0.000000 backs=0.041006
t=  216.00 -1.09e-15 | 1.6230 14.45  19238    0      0      0 | 1.3978 14.44 | 0.00e+00 3.92e-02 |   2.4213 0.6726  1.4600  3.2331 0.500 13.00 | PAIR-CHANNEL-DEAD
# CONVTAG t=216.00 rough=0.314378 cond=0.338832 evap=0.000000 backs=0.041006
t=  218.00 -1.09e-15 | 1.6230 14.44  19228    0      0      0 | 1.3976 14.43 | 0.00e+00 4.79e-02 |   2.4607 0.6835  1.3832  3.2160 0.500 13.00 | PAIR-CHANNEL-DEAD
# CONVTAG t=218.00 rough=0.314378 cond=0.338832 evap=0.000000 backs=0.041006
t=  220.00 -1.09e-15 | 1.6230 14.44  19221    0      0      0 | 1.3975 14.43 | 0.00e+00 3.83e-02 |   2.6040 0.7233  1.0950  3.3249 0.500 13.00 | PAIR-CHANNEL-DEAD
# CONVTAG t=220.00 rough=0.314378 cond=0.338832 evap=0.000000 backs=0.041006
t=  222.00 -1.09e-15 | 1.6229 14.43  19217    0      0      0 | 1.3975 14.43 | 0.00e+00 3.64e-02 |   2.6788 0.7441  0.9459  3.3709 0.500 12.50 | PAIR-CHANNEL-DEAD
# CONVTAG t=222.00 rough=0.314378 cond=0.338832 evap=0.000000 backs=0.041006
t=  224.00 -1.09e-15 | 1.6227 14.43  19211    0      0      0 | 1.3974 14.43 | 0.00e+00 4.31e-02 |   2.8214 0.7837  0.7252  3.4263 0.500 12.50 | PAIR-CHANNEL-DEAD
# CONVTAG t=224.00 rough=0.314378 cond=0.338832 evap=0.000000 backs=0.041006
t=  226.00 -1.09e-15 | 1.6227 14.44  19221    0      0      0 | 1.3975 14.43 | 0.00e+00 3.88e-02 |   2.8435 0.7899  0.6918  3.4335 0.500 12.00 | PAIR-CHANNEL-DEAD
# CONVTAG t=226.00 rough=0.314378 cond=0.338832 evap=0.000000 backs=0.041006
t=  228.00 -1.09e-15 | 1.6227 14.43  19214    0      0      0 | 1.3974 14.43 | 0.00e+00 4.00e-02 |   2.8371 0.7881  0.6974  3.4340 0.500 12.00 | PAIR-CHANNEL-DEAD
# CONVTAG t=228.00 rough=0.314378 cond=0.338832 evap=0.000000 backs=0.041006
t=  230.00 -1.09e-15 | 1.6228 14.42  19205    0      0      0 | 1.3973 14.43 | 0.00e+00 3.94e-02 |   2.7858 0.7738  0.7584  3.4199 0.500 11.50 | PAIR-CHANNEL-DEAD
# CONVTAG t=230.00 rough=0.314378 cond=0.338832 evap=0.000000 backs=0.041006
t=  232.00 -1.09e-15 | 1.6227 14.43  19214    0      0      0 | 1.3974 14.43 | 0.00e+00 5.00e-02 |   2.7150 0.7542  0.8463  3.3991 0.500 11.50 | PAIR-CHANNEL-DEAD
# CONVTAG t=232.00 rough=0.314378 cond=0.338832 evap=0.000000 backs=0.041006
t=  234.00 -1.09e-15 | 1.6227 14.43  19213    0      0      0 | 1.3974 14.43 | 0.00e+00 3.53e-02 |   2.4892 0.6914  1.2347  3.2692 0.500 11.50 | PAIR-CHANNEL-DEAD
# CONVTAG t=234.00 rough=0.314378 cond=0.338832 evap=0.000000 backs=0.041006
t=  236.00 -1.09e-15 | 1.6227 14.43  19211    0      0      0 | 1.3974 14.43 | 0.00e+00 3.65e-02 |   2.1872 0.6075  1.8922  2.9459 0.500 12.00 | PAIR-CHANNEL-DEAD
# CONVTAG t=236.00 rough=0.314378 cond=0.338832 evap=0.000000 backs=0.041006
t=  238.00 -1.09e-15 | 1.6227 14.42  19196    0      0      0 | 1.3971 14.43 | 0.00e+00 4.82e-02 |   2.1477 0.5966  1.9601  2.9018 0.500 12.50 | PAIR-CHANNEL-DEAD
# CONVTAG t=238.00 rough=0.314378 cond=0.338832 evap=0.000000 backs=0.041006
t=  240.00 -1.09e-15 | 1.6228 14.43  19208    0      0      0 | 1.3974 14.43 | 0.00e+00 3.90e-02 |   2.1735 0.6038  1.8847  2.9506 0.500 13.00 | PAIR-CHANNEL-DEAD
# CONVTAG t=240.00 rough=0.314378 cond=0.338832 evap=0.000000 backs=0.041006
t=  242.00 -1.09e-15 | 1.6228 14.42  19204    0      0      0 | 1.3973 14.43 | 0.00e+00 4.92e-02 |   2.3016 0.6393  1.5843  3.1217 0.500 13.00 | PAIR-CHANNEL-DEAD
# CONVTAG t=242.00 rough=0.314378 cond=0.338832 evap=0.000000 backs=0.041006
t=  244.00 -1.09e-15 | 1.6227 14.43  19212    0      0      0 | 1.3974 14.43 | 0.00e+00 3.47e-02 |   2.7122 0.7534  0.8005  3.4106 0.500 12.50 | PAIR-CHANNEL-DEAD
# CONVTAG t=244.00 rough=0.314378 cond=0.338832 evap=0.000000 backs=0.041006
t=  246.00 -1.09e-15 | 1.6226 14.43  19208    0      0      0 | 1.3973 14.43 | 0.00e+00 3.68e-02 |   2.7665 0.7685  0.7229  3.4281 0.500 12.50 | PAIR-CHANNEL-DEAD
# CONVTAG t=246.00 rough=0.314378 cond=0.338832 evap=0.000000 backs=0.041006
t=  248.00 -1.09e-15 | 1.6226 14.43  19214    0      0      0 | 1.3974 14.43 | 0.00e+00 4.74e-02 |   2.7510 0.7642  0.7331  3.4258 0.500 12.50 | PAIR-CHANNEL-DEAD
# CONVTAG t=248.00 rough=0.314378 cond=0.338832 evap=0.000000 backs=0.041006
t=  250.00 -1.09e-15 | 1.6225 14.42  19200    0      0      0 | 1.3972 14.43 | 0.00e+00 3.77e-02 |   2.6752 0.7431  0.8080  3.4088 0.500 12.00 | PAIR-CHANNEL-DEAD
# CONVTAG t=250.00 rough=0.314378 cond=0.338832 evap=0.000000 backs=0.041006
t=  252.00 -1.09e-15 | 1.6225 14.43  19212    0      0      0 | 1.3974 14.43 | 0.00e+00 4.11e-02 |   2.6374 0.7326  0.8669  3.3948 0.500 12.50 | PAIR-CHANNEL-DEAD
# CONVTAG t=252.00 rough=0.314378 cond=0.338832 evap=0.000000 backs=0.041006
t=  254.00 -1.09e-15 | 1.6225 14.45  19234    0      0      0 | 1.3977 14.44 | 0.00e+00 4.74e-02 |   2.6212 0.7281  0.8950  3.3871 0.500 13.00 | PAIR-CHANNEL-DEAD
# CONVTAG t=254.00 rough=0.314378 cond=0.338832 evap=0.000000 backs=0.041006
t=  256.00 -1.09e-15 | 1.6225 14.44  19227    0      0      0 | 1.3975 14.43 | 0.00e+00 3.54e-02 |   2.6107 0.7252  0.8926  3.3877 0.500 12.50 | PAIR-CHANNEL-DEAD
# CONVTAG t=256.00 rough=0.314378 cond=0.338832 evap=0.000000 backs=0.041006
t=  258.00 -1.09e-15 | 1.6225 14.44  19227    0      0      0 | 1.3975 14.43 | 0.00e+00 3.90e-02 |   2.6242 0.7289  0.8774  3.3913 0.500 12.50 | PAIR-CHANNEL-DEAD
# CONVTAG t=258.00 rough=0.314378 cond=0.338832 evap=0.000000 backs=0.041006
t=  260.00 -1.09e-15 | 1.6225 14.43  19218    0      0      0 | 1.3974 14.43 | 0.00e+00 3.89e-02 |   2.6433 0.7343  0.8148  3.4070 0.500 12.50 | PAIR-CHANNEL-DEAD
# CONVTAG t=260.00 rough=0.314378 cond=0.338832 evap=0.000000 backs=0.041006
t=  262.00 -1.09e-15 | 1.6223 14.42  19206    0      0      0 | 1.3972 14.43 | 0.00e+00 3.35e-02 |   2.6055 0.7238  0.8459  3.3993 0.500 12.50 | PAIR-CHANNEL-DEAD
# CONVTAG t=262.00 rough=0.314378 cond=0.338832 evap=0.000000 backs=0.041006
t=  264.00 -1.09e-15 | 1.6222 14.43  19217    0      0      0 | 1.3974 14.42 | 0.00e+00 3.37e-02 |   2.5706 0.7141  0.8985  3.3858 0.500 12.50 | PAIR-CHANNEL-DEAD
# CONVTAG t=264.00 rough=0.314378 cond=0.338832 evap=0.000000 backs=0.041006
t=  266.00 -1.09e-15 | 1.6221 14.43  19216    0      0      0 | 1.3974 14.43 | 0.00e+00 4.35e-02 |   2.5956 0.7210  0.8628  3.3947 0.500 12.50 | PAIR-CHANNEL-DEAD
# CONVTAG t=266.00 rough=0.314378 cond=0.338832 evap=0.000000 backs=0.041006
t=  268.00 -1.09e-15 | 1.6222 14.42  19203    0      0      0 | 1.3972 14.42 | 0.00e+00 4.95e-02 |   2.6748 0.7430  0.7216  3.4276 0.500 13.00 | PAIR-CHANNEL-DEAD
# CONVTAG t=268.00 rough=0.314378 cond=0.338832 evap=0.000000 backs=0.041006
t=  270.00 -1.09e-15 | 1.6222 14.42  19205    0      0      0 | 1.3972 14.42 | 0.00e+00 3.32e-02 |   2.7120 0.7533  0.6520  3.4420 0.500 13.00 | PAIR-CHANNEL-DEAD
# CONVTAG t=270.00 rough=0.314378 cond=0.338832 evap=0.000000 backs=0.041006
t=  272.00 -1.22e-15 | 1.6223 14.43  19210    0      0      0 | 1.3973 14.43 | 0.00e+00 4.31e-02 |   2.7100 0.7528  0.6331  3.4455 0.500 13.00 | PAIR-CHANNEL-DEAD
# CONVTAG t=272.00 rough=0.314378 cond=0.338832 evap=0.000000 backs=0.041006
t=  274.00 -1.09e-15 | 1.6223 14.43  19220    0      0      0 | 1.3974 14.43 | 0.00e+00 3.51e-02 |   2.6692 0.7415  0.6731  3.4375 0.500 13.00 | PAIR-CHANNEL-DEAD
# CONVTAG t=274.00 rough=0.314378 cond=0.338832 evap=0.000000 backs=0.041006
t=  276.00 -1.09e-15 | 1.6223 14.43  19219    0      0      0 | 1.3974 14.43 | 0.00e+00 3.70e-02 |   2.7926 0.7757  0.9769  3.3632 0.500 12.50 | PAIR-CHANNEL-DEAD
# CONVTAG t=276.00 rough=0.314378 cond=0.510242 evap=0.000000 backs=0.041006
t=  278.00 -1.09e-15 | 1.6223 14.43  19216    0      0      0 | 1.3974 14.43 | 0.00e+00 4.09e-02 |   2.7310 0.7586  1.0759  3.3331 0.500 12.50 | PAIR-CHANNEL-DEAD
# CONVTAG t=278.00 rough=0.314378 cond=0.510242 evap=0.000000 backs=0.041006
t=  280.00 -1.09e-15 | 1.6223 14.42  19199    0      0      0 | 1.3972 14.43 | 0.00e+00 4.66e-02 |   2.7356 0.7599  1.0682  3.3355 0.500 12.50 | PAIR-CHANNEL-DEAD
# CONVTAG t=280.00 rough=0.314378 cond=0.510242 evap=0.000000 backs=0.041006
t=  282.00 -1.09e-15 | 1.6222 14.43  19207    0      0      0 | 1.3973 14.43 | 0.00e+00 3.78e-02 |   2.7825 0.7729  0.9798  3.3645 0.500 12.00 | PAIR-CHANNEL-DEAD
# CONVTAG t=282.00 rough=0.314378 cond=0.510242 evap=0.000000 backs=0.041006
t=  284.00 -1.09e-15 | 1.6222 14.42  19203    0      0      0 | 1.3972 14.43 | 0.00e+00 3.39e-02 |   2.8879 0.8022  0.7995  3.4105 0.500 12.00 | PAIR-CHANNEL-DEAD
# CONVTAG t=284.00 rough=0.314378 cond=0.510242 evap=0.000000 backs=0.041006
t=  286.00 -1.09e-15 | 1.6222 14.44  19229    0      0      0 | 1.3976 14.43 | 0.00e+00 4.97e-02 |   2.9065 0.8074  0.7659  3.4184 0.500 12.00 | PAIR-CHANNEL-DEAD
# CONVTAG t=286.00 rough=0.314378 cond=0.510242 evap=0.000000 backs=0.041006
t=  288.00 -1.09e-15 | 1.6221 14.44  19229    0      0      0 | 1.3976 14.44 | 0.00e+00 5.00e-02 |   2.8851 0.8014  0.7975  3.4453 0.500 12.00 | PAIR-CHANNEL-DEAD
# CONVTAG t=288.00 rough=0.314378 cond=0.510242 evap=0.000000 backs=0.041006
t=  290.00 -1.22e-15 | 1.6222 14.44  19232    0      0      0 | 1.3976 14.43 | 0.00e+00 4.78e-02 |   2.8182 0.7828  0.9005  3.3845 0.500 11.50 | PAIR-CHANNEL-DEAD
# CONVTAG t=290.00 rough=0.314378 cond=0.510242 evap=0.000000 backs=0.041006
t=  292.00 -1.22e-15 | 1.6221 14.43  19209    0      0      0 | 1.3973 14.43 | 0.00e+00 4.39e-02 |   2.7193 0.7554  1.0605  3.3380 0.500 12.00 | PAIR-CHANNEL-DEAD
# CONVTAG t=292.00 rough=0.314378 cond=0.510242 evap=0.000000 backs=0.041006
t=  294.00 -1.22e-15 | 1.6222 14.41  19193    0      0      0 | 1.3971 14.43 | 0.00e+00 5.00e-02 |   2.6539 0.7372  1.1435  3.3107 0.500 12.50 | PAIR-CHANNEL-DEAD
# CONVTAG t=294.00 rough=0.314378 cond=0.510242 evap=0.000000 backs=0.041006
t=  296.00 -1.22e-15 | 1.6221 14.42  19203    0      0      0 | 1.3972 14.43 | 0.00e+00 3.11e-02 |   2.6499 0.7361  1.1314  3.3150 0.500 12.50 | PAIR-CHANNEL-DEAD
# CONVTAG t=296.00 rough=0.314378 cond=0.510242 evap=0.000000 backs=0.041006
t=  298.00 -1.22e-15 | 1.6221 14.42  19195    0      0      0 | 1.3972 14.43 | 0.00e+00 4.06e-02 |   2.6869 0.7464  1.0645  3.3373 0.500 12.50 | PAIR-CHANNEL-DEAD
# CONVTAG t=298.00 rough=0.314378 cond=0.510242 evap=0.000000 backs=0.041006
t=  300.00 -1.22e-15 | 1.6221 14.41  19192    0      0      0 | 1.3972 14.43 | 0.00e+00 5.00e-02 |   2.6777 0.7438  1.0800  3.3322 0.500 12.50 | PAIR-CHANNEL-DEAD
# CONVTAG t=300.00 rough=0.314378 cond=0.510242 evap=0.000000 backs=0.041006
t=  302.00 -1.22e-15 | 1.6221 14.42  19196    0      0      0 | 1.3972 14.43 | 0.00e+00 4.63e-02 |   2.6641 0.7400  1.1096  3.3226 0.500 12.50 | PAIR-CHANNEL-DEAD
# CONVTAG t=302.00 rough=0.314378 cond=0.510242 evap=0.000000 backs=0.041006
t=  304.00 -1.22e-15 | 1.6221 14.42  19204    0      0      0 | 1.3973 14.43 | 0.00e+00 4.72e-02 |   2.6392 0.7331  1.1515  3.3083 0.500 12.50 | PAIR-CHANNEL-DEAD
# CONVTAG t=304.00 rough=0.314378 cond=0.510242 evap=0.000000 backs=0.041006
t=  306.00 -1.22e-15 | 1.6222 14.41  19193    0      0      0 | 1.3971 14.43 | 0.00e+00 4.69e-02 |   2.6175 0.7271  1.1600  3.3051 0.500 12.50 | PAIR-CHANNEL-DEAD
# CONVTAG t=306.00 rough=0.314378 cond=0.510242 evap=0.000000 backs=0.041006
t=  308.00 -1.22e-15 | 1.6221 14.42  19195    0      0      0 | 1.3971 14.42 | 0.00e+00 4.56e-02 |   2.6253 0.7292  1.1338  3.3144 0.500 12.00 | PAIR-CHANNEL-DEAD
# CONVTAG t=308.00 rough=0.314378 cond=0.510242 evap=0.000000 backs=0.041006
t=  310.00 -1.22e-15 | 1.6221 14.42  19205    0      0      0 | 1.3972 14.43 | 0.00e+00 3.32e-02 |   2.6094 0.7248  1.1586  3.3056 0.500 12.00 | PAIR-CHANNEL-DEAD
# CONVTAG t=310.00 rough=0.314378 cond=0.510242 evap=0.000000 backs=0.041006
t=  312.00 -1.22e-15 | 1.6222 14.43  19212    0      0      0 | 1.3973 14.43 | 0.00e+00 4.15e-02 |   2.5896 0.7193  1.1945  3.2930 0.500 12.50 | PAIR-CHANNEL-DEAD
# CONVTAG t=312.00 rough=0.314378 cond=0.510242 evap=0.000000 backs=0.041006
t=  314.00 -1.22e-15 | 1.6222 14.43  19217    0      0      0 | 1.3974 14.43 | 0.00e+00 5.00e-02 |   2.5802 0.7167  1.2108  3.2869 0.500 12.50 | PAIR-CHANNEL-DEAD
# CONVTAG t=314.00 rough=0.314378 cond=0.510242 evap=0.000000 backs=0.041006
t=  316.00 -1.22e-15 | 1.6222 14.43  19210    0      0      0 | 1.3973 14.43 | 0.00e+00 3.67e-02 |   2.5582 0.7106  1.2277  3.2805 0.500 12.50 | PAIR-CHANNEL-DEAD
# CONVTAG t=316.00 rough=0.314378 cond=0.510242 evap=0.000000 backs=0.041006
t=  318.00 -1.22e-15 | 1.6222 14.42  19206    0      0      0 | 1.3972 14.43 | 0.00e+00 4.04e-02 |   2.5554 0.7098  1.2091  3.2871 0.500 12.50 | PAIR-CHANNEL-DEAD
# CONVTAG t=318.00 rough=0.314378 cond=0.510242 evap=0.000000 backs=0.041006
t=  320.00 -1.22e-15 | 1.6222 14.42  19196    0      0      0 | 1.3971 14.42 | 0.00e+00 5.00e-02 |   2.5550 0.7097  1.2040  3.2892 0.500 12.50 | PAIR-CHANNEL-DEAD
# CONVTAG t=320.00 rough=0.314378 cond=0.510242 evap=0.000000 backs=0.041006
t=  322.00 -1.22e-15 | 1.6221 14.41  19188    0      0      0 | 1.3970 14.42 | 0.00e+00 4.19e-02 |   2.5393 0.7054  1.2352  3.2776 0.500 12.50 | PAIR-CHANNEL-DEAD
# CONVTAG t=322.00 rough=0.314378 cond=0.510242 evap=0.000000 backs=0.041006
t=  324.00 -1.22e-15 | 1.6222 14.41  19193    0      0      0 | 1.3970 14.42 | 0.00e+00 4.54e-02 |   2.5565 0.7101  1.2226  3.2904 0.500 12.50 | PAIR-CHANNEL-DEAD
# CONVTAG t=324.00 rough=0.314378 cond=0.510242 evap=0.000000 backs=0.041006
t=  326.00 -1.22e-15 | 1.6222 14.41  19188    0      0      0 | 1.3970 14.42 | 0.00e+00 5.00e-02 |   2.5561 0.7100  1.2302  3.2797 0.500 12.50 | PAIR-CHANNEL-DEAD
# CONVTAG t=326.00 rough=0.314378 cond=0.510242 evap=0.000000 backs=0.041006
t=  328.00 -1.22e-15 | 1.6222 14.41  19192    0      0      0 | 1.3970 14.42 | 0.00e+00 5.00e-02 |   2.5296 0.7027  1.2358  3.2774 0.500 12.00 | PAIR-CHANNEL-DEAD
# CONVTAG t=328.00 rough=0.314378 cond=0.510242 evap=0.000000 backs=0.041006
t=  330.00 -1.22e-15 | 1.6222 14.42  19199    0      0      0 | 1.3971 14.42 | 0.00e+00 5.00e-02 |   2.5146 0.6985  1.2320  3.2788 0.500 12.50 | PAIR-CHANNEL-DEAD
# CONVTAG t=330.00 rough=0.314378 cond=0.510242 evap=0.000000 backs=0.041006
t=  332.00 -1.22e-15 | 1.6221 14.41  19193    0      0      0 | 1.3971 14.42 | 0.00e+00 4.74e-02 |   2.5054 0.6959  1.2388  3.2763 0.500 12.50 | PAIR-CHANNEL-DEAD
# CONVTAG t=332.00 rough=0.314378 cond=0.510242 evap=0.000000 backs=0.041006
t=  334.00 -1.22e-15 | 1.6220 14.43  19208    0      0      0 | 1.3973 14.43 | 0.00e+00 5.00e-02 |   2.5196 0.6999  1.2089  3.2876 0.500 12.50 | PAIR-CHANNEL-DEAD
# CONVTAG t=334.00 rough=0.314378 cond=0.510242 evap=0.000000 backs=0.041006
t=  336.00 -1.22e-15 | 1.6220 14.41  19192    0      0      0 | 1.3970 14.42 | 0.00e+00 5.00e-02 |   2.5302 0.7028  1.1832  3.2970 0.500 12.50 | PAIR-CHANNEL-DEAD
# CONVTAG t=336.00 rough=0.314378 cond=0.510242 evap=0.000000 backs=0.041006
t=  338.00 -1.22e-15 | 1.6220 14.41  19185    0      0      0 | 1.3969 14.42 | 0.00e+00 4.38e-02 |   2.5346 0.7041  1.1697  3.3019 0.500 12.50 | PAIR-CHANNEL-DEAD
# CONVTAG t=338.00 rough=0.314378 cond=0.510242 evap=0.000000 backs=0.041006
t=  340.00 -1.22e-15 | 1.6220 14.41  19188    0      0      0 | 1.3970 14.42 | 0.00e+00 5.00e-02 |   2.5251 0.7014  1.1745  3.3000 0.500 12.50 | PAIR-CHANNEL-DEAD
# CONVTAG t=340.00 rough=0.314378 cond=0.510242 evap=0.000000 backs=0.041006
t=  342.00 -1.22e-15 | 1.6220 14.41  19181    0      0      0 | 1.3969 14.42 | 0.00e+00 3.90e-02 |   2.5396 0.7054  1.1292  3.3158 0.500 12.50 | PAIR-CHANNEL-DEAD
# CONVTAG t=342.00 rough=0.314378 cond=0.510242 evap=0.000000 backs=0.041006
t=  344.00 -1.22e-15 | 1.6220 14.41  19190    0      0      0 | 1.3970 14.42 | 0.00e+00 5.00e-02 |   2.5722 0.7145  1.0599  3.3386 0.500 13.00 | PAIR-CHANNEL-DEAD
# CONVTAG t=344.00 rough=0.314378 cond=0.510242 evap=0.000000 backs=0.041006
t=  346.00 -1.22e-15 | 1.6220 14.41  19192    0      0      0 | 1.3971 14.43 | 0.00e+00 4.79e-02 |   2.6551 0.7375  0.9206  3.3797 0.500 12.50 | PAIR-CHANNEL-DEAD
# CONVTAG t=346.00 rough=0.314378 cond=0.510242 evap=0.000000 backs=0.041006
t=  348.00 -1.22e-15 | 1.6220 14.42  19194    0      0      0 | 1.3971 14.43 | 0.00e+00 4.48e-02 |   2.7148 0.7541  0.8334  3.4026 0.500 12.50 | PAIR-CHANNEL-DEAD
# CONVTAG t=348.00 rough=0.314378 cond=0.510242 evap=0.000000 backs=0.041006
t=  350.00 -1.09e-15 | 1.6219 14.40  19180    0      0      0 | 1.3969 14.42 | 0.00e+00 4.95e-02 |   2.7530 0.7647  0.7454  3.4231 0.500 12.50 | PAIR-CHANNEL-DEAD
# CONVTAG t=350.00 rough=0.314378 cond=0.510242 evap=0.000000 backs=0.041006
t=  352.00 -1.09e-15 | 1.6219 14.41  19184    0      0      0 | 1.3970 14.42 | 0.00e+00 4.72e-02 |   2.7624 0.7673  0.7137  3.4299 0.500 12.50 | PAIR-CHANNEL-DEAD
# CONVTAG t=352.00 rough=0.314378 cond=0.510242 evap=0.000000 backs=0.041006
t=  354.00 -1.09e-15 | 1.6218 14.41  19182    0      0      0 | 1.3969 14.42 | 0.00e+00 5.00e-02 |   2.7464 0.7629  0.7367  3.4248 0.500 12.50 | PAIR-CHANNEL-DEAD
# CONVTAG t=354.00 rough=0.314378 cond=0.510242 evap=0.000000 backs=0.041006
t=  356.00 -1.09e-15 | 1.6218 14.40  19177    0      0      0 | 1.3969 14.42 | 0.00e+00 3.54e-02 |   2.6720 0.7422  0.8454  3.3991 0.500 12.50 | PAIR-CHANNEL-DEAD
# CONVTAG t=356.00 rough=0.314378 cond=0.510242 evap=0.000000 backs=0.041006
t=  358.00 -1.09e-15 | 1.6218 14.41  19187    0      0      0 | 1.3970 14.42 | 0.00e+00 4.40e-02 |   2.5704 0.7140  1.0212  3.3499 0.500 12.50 | PAIR-CHANNEL-DEAD
# CONVTAG t=358.00 rough=0.314378 cond=0.510242 evap=0.000000 backs=0.041006
t=  360.00 -1.09e-15 | 1.6218 14.40  19175    0      0      0 | 1.3969 14.43 | 0.00e+00 5.00e-02 |   2.4765 0.6879  1.1746  3.3493 0.500 12.50 | PAIR-CHANNEL-DEAD
# CONVTAG t=360.00 rough=0.314378 cond=0.510242 evap=0.000000 backs=0.041006
# QATOM t=360.06 dir=DF w=1.96135324 e=0.358982922421
t=  362.00 -1.09e-15 | 1.6219 14.41  19186    0      0      0 | 1.3970 14.43 | 0.00e+00 3.97e-02 |   2.4683 0.6856  1.1736  3.2998 0.500 12.50 | PAIR-CHANNEL-DEAD
# CONVTAG t=362.00 rough=0.314378 cond=0.510242 evap=0.000000 backs=0.041006
t=  364.00 -1.09e-15 | 1.6218 14.41  19193    0      0      0 | 1.3971 14.43 | 0.00e+00 5.00e-02 |   2.4966 0.6935  1.1190  3.3188 0.500 12.50 | PAIR-CHANNEL-DEAD
# CONVTAG t=364.00 rough=0.314378 cond=0.510242 evap=0.000000 backs=0.041006
t=  366.00 -1.09e-15 | 1.6218 14.41  19186    0      0      0 | 1.3970 14.42 | 0.00e+00 3.90e-02 |   2.6106 0.7252  0.9202  3.3789 0.500 12.50 | PAIR-CHANNEL-DEAD
# CONVTAG t=366.00 rough=0.314378 cond=0.510242 evap=0.000000 backs=0.041006
t=  368.00 -1.09e-15 | 1.6218 14.42  19204    0      0      0 | 1.3972 14.43 | 0.00e+00 4.15e-02 |   2.6896 0.7471  0.7760  3.4160 0.500 12.50 | PAIR-CHANNEL-DEAD
# CONVTAG t=368.00 rough=0.314378 cond=0.510242 evap=0.000000 backs=0.041006
t=  370.00 -1.09e-15 | 1.6218 14.43  19214    0      0      0 | 1.3973 14.43 | 0.00e+00 3.54e-02 |   2.6964 0.7490  0.7501  3.4220 0.500 12.50 | PAIR-CHANNEL-DEAD
# CONVTAG t=370.00 rough=0.314378 cond=0.510242 evap=0.000000 backs=0.041006
t=  372.00 -1.09e-15 | 1.6217 14.43  19214    0      0      0 | 1.3973 14.43 | 0.00e+00 4.34e-02 |   2.6620 0.7395  0.8016  3.4098 0.500 12.50 | PAIR-CHANNEL-DEAD
# CONVTAG t=372.00 rough=0.314378 cond=0.510242 evap=0.000000 backs=0.041006
t=  374.00 -1.09e-15 | 1.6216 14.43  19208    0      0      0 | 1.3972 14.42 | 0.00e+00 4.56e-02 |   2.5647 0.7124  0.9621  3.3667 0.500 12.50 | PAIR-CHANNEL-DEAD
# CONVTAG t=374.00 rough=0.314378 cond=0.510242 evap=0.000000 backs=0.041006
t=  376.00 -1.09e-15 | 1.6217 14.43  19217    0      0      0 | 1.3973 14.42 | 0.00e+00 4.47e-02 |   2.4584 0.6829  1.1567  3.3061 0.500 12.50 | PAIR-CHANNEL-DEAD
# CONVTAG t=376.00 rough=0.314378 cond=0.510242 evap=0.000000 backs=0.041006
t=  378.00 -1.09e-15 | 1.6217 14.43  19207    0      0      0 | 1.3973 14.43 | 0.00e+00 3.89e-02 |   2.4604 0.6835  1.1369  3.3131 0.500 12.50 | PAIR-CHANNEL-DEAD
# CONVTAG t=378.00 rough=0.314378 cond=0.510242 evap=0.000000 backs=0.041006
t=  380.00 -1.09e-15 | 1.6217 14.43  19210    0      0      0 | 1.3973 14.43 | 0.00e+00 5.00e-02 |   2.4951 0.6931  1.0650  3.3366 0.500 12.50 | PAIR-CHANNEL-DEAD
# CONVTAG t=380.00 rough=0.314378 cond=0.510242 evap=0.000000 backs=0.041006
t=  382.00 -1.22e-15 | 1.6217 14.42  19201    0      0      0 | 1.3971 14.42 | 0.00e+00 3.90e-02 |   2.6013 0.7226  0.8651  3.3936 0.500 12.50 | PAIR-CHANNEL-DEAD
# CONVTAG t=382.00 rough=0.314378 cond=0.510242 evap=0.000000 backs=0.041006
t=  384.00 -1.22e-15 | 1.6217 14.42  19194    0      0      0 | 1.3970 14.42 | 0.00e+00 4.92e-02 |   2.6800 0.7444  0.7419  3.4233 0.500 12.50 | PAIR-CHANNEL-DEAD
# CONVTAG t=384.00 rough=0.314378 cond=0.510242 evap=0.000000 backs=0.041006
t=  386.00 -1.09e-15 | 1.6216 14.42  19203    0      0      0 | 1.3972 14.42 | 0.00e+00 4.19e-02 |   2.6891 0.7470  0.7047  3.4314 0.500 12.50 | PAIR-CHANNEL-DEAD
# CONVTAG t=386.00 rough=0.314378 cond=0.510242 evap=0.000000 backs=0.041006
t=  388.00 -1.22e-15 | 1.6216 14.41  19189    0      0      0 | 1.3970 14.42 | 0.00e+00 4.63e-02 |   2.6860 0.7461  0.7074  3.4307 0.500 12.50 | PAIR-CHANNEL-DEAD
# CONVTAG t=388.00 rough=0.314378 cond=0.510242 evap=0.000000 backs=0.041006
t=  390.00 -1.22e-15 | 1.6216 14.42  19196    0      0      0 | 1.3971 14.42 | 0.00e+00 4.09e-02 |   2.6721 0.7422  0.7214  3.4283 0.500 12.50 | PAIR-CHANNEL-DEAD
# CONVTAG t=390.00 rough=0.314378 cond=0.510242 evap=0.000000 backs=0.041006
t=  392.00 -1.22e-15 | 1.6215 14.41  19189    0      0      0 | 1.3970 14.42 | 0.00e+00 4.54e-02 |   2.6256 0.7293  0.7817  3.4144 0.500 12.50 | PAIR-CHANNEL-DEAD
# CONVTAG t=392.00 rough=0.314378 cond=0.510242 evap=0.000000 backs=0.041006
t=  394.00 -1.22e-15 | 1.6215 14.42  19205    0      0      0 | 1.3972 14.42 | 0.00e+00 4.89e-02 |   2.5780 0.7161  0.8387  3.4006 0.500 12.50 | PAIR-CHANNEL-DEAD
# CONVTAG t=394.00 rough=0.314378 cond=0.510242 evap=0.000000 backs=0.041006
t=  396.00 -1.22e-15 | 1.6216 14.42  19200    0      0      0 | 1.3972 14.42 | 0.00e+00 3.52e-02 |   2.4292 0.6748  1.0959  3.3928 0.500 12.50 | PAIR-CHANNEL-DEAD
# CONVTAG t=396.00 rough=0.314378 cond=0.510242 evap=0.000000 backs=0.041006
t=  398.00 -1.22e-15 | 1.6216 14.42  19198    0      0      0 | 1.3972 14.43 | 0.00e+00 5.00e-02 |   2.3811 0.6614  1.1861  3.2953 0.500 12.50 | PAIR-CHANNEL-DEAD
# CONVTAG t=398.00 rough=0.314378 cond=0.510242 evap=0.000000 backs=0.041006
t=  400.00 -1.22e-15 | 1.6216 14.43  19210    0      0      0 | 1.3974 14.43 | 0.00e+00 3.76e-02 |   2.3655 0.6571  1.2166  3.2838 0.500 12.00 | PAIR-CHANNEL-DEAD
# CONVTAG t=400.00 rough=0.314378 cond=0.510242 evap=0.000000 backs=0.041006
t=  402.00 -1.22e-15 | 1.6216 14.44  19228    0      0      0 | 1.3976 14.43 | 0.00e+00 5.00e-02 |   2.4058 0.6683  1.1370  3.3114 0.500 12.50 | PAIR-CHANNEL-DEAD
# CONVTAG t=402.00 rough=0.314378 cond=0.510242 evap=0.000000 backs=0.041006
t=  404.00 -1.22e-15 | 1.6215 14.44  19222    0      0      0 | 1.3975 14.43 | 0.00e+00 4.29e-02 |   2.5052 0.6959  0.9413  3.3716 0.500 12.50 | PAIR-CHANNEL-DEAD
# CONVTAG t=404.00 rough=0.314378 cond=0.510242 evap=0.000000 backs=0.041006
t=  406.00 -1.22e-15 | 1.6215 14.43  19215    0      0      0 | 1.3974 14.43 | 0.00e+00 3.53e-02 |   2.5782 0.7162  0.8036  3.4085 0.500 12.50 | PAIR-CHANNEL-DEAD
# CONVTAG t=406.00 rough=0.314378 cond=0.510242 evap=0.000000 backs=0.041006
t=  408.00 -1.22e-15 | 1.6215 14.43  19208    0      0      0 | 1.3973 14.42 | 0.00e+00 4.89e-02 |   2.5332 0.7037  0.8647  3.3925 0.500 12.50 | PAIR-CHANNEL-DEAD
# CONVTAG t=408.00 rough=0.314378 cond=0.510242 evap=0.000000 backs=0.041006
t=  410.00 -1.22e-15 | 1.6214 14.44  19221    0      0      0 | 1.3975 14.43 | 0.00e+00 3.78e-02 |   2.4816 0.6893  0.9511  3.3694 0.500 12.50 | PAIR-CHANNEL-DEAD
# CONVTAG t=410.00 rough=0.314378 cond=0.510242 evap=0.000000 backs=0.041006
t=  412.00 -1.22e-15 | 1.6215 14.44  19228    0      0      0 | 1.3975 14.43 | 0.00e+00 4.39e-02 |   2.4719 0.6866  0.9474  3.3702 0.500 12.50 | PAIR-CHANNEL-DEAD
# CONVTAG t=412.00 rough=0.314378 cond=0.510242 evap=0.000000 backs=0.041006
t=  414.00 -1.22e-15 | 1.6215 14.43  19218    0      0      0 | 1.3973 14.42 | 0.00e+00 3.18e-02 |   2.4929 0.6925  0.9007  3.3828 0.500 12.50 | PAIR-CHANNEL-DEAD
# CONVTAG t=414.00 rough=0.314378 cond=0.510242 evap=0.000000 backs=0.041006
t=  416.00 -1.22e-15 | 1.6214 14.42  19201    0      0      0 | 1.3971 14.42 | 0.00e+00 3.80e-02 |   2.5122 0.6978  0.8670  3.3968 0.500 12.50 | PAIR-CHANNEL-DEAD
# CONVTAG t=416.00 rough=0.314378 cond=0.510242 evap=0.000000 backs=0.041006
t=  418.00 -1.22e-15 | 1.6214 14.42  19198    0      0      0 | 1.3971 14.42 | 0.00e+00 5.00e-02 |   2.4795 0.6888  0.9113  3.3797 0.500 12.00 | PAIR-CHANNEL-DEAD
# CONVTAG t=418.00 rough=0.314378 cond=0.510242 evap=0.000000 backs=0.041006
t=  420.00 -1.22e-15 | 1.6214 14.43  19216    0      0      0 | 1.3974 14.43 | 0.00e+00 4.93e-02 |   2.4407 0.6780  0.9593  3.3662 0.500 12.00 | PAIR-CHANNEL-DEAD
# CONVTAG t=420.00 rough=0.314378 cond=0.510242 evap=0.000000 backs=0.041006
t=  422.00 -1.22e-15 | 1.6215 14.44  19225    0      0      0 | 1.3975 14.43 | 0.00e+00 4.82e-02 |   2.4330 0.6758  0.9686  3.3636 0.500 12.00 | PAIR-CHANNEL-DEAD
# CONVTAG t=422.00 rough=0.314378 cond=0.510242 evap=0.000000 backs=0.041006
t=  424.00 -1.22e-15 | 1.6214 14.42  19204    0      0      0 | 1.3972 14.42 | 0.00e+00 3.65e-02 |   2.4435 0.6788  0.9471  3.3697 0.500 12.00 | PAIR-CHANNEL-DEAD
# CONVTAG t=424.00 rough=0.314378 cond=0.510242 evap=0.000000 backs=0.041006
t=  426.00 -1.22e-15 | 1.6214 14.43  19207    0      0      0 | 1.3972 14.42 | 0.00e+00 3.68e-02 |   2.4428 0.6786  0.9557  3.3677 0.500 12.50 | PAIR-CHANNEL-DEAD
# CONVTAG t=426.00 rough=0.314378 cond=0.510242 evap=0.000000 backs=0.041006
t=  428.00 -1.22e-15 | 1.6215 14.43  19219    0      0      0 | 1.3974 14.42 | 0.00e+00 5.00e-02 |   2.4222 0.6728  0.9749  3.3616 0.500 12.50 | PAIR-CHANNEL-DEAD
# CONVTAG t=428.00 rough=0.314378 cond=0.510242 evap=0.000000 backs=0.041006
t=  430.00 -1.22e-15 | 1.6216 14.43  19210    0      0      0 | 1.3973 14.42 | 0.00e+00 5.00e-02 |   2.4047 0.6680  0.9902  3.3572 0.500 12.50 | PAIR-CHANNEL-DEAD
# CONVTAG t=430.00 rough=0.314378 cond=0.510242 evap=0.000000 backs=0.041006
t=  432.00 -1.22e-15 | 1.6215 14.44  19224    0      0      0 | 1.3975 14.43 | 0.00e+00 4.87e-02 |   2.3812 0.6614  1.0348  3.5688 0.500 12.50 | PAIR-CHANNEL-DEAD
# CONVTAG t=432.00 rough=0.314378 cond=0.510242 evap=0.000000 backs=0.041006
t=  434.00 -1.22e-15 | 1.6214 14.43  19220    0      0      0 | 1.3974 14.42 | 0.00e+00 4.20e-02 |   2.3345 0.6485  1.1214  3.3156 0.500 12.50 | PAIR-CHANNEL-DEAD
# CONVTAG t=434.00 rough=0.314378 cond=0.510242 evap=0.000000 backs=0.041006
t=  436.00 -1.22e-15 | 1.6213 14.43  19216    0      0      0 | 1.3974 14.43 | 0.00e+00 4.61e-02 |   2.2947 0.6374  1.2126  3.2844 0.500 12.50 | PAIR-CHANNEL-DEAD
# CONVTAG t=436.00 rough=0.314378 cond=0.510242 evap=0.000000 backs=0.041006
t=  438.00 -1.22e-15 | 1.6213 14.43  19208    0      0      0 | 1.3973 14.43 | 0.00e+00 4.62e-02 |   2.2877 0.6355  1.1845  3.2944 0.500 12.50 | PAIR-CHANNEL-DEAD
# CONVTAG t=438.00 rough=0.314378 cond=0.510242 evap=0.000000 backs=0.041006
t=  440.00 -1.22e-15 | 1.6213 14.44  19225    0      0      0 | 1.3976 14.43 | 0.00e+00 4.42e-02 |   2.2828 0.6341  1.1722  3.2984 0.500 12.50 | PAIR-CHANNEL-DEAD
# CONVTAG t=440.00 rough=0.314378 cond=0.510242 evap=0.000000 backs=0.041006
t=  442.00 -1.22e-15 | 1.6213 14.42  19206    0      0      0 | 1.3973 14.43 | 0.00e+00 5.00e-02 |   2.2553 0.6265  1.2241  3.3039 0.500 12.50 | PAIR-CHANNEL-DEAD
# CONVTAG t=442.00 rough=0.314378 cond=0.510242 evap=0.000000 backs=0.041006
t=  444.00 -1.22e-15 | 1.6213 14.43  19220    0      0      0 | 1.3974 14.43 | 0.00e+00 4.04e-02 |   2.2577 0.6271  1.2284  3.2756 0.500 12.50 | PAIR-CHANNEL-DEAD
# CONVTAG t=444.00 rough=0.314378 cond=0.510242 evap=0.000000 backs=0.041006
t=  446.00 -1.22e-15 | 1.6213 14.45  19238    0      0      0 | 1.3977 14.43 | 0.00e+00 5.00e-02 |   2.2526 0.6257  1.2234  3.2777 0.500 12.50 | PAIR-CHANNEL-DEAD
# CONVTAG t=446.00 rough=0.314378 cond=0.510242 evap=0.000000 backs=0.041006
t=  448.00 -1.22e-15 | 1.6213 14.46  19248    0      0      0 | 1.3978 14.43 | 0.00e+00 5.00e-02 |   2.2824 0.6340  1.1368  3.3092 0.500 12.50 | PAIR-CHANNEL-DEAD
# CONVTAG t=448.00 rough=0.314378 cond=0.510242 evap=0.000000 backs=0.041006
t=  450.00 -1.22e-15 | 1.6213 14.46  19251    0      0      0 | 1.3978 14.43 | 0.00e+00 4.10e-02 |   2.3177 0.6438  1.0663  3.3334 0.500 12.50 | PAIR-CHANNEL-DEAD
# CONVTAG t=450.00 rough=0.314378 cond=0.510242 evap=0.000000 backs=0.041006
t=  452.00 -1.22e-15 | 1.6213 14.45  19237    0      0      0 | 1.3976 14.43 | 0.00e+00 4.74e-02 |   2.3014 0.6393  1.1044  3.3205 0.500 12.50 | PAIR-CHANNEL-DEAD
# CONVTAG t=452.00 rough=0.314378 cond=0.510242 evap=0.000000 backs=0.041006
t=  454.00 -1.22e-15 | 1.6213 14.44  19228    0      0      0 | 1.3975 14.42 | 0.00e+00 3.86e-02 |   2.2936 0.6371  1.0985  3.3218 0.500 12.50 | PAIR-CHANNEL-DEAD
# CONVTAG t=454.00 rough=0.314378 cond=0.510242 evap=0.000000 backs=0.041006
t=  456.00 -1.22e-15 | 1.6213 14.45  19241    0      0      0 | 1.3977 14.43 | 0.00e+00 5.00e-02 |   2.2909 0.6363  1.0952  3.3259 0.500 12.50 | PAIR-CHANNEL-DEAD
# CONVTAG t=456.00 rough=0.314378 cond=0.510242 evap=0.000000 backs=0.041006
t=  458.00 -1.22e-15 | 1.6213 14.46  19249    0      0      0 | 1.3978 14.43 | 0.00e+00 3.87e-02 |   2.2920 0.6367  1.0854  3.3259 0.500 12.50 | PAIR-CHANNEL-DEAD
# CONVTAG t=458.00 rough=0.314378 cond=0.510242 evap=0.000000 backs=0.041006
t=  460.00 -1.22e-15 | 1.6214 14.46  19256    0      0      0 | 1.3980 14.43 | 0.00e+00 4.55e-02 |   2.2753 0.6320  1.1213  3.3141 0.500 12.50 | PAIR-CHANNEL-DEAD
# CONVTAG t=460.00 rough=0.314378 cond=0.510242 evap=0.000000 backs=0.041006
t=  462.00 -1.22e-15 | 1.6214 14.46  19257    0      0      0 | 1.3980 14.43 | 0.00e+00 5.00e-02 |   2.2640 0.6289  1.1245  3.3136 0.500 12.50 | PAIR-CHANNEL-DEAD
# CONVTAG t=462.00 rough=0.314378 cond=0.510242 evap=0.000000 backs=0.041006
t=  464.00 -1.22e-15 | 1.6215 14.46  19251    0      0      0 | 1.3979 14.43 | 0.00e+00 4.63e-02 |   2.2803 0.6334  1.0687  3.3316 0.500 12.50 | PAIR-CHANNEL-DEAD
# CONVTAG t=464.00 rough=0.314378 cond=0.510242 evap=0.000000 backs=0.041006
t=  466.00 -1.22e-15 | 1.6214 14.47  19268    0      0      0 | 1.3981 14.43 | 0.00e+00 5.00e-02 |   2.3182 0.6439  0.9927  3.3557 0.500 12.50 | PAIR-CHANNEL-DEAD
# CONVTAG t=466.00 rough=0.314378 cond=0.510242 evap=0.000000 backs=0.041006
t=  468.00 -1.22e-15 | 1.6214 14.45  19243    0      0      0 | 1.3977 14.42 | 0.00e+00 4.13e-02 |   2.3433 0.6509  0.9512  3.5950 0.500 12.50 | PAIR-CHANNEL-DEAD
# CONVTAG t=468.00 rough=0.314378 cond=0.510242 evap=0.000000 backs=0.041006
t=  470.00 -1.22e-15 | 1.6214 14.46  19248    0      0      0 | 1.3977 14.42 | 0.00e+00 4.58e-02 |   2.3281 0.6467  0.9556  3.3666 0.500 12.50 | PAIR-CHANNEL-DEAD
# CONVTAG t=470.00 rough=0.314378 cond=0.510242 evap=0.000000 backs=0.041006
t=  472.00 -1.22e-15 | 1.6213 14.45  19241    0      0      0 | 1.3976 14.42 | 0.00e+00 4.63e-02 |   2.2923 0.6367  1.0085  3.3507 0.500 12.50 | PAIR-CHANNEL-DEAD
# CONVTAG t=472.00 rough=0.314378 cond=0.510242 evap=0.000000 backs=0.041006
t=  474.00 -1.22e-15 | 1.6213 14.45  19235    0      0      0 | 1.3976 14.42 | 0.00e+00 3.69e-02 |   2.2832 0.6342  1.0227  3.3459 0.500 12.50 | PAIR-CHANNEL-DEAD
# CONVTAG t=474.00 rough=0.314378 cond=0.510242 evap=0.000000 backs=0.041006
t=  476.00 -1.22e-15 | 1.6213 14.44  19232    0      0      0 | 1.3975 14.42 | 0.00e+00 5.00e-02 |   2.2259 0.6183  1.1342  3.3100 0.500 12.50 | PAIR-CHANNEL-DEAD
# CONVTAG t=476.00 rough=0.314378 cond=0.510242 evap=0.000000 backs=0.041006
t=  478.00 -1.22e-15 | 1.6214 14.45  19245    0      0      0 | 1.3977 14.43 | 0.00e+00 4.03e-02 |   2.2140 0.6150  1.1701  3.2979 0.500 12.50 | PAIR-CHANNEL-DEAD
# CONVTAG t=478.00 rough=0.314378 cond=0.510242 evap=0.000000 backs=0.041006
t=  480.00 -1.22e-15 | 1.6214 14.44  19227    0      0      0 | 1.3975 14.42 | 0.00e+00 5.00e-02 |   2.2160 0.6156  1.1253  3.3125 0.500 12.50 | PAIR-CHANNEL-DEAD
# CONVTAG t=480.00 rough=0.314378 cond=0.510242 evap=0.000000 backs=0.041006
#
# RESULT drift_rel -1.223e-15
# RESULT births 0 deaths 0 beta_returns 0 beta_energy 0.000000e+00
# RESULT conv rough=50.528264 cond=622.001973 evap=0.000000 backs=6.590643 rad=0.000000
# RESULT convtag rough=0.314378 cond=0.510242 evap=0.000000 backs=0.041006 net=0.236869
# RESULT geometry phi_nom=1.6214 z_live=14.44 dbar=1.3975 sigma_d=0.1442
# RESULT pair CHANNEL DEAD
