# freecell — v89 free-cell substance test (exp=pair)
# laws = laws_V2g VERBATIM (defaults): C=1 w1=1.65 w2=2.9 q_detune=1.2
# gamma_res=0.25 gamma_res_m=0.1 p_gate=8 lock_floor=0.005 k_dep=1.2 k_dep_m=2 cap=2.5
# e_s0=1 es_floor=0.05 e_cond=0 f_conv=0.25 f_evap=0.5 s_pull=0.15
# kappa_lock=1 kappa_align=0.5 s_k=0.06 s_disp=0.3 sigma_tumble=0.01
# comb_limit=6 rough_k=0.35 gamma_rough=0.5 mob_sym=1 mob_floor=0.004 field_J=1.8
# quant_A0=1.15 quant_mode=2 (A0eff=1.15)
# v91 radiance (laws_V3r candidate A): k_rad=0.1 p_rad=4 rad_clock=0
# GEOMETRY (apparatus): cfac=1.15 k_rep=1 mob_geo=1 kappa_bond=1 freeze_geo=1
# bath=1 bath_frac=1 jam_sweeps=800 jam_k=0.1 L=16 dt=0.02 T=480 seed=20260802 diag_every=100
# JAM sweeps=800 max_step=1.402e-04 (tol 1.0e-04, k_end=0.0010) — witness for the settle
# SEED pair: i=475 j=1565 x=0.7600/0.7600 p:q=1:1 m=1 d*=2.071285 d0=6.984974 (doff +4.9287)
# SEED pair radii r=0.7359 contact=1.5535  Em/voice=1.9000
# SEED noise: amp=0.5 (e1-class churn)
# INIT NC=2700 slots=25950 live=20839 phi_nom=1.7041 z_live=15.44 dbar=1.4112 sigma_d=14.79% E0=3374.206059873
#
# t | drift_rel | phi_nom z_live NLa NLd births deaths | dbar sigma_d% | maxstep maxbond | Em_tag ret com_dev rms conn z_tag | pair: d delta gf gb | core/far
t=    0.00 +0.00e+00 | 1.7041 15.44  20839    0      0      0 | 1.4112 14.79 | 0.00e+00 0.00e+00 |   3.8000 1.0000  0.3317  3.4925 0.500 13.00 | PAIR-CHANNEL-DEAD
# CONVTAG t=0.00 rough=0.000000 cond=0.000000 evap=0.000000 backs=0.000000
t=    2.00 -2.70e-16 | 1.7040 15.36  20735    0      0      0 | 1.4099 14.78 | 0.00e+00 3.20e-04 |   3.7831 0.9955  0.3332  3.4940 0.500 12.00 | PAIR-CHANNEL-DEAD
# CONVTAG t=2.00 rough=0.000000 cond=0.000000 evap=0.000000 backs=0.000000
t=    4.00 -4.04e-16 | 1.7042 15.34  20714    0      0      0 | 1.4097 14.79 | 0.00e+00 3.84e-04 |   3.7567 0.9886  0.3315  3.4937 0.500 11.00 | PAIR-CHANNEL-DEAD
# CONVTAG t=4.00 rough=0.000000 cond=0.000000 evap=0.000000 backs=0.000000
# QATOM t=5.36 dir=FD w=1.65 e=0.301996504517
t=    6.00 -5.39e-16 | 1.7042 15.33  20700    0      0      0 | 1.4096 14.79 | 0.00e+00 3.08e-04 |   3.7326 0.9823  0.3294  3.4935 0.500 10.50 | PAIR-CHANNEL-DEAD
# CONVTAG t=6.00 rough=0.000000 cond=0.000000 evap=0.000000 backs=0.000000
t=    8.00 -6.74e-16 | 1.7039 15.32  20683    0      0      0 | 1.4094 14.79 | 0.00e+00 1.99e-04 |   3.7147 0.9775  0.3277  3.4931 0.500 10.00 | PAIR-CHANNEL-DEAD
# CONVTAG t=8.00 rough=0.000000 cond=0.000000 evap=0.000000 backs=0.000000
t=   10.00 -8.09e-16 | 1.7036 15.33  20692    0      0      0 | 1.4094 14.79 | 0.00e+00 1.15e-04 |   3.7000 0.9737  0.3261  3.4928 0.500 10.00 | PAIR-CHANNEL-DEAD
# CONVTAG t=10.00 rough=0.000000 cond=0.000000 evap=0.000000 backs=0.000000
t=   12.00 -8.09e-16 | 1.7025 15.32  20683    0      0      0 | 1.4094 14.79 | 0.00e+00 8.42e-03 |   3.6899 0.9710  0.3249  3.4926 0.500 10.00 | PAIR-CHANNEL-DEAD
# CONVTAG t=12.00 rough=0.000000 cond=0.000000 evap=0.000000 backs=0.000000
t=   14.00 -8.09e-16 | 1.7015 15.29  20641    0      0      0 | 1.4089 14.79 | 0.00e+00 4.97e-03 |   3.6822 0.9690  0.3245  3.4924 0.500 10.00 | PAIR-CHANNEL-DEAD
# CONVTAG t=14.00 rough=0.000000 cond=0.000000 evap=0.000000 backs=0.000000
t=   16.00 -8.09e-16 | 1.7000 15.28  20624    0      0      0 | 1.4087 14.79 | 0.00e+00 5.61e-03 |   3.6771 0.9677  0.3247  3.4924 0.500  9.00 | PAIR-CHANNEL-DEAD
# CONVTAG t=16.00 rough=0.000000 cond=0.000000 evap=0.000000 backs=0.000000
# QATOM t=17.64 dir=FD w=1.64411774 e=0.300919884582
t=   18.00 -8.09e-16 | 1.6981 15.27  20610    0      0      0 | 1.4086 14.79 | 0.00e+00 5.74e-03 |   3.6752 0.9672  0.3248  3.4924 0.500  9.50 | PAIR-CHANNEL-DEAD
# CONVTAG t=18.00 rough=0.000000 cond=0.000000 evap=0.000000 backs=0.000000
t=   20.00 -8.09e-16 | 1.6961 15.23  20559    0      0      0 | 1.4079 14.78 | 0.00e+00 1.40e-02 |   3.6739 0.9668  0.3250  3.4924 0.500  9.50 | PAIR-CHANNEL-DEAD
# CONVTAG t=20.00 rough=0.000000 cond=0.000000 evap=0.000000 backs=0.000000
t=   22.00 -8.09e-16 | 1.6935 15.22  20546    0      0      0 | 1.4077 14.78 | 0.00e+00 1.25e-02 |   3.6728 0.9665  0.3252  3.4924 0.500  9.50 | PAIR-CHANNEL-DEAD
# CONVTAG t=22.00 rough=0.000000 cond=0.000000 evap=0.000000 backs=0.000000
# QATOM t=22.34 dir=FD w=1.64906013 e=0.301824482007
t=   24.00 -9.43e-16 | 1.6902 15.18  20489    0      0      0 | 1.4069 14.77 | 0.00e+00 3.07e-02 |   3.5722 0.9401  0.3602  3.4918 0.500 10.00 | PAIR-CHANNEL-DEAD
# CONVTAG t=24.00 rough=0.000000 cond=0.160043 evap=0.281288 backs=0.036690
t=   26.00 -9.43e-16 | 1.6874 15.16  20461    0      0      0 | 1.4066 14.77 | 0.00e+00 2.09e-02 |   3.5731 0.9403  0.3593  3.4922 0.500  9.50 | PAIR-CHANNEL-DEAD
# CONVTAG t=26.00 rough=0.000000 cond=0.160043 evap=0.281288 backs=0.036690
# QATOM t=26.38 dir=FD w=1.64843775 e=0.301710568862
t=   28.00 -9.43e-16 | 1.6848 15.12  20410    0      0      0 | 1.4058 14.76 | 0.00e+00 2.69e-02 |   3.5721 0.9400  0.3597  3.4917 0.500  9.50 | PAIR-CHANNEL-DEAD
# CONVTAG t=28.00 rough=0.000000 cond=0.160043 evap=0.281288 backs=0.036690
t=   30.00 -9.43e-16 | 1.6822 15.09  20374    0      0      0 | 1.4053 14.75 | 0.00e+00 4.54e-02 |   3.5639 0.9379  0.3624  3.4917 0.500  9.50 | PAIR-CHANNEL-DEAD
# CONVTAG t=30.00 rough=0.000000 cond=0.160043 evap=0.281288 backs=0.036690
# QATOM t=30.40 dir=FD w=1.35820308 e=0.248589444515
t=   32.00 -9.43e-16 | 1.6794 15.07  20350    0      0      0 | 1.4050 14.75 | 0.00e+00 3.01e-02 |   3.5636 0.9378  0.3621  3.4917 0.500  9.50 | PAIR-CHANNEL-DEAD
# CONVTAG t=32.00 rough=0.000000 cond=0.160043 evap=0.281288 backs=0.036690
t=   34.00 -9.43e-16 | 1.6774 15.06  20336    0      0      0 | 1.4048 14.75 | 0.00e+00 2.80e-02 |   3.5646 0.9381  0.3605  3.4918 0.500  9.50 | PAIR-CHANNEL-DEAD
# CONVTAG t=34.00 rough=0.000000 cond=0.160043 evap=0.281288 backs=0.036690
# QATOM t=35.46 dir=FD w=1.48696464 e=0.272156438013
t=   36.00 -9.43e-16 | 1.6751 15.06  20325    0      0      0 | 1.4047 14.75 | 0.00e+00 2.35e-02 |   3.5483 0.9338  0.3647  3.4919 0.500  9.50 | PAIR-CHANNEL-DEAD
# CONVTAG t=36.00 rough=0.000000 cond=0.160043 evap=0.281288 backs=0.036690
t=   38.00 -9.43e-16 | 1.6735 15.03  20290    0      0      0 | 1.4042 14.74 | 0.00e+00 3.03e-02 |   3.2585 0.8575  0.3343  3.4860 0.500  9.50 | PAIR-CHANNEL-DEAD
# CONVTAG t=38.00 rough=0.000000 cond=0.160043 evap=0.565067 backs=0.073704
t=   40.00 -9.43e-16 | 1.6716 15.01  20260    0      0      0 | 1.4037 14.73 | 0.00e+00 3.19e-02 |   3.2577 0.8573  0.3345  3.4858 0.500 10.00 | PAIR-CHANNEL-DEAD
# CONVTAG t=40.00 rough=0.000000 cond=0.160043 evap=0.565067 backs=0.073704
# QATOM t=41.58 dir=FD w=1.64465753 e=0.301018681214
t=   42.00 -9.43e-16 | 1.6701 14.99  20240    0      0      0 | 1.4035 14.73 | 0.00e+00 3.40e-02 |   3.2529 0.8560  0.3343  3.4858 0.500 10.00 | PAIR-CHANNEL-DEAD
# CONVTAG t=42.00 rough=0.000000 cond=0.160043 evap=0.565067 backs=0.073704
t=   44.00 -9.43e-16 | 1.6689 14.99  20232    0      0      0 | 1.4034 14.73 | 0.00e+00 4.12e-02 |   3.2539 0.8563  0.3295  3.4867 0.500 10.00 | PAIR-CHANNEL-DEAD
# CONVTAG t=44.00 rough=0.000000 cond=0.160043 evap=0.565067 backs=0.073704
t=   46.00 -9.43e-16 | 1.6679 14.97  20203    0      0      0 | 1.4031 14.73 | 0.00e+00 2.71e-02 |   3.2568 0.8570  0.3286  3.4869 0.500 10.00 | PAIR-CHANNEL-DEAD
# CONVTAG t=46.00 rough=0.000000 cond=0.160043 evap=0.565067 backs=0.073704
t=   48.00 -9.43e-16 | 1.6667 14.95  20178    0      0      0 | 1.4027 14.72 | 0.00e+00 4.38e-02 |   3.2612 0.8582  0.3296  3.4867 0.500 10.00 | PAIR-CHANNEL-DEAD
# CONVTAG t=48.00 rough=0.000000 cond=0.160043 evap=0.565067 backs=0.073704
t=   50.00 -9.43e-16 | 1.6654 14.92  20137    0      0      0 | 1.4022 14.72 | 0.00e+00 3.32e-02 |   3.2531 0.8561  0.3317  3.4869 0.500 10.00 | PAIR-CHANNEL-DEAD
# CONVTAG t=50.00 rough=0.000000 cond=0.160043 evap=0.565067 backs=0.073704
# QATOM t=50.36 dir=FD w=1.63925183 e=0.300029285744
t=   52.00 -9.43e-16 | 1.6645 14.91  20129    0      0      0 | 1.4021 14.72 | 0.00e+00 3.88e-02 |   2.9616 0.7794  0.3828  3.4906 0.500 10.50 | PAIR-CHANNEL-DEAD
# CONVTAG t=52.00 rough=0.000000 cond=0.160043 evap=0.855564 backs=0.111595
t=   54.00 -9.43e-16 | 1.6638 14.92  20137    0      0      0 | 1.4021 14.71 | 0.00e+00 4.11e-02 |   2.9587 0.7786  0.3848  3.4907 0.500 11.00 | PAIR-CHANNEL-DEAD
# CONVTAG t=54.00 rough=0.000000 cond=0.160043 evap=0.855564 backs=0.111595
t=   56.00 -9.43e-16 | 1.6634 14.89  20107    0      0      0 | 1.4017 14.71 | 0.00e+00 2.65e-02 |   2.9595 0.7788  0.3776  3.4909 0.500 11.50 | PAIR-CHANNEL-DEAD
# CONVTAG t=56.00 rough=0.000000 cond=0.160043 evap=0.855564 backs=0.111595
t=   58.00 -9.43e-16 | 1.6629 14.91  20127    0      0      0 | 1.4020 14.72 | 0.00e+00 3.10e-02 |   2.9516 0.7767  0.3734  3.4911 0.500 11.50 | PAIR-CHANNEL-DEAD
# CONVTAG t=58.00 rough=0.000000 cond=0.160043 evap=0.855564 backs=0.111595
t=   60.00 -9.43e-16 | 1.6623 14.91  20134    0      0      0 | 1.4022 14.72 | 0.00e+00 4.32e-02 |   2.9331 0.7719  0.3809  3.4908 0.500 12.00 | PAIR-CHANNEL-DEAD
# CONVTAG t=60.00 rough=0.000000 cond=0.160043 evap=0.855564 backs=0.111595
t=   62.00 -9.43e-16 | 1.6618 14.92  20136    0      0      0 | 1.4022 14.72 | 0.00e+00 3.45e-02 |   2.9322 0.7716  0.3834  3.4906 0.500 11.50 | PAIR-CHANNEL-DEAD
# CONVTAG t=62.00 rough=0.000000 cond=0.160043 evap=0.855564 backs=0.111595
# QATOM t=62.46 dir=FD w=1.29107618 e=0.236303328468
t=   64.00 -9.43e-16 | 1.6612 14.92  20142    0      0      0 | 1.4023 14.72 | 0.00e+00 5.00e-02 |   2.9452 0.7751  0.3940  3.4899 0.500 11.50 | PAIR-CHANNEL-DEAD
# CONVTAG t=64.00 rough=0.000000 cond=0.160043 evap=0.855564 backs=0.111595
t=   66.00 -9.43e-16 | 1.6611 14.92  20147    0      0      0 | 1.4023 14.72 | 0.00e+00 3.70e-02 |   2.9500 0.7763  0.3891  3.4905 0.500 12.00 | PAIR-CHANNEL-DEAD
# CONVTAG t=66.00 rough=0.000000 cond=0.160043 evap=0.855564 backs=0.111595
t=   68.00 -9.43e-16 | 1.6608 14.91  20135    0      0      0 | 1.4022 14.72 | 0.00e+00 3.69e-02 |   2.9661 0.7806  0.3792  3.4908 0.500 12.00 | PAIR-CHANNEL-DEAD
# CONVTAG t=68.00 rough=0.000000 cond=0.160043 evap=0.855564 backs=0.111595
t=   70.00 -9.43e-16 | 1.6606 14.91  20134    0      0      0 | 1.4022 14.72 | 0.00e+00 4.41e-02 |   2.9606 0.7791  0.3840  3.4905 0.500 12.00 | PAIR-CHANNEL-DEAD
# CONVTAG t=70.00 rough=0.000000 cond=0.160043 evap=0.855564 backs=0.111595
t=   72.00 -9.43e-16 | 1.6604 14.91  20132    0      0      0 | 1.4022 14.72 | 0.00e+00 5.00e-02 |   2.6438 0.6957  0.3541  3.4828 0.500 12.00 | PAIR-CHANNEL-DEAD
# CONVTAG t=72.00 rough=0.000000 cond=0.160043 evap=1.161713 backs=0.151528
t=   74.00 -9.43e-16 | 1.6601 14.89  20103    0      0      0 | 1.4018 14.72 | 0.00e+00 3.36e-02 |   2.6385 0.6943  0.3545  3.4824 0.500 12.00 | PAIR-CHANNEL-DEAD
# CONVTAG t=74.00 rough=0.000000 cond=0.160043 evap=1.161713 backs=0.151528
# QATOM t=75.98 dir=DF w=1.9316627 e=0.353548717936
t=   76.00 -9.43e-16 | 1.6603 14.89  20098    0      0      0 | 1.4017 14.72 | 0.00e+00 3.29e-02 |   2.6425 0.6954  0.3579  3.4819 0.500 12.00 | PAIR-CHANNEL-DEAD
# CONVTAG t=76.00 rough=0.000000 cond=0.160043 evap=1.161713 backs=0.151528
t=   78.00 -9.43e-16 | 1.6601 14.88  20093    0      0      0 | 1.4017 14.72 | 0.00e+00 4.50e-02 |   2.6432 0.6956  0.3552  3.4831 0.500 12.00 | PAIR-CHANNEL-DEAD
# CONVTAG t=78.00 rough=0.000000 cond=0.160043 evap=1.161713 backs=0.151528
t=   80.00 -9.43e-16 | 1.6601 14.88  20094    0      0      0 | 1.4017 14.72 | 0.00e+00 4.54e-02 |   2.6291 0.6919  0.3529  3.4825 0.500 11.50 | PAIR-CHANNEL-DEAD
# CONVTAG t=80.00 rough=0.000000 cond=0.160043 evap=1.161713 backs=0.151528
t=   82.00 -9.43e-16 | 1.6601 14.88  20089    0      0      0 | 1.4016 14.72 | 0.00e+00 3.90e-02 |   2.6182 0.6890  0.3572  3.4820 0.500 12.00 | PAIR-CHANNEL-DEAD
# CONVTAG t=82.00 rough=0.000000 cond=0.160043 evap=1.161713 backs=0.151528
t=   84.00 -9.43e-16 | 1.6599 14.88  20084    0      0      0 | 1.4015 14.72 | 0.00e+00 4.63e-02 |   2.6169 0.6887  0.3574  3.4818 0.500 10.50 | PAIR-CHANNEL-DEAD
# CONVTAG t=84.00 rough=0.000000 cond=0.160043 evap=1.161713 backs=0.151528
t=   86.00 -8.09e-16 | 1.6601 14.88  20087    0      0      0 | 1.4016 14.72 | 0.00e+00 5.00e-02 |   2.6263 0.6911  0.3636  3.4807 0.500 10.50 | PAIR-CHANNEL-DEAD
# CONVTAG t=86.00 rough=0.000000 cond=0.160043 evap=1.161713 backs=0.151528
# QATOM t=87.00 dir=DF w=2.37236635 e=0.434209906356
t=   88.00 -8.09e-16 | 1.6603 14.89  20106    0      0      0 | 1.4018 14.72 | 0.00e+00 3.20e-02 |   2.6302 0.6922  0.3600  3.4816 0.500 11.50 | PAIR-CHANNEL-DEAD
# CONVTAG t=88.00 rough=0.000000 cond=0.160043 evap=1.161713 backs=0.151528
t=   90.00 -8.09e-16 | 1.6602 14.89  20103    0      0      0 | 1.4019 14.72 | 0.00e+00 4.47e-02 |   2.6259 0.6910  0.3596  3.4815 0.500 11.00 | PAIR-CHANNEL-DEAD
# CONVTAG t=90.00 rough=0.000000 cond=0.160043 evap=1.161713 backs=0.151528
t=   92.00 -8.09e-16 | 1.6602 14.89  20107    0      0      0 | 1.4019 14.72 | 0.00e+00 3.37e-02 |   2.5711 0.6766  0.4040  3.4740 0.500 11.00 | PAIR-CHANNEL-DEAD
# CONVTAG t=92.00 rough=0.000000 cond=0.160043 evap=1.161713 backs=0.151528
t=   94.00 -9.43e-16 | 1.6602 14.91  20123    0      0      0 | 1.4021 14.73 | 0.00e+00 4.83e-02 |   2.2015 0.5793  0.3320  3.4928 0.500 12.00 | PAIR-CHANNEL-DEAD
# CONVTAG t=94.00 rough=0.000000 cond=0.160043 evap=1.477600 backs=0.192730
t=   96.00 -9.43e-16 | 1.6604 14.91  20123    0      0      0 | 1.4021 14.72 | 0.00e+00 4.40e-02 |   2.1776 0.5731  0.3244  3.4927 0.500 12.00 | PAIR-CHANNEL-DEAD
# CONVTAG t=96.00 rough=0.000000 cond=0.160043 evap=1.477600 backs=0.192730
# QATOM t=96.12 dir=FD w=1.60054332 e=0.292944537723
t=   98.00 -8.09e-16 | 1.6605 14.91  20134    0      0      0 | 1.4023 14.73 | 0.00e+00 2.78e-02 |   2.1736 0.5720  0.3230  3.4923 0.500 12.00 | PAIR-CHANNEL-DEAD
# CONVTAG t=98.00 rough=0.000000 cond=0.160043 evap=1.477600 backs=0.192730
t=  100.00 -9.43e-16 | 1.6604 14.90  20110    0      0      0 | 1.4020 14.73 | 0.00e+00 3.01e-02 |   2.1795 0.5736  0.3251  3.4924 0.500 12.00 | PAIR-CHANNEL-DEAD
# CONVTAG t=100.00 rough=0.000000 cond=0.160043 evap=1.477600 backs=0.192730
t=  102.00 -9.43e-16 | 1.6603 14.88  20090    0      0      0 | 1.4017 14.72 | 0.00e+00 4.30e-02 |   2.3918 0.6294  0.4130  3.4727 0.500 12.00 | PAIR-CHANNEL-DEAD
# CONVTAG t=102.00 rough=0.000000 cond=0.357864 evap=1.477600 backs=0.192730
t=  104.00 -8.09e-16 | 1.6605 14.89  20107    0      0      0 | 1.4020 14.73 | 0.00e+00 3.82e-02 |   2.3798 0.6263  0.4209  3.4714 0.500 12.00 | PAIR-CHANNEL-DEAD
# CONVTAG t=104.00 rough=0.000000 cond=0.357864 evap=1.477600 backs=0.192730
# QATOM t=105.18 dir=DF w=2.09786562 e=0.383968535561
t=  106.00 -8.09e-16 | 1.6604 14.88  20092    0      0      0 | 1.4018 14.73 | 0.00e+00 3.30e-02 |   2.3806 0.6265  0.4175  3.4719 0.500 12.00 | PAIR-CHANNEL-DEAD
# CONVTAG t=106.00 rough=0.000000 cond=0.357864 evap=1.477600 backs=0.192730
t=  108.00 -8.09e-16 | 1.6603 14.88  20087    0      0      0 | 1.4017 14.73 | 0.00e+00 3.04e-02 |   2.3980 0.6311  0.3967  3.4761 0.500 11.50 | PAIR-CHANNEL-DEAD
# CONVTAG t=108.00 rough=0.000000 cond=0.357864 evap=1.477600 backs=0.192730
t=  110.00 -8.09e-16 | 1.6604 14.89  20105    0      0      0 | 1.4020 14.73 | 0.00e+00 4.14e-02 |   2.6780 0.7047  0.5033  3.4724 0.500 11.50 | PAIR-CHANNEL-DEAD
# CONVTAG t=110.00 rough=0.000000 cond=0.542902 evap=1.477600 backs=0.192730
t=  112.00 -8.09e-16 | 1.6605 14.89  20096    0      0      0 | 1.4018 14.73 | 0.00e+00 3.41e-02 |   2.7321 0.7190  0.4443  3.4673 0.500 11.50 | PAIR-CHANNEL-DEAD
# CONVTAG t=112.00 rough=0.000000 cond=0.542902 evap=1.477600 backs=0.192730
t=  114.00 -8.09e-16 | 1.6606 14.89  20102    0      0      0 | 1.4019 14.73 | 0.00e+00 2.84e-02 |   2.7301 0.7185  0.4417  3.4679 0.500 10.50 | PAIR-CHANNEL-DEAD
# CONVTAG t=114.00 rough=0.000000 cond=0.542902 evap=1.477600 backs=0.192730
# QATOM t=115.00 dir=FD w=1.60441818 e=0.29365374634
t=  116.00 -8.09e-16 | 1.6603 14.87  20078    0      0      0 | 1.4016 14.72 | 0.00e+00 3.58e-02 |   2.7110 0.7134  0.4609  3.4646 0.500 10.50 | PAIR-CHANNEL-DEAD
# CONVTAG t=116.00 rough=0.000000 cond=0.542902 evap=1.477600 backs=0.192730
t=  118.00 -8.09e-16 | 1.6602 14.87  20079    0      0      0 | 1.4016 14.73 | 0.00e+00 3.85e-02 |   2.7111 0.7135  0.4608  3.4646 0.500 11.00 | PAIR-CHANNEL-DEAD
# CONVTAG t=118.00 rough=0.000000 cond=0.542902 evap=1.477600 backs=0.192730
t=  120.00 -8.09e-16 | 1.6604 14.88  20088    0      0      0 | 1.4017 14.73 | 0.00e+00 3.71e-02 |   2.7103 0.7132  0.4602  3.4647 0.500 11.00 | PAIR-CHANNEL-DEAD
# CONVTAG t=120.00 rough=0.000000 cond=0.542902 evap=1.477600 backs=0.192730
t=  122.00 -8.09e-16 | 1.6605 14.90  20114    0      0      0 | 1.4021 14.73 | 0.00e+00 3.81e-02 |   2.7206 0.7160  0.4474  3.4669 0.500 11.00 | PAIR-CHANNEL-DEAD
# CONVTAG t=122.00 rough=0.000000 cond=0.542902 evap=1.477600 backs=0.192730
t=  124.00 -8.09e-16 | 1.6607 14.89  20096    0      0      0 | 1.4019 14.73 | 0.00e+00 3.49e-02 |   2.7049 0.7118  0.4534  3.4658 0.500 11.00 | PAIR-CHANNEL-DEAD
# CONVTAG t=124.00 rough=0.000000 cond=0.542902 evap=1.477600 backs=0.192730
# QATOM t=125.38 dir=DF w=2.32105799 e=0.424819029594
t=  126.00 -8.09e-16 | 1.6607 14.87  20080    0      0      0 | 1.4016 14.73 | 0.00e+00 3.66e-02 |   2.6741 0.7037  0.4740  3.4624 0.500 11.00 | PAIR-CHANNEL-DEAD
# CONVTAG t=126.00 rough=0.000000 cond=0.542902 evap=1.477600 backs=0.192730
t=  128.00 -8.09e-16 | 1.6611 14.88  20093    0      0      0 | 1.4018 14.73 | 0.00e+00 3.85e-02 |   2.6718 0.7031  0.4764  3.4619 0.500 11.00 | PAIR-CHANNEL-DEAD
# CONVTAG t=128.00 rough=0.000000 cond=0.542902 evap=1.477600 backs=0.192730
t=  130.00 -8.09e-16 | 1.6609 14.89  20099    0      0      0 | 1.4019 14.73 | 0.00e+00 4.25e-02 |   2.6731 0.7034  0.4802  3.4617 0.500 11.00 | PAIR-CHANNEL-DEAD
# CONVTAG t=130.00 rough=0.000000 cond=0.542902 evap=1.477600 backs=0.192730
t=  132.00 -8.09e-16 | 1.6611 14.90  20110    0      0      0 | 1.4020 14.73 | 0.00e+00 4.07e-02 |   2.6738 0.7036  0.4740  3.4626 0.500 11.00 | PAIR-CHANNEL-DEAD
# CONVTAG t=132.00 rough=0.000000 cond=0.542902 evap=1.477600 backs=0.192730
# QATOM t=133.86 dir=DF w=1.81907343 e=0.332941707538
t=  134.00 -8.09e-16 | 1.6612 14.89  20099    0      0      0 | 1.4019 14.73 | 0.00e+00 4.19e-02 |   2.6778 0.7047  0.4672  3.4636 0.500 10.50 | PAIR-CHANNEL-DEAD
# CONVTAG t=134.00 rough=0.000000 cond=0.542902 evap=1.477600 backs=0.192730
t=  136.00 -8.09e-16 | 1.6611 14.87  20078    0      0      0 | 1.4016 14.73 | 0.00e+00 3.46e-02 |   2.6552 0.6987  0.4921  3.4590 0.500 11.00 | PAIR-CHANNEL-DEAD
# CONVTAG t=136.00 rough=0.000000 cond=0.542902 evap=1.477600 backs=0.192730
t=  138.00 -8.09e-16 | 1.6613 14.89  20102    0      0      0 | 1.4020 14.73 | 0.00e+00 4.02e-02 |   2.6525 0.6980  0.5001  3.4577 0.500 11.00 | PAIR-CHANNEL-DEAD
# CONVTAG t=138.00 rough=0.000000 cond=0.542902 evap=1.477600 backs=0.192730
t=  140.00 -8.09e-16 | 1.6612 14.89  20099    0      0      0 | 1.4019 14.73 | 0.00e+00 3.86e-02 |   2.6510 0.6976  0.5018  3.4573 0.500 11.00 | PAIR-CHANNEL-DEAD
# CONVTAG t=140.00 rough=0.000000 cond=0.542902 evap=1.477600 backs=0.192730
t=  142.00 -8.09e-16 | 1.6610 14.88  20094    0      0      0 | 1.4019 14.73 | 0.00e+00 4.31e-02 |   2.6438 0.6957  0.4891  3.4597 0.500 11.00 | PAIR-CHANNEL-DEAD
# CONVTAG t=142.00 rough=0.000000 cond=0.542902 evap=1.477600 backs=0.192730
# QATOM t=143.00 dir=FD w=1.6411883 e=0.300383714295
t=  144.00 -9.43e-16 | 1.6607 14.89  20108    0      0      0 | 1.4020 14.73 | 0.00e+00 4.97e-02 |   2.3606 0.6212  0.3213  3.4921 0.500 11.50 | PAIR-CHANNEL-DEAD
# CONVTAG t=144.00 rough=0.000000 cond=0.542902 evap=1.785990 backs=0.232955
t=  146.00 -8.09e-16 | 1.6606 14.88  20092    0      0      0 | 1.4018 14.73 | 0.00e+00 4.09e-02 |   2.4009 0.6318  0.3367  3.4924 0.500 11.00 | PAIR-CHANNEL-DEAD
# CONVTAG t=146.00 rough=0.000000 cond=0.542902 evap=1.785990 backs=0.232955
t=  148.00 -9.43e-16 | 1.6609 14.89  20102    0      0      0 | 1.4019 14.73 | 0.00e+00 3.70e-02 |   2.4072 0.6335  0.3309  3.4927 0.500 11.00 | PAIR-CHANNEL-DEAD
# CONVTAG t=148.00 rough=0.000000 cond=0.542902 evap=1.785990 backs=0.232955
t=  150.00 -9.43e-16 | 1.6605 14.88  20087    0      0      0 | 1.4017 14.72 | 0.00e+00 4.11e-02 |   2.0617 0.5426  0.5774  3.4426 0.500 10.50 | PAIR-CHANNEL-DEAD
# CONVTAG t=150.00 rough=0.000000 cond=0.542902 evap=2.123325 backs=0.276955
# QATOM t=151.98 dir=DF w=1.98413186 e=0.363152051729
t=  152.00 -8.09e-16 | 1.6604 14.88  20082    0      0      0 | 1.4016 14.72 | 0.00e+00 4.24e-02 |   2.0366 0.5359  0.5436  3.4493 0.500 11.00 | PAIR-CHANNEL-DEAD
# CONVTAG t=152.00 rough=0.000000 cond=0.542902 evap=2.123325 backs=0.276955
t=  154.00 -8.09e-16 | 1.6605 14.87  20081    0      0      0 | 1.4016 14.72 | 0.00e+00 3.78e-02 |   2.0249 0.5329  0.5330  3.4518 0.500 11.50 | PAIR-CHANNEL-DEAD
# CONVTAG t=154.00 rough=0.000000 cond=0.542902 evap=2.123325 backs=0.276955
t=  156.00 -8.09e-16 | 1.6607 14.88  20092    0      0      0 | 1.4018 14.73 | 0.00e+00 4.78e-02 |   2.0324 0.5348  0.5171  3.4545 0.500 12.00 | PAIR-CHANNEL-DEAD
# CONVTAG t=156.00 rough=0.000000 cond=0.542902 evap=2.123325 backs=0.276955
t=  158.00 -8.09e-16 | 1.6607 14.88  20083    0      0      0 | 1.4016 14.72 | 0.00e+00 4.72e-02 |   2.0469 0.5387  0.5022  3.4571 0.500 11.50 | PAIR-CHANNEL-DEAD
# CONVTAG t=158.00 rough=0.000000 cond=0.542902 evap=2.123325 backs=0.276955
t=  160.00 -8.09e-16 | 1.6608 14.88  20088    0      0      0 | 1.4017 14.72 | 0.00e+00 4.45e-02 |   2.2527 0.5928  0.8130  3.3864 0.500 10.50 | PAIR-CHANNEL-DEAD
# CONVTAG t=160.00 rough=0.000000 cond=0.735768 evap=2.123325 backs=0.276955
t=  162.00 -8.09e-16 | 1.6606 14.89  20105    0      0      0 | 1.4019 14.72 | 0.00e+00 4.36e-02 |   2.1930 0.5771  0.8665  3.3711 0.500 11.50 | PAIR-CHANNEL-DEAD
# CONVTAG t=162.00 rough=0.000000 cond=0.735768 evap=2.123325 backs=0.276955
# QATOM t=162.36 dir=FD w=1.60659907 e=0.29405291139
t=  164.00 -9.43e-16 | 1.6605 14.88  20093    0      0      0 | 1.4017 14.72 | 0.00e+00 5.00e-02 |   2.1832 0.5745  0.8649  3.3989 0.500 11.50 | PAIR-CHANNEL-DEAD
# CONVTAG t=164.00 rough=0.000000 cond=0.735768 evap=2.123325 backs=0.276955
t=  166.00 -9.43e-16 | 1.6605 14.88  20090    0      0      0 | 1.4016 14.71 | 0.00e+00 5.00e-02 |   2.1840 0.5747  0.8620  3.3729 0.500 11.00 | PAIR-CHANNEL-DEAD
# CONVTAG t=166.00 rough=0.000000 cond=0.735768 evap=2.123325 backs=0.276955
t=  168.00 -9.43e-16 | 1.6606 14.88  20082    0      0      0 | 1.4015 14.71 | 0.00e+00 3.14e-02 |   2.1925 0.5770  0.8752  3.3689 0.500 10.50 | PAIR-CHANNEL-DEAD
# CONVTAG t=168.00 rough=0.000000 cond=0.735768 evap=2.123325 backs=0.276955
t=  170.00 -9.43e-16 | 1.6607 14.87  20077    0      0      0 | 1.4014 14.71 | 0.00e+00 3.76e-02 |   2.1900 0.5763  0.8741  3.3693 0.500 11.00 | PAIR-CHANNEL-DEAD
# CONVTAG t=170.00 rough=0.000000 cond=0.735768 evap=2.123325 backs=0.276955
# QATOM t=171.74 dir=FD w=1.55344918 e=0.284324982677
t=  172.00 -9.43e-16 | 1.6608 14.88  20085    0      0      0 | 1.4016 14.72 | 0.00e+00 5.00e-02 |   2.4193 0.6367  0.4563  3.4655 0.500 10.50 | PAIR-CHANNEL-DEAD
# CONVTAG t=172.00 rough=0.000000 cond=0.953241 evap=2.123325 backs=0.276955
t=  174.00 -8.09e-16 | 1.6607 14.89  20096    0      0      0 | 1.4017 14.72 | 0.00e+00 5.00e-02 |   2.4136 0.6352  0.4601  3.4647 0.500 11.00 | PAIR-CHANNEL-DEAD
# CONVTAG t=174.00 rough=0.000000 cond=0.953241 evap=2.123325 backs=0.276955
t=  176.00 -9.43e-16 | 1.6607 14.89  20095    0      0      0 | 1.4017 14.71 | 0.00e+00 3.05e-02 |   2.4182 0.6364  0.4541  3.4661 0.500 11.00 | PAIR-CHANNEL-DEAD
# CONVTAG t=176.00 rough=0.000000 cond=0.953241 evap=2.123325 backs=0.276955
t=  178.00 -8.09e-16 | 1.6612 14.89  20100    0      0      0 | 1.4017 14.71 | 0.00e+00 4.58e-02 |   2.4233 0.6377  0.4530  3.4660 0.500 11.00 | PAIR-CHANNEL-DEAD
# CONVTAG t=178.00 rough=0.000000 cond=0.953241 evap=2.123325 backs=0.276955
t=  180.00 -8.09e-16 | 1.6613 14.92  20137    0      0      0 | 1.4022 14.72 | 0.00e+00 5.00e-02 |   2.4252 0.6382  0.4429  3.4677 0.500 11.00 | PAIR-CHANNEL-DEAD
# CONVTAG t=180.00 rough=0.000000 cond=0.953241 evap=2.123325 backs=0.276955
# QATOM t=180.72 dir=FD w=1.62865535 e=0.298089832662
t=  182.00 -8.09e-16 | 1.6613 14.91  20122    0      0      0 | 1.4020 14.72 | 0.00e+00 4.41e-02 |   2.4099 0.6342  0.4471  3.4670 0.500 11.00 | PAIR-CHANNEL-DEAD
# CONVTAG t=182.00 rough=0.000000 cond=0.953241 evap=2.123325 backs=0.276955
t=  184.00 -8.09e-16 | 1.6609 14.90  20120    0      0      0 | 1.4020 14.72 | 0.00e+00 4.85e-02 |   2.4075 0.6335  0.4479  3.4669 0.500 11.00 | PAIR-CHANNEL-DEAD
# CONVTAG t=184.00 rough=0.000000 cond=0.953241 evap=2.123325 backs=0.276955
t=  186.00 -8.09e-16 | 1.6610 14.90  20114    0      0      0 | 1.4019 14.72 | 0.00e+00 5.00e-02 |   2.4071 0.6334  0.4501  3.4664 0.500 11.00 | PAIR-CHANNEL-DEAD
# CONVTAG t=186.00 rough=0.000000 cond=0.953241 evap=2.123325 backs=0.276955
t=  188.00 -8.09e-16 | 1.6609 14.90  20111    0      0      0 | 1.4018 14.71 | 0.00e+00 3.60e-02 |   2.4059 0.6331  0.4381  3.4686 0.500 11.50 | PAIR-CHANNEL-DEAD
# CONVTAG t=188.00 rough=0.000000 cond=0.953241 evap=2.123325 backs=0.276955
# QATOM t=188.94 dir=DF w=2.35344406 e=0.430746593313
t=  190.00 -8.09e-16 | 1.6610 14.92  20145    0      0      0 | 1.4023 14.72 | 0.00e+00 3.86e-02 |   2.3992 0.6314  0.4341  3.4692 0.500 11.50 | PAIR-CHANNEL-DEAD
# CONVTAG t=190.00 rough=0.000000 cond=0.953241 evap=2.123325 backs=0.276955
t=  192.00 -8.09e-16 | 1.6611 14.91  20122    0      0      0 | 1.4020 14.72 | 0.00e+00 5.00e-02 |   2.3967 0.6307  0.4387  3.4684 0.500 12.00 | PAIR-CHANNEL-DEAD
# CONVTAG t=192.00 rough=0.000000 cond=0.953241 evap=2.123325 backs=0.276955
t=  194.00 -8.09e-16 | 1.6611 14.90  20115    0      0      0 | 1.4019 14.71 | 0.00e+00 2.70e-02 |   2.3965 0.6307  0.4404  3.4683 0.500 12.00 | PAIR-CHANNEL-DEAD
# CONVTAG t=194.00 rough=0.000000 cond=0.953241 evap=2.123325 backs=0.276955
t=  196.00 -8.09e-16 | 1.6609 14.89  20107    0      0      0 | 1.4018 14.71 | 0.00e+00 3.76e-02 |   2.3888 0.6286  0.4331  3.4693 0.500 11.50 | PAIR-CHANNEL-DEAD
# CONVTAG t=196.00 rough=0.000000 cond=0.953241 evap=2.123325 backs=0.276955
t=  198.00 -8.09e-16 | 1.6609 14.90  20119    0      0      0 | 1.4019 14.72 | 0.00e+00 5.00e-02 |   2.3837 0.6273  0.4311  3.4699 0.500 11.50 | PAIR-CHANNEL-DEAD
# CONVTAG t=198.00 rough=0.000000 cond=0.953241 evap=2.123325 backs=0.276955
# QATOM t=198.26 dir=FD w=1.63890015 e=0.2999649197
t=  200.00 -8.09e-16 | 1.6611 14.91  20122    0      0      0 | 1.4019 14.71 | 0.00e+00 4.41e-02 |   2.3833 0.6272  0.4285  3.4704 0.500 11.50 | PAIR-CHANNEL-DEAD
# CONVTAG t=200.00 rough=0.000000 cond=0.953241 evap=2.123325 backs=0.276955
t=  202.00 -8.09e-16 | 1.6611 14.90  20116    0      0      0 | 1.4019 14.71 | 0.00e+00 5.00e-02 |   2.3832 0.6272  0.4274  3.4705 0.500 11.50 | PAIR-CHANNEL-DEAD
# CONVTAG t=202.00 rough=0.000000 cond=0.953241 evap=2.123325 backs=0.276955
t=  204.00 -8.09e-16 | 1.6611 14.90  20121    0      0      0 | 1.4020 14.72 | 0.00e+00 4.67e-02 |   2.3794 0.6262  0.4259  3.4707 0.500 11.50 | PAIR-CHANNEL-DEAD
# CONVTAG t=204.00 rough=0.000000 cond=0.953241 evap=2.123325 backs=0.276955
t=  206.00 -8.09e-16 | 1.6611 14.91  20131    0      0      0 | 1.4021 14.71 | 0.00e+00 3.80e-02 |   2.3696 0.6236  0.4166  3.4725 0.500 12.50 | PAIR-CHANNEL-DEAD
# CONVTAG t=206.00 rough=0.000000 cond=0.953241 evap=2.123325 backs=0.276955
# QATOM t=206.20 dir=FD w=1.36275056 e=0.249421761432
t=  208.00 -8.09e-16 | 1.6610 14.90  20111    0      0      0 | 1.4018 14.71 | 0.00e+00 3.84e-02 |   2.3703 0.6238  0.4174  3.4724 0.500 12.50 | PAIR-CHANNEL-DEAD
# CONVTAG t=208.00 rough=0.000000 cond=0.953241 evap=2.123325 backs=0.276955
t=  210.00 -8.09e-16 | 1.6611 14.92  20147    0      0      0 | 1.4023 14.72 | 0.00e+00 4.30e-02 |   2.0447 0.5381  0.3856  3.4910 0.500 13.00 | PAIR-CHANNEL-DEAD
# CONVTAG t=210.00 rough=0.000000 cond=0.953241 evap=2.448862 backs=0.319417
t=  212.00 -8.09e-16 | 1.6616 14.92  20148    0      0      0 | 1.4022 14.71 | 0.00e+00 3.34e-02 |   2.0397 0.5368  0.3928  3.4913 0.500 13.00 | PAIR-CHANNEL-DEAD
# CONVTAG t=212.00 rough=0.000000 cond=0.953241 evap=2.448862 backs=0.319417
# QATOM t=213.90 dir=FD w=1.57173818 e=0.287672385772
t=  214.00 -8.09e-16 | 1.6616 14.93  20161    0      0      0 | 1.4024 14.71 | 0.00e+00 3.01e-02 |   2.0300 0.5342  0.4153  3.4882 0.500 12.50 | PAIR-CHANNEL-DEAD
# CONVTAG t=214.00 rough=0.000000 cond=0.953241 evap=2.448862 backs=0.319417
t=  216.00 -8.09e-16 | 1.6619 14.93  20159    0      0      0 | 1.4024 14.71 | 0.00e+00 4.38e-02 |   1.9923 0.5243  0.4661  3.4846 0.500 13.00 | PAIR-CHANNEL-DEAD
# CONVTAG t=216.00 rough=0.000000 cond=0.953241 evap=2.448862 backs=0.319417
t=  218.00 -8.09e-16 | 1.6618 14.91  20134    0      0      0 | 1.4021 14.72 | 0.00e+00 5.00e-02 |   2.2092 0.5814  0.7457  3.4462 0.500 12.00 | PAIR-CHANNEL-DEAD
# CONVTAG t=218.00 rough=0.000000 cond=1.153149 evap=2.448862 backs=0.319417
t=  220.00 -8.09e-16 | 1.6619 14.92  20143    0      0      0 | 1.4022 14.71 | 0.00e+00 3.27e-02 |   2.1952 0.5777  0.7614  3.4458 0.500 12.00 | PAIR-CHANNEL-DEAD
# CONVTAG t=220.00 rough=0.000000 cond=1.153149 evap=2.448862 backs=0.319417
# QATOM t=221.34 dir=DF w=2.36111039 e=0.43214974768
t=  222.00 -8.09e-16 | 1.6618 14.92  20139    0      0      0 | 1.4022 14.71 | 0.00e+00 4.89e-02 |   2.1928 0.5771  0.7627  3.4421 0.500 12.00 | PAIR-CHANNEL-DEAD
# CONVTAG t=222.00 rough=0.000000 cond=1.153149 evap=2.448862 backs=0.319417
t=  224.00 -8.09e-16 | 1.6620 14.91  20124    0      0      0 | 1.4019 14.71 | 0.00e+00 4.03e-02 |   2.1937 0.5773  0.7600  3.4427 0.500 12.00 | PAIR-CHANNEL-DEAD
# CONVTAG t=224.00 rough=0.000000 cond=1.153149 evap=2.448862 backs=0.319417
t=  226.00 -8.09e-16 | 1.6619 14.92  20138    0      0      0 | 1.4022 14.72 | 0.00e+00 3.65e-02 |   2.2147 0.5828  0.7275  3.4516 0.500 12.00 | PAIR-CHANNEL-DEAD
# CONVTAG t=226.00 rough=0.000000 cond=1.153149 evap=2.448862 backs=0.319417
t=  228.00 -8.09e-16 | 1.6617 14.92  20137    0      0      0 | 1.4022 14.72 | 0.00e+00 3.61e-02 |   2.2181 0.5837  0.7296  3.4514 0.500 12.00 | PAIR-CHANNEL-DEAD
# CONVTAG t=228.00 rough=0.000000 cond=1.153149 evap=2.448862 backs=0.319417
# QATOM t=228.56 dir=FD w=1.58417462 e=0.289948604646
t=  230.00 -8.09e-16 | 1.6615 14.92  20139    0      0      0 | 1.4021 14.71 | 0.00e+00 5.00e-02 |   2.1542 0.5669  0.8257  3.4361 0.500 12.00 | PAIR-CHANNEL-DEAD
# CONVTAG t=230.00 rough=0.000000 cond=1.153149 evap=2.448862 backs=0.319417
t=  232.00 -8.09e-16 | 1.6614 14.94  20166    0      0      0 | 1.4025 14.71 | 0.00e+00 5.00e-02 |   2.1288 0.5602  0.8268  3.4296 0.500 12.00 | PAIR-CHANNEL-DEAD
# CONVTAG t=232.00 rough=0.000000 cond=1.153149 evap=2.448862 backs=0.319417
t=  234.00 -8.09e-16 | 1.6616 14.95  20185    0      0      0 | 1.4027 14.72 | 0.00e+00 3.84e-02 |   2.1243 0.5590  0.8203  3.4316 0.500 12.00 | PAIR-CHANNEL-DEAD
# CONVTAG t=234.00 rough=0.000000 cond=1.153149 evap=2.448862 backs=0.319417
# QATOM t=235.60 dir=FD w=1.6351834 e=0.299284648561
t=  236.00 -8.09e-16 | 1.6616 14.94  20165    0      0      0 | 1.4024 14.71 | 0.00e+00 3.80e-02 |   2.1303 0.5606  0.8227  3.4311 0.500 12.50 | PAIR-CHANNEL-DEAD
# CONVTAG t=236.00 rough=0.000000 cond=1.153149 evap=2.448862 backs=0.319417
t=  238.00 -8.09e-16 | 1.6615 14.94  20168    0      0      0 | 1.4024 14.71 | 0.00e+00 4.54e-02 |   2.1433 0.5640  0.8020  3.4417 0.500 12.00 | PAIR-CHANNEL-DEAD
# CONVTAG t=238.00 rough=0.000000 cond=1.153149 evap=2.448862 backs=0.319417
t=  240.00 -8.09e-16 | 1.6615 14.93  20155    0      0      0 | 1.4023 14.71 | 0.00e+00 4.43e-02 |   2.1195 0.5578  0.7844  3.4437 0.500 12.00 | PAIR-CHANNEL-DEAD
# CONVTAG t=240.00 rough=0.000000 cond=1.153149 evap=2.448862 backs=0.319417
t=  242.00 -8.09e-16 | 1.6619 14.93  20155    0      0      0 | 1.4023 14.71 | 0.00e+00 3.11e-02 |   2.0852 0.5487  0.7887  3.4470 0.500 12.50 | PAIR-CHANNEL-DEAD
# CONVTAG t=242.00 rough=0.000000 cond=1.153149 evap=2.448862 backs=0.319417
# QATOM t=242.98 dir=DF w=2.18461781 e=0.399846631037
t=  244.00 -8.09e-16 | 1.6620 14.93  20153    0      0      0 | 1.4023 14.71 | 0.00e+00 5.00e-02 |   2.0612 0.5424  0.8241  3.4303 0.500 12.00 | PAIR-CHANNEL-DEAD
# CONVTAG t=244.00 rough=0.000000 cond=1.153149 evap=2.448862 backs=0.319417
t=  246.00 -8.09e-16 | 1.6620 14.94  20165    0      0      0 | 1.4025 14.72 | 0.00e+00 4.90e-02 |   2.0489 0.5392  0.8302  3.4287 0.500 12.00 | PAIR-CHANNEL-DEAD
# CONVTAG t=246.00 rough=0.000000 cond=1.153149 evap=2.448862 backs=0.319417
t=  248.00 -8.09e-16 | 1.6618 14.91  20134    0      0      0 | 1.4021 14.71 | 0.00e+00 5.00e-02 |   2.0550 0.5408  0.8113  3.4325 0.500 12.50 | PAIR-CHANNEL-DEAD
# CONVTAG t=248.00 rough=0.000000 cond=1.153149 evap=2.448862 backs=0.319417
t=  250.00 -8.09e-16 | 1.6617 14.91  20124    0      0      0 | 1.4020 14.71 | 0.00e+00 4.69e-02 |   2.2807 0.6002  1.0397  3.3780 0.500 12.00 | PAIR-CHANNEL-DEAD
# CONVTAG t=250.00 rough=0.000000 cond=1.343968 evap=2.448862 backs=0.319417
# QATOM t=251.32 dir=DF w=2.66202644 e=0.487225866554
t=  252.00 -8.09e-16 | 1.6617 14.92  20142    0      0      0 | 1.4022 14.71 | 0.00e+00 3.65e-02 |   2.2720 0.5979  1.0723  3.3710 0.500 12.00 | PAIR-CHANNEL-DEAD
# CONVTAG t=252.00 rough=0.000000 cond=1.343968 evap=2.448862 backs=0.319417
t=  254.00 -8.09e-16 | 1.6619 14.92  20146    0      0      0 | 1.4022 14.71 | 0.00e+00 3.60e-02 |   2.2423 0.5901  1.1445  3.3488 0.500 12.00 | PAIR-CHANNEL-DEAD
# CONVTAG t=254.00 rough=0.000000 cond=1.343968 evap=2.448862 backs=0.319417
t=  256.00 -8.09e-16 | 1.6615 14.93  20149    0      0      0 | 1.4022 14.71 | 0.00e+00 4.80e-02 |   2.2023 0.5796  1.2103  3.3311 0.500 12.00 | PAIR-CHANNEL-DEAD
# CONVTAG t=256.00 rough=0.000000 cond=1.343968 evap=2.448862 backs=0.319417
t=  258.00 -8.09e-16 | 1.6615 14.94  20171    0      0      0 | 1.4026 14.72 | 0.00e+00 4.35e-02 |   1.8748 0.4934  0.8409  3.4268 0.500 12.00 | PAIR-CHANNEL-DEAD
# CONVTAG t=258.00 rough=0.000000 cond=1.343968 evap=2.763184 backs=0.360415
# QATOM t=259.02 dir=DF w=2.31732968 e=0.424136643855
t=  260.00 -8.09e-16 | 1.6617 14.95  20177    0      0      0 | 1.4027 14.72 | 0.00e+00 2.99e-02 |   1.8816 0.4952  0.8469  3.4252 0.500 12.00 | PAIR-CHANNEL-DEAD
# CONVTAG t=260.00 rough=0.000000 cond=1.343968 evap=2.763184 backs=0.360415
t=  262.00 -8.09e-16 | 1.6617 14.93  20160    0      0      0 | 1.4024 14.71 | 0.00e+00 3.10e-02 |   1.8808 0.4949  0.8334  3.4281 0.500 12.00 | PAIR-CHANNEL-DEAD
# CONVTAG t=262.00 rough=0.000000 cond=1.343968 evap=2.763184 backs=0.360415
t=  264.00 -8.09e-16 | 1.6618 14.93  20154    0      0      0 | 1.4023 14.71 | 0.00e+00 3.70e-02 |   1.8963 0.4990  0.7863  3.4403 0.500 12.00 | PAIR-CHANNEL-DEAD
# CONVTAG t=264.00 rough=0.000000 cond=1.343968 evap=2.763184 backs=0.360415
t=  266.00 -8.09e-16 | 1.6619 14.93  20152    0      0      0 | 1.4023 14.72 | 0.00e+00 4.93e-02 |   1.9084 0.5022  0.7648  3.4428 0.500 12.50 | PAIR-CHANNEL-DEAD
# CONVTAG t=266.00 rough=0.000000 cond=1.343968 evap=2.763184 backs=0.360415
# QATOM t=267.20 dir=DF w=2.32948268 e=0.426360985616
t=  268.00 -8.09e-16 | 1.6618 14.93  20152    0      0      0 | 1.4023 14.71 | 0.00e+00 3.46e-02 |   1.8874 0.4967  0.8182  3.4391 0.500 12.00 | PAIR-CHANNEL-DEAD
# CONVTAG t=268.00 rough=0.000000 cond=1.343968 evap=2.763184 backs=0.360415
t=  270.00 -8.09e-16 | 1.6615 14.93  20155    0      0      0 | 1.4022 14.70 | 0.00e+00 3.38e-02 |   1.8712 0.4924  0.8168  3.4321 0.500 12.50 | PAIR-CHANNEL-DEAD
# CONVTAG t=270.00 rough=0.000000 cond=1.343968 evap=2.763184 backs=0.360415
t=  272.00 -8.09e-16 | 1.6614 14.93  20151    0      0      0 | 1.4022 14.71 | 0.00e+00 3.89e-02 |   1.8650 0.4908  0.8018  3.4345 0.500 12.50 | PAIR-CHANNEL-DEAD
# CONVTAG t=272.00 rough=0.000000 cond=1.343968 evap=2.763184 backs=0.360415
t=  274.00 -8.09e-16 | 1.6614 14.93  20150    0      0      0 | 1.4022 14.71 | 0.00e+00 4.60e-02 |   2.1138 0.5563  0.3978  3.4900 0.500 12.00 | PAIR-CHANNEL-DEAD
# CONVTAG t=274.00 rough=0.000000 cond=1.565061 evap=2.763184 backs=0.360415
# QATOM t=275.72 dir=FD w=1.44997909 e=0.265387039814
t=  276.00 -8.09e-16 | 1.6615 14.93  20155    0      0      0 | 1.4023 14.71 | 0.00e+00 3.96e-02 |   2.1215 0.5583  0.3875  3.4924 0.500 12.50 | PAIR-CHANNEL-DEAD
# CONVTAG t=276.00 rough=0.000000 cond=1.565061 evap=2.763184 backs=0.360415
t=  278.00 -8.09e-16 | 1.6616 14.94  20165    0      0      0 | 1.4024 14.71 | 0.00e+00 4.19e-02 |   2.1087 0.5549  0.3968  3.4938 0.500 12.00 | PAIR-CHANNEL-DEAD
# CONVTAG t=278.00 rough=0.000000 cond=1.565061 evap=2.763184 backs=0.360415
t=  280.00 -8.09e-16 | 1.6620 14.95  20186    0      0      0 | 1.4027 14.71 | 0.00e+00 4.53e-02 |   2.0993 0.5525  0.4014  3.4895 0.500 12.00 | PAIR-CHANNEL-DEAD
# CONVTAG t=280.00 rough=0.000000 cond=1.565061 evap=2.763184 backs=0.360415
t=  282.00 -8.09e-16 | 1.6618 14.96  20194    0      0      0 | 1.4028 14.72 | 0.00e+00 3.53e-02 |   2.0840 0.5484  0.3995  3.4896 0.500 12.50 | PAIR-CHANNEL-DEAD
# CONVTAG t=282.00 rough=0.000000 cond=1.565061 evap=2.763184 backs=0.360415
# QATOM t=282.38 dir=FD w=1.48428585 e=0.271666143808
t=  284.00 -8.09e-16 | 1.6618 14.96  20190    0      0      0 | 1.4028 14.72 | 0.00e+00 3.83e-02 |   2.0854 0.5488  0.3944  3.4934 0.500 13.00 | PAIR-CHANNEL-DEAD
# CONVTAG t=284.00 rough=0.000000 cond=1.565061 evap=2.763184 backs=0.360415
t=  286.00 -8.09e-16 | 1.6617 14.95  20189    0      0      0 | 1.4028 14.72 | 0.00e+00 3.13e-02 |   2.0837 0.5483  0.3916  3.4921 0.500 12.50 | PAIR-CHANNEL-DEAD
# CONVTAG t=286.00 rough=0.000000 cond=1.565061 evap=2.763184 backs=0.360415
t=  288.00 -9.43e-16 | 1.6618 14.96  20201    0      0      0 | 1.4029 14.72 | 0.00e+00 4.84e-02 |   2.0736 0.5457  0.4041  3.4911 0.500 13.00 | PAIR-CHANNEL-DEAD
# CONVTAG t=288.00 rough=0.000000 cond=1.565061 evap=2.763184 backs=0.360415
t=  290.00 -9.43e-16 | 1.6618 14.96  20196    0      0      0 | 1.4028 14.71 | 0.00e+00 4.79e-02 |   2.1029 0.5534  0.3908  3.4900 0.500 13.00 | PAIR-CHANNEL-DEAD
# CONVTAG t=290.00 rough=0.000000 cond=1.565061 evap=2.763184 backs=0.360415
# QATOM t=290.10 dir=FD w=1.43879625 e=0.263340266033
t=  292.00 -9.43e-16 | 1.6619 14.95  20187    0      0      0 | 1.4028 14.72 | 0.00e+00 3.53e-02 |   2.0972 0.5519  0.4063  3.4891 0.500 13.00 | PAIR-CHANNEL-DEAD
# CONVTAG t=292.00 rough=0.000000 cond=1.565061 evap=2.763184 backs=0.360415
t=  294.00 -9.43e-16 | 1.6619 14.96  20191    0      0      0 | 1.4028 14.72 | 0.00e+00 3.13e-02 |   2.0697 0.5447  0.4506  3.4874 0.500 13.00 | PAIR-CHANNEL-DEAD
# CONVTAG t=294.00 rough=0.000000 cond=1.565061 evap=2.763184 backs=0.360415
t=  296.00 -9.43e-16 | 1.6621 14.98  20221    0      0      0 | 1.4032 14.72 | 0.00e+00 3.66e-02 |   2.2864 0.6017  0.7424  3.4501 0.500 12.00 | PAIR-CHANNEL-DEAD
# CONVTAG t=296.00 rough=0.000000 cond=1.762596 evap=2.763184 backs=0.360415
t=  298.00 -9.43e-16 | 1.6623 14.97  20210    0      0      0 | 1.4030 14.72 | 0.00e+00 4.29e-02 |   2.2764 0.5991  0.7540  3.4444 0.500 12.00 | PAIR-CHANNEL-DEAD
# CONVTAG t=298.00 rough=0.000000 cond=1.762596 evap=2.763184 backs=0.360415
# QATOM t=298.34 dir=DF w=2.43886901 e=0.446381768028
t=  300.00 -9.43e-16 | 1.6625 14.95  20184    0      0      0 | 1.4027 14.71 | 0.00e+00 5.00e-02 |   2.2664 0.5964  0.7449  3.4454 0.500 12.00 | PAIR-CHANNEL-DEAD
# CONVTAG t=300.00 rough=0.000000 cond=1.762596 evap=2.763184 backs=0.360415
t=  302.00 -9.43e-16 | 1.6625 14.93  20160    0      0      0 | 1.4024 14.71 | 0.00e+00 5.00e-02 |   2.2785 0.5996  0.7219  3.4512 0.500 12.00 | PAIR-CHANNEL-DEAD
# CONVTAG t=302.00 rough=0.000000 cond=1.762596 evap=2.763184 backs=0.360415
t=  304.00 -9.43e-16 | 1.6625 14.94  20172    0      0      0 | 1.4026 14.72 | 0.00e+00 4.24e-02 |   2.3108 0.6081  0.6740  3.4600 0.500 12.00 | PAIR-CHANNEL-DEAD
# CONVTAG t=304.00 rough=0.000000 cond=1.762596 evap=2.763184 backs=0.360415
# QATOM t=305.70 dir=FD w=1.29331348 e=0.236712818866
t=  306.00 -9.43e-16 | 1.6629 14.96  20197    0      0      0 | 1.4029 14.72 | 0.00e+00 3.59e-02 |   2.2772 0.5993  0.7293  3.4521 0.500 12.00 | PAIR-CHANNEL-DEAD
# CONVTAG t=306.00 rough=0.000000 cond=1.762596 evap=2.763184 backs=0.360415
t=  308.00 -9.43e-16 | 1.6632 14.95  20181    0      0      0 | 1.4027 14.72 | 0.00e+00 4.74e-02 |   2.2394 0.5893  0.7825  3.4457 0.500 12.00 | PAIR-CHANNEL-DEAD
# CONVTAG t=308.00 rough=0.000000 cond=1.762596 evap=2.763184 backs=0.360415
t=  310.00 -9.43e-16 | 1.6629 14.94  20169    0      0      0 | 1.4025 14.72 | 0.00e+00 4.00e-02 |   2.2334 0.5877  0.7897  3.4372 0.500 12.00 | PAIR-CHANNEL-DEAD
# CONVTAG t=310.00 rough=0.000000 cond=1.762596 evap=2.763184 backs=0.360415
t=  312.00 -9.43e-16 | 1.6630 14.94  20168    0      0      0 | 1.4025 14.71 | 0.00e+00 4.74e-02 |   2.2275 0.5862  0.7889  3.4461 0.500 12.00 | PAIR-CHANNEL-DEAD
# CONVTAG t=312.00 rough=0.000000 cond=1.762596 evap=2.763184 backs=0.360415
# QATOM t=312.08 dir=DF w=2.33547753 e=0.427458212299
t=  314.00 -9.43e-16 | 1.6630 14.96  20198    0      0      0 | 1.4029 14.72 | 0.00e+00 4.11e-02 |   2.2216 0.5846  0.7922  3.4364 0.500 12.00 | PAIR-CHANNEL-DEAD
# CONVTAG t=314.00 rough=0.000000 cond=1.762596 evap=2.763184 backs=0.360415
t=  316.00 -9.43e-16 | 1.6627 14.95  20189    0      0      0 | 1.4028 14.72 | 0.00e+00 3.87e-02 |   2.2226 0.5849  0.7873  3.4390 0.500 12.00 | PAIR-CHANNEL-DEAD
# CONVTAG t=316.00 rough=0.000000 cond=1.762596 evap=2.763184 backs=0.360415
t=  318.00 -9.43e-16 | 1.6629 14.95  20185    0      0      0 | 1.4027 14.72 | 0.00e+00 4.36e-02 |   2.2362 0.5885  0.7636  3.4503 0.500 12.00 | PAIR-CHANNEL-DEAD
# CONVTAG t=318.00 rough=0.000000 cond=1.762596 evap=2.763184 backs=0.360415
# QATOM t=318.62 dir=FD w=1.50999339 e=0.276371349715
t=  320.00 -9.43e-16 | 1.6627 14.95  20189    0      0      0 | 1.4028 14.72 | 0.00e+00 3.85e-02 |   2.2425 0.5901  0.7533  3.4488 0.500 12.00 | PAIR-CHANNEL-DEAD
# CONVTAG t=320.00 rough=0.000000 cond=1.762596 evap=2.763184 backs=0.360415
t=  322.00 -9.43e-16 | 1.6629 14.95  20189    0      0      0 | 1.4028 14.72 | 0.00e+00 4.05e-02 |   2.1942 0.5774  0.8343  3.4431 0.500 12.00 | PAIR-CHANNEL-DEAD
# CONVTAG t=322.00 rough=0.000000 cond=1.762596 evap=2.763184 backs=0.360415
t=  324.00 -9.43e-16 | 1.6628 14.97  20205    0      0      0 | 1.4030 14.72 | 0.00e+00 3.16e-02 |   2.1445 0.5643  0.9205  3.4159 0.500 12.00 | PAIR-CHANNEL-DEAD
# CONVTAG t=324.00 rough=0.000000 cond=1.762596 evap=2.763184 backs=0.360415
# QATOM t=325.04 dir=DF w=2.30471052 e=0.421826982107
t=  326.00 -1.08e-15 | 1.6629 14.94  20172    0      0      0 | 1.4025 14.71 | 0.00e+00 4.29e-02 |   2.1428 0.5639  0.9204  3.4084 0.500 12.00 | PAIR-CHANNEL-DEAD
# CONVTAG t=326.00 rough=0.000000 cond=1.762596 evap=2.763184 backs=0.360415
t=  328.00 -1.08e-15 | 1.6631 14.93  20155    0      0      0 | 1.4023 14.71 | 0.00e+00 4.21e-02 |   2.1244 0.5590  0.9527  3.4005 0.500 12.00 | PAIR-CHANNEL-DEAD
# CONVTAG t=328.00 rough=0.000000 cond=1.762596 evap=2.763184 backs=0.360415
t=  330.00 -1.08e-15 | 1.6631 14.95  20182    0      0      0 | 1.4027 14.72 | 0.00e+00 3.92e-02 |   2.1395 0.5630  0.9289  3.4132 0.500 12.00 | PAIR-CHANNEL-DEAD
# CONVTAG t=330.00 rough=0.000000 cond=1.762596 evap=2.763184 backs=0.360415
t=  332.00 -9.43e-16 | 1.6632 14.96  20196    0      0      0 | 1.4029 14.72 | 0.00e+00 4.24e-02 |   2.1577 0.5678  0.8788  3.4220 0.500 12.00 | PAIR-CHANNEL-DEAD
# CONVTAG t=332.00 rough=0.000000 cond=1.762596 evap=2.763184 backs=0.360415
# QATOM t=332.44 dir=DF w=2.21280551 e=0.40500577598
t=  334.00 -1.08e-15 | 1.6633 14.97  20207    0      0      0 | 1.4031 14.73 | 0.00e+00 3.73e-02 |   2.1288 0.5602  0.9282  3.4144 0.500 12.00 | PAIR-CHANNEL-DEAD
# CONVTAG t=334.00 rough=0.000000 cond=1.762596 evap=2.763184 backs=0.360415
t=  336.00 -9.43e-16 | 1.6630 14.94  20170    0      0      0 | 1.4025 14.71 | 0.00e+00 5.00e-02 |   2.1238 0.5589  0.9381  3.4043 0.500 12.00 | PAIR-CHANNEL-DEAD
# CONVTAG t=336.00 rough=0.000000 cond=1.762596 evap=2.763184 backs=0.360415
t=  338.00 -1.08e-15 | 1.6633 14.95  20187    0      0      0 | 1.4028 14.72 | 0.00e+00 3.98e-02 |   2.1152 0.5566  0.9515  3.4055 0.500 12.00 | PAIR-CHANNEL-DEAD
# CONVTAG t=338.00 rough=0.000000 cond=1.762596 evap=2.763184 backs=0.360415
# QATOM t=339.10 dir=FD w=1.55864804 e=0.285276520308
t=  340.00 -9.43e-16 | 1.6632 14.97  20208    0      0      0 | 1.4031 14.72 | 0.00e+00 3.94e-02 |   2.0955 0.5515  0.9382  3.4055 0.500 12.00 | PAIR-CHANNEL-DEAD
# CONVTAG t=340.00 rough=0.000000 cond=1.762596 evap=2.763184 backs=0.360415
t=  342.00 -1.08e-15 | 1.6630 14.97  20207    0      0      0 | 1.4030 14.72 | 0.00e+00 5.00e-02 |   2.1058 0.5542  0.9060  3.4171 0.500 12.00 | PAIR-CHANNEL-DEAD
# CONVTAG t=342.00 rough=0.000000 cond=1.762596 evap=2.763184 backs=0.360415
t=  344.00 -9.43e-16 | 1.6630 14.97  20203    0      0      0 | 1.4030 14.72 | 0.00e+00 3.77e-02 |   2.0977 0.5520  0.9227  3.4125 0.500 12.00 | PAIR-CHANNEL-DEAD
# CONVTAG t=344.00 rough=0.000000 cond=1.762596 evap=2.763184 backs=0.360415
# QATOM t=345.14 dir=DF w=2.60759678 e=0.477263704814
t=  346.00 -9.43e-16 | 1.6631 14.96  20199    0      0      0 | 1.4029 14.72 | 0.00e+00 4.42e-02 |   1.5624 0.4112  1.8419  3.0662 0.500 12.50 | PAIR-CHANNEL-DEAD
# CONVTAG t=346.00 rough=0.000000 cond=1.949709 evap=3.474990 backs=0.453260
t=  348.00 -9.43e-16 | 1.6633 14.96  20194    0      0      0 | 1.4029 14.72 | 0.00e+00 5.00e-02 |   1.4820 0.3900  2.1032  2.8810 0.500 12.50 | PAIR-CHANNEL-DEAD
# CONVTAG t=348.00 rough=0.000000 cond=1.949709 evap=3.474990 backs=0.453260
t=  350.00 -9.43e-16 | 1.6634 14.98  20218    0      0      0 | 1.4032 14.72 | 0.00e+00 3.19e-02 |   1.4011 0.3687  2.4202  2.6214 0.500 12.50 | PAIR-CHANNEL-DEAD
# CONVTAG t=350.00 rough=0.000000 cond=1.949709 evap=3.474990 backs=0.453260
t=  352.00 -9.43e-16 | 1.6637 14.98  20219    0      0      0 | 1.4032 14.72 | 0.00e+00 4.56e-02 |   1.3710 0.3608  2.5792  2.5193 0.500 13.00 | PAIR-CHANNEL-DEAD
# CONVTAG t=352.00 rough=0.000000 cond=1.949709 evap=3.474990 backs=0.453260
# QATOM t=352.00 dir=FD w=1.51443244 e=0.277183820653
t=  354.00 -9.43e-16 | 1.6637 14.98  20217    0      0      0 | 1.4032 14.73 | 0.00e+00 4.68e-02 |   1.2974 0.3414  2.9009  2.1002 0.500 12.50 | PAIR-CHANNEL-DEAD
# CONVTAG t=354.00 rough=0.000000 cond=1.949709 evap=3.474990 backs=0.453260
t=  356.00 -9.43e-16 | 1.6633 14.97  20216    0      0      0 | 1.4032 14.73 | 0.00e+00 3.39e-02 |   1.2588 0.3313  3.0612  1.8748 0.500 13.50 | PAIR-CHANNEL-DEAD
# CONVTAG t=356.00 rough=0.000000 cond=1.949709 evap=3.474990 backs=0.453260
# QATOM t=357.94 dir=DF w=2.82641199 e=0.517313055323
t=  358.00 -9.43e-16 | 1.6633 14.98  20226    0      0      0 | 1.4033 14.72 | 0.00e+00 4.36e-02 |   1.2747 0.3354  2.9367  2.0789 0.500 13.50 | PAIR-CHANNEL-DEAD
# CONVTAG t=358.00 rough=0.000000 cond=1.949709 evap=3.474990 backs=0.453260
t=  360.00 -9.43e-16 | 1.6630 14.98  20222    0      0      0 | 1.4032 14.72 | 0.00e+00 4.41e-02 |   1.2752 0.3356  2.9257  2.1025 0.500 13.00 | PAIR-CHANNEL-DEAD
# CONVTAG t=360.00 rough=0.000000 cond=1.949709 evap=3.474990 backs=0.453260
t=  362.00 -9.43e-16 | 1.6633 14.97  20205    0      0      0 | 1.4030 14.72 | 0.00e+00 4.69e-02 |   1.4791 0.3892  3.0992  1.7931 0.500 13.50 | PAIR-CHANNEL-DEAD
# CONVTAG t=362.00 rough=0.000000 cond=2.144335 evap=3.474990 backs=0.453260
# QATOM t=363.86 dir=DF w=2.50655438 e=0.458770097739
t=  364.00 -9.43e-16 | 1.6632 14.97  20214    0      0      0 | 1.4031 14.72 | 0.00e+00 4.49e-02 |   1.4722 0.3874  3.0647  2.2073 0.500 13.50 | PAIR-CHANNEL-DEAD
# CONVTAG t=364.00 rough=0.000000 cond=2.144335 evap=3.474990 backs=0.453260
t=  366.00 -9.43e-16 | 1.6634 14.99  20232    0      0      0 | 1.4034 14.72 | 0.00e+00 3.89e-02 |   1.4825 0.3901  3.0272  1.9409 0.500 13.50 | PAIR-CHANNEL-DEAD
# CONVTAG t=366.00 rough=0.000000 cond=2.144335 evap=3.474990 backs=0.453260
t=  368.00 -9.43e-16 | 1.6633 14.97  20207    0      0      0 | 1.4030 14.72 | 0.00e+00 4.71e-02 |   1.4841 0.3906  2.9957  1.9940 0.500 13.00 | PAIR-CHANNEL-DEAD
# CONVTAG t=368.00 rough=0.000000 cond=2.144335 evap=3.474990 backs=0.453260
t=  370.00 -9.43e-16 | 1.6634 14.96  20200    0      0      0 | 1.4029 14.72 | 0.00e+00 4.34e-02 |   1.5087 0.3970  2.8855  2.1506 0.500 13.00 | PAIR-CHANNEL-DEAD
# CONVTAG t=370.00 rough=0.000000 cond=2.144335 evap=3.474990 backs=0.453260
# QATOM t=371.10 dir=DF w=2.31067069 e=0.422917861866
t=  372.00 -9.43e-16 | 1.6638 14.95  20184    0      0      0 | 1.4028 14.72 | 0.00e+00 4.71e-02 |   1.5132 0.3982  2.8596  2.1711 0.500 13.00 | PAIR-CHANNEL-DEAD
# CONVTAG t=372.00 rough=0.000000 cond=2.144335 evap=3.474990 backs=0.453260
t=  374.00 -9.43e-16 | 1.6637 14.95  20184    0      0      0 | 1.4028 14.72 | 0.00e+00 3.38e-02 |   1.5154 0.3988  2.8447  2.4515 0.500 13.00 | PAIR-CHANNEL-DEAD
# CONVTAG t=374.00 rough=0.000000 cond=2.144335 evap=3.474990 backs=0.453260
t=  376.00 -9.43e-16 | 1.6638 14.96  20192    0      0      0 | 1.4029 14.72 | 0.00e+00 4.06e-02 |   1.5064 0.3964  2.8681  2.1472 0.500 13.00 | PAIR-CHANNEL-DEAD
# CONVTAG t=376.00 rough=0.000000 cond=2.144335 evap=3.474990 backs=0.453260
# QATOM t=376.84 dir=DF w=2.19788266 e=0.402274473093
t=  378.00 -9.43e-16 | 1.6637 14.97  20210    0      0      0 | 1.4031 14.72 | 0.00e+00 5.00e-02 |   1.4606 0.3844  3.0519  1.8879 0.500 13.00 | PAIR-CHANNEL-DEAD
# CONVTAG t=378.00 rough=0.000000 cond=2.144335 evap=3.474990 backs=0.453260
t=  380.00 -9.43e-16 | 1.6639 14.96  20196    0      0      0 | 1.4028 14.72 | 0.00e+00 3.18e-02 |   1.4675 0.3862  3.0389  1.9051 0.500 13.00 | PAIR-CHANNEL-DEAD
# CONVTAG t=380.00 rough=0.000000 cond=2.144335 evap=3.474990 backs=0.453260
t=  382.00 -9.43e-16 | 1.6637 14.94  20173    0      0      0 | 1.4026 14.71 | 0.00e+00 4.35e-02 |   1.4502 0.3816  3.0684  1.8688 0.500 13.00 | PAIR-CHANNEL-DEAD
# CONVTAG t=382.00 rough=0.000000 cond=2.144335 evap=3.474990 backs=0.453260
# QATOM t=383.86 dir=FD w=1.29511983 e=0.237043430525
t=  384.00 -9.43e-16 | 1.6636 14.95  20183    0      0      0 | 1.4027 14.72 | 0.00e+00 3.45e-02 |   1.4367 0.3781  3.0905  1.8303 0.500 13.50 | PAIR-CHANNEL-DEAD
# CONVTAG t=384.00 rough=0.000000 cond=2.144335 evap=3.474990 backs=0.453260
t=  386.00 -9.43e-16 | 1.6637 14.95  20176    0      0      0 | 1.4026 14.72 | 0.00e+00 3.45e-02 |   1.4545 0.3828  3.0092  1.9614 0.500 13.50 | PAIR-CHANNEL-DEAD
# CONVTAG t=386.00 rough=0.000000 cond=2.144335 evap=3.474990 backs=0.453260
t=  388.00 -9.43e-16 | 1.6638 14.95  20182    0      0      0 | 1.4027 14.72 | 0.00e+00 3.76e-02 |   1.4688 0.3865  2.9599  2.0242 0.500 13.50 | PAIR-CHANNEL-DEAD
# CONVTAG t=388.00 rough=0.000000 cond=2.144335 evap=3.474990 backs=0.453260
# QATOM t=389.96 dir=FD w=1.57782565 e=0.288786563629
t=  390.00 -9.43e-16 | 1.6643 14.96  20195    0      0      0 | 1.4028 14.72 | 0.00e+00 3.88e-02 |   1.4716 0.3873  2.9209  2.1102 0.500 13.50 | PAIR-CHANNEL-DEAD
# CONVTAG t=390.00 rough=0.000000 cond=2.144335 evap=3.474990 backs=0.453260
t=  392.00 -9.43e-16 | 1.6642 14.94  20175    0      0      0 | 1.4026 14.71 | 0.00e+00 5.00e-02 |   1.4792 0.3893  2.8762  2.1313 0.500 13.50 | PAIR-CHANNEL-DEAD
# CONVTAG t=392.00 rough=0.000000 cond=2.144335 evap=3.474990 backs=0.453260
t=  394.00 -9.43e-16 | 1.6641 14.94  20167    0      0      0 | 1.4025 14.72 | 0.00e+00 3.36e-02 |   1.4449 0.3802  3.0293  1.9248 0.500 13.00 | PAIR-CHANNEL-DEAD
# CONVTAG t=394.00 rough=0.000000 cond=2.144335 evap=3.474990 backs=0.453260
t=  396.00 -9.43e-16 | 1.6637 14.93  20156    0      0      0 | 1.4024 14.72 | 0.00e+00 3.53e-02 |   1.4373 0.3782  3.0361  2.5709 0.500 13.50 | PAIR-CHANNEL-DEAD
# CONVTAG t=396.00 rough=0.000000 cond=2.144335 evap=3.474990 backs=0.453260
# QATOM t=396.34 dir=FD w=1.61968304 e=0.296447646413
t=  398.00 -9.43e-16 | 1.6638 14.93  20159    0      0      0 | 1.4024 14.71 | 0.00e+00 4.68e-02 |   1.4571 0.3834  2.8746  2.1654 0.500 13.50 | PAIR-CHANNEL-DEAD
# CONVTAG t=398.00 rough=0.000000 cond=2.144335 evap=3.474990 backs=0.453260
t=  400.00 -9.43e-16 | 1.6640 14.93  20160    0      0      0 | 1.4024 14.71 | 0.00e+00 3.68e-02 |   1.4447 0.3802  2.9143  2.0861 0.500 13.50 | PAIR-CHANNEL-DEAD
# CONVTAG t=400.00 rough=0.000000 cond=2.144335 evap=3.474990 backs=0.453260
t=  402.00 -9.43e-16 | 1.6643 14.94  20165    0      0      0 | 1.4025 14.71 | 0.00e+00 3.78e-02 |   1.4250 0.3750  2.9997  1.9637 0.500 13.50 | PAIR-CHANNEL-DEAD
# CONVTAG t=402.00 rough=0.000000 cond=2.144335 evap=3.474990 backs=0.453260
# QATOM t=402.26 dir=DF w=2.65283244 e=0.48554310504
t=  404.00 -9.43e-16 | 1.6644 14.96  20196    0      0      0 | 1.4029 14.72 | 0.00e+00 5.00e-02 |   1.4423 0.3796  2.9158  2.0834 0.500 13.50 | PAIR-CHANNEL-DEAD
# CONVTAG t=404.00 rough=0.000000 cond=2.144335 evap=3.474990 backs=0.453260
t=  406.00 -9.43e-16 | 1.6643 14.94  20171    0      0      0 | 1.4025 14.71 | 0.00e+00 3.47e-02 |   1.4369 0.3781  2.9388  2.1232 0.500 13.50 | PAIR-CHANNEL-DEAD
# CONVTAG t=406.00 rough=0.000000 cond=2.144335 evap=3.474990 backs=0.453260
# QATOM t=407.80 dir=DF w=2.47270021 e=0.452573829889
t=  408.00 -9.43e-16 | 1.6642 14.95  20186    0      0      0 | 1.4027 14.71 | 0.00e+00 4.32e-02 |   1.4658 0.3857  2.8334  2.3179 0.500 13.50 | PAIR-CHANNEL-DEAD
# CONVTAG t=408.00 rough=0.000000 cond=2.144335 evap=3.474990 backs=0.453260
t=  410.00 -9.43e-16 | 1.6640 14.95  20176    0      0      0 | 1.4026 14.72 | 0.00e+00 4.80e-02 |   1.7908 0.4713  1.7567  3.1591 0.500 12.50 | PAIR-CHANNEL-DEAD
# CONVTAG t=410.00 rough=0.000000 cond=2.144335 evap=3.474990 backs=0.453260
t=  412.00 -9.43e-16 | 1.6642 14.95  20179    0      0      0 | 1.4027 14.72 | 0.00e+00 3.59e-02 |   1.7778 0.4678  1.8060  3.0708 0.500 12.50 | PAIR-CHANNEL-DEAD
# CONVTAG t=412.00 rough=0.000000 cond=2.144335 evap=3.474990 backs=0.453260
# QATOM t=413.20 dir=DF w=2.28507813 e=0.418233702403
t=  414.00 -9.43e-16 | 1.6641 14.94  20174    0      0      0 | 1.4026 14.72 | 0.00e+00 4.18e-02 |   1.7205 0.4528  1.9811  2.9749 0.500 12.50 | PAIR-CHANNEL-DEAD
# CONVTAG t=414.00 rough=0.000000 cond=2.144335 evap=3.474990 backs=0.453260
t=  416.00 -9.43e-16 | 1.6644 14.95  20186    0      0      0 | 1.4028 14.72 | 0.00e+00 3.89e-02 |   1.7065 0.4491  2.0023  3.5894 0.500 12.50 | PAIR-CHANNEL-DEAD
# CONVTAG t=416.00 rough=0.000000 cond=2.144335 evap=3.474990 backs=0.453260
t=  418.00 -9.43e-16 | 1.6645 14.96  20195    0      0      0 | 1.4029 14.72 | 0.00e+00 4.76e-02 |   1.6926 0.4454  2.0412  2.9144 0.500 12.50 | PAIR-CHANNEL-DEAD
# CONVTAG t=418.00 rough=0.000000 cond=2.144335 evap=3.474990 backs=0.453260
# QATOM t=418.56 dir=DF w=2.19222816 e=0.401239540118
t=  420.00 -9.43e-16 | 1.6644 14.96  20190    0      0      0 | 1.4028 14.72 | 0.00e+00 5.00e-02 |   1.6831 0.4429  2.0521  2.8982 0.500 12.50 | PAIR-CHANNEL-DEAD
# CONVTAG t=420.00 rough=0.000000 cond=2.144335 evap=3.474990 backs=0.453260
t=  422.00 -9.43e-16 | 1.6646 14.97  20215    0      0      0 | 1.4031 14.72 | 0.00e+00 3.86e-02 |   1.6699 0.4394  2.0676  2.9013 0.500 12.50 | PAIR-CHANNEL-DEAD
# CONVTAG t=422.00 rough=0.000000 cond=2.144335 evap=3.474990 backs=0.453260
t=  424.00 -9.43e-16 | 1.6643 14.97  20207    0      0      0 | 1.4030 14.72 | 0.00e+00 4.46e-02 |   1.6430 0.4324  2.1440  2.8394 0.500 12.50 | PAIR-CHANNEL-DEAD
# CONVTAG t=424.00 rough=0.000000 cond=2.144335 evap=3.474990 backs=0.453260
# QATOM t=424.10 dir=FD w=1.5877181 e=0.290597160558
t=  426.00 -9.43e-16 | 1.6640 14.96  20200    0      0      0 | 1.4030 14.72 | 0.00e+00 4.98e-02 |   1.3004 0.3422  1.8399  3.0529 0.500 13.00 | PAIR-CHANNEL-DEAD
# CONVTAG t=426.00 rough=0.000000 cond=2.144335 evap=3.802248 backs=0.495945
t=  428.00 -9.43e-16 | 1.6639 14.97  20206    0      0      0 | 1.4030 14.72 | 0.00e+00 3.71e-02 |   1.2827 0.3375  1.9078  3.0000 0.500 13.50 | PAIR-CHANNEL-DEAD
# CONVTAG t=428.00 rough=0.000000 cond=2.144335 evap=3.802248 backs=0.495945
t=  430.00 -9.43e-16 | 1.6640 14.97  20207    0      0      0 | 1.4031 14.73 | 0.00e+00 4.01e-02 |   1.2802 0.3369  1.9220  2.9992 0.500 13.00 | PAIR-CHANNEL-DEAD
# CONVTAG t=430.00 rough=0.000000 cond=2.144335 evap=3.802248 backs=0.495945
# QATOM t=430.20 dir=FD w=1.61278658 e=0.295185400232
t=  432.00 -9.43e-16 | 1.6636 14.95  20182    0      0      0 | 1.4028 14.72 | 0.00e+00 3.65e-02 |   1.2952 0.3408  1.8430  3.0372 0.500 13.50 | PAIR-CHANNEL-DEAD
# CONVTAG t=432.00 rough=0.000000 cond=2.144335 evap=3.802248 backs=0.495945
t=  434.00 -9.43e-16 | 1.6638 14.94  20171    0      0      0 | 1.4026 14.72 | 0.00e+00 3.72e-02 |   1.3065 0.3438  1.7849  3.0701 0.500 13.50 | PAIR-CHANNEL-DEAD
# CONVTAG t=434.00 rough=0.000000 cond=2.144335 evap=3.802248 backs=0.495945
t=  436.00 -9.43e-16 | 1.6640 14.97  20205    0      0      0 | 1.4030 14.72 | 0.00e+00 3.94e-02 |   1.3234 0.3483  1.7203  3.0966 0.500 13.00 | PAIR-CHANNEL-DEAD
# CONVTAG t=436.00 rough=0.000000 cond=2.144335 evap=3.802248 backs=0.495945
# QATOM t=436.20 dir=FD w=1.63124796 e=0.298564352922
t=  438.00 -9.43e-16 | 1.6645 14.97  20208    0      0      0 | 1.4031 14.72 | 0.00e+00 5.00e-02 |   1.3214 0.3477  1.7209  3.1037 0.500 13.00 | PAIR-CHANNEL-DEAD
# CONVTAG t=438.00 rough=0.000000 cond=2.144335 evap=3.802248 backs=0.495945
t=  440.00 -9.43e-16 | 1.6645 14.96  20200    0      0      0 | 1.4029 14.72 | 0.00e+00 3.63e-02 |   1.3510 0.3555  1.6054  3.1562 0.500 13.00 | PAIR-CHANNEL-DEAD
# CONVTAG t=440.00 rough=0.000000 cond=2.144335 evap=3.802248 backs=0.495945
# QATOM t=441.90 dir=FD w=1.33240802 e=0.243868221722
t=  442.00 -9.43e-16 | 1.6644 14.97  20203    0      0      0 | 1.4030 14.72 | 0.00e+00 4.05e-02 |   1.3654 0.3593  1.5546  3.8094 0.500 13.50 | PAIR-CHANNEL-DEAD
# CONVTAG t=442.00 rough=0.000000 cond=2.144335 evap=3.802248 backs=0.495945
t=  444.00 -9.43e-16 | 1.6642 14.97  20207    0      0      0 | 1.4030 14.72 | 0.00e+00 4.06e-02 |   1.3397 0.3525  1.6391  3.1413 0.500 13.50 | PAIR-CHANNEL-DEAD
# CONVTAG t=444.00 rough=0.000000 cond=2.144335 evap=3.802248 backs=0.495945
t=  446.00 -9.43e-16 | 1.6642 14.97  20203    0      0      0 | 1.4030 14.72 | 0.00e+00 4.55e-02 |   1.3342 0.3511  1.6598  3.1203 0.500 13.00 | PAIR-CHANNEL-DEAD
# CONVTAG t=446.00 rough=0.000000 cond=2.144335 evap=3.802248 backs=0.495945
# QATOM t=447.38 dir=FD w=1.61466781 e=0.295529718362
t=  448.00 -9.43e-16 | 1.6640 14.97  20206    0      0      0 | 1.4030 14.72 | 0.00e+00 4.45e-02 |   1.3461 0.3542  1.6054  3.1587 0.500 13.00 | PAIR-CHANNEL-DEAD
# CONVTAG t=448.00 rough=0.000000 cond=2.144335 evap=3.802248 backs=0.495945
t=  450.00 -9.43e-16 | 1.6639 14.98  20217    0      0      0 | 1.4032 14.73 | 0.00e+00 4.56e-02 |   1.8222 0.4795  2.1151  2.8887 0.500 12.50 | PAIR-CHANNEL-DEAD
# CONVTAG t=450.00 rough=0.000000 cond=2.558285 evap=3.802248 backs=0.495945
t=  452.00 -1.08e-15 | 1.6637 14.96  20197    0      0      0 | 1.4029 14.72 | 0.00e+00 4.56e-02 |   1.7875 0.4704  2.2158  2.7907 0.500 12.50 | PAIR-CHANNEL-DEAD
# CONVTAG t=452.00 rough=0.000000 cond=2.558285 evap=3.802248 backs=0.495945
# QATOM t=453.14 dir=FD w=1.59350532 e=0.291656385071
t=  454.00 -1.08e-15 | 1.6636 14.97  20209    0      0      0 | 1.4030 14.72 | 0.00e+00 3.39e-02 |   1.7696 0.4657  2.2680  2.7459 0.500 12.50 | PAIR-CHANNEL-DEAD
# CONVTAG t=454.00 rough=0.000000 cond=2.558285 evap=3.802248 backs=0.495945
t=  456.00 -1.08e-15 | 1.6637 14.98  20227    0      0      0 | 1.4033 14.72 | 0.00e+00 3.81e-02 |   1.7716 0.4662  2.2586  2.7571 0.500 12.50 | PAIR-CHANNEL-DEAD
# CONVTAG t=456.00 rough=0.000000 cond=2.558285 evap=3.802248 backs=0.495945
t=  458.00 -1.08e-15 | 1.6640 14.97  20212    0      0      0 | 1.4031 14.72 | 0.00e+00 4.66e-02 |   1.7730 0.4666  2.2535  2.7642 0.500 12.50 | PAIR-CHANNEL-DEAD
# CONVTAG t=458.00 rough=0.000000 cond=2.558285 evap=3.802248 backs=0.495945
# QATOM t=459.18 dir=DF w=2.35993368 e=0.431934377734
t=  460.00 -1.08e-15 | 1.6642 14.98  20218    0      0      0 | 1.4031 14.72 | 0.00e+00 3.96e-02 |   1.7706 0.4659  2.2559  2.7642 0.500 12.50 | PAIR-CHANNEL-DEAD
# CONVTAG t=460.00 rough=0.000000 cond=2.558285 evap=3.802248 backs=0.495945
t=  462.00 -1.08e-15 | 1.6643 14.99  20235    0      0      0 | 1.4034 14.72 | 0.00e+00 4.35e-02 |   1.7641 0.4642  2.2743  2.7446 0.500 12.50 | PAIR-CHANNEL-DEAD
# CONVTAG t=462.00 rough=0.000000 cond=2.558285 evap=3.802248 backs=0.495945
t=  464.00 -1.08e-15 | 1.6644 14.98  20225    0      0      0 | 1.4033 14.72 | 0.00e+00 4.72e-02 |   1.7646 0.4644  2.2724  2.7562 0.500 12.50 | PAIR-CHANNEL-DEAD
# CONVTAG t=464.00 rough=0.000000 cond=2.558285 evap=3.802248 backs=0.495945
# QATOM t=465.10 dir=FD w=1.34779688 e=0.246684815559
t=  466.00 -1.08e-15 | 1.6641 14.99  20240    0      0      0 | 1.4035 14.73 | 0.00e+00 3.53e-02 |   1.7679 0.4652  2.2575  2.7662 0.500 12.50 | PAIR-CHANNEL-DEAD
# CONVTAG t=466.00 rough=0.000000 cond=2.558285 evap=3.802248 backs=0.495945
t=  468.00 -1.08e-15 | 1.6639 14.99  20237    0      0      0 | 1.4034 14.72 | 0.00e+00 4.51e-02 |   1.7925 0.4717  2.1773  3.0725 0.500 12.50 | PAIR-CHANNEL-DEAD
# CONVTAG t=468.00 rough=0.000000 cond=2.558285 evap=3.802248 backs=0.495945
t=  470.00 -1.08e-15 | 1.6636 14.99  20233    0      0      0 | 1.4034 14.72 | 0.00e+00 5.00e-02 |   1.7805 0.4686  2.2132  2.7956 0.500 12.50 | PAIR-CHANNEL-DEAD
# CONVTAG t=470.00 rough=0.000000 cond=2.558285 evap=3.802248 backs=0.495945
# QATOM t=471.00 dir=FD w=1.44737548 e=0.264910507232
t=  472.00 -1.08e-15 | 1.6632 14.97  20207    0      0      0 | 1.4030 14.71 | 0.00e+00 3.68e-02 |   1.7170 0.4518  2.4177  2.6186 0.500 12.50 | PAIR-CHANNEL-DEAD
# CONVTAG t=472.00 rough=0.000000 cond=2.558285 evap=3.802248 backs=0.495945
t=  474.00 -1.08e-15 | 1.6636 14.98  20221    0      0      0 | 1.4032 14.72 | 0.00e+00 3.65e-02 |   1.5909 0.4187  2.8683  2.1466 0.500 12.50 | PAIR-CHANNEL-DEAD
# CONVTAG t=474.00 rough=0.000000 cond=2.558285 evap=3.802248 backs=0.495945
t=  476.00 -1.08e-15 | 1.6637 14.98  20217    0      0      0 | 1.4032 14.73 | 0.00e+00 4.83e-02 |   1.5461 0.4069  3.0226  1.9285 0.500 12.50 | PAIR-CHANNEL-DEAD
# CONVTAG t=476.00 rough=0.000000 cond=2.558285 evap=3.802248 backs=0.495945
# QATOM t=476.50 dir=DF w=2.3889067 e=0.437237255672
t=  478.00 -1.08e-15 | 1.6638 14.97  20212    0      0      0 | 1.4032 14.73 | 0.00e+00 3.29e-02 |   1.5028 0.3955  3.2048  1.6282 0.500 12.50 | PAIR-CHANNEL-DEAD
# CONVTAG t=478.00 rough=0.000000 cond=2.558285 evap=3.802248 backs=0.495945
t=  480.00 -1.08e-15 | 1.6641 14.96  20201    0      0      0 | 1.4030 14.72 | 0.00e+00 4.15e-02 |   1.4794 0.3893  3.3064  1.4270 0.500 13.00 | PAIR-CHANNEL-DEAD
# CONVTAG t=480.00 rough=0.000000 cond=2.558285 evap=3.802248 backs=0.495945
#
# RESULT drift_rel -1.078e-15
# RESULT births 0 deaths 0 beta_returns 0 beta_energy 0.000000e+00
# RESULT conv rough=6.159779 cond=2268.662613 evap=0.000000 backs=276.119807 rad=2110.758744
# RESULT convtag rough=0.000000 cond=2.558285 evap=3.802248 backs=0.495945 net=-0.748017
# RESULT geometry phi_nom=1.6641 z_live=14.96 dbar=1.4030 sigma_d=0.1472
# RESULT pair CHANNEL DEAD
