# freecell — v89 free-cell substance test (exp=tri2)
# laws = laws_V2g VERBATIM (defaults): C=1 w1=1.65 w2=2.9 q_detune=1.2
# gamma_res=0.25 gamma_res_m=0.1 p_gate=8 lock_floor=0.005 k_dep=1.2 k_dep_m=2 cap=2.5
# e_s0=1 es_floor=0.05 e_cond=0 f_conv=0.25 f_evap=0.5 s_pull=0.15
# kappa_lock=1 kappa_align=0.5 s_k=0.06 s_disp=0.3 sigma_tumble=0.01
# comb_limit=6 rough_k=0.35 gamma_rough=0.5 mob_sym=1 mob_floor=0.004 field_J=1.8
# quant_A0=1.15 quant_mode=2 (A0eff=1.15)
# v91 radiance (laws_V3r candidate A): k_rad=0.05 p_rad=4 rad_clock=0
# v91 cantus (coherent-channel candidate B): k_cant=1 k_tune=0.2 cant_tau=1e+18 cant_seed=1 cant_grow=0
# v91 registry (exchange-registry lane, REGISTRY.md): reg_tau=10 reg_gate=0 reg_f0=0
# GEOMETRY (apparatus): cfac=1.15 k_rep=1 mob_geo=1 kappa_bond=1 freeze_geo=0
# bath=1 bath_frac=1 jam_sweeps=800 jam_k=0.1 L=16 dt=0.02 T=100 seed=20260802 diag_every=200
# JAM sweeps=800 max_step=1.402e-04 (tol 1.0e-04, k_end=0.0010) — witness for the settle
# SEED tri: kind=UUD ntri=2 xU=0.2800 xD=0.8367 wU=2.1707 wD=1.4471 (wD/wU=0.666667)
# SEED tri: d*_UU=1.447299 d*_UD(m=2)=1.447299 d*_DD=2.170949 branch_k=0 doff=+0.000
# SEED tri: contacts UU=1.6466 UD=1.5877 DD=1.5287 (DD edge OPEN (no contact))
# SEED noise: amp=0.5 (e1-class churn)
# SEED cantus: sgg=1 on 7 tagged-pair slots
# INIT NC=2706 slots=26071 live=20927 phi_nom=1.7076 z_live=15.47 dbar=1.4107 sigma_d=14.85% E0=3399.343061829
#
# t | drift_rel | phi_nom z_live NLa NLd births deaths | dbar sigma_d% | maxstep maxbond | Em_tag ret com_dev rms conn z_tag | pair: d delta gf gb | core/far
t=    0.00 +0.00e+00 | 1.7076 15.47  20927    0      0      0 | 1.4107 14.85 | 0.00e+00 0.00e+00 |   6.9833 1.0000  1.5971  1.5091 1.000 14.83 | edge_dev mean=0.0000 max=0.0000 gg=0.0170 shape_dev=0.0000 xbar=0.4656 | T0 psi=(-3.142,-0.000,+0.000) ggm=0.000 circ=+0.0000 xUDD=(0.280,0.280,0.837) | T1 psi=(-3.142,+0.000,+0.000) ggm=0.000 circ=+0.0000 xUDD=(0.280,0.280,0.837) | sep=2.6000
# CONVTAG t=0.00 rough=0.000000 cond=0.000000 evap=0.000000 backs=0.000000
# CANT t=0.00 a_tag=1.0000 a_max=1.0000 xl_tag=0.4656 nlock=6 tune=0.000000
# REG t=0.00 tp n=7 rho=[0.000 0.000 0.000 0.000] gr=0.00000 fl=0.000 | ba n=25951 rho=[0.000 0.000 0.000 0.000] gr=0.00000 fl=0.000
t=    4.00 -4.01e-16 | 1.7079 16.05  21709    2   1453   1297 | 1.4240 15.01 | 2.07e-03 3.68e-03 |   6.9002 0.9881  1.6205  1.5238 1.000 13.83 | edge_dev mean=0.0845 max=0.2362 gg=0.2652 shape_dev=0.1689 xbar=0.4608 | T0 psi=(-0.034,-2.949,-2.544) ggm=0.000 circ=-0.0426 xUDD=(0.282,0.288,0.808) | T1 psi=(+0.571,-2.034,+2.066) ggm=0.000 circ=+0.1073 xUDD=(0.264,0.303,0.820) | sep=2.6842
# CONVTAG t=4.00 rough=0.000000 cond=0.000000 evap=0.000000 backs=0.000000
# CANT t=4.00 a_tag=1.0000 a_max=1.0000 xl_tag=0.4656 nlock=6 tune=0.348617
# REG t=4.00 tp n=7 rho=[0.269 0.343 0.681 0.866] gr=0.00319 fl=1.000 | ba n=26128 rho=[0.000 0.000 0.000 0.000] gr=0.00000 fl=0.038
t=    8.00 -6.69e-16 | 1.7075 16.28  22021    4   2420   2131 | 1.4296 15.12 | 1.62e-03 4.45e-03 |   6.8140 0.9758  1.5964  1.4852 1.000 14.83 | edge_dev mean=0.1217 max=0.4201 gg=0.3457 shape_dev=0.0837 xbar=0.4536 | T0 psi=(+0.114,+2.637,-2.006) ggm=0.000 circ=+0.0413 xUDD=(0.258,0.301,0.805) | T1 psi=(+0.085,+1.977,-0.286) ggm=0.000 circ=+0.0559 xUDD=(0.275,0.289,0.794) | sep=2.6143
# CONVTAG t=8.00 rough=0.000000 cond=0.000000 evap=0.000000 backs=0.000000
# CANT t=8.00 a_tag=1.0000 a_max=1.0000 xl_tag=0.4656 nlock=6 tune=0.623996
# REG t=8.00 tp n=7 rho=[0.208 0.269 0.482 0.947] gr=0.00305 fl=1.000 | ba n=26260 rho=[0.000 0.000 0.000 0.001] gr=0.00000 fl=0.327
t=   12.00 -8.03e-16 | 1.7064 16.42  22213   16   3241   2840 | 1.4330 15.18 | 1.69e-03 2.68e-03 |   6.7604 0.9681  1.6228  1.4787 1.000 14.67 | edge_dev mean=0.1389 max=0.5159 gg=0.3047 shape_dev=0.0945 xbar=0.4501 | T0 psi=(+0.234,+2.037,-1.783) ggm=0.000 circ=+0.1252 xUDD=(0.245,0.301,0.797) | T1 psi=(+0.014,+0.557,+1.713) ggm=0.000 circ=-0.0160 xUDD=(0.291,0.279,0.788) | sep=2.6196
# CONVTAG t=12.00 rough=0.000000 cond=0.000000 evap=0.000000 backs=0.000000
# CANT t=12.00 a_tag=1.0000 a_max=1.0000 xl_tag=0.4656 nlock=6 tune=0.959418
# REG t=12.00 tp n=7 rho=[0.098 0.191 0.465 0.886] gr=0.00286 fl=1.000 | ba n=26355 rho=[0.000 0.000 0.011 0.333] gr=0.00000 fl=0.818
t=   16.00 -8.03e-16 | 1.7031 16.51  22333   20   3939   3510 | 1.4348 15.18 | 1.46e-03 5.11e-03 |   6.7061 0.9603  1.6308  1.4793 1.000 15.17 | edge_dev mean=0.1316 max=0.5077 gg=0.3554 shape_dev=0.1211 xbar=0.4466 | T0 psi=(+0.484,+0.853,-1.181) ggm=0.001 circ=+0.1831 xUDD=(0.251,0.278,0.800) | T1 psi=(+0.005,-0.729,+2.946) ggm=0.000 circ=+0.0419 xUDD=(0.270,0.293,0.788) | sep=2.6398
# CONVTAG t=16.00 rough=0.000000 cond=0.000000 evap=0.000000 backs=0.000000
# CANT t=16.00 a_tag=1.0000 a_max=1.0000 xl_tag=0.4656 nlock=6 tune=1.284226
# REG t=16.00 tp n=7 rho=[0.085 0.254 0.448 0.850] gr=0.00251 fl=1.000 | ba n=26380 rho=[0.000 0.000 0.029 0.435] gr=0.00000 fl=0.868
t=   20.00 -8.03e-16 | 1.6987 16.53  22366   28   4496   4135 | 1.4352 15.18 | 3.17e-03 7.60e-03 |   6.6484 0.9520  1.6346  1.4804 1.000 14.83 | edge_dev mean=0.1088 max=0.4894 gg=0.2873 shape_dev=0.1249 xbar=0.4426 | T0 psi=(+0.346,-0.998,+0.613) ggm=0.004 circ=+0.2552 xUDD=(0.251,0.280,0.794) | T1 psi=(-0.039,-2.225,-2.025) ggm=0.000 circ=+0.0211 xUDD=(0.277,0.273,0.781) | sep=2.6235
# CONVTAG t=20.00 rough=0.000000 cond=0.000000 evap=0.000000 backs=0.000000
# CANT t=20.00 a_tag=1.0000 a_max=1.0000 xl_tag=0.4656 nlock=6 tune=1.535920
# REG t=20.00 tp n=7 rho=[0.096 0.282 0.434 0.860] gr=0.00202 fl=1.000 | ba n=26305 rho=[0.000 0.000 0.054 0.480] gr=0.00000 fl=0.884
t=   24.00 -8.03e-16 | 1.6932 16.54  22378   29   5033   4708 | 1.4355 15.19 | 5.29e-03 1.48e-02 |   6.6152 0.9473  1.6492  1.4564 1.000 15.17 | edge_dev mean=0.1142 max=0.4938 gg=0.3392 shape_dev=0.1936 xbar=0.4403 | T0 psi=(+0.127,-3.026,-3.091) ggm=0.000 circ=+0.3084 xUDD=(0.253,0.277,0.787) | T1 psi=(-0.132,+2.656,-0.537) ggm=0.000 circ=+0.0348 xUDD=(0.263,0.273,0.789) | sep=2.5653
# CONVTAG t=24.00 rough=0.000000 cond=0.000000 evap=0.000000 backs=0.000000
# CANT t=24.00 a_tag=1.0000 a_max=1.0000 xl_tag=0.4656 nlock=6 tune=1.818646
# REG t=24.00 tp n=7 rho=[0.123 0.292 0.421 0.886] gr=0.00159 fl=1.000 | ba n=26267 rho=[0.000 0.000 0.108 0.555] gr=0.00000 fl=0.894
t=   28.00 -8.03e-16 | 1.6875 16.52  22354   34   5555   5250 | 1.4352 15.17 | 7.43e-03 2.59e-02 |   6.5420 0.9368  1.6279  1.4593 1.000 15.67 | edge_dev mean=0.1157 max=0.5032 gg=0.2860 shape_dev=0.2207 xbar=0.4353 | T0 psi=(-0.013,+0.979,-0.537) ggm=0.203 circ=+0.2758 xUDD=(0.280,0.275,0.775) | T1 psi=(+0.187,+2.655,-1.333) ggm=0.000 circ=+0.1249 xUDD=(0.238,0.265,0.778) | sep=2.5550
# CONVTAG t=28.00 rough=0.000000 cond=0.000000 evap=0.000000 backs=0.000000
# CANT t=28.00 a_tag=1.0000 a_max=1.0000 xl_tag=0.4656 nlock=6 tune=2.118727
# REG t=28.00 tp n=7 rho=[0.113 0.292 0.472 0.956] gr=0.00125 fl=1.000 | ba n=26242 rho=[0.000 0.003 0.201 0.646] gr=0.00000 fl=0.899
t=   32.00 -8.03e-16 | 1.6822 16.49  22305   27   6011   5768 | 1.4345 15.16 | 4.32e-03 1.26e-02 |   6.7499 0.9666  1.6414  1.4527 1.000 14.50 | edge_dev mean=0.1329 max=0.5032 gg=0.3268 shape_dev=0.2317 xbar=0.4494 | T0 psi=(-0.019,-0.795,+1.646) ggm=0.000 circ=+0.2345 xUDD=(0.283,0.281,0.804) | T1 psi=(-0.024,+1.330,+0.434) ggm=0.000 circ=+0.1502 xUDD=(0.261,0.287,0.780) | sep=2.5517
# CONVTAG t=32.00 rough=0.000000 cond=0.229902 evap=0.000000 backs=0.000000
# CANT t=32.00 a_tag=1.0000 a_max=1.0000 xl_tag=0.4656 nlock=6 tune=2.499246
# REG t=32.00 tp n=7 rho=[0.113 0.292 0.936 0.954] gr=0.00141 fl=1.000 | ba n=26187 rho=[0.000 0.015 0.306 0.719] gr=0.00000 fl=0.906
t=   36.00 -8.03e-16 | 1.6775 16.49  22309   36   6460   6256 | 1.4343 15.14 | 2.12e-03 1.04e-02 |   6.1649 0.8828  1.6343  1.4529 1.000 15.33 | edge_dev mean=0.1335 max=0.5110 gg=0.3316 shape_dev=0.2744 xbar=0.4102 | T0 psi=(-0.015,-2.331,+2.889) ggm=0.000 circ=+0.2340 xUDD=(0.271,0.276,0.711) | T1 psi=(-0.076,+0.072,+1.676) ggm=0.000 circ=+0.1472 xUDD=(0.258,0.254,0.692) | sep=2.5398
# CONVTAG t=36.00 rough=0.000000 cond=0.229902 evap=0.544846 backs=0.071067
# CANT t=36.00 a_tag=1.0000 a_max=1.0000 xl_tag=0.4656 nlock=6 tune=2.812478
# REG t=36.00 tp n=7 rho=[0.109 0.292 0.802 0.969] gr=0.00151 fl=1.000 | ba n=26139 rho=[0.000 0.047 0.408 0.779] gr=0.00001 fl=0.910
t=   40.00 -8.03e-16 | 1.6738 16.45  22263   32   6896   6728 | 1.4334 15.11 | 3.87e-03 1.32e-02 |   6.1469 0.8802  1.6790  1.4496 1.000 15.33 | edge_dev mean=0.1336 max=0.4957 gg=0.3317 shape_dev=0.2841 xbar=0.4089 | T0 psi=(-0.034,+2.317,-1.687) ggm=0.000 circ=+0.1434 xUDD=(0.267,0.241,0.750) | T1 psi=(-0.080,-1.487,-3.136) ggm=0.000 circ=+0.1231 xUDD=(0.232,0.228,0.735) | sep=2.5447
# CONVTAG t=40.00 rough=0.000000 cond=0.229902 evap=0.544846 backs=0.071067
# CANT t=40.00 a_tag=1.0000 a_max=1.0000 xl_tag=0.4656 nlock=6 tune=3.172064
# REG t=40.00 tp n=7 rho=[0.109 0.292 0.630 0.991] gr=0.00137 fl=1.000 | ba n=26109 rho=[0.000 0.106 0.516 0.822] gr=0.00001 fl=0.913
t=   44.00 -8.03e-16 | 1.6709 16.40  22183   29   7273   7174 | 1.4323 15.09 | 6.59e-03 1.82e-02 |   6.4003 0.9165  1.6497  1.4549 1.000 15.00 | edge_dev mean=0.1363 max=0.4953 gg=0.3296 shape_dev=0.2883 xbar=0.4258 | T0 psi=(-0.076,+1.192,-0.089) ggm=0.121 circ=+0.1274 xUDD=(0.296,0.267,0.776) | T1 psi=(-0.085,-3.116,-1.455) ggm=0.000 circ=+0.0865 xUDD=(0.238,0.238,0.740) | sep=2.5363
# CONVTAG t=44.00 rough=0.000000 cond=0.460686 evap=0.544846 backs=0.071067
# CANT t=44.00 a_tag=1.0000 a_max=1.0000 xl_tag=0.4656 nlock=6 tune=3.588937
# REG t=44.00 tp n=7 rho=[0.109 0.292 0.421 0.987] gr=0.00128 fl=1.000 | ba n=26044 rho=[0.001 0.170 0.583 0.858] gr=0.00002 fl=0.916
t=   48.00 -8.03e-16 | 1.6687 16.38  22162   35   7679   7670 | 1.4317 15.07 | 7.65e-03 1.97e-02 |   6.5535 0.9384  1.6577  1.4507 1.000 15.50 | edge_dev mean=0.1408 max=0.5082 gg=0.3281 shape_dev=0.2769 xbar=0.4361 | T0 psi=(-0.031,-0.097,+1.241) ggm=0.000 circ=+0.0793 xUDD=(0.292,0.282,0.786) | T1 psi=(-0.113,+1.630,+0.276) ggm=0.000 circ=+0.0472 xUDD=(0.254,0.261,0.743) | sep=2.5430
# CONVTAG t=48.00 rough=0.000000 cond=0.617480 evap=0.544846 backs=0.071067
# CANT t=48.00 a_tag=1.0000 a_max=1.0000 xl_tag=0.4656 nlock=6 tune=3.929742
# REG t=48.00 tp n=7 rho=[0.109 0.292 0.300 0.989] gr=0.00329 fl=1.000 | ba n=25949 rho=[0.005 0.236 0.641 0.878] gr=0.00002 fl=0.920
t=   52.00 -8.03e-16 | 1.6672 16.37  22146   24   8068   8104 | 1.4315 15.06 | 4.61e-03 1.22e-02 |   6.5897 0.9436  1.6712  1.4484 1.000 15.50 | edge_dev mean=0.1409 max=0.5052 gg=0.3298 shape_dev=0.2798 xbar=0.4386 | T0 psi=(-0.037,-1.884,+3.002) ggm=0.000 circ=+0.0407 xUDD=(0.283,0.292,0.783) | T1 psi=(-0.066,+0.164,+1.739) ggm=0.000 circ=+0.0531 xUDD=(0.253,0.264,0.756) | sep=2.5407
# CONVTAG t=52.00 rough=0.000000 cond=0.617480 evap=0.544846 backs=0.071067
# CANT t=52.00 a_tag=1.0000 a_max=1.0000 xl_tag=0.4656 nlock=6 tune=4.213594
# REG t=52.00 tp n=7 rho=[0.109 0.240 0.292 0.985] gr=0.00259 fl=1.000 | ba n=25915 rho=[0.012 0.299 0.685 0.901] gr=0.00002 fl=0.921
t=   56.00 -8.03e-16 | 1.6657 16.37  22143   31   8434   8490 | 1.4312 15.05 | 4.95e-03 1.52e-02 |   6.7640 0.9686  1.7265  1.4420 1.000 15.33 | edge_dev mean=0.1428 max=0.5096 gg=0.3298 shape_dev=0.2638 xbar=0.4501 | T0 psi=(-0.025,+2.851,-1.860) ggm=0.000 circ=+0.0020 xUDD=(0.286,0.266,0.787) | T1 psi=(-0.098,-0.945,-3.060) ggm=0.000 circ=+0.1010 xUDD=(0.283,0.279,0.800) | sep=2.5519
# CONVTAG t=56.00 rough=0.000000 cond=0.849590 evap=0.544846 backs=0.071067
# CANT t=56.00 a_tag=1.0000 a_max=1.0000 xl_tag=0.4656 nlock=6 tune=4.587304
# REG t=56.00 tp n=7 rho=[0.109 0.214 0.292 0.985] gr=0.00225 fl=1.000 | ba n=25887 rho=[0.022 0.344 0.717 0.908] gr=0.00003 fl=0.923
t=   60.00 -8.03e-16 | 1.6647 16.38  22165   32   8837   8918 | 1.4313 15.03 | 4.67e-03 1.71e-02 |   6.7901 0.9723  1.7108  1.4412 1.000 15.17 | edge_dev mean=0.1454 max=0.5062 gg=0.3302 shape_dev=0.2668 xbar=0.4518 | T0 psi=(-0.042,+1.465,-0.425) ggm=0.046 circ=-0.0292 xUDD=(0.294,0.279,0.783) | T1 psi=(-0.091,-2.240,-1.733) ggm=0.000 circ=+0.0951 xUDD=(0.282,0.279,0.793) | sep=2.5505
# CONVTAG t=60.00 rough=0.000000 cond=0.849590 evap=0.544846 backs=0.071067
# CANT t=60.00 a_tag=1.0000 a_max=1.0000 xl_tag=0.4656 nlock=6 tune=4.832679
# REG t=60.00 tp n=7 rho=[0.109 0.235 0.292 0.981] gr=0.00181 fl=1.000 | ba n=25859 rho=[0.038 0.390 0.746 0.917] gr=0.00003 fl=0.925
t=   64.00 -8.03e-16 | 1.6638 16.37  22148   34   9236   9340 | 1.4309 15.02 | 2.90e-03 1.01e-02 |   6.4944 0.9300  1.7692  1.4178 1.000 15.00 | edge_dev mean=0.1459 max=0.5091 gg=0.3207 shape_dev=0.2849 xbar=0.4321 | T0 psi=(+0.067,+0.389,+0.125) ggm=0.076 circ=-0.0180 xUDD=(0.237,0.255,0.763) | T1 psi=(-0.107,+2.690,-0.353) ggm=0.000 circ=+0.0911 xUDD=(0.278,0.270,0.790) | sep=2.5416
# CONVTAG t=64.00 rough=0.000000 cond=0.849590 evap=0.938550 backs=0.122420
# CANT t=64.00 a_tag=1.0000 a_max=1.0000 xl_tag=0.4656 nlock=6 tune=5.200912
# REG t=64.00 tp n=7 rho=[0.081 0.271 0.484 0.998] gr=0.00166 fl=1.000 | ba n=25835 rho=[0.052 0.424 0.763 0.924] gr=0.00003 fl=0.925
t=   68.00 -8.03e-16 | 1.6634 16.36  22131   24   9610   9738 | 1.4305 15.00 | 5.20e-03 1.62e-02 |   5.9204 0.8478  1.7586  1.4180 1.000 15.17 | edge_dev mean=0.1490 max=0.5047 gg=0.2845 shape_dev=0.3074 xbar=0.3939 | T0 psi=(-0.011,-1.987,+2.376) ggm=0.000 circ=-0.0190 xUDD=(0.216,0.239,0.729) | T1 psi=(-0.384,+2.099,+0.279) ggm=0.000 circ=+0.0417 xUDD=(0.236,0.207,0.736) | sep=2.5278
# CONVTAG t=68.00 rough=0.000000 cond=0.849590 evap=1.490041 backs=0.194353
# CANT t=68.00 a_tag=1.0000 a_max=1.0000 xl_tag=0.4656 nlock=6 tune=5.762912
# REG t=68.00 tp n=7 rho=[0.053 0.359 0.556 0.987] gr=0.00147 fl=1.000 | ba n=25822 rho=[0.066 0.451 0.780 0.929] gr=0.00004 fl=0.926
t=   72.00 -8.03e-16 | 1.6631 16.34  22109   18  10004  10118 | 1.4302 15.00 | 3.58e-03 1.14e-02 |   5.8974 0.8445  1.7517  1.4154 1.000 15.17 | edge_dev mean=0.1550 max=0.5147 gg=0.4763 shape_dev=0.3155 xbar=0.3918 | T0 psi=(-0.031,+2.905,-2.510) ggm=0.000 circ=-0.0372 xUDD=(0.226,0.235,0.718) | T1 psi=(-0.167,+0.048,+2.047) ggm=0.000 circ=-0.0145 xUDD=(0.220,0.211,0.740) | sep=2.5196
# CONVTAG t=72.00 rough=0.000000 cond=0.849590 evap=1.490041 backs=0.194353
# CANT t=72.00 a_tag=1.0000 a_max=1.0000 xl_tag=0.4656 nlock=6 tune=6.072581
# REG t=72.00 tp n=7 rho=[0.024 0.556 0.761 0.966] gr=0.00228 fl=1.000 | ba n=25838 rho=[0.077 0.471 0.792 0.935] gr=0.00004 fl=0.926
t=   76.00 -8.03e-16 | 1.6631 16.35  22122   23  10422  10540 | 1.4304 15.00 | 5.38e-03 1.43e-02 |   5.8483 0.8375  1.7196  1.4079 1.000 15.00 | edge_dev mean=0.1369 max=0.5164 gg=0.3060 shape_dev=0.3177 xbar=0.3891 | T0 psi=(-0.049,+0.702,-0.373) ggm=0.425 circ=-0.0557 xUDD=(0.230,0.236,0.717) | T1 psi=(-0.070,-1.653,+3.073) ggm=0.000 circ=+0.0379 xUDD=(0.192,0.232,0.727) | sep=2.5005
# CONVTAG t=76.00 rough=0.000000 cond=0.849590 evap=1.490041 backs=0.194353
# CANT t=76.00 a_tag=1.0000 a_max=1.0000 xl_tag=0.4656 nlock=6 tune=6.359839
# REG t=76.00 tp n=7 rho=[0.491 0.636 0.686 0.991] gr=0.00201 fl=1.000 | ba n=25829 rho=[0.089 0.491 0.804 0.938] gr=0.00004 fl=0.926
t=   80.00 -8.03e-16 | 1.6629 16.35  22123   28  10866  10968 | 1.4305 15.01 | 2.40e-03 1.08e-02 |   5.7938 0.8297  1.6463  1.4300 1.000 14.50 | edge_dev mean=0.1440 max=0.5162 gg=0.3315 shape_dev=0.3260 xbar=0.3854 | T0 psi=(-0.012,-1.589,+1.985) ggm=0.000 circ=-0.1015 xUDD=(0.246,0.276,0.720) | T1 psi=(-0.240,+0.384,+1.337) ggm=0.000 circ=+0.0244 xUDD=(0.187,0.182,0.701) | sep=2.4959
# CONVTAG t=80.00 rough=0.000000 cond=0.849590 evap=1.490041 backs=0.194353
# CANT t=80.00 a_tag=1.0000 a_max=1.0000 xl_tag=0.4656 nlock=6 tune=6.663179
# REG t=80.00 tp n=7 rho=[0.423 0.556 0.595 0.997] gr=0.00235 fl=1.000 | ba n=25840 rho=[0.102 0.504 0.810 0.942] gr=0.00004 fl=0.926
t=   84.00 -8.03e-16 | 1.6631 16.39  22173   25  11289  11401 | 1.4311 15.01 | 2.38e-03 1.24e-02 |   4.8116 0.6890  1.8940  1.3226 1.000 14.50 | edge_dev mean=0.1718 max=0.5032 gg=0.2199 shape_dev=0.4163 xbar=0.3202 | T0 psi=(-0.908,-1.811,+2.309) ggm=0.000 circ=-0.1177 xUDD=(0.091,0.167,0.672) | T1 psi=(-0.192,+1.546,-0.265) ggm=0.000 circ=+0.1369 xUDD=(0.141,0.164,0.687) | sep=2.4313
# CONVTAG t=84.00 rough=0.000000 cond=1.094747 evap=2.740915 backs=0.357511
# CANT t=84.00 a_tag=1.0000 a_max=1.0000 xl_tag=0.4656 nlock=6 tune=7.140562
# REG t=84.00 tp n=7 rho=[0.395 0.556 0.610 0.969] gr=0.00359 fl=1.000 | ba n=25833 rho=[0.109 0.516 0.816 0.942] gr=0.00004 fl=0.926
t=   88.00 -8.03e-16 | 1.6632 16.39  22176   16  11696  11814 | 1.4310 15.00 | 7.90e-03 2.20e-02 |   4.7833 0.6850  1.8699  1.3460 1.000 15.17 | edge_dev mean=0.2004 max=0.5158 gg=0.3453 shape_dev=0.4181 xbar=0.3179 | T0 psi=(-0.059,+0.494,-0.383) ggm=0.524 circ=-0.2503 xUDD=(0.147,0.136,0.653) | T1 psi=(-0.188,-0.153,+1.568) ggm=0.000 circ=+0.1292 xUDD=(0.157,0.150,0.664) | sep=2.4625
# CONVTAG t=88.00 rough=0.000000 cond=1.094747 evap=2.740915 backs=0.357511
# CANT t=88.00 a_tag=1.0000 a_max=1.0000 xl_tag=0.4656 nlock=6 tune=7.429543
# REG t=88.00 tp n=7 rho=[0.314 0.512 0.556 0.957] gr=0.00347 fl=1.000 | ba n=25836 rho=[0.115 0.526 0.821 0.944] gr=0.00004 fl=0.926
t=   92.00 -9.36e-16 | 1.6628 16.39  22181   19  12136  12250 | 1.4310 14.99 | 5.16e-03 1.59e-02 |   4.8572 0.6955  1.8451  1.3677 1.000 15.33 | edge_dev mean=0.1770 max=0.5130 gg=0.3091 shape_dev=0.3621 xbar=0.3230 | T0 psi=(-0.213,-0.653,+0.561) ggm=0.009 circ=-0.2903 xUDD=(0.168,0.149,0.643) | T1 psi=(-0.041,+2.457,-1.279) ggm=0.000 circ=+0.1380 xUDD=(0.159,0.163,0.656) | sep=2.4934
# CONVTAG t=92.00 rough=0.000000 cond=1.094747 evap=2.740915 backs=0.357511
# CANT t=92.00 a_tag=1.0000 a_max=1.0000 xl_tag=0.4656 nlock=6 tune=7.734333
# REG t=92.00 tp n=7 rho=[0.213 0.464 0.525 0.964] gr=0.00436 fl=1.000 | ba n=25834 rho=[0.118 0.532 0.826 0.947] gr=0.00004 fl=0.926
t=   96.00 -8.03e-16 | 1.6628 16.40  22184   37  12596  12684 | 1.4309 14.99 | 8.20e-03 1.86e-02 |   4.7547 0.6809  1.8345  1.3707 1.000 14.83 | edge_dev mean=0.1904 max=0.4991 gg=0.3151 shape_dev=0.3675 xbar=0.3158 | T0 psi=(+0.047,+2.781,-3.050) ggm=0.000 circ=-0.3566 xUDD=(0.162,0.138,0.652) | T1 psi=(-0.186,-1.337,+2.577) ggm=0.000 circ=+0.1807 xUDD=(0.139,0.149,0.655) | sep=2.5000
# CONVTAG t=96.00 rough=0.000000 cond=1.094747 evap=2.740915 backs=0.357511
# CANT t=96.00 a_tag=1.0000 a_max=1.0000 xl_tag=0.4656 nlock=6 tune=8.036069
# REG t=96.00 tp n=7 rho=[0.196 0.433 0.526 0.959] gr=0.00499 fl=1.000 | ba n=25843 rho=[0.120 0.534 0.831 0.949] gr=0.00005 fl=0.925
t=  100.00 -8.03e-16 | 1.6630 16.39  22180   14  13058  13150 | 1.4308 14.98 | 6.69e-03 1.73e-02 |   4.8519 0.6948  1.8280  1.3620 1.000 15.33 | edge_dev mean=0.1895 max=0.4834 gg=0.4215 shape_dev=0.3664 xbar=0.3224 | T0 psi=(-0.063,+2.603,-2.604) ggm=0.000 circ=-0.3432 xUDD=(0.168,0.145,0.650) | T1 psi=(-0.046,+2.857,-1.700) ggm=0.000 circ=+0.1461 xUDD=(0.149,0.171,0.651) | sep=2.4975
# CONVTAG t=100.00 rough=0.000000 cond=1.094747 evap=2.740915 backs=0.357511
# CANT t=100.00 a_tag=1.0000 a_max=1.0000 xl_tag=0.4656 nlock=6 tune=8.309778
# REG t=100.00 tp n=7 rho=[0.308 0.402 0.540 0.979] gr=0.00372 fl=1.000 | ba n=25865 rho=[0.119 0.536 0.833 0.950] gr=0.00005 fl=0.924
#
# RESULT drift_rel -8.027e-16
# RESULT births 13058 deaths 13150 beta_returns 0 beta_energy 0.000000e+00
# RESULT conv rough=1.560276 cond=594.303237 evap=0.000000 backs=18.296488 rad=138.712798
# RESULT credit qcnvD=991.149237 qcnvF=632.051914
# RESULT cantus a_tag=1.0000 a_max=1.0000 xl_tag=0.4656 nlock=6 tune_total=8.309778
# RESULT reg tp n=7 rho=[0.3077 0.4019 0.5404 0.9789] gr=0.003717 fl=1.0000 | ba n=25865 rho=[0.1190 0.5362 0.8332 0.9501] gr=0.000047 fl=0.9243
# RESULT convtag rough=0.000000 cond=1.094747 evap=2.740915 backs=0.357511 net=-1.288657
# RESULT geometry phi_nom=1.6630 z_live=16.39 dbar=1.4308 sigma_d=0.1498
# RESULT truss edge_dev_mean=0.189527 edge_dev_max=0.483368 shape=(0.0374,0.2124,1.8469) shape0=(0.0000,0.3491,2.0391)
# EDGE 0 2700-2701 d=1.29971 dev=-0.14759 gg=0.9917 gpl=0.9981
# EDGE 1 2701-2702 d=1.17780 dev=-0.26950 gg=0.0000 gpl=0.5101
# EDGE 2 2702-2700 d=1.41354 dev=-0.03376 gg=0.0806 gpl=0.6847
# EDGE 3 2703-2704 d=1.33396 dev=-0.11334 gg=0.9488 gpl=0.8372
# EDGE 4 2704-2705 d=1.35671 dev=-0.09059 gg=0.5077 gpl=0.7560
# EDGE 5 2705-2703 d=0.96384 dev=-0.48346 gg=0.0000 gpl=0.1349
# RESULT tri0 psi=(-0.0633,+2.6025,-2.6039) ggm=0.0000 circ=-0.34321 Em=(0.3022,0.2436,1.6230)
# RESULT tri1 psi=(-0.0456,+2.8566,-1.7001) ggm=0.0000 circ=+0.14610 Em=(0.1964,0.2346,1.6267)
