GAUGED branch (g=0.05): Q(omega) and dQ/dw  -- closing grok Finding 1.4
   omega            Q          dQ/dw     n(D)
  1.4100     529.3354
  1.4400     169.3456
  1.4600     114.1327
  1.4700      99.3469
  1.4750      94.3135
  1.4800      90.9473
  1.4820      90.1497
  1.4840      89.7363
  1.4860      89.7878
  1.4880      90.4287
  1.4900      91.8590
  1.4920      94.4180
  1.4950     101.9092

   omega            Q          dQ/dw     n(D)
  1.4100     529.3354       -11999.7        1
  1.4400     169.3456        -6456.3        1
  1.4600     114.1327        -1905.9        1
  1.4700      99.3469        -1164.0        1
  1.4750      94.3135         -840.0        1
  1.4800      90.9473         -477.2        1
  1.4820      90.1497         -302.7        1
  1.4840      89.7363          -90.5        1
  1.4860      89.7878          173.1 0  <-- past the gauged VK turn
  1.4880      90.4287          517.8 0  <-- past the gauged VK turn
  1.4900      91.8590          997.3 0  <-- past the gauged VK turn
  1.4920      94.4180         1766.5 0  <-- past the gauged VK turn
  1.4950     101.9092         2497.1 0  <-- past the gauged VK turn

GAUGED Q minimum: Q=89.7363 at omega=1.4840  (sign change of dQ/dw)
UNGAUGED turn for comparison: Q=86.59 at omega~1.482
