# cellfab — v89 cell-fabric kernel (no lattice, no prior code)
# cfg seed=20260727 mode=field init=slit
# cfg L=30 dmin=1 r0=0.85 rjit=0.06
# cfg C=1 w1=1.65 w2=2.9 q_detune=1.2 gamma_res=0.25 gamma_res_m=0.1 p_gate=8
# cfg lock_floor=0.005
# cfg k_dep=1.2 k_dep_m=2 cap=2.5 e_s0=1 es_floor=0.05
# cfg e_cond=0 f_conv=0.25 f_evap=0.5 s_pull=0.15
# cfg kappa_lock=1 kappa_align=0.5 kappa_freq=0 kappa_reac=0 sigma_tumble=0.01
# cfg space: s_k=0 s_disp=0 es_gx=0
# cfg dt=0.02 T=70 diag_every=250 snap_every=0
# cfg center=(-1,-1,-1) amp=0.25 sigma=2.5 k=(1.1,0,0) prealign=1 noise_amp=0
# cfg music: comb_limit=6 rough_k=0.35 gamma_rough=0.5 mob_sym=1 mob_floor=0.004
# cfg field sector: two-component signed amplitude, unitary hops, field_J=1.8
# cfg slit: wall_x=11.5 th=1.6 sep=9 hw=2 screen_x=23.5 src=[1.5,8.5] absorb=2 detune=8 which_path=0 tap=0.06 sigma_det=6 block=0
# action atom: A0=1.1500 (dbar=1.5072) mode=2 — eps(w)=A0*w/2pi; atoms at mode boundaries, transport continuous
# slit: wall=541 screen=3242 sink=4649 recorder=0 source_cells=3340 slitA_y=10.50 slitB_y=19.50
# fabric: cells=18670 channels=166635 mean_degree=17.85 box=30 dmin=1
# t	E_space	E_dense	E_field	E_transfer	E_total	rel_drift	live_ch	cm_x	cm_y	cm_z	contain	front_r	r_core	defA	r_far	r_ratio	w_core	w_far
0.000	18670	0	835	0	19505	0.000e+00	111289	0.000	0.000	0.000	0.000	22.3311	0.8474	0	0.8497	0.9973	1.65000	1.65000	5.0034	14.9964	14.9833	0	0	0	2976.3	-7.6202	-8.1994
5.000	18670	53.0239768	781.976023	0	19505	-1.865e-16	111289	0.000	0.000	0.000	0.000	22.3770	0.8474	0	0.8497	0.9973	1.65000	1.84163	7.7820	14.9907	14.9952	0	0	0	1428.6	19.655	6.8265
# QATOM t=5.12 dir=FD w=1.65 e=0.301996504517
10.000	18668.7316	98.7612576	737.404805	0.1023135	19505	-1.865e-16	111283	9.733	13.955	13.643	0.000	23.1401	0.8474	11.333	0.8497	0.9973	1.65000	1.84124	8.6770	15.0055	14.9488	-0.015798	-0.00070871	0.018682	-147.35	-14.837	-32.906
# QATOM t=10.60 dir=FD w=1.64998623 e=0.301993983926
# QATOM t=12.76 dir=FD w=1.64991766 e=0.301981433473
15.000	18664.3483	168.000533	670.391086	2.26010715	19505	-1.865e-16	111263	9.723	14.624	14.688	0.033	22.8890	0.8474	53.441	0.8496	0.9974	1.65000	1.84022	8.3216	14.9591	14.8903	-0.081994	-0.25586	-0.0065545	-441.32	-29.182	-62.667
20.000	18663.2161	226.39	612.250165	3.14371013	19505	-1.865e-16	111255	9.769	14.703	14.535	0.041	22.3770	0.8474	64.488	0.8496	0.9974	1.65000	1.84007	8.1615	14.8692	14.9265	0.20542	0.36039	0.039464	-182.87	-21.403	-15.105
# QATOM t=20.28 dir=FD w=1.64994549 e=0.301986527017
25.000	18662.2725	314.537668	523.667223	4.52264811	19505	-1.865e-16	111249	9.629	14.517	14.704	0.036	22.8890	0.8474	73.424	0.8496	0.9974	1.64998	1.83988	8.6994	14.8779	14.9669	0.02439	0.17665	0.019539	96.835	20.328	23.082
# CLICK t=28.26 x=23.91 y=16.37 z=19.79
# CLICK t=29.82 x=23.53 y=12.38 z=5.97
30.000	18661.1856	393.916972	444.204869	5.69258512	19505	-1.865e-16	111238	9.153	14.384	14.775	0.033	22.3634	0.8474	83.74	0.8496	0.9975	1.64996	1.83964	9.3155	14.8867	14.8984	-0.29495	-0.079096	0.024732	126.63	17.978	9.1954
# CLICK t=30.16 x=23.70 y=17.12 z=12.51
# CLICK t=31.14 x=23.62 y=13.49 z=8.02
# CLICK t=31.20 x=23.69 y=22.22 z=20.19
# CLICK t=32.02 x=23.73 y=14.54 z=21.19
# CLICK t=32.40 x=23.78 y=13.59 z=17.36
# CLICK t=32.72 x=23.63 y=16.48 z=14.63
# CLICK t=32.80 x=23.55 y=12.45 z=17.68
# CLICK t=33.26 x=24.01 y=14.20 z=19.50
# CLICK t=33.28 x=23.62 y=13.27 z=9.05
# CLICK t=33.46 x=23.69 y=7.79 z=20.39
# CLICK t=33.76 x=23.52 y=15.32 z=22.81
# CLICK t=34.30 x=23.90 y=16.13 z=21.90
# QATOM t=34.34 dir=FD w=1.6463808 e=0.301334089457
# CLICK t=34.36 x=23.71 y=15.22 z=16.88
# CLICK t=34.40 x=23.57 y=4.82 z=15.86
# CLICK t=34.76 x=23.70 y=17.12 z=12.51
# CLICK t=34.94 x=23.90 y=15.22 z=12.56
35.000	18660.8235	449.02169	388.124457	7.03040296	19505	-1.865e-16	111232	8.957	14.534	14.799	0.030	22.3311	0.8474	87.078	0.8496	0.9975	1.64993	1.83952	9.5921	14.9181	14.8167	0.20413	-0.00018206	-0.071003	74.813	6.6927	0.062742
# CLICK t=35.02 x=23.91 y=16.37 z=19.79
# CLICK t=35.20 x=23.53 y=17.24 z=10.35
# CLICK t=35.94 x=23.71 y=13.36 z=12.93
# CLICK t=36.18 x=23.61 y=13.99 z=15.84
# CLICK t=36.32 x=23.70 y=17.51 z=15.17
# CLICK t=36.34 x=23.95 y=12.95 z=11.11
# CLICK t=36.38 x=23.52 y=8.05 z=22.63
# CLICK t=36.54 x=23.51 y=3.45 z=17.21
# CLICK t=36.54 x=23.65 y=14.33 z=13.42
# CLICK t=37.06 x=23.55 y=16.66 z=17.56
# CLICK t=37.10 x=23.54 y=16.36 z=9.62
# CLICK t=37.66 x=24.14 y=16.17 z=12.83
# CLICK t=37.88 x=23.53 y=12.38 z=5.97
# CLICK t=38.84 x=23.80 y=14.45 z=10.43
# CLICK t=38.94 x=23.90 y=20.30 z=20.98
# CLICK t=39.68 x=23.52 y=25.56 z=21.78
# CLICK t=39.96 x=23.70 y=17.12 z=12.51
40.000	18660.3708	492.562111	343.33433	8.73274072	19505	-1.865e-16	111229	8.840	14.495	14.495	0.029	22.3311	0.8474	91.179	0.8496	0.9975	1.64990	1.83940	9.7284	14.9592	14.8355	-0.14568	0.013024	0.058065	27.424	7.1443	9.8007
# CLICK t=40.66 x=23.57 y=11.77 z=12.35
# CLICK t=41.02 x=23.64 y=15.17 z=9.35
# CLICK t=42.06 x=23.87 y=13.26 z=4.21
# CLICK t=42.78 x=23.89 y=14.64 z=5.19
# CLICK t=43.42 x=23.70 y=21.59 z=15.88
# CLICK t=43.76 x=23.71 y=13.36 z=12.93
# CLICK t=43.94 x=23.60 y=26.21 z=14.92
# CLICK t=44.34 x=23.54 y=10.40 z=13.96
# CLICK t=44.74 x=24.12 y=14.16 z=18.33
# CLICK t=44.90 x=23.51 y=7.79 z=23.68
45.000	18660.0104	532.377939	302.546369	10.0652605	19505	-1.865e-16	111226	8.857	14.399	14.490	0.033	22.3387	0.8474	94.729	0.8496	0.9975	1.64986	1.83935	9.8916	15.0164	14.8082	-0.30011	0.090267	-0.071016	16.748	6.0149	-7.9379
# CLICK t=45.44 x=23.53 y=18.17 z=16.70
# CLICK t=45.98 x=23.68 y=4.10 z=6.50
# CLICK t=46.38 x=23.65 y=20.51 z=27.03
# CLICK t=47.64 x=23.55 y=12.45 z=17.68
# CLICK t=47.72 x=23.72 y=6.32 z=7.46
# CLICK t=49.54 x=23.88 y=2.54 z=18.84
50.000	18659.7842	561.424045	271.168617	12.6231235	19505	-1.865e-16	111226	8.850	14.491	14.548	0.046	22.3634	0.8474	96.897	0.8496	0.9975	1.64983	1.83935	10.0555	14.9822	14.7395	0.16483	0.072597	-0.12029	14.351	1.4511	-8.5943
# CLICK t=50.66 x=23.52 y=26.50 z=22.23
# CLICK t=51.18 x=23.58 y=26.17 z=18.42
# CLICK t=51.52 x=23.61 y=8.26 z=15.01
# CLICK t=52.68 x=23.63 y=16.48 z=14.63
# CLICK t=53.10 x=23.57 y=19.39 z=9.81
# CLICK t=54.54 x=23.65 y=14.33 z=13.42
# shutter closed at t=55.0
55.000	18659.7842	582.691409	247.08982	15.434557	19505	-3.730e-16	111226	8.876	14.470	14.563	0.045	22.0120	0.8474	96.897	0.8496	0.9975	1.64979	1.83931	10.1863	14.9081	14.7017	0.2098	-0.16416	0.11984	0.31894	-8.4298	-2.1576
60.000	18659.6938	606.236667	223.075917	15.9936135	19505	-1.865e-16	111226	8.846	14.450	14.511	0.043	21.5003	0.8474	97.699	0.8496	0.9975	1.64974	1.83929	10.1956	14.8196	14.7803	-0.097179	-0.092754	-0.10653	-34.26	-4.3215	14.757
65.000	18659.6485	626.682689	201.305484	17.3632882	19505	-1.865e-16	111226	8.880	14.479	14.459	0.044	22.0598	0.8474	98.088	0.8496	0.9975	1.64967	1.83928	10.1512	14.7508	14.8655	-0.14227	-0.29429	-0.22442	-31.69	-9.9661	21.544
70.000	18659.6036	644.153001	181.994026	19.249402	19505	0.000e+00	111226	8.892	14.427	14.580	0.043	22.0301	0.8474	98.503	0.8496	0.9975	1.64960	1.83925	10.1271	14.7563	14.8677	-0.20617	-0.13543	-0.13434	-29.907	1.7411	14.47
# RESULT es_shells 0.94:1.0000 2.81:1.0000 4.69:0.9997 6.56:0.9981 8.44:0.9987 10.31:0.9982 12.19:0.9988 14.06:0.9988
# RESULT conservation E0=19505 Efinal=19505 rel_drift=0.000e+00
# RESULT roughness_radiated=0 (dissonant dense deliveries converted to field, conserved)
# RESULT curvature_fit defA_per_Em=0.15536 r2=0.8929 (linear defect ~ converted energy)
# SCREEN y_center exposure predicted_cos2 (lambda=5.712)
# SCREEN 1.88	0.5358	0.805
# SCREEN 2.62	1.0374	0.881
# SCREEN 3.38	1.3322	0.945
# SCREEN 4.12	1.0929	0.988
# SCREEN 4.88	1.7274	0.999
# SCREEN 5.62	1.2685	0.969
# SCREEN 6.38	0.8642	0.889
# SCREEN 7.12	1.2263	0.756
# SCREEN 7.88	1.8012	0.577
# SCREEN 8.62	2.0143	0.372
# SCREEN 9.38	0.9080	0.178
# SCREEN 10.12	1.7260	0.040
# SCREEN 10.88	0.9932	0.002
# SCREEN 11.62	1.3081	0.090
# SCREEN 12.38	3.4004	0.296
# SCREEN 13.12	3.5256	0.568
# SCREEN 13.88	2.2205	0.824
# SCREEN 14.62	2.9007	0.979
# SCREEN 15.38	3.7849	0.979
# SCREEN 16.12	3.5979	0.824
# SCREEN 16.88	2.9551	0.568
# SCREEN 17.62	1.8371	0.296
# SCREEN 18.38	1.4889	0.090
# SCREEN 19.12	1.4408	0.002
# SCREEN 19.88	0.5231	0.040
# SCREEN 20.62	1.5263	0.178
# SCREEN 21.38	1.5085	0.372
# SCREEN 22.12	1.2990	0.577
# SCREEN 22.88	0.7952	0.756
# SCREEN 23.62	1.2133	0.889
# SCREEN 24.38	0.5264	0.969
# SCREEN 25.12	1.2602	0.999
# SCREEN 25.88	2.1105	0.988
# SCREEN 26.62	1.4533	0.945
# SCREEN 27.38	0.4487	0.881
# SCREEN 28.12	0.3839	0.805
# RESULT fringe_visibility_central=0.457 centre_max=3.343 (n=2) first_minima=1.247 (n=6)
# RESULT fringe_visibility_wide=0.093 bright_mean=1.501 (n=14) dark_mean=1.247 (n=6)
# RESULT screen_exposure=58.0353 whichpath_record A=0.0000 B=0.0000
