# cellfab — v89 cell-fabric kernel (no lattice, no prior code)
# cfg seed=20260727 mode=field init=noise
# cfg L=20 dmin=1.25 r0=0.85 rjit=0.06
# cfg C=1 w1=1.65 w2=2.9 q_detune=1.2 gamma_res=0.25 gamma_res_m=0.1 p_gate=8
# cfg lock_floor=0.005
# cfg k_dep=1.2 k_dep_m=2 cap=2.5 e_s0=1 es_floor=0.05
# cfg e_cond=0 f_conv=0.25 f_evap=0.5 s_pull=0.15
# cfg kappa_lock=1 kappa_align=0.5 kappa_freq=0 kappa_reac=0 sigma_tumble=0.01
# cfg space: s_k=0.06 s_disp=0.3 es_gx=0
# cfg dt=0.02 T=40 diag_every=100 snap_every=0
# cfg center=(-1,-1,-1) amp=1 sigma=2.5 k=(0,0,0) prealign=0 noise_amp=0.6
# cfg music: comb_limit=6 rough_k=0.35 gamma_rough=0.5 mob_sym=1 mob_floor=0.004
# cfg field sector: two-component signed amplitude, unitary hops, field_J=1.8
# cfg ledger: mode=3 u=1.000e-12 (cellfabi INT_LEDGER)
# GEOM relax start: NC=3000 contact_floor=1.4400 sweeps=800 k=0.3
# GEOM relax done: residual_close_pairs=4083 (below floor 1.4400)
# GEOM links: NL=8633 dbar=1.4722 sigma_d=0.0511 (3.47%)
# action atom: A0=1.1500 (dbar=1.4722) mode=2 — eps(w)=A0*w/2pi; atoms at mode boundaries, transport continuous
# edge coloring: 11 colors for 8633 links
# fabric: cells=3000 channels=8633 mean_degree=5.76 box=20 dmin=1.25
# LEDGER seed mode=3 u=1.000e-12 E0_int=3914129537093083 NC=3000 NL=8633
# LEDGER seed mode=3 u=1.000e-12 E0_int=3914129537093083 NC=3000 NL=8633
# t	E_space	E_dense	E_field	E_transfer	E_total	rel_drift	live_ch	cm_x	cm_y	cm_z	contain	front_r	r_core	defA	r_far	r_ratio	w_core	w_far
0.000	3000	0	914.129537	0	3914.12953709	0.000e+00	8631	0.000	0.000	0.000	0.000	17.0254	0.8498	0	0.8495	1.0003	1.65000	1.65000	10.0797	9.9751	10.0701	0	0	0	-10.436	-7.3217	-18.011
# CONV t=0.00 cond=0 evap=0 rough=0 back_s=0
# LEDGER t=0.000 mode=3 sum_err=0 max|E-iEu|=4.999e-13 run_max_diff=0.000e+00 run_max_sum_err=0 steps=0 E0_int=3914129537093083 sum=3914129537093083
2.000	3000	0	914.129537	0	3914.12953709	-6.855e-15	8631	0.000	0.000	0.000	0.000	17.0254	0.8488	0.65114	0.8495	0.9992	1.65000	1.65000	10.0605	9.9484	10.0394	0	0	0	-6.3302	-16.727	-1.9914
# CONV t=2.00 cond=0 evap=0 rough=0 back_s=0
# LEDGER t=2.000 mode=3 sum_err=0 max|E-iEu|=4.999e-13 run_max_diff=1.496e-12 run_max_sum_err=0 steps=100 E0_int=3914129537093083 sum=3914129537093083
4.000	3000	0	914.129537	0	3914.12953709	-3.369e-15	8631	0.000	0.000	0.000	0.000	17.0254	0.8488	2.6281	0.8495	0.9992	1.65000	1.65000	10.0697	9.9233	10.0602	0	0	0	4.9486	-12.596	14.06
# CONV t=4.00 cond=0 evap=0 rough=0 back_s=0
# LEDGER t=4.000 mode=3 sum_err=0 max|E-iEu|=4.998e-13 run_max_diff=1.498e-12 run_max_sum_err=0 steps=200 E0_int=3914129537093083 sum=3914129537093083
# QATOM t=5.04 dir=FD w=1.65 e=0.301996504517
6.000	2999.5923	3.12530011	911.411569	0.000363716632	3914.12953709	-8.249e-15	8631	8.401	12.425	10.621	0.222	17.0254	0.8491	4.8041	0.8495	0.9995	1.65000	1.64941	10.0945	9.8778	10.0677	-0.00014643	9.9282e-05	6.3474e-05	2.1333	-18.861	-2.9728
# CONV t=6.00 cond=2.71797 evap=0 rough=0 back_s=0
# LEDGER t=6.000 mode=3 sum_err=0 max|E-iEu|=4.999e-13 run_max_diff=1.498e-12 run_max_sum_err=0 steps=300 E0_int=3914129537093083 sum=3914129537093083
8.000	2998.77691	9.36908087	905.975631	0.00791059863	3914.12953709	-3.485e-15	8630	9.897	11.173	9.438	0.148	17.0254	0.8487	9.4955	0.8494	0.9991	1.65000	1.64766	10.0594	9.8616	10.0616	-0.0020169	0.00064681	-0.0018104	-22.88	2.0814	3.961
# CONV t=8.00 cond=8.15391 evap=0 rough=0 back_s=0
# LEDGER t=8.000 mode=3 sum_err=0 max|E-iEu|=4.999e-13 run_max_diff=1.500e-12 run_max_sum_err=0 steps=400 E0_int=3914129537093083 sum=3914129537093083
10.000	2997.96153	15.6093822	900.539712	0.0189168416	3914.12953709	-1.975e-15	8629	10.556	10.604	9.661	0.200	17.0254	0.8471	13.703	0.8493	0.9974	1.63822	1.64648	10.0125	9.8638	10.0750	-0.0019037	0.0010602	0.0010331	-5.4886	-5.2851	-2.5094
# CONV t=10.00 cond=13.5898 evap=0 rough=0 back_s=0
# LEDGER t=10.000 mode=3 sum_err=0 max|E-iEu|=5.000e-13 run_max_diff=1.500e-12 run_max_sum_err=0 steps=500 E0_int=3914129537093083 sum=3914129537093083
# QATOM t=10.28 dir=FD w=1.65 e=0.301996504517
# QATOM t=11.68 dir=FD w=1.65 e=0.301996504247
12.000	2994.65467	40.907629	878.494003	0.0732356064	3914.12953709	-2.905e-15	8628	10.063	9.919	10.082	0.152	17.0254	0.8471	27.136	0.8490	0.9977	1.63828	1.64180	10.0270	9.8751	10.0326	0.0089978	-0.0035503	0.019916	-1.0034	6.0221	-22.11
# CONV t=12.00 cond=35.6355 evap=0 rough=0 back_s=0
# LEDGER t=12.000 mode=3 sum_err=0 max|E-iEu|=4.999e-13 run_max_diff=1.500e-12 run_max_sum_err=0 steps=600 E0_int=3914129537093083 sum=3914129537093083
# QATOM t=12.70 dir=FD w=1.65 e=0.301996504507
14.000	2991.17925	67.3744221	855.324516	0.251352442	3914.12953709	-9.062e-15	8623	9.687	9.599	10.039	0.129	17.0254	0.8466	43.414	0.8487	0.9976	1.62651	1.63631	10.0627	9.9244	9.9967	0.043932	0.053996	-0.0095316	14.751	15.407	-18.262
# CONV t=14.00 cond=58.805 evap=0 rough=0 back_s=0
# LEDGER t=14.000 mode=3 sum_err=0 max|E-iEu|=4.999e-13 run_max_diff=1.500e-12 run_max_sum_err=0 steps=700 E0_int=3914129537093083 sum=3914129537093083
# QATOM t=14.16 dir=FD w=1.6499653 e=0.301990153867
# QATOM t=15.20 dir=FD w=1.64994391 e=0.301986237575
# QATOM t=15.94 dir=FD w=1.64999445 e=0.301995488732
16.000	2985.88591	107.515139	820.035631	0.692853974	3914.12953709	-2.440e-15	8621	9.948	9.683	9.793	0.132	17.0254	0.8468	68.243	0.8481	0.9984	1.62657	1.62675	10.0650	9.9374	9.9842	0.069244	-0.058942	-0.14255	-3.8537	0.77003	-26.777
# CONV t=16.00 cond=94.0939 evap=0 rough=0 back_s=0
# LEDGER t=16.000 mode=3 sum_err=0 max|E-iEu|=4.998e-13 run_max_diff=1.500e-12 run_max_sum_err=0 steps=800 E0_int=3914129537093083 sum=3914129537093083
# QATOM t=16.54 dir=FD w=1.6499999 e=0.301996486469
# QATOM t=17.14 dir=FD w=1.64999676 e=0.301995911004
# QATOM t=17.86 dir=FD w=1.64999919 e=0.301996356133
18.000	2979.20113	158.091846	775.470376	1.36618892	3914.12953709	-1.859e-15	8618	10.113	9.809	10.141	0.122	17.0254	0.8471	97.422	0.8475	0.9995	1.62655	1.61602	10.0449	9.9298	9.9047	0.0053068	-0.078897	-0.031073	2.61	6.5117	13.472
# CONV t=18.00 cond=138.659 evap=0 rough=0 back_s=0
# LEDGER t=18.000 mode=3 sum_err=0 max|E-iEu|=5.000e-13 run_max_diff=1.500e-12 run_max_sum_err=0 steps=900 E0_int=3914129537093083 sum=3914129537093083
# QATOM t=18.76 dir=FD w=1.64999902 e=0.3019963245
# QATOM t=19.72 dir=FD w=1.4227435 e=0.260402159692
20.000	2973.5194	200.86303	737.592216	2.15488854	3914.12953709	-7.784e-15	8615	10.007	9.787	10.156	0.115	17.0254	0.8465	122.23	0.8470	0.9995	1.61474	1.60655	10.0914	9.9666	9.9250	-0.060084	-0.059587	-0.0095146	7.7936	4.2305	10.899
# CONV t=20.00 cond=176.537 evap=0 rough=0 back_s=0
# LEDGER t=20.000 mode=3 sum_err=0 max|E-iEu|=4.998e-13 run_max_diff=1.500e-12 run_max_sum_err=0 steps=1000 E0_int=3914129537093083 sum=3914129537093083
# QATOM t=20.26 dir=FD w=1.64999645 e=0.301995854739
# QATOM t=20.92 dir=FD w=1.64999962 e=0.301996435846
# QATOM t=21.66 dir=FD w=1.64999285 e=0.301995196052
22.000	2966.98037	250.632223	693.998687	2.51825524	3914.12953709	-1.197e-14	8615	10.154	9.770	10.219	0.115	17.0254	0.8467	152.46	0.8462	1.0006	1.61473	1.59353	10.0776	9.9772	9.8889	0.043098	0.08895	0.034345	12.988	-2.4262	5.1791
# CONV t=22.00 cond=220.131 evap=0 rough=0 back_s=0
# LEDGER t=22.000 mode=3 sum_err=0 max|E-iEu|=4.999e-13 run_max_diff=1.500e-12 run_max_sum_err=0 steps=1100 E0_int=3914129537093083 sum=3914129537093083
# QATOM t=22.24 dir=FD w=1.64914072 e=0.301839232266
# QATOM t=22.94 dir=FD w=1.64988138 e=0.301974793296
# QATOM t=23.50 dir=FD w=1.41444359 e=0.258883042332
24.000	2959.76532	304.289451	645.898342	4.17642308	3914.12953709	-1.975e-15	8614	10.085	9.673	10.046	0.114	17.0254	0.8456	185.15	0.8455	1.0002	1.59109	1.58143	10.0984	10.0335	9.9716	0.17447	0.04372	-0.3226	-9.3208	2.7781	7.7501
# CONV t=24.00 cond=268.231 evap=0 rough=0 back_s=0
# LEDGER t=24.000 mode=3 sum_err=0 max|E-iEu|=4.999e-13 run_max_diff=1.500e-12 run_max_sum_err=0 steps=1200 E0_int=3914129537093083 sum=3914129537093083
# QATOM t=24.10 dir=FD w=1.64966272 e=0.301934773648
# QATOM t=24.78 dir=FD w=1.41668166 e=0.518585345933
# QATOM t=25.62 dir=FD w=1.40296007 e=0.256781234876
26.000	2953.50296	351.347027	604.149247	5.13030629	3914.12953709	2.905e-15	8613	10.137	9.649	9.982	0.112	17.0254	0.8463	213.88	0.8449	1.0017	1.59082	1.57126	10.0508	10.0733	10.0083	-0.069806	-0.033479	-0.19198	1.2341	3.7617	-1.2669
# CONV t=26.00 cond=309.98 evap=0 rough=0 back_s=0
# LEDGER t=26.000 mode=3 sum_err=0 max|E-iEu|=4.999e-13 run_max_diff=1.500e-12 run_max_sum_err=0 steps=1300 E0_int=3914129537093083 sum=3914129537093083
# QATOM t=26.30 dir=FD w=1.64992406 e=0.301982605714
# QATOM t=27.08 dir=FD w=1.64776512 e=0.301587458436
# QATOM t=27.72 dir=FD w=1.64918854 e=0.301847985111
28.000	2947.15339	399.518883	561.818792	5.63847395	3914.12953709	-4.647e-15	8611	10.109	9.748	9.961	0.112	17.0254	0.8460	243.38	0.8442	1.0021	1.57988	1.56057	10.0468	10.0331	10.0159	0.087361	0.015169	-0.052213	-12.809	0.41742	-0.64175
# CONV t=28.00 cond=352.311 evap=0 rough=0 back_s=0
# LEDGER t=28.000 mode=3 sum_err=0 max|E-iEu|=4.999e-13 run_max_diff=1.500e-12 run_max_sum_err=0 steps=1400 E0_int=3914129537093083 sum=3914129537093083
# QATOM t=28.50 dir=FD w=1.64988876 e=0.301976144673
# QATOM t=29.32 dir=FD w=1.64923186 e=0.301855913753
30.000	2941.98687	438.823942	527.375349	5.94337437	3914.12953709	-4.880e-15	8610	10.110	9.746	9.938	0.109	17.0254	0.8460	266.86	0.8437	1.0027	1.56865	1.55232	10.0200	10.0586	10.0441	0.26647	0.10151	-0.13444	-2.5747	-3.284	4.9497
# CONV t=30.00 cond=386.754 evap=0 rough=0 back_s=0
# LEDGER t=30.000 mode=3 sum_err=0 max|E-iEu|=4.995e-13 run_max_diff=1.500e-12 run_max_sum_err=0 steps=1500 E0_int=3914129537093083 sum=3914129537093083
# QATOM t=30.24 dir=FD w=1.64970679 e=0.301942837925
# QATOM t=31.18 dir=FD w=1.23867754 e=0.226712901336
32.000	2937.48134	472.258882	497.338497	7.0508146	3914.12953709	-4.763e-15	8607	10.077	9.734	9.929	0.107	17.0254	0.8453	287.58	0.8433	1.0024	1.55815	1.54496	10.0347	10.0887	10.0584	0.17257	0.046832	0.15235	-9.4206	0.8929	-0.73209
# CONV t=32.00 cond=416.791 evap=0 rough=0 back_s=0
# LEDGER t=32.000 mode=3 sum_err=0 max|E-iEu|=4.994e-13 run_max_diff=1.500e-12 run_max_sum_err=0 steps=1600 E0_int=3914129537093083 sum=3914129537093083
# QATOM t=32.18 dir=FD w=1.41110953 e=0.258272816346
# QATOM t=33.02 dir=FD w=1.27042569 e=0.232523708445
34.000	2932.92242	508.152799	466.94565	6.10867163	3914.12953709	-4.763e-15	8606	10.105	9.809	9.828	0.105	17.0254	0.8450	308.54	0.8429	1.0024	1.55876	1.53830	9.9811	10.0492	10.1290	0.16965	0.073665	-0.052275	-1.8852	1.1727	-16.063
# CONV t=34.00 cond=447.184 evap=0 rough=0 back_s=0
# LEDGER t=34.000 mode=3 sum_err=0 max|E-iEu|=4.997e-13 run_max_diff=1.500e-12 run_max_sum_err=0 steps=1700 E0_int=3914129537093083 sum=3914129537093083
# QATOM t=34.08 dir=FD w=1.64977548 e=0.301955410483
# QATOM t=35.16 dir=FD w=1.64730196 e=0.301502686404
36.000	2928.66128	539.682316	438.538057	7.24788581	3914.12953709	1.510e-15	8603	10.101	9.801	9.838	0.103	17.0254	0.8450	327.59	0.8424	1.0030	1.55908	1.53024	9.9860	10.0635	10.1059	-0.082448	-0.0075724	0.11364	-0.71443	2.6718	-9.6379
# CONV t=36.00 cond=475.591 evap=0 rough=0 back_s=0
# LEDGER t=36.000 mode=3 sum_err=0 max|E-iEu|=4.998e-13 run_max_diff=1.500e-12 run_max_sum_err=0 steps=1800 E0_int=3914129537093083 sum=3914129537093083
# QATOM t=36.16 dir=FD w=1.64703553 e=0.301453922836
# QATOM t=37.08 dir=FD w=1.64941318 e=0.301889100239
38.000	2924.38015	571.770259	409.997179	7.98195317	3914.12953709	9.294e-16	8603	10.069	9.786	9.857	0.107	17.0254	0.8454	346.57	0.8421	1.0039	1.55901	1.52472	10.0177	10.1086	10.0671	0.24435	-0.09309	-0.10692	-5.4734	-5.6676	-7.0195
# CONV t=38.00 cond=504.132 evap=0 rough=0 back_s=0
# LEDGER t=38.000 mode=3 sum_err=0 max|E-iEu|=5.000e-13 run_max_diff=1.500e-12 run_max_sum_err=0 steps=1900 E0_int=3914129537093083 sum=3914129537093083
# QATOM t=38.26 dir=FD w=1.47724732 e=0.270377894451
# QATOM t=39.74 dir=FD w=1.41872053 e=0.259665842177
40.000	2921.4769	593.110633	390.642181	8.89982573	3914.12953709	9.294e-16	8603	10.033	9.794	9.837	0.107	17.0254	0.8454	359.34	0.8418	1.0043	1.55910	1.52039	10.0173	10.0707	10.1007	0.050912	0.029112	0.16472	-5.8235	-5.9097	3.1919
# CONV t=40.00 cond=523.487 evap=0 rough=0 back_s=0
# LEDGER t=40.000 mode=3 sum_err=0 max|E-iEu|=4.999e-13 run_max_diff=1.500e-12 run_max_sum_err=0 steps=2000 E0_int=3914129537093083 sum=3914129537093083
# RESULT es_shells 0.62:1.0132 1.88:0.9842 3.12:0.9771 4.38:0.9672 5.62:0.9802 6.88:0.9725 8.12:0.9716 9.38:0.9731
# RESULT LEDGER mode=3 E0_int=3914129537093083 sum_int=3914129537093083 max_sum_err=0 max|E-iEu|=1.500e-12 steps=2000
# RESULT conservation E0=3914.12953709 Efinal=3914.12953709 rel_drift=9.294e-16
# RESULT roughness_radiated=0 (dissonant dense deliveries converted to field, conserved)
# RESULT curvature_fit defA_per_Em=0.60227 r2=0.9999 (linear defect ~ converted energy)
