# cellfab — v89 cell-fabric kernel (no lattice, no prior code)
# cfg seed=20260727 mode=field init=noise
# cfg L=20 dmin=1.25 r0=0.85 rjit=0.06
# cfg C=1 w1=1.65 w2=2.9 q_detune=1.2 gamma_res=0.25 gamma_res_m=0.1 p_gate=8
# cfg lock_floor=0.005
# cfg k_dep=1.2 k_dep_m=2 cap=2.5 e_s0=1 es_floor=0.05
# cfg e_cond=0 f_conv=0.25 f_evap=0.5 s_pull=0.15
# cfg kappa_lock=1 kappa_align=0.5 kappa_freq=0 kappa_reac=0 sigma_tumble=0.01
# cfg space: s_k=0.06 s_disp=0.3 es_gx=0
# cfg dt=0.02 T=40 diag_every=100 snap_every=0
# cfg center=(-1,-1,-1) amp=1 sigma=2.5 k=(0,0,0) prealign=0 noise_amp=0.6
# cfg music: comb_limit=6 rough_k=0.35 gamma_rough=0.5 mob_sym=1 mob_floor=0.004
# cfg field sector: two-component signed amplitude, unitary hops, field_J=1.8
# cfg ledger: mode=3 u=1.000e-12 (cellfabi INT_LEDGER)
# GEOM relax start: NC=3000 contact_floor=1.5200 sweeps=800 k=0.3
# GEOM relax done: residual_close_pairs=6671 (below floor 1.5200)
# GEOM links: NL=10796 dbar=1.5453 sigma_d=0.0471 (3.05%)
# action atom: A0=1.1500 (dbar=1.5453) mode=2 — eps(w)=A0*w/2pi; atoms at mode boundaries, transport continuous
# edge coloring: 14 colors for 10796 links
# fabric: cells=3000 channels=10796 mean_degree=7.20 box=20 dmin=1.25
# LEDGER seed mode=3 u=1.000e-12 E0_int=3914129537093083 NC=3000 NL=10796
# LEDGER seed mode=3 u=1.000e-12 E0_int=3914129537093083 NC=3000 NL=10796
# t	E_space	E_dense	E_field	E_transfer	E_total	rel_drift	live_ch	cm_x	cm_y	cm_z	contain	front_r	r_core	defA	r_far	r_ratio	w_core	w_far
0.000	3000	0	914.129537	0	3914.12953709	0.000e+00	10548	0.000	0.000	0.000	0.000	17.2545	0.8491	0	0.8496	0.9994	1.65000	1.65000	10.0755	9.9567	10.0642	0	0	0	-7.8435	5.2262	-23.755
# CONV t=0.00 cond=0 evap=0 rough=0 back_s=0
# LEDGER t=0.000 mode=3 sum_err=0 max|E-iEu|=4.999e-13 run_max_diff=0.000e+00 run_max_sum_err=0 steps=0 E0_int=3914129537093083 sum=3914129537093083
2.000	3000	0	914.129537	0	3914.12953709	-5.925e-15	10544	0.000	0.000	0.000	0.000	17.1196	0.8489	0.98187	0.8496	0.9992	1.65000	1.65000	10.0448	9.9760	10.0075	0	0	0	-25.73	3.1683	-14.199
# CONV t=2.00 cond=0 evap=0 rough=0 back_s=0
# LEDGER t=2.000 mode=3 sum_err=0 max|E-iEu|=4.998e-13 run_max_diff=1.497e-12 run_max_sum_err=0 steps=100 E0_int=3914129537093083 sum=3914129537093083
4.000	3000	0	914.129537	0	3914.12953709	-8.133e-15	10541	0.000	0.000	0.000	0.000	17.2545	0.8494	1.5808	0.8496	0.9998	1.65000	1.65000	10.0084	9.9755	9.9896	0	0	0	-0.32071	-1.7311	-2.8045
# CONV t=4.00 cond=0 evap=0 rough=0 back_s=0
# LEDGER t=4.000 mode=3 sum_err=0 max|E-iEu|=4.999e-13 run_max_diff=1.497e-12 run_max_sum_err=0 steps=200 E0_int=3914129537093083 sum=3914129537093083
# QATOM t=5.40 dir=FD w=1.65 e=0.301996504517
6.000	2999.54701	3.47262257	911.109572	0.000337228257	3914.12953709	-3.718e-15	10540	11.173	7.074	8.884	0.100	17.1196	0.8493	5.4296	0.8496	0.9997	1.65000	1.64943	10.0163	9.9866	9.9788	-3.5985e-05	-8.9221e-06	0.00012769	5.6769	-10.547	0.23929
# CONV t=6.00 cond=3.01997 evap=0 rough=0 back_s=0
# LEDGER t=6.000 mode=3 sum_err=0 max|E-iEu|=4.999e-13 run_max_diff=1.499e-12 run_max_sum_err=0 steps=300 E0_int=3914129537093083 sum=3914129537093083
8.000	2998.45982	11.799474	903.861665	0.00857893286	3914.12953709	-4.066e-15	10538	9.936	8.005	9.979	0.118	17.2545	0.8488	10.968	0.8495	0.9992	1.64999	1.64744	10.0332	9.9732	9.9716	0.0022022	0.0014701	0.00071483	-4.9944	-4.0764	1.3389
# CONV t=8.00 cond=10.2679 evap=0 rough=0 back_s=0
# LEDGER t=8.000 mode=3 sum_err=0 max|E-iEu|=4.999e-13 run_max_diff=1.499e-12 run_max_sum_err=0 steps=400 E0_int=3914129537093083 sum=3914129537093083
# QATOM t=9.38 dir=FD w=1.64999962 e=0.301996435514
10.000	2997.55383	18.7129356	897.821735	0.0410365618	3914.12953709	1.162e-16	10535	9.807	8.103	10.543	0.111	17.2545	0.8490	15.88	0.8494	0.9995	1.64999	1.64601	10.0188	9.9949	9.9680	0.016714	0.0094187	0.0063724	-9.6227	2.086	-0.86151
# CONV t=10.00 cond=16.3078 evap=0 rough=0 back_s=0
# LEDGER t=10.000 mode=3 sum_err=0 max|E-iEu|=4.999e-13 run_max_diff=1.499e-12 run_max_sum_err=0 steps=500 E0_int=3914129537093083 sum=3914129537093083
# QATOM t=11.34 dir=FD w=1.65 e=0.301996504517
12.000	2993.46386	50.0055583	870.555279	0.104838031	3914.12953709	-3.834e-15	10521	9.786	8.445	9.741	0.111	17.2545	0.8486	37.413	0.8490	0.9995	1.64998	1.63880	10.0038	10.0500	9.9775	-0.037681	0.014334	-0.0039994	-6.0402	10.827	-3.5252
# CONV t=12.00 cond=43.5743 evap=0 rough=0 back_s=0
# LEDGER t=12.000 mode=3 sum_err=0 max|E-iEu|=4.996e-13 run_max_diff=1.499e-12 run_max_sum_err=0 steps=600 E0_int=3914129537093083 sum=3914129537093083
# QATOM t=12.10 dir=FD w=1.64999985 e=0.301996477148
# QATOM t=13.12 dir=FD w=1.65 e=0.301996503909
14.000	2989.72986	78.2754469	845.661931	0.462300183	3914.12953709	-4.647e-15	10517	9.808	9.037	9.954	0.100	17.2545	0.8488	58.152	0.8487	1.0000	1.64997	1.63361	10.0147	10.0773	9.9714	-0.004206	0.063591	0.064882	11.759	10.066	-0.223
# CONV t=14.00 cond=68.4676 evap=0 rough=0 back_s=0
# LEDGER t=14.000 mode=3 sum_err=0 max|E-iEu|=4.998e-13 run_max_diff=1.499e-12 run_max_sum_err=0 steps=700 E0_int=3914129537093083 sum=3914129537093083
# QATOM t=14.86 dir=FD w=1.64999981 e=0.30199647059
# QATOM t=15.70 dir=FD w=1.64759707 e=0.30155670129
16.000	2985.69839	108.903983	818.785451	0.741715936	3914.12953709	2.556e-15	10507	9.892	9.109	10.061	0.106	17.2545	0.8476	80.386	0.8484	0.9991	1.62853	1.62732	10.0285	10.1033	9.9497	-0.0087264	0.0082879	0.053732	-6.7453	-5.0177	5.5515
# CONV t=16.00 cond=95.3441 evap=0 rough=0 back_s=0
# LEDGER t=16.000 mode=3 sum_err=0 max|E-iEu|=5.000e-13 run_max_diff=1.499e-12 run_max_sum_err=0 steps=800 E0_int=3914129537093083 sum=3914129537093083
# QATOM t=16.50 dir=FD w=1.64993938 e=0.301985409631
# QATOM t=17.30 dir=FD w=1.64999894 e=0.30199631088
18.000	2979.81633	153.698115	779.571718	1.0433774	3914.12953709	-7.087e-15	10504	9.808	9.584	9.984	0.103	17.2545	0.8458	112.91	0.8478	0.9976	1.60708	1.61708	10.0361	10.0609	9.9559	0.11058	0.06346	-0.014061	-0.10493	2.3332	-8.2603
# CONV t=18.00 cond=134.558 evap=0 rough=0 back_s=0
# LEDGER t=18.000 mode=3 sum_err=0 max|E-iEu|=4.999e-13 run_max_diff=1.499e-12 run_max_sum_err=0 steps=900 E0_int=3914129537093083 sum=3914129537093083
# QATOM t=18.08 dir=FD w=1.64780054 e=0.301593940913
# QATOM t=18.78 dir=FD w=1.64997719 e=0.30199232983
# QATOM t=19.86 dir=FD w=1.64976241 e=0.301953018918
20.000	2974.576	193.374824	744.636198	1.54251599	3914.12953709	-1.510e-15	10492	9.880	9.569	9.910	0.103	17.1196	0.8462	140.41	0.8472	0.9987	1.60818	1.60761	10.0329	10.0894	9.9361	-0.029143	-0.13138	0.09947	1.5828	-1.982	-6.0872
# CONV t=20.00 cond=169.493 evap=0 rough=0 back_s=0
# LEDGER t=20.000 mode=3 sum_err=0 max|E-iEu|=4.996e-13 run_max_diff=1.499e-12 run_max_sum_err=0 steps=1000 E0_int=3914129537093083 sum=3914129537093083
# QATOM t=20.56 dir=FD w=1.64999603 e=0.301995778242
# QATOM t=21.28 dir=FD w=1.64997416 e=0.30199177471
# QATOM t=21.94 dir=FD w=1.41473763 e=0.258936859439
22.000	2967.94778	243.243187	700.448052	2.49052109	3914.12953709	-8.597e-15	10480	10.040	9.616	9.962	0.109	17.2545	0.8469	175.1	0.8466	1.0003	1.60875	1.59721	9.9928	10.0962	9.9297	0.089851	-0.18953	0.0020926	-3.7582	7.7884	2.9703
# CONV t=22.00 cond=213.681 evap=0 rough=0 back_s=0
# LEDGER t=22.000 mode=3 sum_err=0 max|E-iEu|=5.000e-13 run_max_diff=1.499e-12 run_max_sum_err=0 steps=1100 E0_int=3914129537093083 sum=3914129537093083
# QATOM t=22.48 dir=FD w=1.64999303 e=0.301995228548
# QATOM t=23.22 dir=FD w=1.64998943 e=0.301994570037
# QATOM t=23.82 dir=FD w=1.64918524 e=0.301847379938
24.000	2960.83931	297.330729	653.058265	2.90123331	3914.12953709	1.278e-15	10471	9.994	9.811	9.928	0.103	17.2545	0.8458	212.2	0.8459	0.9999	1.58648	1.58475	9.9815	10.0782	9.9608	-0.094816	-0.098382	-0.11218	-9.202	5.8853	2.5596
# CONV t=24.00 cond=261.071 evap=0 rough=0 back_s=0
# LEDGER t=24.000 mode=3 sum_err=0 max|E-iEu|=4.998e-13 run_max_diff=1.499e-12 run_max_sum_err=0 steps=1200 E0_int=3914129537093083 sum=3914129537093083
# QATOM t=24.44 dir=FD w=1.64820697 e=0.301668328957
# QATOM t=25.12 dir=FD w=1.64999367 e=0.301995346334
# QATOM t=25.82 dir=FD w=1.64956097 e=0.301916150519
26.000	2954.10066	348.850168	608.133964	3.04474048	3914.12953709	-1.859e-15	10458	9.908	9.855	9.971	0.111	17.2545	0.8449	248.77	0.8453	0.9995	1.57516	1.57467	9.9971	10.0869	9.9407	-0.24673	-0.0079718	-0.27073	-2.5021	2.5358	-0.95269
# CONV t=26.00 cond=305.996 evap=0 rough=0 back_s=0
# LEDGER t=26.000 mode=3 sum_err=0 max|E-iEu|=4.999e-13 run_max_diff=1.499e-12 run_max_sum_err=0 steps=1300 E0_int=3914129537093083 sum=3914129537093083
# QATOM t=26.56 dir=FD w=1.64991601 e=0.301981131245
# QATOM t=27.16 dir=FD w=1.64990863 e=0.301979781886
# QATOM t=27.80 dir=FD w=1.64882881 e=0.301782142971
28.000	2947.26613	400.524311	562.570383	3.7687163	3914.12953709	5.809e-16	10438	9.941	9.929	10.017	0.116	17.2545	0.8434	286.49	0.8447	0.9985	1.55262	1.56430	9.9697	10.0768	9.9273	-0.039747	-0.20472	0.040743	-0.52884	1.3313	8.4604
# CONV t=28.00 cond=351.559 evap=0 rough=0 back_s=0
# LEDGER t=28.000 mode=3 sum_err=0 max|E-iEu|=4.996e-13 run_max_diff=1.499e-12 run_max_sum_err=0 steps=1400 E0_int=3914129537093083 sum=3914129537093083
# QATOM t=28.44 dir=FD w=1.64992887 e=0.301983485977
# QATOM t=28.98 dir=FD w=1.41517559 e=0.259017018421
30.000	2941.50495	443.786572	524.162559	4.67545287	3914.12953709	-6.158e-15	10418	9.862	9.953	9.921	0.117	17.2545	0.8427	316.69	0.8441	0.9983	1.54206	1.55455	10.0270	10.0657	9.9881	-0.24319	-0.13615	-0.064505	0.79659	1.5641	-5.1133
# CONV t=30.00 cond=389.967 evap=0 rough=0 back_s=0
# LEDGER t=30.000 mode=3 sum_err=0 max|E-iEu|=4.997e-13 run_max_diff=1.499e-12 run_max_sum_err=0 steps=1500 E0_int=3914129537093083 sum=3914129537093083
# QATOM t=30.02 dir=FD w=1.6483724 e=0.301698608021
# QATOM t=30.82 dir=FD w=1.64969321 e=0.301940353062
# QATOM t=31.66 dir=FD w=1.64971308 e=0.301943990826
32.000	2936.30088	483.729975	489.468729	4.62995447	3914.12953709	-1.046e-15	10409	9.829	9.914	9.923	0.118	17.2545	0.8429	345.26	0.8435	0.9993	1.54336	1.54578	10.0791	10.1089	9.9914	-0.13798	0.11165	0.070883	-0.55199	-0.46395	2.8314
# CONV t=32.00 cond=424.661 evap=0 rough=0 back_s=0
# LEDGER t=32.000 mode=3 sum_err=0 max|E-iEu|=4.996e-13 run_max_diff=1.499e-12 run_max_sum_err=0 steps=1600 E0_int=3914129537093083 sum=3914129537093083
# QATOM t=32.52 dir=FD w=1.42312358 e=0.260471724543
# QATOM t=33.36 dir=FD w=1.40020239 e=0.256276501065
34.000	2931.35245	520.480471	456.47923	5.81738203	3914.12953709	-7.552e-15	10406	9.860	9.997	9.954	0.117	17.2545	0.8428	371.68	0.8430	0.9998	1.54653	1.53669	10.0709	10.0331	9.9699	0.21168	0.082843	0.063085	3.4774	-6.0303	4.9386
# CONV t=34.00 cond=457.65 evap=0 rough=0 back_s=0
# LEDGER t=34.000 mode=3 sum_err=0 max|E-iEu|=5.000e-13 run_max_diff=1.499e-12 run_max_sum_err=0 steps=1700 E0_int=3914129537093083 sum=3914129537093083
# QATOM t=34.34 dir=FD w=1.64923042 e=0.30185564955
# QATOM t=35.32 dir=FD w=1.64951117 e=0.30190703441
36.000	2927.56423	549.563754	431.224436	5.77711183	3914.12953709	-2.440e-15	10393	9.848	10.001	9.887	0.115	17.2545	0.8424	391.67	0.8426	0.9997	1.53840	1.53071	10.1058	10.0042	10.0624	0.13314	0.089362	0.11322	1.8209	-4.462	1.4347
# CONV t=36.00 cond=482.905 evap=0 rough=0 back_s=0
# LEDGER t=36.000 mode=3 sum_err=0 max|E-iEu|=4.999e-13 run_max_diff=1.499e-12 run_max_sum_err=0 steps=1800 E0_int=3914129537093083 sum=3914129537093083
# QATOM t=36.44 dir=FD w=1.64556333 e=0.301184468515
# QATOM t=37.44 dir=FD w=1.64824729 e=0.301675709973
38.000	2922.95373	584.992173	400.487759	5.69587229	3914.12953709	-9.875e-15	10379	9.899	9.966	9.901	0.114	17.2545	0.8425	416.86	0.8422	1.0004	1.53937	1.52323	10.0714	10.0422	10.0616	-0.10187	-0.010481	-0.19573	-2.2782	-1.3526	-1.527
# CONV t=38.00 cond=513.642 evap=0 rough=0 back_s=0
# LEDGER t=38.000 mode=3 sum_err=0 max|E-iEu|=4.998e-13 run_max_diff=1.499e-12 run_max_sum_err=0 steps=1900 E0_int=3914129537093083 sum=3914129537093083
# QATOM t=38.82 dir=FD w=1.4226544 e=0.260385852267
# QATOM t=39.86 dir=FD w=1.64888338 e=0.301792131503
40.000	2919.66081	610.069522	378.53496	5.86424109	3914.12953709	-2.905e-15	10364	9.900	10.020	9.926	0.114	17.2545	0.8423	434.27	0.8419	1.0005	1.53186	1.51858	10.0578	9.9449	10.0376	-0.025364	-0.18938	-0.16317	-3.1202	1.6573	2.1599
# CONV t=40.00 cond=535.595 evap=0 rough=0 back_s=0
# LEDGER t=40.000 mode=3 sum_err=0 max|E-iEu|=4.998e-13 run_max_diff=1.499e-12 run_max_sum_err=0 steps=2000 E0_int=3914129537093083 sum=3914129537093083
# RESULT es_shells 0.62:0.9502 1.88:0.9794 3.12:0.9740 4.38:0.9806 5.62:0.9653 6.88:0.9719 8.12:0.9723 9.38:0.9725
# RESULT LEDGER mode=3 E0_int=3914129537093083 sum_int=3914129537093083 max_sum_err=0 max|E-iEu|=1.499e-12 steps=2000
# RESULT conservation E0=3914.12953709 Efinal=3914.12953709 rel_drift=-2.905e-15
# RESULT roughness_radiated=0 (dissonant dense deliveries converted to field, conserved)
# RESULT curvature_fit defA_per_Em=0.70903 r2=1.0000 (linear defect ~ converted energy)
