# cellfab — v89 cell-fabric kernel (no lattice, no prior code)
# cfg seed=20260727 mode=field init=pulse
# cfg L=24 dmin=1.25 r0=0.85 rjit=0.06
# cfg C=1 w1=1.65 w2=2.9 q_detune=1.2 gamma_res=0.25 gamma_res_m=0.1 p_gate=8
# cfg lock_floor=0.005
# cfg k_dep=1.2 k_dep_m=2 cap=2.5 e_s0=1 es_floor=0.05
# cfg e_cond=0 f_conv=0.25 f_evap=0.5 s_pull=0.15
# cfg kappa_lock=1 kappa_align=0.5 kappa_freq=0 kappa_reac=0 sigma_tumble=0.01
# cfg space: s_k=0.06 s_disp=0.3 es_gx=0
# cfg dt=0.02 T=60 diag_every=100 snap_every=0
# cfg center=(-1,-1,-1) amp=2.6 sigma=2.5 k=(0,0,0) prealign=0 noise_amp=0
# cfg music: comb_limit=6 rough_k=0.35 gamma_rough=0.5 mob_sym=1 mob_floor=0.004
# cfg field sector: two-component signed amplitude, unitary hops, field_J=1.8
# cfg ledger: mode=3 u=1.000e-12 (cellfabi INT_LEDGER)
# GEOM relax start: NC=5039 contact_floor=1.5200 sweeps=800 k=0.3
# GEOM relax done: residual_close_pairs=11233 (below floor 1.5200)
# GEOM links: NL=18353 dbar=1.5449 sigma_d=0.0464 (3.01%)
# action atom: A0=1.1500 (dbar=1.5449) mode=2 — eps(w)=A0*w/2pi; atoms at mode boundaries, transport continuous
# edge coloring: 14 colors for 18353 links
# fabric: cells=5039 channels=18353 mean_degree=7.28 box=24 dmin=1.25
# LEDGER seed mode=3 u=1.000e-12 E0_int=5247462536995813 NC=5039 NL=18353
# LEDGER seed mode=3 u=1.000e-12 E0_int=5247462536995813 NC=5039 NL=18353
# t	E_space	E_dense	E_field	E_transfer	E_total	rel_drift	live_ch	cm_x	cm_y	cm_z	contain	front_r	r_core	defA	r_far	r_ratio	w_core	w_far
0.000	5039	0	208.462537	0	5247.462537	0.000e+00	17939	0.000	0.000	0.000	0.000	6.0943	0.8454	0	0.8500	0.9946	1.65000	1.65000	11.9909	12.0004	12.0082	0	0	0	0	0	0
# CONV t=0.00 cond=0 evap=0 rough=0 back_s=0
# LEDGER t=0.000 mode=3 sum_err=0 max|E-iEu|=4.990e-13 run_max_diff=0.000e+00 run_max_sum_err=0 steps=0 E0_int=5247462536995813 sum=5247462536995813
2.000	5039	0	208.462537	0	5247.462537	-2.946e-15	17942	0.000	0.000	0.000	0.000	6.9115	0.8408	1.768	0.8500	0.9892	1.65000	1.65000	11.9873	12.0011	12.0112	0	0	0	-0.19466	1.1858	0.79745
# CONV t=2.00 cond=0 evap=0 rough=0 back_s=0
# LEDGER t=2.000 mode=3 sum_err=0 max|E-iEu|=4.999e-13 run_max_diff=1.498e-12 run_max_sum_err=0 steps=100 E0_int=5247462536995813 sum=5247462536995813
4.000	5039	0	208.462537	0	5247.462537	-1.387e-15	17944	0.000	0.000	0.000	0.000	7.2177	0.8382	3.096	0.8500	0.9861	1.65000	1.65000	11.9853	12.0120	12.0182	0	0	0	-1.2696	2.4893	1.8517
# CONV t=4.00 cond=0 evap=0 rough=0 back_s=0
# LEDGER t=4.000 mode=3 sum_err=0 max|E-iEu|=4.999e-13 run_max_diff=1.498e-12 run_max_sum_err=0 steps=200 E0_int=5247462536995813 sum=5247462536995813
# QATOM t=5.62 dir=FD w=1.65 e=0.301996504517
6.000	5038.8188	1.3881225	207.254551	0.00106141705	5247.462537	4.160e-15	17948	10.732	11.021	12.064	1.000	7.4308	0.8352	5.4965	0.8500	0.9825	1.62380	1.65000	11.9743	12.0297	12.0204	-0.00087042	-0.00045264	3.8586e-05	-1.2624	1.3038	1.4716
# CONV t=6.00 cond=1.20799 evap=0 rough=0 back_s=0
# LEDGER t=6.000 mode=3 sum_err=0 max|E-iEu|=5.000e-13 run_max_diff=1.498e-12 run_max_sum_err=0 steps=300 E0_int=5247462536995813 sum=5247462536995813
8.000	5038.54701	3.4113042	205.442575	0.0616522009	5247.462537	-8.666e-15	17948	11.481	11.108	11.481	1.000	7.9826	0.8327	8.2433	0.8500	0.9797	1.59827	1.65000	11.9596	12.0435	12.0340	0.0012151	-0.041066	0.013222	-1.2728	3.0625	0.82258
# CONV t=8.00 cond=3.01996 evap=0 rough=0 back_s=0
# LEDGER t=8.000 mode=3 sum_err=0 max|E-iEu|=5.000e-13 run_max_diff=1.499e-12 run_max_sum_err=0 steps=400 E0_int=5247462536995813 sum=5247462536995813
10.000	5038.50171	3.74177787	205.140578	0.0784744459	5247.462537	3.813e-15	17948	11.508	11.094	11.435	1.000	8.7614	0.8314	9.3386	0.8500	0.9781	1.58827	1.65000	11.9464	12.0583	12.0458	0.0010593	-0.052411	0.017358	-2.5628	2.6951	2.8517
# CONV t=10.00 cond=3.32196 evap=0 rough=0 back_s=0
# LEDGER t=10.000 mode=3 sum_err=0 max|E-iEu|=4.997e-13 run_max_diff=1.499e-12 run_max_sum_err=0 steps=500 E0_int=5247462536995813 sum=5247462536995813
12.000	5037.68636	9.93496255	199.704961	0.136249309	5247.462537	2.773e-15	17948	11.881	11.114	11.845	1.000	8.9882	0.8299	14.927	0.8500	0.9763	1.56554	1.65000	11.9302	12.1079	12.0527	-0.021658	0.015316	-0.00034722	-1.1299	3.7073	1.7695
# CONV t=12.00 cond=8.75758 evap=0 rough=0 back_s=0
# LEDGER t=12.000 mode=3 sum_err=0 max|E-iEu|=5.000e-13 run_max_diff=1.499e-12 run_max_sum_err=0 steps=600 E0_int=5247462536995813 sum=5247462536995813
14.000	5037.27871	13.0142562	196.987245	0.182329716	5247.462537	-7.973e-15	17949	11.970	11.569	11.771	1.000	9.1054	0.8288	18.76	0.8501	0.9751	1.54179	1.65000	11.9082	12.1249	12.0639	-0.014345	0.0018863	-0.031342	-1.5548	3.8996	1.1169
# CONV t=14.00 cond=11.4753 evap=0 rough=0 back_s=0
# LEDGER t=14.000 mode=3 sum_err=0 max|E-iEu|=4.999e-13 run_max_diff=1.499e-12 run_max_sum_err=0 steps=700 E0_int=5247462536995813 sum=5247462536995813
16.000	5037.09751	14.2606947	195.779273	0.325058354	5247.462537	3.120e-15	17949	11.903	11.820	11.972	1.000	9.1054	0.8295	20.701	0.8501	0.9758	1.54228	1.65000	11.8993	12.1387	12.0480	-0.039481	-0.0066913	-0.090135	-1.2316	3.9716	0.86355
# CONV t=16.00 cond=12.6833 evap=0 rough=0 back_s=0
# LEDGER t=16.000 mode=3 sum_err=0 max|E-iEu|=4.999e-13 run_max_diff=1.499e-12 run_max_sum_err=0 steps=800 E0_int=5247462536995813 sum=5247462536995813
18.000	5037.09751	14.4132014	195.779273	0.172551679	5247.462537	-1.733e-16	17948	11.910	11.812	11.941	1.000	12.0727	0.8299	21.225	0.8501	0.9762	1.54056	1.65000	11.8851	12.1595	12.0442	-0.026285	-0.0094344	-0.067336	-1.5314	2.8967	0.54985
# CONV t=18.00 cond=12.6833 evap=0 rough=0 back_s=0
# LEDGER t=18.000 mode=3 sum_err=0 max|E-iEu|=4.999e-13 run_max_diff=1.499e-12 run_max_sum_err=0 steps=900 E0_int=5247462536995813 sum=5247462536995813
20.000	5037.09751	14.4184546	195.779273	0.167298494	5247.462537	1.733e-16	17949	11.886	11.804	11.941	0.999	12.6107	0.8302	21.699	0.8501	0.9766	1.53832	1.65000	11.8724	12.1831	12.0480	-0.030436	-0.037003	-0.025179	-0.62308	4.0172	1.508
# CONV t=20.00 cond=12.6833 evap=0 rough=0 back_s=0
# LEDGER t=20.000 mode=3 sum_err=0 max|E-iEu|=4.998e-13 run_max_diff=1.499e-12 run_max_sum_err=0 steps=1000 E0_int=5247462536995813 sum=5247462536995813
22.000	5037.09751	14.3622405	195.779273	0.223512594	5247.462537	3.293e-15	17950	11.883	11.792	11.926	0.999	13.4934	0.8305	22.11	0.8501	0.9769	1.53505	1.65000	11.8674	12.2177	12.0595	0.0056733	-0.05438	-0.027727	-0.35047	4.3047	2.4193
# CONV t=22.00 cond=12.6833 evap=0 rough=0 back_s=0
# LEDGER t=22.000 mode=3 sum_err=0 max|E-iEu|=5.000e-13 run_max_diff=1.499e-12 run_max_sum_err=0 steps=1100 E0_int=5247462536995813 sum=5247462536995813
24.000	5037.09751	14.3835289	195.779273	0.20222418	5247.462537	-1.196e-14	17949	11.893	11.778	11.918	0.999	15.1672	0.8306	22.379	0.8501	0.9770	1.53209	1.65000	11.8687	12.2505	12.0697	0.034826	-0.079745	-0.02597	0.106	4.2186	1.4477
# CONV t=24.00 cond=12.6833 evap=0 rough=0 back_s=0
# LEDGER t=24.000 mode=3 sum_err=0 max|E-iEu|=5.000e-13 run_max_diff=1.500e-12 run_max_sum_err=0 steps=1200 E0_int=5247462536995813 sum=5247462536995813
26.000	5037.09751	14.4895505	195.779273	0.0962025838	5247.462537	-2.080e-15	17950	11.893	11.767	11.927	0.998	17.2564	0.8306	22.625	0.8501	0.9771	1.53137	1.65000	11.8771	12.2846	12.0812	0.0084316	-0.021711	0.0033675	1.3245	3.9825	2.2565
# CONV t=26.00 cond=12.6833 evap=0 rough=0 back_s=0
# LEDGER t=26.000 mode=3 sum_err=0 max|E-iEu|=5.000e-13 run_max_diff=1.500e-12 run_max_sum_err=0 steps=1300 E0_int=5247462536995813 sum=5247462536995813
28.000	5037.09751	14.3838879	195.779273	0.201865099	5247.462537	-4.680e-15	17950	11.900	11.770	11.929	0.998	19.3277	0.8306	22.785	0.8501	0.9770	1.53105	1.65000	11.8965	12.3207	12.1075	0.028819	-0.0048204	0.05062	1.6067	4.0402	3.3162
# CONV t=28.00 cond=12.6833 evap=0 rough=0 back_s=0
# LEDGER t=28.000 mode=3 sum_err=0 max|E-iEu|=5.000e-13 run_max_diff=1.500e-12 run_max_sum_err=0 steps=1400 E0_int=5247462536995813 sum=5247462536995813
30.000	5037.09751	14.3518813	195.779273	0.233871747	5247.462537	-5.720e-15	17951	11.906	11.769	11.944	0.998	19.8325	0.8305	22.912	0.8501	0.9769	1.52918	1.65000	11.9158	12.3555	12.1436	0.050012	0.0095484	0.017719	2.0887	3.4287	3.0077
# CONV t=30.00 cond=12.6833 evap=0 rough=0 back_s=0
# LEDGER t=30.000 mode=3 sum_err=0 max|E-iEu|=5.000e-13 run_max_diff=1.500e-12 run_max_sum_err=0 steps=1500 E0_int=5247462536995813 sum=5247462536995813
32.000	5037.09751	14.3475009	195.779273	0.238252149	5247.462537	-3.986e-15	17950	11.908	11.780	11.955	0.997	20.1632	0.8303	23.016	0.8501	0.9767	1.52645	1.65000	11.9446	12.3807	12.1712	0.00025747	-0.0048141	0.028114	3.1994	2.5347	2.109
# CONV t=32.00 cond=12.6833 evap=0 rough=0 back_s=0
# LEDGER t=32.000 mode=3 sum_err=0 max|E-iEu|=4.997e-13 run_max_diff=1.500e-12 run_max_sum_err=0 steps=1600 E0_int=5247462536995813 sum=5247462536995813
34.000	5037.09751	14.24004	195.779273	0.345713004	5247.462537	-1.040e-15	17948	11.900	11.781	11.968	0.997	20.3333	0.8301	23.133	0.8501	0.9765	1.52520	1.65000	11.9903	12.3946	12.1945	0.062969	-0.012666	0.025426	4.1289	0.92062	1.7005
# CONV t=34.00 cond=12.6833 evap=0 rough=0 back_s=0
# LEDGER t=34.000 mode=3 sum_err=0 max|E-iEu|=5.000e-13 run_max_diff=1.500e-12 run_max_sum_err=0 steps=1700 E0_int=5247462536995813 sum=5247462536995813
36.000	5037.09751	14.2206118	195.779273	0.365141213	5247.462537	-1.213e-15	17948	11.923	11.772	11.987	0.997	20.2761	0.8299	23.244	0.8501	0.9762	1.52674	1.65000	12.0353	12.3962	12.2120	0.0691	-0.021889	0.011618	3.6841	0.53031	1.5271
# CONV t=36.00 cond=12.6833 evap=0 rough=0 back_s=0
# LEDGER t=36.000 mode=3 sum_err=0 max|E-iEu|=4.999e-13 run_max_diff=1.500e-12 run_max_sum_err=0 steps=1800 E0_int=5247462536995813 sum=5247462536995813
38.000	5037.05221	14.7436274	195.477277	0.189421591	5247.462537	-8.319e-15	17948	11.688	11.759	12.235	0.972	20.1632	0.8297	23.584	0.8501	0.9761	1.52806	1.64993	12.0920	12.4019	12.2073	0.013619	-0.015794	0.044581	3.8288	0.54066	0.65951
# CONV t=38.00 cond=12.9853 evap=0 rough=0 back_s=0
# LEDGER t=38.000 mode=3 sum_err=0 max|E-iEu|=4.999e-13 run_max_diff=1.500e-12 run_max_sum_err=0 steps=1900 E0_int=5247462536995813 sum=5247462536995813
40.000	5037.05221	14.71307	195.477277	0.219978994	5247.462537	1.560e-15	17947	11.686	11.753	12.248	0.972	20.1632	0.8297	23.646	0.8501	0.9760	1.53069	1.64993	12.1343	12.4013	12.2087	0.012367	-0.022864	0.03945	3.6169	0.2914	-0.41761
# CONV t=40.00 cond=12.9853 evap=0 rough=0 back_s=0
# LEDGER t=40.000 mode=3 sum_err=0 max|E-iEu|=4.999e-13 run_max_diff=1.500e-12 run_max_sum_err=0 steps=2000 E0_int=5247462536995813 sum=5247462536995813
42.000	5037.00691	15.0246413	195.175281	0.255703284	5247.462537	-1.040e-15	17946	11.423	11.736	12.521	0.949	20.2761	0.8296	23.935	0.8500	0.9760	1.53491	1.64987	12.1944	12.4049	12.1841	0.037815	0.035719	0.060932	4.1382	0.65319	-1.0767
# CONV t=42.00 cond=13.2873 evap=0 rough=0 back_s=0
# LEDGER t=42.000 mode=3 sum_err=0 max|E-iEu|=4.997e-13 run_max_diff=1.500e-12 run_max_sum_err=0 steps=2100 E0_int=5247462536995813 sum=5247462536995813
44.000	5036.96161	15.4503389	194.873284	0.177301715	5247.462537	-5.546e-15	17945	11.697	11.716	12.266	0.927	20.1632	0.8297	24.301	0.8500	0.9761	1.53961	1.64980	12.2179	12.4110	12.1870	0.032505	-0.012445	0.023837	2.7775	0.51232	-1.4709
# CONV t=44.00 cond=13.5893 evap=0 rough=0 back_s=0
# LEDGER t=44.000 mode=3 sum_err=0 max|E-iEu|=5.000e-13 run_max_diff=1.500e-12 run_max_sum_err=0 steps=2200 E0_int=5247462536995813 sum=5247462536995813
46.000	5036.96161	15.3876072	194.873284	0.240033399	5247.462537	2.253e-15	17945	11.694	11.716	12.266	0.927	20.1632	0.8299	24.427	0.8500	0.9763	1.54404	1.64980	12.2468	12.4122	12.1614	0.022409	-0.035434	0.028527	2.8297	0.93478	-2.9207
# CONV t=46.00 cond=13.5893 evap=0 rough=0 back_s=0
# LEDGER t=46.000 mode=3 sum_err=0 max|E-iEu|=4.999e-13 run_max_diff=1.500e-12 run_max_sum_err=0 steps=2300 E0_int=5247462536995813 sum=5247462536995813
48.000	5036.91631	15.7597218	194.571296	0.215205281	5247.462537	-8.666e-15	17947	11.914	11.716	12.028	0.907	19.7714	0.8301	24.951	0.8500	0.9765	1.54712	1.64974	12.2591	12.4168	12.1424	-0.0020393	-0.021922	-0.0040655	2.8279	1.2143	-3.69
# CONV t=48.00 cond=13.8912 evap=0 rough=0 back_s=0
# LEDGER t=48.000 mode=3 sum_err=0 max|E-iEu|=4.999e-13 run_max_diff=1.500e-12 run_max_sum_err=0 steps=2400 E0_int=5247462536995813 sum=5247462536995813
50.000	5036.91631	15.698462	194.571296	0.276465032	5247.462537	-1.213e-15	17947	11.902	11.715	12.041	0.906	19.7714	0.8303	25.221	0.8500	0.9768	1.54890	1.64974	12.2787	12.4232	12.1030	-0.010372	-0.03471	-0.023064	1.8876	0.7843	-3.8322
# CONV t=50.00 cond=13.8912 evap=0 rough=0 back_s=0
# LEDGER t=50.000 mode=3 sum_err=0 max|E-iEu|=4.999e-13 run_max_diff=1.500e-12 run_max_sum_err=0 steps=2500 E0_int=5247462536995813 sum=5247462536995813
52.000	5036.91631	15.6233201	194.571296	0.351606932	5247.462537	1.560e-15	17947	11.913	11.710	12.024	0.904	19.7448	0.8306	25.513	0.8500	0.9772	1.55304	1.64974	12.2899	12.4268	12.0652	-0.0096232	-0.054233	-0.011237	1.1515	0.8483	-3.1878
# CONV t=52.00 cond=13.8912 evap=0 rough=0 back_s=0
# LEDGER t=52.000 mode=3 sum_err=0 max|E-iEu|=4.999e-13 run_max_diff=1.500e-12 run_max_sum_err=0 steps=2600 E0_int=5247462536995813 sum=5247462536995813
54.000	5036.87101	15.9991085	194.2693	0.323114506	5247.462537	8.666e-16	17947	11.678	11.906	12.261	0.885	20.3417	0.8309	26.097	0.8500	0.9775	1.55541	1.64967	12.3128	12.4146	12.0150	0.04062	0.03851	-0.0090744	0.77388	0.38883	-2.8037
# CONV t=54.00 cond=14.1932 evap=0 rough=0 back_s=0
# LEDGER t=54.000 mode=3 sum_err=0 max|E-iEu|=5.000e-13 run_max_diff=1.500e-12 run_max_sum_err=0 steps=2700 E0_int=5247462536995813 sum=5247462536995813
56.000	5036.82571	16.37959	193.967303	0.289929006	5247.462537	-5.026e-15	17947	11.897	12.152	12.451	0.864	20.3417	0.8312	26.579	0.8500	0.9778	1.55656	1.64961	12.3043	12.3968	11.9681	0.030635	0.031906	-0.013321	0.98284	0.02328	-3.0717
# CONV t=56.00 cond=14.4952 evap=0 rough=0 back_s=0
# LEDGER t=56.000 mode=3 sum_err=0 max|E-iEu|=5.000e-13 run_max_diff=1.500e-12 run_max_sum_err=0 steps=2800 E0_int=5247462536995813 sum=5247462536995813
58.000	5036.78042	16.7149016	193.665307	0.301913325	5247.462537	-1.213e-15	17947	12.105	12.339	12.668	0.845	20.2761	0.8314	27.072	0.8500	0.9781	1.55778	1.64954	12.2961	12.3791	11.9140	0.025308	-0.014861	0.055165	1.2314	-0.51598	-3.6895
# CONV t=58.00 cond=14.7972 evap=0 rough=0 back_s=0
# LEDGER t=58.000 mode=3 sum_err=0 max|E-iEu|=5.000e-13 run_max_diff=1.500e-12 run_max_sum_err=0 steps=2900 E0_int=5247462536995813 sum=5247462536995813
# QATOM t=58.42 dir=FD w=1.64999905 e=0.301996329817
60.000	5036.59922	18.0371091	192.457321	0.368889075	5247.462537	-2.600e-15	17946	11.241	13.150	12.945	0.781	20.3333	0.8316	28.034	0.8500	0.9783	1.55902	1.64929	12.3771	12.2996	11.8437	0.026914	0.024714	0.024479	1.1587	-1.7559	-4.3621
# CONV t=60.00 cond=16.0052 evap=0 rough=0 back_s=0
# LEDGER t=60.000 mode=3 sum_err=0 max|E-iEu|=5.000e-13 run_max_diff=1.500e-12 run_max_sum_err=0 steps=3000 E0_int=5247462536995813 sum=5247462536995813
# RESULT es_shells 0.75:0.9352 2.25:0.9495 3.75:0.9745 5.25:0.9992 6.75:1.0013 8.25:1.0020 9.75:1.0018 11.25:1.0010
# RESULT LEDGER mode=3 E0_int=5247462536995813 sum_int=5247462536995813 max_sum_err=0 max|E-iEu|=1.500e-12 steps=3000
# RESULT conservation E0=5247.462537 Efinal=5247.462537 rel_drift=-2.600e-15
# RESULT roughness_radiated=0 (dissonant dense deliveries converted to field, conserved)
# RESULT curvature_fit defA_per_Em=1.42572 r2=0.9834 (linear defect ~ converted energy)
