# cellfab — v89 cell-fabric kernel (no lattice, no prior code)
# cfg seed=20260727 mode=field init=blob
# cfg L=36 dmin=1 r0=0.85 rjit=0.06
# cfg C=1 w1=1.65 w2=2.9 q_detune=1.2 gamma_res=0.25 gamma_res_m=0.1 p_gate=8
# cfg lock_floor=0.005
# cfg k_dep=1.2 k_dep_m=2 cap=2.5 e_s0=1 es_floor=0.05
# cfg e_cond=0 f_conv=0.25 f_evap=0.5 s_pull=0.15
# cfg kappa_lock=1 kappa_align=0.5 kappa_freq=0 kappa_reac=0 sigma_tumble=0.01
# cfg space: s_k=0.06 s_disp=0.3 es_gx=0
# cfg dt=0.02 T=80 diag_every=50 snap_every=0
# cfg center=(18,-1,-1) amp=1.6 sigma=2.2 k=(0,0,0) prealign=1 noise_amp=0
# cfg aux pulse: amp=0.5 at (6,22.5,-1) k=(1.1,0,0) sigma=2
# cfg music: comb_limit=6 rough_k=0.35 gamma_rough=0.5 mob_sym=1 mob_floor=0.004
# cfg field sector: two-component signed amplitude, unitary hops, field_J=0
# cfg ledger: mode=3 u=1.000e-12 (cellfabi INT_LEDGER)
# action atom: A0=1.1500 (dbar=1.5090) mode=2 — eps(w)=A0*w/2pi; atoms at mode boundaries, transport continuous
# edge coloring: 29 colors for 282117 links
# edge_sink: margin=1.6 cells=8801
# fabric: cells=31593 channels=282117 mean_degree=17.86 box=36 dmin=1
# LEDGER seed mode=3 u=1.000e-12 E0_int=31805509059526075 NC=31593 NL=282117
# LEDGER seed mode=3 u=1.000e-12 E0_int=31805509059526075 NC=31593 NL=282117
# t	E_space	E_dense	E_field	E_transfer	E_total	rel_drift	live_ch	cm_x	cm_y	cm_z	contain	front_r	r_core	defA	r_far	r_ratio	w_core	w_far
0.000	31567.0566	198.899428	39.5530355	0	31805.5090595	0.000e+00	188091	18.022	17.985	18.016	0.903	16.6038	0.7901	0	0.8498	0.9298	0.99639	1.65000	6.0025	22.4941	18.0223	0	0	0	0	0	0
# CONV t=0.00 cond=0 evap=0 rough=0 back_s=0
# LEDGER t=0.000 mode=3 sum_err=0 max|E-iEu|=4.999e-13 run_max_diff=0.000e+00 run_max_sum_err=0 steps=0 E0_int=31805509059526075 sum=31805509059526075
1.000	31567.0566	198.924365	39.0116142	0.516483666	31805.5090595	-3.431e-16	188092	18.021	17.984	18.017	0.905	16.6038	0.7878	-0.381	0.8498	0.9270	0.99639	1.65000	6.0716	22.4947	18.0237	0.0084457	0.0030066	-0.00020917	0	0	0
# CONV t=1.00 cond=0 evap=0 rough=0 back_s=0
# LEDGER t=1.000 mode=3 sum_err=0 max|E-iEu|=4.998e-13 run_max_diff=1.500e-12 run_max_sum_err=0 steps=50 E0_int=31805509059526075 sum=31805509059526075
2.000	31567.0566	198.793268	39.0016977	0.657497423	31805.5090595	-1.144e-16	188089	18.020	17.984	18.017	0.906	16.6038	0.7855	-0.74116	0.8498	0.9244	0.99639	1.64999	6.0729	22.4947	18.0238	-0.0040156	-0.01274	-0.014503	0	0	0
# CONV t=2.00 cond=0 evap=0 rough=0 back_s=0
# LEDGER t=2.000 mode=3 sum_err=0 max|E-iEu|=4.998e-13 run_max_diff=1.500e-12 run_max_sum_err=0 steps=100 E0_int=31805509059526075 sum=31805509059526075
3.000	31567.0566	198.689923	39.0015161	0.761023942	31805.5090595	-1.144e-16	188091	18.020	17.984	18.017	0.906	16.6038	0.7834	-1.0816	0.8498	0.9219	0.99637	1.64999	6.0729	22.4947	18.0238	0.0090845	0.0077643	0.00039412	0	0	0
# CONV t=3.00 cond=0 evap=0 rough=0 back_s=0
# LEDGER t=3.000 mode=3 sum_err=0 max|E-iEu|=4.998e-13 run_max_diff=1.500e-12 run_max_sum_err=0 steps=150 E0_int=31805509059526075 sum=31805509059526075
4.000	31567.0566	198.514897	39.0015127	0.936053715	31805.5090595	-2.288e-16	188097	18.020	17.984	18.017	0.906	16.6038	0.7813	-1.4012	0.8498	0.9195	0.99621	1.64999	6.0729	22.4947	18.0238	-0.037379	-0.0043682	0.00015978	0	0	0
# CONV t=4.00 cond=0 evap=0 rough=0 back_s=0
# LEDGER t=4.000 mode=3 sum_err=0 max|E-iEu|=4.998e-13 run_max_diff=1.500e-12 run_max_sum_err=0 steps=200 E0_int=31805509059526075 sum=31805509059526075
5.000	31567.0566	198.244516	39.0015127	1.20643494	31805.5090595	-2.288e-16	188097	18.020	17.984	18.016	0.907	16.6038	0.7794	-1.7016	0.8498	0.9172	0.99548	1.64999	6.0729	22.4947	18.0238	-0.068276	0.0087779	0.011861	0	0	0
# CONV t=5.00 cond=0 evap=0 rough=0 back_s=0
# LEDGER t=5.000 mode=3 sum_err=0 max|E-iEu|=4.998e-13 run_max_diff=1.500e-12 run_max_sum_err=0 steps=250 E0_int=31805509059526075 sum=31805509059526075
6.000	31567.0566	197.672573	39.0015127	1.77837704	31805.5090595	-1.144e-16	188095	18.019	17.985	18.016	0.907	16.6038	0.7775	-1.9887	0.8498	0.9150	0.99317	1.64998	6.0729	22.4947	18.0238	-0.14218	0.018968	0.030809	0	0	0
# CONV t=6.00 cond=0 evap=0 rough=0 back_s=0
# LEDGER t=6.000 mode=3 sum_err=0 max|E-iEu|=4.998e-13 run_max_diff=1.500e-12 run_max_sum_err=0 steps=300 E0_int=31805509059526075 sum=31805509059526075
7.000	31567.0566	196.723473	39.0015127	2.72747706	31805.5090595	-2.288e-16	188092	18.017	17.985	18.015	0.906	16.6038	0.7757	-2.2763	0.8498	0.9128	0.98875	1.64998	6.0729	22.4947	18.0238	-0.15652	0.050606	0.044381	0	0	0
# CONV t=7.00 cond=0 evap=0 rough=0 back_s=0
# LEDGER t=7.000 mode=3 sum_err=0 max|E-iEu|=4.998e-13 run_max_diff=1.500e-12 run_max_sum_err=0 steps=350 E0_int=31805509059526075 sum=31805509059526075
8.000	31567.0566	195.541861	39.0015127	3.90908942	31805.5090595	-2.288e-16	188092	18.013	17.987	18.015	0.906	16.6038	0.7738	-2.5846	0.8498	0.9106	0.98235	1.64998	6.0729	22.4947	18.0238	-0.034438	0.15014	0.064932	0	0	0
# CONV t=8.00 cond=0 evap=0 rough=0 back_s=0
# LEDGER t=8.000 mode=3 sum_err=0 max|E-iEu|=4.998e-13 run_max_diff=1.500e-12 run_max_sum_err=0 steps=400 E0_int=31805509059526075 sum=31805509059526075
9.000	31567.0566	193.938662	39.0015127	5.51228857	31805.5090595	-2.288e-16	188095	18.014	17.986	18.015	0.904	16.6038	0.7718	-2.943	0.8498	0.9082	0.97679	1.64998	6.0729	22.4947	18.0238	-0.17904	0.23469	0.050176	0	0	0
# CONV t=9.00 cond=0 evap=0 rough=0 back_s=0
# LEDGER t=9.000 mode=3 sum_err=0 max|E-iEu|=4.998e-13 run_max_diff=1.500e-12 run_max_sum_err=0 steps=450 E0_int=31805509059526075 sum=31805509059526075
10.000	31567.0566	192.608956	39.0015127	6.8419944	31805.5090595	-3.431e-16	188093	18.013	17.987	18.013	0.901	16.6038	0.7698	-3.3445	0.8498	0.9059	0.97331	1.64998	6.0729	22.4947	18.0238	0.031389	0.11574	-0.0068815	0	0	0
# CONV t=10.00 cond=0 evap=0 rough=0 back_s=0
# LEDGER t=10.000 mode=3 sum_err=0 max|E-iEu|=4.998e-13 run_max_diff=1.500e-12 run_max_sum_err=0 steps=500 E0_int=31805509059526075 sum=31805509059526075
11.000	31567.0566	190.510787	39.0015127	8.94016327	31805.5090595	-3.431e-16	188093	18.011	17.988	18.016	0.896	16.6038	0.7678	-3.7833	0.8498	0.9035	0.97118	1.64998	6.0729	22.4947	18.0238	0.056596	-0.23079	0.080678	0	0	0
# CONV t=11.00 cond=0 evap=0 rough=0 back_s=0
# LEDGER t=11.000 mode=3 sum_err=0 max|E-iEu|=4.998e-13 run_max_diff=1.500e-12 run_max_sum_err=0 steps=550 E0_int=31805509059526075 sum=31805509059526075
12.000	31567.0566	188.040427	39.0015127	11.4105237	31805.5090595	-3.431e-16	188092	18.007	17.983	18.018	0.888	16.6038	0.7658	-4.2471	0.8498	0.9012	0.97315	1.64997	6.0729	22.4947	18.0238	0.61363	-0.27462	0.07832	0	0	0
# CONV t=12.00 cond=0 evap=0 rough=0 back_s=0
# LEDGER t=12.000 mode=3 sum_err=0 max|E-iEu|=4.998e-13 run_max_diff=1.500e-12 run_max_sum_err=0 steps=600 E0_int=31805509059526075 sum=31805509059526075
13.000	31567.0566	186.980134	39.0015127	12.4708168	31805.5090595	-3.431e-16	188090	18.019	17.984	18.020	0.879	16.6038	0.7640	-4.6086	0.8498	0.8990	0.97879	1.64997	6.0729	22.4947	18.0238	-0.043471	-0.017099	-0.099586	0	0	0
# CONV t=13.00 cond=0 evap=0 rough=0 back_s=0
# LEDGER t=13.000 mode=3 sum_err=0 max|E-iEu|=4.998e-13 run_max_diff=1.500e-12 run_max_sum_err=0 steps=650 E0_int=31805509059526075 sum=31805509059526075
14.000	31567.0566	185.217734	39.0015127	14.2332162	31805.5090595	-3.431e-16	188088	18.026	17.979	18.020	0.869	16.6038	0.7626	-4.7109	0.8498	0.8975	0.99407	1.64997	6.0729	22.4947	18.0238	-0.33532	0.057205	-0.18953	0	0	0
# CONV t=14.00 cond=0 evap=0 rough=0 back_s=0
# LEDGER t=14.000 mode=3 sum_err=0 max|E-iEu|=4.998e-13 run_max_diff=1.500e-12 run_max_sum_err=0 steps=700 E0_int=31805509059526075 sum=31805509059526075
15.000	31567.0566	184.266102	39.0015127	15.1848483	31805.5090595	-2.288e-16	188085	18.023	18.000	18.025	0.857	16.6038	0.7617	-4.6299	0.8498	0.8964	1.00697	1.64997	6.0729	22.4947	18.0238	0.24226	-0.68731	-0.53202	0	0	0
# CONV t=15.00 cond=0 evap=0 rough=0 back_s=0
# LEDGER t=15.000 mode=3 sum_err=0 max|E-iEu|=4.998e-13 run_max_diff=1.500e-12 run_max_sum_err=0 steps=750 E0_int=31805509059526075 sum=31805509059526075
# QATOM t=15.12 dir=FD w=1.64998115 e=0.301993053891
16.000	31566.966	183.704553	38.3975247	16.4409836	31805.5090595	-2.288e-16	188087	17.989	18.007	18.012	0.847	16.6038	0.7609	-3.696	0.8498	0.8954	1.02173	1.64995	6.0780	22.5034	18.0188	-0.47664	0.0023822	-0.80291	0	0	0
# CONV t=16.00 cond=0.603988 evap=0 rough=0 back_s=0
# LEDGER t=16.000 mode=3 sum_err=0 max|E-iEu|=4.998e-13 run_max_diff=1.500e-12 run_max_sum_err=0 steps=800 E0_int=31805509059526075 sum=31805509059526075
17.000	31566.9207	182.926979	38.0955433	17.5658363	31805.5090595	-3.431e-16	188091	17.962	17.994	18.009	0.840	16.6038	0.7599	-3.1179	0.8498	0.8943	1.02389	1.64994	6.0833	22.4978	18.0188	-1.2627	0.28136	-0.2345	0	0	0
# CONV t=17.00 cond=0.905969 evap=0 rough=0 back_s=0
# LEDGER t=17.000 mode=3 sum_err=0 max|E-iEu|=4.998e-13 run_max_diff=1.500e-12 run_max_sum_err=0 steps=850 E0_int=31805509059526075 sum=31805509059526075
18.000	31566.8301	183.988457	37.4917915	17.1986726	31805.5090595	-2.288e-16	188099	17.916	18.005	18.004	0.834	16.6038	0.7588	-2.164	0.8498	0.8930	1.02660	1.64993	6.0816	22.4968	18.0193	-0.099414	0.53178	0.080205	0	0	0
# CONV t=18.00 cond=1.50972 evap=0 rough=0 back_s=0
# LEDGER t=18.000 mode=3 sum_err=0 max|E-iEu|=4.998e-13 run_max_diff=1.500e-12 run_max_sum_err=0 steps=900 E0_int=31805509059526075 sum=31805509059526075
19.000	31566.8301	183.172085	37.4917915	18.0150448	31805.5090595	-2.288e-16	188092	17.920	18.014	18.002	0.830	16.6038	0.7576	-2.1632	0.8498	0.8916	1.02810	1.64992	6.0816	22.4968	18.0193	-0.0053537	-0.027848	-0.14137	0	0	0
# CONV t=19.00 cond=1.50972 evap=0 rough=0 back_s=0
# LEDGER t=19.000 mode=3 sum_err=0 max|E-iEu|=4.998e-13 run_max_diff=1.500e-12 run_max_sum_err=0 steps=950 E0_int=31805509059526075 sum=31805509059526075
20.000	31566.7396	183.254436	36.8882907	18.62672	31805.5090595	-3.431e-16	188093	17.880	18.025	18.008	0.826	16.6038	0.7565	-1.3796	0.8498	0.8902	1.02850	1.64991	6.0835	22.5025	18.0216	0.093762	-0.52486	-0.031025	0	0	0
# CONV t=20.00 cond=2.11322 evap=0 rough=0 back_s=0
# LEDGER t=20.000 mode=3 sum_err=0 max|E-iEu|=4.998e-13 run_max_diff=1.500e-12 run_max_sum_err=0 steps=1000 E0_int=31805509059526075 sum=31805509059526075
21.000	31566.649	182.7499	36.2843551	19.8257813	31805.5090595	-1.144e-16	188088	17.810	18.041	18.008	0.823	16.6038	0.7553	-0.5055	0.8498	0.8888	1.03165	1.64989	6.0804	22.4798	18.0209	0.17234	-0.8167	-0.12594	0	0	0
# CONV t=21.00 cond=2.71716 evap=0 rough=0 back_s=0
# LEDGER t=21.000 mode=3 sum_err=0 max|E-iEu|=4.998e-13 run_max_diff=1.500e-12 run_max_sum_err=0 steps=1050 E0_int=31805509059526075 sum=31805509059526075
22.000	31566.5132	181.381292	35.378751	22.2358342	31805.5090595	-2.288e-16	188084	17.761	18.044	18.024	0.820	16.6038	0.7541	0.6328	0.8498	0.8874	1.03268	1.64986	6.0884	22.4831	18.0023	0.30379	0.92896	0.18987	0	0	0
# CONV t=22.00 cond=3.62276 evap=0 rough=0 back_s=0
# LEDGER t=22.000 mode=3 sum_err=0 max|E-iEu|=4.998e-13 run_max_diff=1.500e-12 run_max_sum_err=0 steps=1100 E0_int=31805509059526075 sum=31805509059526075
23.000	31566.2869	183.440667	33.8704764	21.9109755	31805.5090595	-3.431e-16	188087	17.659	18.088	18.029	0.814	16.6038	0.7530	2.5839	0.8498	0.8862	1.03380	1.64982	6.0918	22.5006	17.9865	-0.13981	0.20023	0.15689	0	0	0
# CONV t=23.00 cond=5.13104 evap=0 rough=0 back_s=0
# LEDGER t=23.000 mode=3 sum_err=0 max|E-iEu|=4.998e-13 run_max_diff=1.500e-12 run_max_sum_err=0 steps=1150 E0_int=31805509059526075 sum=31805509059526075
24.000	31566.1511	183.80793	32.9647683	22.5852768	31805.5090595	-3.431e-16	188086	17.595	18.122	18.015	0.807	16.6038	0.7521	3.7022	0.8498	0.8851	1.03549	1.64980	6.0733	22.4800	18.0108	-0.4195	-0.052893	0.062847	0	0	0
# CONV t=24.00 cond=6.03674 evap=0 rough=0 back_s=0
# LEDGER t=24.000 mode=3 sum_err=0 max|E-iEu|=4.998e-13 run_max_diff=1.500e-12 run_max_sum_err=0 steps=1200 E0_int=31805509059526075 sum=31805509059526075
25.000	31566.1511	183.294564	32.9647683	23.0986422	31805.5090595	-4.575e-16	188090	17.593	18.100	18.001	0.805	16.6038	0.7513	3.6804	0.8498	0.8842	1.03720	1.64979	6.0733	22.4800	18.0108	-0.098585	0.11221	-0.15155	0	0	0
# CONV t=25.00 cond=6.03674 evap=0 rough=0 back_s=0
# LEDGER t=25.000 mode=3 sum_err=0 max|E-iEu|=4.998e-13 run_max_diff=1.500e-12 run_max_sum_err=0 steps=1250 E0_int=31805509059526075 sum=31805509059526075
26.000	31566.1458	181.220381	32.9297561	25.2130891	31805.5090595	-4.575e-16	188093	17.612	18.106	18.001	0.806	16.6038	0.7508	3.933	0.8498	0.8836	1.04031	1.64978	6.1673	22.4615	18.0297	-0.80593	-0.27746	0.014234	0	0	0
# CONV t=26.00 cond=6.33872 evap=0 rough=0.307003 back_s=0.0400438
# LEDGER t=26.000 mode=3 sum_err=0 max|E-iEu|=4.998e-13 run_max_diff=1.500e-12 run_max_sum_err=0 steps=1300 E0_int=31805509059526075 sum=31805509059526075
27.000	31566.1458	180.910153	32.9297561	25.5233174	31805.5090595	-4.575e-16	188093	17.615	18.120	17.983	0.809	16.6038	0.7496	3.8552	0.8498	0.8822	1.04022	1.64978	6.1673	22.4615	18.0297	0.91357	-0.46198	-0.021794	0	0	0
# CONV t=27.00 cond=6.33872 evap=0 rough=0.307003 back_s=0.0400438
# LEDGER t=27.000 mode=3 sum_err=0 max|E-iEu|=4.998e-13 run_max_diff=1.500e-12 run_max_sum_err=0 steps=1350 E0_int=31805509059526075 sum=31805509059526075
28.000	31566.1458	181.334821	32.9297561	25.0986494	31805.5090595	-3.431e-16	188089	17.620	18.115	18.005	0.808	16.6038	0.7485	3.8093	0.8498	0.8808	1.03847	1.64977	6.1673	22.4615	18.0297	-0.15415	-0.048847	0.3834	0	0	0
# CONV t=28.00 cond=6.33872 evap=0 rough=0.307003 back_s=0.0400438
# LEDGER t=28.000 mode=3 sum_err=0 max|E-iEu|=4.998e-13 run_max_diff=1.500e-12 run_max_sum_err=0 steps=1400 E0_int=31805509059526075 sum=31805509059526075
29.000	31566.1458	181.058286	32.9297561	25.3751843	31805.5090595	-4.575e-16	188090	17.601	18.134	18.014	0.808	16.6038	0.7474	3.7296	0.8498	0.8795	1.03815	1.64977	6.1673	22.4615	18.0297	-0.26828	0.16235	0.058494	0	0	0
# CONV t=29.00 cond=6.33872 evap=0 rough=0.307003 back_s=0.0400438
# LEDGER t=29.000 mode=3 sum_err=0 max|E-iEu|=4.998e-13 run_max_diff=1.500e-12 run_max_sum_err=0 steps=1450 E0_int=31805509059526075 sum=31805509059526075
30.000	31566.1458	180.209506	32.9297561	26.2239643	31805.5090595	-4.575e-16	188094	17.597	18.108	18.015	0.809	16.6038	0.7463	3.6214	0.8498	0.8782	1.03526	1.64976	6.1673	22.4615	18.0297	0.12974	0.28742	0.25596	0	0	0
# CONV t=30.00 cond=6.33872 evap=0 rough=0.307003 back_s=0.0400438
# LEDGER t=30.000 mode=3 sum_err=0 max|E-iEu|=4.998e-13 run_max_diff=1.500e-12 run_max_sum_err=0 steps=1500 E0_int=31805509059526075 sum=31805509059526075
31.000	31566.1458	181.204374	32.9297561	25.2290963	31805.5090595	-4.575e-16	188095	17.611	18.130	17.998	0.813	16.6038	0.7451	3.5323	0.8498	0.8769	1.03309	1.64976	6.1673	22.4615	18.0297	0.80396	0.5703	0.032812	0	0	0
# CONV t=31.00 cond=6.33872 evap=0 rough=0.307003 back_s=0.0400438
# LEDGER t=31.000 mode=3 sum_err=0 max|E-iEu|=4.998e-13 run_max_diff=1.500e-12 run_max_sum_err=0 steps=1550 E0_int=31805509059526075 sum=31805509059526075
32.000	31566.1458	178.619193	32.9297561	27.8142772	31805.5090595	-4.575e-16	188091	17.648	18.142	18.007	0.815	16.6038	0.7441	3.6007	0.8498	0.8756	1.03587	1.64975	6.1673	22.4615	18.0297	-0.36633	-0.46665	0.29708	0	0	0
# CONV t=32.00 cond=6.33872 evap=0 rough=0.307003 back_s=0.0400438
# LEDGER t=32.000 mode=3 sum_err=0 max|E-iEu|=4.998e-13 run_max_diff=1.500e-12 run_max_sum_err=0 steps=1600 E0_int=31805509059526075 sum=31805509059526075
33.000	31566.1458	178.35585	32.9297561	28.0776202	31805.5090595	-4.575e-16	188091	17.626	18.133	18.025	0.815	16.6038	0.7432	3.7866	0.8498	0.8745	1.03283	1.64975	6.1673	22.4615	18.0297	-0.11738	0.076286	-0.059474	0	0	0
# CONV t=33.00 cond=6.33872 evap=0 rough=0.307003 back_s=0.0400438
# LEDGER t=33.000 mode=3 sum_err=0 max|E-iEu|=4.998e-13 run_max_diff=1.500e-12 run_max_sum_err=0 steps=1650 E0_int=31805509059526075 sum=31805509059526075
34.000	31566.1458	177.206956	32.9297561	29.2265144	31805.5090595	-3.431e-16	188091	17.594	18.142	18.024	0.817	16.6038	0.7422	4.0058	0.8498	0.8734	1.03111	1.64974	6.1673	22.4615	18.0297	-0.24883	0.67241	0.26948	0	0	0
# CONV t=34.00 cond=6.33872 evap=0 rough=0.307003 back_s=0.0400438
# LEDGER t=34.000 mode=3 sum_err=0 max|E-iEu|=4.998e-13 run_max_diff=1.500e-12 run_max_sum_err=0 steps=1700 E0_int=31805509059526075 sum=31805509059526075
35.000	31566.1458	178.486061	32.9297561	27.9474094	31805.5090595	-2.288e-16	188094	17.576	18.142	18.015	0.816	16.6038	0.7413	4.0567	0.8498	0.8724	1.03416	1.64974	6.1673	22.4615	18.0297	-0.41019	-0.1417	-0.031478	0	0	0
# CONV t=35.00 cond=6.33872 evap=0 rough=0.307003 back_s=0.0400438
# LEDGER t=35.000 mode=3 sum_err=0 max|E-iEu|=4.998e-13 run_max_diff=1.500e-12 run_max_sum_err=0 steps=1750 E0_int=31805509059526075 sum=31805509059526075
36.000	31566.1458	178.599196	32.9297561	27.8342748	31805.5090595	-3.431e-16	188095	17.611	18.116	18.000	0.820	16.6038	0.7406	4.1078	0.8498	0.8715	1.03607	1.64973	6.1673	22.4615	18.0297	-0.4832	0.017532	-0.10514	0	0	0
# CONV t=36.00 cond=6.33872 evap=0 rough=0.307003 back_s=0.0400438
# LEDGER t=36.000 mode=3 sum_err=0 max|E-iEu|=4.998e-13 run_max_diff=1.500e-12 run_max_sum_err=0 steps=1800 E0_int=31805509059526075 sum=31805509059526075
37.000	31566.1458	177.127782	32.9297561	29.3056879	31805.5090595	-3.431e-16	188087	17.588	18.117	18.004	0.821	16.6038	0.7398	4.0164	0.8498	0.8705	1.03187	1.64973	6.1673	22.4615	18.0297	0.39881	-0.015288	0.12465	0	0	0
# CONV t=37.00 cond=6.33872 evap=0 rough=0.307003 back_s=0.0400438
# LEDGER t=37.000 mode=3 sum_err=0 max|E-iEu|=4.998e-13 run_max_diff=1.500e-12 run_max_sum_err=0 steps=1850 E0_int=31805509059526075 sum=31805509059526075
38.000	31566.1919	176.6697	33.2369285	29.4105223	31805.5090595	-3.431e-16	188090	17.579	18.140	18.011	0.823	16.6038	0.7395	3.5132	0.8498	0.8702	1.03171	1.64972	6.2791	22.4329	18.0285	-0.33337	-0.22647	0.43914	0	0	0
# CONV t=38.00 cond=6.33872 evap=0 rough=0.660251 back_s=0.0861197
# LEDGER t=38.000 mode=3 sum_err=0 max|E-iEu|=4.998e-13 run_max_diff=1.500e-12 run_max_sum_err=0 steps=1900 E0_int=31805509059526075 sum=31805509059526075
39.000	31566.1919	176.315107	33.2369285	29.7651154	31805.5090595	-2.288e-16	188093	17.603	18.127	18.036	0.827	16.6038	0.7386	3.2236	0.8498	0.8692	1.02953	1.64971	6.2791	22.4329	18.0285	-0.67166	-0.3115	0.45118	0	0	0
# CONV t=39.00 cond=6.33872 evap=0 rough=0.660251 back_s=0.0861197
# LEDGER t=39.000 mode=3 sum_err=0 max|E-iEu|=4.998e-13 run_max_diff=1.500e-12 run_max_sum_err=0 steps=1950 E0_int=31805509059526075 sum=31805509059526075
40.000	31566.1919	176.562626	33.2369285	29.5175965	31805.5090595	-3.431e-16	188094	17.587	18.111	18.016	0.831	16.6038	0.7377	2.9388	0.8498	0.8682	1.03187	1.64970	6.2791	22.4329	18.0285	-1.0599	-0.29396	0.45591	0	0	0
# CONV t=40.00 cond=6.33872 evap=0 rough=0.660251 back_s=0.0861197
# LEDGER t=40.000 mode=3 sum_err=0 max|E-iEu|=4.998e-13 run_max_diff=1.500e-12 run_max_sum_err=0 steps=2000 E0_int=31805509059526075 sum=31805509059526075
41.000	31566.1919	174.959007	33.2369285	31.1212156	31805.5090595	-3.431e-16	188094	17.595	18.104	17.997	0.832	16.6038	0.7371	2.8232	0.8498	0.8674	1.03711	1.64970	6.2791	22.4329	18.0285	-0.33628	0.10604	0.090889	0	0	0
# CONV t=41.00 cond=6.33872 evap=0 rough=0.660251 back_s=0.0861197
# LEDGER t=41.000 mode=3 sum_err=0 max|E-iEu|=4.998e-13 run_max_diff=1.500e-12 run_max_sum_err=0 steps=2050 E0_int=31805509059526075 sum=31805509059526075
42.000	31566.1919	176.256214	33.2369285	29.824008	31805.5090595	-3.431e-16	188096	17.586	18.101	18.016	0.830	16.6038	0.7366	2.7334	0.8498	0.8668	1.04160	1.64969	6.2791	22.4329	18.0285	0.21476	-0.2057	-0.044331	0	0	0
# CONV t=42.00 cond=6.33872 evap=0 rough=0.660251 back_s=0.0861197
# LEDGER t=42.000 mode=3 sum_err=0 max|E-iEu|=4.998e-13 run_max_diff=1.500e-12 run_max_sum_err=0 steps=2100 E0_int=31805509059526075 sum=31805509059526075
43.000	31566.1919	175.798693	33.2369285	30.2815286	31805.5090595	-2.288e-16	188083	17.579	18.115	18.003	0.829	16.6038	0.7365	2.637	0.8498	0.8667	1.04724	1.64968	6.2791	22.4329	18.0285	-0.43284	-0.18629	-0.49189	0	0	0
# CONV t=43.00 cond=6.33872 evap=0 rough=0.660251 back_s=0.0861197
# LEDGER t=43.000 mode=3 sum_err=0 max|E-iEu|=4.998e-13 run_max_diff=1.500e-12 run_max_sum_err=0 steps=2150 E0_int=31805509059526075 sum=31805509059526075
44.000	31566.1919	174.874285	33.2369285	31.2059375	31805.5090595	-3.431e-16	188087	17.558	18.106	18.007	0.829	16.6038	0.7365	2.5482	0.8498	0.8666	1.05222	1.64967	6.2791	22.4329	18.0285	0.48335	0.020707	-0.30464	0	0	0
# CONV t=44.00 cond=6.33872 evap=0 rough=0.660251 back_s=0.0861197
# LEDGER t=44.000 mode=3 sum_err=0 max|E-iEu|=4.998e-13 run_max_diff=1.500e-12 run_max_sum_err=0 steps=2200 E0_int=31805509059526075 sum=31805509059526075
45.000	31566.1919	174.549856	33.2369285	31.5303657	31805.5090595	-2.288e-16	188085	17.582	18.111	18.005	0.836	16.6038	0.7364	2.5238	0.8498	0.8666	1.05691	1.64966	6.2791	22.4329	18.0285	0.1775	-0.33319	-0.22537	0	0	0
# CONV t=45.00 cond=6.33872 evap=0 rough=0.660251 back_s=0.0861197
# LEDGER t=45.000 mode=3 sum_err=0 max|E-iEu|=4.998e-13 run_max_diff=1.500e-12 run_max_sum_err=0 steps=2250 E0_int=31805509059526075 sum=31805509059526075
46.000	31566.1662	172.222852	33.0658459	34.0541154	31805.5090595	-3.431e-16	188081	17.580	18.112	18.017	0.835	16.6038	0.7361	2.7569	0.8498	0.8662	1.05400	1.64966	6.2153	22.4492	18.0239	0.16798	0.055223	-0.3778	0	0	0
# CONV t=46.00 cond=6.5098 evap=0 rough=0.660251 back_s=0.0861197
# LEDGER t=46.000 mode=3 sum_err=0 max|E-iEu|=4.998e-13 run_max_diff=1.500e-12 run_max_sum_err=0 steps=2300 E0_int=31805509059526075 sum=31805509059526075
47.000	31566.2578	172.869006	33.6761763	32.7060811	31805.5090595	-3.431e-16	188085	17.573	18.127	18.007	0.833	16.6038	0.7360	1.8321	0.8498	0.8661	1.05595	1.64965	6.4254	22.3165	18.0166	0.1618	-0.033323	-0.081768	0	0	0
# CONV t=47.00 cond=6.5098 evap=0 rough=1.36213 back_s=0.177669
# LEDGER t=47.000 mode=3 sum_err=0 max|E-iEu|=4.998e-13 run_max_diff=1.500e-12 run_max_sum_err=0 steps=2350 E0_int=31805509059526075 sum=31805509059526075
48.000	31566.2578	171.970953	33.6761763	33.6041341	31805.5090595	-4.575e-16	188079	17.568	18.115	18.017	0.833	16.6038	0.7357	1.769	0.8498	0.8657	1.05278	1.64964	6.4254	22.3165	18.0166	0.4425	-0.52119	-0.0028085	0	0	0
# CONV t=48.00 cond=6.5098 evap=0 rough=1.36213 back_s=0.177669
# LEDGER t=48.000 mode=3 sum_err=0 max|E-iEu|=4.998e-13 run_max_diff=1.500e-12 run_max_sum_err=0 steps=2400 E0_int=31805509059526075 sum=31805509059526075
49.000	31566.3052	173.307057	33.9923958	31.904378	31805.5090595	-3.431e-16	188079	17.571	18.113	18.019	0.836	16.6038	0.7352	1.262	0.8498	0.8651	1.04684	1.64963	6.5457	22.2583	18.0004	0.36573	-0.15749	0.12212	0	0	0
# CONV t=49.00 cond=6.5098 evap=0 rough=1.72578 back_s=0.225102
# LEDGER t=49.000 mode=3 sum_err=0 max|E-iEu|=4.998e-13 run_max_diff=1.500e-12 run_max_sum_err=0 steps=2450 E0_int=31805509059526075 sum=31805509059526075
50.000	31566.3052	172.261167	33.9923958	32.9502674	31805.5090595	-4.575e-16	188077	17.594	18.110	18.007	0.839	16.6038	0.7345	1.1312	0.8498	0.8643	1.04226	1.64962	6.5457	22.2583	18.0004	-0.19432	-0.029489	0.2268	0	0	0
# CONV t=50.00 cond=6.5098 evap=0 rough=1.72578 back_s=0.225102
# LEDGER t=50.000 mode=3 sum_err=0 max|E-iEu|=4.998e-13 run_max_diff=1.500e-12 run_max_sum_err=0 steps=2500 E0_int=31805509059526075 sum=31805509059526075
51.000	31566.3052	170.980842	33.9923958	34.2305925	31805.5090595	-4.575e-16	188075	17.592	18.104	18.011	0.838	16.6038	0.7339	1.1063	0.8498	0.8636	1.04096	1.64961	6.5457	22.2583	18.0004	-0.21954	0.047348	-0.25945	0	0	0
# CONV t=51.00 cond=6.5098 evap=0 rough=1.72578 back_s=0.225102
# LEDGER t=51.000 mode=3 sum_err=0 max|E-iEu|=4.998e-13 run_max_diff=1.500e-12 run_max_sum_err=0 steps=2550 E0_int=31805509059526075 sum=31805509059526075
52.000	31566.3052	170.844342	33.9923958	34.3670925	31805.5090595	-3.431e-16	188075	17.584	18.113	18.018	0.842	16.6038	0.7332	1.2421	0.8498	0.8628	1.04033	1.64961	6.5457	22.2583	18.0004	0.22946	0.19789	0.12874	0	0	0
# CONV t=52.00 cond=6.5098 evap=0 rough=1.72578 back_s=0.225102
# LEDGER t=52.000 mode=3 sum_err=0 max|E-iEu|=4.998e-13 run_max_diff=1.500e-12 run_max_sum_err=0 steps=2600 E0_int=31805509059526075 sum=31805509059526075
53.000	31566.3052	171.052542	33.9923958	34.1588925	31805.5090595	-3.431e-16	188072	17.570	18.104	18.013	0.843	16.6038	0.7327	1.3928	0.8498	0.8622	1.04303	1.64960	6.5457	22.2583	18.0004	-0.26673	0.30347	-0.21406	0	0	0
# CONV t=53.00 cond=6.5098 evap=0 rough=1.72578 back_s=0.225102
# LEDGER t=53.000 mode=3 sum_err=0 max|E-iEu|=4.998e-13 run_max_diff=1.500e-12 run_max_sum_err=0 steps=2650 E0_int=31805509059526075 sum=31805509059526075
54.000	31566.3052	168.303815	33.9923958	36.9076194	31805.5090595	-3.431e-16	188071	17.565	18.117	17.994	0.842	16.6038	0.7323	1.4235	0.8498	0.8618	1.04289	1.64959	6.5457	22.2583	18.0004	0.063593	-0.032699	0.11177	0	0	0
# CONV t=54.00 cond=6.5098 evap=0 rough=1.72578 back_s=0.225102
# LEDGER t=54.000 mode=3 sum_err=0 max|E-iEu|=4.998e-13 run_max_diff=1.500e-12 run_max_sum_err=0 steps=2700 E0_int=31805509059526075 sum=31805509059526075
55.000	31566.4048	168.541144	34.6560364	35.907104	31805.5090595	-2.288e-16	188071	17.580	18.119	17.988	0.844	16.6038	0.7322	0.41209	0.8498	0.8616	1.04413	1.64958	6.7726	22.1784	17.9872	0.9341	-0.2935	0.033745	0	0	0
# CONV t=55.00 cond=6.73124 evap=0 rough=2.74363 back_s=0.357864
# LEDGER t=55.000 mode=3 sum_err=0 max|E-iEu|=4.998e-13 run_max_diff=1.500e-12 run_max_sum_err=0 steps=2750 E0_int=31805509059526075 sum=31805509059526075
56.000	31566.4496	168.193548	34.9547406	35.9111904	31805.5090595	-3.431e-16	188075	17.572	18.134	18.000	0.843	16.6038	0.7320	-0.078853	0.8498	0.8614	1.04555	1.64957	6.8610	22.1233	17.9895	0.064049	0.50549	-0.027705	0	0	0
# CONV t=56.00 cond=6.73124 evap=0 rough=3.08714 back_s=0.40267
# LEDGER t=56.000 mode=3 sum_err=0 max|E-iEu|=4.998e-13 run_max_diff=1.500e-12 run_max_sum_err=0 steps=2800 E0_int=31805509059526075 sum=31805509059526075
57.000	31566.5383	166.996966	35.5464976	36.4272519	31805.5090595	-3.431e-16	188080	17.576	18.126	17.999	0.846	16.6038	0.7320	-0.96482	0.8498	0.8614	1.04792	1.64956	7.0570	22.0264	18.0080	-0.26353	-0.04304	0.070355	0	0	0
# CONV t=57.00 cond=6.73124 evap=0 rough=3.76766 back_s=0.491433
# LEDGER t=57.000 mode=3 sum_err=0 max|E-iEu|=4.998e-13 run_max_diff=1.500e-12 run_max_sum_err=0 steps=2850 E0_int=31805509059526075 sum=31805509059526075
58.000	31566.5383	166.309166	35.5464976	37.1150519	31805.5090595	-2.288e-16	188069	17.572	18.116	17.999	0.848	16.6038	0.7321	-1.001	0.8498	0.8614	1.05316	1.64955	7.0570	22.0264	18.0080	0.27224	-0.10745	-0.1427	0	0	0
# CONV t=58.00 cond=6.73124 evap=0 rough=3.76766 back_s=0.491433
# LEDGER t=58.000 mode=3 sum_err=0 max|E-iEu|=4.998e-13 run_max_diff=1.500e-12 run_max_sum_err=0 steps=2900 E0_int=31805509059526075 sum=31805509059526075
59.000	31566.5383	166.546636	35.5464976	36.8775819	31805.5090595	-3.431e-16	188068	17.592	18.109	18.003	0.848	16.6038	0.7322	-0.99749	0.8498	0.8616	1.05130	1.64954	7.0570	22.0264	18.0080	-0.3067	-0.15157	-0.093325	0	0	0
# CONV t=59.00 cond=6.73124 evap=0 rough=3.76766 back_s=0.491433
# LEDGER t=59.000 mode=3 sum_err=0 max|E-iEu|=4.998e-13 run_max_diff=1.500e-12 run_max_sum_err=0 steps=2950 E0_int=31805509059526075 sum=31805509059526075
60.000	31566.5383	165.918642	35.5464976	37.5055758	31805.5090595	-3.431e-16	188067	17.593	18.121	18.017	0.849	16.6038	0.7324	-1.0481	0.8498	0.8619	1.05390	1.64953	7.0570	22.0264	18.0080	-0.033026	-0.016192	0.20236	0	0	0
# CONV t=60.00 cond=6.73124 evap=0 rough=3.76766 back_s=0.491433
# LEDGER t=60.000 mode=3 sum_err=0 max|E-iEu|=4.998e-13 run_max_diff=1.500e-12 run_max_sum_err=0 steps=3000 E0_int=31805509059526075 sum=31805509059526075
61.000	31566.5383	164.920797	35.5464976	38.5034205	31805.5090595	-3.431e-16	188069	17.589	18.131	18.029	0.849	16.6038	0.7325	-0.99239	0.8498	0.8620	1.05378	1.64952	7.0570	22.0264	18.0080	0.21989	0.14818	0.05573	0	0	0
# CONV t=61.00 cond=6.73124 evap=0 rough=3.76766 back_s=0.491433
# LEDGER t=61.000 mode=3 sum_err=0 max|E-iEu|=4.998e-13 run_max_diff=1.500e-12 run_max_sum_err=0 steps=3050 E0_int=31805509059526075 sum=31805509059526075
62.000	31566.5383	164.630591	35.5464976	38.7936271	31805.5090595	-2.288e-16	188072	17.598	18.139	18.009	0.849	16.6038	0.7324	-1.0326	0.8498	0.8618	1.05410	1.64952	7.0570	22.0264	18.0080	0.080008	0.28107	-0.20463	0	0	0
# CONV t=62.00 cond=6.73124 evap=0 rough=3.76766 back_s=0.491433
# LEDGER t=62.000 mode=3 sum_err=0 max|E-iEu|=4.998e-13 run_max_diff=1.500e-12 run_max_sum_err=0 steps=3100 E0_int=31805509059526075 sum=31805509059526075
63.000	31566.6302	163.654775	36.1587446	39.0653588	31805.5090595	-4.575e-16	188075	17.593	18.146	17.998	0.847	16.6038	0.7320	-2.0502	0.8498	0.8614	1.05325	1.64951	7.2196	21.9288	17.9891	-0.12272	-0.15491	-0.097956	0	0	0
# CONV t=63.00 cond=6.73124 evap=0 rough=4.47174 back_s=0.58327
# LEDGER t=63.000 mode=3 sum_err=0 max|E-iEu|=4.998e-13 run_max_diff=1.500e-12 run_max_sum_err=0 steps=3150 E0_int=31805509059526075 sum=31805509059526075
64.000	31566.6784	163.492682	36.4800122	38.8579942	31805.5090595	-3.431e-16	188079	17.591	18.143	18.004	0.844	16.6038	0.7317	-2.8809	0.8498	0.8610	1.05384	1.64950	7.2984	21.9049	18.0074	-0.2293	-0.40364	0.11505	0	0	0
# CONV t=64.00 cond=6.73124 evap=0 rough=4.8412 back_s=0.631461
# LEDGER t=64.000 mode=3 sum_err=0 max|E-iEu|=4.998e-13 run_max_diff=1.500e-12 run_max_sum_err=0 steps=3200 E0_int=31805509059526075 sum=31805509059526075
65.000	31566.6784	162.663038	36.4800122	39.6876383	31805.5090595	-4.575e-16	188082	17.602	18.121	18.017	0.846	16.6038	0.7311	-3.4006	0.8498	0.8603	1.05026	1.64949	7.2984	21.9049	18.0074	0.60688	-1.0621	0.077278	0	0	0
# CONV t=65.00 cond=6.73124 evap=0 rough=4.8412 back_s=0.631461
# LEDGER t=65.000 mode=3 sum_err=0 max|E-iEu|=4.998e-13 run_max_diff=1.500e-12 run_max_sum_err=0 steps=3250 E0_int=31805509059526075 sum=31805509059526075
66.000	31566.6784	162.847981	36.4800122	39.5026953	31805.5090595	-4.575e-16	188086	17.598	18.120	18.014	0.848	16.6038	0.7305	-3.9216	0.8498	0.8596	1.05143	1.64948	7.2984	21.9049	18.0074	0.15467	-0.33081	0.11997	0	0	0
# CONV t=66.00 cond=6.73124 evap=0 rough=4.8412 back_s=0.631461
# LEDGER t=66.000 mode=3 sum_err=0 max|E-iEu|=4.998e-13 run_max_diff=1.500e-12 run_max_sum_err=0 steps=3300 E0_int=31805509059526075 sum=31805509059526075
67.000	31566.6784	162.426643	36.4800122	39.9240325	31805.5090595	-4.575e-16	188083	17.593	18.122	18.011	0.854	16.6038	0.7298	-4.2183	0.8498	0.8588	1.04801	1.64948	7.2984	21.9049	18.0074	-0.058882	-0.54602	0.51324	0	0	0
# CONV t=67.00 cond=6.73124 evap=0 rough=4.8412 back_s=0.631461
# LEDGER t=67.000 mode=3 sum_err=0 max|E-iEu|=4.998e-13 run_max_diff=1.500e-12 run_max_sum_err=0 steps=3350 E0_int=31805509059526075 sum=31805509059526075
68.000	31566.7145	162.166453	36.721081	39.9069941	31805.5090595	-4.575e-16	188085	17.601	18.116	18.014	0.857	16.6038	0.7297	-4.7446	0.8498	0.8587	1.05097	1.64947	7.3649	21.8695	18.0168	0.21999	0.18774	0.23163	0	0	0
# CONV t=68.00 cond=6.73124 evap=0 rough=5.11843 back_s=0.667621
# LEDGER t=68.000 mode=3 sum_err=0 max|E-iEu|=4.998e-13 run_max_diff=1.500e-12 run_max_sum_err=0 steps=3400 E0_int=31805509059526075 sum=31805509059526075
69.000	31566.7647	162.213579	37.0552092	39.4756201	31805.5090595	-3.431e-16	188086	17.595	18.116	18.020	0.855	16.6038	0.7297	-5.0835	0.8498	0.8587	1.05624	1.64946	7.4513	21.8369	18.0316	0.5819	0.24847	-0.017763	0	0	0
# CONV t=69.00 cond=6.73124 evap=0 rough=5.50267 back_s=0.71774
# LEDGER t=69.000 mode=3 sum_err=0 max|E-iEu|=4.998e-13 run_max_diff=1.500e-12 run_max_sum_err=0 steps=3450 E0_int=31805509059526075 sum=31805509059526075
70.000	31566.7296	160.404689	36.8217608	41.5529759	31805.5090595	-3.431e-16	188079	17.596	18.101	18.032	0.855	16.6038	0.7293	-4.7438	0.8498	0.8582	1.06039	1.64946	7.4141	21.8828	18.0281	0.3059	0.50652	-0.16636	0	0	0
# CONV t=70.00 cond=7.29777 evap=0 rough=5.88572 back_s=0.767702
# LEDGER t=70.000 mode=3 sum_err=0 max|E-iEu|=4.998e-13 run_max_diff=1.500e-12 run_max_sum_err=0 steps=3500 E0_int=31805509059526075 sum=31805509059526075
71.000	31566.7296	160.301857	36.8217608	41.6558078	31805.5090595	-3.431e-16	188082	17.600	18.098	18.026	0.853	16.6038	0.7292	-4.4334	0.8498	0.8580	1.06294	1.64945	7.4141	21.8828	18.0281	-0.85627	0.12883	-0.0088092	0	0	0
# CONV t=71.00 cond=7.29777 evap=0 rough=5.88572 back_s=0.767702
# LEDGER t=71.000 mode=3 sum_err=0 max|E-iEu|=4.998e-13 run_max_diff=1.500e-12 run_max_sum_err=0 steps=3550 E0_int=31805509059526075 sum=31805509059526075
72.000	31566.6961	161.587081	36.5984891	40.6273469	31805.5090595	-3.431e-16	188082	17.611	18.103	18.022	0.853	16.6038	0.7293	-3.775	0.8498	0.8582	1.06687	1.64944	7.3515	21.9188	18.0133	0.27266	0.10454	-0.014347	0	0	0
# CONV t=72.00 cond=7.52104 evap=0 rough=5.88572 back_s=0.767702
# LEDGER t=72.000 mode=3 sum_err=0 max|E-iEu|=4.998e-13 run_max_diff=1.500e-12 run_max_sum_err=0 steps=3600 E0_int=31805509059526075 sum=31805509059526075
73.000	31566.6961	161.882519	36.5984891	40.3319083	31805.5090595	-4.575e-16	188083	17.601	18.123	18.010	0.855	16.6038	0.7294	-3.3879	0.8498	0.8583	1.06710	1.64943	7.3515	21.9188	18.0133	-0.011358	0.29629	-0.011536	0	0	0
# CONV t=73.00 cond=7.52104 evap=0 rough=5.88572 back_s=0.767702
# LEDGER t=73.000 mode=3 sum_err=0 max|E-iEu|=4.998e-13 run_max_diff=1.500e-12 run_max_sum_err=0 steps=3650 E0_int=31805509059526075 sum=31805509059526075
74.000	31566.6961	160.14358	36.5984891	42.0708477	31805.5090595	-4.575e-16	188082	17.635	18.109	18.025	0.860	16.6038	0.7294	-3.0895	0.8498	0.8583	1.06725	1.64943	7.3515	21.9188	18.0133	-0.10954	0.14942	-0.20058	0	0	0
# CONV t=74.00 cond=7.52104 evap=0 rough=5.88572 back_s=0.767702
# LEDGER t=74.000 mode=3 sum_err=0 max|E-iEu|=4.998e-13 run_max_diff=1.500e-12 run_max_sum_err=0 steps=3700 E0_int=31805509059526075 sum=31805509059526075
75.000	31566.6574	159.972312	36.340225	42.5391188	31805.5090595	-3.431e-16	188082	17.639	18.105	18.028	0.858	16.6038	0.7294	-2.677	0.8498	0.8583	1.07075	1.64942	7.2821	21.9628	18.0116	-0.16463	0.69721	-0.24097	0	0	0
# CONV t=75.00 cond=7.7793 evap=0 rough=5.88572 back_s=0.767702
# LEDGER t=75.000 mode=3 sum_err=0 max|E-iEu|=4.998e-13 run_max_diff=1.500e-12 run_max_sum_err=0 steps=3750 E0_int=31805509059526075 sum=31805509059526075
76.000	31566.6274	159.344138	36.1401833	43.3973412	31805.5090595	-3.431e-16	188080	17.653	18.122	18.024	0.856	16.6038	0.7294	-2.4515	0.8498	0.8583	1.07259	1.64941	7.2155	21.9971	18.0137	-0.029893	0.23298	-0.27709	0	0	0
# CONV t=76.00 cond=7.97935 evap=0 rough=5.88572 back_s=0.767702
# LEDGER t=76.000 mode=3 sum_err=0 max|E-iEu|=4.998e-13 run_max_diff=1.500e-12 run_max_sum_err=0 steps=3800 E0_int=31805509059526075 sum=31805509059526075
77.000	31566.5252	160.788184	35.4587399	42.736955	31805.5090595	-2.288e-16	188074	17.639	18.146	18.029	0.857	16.6038	0.7294	-1.5412	0.8498	0.8583	1.07378	1.64940	7.0038	22.0576	18.0127	0.050741	0.35583	-0.10713	0	0	0
# CONV t=77.00 cond=8.66079 evap=0 rough=5.88572 back_s=0.767702
# LEDGER t=77.000 mode=3 sum_err=0 max|E-iEu|=4.998e-13 run_max_diff=1.500e-12 run_max_sum_err=0 steps=3850 E0_int=31805509059526075 sum=31805509059526075
78.000	31566.4961	161.135163	35.2649252	42.6128626	31805.5090595	-3.431e-16	188076	17.616	18.147	18.038	0.859	16.6038	0.7288	-1.4719	0.8498	0.8576	1.07040	1.64940	6.9533	22.0822	18.0137	0.34037	0.37831	0.0096799	0	0	0
# CONV t=78.00 cond=8.8546 evap=0 rough=5.88572 back_s=0.767702
# LEDGER t=78.000 mode=3 sum_err=0 max|E-iEu|=4.998e-13 run_max_diff=1.500e-12 run_max_sum_err=0 steps=3900 E0_int=31805509059526075 sum=31805509059526075
79.000	31566.4961	160.287563	35.2649252	43.4604633	31805.5090595	-3.431e-16	188079	17.638	18.120	18.038	0.864	16.6038	0.7287	-1.5469	0.8498	0.8575	1.07103	1.64939	6.9533	22.0822	18.0137	0.17589	-0.55329	-0.29222	0	0	0
# CONV t=79.00 cond=8.8546 evap=0 rough=5.88572 back_s=0.767702
# LEDGER t=79.000 mode=3 sum_err=0 max|E-iEu|=4.998e-13 run_max_diff=1.500e-12 run_max_sum_err=0 steps=3950 E0_int=31805509059526075 sum=31805509059526075
80.000	31566.4961	159.626985	35.2649252	44.1210406	31805.5090595	-3.431e-16	188077	17.659	18.136	18.029	0.862	16.6038	0.7287	-1.6629	0.8498	0.8575	1.07220	1.64938	6.9533	22.0822	18.0137	0.027648	-0.12213	-0.28027	0	0	0
# CONV t=80.00 cond=8.8546 evap=0 rough=5.88572 back_s=0.767702
# LEDGER t=80.000 mode=3 sum_err=0 max|E-iEu|=4.998e-13 run_max_diff=1.500e-12 run_max_sum_err=0 steps=4000 E0_int=31805509059526075 sum=31805509059526075
# RESULT exit_face E=0 y=0.0000 z=0.0000
# RESULT es_shells 1.12:0.6563 3.38:0.8924 5.62:0.9976 7.88:1.0035 10.12:1.0014 12.38:0.9998 14.62:0.9998 16.88:1.0002
# RESULT LEDGER mode=3 E0_int=31805509059526075 sum_int=31805509059526075 max_sum_err=0 max|E-iEu|=1.500e-12 steps=4000
# RESULT conservation E0=31805.5090595 Efinal=31805.5090595 rel_drift=-3.431e-16
# RESULT roughness_radiated=5.88572 (dissonant dense deliveries converted to field, conserved)
# RESULT blob_drift v=(0.00157,0.00039,0.00060) speed=0.00173 cos_to_kdir=0.0000
# RESULT curvature_fit defA_per_Em=0.03260 r2=0.0173 (linear defect ~ converted energy)
