# freecell — v89 free-cell substance test (exp=rings)
# laws = laws_V2g VERBATIM (defaults): C=1 w1=1.65 w2=2.9 q_detune=1.2
# gamma_res=0.25 gamma_res_m=0.1 p_gate=8 lock_floor=0.005 k_dep=1.2 k_dep_m=2 cap=2.5
# e_s0=1 es_floor=0.05 e_cond=0 f_conv=0.25 f_evap=0.5 s_pull=0.15
# kappa_lock=1 kappa_align=0.5 s_k=0.06 s_disp=0.3 sigma_tumble=0.01
# comb_limit=6 rough_k=0.35 gamma_rough=0.5 mob_sym=1 mob_floor=0.004 field_J=1.8
# quant_A0=1.15 quant_mode=2 (A0eff=1.15)
# v91 radiance (laws_V3r candidate A): k_rad=0 p_rad=4 rad_clock=0
# v91 cantus (coherent-channel candidate B): k_cant=0 k_tune=0 cant_tau=50 cant_seed=0 cant_grow=1
# v91 registry (exchange-registry lane, REGISTRY.md): reg_tau=0 reg_gate=0 reg_f0=0
# v91 identity (parcel-identity lane, IDENTITY.md): par_tau=0 par_gate=0 par_form=0 par_lo=0.002 par_hi=0.02 par_mature=400
# v91 workfn (emergent-threshold lane, WORKFN.md): wf_on=0 wf_floor=0.01 wf_far=99
# v91 amplitude (field-side-identity lane Phase M, AMPLITUDE.md): amp_tau=0
# QUENCH-2 apparatus: conf_r=0 conf_gap=0.3 conf_th=1.6 conf_pinw=3 spin_m=0 imp_k=0 qp_phase=0
# GEOMETRY (apparatus): cfac=1.15 k_rep=1 mob_geo=1 kappa_bond=1 freeze_geo=0
# bath=0 bath_frac=1 jam_sweeps=800 jam_k=0.1 L=16 dt=0.02 T=100 seed=20260802 diag_every=100
# JAM skipped (no bath)
# SEED rings: kind=1 ngrp=1 nv=6 xU=0.2800 xD=0.8367 wU=2.1707 wD=1.4471 xcomp=0.0000 sep=9.00
# SEED ring0: grp=0 mode=MOLECULE x=0.2800 w=2.1707 d_int=1.4473 R=1.4473
# SEED ring1: grp=0 mode=MOLECULE x=0.2800 w=2.1707 d_int=1.4473 R=1.4473
# SEED ring2: grp=0 mode=DROPLET x=0.8367 w=1.4471 d_int=1.4981 R=1.4981
# SEED rint0: 0-7 p:q=1:1 d*=1.447299
# SEED rint1: 6-13 p:q=3:2 d*=1.447299
# SEED rint2: 12-1 p:q=2:3 d*=1.447299
# INIT NC=18 slots=21 live=21 phi_nom=0.0096 z_live=2.33 dbar=1.4618 sigma_d=1.57% E0=36.217391304
#
# t | drift_rel | phi_nom z_live NLa NLd births deaths | dbar sigma_d% | maxstep maxbond | Em_tag ret com_dev rms conn z_tag | pair: d delta gf gb | core/far
t=    0.00 +0.00e+00 | 0.0096  2.33     21    0      0      0 | 1.4618  1.57 | 0.00e+00 0.00e+00 |  20.9500 1.0000  1.0147  2.7526 1.000  2.33 | edge_dev mean=0.0000 max=0.0000 gg=0.0000 shape_dev=0.0000 xbar=0.4656 | IR e0:psi=-3.141 gg=0.000 d=1.4474 e1:psi=+0.001 gg=1.000 d=1.4476 e2:psi=-1.105 gg=0.006 d=1.4474
t=    2.00 +0.00e+00 | 0.0096  2.33     21    0      0      0 | 1.4958  1.34 | 5.71e-04 6.34e-03 |  20.9500 1.0000  1.0306  2.7870 1.000  2.33 | edge_dev mean=0.0289 max=0.0428 gg=0.6503 shape_dev=0.3070 xbar=0.4634 | IR e0:psi=-0.083 gg=0.974 d=1.4967 e1:psi=-0.671 gg=0.396 d=1.5324 e2:psi=-1.180 gg=0.046 d=1.5514
t=    4.00 +0.00e+00 | 0.0096  2.33     21    0      0      0 | 1.5085  1.41 | 8.06e-04 5.20e-03 |  20.9500 1.0000  1.0359  2.8093 1.000  2.33 | edge_dev mean=0.0385 max=0.0591 gg=0.6375 shape_dev=0.4242 xbar=0.4642 | IR e0:psi=-0.084 gg=0.972 d=1.5095 e1:psi=-1.279 gg=0.026 d=1.5642 e2:psi=-0.769 gg=0.249 d=1.5609
t=    6.00 +0.00e+00 | 0.0096  2.33     21    0      0      0 | 1.5197  1.15 | 1.79e-03 8.62e-03 |  20.9500 1.0000  1.0390  3.2227 1.000  2.33 | edge_dev mean=0.0504 max=0.0826 gg=0.6172 shape_dev=0.5137 xbar=0.5268 | IR e0:psi=-0.082 gg=0.971 d=1.5210 e1:psi=-1.898 gg=0.000 d=1.5664 e2:psi=-0.184 gg=0.147 d=1.5630
t=    8.00 +1.96e-16 | 0.0096  2.33     21    0      0      0 | 1.5161  2.13 | 2.17e-04 6.63e-03 |  20.9500 1.0000  1.0418  2.8209 1.000  2.33 | edge_dev mean=0.0440 max=0.1047 gg=0.6176 shape_dev=0.5206 xbar=0.4639 | IR e0:psi=-0.056 gg=0.986 d=1.5247 e1:psi=-2.502 gg=0.000 d=1.5836 e2:psi=+0.209 gg=0.004 d=1.5822
t=   10.00 +1.96e-16 | 0.0096  2.33     21    0      0      0 | 1.5250  2.10 | 6.06e-04 5.45e-03 |  20.9500 1.0000  1.0456  2.8321 1.000  2.33 | edge_dev mean=0.0550 max=0.1386 gg=0.5731 shape_dev=0.5929 xbar=0.4644 | IR e0:psi=-0.048 gg=0.990 d=1.5320 e1:psi=-2.882 gg=0.000 d=1.5769 e2:psi=+0.555 gg=0.000 d=1.5759
t=   12.00 +1.96e-16 | 0.0096  2.33     21    0      0      0 | 1.5381  2.14 | 1.12e-03 7.38e-03 |  20.9500 1.0000  1.0510  3.1092 1.000  2.33 | edge_dev mean=0.0702 max=0.1673 gg=0.4968 shape_dev=0.6905 xbar=0.5030 | IR e0:psi=-0.043 gg=0.990 d=1.5423 e1:psi=+2.939 gg=0.000 d=1.5708 e2:psi=+0.936 gg=0.000 d=1.5693
t=   14.00 +0.00e+00 | 0.0096  2.33     21    0      0      0 | 1.5496  2.84 | 6.02e-04 5.82e-03 |  20.9500 1.0000  1.0562  2.8609 1.000  2.33 | edge_dev mean=0.0830 max=0.1819 gg=0.3823 shape_dev=0.7796 xbar=0.4646 | IR e0:psi=-0.031 gg=0.994 d=1.5500 e1:psi=+2.611 gg=0.000 d=1.5760 e2:psi=+0.921 gg=0.000 d=1.5693
t=   16.00 +0.00e+00 | 0.0096  2.33     21    0      0      0 | 1.5640  3.20 | 5.49e-04 4.55e-03 |  20.9500 1.0000  1.0608  2.8791 1.000  2.33 | edge_dev mean=0.0995 max=0.1940 gg=0.2802 shape_dev=0.8839 xbar=0.4649 | IR e0:psi=-0.035 gg=0.992 d=1.5583 e1:psi=+2.529 gg=0.000 d=1.5722 e2:psi=+0.540 gg=0.000 d=1.5699
t=   18.00 -1.96e-16 | 0.0096  2.33     21    0      0      0 | 1.5735  3.14 | 6.67e-04 3.83e-03 |  20.9500 1.0000  1.0644  2.8930 1.000  2.33 | edge_dev mean=0.1099 max=0.1947 gg=0.2269 shape_dev=0.9601 xbar=0.4651 | IR e0:psi=-0.040 gg=0.990 d=1.5639 e1:psi=+2.659 gg=0.000 d=1.5698 e2:psi=-0.046 gg=0.002 d=1.5775
t=   20.00 -1.96e-16 | 0.0096  2.33     21    0      0      0 | 1.5799  3.24 | 1.95e-04 4.31e-03 |  20.9500 1.0000  1.0679  2.9026 1.000  2.33 | edge_dev mean=0.1165 max=0.1982 gg=0.2032 shape_dev=1.0127 xbar=0.4652 | IR e0:psi=-0.043 gg=0.987 d=1.5678 e1:psi=+3.016 gg=0.000 d=1.5764 e2:psi=-0.626 gg=0.029 d=1.5810
t=   22.00 +0.00e+00 | 0.0096  2.33     21    0      0      0 | 1.5857  3.17 | 2.91e-04 3.73e-03 |  20.9500 1.0000  1.0708  2.9085 1.000  2.33 | edge_dev mean=0.1230 max=0.1991 gg=0.1722 shape_dev=1.0507 xbar=0.4652 | IR e0:psi=-0.039 gg=0.990 d=1.5652 e1:psi=-2.690 gg=0.000 d=1.5823 e2:psi=-1.186 gg=0.023 d=1.5833
t=   24.00 +1.96e-16 | 0.0096  2.33     21    0      0      0 | 1.5918  3.17 | 3.01e-04 3.48e-03 |  20.9500 1.0000  1.0730  2.9134 1.000  2.33 | edge_dev mean=0.1299 max=0.2003 gg=0.1242 shape_dev=1.0838 xbar=0.4653 | IR e0:psi=-0.040 gg=0.988 d=1.5666 e1:psi=-2.075 gg=0.000 d=1.5845 e2:psi=-1.731 gg=0.001 d=1.5846
t=   26.00 +0.00e+00 | 0.0096  2.33     21    0      0      0 | 1.5964  3.27 | 2.16e-04 4.05e-03 |  20.9500 1.0000  1.0738  2.9172 1.000  2.33 | edge_dev mean=0.1350 max=0.2022 gg=0.0790 shape_dev=1.1076 xbar=0.4654 | IR e0:psi=-0.042 gg=0.987 d=1.5684 e1:psi=-1.447 gg=0.010 d=1.5856 e2:psi=-2.267 gg=0.000 d=1.5852
t=   28.00 +1.96e-16 | 0.0096  2.22     20    0      0      0 | 1.5959  3.37 | 2.62e-04 3.60e-03 |  20.9500 1.0000  1.0738  2.9193 1.000  2.22 | edge_dev mean=0.1371 max=0.2028 gg=0.0571 shape_dev=1.1188 xbar=0.4654 | IR e0:psi=-0.048 gg=0.987 d=1.5689 e1:psi=-0.814 gg=0.083 d=1.5863 e2:psi=-2.797 gg=0.000 d=1.5859
t=   30.00 +1.96e-16 | 0.0096  2.33     21    0      0      0 | 1.5989  3.36 | 7.20e-05 3.34e-03 |  20.9500 1.0000  1.0737  2.9203 1.000  2.33 | edge_dev mean=0.1379 max=0.2028 gg=0.0544 shape_dev=1.1230 xbar=0.4654 | IR e0:psi=-0.041 gg=0.989 d=1.5662 e1:psi=-0.178 gg=0.015 d=1.5867 e2:psi=+2.958 gg=0.000 d=1.5867
t=   32.00 +1.96e-16 | 0.0096  2.33     21    0      0      0 | 1.5994  3.34 | 9.48e-05 3.02e-03 |  20.9500 1.0000  1.0734  2.9212 1.000  2.33 | edge_dev mean=0.1383 max=0.2027 gg=0.0958 shape_dev=1.1257 xbar=0.4654 | IR e0:psi=-0.043 gg=0.988 d=1.5676 e1:psi=+0.460 gg=0.000 d=1.5869 e2:psi=+2.433 gg=0.000 d=1.5870
t=   34.00 +1.96e-16 | 0.0096  2.33     21    0      0      0 | 1.5997  3.32 | 4.27e-05 2.96e-03 |  20.9500 1.0000  1.0727  2.9224 1.000  2.33 | edge_dev mean=0.1386 max=0.2031 gg=0.0987 shape_dev=1.1279 xbar=0.4654 | IR e0:psi=-0.046 gg=0.986 d=1.5691 e1:psi=+1.101 gg=0.000 d=1.5868 e2:psi=+1.912 gg=0.000 d=1.5871
t=   36.00 +1.96e-16 | 0.0096  2.11     19    0      0      0 | 1.5955  3.34 | 1.36e-04 3.36e-03 |  20.9500 1.0000  1.0719  2.9238 1.000  2.11 | edge_dev mean=0.1396 max=0.2027 gg=0.0502 shape_dev=1.1312 xbar=0.4654 | IR e0:psi=-0.046 gg=0.988 d=1.5671 e1:psi=+1.743 gg=0.000 d=1.5867 e2:psi=+1.392 gg=0.000 d=1.5871
t=   38.00 +1.96e-16 | 0.0096  2.11     19    0      0      0 | 1.5970  3.35 | 1.86e-04 3.09e-03 |  20.9500 1.0000  1.0710  2.9258 1.000  2.11 | edge_dev mean=0.1412 max=0.2028 gg=0.0509 shape_dev=1.1370 xbar=0.4654 | IR e0:psi=-0.043 gg=0.989 d=1.5663 e1:psi=+2.386 gg=0.000 d=1.5866 e2:psi=+0.872 gg=0.000 d=1.5872
t=   40.00 +0.00e+00 | 0.0096  2.33     21    0      0      0 | 1.6029  3.35 | 5.15e-05 3.00e-03 |  20.9500 1.0000  1.0705  2.9272 1.000  2.33 | edge_dev mean=0.1424 max=0.2028 gg=0.0172 shape_dev=1.1424 xbar=0.4655 | IR e0:psi=-0.045 gg=0.987 d=1.5678 e1:psi=+3.027 gg=0.000 d=1.5866 e2:psi=+0.352 gg=0.000 d=1.5872
t=   42.00 +0.00e+00 | 0.0096  2.33     21    0      0      0 | 1.6033  3.35 | 4.41e-05 2.92e-03 |  20.9500 1.0000  1.0704  2.9276 1.000  2.33 | edge_dev mean=0.1427 max=0.2035 gg=0.0098 shape_dev=1.1447 xbar=0.4655 | IR e0:psi=-0.048 gg=0.986 d=1.5696 e1:psi=-2.618 gg=0.000 d=1.5868 e2:psi=-0.167 gg=0.001 d=1.5871
t=   44.00 +0.00e+00 | 0.0096  1.89     17    0      0      0 | 1.5929  3.45 | 4.10e-05 3.24e-03 |  20.9500 1.0000  1.0704  2.9276 0.889  1.89 | edge_dev mean=0.1430 max=0.2036 gg=0.0216 shape_dev=1.1453 xbar=0.4654 | IR e0:psi=-0.045 gg=0.989 d=1.5663 e1:psi=-1.982 gg=0.000 d=1.5870 e2:psi=-0.686 gg=0.022 d=1.5872
t=   46.00 -1.96e-16 | 0.0096  1.89     17    0      0      0 | 1.5929  3.45 | 3.48e-05 3.07e-03 |  20.9500 1.0000  1.0704  2.9277 0.889  1.89 | edge_dev mean=0.1430 max=0.2036 gg=0.0348 shape_dev=1.1456 xbar=0.4654 | IR e0:psi=-0.045 gg=0.989 d=1.5667 e1:psi=-1.346 gg=0.018 d=1.5871 e2:psi=-1.205 gg=0.019 d=1.5872
t=   48.00 +0.00e+00 | 0.0096  1.89     17    0      0      0 | 1.5930  3.45 | 4.21e-05 2.99e-03 |  20.9500 1.0000  1.0704  2.9278 0.889  1.89 | edge_dev mean=0.1429 max=0.2038 gg=0.0352 shape_dev=1.1460 xbar=0.4655 | IR e0:psi=-0.047 gg=0.987 d=1.5683 e1:psi=-0.710 gg=0.082 d=1.5872 e2:psi=-1.723 gg=0.001 d=1.5873
t=   50.00 +0.00e+00 | 0.0096  2.33     21    0      0      0 | 1.6035  3.36 | 4.26e-05 2.91e-03 |  20.9500 1.0000  1.0704  2.9278 1.000  2.33 | edge_dev mean=0.1429 max=0.2038 gg=0.0316 shape_dev=1.1464 xbar=0.4655 | IR e0:psi=-0.050 gg=0.985 d=1.5701 e1:psi=-0.073 gg=0.008 d=1.5872 e2:psi=-2.242 gg=0.000 d=1.5873
t=   52.00 +0.00e+00 | 0.0096  1.89     17    0      0      0 | 1.5929  3.45 | 4.09e-06 3.18e-03 |  20.9500 1.0000  1.0705  2.9278 0.889  1.89 | edge_dev mean=0.1431 max=0.2039 gg=0.0758 shape_dev=1.1461 xbar=0.4654 | IR e0:psi=-0.045 gg=0.989 d=1.5660 e1:psi=+0.563 gg=0.000 d=1.5872 e2:psi=-2.760 gg=0.000 d=1.5873
t=   54.00 +0.00e+00 | 0.0096  1.89     17    0      0      0 | 1.5930  3.45 | 3.76e-05 3.05e-03 |  20.9500 1.0000  1.0705  2.9278 0.889  1.89 | edge_dev mean=0.1430 max=0.2039 gg=0.1276 shape_dev=1.1463 xbar=0.4654 | IR e0:psi=-0.047 gg=0.988 d=1.5670 e1:psi=+1.200 gg=0.000 d=1.5872 e2:psi=+3.005 gg=0.000 d=1.5873
t=   56.00 +0.00e+00 | 0.0096  1.89     17    0      0      0 | 1.5931  3.45 | 4.25e-05 2.98e-03 |  20.9500 1.0000  1.0705  2.9278 0.889  1.89 | edge_dev mean=0.1430 max=0.2039 gg=0.0838 shape_dev=1.1465 xbar=0.4655 | IR e0:psi=-0.049 gg=0.987 d=1.5687 e1:psi=+1.837 gg=0.000 d=1.5872 e2:psi=+2.486 gg=0.000 d=1.5873
t=   58.00 +0.00e+00 | 0.0096  2.33     21    0      0      0 | 1.6035  3.36 | 3.05e-04 3.63e-03 |  20.9500 1.0000  1.0705  2.9278 1.000  2.33 | edge_dev mean=0.1430 max=0.2039 gg=0.0866 shape_dev=1.1466 xbar=0.4654 | IR e0:psi=-0.054 gg=0.986 d=1.5697 e1:psi=+2.474 gg=0.000 d=1.5872 e2:psi=+1.968 gg=0.000 d=1.5873
t=   60.00 +1.96e-16 | 0.0096  1.89     17    0      0      0 | 1.5929  3.45 | 1.59e-05 3.14e-03 |  20.9500 1.0000  1.0705  2.9278 0.889  1.89 | edge_dev mean=0.1431 max=0.2039 gg=0.0791 shape_dev=1.1464 xbar=0.4654 | IR e0:psi=-0.046 gg=0.989 d=1.5660 e1:psi=+3.111 gg=0.000 d=1.5872 e2:psi=+1.450 gg=0.000 d=1.5873
t=   62.00 +0.00e+00 | 0.0096  1.89     17    0      0      0 | 1.5930  3.45 | 3.97e-05 3.04e-03 |  20.9500 1.0000  1.0705  2.9278 0.889  1.89 | edge_dev mean=0.1430 max=0.2039 gg=0.0280 shape_dev=1.1465 xbar=0.4654 | IR e0:psi=-0.048 gg=0.988 d=1.5673 e1:psi=-2.535 gg=0.000 d=1.5872 e2:psi=+0.931 gg=0.000 d=1.5873
t=   64.00 +0.00e+00 | 0.0096  1.89     17    0      0      0 | 1.5931  3.45 | 4.36e-05 2.96e-03 |  20.9500 1.0000  1.0705  2.9279 0.889  1.89 | edge_dev mean=0.1430 max=0.2039 gg=0.0038 shape_dev=1.1467 xbar=0.4655 | IR e0:psi=-0.051 gg=0.987 d=1.5691 e1:psi=-1.898 gg=0.000 d=1.5872 e2:psi=+0.413 gg=0.000 d=1.5873
t=   66.00 +1.96e-16 | 0.0096  1.89     17    0      0      0 | 1.5930  3.45 | 1.44e-04 3.40e-03 |  20.9500 1.0000  1.0705  2.9278 0.889  1.89 | edge_dev mean=0.1431 max=0.2039 gg=0.0013 shape_dev=1.1465 xbar=0.4654 | IR e0:psi=-0.050 gg=0.988 d=1.5674 e1:psi=-1.261 gg=0.028 d=1.5872 e2:psi=-0.105 gg=0.001 d=1.5873
t=   68.00 +1.96e-16 | 0.0096  1.89     17    0      0      0 | 1.5929  3.45 | 2.76e-05 3.10e-03 |  20.9500 1.0000  1.0705  2.9278 0.889  1.89 | edge_dev mean=0.1431 max=0.2039 gg=0.0009 shape_dev=1.1465 xbar=0.4654 | IR e0:psi=-0.047 gg=0.989 d=1.5662 e1:psi=-0.624 gg=0.075 d=1.5872 e2:psi=-0.624 gg=0.018 d=1.5873
t=   70.00 +1.96e-16 | 0.0096  1.89     17    0      0      0 | 1.5930  3.45 | 4.07e-05 3.02e-03 |  20.9500 1.0000  1.0705  2.9278 0.889  1.89 | edge_dev mean=0.1430 max=0.2039 gg=0.0010 shape_dev=1.1466 xbar=0.4655 | IR e0:psi=-0.050 gg=0.988 d=1.5677 e1:psi=+0.012 gg=0.004 d=1.5872 e2:psi=-1.142 gg=0.023 d=1.5873
t=   72.00 +3.92e-16 | 0.0096  1.89     17    0      0      0 | 1.5931  3.45 | 4.45e-05 2.94e-03 |  20.9500 1.0000  1.0705  2.9279 0.889  1.89 | edge_dev mean=0.1430 max=0.2039 gg=0.0201 shape_dev=1.1468 xbar=0.4655 | IR e0:psi=-0.053 gg=0.986 d=1.5695 e1:psi=+0.649 gg=0.000 d=1.5872 e2:psi=-1.661 gg=0.002 d=1.5873
t=   74.00 +3.92e-16 | 0.0096  1.89     17    0      0      0 | 1.5929  3.45 | 5.60e-05 3.27e-03 |  20.9500 1.0000  1.0705  2.9278 0.889  1.89 | edge_dev mean=0.1431 max=0.2039 gg=0.0696 shape_dev=1.1465 xbar=0.4654 | IR e0:psi=-0.049 gg=0.989 d=1.5663 e1:psi=+1.286 gg=0.000 d=1.5872 e2:psi=-2.179 gg=0.000 d=1.5873
t=   76.00 +3.92e-16 | 0.0096  1.89     17    0      0      0 | 1.5929  3.45 | 3.33e-05 3.08e-03 |  20.9500 1.0000  1.0705  2.9278 0.889  1.89 | edge_dev mean=0.1431 max=0.2039 gg=0.0463 shape_dev=1.1466 xbar=0.4654 | IR e0:psi=-0.048 gg=0.989 d=1.5665 e1:psi=+1.923 gg=0.000 d=1.5872 e2:psi=-2.698 gg=0.000 d=1.5873
t=   78.00 +3.92e-16 | 0.0096  1.78     16    0      0      0 | 1.5897  3.46 | 4.18e-05 3.00e-03 |  20.9500 1.0000  1.0705  2.9279 0.778  1.78 | edge_dev mean=0.1430 max=0.2039 gg=0.0417 shape_dev=1.1467 xbar=0.4655 | IR e0:psi=-0.051 gg=0.988 d=1.5681 e1:psi=+2.560 gg=0.000 d=1.5872 e2:psi=+3.067 gg=0.000 d=1.5873
t=   80.00 +1.96e-16 | 0.0096  2.00     18    0      0      0 | 1.5963  3.44 | 4.52e-05 2.92e-03 |  20.9500 1.0000  1.0705  2.9279 0.889  2.00 | edge_dev mean=0.1429 max=0.2039 gg=0.0376 shape_dev=1.1469 xbar=0.4655 | IR e0:psi=-0.055 gg=0.986 d=1.5699 e1:psi=-3.086 gg=0.000 d=1.5872 e2:psi=+2.549 gg=0.000 d=1.5873
t=   82.00 +1.96e-16 | 0.0096  1.89     17    0      0      0 | 1.5929  3.45 | 1.02e-05 3.19e-03 |  20.9500 1.0000  1.0705  2.9278 0.889  1.89 | edge_dev mean=0.1431 max=0.2039 gg=0.0622 shape_dev=1.1466 xbar=0.4654 | IR e0:psi=-0.048 gg=0.989 d=1.5660 e1:psi=-2.450 gg=0.000 d=1.5872 e2:psi=+2.030 gg=0.000 d=1.5873
t=   84.00 +1.96e-16 | 0.0096  1.89     17    0      0      0 | 1.5930  3.45 | 3.75e-05 3.06e-03 |  20.9500 1.0000  1.0705  2.9278 0.889  1.89 | edge_dev mean=0.1431 max=0.2039 gg=0.0636 shape_dev=1.1466 xbar=0.4654 | IR e0:psi=-0.050 gg=0.989 d=1.5669 e1:psi=-1.813 gg=0.000 d=1.5872 e2:psi=+1.512 gg=0.000 d=1.5873
t=   86.00 +1.96e-16 | 0.0096  1.89     17    0      0      0 | 1.5931  3.45 | 4.28e-05 2.98e-03 |  20.9500 1.0000  1.0705  2.9279 0.889  1.89 | edge_dev mean=0.1430 max=0.2039 gg=0.0393 shape_dev=1.1468 xbar=0.4655 | IR e0:psi=-0.053 gg=0.987 d=1.5685 e1:psi=-1.176 gg=0.040 d=1.5872 e2:psi=+0.993 gg=0.000 d=1.5873
t=   88.00 -1.96e-16 | 0.0096  2.33     21    0      0      0 | 1.6035  3.36 | 3.51e-04 3.69e-03 |  20.9500 1.0000  1.0705  2.9279 1.000  2.33 | edge_dev mean=0.1430 max=0.2039 gg=0.0374 shape_dev=1.1469 xbar=0.4654 | IR e0:psi=-0.058 gg=0.985 d=1.5704 e1:psi=-0.539 gg=0.064 d=1.5872 e2:psi=+0.475 gg=0.000 d=1.5873
t=   90.00 -1.96e-16 | 0.0096  1.89     17    0      0      0 | 1.5929  3.45 | 1.33e-05 3.14e-03 |  20.9500 1.0000  1.0705  2.9278 0.889  1.89 | edge_dev mean=0.1431 max=0.2039 gg=0.0473 shape_dev=1.1466 xbar=0.4654 | IR e0:psi=-0.049 gg=0.989 d=1.5659 e1:psi=+0.098 gg=0.002 d=1.5872 e2:psi=-0.043 gg=0.000 d=1.5873
t=   92.00 +0.00e+00 | 0.0096  1.89     17    0      0      0 | 1.5930  3.45 | 3.91e-05 3.04e-03 |  20.9500 1.0000  1.0705  2.9278 0.889  1.89 | edge_dev mean=0.1431 max=0.2039 gg=0.0653 shape_dev=1.1467 xbar=0.4654 | IR e0:psi=-0.051 gg=0.988 d=1.5672 e1:psi=+0.735 gg=0.000 d=1.5872 e2:psi=-0.562 gg=0.015 d=1.5873
t=   94.00 +0.00e+00 | 0.0096  1.89     17    0      0      0 | 1.5931  3.45 | 4.37e-05 2.96e-03 |  20.9500 1.0000  1.0705  2.9279 0.889  1.89 | edge_dev mean=0.1430 max=0.2039 gg=0.1084 shape_dev=1.1469 xbar=0.4655 | IR e0:psi=-0.054 gg=0.987 d=1.5690 e1:psi=+1.372 gg=0.000 d=1.5872 e2:psi=-1.080 gg=0.026 d=1.5873
t=   96.00 +0.00e+00 | 0.0096  1.89     17    0      0      0 | 1.5930  3.45 | 1.70e-04 3.44e-03 |  20.9500 1.0000  1.0705  2.9278 0.889  1.89 | edge_dev mean=0.1431 max=0.2039 gg=0.0781 shape_dev=1.1467 xbar=0.4654 | IR e0:psi=-0.053 gg=0.988 d=1.5677 e1:psi=+2.008 gg=0.000 d=1.5872 e2:psi=-1.599 gg=0.003 d=1.5873
t=   98.00 -1.96e-16 | 0.0096  1.89     17    0      0      0 | 1.5929  3.45 | 2.68e-05 3.11e-03 |  20.9500 1.0000  1.0705  2.9278 0.889  1.89 | edge_dev mean=0.1431 max=0.2039 gg=0.0244 shape_dev=1.1466 xbar=0.4654 | IR e0:psi=-0.049 gg=0.989 d=1.5661 e1:psi=+2.645 gg=0.000 d=1.5872 e2:psi=-2.117 gg=0.000 d=1.5873
t=  100.00 +1.96e-16 | 0.0096  1.89     17    0      0      0 | 1.5930  3.45 | 4.08e-05 3.02e-03 |  20.9500 1.0000  1.0705  2.9279 0.889  1.89 | edge_dev mean=0.1431 max=0.2039 gg=0.0063 shape_dev=1.1468 xbar=0.4655 | IR e0:psi=-0.052 gg=0.988 d=1.5676 e1:psi=-3.001 gg=0.000 d=1.5872 e2:psi=-2.636 gg=0.000 d=1.5873
#
# RESULT drift_rel 1.962e-16
# RESULT births 0 deaths 0 beta_returns 0 beta_energy 0.000000e+00
# RESULT conv rough=0.000000 cond=0.000000 evap=0.000000 backs=0.000000 rad=0.000000
# RESULT credit qcnvD=0.000000 qcnvF=2.834657
# RESULT geometry phi_nom=0.0096 z_live=1.89 dbar=1.5930 sigma_d=0.0345
# RESULT truss edge_dev_mean=0.143052 edge_dev_max=0.203881 shape=(0.0000,4.7756,4.8984) shape0=(0.0000,4.2143,4.3130)
# EDGE 0 0-1 d=1.64971 dev=+0.20241 gg=0.0000 gpl=0.9890
# EDGE 1 1-2 d=1.65013 dev=+0.20283 gg=0.0000 gpl=0.9677
# EDGE 2 2-3 d=1.64683 dev=+0.19953 gg=0.0162 gpl=0.9798
# EDGE 3 3-4 d=1.64642 dev=+0.19912 gg=0.0000 gpl=0.9905
# EDGE 4 4-5 d=1.64694 dev=+0.19964 gg=0.0967 gpl=0.9657
# EDGE 5 5-0 d=1.64684 dev=+0.19954 gg=0.0002 gpl=0.9902
# EDGE 6 6-7 d=1.64964 dev=+0.20234 gg=0.0000 gpl=0.9838
# EDGE 7 7-8 d=1.64640 dev=+0.19910 gg=0.0000 gpl=0.9855
# EDGE 8 8-9 d=1.64650 dev=+0.19920 gg=0.0001 gpl=0.9600
# EDGE 9 9-10 d=1.64579 dev=+0.19849 gg=0.0000 gpl=0.9831
# EDGE 10 10-11 d=1.64739 dev=+0.20009 gg=0.0000 gpl=0.9932
# EDGE 11 11-6 d=1.65118 dev=+0.20388 gg=0.0000 gpl=0.9414
# EDGE 12 12-13 d=1.52151 dev=+0.02337 gg=0.0000 gpl=0.9973
# EDGE 13 13-14 d=1.52483 dev=+0.02668 gg=0.0001 gpl=0.9817
# EDGE 14 14-15 d=1.52858 dev=+0.03043 gg=0.0000 gpl=0.9881
# EDGE 15 15-16 d=1.52871 dev=+0.03057 gg=0.0000 gpl=0.9975
# EDGE 16 16-17 d=1.52876 dev=+0.03061 gg=0.0000 gpl=0.9949
# EDGE 17 17-12 d=1.52531 dev=+0.02716 gg=0.0000 gpl=0.9903
# RESULT rint0 0-7 p:q=1:1 d=1.567614 dev=+0.120315 psi=-0.0522 gg=0.9880 lem=2.382417e-01
# RESULT rint1 6-13 p:q=3:2 d=1.587193 dev=+0.139893 psi=-3.0011 gg=0.0000 lem=2.411405e-08
# RESULT rint2 12-1 p:q=2:3 d=1.587300 dev=+0.140001 psi=-2.6355 gg=0.0000 lem=7.415325e-09
# RESULT ringq0 mode=MOLECULE w=2.1707 gg_int=0.0188 xbar=0.2798 Em=4.08054
# RESULT ringq1 mode=MOLECULE w=2.1707 gg_int=0.0000 xbar=0.2827 Em=4.12338
# RESULT ringq2 mode=DROPLET w=1.4471 gg_int=0.0000 xbar=0.8339 Em=12.50783
