# freecell — v89 free-cell substance test (exp=blob)
# laws = laws_V2g VERBATIM (defaults): C=1 w1=1.65 w2=2.9 q_detune=1.2
# gamma_res=0.25 gamma_res_m=0.1 p_gate=8 lock_floor=0.005 k_dep=1.2 k_dep_m=2 cap=2.5
# e_s0=1 es_floor=0.05 e_cond=0 f_conv=0.25 f_evap=0.5 s_pull=0.15
# kappa_lock=1 kappa_align=0.5 s_k=0.06 s_disp=0.3 sigma_tumble=0.01
# comb_limit=6 rough_k=0.35 gamma_rough=0.5 mob_sym=1 mob_floor=0.004 field_J=1.8
# quant_A0=1.15 quant_mode=2 (A0eff=1.15)
# v91 radiance (laws_V3r candidate A): k_rad=0 p_rad=4 rad_clock=0
# v91 cantus (coherent-channel candidate B): k_cant=0 k_tune=0 cant_tau=50 cant_seed=0 cant_grow=1
# v91 registry (exchange-registry lane, REGISTRY.md): reg_tau=0 reg_gate=0 reg_f0=0
# v91 identity (parcel-identity lane, IDENTITY.md): par_tau=0 par_gate=0 par_form=0 par_lo=0.002 par_hi=0.02 par_mature=400
# v91 workfn (emergent-threshold lane, WORKFN.md): wf_on=0 wf_floor=0.01 wf_far=99
# GEOMETRY (apparatus): cfac=1.15 k_rep=1 mob_geo=1 kappa_bond=1 freeze_geo=0
# bath=1 bath_frac=1 jam_sweeps=800 jam_k=0.1 L=16 dt=0.02 T=160 seed=20260802 diag_every=100
# JAM sweeps=800 max_step=1.402e-04 (tol 1.0e-04, k_end=0.0010) — witness for the settle
# SEED blob: amp=1.6 sigma=2.2 kx=0 tagged=436 (add>5% of amp)
# INIT NC=2700 slots=25788 live=20623 phi_nom=1.6878 z_live=15.28 dbar=1.4085 sigma_d=14.77% E0=2876.898081194
#
# t | drift_rel | phi_nom z_live NLa NLd births deaths | dbar sigma_d% | maxstep maxbond | Em_tag ret com_dev rms conn z_tag | pair: d delta gf gb | core/far
t=    0.00 +0.00e+00 | 1.6878 15.28  20623    0      0      0 | 1.4085 14.77 | 0.00e+00 0.00e+00 | 181.2189 1.0000  0.0230  3.3724 1.000 14.31 | es_core/far=0.7727
t=    2.00 +0.00e+00 | 1.6878 15.66  21137    0    698    664 | 1.4160 14.83 | 2.60e-03 4.53e-05 | 181.2186 1.0000  0.0245  3.3101 1.000 15.08 | es_core/far=0.7510
t=    4.00 +0.00e+00 | 1.6878 15.88  21440    7   1195   1123 | 1.4207 14.89 | 2.12e-03 1.06e-04 | 181.2109 1.0000  0.0252  3.2908 1.000 15.34 | es_core/far=0.7281
t=    6.00 +0.00e+00 | 1.6878 16.01  21615   23   1595   1433 | 1.4237 14.94 | 2.11e-03 1.82e-04 | 181.1491 0.9996  0.0258  3.2773 1.000 15.56 | es_core/far=0.7062
t=    8.00 +0.00e+00 | 1.6878 16.11  21743   42   1947   1727 | 1.4258 14.97 | 1.46e-03 1.53e-03 | 180.8110 0.9977  0.0267  3.2597 1.000 15.75 | es_core/far=0.6866
t=   10.00 +0.00e+00 | 1.6878 16.22  21891   32   2232   2002 | 1.4281 15.00 | 2.36e-03 7.05e-03 | 179.6634 0.9914  0.0300  3.2386 1.000 15.88 | es_core/far=0.6657
t=   12.00 +0.00e+00 | 1.6878 16.27  21959   38   2481   2247 | 1.4292 15.01 | 1.08e-03 5.87e-03 | 176.8864 0.9761  0.0395  3.2201 1.000 15.92 | es_core/far=0.6300
t=   14.00 +0.00e+00 | 1.6878 16.34  22054   34   2691   2450 | 1.4306 15.04 | 2.64e-03 1.06e-02 | 171.9633 0.9489  0.0504  3.1842 1.000 15.97 | es_core/far=0.6099
t=   16.00 +0.00e+00 | 1.6878 16.36  22087   20   2911   2642 | 1.4313 15.05 | 2.62e-03 8.87e-03 | 167.5414 0.9245  0.0691  3.1455 1.000 15.94 | es_core/far=0.5722
t=   18.00 +0.00e+00 | 1.6878 16.40  22135   32   3108   2800 | 1.4320 15.06 | 1.31e-03 7.76e-03 | 164.6649 0.9087  0.0738  3.1261 1.000 15.95 | es_core/far=0.5578
t=   20.00 +0.00e+00 | 1.6877 16.43  22178   25   3301   2960 | 1.4326 15.07 | 1.78e-03 6.63e-03 | 163.1115 0.9001  0.0838  3.1170 1.000 15.96 | es_core/far=0.5519
t=   22.00 +0.00e+00 | 1.6877 16.44  22200   27   3462   3133 | 1.4330 15.07 | 2.11e-03 8.07e-03 | 162.2624 0.8954  0.0938  3.1067 1.000 15.94 | es_core/far=0.4955
t=   24.00 +0.00e+00 | 1.6877 16.49  22258   30   3626   3292 | 1.4337 15.08 | 1.76e-03 1.13e-02 | 161.5238 0.8913  0.0966  3.1031 1.000 16.01 | es_core/far=0.4900
t=   26.00 +0.00e+00 | 1.6877 16.51  22286   22   3778   3467 | 1.4341 15.08 | 5.46e-03 1.65e-02 | 160.9352 0.8881  0.0951  3.1026 1.000 16.01 | es_core/far=0.4892
t=   28.00 +0.00e+00 | 1.6877 16.51  22292   25   3920   3607 | 1.4343 15.09 | 7.04e-03 1.67e-02 | 160.3807 0.8850  0.0825  3.0852 1.000 15.98 | es_core/far=0.4890
t=   30.00 +0.00e+00 | 1.6878 16.53  22311   25   4057   3758 | 1.4345 15.09 | 2.77e-03 1.07e-02 | 159.7288 0.8814  0.0716  3.0792 1.000 16.01 | es_core/far=0.4900
t=   32.00 +0.00e+00 | 1.6878 16.56  22355   21   4204   3910 | 1.4351 15.09 | 2.34e-03 9.84e-03 | 159.3212 0.8792  0.0676  3.0795 1.000 16.05 | es_core/far=0.4847
t=   34.00 +0.00e+00 | 1.6878 16.58  22387   27   4348   4037 | 1.4355 15.10 | 3.23e-03 1.28e-02 | 158.8814 0.8767  0.0623  3.0861 1.000 16.05 | es_core/far=0.4778
# QATOM t=34.06 dir=DF w=1.85051297 e=0.338696030144 i=1532 Em=1.0409
t=   36.00 +0.00e+00 | 1.6878 16.58  22385   23   4483   4169 | 1.4356 15.11 | 1.98e-03 9.80e-03 | 158.4404 0.8743  0.0663  3.0924 1.000 16.02 | es_core/far=0.4748
t=   38.00 +0.00e+00 | 1.6878 16.60  22413   25   4621   4277 | 1.4360 15.11 | 3.82e-03 1.16e-02 | 158.4311 0.8743  0.0611  3.0905 1.000 16.08 | es_core/far=0.4768
t=   40.00 +0.00e+00 | 1.6878 16.61  22430   12   4754   4411 | 1.4362 15.11 | 3.94e-03 9.75e-03 | 158.4937 0.8746  0.0518  3.0885 1.000 16.10 | es_core/far=0.4843
t=   42.00 +0.00e+00 | 1.6878 16.62  22437    8   4902   4551 | 1.4363 15.12 | 2.88e-03 1.56e-02 | 158.0789 0.8723  0.0489  3.0835 1.000 16.09 | es_core/far=0.5364
t=   44.00 +0.00e+00 | 1.6878 16.63  22445   16   5054   4667 | 1.4365 15.12 | 2.28e-03 8.92e-03 | 157.7436 0.8705  0.0436  3.0862 1.000 16.04 | es_core/far=0.5540
t=   46.00 +0.00e+00 | 1.6878 16.62  22443   17   5149   4770 | 1.4366 15.12 | 3.64e-03 1.32e-02 | 157.8935 0.8713  0.0474  3.0882 1.000 16.05 | es_core/far=0.5658
t=   48.00 +0.00e+00 | 1.6878 16.64  22460   21   5250   4888 | 1.4367 15.12 | 2.60e-03 9.57e-03 | 157.6479 0.8699  0.0522  3.1083 1.000 16.11 | es_core/far=0.5707
t=   50.00 +0.00e+00 | 1.6878 16.64  22470   14   5368   4999 | 1.4368 15.12 | 6.33e-03 1.47e-02 | 157.6833 0.8701  0.0549  3.1070 1.000 16.13 | es_core/far=0.5647
t=   52.00 +0.00e+00 | 1.6879 16.66  22490   15   5489   5111 | 1.4370 15.12 | 6.13e-03 1.59e-02 | 157.3220 0.8681  0.0563  3.1137 1.000 16.16 | es_core/far=0.5564
t=   54.00 +0.00e+00 | 1.6879 16.67  22499   19   5603   5216 | 1.4371 15.12 | 2.54e-03 1.27e-02 | 156.9874 0.8663  0.0580  3.1131 1.000 16.19 | es_core/far=0.5560
t=   56.00 +0.00e+00 | 1.6879 16.68  22522   14   5726   5352 | 1.4375 15.13 | 2.53e-03 9.39e-03 | 156.9206 0.8659  0.0586  3.1054 1.000 16.21 | es_core/far=0.5520
t=   58.00 +0.00e+00 | 1.6879 16.69  22537   16   5844   5484 | 1.4378 15.13 | 3.18e-03 1.07e-02 | 156.8208 0.8654  0.0632  3.1150 1.000 16.18 | es_core/far=0.5481
t=   60.00 +0.00e+00 | 1.6879 16.70  22540   17   5964   5599 | 1.4378 15.13 | 2.75e-03 8.77e-03 | 156.8095 0.8653  0.0662  3.1131 1.000 16.21 | es_core/far=0.5495
t=   62.00 +0.00e+00 | 1.6880 16.70  22547   26   6096   5743 | 1.4381 15.14 | 2.18e-03 9.97e-03 | 155.7330 0.8594  0.0700  3.1046 1.000 16.18 | es_core/far=0.5470
t=   64.00 +0.00e+00 | 1.6880 16.71  22557   11   6216   5877 | 1.4382 15.15 | 3.28e-03 1.01e-02 | 155.4737 0.8579  0.0737  3.0974 1.000 16.19 | es_core/far=0.5420
t=   66.00 +0.00e+00 | 1.6880 16.72  22566   15   6319   5969 | 1.4385 15.16 | 2.86e-03 1.36e-02 | 154.8572 0.8545  0.0803  3.0992 1.000 16.15 | es_core/far=0.5372
t=   68.00 +0.00e+00 | 1.6880 16.72  22567   14   6443   6100 | 1.4385 15.16 | 2.06e-03 8.45e-03 | 154.5579 0.8529  0.0847  3.1027 1.000 16.19 | es_core/far=0.5385
t=   70.00 +0.00e+00 | 1.6880 16.74  22598   17   6561   6216 | 1.4390 15.17 | 2.24e-03 8.70e-03 | 154.3070 0.8515  0.0852  3.0813 1.000 16.21 | es_core/far=0.5458
t=   72.00 +0.00e+00 | 1.6880 16.74  22593   13   6692   6331 | 1.4389 15.17 | 5.65e-03 1.59e-02 | 153.8130 0.8488  0.0831  3.0812 1.000 16.21 | es_core/far=0.5511
t=   74.00 +0.00e+00 | 1.6880 16.75  22607    8   6802   6447 | 1.4391 15.17 | 4.62e-03 1.03e-02 | 153.6888 0.8481  0.0821  3.0800 1.000 16.22 | es_core/far=0.5520
t=   76.00 +0.00e+00 | 1.6881 16.75  22618   10   6884   6538 | 1.4392 15.17 | 2.98e-03 8.55e-03 | 153.5477 0.8473  0.0782  3.0893 1.000 16.24 | es_core/far=0.5472
t=   78.00 +0.00e+00 | 1.6881 16.75  22614   12   7014   6664 | 1.4392 15.17 | 3.05e-03 7.72e-03 | 153.4282 0.8466  0.0785  3.0900 1.000 16.26 | es_core/far=0.5401
t=   80.00 +0.00e+00 | 1.6881 16.76  22632   13   7127   6764 | 1.4394 15.18 | 4.67e-03 1.18e-02 | 153.0063 0.8443  0.0794  3.0904 1.000 16.26 | es_core/far=0.5314
t=   82.00 +0.00e+00 | 1.6881 16.77  22637    8   7269   6880 | 1.4394 15.17 | 3.02e-03 1.17e-02 | 152.8880 0.8437  0.0814  3.1013 1.000 16.27 | es_core/far=0.5208
t=   84.00 +0.00e+00 | 1.6881 16.76  22620   11   7393   7007 | 1.4393 15.17 | 4.15e-03 1.13e-02 | 152.9100 0.8438  0.0826  3.0979 1.000 16.25 | es_core/far=0.5076
t=   86.00 +0.00e+00 | 1.6881 16.76  22626   14   7521   7146 | 1.4393 15.17 | 4.13e-03 1.20e-02 | 152.6462 0.8423  0.0873  3.0995 1.000 16.26 | es_core/far=0.4965
t=   88.00 +0.00e+00 | 1.6881 16.75  22618   13   7645   7280 | 1.4393 15.17 | 3.76e-03 1.19e-02 | 152.5000 0.8415  0.0902  3.1086 1.000 16.21 | es_core/far=0.4849
t=   90.00 +0.00e+00 | 1.6882 16.75  22609   20   7782   7417 | 1.4392 15.17 | 4.22e-03 1.30e-02 | 151.6155 0.8366  0.0897  3.1119 1.000 16.20 | es_core/far=0.4756
t=   92.00 +0.00e+00 | 1.6882 16.77  22641    9   7904   7550 | 1.4396 15.18 | 1.71e-03 9.77e-03 | 151.5177 0.8361  0.0933  3.0914 1.000 16.23 | es_core/far=0.4693
t=   94.00 +0.00e+00 | 1.6882 16.76  22630    6   8018   7662 | 1.4394 15.18 | 1.80e-03 1.07e-02 | 151.3982 0.8354  0.0947  3.0949 1.000 16.23 | es_core/far=0.4645
t=   96.00 +0.00e+00 | 1.6882 16.76  22629   13   8136   7770 | 1.4394 15.17 | 1.82e-03 1.74e-02 | 151.3665 0.8353  0.0921  3.0961 1.000 16.21 | es_core/far=0.4669
t=   98.00 +0.00e+00 | 1.6882 16.77  22644    8   8255   7886 | 1.4396 15.17 | 2.41e-03 1.17e-02 | 151.4180 0.8356  0.0919  3.0996 1.000 16.21 | es_core/far=0.4800
t=  100.00 +0.00e+00 | 1.6881 16.77  22645    9   8374   8000 | 1.4396 15.18 | 2.72e-03 1.08e-02 | 151.2812 0.8348  0.0892  3.1050 1.000 16.23 | es_core/far=0.4962
t=  102.00 +0.00e+00 | 1.6881 16.78  22659    8   8494   8113 | 1.4398 15.18 | 3.10e-03 9.73e-03 | 151.0598 0.8336  0.0838  3.1121 1.000 16.24 | es_core/far=0.5027
t=  104.00 +0.00e+00 | 1.6881 16.79  22661    9   8603   8233 | 1.4398 15.18 | 3.54e-03 9.84e-03 | 150.7931 0.8321  0.0771  3.1078 1.000 16.23 | es_core/far=0.5067
t=  106.00 +0.00e+00 | 1.6881 16.79  22660    6   8713   8336 | 1.4398 15.17 | 4.00e-03 1.40e-02 | 150.5835 0.8309  0.0749  3.1022 1.000 16.25 | es_core/far=0.5072
t=  108.00 +0.00e+00 | 1.6881 16.78  22653    9   8850   8459 | 1.4397 15.18 | 2.11e-03 7.90e-03 | 150.2557 0.8291  0.0814  3.0972 1.000 16.20 | es_core/far=0.5087
t=  110.00 +0.00e+00 | 1.6881 16.78  22656    9   8971   8574 | 1.4398 15.18 | 6.39e-03 1.78e-02 | 150.0813 0.8282  0.0885  3.1178 1.000 16.22 | es_core/far=0.5208
t=  112.00 +0.00e+00 | 1.6881 16.77  22640    8   9113   8697 | 1.4396 15.18 | 2.71e-03 9.62e-03 | 150.1129 0.8284  0.0937  3.1096 1.000 16.15 | es_core/far=0.5373
t=  114.00 +0.00e+00 | 1.6881 16.78  22654    9   9261   8833 | 1.4398 15.18 | 3.06e-03 1.28e-02 | 150.2127 0.8289  0.0976  3.1028 1.000 16.16 | es_core/far=0.5438
t=  116.00 +0.00e+00 | 1.6881 16.78  22655    8   9395   8954 | 1.4398 15.18 | 3.44e-03 8.59e-03 | 150.1092 0.8283  0.0999  3.1199 1.000 16.18 | es_core/far=0.5472
t=  118.00 +0.00e+00 | 1.6881 16.78  22656    8   9519   9071 | 1.4399 15.18 | 4.53e-03 1.34e-02 | 150.0870 0.8282  0.1051  3.1126 1.000 16.17 | es_core/far=0.5495
t=  120.00 +0.00e+00 | 1.6882 16.79  22670    7   9661   9220 | 1.4400 15.18 | 4.06e-03 1.09e-02 | 149.9949 0.8277  0.1052  3.1124 1.000 16.16 | es_core/far=0.5396
t=  122.00 +0.00e+00 | 1.6882 16.79  22667    7   9791   9353 | 1.4400 15.18 | 4.75e-03 1.67e-02 | 149.8446 0.8269  0.1039  3.1129 1.000 16.17 | es_core/far=0.5307
t=  124.00 +0.00e+00 | 1.6882 16.80  22680   11   9905   9466 | 1.4401 15.18 | 5.36e-03 1.65e-02 | 149.6692 0.8259  0.1028  3.0993 1.000 16.18 | es_core/far=0.5279
t=  126.00 +0.00e+00 | 1.6882 16.80  22680    6  10043   9606 | 1.4401 15.18 | 4.21e-03 1.12e-02 | 149.4616 0.8248  0.1051  3.0994 1.000 16.17 | es_core/far=0.5404
t=  128.00 +0.00e+00 | 1.6882 16.79  22670    5  10167   9735 | 1.4400 15.18 | 3.60e-03 9.79e-03 | 149.4826 0.8249  0.1081  3.1010 1.000 16.15 | es_core/far=0.5532
t=  130.00 +0.00e+00 | 1.6883 16.79  22673    5  10309   9870 | 1.4401 15.18 | 4.23e-03 1.35e-02 | 149.4490 0.8247  0.1093  3.1097 1.000 16.15 | es_core/far=0.5622
t=  132.00 +0.00e+00 | 1.6883 16.81  22689    9  10452  10000 | 1.4402 15.18 | 3.53e-03 1.28e-02 | 149.3532 0.8242  0.1142  3.1091 1.000 16.20 | es_core/far=0.5575
t=  134.00 +0.00e+00 | 1.6883 16.80  22683    5  10602  10148 | 1.4402 15.18 | 2.68e-03 1.04e-02 | 149.1638 0.8231  0.1198  3.1076 1.000 16.19 | es_core/far=0.5516
t=  136.00 +0.00e+00 | 1.6883 16.80  22686    5  10738  10275 | 1.4402 15.18 | 3.10e-03 1.17e-02 | 148.5932 0.8200  0.1224  3.1202 1.000 16.18 | es_core/far=0.5418
t=  138.00 +0.00e+00 | 1.6883 16.80  22676    6  10880  10427 | 1.4401 15.18 | 1.86e-03 9.12e-03 | 148.3211 0.8185  0.1253  3.1181 1.000 16.15 | es_core/far=0.5274
t=  140.00 +0.00e+00 | 1.6884 16.80  22680   12  11022  10569 | 1.4402 15.18 | 3.41e-03 1.03e-02 | 147.9519 0.8164  0.1286  3.0987 1.000 16.15 | es_core/far=0.5170
t=  142.00 +0.00e+00 | 1.6884 16.79  22671    9  11160  10700 | 1.4401 15.18 | 2.66e-03 9.35e-03 | 147.5709 0.8143  0.1262  3.1095 1.000 16.12 | es_core/far=0.5096
t=  144.00 +0.00e+00 | 1.6884 16.80  22674    8  11274  10826 | 1.4402 15.18 | 4.46e-03 1.34e-02 | 147.1170 0.8118  0.1271  3.1018 1.000 16.11 | es_core/far=0.5027
t=  146.00 +0.00e+00 | 1.6884 16.79  22662   10  11413  10960 | 1.4401 15.18 | 2.17e-03 7.98e-03 | 147.0378 0.8114  0.1263  3.1051 1.000 16.11 | es_core/far=0.4970
t=  148.00 +0.00e+00 | 1.6884 16.79  22664   10  11538  11091 | 1.4401 15.18 | 5.14e-03 1.59e-02 | 146.9194 0.8107  0.1250  3.1005 1.000 16.12 | es_core/far=0.4306
t=  150.00 +0.00e+00 | 1.6884 16.81  22691   15  11670  11233 | 1.4404 15.18 | 2.25e-03 1.32e-02 | 146.7975 0.8101  0.1218  3.0996 1.000 16.17 | es_core/far=0.4264
t=  152.00 +0.00e+00 | 1.6884 16.79  22669   12  11809  11375 | 1.4402 15.18 | 3.21e-03 1.36e-02 | 146.2130 0.8068  0.1174  3.0992 1.000 16.14 | es_core/far=0.4257
t=  154.00 +0.00e+00 | 1.6884 16.81  22693    8  11944  11511 | 1.4405 15.18 | 2.68e-03 9.79e-03 | 146.2614 0.8071  0.1156  3.0959 1.000 16.19 | es_core/far=0.4238
t=  156.00 +0.00e+00 | 1.6884 16.80  22686    7  12088  11649 | 1.4404 15.19 | 3.93e-03 1.12e-02 | 146.3328 0.8075  0.1122  3.1097 1.000 16.19 | es_core/far=0.4213
t=  158.00 +0.00e+00 | 1.6884 16.82  22706    6  12244  11787 | 1.4406 15.19 | 3.50e-03 1.07e-02 | 146.3022 0.8073  0.1099  3.1036 1.000 16.23 | es_core/far=0.4202
t=  160.00 +0.00e+00 | 1.6884 16.83  22719   12  12379  11919 | 1.4408 15.19 | 2.06e-03 9.13e-03 | 145.9262 0.8052  0.1141  3.1102 1.000 16.22 | es_core/far=0.4196
#
# RESULT drift_rel 0.000e+00
# RESULT births 12379 deaths 11919 beta_returns 0 beta_energy 0.000000e+00
# RESULT conv rough=7.318641 cond=0.000000 evap=0.000000 backs=0.954605 rad=0.000000
# RESULT credit qcnvD=18.371938 qcnvF=358.350857
# RESULT geometry phi_nom=1.6884 z_live=16.83 dbar=1.4408 sigma_d=0.1519
# RESULT es_shells 0.4205 0.6971 0.8098 0.9090 0.9801 0.9988 1.0033 1.0040
# RESULT blob Em_tag=145.92617 com=(7.930,8.088,7.982) rms=3.1102 conn=1.0000 z_tag=16.22
# RESULT blob_drift speed=0.001433 cos_to_kdir=-0.9275 v=(-1.33e-03,-4.43e-06,-5.35e-04)
