# freecell — v89 free-cell substance test (exp=bath)
# laws = laws_V2g VERBATIM (defaults): C=1 w1=1.65 w2=2.9 q_detune=1.2
# gamma_res=0.25 gamma_res_m=0.1 p_gate=8 lock_floor=0.005 k_dep=1.2 k_dep_m=2 cap=2.5
# e_s0=1 es_floor=0.05 e_cond=0 f_conv=0.25 f_evap=0.5 s_pull=0.15
# kappa_lock=1 kappa_align=0.5 s_k=0.06 s_disp=0.3 sigma_tumble=0.01
# comb_limit=6 rough_k=0.35 gamma_rough=0.5 mob_sym=1 mob_floor=0.004 field_J=1.8
# quant_A0=1.15 quant_mode=2 (A0eff=1.15)
# v91 radiance (laws_V3r candidate A): k_rad=0.05 p_rad=4 rad_clock=0
# v91 cantus (coherent-channel candidate B): k_cant=0 k_tune=0 cant_tau=50 cant_seed=0 cant_grow=1
# v91 registry (exchange-registry lane, REGISTRY.md): reg_tau=10 reg_gate=0
# GEOMETRY (apparatus): cfac=1.15 k_rep=1 mob_geo=1 kappa_bond=1 freeze_geo=0
# bath=1 bath_frac=1 jam_sweeps=800 jam_k=0.1 L=16 dt=0.02 T=600 seed=20260802 diag_every=100
# JAM sweeps=800 max_step=1.402e-04 (tol 1.0e-04, k_end=0.0010) — witness for the settle
# SEED noise: amp=0.5 (e1-class churn)
# INIT NC=2700 slots=25951 live=20845 phi_nom=1.7044 z_live=15.44 dbar=1.4113 sigma_d=14.79% E0=3386.224772505
#
# t | drift_rel | phi_nom z_live NLa NLd births deaths | dbar sigma_d% | maxstep maxbond | Em_tag ret com_dev rms conn z_tag | pair: d delta gf gb | core/far
t=    0.00 +0.00e+00 | 1.7044 15.44  20845    0      0      0 | 1.4113 14.79 | 0.00e+00 0.00e+00 |   0.0000 0.0000  0.0000  0.0000 0.000  0.00
# REG t=0.00 tp n=0 rho=[0.000 0.000 0.000] gr=0.00000 fl=0.000 | ba n=25951 rho=[0.000 0.000 0.000] gr=0.00000 fl=0.000
t=    2.00 -1.34e-16 | 1.7044 15.78  21308    0    754    670 | 1.4190 14.89 | 2.78e-03 0.00e+00 |   0.0000 0.0000  0.0000  0.0000 0.000  0.00
# REG t=2.00 tp n=0 rho=[0.000 0.000 0.000] gr=0.00000 fl=0.000 | ba n=26035 rho=[0.000 0.000 0.000] gr=0.00000 fl=0.000
t=    4.00 -4.03e-16 | 1.7045 16.01  21609    0   1335   1206 | 1.4240 14.97 | 1.66e-03 0.00e+00 |   0.0000 0.0000  0.0000  0.0000 0.000  0.00
# REG t=4.00 tp n=0 rho=[0.000 0.000 0.000] gr=0.00000 fl=0.000 | ba n=26080 rho=[0.000 0.000 0.000] gr=0.00000 fl=0.000
# QATOM t=5.16 dir=FD w=1.65 e=0.301996504517 i=1373 Em=0.0000
t=    6.00 -6.71e-16 | 1.7044 16.13  21769    0   1858   1608 | 1.4269 15.03 | 1.81e-03 0.00e+00 |   0.0000 0.0000  0.0000  0.0000 0.000  0.00
# REG t=6.00 tp n=0 rho=[0.000 0.000 0.000] gr=0.00000 fl=0.000 | ba n=26201 rho=[0.000 0.000 0.000] gr=0.00000 fl=0.000
t=    8.00 -9.40e-16 | 1.7037 16.23  21916    0   2312   2015 | 1.4295 15.07 | 1.62e-03 5.93e-05 |   0.0000 0.0000  0.0000  0.0000 0.000  0.00
# REG t=8.00 tp n=0 rho=[0.000 0.000 0.000] gr=0.00000 fl=0.000 | ba n=26248 rho=[0.000 0.000 0.000] gr=0.00000 fl=0.013
t=   10.00 -1.07e-15 | 1.7033 16.30  22011    0   2695   2384 | 1.4310 15.09 | 1.51e-03 2.56e-04 |   0.0000 0.0000  0.0000  0.0000 0.000  0.00
# REG t=10.00 tp n=0 rho=[0.000 0.000 0.000] gr=0.00000 fl=0.000 | ba n=26262 rho=[0.000 0.000 0.000] gr=0.00000 fl=0.191
t=   12.00 -1.07e-15 | 1.7025 16.38  22117    0   3071   2758 | 1.4325 15.10 | 3.14e-03 2.77e-03 |   0.0000 0.0000  0.0000  0.0000 0.000  0.00
# REG t=12.00 tp n=0 rho=[0.000 0.000 0.000] gr=0.00000 fl=0.000 | ba n=26264 rho=[0.000 0.000 0.000] gr=0.00000 fl=0.639
t=   14.00 -1.07e-15 | 1.7017 16.40  22143    5   3435   3087 | 1.4333 15.12 | 1.44e-03 1.07e-02 |   0.0000 0.0000  0.0000  0.0000 0.000  0.00
# REG t=14.00 tp n=0 rho=[0.000 0.000 0.000] gr=0.00000 fl=0.000 | ba n=26294 rho=[0.000 0.000 0.021] gr=0.00000 fl=0.844
t=   16.00 -1.07e-15 | 1.7005 16.48  22247   11   3752   3417 | 1.4347 15.14 | 3.17e-03 6.70e-03 |   0.0000 0.0000  0.0000  0.0000 0.000  0.00
# REG t=16.00 tp n=0 rho=[0.000 0.000 0.000] gr=0.00000 fl=0.000 | ba n=26275 rho=[0.000 0.000 0.030] gr=0.00000 fl=0.859
# QATOM t=17.20 dir=FD w=1.6499312 e=0.301983912177 i=1099 Em=0.0001
t=   18.00 -1.07e-15 | 1.6980 16.47  22228   11   4063   3731 | 1.4346 15.14 | 2.51e-03 1.05e-02 |   0.0000 0.0000  0.0000  0.0000 0.000  0.00
# REG t=18.00 tp n=0 rho=[0.000 0.000 0.000] gr=0.00000 fl=0.000 | ba n=26272 rho=[0.000 0.000 0.037] gr=0.00000 fl=0.869
t=   20.00 -1.21e-15 | 1.6957 16.48  22245   18   4375   4015 | 1.4349 15.14 | 2.97e-03 6.98e-03 |   0.0000 0.0000  0.0000  0.0000 0.000  0.00
# REG t=20.00 tp n=0 rho=[0.000 0.000 0.000] gr=0.00000 fl=0.000 | ba n=26293 rho=[0.000 0.000 0.053] gr=0.00000 fl=0.874
# QATOM t=21.76 dir=FD w=1.64926218 e=0.301861462407 i=2617 Em=0.0000
t=   22.00 -1.07e-15 | 1.6928 16.48  22243   26   4605   4300 | 1.4349 15.14 | 2.16e-03 1.02e-02 |   0.0000 0.0000  0.0000  0.0000 0.000  0.00
# REG t=22.00 tp n=0 rho=[0.000 0.000 0.000] gr=0.00000 fl=0.000 | ba n=26230 rho=[0.000 0.000 0.073] gr=0.00000 fl=0.882
t=   24.00 -1.21e-15 | 1.6900 16.46  22216   25   4857   4575 | 1.4346 15.13 | 2.08e-03 7.88e-03 |   0.0000 0.0000  0.0000  0.0000 0.000  0.00
# REG t=24.00 tp n=0 rho=[0.000 0.000 0.000] gr=0.00000 fl=0.000 | ba n=26208 rho=[0.000 0.000 0.104] gr=0.00000 fl=0.886
# QATOM t=25.62 dir=FD w=1.64932848 e=0.301873597884 i=2079 Em=0.0008
t=   26.00 -1.07e-15 | 1.6872 16.47  22231   16   5086   4820 | 1.4348 15.13 | 1.45e-03 7.20e-03 |   0.0000 0.0000  0.0000  0.0000 0.000  0.00
# REG t=26.00 tp n=0 rho=[0.000 0.000 0.000] gr=0.00000 fl=0.000 | ba n=26201 rho=[0.000 0.001 0.144] gr=0.00000 fl=0.890
t=   28.00 -1.07e-15 | 1.6843 16.49  22258   22   5310   5069 | 1.4351 15.13 | 2.69e-03 1.05e-02 |   0.0000 0.0000  0.0000  0.0000 0.000  0.00
# REG t=28.00 tp n=0 rho=[0.000 0.000 0.000] gr=0.00000 fl=0.000 | ba n=26170 rho=[0.000 0.003 0.190] gr=0.00000 fl=0.894
# QATOM t=29.58 dir=FD w=1.64930034 e=0.301868446415 i=1207 Em=0.0005
t=   30.00 -1.21e-15 | 1.6815 16.45  22202   19   5525   5316 | 1.4344 15.12 | 1.07e-02 2.80e-02 |   0.0000 0.0000  0.0000  0.0000 0.000  0.00
# REG t=30.00 tp n=0 rho=[0.000 0.000 0.000] gr=0.00000 fl=0.000 | ba n=26141 rho=[0.000 0.007 0.244] gr=0.00000 fl=0.898
t=   32.00 -1.07e-15 | 1.6788 16.42  22173   31   5730   5541 | 1.4338 15.10 | 7.82e-03 2.21e-02 |   0.0000 0.0000  0.0000  0.0000 0.000  0.00
# REG t=32.00 tp n=0 rho=[0.000 0.000 0.000] gr=0.00000 fl=0.000 | ba n=26109 rho=[0.000 0.014 0.292] gr=0.00000 fl=0.902
t=   34.00 -1.07e-15 | 1.6768 16.44  22197   22   5933   5800 | 1.4340 15.09 | 2.57e-03 1.31e-02 |   0.0000 0.0000  0.0000  0.0000 0.000  0.00
# REG t=34.00 tp n=0 rho=[0.000 0.000 0.000] gr=0.00000 fl=0.000 | ba n=26062 rho=[0.000 0.027 0.352] gr=0.00001 fl=0.905
# QATOM t=34.54 dir=FD w=1.62860118 e=0.298079917356 i=2635 Em=0.0164
t=   36.00 -1.07e-15 | 1.6748 16.44  22197   36   6114   5997 | 1.4338 15.08 | 1.75e-03 1.32e-02 |   0.0000 0.0000  0.0000  0.0000 0.000  0.00
# REG t=36.00 tp n=0 rho=[0.000 0.000 0.000] gr=0.00000 fl=0.000 | ba n=26032 rho=[0.000 0.046 0.412] gr=0.00001 fl=0.908
t=   38.00 -1.07e-15 | 1.6725 16.41  22151   39   6315   6218 | 1.4332 15.07 | 7.94e-03 1.95e-02 |   0.0000 0.0000  0.0000  0.0000 0.000  0.00
# REG t=38.00 tp n=0 rho=[0.000 0.000 0.000] gr=0.00000 fl=0.000 | ba n=26009 rho=[0.000 0.072 0.456] gr=0.00001 fl=0.911
t=   40.00 -1.07e-15 | 1.6712 16.40  22144   33   6508   6465 | 1.4329 15.05 | 2.32e-03 1.25e-02 |   0.0000 0.0000  0.0000  0.0000 0.000  0.00
# REG t=40.00 tp n=0 rho=[0.000 0.000 0.000] gr=0.00000 fl=0.000 | ba n=25961 rho=[0.000 0.103 0.497] gr=0.00001 fl=0.914
# QATOM t=40.42 dir=FD w=1.64776269 e=0.301587013373 i=1874 Em=0.0012
t=   42.00 -1.21e-15 | 1.6697 16.41  22148   31   6696   6659 | 1.4327 15.03 | 5.43e-03 1.43e-02 |   0.0000 0.0000  0.0000  0.0000 0.000  0.00
# REG t=42.00 tp n=0 rho=[0.000 0.000 0.000] gr=0.00000 fl=0.000 | ba n=25957 rho=[0.001 0.133 0.540] gr=0.00001 fl=0.916
t=   44.00 -1.07e-15 | 1.6684 16.39  22129   38   6875   6854 | 1.4325 15.03 | 8.66e-03 2.43e-02 |   0.0000 0.0000  0.0000  0.0000 0.000  0.00
# REG t=44.00 tp n=0 rho=[0.000 0.000 0.000] gr=0.00000 fl=0.000 | ba n=25934 rho=[0.001 0.162 0.577] gr=0.00001 fl=0.917
t=   46.00 -1.21e-15 | 1.6672 16.38  22117   35   7085   7082 | 1.4322 15.02 | 4.40e-03 1.16e-02 |   0.0000 0.0000  0.0000  0.0000 0.000  0.00
# REG t=46.00 tp n=0 rho=[0.000 0.000 0.000] gr=0.00000 fl=0.000 | ba n=25919 rho=[0.002 0.194 0.602] gr=0.00002 fl=0.918
t=   48.00 -1.21e-15 | 1.6662 16.38  22116   30   7271   7284 | 1.4322 15.02 | 9.18e-03 1.82e-02 |   0.0000 0.0000  0.0000  0.0000 0.000  0.00
# REG t=48.00 tp n=0 rho=[0.000 0.000 0.000] gr=0.00000 fl=0.000 | ba n=25908 rho=[0.004 0.229 0.628] gr=0.00002 fl=0.919
# QATOM t=48.28 dir=FD w=1.33884538 e=0.245046438817 i=1071 Em=0.4821
t=   50.00 -1.21e-15 | 1.6649 16.34  22060   44   7465   7486 | 1.4315 15.01 | 3.30e-03 1.41e-02 |   0.0000 0.0000  0.0000  0.0000 0.000  0.00
# REG t=50.00 tp n=0 rho=[0.000 0.000 0.000] gr=0.00000 fl=0.000 | ba n=25886 rho=[0.006 0.258 0.655] gr=0.00002 fl=0.919
t=   52.00 -1.07e-15 | 1.6638 16.34  22059   27   7653   7710 | 1.4315 15.01 | 4.05e-03 1.27e-02 |   0.0000 0.0000  0.0000  0.0000 0.000  0.00
# REG t=52.00 tp n=0 rho=[0.000 0.000 0.000] gr=0.00000 fl=0.000 | ba n=25867 rho=[0.009 0.288 0.676] gr=0.00002 fl=0.920
t=   54.00 -1.21e-15 | 1.6630 16.35  22077   39   7876   7905 | 1.4316 15.01 | 2.64e-03 1.06e-02 |   0.0000 0.0000  0.0000  0.0000 0.000  0.00
# REG t=54.00 tp n=0 rho=[0.000 0.000 0.000] gr=0.00000 fl=0.000 | ba n=25883 rho=[0.013 0.309 0.687] gr=0.00002 fl=0.919
t=   56.00 -1.07e-15 | 1.6623 16.36  22086   30   8075   8126 | 1.4317 15.01 | 2.82e-03 1.10e-02 |   0.0000 0.0000  0.0000  0.0000 0.000  0.00
# REG t=56.00 tp n=0 rho=[0.000 0.000 0.000] gr=0.00000 fl=0.000 | ba n=25870 rho=[0.018 0.328 0.705] gr=0.00002 fl=0.920
t=   58.00 -1.07e-15 | 1.6619 16.38  22119   26   8300   8354 | 1.4320 15.00 | 4.30e-03 1.51e-02 |   0.0000 0.0000  0.0000  0.0000 0.000  0.00
# REG t=58.00 tp n=0 rho=[0.000 0.000 0.000] gr=0.00000 fl=0.000 | ba n=25871 rho=[0.023 0.357 0.721] gr=0.00002 fl=0.920
# QATOM t=58.40 dir=FD w=1.3474818 e=0.246627147178 i=1642 Em=0.1437
t=   60.00 -1.21e-15 | 1.6614 16.37  22098   31   8477   8553 | 1.4318 15.00 | 4.55e-03 1.13e-02 |   0.0000 0.0000  0.0000  0.0000 0.000  0.00
# REG t=60.00 tp n=0 rho=[0.000 0.000 0.000] gr=0.00000 fl=0.000 | ba n=25844 rho=[0.028 0.371 0.735] gr=0.00003 fl=0.921
t=   62.00 -1.21e-15 | 1.6610 16.37  22096   33   8688   8752 | 1.4319 15.01 | 2.29e-03 1.22e-02 |   0.0000 0.0000  0.0000  0.0000 0.000  0.00
# REG t=62.00 tp n=0 rho=[0.000 0.000 0.000] gr=0.00000 fl=0.000 | ba n=25854 rho=[0.034 0.388 0.739] gr=0.00003 fl=0.921
t=   64.00 -1.07e-15 | 1.6609 16.39  22132   24   8880   8924 | 1.4323 15.01 | 5.58e-03 1.43e-02 |   0.0000 0.0000  0.0000  0.0000 0.000  0.00
# REG t=64.00 tp n=0 rho=[0.000 0.000 0.000] gr=0.00000 fl=0.000 | ba n=25883 rho=[0.039 0.405 0.751] gr=0.00003 fl=0.920
t=   66.00 -1.21e-15 | 1.6605 16.39  22120   20   9040   9122 | 1.4321 15.00 | 6.47e-03 1.89e-02 |   0.0000 0.0000  0.0000  0.0000 0.000  0.00
# REG t=66.00 tp n=0 rho=[0.000 0.000 0.000] gr=0.00000 fl=0.000 | ba n=25849 rho=[0.047 0.418 0.762] gr=0.00003 fl=0.922
t=   68.00 -1.21e-15 | 1.6602 16.36  22092   17   9232   9296 | 1.4316 14.99 | 5.67e-03 1.39e-02 |   0.0000 0.0000  0.0000  0.0000 0.000  0.00
# REG t=68.00 tp n=0 rho=[0.000 0.000 0.000] gr=0.00000 fl=0.000 | ba n=25870 rho=[0.054 0.434 0.770] gr=0.00003 fl=0.921
t=   70.00 -1.21e-15 | 1.6601 16.36  22090   17   9402   9479 | 1.4315 14.98 | 8.54e-03 2.03e-02 |   0.0000 0.0000  0.0000  0.0000 0.000  0.00
# REG t=70.00 tp n=0 rho=[0.000 0.000 0.000] gr=0.00000 fl=0.000 | ba n=25857 rho=[0.062 0.452 0.780] gr=0.00003 fl=0.922
# QATOM t=70.22 dir=FD w=1.52256995 e=0.278673213499 i=274 Em=0.1323
t=   72.00 -1.21e-15 | 1.6597 16.37  22094   22   9616   9673 | 1.4314 14.98 | 7.11e-03 1.67e-02 |   0.0000 0.0000  0.0000  0.0000 0.000  0.00
# REG t=72.00 tp n=0 rho=[0.000 0.000 0.000] gr=0.00000 fl=0.000 | ba n=25872 rho=[0.068 0.464 0.786] gr=0.00003 fl=0.922
t=   74.00 -1.21e-15 | 1.6594 16.35  22068   17   9796   9859 | 1.4310 14.96 | 4.79e-03 1.73e-02 |   0.0000 0.0000  0.0000  0.0000 0.000  0.00
# REG t=74.00 tp n=0 rho=[0.000 0.000 0.000] gr=0.00000 fl=0.000 | ba n=25871 rho=[0.075 0.477 0.790] gr=0.00003 fl=0.921
t=   76.00 -1.21e-15 | 1.6594 16.34  22060   21   9970  10052 | 1.4309 14.96 | 3.18e-03 1.55e-02 |   0.0000 0.0000  0.0000  0.0000 0.000  0.00
# REG t=76.00 tp n=0 rho=[0.000 0.000 0.000] gr=0.00000 fl=0.000 | ba n=25848 rho=[0.083 0.486 0.798] gr=0.00003 fl=0.922
t=   78.00 -1.21e-15 | 1.6595 16.33  22047   25  10182  10250 | 1.4308 14.96 | 4.42e-03 1.64e-02 |   0.0000 0.0000  0.0000  0.0000 0.000  0.00
# REG t=78.00 tp n=0 rho=[0.000 0.000 0.000] gr=0.00000 fl=0.000 | ba n=25858 rho=[0.089 0.499 0.799] gr=0.00003 fl=0.921
t=   80.00 -1.21e-15 | 1.6593 16.32  22031   16  10369  10454 | 1.4305 14.96 | 4.49e-03 1.49e-02 |   0.0000 0.0000  0.0000  0.0000 0.000  0.00
# REG t=80.00 tp n=0 rho=[0.000 0.000 0.000] gr=0.00000 fl=0.000 | ba n=25850 rho=[0.093 0.502 0.805] gr=0.00003 fl=0.922
# QATOM t=81.40 dir=FD w=1.62172038 e=0.29682053717 i=339 Em=0.0324
t=   82.00 -1.21e-15 | 1.6594 16.34  22063   24  10570  10658 | 1.4309 14.96 | 7.80e-03 1.82e-02 |   0.0000 0.0000  0.0000  0.0000 0.000  0.00
# REG t=82.00 tp n=0 rho=[0.000 0.000 0.000] gr=0.00000 fl=0.000 | ba n=25839 rho=[0.097 0.510 0.809] gr=0.00004 fl=0.921
t=   84.00 -1.21e-15 | 1.6593 16.35  22077   21  10751  10880 | 1.4310 14.95 | 5.75e-03 1.83e-02 |   0.0000 0.0000  0.0000  0.0000 0.000  0.00
# REG t=84.00 tp n=0 rho=[0.000 0.000 0.000] gr=0.00000 fl=0.000 | ba n=25801 rho=[0.104 0.516 0.815] gr=0.00004 fl=0.923
t=   86.00 -1.21e-15 | 1.6595 16.35  22074   21  10962  11096 | 1.4309 14.95 | 3.82e-03 1.62e-02 |   0.0000 0.0000  0.0000  0.0000 0.000  0.00
# REG t=86.00 tp n=0 rho=[0.000 0.000 0.000] gr=0.00000 fl=0.000 | ba n=25796 rho=[0.108 0.519 0.814] gr=0.00004 fl=0.924
t=   88.00 -1.21e-15 | 1.6596 16.34  22060   19  11210  11327 | 1.4307 14.95 | 7.24e-03 1.47e-02 |   0.0000 0.0000  0.0000  0.0000 0.000  0.00
# REG t=88.00 tp n=0 rho=[0.000 0.000 0.000] gr=0.00000 fl=0.000 | ba n=25815 rho=[0.110 0.526 0.820] gr=0.00004 fl=0.923
t=   90.00 -1.21e-15 | 1.6598 16.33  22047   22  11431  11528 | 1.4305 14.95 | 3.47e-03 1.49e-02 |   0.0000 0.0000  0.0000  0.0000 0.000  0.00
# REG t=90.00 tp n=0 rho=[0.000 0.000 0.000] gr=0.00000 fl=0.000 | ba n=25832 rho=[0.111 0.529 0.823] gr=0.00004 fl=0.922
# QATOM t=91.26 dir=DF w=2.18053807 e=0.399099924102 i=399 Em=0.6841
t=   92.00 -1.21e-15 | 1.6596 16.32  22032   17  11644  11740 | 1.4304 14.95 | 1.19e-02 2.63e-02 |   0.0000 0.0000  0.0000  0.0000 0.000  0.00
# REG t=92.00 tp n=0 rho=[0.000 0.000 0.000] gr=0.00000 fl=0.000 | ba n=25838 rho=[0.115 0.529 0.823] gr=0.00004 fl=0.922
t=   94.00 -1.21e-15 | 1.6593 16.31  22022   16  11861  11968 | 1.4302 14.94 | 5.61e-03 1.99e-02 |   0.0000 0.0000  0.0000  0.0000 0.000  0.00
# REG t=94.00 tp n=0 rho=[0.000 0.000 0.000] gr=0.00000 fl=0.000 | ba n=25828 rho=[0.117 0.533 0.824] gr=0.00004 fl=0.922
t=   96.00 -1.21e-15 | 1.6593 16.32  22029   24  12092  12213 | 1.4302 14.94 | 3.41e-03 1.41e-02 |   0.0000 0.0000  0.0000  0.0000 0.000  0.00
# REG t=96.00 tp n=0 rho=[0.000 0.000 0.000] gr=0.00000 fl=0.000 | ba n=25806 rho=[0.123 0.538 0.829] gr=0.00004 fl=0.923
t=   98.00 -1.21e-15 | 1.6589 16.30  22009   30  12317  12437 | 1.4300 14.94 | 8.07e-03 1.86e-02 |   0.0000 0.0000  0.0000  0.0000 0.000  0.00
# REG t=98.00 tp n=0 rho=[0.000 0.000 0.000] gr=0.00000 fl=0.000 | ba n=25801 rho=[0.124 0.540 0.826] gr=0.00004 fl=0.923
t=  100.00 -1.21e-15 | 1.6588 16.30  22007   20  12528  12646 | 1.4299 14.93 | 2.98e-03 1.26e-02 |   0.0000 0.0000  0.0000  0.0000 0.000  0.00
# REG t=100.00 tp n=0 rho=[0.000 0.000 0.000] gr=0.00000 fl=0.000 | ba n=25813 rho=[0.125 0.550 0.829] gr=0.00004 fl=0.923
t=  102.00 -1.21e-15 | 1.6587 16.31  22016   24  12717  12861 | 1.4300 14.93 | 9.67e-03 2.16e-02 |   0.0000 0.0000  0.0000  0.0000 0.000  0.00
# REG t=102.00 tp n=0 rho=[0.000 0.000 0.000] gr=0.00000 fl=0.000 | ba n=25783 rho=[0.129 0.550 0.831] gr=0.00004 fl=0.923
# QATOM t=102.26 dir=FD w=1.46568726 e=0.26826207765 i=303 Em=0.0935
t=  104.00 -1.21e-15 | 1.6588 16.30  22008   20  12918  13049 | 1.4300 14.94 | 3.38e-03 1.68e-02 |   0.0000 0.0000  0.0000  0.0000 0.000  0.00
# REG t=104.00 tp n=0 rho=[0.000 0.000 0.000] gr=0.00000 fl=0.000 | ba n=25800 rho=[0.128 0.556 0.838] gr=0.00004 fl=0.922
t=  106.00 -1.21e-15 | 1.6592 16.32  22026   25  13137  13281 | 1.4302 14.94 | 3.69e-03 1.21e-02 |   0.0000 0.0000  0.0000  0.0000 0.000  0.00
# REG t=106.00 tp n=0 rho=[0.000 0.000 0.000] gr=0.00000 fl=0.000 | ba n=25782 rho=[0.131 0.557 0.839] gr=0.00004 fl=0.923
t=  108.00 -1.21e-15 | 1.6594 16.32  22026   19  13337  13492 | 1.4303 14.94 | 5.15e-03 1.64e-02 |   0.0000 0.0000  0.0000  0.0000 0.000  0.00
# REG t=108.00 tp n=0 rho=[0.000 0.000 0.000] gr=0.00000 fl=0.000 | ba n=25777 rho=[0.136 0.557 0.839] gr=0.00004 fl=0.924
t=  110.00 -1.21e-15 | 1.6593 16.33  22043   22  13574  13711 | 1.4304 14.94 | 4.97e-03 1.24e-02 |   0.0000 0.0000  0.0000  0.0000 0.000  0.00
# REG t=110.00 tp n=0 rho=[0.000 0.000 0.000] gr=0.00000 fl=0.000 | ba n=25792 rho=[0.134 0.562 0.839] gr=0.00004 fl=0.923
t=  112.00 -1.21e-15 | 1.6592 16.33  22039   15  13797  13928 | 1.4303 14.93 | 3.27e-03 1.22e-02 |   0.0000 0.0000  0.0000  0.0000 0.000  0.00
# REG t=112.00 tp n=0 rho=[0.000 0.000 0.000] gr=0.00000 fl=0.000 | ba n=25805 rho=[0.137 0.566 0.842] gr=0.00004 fl=0.923
# QATOM t=112.54 dir=DF w=1.9591191 e=0.358574012335 i=1512 Em=0.9878
t=  114.00 -1.21e-15 | 1.6595 16.31  22021   25  14024  14149 | 1.4301 14.93 | 7.66e-03 1.84e-02 |   0.0000 0.0000  0.0000  0.0000 0.000  0.00
# REG t=114.00 tp n=0 rho=[0.000 0.000 0.000] gr=0.00000 fl=0.000 | ba n=25801 rho=[0.136 0.567 0.844] gr=0.00005 fl=0.923
t=  116.00 -1.21e-15 | 1.6595 16.30  22010   19  14277  14383 | 1.4299 14.93 | 6.12e-03 1.52e-02 |   0.0000 0.0000  0.0000  0.0000 0.000  0.00
# REG t=116.00 tp n=0 rho=[0.000 0.000 0.000] gr=0.00000 fl=0.000 | ba n=25826 rho=[0.135 0.562 0.841] gr=0.00005 fl=0.922
t=  118.00 -1.21e-15 | 1.6596 16.31  22022   17  14498  14611 | 1.4299 14.92 | 3.35e-03 1.08e-02 |   0.0000 0.0000  0.0000  0.0000 0.000  0.00
# REG t=118.00 tp n=0 rho=[0.000 0.000 0.000] gr=0.00000 fl=0.000 | ba n=25821 rho=[0.134 0.555 0.839] gr=0.00005 fl=0.923
t=  120.00 -1.21e-15 | 1.6597 16.32  22029   22  14701  14851 | 1.4298 14.91 | 5.45e-03 1.38e-02 |   0.0000 0.0000  0.0000  0.0000 0.000  0.00
# REG t=120.00 tp n=0 rho=[0.000 0.000 0.000] gr=0.00000 fl=0.000 | ba n=25779 rho=[0.136 0.558 0.843] gr=0.00005 fl=0.924
# QATOM t=120.86 dir=FD w=1.50213573 e=0.274933176379 i=1959 Em=0.1161
t=  122.00 -1.21e-15 | 1.6593 16.30  22000   16  14910  15085 | 1.4295 14.90 | 5.10e-03 1.72e-02 |   0.0000 0.0000  0.0000  0.0000 0.000  0.00
# REG t=122.00 tp n=0 rho=[0.000 0.000 0.000] gr=0.00000 fl=0.000 | ba n=25760 rho=[0.135 0.558 0.847] gr=0.00005 fl=0.925
t=  124.00 -1.21e-15 | 1.6592 16.30  22006   22  15144  15303 | 1.4295 14.90 | 6.46e-03 1.68e-02 |   0.0000 0.0000  0.0000  0.0000 0.000  0.00
# REG t=124.00 tp n=0 rho=[0.000 0.000 0.000] gr=0.00000 fl=0.000 | ba n=25770 rho=[0.133 0.559 0.844] gr=0.00005 fl=0.925
t=  126.00 -1.21e-15 | 1.6597 16.29  21988   23  15355  15486 | 1.4293 14.90 | 5.82e-03 1.53e-02 |   0.0000 0.0000  0.0000  0.0000 0.000  0.00
# REG t=126.00 tp n=0 rho=[0.000 0.000 0.000] gr=0.00000 fl=0.000 | ba n=25797 rho=[0.133 0.558 0.845] gr=0.00005 fl=0.924
t=  128.00 -1.21e-15 | 1.6602 16.31  22016   10  15581  15709 | 1.4297 14.90 | 4.14e-03 1.12e-02 |   0.0000 0.0000  0.0000  0.0000 0.000  0.00
# REG t=128.00 tp n=0 rho=[0.000 0.000 0.000] gr=0.00000 fl=0.000 | ba n=25813 rho=[0.133 0.559 0.845] gr=0.00005 fl=0.924
# QATOM t=129.92 dir=DF w=2.19809933 e=0.402314129375 i=1765 Em=0.6633
t=  130.00 -1.21e-15 | 1.6603 16.31  22024   16  15821  15940 | 1.4299 14.91 | 4.39e-03 1.19e-02 |   0.0000 0.0000  0.0000  0.0000 0.000  0.00
# REG t=130.00 tp n=0 rho=[0.000 0.000 0.000] gr=0.00000 fl=0.000 | ba n=25816 rho=[0.133 0.556 0.845] gr=0.00005 fl=0.924
t=  132.00 -1.21e-15 | 1.6602 16.31  22025   19  16048  16177 | 1.4297 14.90 | 5.43e-03 1.43e-02 |   0.0000 0.0000  0.0000  0.0000 0.000  0.00
# REG t=132.00 tp n=0 rho=[0.000 0.000 0.000] gr=0.00000 fl=0.000 | ba n=25803 rho=[0.136 0.558 0.844] gr=0.00005 fl=0.925
t=  134.00 -1.21e-15 | 1.6599 16.32  22027   29  16290  16400 | 1.4298 14.90 | 5.09e-03 2.00e-02 |   0.0000 0.0000  0.0000  0.0000 0.000  0.00
# REG t=134.00 tp n=0 rho=[0.000 0.000 0.000] gr=0.00000 fl=0.000 | ba n=25812 rho=[0.135 0.562 0.847] gr=0.00005 fl=0.925
t=  136.00 -1.21e-15 | 1.6594 16.31  22020   20  16531  16659 | 1.4297 14.90 | 5.84e-03 1.49e-02 |   0.0000 0.0000  0.0000  0.0000 0.000  0.00
# REG t=136.00 tp n=0 rho=[0.000 0.000 0.000] gr=0.00000 fl=0.000 | ba n=25803 rho=[0.137 0.563 0.846] gr=0.00005 fl=0.925
# QATOM t=137.84 dir=FD w=1.39586894 e=0.255483357559 i=1814 Em=0.3776
t=  138.00 -1.21e-15 | 1.6594 16.31  22013   17  16740  16869 | 1.4296 14.90 | 2.46e-03 1.11e-02 |   0.0000 0.0000  0.0000  0.0000 0.000  0.00
# REG t=138.00 tp n=0 rho=[0.000 0.000 0.000] gr=0.00000 fl=0.000 | ba n=25805 rho=[0.136 0.558 0.846] gr=0.00005 fl=0.925
t=  140.00 -1.21e-15 | 1.6595 16.31  22016   27  16953  17097 | 1.4296 14.90 | 5.81e-03 1.50e-02 |   0.0000 0.0000  0.0000  0.0000 0.000  0.00
# REG t=140.00 tp n=0 rho=[0.000 0.000 0.000] gr=0.00000 fl=0.000 | ba n=25780 rho=[0.136 0.559 0.845] gr=0.00005 fl=0.925
t=  142.00 -1.21e-15 | 1.6596 16.30  22009   18  17201  17338 | 1.4294 14.89 | 5.31e-03 1.46e-02 |   0.0000 0.0000  0.0000  0.0000 0.000  0.00
# REG t=142.00 tp n=0 rho=[0.000 0.000 0.000] gr=0.00000 fl=0.000 | ba n=25796 rho=[0.136 0.561 0.845] gr=0.00005 fl=0.925
t=  144.00 -1.21e-15 | 1.6594 16.30  22010   24  17425  17557 | 1.4294 14.89 | 8.22e-03 2.51e-02 |   0.0000 0.0000  0.0000  0.0000 0.000  0.00
# REG t=144.00 tp n=0 rho=[0.000 0.000 0.000] gr=0.00000 fl=0.000 | ba n=25795 rho=[0.134 0.560 0.845] gr=0.00005 fl=0.925
# QATOM t=145.98 dir=DF w=2.56689596 e=0.469814307541 i=1933 Em=0.4872
t=  146.00 -1.21e-15 | 1.6592 16.30  21999    9  17636  17795 | 1.4293 14.89 | 5.75e-03 1.72e-02 |   0.0000 0.0000  0.0000  0.0000 0.000  0.00
# REG t=146.00 tp n=0 rho=[0.000 0.000 0.000] gr=0.00000 fl=0.000 | ba n=25783 rho=[0.134 0.559 0.843] gr=0.00005 fl=0.925
t=  148.00 -1.21e-15 | 1.6596 16.29  21991   20  17869  18000 | 1.4293 14.90 | 1.05e-02 2.76e-02 |   0.0000 0.0000  0.0000  0.0000 0.000  0.00
# REG t=148.00 tp n=0 rho=[0.000 0.000 0.000] gr=0.00000 fl=0.000 | ba n=25800 rho=[0.134 0.553 0.844] gr=0.00005 fl=0.925
t=  150.00 -1.21e-15 | 1.6599 16.30  21999   22  18102  18247 | 1.4294 14.90 | 4.47e-03 1.31e-02 |   0.0000 0.0000  0.0000  0.0000 0.000  0.00
# REG t=150.00 tp n=0 rho=[0.000 0.000 0.000] gr=0.00000 fl=0.000 | ba n=25784 rho=[0.134 0.554 0.846] gr=0.00005 fl=0.925
t=  152.00 -1.21e-15 | 1.6598 16.28  21974   16  18333  18482 | 1.4291 14.90 | 5.21e-03 1.28e-02 |   0.0000 0.0000  0.0000  0.0000 0.000  0.00
# REG t=152.00 tp n=0 rho=[0.000 0.000 0.000] gr=0.00000 fl=0.000 | ba n=25786 rho=[0.134 0.556 0.845] gr=0.00005 fl=0.925
t=  154.00 -1.21e-15 | 1.6596 16.27  21964   15  18567  18696 | 1.4290 14.89 | 3.46e-03 1.67e-02 |   0.0000 0.0000  0.0000  0.0000 0.000  0.00
# REG t=154.00 tp n=0 rho=[0.000 0.000 0.000] gr=0.00000 fl=0.000 | ba n=25807 rho=[0.131 0.557 0.845] gr=0.00005 fl=0.924
# QATOM t=155.14 dir=FD w=1.62457176 e=0.29734242025 i=1536 Em=0.0041
t=  156.00 -1.21e-15 | 1.6599 16.27  21965   21  18827  18944 | 1.4290 14.89 | 5.38e-03 1.21e-02 |   0.0000 0.0000  0.0000  0.0000 0.000  0.00
# REG t=156.00 tp n=0 rho=[0.000 0.000 0.000] gr=0.00000 fl=0.000 | ba n=25813 rho=[0.130 0.556 0.846] gr=0.00005 fl=0.924
t=  158.00 -1.21e-15 | 1.6597 16.26  21946   25  19089  19185 | 1.4288 14.89 | 3.77e-03 1.21e-02 |   0.0000 0.0000  0.0000  0.0000 0.000  0.00
# REG t=158.00 tp n=0 rho=[0.000 0.000 0.000] gr=0.00000 fl=0.000 | ba n=25830 rho=[0.129 0.556 0.847] gr=0.00005 fl=0.924
t=  160.00 -1.21e-15 | 1.6595 16.27  21962   28  19338  19429 | 1.4289 14.89 | 6.66e-03 1.41e-02 |   0.0000 0.0000  0.0000  0.0000 0.000  0.00
# REG t=160.00 tp n=0 rho=[0.000 0.000 0.000] gr=0.00000 fl=0.000 | ba n=25832 rho=[0.130 0.553 0.846] gr=0.00005 fl=0.923
t=  162.00 -1.21e-15 | 1.6595 16.28  21974   16  19546  19674 | 1.4290 14.88 | 6.77e-03 1.64e-02 |   0.0000 0.0000  0.0000  0.0000 0.000  0.00
# REG t=162.00 tp n=0 rho=[0.000 0.000 0.000] gr=0.00000 fl=0.000 | ba n=25807 rho=[0.133 0.552 0.846] gr=0.00005 fl=0.924
# QATOM t=163.92 dir=DF w=2.45437762 e=0.449220279895 i=1804 Em=0.5224
t=  164.00 -1.21e-15 | 1.6594 16.27  21968   27  19764  19887 | 1.4289 14.88 | 1.23e-02 2.99e-02 |   0.0000 0.0000  0.0000  0.0000 0.000  0.00
# REG t=164.00 tp n=0 rho=[0.000 0.000 0.000] gr=0.00000 fl=0.000 | ba n=25801 rho=[0.132 0.553 0.847] gr=0.00005 fl=0.924
t=  166.00 -1.21e-15 | 1.6596 16.29  21985   22  20007  20106 | 1.4291 14.88 | 4.97e-03 1.43e-02 |   0.0000 0.0000  0.0000  0.0000 0.000  0.00
# REG t=166.00 tp n=0 rho=[0.000 0.000 0.000] gr=0.00000 fl=0.000 | ba n=25830 rho=[0.132 0.552 0.848] gr=0.00005 fl=0.923
t=  168.00 -1.21e-15 | 1.6594 16.28  21974   19  20249  20326 | 1.4289 14.88 | 6.17e-03 1.55e-02 |   0.0000 0.0000  0.0000  0.0000 0.000  0.00
# REG t=168.00 tp n=0 rho=[0.000 0.000 0.000] gr=0.00000 fl=0.000 | ba n=25855 rho=[0.133 0.552 0.849] gr=0.00005 fl=0.922
t=  170.00 -1.21e-15 | 1.6594 16.30  22001   25  20470  20552 | 1.4292 14.87 | 9.17e-03 2.23e-02 |   0.0000 0.0000  0.0000  0.0000 0.000  0.00
# REG t=170.00 tp n=0 rho=[0.000 0.000 0.000] gr=0.00000 fl=0.000 | ba n=25844 rho=[0.131 0.553 0.852] gr=0.00006 fl=0.923
t=  172.00 -1.21e-15 | 1.6594 16.32  22027   23  20703  20810 | 1.4295 14.87 | 5.93e-03 1.76e-02 |   0.0000 0.0000  0.0000  0.0000 0.000  0.00
# REG t=172.00 tp n=0 rho=[0.000 0.000 0.000] gr=0.00000 fl=0.000 | ba n=25821 rho=[0.131 0.555 0.850] gr=0.00006 fl=0.924
# QATOM t=173.34 dir=DF w=2.34952057 e=0.4300284843 i=1556 Em=0.4757
t=  174.00 -1.21e-15 | 1.6595 16.30  22001   10  20938  21037 | 1.4293 14.88 | 5.67e-03 1.44e-02 |   0.0000 0.0000  0.0000  0.0000 0.000  0.00
# REG t=174.00 tp n=0 rho=[0.000 0.000 0.000] gr=0.00000 fl=0.000 | ba n=25842 rho=[0.131 0.557 0.852] gr=0.00006 fl=0.923
t=  176.00 -1.21e-15 | 1.6596 16.30  22000   21  21140  21263 | 1.4293 14.88 | 8.03e-03 1.82e-02 |   0.0000 0.0000  0.0000  0.0000 0.000  0.00
# REG t=176.00 tp n=0 rho=[0.000 0.000 0.000] gr=0.00000 fl=0.000 | ba n=25807 rho=[0.135 0.556 0.853] gr=0.00006 fl=0.925
t=  178.00 -1.21e-15 | 1.6595 16.31  22017   26  21396  21514 | 1.4295 14.88 | 4.48e-03 1.45e-02 |   0.0000 0.0000  0.0000  0.0000 0.000  0.00
# REG t=178.00 tp n=0 rho=[0.000 0.000 0.000] gr=0.00000 fl=0.000 | ba n=25807 rho=[0.135 0.561 0.853] gr=0.00006 fl=0.925
t=  180.00 -1.21e-15 | 1.6593 16.32  22030   19  21614  21730 | 1.4296 14.88 | 7.48e-03 1.92e-02 |   0.0000 0.0000  0.0000  0.0000 0.000  0.00
# REG t=180.00 tp n=0 rho=[0.000 0.000 0.000] gr=0.00000 fl=0.000 | ba n=25816 rho=[0.135 0.559 0.854] gr=0.00006 fl=0.925
t=  182.00 -1.21e-15 | 1.6593 16.30  22007   29  21845  21971 | 1.4294 14.88 | 6.71e-03 1.98e-02 |   0.0000 0.0000  0.0000  0.0000 0.000  0.00
# REG t=182.00 tp n=0 rho=[0.000 0.000 0.000] gr=0.00000 fl=0.000 | ba n=25796 rho=[0.134 0.558 0.856] gr=0.00006 fl=0.926
# QATOM t=182.22 dir=FD w=1.44161336 e=0.263855875278 i=2419 Em=0.2106
t=  184.00 -1.21e-15 | 1.6595 16.32  22031   21  22096  22208 | 1.4298 14.89 | 7.02e-03 2.00e-02 |   0.0000 0.0000  0.0000  0.0000 0.000  0.00
# REG t=184.00 tp n=0 rho=[0.000 0.000 0.000] gr=0.00000 fl=0.000 | ba n=25818 rho=[0.133 0.559 0.854] gr=0.00006 fl=0.925
t=  186.00 -1.21e-15 | 1.6596 16.32  22029   11  22330  22456 | 1.4297 14.88 | 1.17e-02 2.42e-02 |   0.0000 0.0000  0.0000  0.0000 0.000  0.00
# REG t=186.00 tp n=0 rho=[0.000 0.000 0.000] gr=0.00000 fl=0.000 | ba n=25814 rho=[0.131 0.555 0.853] gr=0.00006 fl=0.925
t=  188.00 -1.21e-15 | 1.6597 16.31  22025   16  22553  22694 | 1.4296 14.88 | 6.53e-03 1.89e-02 |   0.0000 0.0000  0.0000  0.0000 0.000  0.00
# REG t=188.00 tp n=0 rho=[0.000 0.000 0.000] gr=0.00000 fl=0.000 | ba n=25794 rho=[0.131 0.554 0.855] gr=0.00006 fl=0.926
t=  190.00 -1.21e-15 | 1.6597 16.31  22017   13  22821  22960 | 1.4295 14.88 | 4.56e-03 1.33e-02 |   0.0000 0.0000  0.0000  0.0000 0.000  0.00
# REG t=190.00 tp n=0 rho=[0.000 0.000 0.000] gr=0.00000 fl=0.000 | ba n=25799 rho=[0.129 0.555 0.854] gr=0.00006 fl=0.926
# QATOM t=191.08 dir=FD w=1.50155203 e=0.274826341926 i=832 Em=0.1930
t=  192.00 -1.21e-15 | 1.6599 16.30  22002   11  23079  23201 | 1.4294 14.88 | 5.14e-03 1.59e-02 |   0.0000 0.0000  0.0000  0.0000 0.000  0.00
# REG t=192.00 tp n=0 rho=[0.000 0.000 0.000] gr=0.00000 fl=0.000 | ba n=25818 rho=[0.129 0.551 0.853] gr=0.00006 fl=0.926
t=  194.00 -1.21e-15 | 1.6600 16.30  22006   15  23323  23440 | 1.4295 14.89 | 8.02e-03 2.39e-02 |   0.0000 0.0000  0.0000  0.0000 0.000  0.00
# REG t=194.00 tp n=0 rho=[0.000 0.000 0.000] gr=0.00000 fl=0.000 | ba n=25819 rho=[0.126 0.549 0.851] gr=0.00006 fl=0.925
t=  196.00 -1.21e-15 | 1.6601 16.30  22002   17  23559  23670 | 1.4294 14.88 | 5.10e-03 2.32e-02 |   0.0000 0.0000  0.0000  0.0000 0.000  0.00
# REG t=196.00 tp n=0 rho=[0.000 0.000 0.000] gr=0.00000 fl=0.000 | ba n=25823 rho=[0.124 0.549 0.852] gr=0.00006 fl=0.925
t=  198.00 -1.21e-15 | 1.6601 16.30  22004   23  23779  23891 | 1.4294 14.88 | 6.19e-03 1.62e-02 |   0.0000 0.0000  0.0000  0.0000 0.000  0.00
# REG t=198.00 tp n=0 rho=[0.000 0.000 0.000] gr=0.00000 fl=0.000 | ba n=25816 rho=[0.125 0.551 0.853] gr=0.00006 fl=0.925
t=  200.00 -1.21e-15 | 1.6601 16.29  21987   17  24041  24139 | 1.4292 14.88 | 4.92e-03 1.67e-02 |   0.0000 0.0000  0.0000  0.0000 0.000  0.00
# REG t=200.00 tp n=0 rho=[0.000 0.000 0.000] gr=0.00000 fl=0.000 | ba n=25836 rho=[0.125 0.550 0.854] gr=0.00006 fl=0.925
# QATOM t=200.62 dir=FD w=1.54609317 e=0.28297862631 i=1509 Em=0.0767
t=  202.00 -1.21e-15 | 1.6601 16.28  21975   15  24288  24391 | 1.4290 14.88 | 1.27e-02 2.58e-02 |   0.0000 0.0000  0.0000  0.0000 0.000  0.00
# REG t=202.00 tp n=0 rho=[0.000 0.000 0.000] gr=0.00000 fl=0.000 | ba n=25833 rho=[0.125 0.550 0.854] gr=0.00006 fl=0.924
t=  204.00 -1.21e-15 | 1.6603 16.29  21994   18  24511  24616 | 1.4292 14.88 | 4.19e-03 1.48e-02 |   0.0000 0.0000  0.0000  0.0000 0.000  0.00
# REG t=204.00 tp n=0 rho=[0.000 0.000 0.000] gr=0.00000 fl=0.000 | ba n=25828 rho=[0.127 0.551 0.853] gr=0.00006 fl=0.925
t=  206.00 -1.21e-15 | 1.6606 16.30  22003   21  24758  24866 | 1.4293 14.88 | 1.40e-02 3.79e-02 |   0.0000 0.0000  0.0000  0.0000 0.000  0.00
# REG t=206.00 tp n=0 rho=[0.000 0.000 0.000] gr=0.00000 fl=0.000 | ba n=25822 rho=[0.127 0.551 0.852] gr=0.00006 fl=0.925
t=  208.00 -1.21e-15 | 1.6605 16.29  21997   15  25016  25138 | 1.4292 14.88 | 5.07e-03 1.96e-02 |   0.0000 0.0000  0.0000  0.0000 0.000  0.00
# REG t=208.00 tp n=0 rho=[0.000 0.000 0.000] gr=0.00000 fl=0.000 | ba n=25814 rho=[0.126 0.551 0.852] gr=0.00006 fl=0.925
# QATOM t=209.26 dir=FD w=1.41963354 e=0.259832949364 i=1418 Em=0.3150
t=  210.00 -1.21e-15 | 1.6604 16.30  22006   26  25258  25393 | 1.4293 14.87 | 6.56e-03 1.46e-02 |   0.0000 0.0000  0.0000  0.0000 0.000  0.00
# REG t=210.00 tp n=0 rho=[0.000 0.000 0.000] gr=0.00000 fl=0.000 | ba n=25790 rho=[0.122 0.547 0.851] gr=0.00006 fl=0.925
t=  212.00 -1.21e-15 | 1.6603 16.28  21978   18  25525  25663 | 1.4290 14.87 | 6.87e-03 2.16e-02 |   0.0000 0.0000  0.0000  0.0000 0.000  0.00
# REG t=212.00 tp n=0 rho=[0.000 0.000 0.000] gr=0.00000 fl=0.000 | ba n=25795 rho=[0.124 0.551 0.850] gr=0.00006 fl=0.924
t=  214.00 -1.21e-15 | 1.6604 16.31  22014   22  25809  25921 | 1.4295 14.88 | 5.66e-03 1.34e-02 |   0.0000 0.0000  0.0000  0.0000 0.000  0.00
# REG t=214.00 tp n=0 rho=[0.000 0.000 0.000] gr=0.00000 fl=0.000 | ba n=25817 rho=[0.124 0.551 0.852] gr=0.00006 fl=0.923
t=  216.00 -1.21e-15 | 1.6605 16.32  22028   26  26065  26199 | 1.4295 14.87 | 5.98e-03 1.34e-02 |   0.0000 0.0000  0.0000  0.0000 0.000  0.00
# REG t=216.00 tp n=0 rho=[0.000 0.000 0.000] gr=0.00000 fl=0.000 | ba n=25791 rho=[0.126 0.550 0.850] gr=0.00006 fl=0.925
# QATOM t=217.66 dir=FD w=1.51762637 e=0.277768398456 i=582 Em=0.1033
t=  218.00 -1.21e-15 | 1.6608 16.32  22038   22  26321  26468 | 1.4297 14.87 | 4.81e-03 1.49e-02 |   0.0000 0.0000  0.0000  0.0000 0.000  0.00
# REG t=218.00 tp n=0 rho=[0.000 0.000 0.000] gr=0.00000 fl=0.000 | ba n=25782 rho=[0.127 0.543 0.850] gr=0.00006 fl=0.925
t=  220.00 -1.21e-15 | 1.6608 16.33  22044   13  26580  26735 | 1.4298 14.88 | 1.34e-02 2.69e-02 |   0.0000 0.0000  0.0000  0.0000 0.000  0.00
# REG t=220.00 tp n=0 rho=[0.000 0.000 0.000] gr=0.00000 fl=0.000 | ba n=25783 rho=[0.127 0.544 0.848] gr=0.00006 fl=0.925
t=  222.00 -1.21e-15 | 1.6605 16.32  22027   19  26844  26976 | 1.4296 14.88 | 4.86e-03 1.80e-02 |   0.0000 0.0000  0.0000  0.0000 0.000  0.00
# REG t=222.00 tp n=0 rho=[0.000 0.000 0.000] gr=0.00000 fl=0.000 | ba n=25800 rho=[0.126 0.539 0.848] gr=0.00006 fl=0.925
t=  224.00 -1.21e-15 | 1.6604 16.33  22045   13  27085  27252 | 1.4299 14.88 | 6.26e-03 1.77e-02 |   0.0000 0.0000  0.0000  0.0000 0.000  0.00
# REG t=224.00 tp n=0 rho=[0.000 0.000 0.000] gr=0.00000 fl=0.000 | ba n=25771 rho=[0.126 0.542 0.851] gr=0.00006 fl=0.926
t=  226.00 -1.21e-15 | 1.6602 16.33  22048   21  27282  27455 | 1.4299 14.88 | 5.72e-03 1.31e-02 |   0.0000 0.0000  0.0000  0.0000 0.000  0.00
# REG t=226.00 tp n=0 rho=[0.000 0.000 0.000] gr=0.00000 fl=0.000 | ba n=25757 rho=[0.125 0.538 0.848] gr=0.00006 fl=0.927
# QATOM t=226.52 dir=FD w=1.19804594 e=0.219276173037 i=2373 Em=0.7822
t=  228.00 -1.21e-15 | 1.6603 16.33  22052   20  27542  27717 | 1.4299 14.87 | 5.38e-03 1.76e-02 |   0.0000 0.0000  0.0000  0.0000 0.000  0.00
# REG t=228.00 tp n=0 rho=[0.000 0.000 0.000] gr=0.00000 fl=0.000 | ba n=25756 rho=[0.128 0.537 0.848] gr=0.00006 fl=0.928
t=  230.00 -1.21e-15 | 1.6603 16.33  22052   14  27800  27977 | 1.4297 14.87 | 5.81e-03 1.88e-02 |   0.0000 0.0000  0.0000  0.0000 0.000  0.00
# REG t=230.00 tp n=0 rho=[0.000 0.000 0.000] gr=0.00000 fl=0.000 | ba n=25760 rho=[0.123 0.539 0.849] gr=0.00006 fl=0.928
t=  232.00 -1.21e-15 | 1.6603 16.33  22052   15  28045  28228 | 1.4297 14.87 | 4.81e-03 1.51e-02 |   0.0000 0.0000  0.0000  0.0000 0.000  0.00
# REG t=232.00 tp n=0 rho=[0.000 0.000 0.000] gr=0.00000 fl=0.000 | ba n=25753 rho=[0.124 0.538 0.849] gr=0.00006 fl=0.928
t=  234.00 -1.21e-15 | 1.6603 16.33  22039   19  28299  28468 | 1.4295 14.86 | 9.20e-03 2.07e-02 |   0.0000 0.0000  0.0000  0.0000 0.000  0.00
# REG t=234.00 tp n=0 rho=[0.000 0.000 0.000] gr=0.00000 fl=0.000 | ba n=25763 rho=[0.124 0.540 0.850] gr=0.00006 fl=0.928
t=  236.00 -1.21e-15 | 1.6605 16.33  22052   14  28552  28740 | 1.4297 14.86 | 1.09e-02 3.03e-02 |   0.0000 0.0000  0.0000  0.0000 0.000  0.00
# REG t=236.00 tp n=0 rho=[0.000 0.000 0.000] gr=0.00000 fl=0.000 | ba n=25749 rho=[0.126 0.542 0.852] gr=0.00006 fl=0.928
# QATOM t=236.08 dir=FD w=1.51110499 e=0.276574803492 i=775 Em=0.1771
t=  238.00 -1.21e-15 | 1.6604 16.35  22074   19  28823  28998 | 1.4299 14.86 | 7.21e-03 1.90e-02 |   0.0000 0.0000  0.0000  0.0000 0.000  0.00
# REG t=238.00 tp n=0 rho=[0.000 0.000 0.000] gr=0.00000 fl=0.000 | ba n=25757 rho=[0.125 0.539 0.852] gr=0.00006 fl=0.928
t=  240.00 -1.21e-15 | 1.6604 16.35  22069   17  29059  29234 | 1.4299 14.86 | 9.57e-03 2.41e-02 |   0.0000 0.0000  0.0000  0.0000 0.000  0.00
# REG t=240.00 tp n=0 rho=[0.000 0.000 0.000] gr=0.00000 fl=0.000 | ba n=25759 rho=[0.127 0.539 0.850] gr=0.00006 fl=0.928
t=  242.00 -1.21e-15 | 1.6606 16.35  22070   15  29309  29462 | 1.4299 14.86 | 4.58e-03 1.52e-02 |   0.0000 0.0000  0.0000  0.0000 0.000  0.00
# REG t=242.00 tp n=0 rho=[0.000 0.000 0.000] gr=0.00000 fl=0.000 | ba n=25783 rho=[0.126 0.540 0.852] gr=0.00006 fl=0.927
# QATOM t=243.98 dir=DF w=2.16667347 e=0.396562311877 i=4 Em=0.6569
t=  244.00 -1.21e-15 | 1.6605 16.35  22078   11  29556  29705 | 1.4300 14.86 | 1.01e-02 2.09e-02 |   0.0000 0.0000  0.0000  0.0000 0.000  0.00
# REG t=244.00 tp n=0 rho=[0.000 0.000 0.000] gr=0.00000 fl=0.000 | ba n=25791 rho=[0.125 0.541 0.849] gr=0.00006 fl=0.927
t=  246.00 -1.21e-15 | 1.6606 16.33  22046   17  29784  29942 | 1.4296 14.85 | 1.04e-02 2.05e-02 |   0.0000 0.0000  0.0000  0.0000 0.000  0.00
# REG t=246.00 tp n=0 rho=[0.000 0.000 0.000] gr=0.00000 fl=0.000 | ba n=25776 rho=[0.119 0.541 0.849] gr=0.00006 fl=0.927
t=  248.00 -1.21e-15 | 1.6606 16.31  22022   19  30003  30182 | 1.4293 14.85 | 9.90e-03 2.31e-02 |   0.0000 0.0000  0.0000  0.0000 0.000  0.00
# REG t=248.00 tp n=0 rho=[0.000 0.000 0.000] gr=0.00000 fl=0.000 | ba n=25753 rho=[0.120 0.536 0.849] gr=0.00006 fl=0.927
t=  250.00 -1.21e-15 | 1.6609 16.35  22066   11  30249  30422 | 1.4297 14.85 | 3.91e-03 1.31e-02 |   0.0000 0.0000  0.0000  0.0000 0.000  0.00
# REG t=250.00 tp n=0 rho=[0.000 0.000 0.000] gr=0.00000 fl=0.000 | ba n=25767 rho=[0.118 0.529 0.846] gr=0.00006 fl=0.927
# QATOM t=251.24 dir=FD w=1.62771786 e=0.29791824447 i=1458 Em=0.0270
t=  252.00 -1.21e-15 | 1.6609 16.32  22038   21  30471  30666 | 1.4294 14.85 | 5.89e-03 1.67e-02 |   0.0000 0.0000  0.0000  0.0000 0.000  0.00
# REG t=252.00 tp n=0 rho=[0.000 0.000 0.000] gr=0.00000 fl=0.000 | ba n=25735 rho=[0.116 0.528 0.844] gr=0.00006 fl=0.927
t=  254.00 -1.21e-15 | 1.6608 16.33  22041   25  30729  30907 | 1.4294 14.85 | 6.09e-03 1.47e-02 |   0.0000 0.0000  0.0000  0.0000 0.000  0.00
# REG t=254.00 tp n=0 rho=[0.000 0.000 0.000] gr=0.00000 fl=0.000 | ba n=25748 rho=[0.115 0.530 0.845] gr=0.00006 fl=0.927
t=  256.00 -1.21e-15 | 1.6611 16.32  22036   15  30994  31179 | 1.4294 14.86 | 6.54e-03 2.15e-02 |   0.0000 0.0000  0.0000  0.0000 0.000  0.00
# REG t=256.00 tp n=0 rho=[0.000 0.000 0.000] gr=0.00000 fl=0.000 | ba n=25751 rho=[0.116 0.532 0.848] gr=0.00006 fl=0.926
t=  258.00 -1.21e-15 | 1.6611 16.31  22024   11  31248  31423 | 1.4293 14.85 | 4.80e-03 1.87e-02 |   0.0000 0.0000  0.0000  0.0000 0.000  0.00
# REG t=258.00 tp n=0 rho=[0.000 0.000 0.000] gr=0.00000 fl=0.000 | ba n=25765 rho=[0.112 0.533 0.848] gr=0.00006 fl=0.926
# QATOM t=258.46 dir=FD w=1.42496956 e=0.260809591397 i=881 Em=0.2867
t=  260.00 -1.21e-15 | 1.6614 16.32  22027   15  31478  31655 | 1.4293 14.86 | 6.85e-03 1.74e-02 |   0.0000 0.0000  0.0000  0.0000 0.000  0.00
# REG t=260.00 tp n=0 rho=[0.000 0.000 0.000] gr=0.00000 fl=0.000 | ba n=25759 rho=[0.113 0.529 0.846] gr=0.00006 fl=0.926
t=  262.00 -1.21e-15 | 1.6612 16.31  22016   11  31733  31917 | 1.4292 14.85 | 1.06e-02 2.68e-02 |   0.0000 0.0000  0.0000  0.0000 0.000  0.00
# REG t=262.00 tp n=0 rho=[0.000 0.000 0.000] gr=0.00000 fl=0.000 | ba n=25756 rho=[0.113 0.533 0.848] gr=0.00006 fl=0.926
t=  264.00 -1.21e-15 | 1.6613 16.29  21995   21  31979  32162 | 1.4289 14.85 | 7.09e-03 2.03e-02 |   0.0000 0.0000  0.0000  0.0000 0.000  0.00
# REG t=264.00 tp n=0 rho=[0.000 0.000 0.000] gr=0.00000 fl=0.000 | ba n=25747 rho=[0.115 0.528 0.846] gr=0.00006 fl=0.926
# QATOM t=265.86 dir=FD w=1.50603537 e=0.275646919555 i=1026 Em=0.1678
t=  266.00 -1.21e-15 | 1.6612 16.31  22014   16  32223  32409 | 1.4291 14.85 | 1.67e-02 3.59e-02 |   0.0000 0.0000  0.0000  0.0000 0.000  0.00
# REG t=266.00 tp n=0 rho=[0.000 0.000 0.000] gr=0.00000 fl=0.000 | ba n=25749 rho=[0.113 0.526 0.846] gr=0.00007 fl=0.926
t=  268.00 -1.21e-15 | 1.6617 16.30  22007   22  32461  32670 | 1.4290 14.85 | 7.58e-03 1.81e-02 |   0.0000 0.0000  0.0000  0.0000 0.000  0.00
# REG t=268.00 tp n=0 rho=[0.000 0.000 0.000] gr=0.00000 fl=0.000 | ba n=25720 rho=[0.116 0.526 0.845] gr=0.00007 fl=0.927
t=  270.00 -1.21e-15 | 1.6616 16.31  22024   18  32736  32934 | 1.4292 14.85 | 6.83e-03 2.00e-02 |   0.0000 0.0000  0.0000  0.0000 0.000  0.00
# REG t=270.00 tp n=0 rho=[0.000 0.000 0.000] gr=0.00000 fl=0.000 | ba n=25735 rho=[0.111 0.519 0.843] gr=0.00007 fl=0.926
# QATOM t=271.80 dir=DF w=2.52997157 e=0.463056103076 i=764 Em=0.5861
t=  272.00 -1.21e-15 | 1.6613 16.31  22017   25  33006  33208 | 1.4291 14.84 | 4.74e-03 1.39e-02 |   0.0000 0.0000  0.0000  0.0000 0.000  0.00
# REG t=272.00 tp n=0 rho=[0.000 0.000 0.000] gr=0.00000 fl=0.000 | ba n=25724 rho=[0.112 0.516 0.841] gr=0.00007 fl=0.926
t=  274.00 -1.34e-15 | 1.6609 16.29  21998   16  33292  33493 | 1.4288 14.84 | 4.38e-03 1.40e-02 |   0.0000 0.0000  0.0000  0.0000 0.000  0.00
# REG t=274.00 tp n=0 rho=[0.000 0.000 0.000] gr=0.00000 fl=0.000 | ba n=25734 rho=[0.113 0.518 0.840] gr=0.00007 fl=0.926
t=  276.00 -1.34e-15 | 1.6608 16.31  22018   16  33570  33763 | 1.4291 14.84 | 9.48e-03 2.37e-02 |   0.0000 0.0000  0.0000  0.0000 0.000  0.00
# REG t=276.00 tp n=0 rho=[0.000 0.000 0.000] gr=0.00000 fl=0.000 | ba n=25742 rho=[0.114 0.524 0.844] gr=0.00007 fl=0.926
t=  278.00 -1.34e-15 | 1.6608 16.31  22018   11  33821  34034 | 1.4290 14.84 | 1.37e-02 3.12e-02 |   0.0000 0.0000  0.0000  0.0000 0.000  0.00
# REG t=278.00 tp n=0 rho=[0.000 0.000 0.000] gr=0.00000 fl=0.000 | ba n=25727 rho=[0.115 0.528 0.846] gr=0.00007 fl=0.927
# QATOM t=279.34 dir=DF w=2.28025939 e=0.417351735691 i=588 Em=0.5645
t=  280.00 -1.34e-15 | 1.6605 16.31  22024   18  34095  34284 | 1.4290 14.83 | 6.83e-03 1.90e-02 |   0.0000 0.0000  0.0000  0.0000 0.000  0.00
# REG t=280.00 tp n=0 rho=[0.000 0.000 0.000] gr=0.00000 fl=0.000 | ba n=25744 rho=[0.113 0.529 0.846] gr=0.00007 fl=0.926
t=  282.00 -1.34e-15 | 1.6604 16.30  22007   12  34350  34531 | 1.4288 14.83 | 6.78e-03 1.79e-02 |   0.0000 0.0000  0.0000  0.0000 0.000  0.00
# REG t=282.00 tp n=0 rho=[0.000 0.000 0.000] gr=0.00000 fl=0.000 | ba n=25758 rho=[0.114 0.527 0.848] gr=0.00007 fl=0.926
t=  284.00 -1.34e-15 | 1.6604 16.31  22022   15  34585  34788 | 1.4290 14.83 | 5.87e-03 1.69e-02 |   0.0000 0.0000  0.0000  0.0000 0.000  0.00
# REG t=284.00 tp n=0 rho=[0.000 0.000 0.000] gr=0.00000 fl=0.000 | ba n=25733 rho=[0.116 0.529 0.849] gr=0.00007 fl=0.927
t=  286.00 -1.34e-15 | 1.6604 16.31  22012   31  34817  35045 | 1.4289 14.83 | 6.61e-03 1.54e-02 |   0.0000 0.0000  0.0000  0.0000 0.000  0.00
# REG t=286.00 tp n=0 rho=[0.000 0.000 0.000] gr=0.00000 fl=0.000 | ba n=25692 rho=[0.119 0.528 0.848] gr=0.00007 fl=0.928
# QATOM t=287.48 dir=DF w=2.36425313 e=0.432724958012 i=754 Em=0.4461
t=  288.00 -1.34e-15 | 1.6604 16.30  22001   17  35023  35261 | 1.4288 14.83 | 8.76e-03 2.18e-02 |   0.0000 0.0000  0.0000  0.0000 0.000  0.00
# REG t=288.00 tp n=0 rho=[0.000 0.000 0.000] gr=0.00000 fl=0.000 | ba n=25696 rho=[0.118 0.535 0.850] gr=0.00007 fl=0.928
t=  290.00 -1.34e-15 | 1.6604 16.31  22014   16  35256  35481 | 1.4290 14.83 | 6.76e-03 1.79e-02 |   0.0000 0.0000  0.0000  0.0000 0.000  0.00
# REG t=290.00 tp n=0 rho=[0.000 0.000 0.000] gr=0.00000 fl=0.000 | ba n=25710 rho=[0.119 0.533 0.846] gr=0.00007 fl=0.928
t=  292.00 -1.34e-15 | 1.6605 16.31  22018   15  35495  35755 | 1.4290 14.84 | 5.50e-03 1.69e-02 |   0.0000 0.0000  0.0000  0.0000 0.000  0.00
# REG t=292.00 tp n=0 rho=[0.000 0.000 0.000] gr=0.00000 fl=0.000 | ba n=25676 rho=[0.119 0.533 0.847] gr=0.00007 fl=0.929
t=  294.00 -1.34e-15 | 1.6603 16.30  22011   16  35731  35972 | 1.4290 14.84 | 5.54e-03 1.84e-02 |   0.0000 0.0000  0.0000  0.0000 0.000  0.00
# REG t=294.00 tp n=0 rho=[0.000 0.000 0.000] gr=0.00000 fl=0.000 | ba n=25694 rho=[0.117 0.535 0.849] gr=0.00007 fl=0.929
# QATOM t=294.76 dir=FD w=1.51634098 e=0.277533136377 i=1456 Em=0.1135
t=  296.00 -1.34e-15 | 1.6604 16.30  22002    9  35988  36236 | 1.4289 14.84 | 5.83e-03 1.45e-02 |   0.0000 0.0000  0.0000  0.0000 0.000  0.00
# REG t=296.00 tp n=0 rho=[0.000 0.000 0.000] gr=0.00000 fl=0.000 | ba n=25694 rho=[0.116 0.531 0.848] gr=0.00007 fl=0.929
t=  298.00 -1.34e-15 | 1.6610 16.32  22029   20  36250  36471 | 1.4293 14.84 | 5.04e-03 1.60e-02 |   0.0000 0.0000  0.0000  0.0000 0.000  0.00
# REG t=298.00 tp n=0 rho=[0.000 0.000 0.000] gr=0.00000 fl=0.000 | ba n=25710 rho=[0.117 0.531 0.848] gr=0.00007 fl=0.928
t=  300.00 -1.34e-15 | 1.6611 16.34  22064   19  36506  36727 | 1.4296 14.84 | 5.50e-03 1.38e-02 |   0.0000 0.0000  0.0000  0.0000 0.000  0.00
# REG t=300.00 tp n=0 rho=[0.000 0.000 0.000] gr=0.00000 fl=0.000 | ba n=25711 rho=[0.121 0.533 0.849] gr=0.00007 fl=0.928
# QATOM t=301.82 dir=DF w=2.49821428 e=0.457243623762 i=1539 Em=0.6067
t=  302.00 -1.34e-15 | 1.6610 16.34  22054   11  36748  36954 | 1.4295 14.84 | 8.13e-03 2.25e-02 |   0.0000 0.0000  0.0000  0.0000 0.000  0.00
# REG t=302.00 tp n=0 rho=[0.000 0.000 0.000] gr=0.00000 fl=0.000 | ba n=25734 rho=[0.119 0.530 0.847] gr=0.00007 fl=0.927
t=  304.00 -1.34e-15 | 1.6611 16.33  22047   15  36998  37216 | 1.4295 14.84 | 3.96e-03 1.29e-02 |   0.0000 0.0000  0.0000  0.0000 0.000  0.00
# REG t=304.00 tp n=0 rho=[0.000 0.000 0.000] gr=0.00000 fl=0.000 | ba n=25718 rho=[0.119 0.527 0.847] gr=0.00007 fl=0.928
t=  306.00 -1.34e-15 | 1.6606 16.33  22050   20  37250  37473 | 1.4295 14.84 | 8.26e-03 2.15e-02 |   0.0000 0.0000  0.0000  0.0000 0.000  0.00
# REG t=306.00 tp n=0 rho=[0.000 0.000 0.000] gr=0.00000 fl=0.000 | ba n=25708 rho=[0.121 0.522 0.845] gr=0.00007 fl=0.928
t=  308.00 -1.48e-15 | 1.6607 16.33  22043   16  37534  37775 | 1.4294 14.84 | 7.49e-03 2.16e-02 |   0.0000 0.0000  0.0000  0.0000 0.000  0.00
# REG t=308.00 tp n=0 rho=[0.000 0.000 0.000] gr=0.00000 fl=0.000 | ba n=25694 rho=[0.120 0.520 0.845] gr=0.00007 fl=0.928
# QATOM t=309.92 dir=DF w=2.25858066 e=0.413383918115 i=1803 Em=0.4648
t=  310.00 -1.48e-15 | 1.6606 16.32  22029    7  37788  38054 | 1.4292 14.84 | 7.04e-03 1.93e-02 |   0.0000 0.0000  0.0000  0.0000 0.000  0.00
# REG t=310.00 tp n=0 rho=[0.000 0.000 0.000] gr=0.00000 fl=0.000 | ba n=25678 rho=[0.119 0.522 0.848] gr=0.00007 fl=0.929
t=  312.00 -1.48e-15 | 1.6606 16.31  22015    8  38064  38323 | 1.4291 14.84 | 7.50e-03 1.86e-02 |   0.0000 0.0000  0.0000  0.0000 0.000  0.00
# REG t=312.00 tp n=0 rho=[0.000 0.000 0.000] gr=0.00000 fl=0.000 | ba n=25684 rho=[0.117 0.525 0.848] gr=0.00007 fl=0.929
t=  314.00 -1.34e-15 | 1.6607 16.31  22014   12  38312  38550 | 1.4290 14.84 | 3.49e-03 1.61e-02 |   0.0000 0.0000  0.0000  0.0000 0.000  0.00
# REG t=314.00 tp n=0 rho=[0.000 0.000 0.000] gr=0.00000 fl=0.000 | ba n=25701 rho=[0.114 0.521 0.846] gr=0.00007 fl=0.928
t=  316.00 -1.34e-15 | 1.6603 16.31  22014   17  38548  38792 | 1.4289 14.83 | 6.94e-03 2.01e-02 |   0.0000 0.0000  0.0000  0.0000 0.000  0.00
# REG t=316.00 tp n=0 rho=[0.000 0.000 0.000] gr=0.00000 fl=0.000 | ba n=25690 rho=[0.111 0.519 0.846] gr=0.00007 fl=0.928
# QATOM t=316.68 dir=DF w=2.36115626 e=0.432158143477 i=1221 Em=0.4741
t=  318.00 -1.48e-15 | 1.6606 16.31  22023   15  38799  39036 | 1.4291 14.83 | 8.94e-03 2.31e-02 |   0.0000 0.0000  0.0000  0.0000 0.000  0.00
# REG t=318.00 tp n=0 rho=[0.000 0.000 0.000] gr=0.00000 fl=0.000 | ba n=25699 rho=[0.110 0.517 0.845] gr=0.00007 fl=0.929
t=  320.00 -1.34e-15 | 1.6607 16.32  22032   18  39053  39277 | 1.4292 14.83 | 7.47e-03 1.89e-02 |   0.0000 0.0000  0.0000  0.0000 0.000  0.00
# REG t=320.00 tp n=0 rho=[0.000 0.000 0.000] gr=0.00000 fl=0.000 | ba n=25709 rho=[0.110 0.518 0.844] gr=0.00007 fl=0.928
t=  322.00 -1.34e-15 | 1.6608 16.33  22041   17  39290  39533 | 1.4293 14.83 | 8.35e-03 2.22e-02 |   0.0000 0.0000  0.0000  0.0000 0.000  0.00
# REG t=322.00 tp n=0 rho=[0.000 0.000 0.000] gr=0.00000 fl=0.000 | ba n=25691 rho=[0.110 0.520 0.845] gr=0.00007 fl=0.928
# QATOM t=323.58 dir=FD w=1.38686381 e=0.507670329372 i=2609 Em=0.2127
t=  324.00 -1.34e-15 | 1.6610 16.34  22057   16  39544  39764 | 1.4295 14.84 | 6.32e-03 1.60e-02 |   0.0000 0.0000  0.0000  0.0000 0.000  0.00
# REG t=324.00 tp n=0 rho=[0.000 0.000 0.000] gr=0.00000 fl=0.000 | ba n=25715 rho=[0.111 0.523 0.845] gr=0.00007 fl=0.927
t=  326.00 -1.34e-15 | 1.6612 16.33  22047    9  39782  40025 | 1.4294 14.84 | 7.54e-03 2.02e-02 |   0.0000 0.0000  0.0000  0.0000 0.000  0.00
# REG t=326.00 tp n=0 rho=[0.000 0.000 0.000] gr=0.00000 fl=0.000 | ba n=25699 rho=[0.112 0.520 0.845] gr=0.00007 fl=0.929
t=  328.00 -1.34e-15 | 1.6611 16.31  22020   19  40057  40274 | 1.4290 14.83 | 5.53e-03 1.54e-02 |   0.0000 0.0000  0.0000  0.0000 0.000  0.00
# REG t=328.00 tp n=0 rho=[0.000 0.000 0.000] gr=0.00000 fl=0.000 | ba n=25715 rho=[0.108 0.517 0.845] gr=0.00007 fl=0.928
t=  330.00 -1.34e-15 | 1.6611 16.32  22031   19  40320  40564 | 1.4291 14.83 | 8.53e-03 2.12e-02 |   0.0000 0.0000  0.0000  0.0000 0.000  0.00
# REG t=330.00 tp n=0 rho=[0.000 0.000 0.000] gr=0.00000 fl=0.000 | ba n=25688 rho=[0.109 0.515 0.842] gr=0.00007 fl=0.928
# QATOM t=330.62 dir=FD w=1.51164844 e=0.276674268899 i=2001 Em=0.1793
t=  332.00 -1.34e-15 | 1.6609 16.35  22076   18  40563  40814 | 1.4297 14.84 | 7.69e-03 1.54e-02 |   0.0000 0.0000  0.0000  0.0000 0.000  0.00
# REG t=332.00 tp n=0 rho=[0.000 0.000 0.000] gr=0.00000 fl=0.000 | ba n=25682 rho=[0.109 0.509 0.839] gr=0.00007 fl=0.929
t=  334.00 -1.34e-15 | 1.6612 16.36  22084    6  40824  41042 | 1.4297 14.83 | 7.01e-03 1.76e-02 |   0.0000 0.0000  0.0000  0.0000 0.000  0.00
# REG t=334.00 tp n=0 rho=[0.000 0.000 0.000] gr=0.00000 fl=0.000 | ba n=25727 rho=[0.106 0.508 0.842] gr=0.00007 fl=0.927
t=  336.00 -1.34e-15 | 1.6612 16.34  22063   14  41061  41289 | 1.4295 14.83 | 7.95e-03 1.82e-02 |   0.0000 0.0000  0.0000  0.0000 0.000  0.00
# REG t=336.00 tp n=0 rho=[0.000 0.000 0.000] gr=0.00000 fl=0.000 | ba n=25709 rho=[0.104 0.510 0.843] gr=0.00007 fl=0.928
# QATOM t=337.38 dir=FD w=1.63736196 e=0.29968338747 i=1278 Em=0.0094
t=  338.00 -1.34e-15 | 1.6611 16.32  22037    6  41322  41564 | 1.4291 14.83 | 4.63e-03 1.24e-02 |   0.0000 0.0000  0.0000  0.0000 0.000  0.00
# REG t=338.00 tp n=0 rho=[0.000 0.000 0.000] gr=0.00000 fl=0.000 | ba n=25703 rho=[0.105 0.509 0.843] gr=0.00007 fl=0.928
t=  340.00 -1.34e-15 | 1.6612 16.32  22032   21  41595  41797 | 1.4291 14.83 | 4.37e-03 1.35e-02 |   0.0000 0.0000  0.0000  0.0000 0.000  0.00
# REG t=340.00 tp n=0 rho=[0.000 0.000 0.000] gr=0.00000 fl=0.000 | ba n=25728 rho=[0.104 0.507 0.846] gr=0.00007 fl=0.927
t=  342.00 -1.34e-15 | 1.6607 16.32  22032   12  41840  42044 | 1.4291 14.82 | 5.92e-03 1.90e-02 |   0.0000 0.0000  0.0000  0.0000 0.000  0.00
# REG t=342.00 tp n=0 rho=[0.000 0.000 0.000] gr=0.00000 fl=0.000 | ba n=25735 rho=[0.105 0.507 0.844] gr=0.00007 fl=0.927
t=  344.00 -1.34e-15 | 1.6611 16.33  22048   16  42083  42273 | 1.4292 14.82 | 6.30e-03 1.98e-02 |   0.0000 0.0000  0.0000  0.0000 0.000  0.00
# REG t=344.00 tp n=0 rho=[0.000 0.000 0.000] gr=0.00000 fl=0.000 | ba n=25745 rho=[0.104 0.503 0.842] gr=0.00007 fl=0.926
# QATOM t=345.38 dir=DF w=2.30312425 e=0.421536649914 i=1046 Em=0.5324
t=  346.00 -1.34e-15 | 1.6609 16.33  22040   12  42325  42514 | 1.4291 14.82 | 7.19e-03 1.86e-02 |   0.0000 0.0000  0.0000  0.0000 0.000  0.00
# REG t=346.00 tp n=0 rho=[0.000 0.000 0.000] gr=0.00000 fl=0.000 | ba n=25750 rho=[0.100 0.498 0.842] gr=0.00007 fl=0.926
t=  348.00 -1.34e-15 | 1.6611 16.32  22034   18  42590  42763 | 1.4290 14.82 | 6.93e-03 1.82e-02 |   0.0000 0.0000  0.0000  0.0000 0.000  0.00
# REG t=348.00 tp n=0 rho=[0.000 0.000 0.000] gr=0.00000 fl=0.000 | ba n=25760 rho=[0.099 0.496 0.839] gr=0.00007 fl=0.925
t=  350.00 -1.34e-15 | 1.6613 16.34  22059   16  42838  43020 | 1.4293 14.82 | 1.39e-02 3.33e-02 |   0.0000 0.0000  0.0000  0.0000 0.000  0.00
# REG t=350.00 tp n=0 rho=[0.000 0.000 0.000] gr=0.00000 fl=0.000 | ba n=25753 rho=[0.100 0.496 0.839] gr=0.00007 fl=0.925
t=  352.00 -1.34e-15 | 1.6613 16.33  22049   16  43078  43294 | 1.4292 14.82 | 8.56e-03 2.28e-02 |   0.0000 0.0000  0.0000  0.0000 0.000  0.00
# REG t=352.00 tp n=0 rho=[0.000 0.000 0.000] gr=0.00000 fl=0.000 | ba n=25719 rho=[0.101 0.496 0.841] gr=0.00007 fl=0.927
# QATOM t=352.04 dir=FD w=1.5915943 e=0.291306616151 i=1225 Em=0.0329
t=  354.00 -1.34e-15 | 1.6608 16.30  22005   15  43324  43528 | 1.4287 14.82 | 8.05e-03 1.85e-02 |   0.0000 0.0000  0.0000  0.0000 0.000  0.00
# REG t=354.00 tp n=0 rho=[0.000 0.000 0.000] gr=0.00000 fl=0.000 | ba n=25732 rho=[0.099 0.498 0.843] gr=0.00007 fl=0.926
t=  356.00 -1.34e-15 | 1.6607 16.30  22002   14  43583  43807 | 1.4287 14.82 | 3.94e-03 1.58e-02 |   0.0000 0.0000  0.0000  0.0000 0.000  0.00
# REG t=356.00 tp n=0 rho=[0.000 0.000 0.000] gr=0.00000 fl=0.000 | ba n=25713 rho=[0.099 0.496 0.843] gr=0.00007 fl=0.927
t=  358.00 -1.34e-15 | 1.6607 16.28  21981   20  43841  44060 | 1.4284 14.82 | 6.73e-03 2.36e-02 |   0.0000 0.0000  0.0000  0.0000 0.000  0.00
# REG t=358.00 tp n=0 rho=[0.000 0.000 0.000] gr=0.00000 fl=0.000 | ba n=25712 rho=[0.100 0.495 0.843] gr=0.00007 fl=0.927
# QATOM t=359.22 dir=FD w=1.48185713 e=0.271221620653 i=284 Em=0.1120
t=  360.00 -1.34e-15 | 1.6607 16.30  22008   24  44091  44314 | 1.4287 14.82 | 1.45e-02 3.74e-02 |   0.0000 0.0000  0.0000  0.0000 0.000  0.00
# REG t=360.00 tp n=0 rho=[0.000 0.000 0.000] gr=0.00000 fl=0.000 | ba n=25704 rho=[0.097 0.493 0.843] gr=0.00007 fl=0.927
t=  362.00 -1.48e-15 | 1.6608 16.32  22036   19  44334  44558 | 1.4290 14.82 | 6.77e-03 1.73e-02 |   0.0000 0.0000  0.0000  0.0000 0.000  0.00
# REG t=362.00 tp n=0 rho=[0.000 0.000 0.000] gr=0.00000 fl=0.000 | ba n=25708 rho=[0.098 0.494 0.839] gr=0.00007 fl=0.927
t=  364.00 -1.34e-15 | 1.6610 16.34  22057   14  44619  44819 | 1.4293 14.82 | 7.57e-03 2.30e-02 |   0.0000 0.0000  0.0000  0.0000 0.000  0.00
# REG t=364.00 tp n=0 rho=[0.000 0.000 0.000] gr=0.00000 fl=0.000 | ba n=25737 rho=[0.096 0.497 0.840] gr=0.00007 fl=0.926
t=  366.00 -1.34e-15 | 1.6610 16.33  22043   15  44851  45044 | 1.4292 14.82 | 5.95e-03 1.41e-02 |   0.0000 0.0000  0.0000  0.0000 0.000  0.00
# REG t=366.00 tp n=0 rho=[0.000 0.000 0.000] gr=0.00000 fl=0.000 | ba n=25743 rho=[0.097 0.497 0.841] gr=0.00007 fl=0.926
# QATOM t=366.18 dir=FD w=1.61099314 e=0.294857149529 i=2566 Em=0.0148
t=  368.00 -1.34e-15 | 1.6611 16.31  22024   17  45098  45289 | 1.4290 14.82 | 1.01e-02 2.07e-02 |   0.0000 0.0000  0.0000  0.0000 0.000  0.00
# REG t=368.00 tp n=0 rho=[0.000 0.000 0.000] gr=0.00000 fl=0.000 | ba n=25743 rho=[0.097 0.496 0.842] gr=0.00007 fl=0.926
t=  370.00 -1.48e-15 | 1.6611 16.29  21991   22  45401  45598 | 1.4285 14.81 | 1.59e-02 3.50e-02 |   0.0000 0.0000  0.0000  0.0000 0.000  0.00
# REG t=370.00 tp n=0 rho=[0.000 0.000 0.000] gr=0.00000 fl=0.000 | ba n=25732 rho=[0.096 0.499 0.843] gr=0.00007 fl=0.926
t=  372.00 -1.48e-15 | 1.6609 16.29  21994   16  45660  45866 | 1.4285 14.81 | 6.62e-03 1.78e-02 |   0.0000 0.0000  0.0000  0.0000 0.000  0.00
# REG t=372.00 tp n=0 rho=[0.000 0.000 0.000] gr=0.00000 fl=0.000 | ba n=25729 rho=[0.098 0.494 0.840] gr=0.00007 fl=0.927
# QATOM t=372.36 dir=DF w=2.48217541 e=0.454308059087 i=651 Em=0.4596
t=  374.00 -1.48e-15 | 1.6607 16.30  22002   13  45914  46111 | 1.4286 14.81 | 1.01e-02 2.67e-02 |   0.0000 0.0000  0.0000  0.0000 0.000  0.00
# REG t=374.00 tp n=0 rho=[0.000 0.000 0.000] gr=0.00000 fl=0.000 | ba n=25741 rho=[0.099 0.493 0.842] gr=0.00007 fl=0.926
t=  376.00 -1.48e-15 | 1.6611 16.30  22003   20  46165  46364 | 1.4286 14.80 | 8.55e-03 2.48e-02 |   0.0000 0.0000  0.0000  0.0000 0.000  0.00
# REG t=376.00 tp n=0 rho=[0.000 0.000 0.000] gr=0.00000 fl=0.000 | ba n=25732 rho=[0.104 0.498 0.838] gr=0.00007 fl=0.926
t=  378.00 -1.48e-15 | 1.6610 16.29  21988   19  46431  46628 | 1.4285 14.81 | 7.13e-03 1.89e-02 |   0.0000 0.0000  0.0000  0.0000 0.000  0.00
# REG t=378.00 tp n=0 rho=[0.000 0.000 0.000] gr=0.00000 fl=0.000 | ba n=25735 rho=[0.105 0.499 0.838] gr=0.00007 fl=0.926
# QATOM t=379.70 dir=DF w=2.34666204 e=0.429505293797 i=2486 Em=0.4901
t=  380.00 -1.48e-15 | 1.6609 16.28  21979   27  46712  46904 | 1.4284 14.81 | 1.27e-02 2.48e-02 |   0.0000 0.0000  0.0000  0.0000 0.000  0.00
# REG t=380.00 tp n=0 rho=[0.000 0.000 0.000] gr=0.00000 fl=0.000 | ba n=25732 rho=[0.103 0.497 0.838] gr=0.00007 fl=0.925
t=  382.00 -1.48e-15 | 1.6610 16.29  21988   13  46998  47180 | 1.4285 14.81 | 8.40e-03 2.23e-02 |   0.0000 0.0000  0.0000  0.0000 0.000  0.00
# REG t=382.00 tp n=0 rho=[0.000 0.000 0.000] gr=0.00000 fl=0.000 | ba n=25756 rho=[0.103 0.495 0.841] gr=0.00007 fl=0.925
t=  384.00 -1.48e-15 | 1.6609 16.28  21975   13  47271  47445 | 1.4284 14.82 | 9.92e-03 2.52e-02 |   0.0000 0.0000  0.0000  0.0000 0.000  0.00
# REG t=384.00 tp n=0 rho=[0.000 0.000 0.000] gr=0.00000 fl=0.000 | ba n=25764 rho=[0.101 0.493 0.842] gr=0.00007 fl=0.925
t=  386.00 -1.48e-15 | 1.6607 16.28  21983   12  47550  47722 | 1.4284 14.81 | 8.87e-03 1.87e-02 |   0.0000 0.0000  0.0000  0.0000 0.000  0.00
# REG t=386.00 tp n=0 rho=[0.000 0.000 0.000] gr=0.00000 fl=0.000 | ba n=25767 rho=[0.101 0.494 0.839] gr=0.00007 fl=0.925
# QATOM t=386.56 dir=DF w=2.48522608 e=0.454866417142 i=1900 Em=0.5580
t=  388.00 -1.48e-15 | 1.6607 16.30  22002   15  47819  47986 | 1.4286 14.81 | 6.20e-03 1.57e-02 |   0.0000 0.0000  0.0000  0.0000 0.000  0.00
# REG t=388.00 tp n=0 rho=[0.000 0.000 0.000] gr=0.00000 fl=0.000 | ba n=25769 rho=[0.101 0.494 0.839] gr=0.00007 fl=0.924
t=  390.00 -1.48e-15 | 1.6607 16.30  22007   13  48065  48254 | 1.4287 14.81 | 7.05e-03 2.06e-02 |   0.0000 0.0000  0.0000  0.0000 0.000  0.00
# REG t=390.00 tp n=0 rho=[0.000 0.000 0.000] gr=0.00000 fl=0.000 | ba n=25749 rho=[0.099 0.500 0.842] gr=0.00007 fl=0.925
t=  392.00 -1.48e-15 | 1.6611 16.31  22021   19  48331  48517 | 1.4289 14.81 | 9.91e-03 2.25e-02 |   0.0000 0.0000  0.0000  0.0000 0.000  0.00
# REG t=392.00 tp n=0 rho=[0.000 0.000 0.000] gr=0.00000 fl=0.000 | ba n=25746 rho=[0.100 0.496 0.839] gr=0.00007 fl=0.925
# QATOM t=392.94 dir=FD w=1.55794494 e=0.28514783362 i=1055 Em=0.0599
t=  394.00 -1.48e-15 | 1.6611 16.31  22017   16  48597  48805 | 1.4288 14.81 | 6.45e-03 1.86e-02 |   0.0000 0.0000  0.0000  0.0000 0.000  0.00
# REG t=394.00 tp n=0 rho=[0.000 0.000 0.000] gr=0.00000 fl=0.000 | ba n=25727 rho=[0.101 0.497 0.843] gr=0.00007 fl=0.926
t=  396.00 -1.48e-15 | 1.6608 16.29  21989   16  48873  49070 | 1.4285 14.81 | 9.20e-03 2.36e-02 |   0.0000 0.0000  0.0000  0.0000 0.000  0.00
# REG t=396.00 tp n=0 rho=[0.000 0.000 0.000] gr=0.00000 fl=0.000 | ba n=25738 rho=[0.100 0.493 0.840] gr=0.00007 fl=0.925
t=  398.00 -1.48e-15 | 1.6609 16.29  21992   11  49157  49361 | 1.4286 14.81 | 7.10e-03 2.00e-02 |   0.0000 0.0000  0.0000  0.0000 0.000  0.00
# REG t=398.00 tp n=0 rho=[0.000 0.000 0.000] gr=0.00000 fl=0.000 | ba n=25736 rho=[0.100 0.496 0.840] gr=0.00007 fl=0.925
t=  400.00 -1.34e-15 | 1.6609 16.30  22003   11  49427  49626 | 1.4287 14.81 | 1.07e-02 2.19e-02 |   0.0000 0.0000  0.0000  0.0000 0.000  0.00
# REG t=400.00 tp n=0 rho=[0.000 0.000 0.000] gr=0.00000 fl=0.000 | ba n=25741 rho=[0.098 0.500 0.839] gr=0.00007 fl=0.925
# QATOM t=400.60 dir=DF w=2.4628818 e=0.450776784118 i=2510 Em=0.6046
t=  402.00 -1.48e-15 | 1.6612 16.30  21999   16  49697  49882 | 1.4286 14.81 | 5.03e-03 1.55e-02 |   0.0000 0.0000  0.0000  0.0000 0.000  0.00
# REG t=402.00 tp n=0 rho=[0.000 0.000 0.000] gr=0.00000 fl=0.000 | ba n=25750 rho=[0.098 0.497 0.842] gr=0.00007 fl=0.925
t=  404.00 -1.48e-15 | 1.6611 16.29  21987   10  49957  50145 | 1.4285 14.81 | 7.24e-03 1.65e-02 |   0.0000 0.0000  0.0000  0.0000 0.000  0.00
# REG t=404.00 tp n=0 rho=[0.000 0.000 0.000] gr=0.00000 fl=0.000 | ba n=25753 rho=[0.098 0.496 0.842] gr=0.00007 fl=0.925
t=  406.00 -1.48e-15 | 1.6611 16.32  22027   14  50203  50392 | 1.4289 14.81 | 5.42e-03 1.57e-02 |   0.0000 0.0000  0.0000  0.0000 0.000  0.00
# REG t=406.00 tp n=0 rho=[0.000 0.000 0.000] gr=0.00000 fl=0.000 | ba n=25748 rho=[0.099 0.498 0.845] gr=0.00007 fl=0.925
# QATOM t=406.36 dir=FD w=1.39313445 e=0.25498286851 i=1075 Em=0.2871
t=  408.00 -1.48e-15 | 1.6609 16.33  22044   19  50426  50655 | 1.4292 14.81 | 1.45e-02 3.40e-02 |   0.0000 0.0000  0.0000  0.0000 0.000  0.00
# REG t=408.00 tp n=0 rho=[0.000 0.000 0.000] gr=0.00000 fl=0.000 | ba n=25703 rho=[0.099 0.500 0.845] gr=0.00007 fl=0.927
t=  410.00 -1.48e-15 | 1.6610 16.32  22037   19  50683  50908 | 1.4291 14.81 | 1.15e-02 2.64e-02 |   0.0000 0.0000  0.0000  0.0000 0.000  0.00
# REG t=410.00 tp n=0 rho=[0.000 0.000 0.000] gr=0.00000 fl=0.000 | ba n=25707 rho=[0.097 0.501 0.845] gr=0.00007 fl=0.927
t=  412.00 -1.48e-15 | 1.6609 16.30  22007   13  50956  51190 | 1.4287 14.81 | 5.60e-03 1.71e-02 |   0.0000 0.0000  0.0000  0.0000 0.000  0.00
# REG t=412.00 tp n=0 rho=[0.000 0.000 0.000] gr=0.00000 fl=0.000 | ba n=25704 rho=[0.098 0.498 0.842] gr=0.00007 fl=0.927
# QATOM t=413.52 dir=DF w=2.35664942 e=0.431333265627 i=2657 Em=0.4633
t=  414.00 -1.48e-15 | 1.6608 16.30  21999   15  51228  51457 | 1.4286 14.81 | 9.29e-03 2.10e-02 |   0.0000 0.0000  0.0000  0.0000 0.000  0.00
# REG t=414.00 tp n=0 rho=[0.000 0.000 0.000] gr=0.00000 fl=0.000 | ba n=25707 rho=[0.098 0.496 0.842] gr=0.00007 fl=0.926
t=  416.00 -1.48e-15 | 1.6611 16.29  21995   19  51521  51743 | 1.4286 14.81 | 7.57e-03 2.17e-02 |   0.0000 0.0000  0.0000  0.0000 0.000  0.00
# REG t=416.00 tp n=0 rho=[0.000 0.000 0.000] gr=0.00000 fl=0.000 | ba n=25710 rho=[0.098 0.498 0.841] gr=0.00007 fl=0.926
t=  418.00 -1.48e-15 | 1.6610 16.30  22004   12  51789  52030 | 1.4287 14.81 | 8.05e-03 2.00e-02 |   0.0000 0.0000  0.0000  0.0000 0.000  0.00
# REG t=418.00 tp n=0 rho=[0.000 0.000 0.000] gr=0.00000 fl=0.000 | ba n=25698 rho=[0.099 0.493 0.840] gr=0.00007 fl=0.927
t=  420.00 -1.48e-15 | 1.6610 16.29  21986   12  52080  52317 | 1.4284 14.81 | 7.06e-03 1.60e-02 |   0.0000 0.0000  0.0000  0.0000 0.000  0.00
# REG t=420.00 tp n=0 rho=[0.000 0.000 0.000] gr=0.00000 fl=0.000 | ba n=25702 rho=[0.098 0.499 0.841] gr=0.00007 fl=0.927
# QATOM t=420.56 dir=DF w=2.33738517 e=0.427807364707 i=1340 Em=0.4962
t=  422.00 -1.48e-15 | 1.6611 16.29  21990   17  52339  52573 | 1.4285 14.81 | 6.70e-03 1.73e-02 |   0.0000 0.0000  0.0000  0.0000 0.000  0.00
# REG t=422.00 tp n=0 rho=[0.000 0.000 0.000] gr=0.00000 fl=0.000 | ba n=25700 rho=[0.098 0.499 0.844] gr=0.00007 fl=0.927
t=  424.00 -1.48e-15 | 1.6609 16.28  21972   18  52598  52846 | 1.4282 14.80 | 5.09e-03 1.67e-02 |   0.0000 0.0000  0.0000  0.0000 0.000  0.00
# REG t=424.00 tp n=0 rho=[0.000 0.000 0.000] gr=0.00000 fl=0.000 | ba n=25685 rho=[0.098 0.498 0.844] gr=0.00007 fl=0.927
t=  426.00 -1.48e-15 | 1.6611 16.28  21975   11  52843  53090 | 1.4282 14.80 | 7.38e-03 1.99e-02 |   0.0000 0.0000  0.0000  0.0000 0.000  0.00
# REG t=426.00 tp n=0 rho=[0.000 0.000 0.000] gr=0.00000 fl=0.000 | ba n=25693 rho=[0.101 0.493 0.845] gr=0.00007 fl=0.928
# QATOM t=427.22 dir=FD w=1.50691329 e=0.27580760422 i=239 Em=0.1556
t=  428.00 -1.48e-15 | 1.6611 16.27  21964    8  53106  53333 | 1.4281 14.79 | 6.87e-03 2.12e-02 |   0.0000 0.0000  0.0000  0.0000 0.000  0.00
# REG t=428.00 tp n=0 rho=[0.000 0.000 0.000] gr=0.00000 fl=0.000 | ba n=25716 rho=[0.100 0.497 0.845] gr=0.00007 fl=0.927
t=  430.00 -1.48e-15 | 1.6611 16.25  21939    7  53359  53582 | 1.4276 14.78 | 4.18e-03 1.45e-02 |   0.0000 0.0000  0.0000  0.0000 0.000  0.00
# REG t=430.00 tp n=0 rho=[0.000 0.000 0.000] gr=0.00000 fl=0.000 | ba n=25721 rho=[0.100 0.495 0.844] gr=0.00007 fl=0.927
t=  432.00 -1.48e-15 | 1.6610 16.28  21984   20  53606  53815 | 1.4282 14.79 | 4.79e-03 1.44e-02 |   0.0000 0.0000  0.0000  0.0000 0.000  0.00
# REG t=432.00 tp n=0 rho=[0.000 0.000 0.000] gr=0.00000 fl=0.000 | ba n=25722 rho=[0.099 0.498 0.844] gr=0.00007 fl=0.927
# QATOM t=433.80 dir=FD w=1.52575757 e=0.27925663829 i=554 Em=0.1221
t=  434.00 -1.34e-15 | 1.6608 16.28  21974   15  53893  54100 | 1.4281 14.79 | 1.07e-02 2.66e-02 |   0.0000 0.0000  0.0000  0.0000 0.000  0.00
# REG t=434.00 tp n=0 rho=[0.000 0.000 0.000] gr=0.00000 fl=0.000 | ba n=25729 rho=[0.098 0.492 0.846] gr=0.00007 fl=0.927
t=  436.00 -1.34e-15 | 1.6605 16.27  21967   18  54161  54373 | 1.4280 14.79 | 7.96e-03 2.45e-02 |   0.0000 0.0000  0.0000  0.0000 0.000  0.00
# REG t=436.00 tp n=0 rho=[0.000 0.000 0.000] gr=0.00000 fl=0.000 | ba n=25721 rho=[0.097 0.490 0.845] gr=0.00007 fl=0.927
t=  438.00 -1.48e-15 | 1.6603 16.27  21960   20  54415  54639 | 1.4279 14.79 | 8.43e-03 2.55e-02 |   0.0000 0.0000  0.0000  0.0000 0.000  0.00
# REG t=438.00 tp n=0 rho=[0.000 0.000 0.000] gr=0.00000 fl=0.000 | ba n=25707 rho=[0.095 0.493 0.842] gr=0.00007 fl=0.927
t=  440.00 -1.48e-15 | 1.6605 16.26  21950    9  54669  54911 | 1.4277 14.78 | 6.78e-03 1.65e-02 |   0.0000 0.0000  0.0000  0.0000 0.000  0.00
# REG t=440.00 tp n=0 rho=[0.000 0.000 0.000] gr=0.00000 fl=0.000 | ba n=25700 rho=[0.095 0.491 0.842] gr=0.00007 fl=0.928
# QATOM t=440.92 dir=FD w=1.43357682 e=0.262384963434 i=2332 Em=0.1713
t=  442.00 -1.48e-15 | 1.6605 16.25  21943   26  54896  55142 | 1.4276 14.78 | 6.43e-03 1.60e-02 |   0.0000 0.0000  0.0000  0.0000 0.000  0.00
# REG t=442.00 tp n=0 rho=[0.000 0.000 0.000] gr=0.00000 fl=0.000 | ba n=25679 rho=[0.098 0.490 0.845] gr=0.00007 fl=0.928
t=  444.00 -1.48e-15 | 1.6604 16.26  21947   18  55146  55411 | 1.4277 14.78 | 8.89e-03 2.50e-02 |   0.0000 0.0000  0.0000  0.0000 0.000  0.00
# REG t=444.00 tp n=0 rho=[0.000 0.000 0.000] gr=0.00000 fl=0.000 | ba n=25668 rho=[0.100 0.494 0.844] gr=0.00007 fl=0.929
t=  446.00 -1.48e-15 | 1.6606 16.26  21951    7  55430  55676 | 1.4277 14.78 | 5.00e-03 1.13e-02 |   0.0000 0.0000  0.0000  0.0000 0.000  0.00
# REG t=446.00 tp n=0 rho=[0.000 0.000 0.000] gr=0.00000 fl=0.000 | ba n=25698 rho=[0.099 0.493 0.841] gr=0.00007 fl=0.928
t=  448.00 -1.48e-15 | 1.6609 16.27  21970   12  55700  55928 | 1.4279 14.78 | 4.06e-03 1.37e-02 |   0.0000 0.0000  0.0000  0.0000 0.000  0.00
# REG t=448.00 tp n=0 rho=[0.000 0.000 0.000] gr=0.00000 fl=0.000 | ba n=25711 rho=[0.100 0.493 0.842] gr=0.00007 fl=0.928
# QATOM t=448.50 dir=DF w=2.39014928 e=0.437464683766 i=2103 Em=0.4442
t=  450.00 -1.48e-15 | 1.6610 16.29  21995   16  55955  56152 | 1.4283 14.79 | 5.15e-03 1.60e-02 |   0.0000 0.0000  0.0000  0.0000 0.000  0.00
# REG t=450.00 tp n=0 rho=[0.000 0.000 0.000] gr=0.00000 fl=0.000 | ba n=25738 rho=[0.097 0.491 0.842] gr=0.00007 fl=0.927
t=  452.00 -1.48e-15 | 1.6609 16.27  21965    8  56231  56438 | 1.4279 14.79 | 5.98e-03 1.79e-02 |   0.0000 0.0000  0.0000  0.0000 0.000  0.00
# REG t=452.00 tp n=0 rho=[0.000 0.000 0.000] gr=0.00000 fl=0.000 | ba n=25736 rho=[0.099 0.491 0.840] gr=0.00007 fl=0.927
t=  454.00 -1.48e-15 | 1.6611 16.28  21975   21  56493  56684 | 1.4280 14.79 | 6.95e-03 1.54e-02 |   0.0000 0.0000  0.0000  0.0000 0.000  0.00
# REG t=454.00 tp n=0 rho=[0.000 0.000 0.000] gr=0.00000 fl=0.000 | ba n=25739 rho=[0.095 0.491 0.841] gr=0.00007 fl=0.927
# QATOM t=455.30 dir=DF w=2.2432995 e=0.410587034349 i=90 Em=0.5663
t=  456.00 -1.48e-15 | 1.6612 16.29  21987   18  56745  56949 | 1.4281 14.78 | 6.46e-03 2.07e-02 |   0.0000 0.0000  0.0000  0.0000 0.000  0.00
# REG t=456.00 tp n=0 rho=[0.000 0.000 0.000] gr=0.00000 fl=0.000 | ba n=25729 rho=[0.095 0.492 0.841] gr=0.00007 fl=0.927
t=  458.00 -1.48e-15 | 1.6614 16.28  21977   14  57020  57222 | 1.4280 14.78 | 4.27e-03 1.43e-02 |   0.0000 0.0000  0.0000  0.0000 0.000  0.00
# REG t=458.00 tp n=0 rho=[0.000 0.000 0.000] gr=0.00000 fl=0.000 | ba n=25735 rho=[0.096 0.489 0.839] gr=0.00007 fl=0.927
t=  460.00 -1.48e-15 | 1.6613 16.30  22001   12  57301  57483 | 1.4283 14.79 | 1.06e-02 2.75e-02 |   0.0000 0.0000  0.0000  0.0000 0.000  0.00
# REG t=460.00 tp n=0 rho=[0.000 0.000 0.000] gr=0.00000 fl=0.000 | ba n=25757 rho=[0.093 0.485 0.837] gr=0.00007 fl=0.926
# QATOM t=461.54 dir=FD w=1.43093721 e=0.261901839326 i=106 Em=0.2545
t=  462.00 -1.48e-15 | 1.6615 16.29  21986   18  57552  57735 | 1.4282 14.79 | 6.45e-03 2.25e-02 |   0.0000 0.0000  0.0000  0.0000 0.000  0.00
# REG t=462.00 tp n=0 rho=[0.000 0.000 0.000] gr=0.00000 fl=0.000 | ba n=25750 rho=[0.092 0.477 0.837] gr=0.00007 fl=0.927
t=  464.00 -1.48e-15 | 1.6616 16.29  21987   19  57796  57975 | 1.4283 14.79 | 6.81e-03 1.92e-02 |   0.0000 0.0000  0.0000  0.0000 0.000  0.00
# REG t=464.00 tp n=0 rho=[0.000 0.000 0.000] gr=0.00000 fl=0.000 | ba n=25753 rho=[0.091 0.481 0.835] gr=0.00007 fl=0.926
t=  466.00 -1.48e-15 | 1.6617 16.29  21985   22  58042  58203 | 1.4283 14.80 | 7.14e-03 1.86e-02 |   0.0000 0.0000  0.0000  0.0000 0.000  0.00
# REG t=466.00 tp n=0 rho=[0.000 0.000 0.000] gr=0.00000 fl=0.000 | ba n=25768 rho=[0.094 0.483 0.837] gr=0.00007 fl=0.926
t=  468.00 -1.48e-15 | 1.6616 16.28  21976   16  58305  58485 | 1.4282 14.80 | 9.84e-03 2.28e-02 |   0.0000 0.0000  0.0000  0.0000 0.000  0.00
# REG t=468.00 tp n=0 rho=[0.000 0.000 0.000] gr=0.00000 fl=0.000 | ba n=25755 rho=[0.096 0.487 0.840] gr=0.00007 fl=0.926
# QATOM t=468.22 dir=FD w=1.51163421 e=0.276671665602 i=793 Em=0.1274
t=  470.00 -1.48e-15 | 1.6619 16.30  21999   19  58566  58766 | 1.4285 14.80 | 4.82e-03 1.77e-02 |   0.0000 0.0000  0.0000  0.0000 0.000  0.00
# REG t=470.00 tp n=0 rho=[0.000 0.000 0.000] gr=0.00000 fl=0.000 | ba n=25732 rho=[0.098 0.496 0.841] gr=0.00007 fl=0.927
t=  472.00 -1.48e-15 | 1.6619 16.28  21974   19  58844  59034 | 1.4281 14.79 | 8.50e-03 2.17e-02 |   0.0000 0.0000  0.0000  0.0000 0.000  0.00
# REG t=472.00 tp n=0 rho=[0.000 0.000 0.000] gr=0.00000 fl=0.000 | ba n=25742 rho=[0.096 0.492 0.841] gr=0.00007 fl=0.927
t=  474.00 -1.48e-15 | 1.6621 16.28  21983   19  59104  59277 | 1.4283 14.80 | 3.57e-03 1.27e-02 |   0.0000 0.0000  0.0000  0.0000 0.000  0.00
# REG t=474.00 tp n=0 rho=[0.000 0.000 0.000] gr=0.00000 fl=0.000 | ba n=25759 rho=[0.097 0.494 0.841] gr=0.00007 fl=0.926
# QATOM t=474.30 dir=DF w=2.45994729 e=0.450239687446 i=1248 Em=0.6136
t=  476.00 -1.48e-15 | 1.6621 16.27  21968   16  59369  59519 | 1.4281 14.80 | 5.82e-03 1.82e-02 |   0.0000 0.0000  0.0000  0.0000 0.000  0.00
# REG t=476.00 tp n=0 rho=[0.000 0.000 0.000] gr=0.00000 fl=0.000 | ba n=25785 rho=[0.094 0.490 0.840] gr=0.00007 fl=0.925
t=  478.00 -1.48e-15 | 1.6622 16.29  21993   14  59628  59796 | 1.4284 14.80 | 6.17e-03 1.66e-02 |   0.0000 0.0000  0.0000  0.0000 0.000  0.00
# REG t=478.00 tp n=0 rho=[0.000 0.000 0.000] gr=0.00000 fl=0.000 | ba n=25769 rho=[0.094 0.484 0.841] gr=0.00007 fl=0.926
t=  480.00 -1.48e-15 | 1.6622 16.31  22013   14  59863  60025 | 1.4287 14.81 | 6.50e-03 1.51e-02 |   0.0000 0.0000  0.0000  0.0000 0.000  0.00
# REG t=480.00 tp n=0 rho=[0.000 0.000 0.000] gr=0.00000 fl=0.000 | ba n=25775 rho=[0.094 0.483 0.838] gr=0.00007 fl=0.926
# QATOM t=480.86 dir=FD w=1.46154056 e=0.26750311471 i=723 Em=0.2335
t=  482.00 -1.48e-15 | 1.6623 16.33  22039   17  60121  60289 | 1.4291 14.81 | 5.44e-03 1.63e-02 |   0.0000 0.0000  0.0000  0.0000 0.000  0.00
# REG t=482.00 tp n=0 rho=[0.000 0.000 0.000] gr=0.00000 fl=0.000 | ba n=25766 rho=[0.094 0.483 0.838] gr=0.00007 fl=0.926
t=  484.00 -1.48e-15 | 1.6623 16.31  22021   18  60413  60549 | 1.4289 14.82 | 3.72e-03 1.43e-02 |   0.0000 0.0000  0.0000  0.0000 0.000  0.00
# REG t=484.00 tp n=0 rho=[0.000 0.000 0.000] gr=0.00000 fl=0.000 | ba n=25797 rho=[0.094 0.483 0.839] gr=0.00007 fl=0.925
t=  486.00 -1.48e-15 | 1.6622 16.32  22033   10  60683  60831 | 1.4291 14.82 | 4.16e-03 1.66e-02 |   0.0000 0.0000  0.0000  0.0000 0.000  0.00
# REG t=486.00 tp n=0 rho=[0.000 0.000 0.000] gr=0.00000 fl=0.000 | ba n=25793 rho=[0.094 0.483 0.839] gr=0.00007 fl=0.925
# QATOM t=487.98 dir=DF w=2.37711638 e=0.435079296267 i=1582 Em=0.4573
t=  488.00 -1.61e-15 | 1.6619 16.32  22029   14  60926  61092 | 1.4290 14.81 | 6.00e-03 1.50e-02 |   0.0000 0.0000  0.0000  0.0000 0.000  0.00
# REG t=488.00 tp n=0 rho=[0.000 0.000 0.000] gr=0.00000 fl=0.000 | ba n=25771 rho=[0.096 0.477 0.838] gr=0.00007 fl=0.926
t=  490.00 -1.48e-15 | 1.6617 16.31  22022   12  61195  61371 | 1.4289 14.81 | 8.08e-03 2.26e-02 |   0.0000 0.0000  0.0000  0.0000 0.000  0.00
# REG t=490.00 tp n=0 rho=[0.000 0.000 0.000] gr=0.00000 fl=0.000 | ba n=25763 rho=[0.095 0.476 0.839] gr=0.00007 fl=0.926
t=  492.00 -1.48e-15 | 1.6617 16.31  22021   12  61471  61630 | 1.4288 14.81 | 5.91e-03 2.25e-02 |   0.0000 0.0000  0.0000  0.0000 0.000  0.00
# REG t=492.00 tp n=0 rho=[0.000 0.000 0.000] gr=0.00000 fl=0.000 | ba n=25780 rho=[0.093 0.478 0.839] gr=0.00007 fl=0.926
t=  494.00 -1.48e-15 | 1.6616 16.32  22026   16  61738  61893 | 1.4289 14.81 | 5.15e-03 1.67e-02 |   0.0000 0.0000  0.0000  0.0000 0.000  0.00
# REG t=494.00 tp n=0 rho=[0.000 0.000 0.000] gr=0.00000 fl=0.000 | ba n=25780 rho=[0.093 0.482 0.840] gr=0.00007 fl=0.926
# QATOM t=494.86 dir=DF w=2.56477468 e=0.469426052564 i=646 Em=0.5706
t=  496.00 -1.48e-15 | 1.6618 16.28  21984   16  61989  62136 | 1.4284 14.80 | 5.57e-03 1.77e-02 |   0.0000 0.0000  0.0000  0.0000 0.000  0.00
# REG t=496.00 tp n=0 rho=[0.000 0.000 0.000] gr=0.00000 fl=0.000 | ba n=25788 rho=[0.093 0.487 0.840] gr=0.00007 fl=0.926
t=  498.00 -1.48e-15 | 1.6620 16.30  22003    5  62236  62397 | 1.4287 14.81 | 7.54e-03 2.35e-02 |   0.0000 0.0000  0.0000  0.0000 0.000  0.00
# REG t=498.00 tp n=0 rho=[0.000 0.000 0.000] gr=0.00000 fl=0.000 | ba n=25785 rho=[0.093 0.488 0.840] gr=0.00007 fl=0.926
t=  500.00 -1.48e-15 | 1.6624 16.31  22016   19  62473  62608 | 1.4288 14.81 | 8.30e-03 2.58e-02 |   0.0000 0.0000  0.0000  0.0000 0.000  0.00
# REG t=500.00 tp n=0 rho=[0.000 0.000 0.000] gr=0.00000 fl=0.000 | ba n=25797 rho=[0.093 0.486 0.841] gr=0.00007 fl=0.925
# QATOM t=500.26 dir=DF w=2.32057391 e=0.424730430705 i=2266 Em=0.5120
t=  502.00 -1.48e-15 | 1.6624 16.30  22000    8  62685  62865 | 1.4286 14.81 | 9.46e-03 2.34e-02 |   0.0000 0.0000  0.0000  0.0000 0.000  0.00
# REG t=502.00 tp n=0 rho=[0.000 0.000 0.000] gr=0.00000 fl=0.000 | ba n=25763 rho=[0.096 0.483 0.841] gr=0.00007 fl=0.926
t=  504.00 -1.48e-15 | 1.6625 16.32  22031   18  62948  63130 | 1.4290 14.81 | 6.15e-03 1.70e-02 |   0.0000 0.0000  0.0000  0.0000 0.000  0.00
# REG t=504.00 tp n=0 rho=[0.000 0.000 0.000] gr=0.00000 fl=0.000 | ba n=25751 rho=[0.096 0.485 0.840] gr=0.00007 fl=0.927
t=  506.00 -1.48e-15 | 1.6623 16.32  22026   15  63208  63399 | 1.4290 14.81 | 7.65e-03 1.84e-02 |   0.0000 0.0000  0.0000  0.0000 0.000  0.00
# REG t=506.00 tp n=0 rho=[0.000 0.000 0.000] gr=0.00000 fl=0.000 | ba n=25745 rho=[0.093 0.484 0.840] gr=0.00007 fl=0.927
# QATOM t=507.20 dir=FD w=1.48767152 e=0.272285817764 i=970 Em=0.2232
t=  508.00 -1.48e-15 | 1.6621 16.30  22011   12  63460  63644 | 1.4288 14.81 | 5.56e-03 1.59e-02 |   0.0000 0.0000  0.0000  0.0000 0.000  0.00
# REG t=508.00 tp n=0 rho=[0.000 0.000 0.000] gr=0.00000 fl=0.000 | ba n=25755 rho=[0.096 0.477 0.837] gr=0.00007 fl=0.927
t=  510.00 -1.48e-15 | 1.6621 16.30  22000   14  63738  63909 | 1.4287 14.81 | 3.71e-03 1.42e-02 |   0.0000 0.0000  0.0000  0.0000 0.000  0.00
# REG t=510.00 tp n=0 rho=[0.000 0.000 0.000] gr=0.00000 fl=0.000 | ba n=25766 rho=[0.098 0.478 0.837] gr=0.00007 fl=0.926
t=  512.00 -1.61e-15 | 1.6617 16.29  21998   13  64005  64178 | 1.4286 14.81 | 4.56e-03 1.43e-02 |   0.0000 0.0000  0.0000  0.0000 0.000  0.00
# REG t=512.00 tp n=0 rho=[0.000 0.000 0.000] gr=0.00000 fl=0.000 | ba n=25765 rho=[0.098 0.476 0.838] gr=0.00007 fl=0.926
# QATOM t=512.62 dir=DF w=2.36531507 e=0.432919323529 i=264 Em=0.4573
t=  514.00 -1.48e-15 | 1.6616 16.31  22014    8  64214  64402 | 1.4288 14.81 | 6.89e-03 2.17e-02 |   0.0000 0.0000  0.0000  0.0000 0.000  0.00
# REG t=514.00 tp n=0 rho=[0.000 0.000 0.000] gr=0.00000 fl=0.000 | ba n=25755 rho=[0.098 0.477 0.838] gr=0.00007 fl=0.927
t=  516.00 -1.48e-15 | 1.6617 16.30  22000   15  64483  64667 | 1.4286 14.81 | 1.54e-02 3.14e-02 |   0.0000 0.0000  0.0000  0.0000 0.000  0.00
# REG t=516.00 tp n=0 rho=[0.000 0.000 0.000] gr=0.00000 fl=0.000 | ba n=25752 rho=[0.094 0.479 0.837] gr=0.00007 fl=0.927
t=  518.00 -1.48e-15 | 1.6620 16.31  22020   12  64743  64937 | 1.4288 14.81 | 6.24e-03 2.11e-02 |   0.0000 0.0000  0.0000  0.0000 0.000  0.00
# REG t=518.00 tp n=0 rho=[0.000 0.000 0.000] gr=0.00000 fl=0.000 | ba n=25745 rho=[0.094 0.484 0.839] gr=0.00007 fl=0.928
# QATOM t=518.26 dir=DF w=2.28973202 e=0.419085494786 i=1552 Em=0.5445
t=  520.00 -1.48e-15 | 1.6624 16.29  21997   13  65002  65190 | 1.4286 14.81 | 9.99e-03 2.98e-02 |   0.0000 0.0000  0.0000  0.0000 0.000  0.00
# REG t=520.00 tp n=0 rho=[0.000 0.000 0.000] gr=0.00000 fl=0.000 | ba n=25750 rho=[0.092 0.482 0.840] gr=0.00007 fl=0.928
t=  522.00 -1.61e-15 | 1.6624 16.31  22017   15  65212  65439 | 1.4287 14.80 | 4.69e-03 1.42e-02 |   0.0000 0.0000  0.0000  0.0000 0.000  0.00
# REG t=522.00 tp n=0 rho=[0.000 0.000 0.000] gr=0.00000 fl=0.000 | ba n=25709 rho=[0.096 0.488 0.840] gr=0.00007 fl=0.929
t=  524.00 -1.48e-15 | 1.6622 16.30  22004   16  65480  65681 | 1.4285 14.80 | 4.88e-03 1.72e-02 |   0.0000 0.0000  0.0000  0.0000 0.000  0.00
# REG t=524.00 tp n=0 rho=[0.000 0.000 0.000] gr=0.00000 fl=0.000 | ba n=25734 rho=[0.094 0.488 0.838] gr=0.00007 fl=0.928
# QATOM t=524.66 dir=FD w=1.5242245 e=0.278976042482 i=1857 Em=0.1654
t=  526.00 -1.48e-15 | 1.6620 16.29  21988   22  65745  65943 | 1.4283 14.79 | 8.17e-03 2.24e-02 |   0.0000 0.0000  0.0000  0.0000 0.000  0.00
# REG t=526.00 tp n=0 rho=[0.000 0.000 0.000] gr=0.00000 fl=0.000 | ba n=25731 rho=[0.095 0.489 0.839] gr=0.00007 fl=0.928
t=  528.00 -1.61e-15 | 1.6617 16.29  21990   17  65986  66230 | 1.4283 14.80 | 1.21e-02 2.97e-02 |   0.0000 0.0000  0.0000  0.0000 0.000  0.00
# REG t=528.00 tp n=0 rho=[0.000 0.000 0.000] gr=0.00000 fl=0.000 | ba n=25690 rho=[0.095 0.486 0.837] gr=0.00007 fl=0.929
t=  530.00 -1.61e-15 | 1.6618 16.30  22005   20  66281  66519 | 1.4285 14.80 | 3.31e-03 1.39e-02 |   0.0000 0.0000  0.0000  0.0000 0.000  0.00
# REG t=530.00 tp n=0 rho=[0.000 0.000 0.000] gr=0.00000 fl=0.000 | ba n=25693 rho=[0.095 0.482 0.837] gr=0.00007 fl=0.928
# QATOM t=530.82 dir=DF w=2.34417283 e=0.429049696679 i=1436 Em=0.4567
t=  532.00 -1.48e-15 | 1.6618 16.31  22018   13  66544  66799 | 1.4286 14.80 | 6.20e-03 1.69e-02 |   0.0000 0.0000  0.0000  0.0000 0.000  0.00
# REG t=532.00 tp n=0 rho=[0.000 0.000 0.000] gr=0.00000 fl=0.000 | ba n=25683 rho=[0.095 0.482 0.834] gr=0.00007 fl=0.929
t=  534.00 -1.61e-15 | 1.6619 16.33  22040   20  66818  67042 | 1.4288 14.79 | 5.86e-03 1.62e-02 |   0.0000 0.0000  0.0000  0.0000 0.000  0.00
# REG t=534.00 tp n=0 rho=[0.000 0.000 0.000] gr=0.00000 fl=0.000 | ba n=25707 rho=[0.096 0.487 0.836] gr=0.00007 fl=0.927
t=  536.00 -1.48e-15 | 1.6620 16.32  22030   13  67096  67333 | 1.4288 14.80 | 4.93e-03 1.79e-02 |   0.0000 0.0000  0.0000  0.0000 0.000  0.00
# REG t=536.00 tp n=0 rho=[0.000 0.000 0.000] gr=0.00000 fl=0.000 | ba n=25701 rho=[0.095 0.488 0.839] gr=0.00007 fl=0.927
# QATOM t=536.32 dir=DF w=2.37753519 e=0.435155949473 i=98 Em=0.7207
t=  538.00 -1.48e-15 | 1.6618 16.31  22014   13  67361  67604 | 1.4286 14.80 | 7.83e-03 1.68e-02 |   0.0000 0.0000  0.0000  0.0000 0.000  0.00
# REG t=538.00 tp n=0 rho=[0.000 0.000 0.000] gr=0.00000 fl=0.000 | ba n=25695 rho=[0.095 0.486 0.834] gr=0.00007 fl=0.927
t=  540.00 -1.48e-15 | 1.6618 16.30  22006   18  67634  67870 | 1.4285 14.80 | 7.88e-03 2.07e-02 |   0.0000 0.0000  0.0000  0.0000 0.000  0.00
# REG t=540.00 tp n=0 rho=[0.000 0.000 0.000] gr=0.00000 fl=0.000 | ba n=25697 rho=[0.094 0.486 0.838] gr=0.00007 fl=0.927
t=  542.00 -1.48e-15 | 1.6617 16.29  21995   10  67927  68116 | 1.4284 14.80 | 6.26e-03 1.80e-02 |   0.0000 0.0000  0.0000  0.0000 0.000  0.00
# REG t=542.00 tp n=0 rho=[0.000 0.000 0.000] gr=0.00000 fl=0.000 | ba n=25752 rho=[0.092 0.482 0.836] gr=0.00007 fl=0.926
# QATOM t=542.42 dir=FD w=1.54621924 e=0.283001699913 i=1418 Em=0.1076
t=  544.00 -1.48e-15 | 1.6615 16.29  21989   11  68162  68371 | 1.4283 14.80 | 8.01e-03 1.66e-02 |   0.0000 0.0000  0.0000  0.0000 0.000  0.00
# REG t=544.00 tp n=0 rho=[0.000 0.000 0.000] gr=0.00000 fl=0.000 | ba n=25731 rho=[0.092 0.483 0.835] gr=0.00007 fl=0.927
t=  546.00 -1.48e-15 | 1.6619 16.28  21978    7  68429  68647 | 1.4281 14.79 | 9.23e-03 2.24e-02 |   0.0000 0.0000  0.0000  0.0000 0.000  0.00
# REG t=546.00 tp n=0 rho=[0.000 0.000 0.000] gr=0.00000 fl=0.000 | ba n=25726 rho=[0.093 0.483 0.837] gr=0.00007 fl=0.927
t=  548.00 -1.48e-15 | 1.6621 16.29  21998   12  68656  68885 | 1.4284 14.79 | 8.71e-03 2.12e-02 |   0.0000 0.0000  0.0000  0.0000 0.000  0.00
# REG t=548.00 tp n=0 rho=[0.000 0.000 0.000] gr=0.00000 fl=0.000 | ba n=25710 rho=[0.095 0.483 0.838] gr=0.00007 fl=0.928
t=  550.00 -1.61e-15 | 1.6617 16.30  22008   14  68908  69128 | 1.4285 14.79 | 7.83e-03 2.23e-02 |   0.0000 0.0000  0.0000  0.0000 0.000  0.00
# REG t=550.00 tp n=0 rho=[0.000 0.000 0.000] gr=0.00000 fl=0.000 | ba n=25717 rho=[0.095 0.483 0.837] gr=0.00007 fl=0.928
# QATOM t=550.00 dir=FD w=1.43360862 e=0.262390782176 i=1207 Em=0.2069
t=  552.00 -1.61e-15 | 1.6619 16.30  22001   14  69152  69380 | 1.4284 14.79 | 4.60e-03 1.67e-02 |   0.0000 0.0000  0.0000  0.0000 0.000  0.00
# REG t=552.00 tp n=0 rho=[0.000 0.000 0.000] gr=0.00000 fl=0.000 | ba n=25709 rho=[0.096 0.483 0.841] gr=0.00007 fl=0.928
t=  554.00 -1.61e-15 | 1.6617 16.30  22001   18  69410  69635 | 1.4283 14.79 | 4.76e-03 1.48e-02 |   0.0000 0.0000  0.0000  0.0000 0.000  0.00
# REG t=554.00 tp n=0 rho=[0.000 0.000 0.000] gr=0.00000 fl=0.000 | ba n=25708 rho=[0.096 0.485 0.840] gr=0.00007 fl=0.928
t=  556.00 -1.61e-15 | 1.6613 16.30  22002   18  69659  69899 | 1.4283 14.79 | 8.15e-03 1.85e-02 |   0.0000 0.0000  0.0000  0.0000 0.000  0.00
# REG t=556.00 tp n=0 rho=[0.000 0.000 0.000] gr=0.00000 fl=0.000 | ba n=25693 rho=[0.098 0.488 0.840] gr=0.00007 fl=0.928
# QATOM t=556.78 dir=FD w=1.51128373 e=0.276607517076 i=367 Em=0.0938
t=  558.00 -1.61e-15 | 1.6612 16.28  21977   14  69913  70170 | 1.4280 14.78 | 5.30e-03 1.82e-02 |   0.0000 0.0000  0.0000  0.0000 0.000  0.00
# REG t=558.00 tp n=0 rho=[0.000 0.000 0.000] gr=0.00000 fl=0.000 | ba n=25680 rho=[0.098 0.487 0.843] gr=0.00007 fl=0.929
t=  560.00 -1.61e-15 | 1.6609 16.31  22015   11  70134  70413 | 1.4284 14.78 | 4.64e-03 1.71e-02 |   0.0000 0.0000  0.0000  0.0000 0.000  0.00
# REG t=560.00 tp n=0 rho=[0.000 0.000 0.000] gr=0.00000 fl=0.000 | ba n=25661 rho=[0.099 0.485 0.843] gr=0.00007 fl=0.930
t=  562.00 -1.61e-15 | 1.6607 16.29  21988   17  70402  70656 | 1.4281 14.78 | 8.93e-03 2.50e-02 |   0.0000 0.0000  0.0000  0.0000 0.000  0.00
# REG t=562.00 tp n=0 rho=[0.000 0.000 0.000] gr=0.00000 fl=0.000 | ba n=25680 rho=[0.099 0.489 0.843] gr=0.00007 fl=0.929
# QATOM t=563.54 dir=FD w=1.51892097 e=0.278005347675 i=644 Em=0.1720
t=  564.00 -1.61e-15 | 1.6610 16.29  21990   13  70648  70908 | 1.4281 14.78 | 6.35e-03 1.60e-02 |   0.0000 0.0000  0.0000  0.0000 0.000  0.00
# REG t=564.00 tp n=0 rho=[0.000 0.000 0.000] gr=0.00000 fl=0.000 | ba n=25678 rho=[0.099 0.493 0.845] gr=0.00007 fl=0.929
t=  566.00 -1.61e-15 | 1.6613 16.30  22010   16  70921  71179 | 1.4284 14.78 | 8.24e-03 2.17e-02 |   0.0000 0.0000  0.0000  0.0000 0.000  0.00
# REG t=566.00 tp n=0 rho=[0.000 0.000 0.000] gr=0.00000 fl=0.000 | ba n=25677 rho=[0.099 0.494 0.844] gr=0.00007 fl=0.928
t=  568.00 -1.61e-15 | 1.6616 16.31  22018   12  71198  71458 | 1.4284 14.78 | 7.47e-03 2.00e-02 |   0.0000 0.0000  0.0000  0.0000 0.000  0.00
# REG t=568.00 tp n=0 rho=[0.000 0.000 0.000] gr=0.00000 fl=0.000 | ba n=25679 rho=[0.098 0.492 0.843] gr=0.00007 fl=0.928
t=  570.00 -1.61e-15 | 1.6616 16.30  21999   11  71481  71735 | 1.4283 14.78 | 6.56e-03 1.83e-02 |   0.0000 0.0000  0.0000  0.0000 0.000  0.00
# REG t=570.00 tp n=0 rho=[0.000 0.000 0.000] gr=0.00000 fl=0.000 | ba n=25686 rho=[0.096 0.495 0.845] gr=0.00007 fl=0.928
# QATOM t=571.36 dir=FD w=1.49493614 e=0.273615448572 i=2278 Em=0.1844
t=  572.00 -1.61e-15 | 1.6614 16.29  21986   12  71717  71969 | 1.4280 14.78 | 7.73e-03 1.85e-02 |   0.0000 0.0000  0.0000  0.0000 0.000  0.00
# REG t=572.00 tp n=0 rho=[0.000 0.000 0.000] gr=0.00000 fl=0.000 | ba n=25687 rho=[0.097 0.492 0.844] gr=0.00007 fl=0.928
t=  574.00 -1.61e-15 | 1.6614 16.27  21970   12  71998  72258 | 1.4278 14.77 | 5.38e-03 1.72e-02 |   0.0000 0.0000  0.0000  0.0000 0.000  0.00
# REG t=574.00 tp n=0 rho=[0.000 0.000 0.000] gr=0.00000 fl=0.000 | ba n=25679 rho=[0.097 0.495 0.843] gr=0.00007 fl=0.928
t=  576.00 -1.61e-15 | 1.6614 16.28  21975   16  72257  72497 | 1.4278 14.77 | 5.79e-03 1.53e-02 |   0.0000 0.0000  0.0000  0.0000 0.000  0.00
# REG t=576.00 tp n=0 rho=[0.000 0.000 0.000] gr=0.00000 fl=0.000 | ba n=25695 rho=[0.097 0.492 0.844] gr=0.00007 fl=0.927
t=  578.00 -1.61e-15 | 1.6611 16.26  21952    7  72496  72757 | 1.4275 14.77 | 9.76e-03 2.52e-02 |   0.0000 0.0000  0.0000  0.0000 0.000  0.00
# REG t=578.00 tp n=0 rho=[0.000 0.000 0.000] gr=0.00000 fl=0.000 | ba n=25683 rho=[0.095 0.494 0.844] gr=0.00007 fl=0.928
# QATOM t=578.28 dir=DF w=2.44776232 e=0.448009494513 i=2095 Em=0.6753
t=  580.00 -1.61e-15 | 1.6611 16.27  21960    9  72778  73025 | 1.4277 14.78 | 6.96e-03 1.86e-02 |   0.0000 0.0000  0.0000  0.0000 0.000  0.00
# REG t=580.00 tp n=0 rho=[0.000 0.000 0.000] gr=0.00000 fl=0.000 | ba n=25695 rho=[0.096 0.492 0.842] gr=0.00007 fl=0.927
t=  582.00 -1.61e-15 | 1.6609 16.28  21975   10  73034  73269 | 1.4280 14.78 | 8.33e-03 2.29e-02 |   0.0000 0.0000  0.0000  0.0000 0.000  0.00
# REG t=582.00 tp n=0 rho=[0.000 0.000 0.000] gr=0.00000 fl=0.000 | ba n=25706 rho=[0.096 0.490 0.843] gr=0.00007 fl=0.927
t=  584.00 -1.61e-15 | 1.6610 16.28  21972   18  73285  73519 | 1.4280 14.78 | 7.97e-03 1.48e-02 |   0.0000 0.0000  0.0000  0.0000 0.000  0.00
# REG t=584.00 tp n=0 rho=[0.000 0.000 0.000] gr=0.00000 fl=0.000 | ba n=25699 rho=[0.098 0.495 0.842] gr=0.00007 fl=0.927
# QATOM t=585.64 dir=FD w=1.59208431 e=0.291396300815 i=1301 Em=0.0640
t=  586.00 -1.61e-15 | 1.6611 16.28  21972   12  73544  73761 | 1.4280 14.79 | 5.72e-03 1.60e-02 |   0.0000 0.0000  0.0000  0.0000 0.000  0.00
# REG t=586.00 tp n=0 rho=[0.000 0.000 0.000] gr=0.00000 fl=0.000 | ba n=25722 rho=[0.097 0.495 0.841] gr=0.00007 fl=0.926
t=  588.00 -1.61e-15 | 1.6613 16.29  21991   11  73814  74018 | 1.4282 14.79 | 5.53e-03 1.63e-02 |   0.0000 0.0000  0.0000  0.0000 0.000  0.00
# REG t=588.00 tp n=0 rho=[0.000 0.000 0.000] gr=0.00000 fl=0.000 | ba n=25736 rho=[0.095 0.495 0.841] gr=0.00007 fl=0.926
t=  590.00 -1.61e-15 | 1.6617 16.30  22011   16  74081  74270 | 1.4285 14.79 | 5.41e-03 1.24e-02 |   0.0000 0.0000  0.0000  0.0000 0.000  0.00
# REG t=590.00 tp n=0 rho=[0.000 0.000 0.000] gr=0.00000 fl=0.000 | ba n=25746 rho=[0.096 0.493 0.841] gr=0.00007 fl=0.926
# QATOM t=591.60 dir=FD w=1.42651454 e=0.261092365942 i=813 Em=0.2645
t=  592.00 -1.61e-15 | 1.6618 16.32  22029   11  74322  74518 | 1.4286 14.78 | 6.47e-03 1.71e-02 |   0.0000 0.0000  0.0000  0.0000 0.000  0.00
# REG t=592.00 tp n=0 rho=[0.000 0.000 0.000] gr=0.00000 fl=0.000 | ba n=25744 rho=[0.096 0.492 0.838] gr=0.00007 fl=0.927
t=  594.00 -1.61e-15 | 1.6615 16.30  22002    7  74607  74791 | 1.4284 14.79 | 6.52e-03 1.85e-02 |   0.0000 0.0000  0.0000  0.0000 0.000  0.00
# REG t=594.00 tp n=0 rho=[0.000 0.000 0.000] gr=0.00000 fl=0.000 | ba n=25760 rho=[0.094 0.491 0.837] gr=0.00007 fl=0.926
t=  596.00 -1.61e-15 | 1.6615 16.31  22021   23  74899  75062 | 1.4286 14.79 | 6.51e-03 1.93e-02 |   0.0000 0.0000  0.0000  0.0000 0.000  0.00
# REG t=596.00 tp n=0 rho=[0.000 0.000 0.000] gr=0.00000 fl=0.000 | ba n=25765 rho=[0.093 0.489 0.834] gr=0.00007 fl=0.925
t=  598.00 -1.61e-15 | 1.6617 16.33  22041   14  75134  75314 | 1.4289 14.79 | 1.11e-02 3.00e-02 |   0.0000 0.0000  0.0000  0.0000 0.000  0.00
# REG t=598.00 tp n=0 rho=[0.000 0.000 0.000] gr=0.00000 fl=0.000 | ba n=25757 rho=[0.094 0.489 0.837] gr=0.00007 fl=0.926
# QATOM t=598.46 dir=DF w=2.59185064 e=0.474381717122 i=752 Em=0.5237
t=  600.00 -1.61e-15 | 1.6617 16.30  22001   21  75391  75556 | 1.4285 14.79 | 8.27e-03 2.05e-02 |   0.0000 0.0000  0.0000  0.0000 0.000  0.00
# REG t=600.00 tp n=0 rho=[0.000 0.000 0.000] gr=0.00000 fl=0.000 | ba n=25765 rho=[0.095 0.491 0.838] gr=0.00007 fl=0.925
#
# RESULT drift_rel -1.612e-15
# RESULT births 75391 deaths 75556 beta_returns 0 beta_energy 0.000000e+00
# RESULT conv rough=1.510228 cond=2809.332774 evap=0.000000 backs=352.842970 rad=2703.619212
# RESULT credit qcnvD=1229.982618 qcnvF=2068.518231
# RESULT reg tp n=0 rho=[0.0000 0.0000 0.0000] gr=0.000000 fl=0.0000 | ba n=25765 rho=[0.0948 0.4913 0.8380] gr=0.000067 fl=0.9253
# RESULT geometry phi_nom=1.6617 z_live=16.30 dbar=1.4285 sigma_d=0.1479
