=== scp_sim_c4: V44 + Cosserat + Curl²-Hardening (+ optional chiral) ===
d²φ/dt² = ∇²φ - m²φ - V'(P) + η·curl(θ) - α·curl(M) - 2curl(Q)
d²θ/dt² = ∇²θ - m_θ²θ + η·curl(φ) + 2α·M - β|∇×φ|²θ
  M = curl(φ)/2 - θ,  Q = (β/2)|θ|²curl(φ)

Grid:    N=48 L=14.0 T=40 dt_factor=0.0500
Physics: m²=2.2500 m_θ²=2.5600 η=0.000 μ=-41.345 κ=50.0 κ_h=0.000 α=0.000 β=0.000
Complex: 12-field U(1) kernel (complex_phi=1)
Q-diag:  radius=10.00 probes=(8.00,16.00)
Gauge:   U(1) compact links, g=0.0500 (complex_gauge=1)
Mode:    0
BC:      absorbing sphere (width=2.5 rate=0.0500)
Init:    sfa (/home/d/code/scp/v83/e2b/seeds/pair48_co_D6.sfa frame=-1)
Output:  /home/d/code/scp/v83/e2b/results/out_C1_co_D6.sfa (f32, snap=5.0 diag=1.0)

Allocating 0.05 GB (5971968 doubles, N=48, 12 fields + U(1) links)
dx=0.5957 dt=0.029787 threads=4

Init: SFA file '/home/d/code/scp/v83/e2b/seeds/pair48_co_D6.sfa' frame=-1
  Grid: 48x48x48, 24 columns, 1 frames, reading frame 0
  Loaded col 0 'phi_x' (sem=0 comp=0 dtype=1) -> slot 0
  Loaded col 1 'phi_y' (sem=0 comp=1 dtype=1) -> slot 1
  Loaded col 2 'phi_z' (sem=0 comp=2 dtype=1) -> slot 2
  Loaded col 3 'theta_x' (sem=1 comp=0 dtype=1) -> slot 3
  Loaded col 4 'theta_y' (sem=1 comp=1 dtype=1) -> slot 4
  Loaded col 5 'theta_z' (sem=1 comp=2 dtype=1) -> slot 5
  Loaded col 6 'phi_vx' (sem=2 comp=0 dtype=1) -> slot 6
  Loaded col 7 'phi_vy' (sem=2 comp=1 dtype=1) -> slot 7
  Loaded col 8 'phi_vz' (sem=2 comp=2 dtype=1) -> slot 8
  Loaded col 9 'theta_vx' (sem=2 comp=3 dtype=1) -> slot 9
  Loaded col 10 'theta_vy' (sem=2 comp=4 dtype=1) -> slot 10
  Loaded col 11 'theta_vz' (sem=2 comp=5 dtype=1) -> slot 11
  Loaded col 12 'phiim_x' (sem=0 comp=3 dtype=1) -> slot 12
  Loaded col 13 'phiim_y' (sem=0 comp=4 dtype=1) -> slot 13
  Loaded col 14 'phiim_z' (sem=0 comp=5 dtype=1) -> slot 14
  Loaded col 15 'thetaim_x' (sem=1 comp=3 dtype=1) -> slot 15
  Loaded col 16 'thetaim_y' (sem=1 comp=4 dtype=1) -> slot 16
  Loaded col 17 'thetaim_z' (sem=1 comp=5 dtype=1) -> slot 17
  Loaded col 18 'phiim_vx' (sem=2 comp=6 dtype=1) -> slot 18
  Loaded col 19 'phiim_vy' (sem=2 comp=7 dtype=1) -> slot 19
  Loaded col 20 'phiim_vz' (sem=2 comp=8 dtype=1) -> slot 20
  Loaded col 21 'thetaim_vx' (sem=2 comp=9 dtype=1) -> slot 21
  Loaded col 22 'thetaim_vy' (sem=2 comp=10 dtype=1) -> slot 22
  Loaded col 23 'thetaim_vz' (sem=2 comp=11 dtype=1) -> slot 23
  Loaded: 6/6 field arrays, 6/6 velocity arrays
  WARNING: init=sfa: no gauge columns; E seeded by Gauss projection
Gauss projection: 176 CG iters, gauss_max(0)=9.00e-14 (offset -1.770e-03)
SFA: /home/d/code/scp/v83/e2b/results/out_C1_co_D6.sfa (30 cols, f32, BSS+zstd)

INIT: E_total=1.1917e+03 E_pot=-109.3102 phi_max=0.9523 P_int=1.0366e+02 theta_rms=0.000e+00

t=    3.0 E=1.190e+03 (drift -0.156%) Ep=-120.7 phi=0.720 θ_rms=0.00e+00 Q=8.275365e+02 s_max=1.3920e-01 gauss=8.2e-14 E_em=8.290e+00 [8% 4.1s 40.01ms/step]
t=    6.1 E=1.190e+03 (drift -0.170%) Ep=-125.8 phi=0.622 θ_rms=0.00e+00 Q=8.274616e+02 s_max=5.8076e-02 gauss=8.3e-14 E_em=7.313e+00 [15% 8.3s 40.52ms/step]
t=    9.1 E=1.190e+03 (drift -0.135%) Ep=-116.8 phi=0.564 θ_rms=0.00e+00 Q=8.273892e+02 s_max=3.2166e-02 gauss=8.3e-14 E_em=6.644e+00 [23% 12.1s 39.49ms/step]
t=   12.2 E=1.190e+03 (drift -0.103%) Ep=-116.7 phi=0.591 θ_rms=0.00e+00 Q=8.272851e+02 s_max=4.2555e-02 gauss=8.3e-14 E_em=6.623e+00 [30% 16.2s 39.74ms/step]
t=   15.2 E=1.189e+03 (drift -0.206%) Ep=-111.5 phi=0.610 θ_rms=0.00e+00 Q=8.268524e+02 s_max=5.1408e-02 gauss=8.3e-14 E_em=7.158e+00 [38% 20.5s 40.28ms/step]
t=   18.2 E=1.186e+03 (drift -0.496%) Ep=-114.5 phi=0.685 θ_rms=0.00e+00 Q=8.253195e+02 s_max=1.0328e-01 gauss=8.3e-14 E_em=7.796e+00 [46% 24.9s 40.69ms/step]
t=   21.3 E=1.180e+03 (drift -0.952%) Ep=-118.8 phi=0.696 θ_rms=0.00e+00 Q=8.225024e+02 s_max=1.1414e-01 gauss=8.3e-14 E_em=8.164e+00 [53% 28.9s 40.50ms/step]
t=   24.3 E=1.172e+03 (drift -1.690%) Ep=-120.2 phi=0.653 θ_rms=0.00e+00 Q=8.177533e+02 s_max=7.7473e-02 gauss=8.3e-14 E_em=8.067e+00 [61% 33.1s 40.52ms/step]
t=   27.3 E=1.163e+03 (drift -2.376%) Ep=-122.2 phi=0.632 θ_rms=0.00e+00 Q=8.131162e+02 s_max=6.3621e-02 gauss=8.3e-14 E_em=7.663e+00 [68% 37.3s 40.60ms/step]
t=   30.4 E=1.158e+03 (drift -2.795%) Ep=-121.5 phi=0.599 θ_rms=0.00e+00 Q=8.101264e+02 s_max=4.6020e-02 gauss=8.3e-14 E_em=7.239e+00 [76% 41.5s 40.67ms/step]
t=   33.4 E=1.156e+03 (drift -3.031%) Ep=-116.0 phi=0.607 θ_rms=0.00e+00 Q=8.083122e+02 s_max=5.0227e-02 gauss=8.3e-14 E_em=6.957e+00 [84% 45.4s 40.43ms/step]
t=   36.5 E=1.153e+03 (drift -3.215%) Ep=-114.1 phi=0.606 θ_rms=0.00e+00 Q=8.070058e+02 s_max=4.9665e-02 gauss=8.3e-14 E_em=6.888e+00 [91% 49.6s 40.49ms/step]
t=   39.5 E=1.151e+03 (drift -3.430%) Ep=-119.2 phi=0.624 θ_rms=0.00e+00 Q=8.056205e+02 s_max=5.8887e-02 gauss=8.3e-14 E_em=6.954e+00 [99% 53.6s 40.39ms/step]

=== COMPLETE ===
E_total=1.1504e+03 (drift -3.466%) E_pot=-116.3668
phi_max=0.6153 P_int=9.1800e+01 theta_rms=0.000e+00
Q_phi=8.053627e+02 Q_theta=0.000000e+00 Q_total=8.053627e+02 s_max=5.4286e-02 r_core=4.543 omega_core=1.3577 Q_core=7.986308e+02
gauss_max=8.269e-14 gauss_l2=1.954e-14 E_em=6.970911e+00 Q_flux=5.411397e+02
SFA: /home/d/code/scp/v83/e2b/results/out_C1_co_D6.sfa (9 frames)
[WARN] theta_rms grew: 0.00e+00 -> 0.00e+00
Wall: 54.4s (0.9 min) 40.48ms/step
