# cellfab — v89 cell-fabric kernel (no lattice, no prior code)
# cfg seed=20260727 mode=field init=pairs
# cfg L=30 dmin=1 r0=0.85 rjit=0.06
# cfg C=1 w1=1.65 w2=2.9 q_detune=1.2 gamma_res=0.25 gamma_res_m=0.1 p_gate=8
# cfg lock_floor=0.005
# cfg k_dep=1.2 k_dep_m=2 cap=2.5 e_s0=1 es_floor=0.05
# cfg e_cond=0 f_conv=0.25 f_evap=0.5 s_pull=0.15
# cfg kappa_lock=1 kappa_align=0.5 kappa_freq=0 kappa_reac=0 sigma_tumble=0.01
# cfg space: s_k=2 s_disp=0.3 es_gx=0
# cfg dt=0.02 T=80 diag_every=500 snap_every=0
# cfg center=(-1,-1,-1) amp=1 sigma=2.5 k=(0,0,0) prealign=0 noise_amp=0
# cfg music: comb_limit=6 rough_k=0.35 gamma_rough=0.5 mob_sym=1 mob_floor=0.004
# cfg field sector: two-component signed amplitude, unitary hops, field_J=1.8
# cfg ledger: mode=3 u=1.000e-12 (cellfabi INT_LEDGER)
# cfg pairs: n=60 x0=0.5 x1=-1 pq=1:1 seedlock=1 d=[1,1.55] gap=5
# action atom: A0=1.1500 (dbar=1.5072) mode=2 — eps(w)=A0*w/2pi; atoms at mode boundaries, transport continuous
# edge coloring: 30 colors for 166635 links
# pairs: seeded 60 of 60 requested, d=[1,1.55], x0=0.5, phases=locked
# fabric: cells=18670 channels=166635 mean_degree=17.85 box=30 dmin=1
# LEDGER seed mode=3 u=1.000e-12 E0_int=18800434782608680 NC=18670 NL=166635
# LEDGER seed mode=3 u=1.000e-12 E0_int=18800434782608680 NC=18670 NL=166635
# t	E_space	E_dense	E_field	E_transfer	E_total	rel_drift	live_ch	cm_x	cm_y	cm_z	contain	front_r	r_core	defA	r_far	r_ratio	w_core	w_far
0.000	18650.4348	150	0	0	18800.4347826	0.000e+00	111173	14.626	15.900	15.373	0.033	0.0000	0.8474	0	0.8494	0.9977	1.65000	1.64589	0.0000	0.0000	0.0000	0	0	0	0	0	0
# CONV t=0.00 cond=0 evap=0 rough=0 back_s=0
# LEDGER t=0.000 mode=3 sum_err=0 max|E-iEu|=1.304e-13 run_max_diff=0.000e+00 run_max_sum_err=0 steps=0 E0_int=18800434782608680 sum=18800434782608680
# PAIR t=0.0 p=0 d=1.281 pq=1:1 delta=-1.641 x=0.500 ratio=1.0000 dth=-0.000 gg=0.0022 fl=0.000 ret=1.000 shed=0.000 act=0.0000 flq=0.00
# PAIR t=0.0 p=1 d=1.229 pq=1:1 delta=-1.827 x=0.500 ratio=1.0000 dth=+0.000 gg=0.0004 fl=0.000 ret=1.000 shed=0.000 act=0.0000 flq=0.00
# PAIR t=0.0 p=2 d=1.286 pq=1:1 delta=-1.620 x=0.500 ratio=1.0000 dth=-0.000 gg=0.0026 fl=0.000 ret=1.000 shed=0.000 act=0.0000 flq=0.00
# PAIR t=0.0 p=3 d=1.478 pq=1:1 delta=-0.925 x=0.500 ratio=1.0000 dth=-0.000 gg=0.1692 fl=0.000 ret=1.000 shed=0.000 act=0.0000 flq=0.00
# PAIR t=0.0 p=4 d=1.467 pq=1:1 delta=-0.965 x=0.500 ratio=1.0000 dth=-0.000 gg=0.1439 fl=0.000 ret=1.000 shed=0.000 act=0.0000 flq=0.00
# PAIR t=0.0 p=5 d=1.467 pq=1:1 delta=-0.967 x=0.500 ratio=1.0000 dth=+0.000 gg=0.1426 fl=0.000 ret=1.000 shed=0.000 act=0.0000 flq=0.00
# PAIR t=0.0 p=6 d=1.025 pq=1:1 delta=-2.567 x=0.500 ratio=1.0000 dth=-0.000 gg=0.0000 fl=0.000 ret=1.000 shed=0.000 act=0.0000 flq=0.00
# PAIR t=0.0 p=7 d=1.421 pq=1:1 delta=-1.133 x=0.500 ratio=1.0000 dth=+0.000 gg=0.0660 fl=0.000 ret=1.000 shed=0.000 act=0.0000 flq=0.00
# PAIR t=0.0 p=8 d=1.311 pq=1:1 delta=-1.531 x=0.500 ratio=1.0000 dth=-0.000 gg=0.0053 fl=0.000 ret=1.000 shed=0.000 act=0.0000 flq=0.00
# PAIR t=0.0 p=9 d=1.343 pq=1:1 delta=-1.415 x=0.500 ratio=1.0000 dth=-0.000 gg=0.0123 fl=0.000 ret=1.000 shed=0.000 act=0.0000 flq=0.00
# PAIR t=0.0 p=10 d=1.078 pq=1:1 delta=-2.374 x=0.500 ratio=1.0000 dth=-0.000 gg=0.0000 fl=0.000 ret=1.000 shed=0.000 act=0.0000 flq=0.00
# PAIR t=0.0 p=11 d=1.239 pq=1:1 delta=-1.791 x=0.500 ratio=1.0000 dth=-0.000 gg=0.0005 fl=0.000 ret=1.000 shed=0.000 act=0.0000 flq=0.00
# PAIR t=0.0 p=12 d=1.334 pq=1:1 delta=-1.447 x=0.500 ratio=1.0000 dth=-0.000 gg=0.0099 fl=0.000 ret=1.000 shed=0.000 act=0.0000 flq=0.00
# PAIR t=0.0 p=13 d=1.103 pq=1:1 delta=-2.287 x=0.500 ratio=1.0000 dth=+0.000 gg=0.0000 fl=0.000 ret=1.000 shed=0.000 act=0.0000 flq=0.00
# PAIR t=0.0 p=14 d=1.539 pq=1:1 delta=-0.703 x=0.500 ratio=1.0000 dth=+0.000 gg=0.3649 fl=0.000 ret=1.000 shed=0.000 act=0.0000 flq=0.00
# PAIR t=0.0 p=15 d=1.036 pq=1:1 delta=-2.527 x=0.500 ratio=1.0000 dth=-0.000 gg=0.0000 fl=0.000 ret=1.000 shed=0.000 act=0.0000 flq=0.00
# PAIR t=0.0 p=16 d=1.486 pq=1:1 delta=-0.895 x=0.500 ratio=1.0000 dth=-0.000 gg=0.1906 fl=0.000 ret=1.000 shed=0.000 act=0.0000 flq=0.00
# PAIR t=0.0 p=17 d=1.264 pq=1:1 delta=-1.700 x=0.500 ratio=1.0000 dth=+0.000 gg=0.0013 fl=0.000 ret=1.000 shed=0.000 act=0.0000 flq=0.00
# PAIR t=0.0 p=18 d=1.110 pq=1:1 delta=-2.260 x=0.500 ratio=1.0000 dth=+0.000 gg=0.0000 fl=0.000 ret=1.000 shed=0.000 act=0.0000 flq=0.00
# PAIR t=0.0 p=19 d=1.281 pq=1:1 delta=-1.641 x=0.500 ratio=1.0000 dth=+0.000 gg=0.0022 fl=0.000 ret=1.000 shed=0.000 act=0.0000 flq=0.00
# PAIR t=0.0 p=20 d=1.454 pq=1:1 delta=-1.013 x=0.500 ratio=1.0000 dth=+0.000 gg=0.1170 fl=0.000 ret=1.000 shed=0.000 act=0.0000 flq=0.00
# PAIR t=0.0 p=21 d=1.535 pq=1:1 delta=-0.719 x=0.500 ratio=1.0000 dth=-0.000 gg=0.3477 fl=0.000 ret=1.000 shed=0.000 act=0.0000 flq=0.00
# PAIR t=0.0 p=22 d=1.040 pq=1:1 delta=-2.515 x=0.500 ratio=1.0000 dth=-0.000 gg=0.0000 fl=0.000 ret=1.000 shed=0.000 act=0.0000 flq=0.00
# PAIR t=0.0 p=23 d=1.470 pq=1:1 delta=-0.956 x=0.500 ratio=1.0000 dth=+0.000 gg=0.1492 fl=0.000 ret=1.000 shed=0.000 act=0.0000 flq=0.00
# PAIR t=0.0 p=24 d=1.296 pq=1:1 delta=-1.584 x=0.500 ratio=1.0000 dth=+0.000 gg=0.0035 fl=0.000 ret=1.000 shed=0.000 act=0.0000 flq=0.00
# PAIR t=0.0 p=25 d=1.374 pq=1:1 delta=-1.301 x=0.500 ratio=1.0000 dth=-0.000 gg=0.0259 fl=0.000 ret=1.000 shed=0.000 act=0.0000 flq=0.00
# PAIR t=0.0 p=26 d=1.327 pq=1:1 delta=-1.474 x=0.500 ratio=1.0000 dth=-0.000 gg=0.0081 fl=0.000 ret=1.000 shed=0.000 act=0.0000 flq=0.00
# PAIR t=0.0 p=27 d=1.216 pq=1:1 delta=-1.875 x=0.500 ratio=1.0000 dth=+0.000 gg=0.0002 fl=0.000 ret=1.000 shed=0.000 act=0.0000 flq=0.00
# PAIR t=0.0 p=28 d=1.519 pq=1:1 delta=-0.778 x=0.500 ratio=1.0000 dth=-0.000 gg=0.2883 fl=0.000 ret=1.000 shed=0.000 act=0.0000 flq=0.00
# PAIR t=0.0 p=29 d=1.433 pq=1:1 delta=-1.088 x=0.500 ratio=1.0000 dth=-0.000 gg=0.0824 fl=0.000 ret=1.000 shed=0.000 act=0.0000 flq=0.00
# PAIR t=0.0 p=30 d=1.380 pq=1:1 delta=-1.282 x=0.500 ratio=1.0000 dth=+0.000 gg=0.0290 fl=0.000 ret=1.000 shed=0.000 act=0.0000 flq=0.00
# PAIR t=0.0 p=31 d=1.343 pq=1:1 delta=-1.413 x=0.500 ratio=1.0000 dth=+0.000 gg=0.0125 fl=0.000 ret=1.000 shed=0.000 act=0.0000 flq=0.00
# PAIR t=0.0 p=32 d=1.081 pq=1:1 delta=-2.364 x=0.500 ratio=1.0000 dth=+0.000 gg=0.0000 fl=0.000 ret=1.000 shed=0.000 act=0.0000 flq=0.00
# PAIR t=0.0 p=33 d=1.363 pq=1:1 delta=-1.341 x=0.500 ratio=1.0000 dth=+0.000 gg=0.0201 fl=0.000 ret=1.000 shed=0.000 act=0.0000 flq=0.00
# PAIR t=0.0 p=34 d=1.495 pq=1:1 delta=-0.863 x=0.500 ratio=1.0000 dth=-0.000 gg=0.2149 fl=0.000 ret=1.000 shed=0.000 act=0.0000 flq=0.00
# PAIR t=0.0 p=35 d=1.063 pq=1:1 delta=-2.429 x=0.500 ratio=1.0000 dth=+0.000 gg=0.0000 fl=0.000 ret=1.000 shed=0.000 act=0.0000 flq=0.00
# PAIR t=0.0 p=36 d=1.182 pq=1:1 delta=-1.999 x=0.500 ratio=1.0000 dth=+0.000 gg=0.0001 fl=0.000 ret=1.000 shed=0.000 act=0.0000 flq=0.00
# PAIR t=0.0 p=37 d=1.251 pq=1:1 delta=-1.749 x=0.500 ratio=1.0000 dth=+0.000 gg=0.0008 fl=0.000 ret=1.000 shed=0.000 act=0.0000 flq=0.00
# PAIR t=0.0 p=38 d=1.362 pq=1:1 delta=-1.346 x=0.500 ratio=1.0000 dth=-0.000 gg=0.0196 fl=0.000 ret=1.000 shed=0.000 act=0.0000 flq=0.00
# PAIR t=0.0 p=39 d=1.105 pq=1:1 delta=-2.276 x=0.500 ratio=1.0000 dth=-0.000 gg=0.0000 fl=0.000 ret=1.000 shed=0.000 act=0.0000 flq=0.00
# PAIR t=0.0 p=40 d=1.550 pq=1:1 delta=-0.665 x=0.500 ratio=1.0000 dth=-0.000 gg=0.4065 fl=0.000 ret=1.000 shed=0.000 act=0.0000 flq=0.00
# PAIR t=0.0 p=41 d=1.381 pq=1:1 delta=-1.276 x=0.500 ratio=1.0000 dth=+0.000 gg=0.0301 fl=0.000 ret=1.000 shed=0.000 act=0.0000 flq=0.00
# PAIR t=0.0 p=42 d=1.280 pq=1:1 delta=-1.644 x=0.500 ratio=1.0000 dth=+0.000 gg=0.0021 fl=0.000 ret=1.000 shed=0.000 act=0.0000 flq=0.00
# PAIR t=0.0 p=43 d=1.112 pq=1:1 delta=-2.251 x=0.500 ratio=1.0000 dth=-0.000 gg=0.0000 fl=0.000 ret=1.000 shed=0.000 act=0.0000 flq=0.00
# PAIR t=0.0 p=44 d=1.100 pq=1:1 delta=-2.297 x=0.500 ratio=1.0000 dth=+0.000 gg=0.0000 fl=0.000 ret=1.000 shed=0.000 act=0.0000 flq=0.00
# PAIR t=0.0 p=45 d=1.351 pq=1:1 delta=-1.387 x=0.500 ratio=1.0000 dth=+0.000 gg=0.0150 fl=0.000 ret=1.000 shed=0.000 act=0.0000 flq=0.00
# PAIR t=0.0 p=46 d=1.425 pq=1:1 delta=-1.119 x=0.500 ratio=1.0000 dth=-0.000 gg=0.0709 fl=0.000 ret=1.000 shed=0.000 act=0.0000 flq=0.00
# PAIR t=0.0 p=47 d=1.531 pq=1:1 delta=-0.732 x=0.500 ratio=1.0000 dth=-0.000 gg=0.3341 fl=0.000 ret=1.000 shed=0.000 act=0.0000 flq=0.00
# PAIR t=0.0 p=48 d=1.481 pq=1:1 delta=-0.916 x=0.500 ratio=1.0000 dth=+0.000 gg=0.1756 fl=0.000 ret=1.000 shed=0.000 act=0.0000 flq=0.00
# PAIR t=0.0 p=49 d=1.220 pq=1:1 delta=-1.860 x=0.500 ratio=1.0000 dth=+0.000 gg=0.0003 fl=0.000 ret=1.000 shed=0.000 act=0.0000 flq=0.00
# PAIR t=0.0 p=50 d=1.357 pq=1:1 delta=-1.364 x=0.500 ratio=1.0000 dth=+0.000 gg=0.0174 fl=0.000 ret=1.000 shed=0.000 act=0.0000 flq=0.00
# PAIR t=0.0 p=51 d=1.037 pq=1:1 delta=-2.523 x=0.500 ratio=1.0000 dth=-0.000 gg=0.0000 fl=0.000 ret=1.000 shed=0.000 act=0.0000 flq=0.00
# PAIR t=0.0 p=52 d=1.091 pq=1:1 delta=-2.329 x=0.500 ratio=1.0000 dth=+0.000 gg=0.0000 fl=0.000 ret=1.000 shed=0.000 act=0.0000 flq=0.00
# PAIR t=0.0 p=53 d=1.051 pq=1:1 delta=-2.474 x=0.500 ratio=1.0000 dth=+0.000 gg=0.0000 fl=0.000 ret=1.000 shed=0.000 act=0.0000 flq=0.00
# PAIR t=0.0 p=54 d=1.087 pq=1:1 delta=-2.341 x=0.500 ratio=1.0000 dth=+0.000 gg=0.0000 fl=0.000 ret=1.000 shed=0.000 act=0.0000 flq=0.00
# PAIR t=0.0 p=55 d=1.359 pq=1:1 delta=-1.356 x=0.500 ratio=1.0000 dth=-0.000 gg=0.0183 fl=0.000 ret=1.000 shed=0.000 act=0.0000 flq=0.00
# PAIR t=0.0 p=56 d=1.330 pq=1:1 delta=-1.462 x=0.500 ratio=1.0000 dth=+0.000 gg=0.0089 fl=0.000 ret=1.000 shed=0.000 act=0.0000 flq=0.00
# PAIR t=0.0 p=57 d=1.210 pq=1:1 delta=-1.899 x=0.500 ratio=1.0000 dth=-0.000 gg=0.0002 fl=0.000 ret=1.000 shed=0.000 act=0.0000 flq=0.00
# PAIR t=0.0 p=58 d=1.281 pq=1:1 delta=-1.639 x=0.500 ratio=1.0000 dth=+0.000 gg=0.0022 fl=0.000 ret=1.000 shed=0.000 act=0.0000 flq=0.00
# PAIR t=0.0 p=59 d=1.546 pq=1:1 delta=-0.678 x=0.500 ratio=1.0000 dth=-0.000 gg=0.3921 fl=0.000 ret=1.000 shed=0.000 act=0.0000 flq=0.00
10.000	18650.4348	148.556079	0	1.44392095	18800.4347826	-9.675e-16	111145	14.605	15.868	15.357	0.033	0.0000	0.8478	8.2678	0.8493	0.9983	1.65000	1.64589	0.0000	0.0000	0.0000	0.3292	0.2738	0.20956	0	0	0
# CONV t=10.00 cond=0 evap=0 rough=0 back_s=0
# LEDGER t=10.000 mode=3 sum_err=0 max|E-iEu|=1.110e-16 run_max_diff=0.000e+00 run_max_sum_err=0 steps=500 E0_int=18800434782608680 sum=18800434782608680
# PAIR t=10.0 p=0 d=1.281 pq=1:1 delta=-1.628 x=0.499 ratio=1.0885 dth=+2.345 gg=0.0000 fl=0.014 ret=0.997 shed=0.007 act=0.0880 flq=0.10
# PAIR t=10.0 p=1 d=1.229 pq=1:1 delta=-1.815 x=0.499 ratio=1.0910 dth=+2.578 gg=0.0000 fl=0.001 ret=0.998 shed=0.005 act=0.0073 flq=0.01
# PAIR t=10.0 p=2 d=1.286 pq=1:1 delta=-1.610 x=0.499 ratio=1.0841 dth=+2.285 gg=0.0000 fl=0.015 ret=0.998 shed=0.005 act=0.0961 flq=0.11
# PAIR t=10.0 p=3 d=1.478 pq=1:1 delta=-0.922 x=0.499 ratio=1.0036 dth=+0.060 gg=0.2139 fl=0.007 ret=0.998 shed=0.004 act=0.0493 flq=0.05
# PAIR t=10.0 p=4 d=1.467 pq=1:1 delta=-0.962 x=0.499 ratio=1.0014 dth=+0.024 gg=0.1609 fl=0.003 ret=0.998 shed=0.004 act=0.0205 flq=0.02
# PAIR t=10.0 p=5 d=1.467 pq=1:1 delta=-0.963 x=0.499 ratio=1.0413 dth=+1.145 gg=0.0582 fl=0.017 ret=0.999 shed=0.003 act=0.1277 flq=0.13
# PAIR t=10.0 p=6 d=1.025 pq=1:1 delta=-2.549 x=0.498 ratio=1.1288 dth=-2.919 gg=0.0000 fl=0.011 ret=0.996 shed=0.009 act=0.0587 flq=0.09
# PAIR t=10.0 p=7 d=1.421 pq=1:1 delta=-1.122 x=0.498 ratio=1.0639 dth=+0.884 gg=0.1773 fl=0.007 ret=0.997 shed=0.008 act=0.0466 flq=0.05
# PAIR t=10.0 p=8 d=1.311 pq=1:1 delta=-1.518 x=0.499 ratio=1.0908 dth=+2.416 gg=0.0000 fl=0.008 ret=0.998 shed=0.006 act=0.0521 flq=0.06
# PAIR t=10.0 p=9 d=1.343 pq=1:1 delta=-1.392 x=0.495 ratio=1.0700 dth=+1.984 gg=0.0000 fl=0.008 ret=0.990 shed=0.024 act=0.0552 flq=0.06
# PAIR t=10.0 p=10 d=1.078 pq=1:1 delta=-2.360 x=0.499 ratio=1.1121 dth=-3.123 gg=0.0000 fl=0.005 ret=0.998 shed=0.006 act=0.0271 flq=0.04
# PAIR t=10.0 p=11 d=1.239 pq=1:1 delta=-1.782 x=0.499 ratio=1.0803 dth=+2.485 gg=0.0000 fl=0.002 ret=0.998 shed=0.004 act=0.0095 flq=0.01
# PAIR t=10.0 p=12 d=1.334 pq=1:1 delta=-1.434 x=0.498 ratio=1.0687 dth=+2.009 gg=0.0000 fl=0.011 ret=0.996 shed=0.011 act=0.0750 flq=0.08
# PAIR t=10.0 p=13 d=1.103 pq=1:1 delta=-2.264 x=0.498 ratio=1.1409 dth=-3.029 gg=0.0000 fl=0.010 ret=0.996 shed=0.010 act=0.0572 flq=0.08
# PAIR t=10.0 p=14 d=1.539 pq=1:1 delta=-0.695 x=0.498 ratio=1.0005 dth=-0.002 gg=0.3714 fl=0.000 ret=0.996 shed=0.009 act=0.0006 flq=0.00
# PAIR t=10.0 p=15 d=1.036 pq=1:1 delta=-2.501 x=0.497 ratio=1.1491 dth=-2.677 gg=0.0000 fl=0.005 ret=0.995 shed=0.014 act=0.0237 flq=0.03
# PAIR t=10.0 p=16 d=1.486 pq=1:1 delta=-0.888 x=0.498 ratio=1.0020 dth=+0.039 gg=0.2258 fl=0.005 ret=0.996 shed=0.009 act=0.0408 flq=0.04
# PAIR t=10.0 p=17 d=1.264 pq=1:1 delta=-1.678 x=0.496 ratio=1.0991 dth=+2.434 gg=0.0000 fl=0.015 ret=0.992 shed=0.019 act=0.0923 flq=0.11
# PAIR t=10.0 p=18 d=1.110 pq=1:1 delta=-2.243 x=0.498 ratio=1.1204 dth=+3.020 gg=0.0000 fl=0.018 ret=0.997 shed=0.007 act=0.1005 flq=0.14
# PAIR t=10.0 p=19 d=1.281 pq=1:1 delta=-1.621 x=0.498 ratio=1.1192 dth=+2.638 gg=0.0000 fl=0.006 ret=0.997 shed=0.008 act=0.0352 flq=0.04
# PAIR t=10.0 p=20 d=1.454 pq=1:1 delta=-1.011 x=0.499 ratio=1.0023 dth=+0.039 gg=0.1396 fl=0.004 ret=0.999 shed=0.003 act=0.0312 flq=0.03
# PAIR t=10.0 p=21 d=1.535 pq=1:1 delta=-0.714 x=0.499 ratio=0.9995 dth=-0.005 gg=0.3478 fl=0.000 ret=0.998 shed=0.006 act=0.0017 flq=0.00
# PAIR t=10.0 p=22 d=1.040 pq=1:1 delta=-2.494 x=0.498 ratio=1.1391 dth=-2.799 gg=0.0000 fl=0.007 ret=0.996 shed=0.009 act=0.0361 flq=0.05
# PAIR t=10.0 p=23 d=1.470 pq=1:1 delta=-0.951 x=0.499 ratio=1.0057 dth=+0.100 gg=0.2197 fl=0.011 ret=0.997 shed=0.007 act=0.0810 flq=0.08
# PAIR t=10.0 p=24 d=1.296 pq=1:1 delta=-1.543 x=0.492 ratio=1.1099 dth=+2.466 gg=0.0000 fl=0.008 ret=0.980 shed=0.050 act=0.0510 flq=0.06
# PAIR t=10.0 p=25 d=1.374 pq=1:1 delta=-1.241 x=0.486 ratio=1.0888 dth=+1.709 gg=0.0008 fl=0.004 ret=0.972 shed=0.070 act=0.0251 flq=0.03
# PAIR t=10.0 p=26 d=1.327 pq=1:1 delta=-1.463 x=0.499 ratio=1.0861 dth=+2.330 gg=0.0000 fl=0.007 ret=0.998 shed=0.005 act=0.0442 flq=0.05
# PAIR t=10.0 p=27 d=1.216 pq=1:1 delta=-1.854 x=0.499 ratio=1.1287 dth=+2.911 gg=0.0000 fl=0.001 ret=0.997 shed=0.007 act=0.0067 flq=0.01
# PAIR t=10.0 p=28 d=1.519 pq=1:1 delta=-0.774 x=0.499 ratio=1.0016 dth=+0.023 gg=0.3146 fl=0.003 ret=0.998 shed=0.005 act=0.0239 flq=0.02
# PAIR t=10.0 p=29 d=1.433 pq=1:1 delta=-1.084 x=0.499 ratio=1.0031 dth=+0.059 gg=0.1104 fl=0.006 ret=0.997 shed=0.006 act=0.0447 flq=0.05
# PAIR t=10.0 p=30 d=1.380 pq=1:1 delta=-1.273 x=0.498 ratio=1.0533 dth=+1.582 gg=0.0030 fl=0.007 ret=0.997 shed=0.008 act=0.0462 flq=0.05
# PAIR t=10.0 p=31 d=1.343 pq=1:1 delta=-1.388 x=0.495 ratio=1.0749 dth=+1.894 gg=0.0001 fl=0.007 ret=0.990 shed=0.025 act=0.0501 flq=0.06
# PAIR t=10.0 p=32 d=1.081 pq=1:1 delta=-2.341 x=0.499 ratio=1.1557 dth=-2.821 gg=0.0000 fl=0.000 ret=0.998 shed=0.005 act=0.0020 flq=0.00
# PAIR t=10.0 p=33 d=1.363 pq=1:1 delta=-1.332 x=0.499 ratio=1.0751 dth=+1.093 gg=0.0718 fl=0.002 ret=0.998 shed=0.004 act=0.0113 flq=0.01
# PAIR t=10.0 p=34 d=1.495 pq=1:1 delta=-0.859 x=0.499 ratio=1.0016 dth=+0.034 gg=0.2462 fl=0.005 ret=0.998 shed=0.006 act=0.0343 flq=0.03
# PAIR t=10.0 p=35 d=1.063 pq=1:1 delta=-2.413 x=0.499 ratio=1.1232 dth=-3.010 gg=0.0000 fl=0.004 ret=0.998 shed=0.004 act=0.0212 flq=0.03
# PAIR t=10.0 p=36 d=1.182 pq=1:1 delta=-1.981 x=0.498 ratio=1.1148 dth=+2.869 gg=0.0000 fl=0.004 ret=0.996 shed=0.009 act=0.0246 flq=0.03
# PAIR t=10.0 p=37 d=1.251 pq=1:1 delta=-1.725 x=0.497 ratio=1.1096 dth=+2.585 gg=0.0000 fl=0.014 ret=0.992 shed=0.019 act=0.0863 flq=0.10
# PAIR t=10.0 p=38 d=1.362 pq=1:1 delta=-1.335 x=0.499 ratio=1.0762 dth=+1.165 gg=0.0528 fl=0.002 ret=0.998 shed=0.006 act=0.0152 flq=0.02
# PAIR t=10.0 p=39 d=1.105 pq=1:1 delta=-2.256 x=0.498 ratio=1.1340 dth=-3.108 gg=0.0000 fl=0.013 ret=0.996 shed=0.010 act=0.0704 flq=0.10
# PAIR t=10.0 p=40 d=1.550 pq=1:1 delta=-0.658 x=0.499 ratio=1.0007 dth=+0.013 gg=0.4283 fl=0.003 ret=0.997 shed=0.008 act=0.0224 flq=0.02
# PAIR t=10.0 p=41 d=1.381 pq=1:1 delta=-1.256 x=0.496 ratio=1.0581 dth=+1.691 gg=0.0010 fl=0.004 ret=0.991 shed=0.021 act=0.0254 flq=0.03
# PAIR t=10.0 p=42 d=1.280 pq=1:1 delta=-1.623 x=0.497 ratio=1.1016 dth=+2.424 gg=0.0000 fl=0.012 ret=0.994 shed=0.015 act=0.0789 flq=0.09
# PAIR t=10.0 p=43 d=1.112 pq=1:1 delta=-2.232 x=0.499 ratio=1.1299 dth=+3.128 gg=0.0000 fl=0.013 ret=0.998 shed=0.006 act=0.0749 flq=0.10
# PAIR t=10.0 p=44 d=1.100 pq=1:1 delta=-2.275 x=0.498 ratio=1.1347 dth=-3.003 gg=0.0000 fl=0.001 ret=0.996 shed=0.011 act=0.0039 flq=0.01
# PAIR t=10.0 p=45 d=1.351 pq=1:1 delta=-1.372 x=0.498 ratio=1.0848 dth=+2.296 gg=0.0000 fl=0.004 ret=0.997 shed=0.009 act=0.0291 flq=0.03
# PAIR t=10.0 p=46 d=1.425 pq=1:1 delta=-1.115 x=0.499 ratio=1.0028 dth=+0.046 gg=0.0899 fl=0.004 ret=0.998 shed=0.005 act=0.0303 flq=0.03
# PAIR t=10.0 p=47 d=1.531 pq=1:1 delta=-0.727 x=0.499 ratio=1.0027 dth=+0.047 gg=0.3878 fl=0.008 ret=0.997 shed=0.006 act=0.0578 flq=0.06
# PAIR t=10.0 p=48 d=1.481 pq=1:1 delta=-0.909 x=0.499 ratio=1.0357 dth=+1.073 gg=0.0843 fl=0.017 ret=0.998 shed=0.006 act=0.1235 flq=0.13
# PAIR t=10.0 p=49 d=1.220 pq=1:1 delta=-1.848 x=0.499 ratio=1.0926 dth=+2.580 gg=0.0000 fl=0.001 ret=0.998 shed=0.006 act=0.0075 flq=0.01
# PAIR t=10.0 p=50 d=1.357 pq=1:1 delta=-1.355 x=0.498 ratio=1.0515 dth=+1.875 gg=0.0001 fl=0.011 ret=0.996 shed=0.009 act=0.0770 flq=0.09
# PAIR t=10.0 p=51 d=1.037 pq=1:1 delta=-2.504 x=0.499 ratio=1.1376 dth=-2.833 gg=0.0000 fl=0.008 ret=0.998 shed=0.005 act=0.0400 flq=0.06
# PAIR t=10.0 p=52 d=1.091 pq=1:1 delta=-2.312 x=0.499 ratio=1.1313 dth=-2.988 gg=0.0000 fl=0.001 ret=0.998 shed=0.004 act=0.0044 flq=0.01
# PAIR t=10.0 p=53 d=1.051 pq=1:1 delta=-2.453 x=0.499 ratio=1.1549 dth=-2.700 gg=0.0000 fl=0.002 ret=0.999 shed=0.003 act=0.0126 flq=0.02
# PAIR t=10.0 p=54 d=1.087 pq=1:1 delta=-2.325 x=0.499 ratio=1.1262 dth=-3.051 gg=0.0000 fl=0.001 ret=0.998 shed=0.005 act=0.0057 flq=0.01
# PAIR t=10.0 p=55 d=1.359 pq=1:1 delta=-1.330 x=0.495 ratio=1.0765 dth=+1.690 gg=0.0011 fl=0.007 ret=0.990 shed=0.026 act=0.0449 flq=0.05
# PAIR t=10.0 p=56 d=1.330 pq=1:1 delta=-1.435 x=0.495 ratio=1.0852 dth=+1.848 gg=0.0002 fl=0.008 ret=0.990 shed=0.026 act=0.0557 flq=0.06
# PAIR t=10.0 p=57 d=1.210 pq=1:1 delta=-1.883 x=0.499 ratio=1.1124 dth=+2.800 gg=0.0000 fl=0.002 ret=0.998 shed=0.005 act=0.0127 flq=0.02
# PAIR t=10.0 p=58 d=1.281 pq=1:1 delta=-1.628 x=0.499 ratio=1.0879 dth=+2.229 gg=0.0000 fl=0.014 ret=0.999 shed=0.003 act=0.0927 flq=0.11
# PAIR t=10.0 p=59 d=1.546 pq=1:1 delta=-0.674 x=0.499 ratio=0.9992 dth=-0.008 gg=0.3873 fl=0.000 ret=0.998 shed=0.005 act=0.0000 flq=0.00
20.000	18650.4348	148.425396	0	1.57460429	18800.4347826	-9.675e-16	111148	14.616	15.892	15.384	0.033	0.0000	0.8478	9.1899	0.8493	0.9983	1.64999	1.64587	0.0000	0.0000	0.0000	-0.031337	-0.010023	0.032129	0	0	0
# CONV t=20.00 cond=0 evap=0 rough=0 back_s=0
# LEDGER t=20.000 mode=3 sum_err=0 max|E-iEu|=1.110e-16 run_max_diff=0.000e+00 run_max_sum_err=0 steps=1000 E0_int=18800434782608680 sum=18800434782608680
# PAIR t=20.0 p=0 d=1.281 pq=1:1 delta=-1.599 x=0.497 ratio=0.8474 dth=+1.324 gg=0.0193 fl=0.004 ret=0.994 shed=0.015 act=0.0267 flq=0.03
# PAIR t=20.0 p=1 d=1.229 pq=1:1 delta=-1.804 x=0.498 ratio=0.8846 dth=+2.231 gg=0.0000 fl=0.002 ret=0.996 shed=0.010 act=0.0138 flq=0.02
# PAIR t=20.0 p=2 d=1.286 pq=1:1 delta=-1.579 x=0.498 ratio=0.8419 dth=+0.954 gg=0.0680 fl=0.003 ret=0.996 shed=0.010 act=0.0172 flq=0.02
# PAIR t=20.0 p=3 d=1.478 pq=1:1 delta=-0.917 x=0.498 ratio=1.0034 dth=+0.119 gg=0.2630 fl=0.007 ret=0.996 shed=0.011 act=0.0493 flq=0.05
# PAIR t=20.0 p=4 d=1.467 pq=1:1 delta=-0.956 x=0.498 ratio=1.0015 dth=+0.051 gg=0.1823 fl=0.003 ret=0.996 shed=0.011 act=0.0205 flq=0.02
# PAIR t=20.0 p=5 d=1.467 pq=1:1 delta=-0.952 x=0.499 ratio=0.9178 dth=+0.168 gg=0.2671 fl=0.006 ret=0.998 shed=0.006 act=0.0471 flq=0.05
# PAIR t=20.0 p=6 d=1.025 pq=1:1 delta=-2.553 x=0.496 ratio=1.0586 dth=-1.797 gg=0.0000 fl=0.000 ret=0.992 shed=0.020 act=0.0001 flq=0.00
# PAIR t=20.0 p=7 d=1.421 pq=1:1 delta=-1.119 x=0.497 ratio=0.9542 dth=+1.165 gg=0.0556 fl=0.008 ret=0.994 shed=0.015 act=0.0579 flq=0.06
# PAIR t=20.0 p=8 d=1.311 pq=1:1 delta=-1.521 x=0.498 ratio=1.0460 dth=-2.964 gg=0.0000 fl=0.000 ret=0.996 shed=0.010 act=0.0001 flq=0.00
# PAIR t=20.0 p=9 d=1.343 pq=1:1 delta=-1.363 x=0.494 ratio=0.8564 dth=+0.681 gg=0.1502 fl=0.006 ret=0.988 shed=0.031 act=0.0406 flq=0.05
# PAIR t=20.0 p=10 d=1.078 pq=1:1 delta=-2.347 x=0.497 ratio=0.8690 dth=+2.740 gg=0.0000 fl=0.011 ret=0.995 shed=0.014 act=0.0580 flq=0.08
# PAIR t=20.0 p=11 d=1.239 pq=1:1 delta=-1.745 x=0.498 ratio=0.8294 dth=+1.026 gg=0.0383 fl=0.001 ret=0.996 shed=0.010 act=0.0042 flq=0.01
# PAIR t=20.0 p=12 d=1.334 pq=1:1 delta=-1.407 x=0.497 ratio=0.8582 dth=+0.597 gg=0.1258 fl=0.007 ret=0.993 shed=0.017 act=0.0494 flq=0.06
# PAIR t=20.0 p=13 d=1.103 pq=1:1 delta=-2.247 x=0.492 ratio=1.1387 dth=-0.868 gg=0.0000 fl=0.002 ret=0.985 shed=0.039 act=0.0119 flq=0.02
# PAIR t=20.0 p=14 d=1.539 pq=1:1 delta=-0.687 x=0.496 ratio=1.0007 dth=+0.006 gg=0.3875 fl=0.000 ret=0.992 shed=0.019 act=0.0006 flq=0.00
# PAIR t=20.0 p=15 d=1.036 pq=1:1 delta=-2.473 x=0.494 ratio=1.2177 dth=-0.128 gg=0.0000 fl=0.013 ret=0.988 shed=0.031 act=0.0695 flq=0.10
# PAIR t=20.0 p=16 d=1.486 pq=1:1 delta=-0.879 x=0.496 ratio=1.0010 dth=+0.061 gg=0.2501 fl=0.005 ret=0.992 shed=0.020 act=0.0408 flq=0.04
# PAIR t=20.0 p=17 d=1.264 pq=1:1 delta=-1.669 x=0.495 ratio=0.8989 dth=+2.131 gg=0.0000 fl=0.011 ret=0.989 shed=0.027 act=0.0715 flq=0.08
# PAIR t=20.0 p=18 d=1.110 pq=1:1 delta=-2.223 x=0.496 ratio=0.8570 dth=+2.390 gg=0.0000 fl=0.017 ret=0.992 shed=0.021 act=0.0927 flq=0.12
# PAIR t=20.0 p=19 d=1.281 pq=1:1 delta=-1.615 x=0.496 ratio=1.1097 dth=-1.796 gg=0.0000 fl=0.000 ret=0.992 shed=0.020 act=0.0000 flq=0.00
# PAIR t=20.0 p=20 d=1.454 pq=1:1 delta=-1.007 x=0.499 ratio=1.0021 dth=+0.078 gg=0.1643 fl=0.004 ret=0.997 shed=0.007 act=0.0312 flq=0.03
# PAIR t=20.0 p=21 d=1.535 pq=1:1 delta=-0.707 x=0.497 ratio=0.9983 dth=-0.028 gg=0.3307 fl=0.000 ret=0.994 shed=0.015 act=0.0017 flq=0.00
# PAIR t=20.0 p=22 d=1.040 pq=1:1 delta=-2.465 x=0.490 ratio=1.1680 dth=-0.588 gg=0.0000 fl=0.001 ret=0.981 shed=0.047 act=0.0063 flq=0.01
# PAIR t=20.0 p=23 d=1.470 pq=1:1 delta=-0.946 x=0.497 ratio=1.0054 dth=+0.196 gg=0.2927 fl=0.011 ret=0.995 shed=0.013 act=0.0810 flq=0.08
# PAIR t=20.0 p=24 d=1.296 pq=1:1 delta=-1.493 x=0.478 ratio=1.1107 dth=-2.033 gg=0.0000 fl=0.000 ret=0.956 shed=0.111 act=0.0000 flq=0.00
# PAIR t=20.0 p=25 d=1.374 pq=1:1 delta=-1.194 x=0.473 ratio=1.0465 dth=+2.673 gg=0.0000 fl=0.000 ret=0.945 shed=0.137 act=0.0015 flq=0.00
# PAIR t=20.0 p=26 d=1.327 pq=1:1 delta=-1.466 x=0.498 ratio=1.0295 dth=+3.034 gg=0.0000 fl=0.001 ret=0.996 shed=0.010 act=0.0046 flq=0.01
# PAIR t=20.0 p=27 d=1.216 pq=1:1 delta=-1.838 x=0.494 ratio=1.1301 dth=-1.231 gg=0.0000 fl=0.000 ret=0.988 shed=0.030 act=0.0026 flq=0.00
# PAIR t=20.0 p=28 d=1.519 pq=1:1 delta=-0.770 x=0.498 ratio=1.0018 dth=+0.051 gg=0.3458 fl=0.003 ret=0.996 shed=0.011 act=0.0239 flq=0.02
# PAIR t=20.0 p=29 d=1.433 pq=1:1 delta=-1.077 x=0.497 ratio=1.0017 dth=+0.102 gg=0.1349 fl=0.006 ret=0.994 shed=0.014 act=0.0447 flq=0.05
# PAIR t=20.0 p=30 d=1.380 pq=1:1 delta=-1.253 x=0.497 ratio=0.8865 dth=+0.312 gg=0.1308 fl=0.005 ret=0.994 shed=0.015 act=0.0325 flq=0.04
# PAIR t=20.0 p=31 d=1.343 pq=1:1 delta=-1.363 x=0.493 ratio=0.8670 dth=+0.858 gg=0.1306 fl=0.006 ret=0.986 shed=0.034 act=0.0386 flq=0.04
# PAIR t=20.0 p=32 d=1.081 pq=1:1 delta=-2.321 x=0.498 ratio=1.2124 dth=-0.132 gg=0.0000 fl=0.010 ret=0.996 shed=0.011 act=0.0557 flq=0.08
# PAIR t=20.0 p=33 d=1.363 pq=1:1 delta=-1.332 x=0.498 ratio=0.9452 dth=+1.443 gg=0.0099 fl=0.004 ret=0.997 shed=0.008 act=0.0292 flq=0.03
# PAIR t=20.0 p=34 d=1.495 pq=1:1 delta=-0.854 x=0.498 ratio=1.0013 dth=+0.058 gg=0.2701 fl=0.005 ret=0.996 shed=0.011 act=0.0343 flq=0.03
# PAIR t=20.0 p=35 d=1.063 pq=1:1 delta=-2.417 x=0.498 ratio=1.0844 dth=-1.526 gg=0.0000 fl=0.000 ret=0.997 shed=0.009 act=0.0012 flq=0.00
# PAIR t=20.0 p=36 d=1.182 pq=1:1 delta=-1.982 x=0.497 ratio=1.0891 dth=-1.855 gg=0.0000 fl=0.000 ret=0.994 shed=0.015 act=0.0000 flq=0.00
# PAIR t=20.0 p=37 d=1.251 pq=1:1 delta=-1.726 x=0.495 ratio=1.0676 dth=-2.497 gg=0.0000 fl=0.000 ret=0.989 shed=0.027 act=0.0000 flq=0.00
# PAIR t=20.0 p=38 d=1.362 pq=1:1 delta=-1.329 x=0.498 ratio=0.9213 dth=+1.189 gg=0.0472 fl=0.004 ret=0.995 shed=0.012 act=0.0246 flq=0.03
# PAIR t=20.0 p=39 d=1.105 pq=1:1 delta=-2.234 x=0.490 ratio=1.1170 dth=-1.275 gg=0.0000 fl=0.001 ret=0.978 shed=0.055 act=0.0035 flq=0.00
# PAIR t=20.0 p=40 d=1.550 pq=1:1 delta=-0.651 x=0.497 ratio=1.0007 dth=+0.020 gg=0.4451 fl=0.003 ret=0.993 shed=0.016 act=0.0224 flq=0.02
# PAIR t=20.0 p=41 d=1.381 pq=1:1 delta=-1.234 x=0.495 ratio=0.8768 dth=+0.475 gg=0.1945 fl=0.003 ret=0.989 shed=0.026 act=0.0185 flq=0.02
# PAIR t=20.0 p=42 d=1.280 pq=1:1 delta=-1.628 x=0.496 ratio=1.0438 dth=-2.961 gg=0.0000 fl=0.000 ret=0.992 shed=0.020 act=0.0008 flq=0.00
# PAIR t=20.0 p=43 d=1.112 pq=1:1 delta=-2.236 x=0.498 ratio=1.0925 dth=-1.558 gg=0.0000 fl=0.000 ret=0.996 shed=0.010 act=0.0005 flq=0.00
# PAIR t=20.0 p=44 d=1.100 pq=1:1 delta=-2.248 x=0.490 ratio=1.1468 dth=-0.736 gg=0.0000 fl=0.005 ret=0.979 shed=0.051 act=0.0271 flq=0.04
# PAIR t=20.0 p=45 d=1.351 pq=1:1 delta=-1.374 x=0.497 ratio=1.0513 dth=-3.020 gg=0.0000 fl=0.000 ret=0.994 shed=0.014 act=0.0002 flq=0.00
# PAIR t=20.0 p=46 d=1.425 pq=1:1 delta=-1.111 x=0.498 ratio=1.0031 dth=+0.097 gg=0.1141 fl=0.004 ret=0.996 shed=0.010 act=0.0303 flq=0.03
# PAIR t=20.0 p=47 d=1.531 pq=1:1 delta=-0.720 x=0.497 ratio=1.0025 dth=+0.089 gg=0.4378 fl=0.008 ret=0.994 shed=0.014 act=0.0578 flq=0.06
# PAIR t=20.0 p=48 d=1.481 pq=1:1 delta=-0.897 x=0.497 ratio=0.9255 dth=+0.091 gg=0.2581 fl=0.005 ret=0.995 shed=0.013 act=0.0371 flq=0.04
# PAIR t=20.0 p=49 d=1.220 pq=1:1 delta=-1.830 x=0.497 ratio=0.8696 dth=+2.091 gg=0.0000 fl=0.002 ret=0.995 shed=0.013 act=0.0131 flq=0.02
# PAIR t=20.0 p=50 d=1.357 pq=1:1 delta=-1.328 x=0.497 ratio=0.8687 dth=+0.152 gg=0.0504 fl=0.009 ret=0.993 shed=0.017 act=0.0638 flq=0.07
# PAIR t=20.0 p=51 d=1.037 pq=1:1 delta=-2.501 x=0.497 ratio=1.1241 dth=-0.897 gg=0.0000 fl=0.006 ret=0.992 shed=0.021 act=0.0293 flq=0.04
# PAIR t=20.0 p=52 d=1.091 pq=1:1 delta=-2.298 x=0.495 ratio=1.1309 dth=-0.925 gg=0.0000 fl=0.004 ret=0.989 shed=0.028 act=0.0244 flq=0.03
# PAIR t=20.0 p=53 d=1.051 pq=1:1 delta=-2.430 x=0.499 ratio=1.2331 dth=-0.028 gg=0.0000 fl=0.006 ret=0.998 shed=0.005 act=0.0325 flq=0.05
# PAIR t=20.0 p=54 d=1.087 pq=1:1 delta=-2.326 x=0.498 ratio=1.1069 dth=-1.240 gg=0.0000 fl=0.001 ret=0.997 shed=0.009 act=0.0041 flq=0.01
# PAIR t=20.0 p=55 d=1.359 pq=1:1 delta=-1.313 x=0.494 ratio=0.8798 dth=+0.871 gg=0.1405 fl=0.006 ret=0.988 shed=0.031 act=0.0377 flq=0.04
# PAIR t=20.0 p=56 d=1.330 pq=1:1 delta=-1.419 x=0.494 ratio=0.8793 dth=+1.132 gg=0.0563 fl=0.009 ret=0.987 shed=0.032 act=0.0574 flq=0.06
# PAIR t=20.0 p=57 d=1.210 pq=1:1 delta=-1.882 x=0.498 ratio=1.0928 dth=-1.871 gg=0.0000 fl=0.000 ret=0.995 shed=0.012 act=0.0000 flq=0.00
# PAIR t=20.0 p=58 d=1.281 pq=1:1 delta=-1.604 x=0.499 ratio=0.8495 dth=+1.059 gg=0.0520 fl=0.003 ret=0.998 shed=0.006 act=0.0169 flq=0.02
# PAIR t=20.0 p=59 d=1.546 pq=1:1 delta=-0.668 x=0.498 ratio=0.9979 dth=-0.037 gg=0.3607 fl=0.000 ret=0.996 shed=0.011 act=0.0000 flq=0.00
30.000	18650.4348	147.451653	0	2.54834728	18800.4347826	-7.740e-16	111148	14.586	15.884	15.378	0.034	0.0000	0.8478	7.9945	0.8493	0.9983	1.64998	1.64586	0.0000	0.0000	0.0000	-0.025657	0.030899	-0.064038	0	0	0
# CONV t=30.00 cond=0 evap=0 rough=0 back_s=0
# LEDGER t=30.000 mode=3 sum_err=0 max|E-iEu|=1.110e-16 run_max_diff=0.000e+00 run_max_sum_err=0 steps=1500 E0_int=18800434782608680 sum=18800434782608680
# PAIR t=30.0 p=0 d=1.281 pq=1:1 delta=-1.615 x=0.494 ratio=1.0765 dth=-0.630 gg=0.0000 fl=0.002 ret=0.989 shed=0.029 act=0.0114 flq=0.01
# PAIR t=30.0 p=1 d=1.229 pq=1:1 delta=-1.806 x=0.496 ratio=0.9208 dth=-0.619 gg=0.0000 fl=0.015 ret=0.992 shed=0.020 act=0.0946 flq=0.12
# PAIR t=30.0 p=2 d=1.286 pq=1:1 delta=-1.596 x=0.497 ratio=1.1208 dth=-0.372 gg=0.0001 fl=0.001 ret=0.995 shed=0.013 act=0.0085 flq=0.01
# PAIR t=30.0 p=3 d=1.478 pq=1:1 delta=-0.911 x=0.496 ratio=1.0026 dth=+0.173 gg=0.3091 fl=0.007 ret=0.993 shed=0.018 act=0.0493 flq=0.05
# PAIR t=30.0 p=4 d=1.467 pq=1:1 delta=-0.951 x=0.497 ratio=1.0018 dth=+0.077 gg=0.2037 fl=0.003 ret=0.993 shed=0.018 act=0.0205 flq=0.02
# PAIR t=30.0 p=5 d=1.467 pq=1:1 delta=-0.950 x=0.498 ratio=1.0879 dth=+0.019 gg=0.1651 fl=0.003 ret=0.996 shed=0.009 act=0.0216 flq=0.02
# PAIR t=30.0 p=6 d=1.025 pq=1:1 delta=-2.526 x=0.495 ratio=1.1839 dth=-0.282 gg=0.0000 fl=0.001 ret=0.990 shed=0.025 act=0.0056 flq=0.01
# PAIR t=30.0 p=7 d=1.421 pq=1:1 delta=-1.112 x=0.495 ratio=0.9454 dth=-0.032 gg=0.0623 fl=0.007 ret=0.991 shed=0.023 act=0.0510 flq=0.05
# PAIR t=30.0 p=8 d=1.311 pq=1:1 delta=-1.517 x=0.497 ratio=1.0447 dth=-2.163 gg=0.0000 fl=0.000 ret=0.993 shed=0.017 act=0.0000 flq=0.00
# PAIR t=30.0 p=9 d=1.343 pq=1:1 delta=-1.366 x=0.487 ratio=1.0488 dth=-0.729 gg=0.0000 fl=0.001 ret=0.975 shed=0.063 act=0.0081 flq=0.01
# PAIR t=30.0 p=10 d=1.078 pq=1:1 delta=-2.361 x=0.495 ratio=0.9532 dth=-0.569 gg=0.0000 fl=0.007 ret=0.992 shed=0.019 act=0.0352 flq=0.05
# PAIR t=30.0 p=11 d=1.239 pq=1:1 delta=-1.758 x=0.496 ratio=1.1451 dth=-0.240 gg=0.0000 fl=0.003 ret=0.993 shed=0.018 act=0.0208 flq=0.03
# PAIR t=30.0 p=12 d=1.334 pq=1:1 delta=-1.415 x=0.495 ratio=1.1195 dth=-0.222 gg=0.0020 fl=0.006 ret=0.991 shed=0.023 act=0.0401 flq=0.05
# PAIR t=30.0 p=13 d=1.103 pq=1:1 delta=-2.240 x=0.491 ratio=1.1522 dth=+2.680 gg=0.0000 fl=0.019 ret=0.983 shed=0.043 act=0.1047 flq=0.14
# PAIR t=30.0 p=14 d=1.539 pq=1:1 delta=-0.679 x=0.494 ratio=1.0013 dth=+0.022 gg=0.4153 fl=0.000 ret=0.989 shed=0.028 act=0.0006 flq=0.00
# PAIR t=30.0 p=15 d=1.036 pq=1:1 delta=-2.467 x=0.492 ratio=0.8221 dth=+2.670 gg=0.0000 fl=0.000 ret=0.984 shed=0.041 act=0.0021 flq=0.00
# PAIR t=30.0 p=16 d=1.486 pq=1:1 delta=-0.870 x=0.494 ratio=0.9997 dth=+0.064 gg=0.2602 fl=0.005 ret=0.988 shed=0.030 act=0.0408 flq=0.04
# PAIR t=30.0 p=17 d=1.264 pq=1:1 delta=-1.665 x=0.492 ratio=0.9241 dth=-0.618 gg=0.0000 fl=0.006 ret=0.983 shed=0.041 act=0.0366 flq=0.04
# PAIR t=30.0 p=18 d=1.110 pq=1:1 delta=-2.244 x=0.494 ratio=1.0127 dth=-0.589 gg=0.0000 fl=0.021 ret=0.989 shed=0.027 act=0.1190 flq=0.16
# PAIR t=30.0 p=19 d=1.281 pq=1:1 delta=-1.554 x=0.489 ratio=1.2209 dth=+0.602 gg=0.0726 fl=0.003 ret=0.977 shed=0.057 act=0.0200 flq=0.02
# PAIR t=30.0 p=20 d=1.454 pq=1:1 delta=-1.004 x=0.498 ratio=1.0022 dth=+0.116 gg=0.1907 fl=0.004 ret=0.995 shed=0.012 act=0.0312 flq=0.03
# PAIR t=30.0 p=21 d=1.535 pq=1:1 delta=-0.701 x=0.496 ratio=0.9971 dth=-0.072 gg=0.2909 fl=0.000 ret=0.991 shed=0.022 act=0.0017 flq=0.00
# PAIR t=30.0 p=22 d=1.040 pq=1:1 delta=-2.481 x=0.489 ratio=1.0739 dth=+3.073 gg=0.0000 fl=0.031 ret=0.979 shed=0.052 act=0.1608 flq=0.23
# PAIR t=30.0 p=23 d=1.470 pq=1:1 delta=-0.939 x=0.496 ratio=1.0045 dth=+0.282 gg=0.3540 fl=0.011 ret=0.991 shed=0.022 act=0.0810 flq=0.08
# PAIR t=30.0 p=24 d=1.296 pq=1:1 delta=-1.460 x=0.476 ratio=1.1959 dth=+0.131 gg=0.0210 fl=0.003 ret=0.952 shed=0.120 act=0.0176 flq=0.02
# PAIR t=30.0 p=25 d=1.374 pq=1:1 delta=-1.190 x=0.472 ratio=1.0453 dth=-2.789 gg=0.0000 fl=0.000 ret=0.943 shed=0.142 act=0.0000 flq=0.00
# PAIR t=30.0 p=26 d=1.327 pq=1:1 delta=-1.462 x=0.497 ratio=1.0270 dth=-2.765 gg=0.0000 fl=0.000 ret=0.993 shed=0.016 act=0.0000 flq=0.00
# PAIR t=30.0 p=27 d=1.216 pq=1:1 delta=-1.815 x=0.493 ratio=1.1980 dth=+1.945 gg=0.0001 fl=0.019 ret=0.986 shed=0.035 act=0.1170 flq=0.14
# PAIR t=30.0 p=28 d=1.519 pq=1:1 delta=-0.766 x=0.497 ratio=1.0019 dth=+0.082 gg=0.3801 fl=0.003 ret=0.994 shed=0.016 act=0.0239 flq=0.02
# PAIR t=30.0 p=29 d=1.433 pq=1:1 delta=-1.071 x=0.496 ratio=1.0003 dth=+0.122 gg=0.1488 fl=0.006 ret=0.991 shed=0.022 act=0.0447 flq=0.05
# PAIR t=30.0 p=30 d=1.380 pq=1:1 delta=-1.257 x=0.496 ratio=1.0867 dth=-0.255 gg=0.0054 fl=0.010 ret=0.991 shed=0.022 act=0.0714 flq=0.08
# PAIR t=30.0 p=31 d=1.343 pq=1:1 delta=-1.378 x=0.492 ratio=1.0628 dth=-0.582 gg=0.0000 fl=0.001 ret=0.983 shed=0.041 act=0.0075 flq=0.01
# PAIR t=30.0 p=32 d=1.081 pq=1:1 delta=-2.350 x=0.496 ratio=0.9366 dth=+2.900 gg=0.0000 fl=0.105 ret=0.993 shed=0.017 act=0.5670 flq=0.79
# PAIR t=30.0 p=33 d=1.363 pq=1:1 delta=-1.326 x=0.498 ratio=0.9302 dth=+0.021 gg=0.0252 fl=0.006 ret=0.995 shed=0.012 act=0.0383 flq=0.04
# PAIR t=30.0 p=34 d=1.495 pq=1:1 delta=-0.850 x=0.497 ratio=1.0007 dth=+0.072 gg=0.2863 fl=0.005 ret=0.994 shed=0.016 act=0.0343 flq=0.03
# PAIR t=30.0 p=35 d=1.063 pq=1:1 delta=-2.365 x=0.496 ratio=1.2578 dth=+0.953 gg=0.0019 fl=0.000 ret=0.991 shed=0.022 act=0.0006 flq=0.00
# PAIR t=30.0 p=36 d=1.182 pq=1:1 delta=-1.952 x=0.496 ratio=1.1918 dth=+0.089 gg=0.0003 fl=0.014 ret=0.991 shed=0.022 act=0.0804 flq=0.10
# PAIR t=30.0 p=37 d=1.251 pq=1:1 delta=-1.720 x=0.493 ratio=1.0709 dth=-1.290 gg=0.0000 fl=0.001 ret=0.987 shed=0.034 act=0.0055 flq=0.01
# PAIR t=30.0 p=38 d=1.362 pq=1:1 delta=-1.330 x=0.496 ratio=0.9552 dth=-0.334 gg=0.0014 fl=0.010 ret=0.993 shed=0.018 act=0.0662 flq=0.07
# PAIR t=30.0 p=39 d=1.105 pq=1:1 delta=-2.192 x=0.487 ratio=1.2364 dth=+1.919 gg=0.0001 fl=0.010 ret=0.975 shed=0.063 act=0.0566 flq=0.08
# PAIR t=30.0 p=40 d=1.550 pq=1:1 delta=-0.643 x=0.495 ratio=1.0003 dth=+0.024 gg=0.4587 fl=0.003 ret=0.990 shed=0.026 act=0.0224 flq=0.02
# PAIR t=30.0 p=41 d=1.381 pq=1:1 delta=-1.244 x=0.493 ratio=1.0806 dth=-0.397 gg=0.0016 fl=0.007 ret=0.987 shed=0.032 act=0.0458 flq=0.05
# PAIR t=30.0 p=42 d=1.280 pq=1:1 delta=-1.624 x=0.495 ratio=1.0442 dth=-2.184 gg=0.0000 fl=0.000 ret=0.990 shed=0.026 act=0.0000 flq=0.00
# PAIR t=30.0 p=43 d=1.112 pq=1:1 delta=-2.190 x=0.496 ratio=1.2463 dth=+0.894 gg=0.0051 fl=0.002 ret=0.993 shed=0.018 act=0.0084 flq=0.01
# PAIR t=30.0 p=44 d=1.100 pq=1:1 delta=-2.249 x=0.487 ratio=1.1080 dth=+2.812 gg=0.0000 fl=0.005 ret=0.975 shed=0.062 act=0.0266 flq=0.04
# PAIR t=30.0 p=45 d=1.351 pq=1:1 delta=-1.368 x=0.496 ratio=1.0510 dth=-2.116 gg=0.0000 fl=0.000 ret=0.992 shed=0.021 act=0.0000 flq=0.00
# PAIR t=30.0 p=46 d=1.425 pq=1:1 delta=-1.107 x=0.497 ratio=1.0033 dth=+0.151 gg=0.1430 fl=0.004 ret=0.994 shed=0.016 act=0.0303 flq=0.03
# PAIR t=30.0 p=47 d=1.531 pq=1:1 delta=-0.714 x=0.496 ratio=1.0020 dth=+0.127 gg=0.4806 fl=0.008 ret=0.991 shed=0.022 act=0.0578 flq=0.06
# PAIR t=30.0 p=48 d=1.481 pq=1:1 delta=-0.890 x=0.502 ratio=1.0875 dth=+0.189 gg=0.3410 fl=0.000 ret=0.992 shed=0.021 act=0.0000 flq=0.00
# PAIR t=30.0 p=49 d=1.220 pq=1:1 delta=-1.841 x=0.496 ratio=0.9330 dth=-0.688 gg=0.0000 fl=0.029 ret=0.992 shed=0.021 act=0.1752 flq=0.22
# PAIR t=30.0 p=50 d=1.357 pq=1:1 delta=-1.326 x=0.495 ratio=1.1301 dth=-0.133 gg=0.0088 fl=0.001 ret=0.989 shed=0.027 act=0.0053 flq=0.01
# PAIR t=30.0 p=51 d=1.037 pq=1:1 delta=-2.483 x=0.493 ratio=1.1663 dth=+2.771 gg=0.0000 fl=0.008 ret=0.988 shed=0.031 act=0.0437 flq=0.06
# PAIR t=30.0 p=52 d=1.091 pq=1:1 delta=-2.287 x=0.493 ratio=1.1618 dth=+2.651 gg=0.0000 fl=0.017 ret=0.987 shed=0.033 act=0.0902 flq=0.12
# PAIR t=30.0 p=53 d=1.051 pq=1:1 delta=-2.435 x=0.498 ratio=0.8265 dth=+2.647 gg=0.0000 fl=0.001 ret=0.997 shed=0.007 act=0.0061 flq=0.01
# PAIR t=30.0 p=54 d=1.087 pq=1:1 delta=-2.287 x=0.497 ratio=1.2431 dth=+1.891 gg=0.0001 fl=0.007 ret=0.995 shed=0.013 act=0.0378 flq=0.05
# PAIR t=30.0 p=55 d=1.359 pq=1:1 delta=-1.328 x=0.493 ratio=1.0342 dth=-0.607 gg=0.0001 fl=0.001 ret=0.986 shed=0.036 act=0.0088 flq=0.01
# PAIR t=30.0 p=56 d=1.330 pq=1:1 delta=-1.433 x=0.492 ratio=0.9885 dth=-0.692 gg=0.0000 fl=0.010 ret=0.984 shed=0.039 act=0.0696 flq=0.08
# PAIR t=30.0 p=57 d=1.210 pq=1:1 delta=-1.851 x=0.497 ratio=1.1982 dth=+0.102 gg=0.0008 fl=0.006 ret=0.993 shed=0.017 act=0.0354 flq=0.04
# PAIR t=30.0 p=58 d=1.281 pq=1:1 delta=-1.624 x=0.498 ratio=1.0879 dth=-0.519 gg=0.0000 fl=0.001 ret=0.996 shed=0.009 act=0.0094 flq=0.01
# PAIR t=30.0 p=59 d=1.546 pq=1:1 delta=-0.663 x=0.496 ratio=0.9964 dth=-0.089 gg=0.3088 fl=0.000 ret=0.993 shed=0.018 act=0.0000 flq=0.00
# QATOM t=39.16 dir=DF w=1.77785891 e=0.325398288451
40.000	18650.4772	146.288109	0.282955033	3.38649278	18800.4347826	-7.740e-16	111151	14.631	15.861	15.391	0.034	9.8997	0.8478	7.9037	0.8493	0.9983	1.64997	1.64586	15.7201	19.6651	6.2634	0.097271	0.21883	0.2317	0.022469	0.037506	-0.09864
# CONV t=40.00 cond=0 evap=0 rough=0.325398 back_s=0.0424433
# LEDGER t=40.000 mode=3 sum_err=0 max|E-iEu|=4.989e-13 run_max_diff=1.490e-12 run_max_sum_err=0 steps=2000 E0_int=18800434782608680 sum=18800434782608680
# PAIR t=40.0 p=0 d=1.281 pq=1:1 delta=-1.598 x=0.492 ratio=1.1270 dth=+1.986 gg=0.0000 fl=0.019 ret=0.984 shed=0.039 act=0.1197 flq=0.14
# PAIR t=40.0 p=1 d=1.229 pq=1:1 delta=-1.774 x=0.495 ratio=1.1972 dth=+1.419 gg=0.0093 fl=0.004 ret=0.990 shed=0.025 act=0.0220 flq=0.03
# PAIR t=40.0 p=2 d=1.286 pq=1:1 delta=-1.597 x=0.495 ratio=1.0804 dth=+2.203 gg=0.0000 fl=0.020 ret=0.991 shed=0.023 act=0.1301 flq=0.15
# PAIR t=40.0 p=3 d=1.478 pq=1:1 delta=-0.905 x=0.495 ratio=1.0021 dth=+0.217 gg=0.3463 fl=0.007 ret=0.990 shed=0.026 act=0.0493 flq=0.05
# PAIR t=40.0 p=4 d=1.467 pq=1:1 delta=-0.946 x=0.495 ratio=1.0013 dth=+0.102 gg=0.2255 fl=0.003 ret=0.990 shed=0.024 act=0.0205 flq=0.02
# PAIR t=40.0 p=5 d=1.467 pq=1:1 delta=-0.957 x=0.497 ratio=1.0066 dth=+1.399 gg=0.0093 fl=0.001 ret=0.995 shed=0.012 act=0.0052 flq=0.01
# PAIR t=40.0 p=6 d=1.025 pq=1:1 delta=-2.548 x=0.492 ratio=0.9902 dth=+3.075 gg=0.0000 fl=0.043 ret=0.987 shed=0.033 act=0.2213 flq=0.32
# PAIR t=40.0 p=7 d=1.421 pq=1:1 delta=-1.106 x=0.494 ratio=1.0613 dth=-0.018 gg=0.0690 fl=0.006 ret=0.988 shed=0.029 act=0.0433 flq=0.05
# PAIR t=40.0 p=8 d=1.311 pq=1:1 delta=-1.511 x=0.495 ratio=1.0465 dth=-1.369 gg=0.0000 fl=0.000 ret=0.990 shed=0.025 act=0.0007 flq=0.00
# PAIR t=40.0 p=9 d=1.343 pq=1:1 delta=-1.340 x=0.485 ratio=1.1344 dth=+1.491 gg=0.0069 fl=0.008 ret=0.970 shed=0.076 act=0.0525 flq=0.06
# PAIR t=40.0 p=10 d=1.078 pq=1:1 delta=-2.338 x=0.495 ratio=1.1616 dth=+2.693 gg=0.0000 fl=0.026 ret=0.991 shed=0.023 act=0.1407 flq=0.19
# PAIR t=40.0 p=11 d=1.239 pq=1:1 delta=-1.770 x=0.494 ratio=1.0331 dth=+2.411 gg=0.0000 fl=0.014 ret=0.988 shed=0.030 act=0.0895 flq=0.11
# PAIR t=40.0 p=12 d=1.334 pq=1:1 delta=-1.420 x=0.493 ratio=1.0595 dth=+2.073 gg=0.0000 fl=0.020 ret=0.987 shed=0.032 act=0.1354 flq=0.15
# PAIR t=40.0 p=13 d=1.103 pq=1:1 delta=-2.218 x=0.490 ratio=0.8234 dth=+0.069 gg=0.0000 fl=0.003 ret=0.980 shed=0.051 act=0.0161 flq=0.02
# PAIR t=40.0 p=14 d=1.539 pq=1:1 delta=-0.670 x=0.492 ratio=1.0022 dth=+0.048 gg=0.4528 fl=0.000 ret=0.985 shed=0.039 act=0.0006 flq=0.00
# PAIR t=40.0 p=15 d=1.036 pq=1:1 delta=-2.287 x=0.424 ratio=1.1283 dth=-0.310 gg=0.0000 fl=0.033 ret=0.849 shed=0.377 act=0.1720 flq=0.24
# PAIR t=40.0 p=16 d=1.486 pq=1:1 delta=-0.862 x=0.492 ratio=0.9989 dth=+0.049 gg=0.2560 fl=0.005 ret=0.983 shed=0.041 act=0.0408 flq=0.04
# PAIR t=40.0 p=17 d=1.264 pq=1:1 delta=-1.628 x=0.490 ratio=1.1972 dth=+1.110 gg=0.0430 fl=0.002 ret=0.980 shed=0.050 act=0.0140 flq=0.02
# PAIR t=40.0 p=18 d=1.110 pq=1:1 delta=-2.224 x=0.493 ratio=1.1332 dth=+2.590 gg=0.0000 fl=0.001 ret=0.987 shed=0.033 act=0.0069 flq=0.01
# PAIR t=40.0 p=19 d=1.281 pq=1:1 delta=-1.589 x=0.487 ratio=0.9263 dth=+2.257 gg=0.0000 fl=0.017 ret=0.974 shed=0.064 act=0.1069 flq=0.12
# PAIR t=40.0 p=20 d=1.454 pq=1:1 delta=-1.001 x=0.497 ratio=1.0023 dth=+0.155 gg=0.2177 fl=0.004 ret=0.994 shed=0.016 act=0.0312 flq=0.03
# PAIR t=40.0 p=21 d=1.535 pq=1:1 delta=-0.694 x=0.494 ratio=0.9959 dth=-0.137 gg=0.2321 fl=0.000 ret=0.988 shed=0.030 act=0.0017 flq=0.00
# PAIR t=40.0 p=22 d=1.040 pq=1:1 delta=-2.465 x=0.488 ratio=0.8699 dth=-0.398 gg=0.0000 fl=0.021 ret=0.978 shed=0.056 act=0.1074 flq=0.15
# PAIR t=40.0 p=23 d=1.470 pq=1:1 delta=-0.932 x=0.494 ratio=1.0038 dth=+0.359 gg=0.3968 fl=0.011 ret=0.988 shed=0.031 act=0.0810 flq=0.08
# PAIR t=40.0 p=24 d=1.296 pq=1:1 delta=-1.487 x=0.474 ratio=0.9563 dth=+2.275 gg=0.0000 fl=0.004 ret=0.947 shed=0.132 act=0.0238 flq=0.03
# PAIR t=40.0 p=25 d=1.374 pq=1:1 delta=-1.185 x=0.470 ratio=1.0450 dth=-1.971 gg=0.0000 fl=0.000 ret=0.941 shed=0.148 act=0.0000 flq=0.00
# PAIR t=40.0 p=26 d=1.327 pq=1:1 delta=-1.456 x=0.495 ratio=1.0259 dth=-2.291 gg=0.0000 fl=0.000 ret=0.990 shed=0.024 act=0.0000 flq=0.00
# PAIR t=40.0 p=27 d=1.216 pq=1:1 delta=-1.790 x=0.494 ratio=0.8299 dth=+1.502 gg=0.0056 fl=0.000 ret=0.972 shed=0.069 act=0.0003 flq=0.00
# PAIR t=40.0 p=28 d=1.519 pq=1:1 delta=-0.760 x=0.496 ratio=1.0019 dth=+0.114 gg=0.4161 fl=0.003 ret=0.991 shed=0.022 act=0.0239 flq=0.02
# PAIR t=40.0 p=29 d=1.433 pq=1:1 delta=-1.066 x=0.494 ratio=0.9992 dth=+0.115 gg=0.1488 fl=0.006 ret=0.988 shed=0.029 act=0.0447 flq=0.05
# PAIR t=40.0 p=30 d=1.380 pq=1:1 delta=-1.244 x=0.492 ratio=1.0790 dth=+1.747 gg=0.0005 fl=0.015 ret=0.984 shed=0.040 act=0.1038 flq=0.11
# PAIR t=40.0 p=31 d=1.343 pq=1:1 delta=-1.358 x=0.489 ratio=1.1170 dth=+1.599 gg=0.0028 fl=0.007 ret=0.977 shed=0.057 act=0.0491 flq=0.05
# PAIR t=40.0 p=32 d=1.081 pq=1:1 delta=-2.347 x=0.495 ratio=0.9381 dth=-0.622 gg=0.0000 fl=0.030 ret=0.991 shed=0.022 act=0.1625 flq=0.23
# PAIR t=40.0 p=33 d=1.363 pq=1:1 delta=-1.327 x=0.497 ratio=1.0520 dth=-0.224 gg=0.0041 fl=0.009 ret=0.994 shed=0.016 act=0.0630 flq=0.07
# PAIR t=40.0 p=34 d=1.495 pq=1:1 delta=-0.845 x=0.496 ratio=1.0002 dth=+0.079 gg=0.2970 fl=0.005 ret=0.991 shed=0.022 act=0.0343 flq=0.03
# PAIR t=40.0 p=35 d=1.063 pq=1:1 delta=-2.368 x=0.495 ratio=0.8037 dth=+1.934 gg=0.0001 fl=0.006 ret=0.990 shed=0.025 act=0.0328 flq=0.05
# PAIR t=40.0 p=36 d=1.182 pq=1:1 delta=-1.975 x=0.493 ratio=0.9426 dth=+2.538 gg=0.0000 fl=0.074 ret=0.987 shed=0.032 act=0.4373 flq=0.55
# PAIR t=40.0 p=37 d=1.251 pq=1:1 delta=-1.668 x=0.489 ratio=1.2149 dth=+0.982 gg=0.0512 fl=0.003 ret=0.978 shed=0.055 act=0.0157 flq=0.02
# PAIR t=40.0 p=38 d=1.362 pq=1:1 delta=-1.318 x=0.495 ratio=1.0936 dth=+0.256 gg=0.0817 fl=0.006 ret=0.991 shed=0.023 act=0.0436 flq=0.05
# PAIR t=40.0 p=39 d=1.105 pq=1:1 delta=-2.183 x=0.486 ratio=0.8019 dth=+1.192 gg=0.0062 fl=0.002 ret=0.971 shed=0.072 act=0.0107 flq=0.01
# PAIR t=40.0 p=40 d=1.550 pq=1:1 delta=-0.636 x=0.493 ratio=0.9999 dth=+0.024 gg=0.4667 fl=0.003 ret=0.986 shed=0.034 act=0.0224 flq=0.02
# PAIR t=40.0 p=41 d=1.381 pq=1:1 delta=-1.243 x=0.493 ratio=1.0797 dth=+1.664 gg=0.0012 fl=0.011 ret=0.986 shed=0.034 act=0.0767 flq=0.08
# PAIR t=40.0 p=42 d=1.280 pq=1:1 delta=-1.619 x=0.494 ratio=1.0473 dth=-1.381 gg=0.0000 fl=0.000 ret=0.987 shed=0.032 act=0.0013 flq=0.00
# PAIR t=40.0 p=43 d=1.112 pq=1:1 delta=-2.196 x=0.495 ratio=0.8237 dth=+1.964 gg=0.0001 fl=0.009 ret=0.989 shed=0.027 act=0.0527 flq=0.07
# PAIR t=40.0 p=44 d=1.100 pq=1:1 delta=-2.223 x=0.486 ratio=0.8370 dth=-0.241 gg=0.0000 fl=0.025 ret=0.972 shed=0.070 act=0.1382 flq=0.19
# PAIR t=40.0 p=45 d=1.351 pq=1:1 delta=-1.364 x=0.495 ratio=1.0579 dth=-1.188 gg=0.0000 fl=0.001 ret=0.989 shed=0.026 act=0.0035 flq=0.00
# PAIR t=40.0 p=46 d=1.425 pq=1:1 delta=-1.102 x=0.496 ratio=1.0034 dth=+0.211 gg=0.1765 fl=0.004 ret=0.992 shed=0.021 act=0.0303 flq=0.03
# PAIR t=40.0 p=47 d=1.531 pq=1:1 delta=-0.708 x=0.494 ratio=1.0016 dth=+0.159 gg=0.5160 fl=0.008 ret=0.988 shed=0.029 act=0.0578 flq=0.06
# PAIR t=40.0 p=48 d=1.481 pq=1:1 delta=-0.892 x=0.494 ratio=0.9720 dth=+1.245 gg=0.0280 fl=0.016 ret=0.989 shed=0.028 act=0.1212 flq=0.12
# PAIR t=40.0 p=49 d=1.220 pq=1:1 delta=-1.810 x=0.494 ratio=1.1851 dth=+1.606 gg=0.0027 fl=0.004 ret=0.989 shed=0.027 act=0.0264 flq=0.03
# PAIR t=40.0 p=50 d=1.357 pq=1:1 delta=-1.340 x=0.493 ratio=1.0206 dth=+1.969 gg=0.0000 fl=0.016 ret=0.987 shed=0.033 act=0.1092 flq=0.12
# PAIR t=40.0 p=51 d=1.037 pq=1:1 delta=-2.465 x=0.492 ratio=0.8196 dth=+0.024 gg=0.0000 fl=0.006 ret=0.985 shed=0.037 act=0.0290 flq=0.04
# PAIR t=40.0 p=52 d=1.091 pq=1:1 delta=-2.270 x=0.492 ratio=0.8247 dth=-0.060 gg=0.0000 fl=0.007 ret=0.985 shed=0.037 act=0.0404 flq=0.06
# PAIR t=40.0 p=53 d=1.051 pq=1:1 delta=-2.440 x=0.498 ratio=1.1903 dth=-0.292 gg=0.0000 fl=0.014 ret=0.996 shed=0.010 act=0.0723 flq=0.10
# PAIR t=40.0 p=54 d=1.087 pq=1:1 delta=-2.279 x=0.496 ratio=0.7971 dth=+1.065 gg=0.0039 fl=0.001 ret=0.993 shed=0.018 act=0.0054 flq=0.01
# PAIR t=40.0 p=55 d=1.359 pq=1:1 delta=-1.305 x=0.491 ratio=1.1271 dth=+1.216 gg=0.0418 fl=0.005 ret=0.982 shed=0.045 act=0.0334 flq=0.04
# PAIR t=40.0 p=56 d=1.330 pq=1:1 delta=-1.401 x=0.490 ratio=1.1515 dth=+0.946 gg=0.1025 fl=0.006 ret=0.980 shed=0.050 act=0.0415 flq=0.05
# PAIR t=40.0 p=57 d=1.210 pq=1:1 delta=-1.870 x=0.495 ratio=0.9013 dth=+2.379 gg=0.0000 fl=0.013 ret=0.990 shed=0.025 act=0.0763 flq=0.09
# PAIR t=40.0 p=58 d=1.281 pq=1:1 delta=-1.617 x=0.498 ratio=1.1159 dth=+1.983 gg=0.0000 fl=0.017 ret=0.995 shed=0.011 act=0.1079 flq=0.13
# PAIR t=40.0 p=59 d=1.546 pq=1:1 delta=-0.658 x=0.495 ratio=0.9951 dth=-0.166 gg=0.2338 fl=0.000 ret=0.990 shed=0.024 act=0.0000 flq=0.00
50.000	18650.5644	145.678529	0.863982021	3.3278913	18800.4347826	5.612e-15	111147	14.587	15.881	15.456	0.034	18.8339	0.8478	8.3864	0.8493	0.9983	1.64996	1.64585	19.8562	16.8925	4.4417	-0.032327	-0.20527	-0.091366	-0.023083	-0.084946	0.011838
# CONV t=50.00 cond=0 evap=0 rough=0.993579 back_s=0.129597
# LEDGER t=50.000 mode=3 sum_err=0 max|E-iEu|=5.000e-13 run_max_diff=1.499e-12 run_max_sum_err=0 steps=2500 E0_int=18800434782608680 sum=18800434782608680
# PAIR t=50.0 p=0 d=1.281 pq=1:1 delta=-1.573 x=0.491 ratio=0.8379 dth=+0.791 gg=0.0789 fl=0.003 ret=0.982 shed=0.046 act=0.0204 flq=0.02
# PAIR t=50.0 p=1 d=1.229 pq=1:1 delta=-1.761 x=0.492 ratio=0.8293 dth=+1.263 gg=0.0196 fl=0.003 ret=0.984 shed=0.039 act=0.0158 flq=0.02
# PAIR t=50.0 p=2 d=1.286 pq=1:1 delta=-1.567 x=0.494 ratio=0.8458 dth=+0.391 gg=0.0387 fl=0.005 ret=0.988 shed=0.029 act=0.0309 flq=0.04
# PAIR t=50.0 p=3 d=1.478 pq=1:1 delta=-0.899 x=0.494 ratio=1.0014 dth=+0.244 gg=0.3705 fl=0.007 ret=0.987 shed=0.032 act=0.0493 flq=0.05
# PAIR t=50.0 p=4 d=1.467 pq=1:1 delta=-0.939 x=0.494 ratio=1.0013 dth=+0.125 gg=0.2478 fl=0.003 ret=0.987 shed=0.032 act=0.0205 flq=0.02
# PAIR t=50.0 p=5 d=1.467 pq=1:1 delta=-0.943 x=0.497 ratio=0.9097 dth=+0.252 gg=0.3320 fl=0.008 ret=0.994 shed=0.015 act=0.0614 flq=0.06
# PAIR t=50.0 p=6 d=1.025 pq=1:1 delta=-2.528 x=0.492 ratio=0.8699 dth=-0.541 gg=0.0000 fl=0.030 ret=0.985 shed=0.038 act=0.1517 flq=0.22
# PAIR t=50.0 p=7 d=1.421 pq=1:1 delta=-1.103 x=0.493 ratio=1.0534 dth=+1.279 gg=0.0278 fl=0.007 ret=0.986 shed=0.035 act=0.0488 flq=0.05
# PAIR t=50.0 p=8 d=1.311 pq=1:1 delta=-1.465 x=0.492 ratio=1.1917 dth=+0.303 gg=0.0473 fl=0.008 ret=0.984 shed=0.041 act=0.0532 flq=0.06
# PAIR t=50.0 p=9 d=1.343 pq=1:1 delta=-1.333 x=0.483 ratio=0.8771 dth=+1.312 gg=0.0242 fl=0.011 ret=0.967 shed=0.083 act=0.0728 flq=0.08
# PAIR t=50.0 p=10 d=1.078 pq=1:1 delta=-2.317 x=0.493 ratio=0.8212 dth=+0.177 gg=0.0000 fl=0.006 ret=0.987 shed=0.032 act=0.0334 flq=0.05
# PAIR t=50.0 p=11 d=1.239 pq=1:1 delta=-1.740 x=0.492 ratio=0.8637 dth=-0.127 gg=0.0002 fl=0.008 ret=0.984 shed=0.040 act=0.0477 flq=0.06
# PAIR t=50.0 p=12 d=1.334 pq=1:1 delta=-1.387 x=0.491 ratio=0.8587 dth=+0.428 gg=0.1017 fl=0.003 ret=0.982 shed=0.044 act=0.0211 flq=0.02
# PAIR t=50.0 p=13 d=1.103 pq=1:1 delta=-2.198 x=0.488 ratio=1.2563 dth=+1.538 gg=0.0021 fl=0.004 ret=0.976 shed=0.060 act=0.0210 flq=0.03
# PAIR t=50.0 p=14 d=1.539 pq=1:1 delta=-0.662 x=0.490 ratio=1.0026 dth=+0.085 gg=0.5015 fl=0.000 ret=0.980 shed=0.049 act=0.0006 flq=0.00
# PAIR t=50.0 p=15 d=1.036 pq=1:1 delta=-2.034 x=0.352 ratio=0.8551 dth=+2.280 gg=0.0000 fl=0.002 ret=0.705 shed=0.738 act=0.0086 flq=0.01
# PAIR t=50.0 p=16 d=1.486 pq=1:1 delta=-0.853 x=0.490 ratio=0.9981 dth=+0.017 gg=0.2369 fl=0.005 ret=0.979 shed=0.052 act=0.0408 flq=0.04
# PAIR t=50.0 p=17 d=1.264 pq=1:1 delta=-1.630 x=0.488 ratio=0.8524 dth=+1.601 gg=0.0030 fl=0.001 ret=0.976 shed=0.060 act=0.0057 flq=0.01
# PAIR t=50.0 p=18 d=1.110 pq=1:1 delta=-2.193 x=0.491 ratio=0.8176 dth=+0.439 gg=0.0005 fl=0.002 ret=0.983 shed=0.042 act=0.0137 flq=0.02
# PAIR t=50.0 p=19 d=1.281 pq=1:1 delta=-1.580 x=0.485 ratio=0.9086 dth=-0.568 gg=0.0000 fl=0.024 ret=0.971 shed=0.072 act=0.1514 flq=0.18
# PAIR t=50.0 p=20 d=1.454 pq=1:1 delta=-0.998 x=0.496 ratio=1.0021 dth=+0.193 gg=0.2450 fl=0.004 ret=0.992 shed=0.019 act=0.0312 flq=0.03
# PAIR t=50.0 p=21 d=1.535 pq=1:1 delta=-0.686 x=0.492 ratio=0.9947 dth=-0.226 gg=0.1607 fl=0.000 ret=0.984 shed=0.039 act=0.0017 flq=0.00
# PAIR t=50.0 p=22 d=1.040 pq=1:1 delta=-2.448 x=0.487 ratio=1.1989 dth=+2.652 gg=0.0000 fl=0.028 ret=0.975 shed=0.063 act=0.1453 flq=0.21
# PAIR t=50.0 p=23 d=1.470 pq=1:1 delta=-0.926 x=0.493 ratio=1.0037 dth=+0.425 gg=0.4180 fl=0.011 ret=0.985 shed=0.037 act=0.0810 flq=0.08
# PAIR t=50.0 p=24 d=1.296 pq=1:1 delta=-1.461 x=0.471 ratio=0.8843 dth=-0.433 gg=0.0001 fl=0.017 ret=0.941 shed=0.146 act=0.1073 flq=0.12
# PAIR t=50.0 p=25 d=1.374 pq=1:1 delta=-1.181 x=0.470 ratio=1.0494 dth=-1.135 gg=0.0000 fl=0.002 ret=0.939 shed=0.153 act=0.0115 flq=0.01
# PAIR t=50.0 p=26 d=1.327 pq=1:1 delta=-1.451 x=0.494 ratio=1.0251 dth=-1.832 gg=0.0000 fl=0.000 ret=0.987 shed=0.032 act=0.0001 flq=0.00
# PAIR t=50.0 p=27 d=1.216 pq=1:1 delta=-1.800 x=0.496 ratio=1.1590 dth=-0.161 gg=0.0001 fl=0.000 ret=0.970 shed=0.076 act=0.0000 flq=0.00
# PAIR t=50.0 p=28 d=1.519 pq=1:1 delta=-0.755 x=0.494 ratio=1.0019 dth=+0.146 gg=0.4510 fl=0.003 ret=0.989 shed=0.029 act=0.0239 flq=0.02
# PAIR t=50.0 p=29 d=1.433 pq=1:1 delta=-1.059 x=0.493 ratio=0.9975 dth=+0.083 gg=0.1352 fl=0.006 ret=0.985 shed=0.037 act=0.0447 flq=0.05
# PAIR t=50.0 p=30 d=1.380 pq=1:1 delta=-1.231 x=0.491 ratio=0.8927 dth=+1.202 gg=0.0457 fl=0.002 ret=0.982 shed=0.046 act=0.0159 flq=0.02
# PAIR t=50.0 p=31 d=1.343 pq=1:1 delta=-1.350 x=0.486 ratio=0.9113 dth=+1.686 gg=0.0012 fl=0.011 ret=0.972 shed=0.071 act=0.0771 flq=0.09
# PAIR t=50.0 p=32 d=1.081 pq=1:1 delta=-2.329 x=0.494 ratio=1.1467 dth=+2.709 gg=0.0000 fl=0.012 ret=0.989 shed=0.028 act=0.0658 flq=0.09
# PAIR t=50.0 p=33 d=1.363 pq=1:1 delta=-1.320 x=0.496 ratio=1.0815 dth=+1.221 gg=0.0405 fl=0.002 ret=0.992 shed=0.019 act=0.0111 flq=0.01
# PAIR t=50.0 p=34 d=1.495 pq=1:1 delta=-0.840 x=0.494 ratio=0.9999 dth=+0.080 gg=0.3022 fl=0.005 ret=0.989 shed=0.028 act=0.0343 flq=0.03
# PAIR t=50.0 p=35 d=1.063 pq=1:1 delta=-2.381 x=0.494 ratio=1.1938 dth=-0.156 gg=0.0000 fl=0.006 ret=0.988 shed=0.031 act=0.0335 flq=0.05
# PAIR t=50.0 p=36 d=1.182 pq=1:1 delta=-1.965 x=0.492 ratio=0.9115 dth=-0.567 gg=0.0000 fl=0.017 ret=0.985 shed=0.038 act=0.1024 flq=0.13
# PAIR t=50.0 p=37 d=1.251 pq=1:1 delta=-1.677 x=0.485 ratio=0.8719 dth=+1.977 gg=0.0001 fl=0.003 ret=0.971 shed=0.073 act=0.0164 flq=0.02
# PAIR t=50.0 p=38 d=1.362 pq=1:1 delta=-1.323 x=0.494 ratio=1.0330 dth=+1.768 gg=0.0005 fl=0.003 ret=0.988 shed=0.029 act=0.0225 flq=0.02
# PAIR t=50.0 p=39 d=1.105 pq=1:1 delta=-2.178 x=0.484 ratio=1.2457 dth=+0.547 gg=0.0013 fl=0.000 ret=0.968 shed=0.081 act=0.0026 flq=0.00
# PAIR t=50.0 p=40 d=1.550 pq=1:1 delta=-0.629 x=0.492 ratio=0.9999 dth=+0.019 gg=0.4691 fl=0.003 ret=0.983 shed=0.042 act=0.0224 flq=0.02
# PAIR t=50.0 p=41 d=1.381 pq=1:1 delta=-1.221 x=0.491 ratio=0.8775 dth=+0.809 gg=0.1848 fl=0.007 ret=0.983 shed=0.044 act=0.0452 flq=0.05
# PAIR t=50.0 p=42 d=1.280 pq=1:1 delta=-1.583 x=0.491 ratio=1.1773 dth=+0.226 gg=0.0164 fl=0.013 ret=0.983 shed=0.042 act=0.0847 flq=0.10
# PAIR t=50.0 p=43 d=1.112 pq=1:1 delta=-2.206 x=0.493 ratio=1.1715 dth=-0.208 gg=0.0000 fl=0.006 ret=0.987 shed=0.033 act=0.0354 flq=0.05
# PAIR t=50.0 p=44 d=1.100 pq=1:1 delta=-2.201 x=0.484 ratio=1.2423 dth=+2.022 gg=0.0000 fl=0.014 ret=0.968 shed=0.080 act=0.0778 flq=0.10
# PAIR t=50.0 p=45 d=1.351 pq=1:1 delta=-1.320 x=0.493 ratio=1.1948 dth=+0.952 gg=0.1155 fl=0.007 ret=0.985 shed=0.037 act=0.0504 flq=0.06
# PAIR t=50.0 p=46 d=1.425 pq=1:1 delta=-1.098 x=0.495 ratio=1.0041 dth=+0.277 gg=0.2140 fl=0.004 ret=0.989 shed=0.027 act=0.0303 flq=0.03
# PAIR t=50.0 p=47 d=1.531 pq=1:1 delta=-0.702 x=0.493 ratio=1.0014 dth=+0.182 gg=0.5419 fl=0.008 ret=0.986 shed=0.036 act=0.0578 flq=0.06
# PAIR t=50.0 p=48 d=1.481 pq=1:1 delta=-0.881 x=0.493 ratio=0.9359 dth=-0.179 gg=0.0885 fl=0.006 ret=0.986 shed=0.036 act=0.0410 flq=0.04
# PAIR t=50.0 p=49 d=1.220 pq=1:1 delta=-1.802 x=0.494 ratio=0.8324 dth=+1.279 gg=0.0170 fl=0.002 ret=0.988 shed=0.031 act=0.0144 flq=0.02
# PAIR t=50.0 p=50 d=1.357 pq=1:1 delta=-1.306 x=0.490 ratio=0.8721 dth=+0.004 gg=0.0257 fl=0.012 ret=0.981 shed=0.048 act=0.0797 flq=0.09
# PAIR t=50.0 p=51 d=1.037 pq=1:1 delta=-2.447 x=0.491 ratio=1.2590 dth=+1.932 gg=0.0001 fl=0.001 ret=0.982 shed=0.044 act=0.0027 flq=0.00
# PAIR t=50.0 p=52 d=1.091 pq=1:1 delta=-2.252 x=0.492 ratio=1.2598 dth=+1.525 gg=0.0019 fl=0.003 ret=0.984 shed=0.040 act=0.0167 flq=0.02
# PAIR t=50.0 p=53 d=1.051 pq=1:1 delta=-2.263 x=0.432 ratio=0.9075 dth=+2.709 gg=0.0000 fl=0.011 ret=0.865 shed=0.336 act=0.0586 flq=0.08
# PAIR t=50.0 p=54 d=1.087 pq=1:1 delta=-2.276 x=0.495 ratio=1.2542 dth=+0.689 gg=0.0013 fl=0.001 ret=0.991 shed=0.023 act=0.0064 flq=0.01
# PAIR t=50.0 p=55 d=1.359 pq=1:1 delta=-1.312 x=0.490 ratio=0.9293 dth=+1.718 gg=0.0008 fl=0.011 ret=0.980 shed=0.050 act=0.0751 flq=0.08
# PAIR t=50.0 p=56 d=1.330 pq=1:1 delta=-1.417 x=0.489 ratio=0.9455 dth=+2.014 gg=0.0000 fl=0.005 ret=0.978 shed=0.056 act=0.0342 flq=0.04
# PAIR t=50.0 p=57 d=1.210 pq=1:1 delta=-1.869 x=0.493 ratio=0.9177 dth=-0.603 gg=0.0000 fl=0.029 ret=0.987 shed=0.033 act=0.1773 flq=0.22
# PAIR t=50.0 p=58 d=1.281 pq=1:1 delta=-1.596 x=0.497 ratio=0.8480 dth=+0.893 gg=0.0699 fl=0.003 ret=0.994 shed=0.016 act=0.0179 flq=0.02
# PAIR t=50.0 p=59 d=1.546 pq=1:1 delta=-0.653 x=0.494 ratio=0.9940 dth=-0.268 gg=0.1495 fl=0.000 ret=0.988 shed=0.030 act=0.0000 flq=0.00
60.000	18650.6954	143.651019	1.73712109	4.35129153	18800.4347826	-1.742e-15	111151	14.512	15.913	15.516	0.034	18.9213	0.8478	5.385	0.8493	0.9982	1.64992	1.64588	21.5209	15.0914	5.0822	0.41778	-0.24166	-0.18828	-0.233	-0.015234	0.3282
# CONV t=60.00 cond=0 evap=0 rough=1.99769 back_s=0.260568
# LEDGER t=60.000 mode=3 sum_err=0 max|E-iEu|=5.000e-13 run_max_diff=1.499e-12 run_max_sum_err=0 steps=3000 E0_int=18800434782608680 sum=18800434782608680
# PAIR t=60.0 p=0 d=1.281 pq=1:1 delta=-1.585 x=0.490 ratio=1.1405 dth=-0.225 gg=0.0004 fl=0.003 ret=0.979 shed=0.051 act=0.0166 flq=0.02
# PAIR t=60.0 p=1 d=1.229 pq=1:1 delta=-1.785 x=0.492 ratio=1.1166 dth=-0.407 gg=0.0000 fl=0.015 ret=0.983 shed=0.041 act=0.0943 flq=0.11
# PAIR t=60.0 p=2 d=1.286 pq=1:1 delta=-1.568 x=0.491 ratio=1.1484 dth=-0.127 gg=0.0013 fl=0.002 ret=0.983 shed=0.043 act=0.0150 flq=0.02
# PAIR t=60.0 p=3 d=1.478 pq=1:1 delta=-0.893 x=0.492 ratio=1.0002 dth=+0.255 gg=0.3837 fl=0.007 ret=0.984 shed=0.041 act=0.0493 flq=0.05
# PAIR t=60.0 p=4 d=1.467 pq=1:1 delta=-0.933 x=0.492 ratio=1.0014 dth=+0.146 gg=0.2686 fl=0.003 ret=0.984 shed=0.041 act=0.0205 flq=0.02
# PAIR t=60.0 p=5 d=1.467 pq=1:1 delta=-0.949 x=0.496 ratio=1.0566 dth=-0.331 gg=0.0236 fl=0.007 ret=0.993 shed=0.018 act=0.0521 flq=0.05
# PAIR t=60.0 p=6 d=1.025 pq=1:1 delta=-2.494 x=0.490 ratio=1.2436 dth=+2.093 gg=0.0000 fl=0.009 ret=0.980 shed=0.050 act=0.0458 flq=0.07
# PAIR t=60.0 p=7 d=1.421 pq=1:1 delta=-1.095 x=0.492 ratio=0.9385 dth=+1.141 gg=0.0630 fl=0.005 ret=0.983 shed=0.042 act=0.0359 flq=0.04
# PAIR t=60.0 p=8 d=1.311 pq=1:1 delta=-1.481 x=0.490 ratio=0.8944 dth=+1.865 gg=0.0002 fl=0.021 ret=0.980 shed=0.051 act=0.1380 flq=0.16
# PAIR t=60.0 p=9 d=1.343 pq=1:1 delta=-1.349 x=0.482 ratio=1.0177 dth=-0.673 gg=0.0000 fl=0.005 ret=0.964 shed=0.089 act=0.0328 flq=0.04
# PAIR t=60.0 p=10 d=1.078 pq=1:1 delta=-2.305 x=0.493 ratio=1.2456 dth=+1.609 gg=0.0011 fl=0.001 ret=0.985 shed=0.037 act=0.0043 flq=0.01
# PAIR t=60.0 p=11 d=1.239 pq=1:1 delta=-1.719 x=0.490 ratio=1.2046 dth=+0.756 gg=0.0449 fl=0.002 ret=0.981 shed=0.048 act=0.0137 flq=0.02
# PAIR t=60.0 p=12 d=1.334 pq=1:1 delta=-1.384 x=0.487 ratio=1.1196 dth=-0.227 gg=0.0025 fl=0.013 ret=0.971 shed=0.072 act=0.0836 flq=0.09
# PAIR t=60.0 p=13 d=1.103 pq=1:1 delta=-2.195 x=0.487 ratio=0.7975 dth=+1.350 gg=0.0044 fl=0.004 ret=0.974 shed=0.066 act=0.0212 flq=0.03
# PAIR t=60.0 p=14 d=1.539 pq=1:1 delta=-0.653 x=0.488 ratio=1.0032 dth=+0.135 gg=0.5598 fl=0.000 ret=0.977 shed=0.058 act=0.0006 flq=0.00
# PAIR t=60.0 p=15 d=1.036 pq=1:1 delta=-1.986 x=0.350 ratio=1.2794 dth=+0.454 gg=0.0035 fl=0.008 ret=0.700 shed=0.750 act=0.0402 flq=0.05
# PAIR t=60.0 p=16 d=1.486 pq=1:1 delta=-0.845 x=0.488 ratio=0.9972 dth=-0.029 gg=0.2063 fl=0.005 ret=0.975 shed=0.062 act=0.0408 flq=0.04
# PAIR t=60.0 p=17 d=1.264 pq=1:1 delta=-1.653 x=0.487 ratio=1.0455 dth=-0.592 gg=0.0000 fl=0.037 ret=0.974 shed=0.065 act=0.2337 flq=0.28
# PAIR t=60.0 p=18 d=1.110 pq=1:1 delta=-2.185 x=0.490 ratio=1.2364 dth=+0.899 gg=0.0053 fl=0.000 ret=0.981 shed=0.048 act=0.0018 flq=0.00
# PAIR t=60.0 p=19 d=1.281 pq=1:1 delta=-1.558 x=0.484 ratio=1.1640 dth=+1.682 gg=0.0015 fl=0.000 ret=0.968 shed=0.080 act=0.0030 flq=0.00
# PAIR t=60.0 p=20 d=1.454 pq=1:1 delta=-0.994 x=0.495 ratio=1.0020 dth=+0.230 gg=0.2717 fl=0.004 ret=0.991 shed=0.023 act=0.0312 flq=0.03
# PAIR t=60.0 p=21 d=1.535 pq=1:1 delta=-0.679 x=0.491 ratio=0.9936 dth=-0.336 gg=0.0923 fl=0.000 ret=0.981 shed=0.047 act=0.0017 flq=0.00
# PAIR t=60.0 p=22 d=1.040 pq=1:1 delta=-2.245 x=0.420 ratio=0.8381 dth=-0.105 gg=0.0000 fl=0.014 ret=0.841 shed=0.397 act=0.0711 flq=0.10
# PAIR t=60.0 p=23 d=1.470 pq=1:1 delta=-0.919 x=0.491 ratio=1.0027 dth=+0.478 gg=0.4260 fl=0.011 ret=0.981 shed=0.046 act=0.0810 flq=0.08
# PAIR t=60.0 p=24 d=1.296 pq=1:1 delta=-1.422 x=0.466 ratio=1.2024 dth=+1.099 gg=0.0634 fl=0.007 ret=0.933 shed=0.168 act=0.0443 flq=0.05
# PAIR t=60.0 p=25 d=1.374 pq=1:1 delta=-1.151 x=0.467 ratio=1.1517 dth=+0.473 gg=0.2496 fl=0.002 ret=0.935 shed=0.163 act=0.0167 flq=0.02
# PAIR t=60.0 p=26 d=1.327 pq=1:1 delta=-1.445 x=0.492 ratio=1.0311 dth=-1.340 gg=0.0000 fl=0.002 ret=0.984 shed=0.039 act=0.0129 flq=0.01
# PAIR t=60.0 p=27 d=1.216 pq=1:1 delta=-1.815 x=0.483 ratio=0.9356 dth=+2.399 gg=0.0000 fl=0.021 ret=0.967 shed=0.082 act=0.1258 flq=0.15
# PAIR t=60.0 p=28 d=1.519 pq=1:1 delta=-0.750 x=0.493 ratio=1.0018 dth=+0.179 gg=0.4836 fl=0.003 ret=0.986 shed=0.034 act=0.0239 flq=0.02
# PAIR t=60.0 p=29 d=1.433 pq=1:1 delta=-1.054 x=0.491 ratio=0.9960 dth=+0.024 gg=0.1085 fl=0.006 ret=0.982 shed=0.045 act=0.0447 flq=0.05
# PAIR t=60.0 p=30 d=1.380 pq=1:1 delta=-1.243 x=0.490 ratio=0.9694 dth=-0.630 gg=0.0001 fl=0.010 ret=0.980 shed=0.051 act=0.0698 flq=0.08
# PAIR t=60.0 p=31 d=1.343 pq=1:1 delta=-1.353 x=0.485 ratio=0.9391 dth=-0.546 gg=0.0001 fl=0.003 ret=0.970 shed=0.075 act=0.0180 flq=0.02
# PAIR t=60.0 p=32 d=1.081 pq=1:1 delta=-2.112 x=0.427 ratio=0.8497 dth=-0.247 gg=0.0000 fl=0.013 ret=0.855 shed=0.362 act=0.0681 flq=0.09
# PAIR t=60.0 p=33 d=1.363 pq=1:1 delta=-1.324 x=0.495 ratio=0.9689 dth=+1.769 gg=0.0005 fl=0.005 ret=0.991 shed=0.022 act=0.0326 flq=0.04
# PAIR t=60.0 p=34 d=1.495 pq=1:1 delta=-0.836 x=0.493 ratio=0.9997 dth=+0.074 gg=0.3005 fl=0.005 ret=0.987 shed=0.033 act=0.0343 flq=0.03
# PAIR t=60.0 p=35 d=1.063 pq=1:1 delta=-2.404 x=0.492 ratio=0.9475 dth=+2.910 gg=0.0000 fl=0.115 ret=0.985 shed=0.037 act=0.6102 flq=0.86
# PAIR t=60.0 p=36 d=1.182 pq=1:1 delta=-1.938 x=0.491 ratio=1.1904 dth=+1.963 gg=0.0001 fl=0.015 ret=0.982 shed=0.045 act=0.0865 flq=0.11
# PAIR t=60.0 p=37 d=1.251 pq=1:1 delta=-1.693 x=0.483 ratio=0.9877 dth=-0.650 gg=0.0000 fl=0.032 ret=0.968 shed=0.081 act=0.2017 flq=0.24
# PAIR t=60.0 p=38 d=1.362 pq=1:1 delta=-1.309 x=0.493 ratio=0.9093 dth=+1.060 gg=0.0833 fl=0.003 ret=0.986 shed=0.035 act=0.0200 flq=0.02
# PAIR t=60.0 p=39 d=1.105 pq=1:1 delta=-2.193 x=0.493 ratio=0.8484 dth=+2.253 gg=0.0000 fl=0.000 ret=0.963 shed=0.092 act=0.0000 flq=0.00
# PAIR t=60.0 p=40 d=1.550 pq=1:1 delta=-0.621 x=0.490 ratio=0.9994 dth=+0.008 gg=0.4660 fl=0.003 ret=0.980 shed=0.051 act=0.0224 flq=0.02
# PAIR t=60.0 p=41 d=1.381 pq=1:1 delta=-1.236 x=0.489 ratio=1.0226 dth=-0.628 gg=0.0001 fl=0.026 ret=0.979 shed=0.052 act=0.1763 flq=0.19
# PAIR t=60.0 p=42 d=1.280 pq=1:1 delta=-1.606 x=0.490 ratio=0.9428 dth=+2.249 gg=0.0000 fl=0.012 ret=0.981 shed=0.048 act=0.0785 flq=0.09
# PAIR t=60.0 p=43 d=1.112 pq=1:1 delta=-2.225 x=0.491 ratio=0.9516 dth=+2.731 gg=0.0000 fl=0.065 ret=0.985 shed=0.039 act=0.3607 flq=0.49
# PAIR t=60.0 p=44 d=1.100 pq=1:1 delta=-2.186 x=0.481 ratio=0.7947 dth=+0.910 gg=0.0054 fl=0.002 ret=0.962 shed=0.095 act=0.0131 flq=0.02
# PAIR t=60.0 p=45 d=1.351 pq=1:1 delta=-1.323 x=0.491 ratio=0.8520 dth=+1.141 gg=0.0594 fl=0.015 ret=0.983 shed=0.043 act=0.0989 flq=0.11
# PAIR t=60.0 p=46 d=1.425 pq=1:1 delta=-1.094 x=0.494 ratio=1.0046 dth=+0.352 gg=0.2525 fl=0.004 ret=0.987 shed=0.032 act=0.0303 flq=0.03
# PAIR t=60.0 p=47 d=1.531 pq=1:1 delta=-0.695 x=0.491 ratio=1.0006 dth=+0.196 gg=0.5599 fl=0.008 ret=0.982 shed=0.044 act=0.0578 flq=0.06
# PAIR t=60.0 p=48 d=1.481 pq=1:1 delta=-0.868 x=0.497 ratio=1.0933 dth=+0.206 gg=0.3758 fl=0.000 ret=0.982 shed=0.045 act=0.0000 flq=0.00
# PAIR t=60.0 p=49 d=1.220 pq=1:1 delta=-1.809 x=0.491 ratio=1.1484 dth=-0.263 gg=0.0000 fl=0.003 ret=0.982 shed=0.045 act=0.0168 flq=0.02
# PAIR t=60.0 p=50 d=1.357 pq=1:1 delta=-1.301 x=0.487 ratio=1.1196 dth=-0.261 gg=0.0036 fl=0.002 ret=0.974 shed=0.065 act=0.0113 flq=0.01
# PAIR t=60.0 p=51 d=1.037 pq=1:1 delta=-2.438 x=0.490 ratio=0.7868 dth=+1.092 gg=0.0016 fl=0.001 ret=0.979 shed=0.052 act=0.0051 flq=0.01
# PAIR t=60.0 p=52 d=1.091 pq=1:1 delta=-2.248 x=0.491 ratio=0.7930 dth=+1.238 gg=0.0044 fl=0.003 ret=0.982 shed=0.046 act=0.0155 flq=0.02
# PAIR t=60.0 p=53 d=1.051 pq=1:1 delta=-2.032 x=0.362 ratio=1.0743 dth=-0.384 gg=0.0000 fl=0.043 ret=0.726 shed=0.685 act=0.2279 flq=0.29
# PAIR t=60.0 p=54 d=1.087 pq=1:1 delta=-2.293 x=0.494 ratio=0.8383 dth=+2.307 gg=0.0000 fl=0.019 ret=0.989 shed=0.029 act=0.1032 flq=0.14
# PAIR t=60.0 p=55 d=1.359 pq=1:1 delta=-1.304 x=0.488 ratio=0.9212 dth=-0.374 gg=0.0012 fl=0.002 ret=0.977 shed=0.058 act=0.0135 flq=0.01
# PAIR t=60.0 p=56 d=1.330 pq=1:1 delta=-1.400 x=0.488 ratio=0.8882 dth=-0.097 gg=0.0068 fl=0.011 ret=0.976 shed=0.061 act=0.0723 flq=0.08
# PAIR t=60.0 p=57 d=1.210 pq=1:1 delta=-1.843 x=0.492 ratio=1.1762 dth=+2.022 gg=0.0000 fl=0.023 ret=0.984 shed=0.040 act=0.1374 flq=0.17
# PAIR t=60.0 p=58 d=1.281 pq=1:1 delta=-1.611 x=0.494 ratio=1.0936 dth=-0.489 gg=0.0000 fl=0.003 ret=0.989 shed=0.027 act=0.0179 flq=0.02
# PAIR t=60.0 p=59 d=1.546 pq=1:1 delta=-0.647 x=0.493 ratio=0.9927 dth=-0.390 gg=0.0771 fl=0.000 ret=0.986 shed=0.036 act=0.0000 flq=0.00
70.000	18650.826	142.61024	2.60815318	4.39038354	18800.4347826	5.805e-16	111149	14.524	15.918	15.546	0.034	18.9213	0.8478	4.2663	0.8493	0.9982	1.64988	1.64589	19.2596	13.8614	6.7000	-0.070197	0.064893	0.048003	0.12308	0.1686	0.21443
# CONV t=70.00 cond=0 evap=0 rough=2.99938 back_s=0.391223
# LEDGER t=70.000 mode=3 sum_err=0 max|E-iEu|=5.000e-13 run_max_diff=1.500e-12 run_max_sum_err=0 steps=3500 E0_int=18800434782608680 sum=18800434782608680
# PAIR t=70.0 p=0 d=1.281 pq=1:1 delta=-1.599 x=0.488 ratio=1.0403 dth=+2.268 gg=0.0000 fl=0.033 ret=0.977 shed=0.058 act=0.2129 flq=0.25
# PAIR t=70.0 p=1 d=1.229 pq=1:1 delta=-1.792 x=0.491 ratio=1.0663 dth=+2.396 gg=0.0000 fl=0.018 ret=0.982 shed=0.045 act=0.1116 flq=0.14
# PAIR t=70.0 p=2 d=1.286 pq=1:1 delta=-1.585 x=0.490 ratio=1.0356 dth=+2.283 gg=0.0000 fl=0.030 ret=0.981 shed=0.048 act=0.1958 flq=0.23
# PAIR t=70.0 p=3 d=1.478 pq=1:1 delta=-0.887 x=0.490 ratio=0.9990 dth=+0.249 gg=0.3861 fl=0.007 ret=0.981 shed=0.048 act=0.0493 flq=0.05
# PAIR t=70.0 p=4 d=1.467 pq=1:1 delta=-0.927 x=0.491 ratio=1.0011 dth=+0.165 gg=0.2878 fl=0.003 ret=0.981 shed=0.047 act=0.0205 flq=0.02
# PAIR t=70.0 p=5 d=1.467 pq=1:1 delta=-0.945 x=0.496 ratio=1.0665 dth=+1.196 gg=0.0417 fl=0.004 ret=0.992 shed=0.021 act=0.0311 flq=0.03
# PAIR t=70.0 p=6 d=1.025 pq=1:1 delta=-2.294 x=0.424 ratio=0.8040 dth=+0.927 gg=0.0029 fl=0.000 ret=0.847 shed=0.382 act=0.0025 flq=0.00
# PAIR t=70.0 p=7 d=1.421 pq=1:1 delta=-1.091 x=0.490 ratio=0.9476 dth=-0.222 gg=0.0219 fl=0.006 ret=0.980 shed=0.050 act=0.0417 flq=0.04
# PAIR t=70.0 p=8 d=1.311 pq=1:1 delta=-1.479 x=0.486 ratio=0.9499 dth=-0.729 gg=0.0000 fl=0.029 ret=0.973 shed=0.068 act=0.1878 flq=0.21
# PAIR t=70.0 p=9 d=1.343 pq=1:1 delta=-1.327 x=0.481 ratio=1.1325 dth=+1.472 gg=0.0079 fl=0.009 ret=0.963 shed=0.094 act=0.0624 flq=0.07
# PAIR t=70.0 p=10 d=1.078 pq=1:1 delta=-2.301 x=0.491 ratio=0.8039 dth=+1.456 gg=0.0021 fl=0.001 ret=0.982 shed=0.044 act=0.0070 flq=0.01
# PAIR t=70.0 p=11 d=1.239 pq=1:1 delta=-1.726 x=0.488 ratio=0.8639 dth=+1.832 gg=0.0003 fl=0.008 ret=0.976 shed=0.061 act=0.0472 flq=0.06
# PAIR t=70.0 p=12 d=1.334 pq=1:1 delta=-1.380 x=0.483 ratio=1.0586 dth=+2.109 gg=0.0000 fl=0.005 ret=0.965 shed=0.086 act=0.0318 flq=0.04
# PAIR t=70.0 p=13 d=1.103 pq=1:1 delta=-2.196 x=0.485 ratio=1.2364 dth=+0.276 gg=0.0001 fl=0.005 ret=0.970 shed=0.075 act=0.0253 flq=0.03
# PAIR t=70.0 p=14 d=1.539 pq=1:1 delta=-0.644 x=0.486 ratio=1.0042 dth=+0.198 gg=0.6192 fl=0.000 ret=0.972 shed=0.070 act=0.0006 flq=0.00
# PAIR t=70.0 p=15 d=1.036 pq=1:1 delta=-2.010 x=0.348 ratio=1.1886 dth=-1.682 gg=0.0000 fl=0.000 ret=0.695 shed=0.763 act=0.0000 flq=0.00
# PAIR t=70.0 p=16 d=1.486 pq=1:1 delta=-0.837 x=0.486 ratio=0.9964 dth=-0.090 gg=0.1657 fl=0.005 ret=0.971 shed=0.072 act=0.0408 flq=0.04
# PAIR t=70.0 p=17 d=1.264 pq=1:1 delta=-1.637 x=0.485 ratio=1.1144 dth=+2.103 gg=0.0000 fl=0.019 ret=0.971 shed=0.072 act=0.1183 flq=0.14
# PAIR t=70.0 p=18 d=1.110 pq=1:1 delta=-2.190 x=0.489 ratio=0.8284 dth=+2.087 gg=0.0000 fl=0.000 ret=0.977 shed=0.057 act=0.0027 flq=0.00
# PAIR t=70.0 p=19 d=1.281 pq=1:1 delta=-1.519 x=0.478 ratio=0.8246 dth=+0.794 gg=0.0934 fl=0.005 ret=0.956 shed=0.110 act=0.0321 flq=0.04
# PAIR t=70.0 p=20 d=1.454 pq=1:1 delta=-0.991 x=0.495 ratio=1.0021 dth=+0.267 gg=0.2962 fl=0.004 ret=0.989 shed=0.027 act=0.0312 flq=0.03
# PAIR t=70.0 p=21 d=1.535 pq=1:1 delta=-0.674 x=0.489 ratio=0.9927 dth=-0.462 gg=0.0422 fl=0.000 ret=0.978 shed=0.054 act=0.0017 flq=0.00
# PAIR t=70.0 p=22 d=1.040 pq=1:1 delta=-2.014 x=0.350 ratio=1.1620 dth=+2.297 gg=0.0000 fl=0.028 ret=0.700 shed=0.749 act=0.1468 flq=0.19
# PAIR t=70.0 p=23 d=1.470 pq=1:1 delta=-0.911 x=0.489 ratio=1.0016 dth=+0.518 gg=0.4255 fl=0.011 ret=0.978 shed=0.056 act=0.0810 flq=0.08
# PAIR t=70.0 p=24 d=1.296 pq=1:1 delta=-1.408 x=0.463 ratio=0.8317 dth=+1.087 gg=0.0674 fl=0.003 ret=0.925 shed=0.187 act=0.0178 flq=0.02
# PAIR t=70.0 p=25 d=1.374 pq=1:1 delta=-1.171 x=0.466 ratio=0.9869 dth=+1.919 gg=0.0000 fl=0.020 ret=0.932 shed=0.169 act=0.1395 flq=0.15
# PAIR t=70.0 p=26 d=1.327 pq=1:1 delta=-1.401 x=0.489 ratio=1.1772 dth=+0.095 gg=0.0245 fl=0.005 ret=0.978 shed=0.056 act=0.0350 flq=0.04
# PAIR t=70.0 p=27 d=1.216 pq=1:1 delta=-1.808 x=0.482 ratio=0.9203 dth=-0.584 gg=0.0000 fl=0.017 ret=0.965 shed=0.088 act=0.1035 flq=0.13
# PAIR t=70.0 p=28 d=1.519 pq=1:1 delta=-0.745 x=0.492 ratio=1.0019 dth=+0.209 gg=0.5125 fl=0.003 ret=0.984 shed=0.041 act=0.0239 flq=0.02
# PAIR t=70.0 p=29 d=1.433 pq=1:1 delta=-1.048 x=0.490 ratio=0.9946 dth=-0.063 gg=0.0731 fl=0.006 ret=0.979 shed=0.051 act=0.0447 flq=0.05
# PAIR t=70.0 p=30 d=1.380 pq=1:1 delta=-1.212 x=0.487 ratio=1.1400 dth=+0.655 gg=0.2228 fl=0.006 ret=0.974 shed=0.065 act=0.0419 flq=0.05
# PAIR t=70.0 p=31 d=1.343 pq=1:1 delta=-1.325 x=0.483 ratio=1.1585 dth=+0.620 gg=0.1657 fl=0.004 ret=0.967 shed=0.083 act=0.0259 flq=0.03
# PAIR t=70.0 p=32 d=1.081 pq=1:1 delta=-1.869 x=0.358 ratio=1.1774 dth=+2.090 gg=0.0000 fl=0.012 ret=0.717 shed=0.708 act=0.0625 flq=0.08
# PAIR t=70.0 p=33 d=1.363 pq=1:1 delta=-1.312 x=0.495 ratio=0.9114 dth=+0.490 gg=0.1534 fl=0.003 ret=0.990 shed=0.026 act=0.0222 flq=0.02
# PAIR t=70.0 p=34 d=1.495 pq=1:1 delta=-0.832 x=0.492 ratio=0.9995 dth=+0.064 gg=0.2958 fl=0.005 ret=0.985 shed=0.038 act=0.0343 flq=0.03
# PAIR t=70.0 p=35 d=1.063 pq=1:1 delta=-2.395 x=0.491 ratio=0.9066 dth=-0.633 gg=0.0000 fl=0.024 ret=0.983 shed=0.043 act=0.1261 flq=0.18
# PAIR t=70.0 p=36 d=1.182 pq=1:1 delta=-1.922 x=0.490 ratio=0.8162 dth=+0.560 gg=0.0093 fl=0.002 ret=0.980 shed=0.051 act=0.0123 flq=0.02
# PAIR t=70.0 p=37 d=1.251 pq=1:1 delta=-1.672 x=0.482 ratio=1.1176 dth=+2.090 gg=0.0000 fl=0.001 ret=0.964 shed=0.091 act=0.0032 flq=0.00
# PAIR t=70.0 p=38 d=1.362 pq=1:1 delta=-1.311 x=0.491 ratio=0.9580 dth=-0.514 gg=0.0002 fl=0.008 ret=0.983 shed=0.043 act=0.0566 flq=0.06
# PAIR t=70.0 p=39 d=1.105 pq=1:1 delta=-2.190 x=0.480 ratio=1.1708 dth=-0.356 gg=0.0000 fl=0.009 ret=0.960 shed=0.100 act=0.0481 flq=0.06
# PAIR t=70.0 p=40 d=1.550 pq=1:1 delta=-0.614 x=0.488 ratio=0.9990 dth=-0.008 gg=0.4560 fl=0.003 ret=0.976 shed=0.060 act=0.0224 flq=0.02
# PAIR t=70.0 p=41 d=1.381 pq=1:1 delta=-1.213 x=0.495 ratio=1.1255 dth=+1.302 gg=0.0254 fl=0.000 ret=0.976 shed=0.061 act=0.0000 flq=0.00
# PAIR t=70.0 p=42 d=1.280 pq=1:1 delta=-1.591 x=0.489 ratio=0.8921 dth=-0.397 gg=0.0000 fl=0.016 ret=0.979 shed=0.053 act=0.1014 flq=0.12
# PAIR t=70.0 p=43 d=1.112 pq=1:1 delta=-2.209 x=0.490 ratio=0.8991 dth=-0.590 gg=0.0000 fl=0.026 ret=0.978 shed=0.056 act=0.1424 flq=0.19
# PAIR t=70.0 p=44 d=1.100 pq=1:1 delta=-2.179 x=0.479 ratio=1.2639 dth=+0.919 gg=0.0057 fl=0.002 ret=0.958 shed=0.104 act=0.0117 flq=0.02
# PAIR t=70.0 p=45 d=1.351 pq=1:1 delta=-1.328 x=0.489 ratio=1.1322 dth=-0.345 gg=0.0013 fl=0.004 ret=0.978 shed=0.054 act=0.0254 flq=0.03
# PAIR t=70.0 p=46 d=1.425 pq=1:1 delta=-1.090 x=0.493 ratio=1.0050 dth=+0.437 gg=0.2856 fl=0.004 ret=0.985 shed=0.037 act=0.0303 flq=0.03
# PAIR t=70.0 p=47 d=1.531 pq=1:1 delta=-0.689 x=0.490 ratio=1.0001 dth=+0.202 gg=0.5705 fl=0.008 ret=0.979 shed=0.052 act=0.0578 flq=0.06
# PAIR t=70.0 p=48 d=1.481 pq=1:1 delta=-0.871 x=0.489 ratio=0.9739 dth=+1.287 gg=0.0199 fl=0.016 ret=0.978 shed=0.054 act=0.1198 flq=0.12
# PAIR t=70.0 p=49 d=1.220 pq=1:1 delta=-1.825 x=0.490 ratio=1.0457 dth=+2.480 gg=0.0000 fl=0.020 ret=0.980 shed=0.049 act=0.1249 flq=0.15
# PAIR t=70.0 p=50 d=1.357 pq=1:1 delta=-1.307 x=0.485 ratio=1.0469 dth=+1.952 gg=0.0000 fl=0.013 ret=0.971 shed=0.073 act=0.0877 flq=0.10
# PAIR t=70.0 p=51 d=1.037 pq=1:1 delta=-2.436 x=0.488 ratio=1.2679 dth=+0.854 gg=0.0008 fl=0.002 ret=0.977 shed=0.058 act=0.0106 flq=0.02
# PAIR t=70.0 p=52 d=1.091 pq=1:1 delta=-2.250 x=0.490 ratio=1.2502 dth=+0.529 gg=0.0006 fl=0.008 ret=0.980 shed=0.050 act=0.0431 flq=0.06
# PAIR t=70.0 p=53 d=1.051 pq=1:1 delta=-2.001 x=0.362 ratio=0.8360 dth=+2.164 gg=0.0000 fl=0.002 ret=0.724 shed=0.690 act=0.0105 flq=0.01
# PAIR t=70.0 p=54 d=1.087 pq=1:1 delta=-2.294 x=0.493 ratio=1.1799 dth=-0.384 gg=0.0000 fl=0.004 ret=0.987 shed=0.033 act=0.0218 flq=0.03
# PAIR t=70.0 p=55 d=1.359 pq=1:1 delta=-1.295 x=0.488 ratio=1.1180 dth=-0.014 gg=0.0247 fl=0.005 ret=0.975 shed=0.061 act=0.0347 flq=0.04
# PAIR t=70.0 p=56 d=1.330 pq=1:1 delta=-1.400 x=0.487 ratio=1.1149 dth=-0.169 gg=0.0037 fl=0.003 ret=0.974 shed=0.065 act=0.0197 flq=0.02
# PAIR t=70.0 p=57 d=1.210 pq=1:1 delta=-1.826 x=0.491 ratio=0.8228 dth=+0.346 gg=0.0062 fl=0.003 ret=0.981 shed=0.047 act=0.0166 flq=0.02
# PAIR t=70.0 p=58 d=1.281 pq=1:1 delta=-1.603 x=0.493 ratio=1.1105 dth=+2.038 gg=0.0000 fl=0.018 ret=0.986 shed=0.034 act=0.1181 flq=0.14
# PAIR t=70.0 p=59 d=1.546 pq=1:1 delta=-0.643 x=0.492 ratio=0.9917 dth=-0.533 gg=0.0297 fl=0.000 ret=0.984 shed=0.041 act=0.0000 flq=0.00
80.000	18650.8704	141.663322	2.90418651	4.99686343	18800.4347826	-5.805e-16	111149	14.581	15.966	15.565	0.035	19.5795	0.8478	4.2085	0.8493	0.9982	1.64987	1.64587	17.6023	12.6180	7.2244	0.02236	0.037722	-0.042138	0.21869	0.11634	-0.025868
# CONV t=80.00 cond=0 evap=0 rough=3.33981 back_s=0.435628
# LEDGER t=80.000 mode=3 sum_err=0 max|E-iEu|=5.000e-13 run_max_diff=1.500e-12 run_max_sum_err=0 steps=4000 E0_int=18800434782608680 sum=18800434782608680
# PAIR t=80.0 p=0 d=1.281 pq=1:1 delta=-1.574 x=0.487 ratio=0.8670 dth=-0.122 gg=0.0013 fl=0.011 ret=0.975 shed=0.062 act=0.0721 flq=0.08
# PAIR t=80.0 p=1 d=1.229 pq=1:1 delta=-1.760 x=0.489 ratio=0.8502 dth=-0.092 gg=0.0003 fl=0.017 ret=0.978 shed=0.055 act=0.1050 flq=0.13
# PAIR t=80.0 p=2 d=1.286 pq=1:1 delta=-1.559 x=0.490 ratio=0.8626 dth=-0.002 gg=0.0042 fl=0.010 ret=0.979 shed=0.051 act=0.0632 flq=0.07
# PAIR t=80.0 p=3 d=1.478 pq=1:1 delta=-0.882 x=0.489 ratio=0.9985 dth=+0.225 gg=0.3753 fl=0.007 ret=0.978 shed=0.054 act=0.0493 flq=0.05
# PAIR t=80.0 p=4 d=1.467 pq=1:1 delta=-0.920 x=0.489 ratio=1.0008 dth=+0.180 gg=0.3055 fl=0.003 ret=0.978 shed=0.056 act=0.0205 flq=0.02
# PAIR t=80.0 p=5 d=1.467 pq=1:1 delta=-0.938 x=0.495 ratio=0.9171 dth=+0.959 gg=0.1473 fl=0.001 ret=0.990 shed=0.024 act=0.0040 flq=0.00
# PAIR t=80.0 p=6 d=1.025 pq=1:1 delta=-2.059 x=0.353 ratio=1.2362 dth=+1.131 gg=0.0111 fl=0.002 ret=0.706 shed=0.735 act=0.0121 flq=0.02
# PAIR t=80.0 p=7 d=1.421 pq=1:1 delta=-1.084 x=0.489 ratio=1.0645 dth=-0.134 gg=0.0405 fl=0.004 ret=0.977 shed=0.057 act=0.0316 flq=0.03
# PAIR t=80.0 p=8 d=1.311 pq=1:1 delta=-1.454 x=0.484 ratio=1.1393 dth=+1.702 gg=0.0011 fl=0.003 ret=0.969 shed=0.078 act=0.0184 flq=0.02
# PAIR t=80.0 p=9 d=1.343 pq=1:1 delta=-1.315 x=0.480 ratio=0.8635 dth=+0.996 gg=0.1025 fl=0.010 ret=0.960 shed=0.099 act=0.0647 flq=0.07
# PAIR t=80.0 p=10 d=1.078 pq=1:1 delta=-2.307 x=0.488 ratio=1.1986 dth=+0.139 gg=0.0000 fl=0.014 ret=0.977 shed=0.059 act=0.0736 flq=0.10
# PAIR t=80.0 p=11 d=1.239 pq=1:1 delta=-1.747 x=0.486 ratio=1.0047 dth=-0.650 gg=0.0000 fl=0.038 ret=0.974 shed=0.065 act=0.2328 flq=0.28
# PAIR t=80.0 p=12 d=1.334 pq=1:1 delta=-1.351 x=0.481 ratio=0.8590 dth=+0.912 gg=0.1209 fl=0.007 ret=0.963 shed=0.093 act=0.0454 flq=0.05
# PAIR t=80.0 p=13 d=1.103 pq=1:1 delta=-2.198 x=0.482 ratio=0.8294 dth=+2.356 gg=0.0000 fl=0.003 ret=0.965 shed=0.087 act=0.0138 flq=0.02
# PAIR t=80.0 p=14 d=1.539 pq=1:1 delta=-0.635 x=0.484 ratio=1.0049 dth=+0.274 gg=0.6621 fl=0.000 ret=0.968 shed=0.081 act=0.0006 flq=0.00
# PAIR t=80.0 p=15 d=1.036 pq=1:1 delta=-1.999 x=0.345 ratio=1.1927 dth=+2.563 gg=0.0000 fl=0.021 ret=0.689 shed=0.776 act=0.1078 flq=0.14
# PAIR t=80.0 p=16 d=1.486 pq=1:1 delta=-0.827 x=0.483 ratio=0.9956 dth=-0.168 gg=0.1193 fl=0.005 ret=0.967 shed=0.083 act=0.0408 flq=0.04
# PAIR t=80.0 p=17 d=1.264 pq=1:1 delta=-1.607 x=0.483 ratio=0.8387 dth=+0.364 gg=0.0278 fl=0.004 ret=0.967 shed=0.082 act=0.0229 flq=0.03
# PAIR t=80.0 p=18 d=1.110 pq=1:1 delta=-2.217 x=0.531 ratio=1.0641 dth=-0.438 gg=0.0000 fl=0.000 ret=0.974 shed=0.064 act=0.0000 flq=0.00
# PAIR t=80.0 p=19 d=1.281 pq=1:1 delta=-1.523 x=0.476 ratio=1.1794 dth=+0.081 gg=0.0101 fl=0.014 ret=0.952 shed=0.121 act=0.0894 flq=0.10
# PAIR t=80.0 p=20 d=1.454 pq=1:1 delta=-0.989 x=0.494 ratio=1.0020 dth=+0.302 gg=0.3177 fl=0.004 ret=0.988 shed=0.030 act=0.0312 flq=0.03
# PAIR t=80.0 p=21 d=1.535 pq=1:1 delta=-0.667 x=0.488 ratio=0.9921 dth=-0.605 gg=0.0146 fl=0.000 ret=0.976 shed=0.061 act=0.0017 flq=0.00
# PAIR t=80.0 p=22 d=1.040 pq=1:1 delta=-2.008 x=0.349 ratio=0.8579 dth=-0.979 gg=0.0000 fl=0.005 ret=0.697 shed=0.757 act=0.0268 flq=0.03
# PAIR t=80.0 p=23 d=1.470 pq=1:1 delta=-0.906 x=0.488 ratio=1.0013 dth=+0.543 gg=0.4222 fl=0.011 ret=0.975 shed=0.062 act=0.0810 flq=0.08
# PAIR t=80.0 p=24 d=1.296 pq=1:1 delta=-1.414 x=0.459 ratio=1.1493 dth=-0.188 gg=0.0028 fl=0.014 ret=0.919 shed=0.202 act=0.0884 flq=0.10
# PAIR t=80.0 p=25 d=1.374 pq=1:1 delta=-1.142 x=0.464 ratio=0.8838 dth=+0.002 gg=0.0635 fl=0.008 ret=0.928 shed=0.181 act=0.0525 flq=0.06
# PAIR t=80.0 p=26 d=1.327 pq=1:1 delta=-1.417 x=0.486 ratio=0.9212 dth=+1.948 gg=0.0001 fl=0.018 ret=0.973 shed=0.067 act=0.1223 flq=0.14
# PAIR t=80.0 p=27 d=1.216 pq=1:1 delta=-1.786 x=0.481 ratio=1.1651 dth=+2.154 gg=0.0000 fl=0.022 ret=0.962 shed=0.094 act=0.1320 flq=0.16
# PAIR t=80.0 p=28 d=1.519 pq=1:1 delta=-0.740 x=0.491 ratio=1.0017 dth=+0.239 gg=0.5374 fl=0.003 ret=0.981 shed=0.047 act=0.0239 flq=0.02
# PAIR t=80.0 p=29 d=1.433 pq=1:1 delta=-1.042 x=0.488 ratio=0.9929 dth=-0.178 gg=0.0389 fl=0.006 ret=0.976 shed=0.059 act=0.0447 flq=0.05
# PAIR t=80.0 p=30 d=1.380 pq=1:1 delta=-1.220 x=0.483 ratio=0.9955 dth=+1.978 gg=0.0000 fl=0.019 ret=0.967 shed=0.082 act=0.1315 flq=0.14
# PAIR t=80.0 p=31 d=1.343 pq=1:1 delta=-1.344 x=0.482 ratio=0.9476 dth=+1.909 gg=0.0001 fl=0.019 ret=0.964 shed=0.089 act=0.1271 flq=0.14
# PAIR t=80.0 p=32 d=1.081 pq=1:1 delta=-1.869 x=0.357 ratio=0.8602 dth=-0.419 gg=0.0000 fl=0.015 ret=0.714 shed=0.715 act=0.0827 flq=0.10
# PAIR t=80.0 p=33 d=1.363 pq=1:1 delta=-1.319 x=0.494 ratio=0.9931 dth=-0.563 gg=0.0001 fl=0.011 ret=0.988 shed=0.030 act=0.0779 flq=0.09
# PAIR t=80.0 p=34 d=1.495 pq=1:1 delta=-0.827 x=0.491 ratio=0.9992 dth=+0.050 gg=0.2883 fl=0.005 ret=0.982 shed=0.044 act=0.0343 flq=0.03
# PAIR t=80.0 p=35 d=1.063 pq=1:1 delta=-2.367 x=0.490 ratio=1.2067 dth=+2.394 gg=0.0000 fl=0.016 ret=0.981 shed=0.048 act=0.0835 flq=0.12
# PAIR t=80.0 p=36 d=1.182 pq=1:1 delta=-1.923 x=0.488 ratio=1.2089 dth=+0.304 gg=0.0022 fl=0.006 ret=0.977 shed=0.057 act=0.0349 flq=0.04
# PAIR t=80.0 p=37 d=1.251 pq=1:1 delta=-1.641 x=0.480 ratio=0.8314 dth=+0.385 gg=0.0251 fl=0.005 ret=0.960 shed=0.099 act=0.0313 flq=0.04
# PAIR t=80.0 p=38 d=1.362 pq=1:1 delta=-1.301 x=0.490 ratio=1.0843 dth=-0.033 gg=0.0210 fl=0.008 ret=0.980 shed=0.049 act=0.0546 flq=0.06
# PAIR t=80.0 p=39 d=1.105 pq=1:1 delta=-2.209 x=0.478 ratio=1.0491 dth=+2.900 gg=0.0000 fl=0.047 ret=0.957 shed=0.107 act=0.2620 flq=0.35
# PAIR t=80.0 p=40 d=1.550 pq=1:1 delta=-0.607 x=0.486 ratio=0.9989 dth=-0.030 gg=0.4378 fl=0.003 ret=0.973 shed=0.068 act=0.0224 flq=0.02
# PAIR t=80.0 p=41 d=1.381 pq=1:1 delta=-1.141 x=0.465 ratio=1.0320 dth=+2.311 gg=0.0000 fl=0.001 ret=0.930 shed=0.174 act=0.0037 flq=0.00
# PAIR t=80.0 p=42 d=1.280 pq=1:1 delta=-1.568 x=0.488 ratio=1.1900 dth=+1.154 gg=0.0419 fl=0.001 ret=0.977 shed=0.057 act=0.0041 flq=0.00
# PAIR t=80.0 p=43 d=1.112 pq=1:1 delta=-2.177 x=0.487 ratio=1.1997 dth=+2.145 gg=0.0000 fl=0.001 ret=0.974 shed=0.065 act=0.0055 flq=0.01
# PAIR t=80.0 p=44 d=1.100 pq=1:1 delta=-2.194 x=0.487 ratio=0.8315 dth=+2.159 gg=0.0000 fl=0.000 ret=0.955 shed=0.113 act=0.0000 flq=0.00
# PAIR t=80.0 p=45 d=1.351 pq=1:1 delta=-1.340 x=0.487 ratio=0.9788 dth=+1.948 gg=0.0000 fl=0.050 ret=0.975 shed=0.062 act=0.3385 flq=0.37
# PAIR t=80.0 p=46 d=1.425 pq=1:1 delta=-1.085 x=0.491 ratio=1.0056 dth=+0.531 gg=0.3033 fl=0.004 ret=0.983 shed=0.043 act=0.0303 flq=0.03
# PAIR t=80.0 p=47 d=1.531 pq=1:1 delta=-0.683 x=0.488 ratio=0.9996 dth=+0.196 gg=0.5731 fl=0.008 ret=0.977 shed=0.058 act=0.0578 flq=0.06
# PAIR t=80.0 p=48 d=1.481 pq=1:1 delta=-0.817 x=0.478 ratio=0.9164 dth=-0.222 gg=0.0940 fl=0.005 ret=0.954 shed=0.114 act=0.0354 flq=0.04
# PAIR t=80.0 p=49 d=1.220 pq=1:1 delta=-1.793 x=0.488 ratio=0.8566 dth=-0.067 gg=0.0003 fl=0.007 ret=0.976 shed=0.060 act=0.0411 flq=0.05
# PAIR t=80.0 p=50 d=1.357 pq=1:1 delta=-1.275 x=0.483 ratio=0.8628 dth=+0.238 gg=0.0934 fl=0.010 ret=0.967 shed=0.083 act=0.0682 flq=0.07
# PAIR t=80.0 p=51 d=1.037 pq=1:1 delta=-2.438 x=0.487 ratio=0.7996 dth=+2.068 gg=0.0000 fl=0.004 ret=0.974 shed=0.065 act=0.0229 flq=0.03
# PAIR t=80.0 p=52 d=1.091 pq=1:1 delta=-2.259 x=0.489 ratio=0.8230 dth=+2.246 gg=0.0000 fl=0.011 ret=0.979 shed=0.053 act=0.0604 flq=0.08
# PAIR t=80.0 p=53 d=1.051 pq=1:1 delta=-1.982 x=0.361 ratio=1.2406 dth=+0.045 gg=0.0001 fl=0.005 ret=0.722 shed=0.695 act=0.0253 flq=0.03
# PAIR t=80.0 p=54 d=1.087 pq=1:1 delta=-2.315 x=0.491 ratio=1.0422 dth=+2.977 gg=0.0000 fl=0.009 ret=0.984 shed=0.041 act=0.0490 flq=0.07
# PAIR t=80.0 p=55 d=1.359 pq=1:1 delta=-1.306 x=0.487 ratio=1.0415 dth=+1.930 gg=0.0001 fl=0.017 ret=0.974 shed=0.064 act=0.1143 flq=0.13
# PAIR t=80.0 p=56 d=1.330 pq=1:1 delta=-1.407 x=0.486 ratio=1.0614 dth=+1.994 gg=0.0000 fl=0.014 ret=0.973 shed=0.069 act=0.0912 flq=0.10
# PAIR t=80.0 p=57 d=1.210 pq=1:1 delta=-1.817 x=0.489 ratio=1.2213 dth=+0.520 gg=0.0153 fl=0.003 ret=0.978 shed=0.056 act=0.0190 flq=0.02
# PAIR t=80.0 p=58 d=1.281 pq=1:1 delta=-1.576 x=0.491 ratio=0.8470 dth=+0.882 gg=0.0747 fl=0.003 ret=0.983 shed=0.043 act=0.0220 flq=0.03
# PAIR t=80.0 p=59 d=1.546 pq=1:1 delta=-0.638 x=0.491 ratio=0.9907 dth=-0.696 gg=0.0078 fl=0.000 ret=0.982 shed=0.046 act=0.0000 flq=0.00
# RESULT es_shells 0.94:1.0013 2.81:0.9981 4.69:0.9982 6.56:1.0008 8.44:0.9998 10.31:0.9982 12.19:0.9981 14.06:0.9992
# RESULT LEDGER mode=3 E0_int=18800434782608680 sum_int=18800434782608680 max_sum_err=0 max|E-iEu|=1.500e-12 steps=4000
# RESULT conservation E0=18800.4347826 Efinal=18800.4347826 rel_drift=-5.805e-16
# RESULT roughness_radiated=3.33981 (dissonant dense deliveries converted to field, conserved)
# RESULT curvature_fit defA_per_Em=0.10890 r2=0.0111 (linear defect ~ converted energy)
# PAIR t=80.0 p=0 d=1.281 pq=1:1 delta=-1.574 x=0.487 ratio=0.8670 dth=-0.122 gg=0.0013 fl=0.011 ret=0.975 shed=0.062 act=0.0721 flq=0.08
# PAIR t=80.0 p=1 d=1.229 pq=1:1 delta=-1.760 x=0.489 ratio=0.8502 dth=-0.092 gg=0.0003 fl=0.017 ret=0.978 shed=0.055 act=0.1050 flq=0.13
# PAIR t=80.0 p=2 d=1.286 pq=1:1 delta=-1.559 x=0.490 ratio=0.8626 dth=-0.002 gg=0.0042 fl=0.010 ret=0.979 shed=0.051 act=0.0632 flq=0.07
# PAIR t=80.0 p=3 d=1.478 pq=1:1 delta=-0.882 x=0.489 ratio=0.9985 dth=+0.225 gg=0.3753 fl=0.007 ret=0.978 shed=0.054 act=0.0493 flq=0.05
# PAIR t=80.0 p=4 d=1.467 pq=1:1 delta=-0.920 x=0.489 ratio=1.0008 dth=+0.180 gg=0.3055 fl=0.003 ret=0.978 shed=0.056 act=0.0205 flq=0.02
# PAIR t=80.0 p=5 d=1.467 pq=1:1 delta=-0.938 x=0.495 ratio=0.9171 dth=+0.959 gg=0.1473 fl=0.001 ret=0.990 shed=0.024 act=0.0040 flq=0.00
# PAIR t=80.0 p=6 d=1.025 pq=1:1 delta=-2.059 x=0.353 ratio=1.2362 dth=+1.131 gg=0.0111 fl=0.002 ret=0.706 shed=0.735 act=0.0121 flq=0.02
# PAIR t=80.0 p=7 d=1.421 pq=1:1 delta=-1.084 x=0.489 ratio=1.0645 dth=-0.134 gg=0.0405 fl=0.004 ret=0.977 shed=0.057 act=0.0316 flq=0.03
# PAIR t=80.0 p=8 d=1.311 pq=1:1 delta=-1.454 x=0.484 ratio=1.1393 dth=+1.702 gg=0.0011 fl=0.003 ret=0.969 shed=0.078 act=0.0184 flq=0.02
# PAIR t=80.0 p=9 d=1.343 pq=1:1 delta=-1.315 x=0.480 ratio=0.8635 dth=+0.996 gg=0.1025 fl=0.010 ret=0.960 shed=0.099 act=0.0647 flq=0.07
# PAIR t=80.0 p=10 d=1.078 pq=1:1 delta=-2.307 x=0.488 ratio=1.1986 dth=+0.139 gg=0.0000 fl=0.014 ret=0.977 shed=0.059 act=0.0736 flq=0.10
# PAIR t=80.0 p=11 d=1.239 pq=1:1 delta=-1.747 x=0.486 ratio=1.0047 dth=-0.650 gg=0.0000 fl=0.038 ret=0.974 shed=0.065 act=0.2328 flq=0.28
# PAIR t=80.0 p=12 d=1.334 pq=1:1 delta=-1.351 x=0.481 ratio=0.8590 dth=+0.912 gg=0.1209 fl=0.007 ret=0.963 shed=0.093 act=0.0454 flq=0.05
# PAIR t=80.0 p=13 d=1.103 pq=1:1 delta=-2.198 x=0.482 ratio=0.8294 dth=+2.356 gg=0.0000 fl=0.003 ret=0.965 shed=0.087 act=0.0138 flq=0.02
# PAIR t=80.0 p=14 d=1.539 pq=1:1 delta=-0.635 x=0.484 ratio=1.0049 dth=+0.274 gg=0.6621 fl=0.000 ret=0.968 shed=0.081 act=0.0006 flq=0.00
# PAIR t=80.0 p=15 d=1.036 pq=1:1 delta=-1.999 x=0.345 ratio=1.1927 dth=+2.563 gg=0.0000 fl=0.021 ret=0.689 shed=0.776 act=0.1078 flq=0.14
# PAIR t=80.0 p=16 d=1.486 pq=1:1 delta=-0.827 x=0.483 ratio=0.9956 dth=-0.168 gg=0.1193 fl=0.005 ret=0.967 shed=0.083 act=0.0408 flq=0.04
# PAIR t=80.0 p=17 d=1.264 pq=1:1 delta=-1.607 x=0.483 ratio=0.8387 dth=+0.364 gg=0.0278 fl=0.004 ret=0.967 shed=0.082 act=0.0229 flq=0.03
# PAIR t=80.0 p=18 d=1.110 pq=1:1 delta=-2.217 x=0.531 ratio=1.0641 dth=-0.438 gg=0.0000 fl=0.000 ret=0.974 shed=0.064 act=0.0000 flq=0.00
# PAIR t=80.0 p=19 d=1.281 pq=1:1 delta=-1.523 x=0.476 ratio=1.1794 dth=+0.081 gg=0.0101 fl=0.014 ret=0.952 shed=0.121 act=0.0894 flq=0.10
# PAIR t=80.0 p=20 d=1.454 pq=1:1 delta=-0.989 x=0.494 ratio=1.0020 dth=+0.302 gg=0.3177 fl=0.004 ret=0.988 shed=0.030 act=0.0312 flq=0.03
# PAIR t=80.0 p=21 d=1.535 pq=1:1 delta=-0.667 x=0.488 ratio=0.9921 dth=-0.605 gg=0.0146 fl=0.000 ret=0.976 shed=0.061 act=0.0017 flq=0.00
# PAIR t=80.0 p=22 d=1.040 pq=1:1 delta=-2.008 x=0.349 ratio=0.8579 dth=-0.979 gg=0.0000 fl=0.005 ret=0.697 shed=0.757 act=0.0268 flq=0.03
# PAIR t=80.0 p=23 d=1.470 pq=1:1 delta=-0.906 x=0.488 ratio=1.0013 dth=+0.543 gg=0.4222 fl=0.011 ret=0.975 shed=0.062 act=0.0810 flq=0.08
# PAIR t=80.0 p=24 d=1.296 pq=1:1 delta=-1.414 x=0.459 ratio=1.1493 dth=-0.188 gg=0.0028 fl=0.014 ret=0.919 shed=0.202 act=0.0884 flq=0.10
# PAIR t=80.0 p=25 d=1.374 pq=1:1 delta=-1.142 x=0.464 ratio=0.8838 dth=+0.002 gg=0.0635 fl=0.008 ret=0.928 shed=0.181 act=0.0525 flq=0.06
# PAIR t=80.0 p=26 d=1.327 pq=1:1 delta=-1.417 x=0.486 ratio=0.9212 dth=+1.948 gg=0.0001 fl=0.018 ret=0.973 shed=0.067 act=0.1223 flq=0.14
# PAIR t=80.0 p=27 d=1.216 pq=1:1 delta=-1.786 x=0.481 ratio=1.1651 dth=+2.154 gg=0.0000 fl=0.022 ret=0.962 shed=0.094 act=0.1320 flq=0.16
# PAIR t=80.0 p=28 d=1.519 pq=1:1 delta=-0.740 x=0.491 ratio=1.0017 dth=+0.239 gg=0.5374 fl=0.003 ret=0.981 shed=0.047 act=0.0239 flq=0.02
# PAIR t=80.0 p=29 d=1.433 pq=1:1 delta=-1.042 x=0.488 ratio=0.9929 dth=-0.178 gg=0.0389 fl=0.006 ret=0.976 shed=0.059 act=0.0447 flq=0.05
# PAIR t=80.0 p=30 d=1.380 pq=1:1 delta=-1.220 x=0.483 ratio=0.9955 dth=+1.978 gg=0.0000 fl=0.019 ret=0.967 shed=0.082 act=0.1315 flq=0.14
# PAIR t=80.0 p=31 d=1.343 pq=1:1 delta=-1.344 x=0.482 ratio=0.9476 dth=+1.909 gg=0.0001 fl=0.019 ret=0.964 shed=0.089 act=0.1271 flq=0.14
# PAIR t=80.0 p=32 d=1.081 pq=1:1 delta=-1.869 x=0.357 ratio=0.8602 dth=-0.419 gg=0.0000 fl=0.015 ret=0.714 shed=0.715 act=0.0827 flq=0.10
# PAIR t=80.0 p=33 d=1.363 pq=1:1 delta=-1.319 x=0.494 ratio=0.9931 dth=-0.563 gg=0.0001 fl=0.011 ret=0.988 shed=0.030 act=0.0779 flq=0.09
# PAIR t=80.0 p=34 d=1.495 pq=1:1 delta=-0.827 x=0.491 ratio=0.9992 dth=+0.050 gg=0.2883 fl=0.005 ret=0.982 shed=0.044 act=0.0343 flq=0.03
# PAIR t=80.0 p=35 d=1.063 pq=1:1 delta=-2.367 x=0.490 ratio=1.2067 dth=+2.394 gg=0.0000 fl=0.016 ret=0.981 shed=0.048 act=0.0835 flq=0.12
# PAIR t=80.0 p=36 d=1.182 pq=1:1 delta=-1.923 x=0.488 ratio=1.2089 dth=+0.304 gg=0.0022 fl=0.006 ret=0.977 shed=0.057 act=0.0349 flq=0.04
# PAIR t=80.0 p=37 d=1.251 pq=1:1 delta=-1.641 x=0.480 ratio=0.8314 dth=+0.385 gg=0.0251 fl=0.005 ret=0.960 shed=0.099 act=0.0313 flq=0.04
# PAIR t=80.0 p=38 d=1.362 pq=1:1 delta=-1.301 x=0.490 ratio=1.0843 dth=-0.033 gg=0.0210 fl=0.008 ret=0.980 shed=0.049 act=0.0546 flq=0.06
# PAIR t=80.0 p=39 d=1.105 pq=1:1 delta=-2.209 x=0.478 ratio=1.0491 dth=+2.900 gg=0.0000 fl=0.047 ret=0.957 shed=0.107 act=0.2620 flq=0.35
# PAIR t=80.0 p=40 d=1.550 pq=1:1 delta=-0.607 x=0.486 ratio=0.9989 dth=-0.030 gg=0.4378 fl=0.003 ret=0.973 shed=0.068 act=0.0224 flq=0.02
# PAIR t=80.0 p=41 d=1.381 pq=1:1 delta=-1.141 x=0.465 ratio=1.0320 dth=+2.311 gg=0.0000 fl=0.001 ret=0.930 shed=0.174 act=0.0037 flq=0.00
# PAIR t=80.0 p=42 d=1.280 pq=1:1 delta=-1.568 x=0.488 ratio=1.1900 dth=+1.154 gg=0.0419 fl=0.001 ret=0.977 shed=0.057 act=0.0041 flq=0.00
# PAIR t=80.0 p=43 d=1.112 pq=1:1 delta=-2.177 x=0.487 ratio=1.1997 dth=+2.145 gg=0.0000 fl=0.001 ret=0.974 shed=0.065 act=0.0055 flq=0.01
# PAIR t=80.0 p=44 d=1.100 pq=1:1 delta=-2.194 x=0.487 ratio=0.8315 dth=+2.159 gg=0.0000 fl=0.000 ret=0.955 shed=0.113 act=0.0000 flq=0.00
# PAIR t=80.0 p=45 d=1.351 pq=1:1 delta=-1.340 x=0.487 ratio=0.9788 dth=+1.948 gg=0.0000 fl=0.050 ret=0.975 shed=0.062 act=0.3385 flq=0.37
# PAIR t=80.0 p=46 d=1.425 pq=1:1 delta=-1.085 x=0.491 ratio=1.0056 dth=+0.531 gg=0.3033 fl=0.004 ret=0.983 shed=0.043 act=0.0303 flq=0.03
# PAIR t=80.0 p=47 d=1.531 pq=1:1 delta=-0.683 x=0.488 ratio=0.9996 dth=+0.196 gg=0.5731 fl=0.008 ret=0.977 shed=0.058 act=0.0578 flq=0.06
# PAIR t=80.0 p=48 d=1.481 pq=1:1 delta=-0.817 x=0.478 ratio=0.9164 dth=-0.222 gg=0.0940 fl=0.005 ret=0.954 shed=0.114 act=0.0354 flq=0.04
# PAIR t=80.0 p=49 d=1.220 pq=1:1 delta=-1.793 x=0.488 ratio=0.8566 dth=-0.067 gg=0.0003 fl=0.007 ret=0.976 shed=0.060 act=0.0411 flq=0.05
# PAIR t=80.0 p=50 d=1.357 pq=1:1 delta=-1.275 x=0.483 ratio=0.8628 dth=+0.238 gg=0.0934 fl=0.010 ret=0.967 shed=0.083 act=0.0682 flq=0.07
# PAIR t=80.0 p=51 d=1.037 pq=1:1 delta=-2.438 x=0.487 ratio=0.7996 dth=+2.068 gg=0.0000 fl=0.004 ret=0.974 shed=0.065 act=0.0229 flq=0.03
# PAIR t=80.0 p=52 d=1.091 pq=1:1 delta=-2.259 x=0.489 ratio=0.8230 dth=+2.246 gg=0.0000 fl=0.011 ret=0.979 shed=0.053 act=0.0604 flq=0.08
# PAIR t=80.0 p=53 d=1.051 pq=1:1 delta=-1.982 x=0.361 ratio=1.2406 dth=+0.045 gg=0.0001 fl=0.005 ret=0.722 shed=0.695 act=0.0253 flq=0.03
# PAIR t=80.0 p=54 d=1.087 pq=1:1 delta=-2.315 x=0.491 ratio=1.0422 dth=+2.977 gg=0.0000 fl=0.009 ret=0.984 shed=0.041 act=0.0490 flq=0.07
# PAIR t=80.0 p=55 d=1.359 pq=1:1 delta=-1.306 x=0.487 ratio=1.0415 dth=+1.930 gg=0.0001 fl=0.017 ret=0.974 shed=0.064 act=0.1143 flq=0.13
# PAIR t=80.0 p=56 d=1.330 pq=1:1 delta=-1.407 x=0.486 ratio=1.0614 dth=+1.994 gg=0.0000 fl=0.014 ret=0.973 shed=0.069 act=0.0912 flq=0.10
# PAIR t=80.0 p=57 d=1.210 pq=1:1 delta=-1.817 x=0.489 ratio=1.2213 dth=+0.520 gg=0.0153 fl=0.003 ret=0.978 shed=0.056 act=0.0190 flq=0.02
# PAIR t=80.0 p=58 d=1.281 pq=1:1 delta=-1.576 x=0.491 ratio=0.8470 dth=+0.882 gg=0.0747 fl=0.003 ret=0.983 shed=0.043 act=0.0220 flq=0.03
# PAIR t=80.0 p=59 d=1.546 pq=1:1 delta=-0.638 x=0.491 ratio=0.9907 dth=-0.696 gg=0.0078 fl=0.000 ret=0.982 shed=0.046 act=0.0000 flq=0.00
# RESULT pair_tongue |delta|<0.6: n=0 gg=0.000 ret=0.000 fl=0.000 | 0.6-1.2: n=19 gg=0.250 ret=0.972 fl=0.004 | >1.2: n=41 gg=0.014 ret=0.938 fl=0.012
