# freecell — v89 free-cell substance test (exp=ring)
# laws = laws_V2g VERBATIM (defaults): C=1 w1=1.65 w2=2.9 q_detune=3.6
# gamma_res=0.25 gamma_res_m=0.1 p_gate=8 lock_floor=0.005 k_dep=1.2 k_dep_m=2 cap=2.5
# e_s0=1 es_floor=0.05 e_cond=0 f_conv=0.25 f_evap=0.5 s_pull=0.15
# kappa_lock=1 kappa_align=0.5 s_k=0.06 s_disp=0.3 sigma_tumble=0.01
# comb_limit=6 rough_k=0.35 gamma_rough=0.5 mob_sym=1 mob_floor=0.004 field_J=1.8
# quant_A0=1.15 quant_mode=2 (A0eff=1.15)
# v91 radiance (laws_V3r candidate A): k_rad=0 p_rad=4 rad_clock=0
# v91 cantus (coherent-channel candidate B): k_cant=0 k_tune=0 cant_tau=50 cant_seed=0 cant_grow=1
# v91 registry (exchange-registry lane, REGISTRY.md): reg_tau=0 reg_gate=0 reg_f0=0
# v91 identity (parcel-identity lane, IDENTITY.md): par_tau=0 par_gate=0 par_form=0 par_lo=0.002 par_hi=0.02 par_mature=400
# v91 workfn (emergent-threshold lane, WORKFN.md): wf_on=0 wf_floor=0.01 wf_far=99
# v91 amplitude (field-side-identity lane Phase M, AMPLITUDE.md): amp_tau=0
# v92 amplitude Phase L lane L-1 (L0_DESIGN.md): amp_drv=0 amp_mmin=2
# v93 UNITARY DENSE CHANNEL (v93/README.md PART II): amp_nat=2
# v93 arg(psi) door (v93/README.md §II.7): amp_door=0
# QUENCH-2 apparatus: conf_r=0 conf_gap=0.3 conf_th=1.6 conf_pinw=3 spin_m=0 imp_k=0 qp_phase=0
# HORIZON apparatus (HORIZON.md): bh_r=0 bh_k=1 bh_sep=0
# FLOW apparatus (FLOW.md): bed_k=0 bed_tau=30
# GEOMETRY (apparatus): cfac=1.15 k_rep=1 mob_geo=1 kappa_bond=1 freeze_geo=0
# bath=1 bath_frac=1 jam_sweeps=800 jam_k=0.1 L=16 dt=0.02 T=80 seed=20260802 diag_every=500
# JAM sweeps=800 max_step=1.402e-04 (tol 1.0e-04, k_end=0.0010) — witness for the settle
# CARVE removed 124 bath cells (clear=3.55)
# SEED ring winding: seed_mw=2 (th2 = m*phi on the cycle; overrides chain lock)
# SEED ring: n=6 x=0.3250 d*=2.350778 d_edge=2.350778 edges=6
# INIT NC=2582 slots=24439 live=19638 phi_nom=1.6303 z_live=15.21 dbar=1.4114 sigma_d=14.82% E0=2586.239130435
#
# t | drift_rel | phi_nom z_live NLa NLd births deaths | dbar sigma_d% | maxstep maxbond | Em_tag ret com_dev rms conn z_tag | pair: d delta gf gb | core/far
t=    0.00 +0.00e+00 | 1.6303 15.21  19638    0      0      0 | 1.4114 14.82 | 0.00e+00 0.00e+00 |   4.8750 1.0000  0.0000  2.3508 0.167  0.50 | edge_dev mean=0.0000 max=0.0000 gg=0.0000 shape_dev=0.0000 xbar=0.3250
t=   10.00 -1.76e-16 | 1.6303 15.61  20149    0   2726   3163 | 1.4341 14.50 | 1.50e-03 1.32e-03 |   4.6577 0.9554  0.5347  1.1458 1.000 13.33 | edge_dev mean=1.0021 max=1.1082 gg=0.0415 shape_dev=4.2598 xbar=0.3105
t=   20.00 -1.76e-16 | 1.6303 15.84  20453    0   3732   4122 | 1.4388 14.52 | 1.45e-03 3.77e-04 |   4.4150 0.9056  0.5685  1.0275 1.000 14.17 | edge_dev mean=1.0101 max=1.0599 gg=0.0057 shape_dev=4.1912 xbar=0.2943
t=   30.00 -1.76e-16 | 1.6303 16.01  20674    0   4387   4738 | 1.4426 14.58 | 9.74e-04 4.20e-04 |   4.3279 0.8878  0.5889  1.0768 1.000 14.50 | edge_dev mean=1.0369 max=1.1341 gg=0.0010 shape_dev=4.2360 xbar=0.2885
t=   40.00 -1.76e-16 | 1.6303 16.13  20829    0   4844   5187 | 1.4448 14.60 | 6.74e-04 5.34e-03 |   4.1379 0.8488  0.3885  1.2173 1.000 14.67 | edge_dev mean=1.0080 max=1.1776 gg=0.0917 shape_dev=4.1975 xbar=0.2759
t=   50.00 -1.76e-16 | 1.6303 16.16  20866    0   5152   5482 | 1.4454 14.60 | 1.10e-03 7.66e-05 |   3.8195 0.7835  0.2551  1.3101 1.000 14.83 | edge_dev mean=1.0028 max=1.0953 gg=0.0009 shape_dev=4.1809 xbar=0.2546
t=   60.00 -3.52e-16 | 1.6303 16.20  20911    0   5433   5748 | 1.4460 14.60 | 6.64e-04 2.55e-04 |   3.6534 0.7494  0.3693  1.3327 1.000 15.00 | edge_dev mean=0.9976 max=1.0970 gg=0.0054 shape_dev=4.1723 xbar=0.2436
t=   70.00 -3.52e-16 | 1.6303 16.24  20967    0   5680   6010 | 1.4468 14.61 | 5.33e-04 2.32e-03 |   3.1538 0.6469  0.5838  1.2661 1.000 15.17 | edge_dev mean=0.9983 max=1.1016 gg=0.1390 shape_dev=4.1610 xbar=0.2103
t=   80.00 -3.52e-16 | 1.6303 16.25  20979    0   5900   6211 | 1.4471 14.61 | 1.08e-03 3.03e-04 |   2.8169 0.5778  0.5382  1.3056 1.000 15.00 | edge_dev mean=0.9871 max=1.1018 gg=0.0167 shape_dev=4.1377 xbar=0.1878
#
# RESULT drift_rel -3.517e-16
# RESULT births 5900 deaths 6211 beta_returns 0 beta_energy 0.000000e+00
# RESULT conv rough=0.000000 cond=0.000000 evap=0.000000 backs=0.000000 rad=0.000000
# RESULT credit qcnvD=0.000000 qcnvF=0.000000
# RESULT geometry phi_nom=1.6303 z_live=16.25 dbar=1.4471 sigma_d=0.1461
# RESULT truss edge_dev_mean=0.987147 edge_dev_max=1.101785 shape=(0.0301,0.6467,0.7719) shape0=(0.0000,2.7631,2.7631)
# EDGE 0 2576-2577 d=1.38810 dev=-0.96267 gg=0.0000 gpl=0.8623
# EDGE 1 2577-2578 d=1.30650 dev=-1.04428 gg=0.0844 gpl=0.9058
# EDGE 2 2578-2579 d=1.24905 dev=-1.10173 gg=0.0000 gpl=0.5091
# EDGE 3 2579-2580 d=1.45070 dev=-0.90008 gg=0.0108 gpl=0.9262
# EDGE 4 2580-2581 d=1.39897 dev=-0.95181 gg=0.0016 gpl=0.3485
# EDGE 5 2581-2576 d=1.38826 dev=-0.96251 gg=0.0034 gpl=0.8641
