# freecell — v89 free-cell substance test (exp=ring)
# laws = laws_V2g VERBATIM (defaults): C=1 w1=1.65 w2=2.9 q_detune=1.2
# gamma_res=0.25 gamma_res_m=0.1 p_gate=8 lock_floor=0.005 k_dep=1.2 k_dep_m=2 cap=2.5
# e_s0=1 es_floor=0.05 e_cond=0 f_conv=0.25 f_evap=0.5 s_pull=0.15
# kappa_lock=1 kappa_align=0.5 s_k=0.06 s_disp=0.3 sigma_tumble=0.01
# comb_limit=6 rough_k=0.35 gamma_rough=0.5 mob_sym=1 mob_floor=0.004 field_J=1.8
# quant_A0=1.15 quant_mode=2 (A0eff=1.15)
# v91 radiance (laws_V3r candidate A): k_rad=0 p_rad=4 rad_clock=0
# v91 cantus (coherent-channel candidate B): k_cant=0 k_tune=0 cant_tau=50 cant_seed=0 cant_grow=1
# v91 registry (exchange-registry lane, REGISTRY.md): reg_tau=0 reg_gate=0 reg_f0=0
# v91 identity (parcel-identity lane, IDENTITY.md): par_tau=0 par_gate=0 par_form=0 par_lo=0.002 par_hi=0.02 par_mature=400
# v91 workfn (emergent-threshold lane, WORKFN.md): wf_on=0 wf_floor=0.01 wf_far=99
# v91 amplitude (field-side-identity lane Phase M, AMPLITUDE.md): amp_tau=0
# v92 amplitude Phase L lane L-1 (L0_DESIGN.md): amp_drv=0 amp_mmin=2
# v93 UNITARY DENSE CHANNEL (v93/README.md PART II): amp_nat=0.5
# v93 arg(psi) door (v93/README.md §II.7): amp_door=0
# QUENCH-2 apparatus: conf_r=0 conf_gap=0.3 conf_th=1.6 conf_pinw=3 spin_m=0 imp_k=0 qp_phase=0
# HORIZON apparatus (HORIZON.md): bh_r=0 bh_k=1 bh_sep=0
# FLOW apparatus (FLOW.md): bed_k=0 bed_tau=30
# GEOMETRY (apparatus): cfac=1.15 k_rep=1 mob_geo=1 kappa_bond=1 freeze_geo=0
# bath=1 bath_frac=1 jam_sweeps=800 jam_k=0.1 L=16 dt=0.02 T=80 seed=20260802 diag_every=500
# JAM sweeps=800 max_step=1.402e-04 (tol 1.0e-04, k_end=0.0010) — witness for the settle
# CARVE removed 55 bath cells (clear=2.71)
# SEED ring winding: seed_mw=2 (th2 = m*phi on the cycle; overrides chain lock)
# SEED ring: n=6 x=0.3250 d*=1.505798 d_edge=1.505798 edges=6
# INIT NC=2651 slots=25239 live=20271 phi_nom=1.6733 z_live=15.29 dbar=1.4112 sigma_d=14.80% E0=2655.239130435
#
# t | drift_rel | phi_nom z_live NLa NLd births deaths | dbar sigma_d% | maxstep maxbond | Em_tag ret com_dev rms conn z_tag | pair: d delta gf gb | core/far
t=    0.00 +0.00e+00 | 1.6733 15.29  20271    0      0      0 | 1.4112 14.80 | 0.00e+00 0.00e+00 |   4.8750 1.0000  0.0000  1.5058 1.000  3.00 | edge_dev mean=0.0000 max=0.0000 gg=0.0000 shape_dev=0.0000 xbar=0.3250
t=   10.00 -1.71e-16 | 1.6733 16.05  21278    0   2518   2458 | 1.4327 14.83 | 1.52e-03 1.22e-03 |   4.8647 0.9979  0.3212  1.0132 1.000 13.33 | edge_dev mean=0.3847 max=0.6544 gg=0.0186 shape_dev=1.4636 xbar=0.3243
t=   20.00 -3.43e-16 | 1.6733 16.33  21648    0   3566   3434 | 1.4383 14.88 | 1.66e-03 1.75e-04 |   4.8616 0.9973  0.3005  1.0275 1.000 14.00 | edge_dev mean=0.3974 max=0.6883 gg=0.0119 shape_dev=1.4516 xbar=0.3241
t=   30.00 -3.43e-16 | 1.6733 16.45  21807    0   4225   4052 | 1.4407 14.90 | 7.81e-04 1.51e-03 |   4.8590 0.9967  0.4339  0.9885 1.000 14.17 | edge_dev mean=0.4070 max=0.6614 gg=0.0023 shape_dev=1.4065 xbar=0.3239
t=   40.00 -3.43e-16 | 1.6733 16.52  21895    0   4676   4540 | 1.4420 14.91 | 8.69e-04 1.12e-03 |   4.8572 0.9964  0.3046  1.0601 1.000 14.50 | edge_dev mean=0.4007 max=0.6535 gg=0.0785 shape_dev=1.3940 xbar=0.3238
t=   50.00 -3.43e-16 | 1.6733 16.60  22000    0   5107   4897 | 1.4434 14.91 | 9.53e-04 1.04e-03 |   4.8519 0.9953  0.3792  1.0238 1.000 14.17 | edge_dev mean=0.4180 max=0.6628 gg=0.0000 shape_dev=1.4152 xbar=0.3235
t=   60.00 -3.43e-16 | 1.6733 16.61  22021    0   5419   5235 | 1.4438 14.91 | 1.17e-03 5.54e-03 |   4.8341 0.9916  0.5583  1.0550 1.000 13.67 | edge_dev mean=0.3648 max=0.4708 gg=0.0657 shape_dev=1.3383 xbar=0.3223
t=   70.00 -5.14e-16 | 1.6733 16.67  22094    0   5760   5505 | 1.4449 14.92 | 7.24e-04 5.06e-04 |   4.8363 0.9921  0.4878  1.0406 1.000 14.17 | edge_dev mean=0.3969 max=0.6408 gg=0.0999 shape_dev=1.4019 xbar=0.3224
t=   80.00 -5.14e-16 | 1.6733 16.68  22112    0   6017   5775 | 1.4453 14.93 | 8.15e-04 2.12e-04 |   4.8299 0.9908  0.3930  1.0813 1.000 14.00 | edge_dev mean=0.3913 max=0.6508 gg=0.0021 shape_dev=1.4089 xbar=0.3220
#
# RESULT drift_rel -5.138e-16
# RESULT births 6017 deaths 5775 beta_returns 0 beta_energy 0.000000e+00
# RESULT conv rough=0.000000 cond=0.000000 evap=0.000000 backs=0.000000 rad=0.000000
# RESULT credit qcnvD=0.000000 qcnvF=0.000000
# RESULT geometry phi_nom=1.6733 z_live=16.68 dbar=1.4453 sigma_d=0.1493
# RESULT truss edge_dev_mean=0.391303 edge_dev_max=0.650810 shape=(0.0395,0.3576,0.5405) shape0=(0.0000,1.1337,1.1337)
# EDGE 0 2645-2646 d=1.37239 dev=-0.13341 gg=0.0000 gpl=0.9830
# EDGE 1 2646-2647 d=0.85511 dev=-0.65068 gg=0.0001 gpl=0.9698
# EDGE 2 2647-2648 d=1.12771 dev=-0.37809 gg=0.0000 gpl=0.8217
# EDGE 3 2648-2649 d=1.27901 dev=-0.22679 gg=0.0127 gpl=0.6320
# EDGE 4 2649-2650 d=0.99002 dev=-0.51578 gg=0.0000 gpl=0.2883
# EDGE 5 2650-2645 d=1.06273 dev=-0.44307 gg=0.0000 gpl=0.3027
