# freecell — v89 free-cell substance test (exp=ring)
# laws = laws_V2g VERBATIM (defaults): C=1 w1=1.65 w2=2.9 q_detune=1.2
# gamma_res=0.25 gamma_res_m=0.1 p_gate=8 lock_floor=0.005 k_dep=1.2 k_dep_m=2 cap=2.5
# e_s0=1 es_floor=0.05 e_cond=0 f_conv=0.25 f_evap=0.5 s_pull=0.15
# kappa_lock=1 kappa_align=0.5 s_k=0.06 s_disp=0.3 sigma_tumble=0.01
# comb_limit=6 rough_k=0.35 gamma_rough=0.5 mob_sym=1 mob_floor=0.004 field_J=1.8
# quant_A0=1.15 quant_mode=2 (A0eff=1.15)
# v91 radiance (laws_V3r candidate A): k_rad=0 p_rad=4 rad_clock=0
# v91 cantus (coherent-channel candidate B): k_cant=0 k_tune=0 cant_tau=50 cant_seed=0 cant_grow=1
# v91 registry (exchange-registry lane, REGISTRY.md): reg_tau=0 reg_gate=0 reg_f0=0
# v91 identity (parcel-identity lane, IDENTITY.md): par_tau=0 par_gate=0 par_form=0 par_lo=0.002 par_hi=0.02 par_mature=400
# v91 workfn (emergent-threshold lane, WORKFN.md): wf_on=0 wf_floor=0.01 wf_far=99
# v91 amplitude (field-side-identity lane Phase M, AMPLITUDE.md): amp_tau=0
# v92 amplitude Phase L lane L-1 (L0_DESIGN.md): amp_drv=0 amp_mmin=2
# v93 UNITARY DENSE CHANNEL (v93/README.md PART II): amp_nat=0
# v93 arg(psi) door (v93/README.md §II.7): amp_door=0
# QUENCH-2 apparatus: conf_r=0 conf_gap=0.3 conf_th=1.6 conf_pinw=3 spin_m=0 imp_k=0 qp_phase=0
# HORIZON apparatus (HORIZON.md): bh_r=0 bh_k=1 bh_sep=0
# FLOW apparatus (FLOW.md): bed_k=0 bed_tau=30
# GEOMETRY (apparatus): cfac=1.15 k_rep=1 mob_geo=1 kappa_bond=1 freeze_geo=0
# bath=1 bath_frac=1 jam_sweeps=800 jam_k=0.1 L=16 dt=0.02 T=80 seed=20260802 diag_every=500
# JAM sweeps=800 max_step=1.402e-04 (tol 1.0e-04, k_end=0.0010) — witness for the settle
# CARVE removed 55 bath cells (clear=2.71)
# SEED ring winding: seed_mw=1 (th2 = m*phi on the cycle; overrides chain lock)
# SEED ring: n=6 x=0.3250 d*=1.505798 d_edge=1.505798 edges=6
# INIT NC=2651 slots=25239 live=20271 phi_nom=1.6733 z_live=15.29 dbar=1.4112 sigma_d=14.80% E0=2655.239130435
#
# t | drift_rel | phi_nom z_live NLa NLd births deaths | dbar sigma_d% | maxstep maxbond | Em_tag ret com_dev rms conn z_tag | pair: d delta gf gb | core/far
t=    0.00 +0.00e+00 | 1.6733 15.29  20271    0      0      0 | 1.4112 14.80 | 0.00e+00 0.00e+00 |   4.8750 1.0000  0.0000  1.5058 1.000  3.00 | edge_dev mean=0.0000 max=0.0000 gg=0.0100 shape_dev=0.0000 xbar=0.3250
t=   10.00 -1.71e-16 | 1.6733 16.05  21275    3   2520   2454 | 1.4326 14.83 | 1.66e-03 2.63e-03 |   4.8521 0.9953  0.2633  0.9407 1.000 14.00 | edge_dev mean=0.3978 max=0.6721 gg=0.0006 shape_dev=1.4813 xbar=0.3235
t=   20.00 -1.71e-16 | 1.6733 16.34  21654   17   3578   3421 | 1.4384 14.88 | 1.67e-03 4.63e-04 |   4.8121 0.9871  0.3746  0.9201 1.000 13.67 | edge_dev mean=0.3809 max=0.6415 gg=0.0515 shape_dev=1.5229 xbar=0.3221
t=   30.00 -1.71e-16 | 1.6733 16.45  21808   17   4244   4046 | 1.4408 14.91 | 1.00e-03 2.28e-04 |   4.7712 0.9787  0.3583  0.9283 1.000 13.83 | edge_dev mean=0.3397 max=0.5249 gg=0.0000 shape_dev=1.5837 xbar=0.3181
t=   40.00 -1.71e-16 | 1.6733 16.53  21917   24   4726   4521 | 1.4424 14.91 | 9.28e-04 1.53e-03 |   4.7358 0.9715  0.3822  0.9128 1.000 14.67 | edge_dev mean=0.3307 max=0.5036 gg=0.0002 shape_dev=1.5883 xbar=0.3154
t=   50.00 -1.71e-16 | 1.6733 16.60  22008   19   5145   4900 | 1.4436 14.92 | 5.48e-04 1.75e-03 |   4.6717 0.9583  0.3822  0.8942 1.000 15.33 | edge_dev mean=0.3370 max=0.5243 gg=0.0521 shape_dev=1.6112 xbar=0.3110
t=   60.00 -1.71e-16 | 1.6733 16.61  22021   15   5474   5251 | 1.4439 14.92 | 5.86e-04 1.83e-03 |   4.5956 0.9427  0.4581  0.9335 1.000 14.67 | edge_dev mean=0.3355 max=0.5306 gg=0.0052 shape_dev=1.6178 xbar=0.3061
t=   70.00 -3.43e-16 | 1.6733 16.65  22073   16   5804   5556 | 1.4448 14.93 | 1.25e-03 2.54e-03 |   4.5577 0.9349  0.4548  0.9003 1.000 14.50 | edge_dev mean=0.3274 max=0.5226 gg=0.0020 shape_dev=1.6371 xbar=0.3035
t=   80.00 -3.43e-16 | 1.6733 16.68  22113    7   6053   5773 | 1.4454 14.93 | 3.91e-04 4.06e-03 |   4.5288 0.9290  0.4768  0.8880 1.000 14.50 | edge_dev mean=0.3005 max=0.5030 gg=0.0817 shape_dev=1.6190 xbar=0.3013
#
# RESULT drift_rel -3.425e-16
# RESULT births 6053 deaths 5773 beta_returns 0 beta_energy 0.000000e+00
# RESULT conv rough=0.000000 cond=0.000000 evap=0.000000 backs=0.000000 rad=0.000000
# RESULT credit qcnvD=0.000000 qcnvF=2.364589
# RESULT geometry phi_nom=1.6733 z_live=16.68 dbar=1.4454 sigma_d=0.1493
# RESULT truss edge_dev_mean=0.300483 edge_dev_max=0.502980 shape=(0.1205,0.3335,0.4354) shape0=(0.0000,1.1337,1.1337)
# EDGE 0 2645-2646 d=1.43601 dev=-0.06979 gg=0.0002 gpl=0.5852
# EDGE 1 2646-2647 d=1.00278 dev=-0.50302 gg=0.0000 gpl=0.1351
# EDGE 2 2647-2648 d=1.19617 dev=-0.30963 gg=0.0000 gpl=0.0178
# EDGE 3 2648-2649 d=1.29746 dev=-0.20833 gg=0.4898 gpl=0.3842
# EDGE 4 2649-2650 d=1.19453 dev=-0.31127 gg=0.0000 gpl=0.4033
# EDGE 5 2650-2645 d=1.10433 dev=-0.40147 gg=0.0000 gpl=0.0443
