# freecell — v89 free-cell substance test (exp=ring)
# laws = laws_V2g VERBATIM (defaults): C=1 w1=1.65 w2=2.9 q_detune=1.2
# gamma_res=0.25 gamma_res_m=0.1 p_gate=8 lock_floor=0.005 k_dep=1.2 k_dep_m=2 cap=2.5
# e_s0=1 es_floor=0.05 e_cond=0 f_conv=0.25 f_evap=0.5 s_pull=0.15
# kappa_lock=1 kappa_align=0.5 s_k=0.06 s_disp=0.3 sigma_tumble=0.01
# comb_limit=6 rough_k=0.35 gamma_rough=0.5 mob_sym=1 mob_floor=0.004 field_J=1.8
# quant_A0=1.15 quant_mode=2 (A0eff=1.15)
# GEOMETRY (apparatus): cfac=1.15 k_rep=1 mob_geo=1 kappa_bond=1 freeze_geo=0
# bath=0 bath_frac=1 jam_sweeps=800 jam_k=0.1 L=16 dt=0.02 T=200 seed=20260802
# JAM skipped (no bath)
# SEED ring: n=6 x=0.3250 d*=1.505798 d_edge=1.505798 edges=6
# INIT NC=6 slots=6 live=6 phi_nom=0.0034 z_live=2.00 dbar=1.5058 sigma_d=0.00% E0=10.239130435
#
# t | drift_rel | phi_nom z_live NLa NLd births deaths | dbar sigma_d% | maxstep maxbond | Em_tag ret com_dev rms conn z_tag | pair: d delta gf gb | core/far
t=    0.00 +0.00e+00 | 0.0034  2.00      6    0      0      0 | 1.5058  0.00 | 0.00e+00 0.00e+00 |   4.8750 1.0000  0.0000  1.5058 1.000  2.00 | edge_dev mean=0.0000 max=0.0000 gg=0.0000 shape_dev=0.0000 xbar=0.3250
t=   10.00 +1.73e-16 | 0.0034  2.00      6    0      0      0 | 1.5367  0.00 | 1.57e-04 3.73e-03 |   4.8750 1.0000  0.0000  1.5319 1.000  2.00 | edge_dev mean=0.0311 max=0.0311 gg=0.9835 shape_dev=0.0946 xbar=0.3229
t=   20.00 +3.47e-16 | 0.0034  2.00      6    0      0      0 | 1.5459  0.00 | 2.95e-04 3.09e-03 |   4.8750 1.0000  0.0002  1.5427 1.000  2.00 | edge_dev mean=0.0404 max=0.0405 gg=0.9724 shape_dev=0.1233 xbar=0.3235
t=   30.00 +0.00e+00 | 0.0034  2.00      6    0      0      0 | 1.5367  0.01 | 1.48e-04 3.75e-03 |   4.8750 1.0000  0.0005  1.5318 1.000  2.00 | edge_dev mean=0.0310 max=0.0312 gg=0.9835 shape_dev=0.0944 xbar=0.3229
t=   40.00 +0.00e+00 | 0.0034  2.00      6    0      0      0 | 1.5457  0.01 | 2.93e-04 3.10e-03 |   4.8750 1.0000  0.0010  1.5424 1.000  2.00 | edge_dev mean=0.0402 max=0.0404 gg=0.9727 shape_dev=0.1227 xbar=0.3235
t=   50.00 +5.20e-16 | 0.0034  2.00      6    0      0      0 | 1.5368  0.07 | 1.27e-04 3.83e-03 |   4.8750 1.0000  0.0049  1.5319 1.000  2.00 | edge_dev mean=0.0311 max=0.0329 gg=0.9829 shape_dev=0.0947 xbar=0.3229
t=   60.00 +3.47e-16 | 0.0034  2.00      6    0      0      0 | 1.5445  0.10 | 2.92e-04 3.22e-03 |   4.8750 1.0000  0.0104  1.5410 1.000  2.00 | edge_dev mean=0.0390 max=0.0417 gg=0.9729 shape_dev=0.1189 xbar=0.3234
t=   70.00 +3.47e-16 | 0.0034  2.00      6    0      0      0 | 1.5370  0.26 | 1.05e-04 4.10e-03 |   4.8750 1.0000  0.0143  1.5318 1.000  2.00 | edge_dev mean=0.0312 max=0.0370 gg=0.9815 shape_dev=0.0950 xbar=0.3228
# SHEAR applied: eps=0.25 at t=80.00 (volume-preserving deviatoric)
t=   80.00 +3.47e-16 | 0.0034  2.00      6    0      0      0 | 1.5427  0.10 | 2.85e-04 3.35e-03 |   4.8750 1.0000  0.0151  1.6727 1.000  2.00 | edge_dev mean=0.1609 max=0.4244 gg=0.9746 shape_dev=0.9074 xbar=0.3233
t=   90.00 +3.47e-16 | 0.0034  1.33      4    0      0      2 | 1.5667  0.39 | 9.98e-05 3.07e-03 |   4.8750 1.0000  0.0158  1.6994 0.500  1.33 | edge_dev mean=0.1742 max=0.4047 gg=0.5985 shape_dev=0.9003 xbar=0.3244
t=  100.00 +1.73e-16 | 0.0034  1.33      4    0      2      2 | 1.6376  0.03 | 1.46e-06 1.53e-07 |   4.8750 1.0000  0.0150  1.7378 0.500  1.33 | edge_dev mean=0.2048 max=0.3529 gg=0.0265 shape_dev=0.8866 xbar=0.3250
t=  110.00 +5.20e-16 | 0.0034  1.33      4    0      2      2 | 1.6376  0.03 | 8.14e-15 2.98e-26 |   4.8750 1.0000  0.0149  1.7379 0.500  1.33 | edge_dev mean=0.2048 max=0.3529 gg=0.0154 shape_dev=0.8866 xbar=0.3250
t=  120.00 +5.20e-16 | 0.0034  1.33      4    0      2      2 | 1.6376  0.03 | 8.85e-16 7.09e-23 |   4.8750 1.0000  0.0149  1.7379 0.500  1.33 | edge_dev mean=0.2048 max=0.3529 gg=0.0114 shape_dev=0.8866 xbar=0.3250
t=  130.00 +1.39e-15 | 0.0034  1.33      4    0      2      2 | 1.6376  0.03 | 7.40e-16 8.49e-16 |   4.8750 1.0000  0.0149  1.7379 0.500  1.33 | edge_dev mean=0.2048 max=0.3529 gg=0.1361 shape_dev=0.8866 xbar=0.3250
t=  140.00 +2.08e-15 | 0.0034  1.33      4    0      2      2 | 1.6376  0.03 | 4.02e-16 1.99e-15 |   4.8750 1.0000  0.0149  1.7379 0.500  1.33 | edge_dev mean=0.2048 max=0.3529 gg=0.2662 shape_dev=0.8866 xbar=0.3250
t=  150.00 +2.60e-15 | 0.0034  1.33      4    0      2      2 | 1.6376  0.03 | 8.72e-16 6.78e-19 |   4.8750 1.0000  0.0149  1.7379 0.500  1.33 | edge_dev mean=0.2048 max=0.3529 gg=0.0025 shape_dev=0.8866 xbar=0.3250
t=  160.00 +2.78e-15 | 0.0034  1.33      4    0      2      2 | 1.6376  0.03 | 8.72e-16 6.34e-23 |   4.8750 1.0000  0.0149  1.7379 0.500  1.33 | edge_dev mean=0.2048 max=0.3529 gg=0.0012 shape_dev=0.8866 xbar=0.3250
t=  170.00 +3.64e-15 | 0.0034  1.33      4    0      2      2 | 1.6376  0.03 | 7.11e-16 7.15e-16 |   4.8750 1.0000  0.0149  1.7379 0.500  1.33 | edge_dev mean=0.2048 max=0.3529 gg=0.0990 shape_dev=0.8866 xbar=0.3250
t=  180.00 +3.82e-15 | 0.0034  1.33      4    0      2      2 | 1.6376  0.03 | 6.59e-16 3.54e-16 |   4.8750 1.0000  0.0149  1.7379 0.500  1.33 | edge_dev mean=0.2048 max=0.3529 gg=0.0445 shape_dev=0.8866 xbar=0.3250
t=  190.00 +3.82e-15 | 0.0034  1.33      4    0      2      2 | 1.6376  0.03 | 7.46e-16 6.10e-16 |   4.8750 1.0000  0.0149  1.7379 0.500  1.33 | edge_dev mean=0.2048 max=0.3529 gg=0.0930 shape_dev=0.8866 xbar=0.3250
t=  200.00 +4.68e-15 | 0.0034  1.33      4    0      2      2 | 1.6376  0.03 | 8.35e-16 3.57e-21 |   4.8750 1.0000  0.0149  1.7379 0.500  1.33 | edge_dev mean=0.2048 max=0.3529 gg=0.0000 shape_dev=0.8866 xbar=0.3250
#
# RESULT drift_rel 4.684e-15
# RESULT births 2 deaths 2 beta_returns 0 beta_energy 0.000000e+00
# RESULT conv rough=0.000000 cond=0.000000 evap=0.000000 backs=0.000000
# RESULT geometry phi_nom=0.0034 z_live=1.33 dbar=1.6376 sigma_d=0.0003
# RESULT truss edge_dev_mean=0.204841 edge_dev_max=0.352915 shape=(0.0000,1.0218,1.9083) shape0=(0.0000,1.1337,1.1337)
# EDGE 0 0-1 d=1.63794 dev=+0.13214 gg=0.0000 gpl=0.9940
# EDGE 1 1-2 d=1.85871 dev=+0.35292 gg=0.0001 gpl=0.9930
# EDGE 2 2-3 d=1.63702 dev=+0.13122 gg=0.0000 gpl=0.9648
# EDGE 3 3-4 d=1.63739 dev=+0.13159 gg=0.0000 gpl=0.9861
# EDGE 4 4-5 d=1.85465 dev=+0.34885 gg=0.0000 gpl=0.8934
# EDGE 5 5-0 d=1.63812 dev=+0.13232 gg=0.0000 gpl=0.9183
