# freecell — v89 free-cell substance test (exp=ring)
# laws = laws_V2g VERBATIM (defaults): C=1 w1=1.65 w2=2.9 q_detune=1.2
# gamma_res=0.25 gamma_res_m=0.1 p_gate=8 lock_floor=0.005 k_dep=1.2 k_dep_m=2 cap=2.5
# e_s0=1 es_floor=0.05 e_cond=0 f_conv=0.25 f_evap=0.5 s_pull=0.15
# kappa_lock=1 kappa_align=0.5 s_k=0.06 s_disp=0.3 sigma_tumble=0.01
# comb_limit=6 rough_k=0.35 gamma_rough=0.5 mob_sym=1 mob_floor=0.004 field_J=1.8
# quant_A0=1.15 quant_mode=2 (A0eff=1.15)
# GEOMETRY (apparatus): cfac=1.15 k_rep=1 mob_geo=1 kappa_bond=1 freeze_geo=0
# bath=0 bath_frac=1 jam_sweeps=800 jam_k=0.1 L=16 dt=0.02 T=200 seed=20260802
# JAM skipped (no bath)
# SEED ring: n=6 x=0.3250 d*=1.505798 d_edge=1.505798 edges=6
# INIT NC=6 slots=6 live=6 phi_nom=0.0034 z_live=2.00 dbar=1.5058 sigma_d=0.00% E0=10.239130435
#
# t | drift_rel | phi_nom z_live NLa NLd births deaths | dbar sigma_d% | maxstep maxbond | Em_tag ret com_dev rms conn z_tag | pair: d delta gf gb | core/far
t=    0.00 +0.00e+00 | 0.0034  2.00      6    0      0      0 | 1.5058  0.00 | 0.00e+00 0.00e+00 |   4.8750 1.0000  0.0000  1.5058 1.000  2.00 | edge_dev mean=0.0000 max=0.0000 gg=0.0000 shape_dev=0.0000 xbar=0.3250
t=   10.00 +1.73e-16 | 0.0034  2.00      6    0      0      0 | 1.5367  0.00 | 1.57e-04 3.73e-03 |   4.8750 1.0000  0.0000  1.5319 1.000  2.00 | edge_dev mean=0.0311 max=0.0311 gg=0.9835 shape_dev=0.0946 xbar=0.3229
t=   20.00 +3.47e-16 | 0.0034  2.00      6    0      0      0 | 1.5459  0.00 | 2.95e-04 3.09e-03 |   4.8750 1.0000  0.0002  1.5427 1.000  2.00 | edge_dev mean=0.0404 max=0.0405 gg=0.9724 shape_dev=0.1233 xbar=0.3235
t=   30.00 +0.00e+00 | 0.0034  2.00      6    0      0      0 | 1.5367  0.01 | 1.48e-04 3.75e-03 |   4.8750 1.0000  0.0005  1.5318 1.000  2.00 | edge_dev mean=0.0310 max=0.0312 gg=0.9835 shape_dev=0.0944 xbar=0.3229
t=   40.00 +0.00e+00 | 0.0034  2.00      6    0      0      0 | 1.5457  0.01 | 2.93e-04 3.10e-03 |   4.8750 1.0000  0.0010  1.5424 1.000  2.00 | edge_dev mean=0.0402 max=0.0404 gg=0.9727 shape_dev=0.1227 xbar=0.3235
t=   50.00 +5.20e-16 | 0.0034  2.00      6    0      0      0 | 1.5368  0.07 | 1.27e-04 3.83e-03 |   4.8750 1.0000  0.0049  1.5319 1.000  2.00 | edge_dev mean=0.0311 max=0.0329 gg=0.9829 shape_dev=0.0947 xbar=0.3229
t=   60.00 +3.47e-16 | 0.0034  2.00      6    0      0      0 | 1.5445  0.10 | 2.92e-04 3.22e-03 |   4.8750 1.0000  0.0104  1.5410 1.000  2.00 | edge_dev mean=0.0390 max=0.0417 gg=0.9729 shape_dev=0.1189 xbar=0.3234
t=   70.00 +3.47e-16 | 0.0034  2.00      6    0      0      0 | 1.5370  0.26 | 1.05e-04 4.10e-03 |   4.8750 1.0000  0.0143  1.5318 1.000  2.00 | edge_dev mean=0.0312 max=0.0370 gg=0.9815 shape_dev=0.0950 xbar=0.3228
# SHEAR applied: eps=0.02 at t=80.00 (volume-preserving deviatoric)
t=   80.00 +3.47e-16 | 0.0034  2.00      6    0      0      0 | 1.5427  0.10 | 2.85e-04 3.35e-03 |   4.8750 1.0000  0.0140  1.5469 1.000  2.00 | edge_dev mean=0.0451 max=0.0693 gg=0.9746 shape_dev=0.1380 xbar=0.3233
t=   90.00 +3.47e-16 | 0.0034  2.00      6    0      0      0 | 1.5399  0.45 | 6.58e-04 4.92e-03 |   4.8750 1.0000  0.0155  1.5344 1.000  2.00 | edge_dev mean=0.0338 max=0.0437 gg=0.9781 shape_dev=0.1028 xbar=0.3228
t=  100.00 +0.00e+00 | 0.0034  2.00      6    0      0      0 | 1.5415  0.08 | 2.64e-04 3.54e-03 |   4.8750 1.0000  0.0128  1.5373 1.000  2.00 | edge_dev mean=0.0359 max=0.0379 gg=0.9761 shape_dev=0.1091 xbar=0.3232
t=  110.00 -3.47e-16 | 0.0034  2.00      6    0      0      0 | 1.5402  0.43 | 2.14e-04 4.10e-03 |   4.8750 1.0000  0.0132  1.5358 1.000  2.00 | edge_dev mean=0.0345 max=0.0439 gg=0.9793 shape_dev=0.1050 xbar=0.3231
t=  120.00 -5.20e-16 | 0.0034  2.00      6    0      0      0 | 1.5406  0.09 | 2.15e-04 3.88e-03 |   4.8750 1.0000  0.0116  1.5360 1.000  2.00 | edge_dev mean=0.0349 max=0.0372 gg=0.9769 shape_dev=0.1060 xbar=0.3231
t=  130.00 -6.94e-16 | 0.0034  2.00      6    0      0      0 | 1.5391  0.33 | 1.76e-04 4.23e-03 |   4.8750 1.0000  0.0121  1.5344 1.000  2.00 | edge_dev mean=0.0334 max=0.0403 gg=0.9805 shape_dev=0.1015 xbar=0.3230
t=  140.00 -3.47e-16 | 0.0034  2.00      6    0      0      0 | 1.5422  0.09 | 4.03e-04 4.60e-03 |   4.8750 1.0000  0.0101  1.5374 1.000  2.00 | edge_dev mean=0.0362 max=0.0379 gg=0.9752 shape_dev=0.1102 xbar=0.3231
t=  150.00 -3.47e-16 | 0.0034  2.00      6    0      0      0 | 1.5396  0.22 | 4.19e-04 4.70e-03 |   4.8750 1.0000  0.0085  1.5346 1.000  2.00 | edge_dev mean=0.0337 max=0.0372 gg=0.9799 shape_dev=0.1025 xbar=0.3230
t=  160.00 -6.94e-16 | 0.0034  2.00      6    0      0      0 | 1.5442  0.18 | 2.52e-04 3.53e-03 |   4.8750 1.0000  0.0094  1.5406 1.000  2.00 | edge_dev mean=0.0386 max=0.0431 gg=0.9737 shape_dev=0.1175 xbar=0.3234
t=  170.00 -5.20e-16 | 0.0034  2.00      6    0      0      0 | 1.5386  0.22 | 1.05e-04 4.07e-03 |   4.8750 1.0000  0.0125  1.5338 1.000  2.00 | edge_dev mean=0.0328 max=0.0378 gg=0.9808 shape_dev=0.0997 xbar=0.3230
t=  180.00 -3.47e-16 | 0.0034  2.00      6    0      0      0 | 1.5426  0.19 | 2.25e-04 3.70e-03 |   4.8750 1.0000  0.0178  1.5386 1.000  2.00 | edge_dev mean=0.0369 max=0.0419 gg=0.9738 shape_dev=0.1124 xbar=0.3233
t=  190.00 +0.00e+00 | 0.0034  2.00      6    0      0      0 | 1.5394  0.44 | 2.66e-04 4.48e-03 |   4.8750 1.0000  0.0235  1.5343 1.000  2.00 | edge_dev mean=0.0335 max=0.0405 gg=0.9781 shape_dev=0.1016 xbar=0.3229
t=  200.00 -3.47e-16 | 0.0034  2.00      6    0      0      0 | 1.5421  0.28 | 2.32e-04 4.11e-03 |   4.8750 1.0000  0.0252  1.5377 1.000  2.00 | edge_dev mean=0.0363 max=0.0413 gg=0.9731 shape_dev=0.1105 xbar=0.3232
#
# RESULT drift_rel -3.470e-16
# RESULT births 0 deaths 0 beta_returns 0 beta_energy 0.000000e+00
# RESULT conv rough=0.000000 cond=0.000000 evap=0.000000 backs=0.000000
# RESULT geometry phi_nom=0.0034 z_live=2.00 dbar=1.5421 sigma_d=0.0028
# RESULT truss edge_dev_mean=0.036350 edge_dev_max=0.041309 shape=(0.0000,1.1608,1.2171) shape0=(0.0000,1.1337,1.1337)
# EDGE 0 0-1 d=1.54508 dev=+0.03928 gg=0.9777 gpl=0.9909
# EDGE 1 1-2 d=1.54713 dev=+0.04134 gg=0.9830 gpl=0.9929
# EDGE 2 2-3 d=1.54617 dev=+0.04037 gg=0.9823 gpl=0.9621
# EDGE 3 3-4 d=1.54073 dev=+0.03493 gg=0.9716 gpl=0.9863
# EDGE 4 4-5 d=1.53525 dev=+0.02945 gg=0.9666 gpl=0.8928
# EDGE 5 5-0 d=1.53814 dev=+0.03234 gg=0.9572 gpl=0.9256
