# freecell — v89 free-cell substance test (exp=tri)
# laws = laws_V2g VERBATIM (defaults): C=1 w1=1.65 w2=2.9 q_detune=1.2
# gamma_res=0.25 gamma_res_m=0.1 p_gate=8 lock_floor=0.005 k_dep=1.2 k_dep_m=2 cap=2.5
# e_s0=1 es_floor=0.05 e_cond=0 f_conv=0.25 f_evap=0.5 s_pull=0.15
# kappa_lock=1 kappa_align=0.5 s_k=0.06 s_disp=0.3 sigma_tumble=0.01
# comb_limit=6 rough_k=0.35 gamma_rough=0.5 mob_sym=1 mob_floor=0.004 field_J=1.8
# quant_A0=1.15 quant_mode=2 (A0eff=1.15)
# GEOMETRY (apparatus): cfac=1.15 k_rep=0.4 mob_geo=1 kappa_bond=1 freeze_geo=0
# bath=0 bath_frac=1 jam_sweeps=800 jam_k=0.1 L=16 dt=0.02 T=100 seed=20260802
# JAM skipped (no bath)
# SEED tri: kind=UUD ntri=1 xU=0.2000 xD=0.7167 wU=2.3387 wD=1.5591 (wD/wU=0.666667)
# SEED tri: d*_UU=1.343302 d*_UD(m=2)=1.343302 d*_DD=2.014953 branch_k=0 doff=+0.000
# SEED tri: contacts UU=1.6622 UD=1.6089 DD=1.5557 (DD edge OPEN (no contact))
# INIT NC=3 slots=3 live=3 phi_nom=0.0017 z_live=2.00 dbar=1.3433 sigma_d=0.00% E0=5.427536232
#
# t | drift_rel | phi_nom z_live NLa NLd births deaths | dbar sigma_d% | maxstep maxbond | Em_tag ret com_dev rms conn z_tag | pair: d delta gf gb | core/far
t=    0.00 +0.00e+00 | 0.0017  2.00      3    0      0      0 | 1.3433  0.00 | 0.00e+00 0.00e+00 |   2.7917 1.0000  0.3588  0.6875 1.000  2.00 | edge_dev mean=0.0000 max=0.0000 gg=0.3182 shape_dev=0.0000 xbar=0.3722 | T0 psi=(-3.142,+0.000,-0.000) ggm=0.000 circ=+0.0000 xUDD=(0.200,0.200,0.717)
t=   10.00 -3.27e-16 | 0.0017  2.00      3    0      0      0 | 1.5261  7.33 | 1.05e-04 4.58e-03 |   2.7917 1.0000  0.4265  0.8135 1.000  2.00 | edge_dev mean=0.1829 max=0.2619 gg=0.6644 shape_dev=0.1791 xbar=0.3705 | T0 psi=(-0.032,+2.884,+0.928) ggm=0.000 circ=-0.0021 xUDD=(0.206,0.206,0.700)
t=   20.00 -3.27e-16 | 0.0017  0.67      1    0      0      0 | 1.3722  0.00 | 1.41e-04 4.44e-03 |   2.7917 1.0000  0.4267  0.8152 0.667  0.67 | edge_dev mean=0.1854 max=0.2635 gg=0.4720 shape_dev=0.1815 xbar=0.3709 | T0 psi=(-0.042,+0.649,-3.134) ggm=0.000 circ=-0.0023 xUDD=(0.206,0.206,0.700)
t=   30.00 -4.91e-16 | 0.0017  0.67      1    0      0      0 | 1.3776  0.00 | 1.83e-04 4.27e-03 |   2.7917 1.0000  0.4268  0.8168 0.667  0.67 | edge_dev mean=0.1880 max=0.2647 gg=0.3374 shape_dev=0.1841 xbar=0.3712 | T0 psi=(-0.055,-1.579,-0.918) ggm=0.001 circ=-0.0023 xUDD=(0.207,0.207,0.700)
t=   40.00 -4.91e-16 | 0.0017  0.67      1    0      0      0 | 1.3846  0.00 | 2.26e-04 4.07e-03 |   2.7917 1.0000  0.4268  0.8184 0.667  0.67 | edge_dev mean=0.1914 max=0.2663 gg=0.3267 shape_dev=0.1874 xbar=0.3715 | T0 psi=(-0.071,+2.468,+1.304) ggm=0.000 circ=-0.0024 xUDD=(0.207,0.207,0.700)
t=   50.00 -4.91e-16 | 0.0017  0.67      1    0      0      0 | 1.3681  0.00 | 1.01e-04 4.58e-03 |   2.7917 1.0000  0.4268  0.8139 0.667  0.67 | edge_dev mean=0.1834 max=0.2627 gg=0.3322 shape_dev=0.1797 xbar=0.3705 | T0 psi=(-0.033,+0.187,-2.666) ggm=0.000 circ=-0.0024 xUDD=(0.206,0.206,0.700)
t=   60.00 -4.91e-16 | 0.0017  0.67      1    0      0      0 | 1.3724  0.00 | 1.32e-04 4.45e-03 |   2.7917 1.0000  0.4268  0.8154 0.667  0.67 | edge_dev mean=0.1855 max=0.2636 gg=0.3611 shape_dev=0.1817 xbar=0.3709 | T0 psi=(-0.043,-2.007,-0.480) ggm=0.000 circ=-0.0024 xUDD=(0.206,0.206,0.700)
t=   70.00 -3.27e-16 | 0.0017  0.67      1    0      0      0 | 1.3775  0.00 | 1.70e-04 4.29e-03 |   2.7917 1.0000  0.4268  0.8168 0.667  0.67 | edge_dev mean=0.1880 max=0.2647 gg=0.5834 shape_dev=0.1840 xbar=0.3712 | T0 psi=(-0.055,+2.089,+1.697) ggm=0.000 circ=-0.0024 xUDD=(0.207,0.207,0.700)
t=   80.00 -1.64e-16 | 0.0017  0.67      1    0      0      0 | 1.3841  0.00 | 2.23e-04 4.08e-03 |   2.7917 1.0000  0.4268  0.8183 0.667  0.67 | edge_dev mean=0.1912 max=0.2662 gg=0.5927 shape_dev=0.1871 xbar=0.3714 | T0 psi=(-0.070,-0.113,-2.397) ggm=0.000 circ=-0.0024 xUDD=(0.207,0.207,0.700)
t=   90.00 -1.64e-16 | 0.0017  0.67      1    0      0      0 | 1.3680  0.00 | 9.37e-05 4.60e-03 |   2.7917 1.0000  0.4268  0.8138 0.667  0.67 | edge_dev mean=0.1834 max=0.2627 gg=0.3787 shape_dev=0.1796 xbar=0.3705 | T0 psi=(-0.033,-2.380,-0.098) ggm=0.000 circ=-0.0024 xUDD=(0.206,0.206,0.700)
t=  100.00 -3.27e-16 | 0.0017  0.67      1    0      0      0 | 1.3717  0.00 | 1.36e-04 4.45e-03 |   2.7917 1.0000  0.4268  0.8151 0.667  0.67 | edge_dev mean=0.1852 max=0.2635 gg=0.3319 shape_dev=0.1814 xbar=0.3709 | T0 psi=(-0.041,+1.692,+2.106) ggm=0.000 circ=-0.0024 xUDD=(0.206,0.206,0.700)
#
# RESULT drift_rel -3.273e-16
# RESULT births 0 deaths 0 beta_returns 0 beta_energy 0.000000e+00
# RESULT conv rough=0.000000 cond=0.000000 evap=0.000000 backs=0.000000
# RESULT geometry phi_nom=0.0017 z_live=0.67 dbar=1.3717 sigma_d=0.0000
# RESULT truss edge_dev_mean=0.185198 edge_dev_max=0.263471 shape=(-0.0000,0.3137,0.4691) shape0=(0.0000,0.3007,0.3007)
# EDGE 0 0-1 d=1.37170 dev=+0.02840 gg=0.9933 gpl=0.9832
# EDGE 1 1-2 d=1.60670 dev=+0.26340 gg=0.0000 gpl=0.9585
# EDGE 2 2-0 d=1.60672 dev=+0.26341 gg=0.0025 gpl=0.9658
# RESULT tri0 psi=(-0.0411,+1.6918,+2.1060) ggm=0.0000 circ=-0.00235 Em=(0.3187,0.3187,1.7505)
