# freecell — v89 free-cell substance test (exp=ring)
# laws = laws_V2g VERBATIM (defaults): C=1 w1=1.65 w2=2.9 q_detune=1.2
# gamma_res=0.25 gamma_res_m=0.1 p_gate=8 lock_floor=0.005 k_dep=1.2 k_dep_m=2 cap=2.5
# e_s0=1 es_floor=0.05 e_cond=0 f_conv=0.25 f_evap=0.5 s_pull=0.15
# kappa_lock=1 kappa_align=0.5 s_k=0.06 s_disp=0.3 sigma_tumble=0.01
# comb_limit=6 rough_k=0.35 gamma_rough=0.5 mob_sym=1 mob_floor=0.004 field_J=1.8
# quant_A0=1.15 quant_mode=2 (A0eff=1.15)
# GEOMETRY (apparatus): cfac=1.15 k_rep=1 mob_geo=1 kappa_bond=1 freeze_geo=0
# bath=0 bath_frac=1 jam_sweeps=800 jam_k=0.1 L=16 dt=0.02 T=100 seed=20260802
# JAM skipped (no bath)
# SEED ring: n=5 x=0.3250 d*=1.505798 d_edge=1.505798 edges=5
# INIT NC=5 slots=5 live=5 phi_nom=0.0028 z_live=2.00 dbar=1.5058 sigma_d=0.00% E0=8.532608696
#
# t | drift_rel | phi_nom z_live NLa NLd births deaths | dbar sigma_d% | maxstep maxbond | Em_tag ret com_dev rms conn z_tag | pair: d delta gf gb | core/far
t=    0.00 +0.00e+00 | 0.0028  2.00      5    0      0      0 | 1.5058  0.00 | 0.00e+00 0.00e+00 |   4.0625 1.0000  0.0000  1.2809 1.000  2.00 | edge_dev mean=0.0000 max=0.0000 gg=0.2000 shape_dev=0.0000
t=    4.00 -2.08e-16 | 0.0028  2.00      5    0      0      0 | 1.5851  1.66 | 4.40e-05 2.64e-03 |   4.0625 1.0000  0.0047  1.3473 1.000  2.00 | edge_dev mean=0.0794 max=0.1317 gg=0.7391 shape_dev=0.1776
t=    8.00 -4.16e-16 | 0.0028  2.00      5    0      0      0 | 1.5902  1.54 | 9.64e-05 2.97e-03 |   4.0625 1.0000  0.0163  1.3514 1.000  2.00 | edge_dev mean=0.0843 max=0.1312 gg=0.7187 shape_dev=0.1889
t=   12.00 -2.08e-16 | 0.0028  2.00      5    0      0      0 | 1.5993  1.34 | 1.00e-04 2.36e-03 |   4.0625 1.0000  0.0303  1.3591 1.000  2.00 | edge_dev mean=0.0935 max=0.1308 gg=0.6564 shape_dev=0.2101
t=   16.00 +0.00e+00 | 0.0028  2.00      5    0      0      0 | 1.6146  1.38 | 9.88e-05 2.28e-03 |   4.0625 1.0000  0.0458  1.3718 1.000  2.00 | edge_dev mean=0.1088 max=0.1307 gg=0.5108 shape_dev=0.2456
t=   20.00 +2.08e-16 | 0.0028  1.60      4    0      0      0 | 1.6143  1.49 | 3.38e-05 2.20e-03 |   4.0625 1.0000  0.0479  1.3754 1.000  1.60 | edge_dev mean=0.1132 max=0.1318 gg=0.3942 shape_dev=0.2558
t=   24.00 +2.08e-16 | 0.0028  1.60      4    0      0      0 | 1.6159  1.37 | 4.34e-05 2.11e-03 |   4.0625 1.0000  0.0473  1.3766 1.000  1.60 | edge_dev mean=0.1145 max=0.1319 gg=0.3656 shape_dev=0.2589
t=   28.00 +0.00e+00 | 0.0028  1.60      4    0      0      0 | 1.6172  1.27 | 1.93e-05 1.81e-03 |   4.0625 1.0000  0.0461  1.3776 1.000  1.60 | edge_dev mean=0.1154 max=0.1319 gg=0.3562 shape_dev=0.2612
t=   32.00 +0.00e+00 | 0.0028  2.00      5    0      0      0 | 1.6242  0.99 | 3.72e-05 1.36e-03 |   4.0625 1.0000  0.0436  1.3805 1.000  2.00 | edge_dev mean=0.1185 max=0.1318 gg=0.3354 shape_dev=0.2683
t=   36.00 +2.08e-16 | 0.0028  2.00      5    0      0      0 | 1.6309  0.46 | 7.91e-05 5.69e-04 |   4.0625 1.0000  0.0395  1.3866 1.000  2.00 | edge_dev mean=0.1252 max=0.1317 gg=0.2678 shape_dev=0.2841
t=   40.00 +0.00e+00 | 0.0028  2.00      5    0      0      0 | 1.6371  0.02 | 1.87e-05 3.04e-05 |   4.0625 1.0000  0.0370  1.3921 1.000  2.00 | edge_dev mean=0.1313 max=0.1318 gg=0.1299 shape_dev=0.2985
t=   44.00 -2.08e-16 | 0.0028  2.00      5    0      0      0 | 1.6377  0.02 | 2.38e-07 6.33e-08 |   4.0625 1.0000  0.0367  1.3926 1.000  2.00 | edge_dev mean=0.1319 max=0.1323 gg=0.0302 shape_dev=0.3000
t=   48.00 +0.00e+00 | 0.0028  2.00      5    0      0      0 | 1.6377  0.02 | 8.25e-10 2.47e-11 |   4.0625 1.0000  0.0367  1.3926 1.000  2.00 | edge_dev mean=0.1319 max=0.1323 gg=0.0032 shape_dev=0.3000
t=   52.00 +0.00e+00 | 0.0028  2.00      5    0      0      0 | 1.6377  0.02 | 2.74e-12 4.56e-15 |   4.0625 1.0000  0.0367  1.3926 1.000  2.00 | edge_dev mean=0.1319 max=0.1323 gg=0.0001 shape_dev=0.3000
t=   56.00 +0.00e+00 | 0.0028  2.00      5    0      0      0 | 1.6377  0.02 | 9.81e-15 3.21e-19 |   4.0625 1.0000  0.0367  1.3926 1.000  2.00 | edge_dev mean=0.1319 max=0.1323 gg=0.0000 shape_dev=0.3000
t=   60.00 +2.08e-16 | 0.0028  2.00      5    0      0      0 | 1.6377  0.02 | 6.68e-16 1.24e-22 |   4.0625 1.0000  0.0367  1.3926 1.000  2.00 | edge_dev mean=0.1319 max=0.1323 gg=0.0000 shape_dev=0.3000
t=   64.00 +2.08e-16 | 0.0028  2.00      5    0      0      0 | 1.6377  0.02 | 6.68e-16 9.81e-20 |   4.0625 1.0000  0.0367  1.3926 1.000  2.00 | edge_dev mean=0.1319 max=0.1323 gg=0.0000 shape_dev=0.3000
t=   68.00 +1.04e-15 | 0.0028  2.00      5    0      0      0 | 1.6377  0.02 | 6.66e-16 8.38e-18 |   4.0625 1.0000  0.0367  1.3926 1.000  2.00 | edge_dev mean=0.1319 max=0.1323 gg=0.0010 shape_dev=0.3000
t=   72.00 +1.25e-15 | 0.0028  2.00      5    0      0      0 | 1.6377  0.02 | 6.45e-16 1.37e-16 |   4.0625 1.0000  0.0367  1.3926 1.000  2.00 | edge_dev mean=0.1319 max=0.1323 gg=0.0206 shape_dev=0.3000
t=   76.00 +1.87e-15 | 0.0028  2.00      5    0      0      0 | 1.6377  0.02 | 6.19e-16 6.15e-16 |   4.0625 1.0000  0.0367  1.3926 1.000  2.00 | edge_dev mean=0.1319 max=0.1323 gg=0.1194 shape_dev=0.3000
t=   80.00 +2.08e-15 | 0.0028  2.00      5    0      0      0 | 1.6377  0.02 | 6.47e-16 9.09e-16 |   4.0625 1.0000  0.0367  1.3926 1.000  2.00 | edge_dev mean=0.1319 max=0.1323 gg=0.2413 shape_dev=0.3000
t=   84.00 +1.67e-15 | 0.0028  2.00      5    0      0      0 | 1.6377  0.02 | 6.11e-16 6.88e-16 |   4.0625 1.0000  0.0367  1.3926 1.000  2.00 | edge_dev mean=0.1319 max=0.1323 gg=0.2154 shape_dev=0.3000
t=   88.00 +2.50e-15 | 0.0028  2.00      5    0      0      0 | 1.6377  0.02 | 6.11e-16 4.01e-16 |   4.0625 1.0000  0.0367  1.3926 1.000  2.00 | edge_dev mean=0.1319 max=0.1323 gg=0.0933 shape_dev=0.3000
t=   92.00 +3.54e-15 | 0.0028  2.00      5    0      0      0 | 1.6377  0.02 | 6.12e-16 8.74e-17 |   4.0625 1.0000  0.0367  1.3926 1.000  2.00 | edge_dev mean=0.1319 max=0.1323 gg=0.0168 shape_dev=0.3000
t=   96.00 +3.96e-15 | 0.0028  2.00      5    0      0      0 | 1.6377  0.02 | 6.13e-16 5.78e-18 |   4.0625 1.0000  0.0367  1.3926 1.000  2.00 | edge_dev mean=0.1319 max=0.1323 gg=0.0010 shape_dev=0.3000
t=  100.00 +4.58e-15 | 0.0028  2.00      5    0      0      0 | 1.6377  0.02 | 6.13e-16 1.97e-19 |   4.0625 1.0000  0.0367  1.3926 1.000  2.00 | edge_dev mean=0.1319 max=0.1323 gg=0.0000 shape_dev=0.3000
#
# RESULT drift_rel 4.580e-15
# RESULT births 0 deaths 0 beta_returns 0 beta_energy 0.000000e+00
# RESULT conv rough=0.000000 cond=0.000000 evap=0.000000 backs=0.000000
# RESULT geometry phi_nom=0.0028 z_live=2.00 dbar=1.6377 sigma_d=0.0002
# RESULT truss edge_dev_mean=0.131891 edge_dev_max=0.132325 shape=(0.0000,0.9702,0.9706) shape0=(0.0000,0.8204,0.8204)
