# freecell — v89 free-cell substance test (exp=blob)
# laws = laws_V2g VERBATIM (defaults): C=1 w1=1.65 w2=2.9 q_detune=1.2
# gamma_res=0.25 gamma_res_m=0.1 p_gate=8 lock_floor=0.005 k_dep=1.2 k_dep_m=2 cap=2.5
# e_s0=1 es_floor=0.05 e_cond=0 f_conv=0.25 f_evap=0.5 s_pull=0.15
# kappa_lock=1 kappa_align=0.5 s_k=0.06 s_disp=0.3 sigma_tumble=0.01
# comb_limit=6 rough_k=0.35 gamma_rough=0.5 mob_sym=1 mob_floor=0.004 field_J=1.8
# quant_A0=1.15 quant_mode=2 (A0eff=1.15)
# GEOMETRY (apparatus): cfac=1.15 k_rep=1 mob_geo=1 kappa_bond=1 freeze_geo=1
# bath=1 bath_frac=1 jam_sweeps=800 jam_k=0.1 L=24 dt=0.02 T=80 seed=20260802
# JAM sweeps=800 max_step=1.454e-04 (tol 1.0e-04, k_end=0.0010) — witness for the settle
# SEED blob: amp=1.6 sigma=2.2 tagged=428 (add>5% of amp)
# INIT NC=9013 slots=84963 live=68427 phi_nom=1.6748 z_live=15.18 dbar=1.4098 sigma_d=14.56% E0=9187.649075442
#
# t | drift_rel | phi_nom z_live NLa NLd births deaths | dbar sigma_d% | maxstep maxbond | Em_tag ret com_dev rms conn z_tag | pair: d delta gf gb | core/far
t=    0.00 +0.00e+00 | 1.6748 15.18  68427    0      0      0 | 1.4098 14.56 | 0.00e+00 0.00e+00 | 178.3262 1.0000  0.0108  3.3722 1.000 14.37 | es_core/far=0.7883
t=    8.00 +0.00e+00 | 1.6747 15.18  68420    0      0      0 | 1.4098 14.56 | 0.00e+00 2.02e-03 | 177.9011 0.9976  0.0120  3.3592 1.000 14.25 | es_core/far=0.7246
t=   16.00 +0.00e+00 | 1.6747 15.18  68397    0      0      0 | 1.4097 14.57 | 0.00e+00 2.87e-02 | 164.9951 0.9252  0.0499  3.2990 1.000 14.11 | es_core/far=0.6425
t=   24.00 +0.00e+00 | 1.6747 15.17  68376    0      0      0 | 1.4097 14.57 | 0.00e+00 2.26e-02 | 158.3028 0.8877  0.0559  3.2697 1.000 14.01 | es_core/far=0.5832
# QATOM t=26.66 dir=DF w=1.95551142 e=0.357913705714
t=   32.00 +0.00e+00 | 1.6747 15.17  68385    0      0      0 | 1.4097 14.57 | 0.00e+00 3.40e-02 | 155.7427 0.8734  0.0478  3.2595 1.000 14.00 | es_core/far=0.5932
t=   40.00 +0.00e+00 | 1.6747 15.17  68377    0      0      0 | 1.4097 14.57 | 0.00e+00 4.36e-02 | 154.9051 0.8687  0.0455  3.2431 1.000 13.95 | es_core/far=0.5878
t=   48.00 +0.00e+00 | 1.6747 15.17  68368    0      0      0 | 1.4097 14.57 | 0.00e+00 5.00e-02 | 153.3245 0.8598  0.0530  3.2858 1.000 13.89 | es_core/far=0.5773
t=   56.00 +0.00e+00 | 1.6748 15.17  68357    0      0      0 | 1.4097 14.57 | 0.00e+00 3.42e-02 | 150.7415 0.8453  0.0596  3.2857 1.000 13.82 | es_core/far=0.5793
t=   64.00 +0.00e+00 | 1.6748 15.17  68358    0      0      0 | 1.4097 14.57 | 0.00e+00 3.45e-02 | 150.4301 0.8436  0.0690  3.2874 1.000 13.79 | es_core/far=0.5763
t=   72.00 +0.00e+00 | 1.6748 15.17  68343    0      0      0 | 1.4097 14.57 | 0.00e+00 4.89e-02 | 149.5484 0.8386  0.0530  3.3101 1.000 13.75 | es_core/far=0.5675
t=   80.00 +0.00e+00 | 1.6748 15.16  68341    0      0      0 | 1.4097 14.57 | 0.00e+00 4.00e-02 | 148.5482 0.8330  0.0632  3.2792 1.000 13.72 | es_core/far=0.5538
#
# RESULT drift_rel 0.000e+00
# RESULT births 0 deaths 0 beta_returns 0 beta_energy 0.000000e+00
# RESULT conv rough=5.235838 cond=0.000000 evap=0.000000 backs=0.682935
# RESULT geometry phi_nom=1.6748 z_live=15.16 dbar=1.4097 sigma_d=0.1457
# RESULT es_shells 0.5548 0.7470 0.9286 0.9931 1.0009 1.0013 1.0022 1.0017
# RESULT blob Em_tag=148.54816 com=(12.000,12.038,12.051) rms=3.2792 conn=1.0000 z_tag=13.72
