# freecell — v89 free-cell substance test (exp=blob)
# laws = laws_V2g VERBATIM (defaults): C=1 w1=1.65 w2=2.9 q_detune=1.2
# gamma_res=0.25 gamma_res_m=0.1 p_gate=8 lock_floor=0.005 k_dep=1.2 k_dep_m=2 cap=2.5
# e_s0=1 es_floor=0.05 e_cond=0 f_conv=0.25 f_evap=0.5 s_pull=0.15
# kappa_lock=1 kappa_align=0.5 s_k=0.06 s_disp=0.3 sigma_tumble=0.01
# comb_limit=6 rough_k=0.35 gamma_rough=0.5 mob_sym=1 mob_floor=0.004 field_J=1.8
# quant_A0=1.15 quant_mode=2 (A0eff=1.15)
# GEOMETRY (apparatus): cfac=1.15 k_rep=1 mob_geo=1 kappa_bond=1 freeze_geo=0
# bath=1 bath_frac=1 jam_sweeps=800 jam_k=0.1 L=24 dt=0.02 T=80 seed=20260802
# JAM sweeps=800 max_step=1.454e-04 (tol 1.0e-04, k_end=0.0010) — witness for the settle
# SEED blob: amp=0.5 sigma=2.2 kx=1.6 tagged=428 (add>5% of amp)
# INIT NC=9013 slots=85063 live=68584 phi_nom=1.6781 z_live=15.22 dbar=1.4104 sigma_d=14.57% E0=9067.552889396
#
# t | drift_rel | phi_nom z_live NLa NLd births deaths | dbar sigma_d% | maxstep maxbond | Em_tag ret com_dev rms conn z_tag | pair: d delta gf gb | core/far
t=    0.00 +0.00e+00 | 1.6781 15.22  68584    0      0      0 | 1.4104 14.57 | 0.00e+00 0.00e+00 |  55.7269 1.0000  0.0108  3.3722 1.000 15.04 | es_core/far=0.9338
t=    4.00 +0.00e+00 | 1.6781 15.75  70990    6   4111   3509 | 1.4225 14.74 | 2.70e-03 1.03e-02 |  54.6229 0.9802  0.2458  3.3860 1.000 15.62 | es_core/far=0.9265
t=    8.00 +0.00e+00 | 1.6781 16.02  72179   43   6539   5547 | 1.4284 14.82 | 2.20e-03 6.77e-03 |  52.7969 0.9474  0.3501  3.3590 1.000 16.00 | es_core/far=0.9162
t=   12.00 +0.00e+00 | 1.6781 16.15  72792   61   8301   7094 | 1.4314 14.87 | 1.65e-03 5.90e-03 |  51.7538 0.9287  0.4328  3.3088 1.000 16.07 | es_core/far=0.9135
t=   16.00 +0.00e+00 | 1.6781 16.27  73332   93   9786   8384 | 1.4340 14.90 | 3.82e-03 8.87e-03 |  50.9179 0.9137  0.4326  3.3006 1.000 16.18 | es_core/far=0.9147
t=   20.00 +0.00e+00 | 1.6781 16.37  73750   82  11082   9556 | 1.4359 14.92 | 4.58e-03 1.10e-02 |  50.2744 0.9022  0.4211  3.3160 1.000 16.26 | es_core/far=0.9121
t=   24.00 +0.00e+00 | 1.6781 16.43  74027   95  12211  10596 | 1.4372 14.94 | 1.95e-03 7.45e-03 |  49.6674 0.8913  0.4093  3.3213 1.000 16.23 | es_core/far=0.9129
t=   28.00 +0.00e+00 | 1.6781 16.47  74244   75  13159  11531 | 1.4382 14.95 | 1.72e-03 8.49e-03 |  48.9657 0.8787  0.3878  3.2950 1.000 16.30 | es_core/far=0.9110
t=   32.00 +0.00e+00 | 1.6781 16.52  74428   66  14026  12299 | 1.4391 14.96 | 3.78e-03 1.21e-02 |  48.5041 0.8704  0.3771  3.2770 1.000 16.38 | es_core/far=0.9039
# QATOM t=34.98 dir=DF w=2.16682188 e=0.396589474687
t=   36.00 +0.00e+00 | 1.6782 16.55  74602   56  14835  12980 | 1.4399 14.97 | 2.82e-03 8.27e-03 |  47.2051 0.8471  0.3958  3.3089 1.000 16.43 | es_core/far=0.9169
t=   40.00 -2.01e-16 | 1.6782 16.58  74703   49  15525  13625 | 1.4405 14.98 | 2.77e-03 8.32e-03 |  46.7038 0.8381  0.4101  3.3145 1.000 16.38 | es_core/far=0.9173
t=   44.00 +0.00e+00 | 1.6782 16.60  74827   62  16202  14272 | 1.4411 14.99 | 5.11e-03 1.65e-02 |  46.2703 0.8303  0.4138  3.3081 1.000 16.38 | es_core/far=0.9004
t=   48.00 +0.00e+00 | 1.6782 16.62  74908   56  16855  14872 | 1.4415 14.99 | 2.36e-03 1.03e-02 |  45.8550 0.8229  0.4236  3.3161 1.000 16.36 | es_core/far=0.8982
t=   52.00 +0.00e+00 | 1.6782 16.64  74975   50  17441  15432 | 1.4418 15.00 | 1.97e-03 8.10e-03 |  45.4269 0.8152  0.4222  3.2928 1.000 16.35 | es_core/far=0.9021
t=   56.00 +0.00e+00 | 1.6782 16.66  75094   50  18078  15999 | 1.4423 15.00 | 6.75e-03 1.25e-02 |  45.1323 0.8099  0.4252  3.2939 1.000 16.36 | es_core/far=0.9053
t=   60.00 +0.00e+00 | 1.6782 16.68  75187   44  18660  16506 | 1.4427 15.00 | 3.37e-03 1.30e-02 |  44.7834 0.8036  0.4259  3.2883 1.000 16.41 | es_core/far=0.9058
t=   64.00 +0.00e+00 | 1.6782 16.70  75249   42  19160  17024 | 1.4429 15.00 | 2.99e-03 9.82e-03 |  44.4092 0.7969  0.4299  3.2739 1.000 16.38 | es_core/far=0.9058
t=   68.00 +0.00e+00 | 1.6782 16.72  75330   39  19619  17505 | 1.4433 15.01 | 1.22e-03 8.26e-03 |  44.0685 0.7908  0.4422  3.2702 1.000 16.41 | es_core/far=0.8969
t=   72.00 +0.00e+00 | 1.6782 16.74  75436   31  20082  17980 | 1.4437 15.01 | 4.22e-03 1.43e-02 |  43.5690 0.7818  0.4509  3.2905 1.000 16.43 | es_core/far=0.8941
t=   76.00 +0.00e+00 | 1.6782 16.75  75485   35  20493  18360 | 1.4438 15.01 | 1.67e-03 8.80e-03 |  43.2546 0.7762  0.4496  3.2718 1.000 16.41 | es_core/far=0.8953
t=   80.00 +0.00e+00 | 1.6782 16.76  75531   35  20935  18809 | 1.4440 15.01 | 5.31e-03 1.24e-02 |  42.9238 0.7703  0.4453  3.2777 1.000 16.48 | es_core/far=0.9010
#
# RESULT drift_rel 0.000e+00
# RESULT births 20935 deaths 18809 beta_returns 0 beta_energy 0.000000e+00
# RESULT conv rough=0.788467 cond=0.000000 evap=0.000000 backs=0.102844
# RESULT geometry phi_nom=1.6782 z_live=16.76 dbar=1.4440 sigma_d=0.1501
# RESULT es_shells 0.9012 0.9473 0.9807 0.9964 0.9996 1.0002 1.0002 1.0002
# RESULT blob Em_tag=42.92383 com=(11.568,12.092,11.941) rms=3.2777 conn=1.0000 z_tag=16.48
# RESULT blob_drift speed=0.001836 cos_to_kdir=-0.7472 v=(-1.37e-03,-3.22e-04,1.18e-03)
