# freecell — v89 free-cell substance test (exp=oct)
# laws = laws_V2g VERBATIM (defaults): C=1 w1=1.65 w2=2.9 q_detune=1.2
# gamma_res=0.25 gamma_res_m=0.1 p_gate=8 lock_floor=0.005 k_dep=1.2 k_dep_m=2 cap=2.5
# e_s0=1 es_floor=0.05 e_cond=0 f_conv=0.25 f_evap=0.5 s_pull=0.15
# kappa_lock=1 kappa_align=0.5 s_k=0.06 s_disp=0.3 sigma_tumble=0.01
# comb_limit=6 rough_k=0.35 gamma_rough=0.5 mob_sym=1 mob_floor=0.004 field_J=1.8
# quant_A0=1.15 quant_mode=2 (A0eff=1.15)
# GEOMETRY (apparatus): cfac=1.15 k_rep=1 mob_geo=1 kappa_bond=1 freeze_geo=0
# bath=0 bath_frac=1 jam_sweeps=800 jam_k=0.1 L=16 dt=0.02 T=140 seed=20260802
# JAM skipped (no bath)
# SEED oct: n=6 x=0.3250 d*=1.505798 d_edge=1.505798 edges=12
# INIT NC=6 slots=12 live=12 phi_nom=0.0034 z_live=4.00 dbar=1.5058 sigma_d=0.00% E0=10.239130435
#
# t | drift_rel | phi_nom z_live NLa NLd births deaths | dbar sigma_d% | maxstep maxbond | Em_tag ret com_dev rms conn z_tag | pair: d delta gf gb | core/far
t=    0.00 +0.00e+00 | 0.0034  4.00     12    0      0      0 | 1.5058  0.00 | 0.00e+00 0.00e+00 |   4.8750 1.0000  0.0000  1.0648 1.000  4.00 | edge_dev mean=0.0000 max=0.0000 gg=0.1667 shape_dev=0.0000
t=    4.00 -1.73e-16 | 0.0034  2.33      7    0      0      0 | 1.6281  0.40 | 1.97e-04 1.27e-03 |   4.8750 1.0000  0.0002  1.1550 1.000  2.33 | edge_dev mean=0.1277 max=0.1373 gg=0.3873 shape_dev=0.2005
t=    8.00 -1.73e-16 | 0.0034  1.67      5    0      0      0 | 1.5967  2.94 | 5.22e-04 5.00e-03 |   4.8750 1.0000  0.0010  1.1469 1.000  1.67 | edge_dev mean=0.1175 max=0.1456 gg=0.4017 shape_dev=0.1846
t=   12.00 -1.73e-16 | 0.0034  1.00      3    0      0      0 | 1.5694  3.07 | 6.23e-05 3.99e-03 |   4.8750 1.0000  0.0010  1.1473 0.500  1.00 | edge_dev mean=0.1182 max=0.1476 gg=0.3883 shape_dev=0.1858
t=   16.00 -1.73e-16 | 0.0034  2.33      7    0      0      0 | 1.6075  2.95 | 2.51e-05 4.26e-03 |   4.8750 1.0000  0.0009  1.1467 1.000  2.33 | edge_dev mean=0.1175 max=0.1478 gg=0.3668 shape_dev=0.1846
t=   20.00 -1.73e-16 | 0.0034  0.67      2    0      0      0 | 1.5373  0.03 | 6.76e-05 3.90e-03 |   4.8750 1.0000  0.0009  1.1480 0.333  0.67 | edge_dev mean=0.1191 max=0.1478 gg=0.3438 shape_dev=0.1872
t=   24.00 -1.73e-16 | 0.0034  0.67      2    0      0      0 | 1.5335  0.02 | 5.62e-05 4.08e-03 |   4.8750 1.0000  0.0009  1.1470 0.333  0.67 | edge_dev mean=0.1179 max=0.1479 gg=0.3212 shape_dev=0.1852
t=   28.00 -3.47e-16 | 0.0034  0.67      2    0      0      0 | 1.5393  0.02 | 6.58e-04 5.24e-03 |   4.8750 1.0000  0.0009  1.1483 0.333  0.67 | edge_dev mean=0.1195 max=0.1479 gg=0.3026 shape_dev=0.1879
t=   32.00 -3.47e-16 | 0.0034  0.67      2    0      0      0 | 1.5352  0.03 | 6.35e-05 3.99e-03 |   4.8750 1.0000  0.0009  1.1475 0.333  0.67 | edge_dev mean=0.1184 max=0.1479 gg=0.2934 shape_dev=0.1862
t=   36.00 -3.47e-16 | 0.0034  1.00      3    0      0      0 | 1.5677  3.16 | 4.22e-05 4.29e-03 |   4.8750 1.0000  0.0009  1.1467 0.500  1.00 | edge_dev mean=0.1175 max=0.1479 gg=0.2891 shape_dev=0.1847
t=   40.00 -3.47e-16 | 0.0034  0.67      2    0      0      0 | 1.5371  0.03 | 6.90e-05 3.91e-03 |   4.8750 1.0000  0.0009  1.1480 0.333  0.67 | edge_dev mean=0.1191 max=0.1479 gg=0.2893 shape_dev=0.1871
t=   44.00 -3.47e-16 | 0.0034  0.67      2    0      0      0 | 1.5334  0.03 | 5.24e-05 4.09e-03 |   4.8750 1.0000  0.0009  1.1470 0.333  0.67 | edge_dev mean=0.1178 max=0.1479 gg=0.2968 shape_dev=0.1852
t=   48.00 -3.47e-16 | 0.0034  0.67      2    0      0      0 | 1.5392  0.03 | 7.31e-05 3.82e-03 |   4.8750 1.0000  0.0009  1.1988 0.333  0.67 | edge_dev mean=0.1197 max=0.1479 gg=0.3067 shape_dev=0.1882
# SHEAR applied: eps=0.25 at t=50.00 (volume-preserving deviatoric)
t=   52.00 -1.73e-16 | 0.0034  1.33      4    0      0      0 | 1.5851  3.15 | 8.35e-05 4.00e-03 |   4.8750 1.0000  0.0011  1.2538 0.667  1.33 | edge_dev mean=0.2644 max=0.3627 gg=0.2941 shape_dev=0.4421
t=   56.00 -3.47e-16 | 0.0034  1.33      4    0      0      0 | 1.5852  3.31 | 5.82e-05 4.33e-03 |   4.8750 1.0000  0.0011  1.2537 0.667  1.33 | edge_dev mean=0.2645 max=0.3626 gg=0.2961 shape_dev=0.4422
t=   60.00 -3.47e-16 | 0.0034  1.00      3    0      0      0 | 1.5706  3.02 | 6.96e-05 3.91e-03 |   4.8750 1.0000  0.0011  1.2549 0.667  1.00 | edge_dev mean=0.2658 max=0.3636 gg=0.2982 shape_dev=0.4446
t=   64.00 -5.20e-16 | 0.0034  1.00      3    0      0      0 | 1.5681  3.14 | 5.29e-05 4.10e-03 |   4.8750 1.0000  0.0011  1.2540 0.667  1.00 | edge_dev mean=0.2647 max=0.3628 gg=0.3021 shape_dev=0.4426
t=   68.00 -3.47e-16 | 0.0034  1.00      3    0      0      0 | 1.5719  2.96 | 7.15e-05 3.82e-03 |   4.8750 1.0000  0.0011  1.2554 0.667  1.00 | edge_dev mean=0.2665 max=0.3641 gg=0.3026 shape_dev=0.4456
t=   72.00 -5.20e-16 | 0.0034  1.00      3    0      0      0 | 1.5692  3.08 | 5.96e-05 4.01e-03 |   4.8750 1.0000  0.0011  1.2544 0.667  1.00 | edge_dev mean=0.2652 max=0.3632 gg=0.3041 shape_dev=0.4435
t=   76.00 -5.20e-16 | 0.0034  0.67      2    0      0      0 | 1.5328  0.01 | 8.11e-05 4.37e-03 |   4.8750 1.0000  0.0011  1.2538 0.333  0.67 | edge_dev mean=0.2645 max=0.3627 gg=0.3033 shape_dev=0.4423
t=   80.00 -5.20e-16 | 0.0034  1.00      3    0      0      0 | 1.5705  3.03 | 6.66e-05 3.92e-03 |   4.8750 1.0000  0.0011  1.2548 0.667  1.00 | edge_dev mean=0.2658 max=0.3636 gg=0.3003 shape_dev=0.4445
t=   84.00 -6.94e-16 | 0.0034  1.00      3    0      0      0 | 1.5680  3.14 | 4.92e-05 4.11e-03 |   4.8750 1.0000  0.0011  1.2539 0.667  1.00 | edge_dev mean=0.2647 max=0.3628 gg=0.2977 shape_dev=0.4426
t=   88.00 -8.67e-16 | 0.0034  1.00      3    0      0      0 | 1.5719  2.96 | 7.04e-05 3.83e-03 |   4.8750 1.0000  0.0011  1.2553 0.667  1.00 | edge_dev mean=0.2664 max=0.3640 gg=0.2940 shape_dev=0.4455
t=   92.00 -6.94e-16 | 0.0034  1.00      3    0      0      0 | 1.5692  3.09 | 6.08e-05 4.01e-03 |   4.8750 1.0000  0.0011  1.2544 0.667  1.00 | edge_dev mean=0.2652 max=0.3632 gg=0.2927 shape_dev=0.4435
t=   96.00 -6.94e-16 | 0.0034  0.67      2    0      0      0 | 1.5330  0.01 | 1.08e-04 4.41e-03 |   4.8750 1.0000  0.0011  1.2538 0.333  0.67 | edge_dev mean=0.2645 max=0.3627 gg=0.2924 shape_dev=0.4424
t=  100.00 -5.20e-16 | 0.0034  1.00      3    0      0      0 | 1.5705  3.03 | 6.56e-05 3.93e-03 |   4.8750 1.0000  0.0011  1.2548 0.667  1.00 | edge_dev mean=0.2658 max=0.3636 gg=0.2926 shape_dev=0.4445
t=  104.00 -5.20e-16 | 0.0034  1.00      3    0      0      0 | 1.5681  3.14 | 5.34e-05 4.11e-03 |   4.8750 1.0000  0.0011  1.2540 0.667  1.00 | edge_dev mean=0.2647 max=0.3628 gg=0.2957 shape_dev=0.4426
t=  108.00 -5.20e-16 | 0.0034  1.00      3    0      0      0 | 1.5719  2.96 | 7.35e-05 3.83e-03 |   4.8750 1.0000  0.0011  1.2554 0.667  1.00 | edge_dev mean=0.2665 max=0.3641 gg=0.2972 shape_dev=0.4456
t=  112.00 -1.73e-16 | 0.0034  1.00      3    0      0      0 | 1.5692  3.09 | 6.25e-05 4.02e-03 |   4.8750 1.0000  0.0011  1.2544 0.667  1.00 | edge_dev mean=0.2652 max=0.3632 gg=0.3009 shape_dev=0.4435
t=  116.00 -1.73e-16 | 0.0034  0.67      2    0      0      0 | 1.5335  0.02 | 1.36e-04 4.46e-03 |   4.8750 1.0000  0.0011  1.2539 0.333  0.67 | edge_dev mean=0.2647 max=0.3628 gg=0.3028 shape_dev=0.4426
t=  120.00 -1.73e-16 | 0.0034  1.00      3    0      0      0 | 1.5705  3.03 | 6.49e-05 3.93e-03 |   4.8750 1.0000  0.0011  1.2548 0.667  1.00 | edge_dev mean=0.2658 max=0.3636 gg=0.3019 shape_dev=0.4445
t=  124.00 -1.73e-16 | 0.0034  1.00      3    0      0      0 | 1.5680  3.14 | 4.30e-05 4.12e-03 |   4.8750 1.0000  0.0011  1.2539 0.667  1.00 | edge_dev mean=0.2647 max=0.3628 gg=0.3007 shape_dev=0.4426
t=  128.00 -1.73e-16 | 0.0034  1.00      3    0      0      0 | 1.5718  2.97 | 7.01e-05 3.84e-03 |   4.8750 1.0000  0.0011  1.2553 0.667  1.00 | edge_dev mean=0.2664 max=0.3640 gg=0.2969 shape_dev=0.4455
t=  132.00 -1.73e-16 | 0.0034  1.00      3    0      0      0 | 1.5691  3.09 | 5.91e-05 4.02e-03 |   4.8750 1.0000  0.0011  1.2543 0.667  1.00 | edge_dev mean=0.2652 max=0.3632 gg=0.2942 shape_dev=0.4434
t=  136.00 -3.47e-16 | 0.0034  0.67      2    0      0      0 | 1.5338  0.01 | 1.74e-04 4.51e-03 |   4.8750 1.0000  0.0011  1.2539 0.333  0.67 | edge_dev mean=0.2647 max=0.3628 gg=0.2913 shape_dev=0.4427
t=  140.00 -1.73e-16 | 0.0034  1.00      3    0      0      0 | 1.5705  3.03 | 6.74e-05 3.93e-03 |   4.8750 1.0000  0.0011  1.2548 0.667  1.00 | edge_dev mean=0.2658 max=0.3636 gg=0.2889 shape_dev=0.4445
#
# RESULT drift_rel -1.735e-16
# RESULT births 0 deaths 0 beta_returns 0 beta_energy 0.000000e+00
# RESULT conv rough=0.000000 cond=0.000000 evap=0.000000 backs=0.000000
# RESULT geometry phi_nom=0.0034 z_live=1.00 dbar=1.5705 sigma_d=0.0303
# RESULT truss edge_dev_mean=0.265797 edge_dev_max=0.363627 shape=(0.3937,0.4471,0.7374) shape0=(0.3779,0.3779,0.3779)
