# cellfab — v89 cell-fabric kernel (no lattice, no prior code)
# cfg seed=20260727 mode=field init=net
# cfg L=24 dmin=1 r0=0.85 rjit=0.06
# cfg C=1 w1=1.65 w2=2.9 q_detune=1.2 gamma_res=0.25 gamma_res_m=0.1 p_gate=8
# cfg lock_floor=0.005
# cfg k_dep=1.2 k_dep_m=2 cap=2.5 e_s0=1 es_floor=0.05
# cfg e_cond=0 f_conv=0.25 f_evap=0.5 s_pull=0.15
# cfg kappa_lock=1 kappa_align=0.5 kappa_freq=0 kappa_reac=0 sigma_tumble=0.01
# cfg space: s_k=0.06 s_disp=0.3 es_gx=0
# cfg dt=0.02 T=600 diag_every=250 snap_every=0
# cfg center=(-1,-1,-1) amp=1 sigma=2.5 k=(0,0,0) prealign=0 noise_amp=0
# cfg music: comb_limit=6 rough_k=0.35 gamma_rough=0.5 mob_sym=1 mob_floor=0.004
# cfg field sector: two-component signed amplitude, unitary hops, field_J=1.8
# cfg ledger: mode=3 u=1.000e-12 (cellfabi INT_LEDGER)
# action atom: A0=1.1500 (dbar=1.5053) mode=2 — eps(w)=A0*w/2pi; atoms at mode boundaries, transport continuous
# edge coloring: 29 colors for 85886 links
# NETGATE 0 1 pq=3:2 d=1.3530 psi_f=-0.0001 psi_b=-0.1516 gf=1.0000 gb=0.9550
# NETGATE 1 2 pq=2:3 d=1.3265 psi_f=-0.0000 psi_b=+0.0975 gf=1.0000 gb=0.9812
# NETGATE 2 0 pq=1:1 d=1.3778 psi_f=-0.1098 psi_b=-0.0829 gf=0.9761 gb=0.9864
# net: seeded nv=3 ne=3 worst_pick=0.000 gates min=0.9761 mean=0.9920 parasites=0 gpar_max=0.0000 file=/home/d/code/scp/v89/charge/nets/q11_fifth_tri.net
# NETPQ e=0 (0-1) pq=3:2 link=56945
# NETPQ e=1 (1-2) pq=2:3 link=61718
# fabric: cells=9741 channels=85886 mean_degree=17.63 box=24 dmin=1
# LEDGER seed mode=3 u=1.000e-12 E0_int=9743389760869566 NC=9741 NL=85886
# LEDGER seed mode=3 u=1.000e-12 E0_int=9743389760869566 NC=9741 NL=85886
# t	E_space	E_dense	E_field	E_transfer	E_total	rel_drift	live_ch	cm_x	cm_y	cm_z	contain	front_r	r_core	defA	r_far	r_ratio	w_core	w_far
0.000	9740.64154	2.748225	0	0	9743.38976087	0.000e+00	57685	11.087	10.472	12.423	1.000	0.0000	0.8423	0	0.8499	0.9911	1.62508	1.65000	0.0000	0.0000	0.0000	0	0	0	0	0	0
# CONV t=0.00 cond=0 evap=0 rough=0 back_s=0
# LEDGER t=0.000 mode=3 sum_err=0 max|E-iEu|=3.478e-13 run_max_diff=0.000e+00 run_max_sum_err=0 steps=0 E0_int=9743389760869566 sum=9743389760869566
# NETG t=0.00 gates min=0.9864 mean=0.9831 edges=3
# PIN t=0.00 R=0 nv=3
5.000	9740.64154	2.7507804	0	0.164529453	9743.38976087	1.867e-16	57687	11.088	10.473	12.422	1.000	0.0000	0.8414	0.14803	0.8499	0.9900	1.62407	1.65000	0.0000	0.0000	0.0000	-0.00085032	-0.0034534	0.0043123	0	0	0
# CONV t=5.00 cond=0 evap=0 rough=0 back_s=0
# LEDGER t=5.000 mode=3 sum_err=0 max|E-iEu|=1.110e-16 run_max_diff=0.000e+00 run_max_sum_err=0 steps=250 E0_int=9743389760869566 sum=9743389760869566
# NETG t=5.00 gates min=0.0012 mean=0.4835 edges=3
# PIN t=5.00 R=-0.167084857 nv=3
# SLIP t=5.00 e=0 psi=+2.7885 unw=+2.789 nu_win=+0.089135 dwb_win=+0.120404
# SLIP t=5.00 e=1 psi=+1.3955 unw=+1.396 nu_win=+0.044600 dwb_win=-0.105814
# SLIP t=5.00 e=2 psi=-0.0817 unw=+0.001 nu_win=+0.000043 dwb_win=-0.009146
10.000	9740.64154	2.75362539	0	0.143669065	9743.38976087	0.000e+00	57687	11.089	10.471	12.423	1.000	0.0000	0.8408	0.19236	0.8499	0.9893	1.62423	1.65000	0.0000	0.0000	0.0000	-6.2642e-05	-0.00041645	-4.7441e-05	0	0	0
# CONV t=10.00 cond=0 evap=0 rough=0 back_s=0
# LEDGER t=10.000 mode=3 sum_err=0 max|E-iEu|=1.110e-16 run_max_diff=0.000e+00 run_max_sum_err=0 steps=500 E0_int=9743389760869566 sum=9743389760869566
# NETG t=10.00 gates min=0.0000 mean=0.5235 edges=3
# PIN t=10.00 R=-0.149069463 nv=3
# SLIP t=10.00 e=0 psi=+0.2044 unw=+6.488 nu_win=+0.117744 dwb_win=+0.576523
# SLIP t=10.00 e=1 psi=-2.2462 unw=-2.246 nu_win=-0.115921 dwb_win=-0.576939
# SLIP t=10.00 e=2 psi=-0.0215 unw=+0.062 nu_win=+0.001916 dwb_win=-0.000383
15.000	9740.64154	2.75330944	0	0.466578807	9743.38976087	1.867e-16	57688	11.091	10.472	12.422	1.000	0.0000	0.8404	0.21141	0.8499	0.9888	1.62251	1.65000	0.0000	0.0000	0.0000	-0.00036355	0.0010538	-0.0018402	0	0	0
# CONV t=15.00 cond=0 evap=0 rough=0 back_s=0
# LEDGER t=15.000 mode=3 sum_err=0 max|E-iEu|=1.110e-16 run_max_diff=0.000e+00 run_max_sum_err=0 steps=750 E0_int=9743389760869566 sum=9743389760869566
# NETG t=15.00 gates min=0.0000 mean=0.4673 edges=3
# PIN t=15.00 R=-0.471663268 nv=3
# SLIP t=15.00 e=0 psi=-2.2500 unw=+10.317 nu_win=+0.121875 dwb_win=+0.597425
# SLIP t=15.00 e=1 psi=+0.3811 unw=-5.902 nu_win=-0.116371 dwb_win=-0.597581
# SLIP t=15.00 e=2 psi=+0.1546 unw=+0.238 nu_win=+0.005607 dwb_win=-0.000158
20.000	9740.64154	2.75422349	0	0.274768953	9743.38976087	3.734e-16	57688	11.089	10.471	12.423	1.000	0.0000	0.8401	0.21468	0.8499	0.9885	1.62360	1.65000	0.0000	0.0000	0.0000	0.0002426	-0.00049598	0.001247	0	0	0
# CONV t=20.00 cond=0 evap=0 rough=0 back_s=0
# LEDGER t=20.000 mode=3 sum_err=0 max|E-iEu|=1.110e-16 run_max_diff=0.000e+00 run_max_sum_err=0 steps=1000 E0_int=9743389760869566 sum=9743389760869566
# NETG t=20.00 gates min=0.0012 mean=0.4822 edges=3
# PIN t=20.00 R=-0.280767469 nv=3
# SLIP t=20.00 e=0 psi=+1.3732 unw=+13.940 nu_win=+0.115330 dwb_win=+0.579621
# SLIP t=20.00 e=1 psi=+2.9356 unw=-9.631 nu_win=-0.118685 dwb_win=-0.579675
# SLIP t=20.00 e=2 psi=+0.0476 unw=+0.131 nu_win=-0.003407 dwb_win=-0.000044
25.000	9740.64154	2.75308726	0	0.0907098939	9743.38976087	1.867e-16	57687	11.090	10.471	12.423	1.000	0.0000	0.8399	0.2113	0.8499	0.9883	1.62469	1.65000	0.0000	0.0000	0.0000	-7.5157e-06	0.00026725	-0.00010208	0	0	0
# CONV t=25.00 cond=0 evap=0 rough=0 back_s=0
# LEDGER t=25.000 mode=3 sum_err=0 max|E-iEu|=1.110e-16 run_max_diff=0.000e+00 run_max_sum_err=0 steps=1250 E0_int=9743389760869566 sum=9743389760869566
# NETG t=25.00 gates min=0.0003 mean=0.3307 edges=3
# PIN t=25.00 R=-0.0955721847 nv=3
# SLIP t=25.00 e=0 psi=-1.9449 unw=+16.905 nu_win=+0.094381 dwb_win=+0.572095
# SLIP t=25.00 e=1 psi=+1.9836 unw=-10.583 nu_win=-0.030304 dwb_win=-0.571831
# SLIP t=25.00 e=2 psi=-0.0631 unw=+0.020 nu_win=-0.003522 dwb_win=+0.000243
30.000	9740.64154	2.75470886	0	0.415867083	9743.38976087	0.000e+00	57687	11.088	10.471	12.424	1.000	0.0000	0.8398	0.20713	0.8499	0.9881	1.62289	1.65000	0.0000	0.0000	0.0000	0.00023578	-0.00017911	5.4652e-06	0	0	0
# CONV t=30.00 cond=0 evap=0 rough=0 back_s=0
# LEDGER t=30.000 mode=3 sum_err=0 max|E-iEu|=1.110e-16 run_max_diff=0.000e+00 run_max_sum_err=0 steps=1500 E0_int=9743389760869566 sum=9743389760869566
# NETG t=30.00 gates min=0.0210 mean=0.4175 edges=3
# PIN t=30.00 R=-0.422350988 nv=3
# SLIP t=30.00 e=0 psi=+2.5326 unw=+21.383 nu_win=+0.142523 dwb_win=+0.602155
# SLIP t=30.00 e=1 psi=+1.8478 unw=-17.002 nu_win=-0.204323 dwb_win=-0.602561
# SLIP t=30.00 e=2 psi=+0.1204 unw=+0.204 nu_win=+0.005841 dwb_win=-0.000362
35.000	9740.64154	2.75379904	0	0.232716209	9743.38976087	1.867e-16	57688	11.088	10.471	12.424	1.000	0.0000	0.8397	0.2029	0.8499	0.9880	1.62390	1.65000	0.0000	0.0000	0.0000	0.00059246	-0.00044073	0.00043805	0	0	0
# CONV t=35.00 cond=0 evap=0 rough=0 back_s=0
# LEDGER t=35.000 mode=3 sum_err=0 max|E-iEu|=1.110e-16 run_max_diff=0.000e+00 run_max_sum_err=0 steps=1750 E0_int=9743389760869566 sum=9743389760869566
# NETG t=35.00 gates min=0.0002 mean=0.5014 edges=3
# PIN t=35.00 R=-0.238290291 nv=3
# SLIP t=35.00 e=0 psi=-0.1288 unw=+25.005 nu_win=+0.115288 dwb_win=+0.575281
# SLIP t=35.00 e=1 psi=-1.8790 unw=-20.729 nu_win=-0.118627 dwb_win=-0.574958
# SLIP t=35.00 e=2 psi=+0.0138 unw=+0.097 nu_win=-0.003393 dwb_win=+0.000298
40.000	9740.64154	2.76003222	0	0.570488394	9743.38976087	1.867e-16	57688	11.089	10.470	12.424	0.999	0.0000	0.8396	0.19981	0.8499	0.9879	1.62210	1.65000	0.0000	0.0000	0.0000	0.00062955	0.00055655	-0.00083537	0	0	0
# CONV t=40.00 cond=0 evap=0 rough=0 back_s=0
# LEDGER t=40.000 mode=3 sum_err=0 max|E-iEu|=1.110e-16 run_max_diff=0.000e+00 run_max_sum_err=0 steps=2000 E0_int=9743389760869566 sum=9743389760869566
# NETG t=40.00 gates min=0.0000 mean=0.4372 edges=3
# PIN t=40.00 R=-0.582295655 nv=3
# SLIP t=40.00 e=0 psi=-2.5764 unw=+28.840 nu_win=+0.122090 dwb_win=+0.589932
# SLIP t=40.00 e=1 psi=+0.7487 unw=-24.384 nu_win=-0.116357 dwb_win=-0.590432
# SLIP t=40.00 e=2 psi=+0.1971 unw=+0.280 nu_win=+0.005832 dwb_win=-0.000432
45.000	9740.64154	2.75781999	0	0.381364141	9743.38976087	3.734e-16	57687	11.087	10.471	12.424	1.000	0.0000	0.8395	0.1976	0.8499	0.9878	1.62316	1.65000	0.0000	0.0000	0.0000	-0.0017933	0.00027719	0.00072224	0	0	0
# CONV t=45.00 cond=0 evap=0 rough=0 back_s=0
# LEDGER t=45.000 mode=3 sum_err=0 max|E-iEu|=1.110e-16 run_max_diff=0.000e+00 run_max_sum_err=0 steps=2250 E0_int=9743389760869566 sum=9743389760869566
# NETG t=45.00 gates min=0.0000 mean=0.5064 edges=3
# PIN t=45.00 R=-0.390959179 nv=3
# SLIP t=45.00 e=0 psi=+1.0708 unw=+32.487 nu_win=+0.116092 dwb_win=+0.576390
# SLIP t=45.00 e=1 psi=-3.0019 unw=-28.135 nu_win=-0.119387 dwb_win=-0.576146
# SLIP t=45.00 e=2 psi=+0.0917 unw=+0.175 nu_win=-0.003355 dwb_win=+0.000200
50.000	9740.64154	2.76115589	0	0.18527002	9743.38976087	1.867e-16	57687	11.088	10.470	12.427	0.999	0.0000	0.8395	0.19608	0.8499	0.9877	1.62426	1.65000	0.0000	0.0000	0.0000	-0.0032731	0.0022708	0.001516	0	0	0
# CONV t=50.00 cond=0 evap=0 rough=0 back_s=0
# LEDGER t=50.000 mode=3 sum_err=0 max|E-iEu|=1.110e-16 run_max_diff=0.000e+00 run_max_sum_err=0 steps=2500 E0_int=9743389760869566 sum=9743389760869566
# NETG t=50.00 gates min=0.0032 mean=0.4450 edges=3
# PIN t=50.00 R=-0.198200959 nv=3
# SLIP t=50.00 e=0 psi=-1.5968 unw=+36.103 nu_win=+0.115087 dwb_win=+0.569297
# SLIP t=50.00 e=1 psi=-0.4484 unw=-25.581 nu_win=+0.081283 dwb_win=-0.569378
# SLIP t=50.00 e=2 psi=-0.0252 unw=+0.058 nu_win=-0.003719 dwb_win=-0.000102
55.000	9740.64154	2.75998642	0	0.520828295	9743.38976087	3.734e-16	57689	11.089	10.469	12.426	0.999	0.0000	0.8394	0.19591	0.8499	0.9877	1.62243	1.65000	0.0000	0.0000	0.0000	-0.00046461	-0.0003884	-0.0004997	0	0	0
# CONV t=55.00 cond=0 evap=0 rough=0 back_s=0
# LEDGER t=55.000 mode=3 sum_err=0 max|E-iEu|=1.110e-16 run_max_diff=0.000e+00 run_max_sum_err=0 steps=2750 E0_int=9743389760869566 sum=9743389760869566
# NETG t=55.00 gates min=0.1186 mean=0.3758 edges=3
# PIN t=55.00 R=-0.532589761 nv=3
# SLIP t=55.00 e=0 psi=+2.2472 unw=+39.947 nu_win=+0.122359 dwb_win=+0.593820
# SLIP t=55.00 e=1 psi=+2.1712 unw=-29.245 nu_win=-0.116618 dwb_win=-0.594036
# SLIP t=55.00 e=2 psi=+0.1593 unw=+0.242 nu_win=+0.005871 dwb_win=-0.000200
60.000	9740.64154	2.76150547	0	0.340902283	9743.38976087	1.867e-16	57689	11.087	10.470	12.426	0.999	0.0000	0.8394	0.19574	0.8499	0.9876	1.62335	1.65000	0.0000	0.0000	0.0000	0.00061011	-0.00078043	0.00092968	0	0	0
# CONV t=60.00 cond=0 evap=0 rough=0 back_s=0
# LEDGER t=60.000 mode=3 sum_err=0 max|E-iEu|=1.110e-16 run_max_diff=0.000e+00 run_max_sum_err=0 steps=3000 E0_int=9743389760869566 sum=9743389760869566
# NETG t=60.00 gates min=0.0038 mean=0.4562 edges=3
# PIN t=60.00 R=-0.354182797 nv=3
# SLIP t=60.00 e=0 psi=-0.3857 unw=+43.597 nu_win=+0.116194 dwb_win=+0.576061
# SLIP t=60.00 e=1 psi=-1.5751 unw=-32.991 nu_win=-0.119246 dwb_win=-0.579017
# SLIP t=60.00 e=2 psi=+0.0617 unw=+0.145 nu_win=-0.003107 dwb_win=+0.000232
65.000	9740.64154	2.76425495	0	0.137790201	9743.38976087	3.734e-16	57689	11.087	10.469	12.428	0.999	0.0000	0.8394	0.19712	0.8499	0.9876	1.62454	1.65000	0.0000	0.0000	0.0000	0.00064444	-0.00081014	0.00082491	0	0	0
# CONV t=65.00 cond=0 evap=0 rough=0 back_s=0
# LEDGER t=65.000 mode=3 sum_err=0 max|E-iEu|=1.110e-16 run_max_diff=0.000e+00 run_max_sum_err=0 steps=3250 E0_int=9743389760869566 sum=9743389760869566
# NETG t=65.00 gates min=0.1115 mean=0.3924 edges=3
# PIN t=65.00 R=-0.153820198 nv=3
# SLIP t=65.00 e=0 psi=+1.0235 unw=+45.006 nu_win=+0.044855 dwb_win=+0.571687
# SLIP t=65.00 e=1 psi=-0.9927 unw=-32.409 nu_win=+0.018538 dwb_win=-0.568923
# SLIP t=65.00 e=2 psi=-0.0672 unw=+0.016 nu_win=-0.004102 dwb_win=-0.000421
70.000	9740.64154	2.76492998	0	0.493986474	9743.38976087	1.867e-16	57689	11.086	10.471	12.425	0.999	0.0000	0.8393	0.19916	0.8499	0.9876	1.62264	1.65000	0.0000	0.0000	0.0000	0.00055818	-0.00014423	0.00026092	0	0	0
# CONV t=70.00 cond=0 evap=0 rough=0 back_s=0
# LEDGER t=70.000 mode=3 sum_err=0 max|E-iEu|=1.110e-16 run_max_diff=0.000e+00 run_max_sum_err=0 steps=3500 E0_int=9743389760869566 sum=9743389760869566
# NETG t=70.00 gates min=0.0000 mean=0.4856 edges=3
# PIN t=70.00 R=-0.510691504 nv=3
# SLIP t=70.00 e=0 psi=+0.8268 unw=+51.093 nu_win=+0.193739 dwb_win=+0.598289
# SLIP t=70.00 e=1 psi=-2.7101 unw=-34.126 nu_win=-0.054669 dwb_win=-0.604313
# SLIP t=70.00 e=2 psi=+0.1403 unw=+0.223 nu_win=+0.006605 dwb_win=+0.000376
75.000	9740.64154	2.7651404	0	0.291037544	9743.38976087	1.867e-16	57689	11.083	10.470	12.427	0.999	0.0000	0.8393	0.20216	0.8499	0.9876	1.62379	1.65000	0.0000	0.0000	0.0000	-0.003737	9.2768e-05	0.001389	0	0	0
# CONV t=75.00 cond=0 evap=0 rough=0 back_s=0
# LEDGER t=75.000 mode=3 sum_err=0 max|E-iEu|=1.110e-16 run_max_diff=0.000e+00 run_max_sum_err=0 steps=3750 E0_int=9743389760869566 sum=9743389760869566
# NETG t=75.00 gates min=0.0004 mean=0.4916 edges=3
# PIN t=75.00 R=-0.307952992 nv=3
# SLIP t=75.00 e=0 psi=-1.8218 unw=+54.727 nu_win=+0.115694 dwb_win=+0.573335
# SLIP t=75.00 e=1 psi=-0.1838 unw=-37.883 nu_win=-0.119586 dwb_win=-0.576709
# SLIP t=75.00 e=2 psi=+0.0144 unw=+0.098 nu_win=-0.004006 dwb_win=-0.000147
80.000	9740.64154	2.76332275	0	0.625555103	9743.38976087	1.867e-16	57689	11.085	10.467	12.428	0.999	0.0000	0.8393	0.2053	0.8499	0.9875	1.62206	1.65000	0.0000	0.0000	0.0000	-0.001751	0.0013233	-0.00035676	0	0	0
# CONV t=80.00 cond=0 evap=0 rough=0 back_s=0
# LEDGER t=80.000 mode=3 sum_err=0 max|E-iEu|=1.110e-16 run_max_diff=0.000e+00 run_max_sum_err=0 steps=4000 E0_int=9743389760869566 sum=9743389760869566
# NETG t=80.00 gates min=0.0914 mean=0.3782 edges=3
# PIN t=80.00 R=-0.640652903 nv=3
# SLIP t=80.00 e=0 psi=+2.0095 unw=+58.559 nu_win=+0.121952 dwb_win=+0.587637
# SLIP t=80.00 e=1 psi=+2.4391 unw=-41.543 nu_win=-0.116508 dwb_win=-0.590445
# SLIP t=80.00 e=2 psi=+0.1903 unw=+0.273 nu_win=+0.005599 dwb_win=+0.000363
85.000	9740.64154	2.76156585	0	0.4357185	9743.38976087	1.867e-16	57689	11.086	10.470	12.427	0.998	0.0000	0.8393	0.20875	0.8499	0.9875	1.62307	1.65000	0.0000	0.0000	0.0000	-0.00087904	-0.0012516	3.4052e-05	0	0	0
# CONV t=85.00 cond=0 evap=0 rough=0 back_s=0
# LEDGER t=85.000 mode=3 sum_err=0 max|E-iEu|=1.110e-16 run_max_diff=0.000e+00 run_max_sum_err=0 steps=4250 E0_int=9743389760869566 sum=9743389760869566
# NETG t=85.00 gates min=0.0227 mean=0.4106 edges=3
# PIN t=85.00 R=-0.449059403 nv=3
# SLIP t=85.00 e=0 psi=-0.6075 unw=+62.225 nu_win=+0.116699 dwb_win=+0.582924
# SLIP t=85.00 e=1 psi=-1.3224 unw=-45.305 nu_win=-0.119735 dwb_win=-0.582658
# SLIP t=85.00 e=2 psi=+0.0919 unw=+0.175 nu_win=-0.003134 dwb_win=+0.000253
90.000	9740.64154	2.76191306	0	0.235138268	9743.38976087	1.867e-16	57689	11.090	10.470	12.425	0.998	0.0000	0.8393	0.21211	0.8499	0.9875	1.62420	1.65000	0.0000	0.0000	0.0000	0.0010838	-0.00012425	0.00047939	0	0	0
# CONV t=90.00 cond=0 evap=0 rough=0 back_s=0
# LEDGER t=90.000 mode=3 sum_err=0 max|E-iEu|=1.110e-16 run_max_diff=0.000e+00 run_max_sum_err=0 steps=4500 E0_int=9743389760869566 sum=9743389760869566
# NETG t=90.00 gates min=0.0001 mean=0.5043 edges=3
# PIN t=90.00 R=-0.248826375 nv=3
# SLIP t=90.00 e=0 psi=+3.0053 unw=+65.838 nu_win=+0.114999 dwb_win=+0.568243
# SLIP t=90.00 e=1 psi=+1.2263 unw=-49.039 nu_win=-0.118870 dwb_win=-0.568209
# SLIP t=90.00 e=2 psi=-0.0311 unw=+0.052 nu_win=-0.003913 dwb_win=+0.000007
95.000	9740.64154	2.76687185	0	0.587605074	9743.38976087	1.867e-16	57689	11.087	10.468	12.426	0.998	0.0000	0.8392	0.21663	0.8499	0.9875	1.62232	1.65000	0.0000	0.0000	0.0000	-7.1649e-05	0.00047531	0.00027637	0	0	0
# CONV t=95.00 cond=0 evap=0 rough=0 back_s=0
# LEDGER t=95.000 mode=3 sum_err=0 max|E-iEu|=1.110e-16 run_max_diff=0.000e+00 run_max_sum_err=0 steps=4750 E0_int=9743389760869566 sum=9743389760869566
# NETG t=95.00 gates min=0.0000 mean=0.4679 edges=3
# PIN t=95.00 R=-0.606251978 nv=3
# SLIP t=95.00 e=0 psi=+0.5868 unw=+69.702 nu_win=+0.123016 dwb_win=+0.598009
# SLIP t=95.00 e=1 psi=-2.4445 unw=-52.710 nu_win=-0.116847 dwb_win=-0.597975
# SLIP t=95.00 e=2 psi=+0.1663 unw=+0.249 nu_win=+0.006281 dwb_win=+0.000045
100.000	9740.64154	2.76085393	0	0.395414626	9743.38976087	1.867e-16	57689	11.085	10.474	12.425	0.998	0.0000	0.8392	0.22123	0.8499	0.9875	1.62342	1.65000	0.0000	0.0000	0.0000	-0.0017659	-2.5904e-05	0.00066389	0	0	0
# CONV t=100.00 cond=0 evap=0 rough=0 back_s=0
# LEDGER t=100.000 mode=3 sum_err=0 max|E-iEu|=1.110e-16 run_max_diff=0.000e+00 run_max_sum_err=0 steps=5000 E0_int=9743389760869566 sum=9743389760869566
# NETG t=100.00 gates min=0.0000 mean=0.5058 edges=3
# PIN t=100.00 R=-0.408043607 nv=3
# SLIP t=100.00 e=0 psi=-2.0472 unw=+73.352 nu_win=+0.116158 dwb_win=+0.583047
# SLIP t=100.00 e=1 psi=+0.0782 unw=-56.470 nu_win=-0.119698 dwb_win=-0.583060
# SLIP t=100.00 e=2 psi=+0.0529 unw=+0.136 nu_win=-0.003607 dwb_win=-0.000013
105.000	9740.64154	2.76304078	0	0.191035284	9743.38976087	0.000e+00	57689	11.083	10.471	12.423	0.999	0.0000	0.8392	0.22633	0.8499	0.9875	1.62464	1.65000	0.0000	0.0000	0.0000	3.2086e-05	-0.0014508	0.00036927	0	0	0
# CONV t=105.00 cond=0 evap=0 rough=0 back_s=0
# LEDGER t=105.000 mode=3 sum_err=0 max|E-iEu|=1.110e-16 run_max_diff=0.000e+00 run_max_sum_err=0 steps=5250 E0_int=9743389760869566 sum=9743389760869566
# NETG t=105.00 gates min=0.0001 mean=0.3301 edges=3
# PIN t=105.00 R=-0.205851113 nv=3
# SLIP t=105.00 e=0 psi=-2.0983 unw=+79.584 nu_win=+0.198372 dwb_win=+0.574644
# SLIP t=105.00 e=1 psi=+2.1217 unw=-60.710 nu_win=-0.134952 dwb_win=-0.574683
# SLIP t=105.00 e=2 psi=-0.0707 unw=+0.012 nu_win=-0.003935 dwb_win=-0.000026
110.000	9740.64154	2.76363881	0	0.564990515	9743.38976087	1.867e-16	57689	11.085	10.470	12.426	0.998	0.0000	0.8392	0.23158	0.8499	0.9874	1.62259	1.65000	0.0000	0.0000	0.0000	-0.0014888	0.00012809	-0.00011938	0	0	0
# CONV t=110.00 cond=0 evap=0 rough=0 back_s=0
# LEDGER t=110.000 mode=3 sum_err=0 max|E-iEu|=1.110e-16 run_max_diff=0.000e+00 run_max_sum_err=0 steps=5500 E0_int=9743389760869566 sum=9743389760869566
# NETG t=110.00 gates min=0.0833 mean=0.3796 edges=3
# PIN t=110.00 R=-0.580404377 nv=3
# SLIP t=110.00 e=0 psi=-0.7929 unw=+80.889 nu_win=+0.041552 dwb_win=+0.596144
# SLIP t=110.00 e=1 psi=-1.0862 unw=-63.918 nu_win=-0.102111 dwb_win=-0.595988
# SLIP t=110.00 e=2 psi=+0.1444 unw=+0.227 nu_win=+0.006847 dwb_win=+0.000150
115.000	9740.64154	2.76774129	0	0.35508627	9743.38976087	1.867e-16	57689	11.078	10.471	12.427	0.997	0.0000	0.8392	0.23717	0.8499	0.9874	1.62372	1.65000	0.0000	0.0000	0.0000	0.00060943	-0.00094739	-0.00022478	0	0	0
# CONV t=115.00 cond=0 evap=0 rough=0 back_s=0
# LEDGER t=115.000 mode=3 sum_err=0 max|E-iEu|=1.110e-16 run_max_diff=0.000e+00 run_max_sum_err=0 steps=5750 E0_int=9743389760869566 sum=9743389760869566
# NETG t=115.00 gates min=0.0006 mean=0.4883 edges=3
# PIN t=115.00 R=-0.374602615 nv=3
# SLIP t=115.00 e=0 psi=+2.8742 unw=+90.839 nu_win=+0.316729 dwb_win=+0.570662
# SLIP t=115.00 e=1 psi=+1.4079 unw=-67.707 nu_win=-0.120611 dwb_win=-0.570756
# SLIP t=115.00 e=2 psi=+0.0204 unw=+0.104 nu_win=-0.003947 dwb_win=-0.000108
120.000	9740.64154	2.76656578	0	0.73016366	9743.38976087	0.000e+00	57689	11.082	10.471	12.425	0.998	0.0000	0.8392	0.24296	0.8499	0.9874	1.62179	1.65000	0.0000	0.0000	0.0000	0.00077316	0.002572	-0.00050244	0	0	0
# CONV t=120.00 cond=0 evap=0 rough=0 back_s=0
# LEDGER t=120.000 mode=3 sum_err=0 max|E-iEu|=1.110e-16 run_max_diff=0.000e+00 run_max_sum_err=0 steps=6000 E0_int=9743389760869566 sum=9743389760869566
# NETG t=120.00 gates min=0.0000 mean=0.4493 edges=3
# PIN t=120.00 R=-0.74850449 nv=3
# SLIP t=120.00 e=0 psi=+0.4837 unw=+94.732 nu_win=+0.123907 dwb_win=+0.584353
# SLIP t=120.00 e=1 psi=-2.2865 unw=-71.402 nu_win=-0.117595 dwb_win=-0.584143
# SLIP t=120.00 e=2 psi=+0.2223 unw=+0.305 nu_win=+0.006424 dwb_win=+0.000160
125.000	9740.64154	2.76696705	0	0.506629269	9743.38976087	0.000e+00	57689	11.083	10.470	12.426	0.998	0.0000	0.8392	0.24904	0.8499	0.9874	1.62302	1.65000	0.0000	0.0000	0.0000	0.00051046	-0.00059735	-4.8328e-05	0	0	0
# CONV t=125.00 cond=0 evap=0 rough=0 back_s=0
# LEDGER t=125.000 mode=3 sum_err=0 max|E-iEu|=1.110e-16 run_max_diff=0.000e+00 run_max_sum_err=0 steps=6250 E0_int=9743389760869566 sum=9743389760869566
# NETG t=125.00 gates min=0.0000 mean=0.4957 edges=3
# PIN t=125.00 R=-0.525371373 nv=3
# SLIP t=125.00 e=0 psi=-2.1278 unw=+98.404 nu_win=+0.116875 dwb_win=+0.579615
# SLIP t=125.00 e=1 psi=+0.2002 unw=-75.198 nu_win=-0.120848 dwb_win=-0.579676
# SLIP t=125.00 e=2 psi=+0.0951 unw=+0.178 nu_win=-0.004047 dwb_win=-0.000023
130.000	9740.64154	2.76562722	0	0.303260408	9743.38976087	1.867e-16	57689	11.082	10.470	12.425	0.997	0.0000	0.8392	0.25516	0.8499	0.9874	1.62422	1.65000	0.0000	0.0000	0.0000	-0.0020104	-0.0022093	0.0029539	0	0	0
# CONV t=130.00 cond=0 evap=0 rough=0 back_s=0
# LEDGER t=130.000 mode=3 sum_err=0 max|E-iEu|=1.110e-16 run_max_diff=0.000e+00 run_max_sum_err=0 steps=6500 E0_int=9743389760869566 sum=9743389760869566
# NETG t=130.00 gates min=0.0044 mean=0.4410 edges=3
# PIN t=130.00 R=-0.320662681 nv=3
# SLIP t=130.00 e=0 psi=+1.5256 unw=+102.057 nu_win=+0.116290 dwb_win=+0.569040
# SLIP t=130.00 e=1 psi=+2.7109 unw=-78.971 nu_win=-0.120081 dwb_win=-0.569116
# SLIP t=130.00 e=2 psi=-0.0264 unw=+0.057 nu_win=-0.003868 dwb_win=-0.000081
135.000	9740.64154	2.77025984	0	0.660009057	9743.38976087	1.867e-16	57689	11.083	10.473	12.424	0.997	0.0000	0.8392	0.26117	0.8499	0.9874	1.62226	1.65000	0.0000	0.0000	0.0000	-0.0022382	-0.0013899	0.0003982	0	0	0
# CONV t=135.00 cond=0 evap=0 rough=0 back_s=0
# LEDGER t=135.000 mode=3 sum_err=0 max|E-iEu|=1.110e-16 run_max_diff=0.000e+00 run_max_sum_err=0 steps=6750 E0_int=9743389760869566 sum=9743389760869566
# NETG t=135.00 gates min=0.1330 mean=0.3716 edges=3
# PIN t=135.00 R=-0.682043943 nv=3
# SLIP t=135.00 e=0 psi=-0.8611 unw=+105.954 nu_win=+0.124030 dwb_win=+0.592506
# SLIP t=135.00 e=1 psi=-0.9835 unw=-76.382 nu_win=+0.082405 dwb_win=-0.592039
# SLIP t=135.00 e=2 psi=+0.1797 unw=+0.263 nu_win=+0.006561 dwb_win=+0.000394
140.000	9740.64154	2.77419038	0	0.452518669	9743.38976087	1.867e-16	57689	11.081	10.470	12.427	0.997	0.0000	0.8392	0.26706	0.8499	0.9874	1.62333	1.64999	0.0000	0.0000	0.0000	-0.0006929	0.00035126	-0.00064858	0	0	0
# CONV t=140.00 cond=0 evap=0 rough=0 back_s=0
# LEDGER t=140.000 mode=3 sum_err=0 max|E-iEu|=1.110e-16 run_max_diff=0.000e+00 run_max_sum_err=0 steps=7000 E0_int=9743389760869566 sum=9743389760869566
# NETG t=140.00 gates min=0.0017 mean=0.4753 edges=3
# PIN t=140.00 R=-0.478484105 nv=3
# SLIP t=140.00 e=0 psi=+2.8043 unw=+109.619 nu_win=+0.116673 dwb_win=+0.575808
# SLIP t=140.00 e=1 psi=+1.5130 unw=-80.168 nu_win=-0.120537 dwb_win=-0.576044
# SLIP t=140.00 e=2 psi=+0.0564 unw=+0.139 nu_win=-0.003925 dwb_win=-0.000237
145.000	9740.64154	2.7720773	0	0.24128051	9743.38976087	1.867e-16	57688	11.083	10.473	12.426	0.997	0.0000	0.8392	0.27288	0.8499	0.9874	1.62458	1.64999	0.0000	0.0000	0.0000	0.00031471	0.0012813	-0.0015663	0	0	0
# CONV t=145.00 cond=0 evap=0 rough=0 back_s=0
# LEDGER t=145.000 mode=3 sum_err=0 max|E-iEu|=1.110e-16 run_max_diff=0.000e+00 run_max_sum_err=0 steps=7250 E0_int=9743389760869566 sum=9743389760869566
# NETG t=145.00 gates min=0.0070 mean=0.3330 edges=3
# PIN t=145.00 R=-0.265132858 nv=3
# SLIP t=145.00 e=0 psi=+1.4955 unw=+114.593 nu_win=+0.158340 dwb_win=+0.575193
# SLIP t=145.00 e=1 psi=-1.4793 unw=-83.161 nu_win=-0.095246 dwb_win=-0.574854
# SLIP t=145.00 e=2 psi=-0.0748 unw=+0.008 nu_win=-0.004175 dwb_win=+0.000285
150.000	9740.64154	2.77072733	0	0.601117665	9743.38976087	0.000e+00	57688	11.079	10.473	12.425	0.996	0.0000	0.8392	0.27913	0.8499	0.9874	1.62266	1.64999	0.0000	0.0000	0.0000	-0.00041861	0.00012619	-0.00072709	0	0	0
# CONV t=150.00 cond=0 evap=0 rough=0 back_s=0
# LEDGER t=150.000 mode=3 sum_err=0 max|E-iEu|=1.110e-16 run_max_diff=0.000e+00 run_max_sum_err=0 steps=7500 E0_int=9743389760869566 sum=9743389760869566
# NETG t=150.00 gates min=0.0000 mean=0.4785 edges=3
# PIN t=150.00 R=-0.623620044 nv=3
# SLIP t=150.00 e=0 psi=-2.2444 unw=+117.137 nu_win=+0.080955 dwb_win=+0.596910
# SLIP t=150.00 e=1 psi=+0.3461 unw=-87.619 nu_win=-0.141897 dwb_win=-0.596981
# SLIP t=150.00 e=2 psi=+0.1250 unw=+0.208 nu_win=+0.006360 dwb_win=-0.000086
155.000	9740.64154	2.77194549	0	0.400189856	9743.38976087	0.000e+00	57688	11.082	10.472	12.426	0.996	0.0000	0.8392	0.28484	0.8499	0.9874	1.62382	1.64999	0.0000	0.0000	0.0000	-0.00081051	6.5645e-05	0.00096906	0	0	0
# CONV t=155.00 cond=0 evap=0 rough=0 back_s=0
# LEDGER t=155.000 mode=3 sum_err=0 max|E-iEu|=1.110e-16 run_max_diff=0.000e+00 run_max_sum_err=0 steps=7750 E0_int=9743389760869566 sum=9743389760869566
# NETG t=155.00 gates min=0.0015 mean=0.4736 edges=3
# PIN t=155.00 R=-0.423910397 nv=3
# SLIP t=155.00 e=0 psi=+1.3975 unw=+120.779 nu_win=+0.115927 dwb_win=+0.577475
# SLIP t=155.00 e=1 psi=+2.8755 unw=-91.372 nu_win=-0.119488 dwb_win=-0.577305
# SLIP t=155.00 e=2 psi=+0.0110 unw=+0.094 nu_win=-0.003628 dwb_win=+0.000137
160.000	9740.64154	2.77127991	0	0.750168942	9743.38976087	1.867e-16	57688	11.081	10.475	12.421	0.996	0.0000	0.8392	0.29074	0.8499	0.9874	1.62202	1.64999	0.0000	0.0000	0.0000	-0.0016358	0.0006694	-0.0021652	0	0	0
# CONV t=160.00 cond=0 evap=0 rough=0 back_s=0
# LEDGER t=160.000 mode=3 sum_err=0 max|E-iEu|=1.110e-16 run_max_diff=0.000e+00 run_max_sum_err=0 steps=8000 E0_int=9743389760869566 sum=9743389760869566
# NETG t=160.00 gates min=0.1105 mean=0.3718 edges=3
# PIN t=160.00 R=-0.773223901 nv=3
# SLIP t=160.00 e=0 psi=-1.0256 unw=+124.639 nu_win=+0.122870 dwb_win=+0.592993
# SLIP t=160.00 e=1 psi=-0.7935 unw=-95.041 nu_win=-0.116787 dwb_win=-0.592574
# SLIP t=160.00 e=2 psi=+0.2055 unw=+0.289 nu_win=+0.006189 dwb_win=+0.000360
165.000	9740.64154	2.77601893	0	0.537383325	9743.38976087	1.867e-16	57689	11.081	10.471	12.424	0.995	0.0000	0.8392	0.29627	0.8499	0.9874	1.62311	1.64999	0.0000	0.0000	0.0000	-0.00051448	2.604e-05	0.00053864	0	0	0
# CONV t=165.00 cond=0 evap=0 rough=0 back_s=0
# LEDGER t=165.000 mode=3 sum_err=0 max|E-iEu|=1.110e-16 run_max_diff=0.000e+00 run_max_sum_err=0 steps=8250 E0_int=9743389760869566 sum=9743389760869566
# NETG t=165.00 gates min=0.0090 mean=0.4395 edges=3
# PIN t=165.00 R=-0.565177307 nv=3
# SLIP t=165.00 e=0 psi=+2.6217 unw=+128.286 nu_win=+0.116097 dwb_win=+0.575712
# SLIP t=165.00 e=1 psi=+1.7205 unw=-98.811 nu_win=-0.119977 dwb_win=-0.578975
# SLIP t=165.00 e=2 psi=+0.0807 unw=+0.164 nu_win=-0.003972 dwb_win=-0.000057
170.000	9740.64154	2.77510455	0	0.343456393	9743.38976087	1.867e-16	57689	11.082	10.471	12.425	0.995	0.0000	0.8392	0.30142	0.8499	0.9874	1.62423	1.64999	0.0000	0.0000	0.0000	-0.00093386	0.00063385	-0.00015425	0	0	0
# CONV t=170.00 cond=0 evap=0 rough=0 back_s=0
# LEDGER t=170.000 mode=3 sum_err=0 max|E-iEu|=1.110e-16 run_max_diff=0.000e+00 run_max_sum_err=0 steps=8500 E0_int=9743389760869566 sum=9743389760869566
# NETG t=170.00 gates min=0.0000 mean=0.5116 edges=3
# PIN t=170.00 R=-0.370335997 nv=3
# SLIP t=170.00 e=0 psi=-0.0509 unw=+138.180 nu_win=+0.314927 dwb_win=+0.568805
# SLIP t=170.00 e=1 psi=-2.0043 unw=-102.535 nu_win=-0.118564 dwb_win=-0.568172
# SLIP t=170.00 e=2 psi=-0.0355 unw=+0.048 nu_win=-0.003699 dwb_win=+0.000558
175.000	9740.64154	2.77215652	0	0.682345951	9743.38976087	1.867e-16	57689	11.084	10.472	12.423	0.996	0.0000	0.8392	0.30701	0.8499	0.9874	1.62242	1.64999	0.0000	0.0000	0.0000	-0.00028783	0.0010282	0.00098372	0	0	0
# CONV t=175.00 cond=0 evap=0 rough=0 back_s=0
# LEDGER t=175.000 mode=3 sum_err=0 max|E-iEu|=1.110e-16 run_max_diff=0.000e+00 run_max_sum_err=0 steps=8750 E0_int=9743389760869566 sum=9743389760869566
# NETG t=175.00 gates min=0.0000 mean=0.4561 edges=3
# PIN t=175.00 R=-0.706277524 nv=3
# SLIP t=175.00 e=0 psi=-2.4831 unw=+142.031 nu_win=+0.122582 dwb_win=+0.596203
# SLIP t=175.00 e=1 psi=+0.6059 unw=-106.208 nu_win=-0.116915 dwb_win=-0.596268
# SLIP t=175.00 e=2 psi=+0.1459 unw=+0.229 nu_win=+0.005775 dwb_win=-0.000058
180.000	9740.64154	2.7795794	0	0.479407063	9743.38976087	0.000e+00	57689	11.085	10.470	12.428	0.995	0.0000	0.8392	0.31279	0.8499	0.9874	1.62358	1.64999	0.0000	0.0000	0.0000	0.00054446	-0.0011506	0.00047341	0	0	0
# CONV t=180.00 cond=0 evap=0 rough=0 back_s=0
# LEDGER t=180.000 mode=3 sum_err=0 max|E-iEu|=1.110e-16 run_max_diff=0.000e+00 run_max_sum_err=0 steps=9000 E0_int=9743389760869566 sum=9743389760869566
# NETG t=180.00 gates min=0.0001 mean=0.5096 edges=3
# PIN t=180.00 R=-0.510761514 nv=3
# SLIP t=180.00 e=0 psi=+1.1398 unw=+145.654 nu_win=+0.115320 dwb_win=+0.576333
# SLIP t=180.00 e=1 psi=-3.1268 unw=-109.941 nu_win=-0.118815 dwb_win=-0.576120
# SLIP t=180.00 e=2 psi=+0.0347 unw=+0.118 nu_win=-0.003538 dwb_win=+0.000195
185.000	9740.64154	2.7782492	0	0.292063762	9743.38976087	3.734e-16	57689	11.085	10.470	12.428	0.995	0.0000	0.8392	0.31797	0.8499	0.9874	1.62471	1.64999	0.0000	0.0000	0.0000	-0.00090488	-0.0011828	0.0016865	0	0	0
# CONV t=185.00 cond=0 evap=0 rough=0 back_s=0
# LEDGER t=185.000 mode=3 sum_err=0 max|E-iEu|=1.110e-16 run_max_diff=0.000e+00 run_max_sum_err=0 steps=9250 E0_int=9743389760869566 sum=9743389760869566
# NETG t=185.00 gates min=0.0032 mean=0.3303 edges=3
# PIN t=185.00 R=-0.322088016 nv=3
# SLIP t=185.00 e=0 psi=-1.7184 unw=+155.362 nu_win=+0.309021 dwb_win=+0.581482
# SLIP t=185.00 e=1 psi=+1.7213 unw=-111.376 nu_win=-0.045679 dwb_win=-0.581329
# SLIP t=185.00 e=2 psi=-0.0813 unw=+0.002 nu_win=-0.003694 dwb_win=+0.000143
190.000	9740.64154	2.7819122	0	0.612207238	9743.38976087	1.867e-16	57689	11.084	10.471	12.431	0.995	0.0000	0.8391	0.32327	0.8499	0.9874	1.62294	1.64999	0.0000	0.0000	0.0000	-0.00059885	-0.0034428	0.00025041	0	0	0
# CONV t=190.00 cond=0 evap=0 rough=0 back_s=0
# LEDGER t=190.000 mode=3 sum_err=0 max|E-iEu|=1.110e-16 run_max_diff=0.000e+00 run_max_sum_err=0 steps=9500 E0_int=9743389760869566 sum=9743389760869566
# NETG t=190.00 gates min=0.0692 mean=0.3859 edges=3
# PIN t=190.00 R=-0.645894495 nv=3
# SLIP t=190.00 e=0 psi=+2.3045 unw=+159.385 nu_win=+0.128054 dwb_win=+0.590716
# SLIP t=190.00 e=1 psi=+2.0583 unw=-117.322 nu_win=-0.189273 dwb_win=-0.590917
# SLIP t=190.00 e=2 psi=+0.1028 unw=+0.186 nu_win=+0.005859 dwb_win=-0.000201
195.000	9740.64154	2.78053786	0	0.437633791	9743.38976087	1.867e-16	57689	11.079	10.466	12.428	0.995	0.0000	0.8391	0.32835	0.8499	0.9874	1.62390	1.64999	0.0000	0.0000	0.0000	0.00024168	-0.00054896	0.00034328	0	0	0
# CONV t=195.00 cond=0 evap=0 rough=0 back_s=0
# LEDGER t=195.000 mode=3 sum_err=0 max|E-iEu|=1.110e-16 run_max_diff=0.000e+00 run_max_sum_err=0 steps=9750 E0_int=9743389760869566 sum=9743389760869566
# NETG t=195.00 gates min=0.0018 mean=0.4634 edges=3
# PIN t=195.00 R=-0.469946705 nv=3
# SLIP t=195.00 e=0 psi=-0.3620 unw=+163.001 nu_win=+0.115122 dwb_win=+0.574760
# SLIP t=195.00 e=1 psi=-1.6605 unw=-121.041 nu_win=-0.118375 dwb_win=-0.574344
# SLIP t=195.00 e=2 psi=-0.0013 unw=+0.082 nu_win=-0.003312 dwb_win=+0.000391
200.000	9740.64154	2.28598033	0	0.784353915	9743.38976087	1.867e-16	57689	11.016	10.465	12.481	0.993	0.0000	0.8391	0.3343	0.8499	0.9874	1.62202	1.64999	0.0000	0.0000	0.0000	0.0010355	0.0010852	-0.0042533	0	0	0
# CONV t=200.00 cond=0 evap=0 rough=0 back_s=0
# LEDGER t=200.000 mode=3 sum_err=0 max|E-iEu|=1.110e-16 run_max_diff=0.000e+00 run_max_sum_err=0 steps=10000 E0_int=9743389760869566 sum=9743389760869566
# NETG t=200.00 gates min=0.0000 mean=0.4560 edges=3
# PIN t=200.00 R=-0.322109301 nv=3
# SLIP t=200.00 e=0 psi=-2.7993 unw=+173.130 nu_win=+0.322419 dwb_win=+0.592943
# SLIP t=200.00 e=1 psi=+0.9610 unw=-124.703 nu_win=-0.116554 dwb_win=-0.593205
# SLIP t=200.00 e=2 psi=+0.1858 unw=+0.269 nu_win=+0.005955 dwb_win=-0.000250
205.000	9740.64154	2.27678653	0	0.562012467	9743.38976087	3.734e-16	57689	11.009	10.469	12.479	0.994	0.0000	0.8396	0.22061	0.8499	0.9879	1.62642	1.64999	0.0000	0.0000	0.0000	0.00014299	0.00088967	-0.00064978	0	0	0
# CONV t=205.00 cond=0 evap=0 rough=0 back_s=0
# LEDGER t=205.000 mode=3 sum_err=0 max|E-iEu|=1.110e-16 run_max_diff=0.000e+00 run_max_sum_err=0 steps=10250 E0_int=9743389760869566 sum=9743389760869566
# NETG t=205.00 gates min=0.0001 mean=0.4694 edges=3
# PIN t=205.00 R=-0.090574051 nv=3
# SLIP t=205.00 e=0 psi=-0.3551 unw=+175.575 nu_win=+0.077800 dwb_win=+0.447962
# SLIP t=205.00 e=1 psi=-1.9168 unw=-127.581 nu_win=-0.091603 dwb_win=-0.446764
# SLIP t=205.00 e=2 psi=+0.0599 unw=+0.143 nu_win=-0.004009 dwb_win=+0.001198
210.000	9740.64154	2.27471466	0	0.389755111	9743.38976087	0.000e+00	57690	11.009	10.468	12.472	0.993	0.0000	0.8399	0.19899	0.8499	0.9882	1.62749	1.64999	0.0000	0.0000	0.0000	-0.0011329	-0.0010159	0.0010996	0	0	0
# CONV t=210.00 cond=0 evap=0 rough=0 back_s=0
# LEDGER t=210.000 mode=3 sum_err=0 max|E-iEu|=1.110e-16 run_max_diff=0.000e+00 run_max_sum_err=0 steps=10500 E0_int=9743389760869566 sum=9743389760869566
# NETG t=210.00 gates min=0.0198 mean=0.3540 edges=3
# PIN t=210.00 R=0.0837551784 nv=3
# SLIP t=210.00 e=0 psi=+2.0586 unw=+177.988 nu_win=+0.076831 dwb_win=+0.446867
# SLIP t=210.00 e=1 psi=+1.8414 unw=-130.106 nu_win=-0.080373 dwb_win=-0.448457
# SLIP t=210.00 e=2 psi=-0.0536 unw=+0.029 nu_win=-0.003611 dwb_win=-0.001590
215.000	9740.64154	2.77753696	0	0.680350892	9743.38976087	0.000e+00	57690	11.082	10.465	12.426	0.993	0.0000	0.8396	0.27575	0.8499	0.9879	1.62282	1.64999	0.0000	0.0000	0.0000	-0.002168	0.00013495	-0.0022212	0	0	0
# CONV t=215.00 cond=0 evap=0 rough=0 back_s=0
# LEDGER t=215.000 mode=3 sum_err=0 max|E-iEu|=1.110e-16 run_max_diff=0.000e+00 run_max_sum_err=0 steps=10750 E0_int=9743389760869566 sum=9743389760869566
# NETG t=215.00 gates min=0.0131 mean=0.4283 edges=3
# PIN t=215.00 R=-0.709662903 nv=3
# SLIP t=215.00 e=0 psi=-0.4961 unw=+181.717 nu_win=+0.118682 dwb_win=+0.584751
# SLIP t=215.00 e=1 psi=-1.4072 unw=-133.354 nu_win=-0.103405 dwb_win=-0.584163
# SLIP t=215.00 e=2 psi=+0.1199 unw=+0.203 nu_win=+0.005524 dwb_win=+0.000556
220.000	9740.64154	2.77763142	0	0.515589266	9743.38976087	0.000e+00	57690	11.076	10.465	12.424	0.994	0.0000	0.8395	0.32148	0.8499	0.9877	1.62377	1.64999	0.0000	0.0000	0.0000	-0.0015776	-0.00020312	-0.0010037	0	0	0
# CONV t=220.00 cond=0 evap=0 rough=0 back_s=0
# LEDGER t=220.000 mode=3 sum_err=0 max|E-iEu|=1.110e-16 run_max_diff=0.000e+00 run_max_sum_err=0 steps=11000 E0_int=9743389760869566 sum=9743389760869566
# NETG t=220.00 gates min=0.0000 mean=0.5085 edges=3
# PIN t=220.00 R=-0.544995742 nv=3
# SLIP t=220.00 e=0 psi=+3.1073 unw=+185.320 nu_win=+0.114698 dwb_win=+0.572733
# SLIP t=220.00 e=1 psi=+1.1717 unw=-130.775 nu_win=+0.082088 dwb_win=-0.572865
# SLIP t=220.00 e=2 psi=+0.0164 unw=+0.100 nu_win=-0.003294 dwb_win=-0.000143
225.000	9740.64154	2.78195741	0	0.346914962	9743.38976087	3.734e-16	57690	11.079	10.470	12.423	0.994	0.0000	0.8394	0.34626	0.8499	0.9876	1.62477	1.64999	0.0000	0.0000	0.0000	-0.00031155	-0.00078634	-0.00014135	0	0	0
# CONV t=225.00 cond=0 evap=0 rough=0 back_s=0
# LEDGER t=225.000 mode=3 sum_err=0 max|E-iEu|=1.110e-16 run_max_diff=0.000e+00 run_max_sum_err=0 steps=11250 E0_int=9743389760869566 sum=9743389760869566
# NETG t=225.00 gates min=0.9866 mean=0.9897 edges=3
# PIN t=225.00 R=-0.380647421 nv=3
# SLIP t=225.00 e=0 psi=-0.0584 unw=+188.438 nu_win=+0.099234 dwb_win=+0.586263
# SLIP t=225.00 e=1 psi=+0.0619 unw=-131.885 nu_win=-0.035325 dwb_win=-0.585465
# SLIP t=225.00 e=2 psi=-0.0821 unw=+0.001 nu_win=-0.003136 dwb_win=+0.000741
230.000	9740.64154	2.77661342	0	0.649234254	9743.38976087	1.867e-16	57690	11.086	10.466	12.424	0.993	0.0000	0.8393	0.35975	0.8499	0.9875	1.62310	1.64999	0.0000	0.0000	0.0000	-0.0035242	0.0001195	0.00029914	0	0	0
# CONV t=230.00 cond=0 evap=0 rough=0 back_s=0
# LEDGER t=230.000 mode=3 sum_err=0 max|E-iEu|=1.110e-16 run_max_diff=0.000e+00 run_max_sum_err=0 steps=11500 E0_int=9743389760869566 sum=9743389760869566
# NETG t=230.00 gates min=0.0000 mean=0.5012 edges=3
# PIN t=230.00 R=-0.677622731 nv=3
# SLIP t=230.00 e=0 psi=-2.0532 unw=+192.726 nu_win=+0.136504 dwb_win=+0.585926
# SLIP t=230.00 e=1 psi=+0.1120 unw=-138.118 nu_win=-0.198405 dwb_win=-0.585612
# SLIP t=230.00 e=2 psi=+0.0801 unw=+0.163 nu_win=+0.005161 dwb_win=+0.000289
235.000	9740.64154	2.78561702	0	0.476102352	9743.38976087	0.000e+00	57690	11.083	10.469	12.421	0.992	0.0000	0.8392	0.3683	0.8499	0.9875	1.62404	1.64999	0.0000	0.0000	0.0000	-0.0012774	-0.00039458	-0.001082	0	0	0
# CONV t=235.00 cond=0 evap=0 rough=0 back_s=0
# LEDGER t=235.000 mode=3 sum_err=0 max|E-iEu|=1.110e-16 run_max_diff=0.000e+00 run_max_sum_err=0 steps=11750 E0_int=9743389760869566 sum=9743389760869566
# NETG t=235.00 gates min=0.0051 mean=0.4387 edges=3
# PIN t=235.00 R=-0.513494426 nv=3
# SLIP t=235.00 e=0 psi=+1.5445 unw=+196.324 nu_win=+0.114516 dwb_win=+0.571916
# SLIP t=235.00 e=1 psi=+2.7006 unw=-135.529 nu_win=+0.082398 dwb_win=-0.571566
# SLIP t=235.00 e=2 psi=-0.0174 unw=+0.066 nu_win=-0.003102 dwb_win=+0.000308
240.000	9740.64154	2.78179913	0	0.758398161	9743.38976087	0.000e+00	57690	11.083	10.475	12.417	0.993	0.0000	0.8392	0.37368	0.8499	0.9874	1.62260	1.64998	0.0000	0.0000	0.0000	-0.0020603	-0.0011088	-0.00051898	0	0	0
# CONV t=240.00 cond=0 evap=0 rough=0 back_s=0
# LEDGER t=240.000 mode=3 sum_err=0 max|E-iEu|=1.110e-16 run_max_diff=0.000e+00 run_max_sum_err=0 steps=12000 E0_int=9743389760869566 sum=9743389760869566
# NETG t=240.00 gates min=0.1533 mean=0.3741 edges=3
# PIN t=240.00 R=-0.791972342 nv=3
# SLIP t=240.00 e=0 psi=-0.9496 unw=+200.113 nu_win=+0.120613 dwb_win=+0.596929
# SLIP t=240.00 e=1 psi=-0.9306 unw=-139.161 nu_win=-0.115584 dwb_win=-0.596843
# SLIP t=240.00 e=2 psi=+0.1438 unw=+0.227 nu_win=+0.005131 dwb_win=+0.000105
245.000	9740.64154	2.77899685	0	0.598597509	9743.38976087	1.867e-16	57690	11.079	10.475	12.420	0.993	0.0000	0.8392	0.37829	0.8499	0.9874	1.62353	1.64998	0.0000	0.0000	0.0000	-0.0018764	-0.00088713	-0.00088022	0	0	0
# CONV t=245.00 cond=0 evap=0 rough=0 back_s=0
# LEDGER t=245.000 mode=3 sum_err=0 max|E-iEu|=1.110e-16 run_max_diff=0.000e+00 run_max_sum_err=0 steps=12250 E0_int=9743389760869566 sum=9743389760869566
# NETG t=245.00 gates min=0.0052 mean=0.4489 edges=3
# PIN t=245.00 R=-0.62936941 nv=3
# SLIP t=245.00 e=0 psi=+2.6553 unw=+203.718 nu_win=+0.114747 dwb_win=+0.578520
# SLIP t=245.00 e=1 psi=+1.6481 unw=-142.865 nu_win=-0.117919 dwb_win=-0.578547
# SLIP t=245.00 e=2 psi=+0.0423 unw=+0.125 nu_win=-0.003229 dwb_win=-0.000052
250.000	9740.64154	2.78143423	0	0.434404875	9743.38976087	0.000e+00	57690	11.085	10.472	12.416	0.992	0.0000	0.8392	0.38215	0.8499	0.9874	1.62449	1.64998	0.0000	0.0000	0.0000	-0.00032167	-0.0016182	-0.00034174	0	0	0
# CONV t=250.00 cond=0 evap=0 rough=0 back_s=0
# LEDGER t=250.000 mode=3 sum_err=0 max|E-iEu|=1.110e-16 run_max_diff=0.000e+00 run_max_sum_err=0 steps=12500 E0_int=9743389760869566 sum=9743389760869566
# NETG t=250.00 gates min=0.0000 mean=0.5120 edges=3
# PIN t=250.00 R=-0.467614157 nv=3
# SLIP t=250.00 e=0 psi=-0.0485 unw=+207.297 nu_win=+0.113936 dwb_win=+0.572000
# SLIP t=250.00 e=1 psi=-2.0284 unw=-146.542 nu_win=-0.117027 dwb_win=-0.571917
# SLIP t=250.00 e=2 psi=-0.0565 unw=+0.027 nu_win=-0.003147 dwb_win=+0.000098
255.000	9740.64154	2.78153614	0	0.73131232	9743.38976087	0.000e+00	57690	11.081	10.472	12.416	0.992	0.0000	0.8392	0.38579	0.8499	0.9874	1.62284	1.64998	0.0000	0.0000	0.0000	-0.0019409	-0.0018962	-0.00054363	0	0	0
# CONV t=255.00 cond=0 evap=0 rough=0 back_s=0
# LEDGER t=255.000 mode=3 sum_err=0 max|E-iEu|=1.110e-16 run_max_diff=0.000e+00 run_max_sum_err=0 steps=12750 E0_int=9743389760869566 sum=9743389760869566
# NETG t=255.00 gates min=0.0000 mean=0.4688 edges=3
# PIN t=255.00 R=-0.764623517 nv=3
# SLIP t=255.00 e=0 psi=-2.5239 unw=+211.105 nu_win=+0.121204 dwb_win=+0.602225
# SLIP t=255.00 e=1 psi=+0.6105 unw=-150.186 nu_win=-0.116000 dwb_win=-0.602241
# SLIP t=255.00 e=2 psi=+0.1095 unw=+0.193 nu_win=+0.005283 dwb_win=-0.000025
260.000	9740.64154	2.7871233	0	0.565343668	9743.38976087	1.867e-16	57690	11.084	10.462	12.419	0.992	0.0000	0.8392	0.38939	0.8499	0.9874	1.62373	1.64998	0.0000	0.0000	0.0000	-0.0026012	0.0012287	0.00054978	0	0	0
# CONV t=260.00 cond=0 evap=0 rough=0 back_s=0
# LEDGER t=260.000 mode=3 sum_err=0 max|E-iEu|=1.110e-16 run_max_diff=0.000e+00 run_max_sum_err=0 steps=13000 E0_int=9743389760869566 sum=9743389760869566
# NETG t=260.00 gates min=0.0001 mean=0.5142 edges=3
# PIN t=260.00 R=-0.604242017 nv=3
# SLIP t=260.00 e=0 psi=+1.0785 unw=+214.707 nu_win=+0.114668 dwb_win=+0.573923
# SLIP t=260.00 e=1 psi=-3.0867 unw=-153.883 nu_win=-0.117686 dwb_win=-0.573881
# SLIP t=260.00 e=2 psi=+0.0129 unw=+0.096 nu_win=-0.003073 dwb_win=+0.000049
265.000	9740.64154	2.78372385	0	0.411410832	9743.38976087	3.734e-16	57690	11.086	10.472	12.414	0.992	0.0000	0.8392	0.39284	0.8499	0.9874	1.62468	1.64998	0.0000	0.0000	0.0000	-0.0045777	0.0016744	0.0025295	0	0	0
# CONV t=265.00 cond=0 evap=0 rough=0 back_s=0
# LEDGER t=265.000 mode=3 sum_err=0 max|E-iEu|=1.110e-16 run_max_diff=0.000e+00 run_max_sum_err=0 steps=13250 E0_int=9743389760869566 sum=9743389760869566
# NETG t=265.00 gates min=0.0000 mean=0.3279 edges=3
# PIN t=265.00 R=-0.446909732 nv=3
# SLIP t=265.00 e=0 psi=+2.3434 unw=+215.972 nu_win=+0.040264 dwb_win=+0.589442
# SLIP t=265.00 e=1 psi=-2.3548 unw=-159.434 nu_win=-0.176702 dwb_win=-0.589196
# SLIP t=265.00 e=2 psi=-0.0901 unw=-0.007 nu_win=-0.003279 dwb_win=+0.000205
270.000	9740.64154	2.79052167	0	0.688614744	9743.38976087	1.867e-16	57690	11.080	10.467	12.421	0.990	0.0000	0.8391	0.3961	0.8499	0.9874	1.62316	1.64998	0.0000	0.0000	0.0000	-0.0018444	-0.00036433	-0.0011968	0	0	0
# CONV t=270.00 cond=0 evap=0 rough=0 back_s=0
# LEDGER t=270.000 mode=3 sum_err=0 max|E-iEu|=1.110e-16 run_max_diff=0.000e+00 run_max_sum_err=0 steps=13500 E0_int=9743389760869566 sum=9743389760869566
# NETG t=270.00 gates min=0.1081 mean=0.3789 edges=3
# PIN t=270.00 R=-0.730911468 nv=3
# SLIP t=270.00 e=0 psi=+2.1838 unw=+222.096 nu_win=+0.194920 dwb_win=+0.583450
# SLIP t=270.00 e=1 psi=+2.1513 unw=-161.211 nu_win=-0.056566 dwb_win=-0.583582
# SLIP t=270.00 e=2 psi=+0.0746 unw=+0.158 nu_win=+0.005243 dwb_win=-0.000153
275.000	9740.64154	2.78170822	0	0.532677713	9743.38976087	1.867e-16	57690	11.077	10.465	12.419	0.991	0.0000	0.8391	0.39929	0.8499	0.9874	1.62416	1.64998	0.0000	0.0000	0.0000	-0.003645	0.00077329	-0.00088831	0	0	0
# CONV t=275.00 cond=0 evap=0 rough=0 back_s=0
# LEDGER t=275.000 mode=3 sum_err=0 max|E-iEu|=1.110e-16 run_max_diff=0.000e+00 run_max_sum_err=0 steps=13750 E0_int=9743389760869566 sum=9743389760869566
# NETG t=275.00 gates min=0.0052 mean=0.4335 edges=3
# PIN t=275.00 R=-0.566160988 nv=3
# SLIP t=275.00 e=0 psi=-0.5075 unw=+231.971 nu_win=+0.314332 dwb_win=+0.572082
# SLIP t=275.00 e=1 psi=-1.5351 unw=-164.898 nu_win=-0.117342 dwb_win=-0.571826
# SLIP t=275.00 e=2 psi=-0.0216 unw=+0.061 nu_win=-0.003063 dwb_win=+0.000243
280.000	9740.64154	2.78409491	0	0.80247066	9743.38976087	1.867e-16	57690	11.085	10.469	12.422	0.991	0.0000	0.8391	0.40241	0.8499	0.9873	1.62269	1.64998	0.0000	0.0000	0.0000	-0.0010341	0.0008876	-0.00073903	0	0	0
# CONV t=280.00 cond=0 evap=0 rough=0 back_s=0
# LEDGER t=280.000 mode=3 sum_err=0 max|E-iEu|=1.110e-16 run_max_diff=0.000e+00 run_max_sum_err=0 steps=14000 E0_int=9743389760869566 sum=9743389760869566
# NETG t=280.00 gates min=0.0000 mean=0.4898 edges=3
# PIN t=280.00 R=-0.838340628 nv=3
# SLIP t=280.00 e=0 psi=-3.0104 unw=+235.751 nu_win=+0.120330 dwb_win=+0.599824
# SLIP t=280.00 e=1 psi=+1.1138 unw=-168.532 nu_win=-0.115683 dwb_win=-0.599912
# SLIP t=280.00 e=2 psi=+0.1266 unw=+0.210 nu_win=+0.004719 dwb_win=-0.000105
285.000	9740.64154	2.7878205	0	0.642873988	9743.38976087	3.734e-16	57690	11.077	10.465	12.413	0.990	0.0000	0.8391	0.40547	0.8499	0.9873	1.62357	1.64998	0.0000	0.0000	0.0000	-0.0027738	0.0020293	-0.0024005	0	0	0
# CONV t=285.00 cond=0 evap=0 rough=0 back_s=0
# LEDGER t=285.000 mode=3 sum_err=0 max|E-iEu|=1.110e-16 run_max_diff=0.000e+00 run_max_sum_err=0 steps=14250 E0_int=9743389760869566 sum=9743389760869566
# NETG t=285.00 gates min=0.0000 mean=0.5104 edges=3
# PIN t=285.00 R=-0.682469541 nv=3
# SLIP t=285.00 e=0 psi=+0.5888 unw=+239.350 nu_win=+0.114567 dwb_win=+0.575127
# SLIP t=285.00 e=1 psi=-2.5718 unw=-172.218 nu_win=-0.117318 dwb_win=-0.581176
# SLIP t=285.00 e=2 psi=+0.0379 unw=+0.121 nu_win=-0.002823 dwb_win=+0.000384
290.000	9740.64154	2.79013788	0	0.497514073	9743.38976087	1.867e-16	57690	11.077	10.473	12.410	0.991	0.0000	0.8391	0.40858	0.8499	0.9873	1.62441	1.64998	0.0000	0.0000	0.0000	-0.0041844	0.0008337	0.00036066	0	0	0
# CONV t=290.00 cond=0 evap=0 rough=0 back_s=0
# LEDGER t=290.000 mode=3 sum_err=0 max|E-iEu|=1.110e-16 run_max_diff=0.000e+00 run_max_sum_err=0 steps=14500 E0_int=9743389760869566 sum=9743389760869566
# NETG t=290.00 gates min=0.0000 mean=0.5107 edges=3
# PIN t=290.00 R=-0.539427012 nv=3
# SLIP t=290.00 e=0 psi=-2.1152 unw=+249.213 nu_win=+0.313930 dwb_win=+0.569586
# SLIP t=290.00 e=1 psi=+0.0335 unw=-175.896 nu_win=-0.117071 dwb_win=-0.572131
# SLIP t=290.00 e=2 psi=-0.0633 unw=+0.020 nu_win=-0.003222 dwb_win=+0.000609
295.000	9740.64154	2.78659523	0	0.792419655	9743.38976087	3.734e-16	57690	11.085	10.469	12.415	0.990	0.0000	0.8391	0.41173	0.8499	0.9873	1.62285	1.64998	0.0000	0.0000	0.0000	-0.0026495	-0.0020131	0.0023411	0	0	0
# CONV t=295.00 cond=0 evap=0 rough=0 back_s=0
# LEDGER t=295.000 mode=3 sum_err=0 max|E-iEu|=1.110e-16 run_max_diff=0.000e+00 run_max_sum_err=0 steps=14750 E0_int=9743389760869566 sum=9743389760869566
# NETG t=295.00 gates min=0.0143 mean=0.4276 edges=3
# PIN t=295.00 R=-0.830789935 nv=3
# SLIP t=295.00 e=0 psi=+1.6917 unw=+253.020 nu_win=+0.121176 dwb_win=+0.603011
# SLIP t=295.00 e=1 psi=+2.6780 unw=-179.534 nu_win=-0.115822 dwb_win=-0.602701
# SLIP t=295.00 e=2 psi=+0.1086 unw=+0.192 nu_win=+0.005471 dwb_win=+0.000287
300.000	9740.64154	2.79176165	0	0.620665407	9743.38976087	1.867e-16	57690	11.072	10.467	12.416	0.990	0.0000	0.8391	0.41464	0.8499	0.9873	1.62383	1.64998	0.0000	0.0000	0.0000	-0.0027168	0.0012077	-0.0025275	0	0	0
# CONV t=300.00 cond=0 evap=0 rough=0 back_s=0
# LEDGER t=300.000 mode=3 sum_err=0 max|E-iEu|=1.110e-16 run_max_diff=0.000e+00 run_max_sum_err=0 steps=15000 E0_int=9743389760869566 sum=9743389760869566
# NETG t=300.00 gates min=0.1120 mean=0.3736 edges=3
# PIN t=300.00 R=-0.664202106 nv=3
# SLIP t=300.00 e=0 psi=-0.9886 unw=+256.623 nu_win=+0.114685 dwb_win=+0.574502
# SLIP t=300.00 e=1 psi=-1.0225 unw=-183.235 nu_win=-0.117790 dwb_win=-0.573972
# SLIP t=300.00 e=2 psi=+0.0102 unw=+0.093 nu_win=-0.003131 dwb_win=+0.000487
305.000	9740.64154	2.79014743	0	0.455815908	9743.38976087	1.867e-16	57690	11.076	10.467	12.413	0.989	0.0000	0.8391	0.4176	0.8499	0.9873	1.62486	1.64998	0.0000	0.0000	0.0000	-0.00097984	0.00016522	-0.00036502	0	0	0
# CONV t=305.00 cond=0 evap=0 rough=0 back_s=0
# LEDGER t=305.000 mode=3 sum_err=0 max|E-iEu|=1.110e-16 run_max_diff=0.000e+00 run_max_sum_err=0 steps=15250 E0_int=9743389760869566 sum=9743389760869566
# NETG t=305.00 gates min=0.0069 mean=0.3307 edges=3
# PIN t=305.00 R=-0.497738389 nv=3
# SLIP t=305.00 e=0 psi=-1.6226 unw=+262.272 nu_win=+0.179819 dwb_win=+0.593362
# SLIP t=305.00 e=1 psi=+1.5947 unw=-186.901 nu_win=-0.116692 dwb_win=-0.593751
# SLIP t=305.00 e=2 psi=-0.0969 unw=-0.014 nu_win=-0.003410 dwb_win=-0.000348
310.000	9740.64154	2.7936317	0	0.751581928	9743.38976087	1.867e-16	57689	11.081	10.468	12.418	0.988	0.0000	0.8391	0.42065	0.8499	0.9873	1.62319	1.64998	0.0000	0.0000	0.0000	-0.0024034	0.0015903	-0.0013791	0	0	0
# CONV t=310.00 cond=0 evap=0 rough=0 back_s=0
# LEDGER t=310.000 mode=3 sum_err=0 max|E-iEu|=1.110e-16 run_max_diff=0.000e+00 run_max_sum_err=0 steps=15500 E0_int=9743389760869566 sum=9743389760869566
# NETG t=310.00 gates min=0.0000 mean=0.5092 edges=3
# PIN t=310.00 R=-0.796988683 nv=3
# SLIP t=310.00 e=0 psi=+0.1251 unw=+264.019 nu_win=+0.055631 dwb_win=+0.580580
# SLIP t=310.00 e=1 psi=-2.0702 unw=-190.566 nu_win=-0.116659 dwb_win=-0.580061
# SLIP t=310.00 e=2 psi=+0.0776 unw=+0.161 nu_win=+0.005554 dwb_win=+0.000476
315.000	9740.64154	2.79198192	0	0.587446846	9743.38976087	0.000e+00	57689	11.081	10.475	12.408	0.989	0.0000	0.8391	0.42351	0.8499	0.9873	1.62414	1.64997	0.0000	0.0000	0.0000	0.00018073	0.001255	-0.0016136	0	0	0
# CONV t=315.00 cond=0 evap=0 rough=0 back_s=0
# LEDGER t=315.000 mode=3 sum_err=0 max|E-iEu|=1.110e-16 run_max_diff=0.000e+00 run_max_sum_err=0 steps=15750 E0_int=9743389760869566 sum=9743389760869566
# NETG t=315.00 gates min=0.0000 mean=0.5025 edges=3
# PIN t=315.00 R=-0.631203821 nv=3
# SLIP t=315.00 e=0 psi=-2.5595 unw=+267.618 nu_win=+0.114547 dwb_win=+0.573868
# SLIP t=315.00 e=1 psi=+0.5128 unw=-194.266 nu_win=-0.117781 dwb_win=-0.570998
# SLIP t=315.00 e=2 psi=-0.0259 unw=+0.057 nu_win=-0.003294 dwb_win=-0.000341
320.000	9740.64154	2.78819184	0	0.892746211	9743.38976087	1.867e-16	57689	11.080	10.468	12.418	0.989	0.0000	0.8391	0.4261	0.8499	0.9873	1.62253	1.64997	0.0000	0.0000	0.0000	7.4552e-05	-0.0011244	0.00077593	0	0	0
# CONV t=320.00 cond=0 evap=0 rough=0 back_s=0
# LEDGER t=320.000 mode=3 sum_err=0 max|E-iEu|=1.110e-16 run_max_diff=0.000e+00 run_max_sum_err=0 steps=16000 E0_int=9743389760869566 sum=9743389760869566
# NETG t=320.00 gates min=0.0003 mean=0.4933 edges=3
# PIN t=320.00 R=-0.932713108 nv=3
# SLIP t=320.00 e=0 psi=+1.2429 unw=+271.420 nu_win=+0.121035 dwb_win=+0.599143
# SLIP t=320.00 e=1 psi=-3.1266 unw=-197.905 nu_win=-0.115843 dwb_win=-0.595592
# SLIP t=320.00 e=2 psi=+0.1399 unw=+0.223 nu_win=+0.005278 dwb_win=+0.000312
325.000	9740.64154	2.80201956	0	0.71672111	9743.38976087	1.867e-16	57689	11.070	10.466	12.415	0.987	0.0000	0.8391	0.4283	0.8499	0.9873	1.62347	1.64997	0.0000	0.0000	0.0000	-0.00057585	0.0014406	-0.0007447	0	0	0
# CONV t=325.00 cond=0 evap=0 rough=0 back_s=0
# LEDGER t=325.000 mode=3 sum_err=0 max|E-iEu|=1.110e-16 run_max_diff=0.000e+00 run_max_sum_err=0 steps=16250 E0_int=9743389760869566 sum=9743389760869566
# NETG t=325.00 gates min=0.0117 mean=0.4242 edges=3
# PIN t=325.00 R=-0.770515721 nv=3
# SLIP t=325.00 e=0 psi=-1.4231 unw=+275.038 nu_win=+0.115136 dwb_win=+0.573489
# SLIP t=325.00 e=1 psi=-0.5506 unw=-201.613 nu_win=-0.118003 dwb_win=-0.576706
# SLIP t=325.00 e=2 psi=+0.0484 unw=+0.132 nu_win=-0.002911 dwb_win=-0.000029
330.000	9740.64154	2.79337078	0	0.556073099	9743.38976087	0.000e+00	57689	11.076	10.467	12.410	0.988	0.0000	0.8391	0.43078	0.8499	0.9873	1.62451	1.64997	0.0000	0.0000	0.0000	-0.00086573	0.0012433	-0.001867	0	0	0
# CONV t=330.00 cond=0 evap=0 rough=0 back_s=0
# LEDGER t=330.000 mode=3 sum_err=0 max|E-iEu|=1.110e-16 run_max_diff=0.000e+00 run_max_sum_err=0 steps=16500 E0_int=9743389760869566 sum=9743389760869566
# NETG t=330.00 gates min=0.0612 mean=0.3707 edges=3
# PIN t=330.00 R=-0.601218933 nv=3
# SLIP t=330.00 e=0 psi=+2.1669 unw=+278.628 nu_win=+0.114273 dwb_win=+0.575945
# SLIP t=330.00 e=1 psi=+2.0347 unw=-205.310 nu_win=-0.117708 dwb_win=-0.575917
# SLIP t=330.00 e=2 psi=-0.0615 unw=+0.022 nu_win=-0.003498 dwb_win=+0.000020
335.000	9740.64154	2.79529678	0	0.877087937	9743.38976087	1.867e-16	57689	11.073	10.470	12.419	0.987	0.0000	0.8391	0.43319	0.8499	0.9873	1.62275	1.64997	0.0000	0.0000	0.0000	0.00039998	0.0014492	-0.00099904	0	0	0
# CONV t=335.00 cond=0 evap=0 rough=0 back_s=0
# LEDGER t=335.000 mode=3 sum_err=0 max|E-iEu|=1.110e-16 run_max_diff=0.000e+00 run_max_sum_err=0 steps=16750 E0_int=9743389760869566 sum=9743389760869566
# NETG t=335.00 gates min=0.0026 mean=0.4682 edges=3
# PIN t=335.00 R=-0.924159767 nv=3
# SLIP t=335.00 e=0 psi=-0.2769 unw=+282.467 nu_win=+0.122211 dwb_win=+0.604710
# SLIP t=335.00 e=1 psi=-1.6202 unw=-208.965 nu_win=-0.116339 dwb_win=-0.604484
# SLIP t=335.00 e=2 psi=+0.1264 unw=+0.210 nu_win=+0.005981 dwb_win=+0.000186
340.000	9740.64154	2.79493785	0	0.702952441	9743.38976087	1.867e-16	57689	11.079	10.469	12.414	0.988	0.0000	0.8391	0.43571	0.8499	0.9873	1.62373	1.64997	0.0000	0.0000	0.0000	-0.0011767	0.002213	-0.0036365	0	0	0
# CONV t=340.00 cond=0 evap=0 rough=0 back_s=0
# LEDGER t=340.000 mode=3 sum_err=0 max|E-iEu|=1.110e-16 run_max_diff=0.000e+00 run_max_sum_err=0 steps=17000 E0_int=9743389760869566 sum=9743389760869566
# NETG t=340.00 gates min=0.0000 mean=0.5052 edges=3
# PIN t=340.00 R=-0.749665347 nv=3
# SLIP t=340.00 e=0 psi=-2.9395 unw=+286.088 nu_win=+0.115248 dwb_win=+0.576322
# SLIP t=340.00 e=1 psi=+0.9366 unw=-212.692 nu_win=-0.118614 dwb_win=-0.576355
# SLIP t=340.00 e=2 psi=+0.0185 unw=+0.102 nu_win=-0.003437 dwb_win=-0.000049
345.000	9740.64154	2.79958504	0	0.512257905	9743.38976087	1.867e-16	57689	11.073	10.477	12.413	0.988	0.0000	0.8391	0.43817	0.8499	0.9873	1.62204	1.64997	0.0000	0.0000	0.0000	0.00098601	0.0017967	-0.0032633	0	0	0
# CONV t=345.00 cond=0 evap=0 rough=0 back_s=0
# LEDGER t=345.000 mode=3 sum_err=0 max|E-iEu|=1.110e-16 run_max_diff=0.000e+00 run_max_sum_err=0 steps=17250 E0_int=9743389760869566 sum=9743389760869566
# NETG t=345.00 gates min=0.0000 mean=0.4705 edges=3
# PIN t=345.00 R=-0.563617996 nv=3
# SLIP t=345.00 e=0 psi=+0.9386 unw=+289.966 nu_win=+0.123443 dwb_win=+0.591993
# SLIP t=345.00 e=1 psi=-2.7710 unw=-216.399 nu_win=-0.118017 dwb_win=-0.591824
# SLIP t=345.00 e=2 psi=+0.1923 unw=+0.275 nu_win=+0.005534 dwb_win=+0.000151
350.000	9740.64154	2.80180649	0	0.840519686	9743.38976087	1.867e-16	57689	11.079	10.463	12.409	0.985	0.0000	0.8391	0.44055	0.8499	0.9873	1.62303	1.64997	0.0000	0.0000	0.0000	-0.0031497	0.0019547	-0.001396	0	0	0
# CONV t=350.00 cond=0 evap=0 rough=0 back_s=0
# LEDGER t=350.000 mode=3 sum_err=0 max|E-iEu|=1.110e-16 run_max_diff=0.000e+00 run_max_sum_err=0 steps=17500 E0_int=9743389760869566 sum=9743389760869566
# NETG t=350.00 gates min=0.0007 mean=0.4881 edges=3
# PIN t=350.00 R=-0.894101232 nv=3
# SLIP t=350.00 e=0 psi=-1.7705 unw=+293.540 nu_win=+0.113768 dwb_win=+0.581833
# SLIP t=350.00 e=1 psi=-0.1629 unw=-220.074 nu_win=-0.116983 dwb_win=-0.581661
# SLIP t=350.00 e=2 psi=+0.0885 unw=+0.172 nu_win=-0.003305 dwb_win=+0.000143
355.000	9740.64154	2.79485921	0	0.66207384	9743.38976087	0.000e+00	57689	11.078	10.477	12.410	0.986	0.0000	0.8391	0.44258	0.8499	0.9873	1.62414	1.64997	0.0000	0.0000	0.0000	-0.0012781	0.0011809	-0.00094726	0	0	0
# CONV t=355.00 cond=0 evap=0 rough=0 back_s=0
# LEDGER t=355.000 mode=3 sum_err=0 max|E-iEu|=1.110e-16 run_max_diff=0.000e+00 run_max_sum_err=0 steps=17750 E0_int=9743389760869566 sum=9743389760869566
# NETG t=355.00 gates min=0.0371 mean=0.3869 edges=3
# PIN t=355.00 R=-0.708708108 nv=3
# SLIP t=355.00 e=0 psi=+1.8382 unw=+297.148 nu_win=+0.114868 dwb_win=+0.572911
# SLIP t=355.00 e=1 psi=+2.3999 unw=-223.795 nu_win=-0.118422 dwb_win=-0.572546
# SLIP t=355.00 e=2 psi=-0.0250 unw=+0.058 nu_win=-0.003613 dwb_win=+0.000314
360.000	9740.64154	2.79603051	0	0.998312122	9743.38976087	3.734e-16	57689	11.078	10.472	12.415	0.986	0.0000	0.8391	0.44472	0.8499	0.9873	1.62234	1.64997	0.0000	0.0000	0.0000	-0.0024144	0.0031048	0.00060513	0	0	0
# CONV t=360.00 cond=0 evap=0 rough=0 back_s=0
# LEDGER t=360.000 mode=3 sum_err=0 max|E-iEu|=1.110e-16 run_max_diff=0.000e+00 run_max_sum_err=0 steps=18000 E0_int=9743389760869566 sum=9743389760869566
# NETG t=360.00 gates min=0.0337 mean=0.4016 edges=3
# PIN t=360.00 R=-1.04611768 nv=3
# SLIP t=360.00 e=0 psi=-0.6000 unw=+300.993 nu_win=+0.122389 dwb_win=+0.596548
# SLIP t=360.00 e=1 psi=-1.2566 unw=-227.451 nu_win=-0.116388 dwb_win=-0.595854
# SLIP t=360.00 e=2 psi=+0.1667 unw=+0.250 nu_win=+0.006101 dwb_win=+0.000656
365.000	9740.64154	2.80040315	0	0.801136538	9743.38976087	0.000e+00	57689	11.086	10.468	12.415	0.986	0.0000	0.8391	0.44672	0.8499	0.9873	1.62341	1.64997	0.0000	0.0000	0.0000	-0.00024491	0.0029175	-0.00030932	0	0	0
# CONV t=365.00 cond=0 evap=0 rough=0 back_s=0
# LEDGER t=365.000 mode=3 sum_err=0 max|E-iEu|=1.110e-16 run_max_diff=0.000e+00 run_max_sum_err=0 steps=18250 E0_int=9743389760869566 sum=9743389760869566
# NETG t=365.00 gates min=0.0002 mean=0.5024 edges=3
# PIN t=365.00 R=-0.853314747 nv=3
# SLIP t=365.00 e=0 psi=+3.0370 unw=+304.630 nu_win=+0.115771 dwb_win=+0.575422
# SLIP t=365.00 e=1 psi=+1.2769 unw=-231.201 nu_win=-0.119359 dwb_win=-0.575190
# SLIP t=365.00 e=2 psi=+0.0525 unw=+0.136 nu_win=-0.003635 dwb_win=+0.000208
370.000	9740.64154	2.79721065	0	0.615904539	9743.38976087	1.867e-16	57689	11.079	10.473	12.412	0.986	0.0000	0.8391	0.44868	0.8499	0.9873	1.62451	1.64997	0.0000	0.0000	0.0000	-0.0010068	0.0033524	-0.0030172	0	0	0
# CONV t=370.00 cond=0 evap=0 rough=0 back_s=0
# LEDGER t=370.000 mode=3 sum_err=0 max|E-iEu|=1.110e-16 run_max_diff=0.000e+00 run_max_sum_err=0 steps=18500 E0_int=9743389760869566 sum=9743389760869566
# NETG t=370.00 gates min=0.1359 mean=0.4083 edges=3
# PIN t=370.00 R=-0.664890241 nv=3
# SLIP t=370.00 e=0 psi=-1.0620 unw=+306.815 nu_win=+0.069522 dwb_win=+0.568614
# SLIP t=370.00 e=1 psi=+1.1042 unw=-237.657 nu_win=-0.205497 dwb_win=-0.568440
# SLIP t=370.00 e=2 psi=-0.0619 unw=+0.021 nu_win=-0.003641 dwb_win=+0.000174
375.000	9740.64154	2.80635106	0	0.935392981	9743.38976087	1.867e-16	57689	11.075	10.476	12.411	0.984	0.0000	0.8391	0.45088	0.8499	0.9873	1.62270	1.64997	0.0000	0.0000	0.0000	-0.00027663	0.0025414	-0.0031368	0	0	0
# CONV t=375.00 cond=0 evap=0 rough=0 back_s=0
# LEDGER t=375.000 mode=3 sum_err=0 max|E-iEu|=1.110e-16 run_max_diff=0.000e+00 run_max_sum_err=0 steps=18750 E0_int=9743389760869566 sum=9743389760869566
# NETG t=375.00 gates min=0.0000 mean=0.4925 edges=3
# PIN t=375.00 R=-0.993519096 nv=3
# SLIP t=375.00 e=0 psi=-2.0732 unw=+312.087 nu_win=+0.167813 dwb_win=+0.600545
# SLIP t=375.00 e=1 psi=+0.1692 unw=-238.592 nu_win=-0.029760 dwb_win=-0.600373
# SLIP t=375.00 e=2 psi=+0.1189 unw=+0.202 nu_win=+0.005754 dwb_win=+0.000149
380.000	9740.64154	2.79912865	0	0.752917106	9743.38976087	3.734e-16	57689	11.080	10.476	12.412	0.986	0.0000	0.8391	0.45274	0.8499	0.9873	1.62383	1.64997	0.0000	0.0000	0.0000	-0.0016178	0.0011629	0.00074898	0	0	0
# CONV t=380.00 cond=0 evap=0 rough=0 back_s=0
# LEDGER t=380.000 mode=3 sum_err=0 max|E-iEu|=1.110e-16 run_max_diff=0.000e+00 run_max_sum_err=0 steps=19000 E0_int=9743389760869566 sum=9743389760869566
# NETG t=380.00 gates min=0.0049 mean=0.4456 edges=3
# PIN t=380.00 R=-0.803820809 nv=3
# SLIP t=380.00 e=0 psi=+1.5390 unw=+315.699 nu_win=+0.114981 dwb_win=+0.577189
# SLIP t=380.00 e=1 psi=+2.7321 unw=-242.312 nu_win=-0.118422 dwb_win=-0.577354
# SLIP t=380.00 e=2 psi=+0.0093 unw=+0.092 nu_win=-0.003487 dwb_win=-0.000141
385.000	9740.64154	2.80929327	0	1.05285732	9743.38976087	0.000e+00	57689	11.083	10.474	12.413	0.983	0.0000	0.8391	0.45459	0.8499	0.9873	1.62221	1.64996	0.0000	0.0000	0.0000	-0.00087992	0.0010596	0.00028402	0	0	0
# CONV t=385.00 cond=0 evap=0 rough=0 back_s=0
# LEDGER t=385.000 mode=3 sum_err=0 max|E-iEu|=1.110e-16 run_max_diff=0.000e+00 run_max_sum_err=0 steps=19250 E0_int=9743389760869566 sum=9743389760869566
# NETG t=385.00 gates min=0.1615 mean=0.3704 edges=3
# PIN t=385.00 R=-1.11392565 nv=3
# SLIP t=385.00 e=0 psi=-0.9367 unw=+319.506 nu_win=+0.121195 dwb_win=+0.595383
# SLIP t=385.00 e=1 psi=-0.9035 unw=-245.948 nu_win=-0.115724 dwb_win=-0.594919
# SLIP t=385.00 e=2 psi=+0.1844 unw=+0.267 nu_win=+0.005571 dwb_win=+0.000411
390.000	9740.64154	2.8051072	0	0.880924528	9743.38976087	1.867e-16	57689	11.075	10.470	12.410	0.984	0.0000	0.8391	0.45658	0.8499	0.9873	1.62318	1.64996	0.0000	0.0000	0.0000	-0.00091841	0.00015449	-0.0039697	0	0	0
# CONV t=390.00 cond=0 evap=0 rough=0 back_s=0
# LEDGER t=390.000 mode=3 sum_err=0 max|E-iEu|=1.110e-16 run_max_diff=0.000e+00 run_max_sum_err=0 steps=19500 E0_int=9743389760869566 sum=9743389760869566
# NETG t=390.00 gates min=0.0051 mean=0.4533 edges=3
# PIN t=390.00 R=-0.937806779 nv=3
# SLIP t=390.00 e=0 psi=+2.6929 unw=+323.136 nu_win=+0.115535 dwb_win=+0.583297
# SLIP t=390.00 e=1 psi=+1.6453 unw=-249.682 nu_win=-0.118867 dwb_win=-0.583726
# SLIP t=390.00 e=2 psi=+0.0778 unw=+0.161 nu_win=-0.003392 dwb_win=-0.000402
395.000	9740.64154	2.80793371	0	0.700507193	9743.38976087	1.867e-16	57689	11.068	10.481	12.412	0.982	0.0000	0.8391	0.45857	0.8499	0.9873	1.62421	1.64996	0.0000	0.0000	0.0000	-0.0003898	0.0021556	-0.0026622	0	0	0
# CONV t=395.00 cond=0 evap=0 rough=0 back_s=0
# LEDGER t=395.000 mode=3 sum_err=0 max|E-iEu|=1.110e-16 run_max_diff=0.000e+00 run_max_sum_err=0 steps=19750 E0_int=9743389760869566 sum=9743389760869566
# NETG t=395.00 gates min=0.0000 mean=0.5168 edges=3
# PIN t=395.00 R=-0.760215963 nv=3
# SLIP t=395.00 e=0 psi=+0.0116 unw=+326.738 nu_win=+0.114650 dwb_win=+0.575526
# SLIP t=395.00 e=1 psi=-2.0621 unw=-253.389 nu_win=-0.118011 dwb_win=-0.574950
# SLIP t=395.00 e=2 psi=-0.0298 unw=+0.053 nu_win=-0.003426 dwb_win=+0.000509
400.000	9740.64154	2.80947178	0	1.01471603	9743.38976087	1.867e-16	57689	11.073	10.483	12.407	0.983	0.0000	0.8391	0.46067	0.8499	0.9873	1.62251	1.64996	0.0000	0.0000	0.0000	-0.0020126	0.001898	0.0002422	0	0	0
# CONV t=400.00 cond=0 evap=0 rough=0 back_s=0
# LEDGER t=400.000 mode=3 sum_err=0 max|E-iEu|=1.110e-16 run_max_diff=0.000e+00 run_max_sum_err=0 steps=20000 E0_int=9743389760869566 sum=9743389760869566
# NETG t=400.00 gates min=0.0000 mean=0.4592 edges=3
# PIN t=400.00 R=-1.07596287 nv=3
# SLIP t=400.00 e=0 psi=-2.4519 unw=+330.557 nu_win=+0.121585 dwb_win=+0.601430
# SLIP t=400.00 e=1 psi=+0.5692 unw=-257.041 nu_win=-0.116245 dwb_win=-0.601790
# SLIP t=400.00 e=2 psi=+0.1410 unw=+0.224 nu_win=+0.005439 dwb_win=-0.000341
405.000	9740.64154	2.79984887	0	0.853348884	9743.38976087	1.867e-16	57689	11.079	10.486	12.406	0.985	0.0000	0.8391	0.46257	0.8499	0.9873	1.62352	1.64996	0.0000	0.0000	0.0000	-0.0031103	-0.00055934	0.000459	0	0	0
# CONV t=405.00 cond=0 evap=0 rough=0 back_s=0
# LEDGER t=405.000 mode=3 sum_err=0 max|E-iEu|=1.110e-16 run_max_diff=0.000e+00 run_max_sum_err=0 steps=20250 E0_int=9743389760869566 sum=9743389760869566
# NETG t=405.00 gates min=0.0001 mean=0.5076 edges=3
# PIN t=405.00 R=-0.904972812 nv=3
# SLIP t=405.00 e=0 psi=+1.1646 unw=+334.174 nu_win=+0.115117 dwb_win=+0.580497
# SLIP t=405.00 e=1 psi=+3.1386 unw=-260.755 nu_win=-0.118211 dwb_win=-0.583385
# SLIP t=405.00 e=2 psi=+0.0420 unw=+0.125 nu_win=-0.003151 dwb_win=+0.000310
410.000	9740.64154	2.81006956	0	0.660875537	9743.38976087	1.867e-16	57689	11.079	10.471	12.413	0.982	0.0000	0.8391	0.46434	0.8499	0.9873	1.62463	1.64996	0.0000	0.0000	0.0000	-0.0014949	0.00051429	-0.0025836	0	0	0
# CONV t=410.00 cond=0 evap=0 rough=0 back_s=0
# LEDGER t=410.000 mode=3 sum_err=0 max|E-iEu|=1.110e-16 run_max_diff=0.000e+00 run_max_sum_err=0 steps=20500 E0_int=9743389760869566 sum=9743389760869566
# NETG t=410.00 gates min=0.0030 mean=0.3315 edges=3
# PIN t=410.00 R=-0.722720156 nv=3
# SLIP t=410.00 e=0 psi=+1.6044 unw=+340.897 nu_win=+0.213998 dwb_win=+0.577802
# SLIP t=410.00 e=1 psi=-1.5782 unw=-265.472 nu_win=-0.150142 dwb_win=-0.577825
# SLIP t=410.00 e=2 psi=-0.0694 unw=+0.014 nu_win=-0.003548 dwb_win=-0.000013
415.000	9740.64154	2.79965865	0	0.975731702	9743.38976087	3.734e-16	57689	11.088	10.486	12.409	0.985	0.0000	0.8391	0.46589	0.8499	0.9873	1.62295	1.64996	0.0000	0.0000	0.0000	-0.0058217	0.0018376	-0.0010601	0	0	0
# CONV t=415.00 cond=0 evap=0 rough=0 back_s=0
# LEDGER t=415.000 mode=3 sum_err=0 max|E-iEu|=1.110e-16 run_max_diff=0.000e+00 run_max_sum_err=0 steps=20750 E0_int=9743389760869566 sum=9743389760869566
# NETG t=415.00 gates min=0.0741 mean=0.3845 edges=3
# PIN t=415.00 R=-1.02716541 nv=3
# SLIP t=415.00 e=0 psi=+2.2894 unw=+341.582 nu_win=+0.021805 dwb_win=+0.599754
# SLIP t=415.00 e=1 psi=+2.0727 unw=-268.104 nu_win=-0.083788 dwb_win=-0.606183
# SLIP t=415.00 e=2 psi=+0.1020 unw=+0.185 nu_win=+0.005456 dwb_win=+0.000009
420.000	9740.64154	2.81284966	0	0.795185459	9743.38976087	1.867e-16	57689	11.080	10.489	12.415	0.981	0.0000	0.8391	0.46756	0.8499	0.9873	1.62391	1.64996	0.0000	0.0000	0.0000	-0.0031583	0.0015032	0.00028901	0	0	0
# CONV t=420.00 cond=0 evap=0 rough=0 back_s=0
# LEDGER t=420.000 mode=3 sum_err=0 max|E-iEu|=1.110e-16 run_max_diff=0.000e+00 run_max_sum_err=0 steps=21000 E0_int=9743389760869566 sum=9743389760869566
# NETG t=420.00 gates min=0.0024 mean=0.4588 edges=3
# PIN t=420.00 R=-0.859810175 nv=3
# SLIP t=420.00 e=0 psi=-0.3853 unw=+345.190 nu_win=+0.114864 dwb_win=+0.577706
# SLIP t=420.00 e=1 psi=-1.6315 unw=-271.808 nu_win=-0.117907 dwb_win=-0.580638
# SLIP t=420.00 e=2 psi=+0.0043 unw=+0.087 nu_win=-0.003111 dwb_win=+0.000294
425.000	9740.64154	2.80792596	0	1.1219612	9743.38976087	1.867e-16	57689	11.075	10.483	12.410	0.983	0.0000	0.8391	0.46921	0.8499	0.9873	1.62218	1.64996	0.0000	0.0000	0.0000	0.00088465	0.00060495	-0.0030488	0	0	0
# CONV t=425.00 cond=0 evap=0 rough=0 back_s=0
# LEDGER t=425.000 mode=3 sum_err=0 max|E-iEu|=1.110e-16 run_max_diff=0.000e+00 run_max_sum_err=0 steps=21250 E0_int=9743389760869566 sum=9743389760869566
# NETG t=425.00 gates min=0.0000 mean=0.4654 edges=3
# PIN t=425.00 R=-1.18166221 nv=3
# SLIP t=425.00 e=0 psi=-2.8660 unw=+348.993 nu_win=+0.121036 dwb_win=+0.597378
# SLIP t=425.00 e=1 psi=+1.0094 unw=-275.451 nu_win=-0.115940 dwb_win=-0.597158
# SLIP t=425.00 e=2 psi=+0.1677 unw=+0.251 nu_win=+0.005201 dwb_win=+0.000207
430.000	9740.64154	2.81385125	0	0.9339809	9743.38976087	0.000e+00	57689	11.083	10.470	12.412	0.980	0.0000	0.8391	0.47059	0.8499	0.9873	1.62323	1.64996	0.0000	0.0000	0.0000	-0.0029419	0.0027021	0.0013376	0	0	0
# CONV t=430.00 cond=0 evap=0 rough=0 back_s=0
# LEDGER t=430.000 mode=3 sum_err=0 max|E-iEu|=1.110e-16 run_max_diff=0.000e+00 run_max_sum_err=0 steps=21500 E0_int=9743389760869566 sum=9743389760869566
# NETG t=430.00 gates min=0.0000 mean=0.5040 edges=3
# PIN t=430.00 R=-0.999607208 nv=3
# SLIP t=430.00 e=0 psi=+0.7520 unw=+352.611 nu_win=+0.115165 dwb_win=+0.575481
# SLIP t=430.00 e=1 psi=-2.7014 unw=-279.162 nu_win=-0.118117 dwb_win=-0.574898
# SLIP t=430.00 e=2 psi=+0.0720 unw=+0.155 nu_win=-0.003045 dwb_win=+0.000513
435.000	9740.64154	2.81514774	0	0.759026439	9743.38976087	0.000e+00	57689	11.080	10.493	12.395	0.981	0.0000	0.8391	0.47184	0.8499	0.9873	1.62427	1.64996	0.0000	0.0000	0.0000	-0.0030312	0.0021893	0.00040375	0	0	0
# CONV t=435.00 cond=0 evap=0 rough=0 back_s=0
# LEDGER t=435.000 mode=3 sum_err=0 max|E-iEu|=1.110e-16 run_max_diff=0.000e+00 run_max_sum_err=0 steps=21750 E0_int=9743389760869566 sum=9743389760869566
# NETG t=435.00 gates min=0.0001 mean=0.4998 edges=3
# PIN t=435.00 R=-0.825949239 nv=3
# SLIP t=435.00 e=0 psi=-1.9402 unw=+356.202 nu_win=+0.114303 dwb_win=+0.569265
# SLIP t=435.00 e=1 psi=-0.1191 unw=-282.862 nu_win=-0.117805 dwb_win=-0.575539
# SLIP t=435.00 e=2 psi=-0.0393 unw=+0.044 nu_win=-0.003542 dwb_win=+0.000156
440.000	9740.64154	2.81318774	0	1.06188022	9743.38976087	1.867e-16	57689	11.073	10.470	12.405	0.981	0.0000	0.8391	0.47288	0.8499	0.9873	1.62266	1.64996	0.0000	0.0000	0.0000	-0.00056674	-0.00032212	0.0005687	0	0	0
# CONV t=440.00 cond=0 evap=0 rough=0 back_s=0
# LEDGER t=440.000 mode=3 sum_err=0 max|E-iEu|=1.110e-16 run_max_diff=0.000e+00 run_max_sum_err=0 steps=22000 E0_int=9743389760869566 sum=9743389760869566
# NETG t=440.00 gates min=0.0424 mean=0.3979 edges=3
# PIN t=440.00 R=-1.12684301 nv=3
# SLIP t=440.00 e=0 psi=+1.8678 unw=+360.010 nu_win=+0.121214 dwb_win=+0.600330
# SLIP t=440.00 e=1 psi=+2.5242 unw=-286.502 nu_win=-0.115861 dwb_win=-0.597052
# SLIP t=440.00 e=2 psi=+0.1321 unw=+0.215 nu_win=+0.005454 dwb_win=+0.000057
445.000	9740.64154	2.81149731	0	0.887252273	9743.38976087	0.000e+00	57689	11.079	10.482	12.411	0.981	0.0000	0.8391	0.47384	0.8499	0.9873	1.62365	1.64996	0.0000	0.0000	0.0000	-0.0026856	0.0021921	-0.00028915	0	0	0
# CONV t=445.00 cond=0 evap=0 rough=0 back_s=0
# LEDGER t=445.000 mode=3 sum_err=0 max|E-iEu|=1.110e-16 run_max_diff=0.000e+00 run_max_sum_err=0 steps=22250 E0_int=9743389760869566 sum=9743389760869566
# NETG t=445.00 gates min=0.0513 mean=0.3846 edges=3
# PIN t=445.00 R=-0.950524636 nv=3
# SLIP t=445.00 e=0 psi=-0.8101 unw=+363.615 nu_win=+0.114760 dwb_win=+0.576122
# SLIP t=445.00 e=1 psi=-1.1813 unw=-290.208 nu_win=-0.117947 dwb_win=-0.576003
# SLIP t=445.00 e=2 psi=+0.0305 unw=+0.114 nu_win=-0.003234 dwb_win=+0.000133
450.000	9740.64154	2.81138385	0	0.725312953	9743.38976087	1.867e-16	57689	11.075	10.485	12.399	0.981	0.0000	0.8391	0.47481	0.8499	0.9873	1.62459	1.64996	0.0000	0.0000	0.0000	0.0046061	0.0028089	-0.0017465	0	0	0
# CONV t=450.00 cond=0 evap=0 rough=0 back_s=0
# LEDGER t=450.000 mode=3 sum_err=0 max|E-iEu|=1.110e-16 run_max_diff=0.000e+00 run_max_sum_err=0 steps=22500 E0_int=9743389760869566 sum=9743389760869566
# NETG t=450.00 gates min=0.0000 mean=0.3296 edges=3
# PIN t=450.00 R=-0.788471863 nv=3
# SLIP t=450.00 e=0 psi=-2.1703 unw=+368.538 nu_win=+0.156701 dwb_win=+0.576018
# SLIP t=450.00 e=1 psi=+2.1848 unw=-293.125 nu_win=-0.092854 dwb_win=-0.576110
# SLIP t=450.00 e=2 psi=-0.0758 unw=+0.007 nu_win=-0.003383 dwb_win=-0.000102
455.000	9740.64154	2.8156312	0	1.04526647	9743.38976087	1.867e-16	57689	11.072	10.478	12.413	0.981	0.0000	0.8391	0.47591	0.8499	0.9873	1.62284	1.64995	0.0000	0.0000	0.0000	0.0012908	0.00083911	-0.000607	0	0	0
# CONV t=455.00 cond=0 evap=0 rough=0 back_s=0
# LEDGER t=455.000 mode=3 sum_err=0 max|E-iEu|=1.110e-16 run_max_diff=0.000e+00 run_max_sum_err=0 steps=22750 E0_int=9743389760869566 sum=9743389760869566
# NETG t=455.00 gates min=0.0000 mean=0.4971 edges=3
# PIN t=455.00 R=-1.11267272 nv=3
# SLIP t=455.00 e=0 psi=+0.3242 unw=+371.033 nu_win=+0.079404 dwb_win=+0.599819
# SLIP t=455.00 e=1 psi=-2.2400 unw=-297.550 nu_win=-0.140846 dwb_win=-0.596593
# SLIP t=455.00 e=2 psi=+0.1073 unw=+0.190 nu_win=+0.005830 dwb_win=+0.000033
460.000	9740.64154	2.81209617	0	0.867742074	9743.38976087	0.000e+00	57689	11.089	10.501	12.394	0.981	0.0000	0.8391	0.47687	0.8499	0.9873	1.62392	1.64995	0.0000	0.0000	0.0000	0.000252	0.00088776	-0.00067671	0	0	0
# CONV t=460.00 cond=0 evap=0 rough=0 back_s=0
# LEDGER t=460.000 mode=3 sum_err=0 max|E-iEu|=1.110e-16 run_max_diff=0.000e+00 run_max_sum_err=0 steps=23000 E0_int=9743389760869566 sum=9743389760869566
# NETG t=460.00 gates min=0.0000 mean=0.5049 edges=3
# PIN t=460.00 R=-0.9316133 nv=3
# SLIP t=460.00 e=0 psi=-2.3544 unw=+374.637 nu_win=+0.114736 dwb_win=+0.579390
# SLIP t=460.00 e=1 psi=+0.3305 unw=-301.262 nu_win=-0.118178 dwb_win=-0.579320
# SLIP t=460.00 e=2 psi=-0.0027 unw=+0.080 nu_win=-0.003503 dwb_win=+0.000034
465.000	9740.64154	2.81940775	0	1.16794275	9743.38976087	0.000e+00	57689	11.093	10.484	12.406	0.980	0.0000	0.8391	0.47807	0.8499	0.9873	1.62232	1.64995	0.0000	0.0000	0.0000	-0.00040619	-0.00052916	0.00046037	0	0	0
# CONV t=465.00 cond=0 evap=0 rough=0 back_s=0
# LEDGER t=465.000 mode=3 sum_err=0 max|E-iEu|=1.110e-16 run_max_diff=0.000e+00 run_max_sum_err=0 steps=23250 E0_int=9743389760869566 sum=9743389760869566
# NETG t=465.00 gates min=0.0022 mean=0.4707 edges=3
# PIN t=465.00 R=-1.23912556 nv=3
# SLIP t=465.00 e=0 psi=+1.4467 unw=+378.438 nu_win=+0.120994 dwb_win=+0.597931
# SLIP t=465.00 e=1 psi=+2.9800 unw=-304.896 nu_win=-0.115664 dwb_win=-0.598045
# SLIP t=465.00 e=2 psi=+0.1674 unw=+0.250 nu_win=+0.005414 dwb_win=-0.000142
470.000	9740.64154	2.81356133	0	0.995981394	9743.38976087	1.867e-16	57689	11.089	10.494	12.405	0.981	0.0000	0.8391	0.47899	0.8499	0.9873	1.62329	1.64995	0.0000	0.0000	0.0000	-0.0002721	-0.002095	0.0012828	0	0	0
# CONV t=470.00 cond=0 evap=0 rough=0 back_s=0
# LEDGER t=470.000 mode=3 sum_err=0 max|E-iEu|=1.110e-16 run_max_diff=0.000e+00 run_max_sum_err=0 steps=23500 E0_int=9743389760869566 sum=9743389760869566
# NETG t=470.00 gates min=0.0429 mean=0.3920 edges=3
# PIN t=470.00 R=-1.06131778 nv=3
# SLIP t=470.00 e=0 psi=-1.2142 unw=+382.061 nu_win=+0.115300 dwb_win=+0.582081
# SLIP t=470.00 e=1 psi=-0.7400 unw=-308.616 nu_win=-0.118411 dwb_win=-0.584894
# SLIP t=470.00 e=2 psi=+0.0682 unw=+0.151 nu_win=-0.003159 dwb_win=+0.000386
475.000	9740.64154	2.81543335	0	0.828650387	9743.38976087	0.000e+00	57689	11.093	10.491	12.406	0.981	0.0000	0.8391	0.47997	0.8499	0.9873	1.62426	1.64995	0.0000	0.0000	0.0000	0.0017667	0.0030302	-0.002224	0	0	0
# CONV t=475.00 cond=0 evap=0 rough=0 back_s=0
# LEDGER t=475.000 mode=3 sum_err=0 max|E-iEu|=1.110e-16 run_max_diff=0.000e+00 run_max_sum_err=0 steps=23750 E0_int=9743389760869566 sum=9743389760869566
# NETG t=475.00 gates min=0.0206 mean=0.3975 edges=3
# PIN t=475.00 R=-0.895858798 nv=3
# SLIP t=475.00 e=0 psi=+2.3796 unw=+385.654 nu_win=+0.114394 dwb_win=+0.574204
# SLIP t=475.00 e=1 psi=+1.8421 unw=-312.317 nu_win=-0.117809 dwb_win=-0.574659
# SLIP t=475.00 e=2 psi=-0.0409 unw=+0.042 nu_win=-0.003472 dwb_win=-0.000440
480.000	9740.64154	2.81687165	0	1.15826029	9743.38976087	0.000e+00	57689	11.079	10.479	12.405	0.981	0.0000	0.8391	0.48101	0.8499	0.9873	1.62246	1.64995	0.0000	0.0000	0.0000	0.0002809	0.00059684	-0.0018258	0	0	0
# CONV t=480.00 cond=0 evap=0 rough=0 back_s=0
# LEDGER t=480.000 mode=3 sum_err=0 max|E-iEu|=1.110e-16 run_max_diff=0.000e+00 run_max_sum_err=0 steps=24000 E0_int=9743389760869566 sum=9743389760869566
# NETG t=480.00 gates min=0.0005 mean=0.4899 edges=3
# PIN t=480.00 R=-1.22690699 nv=3
# SLIP t=480.00 e=0 psi=-0.0695 unw=+389.489 nu_win=+0.122043 dwb_win=+0.600909
# SLIP t=480.00 e=1 psi=-1.8085 unw=-315.968 nu_win=-0.116203 dwb_win=-0.600328
# SLIP t=480.00 e=2 psi=+0.1457 unw=+0.229 nu_win=+0.005941 dwb_win=+0.000511
485.000	9740.64154	2.82138448	0	0.9774086	9743.38976087	1.867e-16	57689	11.079	10.483	12.408	0.978	0.0000	0.8391	0.48191	0.8499	0.9873	1.62351	1.64995	0.0000	0.0000	0.0000	0.0016312	0.0012133	-0.0023887	0	0	0
# CONV t=485.00 cond=0 evap=0 rough=0 back_s=0
# LEDGER t=485.000 mode=3 sum_err=0 max|E-iEu|=1.110e-16 run_max_diff=0.000e+00 run_max_sum_err=0 steps=24250 E0_int=9743389760869566 sum=9743389760869566
# NETG t=485.00 gates min=0.0000 mean=0.4918 edges=3
# PIN t=485.00 R=-1.05056814 nv=3
# SLIP t=485.00 e=0 psi=-2.7272 unw=+393.114 nu_win=+0.115405 dwb_win=+0.577745
# SLIP t=485.00 e=1 psi=+0.7437 unw=-319.699 nu_win=-0.118760 dwb_win=-0.578142
# SLIP t=485.00 e=2 psi=+0.0383 unw=+0.121 nu_win=-0.003419 dwb_win=-0.000382
490.000	9740.64154	2.81755145	0	0.796194137	9743.38976087	0.000e+00	57689	11.095	10.489	12.408	0.981	0.0000	0.8391	0.48277	0.8499	0.9873	1.62464	1.64995	0.0000	0.0000	0.0000	-0.00039321	0.0011353	-0.0011697	0	0	0
# CONV t=490.00 cond=0 evap=0 rough=0 back_s=0
# LEDGER t=490.000 mode=3 sum_err=0 max|E-iEu|=1.110e-16 run_max_diff=0.000e+00 run_max_sum_err=0 steps=24500 E0_int=9743389760869566 sum=9743389760869566
# NETG t=490.00 gates min=0.6345 mean=0.7082 edges=3
# PIN t=490.00 R=-0.865520641 nv=3
# SLIP t=490.00 e=0 psi=+0.4746 unw=+396.316 nu_win=+0.101917 dwb_win=+0.578222
# SLIP t=490.00 e=1 psi=-0.4585 unw=-320.901 nu_win=-0.038267 dwb_win=-0.577736
# SLIP t=490.00 e=2 psi=-0.0753 unw=+0.008 nu_win=-0.003616 dwb_win=+0.000417
495.000	9740.64154	2.82414745	0	1.13068841	9743.38976087	0.000e+00	57689	11.087	10.479	12.398	0.978	0.0000	0.8391	0.48368	0.8499	0.9873	1.62277	1.64995	0.0000	0.0000	0.0000	-0.0062271	0.0054414	0.00017914	0	0	0
# CONV t=495.00 cond=0 evap=0 rough=0 back_s=0
# LEDGER t=495.000 mode=3 sum_err=0 max|E-iEu|=1.110e-16 run_max_diff=0.000e+00 run_max_sum_err=0 steps=24750 E0_int=9743389760869566 sum=9743389760869566
# NETG t=495.00 gates min=0.0044 mean=0.4559 edges=3
# PIN t=495.00 R=-1.20661092 nv=3
# SLIP t=495.00 e=0 psi=-1.5569 unw=+400.568 nu_win=+0.135335 dwb_win=+0.594037
# SLIP t=495.00 e=1 psi=-0.3495 unw=-327.075 nu_win=-0.196530 dwb_win=-0.593798
# SLIP t=495.00 e=2 psi=+0.1150 unw=+0.198 nu_win=+0.006058 dwb_win=+0.000215
500.000	9740.64154	2.82162663	0	0.944715813	9743.38976087	1.867e-16	57689	11.093	10.486	12.406	0.978	0.0000	0.8391	0.4845	0.8499	0.9873	1.62385	1.64995	0.0000	0.0000	0.0000	-0.0022341	-5.8044e-05	-0.0028752	0	0	0
# CONV t=500.00 cond=0 evap=0 rough=0 back_s=0
# LEDGER t=500.000 mode=3 sum_err=0 max|E-iEu|=1.110e-16 run_max_diff=0.000e+00 run_max_sum_err=0 steps=25000 E0_int=9743389760869566 sum=9743389760869566
# NETG t=500.00 gates min=0.1184 mean=0.3751 edges=3
# PIN t=500.00 R=-1.0181175 nv=3
# SLIP t=500.00 e=0 psi=+2.0683 unw=+404.193 nu_win=+0.115394 dwb_win=+0.570953
# SLIP t=500.00 e=1 psi=+2.1961 unw=-330.813 nu_win=-0.118974 dwb_win=-0.573952
# SLIP t=500.00 e=2 psi=+0.0016 unw=+0.085 nu_win=-0.003610 dwb_win=+0.000180
505.000	9740.64154	2.82105139	0	1.27947785	9743.38976087	1.867e-16	57689	11.079	10.482	12.408	0.978	0.0000	0.8391	0.48525	0.8499	0.9873	1.62206	1.64995	0.0000	0.0000	0.0000	0.0025689	-0.00089336	-0.0023403	0	0	0
# CONV t=505.00 cond=0 evap=0 rough=0 back_s=0
# LEDGER t=505.000 mode=3 sum_err=0 max|E-iEu|=1.110e-16 run_max_diff=0.000e+00 run_max_sum_err=0 steps=25250 E0_int=9743389760869566 sum=9743389760869566
# NETG t=505.00 gates min=0.0090 mean=0.4394 edges=3
# PIN t=505.00 R=-1.3523043 nv=3
# SLIP t=505.00 e=0 psi=-0.3725 unw=+408.035 nu_win=+0.122305 dwb_win=+0.589647
# SLIP t=505.00 e=1 psi=-1.4609 unw=-334.470 nu_win=-0.116403 dwb_win=-0.589186
# SLIP t=505.00 e=2 psi=+0.1909 unw=+0.274 nu_win=+0.006023 dwb_win=+0.000434
510.000	9740.64154	2.82746039	0	1.09671871	9743.38976087	1.867e-16	57689	11.094	10.501	12.391	0.979	0.0000	0.8391	0.48614	0.8499	0.9873	1.62307	1.64995	0.0000	0.0000	0.0000	-0.0010871	0.0041954	-0.0010063	0	0	0
# CONV t=510.00 cond=0 evap=0 rough=0 back_s=0
# LEDGER t=510.000 mode=3 sum_err=0 max|E-iEu|=1.110e-16 run_max_diff=0.000e+00 run_max_sum_err=0 steps=25500 E0_int=9743389760869566 sum=9743389760869566
# NETG t=510.00 gates min=0.0000 mean=0.4989 edges=3
# PIN t=510.00 R=-1.17595416 nv=3
# SLIP t=510.00 e=0 psi=-3.0059 unw=+411.685 nu_win=+0.116178 dwb_win=+0.575090
# SLIP t=510.00 e=1 psi=+1.0630 unw=-338.229 nu_win=-0.119662 dwb_win=-0.575339
# SLIP t=510.00 e=2 psi=+0.0797 unw=+0.163 nu_win=-0.003539 dwb_win=-0.000248
515.000	9740.64154	2.81605043	0	0.908340066	9743.38976087	0.000e+00	57688	11.103	10.479	12.405	0.980	0.0000	0.8391	0.48693	0.8499	0.9873	1.62428	1.64995	0.0000	0.0000	0.0000	0.00025527	0.00046137	-0.0019101	0	0	0
# CONV t=515.00 cond=0 evap=0 rough=0 back_s=0
# LEDGER t=515.000 mode=3 sum_err=0 max|E-iEu|=1.110e-16 run_max_diff=0.000e+00 run_max_sum_err=0 steps=25750 E0_int=9743389760869566 sum=9743389760869566
# NETG t=515.00 gates min=0.0000 mean=0.5253 edges=3
# PIN t=515.00 R=-0.97616555 nv=3
# SLIP t=515.00 e=0 psi=+0.6140 unw=+415.305 nu_win=+0.115223 dwb_win=+0.571898
# SLIP t=515.00 e=1 psi=-2.6733 unw=-341.965 nu_win=-0.118932 dwb_win=-0.574797
# SLIP t=515.00 e=2 psi=-0.0387 unw=+0.044 nu_win=-0.003768 dwb_win=+0.000312
520.000	9740.64154	2.82635603	0	1.23494703	9743.38976087	1.867e-16	57688	11.095	10.493	12.399	0.977	0.0000	0.8391	0.48754	0.8499	0.9873	1.62247	1.64994	0.0000	0.0000	0.0000	-0.0027572	0.0018318	-0.00097394	0	0	0
# CONV t=520.00 cond=0 evap=0 rough=0 back_s=0
# LEDGER t=520.000 mode=3 sum_err=0 max|E-iEu|=1.110e-16 run_max_diff=0.000e+00 run_max_sum_err=0 steps=26000 E0_int=9743389760869566 sum=9743389760869566
# NETG t=520.00 gates min=0.0004 mean=0.4874 edges=3
# PIN t=520.00 R=-1.31307811 nv=3
# SLIP t=520.00 e=0 psi=-1.8201 unw=+419.154 nu_win=+0.122521 dwb_win=+0.598961
# SLIP t=520.00 e=1 psi=-0.0566 unw=-345.632 nu_win=-0.116707 dwb_win=-0.595950
# SLIP t=520.00 e=2 psi=+0.1464 unw=+0.229 nu_win=+0.005892 dwb_win=-0.000191
525.000	9740.64154	2.82200595	0	1.04236958	9743.38976087	1.867e-16	57688	11.078	10.494	12.406	0.978	0.0000	0.8391	0.48806	0.8499	0.9873	1.62359	1.64994	0.0000	0.0000	0.0000	0.002154	-0.00061677	0.00030372	0	0	0
# CONV t=525.00 cond=0 evap=0 rough=0 back_s=0
# LEDGER t=525.000 mode=3 sum_err=0 max|E-iEu|=1.110e-16 run_max_diff=0.000e+00 run_max_sum_err=0 steps=26250 E0_int=9743389760869566 sum=9743389760869566
# NETG t=525.00 gates min=0.0298 mean=0.4005 edges=3
# PIN t=525.00 R=-1.11615059 nv=3
# SLIP t=525.00 e=0 psi=+1.8038 unw=+422.778 nu_win=+0.115353 dwb_win=+0.575441
# SLIP t=525.00 e=1 psi=+2.4916 unw=-349.367 nu_win=-0.118888 dwb_win=-0.575324
# SLIP t=525.00 e=2 psi=+0.0341 unw=+0.117 nu_win=-0.003576 dwb_win=+0.000091
530.000	9740.64154	2.81997154	0	0.863139454	9743.38976087	0.000e+00	57688	11.086	10.487	12.399	0.979	0.0000	0.8391	0.48868	0.8499	0.9873	1.62465	1.64994	0.0000	0.0000	0.0000	-0.0026802	0.00049694	-0.001817	0	0	0
# CONV t=530.00 cond=0 evap=0 rough=0 back_s=0
# LEDGER t=530.000 mode=3 sum_err=0 max|E-iEu|=1.110e-16 run_max_diff=0.000e+00 run_max_sum_err=0 steps=26500 E0_int=9743389760869566 sum=9743389760869566
# NETG t=530.00 gates min=0.0000 mean=0.3289 edges=3
# PIN t=530.00 R=-0.934886052 nv=3
# SLIP t=530.00 e=0 psi=-2.8370 unw=+424.420 nu_win=+0.052279 dwb_win=+0.579388
# SLIP t=530.00 e=1 psi=+2.8426 unw=-355.299 nu_win=-0.188826 dwb_win=-0.579340
# SLIP t=530.00 e=2 psi=-0.0803 unw=+0.003 nu_win=-0.003640 dwb_win=+0.000067
535.000	9740.64154	2.83175163	0	1.1815538	9743.38976087	0.000e+00	57688	11.075	10.494	12.409	0.975	0.0000	0.8391	0.48915	0.8499	0.9873	1.62283	1.64994	0.0000	0.0000	0.0000	0.0026916	0.00018107	-0.0030128	0	0	0
# CONV t=535.00 cond=0 evap=0 rough=0 back_s=0
# LEDGER t=535.000 mode=3 sum_err=0 max|E-iEu|=1.110e-16 run_max_diff=0.000e+00 run_max_sum_err=0 steps=26750 E0_int=9743389760869566 sum=9743389760869566
# NETG t=535.00 gates min=0.0005 mean=0.4918 edges=3
# PIN t=535.00 R=-1.26508049 nv=3
# SLIP t=535.00 e=0 psi=+2.9759 unw=+430.233 nu_win=+0.185032 dwb_win=+0.591437
# SLIP t=535.00 e=1 psi=+1.3870 unw=-356.755 nu_win=-0.046335 dwb_win=-0.591507
# SLIP t=535.00 e=2 psi=+0.1027 unw=+0.186 nu_win=+0.005825 dwb_win=-0.000081
540.000	9740.64154	2.82126697	0	1.00034408	9743.38976087	0.000e+00	57688	11.082	10.504	12.407	0.980	0.0000	0.8391	0.48942	0.8499	0.9873	1.62400	1.64994	0.0000	0.0000	0.0000	0.0014521	3.71e-05	-0.0016987	0	0	0
# CONV t=540.00 cond=0 evap=0 rough=0 back_s=0
# LEDGER t=540.000 mode=3 sum_err=0 max|E-iEu|=1.110e-16 run_max_diff=0.000e+00 run_max_sum_err=0 steps=27000 E0_int=9743389760869566 sum=9743389760869566
# NETG t=540.00 gates min=0.0000 mean=0.5222 edges=3
# PIN t=540.00 R=-1.0733861 nv=3
# SLIP t=540.00 e=0 psi=+0.2928 unw=+433.833 nu_win=+0.114594 dwb_win=+0.577644
# SLIP t=540.00 e=1 psi=-2.3243 unw=-360.466 nu_win=-0.118134 dwb_win=-0.577427
# SLIP t=540.00 e=2 psi=-0.0105 unw=+0.073 nu_win=-0.003603 dwb_win=+0.000161
545.000	9740.64154	2.82916547	0	1.27915939	9743.38976087	3.734e-16	57688	11.079	10.484	12.398	0.978	0.0000	0.8391	0.48983	0.8499	0.9873	1.62249	1.64994	0.0000	0.0000	0.0000	-0.0010326	0.00082112	-0.0038688	0	0	0
# CONV t=545.00 cond=0 evap=0 rough=0 back_s=0
# LEDGER t=545.000 mode=3 sum_err=0 max|E-iEu|=1.110e-16 run_max_diff=0.000e+00 run_max_sum_err=0 steps=27250 E0_int=9743389760869566 sum=9743389760869566
# NETG t=545.00 gates min=0.0000 mean=0.4751 edges=3
# PIN t=545.00 R=-1.36009992 nv=3
# SLIP t=545.00 e=0 psi=-2.2004 unw=+437.623 nu_win=+0.120639 dwb_win=+0.597217
# SLIP t=545.00 e=1 psi=+0.3217 unw=-364.103 nu_win=-0.115776 dwb_win=-0.594066
# SLIP t=545.00 e=2 psi=+0.1450 unw=+0.228 nu_win=+0.004948 dwb_win=-0.000059
550.000	9740.64154	2.83562192	0	1.10851005	9743.38976087	1.867e-16	57688	11.085	10.479	12.407	0.974	0.0000	0.8391	0.49031	0.8499	0.9873	1.62342	1.64994	0.0000	0.0000	0.0000	-0.00079045	0.0042706	0.00051346	0	0	0
# CONV t=550.00 cond=0 evap=0 rough=0 back_s=0
# LEDGER t=550.000 mode=3 sum_err=0 max|E-iEu|=1.110e-16 run_max_diff=0.000e+00 run_max_sum_err=0 steps=27500 E0_int=9743389760869566 sum=9743389760869566
# NETG t=550.00 gates min=0.0017 mean=0.4762 edges=3
# PIN t=550.00 R=-1.19590703 nv=3
# SLIP t=550.00 e=0 psi=+1.4116 unw=+441.235 nu_win=+0.114972 dwb_win=+0.577056
# SLIP t=550.00 e=1 psi=+2.9014 unw=-367.807 nu_win=-0.117883 dwb_win=-0.577057
# SLIP t=550.00 e=2 psi=+0.0518 unw=+0.135 nu_win=-0.002967 dwb_win=-0.000026
555.000	9740.64154	2.82965186	0	0.948867099	9743.38976087	1.867e-16	57688	11.086	10.484	12.404	0.977	0.0000	0.8391	0.49098	0.8499	0.9873	1.62440	1.64994	0.0000	0.0000	0.0000	0.0019811	0.00052066	-0.001746	0	0	0
# CONV t=555.00 cond=0 evap=0 rough=0 back_s=0
# LEDGER t=555.000 mode=3 sum_err=0 max|E-iEu|=1.110e-16 run_max_diff=0.000e+00 run_max_sum_err=0 steps=27750 E0_int=9743389760869566 sum=9743389760869566
# NETG t=555.00 gates min=0.0276 mean=0.3841 edges=3
# PIN t=555.00 R=-1.03029401 nv=3
# SLIP t=555.00 e=0 psi=-1.2904 unw=+444.816 nu_win=+0.113993 dwb_win=+0.569652
# SLIP t=555.00 e=1 psi=-0.7795 unw=-371.487 nu_win=-0.117169 dwb_win=-0.569356
# SLIP t=555.00 e=2 psi=-0.0498 unw=+0.033 nu_win=-0.003232 dwb_win=+0.000271
560.000	9740.64154	2.83419829	0	1.22347323	9743.38976087	1.867e-16	57689	11.086	10.490	12.401	0.976	0.0000	0.8391	0.49186	0.8499	0.9873	1.62281	1.64994	0.0000	0.0000	0.0000	0.0011557	0.0013659	-0.0029603	0	0	0
# CONV t=560.00 cond=0 evap=0 rough=0 back_s=0
# LEDGER t=560.000 mode=3 sum_err=0 max|E-iEu|=1.110e-16 run_max_diff=0.000e+00 run_max_sum_err=0 steps=28000 E0_int=9743389760869566 sum=9743389760869566
# NETG t=560.00 gates min=0.0233 mean=0.4138 edges=3
# PIN t=560.00 R=-1.30944658 nv=3
# SLIP t=560.00 e=0 psi=+2.4977 unw=+448.604 nu_win=+0.120581 dwb_win=+0.601666
# SLIP t=560.00 e=1 psi=+1.8638 unw=-375.127 nu_win=-0.115861 dwb_win=-0.601883
# SLIP t=560.00 e=2 psi=+0.1008 unw=+0.184 nu_win=+0.004792 dwb_win=-0.000204
565.000	9740.64154	2.8301848	0	1.07876992	9743.38976087	1.867e-16	57689	11.091	10.487	12.395	0.978	0.0000	0.8391	0.49232	0.8499	0.9873	1.62372	1.64994	0.0000	0.0000	0.0000	-0.00029866	0.0022141	-0.0031551	0	0	0
# CONV t=565.00 cond=0 evap=0 rough=0 back_s=0
# LEDGER t=565.000 mode=3 sum_err=0 max|E-iEu|=1.110e-16 run_max_diff=0.000e+00 run_max_sum_err=0 steps=28250 E0_int=9743389760869566 sum=9743389760869566
# NETG t=565.00 gates min=0.0004 mean=0.4936 edges=3
# PIN t=565.00 R=-1.16072977 nv=3
# SLIP t=565.00 e=0 psi=-0.1880 unw=+452.202 nu_win=+0.114509 dwb_win=+0.570963
# SLIP t=565.00 e=1 psi=-1.8185 unw=-378.810 nu_win=-0.117209 dwb_win=-0.579966
# SLIP t=565.00 e=2 psi=+0.0138 unw=+0.097 nu_win=-0.002767 dwb_win=+0.000615
570.000	9740.64154	2.8310435	0	0.922798178	9743.38976087	0.000e+00	57689	11.082	10.495	12.393	0.975	0.0000	0.8391	0.49292	0.8499	0.9873	1.62470	1.64994	0.0000	0.0000	0.0000	-0.0029303	0.0025033	-0.00205	0	0	0
# CONV t=570.00 cond=0 evap=0 rough=0 back_s=0
# LEDGER t=570.000 mode=3 sum_err=0 max|E-iEu|=1.110e-16 run_max_diff=0.000e+00 run_max_sum_err=0 steps=28500 E0_int=9743389760869566 sum=9743389760869566
# NETG t=570.00 gates min=0.8568 mean=0.8551 edges=3
# PIN t=570.00 R=-1.00561673 nv=3
# SLIP t=570.00 e=0 psi=-0.4101 unw=+458.263 nu_win=+0.192931 dwb_win=+0.586334
# SLIP t=570.00 e=1 psi=+0.3922 unw=-382.882 nu_win=-0.129633 dwb_win=-0.589447
# SLIP t=570.00 e=2 psi=-0.0924 unw=-0.009 nu_win=-0.003382 dwb_win=+0.000106
575.000	9740.64154	2.82803968	0	1.20564127	9743.38976087	0.000e+00	57689	11.075	10.498	12.405	0.976	0.0000	0.8391	0.49332	0.8499	0.9873	1.62317	1.64994	0.0000	0.0000	0.0000	0.0018744	-0.0014829	0.0013171	0	0	0
# CONV t=575.00 cond=0 evap=0 rough=0 back_s=0
# LEDGER t=575.000 mode=3 sum_err=0 max|E-iEu|=1.110e-16 run_max_diff=0.000e+00 run_max_sum_err=0 steps=28750 E0_int=9743389760869566 sum=9743389760869566
# NETG t=575.00 gates min=0.0000 mean=0.5082 edges=3
# PIN t=575.00 R=-1.285456 nv=3
# SLIP t=575.00 e=0 psi=+0.9167 unw=+459.590 nu_win=+0.042233 dwb_win=+0.588822
# SLIP t=575.00 e=1 psi=-2.8634 unw=-379.855 nu_win=+0.096371 dwb_win=-0.588579
# SLIP t=575.00 e=2 psi=+0.0752 unw=+0.158 nu_win=+0.005336 dwb_win=+0.000235
580.000	9740.64154	2.82979186	0	1.05286763	9743.38976087	0.000e+00	57689	11.067	10.513	12.397	0.976	0.0000	0.8391	0.49388	0.8499	0.9873	1.62406	1.64994	0.0000	0.0000	0.0000	-0.00054386	0.0023983	-0.00037516	0	0	0
# CONV t=580.00 cond=0 evap=0 rough=0 back_s=0
# LEDGER t=580.000 mode=3 sum_err=0 max|E-iEu|=1.110e-16 run_max_diff=0.000e+00 run_max_sum_err=0 steps=29000 E0_int=9743389760869566 sum=9743389760869566
# NETG t=580.00 gates min=0.0007 mean=0.4796 edges=3
# PIN t=580.00 R=-1.13443455 nv=3
# SLIP t=580.00 e=0 psi=-1.7730 unw=+463.183 nu_win=+0.114386 dwb_win=+0.574769
# SLIP t=580.00 e=1 psi=-0.2668 unw=-383.541 nu_win=-0.117346 dwb_win=-0.574684
# SLIP t=580.00 e=2 psi=-0.0190 unw=+0.064 nu_win=-0.002999 dwb_win=+0.000065
585.000	9740.64154	2.83566114	0	1.36057626	9743.38976087	1.867e-16	57689	11.091	10.476	12.407	0.975	0.0000	0.8391	0.49434	0.8499	0.9873	1.62239	1.64993	0.0000	0.0000	0.0000	-0.0005839	0.0011107	-0.00162	0	0	0
# CONV t=585.00 cond=0 evap=0 rough=0 back_s=0
# LEDGER t=585.000 mode=3 sum_err=0 max|E-iEu|=1.110e-16 run_max_diff=0.000e+00 run_max_sum_err=0 steps=29250 E0_int=9743389760869566 sum=9743389760869566
# NETG t=585.00 gates min=0.0965 mean=0.3791 edges=3
# PIN t=585.00 R=-1.44801246 nv=3
# SLIP t=585.00 e=0 psi=+2.0286 unw=+466.985 nu_win=+0.121008 dwb_win=+0.600919
# SLIP t=585.00 e=1 psi=+2.3832 unw=-387.174 nu_win=-0.115651 dwb_win=-0.597927
# SLIP t=585.00 e=2 psi=+0.1521 unw=+0.235 nu_win=+0.005444 dwb_win=-0.000200
590.000	9740.64154	2.84138095	0	1.17470749	9743.38976087	1.867e-16	57689	11.074	10.498	12.386	0.973	0.0000	0.8391	0.49514	0.8499	0.9873	1.62338	1.64993	0.0000	0.0000	0.0000	0.00093304	0.0028101	-0.0022677	0	0	0
# CONV t=590.00 cond=0 evap=0 rough=0 back_s=0
# LEDGER t=590.000 mode=3 sum_err=0 max|E-iEu|=1.110e-16 run_max_diff=0.000e+00 run_max_sum_err=0 steps=29500 E0_int=9743389760869566 sum=9743389760869566
# NETG t=590.00 gates min=0.0222 mean=0.4064 edges=3
# PIN t=590.00 R=-1.2678635 nv=3
# SLIP t=590.00 e=0 psi=-0.6492 unw=+470.590 nu_win=+0.114763 dwb_win=+0.576128
# SLIP t=590.00 e=1 psi=-1.3256 unw=-384.600 nu_win=+0.081948 dwb_win=-0.575782
# SLIP t=590.00 e=2 psi=+0.0471 unw=+0.130 nu_win=-0.003340 dwb_win=+0.000323
595.000	9740.64154	2.84397953	0	1.01189577	9743.38976087	1.867e-16	57689	11.083	10.499	12.391	0.973	0.0000	0.8391	0.49574	0.8499	0.9873	1.62438	1.64993	0.0000	0.0000	0.0000	0.001597	-0.0027423	0.0021634	0	0	0
# CONV t=595.00 cond=0 evap=0 rough=0 back_s=0
# LEDGER t=595.000 mode=3 sum_err=0 max|E-iEu|=1.110e-16 run_max_diff=0.000e+00 run_max_sum_err=0 steps=29750 E0_int=9743389760869566 sum=9743389760869566
# NETG t=595.00 gates min=0.0002 mean=0.4957 edges=3
# PIN t=595.00 R=-1.10765037 nv=3
# SLIP t=595.00 e=0 psi=+2.9303 unw=+474.170 nu_win=+0.113939 dwb_win=+0.570428
# SLIP t=595.00 e=1 psi=+1.2760 unw=-388.282 nu_win=-0.117190 dwb_win=-0.570846
# SLIP t=595.00 e=2 psi=-0.0565 unw=+0.027 nu_win=-0.003298 dwb_win=-0.000373
600.000	9740.64154	2.84150277	0	1.30132479	9743.38976087	1.867e-16	57689	11.065	10.490	12.400	0.973	0.0000	0.8391	0.49653	0.8499	0.9873	1.62287	1.64993	0.0000	0.0000	0.0000	0.00014192	0.0013816	-0.0013467	0	0	0
# CONV t=600.00 cond=0 evap=0 rough=0 back_s=0
# LEDGER t=600.000 mode=3 sum_err=0 max|E-iEu|=1.110e-16 run_max_diff=0.000e+00 run_max_sum_err=0 steps=30000 E0_int=9743389760869566 sum=9743389760869566
# NETG t=600.00 gates min=0.0000 mean=0.4918 edges=3
# PIN t=600.00 R=-1.39460263 nv=3
# SLIP t=600.00 e=0 psi=+0.4490 unw=+477.972 nu_win=+0.121019 dwb_win=+0.603507
# SLIP t=600.00 e=1 psi=-2.3641 unw=-391.922 nu_win=-0.115869 dwb_win=-0.603190
# SLIP t=600.00 e=2 psi=+0.1080 unw=+0.191 nu_win=+0.005237 dwb_win=+0.000289
# RESULT es_shells 0.75:1.0000 2.25:0.9877 3.75:1.0000 5.25:1.0001 6.75:1.0001 8.25:1.0001 9.75:1.0001 11.25:1.0000
# RESULT LEDGER mode=3 E0_int=9743389760869566 sum_int=9743389760869566 max_sum_err=0 max|E-iEu|=0.000e+00 steps=30000
# RESULT conservation E0=9743.38976087 Efinal=9743.38976087 rel_drift=1.867e-16
# RESULT roughness_radiated=0 (dissonant dense deliveries converted to field, conserved)
# NETGATE F 0 1 pq=1:1 d=1.3530 psi_f=+0.4490 psi_b=+0.7352 gf=0.6658 gb=0.3308
# NETGATE F 1 2 pq=1:1 d=1.3265 psi_f=-2.3641 psi_b=-2.6350 gf=0.0000 gb=0.0000
# NETGATE F 2 0 pq=1:1 d=1.3778 psi_f=+0.1080 psi_b=+0.1065 gf=0.9769 gb=0.9776
# RESULT pin R=-1.39460263 nv=3 (reservoir inside the conservation sum)
# RESULT slip e=0 pq=1:1 nu_slip=+0.117429 dw_bare=+0.584345 dw_over_2pi=+0.093001 slips=+35.23 locked=0 flips=851 fix_pq=3:2 fix_nu=-0.014439 fix_dwb2pi=-0.032636 fix_slips=-4.33 fix_locked=0 window=[300.0,600.0]
# RESULT slip e=1 pq=1:1 nu_slip=-0.110712 dw_bare=-0.584607 dw_over_2pi=-0.093043 slips=-33.21 locked=0 flips=849 fix_pq=2:3 fix_nu=+0.014541 fix_dwb2pi=+0.032668 fix_slips=+4.36 fix_locked=0 window=[300.0,600.0]
# RESULT slip e=2 pq=1:1 nu_slip=+0.000052 dw_bare=+0.000100 dw_over_2pi=+0.000016 slips=+0.02 locked=1 flips=0 fix_pq=1:1 fix_nu=+0.000052 fix_dwb2pi=+0.000016 fix_slips=+0.02 fix_locked=1 window=[300.0,600.0]
# RESULT curvature_fit defA_per_Em=0.59155 r2=0.1879 (linear defect ~ converted energy)
