# cellfab — v89 cell-fabric kernel (no lattice, no prior code)
# cfg seed=20260727 mode=field init=net
# cfg L=24 dmin=1 r0=0.85 rjit=0.06
# cfg C=1 w1=1.65 w2=2.9 q_detune=1.2 gamma_res=0.25 gamma_res_m=0.1 p_gate=8
# cfg lock_floor=0.005
# cfg k_dep=1.2 k_dep_m=2 cap=2.5 e_s0=1 es_floor=0.05
# cfg e_cond=0 f_conv=0.25 f_evap=0.5 s_pull=0.15
# cfg kappa_lock=1 kappa_align=0.5 kappa_freq=0 kappa_reac=0 sigma_tumble=0.01
# cfg space: s_k=0.06 s_disp=0.3 es_gx=0
# cfg dt=0.02 T=600 diag_every=250 snap_every=0
# cfg center=(-1,-1,-1) amp=1 sigma=2.5 k=(0,0,0) prealign=0 noise_amp=0
# cfg music: comb_limit=6 rough_k=0.35 gamma_rough=0.5 mob_sym=1 mob_floor=0.004
# cfg field sector: two-component signed amplitude, unitary hops, field_J=1.8
# cfg ledger: mode=3 u=1.000e-12 (cellfabi INT_LEDGER)
# action atom: A0=1.1500 (dbar=1.5053) mode=2 — eps(w)=A0*w/2pi; atoms at mode boundaries, transport continuous
# edge coloring: 29 colors for 85886 links
# NETGATE 0 1 pq=3:2 d=1.5977 psi_f=+0.0001 psi_b=-2.4517 gf=1.0000 gb=0.0000
# NETGATE 1 2 pq=2:3 d=1.5916 psi_f=+0.0004 psi_b=-2.3947 gf=1.0000 gb=0.0000
# NETGATE 2 0 pq=1:1 d=1.5920 psi_f=+1.3302 psi_b=-2.5294 gf=0.0216 gb=0.0000
# net: seeded nv=3 ne=3 worst_pick=0.000 gates min=0.0216 mean=0.6739 parasites=0 gpar_max=0.0000 file=/home/d/code/scp/v89/charge/nets/q11h_fifth_tri2.net
# NETPQ e=0 (0-1) pq=3:2 link=39546
# NETPQ e=1 (1-2) pq=2:3 link=5394
# fabric: cells=9741 channels=85886 mean_degree=17.63 box=24 dmin=1
# LEDGER seed mode=3 u=1.000e-12 E0_int=9743389760869566 NC=9741 NL=85886
# LEDGER seed mode=3 u=1.000e-12 E0_int=9743389760869566 NC=9741 NL=85886
# t	E_space	E_dense	E_field	E_transfer	E_total	rel_drift	live_ch	cm_x	cm_y	cm_z	contain	front_r	r_core	defA	r_far	r_ratio	w_core	w_far
0.000	9740.64154	2.748225	0	0	9743.38976087	0.000e+00	57686	8.235	1.084	9.961	0.000	0.0000	0.8443	0	0.8499	0.9934	1.65000	1.64980	0.0000	0.0000	0.0000	0	0	0	0	0	0
# CONV t=0.00 cond=0 evap=0 rough=0 back_s=0
# LEDGER t=0.000 mode=3 sum_err=0 max|E-iEu|=3.478e-13 run_max_diff=0.000e+00 run_max_sum_err=0 steps=0 E0_int=9743389760869566 sum=9743389760869566
# NETG t=0.00 gates min=0.0216 mean=0.3369 edges=3
# PIN t=0.00 R=0 nv=3
5.000	9740.64154	2.75020013	0	0.00862287028	9743.38976087	1.867e-16	57687	8.234	1.084	9.961	0.000	0.0000	0.8443	0.13287	0.8499	0.9934	1.65000	1.64980	0.0000	0.0000	0.0000	0.00064378	0.0011962	0.0025843	0	0	0
# CONV t=5.00 cond=0 evap=0 rough=0 back_s=0
# LEDGER t=5.000 mode=3 sum_err=0 max|E-iEu|=1.110e-16 run_max_diff=0.000e+00 run_max_sum_err=0 steps=250 E0_int=9743389760869566 sum=9743389760869566
# NETG t=5.00 gates min=0.0218 mean=0.3369 edges=3
# PIN t=5.00 R=-0.0105980042 nv=3
# SLIP t=5.00 e=0 psi=+0.0068 unw=+0.007 nu_win=+0.000214 dwb_win=+0.000682
# SLIP t=5.00 e=1 psi=-2.3914 unw=+0.003 nu_win=+0.000106 dwb_win=-0.000393
# SLIP t=5.00 e=2 psi=+1.3289 unw=-0.001 nu_win=-0.000041 dwb_win=-0.000537
10.000	9740.64154	2.76125531	0	0.0247415289	9743.38976087	0.000e+00	57687	8.235	1.086	9.961	0.000	0.0000	0.8443	0.053607	0.8499	0.9934	1.65000	1.64980	0.0000	0.0000	0.0000	0.0018203	0.0011943	0.0029123	0	0	0
# CONV t=10.00 cond=0 evap=0 rough=0 back_s=0
# LEDGER t=10.000 mode=3 sum_err=0 max|E-iEu|=1.110e-16 run_max_diff=0.000e+00 run_max_sum_err=0 steps=500 E0_int=9743389760869566 sum=9743389760869566
# NETG t=10.00 gates min=0.0224 mean=0.3369 edges=3
# PIN t=10.00 R=-0.0377718404 nv=3
# SLIP t=10.00 e=0 psi=+0.0201 unw=+0.020 nu_win=+0.000423 dwb_win=+0.001973
# SLIP t=10.00 e=1 psi=-2.3910 unw=+0.004 nu_win=+0.000012 dwb_win=+0.000173
# SLIP t=10.00 e=2 psi=+1.3240 unw=-0.006 nu_win=-0.000157 dwb_win=-0.000900
15.000	9740.64154	2.76305247	0	0.0526937313	9743.38976087	1.867e-16	57687	8.232	1.086	9.963	0.000	0.0000	0.8443	-0.031746	0.8499	0.9934	1.65000	1.64980	0.0000	0.0000	0.0000	0.0017943	0.0027822	0.0020823	0	0	0
# CONV t=15.00 cond=0 evap=0 rough=0 back_s=0
# LEDGER t=15.000 mode=3 sum_err=0 max|E-iEu|=1.110e-16 run_max_diff=0.000e+00 run_max_sum_err=0 steps=750 E0_int=9743389760869566 sum=9743389760869566
# NETG t=15.00 gates min=0.0232 mean=0.3369 edges=3
# PIN t=15.00 R=-0.0675212114 nv=3
# SLIP t=15.00 e=0 psi=+0.0291 unw=+0.029 nu_win=+0.000286 dwb_win=+0.001068
# SLIP t=15.00 e=1 psi=-2.3898 unw=+0.005 nu_win=+0.000041 dwb_win=+0.000075
# SLIP t=15.00 e=2 psi=+1.3188 unw=-0.011 nu_win=-0.000164 dwb_win=-0.000496
20.000	9740.64154	2.77043971	0	0.0552331936	9743.38976087	1.867e-16	57687	8.236	1.088	9.960	0.000	0.0000	0.8443	-0.1052	0.8499	0.9934	1.65000	1.64979	0.0000	0.0000	0.0000	-0.00038465	0.0025122	0.0046701	0	0	0
# CONV t=20.00 cond=0 evap=0 rough=0 back_s=0
# LEDGER t=20.000 mode=3 sum_err=0 max|E-iEu|=1.110e-16 run_max_diff=0.000e+00 run_max_sum_err=0 steps=1000 E0_int=9743389760869566 sum=9743389760869566
# NETG t=20.00 gates min=0.0240 mean=0.3369 edges=3
# PIN t=20.00 R=-0.0774479164 nv=3
# SLIP t=20.00 e=0 psi=+0.0357 unw=+0.036 nu_win=+0.000210 dwb_win=+0.001299
# SLIP t=20.00 e=1 psi=-2.3938 unw=+0.001 nu_win=-0.000130 dwb_win=-0.001079
# SLIP t=20.00 e=2 psi=+1.3135 unw=-0.017 nu_win=-0.000170 dwb_win=-0.001189
25.000	9740.64154	2.77766131	0	0.0657551153	9743.38976087	0.000e+00	57687	8.232	1.093	9.972	0.000	0.0000	0.8443	-0.16604	0.8499	0.9934	1.65000	1.64979	0.0000	0.0000	0.0000	0.00036063	0.0016896	0.0020345	0	0	0
# CONV t=25.00 cond=0 evap=0 rough=0 back_s=0
# LEDGER t=25.000 mode=3 sum_err=0 max|E-iEu|=1.110e-16 run_max_diff=0.000e+00 run_max_sum_err=0 steps=1250 E0_int=9743389760869566 sum=9743389760869566
# NETG t=25.00 gates min=0.0245 mean=0.3369 edges=3
# PIN t=25.00 R=-0.0951914435 nv=3
# SLIP t=25.00 e=0 psi=+0.0368 unw=+0.037 nu_win=+0.000034 dwb_win=-0.000329
# SLIP t=25.00 e=1 psi=-2.3990 unw=-0.004 nu_win=-0.000166 dwb_win=-0.001052
# SLIP t=25.00 e=2 psi=+1.3102 unw=-0.020 nu_win=-0.000105 dwb_win=-0.000361
30.000	9740.64154	2.76470204	0	0.0867112988	9743.38976087	0.000e+00	57686	8.236	1.089	9.970	0.000	0.0000	0.8443	-0.21569	0.8499	0.9934	1.65000	1.64979	0.0000	0.0000	0.0000	0.0012974	0.0032075	0.0031683	0	0	0
# CONV t=30.00 cond=0 evap=0 rough=0 back_s=0
# LEDGER t=30.000 mode=3 sum_err=0 max|E-iEu|=1.110e-16 run_max_diff=0.000e+00 run_max_sum_err=0 steps=1500 E0_int=9743389760869566 sum=9743389760869566
# NETG t=30.00 gates min=0.0252 mean=0.3368 edges=3
# PIN t=30.00 R=-0.103188364 nv=3
# SLIP t=30.00 e=0 psi=+0.0430 unw=+0.043 nu_win=+0.000198 dwb_win=+0.000903
# SLIP t=30.00 e=1 psi=-2.4027 unw=-0.008 nu_win=-0.000117 dwb_win=-0.001217
# SLIP t=30.00 e=2 psi=+1.3051 unw=-0.025 nu_win=-0.000163 dwb_win=-0.001060
35.000	9740.64154	2.77385725	0	0.0968382759	9743.38976087	1.867e-16	57686	8.238	1.092	9.972	0.000	0.0000	0.8443	-0.25495	0.8499	0.9934	1.65000	1.64979	0.0000	0.0000	0.0000	0.00079816	0.0014599	0.0047535	0	0	0
# CONV t=35.00 cond=0 evap=0 rough=0 back_s=0
# LEDGER t=35.000 mode=3 sum_err=0 max|E-iEu|=1.110e-16 run_max_diff=0.000e+00 run_max_sum_err=0 steps=1750 E0_int=9743389760869566 sum=9743389760869566
# NETG t=35.00 gates min=0.0260 mean=0.3367 edges=3
# PIN t=35.00 R=-0.122470556 nv=3
# SLIP t=35.00 e=0 psi=+0.0482 unw=+0.048 nu_win=+0.000164 dwb_win=+0.000590
# SLIP t=35.00 e=1 psi=-2.4087 unw=-0.014 nu_win=-0.000191 dwb_win=-0.000894
# SLIP t=35.00 e=2 psi=+1.3001 unw=-0.030 nu_win=-0.000159 dwb_win=-0.000742
40.000	9740.64154	2.787325	0	0.115775337	9743.38976087	1.867e-16	57686	8.235	1.095	9.971	0.000	0.0000	0.8443	-0.28828	0.8499	0.9934	1.65000	1.64979	0.0000	0.0000	0.0000	0.0013344	0.00323	0.0015663	0	0	0
# CONV t=40.00 cond=0 evap=0 rough=0 back_s=0
# LEDGER t=40.000 mode=3 sum_err=0 max|E-iEu|=1.110e-16 run_max_diff=0.000e+00 run_max_sum_err=0 steps=2000 E0_int=9743389760869566 sum=9743389760869566
# NETG t=40.00 gates min=0.0268 mean=0.3364 edges=3
# PIN t=40.00 R=-0.154875365 nv=3
# SLIP t=40.00 e=0 psi=+0.0624 unw=+0.062 nu_win=+0.000453 dwb_win=+0.001959
# SLIP t=40.00 e=1 psi=-2.4027 unw=-0.008 nu_win=+0.000189 dwb_win=+0.000665
# SLIP t=40.00 e=2 psi=+1.2953 unw=-0.035 nu_win=-0.000151 dwb_win=-0.000647
45.000	9740.64154	2.78773549	0	0.134246203	9743.38976087	1.867e-16	57686	8.237	1.097	9.972	0.000	0.0000	0.8443	-0.31479	0.8499	0.9934	1.65000	1.64979	0.0000	0.0000	0.0000	0.0027312	0.00638	0.0066283	0	0	0
# CONV t=45.00 cond=0 evap=0 rough=0 back_s=0
# LEDGER t=45.000 mode=3 sum_err=0 max|E-iEu|=1.110e-16 run_max_diff=0.000e+00 run_max_sum_err=0 steps=2250 E0_int=9743389760869566 sum=9743389760869566
# NETG t=45.00 gates min=0.0275 mean=0.3362 edges=3
# PIN t=45.00 R=-0.173756726 nv=3
# SLIP t=45.00 e=0 psi=+0.0706 unw=+0.071 nu_win=+0.000262 dwb_win=+0.001045
# SLIP t=45.00 e=1 psi=-2.4060 unw=-0.011 nu_win=-0.000104 dwb_win=-0.000900
# SLIP t=45.00 e=2 psi=+1.2906 unw=-0.040 nu_win=-0.000151 dwb_win=-0.000973
50.000	9740.64154	2.78237527	0	0.152023861	9743.38976087	3.734e-16	57686	8.232	1.092	9.978	0.000	0.0000	0.8443	-0.33627	0.8499	0.9934	1.65000	1.64979	0.0000	0.0000	0.0000	0.00080257	0.0064484	0.0029521	0	0	0
# CONV t=50.00 cond=0 evap=0 rough=0 back_s=0
# LEDGER t=50.000 mode=3 sum_err=0 max|E-iEu|=1.110e-16 run_max_diff=0.000e+00 run_max_sum_err=0 steps=2500 E0_int=9743389760869566 sum=9743389760869566
# NETG t=50.00 gates min=0.0283 mean=0.3361 edges=3
# PIN t=50.00 R=-0.186174174 nv=3
# SLIP t=50.00 e=0 psi=+0.0720 unw=+0.072 nu_win=+0.000043 dwb_win=-0.000057
# SLIP t=50.00 e=1 psi=-2.4116 unw=-0.017 nu_win=-0.000179 dwb_win=-0.001049
# SLIP t=50.00 e=2 psi=+1.2860 unw=-0.044 nu_win=-0.000147 dwb_win=-0.000496
55.000	9740.64154	2.78405085	0	0.159618477	9743.38976087	1.867e-16	57686	8.234	1.098	9.978	0.000	0.0000	0.8443	-0.35207	0.8499	0.9934	1.65000	1.64979	0.0000	0.0000	0.0000	0.00093049	0.0038751	0.004695	0	0	0
# CONV t=55.00 cond=0 evap=0 rough=0 back_s=0
# LEDGER t=55.000 mode=3 sum_err=0 max|E-iEu|=1.110e-16 run_max_diff=0.000e+00 run_max_sum_err=0 steps=2750 E0_int=9743389760869566 sum=9743389760869566
# NETG t=55.00 gates min=0.0292 mean=0.3359 edges=3
# PIN t=55.00 R=-0.195444367 nv=3
# SLIP t=55.00 e=0 psi=+0.0777 unw=+0.078 nu_win=+0.000184 dwb_win=+0.001030
# SLIP t=55.00 e=1 psi=-2.4170 unw=-0.022 nu_win=-0.000170 dwb_win=-0.001449
# SLIP t=55.00 e=2 psi=+1.2809 unw=-0.049 nu_win=-0.000162 dwb_win=-0.001240
60.000	9740.64154	2.80395801	0	0.154830416	9743.38976087	1.867e-16	57686	8.231	1.109	9.990	0.000	0.0000	0.8443	-0.36521	0.8499	0.9934	1.65000	1.64979	0.0000	0.0000	0.0000	-0.00091812	0.003873	0.0045411	0	0	0
# CONV t=60.00 cond=0 evap=0 rough=0 back_s=0
# LEDGER t=60.000 mode=3 sum_err=0 max|E-iEu|=1.110e-16 run_max_diff=0.000e+00 run_max_sum_err=0 steps=3000 E0_int=9743389760869566 sum=9743389760869566
# NETG t=60.00 gates min=0.0300 mean=0.3358 edges=3
# PIN t=60.00 R=-0.210563466 nv=3
# SLIP t=60.00 e=0 psi=+0.0811 unw=+0.081 nu_win=+0.000106 dwb_win=+0.000079
# SLIP t=60.00 e=1 psi=-2.4229 unw=-0.028 nu_win=-0.000188 dwb_win=-0.001082
# SLIP t=60.00 e=2 psi=+1.2763 unw=-0.054 nu_win=-0.000145 dwb_win=-0.000581
65.000	9740.64154	2.78916947	0	0.198436511	9743.38976087	0.000e+00	57686	8.230	1.102	9.972	0.000	0.0000	0.8443	-0.37328	0.8499	0.9934	1.65000	1.64979	0.0000	0.0000	0.0000	0.00076645	0.0059037	0.0023227	0	0	0
# CONV t=65.00 cond=0 evap=0 rough=0 back_s=0
# LEDGER t=65.000 mode=3 sum_err=0 max|E-iEu|=1.110e-16 run_max_diff=0.000e+00 run_max_sum_err=0 steps=3250 E0_int=9743389760869566 sum=9743389760869566
# NETG t=65.00 gates min=0.0309 mean=0.3352 edges=3
# PIN t=65.00 R=-0.239381028 nv=3
# SLIP t=65.00 e=0 psi=+0.0915 unw=+0.091 nu_win=+0.000331 dwb_win=+0.001659
# SLIP t=65.00 e=1 psi=-2.4230 unw=-0.028 nu_win=-0.000003 dwb_win=-0.000451
# SLIP t=65.00 e=2 psi=+1.2713 unw=-0.059 nu_win=-0.000161 dwb_win=-0.001055
70.000	9740.64154	2.79874145	0	0.215729411	9743.38976087	1.867e-16	57685	8.233	1.108	9.969	0.000	0.0000	0.8443	-0.37937	0.8499	0.9934	1.65000	1.64978	0.0000	0.0000	0.0000	0.0016472	0.004105	0.0031055	0	0	0
# CONV t=70.00 cond=0 evap=0 rough=0 back_s=0
# LEDGER t=70.000 mode=3 sum_err=0 max|E-iEu|=1.110e-16 run_max_diff=0.000e+00 run_max_sum_err=0 steps=3500 E0_int=9743389760869566 sum=9743389760869566
# NETG t=70.00 gates min=0.0317 mean=0.3348 edges=3
# PIN t=70.00 R=-0.26624591 nv=3
# SLIP t=70.00 e=0 psi=+0.1010 unw=+0.101 nu_win=+0.000305 dwb_win=+0.001567
# SLIP t=70.00 e=1 psi=-2.4221 unw=-0.027 nu_win=+0.000027 dwb_win=+0.000103
# SLIP t=70.00 e=2 psi=+1.2669 unw=-0.063 nu_win=-0.000138 dwb_win=-0.000732
75.000	9740.64154	2.79830135	0	0.230459001	9743.38976087	1.867e-16	57685	8.226	1.107	9.968	0.000	0.0000	0.8443	-0.3878	0.8499	0.9934	1.65000	1.64978	0.0000	0.0000	0.0000	0.00075353	0.0048127	0.0017425	0	0	0
# CONV t=75.00 cond=0 evap=0 rough=0 back_s=0
# LEDGER t=75.000 mode=3 sum_err=0 max|E-iEu|=1.110e-16 run_max_diff=0.000e+00 run_max_sum_err=0 steps=3750 E0_int=9743389760869566 sum=9743389760869566
# NETG t=75.00 gates min=0.0326 mean=0.3346 edges=3
# PIN t=75.00 R=-0.280535393 nv=3
# SLIP t=75.00 e=0 psi=+0.1063 unw=+0.106 nu_win=+0.000166 dwb_win=+0.000454
# SLIP t=75.00 e=1 psi=-2.4251 unw=-0.030 nu_win=-0.000094 dwb_win=-0.001002
# SLIP t=75.00 e=2 psi=+1.2623 unw=-0.068 nu_win=-0.000146 dwb_win=-0.000728
80.000	9740.64154	2.80303038	0	0.236520136	9743.38976087	1.867e-16	57685	8.229	1.108	9.978	0.000	0.0000	0.8443	-0.39533	0.8499	0.9934	1.64999	1.64978	0.0000	0.0000	0.0000	0.0012975	0.004457	0.0032349	0	0	0
# CONV t=80.00 cond=0 evap=0 rough=0 back_s=0
# LEDGER t=80.000 mode=3 sum_err=0 max|E-iEu|=1.110e-16 run_max_diff=0.000e+00 run_max_sum_err=0 steps=4000 E0_int=9743389760869566 sum=9743389760869566
# NETG t=80.00 gates min=0.0335 mean=0.3341 edges=3
# PIN t=80.00 R=-0.291325566 nv=3
# SLIP t=80.00 e=0 psi=+0.1128 unw=+0.113 nu_win=+0.000209 dwb_win=+0.000702
# SLIP t=80.00 e=1 psi=-2.4313 unw=-0.037 nu_win=-0.000198 dwb_win=-0.001257
# SLIP t=80.00 e=2 psi=+1.2574 unw=-0.073 nu_win=-0.000159 dwb_win=-0.000979
85.000	9740.64154	2.81581976	0	0.237637391	9743.38976087	1.867e-16	57685	8.235	1.118	9.980	0.001	0.0000	0.8443	-0.40128	0.8499	0.9934	1.64999	1.64978	0.0000	0.0000	0.0000	-0.00014423	0.0034198	0.0035801	0	0	0
# CONV t=85.00 cond=0 evap=0 rough=0 back_s=0
# LEDGER t=85.000 mode=3 sum_err=0 max|E-iEu|=1.110e-16 run_max_diff=0.000e+00 run_max_sum_err=0 steps=4250 E0_int=9743389760869566 sum=9743389760869566
# NETG t=85.00 gates min=0.0344 mean=0.3340 edges=3
# PIN t=85.00 R=-0.305232198 nv=3
# SLIP t=85.00 e=0 psi=+0.1144 unw=+0.114 nu_win=+0.000051 dwb_win=+0.000092
# SLIP t=85.00 e=1 psi=-2.4358 unw=-0.041 nu_win=-0.000144 dwb_win=-0.001008
# SLIP t=85.00 e=2 psi=+1.2532 unw=-0.077 nu_win=-0.000133 dwb_win=-0.000550
90.000	9740.64154	2.8164441	0	0.251827618	9743.38976087	1.867e-16	57685	8.233	1.109	9.979	0.000	0.0000	0.8443	-0.40391	0.8499	0.9934	1.64999	1.64978	0.0000	0.0000	0.0000	-0.00080697	0.0056345	0.0050869	0	0	0
# CONV t=90.00 cond=0 evap=0 rough=0 back_s=0
# LEDGER t=90.000 mode=3 sum_err=0 max|E-iEu|=1.110e-16 run_max_diff=0.000e+00 run_max_sum_err=0 steps=4500 E0_int=9743389760869566 sum=9743389760869566
# NETG t=90.00 gates min=0.0352 mean=0.3335 edges=3
# PIN t=90.00 R=-0.32004677 nv=3
# SLIP t=90.00 e=0 psi=+0.1212 unw=+0.121 nu_win=+0.000217 dwb_win=+0.001234
# SLIP t=90.00 e=1 psi=-2.4381 unw=-0.043 nu_win=-0.000074 dwb_win=-0.000889
# SLIP t=90.00 e=2 psi=+1.2489 unw=-0.081 nu_win=-0.000138 dwb_win=-0.001062
95.000	9740.64154	2.81600674	0	0.280672581	9743.38976087	1.867e-16	57684	8.223	1.112	9.977	0.000	0.0000	0.8443	-0.40742	0.8499	0.9934	1.64999	1.64978	0.0000	0.0000	0.0000	-0.00061097	0.0064602	0.0016524	0	0	0
# CONV t=95.00 cond=0 evap=0 rough=0 back_s=0
# LEDGER t=95.000 mode=3 sum_err=0 max|E-iEu|=1.110e-16 run_max_diff=0.000e+00 run_max_sum_err=0 steps=4750 E0_int=9743389760869566 sum=9743389760869566
# NETG t=95.00 gates min=0.0361 mean=0.3328 edges=3
# PIN t=95.00 R=-0.348454374 nv=3
# SLIP t=95.00 e=0 psi=+0.1310 unw=+0.131 nu_win=+0.000311 dwb_win=+0.001353
# SLIP t=95.00 e=1 psi=-2.4384 unw=-0.044 nu_win=-0.000009 dwb_win=+0.000030
# SLIP t=95.00 e=2 psi=+1.2445 unw=-0.086 nu_win=-0.000138 dwb_win=-0.000661
100.000	9740.64154	2.82005728	0	0.298009156	9743.38976087	1.867e-16	57684	8.227	1.109	9.981	0.000	0.0000	0.8443	-0.4114	0.8499	0.9934	1.64999	1.64978	0.0000	0.0000	0.0000	-0.0011527	0.0052427	0.0037606	0	0	0
# CONV t=100.00 cond=0 evap=0 rough=0 back_s=0
# LEDGER t=100.000 mode=3 sum_err=0 max|E-iEu|=1.110e-16 run_max_diff=0.000e+00 run_max_sum_err=0 steps=5000 E0_int=9743389760869566 sum=9743389760869566
# NETG t=100.00 gates min=0.0370 mean=0.3323 edges=3
# PIN t=100.00 R=-0.369841484 nv=3
# SLIP t=100.00 e=0 psi=+0.1395 unw=+0.139 nu_win=+0.000269 dwb_win=+0.001404
# SLIP t=100.00 e=1 psi=-2.4362 unw=-0.041 nu_win=+0.000071 dwb_win=-0.000208
# SLIP t=100.00 e=2 psi=+1.2404 unw=-0.090 nu_win=-0.000131 dwb_win=-0.000806
105.000	9740.64154	2.81919543	0	0.312842715	9743.38976087	0.000e+00	57684	8.229	1.111	9.989	0.001	0.0000	0.8443	-0.41342	0.8499	0.9934	1.64999	1.64977	0.0000	0.0000	0.0000	0.0019488	0.0014675	-0.00059894	0	0	0
# CONV t=105.00 cond=0 evap=0 rough=0 back_s=0
# LEDGER t=105.000 mode=3 sum_err=0 max|E-iEu|=1.110e-16 run_max_diff=0.000e+00 run_max_sum_err=0 steps=5250 E0_int=9743389760869566 sum=9743389760869566
# NETG t=105.00 gates min=0.0379 mean=0.3321 edges=3
# PIN t=105.00 R=-0.383813199 nv=3
# SLIP t=105.00 e=0 psi=+0.1416 unw=+0.141 nu_win=+0.000067 dwb_win=+0.000397
# SLIP t=105.00 e=1 psi=-2.4422 unw=-0.047 nu_win=-0.000190 dwb_win=-0.001100
# SLIP t=105.00 e=2 psi=+1.2360 unw=-0.094 nu_win=-0.000142 dwb_win=-0.000748
110.000	9740.64154	2.82515922	0	0.317130782	9743.38976087	1.867e-16	57684	8.233	1.127	9.981	0.001	0.0000	0.8443	-0.41246	0.8499	0.9934	1.64999	1.64977	0.0000	0.0000	0.0000	0.001045	0.00168	0.0031085	0	0	0
# CONV t=110.00 cond=0 evap=0 rough=0 back_s=0
# LEDGER t=110.000 mode=3 sum_err=0 max|E-iEu|=1.110e-16 run_max_diff=0.000e+00 run_max_sum_err=0 steps=5500 E0_int=9743389760869566 sum=9743389760869566
# NETG t=110.00 gates min=0.0389 mean=0.3316 edges=3
# PIN t=110.00 R=-0.394065053 nv=3
# SLIP t=110.00 e=0 psi=+0.1470 unw=+0.147 nu_win=+0.000173 dwb_win=+0.000414
# SLIP t=110.00 e=1 psi=-2.4463 unw=-0.052 nu_win=-0.000131 dwb_win=-0.000981
# SLIP t=110.00 e=2 psi=+1.2313 unw=-0.099 nu_win=-0.000147 dwb_win=-0.000698
115.000	9740.64154	2.80847692	0	0.346712035	9743.38976087	1.867e-16	57684	8.231	1.120	9.976	0.001	0.0000	0.8443	-0.40695	0.8499	0.9934	1.64999	1.64977	0.0000	0.0000	0.0000	0.0030996	0.0080221	0.0059434	0	0	0
# CONV t=115.00 cond=0 evap=0 rough=0 back_s=0
# LEDGER t=115.000 mode=3 sum_err=0 max|E-iEu|=1.110e-16 run_max_diff=0.000e+00 run_max_sum_err=0 steps=5750 E0_int=9743389760869566 sum=9743389760869566
# NETG t=115.00 gates min=0.0398 mean=0.3310 edges=3
# PIN t=115.00 R=-0.406964 nv=3
# SLIP t=115.00 e=0 psi=+0.1525 unw=+0.152 nu_win=+0.000174 dwb_win=+0.000531
# SLIP t=115.00 e=1 psi=-2.4509 unw=-0.056 nu_win=-0.000146 dwb_win=-0.001167
# SLIP t=115.00 e=2 psi=+1.2273 unw=-0.103 nu_win=-0.000127 dwb_win=-0.000849
120.000	9740.64154	2.80709822	0	0.365094402	9743.38976087	1.867e-16	57684	8.224	1.129	9.976	0.001	0.0000	0.8443	-0.40565	0.8499	0.9934	1.64999	1.64977	0.0000	0.0000	0.0000	0.0014952	0.005327	0.0054657	0	0	0
# CONV t=120.00 cond=0 evap=0 rough=0 back_s=0
# LEDGER t=120.000 mode=3 sum_err=0 max|E-iEu|=1.110e-16 run_max_diff=0.000e+00 run_max_sum_err=0 steps=6000 E0_int=9743389760869566 sum=9743389760869566
# NETG t=120.00 gates min=0.0409 mean=0.3302 edges=3
# PIN t=120.00 R=-0.423967672 nv=3
# SLIP t=120.00 e=0 psi=+0.1613 unw=+0.161 nu_win=+0.000280 dwb_win=+0.000995
# SLIP t=120.00 e=1 psi=-2.4540 unw=-0.059 nu_win=-0.000099 dwb_win=-0.000666
# SLIP t=120.00 e=2 psi=+1.2225 unw=-0.108 nu_win=-0.000154 dwb_win=-0.000831
125.000	9740.64154	2.81035138	0	0.383627422	9743.38976087	0.000e+00	57684	8.233	1.132	9.978	0.001	0.0000	0.8443	-0.40565	0.8499	0.9934	1.64998	1.64977	0.0000	0.0000	0.0000	0.0039859	0.0063793	0.00050336	0	0	0
# CONV t=125.00 cond=0 evap=0 rough=0 back_s=0
# LEDGER t=125.000 mode=3 sum_err=0 max|E-iEu|=1.110e-16 run_max_diff=0.000e+00 run_max_sum_err=0 steps=6250 E0_int=9743389760869566 sum=9743389760869566
# NETG t=125.00 gates min=0.0419 mean=0.3297 edges=3
# PIN t=125.00 R=-0.445753853 nv=3
# SLIP t=125.00 e=0 psi=+0.1677 unw=+0.168 nu_win=+0.000203 dwb_win=+0.001508
# SLIP t=125.00 e=1 psi=-2.4533 unw=-0.059 nu_win=+0.000024 dwb_win=-0.000090
# SLIP t=125.00 e=2 psi=+1.2184 unw=-0.112 nu_win=-0.000132 dwb_win=-0.000799
130.000	9740.64154	2.81752378	0	0.393044752	9743.38976087	0.000e+00	57684	8.224	1.132	9.984	0.001	0.0000	0.8443	-0.4057	0.8499	0.9934	1.64998	1.64977	0.0000	0.0000	0.0000	0.0048823	0.006293	0.0012901	0	0	0
# CONV t=130.00 cond=0 evap=0 rough=0 back_s=0
# LEDGER t=130.000 mode=3 sum_err=0 max|E-iEu|=1.110e-16 run_max_diff=0.000e+00 run_max_sum_err=0 steps=6500 E0_int=9743389760869566 sum=9743389760869566
# NETG t=130.00 gates min=0.0430 mean=0.3293 edges=3
# PIN t=130.00 R=-0.462343586 nv=3
# SLIP t=130.00 e=0 psi=+0.1728 unw=+0.173 nu_win=+0.000162 dwb_win=+0.000982
# SLIP t=130.00 e=1 psi=-2.4559 unw=-0.061 nu_win=-0.000083 dwb_win=-0.000679
# SLIP t=130.00 e=2 psi=+1.2137 unw=-0.117 nu_win=-0.000148 dwb_win=-0.000830
135.000	9740.64154	2.81198959	0	0.409660875	9743.38976087	0.000e+00	57684	8.233	1.138	9.977	0.001	0.0000	0.8443	-0.40462	0.8499	0.9934	1.64998	1.64977	0.0000	0.0000	0.0000	0.0025077	0.004563	0.0062235	0	0	0
# CONV t=135.00 cond=0 evap=0 rough=0 back_s=0
# LEDGER t=135.000 mode=3 sum_err=0 max|E-iEu|=1.110e-16 run_max_diff=0.000e+00 run_max_sum_err=0 steps=6750 E0_int=9743389760869566 sum=9743389760869566
# NETG t=135.00 gates min=0.0441 mean=0.3287 edges=3
# PIN t=135.00 R=-0.47342552 nv=3
# SLIP t=135.00 e=0 psi=+0.1779 unw=+0.178 nu_win=+0.000165 dwb_win=+0.000331
# SLIP t=135.00 e=1 psi=-2.4594 unw=-0.065 nu_win=-0.000113 dwb_win=-0.000843
# SLIP t=135.00 e=2 psi=+1.2091 unw=-0.121 nu_win=-0.000145 dwb_win=-0.000587
140.000	9740.64154	2.80897724	0	0.426714521	9743.38976087	1.867e-16	57684	8.222	1.134	9.975	0.001	0.0000	0.8443	-0.40195	0.8499	0.9934	1.64998	1.64977	0.0000	0.0000	0.0000	0.0003387	0.0044979	0.0082078	0	0	0
# CONV t=140.00 cond=0 evap=0 rough=0 back_s=0
# LEDGER t=140.000 mode=3 sum_err=0 max|E-iEu|=1.110e-16 run_max_diff=0.000e+00 run_max_sum_err=0 steps=7000 E0_int=9743389760869566 sum=9743389760869566
# NETG t=140.00 gates min=0.0450 mean=0.3283 edges=3
# PIN t=140.00 R=-0.487466812 nv=3
# SLIP t=140.00 e=0 psi=+0.1810 unw=+0.181 nu_win=+0.000098 dwb_win=+0.000210
# SLIP t=140.00 e=1 psi=-2.4640 unw=-0.069 nu_win=-0.000147 dwb_win=-0.001132
# SLIP t=140.00 e=2 psi=+1.2055 unw=-0.125 nu_win=-0.000115 dwb_win=-0.000671
145.000	9740.64154	2.82148633	0	0.430278366	9743.38976087	0.000e+00	57684	8.224	1.147	9.985	0.001	0.0000	0.8443	-0.39973	0.8499	0.9934	1.64998	1.64977	0.0000	0.0000	0.0000	0.00099572	0.0083222	0.0062896	0	0	0
# CONV t=145.00 cond=0 evap=0 rough=0 back_s=0
# LEDGER t=145.000 mode=3 sum_err=0 max|E-iEu|=1.110e-16 run_max_diff=0.000e+00 run_max_sum_err=0 steps=7250 E0_int=9743389760869566 sum=9743389760869566
# NETG t=145.00 gates min=0.0464 mean=0.3273 edges=3
# PIN t=145.00 R=-0.503539745 nv=3
# SLIP t=145.00 e=0 psi=+0.1896 unw=+0.190 nu_win=+0.000274 dwb_win=+0.000842
# SLIP t=145.00 e=1 psi=-2.4681 unw=-0.073 nu_win=-0.000127 dwb_win=-0.000680
# SLIP t=145.00 e=2 psi=+1.1998 unw=-0.130 nu_win=-0.000181 dwb_win=-0.000761
150.000	9740.64154	2.82074933	0	0.455130904	9743.38976087	3.734e-16	57684	8.215	1.155	9.979	0.001	0.0000	0.8443	-0.3966	0.8499	0.9934	1.64998	1.64976	0.0000	0.0000	0.0000	0.0048008	0.0034151	0.0061669	0	0	0
# CONV t=150.00 cond=0 evap=0 rough=0 back_s=0
# LEDGER t=150.000 mode=3 sum_err=0 max|E-iEu|=1.110e-16 run_max_diff=0.000e+00 run_max_sum_err=0 steps=7500 E0_int=9743389760869566 sum=9743389760869566
# NETG t=150.00 gates min=0.0473 mean=0.3262 edges=3
# PIN t=150.00 R=-0.527655282 nv=3
# SLIP t=150.00 e=0 psi=+0.1989 unw=+0.199 nu_win=+0.000295 dwb_win=+0.001158
# SLIP t=150.00 e=1 psi=-2.4689 unw=-0.074 nu_win=-0.000027 dwb_win=-0.000232
# SLIP t=150.00 e=2 psi=+1.1963 unw=-0.134 nu_win=-0.000113 dwb_win=-0.000695
155.000	9740.64154	2.82547871	0	0.469157682	9743.38976087	1.867e-16	57684	8.224	1.147	9.992	0.001	0.0000	0.8443	-0.39507	0.8499	0.9934	1.64998	1.64976	0.0000	0.0000	0.0000	0.0021177	0.0040035	0.0087782	0	0	0
# CONV t=155.00 cond=0 evap=0 rough=0 back_s=0
# LEDGER t=155.000 mode=3 sum_err=0 max|E-iEu|=1.110e-16 run_max_diff=0.000e+00 run_max_sum_err=0 steps=7750 E0_int=9743389760869566 sum=9743389760869566
# NETG t=155.00 gates min=0.0487 mean=0.3255 edges=3
# PIN t=155.00 R=-0.546411442 nv=3
# SLIP t=155.00 e=0 psi=+0.2071 unw=+0.207 nu_win=+0.000261 dwb_win=+0.001643
# SLIP t=155.00 e=1 psi=-2.4698 unw=-0.075 nu_win=-0.000028 dwb_win=-0.000389
# SLIP t=155.00 e=2 psi=+1.1910 unw=-0.139 nu_win=-0.000167 dwb_win=-0.001016
160.000	9740.64154	2.82727636	0	0.480440601	9743.38976087	0.000e+00	57684	8.229	1.149	9.991	0.001	0.0000	0.8443	-0.39342	0.8499	0.9934	1.64998	1.64976	0.0000	0.0000	0.0000	-0.0036891	0.0070956	0.0042065	0	0	0
# CONV t=160.00 cond=0 evap=0 rough=0 back_s=0
# LEDGER t=160.000 mode=3 sum_err=0 max|E-iEu|=1.110e-16 run_max_diff=0.000e+00 run_max_sum_err=0 steps=8000 E0_int=9743389760869566 sum=9743389760869566
# NETG t=160.00 gates min=0.0498 mean=0.3250 edges=3
# PIN t=160.00 R=-0.559492011 nv=3
# SLIP t=160.00 e=0 psi=+0.2109 unw=+0.211 nu_win=+0.000122 dwb_win=+0.000523
# SLIP t=160.00 e=1 psi=-2.4727 unw=-0.078 nu_win=-0.000095 dwb_win=-0.000806
# SLIP t=160.00 e=2 psi=+1.1867 unw=-0.144 nu_win=-0.000138 dwb_win=-0.000664
165.000	9740.64154	2.82909798	0	0.491744172	9743.38976087	1.867e-16	57684	8.221	1.154	9.988	0.001	0.0000	0.8443	-0.39154	0.8499	0.9934	1.64997	1.64976	0.0000	0.0000	0.0000	0.0023423	0.0023353	0.0084558	0	0	0
# CONV t=165.00 cond=0 evap=0 rough=0 back_s=0
# LEDGER t=165.000 mode=3 sum_err=0 max|E-iEu|=1.110e-16 run_max_diff=0.000e+00 run_max_sum_err=0 steps=8250 E0_int=9743389760869566 sum=9743389760869566
# NETG t=165.00 gates min=0.0511 mean=0.3247 edges=3
# PIN t=165.00 R=-0.572617207 nv=3
# SLIP t=165.00 e=0 psi=+0.2128 unw=+0.213 nu_win=+0.000057 dwb_win=+0.000366
# SLIP t=165.00 e=1 psi=-2.4791 unw=-0.084 nu_win=-0.000204 dwb_win=-0.001291
# SLIP t=165.00 e=2 psi=+1.1820 unw=-0.148 nu_win=-0.000151 dwb_win=-0.000829
170.000	9740.64154	2.80786985	0	0.526182669	9743.38976087	1.867e-16	57684	8.233	1.150	9.978	0.002	0.0000	0.8443	-0.38933	0.8499	0.9934	1.64997	1.64976	0.0000	0.0000	0.0000	-0.0021506	0.010239	0.00367	0	0	0
# CONV t=170.00 cond=0 evap=0 rough=0 back_s=0
# LEDGER t=170.000 mode=3 sum_err=0 max|E-iEu|=1.110e-16 run_max_diff=0.000e+00 run_max_sum_err=0 steps=8500 E0_int=9743389760869566 sum=9743389760869566
# NETG t=170.00 gates min=0.0524 mean=0.3238 edges=3
# PIN t=170.00 R=-0.585827571 nv=3
# SLIP t=170.00 e=0 psi=+0.2185 unw=+0.218 nu_win=+0.000182 dwb_win=+0.000466
# SLIP t=170.00 e=1 psi=-2.4828 unw=-0.088 nu_win=-0.000118 dwb_win=-0.000769
# SLIP t=170.00 e=2 psi=+1.1775 unw=-0.153 nu_win=-0.000143 dwb_win=-0.000617
175.000	9740.64154	2.83243732	0	0.525447609	9743.38976087	1.867e-16	57684	8.237	1.169	9.996	0.002	0.0000	0.8443	-0.38667	0.8499	0.9935	1.64997	1.64976	0.0000	0.0000	0.0000	0.0011672	0.0091181	0.0090229	0	0	0
# CONV t=175.00 cond=0 evap=0 rough=0 back_s=0
# LEDGER t=175.000 mode=3 sum_err=0 max|E-iEu|=1.110e-16 run_max_diff=0.000e+00 run_max_sum_err=0 steps=8750 E0_int=9743389760869566 sum=9743389760869566
# NETG t=175.00 gates min=0.0535 mean=0.3231 edges=3
# PIN t=175.00 R=-0.609659985 nv=3
# SLIP t=175.00 e=0 psi=+0.2242 unw=+0.224 nu_win=+0.000183 dwb_win=+0.001030
# SLIP t=175.00 e=1 psi=-2.4845 unw=-0.090 nu_win=-0.000052 dwb_win=-0.000572
# SLIP t=175.00 e=2 psi=+1.1736 unw=-0.157 nu_win=-0.000125 dwb_win=-0.000801
180.000	9740.64154	2.82221604	0	0.559783563	9743.38976087	3.734e-16	57685	8.228	1.158	9.980	0.001	0.0000	0.8443	-0.38464	0.8499	0.9935	1.64996	1.64976	0.0000	0.0000	0.0000	0.0051461	0.0083115	0.008194	0	0	0
# CONV t=180.00 cond=0 evap=0 rough=0 back_s=0
# LEDGER t=180.000 mode=3 sum_err=0 max|E-iEu|=1.110e-16 run_max_diff=0.000e+00 run_max_sum_err=0 steps=9000 E0_int=9743389760869566 sum=9743389760869566
# NETG t=180.00 gates min=0.0551 mean=0.3212 edges=3
# PIN t=180.00 R=-0.633774653 nv=3
# SLIP t=180.00 e=0 psi=+0.2389 unw=+0.239 nu_win=+0.000466 dwb_win=+0.001617
# SLIP t=180.00 e=1 psi=-2.4859 unw=-0.091 nu_win=-0.000046 dwb_win=-0.000273
# SLIP t=180.00 e=2 psi=+1.1679 unw=-0.162 nu_win=-0.000181 dwb_win=-0.000945
185.000	9740.64154	2.83249303	0	0.568254482	9743.38976087	1.867e-16	57685	8.234	1.165	10.005	0.001	0.0000	0.8443	-0.38277	0.8499	0.9935	1.64995	1.64975	0.0000	0.0000	0.0000	0.0030227	0.0060775	0.006993	0	0	0
# CONV t=185.00 cond=0 evap=0 rough=0 back_s=0
# LEDGER t=185.000 mode=3 sum_err=0 max|E-iEu|=1.110e-16 run_max_diff=0.000e+00 run_max_sum_err=0 steps=9250 E0_int=9743389760869566 sum=9743389760869566
# NETG t=185.00 gates min=0.0564 mean=0.3207 edges=3
# PIN t=185.00 R=-0.652522569 nv=3
# SLIP t=185.00 e=0 psi=+0.2430 unw=+0.243 nu_win=+0.000133 dwb_win=+0.000789
# SLIP t=185.00 e=1 psi=-2.4888 unw=-0.094 nu_win=-0.000091 dwb_win=-0.000702
# SLIP t=185.00 e=2 psi=+1.1634 unw=-0.167 nu_win=-0.000141 dwb_win=-0.000745
190.000	9740.64154	2.83679543	0	0.571851179	9743.38976087	0.000e+00	57685	8.238	1.186	9.990	0.003	0.0000	0.8443	-0.38134	0.8499	0.9935	1.64994	1.64975	0.0000	0.0000	0.0000	0.0046933	0.0048351	0.0067591	0	0	0
# CONV t=190.00 cond=0 evap=0 rough=0 back_s=0
# LEDGER t=190.000 mode=3 sum_err=0 max|E-iEu|=1.110e-16 run_max_diff=0.000e+00 run_max_sum_err=0 steps=9500 E0_int=9743389760869566 sum=9743389760869566
# NETG t=190.00 gates min=0.0580 mean=0.3203 edges=3
# PIN t=190.00 R=-0.660421664 nv=3
# SLIP t=190.00 e=0 psi=+0.2455 unw=+0.245 nu_win=+0.000079 dwb_win=+0.001001
# SLIP t=190.00 e=1 psi=-2.4940 unw=-0.099 nu_win=-0.000166 dwb_win=-0.001155
# SLIP t=190.00 e=2 psi=+1.1581 unw=-0.172 nu_win=-0.000169 dwb_win=-0.001078
195.000	9740.64154	2.84211857	0	0.582204894	9743.38976087	1.867e-16	57685	8.254	1.174	10.023	0.002	0.0000	0.8443	-0.37907	0.8499	0.9935	1.64992	1.64975	0.0000	0.0000	0.0000	0.0028977	0.0092362	0.0078551	0	0	0
# CONV t=195.00 cond=0 evap=0 rough=0 back_s=0
# LEDGER t=195.000 mode=3 sum_err=0 max|E-iEu|=1.110e-16 run_max_diff=0.000e+00 run_max_sum_err=0 steps=9750 E0_int=9743389760869566 sum=9743389760869566
# NETG t=195.00 gates min=0.0593 mean=0.3194 edges=3
# PIN t=195.00 R=-0.676098513 nv=3
# SLIP t=195.00 e=0 psi=+0.2507 unw=+0.251 nu_win=+0.000166 dwb_win=+0.000252
# SLIP t=195.00 e=1 psi=-2.4980 unw=-0.103 nu_win=-0.000129 dwb_win=-0.001057
# SLIP t=195.00 e=2 psi=+1.1539 unw=-0.176 nu_win=-0.000134 dwb_win=-0.000654
200.000	9740.64154	3.67833581	0	0.598870779	9743.38976087	1.867e-16	57685	8.307	1.138	10.038	0.002	0.0000	0.8443	-0.3775	0.8499	0.9935	1.64991	1.64975	0.0000	0.0000	0.0000	0.0048238	0.0053506	0.0044342	0	0	0
# CONV t=200.00 cond=0 evap=0 rough=0 back_s=0
# LEDGER t=200.000 mode=3 sum_err=0 max|E-iEu|=1.110e-16 run_max_diff=0.000e+00 run_max_sum_err=0 steps=10000 E0_int=9743389760869566 sum=9743389760869566
# NETG t=200.00 gates min=0.0609 mean=0.3186 edges=3
# PIN t=200.00 R=-1.52898164 nv=3
# SLIP t=200.00 e=0 psi=+0.2562 unw=+0.256 nu_win=+0.000173 dwb_win=+0.001051
# SLIP t=200.00 e=1 psi=-2.5018 unw=-0.107 nu_win=-0.000118 dwb_win=-0.000871
# SLIP t=200.00 e=2 psi=+1.1488 unw=-0.181 nu_win=-0.000163 dwb_win=-0.000961
205.000	9740.64154	3.69489987	0	0.647276878	9743.38976087	0.000e+00	57688	8.316	1.141	10.013	0.001	0.0000	0.8443	-0.21846	0.8498	0.9935	1.64990	1.64971	0.0000	0.0000	0.0000	0.003132	0.015873	0.0056032	0	0	0
# CONV t=205.00 cond=0 evap=0 rough=0 back_s=0
# LEDGER t=205.000 mode=3 sum_err=0 max|E-iEu|=1.110e-16 run_max_diff=0.000e+00 run_max_sum_err=0 steps=10250 E0_int=9743389760869566 sum=9743389760869566
# NETG t=205.00 gates min=0.0010 mean=0.1960 edges=3
# PIN t=205.00 R=-1.5939518 nv=3
# SLIP t=205.00 e=0 psi=+2.9715 unw=+2.971 nu_win=+0.086433 dwb_win=+0.542006
# SLIP t=205.00 e=1 psi=-1.6348 unw=+0.760 nu_win=+0.027598 dwb_win=+0.002269
# SLIP t=205.00 e=2 psi=+0.2262 unw=-1.104 nu_win=-0.029368 dwb_win=-0.269868
210.000	9740.64154	2.87289143	0	0.677982505	9743.38976087	1.867e-16	57686	8.251	1.203	10.033	0.003	0.0000	0.8443	-0.31836	0.8499	0.9935	1.64989	1.64974	0.0000	0.0000	0.0000	2.1277e-05	0.009677	0.0089142	0	0	0
# CONV t=210.00 cond=0 evap=0 rough=0 back_s=0
# LEDGER t=210.000 mode=3 sum_err=0 max|E-iEu|=1.110e-16 run_max_diff=0.000e+00 run_max_sum_err=0 steps=10500 E0_int=9743389760869566 sum=9743389760869566
# NETG t=210.00 gates min=0.6223 mean=0.4847 edges=3
# PIN t=210.00 R=-0.802648991 nv=3
# SLIP t=210.00 e=0 psi=-2.2885 unw=+3.995 nu_win=+0.032569 dwb_win=+0.204999
# SLIP t=210.00 e=1 psi=-2.4855 unw=-0.091 nu_win=-0.027079 dwb_win=+0.001148
# SLIP t=210.00 e=2 psi=-0.7122 unw=-2.042 nu_win=-0.029870 dwb_win=-0.101926
215.000	9740.64154	2.84889238	0	0.723156497	9743.38976087	1.867e-16	57685	8.246	1.182	10.009	0.002	0.0000	0.8443	-0.40827	0.8499	0.9935	1.64988	1.64974	0.0000	0.0000	0.0000	0.0023774	0.0059887	0.0045623	0	0	0
# CONV t=215.00 cond=0 evap=0 rough=0 back_s=0
# LEDGER t=215.000 mode=3 sum_err=0 max|E-iEu|=1.110e-16 run_max_diff=0.000e+00 run_max_sum_err=0 steps=10750 E0_int=9743389760869566 sum=9743389760869566
# NETG t=215.00 gates min=0.6305 mean=0.4840 edges=3
# PIN t=215.00 R=-0.823823926 nv=3
# SLIP t=215.00 e=0 psi=-2.2769 unw=+4.006 nu_win=+0.000369 dwb_win=+0.001679
# SLIP t=215.00 e=1 psi=-2.4870 unw=-0.092 nu_win=-0.000049 dwb_win=-0.000504
# SLIP t=215.00 e=2 psi=-0.7177 unw=-2.048 nu_win=-0.000175 dwb_win=-0.001091
220.000	9740.64154	2.87460517	0	0.716995323	9743.38976087	1.867e-16	57685	8.223	1.188	10.047	0.003	0.0000	0.8443	-0.42575	0.8499	0.9935	1.64987	1.64974	0.0000	0.0000	0.0000	0.0041292	0.0085826	0.0082178	0	0	0
# CONV t=220.00 cond=0 evap=0 rough=0 back_s=0
# LEDGER t=220.000 mode=3 sum_err=0 max|E-iEu|=1.110e-16 run_max_diff=0.000e+00 run_max_sum_err=0 steps=11000 E0_int=9743389760869566 sum=9743389760869566
# NETG t=220.00 gates min=0.6352 mean=0.4832 edges=3
# PIN t=220.00 R=-0.843375546 nv=3
# SLIP t=220.00 e=0 psi=-2.2740 unw=+4.009 nu_win=+0.000091 dwb_win=+0.000189
# SLIP t=220.00 e=1 psi=-2.4917 unw=-0.097 nu_win=-0.000148 dwb_win=-0.001014
# SLIP t=220.00 e=2 psi=-0.7221 unw=-2.052 nu_win=-0.000141 dwb_win=-0.000601
225.000	9740.64154	2.84743979	0	0.750225034	9743.38976087	1.867e-16	57685	8.237	1.201	10.001	0.004	0.0000	0.8443	-0.4213	0.8499	0.9935	1.64987	1.64974	0.0000	0.0000	0.0000	0.0065637	0.0030223	0.0059911	0	0	0
# CONV t=225.00 cond=0 evap=0 rough=0 back_s=0
# LEDGER t=225.000 mode=3 sum_err=0 max|E-iEu|=1.110e-16 run_max_diff=0.000e+00 run_max_sum_err=0 steps=11250 E0_int=9743389760869566 sum=9743389760869566
# NETG t=225.00 gates min=0.6413 mean=0.4822 edges=3
# PIN t=225.00 R=-0.849439882 nv=3
# SLIP t=225.00 e=0 psi=-2.2693 unw=+4.014 nu_win=+0.000151 dwb_win=+0.001079
# SLIP t=225.00 e=1 psi=-2.4979 unw=-0.103 nu_win=-0.000198 dwb_win=-0.001150
# SLIP t=225.00 e=2 psi=-0.7280 unw=-2.058 nu_win=-0.000187 dwb_win=-0.001115
230.000	9740.64154	2.86304238	0	0.753245852	9743.38976087	0.000e+00	57685	8.228	1.205	10.019	0.003	0.0000	0.8443	-0.41199	0.8499	0.9935	1.64986	1.64974	0.0000	0.0000	0.0000	-0.0027529	0.0047235	0.0051912	0	0	0
# CONV t=230.00 cond=0 evap=0 rough=0 back_s=0
# LEDGER t=230.000 mode=3 sum_err=0 max|E-iEu|=1.110e-16 run_max_diff=0.000e+00 run_max_sum_err=0 steps=11500 E0_int=9743389760869566 sum=9743389760869566
# NETG t=230.00 gates min=0.6485 mean=0.4817 edges=3
# PIN t=230.00 R=-0.868063282 nv=3
# SLIP t=230.00 e=0 psi=-2.2644 unw=+4.019 nu_win=+0.000154 dwb_win=+0.000006
# SLIP t=230.00 e=1 psi=-2.5046 unw=-0.110 nu_win=-0.000213 dwb_win=-0.001293
# SLIP t=230.00 e=2 psi=-0.7329 unw=-2.063 nu_win=-0.000156 dwb_win=-0.000649
235.000	9740.64154	2.86527957	0	0.768836166	9743.38976087	0.000e+00	57685	8.249	1.205	10.007	0.003	0.0000	0.8443	-0.40345	0.8499	0.9935	1.64986	1.64974	0.0000	0.0000	0.0000	0.0076496	0.0096669	0.0091073	0	0	0
# CONV t=235.00 cond=0 evap=0 rough=0 back_s=0
# LEDGER t=235.000 mode=3 sum_err=0 max|E-iEu|=1.110e-16 run_max_diff=0.000e+00 run_max_sum_err=0 steps=11750 E0_int=9743389760869566 sum=9743389760869566
# NETG t=235.00 gates min=0.6528 mean=0.4808 edges=3
# PIN t=235.00 R=-0.885890793 nv=3
# SLIP t=235.00 e=0 psi=-2.2604 unw=+4.023 nu_win=+0.000130 dwb_win=+0.001007
# SLIP t=235.00 e=1 psi=-2.5076 unw=-0.113 nu_win=-0.000097 dwb_win=-0.000736
# SLIP t=235.00 e=2 psi=-0.7375 unw=-2.068 nu_win=-0.000145 dwb_win=-0.000872
240.000	9740.64154	2.85764395	0	0.804072114	9743.38976087	0.000e+00	57685	8.257	1.197	10.023	0.003	0.0000	0.8443	-0.39652	0.8499	0.9935	1.64986	1.64974	0.0000	0.0000	0.0000	-6.4256e-05	0.0073167	0.0094043	0	0	0
# CONV t=240.00 cond=0 evap=0 rough=0 back_s=0
# LEDGER t=240.000 mode=3 sum_err=0 max|E-iEu|=1.110e-16 run_max_diff=0.000e+00 run_max_sum_err=0 steps=12000 E0_int=9743389760869566 sum=9743389760869566
# NETG t=240.00 gates min=0.6617 mean=0.4802 edges=3
# PIN t=240.00 R=-0.91349112 nv=3
# SLIP t=240.00 e=0 psi=-2.2474 unw=+4.036 nu_win=+0.000411 dwb_win=+0.001317
# SLIP t=240.00 e=1 psi=-2.5087 unw=-0.114 nu_win=-0.000036 dwb_win=-0.000340
# SLIP t=240.00 e=2 psi=-0.7425 unw=-2.073 nu_win=-0.000158 dwb_win=-0.000829
245.000	9740.64154	2.86784292	0	0.813178741	9743.38976087	3.734e-16	57686	8.245	1.221	10.025	0.004	0.0000	0.8443	-0.39003	0.8499	0.9935	1.64986	1.64973	0.0000	0.0000	0.0000	0.0028687	0.0051676	0.0079625	0	0	0
# CONV t=245.00 cond=0 evap=0 rough=0 back_s=0
# LEDGER t=245.000 mode=3 sum_err=0 max|E-iEu|=1.110e-16 run_max_diff=0.000e+00 run_max_sum_err=0 steps=12250 E0_int=9743389760869566 sum=9743389760869566
# NETG t=245.00 gates min=0.6643 mean=0.4793 edges=3
# PIN t=245.00 R=-0.932796717 nv=3
# SLIP t=245.00 e=0 psi=-2.2457 unw=+4.037 nu_win=+0.000056 dwb_win=+0.000731
# SLIP t=245.00 e=1 psi=-2.5116 unw=-0.117 nu_win=-0.000090 dwb_win=-0.000490
# SLIP t=245.00 e=2 psi=-0.7460 unw=-2.076 nu_win=-0.000113 dwb_win=-0.000611
250.000	9740.64154	2.85464982	0	0.834333641	9743.38976087	1.867e-16	57687	8.251	1.200	10.023	0.003	0.0000	0.8443	-0.38579	0.8499	0.9935	1.64985	1.64973	0.0000	0.0000	0.0000	0.0052646	0.01126	0.0074002	0	0	0
# CONV t=250.00 cond=0 evap=0 rough=0 back_s=0
# LEDGER t=250.000 mode=3 sum_err=0 max|E-iEu|=1.110e-16 run_max_diff=0.000e+00 run_max_sum_err=0 steps=12500 E0_int=9743389760869566 sum=9743389760869566
# NETG t=250.00 gates min=0.6728 mean=0.4787 edges=3
# PIN t=250.00 R=-0.940758517 nv=3
# SLIP t=250.00 e=0 psi=-2.2372 unw=+4.046 nu_win=+0.000270 dwb_win=+0.001079
# SLIP t=250.00 e=1 psi=-2.5162 unw=-0.121 nu_win=-0.000149 dwb_win=-0.001066
# SLIP t=250.00 e=2 psi=-0.7510 unw=-2.081 nu_win=-0.000159 dwb_win=-0.001072
255.000	9740.64154	2.87501851	0	0.831510164	9743.38976087	1.867e-16	57687	8.204	1.216	10.037	0.003	0.0000	0.8443	-0.38213	0.8499	0.9935	1.64984	1.64973	0.0000	0.0000	0.0000	0.0026247	0.0057436	-7.3458e-08	0	0	0
# CONV t=255.00 cond=0 evap=0 rough=0 back_s=0
# LEDGER t=255.000 mode=3 sum_err=0 max|E-iEu|=1.110e-16 run_max_diff=0.000e+00 run_max_sum_err=0 steps=12750 E0_int=9743389760869566 sum=9743389760869566
# NETG t=255.00 gates min=0.6767 mean=0.4776 edges=3
# PIN t=255.00 R=-0.958303727 nv=3
# SLIP t=255.00 e=0 psi=-2.2380 unw=+4.045 nu_win=-0.000026 dwb_win=-0.000212
# SLIP t=255.00 e=1 psi=-2.5242 unw=-0.129 nu_win=-0.000253 dwb_win=-0.001206
# SLIP t=255.00 e=2 psi=-0.7562 unw=-2.086 nu_win=-0.000167 dwb_win=-0.000497
260.000	9740.64154	2.86685958	0	0.847752067	9743.38976087	1.867e-16	57687	8.212	1.220	10.045	0.004	0.0000	0.8443	-0.37926	0.8499	0.9935	1.64983	1.64973	0.0000	0.0000	0.0000	-0.00057513	0.0089609	0.0091036	0	0	0
# CONV t=260.00 cond=0 evap=0 rough=0 back_s=0
# LEDGER t=260.000 mode=3 sum_err=0 max|E-iEu|=1.110e-16 run_max_diff=0.000e+00 run_max_sum_err=0 steps=13000 E0_int=9743389760869566 sum=9743389760869566
# NETG t=260.00 gates min=0.6817 mean=0.4768 edges=3
# PIN t=260.00 R=-0.966386704 nv=3
# SLIP t=260.00 e=0 psi=-2.2344 unw=+4.049 nu_win=+0.000116 dwb_win=+0.001152
# SLIP t=260.00 e=1 psi=-2.5282 unw=-0.133 nu_win=-0.000128 dwb_win=-0.000828
# SLIP t=260.00 e=2 psi=-0.7605 unw=-2.091 nu_win=-0.000137 dwb_win=-0.000990
265.000	9740.64154	2.87852414	0	0.864955419	9743.38976087	1.867e-16	57687	8.252	1.231	10.039	0.005	0.0000	0.8443	-0.37632	0.8499	0.9935	1.64982	1.64973	0.0000	0.0000	0.0000	0.0020276	0.012301	0.0007643	0	0	0
# CONV t=265.00 cond=0 evap=0 rough=0 back_s=0
# LEDGER t=265.000 mode=3 sum_err=0 max|E-iEu|=1.110e-16 run_max_diff=0.000e+00 run_max_sum_err=0 steps=13250 E0_int=9743389760869566 sum=9743389760869566
# NETG t=265.00 gates min=0.6881 mean=0.4758 edges=3
# PIN t=265.00 R=-0.995254613 nv=3
# SLIP t=265.00 e=0 psi=-2.2284 unw=+4.055 nu_win=+0.000191 dwb_win=+0.000149
# SLIP t=265.00 e=1 psi=-2.5334 unw=-0.139 nu_win=-0.000165 dwb_win=-0.000763
# SLIP t=265.00 e=2 psi=-0.7660 unw=-2.096 nu_win=-0.000173 dwb_win=-0.000456
270.000	9740.64154	2.87007111	0	0.892804501	9743.38976087	1.867e-16	57687	8.252	1.228	10.025	0.004	0.0000	0.8443	-0.3736	0.8499	0.9935	1.64982	1.64973	0.0000	0.0000	0.0000	-0.0010324	0.0056297	0.0084953	0	0	0
# CONV t=270.00 cond=0 evap=0 rough=0 back_s=0
# LEDGER t=270.000 mode=3 sum_err=0 max|E-iEu|=1.110e-16 run_max_diff=0.000e+00 run_max_sum_err=0 steps=13500 E0_int=9743389760869566 sum=9743389760869566
# NETG t=270.00 gates min=0.6929 mean=0.4749 edges=3
# PIN t=270.00 R=-1.01465066 nv=3
# SLIP t=270.00 e=0 psi=-2.2218 unw=+4.061 nu_win=+0.000210 dwb_win=+0.001713
# SLIP t=270.00 e=1 psi=-2.5352 unw=-0.140 nu_win=-0.000055 dwb_win=-0.000194
# SLIP t=270.00 e=2 psi=-0.7702 unw=-2.100 nu_win=-0.000136 dwb_win=-0.000954
275.000	9740.64154	2.88787797	0	0.894886997	9743.38976087	0.000e+00	57687	8.242	1.235	10.052	0.005	0.0000	0.8443	-0.37219	0.8499	0.9935	1.64981	1.64972	0.0000	0.0000	0.0000	-0.0019324	0.0054571	0.0087961	0	0	0
# CONV t=275.00 cond=0 evap=0 rough=0 back_s=0
# LEDGER t=275.000 mode=3 sum_err=0 max|E-iEu|=1.110e-16 run_max_diff=0.000e+00 run_max_sum_err=0 steps=13750 E0_int=9743389760869566 sum=9743389760869566
# NETG t=275.00 gates min=0.7019 mean=0.4743 edges=3
# PIN t=275.00 R=-1.03454002 nv=3
# SLIP t=275.00 e=0 psi=-2.2132 unw=+4.070 nu_win=+0.000273 dwb_win=+0.000024
# SLIP t=275.00 e=1 psi=-2.5408 unw=-0.146 nu_win=-0.000178 dwb_win=-0.001012
# SLIP t=275.00 e=2 psi=-0.7750 unw=-2.105 nu_win=-0.000153 dwb_win=-0.000518
280.000	9740.64154	2.87544318	0	0.916261246	9743.38976087	1.867e-16	57687	8.228	1.245	10.034	0.004	0.0000	0.8443	-0.36902	0.8499	0.9935	1.64982	1.64972	0.0000	0.0000	0.0000	0.0016621	0.01257	0.0081056	0	0	0
# CONV t=280.00 cond=0 evap=0 rough=0 back_s=0
# LEDGER t=280.000 mode=3 sum_err=0 max|E-iEu|=1.110e-16 run_max_diff=0.000e+00 run_max_sum_err=0 steps=14000 E0_int=9743389760869566 sum=9743389760869566
# NETG t=280.00 gates min=0.7048 mean=0.4730 edges=3
# PIN t=280.00 R=-1.04347948 nv=3
# SLIP t=280.00 e=0 psi=-2.2150 unw=+4.068 nu_win=-0.000056 dwb_win=+0.000723
# SLIP t=280.00 e=1 psi=-2.5481 unw=-0.153 nu_win=-0.000232 dwb_win=-0.001226
# SLIP t=280.00 e=2 psi=-0.7801 unw=-2.110 nu_win=-0.000161 dwb_win=-0.000975
285.000	9740.64154	2.88835726	0	0.917207376	9743.38976087	1.867e-16	57687	8.236	1.251	10.035	0.004	0.0000	0.8443	-0.36608	0.8499	0.9935	1.64982	1.64972	0.0000	0.0000	0.0000	0.0018455	0.0072998	0.0080829	0	0	0
# CONV t=285.00 cond=0 evap=0 rough=0 back_s=0
# LEDGER t=285.000 mode=3 sum_err=0 max|E-iEu|=1.110e-16 run_max_diff=0.000e+00 run_max_sum_err=0 steps=14250 E0_int=9743389760869566 sum=9743389760869566
# NETG t=285.00 gates min=0.7119 mean=0.4723 edges=3
# PIN t=285.00 R=-1.05733969 nv=3
# SLIP t=285.00 e=0 psi=-2.2108 unw=+4.072 nu_win=+0.000134 dwb_win=+0.000321
# SLIP t=285.00 e=1 psi=-2.5558 unw=-0.161 nu_win=-0.000246 dwb_win=-0.001189
# SLIP t=285.00 e=2 psi=-0.7850 unw=-2.115 nu_win=-0.000156 dwb_win=-0.000755
290.000	9740.64154	2.88832894	0	0.935041147	9743.38976087	3.734e-16	57687	8.225	1.242	10.034	0.003	0.0000	0.8443	-0.36365	0.8499	0.9935	1.64982	1.64972	0.0000	0.0000	0.0000	0.0025293	0.010194	0.0084443	0	0	0
# CONV t=290.00 cond=0 evap=0 rough=0 back_s=0
# LEDGER t=290.000 mode=3 sum_err=0 max|E-iEu|=1.110e-16 run_max_diff=0.000e+00 run_max_sum_err=0 steps=14500 E0_int=9743389760869566 sum=9743389760869566
# NETG t=290.00 gates min=0.7172 mean=0.4712 edges=3
# PIN t=290.00 R=-1.07514514 nv=3
# SLIP t=290.00 e=0 psi=-2.2069 unw=+4.076 nu_win=+0.000123 dwb_win=+0.000651
# SLIP t=290.00 e=1 psi=-2.5602 unw=-0.165 nu_win=-0.000142 dwb_win=-0.000827
# SLIP t=290.00 e=2 psi=-0.7898 unw=-2.120 nu_win=-0.000152 dwb_win=-0.000739
295.000	9740.64154	2.8842663	0	0.964541359	9743.38976087	1.867e-16	57687	8.238	1.254	10.046	0.004	0.0000	0.8443	-0.36377	0.8499	0.9935	1.64982	1.64972	0.0000	0.0000	0.0000	0.0010843	0.012125	0.011063	0	0	0
# CONV t=295.00 cond=0 evap=0 rough=0 back_s=0
# LEDGER t=295.000 mode=3 sum_err=0 max|E-iEu|=1.110e-16 run_max_diff=0.000e+00 run_max_sum_err=0 steps=14750 E0_int=9743389760869566 sum=9743389760869566
# NETG t=295.00 gates min=0.7239 mean=0.4701 edges=3
# PIN t=295.00 R=-1.10058272 nv=3
# SLIP t=295.00 e=0 psi=-2.2016 unw=+4.081 nu_win=+0.000170 dwb_win=+0.000962
# SLIP t=295.00 e=1 psi=-2.5670 unw=-0.172 nu_win=-0.000215 dwb_win=-0.000784
# SLIP t=295.00 e=2 psi=-0.7955 unw=-2.126 nu_win=-0.000184 dwb_win=-0.000873
300.000	9740.64154	2.87905517	0	0.989544441	9743.38976087	1.867e-16	57687	8.260	1.235	10.043	0.003	0.0000	0.8443	-0.36319	0.8499	0.9935	1.64983	1.64972	0.0000	0.0000	0.0000	5.8093e-06	0.0095968	0.0067191	0	0	0
# CONV t=300.00 cond=0 evap=0 rough=0 back_s=0
# LEDGER t=300.000 mode=3 sum_err=0 max|E-iEu|=1.110e-16 run_max_diff=0.000e+00 run_max_sum_err=0 steps=15000 E0_int=9743389760869566 sum=9743389760869566
# NETG t=300.00 gates min=0.7287 mean=0.4689 edges=3
# PIN t=300.00 R=-1.12037466 nv=3
# SLIP t=300.00 e=0 psi=-2.1979 unw=+4.085 nu_win=+0.000118 dwb_win=+0.000667
# SLIP t=300.00 e=1 psi=-2.5715 unw=-0.177 nu_win=-0.000143 dwb_win=-0.000610
# SLIP t=300.00 e=2 psi=-0.8003 unw=-2.131 nu_win=-0.000151 dwb_win=-0.000639
305.000	9740.64154	2.88617034	0	0.99847848	9743.38976087	0.000e+00	57687	8.247	1.259	10.057	0.004	0.0000	0.8443	-0.36233	0.8499	0.9935	1.64983	1.64972	0.0000	0.0000	0.0000	0.0013339	0.0060913	0.008836	0	0	0
# CONV t=305.00 cond=0 evap=0 rough=0 back_s=0
# LEDGER t=305.000 mode=3 sum_err=0 max|E-iEu|=1.110e-16 run_max_diff=0.000e+00 run_max_sum_err=0 steps=15250 E0_int=9743389760869566 sum=9743389760869566
# NETG t=305.00 gates min=0.7364 mean=0.4684 edges=3
# PIN t=305.00 R=-1.13642387 nv=3
# SLIP t=305.00 e=0 psi=-2.1938 unw=+4.089 nu_win=+0.000131 dwb_win=+0.000094
# SLIP t=305.00 e=1 psi=-2.5808 unw=-0.186 nu_win=-0.000298 dwb_win=-0.001635
# SLIP t=305.00 e=2 psi=-0.8049 unw=-2.135 nu_win=-0.000146 dwb_win=-0.000865
310.000	9740.64154	2.89313941	0	1.00220512	9743.38976087	1.867e-16	57687	8.220	1.250	10.066	0.003	0.0000	0.8443	-0.3617	0.8499	0.9935	1.64984	1.64972	0.0000	0.0000	0.0000	-0.002945	0.010461	0.0058734	0	0	0
# CONV t=310.00 cond=0 evap=0 rough=0 back_s=0
# LEDGER t=310.000 mode=3 sum_err=0 max|E-iEu|=1.110e-16 run_max_diff=0.000e+00 run_max_sum_err=0 steps=15500 E0_int=9743389760869566 sum=9743389760869566
# NETG t=310.00 gates min=0.7417 mean=0.4671 edges=3
# PIN t=310.00 R=-1.14711958 nv=3
# SLIP t=310.00 e=0 psi=-2.1923 unw=+4.091 nu_win=+0.000048 dwb_win=+0.000758
# SLIP t=310.00 e=1 psi=-2.5876 unw=-0.193 nu_win=-0.000216 dwb_win=-0.001115
# SLIP t=310.00 e=2 psi=-0.8100 unw=-2.140 nu_win=-0.000163 dwb_win=-0.000936
315.000	9740.64154	2.88184526	0	1.03534021	9743.38976087	1.867e-16	57687	8.254	1.252	10.045	0.003	0.0000	0.8443	-0.36079	0.8499	0.9935	1.64985	1.64971	0.0000	0.0000	0.0000	0.00010348	0.0064472	0.0099035	0	0	0
# CONV t=315.00 cond=0 evap=0 rough=0 back_s=0
# LEDGER t=315.000 mode=3 sum_err=0 max|E-iEu|=1.110e-16 run_max_diff=0.000e+00 run_max_sum_err=0 steps=15750 E0_int=9743389760869566 sum=9743389760869566
# NETG t=315.00 gates min=0.7487 mean=0.4661 edges=3
# PIN t=315.00 R=-1.16896052 nv=3
# SLIP t=315.00 e=0 psi=-2.1871 unw=+4.096 nu_win=+0.000164 dwb_win=+0.000403
# SLIP t=315.00 e=1 psi=-2.5947 unw=-0.200 nu_win=-0.000226 dwb_win=-0.001179
# SLIP t=315.00 e=2 psi=-0.8153 unw=-2.145 nu_win=-0.000168 dwb_win=-0.000791
320.000	9740.64154	2.89996219	0	1.02993316	9743.38976087	0.000e+00	57687	8.246	1.279	10.070	0.004	0.0000	0.8443	-0.36132	0.8499	0.9935	1.64986	1.64971	0.0000	0.0000	0.0000	0.0016487	0.0092939	0.0053874	0	0	0
# CONV t=320.00 cond=0 evap=0 rough=0 back_s=0
# LEDGER t=320.000 mode=3 sum_err=0 max|E-iEu|=1.110e-16 run_max_diff=0.000e+00 run_max_sum_err=0 steps=16000 E0_int=9743389760869566 sum=9743389760869566
# NETG t=320.00 gates min=0.7526 mean=0.4647 edges=3
# PIN t=320.00 R=-1.1816704 nv=3
# SLIP t=320.00 e=0 psi=-2.1877 unw=+4.095 nu_win=-0.000019 dwb_win=+0.000754
# SLIP t=320.00 e=1 psi=-2.6005 unw=-0.206 nu_win=-0.000184 dwb_win=-0.000945
# SLIP t=320.00 e=2 psi=-0.8196 unw=-2.150 nu_win=-0.000139 dwb_win=-0.000850
325.000	9740.64154	2.90717325	0	1.04703532	9743.38976087	1.867e-16	57687	8.237	1.281	10.063	0.004	0.0000	0.8443	-0.36248	0.8499	0.9935	1.64987	1.64971	0.0000	0.0000	0.0000	-0.0026871	0.013372	0.0060775	0	0	0
# CONV t=325.00 cond=0 evap=0 rough=0 back_s=0
# LEDGER t=325.000 mode=3 sum_err=0 max|E-iEu|=1.110e-16 run_max_diff=0.000e+00 run_max_sum_err=0 steps=16250 E0_int=9743389760869566 sum=9743389760869566
# NETG t=325.00 gates min=0.7587 mean=0.4634 edges=3
# PIN t=325.00 R=-1.20598362 nv=3
# SLIP t=325.00 e=0 psi=-2.1823 unw=+4.101 nu_win=+0.000172 dwb_win=+0.000821
# SLIP t=325.00 e=1 psi=-2.6061 unw=-0.211 nu_win=-0.000179 dwb_win=-0.000900
# SLIP t=325.00 e=2 psi=-0.8252 unw=-2.155 nu_win=-0.000176 dwb_win=-0.000861
330.000	9740.64154	2.90519699	0	1.06447648	9743.38976087	1.867e-16	57687	8.237	1.263	10.058	0.003	0.0000	0.8443	-0.36353	0.8499	0.9935	1.64988	1.64971	0.0000	0.0000	0.0000	0.0015599	0.0059663	0.0053539	0	0	0
# CONV t=330.00 cond=0 evap=0 rough=0 back_s=0
# LEDGER t=330.000 mode=3 sum_err=0 max|E-iEu|=1.110e-16 run_max_diff=0.000e+00 run_max_sum_err=0 steps=16500 E0_int=9743389760869566 sum=9743389760869566
# NETG t=330.00 gates min=0.7638 mean=0.4622 edges=3
# PIN t=330.00 R=-1.22144852 nv=3
# SLIP t=330.00 e=0 psi=-2.1815 unw=+4.102 nu_win=+0.000026 dwb_win=+0.000061
# SLIP t=330.00 e=1 psi=-2.6156 unw=-0.221 nu_win=-0.000302 dwb_win=-0.001116
# SLIP t=330.00 e=2 psi=-0.8305 unw=-2.161 nu_win=-0.000171 dwb_win=-0.000588
335.000	9740.64154	2.89907699	0	1.08658843	9743.38976087	1.867e-16	57687	8.242	1.262	10.050	0.003	0.0000	0.8443	-0.36365	0.8499	0.9935	1.64988	1.64971	0.0000	0.0000	0.0000	0.0028231	0.010294	0.0065574	0	0	0
# CONV t=335.00 cond=0 evap=0 rough=0 back_s=0
# LEDGER t=335.000 mode=3 sum_err=0 max|E-iEu|=1.110e-16 run_max_diff=0.000e+00 run_max_sum_err=0 steps=16750 E0_int=9743389760869566 sum=9743389760869566
# NETG t=335.00 gates min=0.7721 mean=0.4610 edges=3
# PIN t=335.00 R=-1.23744047 nv=3
# SLIP t=335.00 e=0 psi=-2.1767 unw=+4.106 nu_win=+0.000153 dwb_win=+0.000409
# SLIP t=335.00 e=1 psi=-2.6253 unw=-0.231 nu_win=-0.000309 dwb_win=-0.001465
# SLIP t=335.00 e=2 psi=-0.8365 unw=-2.167 nu_win=-0.000191 dwb_win=-0.000937
340.000	9740.64154	2.91678033	0	1.08926106	9743.38976087	1.867e-16	57687	8.252	1.297	10.073	0.005	0.0000	0.8443	-0.3626	0.8499	0.9935	1.64989	1.64971	0.0000	0.0000	0.0000	0.004266	0.01061	0.0025021	0	0	0
# CONV t=340.00 cond=0 evap=0 rough=0 back_s=0
# LEDGER t=340.000 mode=3 sum_err=0 max|E-iEu|=1.110e-16 run_max_diff=0.000e+00 run_max_sum_err=0 steps=17000 E0_int=9743389760869566 sum=9743389760869566
# NETG t=340.00 gates min=0.7758 mean=0.4598 edges=3
# PIN t=340.00 R=-1.25781645 nv=3
# SLIP t=340.00 e=0 psi=-2.1767 unw=+4.106 nu_win=-0.000001 dwb_win=+0.000400
# SLIP t=340.00 e=1 psi=-2.6326 unw=-0.238 nu_win=-0.000233 dwb_win=-0.001037
# SLIP t=340.00 e=2 psi=-0.8409 unw=-2.171 nu_win=-0.000139 dwb_win=-0.000719
345.000	9740.64154	2.91569461	0	1.10042764	9743.38976087	1.867e-16	57687	8.240	1.297	10.070	0.004	0.0000	0.8443	-0.36084	0.8499	0.9935	1.64989	1.64970	0.0000	0.0000	0.0000	0.0042979	0.0077937	0.01028	0	0	0
# CONV t=345.00 cond=0 evap=0 rough=0 back_s=0
# LEDGER t=345.000 mode=3 sum_err=0 max|E-iEu|=1.110e-16 run_max_diff=0.000e+00 run_max_sum_err=0 steps=17250 E0_int=9743389760869566 sum=9743389760869566
# NETG t=345.00 gates min=0.7829 mean=0.4583 edges=3
# PIN t=345.00 R=-1.26789731 nv=3
# SLIP t=345.00 e=0 psi=-2.1728 unw=+4.110 nu_win=+0.000125 dwb_win=+0.000829
# SLIP t=345.00 e=1 psi=-2.6404 unw=-0.246 nu_win=-0.000246 dwb_win=-0.001237
# SLIP t=345.00 e=2 psi=-0.8467 unw=-2.177 nu_win=-0.000185 dwb_win=-0.001033
350.000	9740.64154	2.9209616	0	1.11750021	9743.38976087	1.867e-16	57687	8.203	1.286	10.054	0.003	0.0000	0.8443	-0.35894	0.8499	0.9935	1.64989	1.64970	0.0000	0.0000	0.0000	0.007054	0.013484	0.0099583	0	0	0
# CONV t=350.00 cond=0 evap=0 rough=0 back_s=0
# LEDGER t=350.000 mode=3 sum_err=0 max|E-iEu|=1.110e-16 run_max_diff=0.000e+00 run_max_sum_err=0 steps=17500 E0_int=9743389760869566 sum=9743389760869566
# NETG t=350.00 gates min=0.7893 mean=0.4570 edges=3
# PIN t=350.00 R=-1.29023687 nv=3
# SLIP t=350.00 e=0 psi=-2.1676 unw=+4.115 nu_win=+0.000167 dwb_win=+0.000643
# SLIP t=350.00 e=1 psi=-2.6481 unw=-0.253 nu_win=-0.000245 dwb_win=-0.001204
# SLIP t=350.00 e=2 psi=-0.8525 unw=-2.183 nu_win=-0.000184 dwb_win=-0.000924
355.000	9740.64154	2.91113023	0	1.14319559	9743.38976087	1.867e-16	57687	8.249	1.308	10.050	0.003	0.0000	0.8443	-0.35795	0.8499	0.9935	1.64990	1.64970	0.0000	0.0000	0.0000	0.01044	0.0065663	0.0065064	0	0	0
# CONV t=355.00 cond=0 evap=0 rough=0 back_s=0
# LEDGER t=355.000 mode=3 sum_err=0 max|E-iEu|=1.110e-16 run_max_diff=0.000e+00 run_max_sum_err=0 steps=17750 E0_int=9743389760869566 sum=9743389760869566
# NETG t=355.00 gates min=0.7920 mean=0.4557 edges=3
# PIN t=355.00 R=-1.30610088 nv=3
# SLIP t=355.00 e=0 psi=-2.1650 unw=+4.118 nu_win=+0.000082 dwb_win=+0.000954
# SLIP t=355.00 e=1 psi=-2.6500 unw=-0.255 nu_win=-0.000062 dwb_win=-0.000274
# SLIP t=355.00 e=2 psi=-0.8561 unw=-2.186 nu_win=-0.000115 dwb_win=-0.000614
360.000	9740.64154	2.92180157	0	1.14964574	9743.38976087	0.000e+00	57687	8.178	1.294	10.054	0.003	0.0000	0.8443	-0.3557	0.8499	0.9935	1.64990	1.64970	0.0000	0.0000	0.0000	0.0059472	0.013578	0.00056829	0	0	0
# CONV t=360.00 cond=0 evap=0 rough=0 back_s=0
# LEDGER t=360.000 mode=3 sum_err=0 max|E-iEu|=1.110e-16 run_max_diff=0.000e+00 run_max_sum_err=0 steps=18000 E0_int=9743389760869566 sum=9743389760869566
# NETG t=360.00 gates min=0.7986 mean=0.4541 edges=3
# PIN t=360.00 R=-1.32322236 nv=3
# SLIP t=360.00 e=0 psi=-2.1614 unw=+4.122 nu_win=+0.000114 dwb_win=+0.000334
# SLIP t=360.00 e=1 psi=-2.6585 unw=-0.264 nu_win=-0.000269 dwb_win=-0.001651
# SLIP t=360.00 e=2 psi=-0.8621 unw=-2.192 nu_win=-0.000191 dwb_win=-0.000993
365.000	9740.64154	2.90192237	0	1.18712787	9743.38976087	1.867e-16	57687	8.251	1.286	10.038	0.004	0.0000	0.8443	-0.35454	0.8499	0.9935	1.64990	1.64970	0.0000	0.0000	0.0000	0.0038243	0.0071265	0.0053634	0	0	0
# CONV t=365.00 cond=0 evap=0 rough=0 back_s=0
# LEDGER t=365.000 mode=3 sum_err=0 max|E-iEu|=1.110e-16 run_max_diff=0.000e+00 run_max_sum_err=0 steps=18250 E0_int=9743389760869566 sum=9743389760869566
# NETG t=365.00 gates min=0.8029 mean=0.4532 edges=3
# PIN t=365.00 R=-1.34082529 nv=3
# SLIP t=365.00 e=0 psi=-2.1561 unw=+4.127 nu_win=+0.000171 dwb_win=+0.000521
# SLIP t=365.00 e=1 psi=-2.6617 unw=-0.267 nu_win=-0.000102 dwb_win=-0.000413
# SLIP t=365.00 e=2 psi=-0.8658 unw=-2.196 nu_win=-0.000118 dwb_win=-0.000467
370.000	9740.64154	2.91407315	0	1.18968832	9743.38976087	0.000e+00	57687	8.260	1.303	10.037	0.004	0.0000	0.8443	-0.35339	0.8499	0.9935	1.64990	1.64969	0.0000	0.0000	0.0000	-0.0015896	0.010156	0.0036891	0	0	0
# CONV t=370.00 cond=0 evap=0 rough=0 back_s=0
# LEDGER t=370.000 mode=3 sum_err=0 max|E-iEu|=1.110e-16 run_max_diff=0.000e+00 run_max_sum_err=0 steps=18500 E0_int=9743389760869566 sum=9743389760869566
# NETG t=370.00 gates min=0.8101 mean=0.4517 edges=3
# PIN t=370.00 R=-1.35553653 nv=3
# SLIP t=370.00 e=0 psi=-2.1509 unw=+4.132 nu_win=+0.000163 dwb_win=+0.000665
# SLIP t=370.00 e=1 psi=-2.6679 unw=-0.273 nu_win=-0.000198 dwb_win=-0.001372
# SLIP t=370.00 e=2 psi=-0.8711 unw=-2.201 nu_win=-0.000167 dwb_win=-0.001018
375.000	9740.64154	2.90859419	0	1.20670906	9743.38976087	1.867e-16	57687	8.220	1.320	10.054	0.005	0.0000	0.8443	-0.35248	0.8499	0.9935	1.64990	1.64969	0.0000	0.0000	0.0000	0.0050946	0.0091454	0.0019157	0	0	0
# CONV t=375.00 cond=0 evap=0 rough=0 back_s=0
# LEDGER t=375.000 mode=3 sum_err=0 max|E-iEu|=1.110e-16 run_max_diff=0.000e+00 run_max_sum_err=0 steps=18750 E0_int=9743389760869566 sum=9743389760869566
# NETG t=375.00 gates min=0.8135 mean=0.4506 edges=3
# PIN t=375.00 R=-1.36707831 nv=3
# SLIP t=375.00 e=0 psi=-2.1490 unw=+4.134 nu_win=+0.000061 dwb_win=+0.000519
# SLIP t=375.00 e=1 psi=-2.6749 unw=-0.280 nu_win=-0.000222 dwb_win=-0.001170
# SLIP t=375.00 e=2 psi=-0.8756 unw=-2.206 nu_win=-0.000143 dwb_win=-0.000845
380.000	9740.64154	2.92993235	0	1.20675207	9743.38976087	1.867e-16	57687	8.219	1.325	10.034	0.003	0.0000	0.8443	-0.3529	0.8499	0.9935	1.64990	1.64969	0.0000	0.0000	0.0000	-0.00030768	0.015077	0.0014716	0	0	0
# CONV t=380.00 cond=0 evap=0 rough=0 back_s=0
# LEDGER t=380.000 mode=3 sum_err=0 max|E-iEu|=1.110e-16 run_max_diff=0.000e+00 run_max_sum_err=0 steps=19000 E0_int=9743389760869566 sum=9743389760869566
# NETG t=380.00 gates min=0.8181 mean=0.4490 edges=3
# PIN t=380.00 R=-1.38845948 nv=3
# SLIP t=380.00 e=0 psi=-2.1434 unw=+4.140 nu_win=+0.000178 dwb_win=+0.001271
# SLIP t=380.00 e=1 psi=-2.6765 unw=-0.282 nu_win=-0.000052 dwb_win=-0.000467
# SLIP t=380.00 e=2 psi=-0.8801 unw=-2.210 nu_win=-0.000145 dwb_win=-0.000869
385.000	9740.64154	2.94176799	0	1.21306992	9743.38976087	0.000e+00	57687	8.236	1.342	10.058	0.005	0.0000	0.8443	-0.35295	0.8499	0.9935	1.64989	1.64969	0.0000	0.0000	0.0000	0.0011443	0.01068	0.0030946	0	0	0
# CONV t=385.00 cond=0 evap=0 rough=0 back_s=0
# LEDGER t=385.000 mode=3 sum_err=0 max|E-iEu|=1.110e-16 run_max_diff=0.000e+00 run_max_sum_err=0 steps=19250 E0_int=9743389760869566 sum=9743389760869566
# NETG t=385.00 gates min=0.8238 mean=0.4474 edges=3
# PIN t=385.00 R=-1.40661297 nv=3
# SLIP t=385.00 e=0 psi=-2.1372 unw=+4.146 nu_win=+0.000198 dwb_win=+0.000601
# SLIP t=385.00 e=1 psi=-2.6826 unw=-0.288 nu_win=-0.000194 dwb_win=-0.001181
# SLIP t=385.00 e=2 psi=-0.8861 unw=-2.216 nu_win=-0.000190 dwb_win=-0.000891
390.000	9740.64154	2.93156522	0	1.24347698	9743.38976087	1.867e-16	57687	8.226	1.322	10.058	0.004	0.0000	0.8443	-0.35328	0.8499	0.9935	1.64989	1.64969	0.0000	0.0000	0.0000	-0.0016619	0.013014	0.0052057	0	0	0
# CONV t=390.00 cond=0 evap=0 rough=0 back_s=0
# LEDGER t=390.000 mode=3 sum_err=0 max|E-iEu|=1.110e-16 run_max_diff=0.000e+00 run_max_sum_err=0 steps=19500 E0_int=9743389760869566 sum=9743389760869566
# NETG t=390.00 gates min=0.8193 mean=0.4463 edges=3
# PIN t=390.00 R=-1.42681726 nv=3
# SLIP t=390.00 e=0 psi=-2.1325 unw=+4.151 nu_win=+0.000151 dwb_win=+0.000792
# SLIP t=390.00 e=1 psi=-2.6852 unw=-0.290 nu_win=-0.000084 dwb_win=-0.000550
# SLIP t=390.00 e=2 psi=-0.8897 unw=-2.220 nu_win=-0.000116 dwb_win=-0.000671
395.000	9740.64154	2.94213984	0	1.24615217	9743.38976087	0.000e+00	57687	8.207	1.332	10.058	0.004	0.0000	0.8443	-0.35367	0.8499	0.9935	1.64988	1.64969	0.0000	0.0000	0.0000	0.0015016	0.0052238	0.0043474	0	0	0
# CONV t=395.00 cond=0 evap=0 rough=0 back_s=0
# LEDGER t=395.000 mode=3 sum_err=0 max|E-iEu|=1.110e-16 run_max_diff=0.000e+00 run_max_sum_err=0 steps=19750 E0_int=9743389760869566 sum=9743389760869566
# NETG t=395.00 gates min=0.8126 mean=0.4446 edges=3
# PIN t=395.00 R=-1.44006708 nv=3
# SLIP t=395.00 e=0 psi=-2.1267 unw=+4.156 nu_win=+0.000185 dwb_win=+0.000888
# SLIP t=395.00 e=1 psi=-2.6905 unw=-0.296 nu_win=-0.000167 dwb_win=-0.001062
# SLIP t=395.00 e=2 psi=-0.8953 unw=-2.225 nu_win=-0.000177 dwb_win=-0.000975
400.000	9740.64154	2.94022765	0	1.25952602	9743.38976087	1.867e-16	57687	8.234	1.369	10.032	0.005	0.0000	0.8443	-0.35442	0.8499	0.9935	1.64988	1.64968	0.0000	0.0000	0.0000	-0.0016253	0.008834	0.004504	0	0	0
# CONV t=400.00 cond=0 evap=0 rough=0 back_s=0
# LEDGER t=400.000 mode=3 sum_err=0 max|E-iEu|=1.110e-16 run_max_diff=0.000e+00 run_max_sum_err=0 steps=20000 E0_int=9743389760869566 sum=9743389760869566
# NETG t=400.00 gates min=0.8100 mean=0.4435 edges=3
# PIN t=400.00 R=-1.45152873 nv=3
# SLIP t=400.00 e=0 psi=-2.1236 unw=+4.159 nu_win=+0.000098 dwb_win=+0.000462
# SLIP t=400.00 e=1 psi=-2.6959 unw=-0.301 nu_win=-0.000173 dwb_win=-0.001189
# SLIP t=400.00 e=2 psi=-0.8992 unw=-2.229 nu_win=-0.000125 dwb_win=-0.000826
405.000	9740.64154	2.94346893	0	1.27077845	9743.38976087	0.000e+00	57686	8.217	1.360	10.072	0.004	0.0000	0.8443	-0.35571	0.8499	0.9935	1.64988	1.64968	0.0000	0.0000	0.0000	0.0059966	0.011594	0.005243	0	0	0
# CONV t=405.00 cond=0 evap=0 rough=0 back_s=0
# LEDGER t=405.000 mode=3 sum_err=0 max|E-iEu|=1.110e-16 run_max_diff=0.000e+00 run_max_sum_err=0 steps=20250 E0_int=9743389760869566 sum=9743389760869566
# NETG t=405.00 gates min=0.8060 mean=0.4418 edges=3
# PIN t=405.00 R=-1.46602244 nv=3
# SLIP t=405.00 e=0 psi=-2.1191 unw=+4.164 nu_win=+0.000143 dwb_win=+0.000983
# SLIP t=405.00 e=1 psi=-2.7018 unw=-0.307 nu_win=-0.000189 dwb_win=-0.000947
# SLIP t=405.00 e=2 psi=-0.9049 unw=-2.235 nu_win=-0.000183 dwb_win=-0.000965
410.000	9740.64154	2.96498406	0	1.27241112	9743.38976087	1.867e-16	57686	8.214	1.379	10.070	0.005	0.0000	0.8443	-0.35695	0.8499	0.9935	1.64988	1.64968	0.0000	0.0000	0.0000	0.0069991	0.0073562	0.004252	0	0	0
# CONV t=410.00 cond=0 evap=0 rough=0 back_s=0
# LEDGER t=410.000 mode=3 sum_err=0 max|E-iEu|=1.110e-16 run_max_diff=0.000e+00 run_max_sum_err=0 steps=20500 E0_int=9743389760869566 sum=9743389760869566
# NETG t=410.00 gates min=0.7957 mean=0.4401 edges=3
# PIN t=410.00 R=-1.48917023 nv=3
# SLIP t=410.00 e=0 psi=-2.1105 unw=+4.173 nu_win=+0.000274 dwb_win=+0.001295
# SLIP t=410.00 e=1 psi=-2.7043 unw=-0.310 nu_win=-0.000079 dwb_win=-0.000649
# SLIP t=410.00 e=2 psi=-0.9103 unw=-2.241 nu_win=-0.000170 dwb_win=-0.000972
415.000	9740.64154	2.96306652	0	1.29331291	9743.38976087	1.867e-16	57686	8.189	1.377	10.051	0.004	0.0000	0.8443	-0.35925	0.8499	0.9935	1.64988	1.64968	0.0000	0.0000	0.0000	0.0016203	0.016911	0.01075	0	0	0
# CONV t=415.00 cond=0 evap=0 rough=0 back_s=0
# LEDGER t=415.000 mode=3 sum_err=0 max|E-iEu|=1.110e-16 run_max_diff=0.000e+00 run_max_sum_err=0 steps=20750 E0_int=9743389760869566 sum=9743389760869566
# NETG t=415.00 gates min=0.7919 mean=0.4387 edges=3
# PIN t=415.00 R=-1.50815448 nv=3
# SLIP t=415.00 e=0 psi=-2.1077 unw=+4.175 nu_win=+0.000089 dwb_win=+0.000556
# SLIP t=415.00 e=1 psi=-2.7096 unw=-0.315 nu_win=-0.000167 dwb_win=-0.000893
# SLIP t=415.00 e=2 psi=-0.9148 unw=-2.245 nu_win=-0.000143 dwb_win=-0.000725
420.000	9740.64154	2.95562849	0	1.31646416	9743.38976087	1.867e-16	57686	8.225	1.366	10.070	0.005	0.0000	0.8443	-0.36238	0.8499	0.9935	1.64989	1.64968	0.0000	0.0000	0.0000	-0.0023164	0.015717	0.0076395	0	0	0
# CONV t=420.00 cond=0 evap=0 rough=0 back_s=0
# LEDGER t=420.000 mode=3 sum_err=0 max|E-iEu|=1.110e-16 run_max_diff=0.000e+00 run_max_sum_err=0 steps=21000 E0_int=9743389760869566 sum=9743389760869566
# NETG t=420.00 gates min=0.7854 mean=0.4372 edges=3
# PIN t=420.00 R=-1.52386771 nv=3
# SLIP t=420.00 e=0 psi=-2.0995 unw=+4.184 nu_win=+0.000262 dwb_win=+0.000834
# SLIP t=420.00 e=1 psi=-2.7138 unw=-0.319 nu_win=-0.000133 dwb_win=-0.001048
# SLIP t=420.00 e=2 psi=-0.9196 unw=-2.250 nu_win=-0.000153 dwb_win=-0.000941
425.000	9740.64154	2.97499731	0	1.31044284	9743.38976087	1.867e-16	57686	8.215	1.394	10.083	0.005	0.0000	0.8443	-0.36755	0.8499	0.9935	1.64989	1.64968	0.0000	0.0000	0.0000	0.0048567	0.012932	0.0047719	0	0	0
# CONV t=425.00 cond=0 evap=0 rough=0 back_s=0
# LEDGER t=425.000 mode=3 sum_err=0 max|E-iEu|=1.110e-16 run_max_diff=0.000e+00 run_max_sum_err=0 steps=21250 E0_int=9743389760869566 sum=9743389760869566
# NETG t=425.00 gates min=0.7842 mean=0.4359 edges=3
# PIN t=425.00 R=-1.5372152 nv=3
# SLIP t=425.00 e=0 psi=-2.0976 unw=+4.185 nu_win=+0.000060 dwb_win=+0.000346
# SLIP t=425.00 e=1 psi=-2.7229 unw=-0.328 nu_win=-0.000291 dwb_win=-0.001538
# SLIP t=425.00 e=2 psi=-0.9246 unw=-2.255 nu_win=-0.000161 dwb_win=-0.000942
430.000	9740.64154	2.97021738	0	1.32440333	9743.38976087	1.867e-16	57686	8.224	1.350	10.112	0.005	0.0000	0.8443	-0.37478	0.8499	0.9935	1.64990	1.64968	0.0000	0.0000	0.0000	0.00068329	0.012364	0.0045067	0	0	0
# CONV t=430.00 cond=0 evap=0 rough=0 back_s=0
# LEDGER t=430.000 mode=3 sum_err=0 max|E-iEu|=1.110e-16 run_max_diff=0.000e+00 run_max_sum_err=0 steps=21500 E0_int=9743389760869566 sum=9743389760869566
# NETG t=430.00 gates min=0.7811 mean=0.4343 edges=3
# PIN t=430.00 R=-1.54639577 nv=3
# SLIP t=430.00 e=0 psi=-2.0955 unw=+4.188 nu_win=+0.000066 dwb_win=+0.000719
# SLIP t=430.00 e=1 psi=-2.7283 unw=-0.334 nu_win=-0.000171 dwb_win=-0.001024
# SLIP t=430.00 e=2 psi=-0.9290 unw=-2.259 nu_win=-0.000140 dwb_win=-0.000872
435.000	9740.64154	2.97727213	0	1.34010594	9743.38976087	1.867e-16	57686	8.200	1.389	10.078	0.005	0.0000	0.8443	-0.38309	0.8499	0.9935	1.64991	1.64968	0.0000	0.0000	0.0000	0.0079113	0.014753	0.00088681	0	0	0
# CONV t=435.00 cond=0 evap=0 rough=0 back_s=0
# LEDGER t=435.000 mode=3 sum_err=0 max|E-iEu|=1.110e-16 run_max_diff=0.000e+00 run_max_sum_err=0 steps=21750 E0_int=9743389760869566 sum=9743389760869566
# NETG t=435.00 gates min=0.7727 mean=0.4320 edges=3
# PIN t=435.00 R=-1.56915313 nv=3
# SLIP t=435.00 e=0 psi=-2.0899 unw=+4.193 nu_win=+0.000179 dwb_win=+0.000809
# SLIP t=435.00 e=1 psi=-2.7345 unw=-0.340 nu_win=-0.000197 dwb_win=-0.001139
# SLIP t=435.00 e=2 psi=-0.9358 unw=-2.266 nu_win=-0.000214 dwb_win=-0.000974
440.000	9740.64154	2.9783851	0	1.35662124	9743.38976087	1.867e-16	57686	8.223	1.393	10.099	0.005	0.0000	0.8443	-0.38916	0.8499	0.9935	1.64991	1.64967	0.0000	0.0000	0.0000	0.014301	0.014283	0.0041709	0	0	0
# CONV t=440.00 cond=0 evap=0 rough=0 back_s=0
# LEDGER t=440.000 mode=3 sum_err=0 max|E-iEu|=1.110e-16 run_max_diff=0.000e+00 run_max_sum_err=0 steps=22000 E0_int=9743389760869566 sum=9743389760869566
# NETG t=440.00 gates min=0.7697 mean=0.4309 edges=3
# PIN t=440.00 R=-1.58678139 nv=3
# SLIP t=440.00 e=0 psi=-2.0870 unw=+4.196 nu_win=+0.000092 dwb_win=+0.000456
# SLIP t=440.00 e=1 psi=-2.7380 unw=-0.343 nu_win=-0.000112 dwb_win=-0.000598
# SLIP t=440.00 e=2 psi=-0.9392 unw=-2.269 nu_win=-0.000109 dwb_win=-0.000527
445.000	9740.64154	2.95546317	0	1.40186689	9743.38976087	1.867e-16	57686	8.242	1.390	10.061	0.005	0.0000	0.8443	-0.38677	0.8499	0.9935	1.64991	1.64967	0.0000	0.0000	0.0000	0.0099094	0.012753	0.004767	0	0	0
# CONV t=445.00 cond=0 evap=0 rough=0 back_s=0
# LEDGER t=445.000 mode=3 sum_err=0 max|E-iEu|=1.110e-16 run_max_diff=0.000e+00 run_max_sum_err=0 steps=22250 E0_int=9743389760869566 sum=9743389760869566
# NETG t=445.00 gates min=0.7625 mean=0.4291 edges=3
# PIN t=445.00 R=-1.60910512 nv=3
# SLIP t=445.00 e=0 psi=-2.0774 unw=+4.206 nu_win=+0.000304 dwb_win=+0.000924
# SLIP t=445.00 e=1 psi=-2.7430 unw=-0.348 nu_win=-0.000159 dwb_win=-0.001069
# SLIP t=445.00 e=2 psi=-0.9447 unw=-2.275 nu_win=-0.000176 dwb_win=-0.000996
450.000	9740.64154	2.95154284	0	1.41583385	9743.38976087	1.867e-16	57686	8.264	1.380	10.090	0.004	0.0000	0.8443	-0.37781	0.8499	0.9935	1.64991	1.64967	0.0000	0.0000	0.0000	0.0039424	0.014118	0.0036305	0	0	0
# CONV t=450.00 cond=0 evap=0 rough=0 back_s=0
# LEDGER t=450.000 mode=3 sum_err=0 max|E-iEu|=1.110e-16 run_max_diff=0.000e+00 run_max_sum_err=0 steps=22500 E0_int=9743389760869566 sum=9743389760869566
# NETG t=450.00 gates min=0.7592 mean=0.4278 edges=3
# PIN t=450.00 R=-1.61915175 nv=3
# SLIP t=450.00 e=0 psi=-2.0733 unw=+4.210 nu_win=+0.000131 dwb_win=+0.000446
# SLIP t=450.00 e=1 psi=-2.7510 unw=-0.356 nu_win=-0.000255 dwb_win=-0.001110
# SLIP t=450.00 e=2 psi=-0.9498 unw=-2.280 nu_win=-0.000164 dwb_win=-0.000778
455.000	9740.64154	2.94724782	0	1.42982577	9743.38976087	1.867e-16	57686	8.252	1.374	10.094	0.004	0.0000	0.8443	-0.3693	0.8499	0.9935	1.64991	1.64967	0.0000	0.0000	0.0000	0.0030194	0.01888	0.0050412	0	0	0
# CONV t=455.00 cond=0 evap=0 rough=0 back_s=0
# LEDGER t=455.000 mode=3 sum_err=0 max|E-iEu|=1.110e-16 run_max_diff=0.000e+00 run_max_sum_err=0 steps=22750 E0_int=9743389760869566 sum=9743389760869566
# NETG t=455.00 gates min=0.7559 mean=0.4255 edges=3
# PIN t=455.00 R=-1.62884865 nv=3
# SLIP t=455.00 e=0 psi=-2.0740 unw=+4.209 nu_win=-0.000022 dwb_win=+0.000781
# SLIP t=455.00 e=1 psi=-2.7583 unw=-0.364 nu_win=-0.000234 dwb_win=-0.001247
# SLIP t=455.00 e=2 psi=-0.9553 unw=-2.286 nu_win=-0.000174 dwb_win=-0.001014
460.000	9740.64154	2.95030299	0	1.4474833	9743.38976087	3.734e-16	57686	8.254	1.383	10.075	0.004	0.0000	0.8443	-0.36526	0.8499	0.9935	1.64991	1.64967	0.0000	0.0000	0.0000	0.0044616	0.015928	0.0028672	0	0	0
# CONV t=460.00 cond=0 evap=0 rough=0 back_s=0
# LEDGER t=460.000 mode=3 sum_err=0 max|E-iEu|=1.110e-16 run_max_diff=0.000e+00 run_max_sum_err=0 steps=23000 E0_int=9743389760869566 sum=9743389760869566
# NETG t=460.00 gates min=0.7486 mean=0.4237 edges=3
# PIN t=460.00 R=-1.64956135 nv=3
# SLIP t=460.00 e=0 psi=-2.0679 unw=+4.215 nu_win=+0.000195 dwb_win=+0.000771
# SLIP t=460.00 e=1 psi=-2.7631 unw=-0.368 nu_win=-0.000153 dwb_win=-0.001034
# SLIP t=460.00 e=2 psi=-0.9610 unw=-2.291 nu_win=-0.000182 dwb_win=-0.000903
465.000	9740.64154	2.93093697	0	1.48115359	9743.38976087	3.734e-16	57685	8.232	1.361	10.066	0.003	0.0000	0.8443	-0.36228	0.8499	0.9935	1.64991	1.64967	0.0000	0.0000	0.0000	0.0030719	0.014148	0.0012125	0	0	0
# CONV t=465.00 cond=0 evap=0 rough=0 back_s=0
# LEDGER t=465.000 mode=3 sum_err=0 max|E-iEu|=1.110e-16 run_max_diff=0.000e+00 run_max_sum_err=0 steps=23250 E0_int=9743389760869566 sum=9743389760869566
# NETG t=465.00 gates min=0.7434 mean=0.4221 edges=3
# PIN t=465.00 R=-1.66386561 nv=3
# SLIP t=465.00 e=0 psi=-2.0649 unw=+4.218 nu_win=+0.000095 dwb_win=+0.000343
# SLIP t=465.00 e=1 psi=-2.7674 unw=-0.373 nu_win=-0.000135 dwb_win=-0.000867
# SLIP t=465.00 e=2 psi=-0.9650 unw=-2.295 nu_win=-0.000127 dwb_win=-0.000605
470.000	9740.64154	2.9597483	0	1.47165463	9743.38976087	1.867e-16	57685	8.211	1.405	10.069	0.003	0.0000	0.8443	-0.36009	0.8499	0.9935	1.64991	1.64967	0.0000	0.0000	0.0000	0.0027331	0.013237	0.010401	0	0	0
# CONV t=470.00 cond=0 evap=0 rough=0 back_s=0
# LEDGER t=470.000 mode=3 sum_err=0 max|E-iEu|=1.110e-16 run_max_diff=0.000e+00 run_max_sum_err=0 steps=23500 E0_int=9743389760869566 sum=9743389760869566
# NETG t=470.00 gates min=0.7362 mean=0.4201 edges=3
# PIN t=470.00 R=-1.68317799 nv=3
# SLIP t=470.00 e=0 psi=-2.0553 unw=+4.228 nu_win=+0.000304 dwb_win=+0.001035
# SLIP t=470.00 e=1 psi=-2.7733 unw=-0.379 nu_win=-0.000189 dwb_win=-0.001006
# SLIP t=470.00 e=2 psi=-0.9714 unw=-2.302 nu_win=-0.000204 dwb_win=-0.001020
475.000	9740.64154	2.95872264	0	1.48723709	9743.38976087	1.867e-16	57685	8.235	1.417	10.057	0.004	0.0000	0.8443	-0.35731	0.8499	0.9935	1.64991	1.64967	0.0000	0.0000	0.0000	0.0018601	0.013422	0.0043413	0	0	0
# CONV t=475.00 cond=0 evap=0 rough=0 back_s=0
# LEDGER t=475.000 mode=3 sum_err=0 max|E-iEu|=1.110e-16 run_max_diff=0.000e+00 run_max_sum_err=0 steps=23750 E0_int=9743389760869566 sum=9743389760869566
# NETG t=475.00 gates min=0.7309 mean=0.4188 edges=3
# PIN t=475.00 R=-1.69773479 nv=3
# SLIP t=475.00 e=0 psi=-2.0512 unw=+4.232 nu_win=+0.000131 dwb_win=+0.000902
# SLIP t=475.00 e=1 psi=-2.7764 unw=-0.382 nu_win=-0.000098 dwb_win=-0.000808
# SLIP t=475.00 e=2 psi=-0.9751 unw=-2.305 nu_win=-0.000118 dwb_win=-0.000855
480.000	9740.64154	2.94761037	0	1.5081457	9743.38976087	0.000e+00	57685	8.220	1.426	10.041	0.003	0.0000	0.8443	-0.35552	0.8499	0.9935	1.64990	1.64966	0.0000	0.0000	0.0000	0.0060005	0.016002	0.0026651	0	0	0
# CONV t=480.00 cond=0 evap=0 rough=0 back_s=0
# LEDGER t=480.000 mode=3 sum_err=0 max|E-iEu|=1.110e-16 run_max_diff=0.000e+00 run_max_sum_err=0 steps=24000 E0_int=9743389760869566 sum=9743389760869566
# NETG t=480.00 gates min=0.7250 mean=0.4169 edges=3
# PIN t=480.00 R=-1.70753113 nv=3
# SLIP t=480.00 e=0 psi=-2.0489 unw=+4.234 nu_win=+0.000073 dwb_win=+0.000529
# SLIP t=480.00 e=1 psi=-2.7820 unw=-0.387 nu_win=-0.000177 dwb_win=-0.001068
# SLIP t=480.00 e=2 psi=-0.9801 unw=-2.310 nu_win=-0.000159 dwb_win=-0.000798
485.000	9740.64154	2.96750007	0	1.51046842	9743.38976087	1.867e-16	57685	8.218	1.396	10.126	0.003	0.0000	0.8443	-0.35567	0.8499	0.9935	1.64990	1.64966	0.0000	0.0000	0.0000	0.006002	0.015172	0.0078957	0	0	0
# CONV t=485.00 cond=0 evap=0 rough=0 back_s=0
# LEDGER t=485.000 mode=3 sum_err=0 max|E-iEu|=1.110e-16 run_max_diff=0.000e+00 run_max_sum_err=0 steps=24250 E0_int=9743389760869566 sum=9743389760869566
# NETG t=485.00 gates min=0.7182 mean=0.4149 edges=3
# PIN t=485.00 R=-1.72974355 nv=3
# SLIP t=485.00 e=0 psi=-2.0424 unw=+4.241 nu_win=+0.000207 dwb_win=+0.000724
# SLIP t=485.00 e=1 psi=-2.7854 unw=-0.391 nu_win=-0.000109 dwb_win=-0.001068
# SLIP t=485.00 e=2 psi=-0.9852 unw=-2.315 nu_win=-0.000161 dwb_win=-0.000896
490.000	9740.64154	2.98195845	0	1.5110585	9743.38976087	1.867e-16	57685	8.201	1.422	10.075	0.003	0.0000	0.8443	-0.35643	0.8499	0.9935	1.64990	1.64966	0.0000	0.0000	0.0000	0.0034671	0.0084567	0.0027902	0	0	0
# CONV t=490.00 cond=0 evap=0 rough=0 back_s=0
# LEDGER t=490.000 mode=3 sum_err=0 max|E-iEu|=1.110e-16 run_max_diff=0.000e+00 run_max_sum_err=0 steps=24500 E0_int=9743389760869566 sum=9743389760869566
# NETG t=490.00 gates min=0.7120 mean=0.4136 edges=3
# PIN t=490.00 R=-1.74479201 nv=3
# SLIP t=490.00 e=0 psi=-2.0378 unw=+4.245 nu_win=+0.000145 dwb_win=+0.000669
# SLIP t=490.00 e=1 psi=-2.7899 unw=-0.395 nu_win=-0.000144 dwb_win=-0.000696
# SLIP t=490.00 e=2 psi=-0.9897 unw=-2.320 nu_win=-0.000142 dwb_win=-0.000683
495.000	9740.64154	2.95240398	0	1.55383923	9743.38976087	3.734e-16	57686	8.222	1.401	10.063	0.003	0.0000	0.8443	-0.35723	0.8499	0.9935	1.64990	1.64966	0.0000	0.0000	0.0000	0.0047657	0.014863	0.004346	0	0	0
# CONV t=495.00 cond=0 evap=0 rough=0 back_s=0
# LEDGER t=495.000 mode=3 sum_err=0 max|E-iEu|=1.110e-16 run_max_diff=0.000e+00 run_max_sum_err=0 steps=24750 E0_int=9743389760869566 sum=9743389760869566
# NETG t=495.00 gates min=0.7068 mean=0.4122 edges=3
# PIN t=495.00 R=-1.75801826 nv=3
# SLIP t=495.00 e=0 psi=-2.0278 unw=+4.255 nu_win=+0.000321 dwb_win=+0.001047
# SLIP t=495.00 e=1 psi=-2.7933 unw=-0.399 nu_win=-0.000110 dwb_win=-0.000747
# SLIP t=495.00 e=2 psi=-0.9940 unw=-2.324 nu_win=-0.000137 dwb_win=-0.000897
500.000	9740.64154	2.96754327	0	1.55243536	9743.38976087	0.000e+00	57686	8.214	1.432	10.059	0.004	0.0000	0.8443	-0.35802	0.8499	0.9935	1.64990	1.64966	0.0000	0.0000	0.0000	0.0021345	0.012725	-0.0032204	0	0	0
# CONV t=500.00 cond=0 evap=0 rough=0 back_s=0
# LEDGER t=500.000 mode=3 sum_err=0 max|E-iEu|=1.110e-16 run_max_diff=0.000e+00 run_max_sum_err=0 steps=25000 E0_int=9743389760869566 sum=9743389760869566
# NETG t=500.00 gates min=0.6994 mean=0.4101 edges=3
# PIN t=500.00 R=-1.77175368 nv=3
# SLIP t=500.00 e=0 psi=-2.0250 unw=+4.258 nu_win=+0.000088 dwb_win=+0.000662
# SLIP t=500.00 e=1 psi=-2.7989 unw=-0.404 nu_win=-0.000177 dwb_win=-0.001347
# SLIP t=500.00 e=2 psi=-0.9996 unw=-2.330 nu_win=-0.000181 dwb_win=-0.001005
505.000	9740.64154	2.96333282	0	1.57038041	9743.38976087	0.000e+00	57686	8.238	1.420	10.121	0.002	0.0000	0.8443	-0.35893	0.8499	0.9935	1.64990	1.64966	0.0000	0.0000	0.0000	0.012191	0.012303	-0.00075374	0	0	0
# CONV t=505.00 cond=0 evap=0 rough=0 back_s=0
# LEDGER t=505.000 mode=3 sum_err=0 max|E-iEu|=1.110e-16 run_max_diff=0.000e+00 run_max_sum_err=0 steps=25250 E0_int=9743389760869566 sum=9743389760869566
# NETG t=505.00 gates min=0.6920 mean=0.4082 edges=3
# PIN t=505.00 R=-1.78548829 nv=3
# SLIP t=505.00 e=0 psi=-2.0211 unw=+4.262 nu_win=+0.000123 dwb_win=+0.000660
# SLIP t=505.00 e=1 psi=-2.8017 unw=-0.407 nu_win=-0.000089 dwb_win=-0.000620
# SLIP t=505.00 e=2 psi=-1.0042 unw=-2.334 nu_win=-0.000144 dwb_win=-0.000640
510.000	9740.64154	2.94863581	0	1.60241452	9743.38976087	0.000e+00	57686	8.238	1.454	10.068	0.004	0.0000	0.8443	-0.35897	0.8499	0.9935	1.64990	1.64966	0.0000	0.0000	0.0000	-0.0029956	0.012629	0.010663	0	0	0
# CONV t=510.00 cond=0 evap=0 rough=0 back_s=0
# LEDGER t=510.000 mode=3 sum_err=0 max|E-iEu|=1.110e-16 run_max_diff=0.000e+00 run_max_sum_err=0 steps=25500 E0_int=9743389760869566 sum=9743389760869566
# NETG t=510.00 gates min=0.6863 mean=0.4063 edges=3
# PIN t=510.00 R=-1.8028254 nv=3
# SLIP t=510.00 e=0 psi=-2.0146 unw=+4.268 nu_win=+0.000207 dwb_win=+0.000483
# SLIP t=510.00 e=1 psi=-2.8061 unw=-0.411 nu_win=-0.000141 dwb_win=-0.001345
# SLIP t=510.00 e=2 psi=-1.0088 unw=-2.339 nu_win=-0.000148 dwb_win=-0.000914
515.000	9740.64154	2.9730679	0	1.59888917	9743.38976087	1.867e-16	57686	8.252	1.406	10.031	0.002	0.0000	0.8443	-0.3597	0.8499	0.9935	1.64990	1.64965	0.0000	0.0000	0.0000	0.0032833	0.012145	0.0092481	0	0	0
# CONV t=515.00 cond=0 evap=0 rough=0 back_s=0
# LEDGER t=515.000 mode=3 sum_err=0 max|E-iEu|=1.110e-16 run_max_diff=0.000e+00 run_max_sum_err=0 steps=25750 E0_int=9743389760869566 sum=9743389760869566
# NETG t=515.00 gates min=0.6800 mean=0.4051 edges=3
# PIN t=515.00 R=-1.82373213 nv=3
# SLIP t=515.00 e=0 psi=-2.0080 unw=+4.275 nu_win=+0.000209 dwb_win=+0.000951
# SLIP t=515.00 e=1 psi=-2.8089 unw=-0.414 nu_win=-0.000089 dwb_win=-0.000437
# SLIP t=515.00 e=2 psi=-1.0130 unw=-2.343 nu_win=-0.000134 dwb_win=-0.000694
520.000	9740.64154	2.97194691	0	1.61235564	9743.38976087	1.867e-16	57687	8.208	1.450	10.081	0.003	0.0000	0.8443	-0.3592	0.8499	0.9935	1.64991	1.64965	0.0000	0.0000	0.0000	-0.0014427	0.013182	0.0079315	0	0	0
# CONV t=520.00 cond=0 evap=0 rough=0 back_s=0
# LEDGER t=520.000 mode=3 sum_err=0 max|E-iEu|=1.110e-16 run_max_diff=0.000e+00 run_max_sum_err=0 steps=26000 E0_int=9743389760869566 sum=9743389760869566
# NETG t=520.00 gates min=0.6705 mean=0.4029 edges=3
# PIN t=520.00 R=-1.83607761 nv=3
# SLIP t=520.00 e=0 psi=-2.0012 unw=+4.282 nu_win=+0.000218 dwb_win=+0.001315
# SLIP t=520.00 e=1 psi=-2.8126 unw=-0.418 nu_win=-0.000118 dwb_win=-0.000728
# SLIP t=520.00 e=2 psi=-1.0188 unw=-2.349 nu_win=-0.000182 dwb_win=-0.001021
525.000	9740.64154	2.96848249	0	1.62889726	9743.38976087	1.867e-16	57687	8.237	1.478	10.033	0.004	0.0000	0.8443	-0.35779	0.8499	0.9935	1.64991	1.64965	0.0000	0.0000	0.0000	-0.0014699	0.011303	0.0036514	0	0	0
# CONV t=525.00 cond=0 evap=0 rough=0 back_s=0
# LEDGER t=525.000 mode=3 sum_err=0 max|E-iEu|=1.110e-16 run_max_diff=0.000e+00 run_max_sum_err=0 steps=26250 E0_int=9743389760869566 sum=9743389760869566
# NETG t=525.00 gates min=0.6629 mean=0.4011 edges=3
# PIN t=525.00 R=-1.8491548 nv=3
# SLIP t=525.00 e=0 psi=-1.9961 unw=+4.287 nu_win=+0.000161 dwb_win=+0.000630
# SLIP t=525.00 e=1 psi=-2.8169 unw=-0.422 nu_win=-0.000135 dwb_win=-0.001167
# SLIP t=525.00 e=2 psi=-1.0235 unw=-2.354 nu_win=-0.000150 dwb_win=-0.000898
530.000	9740.64154	2.9521224	0	1.65757532	9743.38976087	1.867e-16	57687	8.248	1.444	10.044	0.004	0.0000	0.8443	-0.35782	0.8499	0.9935	1.64991	1.64965	0.0000	0.0000	0.0000	0.00357	0.0068383	0.0060526	0	0	0
# CONV t=530.00 cond=0 evap=0 rough=0 back_s=0
# LEDGER t=530.000 mode=3 sum_err=0 max|E-iEu|=1.110e-16 run_max_diff=0.000e+00 run_max_sum_err=0 steps=26500 E0_int=9743389760869566 sum=9743389760869566
# NETG t=530.00 gates min=0.6590 mean=0.3994 edges=3
# PIN t=530.00 R=-1.86147277 nv=3
# SLIP t=530.00 e=0 psi=-1.9941 unw=+4.289 nu_win=+0.000064 dwb_win=+0.000345
# SLIP t=530.00 e=1 psi=-2.8215 unw=-0.427 nu_win=-0.000148 dwb_win=-0.001044
# SLIP t=530.00 e=2 psi=-1.0275 unw=-2.358 nu_win=-0.000129 dwb_win=-0.000695
535.000	9740.64154	2.97875639	0	1.64850131	9743.38976087	0.000e+00	57687	8.219	1.535	10.008	0.004	0.0000	0.8443	-0.35758	0.8499	0.9935	1.64991	1.64965	0.0000	0.0000	0.0000	0.0026699	0.0093118	0.0028823	0	0	0
# CONV t=535.00 cond=0 evap=0 rough=0 back_s=0
# LEDGER t=535.000 mode=3 sum_err=0 max|E-iEu|=1.110e-16 run_max_diff=0.000e+00 run_max_sum_err=0 steps=26750 E0_int=9743389760869566 sum=9743389760869566
# NETG t=535.00 gates min=0.6523 mean=0.3976 edges=3
# PIN t=535.00 R=-1.87903275 nv=3
# SLIP t=535.00 e=0 psi=-1.9870 unw=+4.296 nu_win=+0.000228 dwb_win=+0.000869
# SLIP t=535.00 e=1 psi=-2.8234 unw=-0.429 nu_win=-0.000058 dwb_win=-0.000875
# SLIP t=535.00 e=2 psi=-1.0316 unw=-2.362 nu_win=-0.000130 dwb_win=-0.000872
540.000	9740.64154	2.97333677	0	1.67623628	9743.38976087	0.000e+00	57687	8.226	1.477	10.051	0.004	0.0000	0.8443	-0.35806	0.8499	0.9935	1.64991	1.64965	0.0000	0.0000	0.0000	0.001151	0.01575	0.0098548	0	0	0
# CONV t=540.00 cond=0 evap=0 rough=0 back_s=0
# LEDGER t=540.000 mode=3 sum_err=0 max|E-iEu|=1.110e-16 run_max_diff=0.000e+00 run_max_sum_err=0 steps=27000 E0_int=9743389760869566 sum=9743389760869566
# NETG t=540.00 gates min=0.6440 mean=0.3960 edges=3
# PIN t=540.00 R=-1.90134811 nv=3
# SLIP t=540.00 e=0 psi=-1.9816 unw=+4.301 nu_win=+0.000170 dwb_win=+0.000984
# SLIP t=540.00 e=1 psi=-2.8273 unw=-0.433 nu_win=-0.000125 dwb_win=-0.000642
# SLIP t=540.00 e=2 psi=-1.0365 unw=-2.367 nu_win=-0.000156 dwb_win=-0.000813
545.000	9740.64154	2.95595603	0	1.7055723	9743.38976087	0.000e+00	57687	8.251	1.484	10.034	0.004	0.0000	0.8443	-0.35862	0.8499	0.9935	1.64991	1.64965	0.0000	0.0000	0.0000	-0.0009417	0.010823	0.0045036	0	0	0
# CONV t=545.00 cond=0 evap=0 rough=0 back_s=0
# LEDGER t=545.000 mode=3 sum_err=0 max|E-iEu|=1.110e-16 run_max_diff=0.000e+00 run_max_sum_err=0 steps=27250 E0_int=9743389760869566 sum=9743389760869566
# NETG t=545.00 gates min=0.6346 mean=0.3942 edges=3
# PIN t=545.00 R=-1.91330339 nv=3
# SLIP t=545.00 e=0 psi=-1.9723 unw=+4.311 nu_win=+0.000297 dwb_win=+0.001495
# SLIP t=545.00 e=1 psi=-2.8290 unw=-0.434 nu_win=-0.000054 dwb_win=-0.000428
# SLIP t=545.00 e=2 psi=-1.0416 unw=-2.372 nu_win=-0.000161 dwb_win=-0.000961
550.000	9740.64154	2.99173947	0	1.68605805	9743.38976087	0.000e+00	57687	8.270	1.496	10.050	0.003	0.0000	0.8443	-0.35714	0.8499	0.9935	1.64990	1.64965	0.0000	0.0000	0.0000	0.0032437	0.013331	0.0063764	0	0	0
# CONV t=550.00 cond=0 evap=0 rough=0 back_s=0
# LEDGER t=550.000 mode=3 sum_err=0 max|E-iEu|=1.110e-16 run_max_diff=0.000e+00 run_max_sum_err=0 steps=27500 E0_int=9743389760869566 sum=9743389760869566
# NETG t=550.00 gates min=0.6270 mean=0.3923 edges=3
# PIN t=550.00 R=-1.92957259 nv=3
# SLIP t=550.00 e=0 psi=-1.9657 unw=+4.317 nu_win=+0.000211 dwb_win=+0.000723
# SLIP t=550.00 e=1 psi=-2.8328 unw=-0.438 nu_win=-0.000122 dwb_win=-0.001268
# SLIP t=550.00 e=2 psi=-1.0461 unw=-2.376 nu_win=-0.000144 dwb_win=-0.000996
555.000	9740.64154	2.98220231	0	1.70408311	9743.38976087	1.867e-16	57687	8.231	1.511	10.035	0.004	0.0000	0.8443	-0.35662	0.8499	0.9935	1.64990	1.64964	0.0000	0.0000	0.0000	0.0012463	0.012526	-0.0085124	0	0	0
# CONV t=555.00 cond=0 evap=0 rough=0 back_s=0
# LEDGER t=555.000 mode=3 sum_err=0 max|E-iEu|=1.110e-16 run_max_diff=0.000e+00 run_max_sum_err=0 steps=27750 E0_int=9743389760869566 sum=9743389760869566
# NETG t=555.00 gates min=0.6219 mean=0.3905 edges=3
# PIN t=555.00 R=-1.93806048 nv=3
# SLIP t=555.00 e=0 psi=-1.9635 unw=+4.320 nu_win=+0.000070 dwb_win=+0.000660
# SLIP t=555.00 e=1 psi=-2.8377 unw=-0.443 nu_win=-0.000157 dwb_win=-0.000847
# SLIP t=555.00 e=2 psi=-1.0509 unw=-2.381 nu_win=-0.000152 dwb_win=-0.000754
560.000	9740.64154	2.95889239	0	1.74196556	9743.38976087	1.867e-16	57687	8.282	1.473	10.044	0.003	0.0000	0.8443	-0.35632	0.8499	0.9935	1.64990	1.64964	0.0000	0.0000	0.0000	0.0047889	0.013017	0.0070309	0	0	0
# CONV t=560.00 cond=0 evap=0 rough=0 back_s=0
# LEDGER t=560.000 mode=3 sum_err=0 max|E-iEu|=1.110e-16 run_max_diff=0.000e+00 run_max_sum_err=0 steps=28000 E0_int=9743389760869566 sum=9743389760869566
# NETG t=560.00 gates min=0.6150 mean=0.3886 edges=3
# PIN t=560.00 R=-1.95263301 nv=3
# SLIP t=560.00 e=0 psi=-1.9576 unw=+4.325 nu_win=+0.000186 dwb_win=+0.000628
# SLIP t=560.00 e=1 psi=-2.8406 unw=-0.446 nu_win=-0.000092 dwb_win=-0.001017
# SLIP t=560.00 e=2 psi=-1.0549 unw=-2.385 nu_win=-0.000130 dwb_win=-0.000822
565.000	9740.64154	2.98370465	0	1.7391338	9743.38976087	1.867e-16	57687	8.230	1.513	10.057	0.004	0.0000	0.8443	-0.35557	0.8499	0.9935	1.64990	1.64964	0.0000	0.0000	0.0000	0.0067939	0.013339	0.0039819	0	0	0
# CONV t=565.00 cond=0 evap=0 rough=0 back_s=0
# LEDGER t=565.000 mode=3 sum_err=0 max|E-iEu|=1.110e-16 run_max_diff=0.000e+00 run_max_sum_err=0 steps=28250 E0_int=9743389760869566 sum=9743389760869566
# NETG t=565.00 gates min=0.6083 mean=0.3870 edges=3
# PIN t=565.00 R=-1.97461351 nv=3
# SLIP t=565.00 e=0 psi=-1.9516 unw=+4.332 nu_win=+0.000193 dwb_win=+0.001116
# SLIP t=565.00 e=1 psi=-2.8445 unw=-0.450 nu_win=-0.000124 dwb_win=-0.000556
# SLIP t=565.00 e=2 psi=-1.0598 unw=-2.390 nu_win=-0.000156 dwb_win=-0.000836
570.000	9740.64154	2.97729734	0	1.76152806	9743.38976087	0.000e+00	57687	8.304	1.488	10.079	0.003	0.0000	0.8443	-0.35475	0.8499	0.9935	1.64989	1.64964	0.0000	0.0000	0.0000	-0.0012479	0.0092453	0.0048902	0	0	0
# CONV t=570.00 cond=0 evap=0 rough=0 back_s=0
# LEDGER t=570.000 mode=3 sum_err=0 max|E-iEu|=1.110e-16 run_max_diff=0.000e+00 run_max_sum_err=0 steps=28500 E0_int=9743389760869566 sum=9743389760869566
# NETG t=570.00 gates min=0.5967 mean=0.3851 edges=3
# PIN t=570.00 R=-1.99060045 nv=3
# SLIP t=570.00 e=0 psi=-1.9408 unw=+4.342 nu_win=+0.000342 dwb_win=+0.001662
# SLIP t=570.00 e=1 psi=-2.8444 unw=-0.450 nu_win=+0.000004 dwb_win=-0.000257
# SLIP t=570.00 e=2 psi=-1.0644 unw=-2.395 nu_win=-0.000145 dwb_win=-0.000960
575.000	9740.64154	2.96639582	0	1.78619459	9743.38976087	1.867e-16	57687	8.290	1.534	10.034	0.005	0.0000	0.8443	-0.35494	0.8499	0.9935	1.64989	1.64964	0.0000	0.0000	0.0000	0.00047391	0.014875	-0.0022812	0	0	0
# CONV t=575.00 cond=0 evap=0 rough=0 back_s=0
# LEDGER t=575.000 mode=3 sum_err=0 max|E-iEu|=1.110e-16 run_max_diff=0.000e+00 run_max_sum_err=0 steps=28750 E0_int=9743389760869566 sum=9743389760869566
# NETG t=575.00 gates min=0.5905 mean=0.3830 edges=3
# PIN t=575.00 R=-2.00436547 nv=3
# SLIP t=575.00 e=0 psi=-1.9368 unw=+4.346 nu_win=+0.000127 dwb_win=+0.000555
# SLIP t=575.00 e=1 psi=-2.8511 unw=-0.456 nu_win=-0.000214 dwb_win=-0.001332
# SLIP t=575.00 e=2 psi=-1.0701 unw=-2.400 nu_win=-0.000181 dwb_win=-0.000943
580.000	9740.64154	2.98593725	0	1.77759373	9743.38976087	1.867e-16	57687	8.270	1.530	10.011	0.004	0.0000	0.8443	-0.35516	0.8499	0.9935	1.64989	1.64964	0.0000	0.0000	0.0000	0.0078552	0.0089805	-0.004409	0	0	0
# CONV t=580.00 cond=0 evap=0 rough=0 back_s=0
# LEDGER t=580.000 mode=3 sum_err=0 max|E-iEu|=1.110e-16 run_max_diff=0.000e+00 run_max_sum_err=0 steps=29000 E0_int=9743389760869566 sum=9743389760869566
# NETG t=580.00 gates min=0.5854 mean=0.3814 edges=3
# PIN t=580.00 R=-2.01530603 nv=3
# SLIP t=580.00 e=0 psi=-1.9345 unw=+4.349 nu_win=+0.000075 dwb_win=+0.000618
# SLIP t=580.00 e=1 psi=-2.8542 unw=-0.459 nu_win=-0.000100 dwb_win=-0.000710
# SLIP t=580.00 e=2 psi=-1.0738 unw=-2.404 nu_win=-0.000118 dwb_win=-0.000664
585.000	9740.64154	2.99272963	0	1.78659306	9743.38976087	0.000e+00	57687	8.288	1.538	10.026	0.005	0.0000	0.8443	-0.35679	0.8499	0.9935	1.64988	1.64964	0.0000	0.0000	0.0000	0.0059007	0.012079	0.0012659	0	0	0
# CONV t=585.00 cond=0 evap=0 rough=0 back_s=0
# LEDGER t=585.000 mode=3 sum_err=0 max|E-iEu|=1.110e-16 run_max_diff=0.000e+00 run_max_sum_err=0 steps=29250 E0_int=9743389760869566 sum=9743389760869566
# NETG t=585.00 gates min=0.5790 mean=0.3792 edges=3
# PIN t=585.00 R=-2.03109775 nv=3
# SLIP t=585.00 e=0 psi=-1.9287 unw=+4.354 nu_win=+0.000184 dwb_win=+0.000617
# SLIP t=585.00 e=1 psi=-2.8599 unw=-0.465 nu_win=-0.000180 dwb_win=-0.001429
# SLIP t=585.00 e=2 psi=-1.0791 unw=-2.409 nu_win=-0.000170 dwb_win=-0.001023
590.000	9740.64154	2.99507574	0	1.79774213	9743.38976087	0.000e+00	57687	8.196	1.559	10.047	0.003	0.0000	0.8443	-0.35783	0.8499	0.9935	1.64988	1.64963	0.0000	0.0000	0.0000	0.0076167	0.0085396	0.0052139	0	0	0
# CONV t=590.00 cond=0 evap=0 rough=0 back_s=0
# LEDGER t=590.000 mode=3 sum_err=0 max|E-iEu|=1.110e-16 run_max_diff=0.000e+00 run_max_sum_err=0 steps=29500 E0_int=9743389760869566 sum=9743389760869566
# NETG t=590.00 gates min=0.5758 mean=0.3779 edges=3
# PIN t=590.00 R=-2.04459293 nv=3
# SLIP t=590.00 e=0 psi=-1.9228 unw=+4.360 nu_win=+0.000186 dwb_win=+0.000560
# SLIP t=590.00 e=1 psi=-2.8639 unw=-0.469 nu_win=-0.000126 dwb_win=-0.000680
# SLIP t=590.00 e=2 psi=-1.0829 unw=-2.413 nu_win=-0.000119 dwb_win=-0.000620
595.000	9740.64154	2.99043818	0	1.82293832	9743.38976087	0.000e+00	57687	8.291	1.508	10.026	0.004	0.0000	0.8443	-0.35755	0.8499	0.9935	1.64988	1.64963	0.0000	0.0000	0.0000	0.0010827	0.010101	0.0039562	0	0	0
# CONV t=595.00 cond=0 evap=0 rough=0 back_s=0
# LEDGER t=595.000 mode=3 sum_err=0 max|E-iEu|=1.110e-16 run_max_diff=0.000e+00 run_max_sum_err=0 steps=29750 E0_int=9743389760869566 sum=9743389760869566
# NETG t=595.00 gates min=0.5647 mean=0.3758 edges=3
# PIN t=595.00 R=-2.06515156 nv=3
# SLIP t=595.00 e=0 psi=-1.9128 unw=+4.370 nu_win=+0.000320 dwb_win=+0.001897
# SLIP t=595.00 e=1 psi=-2.8631 unw=-0.468 nu_win=+0.000024 dwb_win=-0.000317
# SLIP t=595.00 e=2 psi=-1.0873 unw=-2.418 nu_win=-0.000142 dwb_win=-0.001107
600.000	9740.64154	2.97675332	0	1.85330066	9743.38976087	1.867e-16	57687	8.292	1.533	10.052	0.004	0.0000	0.8443	-0.35649	0.8499	0.9935	1.64988	1.64963	0.0000	0.0000	0.0000	0.0078619	0.0083567	-0.0016884	0	0	0
# CONV t=600.00 cond=0 evap=0 rough=0 back_s=0
# LEDGER t=600.000 mode=3 sum_err=0 max|E-iEu|=1.110e-16 run_max_diff=0.000e+00 run_max_sum_err=0 steps=30000 E0_int=9743389760869566 sum=9743389760869566
# NETG t=600.00 gates min=0.5558 mean=0.3739 edges=3
# PIN t=600.00 R=-2.08182904 nv=3
# SLIP t=600.00 e=0 psi=-1.9079 unw=+4.375 nu_win=+0.000155 dwb_win=+0.000782
# SLIP t=600.00 e=1 psi=-2.8680 unw=-0.473 nu_win=-0.000154 dwb_win=-0.000823
# SLIP t=600.00 e=2 psi=-1.0927 unw=-2.423 nu_win=-0.000171 dwb_win=-0.000803
# RESULT es_shells 0.75:1.0001 2.25:1.0001 3.75:1.0000 5.25:1.0001 6.75:1.0001 8.25:1.0000 9.75:1.0000 11.25:0.9995
# RESULT LEDGER mode=3 E0_int=9743389760869566 sum_int=9743389760869566 max_sum_err=0 max|E-iEu|=0.000e+00 steps=30000
# RESULT conservation E0=9743.38976087 Efinal=9743.38976087 rel_drift=1.867e-16
# RESULT roughness_radiated=0 (dissonant dense deliveries converted to field, conserved)
# NETGATE F 0 1 pq=3:2 d=1.5977 psi_f=-1.9079 psi_b=-0.5386 gf=0.0002 gb=0.5558
# NETGATE F 1 2 pq=3:2 d=1.5916 psi_f=-2.8680 psi_b=+0.4798 gf=0.0000 gb=0.6282
# NETGATE F 2 0 pq=1:1 d=1.5920 psi_f=-1.0927 psi_b=-0.1035 gf=0.0807 gb=0.9788
# RESULT pin R=-2.08182904 nv=3 (reservoir inside the conservation sum)
# RESULT slip e=0 pq=3:2 nu_slip=+0.000154 dw_bare=+0.000743 dw_over_2pi=+0.000118 slips=+0.05 locked=1 flips=0 fix_pq=3:2 fix_nu=+0.000154 fix_dwb2pi=+0.000118 fix_slips=+0.05 fix_locked=1 window=[300.0,600.0]
# RESULT slip e=1 pq=3:2 nu_slip=-0.000157 dw_bare=-0.000960 dw_over_2pi=-0.000153 slips=-0.05 locked=1 flips=0 fix_pq=3:2 fix_nu=-0.000157 fix_dwb2pi=-0.000153 fix_slips=-0.05 fix_locked=1 window=[300.0,600.0]
# RESULT slip e=2 pq=1:1 nu_slip=-0.000155 dw_bare=-0.000851 dw_over_2pi=-0.000135 slips=-0.05 locked=1 flips=0 fix_pq=1:1 fix_nu=-0.000155 fix_dwb2pi=-0.000135 fix_slips=-0.05 fix_locked=1 window=[300.0,600.0]
# RESULT curvature_fit defA_per_Em=-0.07730 r2=0.0128 (linear defect ~ converted energy)
