# cellfab — v89 cell-fabric kernel (no lattice, no prior code)
# cfg seed=20260727 mode=field init=net
# cfg L=24 dmin=1 r0=0.85 rjit=0.06
# cfg C=1 w1=1.65 w2=2.9 q_detune=1.2 gamma_res=0.25 gamma_res_m=0.1 p_gate=8
# cfg lock_floor=0.005
# cfg k_dep=1.2 k_dep_m=2 cap=2.5 e_s0=1 es_floor=0.05
# cfg e_cond=0 f_conv=0.25 f_evap=0.5 s_pull=0.15
# cfg kappa_lock=1 kappa_align=0.5 kappa_freq=0 kappa_reac=0 sigma_tumble=0.01
# cfg space: s_k=0.06 s_disp=0.3 es_gx=0
# cfg dt=0.02 T=600 diag_every=250 snap_every=0
# cfg center=(-1,-1,-1) amp=1 sigma=2.5 k=(0,0,0) prealign=0 noise_amp=0
# cfg music: comb_limit=6 rough_k=0.35 gamma_rough=0.5 mob_sym=1 mob_floor=0.004
# cfg field sector: two-component signed amplitude, unitary hops, field_J=1.8
# cfg ledger: mode=3 u=1.000e-12 (cellfabi INT_LEDGER)
# action atom: A0=1.1500 (dbar=1.5053) mode=2 — eps(w)=A0*w/2pi; atoms at mode boundaries, transport continuous
# edge coloring: 29 colors for 85886 links
# NETGATE 0 1 pq=3:2 d=1.5977 psi_f=+0.0001 psi_b=-2.4517 gf=1.0000 gb=0.0000
# NETGATE 1 2 pq=2:3 d=1.5916 psi_f=+0.0004 psi_b=-2.3947 gf=1.0000 gb=0.0000
# NETGATE 2 0 pq=1:1 d=1.5920 psi_f=+1.3302 psi_b=-2.5294 gf=0.0216 gb=0.0000
# net: seeded nv=3 ne=3 worst_pick=0.000 gates min=0.0216 mean=0.6739 parasites=0 gpar_max=0.0000 file=/home/d/code/scp/v89/charge/nets/q11h_fifth_tri2.net
# NETPQ e=0 (0-1) pq=3:2 link=39546
# NETPQ e=1 (1-2) pq=2:3 link=5394
# fabric: cells=9741 channels=85886 mean_degree=17.63 box=24 dmin=1
# LEDGER seed mode=3 u=1.000e-12 E0_int=9743389760869566 NC=9741 NL=85886
# LEDGER seed mode=3 u=1.000e-12 E0_int=9743389760869566 NC=9741 NL=85886
# t	E_space	E_dense	E_field	E_transfer	E_total	rel_drift	live_ch	cm_x	cm_y	cm_z	contain	front_r	r_core	defA	r_far	r_ratio	w_core	w_far
0.000	9740.64154	2.748225	0	0	9743.38976087	0.000e+00	57686	8.235	1.084	9.961	0.000	0.0000	0.8443	0	0.8499	0.9934	1.65000	1.64980	0.0000	0.0000	0.0000	0	0	0	0	0	0
# CONV t=0.00 cond=0 evap=0 rough=0 back_s=0
# LEDGER t=0.000 mode=3 sum_err=0 max|E-iEu|=3.478e-13 run_max_diff=0.000e+00 run_max_sum_err=0 steps=0 E0_int=9743389760869566 sum=9743389760869566
# NETG t=0.00 gates min=0.0216 mean=0.3369 edges=3
# PIN t=0.00 R=0 nv=3
5.000	9740.64154	2.75020013	0	0.00862287028	9743.38976087	1.867e-16	57687	8.234	1.084	9.961	0.000	0.0000	0.8443	0.13287	0.8499	0.9934	1.65000	1.64980	0.0000	0.0000	0.0000	0.00064378	0.0011962	0.0025843	0	0	0
# CONV t=5.00 cond=0 evap=0 rough=0 back_s=0
# LEDGER t=5.000 mode=3 sum_err=0 max|E-iEu|=1.110e-16 run_max_diff=0.000e+00 run_max_sum_err=0 steps=250 E0_int=9743389760869566 sum=9743389760869566
# NETG t=5.00 gates min=0.0218 mean=0.3369 edges=3
# PIN t=5.00 R=-0.0105980042 nv=3
# SLIP t=5.00 e=0 psi=+0.0068 unw=+0.007 nu_win=+0.000214 dwb_win=+0.000682
# SLIP t=5.00 e=1 psi=-2.3914 unw=+0.003 nu_win=+0.000106 dwb_win=-0.000393
# SLIP t=5.00 e=2 psi=+1.3289 unw=-0.001 nu_win=-0.000041 dwb_win=-0.000537
10.000	9740.64154	2.76125531	0	0.0247415289	9743.38976087	0.000e+00	57687	8.235	1.086	9.961	0.000	0.0000	0.8443	0.053607	0.8499	0.9934	1.65000	1.64980	0.0000	0.0000	0.0000	0.0018203	0.0011943	0.0029123	0	0	0
# CONV t=10.00 cond=0 evap=0 rough=0 back_s=0
# LEDGER t=10.000 mode=3 sum_err=0 max|E-iEu|=1.110e-16 run_max_diff=0.000e+00 run_max_sum_err=0 steps=500 E0_int=9743389760869566 sum=9743389760869566
# NETG t=10.00 gates min=0.0224 mean=0.3369 edges=3
# PIN t=10.00 R=-0.0377718404 nv=3
# SLIP t=10.00 e=0 psi=+0.0201 unw=+0.020 nu_win=+0.000423 dwb_win=+0.001973
# SLIP t=10.00 e=1 psi=-2.3910 unw=+0.004 nu_win=+0.000012 dwb_win=+0.000173
# SLIP t=10.00 e=2 psi=+1.3240 unw=-0.006 nu_win=-0.000157 dwb_win=-0.000900
15.000	9740.64154	2.76305247	0	0.0526937313	9743.38976087	1.867e-16	57687	8.232	1.086	9.963	0.000	0.0000	0.8443	-0.031746	0.8499	0.9934	1.65000	1.64980	0.0000	0.0000	0.0000	0.0017943	0.0027822	0.0020823	0	0	0
# CONV t=15.00 cond=0 evap=0 rough=0 back_s=0
# LEDGER t=15.000 mode=3 sum_err=0 max|E-iEu|=1.110e-16 run_max_diff=0.000e+00 run_max_sum_err=0 steps=750 E0_int=9743389760869566 sum=9743389760869566
# NETG t=15.00 gates min=0.0232 mean=0.3369 edges=3
# PIN t=15.00 R=-0.0675212114 nv=3
# SLIP t=15.00 e=0 psi=+0.0291 unw=+0.029 nu_win=+0.000286 dwb_win=+0.001068
# SLIP t=15.00 e=1 psi=-2.3898 unw=+0.005 nu_win=+0.000041 dwb_win=+0.000075
# SLIP t=15.00 e=2 psi=+1.3188 unw=-0.011 nu_win=-0.000164 dwb_win=-0.000496
20.000	9740.64154	2.77043971	0	0.0552331936	9743.38976087	1.867e-16	57687	8.236	1.088	9.960	0.000	0.0000	0.8443	-0.1052	0.8499	0.9934	1.65000	1.64979	0.0000	0.0000	0.0000	-0.00038465	0.0025122	0.0046701	0	0	0
# CONV t=20.00 cond=0 evap=0 rough=0 back_s=0
# LEDGER t=20.000 mode=3 sum_err=0 max|E-iEu|=1.110e-16 run_max_diff=0.000e+00 run_max_sum_err=0 steps=1000 E0_int=9743389760869566 sum=9743389760869566
# NETG t=20.00 gates min=0.0240 mean=0.3369 edges=3
# PIN t=20.00 R=-0.0774479164 nv=3
# SLIP t=20.00 e=0 psi=+0.0357 unw=+0.036 nu_win=+0.000210 dwb_win=+0.001299
# SLIP t=20.00 e=1 psi=-2.3938 unw=+0.001 nu_win=-0.000130 dwb_win=-0.001079
# SLIP t=20.00 e=2 psi=+1.3135 unw=-0.017 nu_win=-0.000170 dwb_win=-0.001189
25.000	9740.64154	2.77766131	0	0.0657551153	9743.38976087	0.000e+00	57687	8.232	1.093	9.972	0.000	0.0000	0.8443	-0.16604	0.8499	0.9934	1.65000	1.64979	0.0000	0.0000	0.0000	0.00036063	0.0016896	0.0020345	0	0	0
# CONV t=25.00 cond=0 evap=0 rough=0 back_s=0
# LEDGER t=25.000 mode=3 sum_err=0 max|E-iEu|=1.110e-16 run_max_diff=0.000e+00 run_max_sum_err=0 steps=1250 E0_int=9743389760869566 sum=9743389760869566
# NETG t=25.00 gates min=0.0245 mean=0.3369 edges=3
# PIN t=25.00 R=-0.0951914435 nv=3
# SLIP t=25.00 e=0 psi=+0.0368 unw=+0.037 nu_win=+0.000034 dwb_win=-0.000329
# SLIP t=25.00 e=1 psi=-2.3990 unw=-0.004 nu_win=-0.000166 dwb_win=-0.001052
# SLIP t=25.00 e=2 psi=+1.3102 unw=-0.020 nu_win=-0.000105 dwb_win=-0.000361
30.000	9740.64154	2.76470204	0	0.0867112988	9743.38976087	0.000e+00	57686	8.236	1.089	9.970	0.000	0.0000	0.8443	-0.21569	0.8499	0.9934	1.65000	1.64979	0.0000	0.0000	0.0000	0.0012974	0.0032075	0.0031683	0	0	0
# CONV t=30.00 cond=0 evap=0 rough=0 back_s=0
# LEDGER t=30.000 mode=3 sum_err=0 max|E-iEu|=1.110e-16 run_max_diff=0.000e+00 run_max_sum_err=0 steps=1500 E0_int=9743389760869566 sum=9743389760869566
# NETG t=30.00 gates min=0.0252 mean=0.3368 edges=3
# PIN t=30.00 R=-0.103188364 nv=3
# SLIP t=30.00 e=0 psi=+0.0430 unw=+0.043 nu_win=+0.000198 dwb_win=+0.000903
# SLIP t=30.00 e=1 psi=-2.4027 unw=-0.008 nu_win=-0.000117 dwb_win=-0.001217
# SLIP t=30.00 e=2 psi=+1.3051 unw=-0.025 nu_win=-0.000163 dwb_win=-0.001060
35.000	9740.64154	2.77385725	0	0.0968382759	9743.38976087	1.867e-16	57686	8.238	1.092	9.972	0.000	0.0000	0.8443	-0.25495	0.8499	0.9934	1.65000	1.64979	0.0000	0.0000	0.0000	0.00079816	0.0014599	0.0047535	0	0	0
# CONV t=35.00 cond=0 evap=0 rough=0 back_s=0
# LEDGER t=35.000 mode=3 sum_err=0 max|E-iEu|=1.110e-16 run_max_diff=0.000e+00 run_max_sum_err=0 steps=1750 E0_int=9743389760869566 sum=9743389760869566
# NETG t=35.00 gates min=0.0260 mean=0.3367 edges=3
# PIN t=35.00 R=-0.122470556 nv=3
# SLIP t=35.00 e=0 psi=+0.0482 unw=+0.048 nu_win=+0.000164 dwb_win=+0.000590
# SLIP t=35.00 e=1 psi=-2.4087 unw=-0.014 nu_win=-0.000191 dwb_win=-0.000894
# SLIP t=35.00 e=2 psi=+1.3001 unw=-0.030 nu_win=-0.000159 dwb_win=-0.000742
40.000	9740.64154	2.787325	0	0.115775337	9743.38976087	1.867e-16	57686	8.235	1.095	9.971	0.000	0.0000	0.8443	-0.28828	0.8499	0.9934	1.65000	1.64979	0.0000	0.0000	0.0000	0.0013344	0.00323	0.0015663	0	0	0
# CONV t=40.00 cond=0 evap=0 rough=0 back_s=0
# LEDGER t=40.000 mode=3 sum_err=0 max|E-iEu|=1.110e-16 run_max_diff=0.000e+00 run_max_sum_err=0 steps=2000 E0_int=9743389760869566 sum=9743389760869566
# NETG t=40.00 gates min=0.0268 mean=0.3364 edges=3
# PIN t=40.00 R=-0.154875365 nv=3
# SLIP t=40.00 e=0 psi=+0.0624 unw=+0.062 nu_win=+0.000453 dwb_win=+0.001959
# SLIP t=40.00 e=1 psi=-2.4027 unw=-0.008 nu_win=+0.000189 dwb_win=+0.000665
# SLIP t=40.00 e=2 psi=+1.2953 unw=-0.035 nu_win=-0.000151 dwb_win=-0.000647
45.000	9740.64154	2.78773549	0	0.134246203	9743.38976087	1.867e-16	57686	8.237	1.097	9.972	0.000	0.0000	0.8443	-0.31479	0.8499	0.9934	1.65000	1.64979	0.0000	0.0000	0.0000	0.0027312	0.00638	0.0066283	0	0	0
# CONV t=45.00 cond=0 evap=0 rough=0 back_s=0
# LEDGER t=45.000 mode=3 sum_err=0 max|E-iEu|=1.110e-16 run_max_diff=0.000e+00 run_max_sum_err=0 steps=2250 E0_int=9743389760869566 sum=9743389760869566
# NETG t=45.00 gates min=0.0275 mean=0.3362 edges=3
# PIN t=45.00 R=-0.173756726 nv=3
# SLIP t=45.00 e=0 psi=+0.0706 unw=+0.071 nu_win=+0.000262 dwb_win=+0.001045
# SLIP t=45.00 e=1 psi=-2.4060 unw=-0.011 nu_win=-0.000104 dwb_win=-0.000900
# SLIP t=45.00 e=2 psi=+1.2906 unw=-0.040 nu_win=-0.000151 dwb_win=-0.000973
50.000	9740.64154	2.78237527	0	0.152023861	9743.38976087	3.734e-16	57686	8.232	1.092	9.978	0.000	0.0000	0.8443	-0.33627	0.8499	0.9934	1.65000	1.64979	0.0000	0.0000	0.0000	0.00080257	0.0064484	0.0029521	0	0	0
# CONV t=50.00 cond=0 evap=0 rough=0 back_s=0
# LEDGER t=50.000 mode=3 sum_err=0 max|E-iEu|=1.110e-16 run_max_diff=0.000e+00 run_max_sum_err=0 steps=2500 E0_int=9743389760869566 sum=9743389760869566
# NETG t=50.00 gates min=0.0283 mean=0.3361 edges=3
# PIN t=50.00 R=-0.186174174 nv=3
# SLIP t=50.00 e=0 psi=+0.0720 unw=+0.072 nu_win=+0.000043 dwb_win=-0.000057
# SLIP t=50.00 e=1 psi=-2.4116 unw=-0.017 nu_win=-0.000179 dwb_win=-0.001049
# SLIP t=50.00 e=2 psi=+1.2860 unw=-0.044 nu_win=-0.000147 dwb_win=-0.000496
55.000	9740.64154	2.78405085	0	0.159618477	9743.38976087	1.867e-16	57686	8.234	1.098	9.978	0.000	0.0000	0.8443	-0.35207	0.8499	0.9934	1.65000	1.64979	0.0000	0.0000	0.0000	0.00093049	0.0038751	0.004695	0	0	0
# CONV t=55.00 cond=0 evap=0 rough=0 back_s=0
# LEDGER t=55.000 mode=3 sum_err=0 max|E-iEu|=1.110e-16 run_max_diff=0.000e+00 run_max_sum_err=0 steps=2750 E0_int=9743389760869566 sum=9743389760869566
# NETG t=55.00 gates min=0.0292 mean=0.3359 edges=3
# PIN t=55.00 R=-0.195444367 nv=3
# SLIP t=55.00 e=0 psi=+0.0777 unw=+0.078 nu_win=+0.000184 dwb_win=+0.001030
# SLIP t=55.00 e=1 psi=-2.4170 unw=-0.022 nu_win=-0.000170 dwb_win=-0.001449
# SLIP t=55.00 e=2 psi=+1.2809 unw=-0.049 nu_win=-0.000162 dwb_win=-0.001240
60.000	9740.64154	2.80395801	0	0.154830416	9743.38976087	1.867e-16	57686	8.231	1.109	9.990	0.000	0.0000	0.8443	-0.36521	0.8499	0.9934	1.65000	1.64979	0.0000	0.0000	0.0000	-0.00091812	0.003873	0.0045411	0	0	0
# CONV t=60.00 cond=0 evap=0 rough=0 back_s=0
# LEDGER t=60.000 mode=3 sum_err=0 max|E-iEu|=1.110e-16 run_max_diff=0.000e+00 run_max_sum_err=0 steps=3000 E0_int=9743389760869566 sum=9743389760869566
# NETG t=60.00 gates min=0.0300 mean=0.3358 edges=3
# PIN t=60.00 R=-0.210563466 nv=3
# SLIP t=60.00 e=0 psi=+0.0811 unw=+0.081 nu_win=+0.000106 dwb_win=+0.000079
# SLIP t=60.00 e=1 psi=-2.4229 unw=-0.028 nu_win=-0.000188 dwb_win=-0.001082
# SLIP t=60.00 e=2 psi=+1.2763 unw=-0.054 nu_win=-0.000145 dwb_win=-0.000581
65.000	9740.64154	2.78916947	0	0.198436511	9743.38976087	0.000e+00	57686	8.230	1.102	9.972	0.000	0.0000	0.8443	-0.37328	0.8499	0.9934	1.65000	1.64979	0.0000	0.0000	0.0000	0.00076645	0.0059037	0.0023227	0	0	0
# CONV t=65.00 cond=0 evap=0 rough=0 back_s=0
# LEDGER t=65.000 mode=3 sum_err=0 max|E-iEu|=1.110e-16 run_max_diff=0.000e+00 run_max_sum_err=0 steps=3250 E0_int=9743389760869566 sum=9743389760869566
# NETG t=65.00 gates min=0.0309 mean=0.3352 edges=3
# PIN t=65.00 R=-0.239381028 nv=3
# SLIP t=65.00 e=0 psi=+0.0915 unw=+0.091 nu_win=+0.000331 dwb_win=+0.001659
# SLIP t=65.00 e=1 psi=-2.4230 unw=-0.028 nu_win=-0.000003 dwb_win=-0.000451
# SLIP t=65.00 e=2 psi=+1.2713 unw=-0.059 nu_win=-0.000161 dwb_win=-0.001055
70.000	9740.64154	2.79874145	0	0.215729411	9743.38976087	1.867e-16	57685	8.233	1.108	9.969	0.000	0.0000	0.8443	-0.37937	0.8499	0.9934	1.65000	1.64978	0.0000	0.0000	0.0000	0.0016472	0.004105	0.0031055	0	0	0
# CONV t=70.00 cond=0 evap=0 rough=0 back_s=0
# LEDGER t=70.000 mode=3 sum_err=0 max|E-iEu|=1.110e-16 run_max_diff=0.000e+00 run_max_sum_err=0 steps=3500 E0_int=9743389760869566 sum=9743389760869566
# NETG t=70.00 gates min=0.0317 mean=0.3348 edges=3
# PIN t=70.00 R=-0.26624591 nv=3
# SLIP t=70.00 e=0 psi=+0.1010 unw=+0.101 nu_win=+0.000305 dwb_win=+0.001567
# SLIP t=70.00 e=1 psi=-2.4221 unw=-0.027 nu_win=+0.000027 dwb_win=+0.000103
# SLIP t=70.00 e=2 psi=+1.2669 unw=-0.063 nu_win=-0.000138 dwb_win=-0.000732
75.000	9740.64154	2.79830135	0	0.230459001	9743.38976087	1.867e-16	57685	8.226	1.107	9.968	0.000	0.0000	0.8443	-0.3878	0.8499	0.9934	1.65000	1.64978	0.0000	0.0000	0.0000	0.00075353	0.0048127	0.0017425	0	0	0
# CONV t=75.00 cond=0 evap=0 rough=0 back_s=0
# LEDGER t=75.000 mode=3 sum_err=0 max|E-iEu|=1.110e-16 run_max_diff=0.000e+00 run_max_sum_err=0 steps=3750 E0_int=9743389760869566 sum=9743389760869566
# NETG t=75.00 gates min=0.0326 mean=0.3346 edges=3
# PIN t=75.00 R=-0.280535393 nv=3
# SLIP t=75.00 e=0 psi=+0.1063 unw=+0.106 nu_win=+0.000166 dwb_win=+0.000454
# SLIP t=75.00 e=1 psi=-2.4251 unw=-0.030 nu_win=-0.000094 dwb_win=-0.001002
# SLIP t=75.00 e=2 psi=+1.2623 unw=-0.068 nu_win=-0.000146 dwb_win=-0.000728
80.000	9740.64154	2.80303038	0	0.236520136	9743.38976087	1.867e-16	57685	8.229	1.108	9.978	0.000	0.0000	0.8443	-0.39533	0.8499	0.9934	1.64999	1.64978	0.0000	0.0000	0.0000	0.0012975	0.004457	0.0032349	0	0	0
# CONV t=80.00 cond=0 evap=0 rough=0 back_s=0
# LEDGER t=80.000 mode=3 sum_err=0 max|E-iEu|=1.110e-16 run_max_diff=0.000e+00 run_max_sum_err=0 steps=4000 E0_int=9743389760869566 sum=9743389760869566
# NETG t=80.00 gates min=0.0335 mean=0.3341 edges=3
# PIN t=80.00 R=-0.291325566 nv=3
# SLIP t=80.00 e=0 psi=+0.1128 unw=+0.113 nu_win=+0.000209 dwb_win=+0.000702
# SLIP t=80.00 e=1 psi=-2.4313 unw=-0.037 nu_win=-0.000198 dwb_win=-0.001257
# SLIP t=80.00 e=2 psi=+1.2574 unw=-0.073 nu_win=-0.000159 dwb_win=-0.000979
85.000	9740.64154	2.81581976	0	0.237637391	9743.38976087	1.867e-16	57685	8.235	1.118	9.980	0.001	0.0000	0.8443	-0.40128	0.8499	0.9934	1.64999	1.64978	0.0000	0.0000	0.0000	-0.00014423	0.0034198	0.0035801	0	0	0
# CONV t=85.00 cond=0 evap=0 rough=0 back_s=0
# LEDGER t=85.000 mode=3 sum_err=0 max|E-iEu|=1.110e-16 run_max_diff=0.000e+00 run_max_sum_err=0 steps=4250 E0_int=9743389760869566 sum=9743389760869566
# NETG t=85.00 gates min=0.0344 mean=0.3340 edges=3
# PIN t=85.00 R=-0.305232198 nv=3
# SLIP t=85.00 e=0 psi=+0.1144 unw=+0.114 nu_win=+0.000051 dwb_win=+0.000092
# SLIP t=85.00 e=1 psi=-2.4358 unw=-0.041 nu_win=-0.000144 dwb_win=-0.001008
# SLIP t=85.00 e=2 psi=+1.2532 unw=-0.077 nu_win=-0.000133 dwb_win=-0.000550
90.000	9740.64154	2.8164441	0	0.251827618	9743.38976087	1.867e-16	57685	8.233	1.109	9.979	0.000	0.0000	0.8443	-0.40391	0.8499	0.9934	1.64999	1.64978	0.0000	0.0000	0.0000	-0.00080697	0.0056345	0.0050869	0	0	0
# CONV t=90.00 cond=0 evap=0 rough=0 back_s=0
# LEDGER t=90.000 mode=3 sum_err=0 max|E-iEu|=1.110e-16 run_max_diff=0.000e+00 run_max_sum_err=0 steps=4500 E0_int=9743389760869566 sum=9743389760869566
# NETG t=90.00 gates min=0.0352 mean=0.3335 edges=3
# PIN t=90.00 R=-0.32004677 nv=3
# SLIP t=90.00 e=0 psi=+0.1212 unw=+0.121 nu_win=+0.000217 dwb_win=+0.001234
# SLIP t=90.00 e=1 psi=-2.4381 unw=-0.043 nu_win=-0.000074 dwb_win=-0.000889
# SLIP t=90.00 e=2 psi=+1.2489 unw=-0.081 nu_win=-0.000138 dwb_win=-0.001062
95.000	9740.64154	2.81600674	0	0.280672581	9743.38976087	1.867e-16	57684	8.223	1.112	9.977	0.000	0.0000	0.8443	-0.40742	0.8499	0.9934	1.64999	1.64978	0.0000	0.0000	0.0000	-0.00061097	0.0064602	0.0016524	0	0	0
# CONV t=95.00 cond=0 evap=0 rough=0 back_s=0
# LEDGER t=95.000 mode=3 sum_err=0 max|E-iEu|=1.110e-16 run_max_diff=0.000e+00 run_max_sum_err=0 steps=4750 E0_int=9743389760869566 sum=9743389760869566
# NETG t=95.00 gates min=0.0361 mean=0.3328 edges=3
# PIN t=95.00 R=-0.348454374 nv=3
# SLIP t=95.00 e=0 psi=+0.1310 unw=+0.131 nu_win=+0.000311 dwb_win=+0.001353
# SLIP t=95.00 e=1 psi=-2.4384 unw=-0.044 nu_win=-0.000009 dwb_win=+0.000030
# SLIP t=95.00 e=2 psi=+1.2445 unw=-0.086 nu_win=-0.000138 dwb_win=-0.000661
100.000	9740.64154	3.12005728	0	0.298009156	9743.38976087	1.867e-16	57684	8.376	1.047	9.967	0.000	0.0000	0.8443	-0.4114	0.8499	0.9934	1.64999	1.64978	0.0000	0.0000	0.0000	-0.0011527	0.0052427	0.0037606	0	0	0
# CONV t=100.00 cond=0 evap=0 rough=0 back_s=0
# LEDGER t=100.000 mode=3 sum_err=0 max|E-iEu|=1.210e-16 run_max_diff=0.000e+00 run_max_sum_err=0 steps=5000 E0_int=9743389760869566 sum=9743389760869566
# NETG t=100.00 gates min=0.0370 mean=0.3323 edges=3
# PIN t=100.00 R=-0.669841484 nv=3
# SLIP t=100.00 e=0 psi=+0.1395 unw=+0.139 nu_win=+0.000269 dwb_win=+0.001404
# SLIP t=100.00 e=1 psi=-2.4362 unw=-0.041 nu_win=+0.000071 dwb_win=-0.000208
# SLIP t=100.00 e=2 psi=+1.2404 unw=-0.090 nu_win=-0.000131 dwb_win=-0.000806
105.000	9740.64154	3.2810139	0	0.423997537	9743.38976087	1.867e-16	57686	8.401	1.072	9.935	0.001	0.0000	0.8443	-0.26507	0.8499	0.9934	1.64999	1.64974	0.0000	0.0000	0.0000	0.0095156	0.014444	-0.010052	0	0	0
# CONV t=105.00 cond=0 evap=0 rough=0 back_s=0
# LEDGER t=105.000 mode=3 sum_err=0 max|E-iEu|=1.210e-16 run_max_diff=0.000e+00 run_max_sum_err=0 steps=5250 E0_int=9743389760869566 sum=9743389760869566
# NETG t=105.00 gates min=0.0265 mean=0.2501 edges=3
# PIN t=105.00 R=-0.956786482 nv=3
# SLIP t=105.00 e=0 psi=-2.2483 unw=+4.035 nu_win=+0.123994 dwb_win=+0.971410
# SLIP t=105.00 e=1 psi=-2.3455 unw=+0.049 nu_win=+0.002888 dwb_win=-0.136526
# SLIP t=105.00 e=2 psi=-1.1539 unw=-2.484 nu_win=-0.076214 dwb_win=-0.553968
110.000	9740.64154	3.04483117	0	0.410301486	9743.38976087	3.734e-16	57685	8.281	1.161	9.921	0.001	0.0000	0.8443	-0.43255	0.8499	0.9934	1.64999	1.64974	0.0000	0.0000	0.0000	-0.0013208	0.0052079	0.0081575	0	0	0
# CONV t=110.00 cond=0 evap=0 rough=0 back_s=0
# LEDGER t=110.000 mode=3 sum_err=0 max|E-iEu|=1.110e-16 run_max_diff=0.000e+00 run_max_sum_err=0 steps=5500 E0_int=9743389760869566 sum=9743389760869566
# NETG t=110.00 gates min=0.1763 mean=0.2088 edges=3
# PIN t=110.00 R=-0.706907707 nv=3
# SLIP t=110.00 e=0 psi=-0.2641 unw=+6.019 nu_win=+0.063159 dwb_win=+0.194959
# SLIP t=110.00 e=1 psi=+3.0235 unw=-0.865 nu_win=-0.029101 dwb_win=-0.026824
# SLIP t=110.00 e=2 psi=-2.1112 unw=-3.441 nu_win=-0.030472 dwb_win=-0.110892
115.000	9740.64154	2.96695831	0	0.500654325	9743.38976087	1.867e-16	57685	8.253	1.148	9.939	0.001	0.0000	0.8443	-0.49298	0.8499	0.9934	1.64999	1.64974	0.0000	0.0000	0.0000	0.00025885	0.010389	0.0072563	0	0	0
# CONV t=115.00 cond=0 evap=0 rough=0 back_s=0
# LEDGER t=115.000 mode=3 sum_err=0 max|E-iEu|=1.110e-16 run_max_diff=0.000e+00 run_max_sum_err=0 steps=5750 E0_int=9743389760869566 sum=9743389760869566
# NETG t=115.00 gates min=0.1728 mean=0.2093 edges=3
# PIN t=115.00 R=-0.719387679 nv=3
# SLIP t=115.00 e=0 psi=-0.2559 unw=+6.027 nu_win=+0.000263 dwb_win=+0.000633
# SLIP t=115.00 e=1 psi=+3.0205 unw=-0.868 nu_win=-0.000093 dwb_win=-0.000823
# SLIP t=115.00 e=2 psi=-2.1171 unw=-3.447 nu_win=-0.000187 dwb_win=-0.000728
120.000	9740.64154	2.96153842	0	0.519104995	9743.38976087	1.867e-16	57685	8.239	1.163	9.924	0.001	0.0000	0.8443	-0.49344	0.8499	0.9934	1.64999	1.64974	0.0000	0.0000	0.0000	0.003605	0.0039812	0.0048492	0	0	0
# CONV t=120.00 cond=0 evap=0 rough=0 back_s=0
# LEDGER t=120.000 mode=3 sum_err=0 max|E-iEu|=1.110e-16 run_max_diff=0.000e+00 run_max_sum_err=0 steps=6000 E0_int=9743389760869566 sum=9743389760869566
# NETG t=120.00 gates min=0.1705 mean=0.2087 edges=3
# PIN t=120.00 R=-0.732418469 nv=3
# SLIP t=120.00 e=0 psi=-0.2532 unw=+6.030 nu_win=+0.000084 dwb_win=+0.000200
# SLIP t=120.00 e=1 psi=+3.0167 unw=-0.872 nu_win=-0.000123 dwb_win=-0.000808
# SLIP t=120.00 e=2 psi=-2.1205 unw=-3.451 nu_win=-0.000109 dwb_win=-0.000504
125.000	9740.64154	2.93305862	0	0.569012454	9743.38976087	1.867e-16	57684	8.245	1.157	9.954	0.001	0.0000	0.8443	-0.48367	0.8499	0.9934	1.64998	1.64974	0.0000	0.0000	0.0000	-0.0014935	0.0094357	0.0041497	0	0	0
# CONV t=125.00 cond=0 evap=0 rough=0 back_s=0
# LEDGER t=125.000 mode=3 sum_err=0 max|E-iEu|=1.110e-16 run_max_diff=0.000e+00 run_max_sum_err=0 steps=6250 E0_int=9743389760869566 sum=9743389760869566
# NETG t=125.00 gates min=0.1663 mean=0.2098 edges=3
# PIN t=125.00 R=-0.753846121 nv=3
# SLIP t=125.00 e=0 psi=-0.2411 unw=+6.042 nu_win=+0.000386 dwb_win=+0.001224
# SLIP t=125.00 e=1 psi=+3.0166 unw=-0.872 nu_win=-0.000003 dwb_win=-0.000506
# SLIP t=125.00 e=2 psi=-2.1254 unw=-3.456 nu_win=-0.000155 dwb_win=-0.000865
130.000	9740.64154	2.93341804	0	0.581501597	9743.38976087	1.867e-16	57684	8.223	1.157	9.962	0.001	0.0000	0.8443	-0.47378	0.8499	0.9934	1.64998	1.64974	0.0000	0.0000	0.0000	0.0051672	0.0073197	0.0072259	0	0	0
# CONV t=130.00 cond=0 evap=0 rough=0 back_s=0
# LEDGER t=130.000 mode=3 sum_err=0 max|E-iEu|=1.110e-16 run_max_diff=0.000e+00 run_max_sum_err=0 steps=6500 E0_int=9743389760869566 sum=9743389760869566
# NETG t=130.00 gates min=0.1649 mean=0.2097 edges=3
# PIN t=130.00 R=-0.766694688 nv=3
# SLIP t=130.00 e=0 psi=-0.2388 unw=+6.044 nu_win=+0.000075 dwb_win=+0.000379
# SLIP t=130.00 e=1 psi=+3.0142 unw=-0.874 nu_win=-0.000077 dwb_win=-0.000551
# SLIP t=130.00 e=2 psi=-2.1283 unw=-3.459 nu_win=-0.000094 dwb_win=-0.000465
135.000	9740.64154	2.90647693	0	0.621615486	9743.38976087	3.734e-16	57685	8.240	1.155	9.964	0.001	0.0000	0.8443	-0.46504	0.8499	0.9934	1.64998	1.64974	0.0000	0.0000	0.0000	0.0072228	0.0088803	0.009671	0	0	0
# CONV t=135.00 cond=0 evap=0 rough=0 back_s=0
# LEDGER t=135.000 mode=3 sum_err=0 max|E-iEu|=1.110e-16 run_max_diff=0.000e+00 run_max_sum_err=0 steps=6750 E0_int=9743389760869566 sum=9743389760869566
# NETG t=135.00 gates min=0.1603 mean=0.2097 edges=3
# PIN t=135.00 R=-0.779867463 nv=3
# SLIP t=135.00 e=0 psi=-0.2280 unw=+6.055 nu_win=+0.000341 dwb_win=+0.001625
# SLIP t=135.00 e=1 psi=+3.0122 unw=-0.876 nu_win=-0.000064 dwb_win=-0.000552
# SLIP t=135.00 e=2 psi=-2.1337 unw=-3.464 nu_win=-0.000170 dwb_win=-0.001089
140.000	9740.64154	2.92028127	0	0.627167974	9743.38976087	0.000e+00	57685	8.240	1.149	9.959	0.001	0.0000	0.8443	-0.45937	0.8499	0.9934	1.64998	1.64974	0.0000	0.0000	0.0000	0.0017614	0.0089156	0.0066191	0	0	0
# CONV t=140.00 cond=0 evap=0 rough=0 back_s=0
# LEDGER t=140.000 mode=3 sum_err=0 max|E-iEu|=1.110e-16 run_max_diff=0.000e+00 run_max_sum_err=0 steps=7000 E0_int=9743389760869566 sum=9743389760869566
# NETG t=140.00 gates min=0.1586 mean=0.2107 edges=3
# PIN t=140.00 R=-0.799224294 nv=3
# SLIP t=140.00 e=0 psi=-0.2218 unw=+6.061 nu_win=+0.000199 dwb_win=+0.000478
# SLIP t=140.00 e=1 psi=+3.0119 unw=-0.877 nu_win=-0.000008 dwb_win=-0.000438
# SLIP t=140.00 e=2 psi=-2.1378 unw=-3.468 nu_win=-0.000131 dwb_win=-0.000458
145.000	9740.64154	2.91492373	0	0.637165325	9743.38976087	0.000e+00	57685	8.241	1.151	9.970	0.001	0.0000	0.8443	-0.45475	0.8499	0.9934	1.64998	1.64974	0.0000	0.0000	0.0000	0.0022006	0.010349	0.0026251	0	0	0
# CONV t=145.00 cond=0 evap=0 rough=0 back_s=0
# LEDGER t=145.000 mode=3 sum_err=0 max|E-iEu|=1.110e-16 run_max_diff=0.000e+00 run_max_sum_err=0 steps=7250 E0_int=9743389760869566 sum=9743389760869566
# NETG t=145.00 gates min=0.1563 mean=0.2105 edges=3
# PIN t=145.00 R=-0.803864106 nv=3
# SLIP t=145.00 e=0 psi=-0.2176 unw=+6.065 nu_win=+0.000133 dwb_win=+0.001075
# SLIP t=145.00 e=1 psi=+3.0107 unw=-0.878 nu_win=-0.000039 dwb_win=-0.000994
# SLIP t=145.00 e=2 psi=-2.1412 unw=-3.471 nu_win=-0.000109 dwb_win=-0.001034
150.000	9740.64154	2.92884416	0	0.645265637	9743.38976087	3.734e-16	57685	8.237	1.176	9.960	0.001	0.0000	0.8443	-0.44975	0.8499	0.9934	1.64998	1.64974	0.0000	0.0000	0.0000	-0.0039419	0.006722	0.0054388	0	0	0
# CONV t=150.00 cond=0 evap=0 rough=0 back_s=0
# LEDGER t=150.000 mode=3 sum_err=0 max|E-iEu|=1.110e-16 run_max_diff=0.000e+00 run_max_sum_err=0 steps=7500 E0_int=9743389760869566 sum=9743389760869566
# NETG t=150.00 gates min=0.1539 mean=0.2109 edges=3
# PIN t=150.00 R=-0.825884845 nv=3
# SLIP t=150.00 e=0 psi=-0.2106 unw=+6.072 nu_win=+0.000224 dwb_win=+0.000305
# SLIP t=150.00 e=1 psi=+3.0086 unw=-0.880 nu_win=-0.000066 dwb_win=-0.000669
# SLIP t=150.00 e=2 psi=-2.1452 unw=-3.475 nu_win=-0.000127 dwb_win=-0.000487
155.000	9740.64154	2.92446486	0	0.658561276	9743.38976087	0.000e+00	57685	8.247	1.160	9.972	0.002	0.0000	0.8443	-0.4428	0.8499	0.9934	1.64997	1.64974	0.0000	0.0000	0.0000	0.0045122	0.0097642	0.0024403	0	0	0
# CONV t=155.00 cond=0 evap=0 rough=0 back_s=0
# LEDGER t=155.000 mode=3 sum_err=0 max|E-iEu|=1.110e-16 run_max_diff=0.000e+00 run_max_sum_err=0 steps=7750 E0_int=9743389760869566 sum=9743389760869566
# NETG t=155.00 gates min=0.1518 mean=0.2110 edges=3
# PIN t=155.00 R=-0.834801183 nv=3
# SLIP t=155.00 e=0 psi=-0.2059 unw=+6.077 nu_win=+0.000150 dwb_win=+0.001141
# SLIP t=155.00 e=1 psi=+3.0086 unw=-0.880 nu_win=-0.000001 dwb_win=-0.000867
# SLIP t=155.00 e=2 psi=-2.1482 unw=-3.478 nu_win=-0.000094 dwb_win=-0.001004
160.000	9740.64154	2.90620839	0	0.694233293	9743.38976087	1.867e-16	57685	8.250	1.165	9.969	0.001	0.0000	0.8443	-0.43604	0.8499	0.9934	1.64997	1.64974	0.0000	0.0000	0.0000	-0.00427	0.015852	0.0014046	0	0	0
# CONV t=160.00 cond=0 evap=0 rough=0 back_s=0
# LEDGER t=160.000 mode=3 sum_err=0 max|E-iEu|=1.110e-16 run_max_diff=0.000e+00 run_max_sum_err=0 steps=8000 E0_int=9743389760869566 sum=9743389760869566
# NETG t=160.00 gates min=0.1469 mean=0.2113 edges=3
# PIN t=160.00 R=-0.85221673 nv=3
# SLIP t=160.00 e=0 psi=-0.1923 unw=+6.091 nu_win=+0.000433 dwb_win=+0.000634
# SLIP t=160.00 e=1 psi=+3.0042 unw=-0.884 nu_win=-0.000138 dwb_win=-0.000868
# SLIP t=160.00 e=2 psi=-2.1535 unw=-3.484 nu_win=-0.000170 dwb_win=-0.000751
165.000	9740.64154	2.91201786	0	0.709491309	9743.38976087	0.000e+00	57685	8.238	1.176	9.949	0.001	0.0000	0.8443	-0.4276	0.8499	0.9935	1.64996	1.64973	0.0000	0.0000	0.0000	0.0020376	0.0096543	0.0026174	0	0	0
# CONV t=165.00 cond=0 evap=0 rough=0 back_s=0
# LEDGER t=165.000 mode=3 sum_err=0 max|E-iEu|=1.110e-16 run_max_diff=0.000e+00 run_max_sum_err=0 steps=8250 E0_int=9743389760869566 sum=9743389760869566
# NETG t=165.00 gates min=0.1465 mean=0.2120 edges=3
# PIN t=165.00 R=-0.87328422 nv=3
# SLIP t=165.00 e=0 psi=-0.1893 unw=+6.094 nu_win=+0.000095 dwb_win=+0.001336
# SLIP t=165.00 e=1 psi=+3.0069 unw=-0.882 nu_win=+0.000084 dwb_win=-0.000148
# SLIP t=165.00 e=2 psi=-2.1571 unw=-3.487 nu_win=-0.000114 dwb_win=-0.000742
170.000	9740.64154	2.86838126	0	0.761044886	9743.38976087	0.000e+00	57685	8.250	1.178	9.953	0.003	0.0000	0.8443	-0.41899	0.8499	0.9935	1.64995	1.64973	0.0000	0.0000	0.0000	-0.00031425	0.014355	0.0034388	0	0	0
# CONV t=170.00 cond=0 evap=0 rough=0 back_s=0
# LEDGER t=170.000 mode=3 sum_err=0 max|E-iEu|=1.110e-16 run_max_diff=0.000e+00 run_max_sum_err=0 steps=8500 E0_int=9743389760869566 sum=9743389760869566
# NETG t=170.00 gates min=0.1434 mean=0.2120 edges=3
# PIN t=170.00 R=-0.881201203 nv=3
# SLIP t=170.00 e=0 psi=-0.1820 unw=+6.101 nu_win=+0.000233 dwb_win=+0.001414
# SLIP t=170.00 e=1 psi=+3.0042 unw=-0.884 nu_win=-0.000087 dwb_win=-0.000941
# SLIP t=170.00 e=2 psi=-2.1616 unw=-3.492 nu_win=-0.000141 dwb_win=-0.001177
175.000	9740.64154	2.89041974	0	0.754740107	9743.38976087	0.000e+00	57686	8.253	1.193	9.974	0.003	0.0000	0.8443	-0.41096	0.8499	0.9935	1.64994	1.64973	0.0000	0.0000	0.0000	0.0024068	0.01297	0.0067147	0	0	0
# CONV t=175.00 cond=0 evap=0 rough=0 back_s=0
# LEDGER t=175.000 mode=3 sum_err=0 max|E-iEu|=1.110e-16 run_max_diff=0.000e+00 run_max_sum_err=0 steps=8750 E0_int=9743389760869566 sum=9743389760869566
# NETG t=175.00 gates min=0.1407 mean=0.2117 edges=3
# PIN t=175.00 R=-0.896934904 nv=3
# SLIP t=175.00 e=0 psi=-0.1766 unw=+6.106 nu_win=+0.000171 dwb_win=-0.000198
# SLIP t=175.00 e=1 psi=+3.0002 unw=-0.888 nu_win=-0.000126 dwb_win=-0.001066
# SLIP t=175.00 e=2 psi=-2.1667 unw=-3.497 nu_win=-0.000163 dwb_win=-0.000434
180.000	9740.64154	2.87554278	0	0.774137291	9743.38976087	1.867e-16	57686	8.252	1.188	9.945	0.002	0.0000	0.8443	-0.40331	0.8499	0.9935	1.64991	1.64973	0.0000	0.0000	0.0000	0.0077612	0.0057562	0.0081852	0	0	0
# CONV t=180.00 cond=0 evap=0 rough=0 back_s=0
# LEDGER t=180.000 mode=3 sum_err=0 max|E-iEu|=1.110e-16 run_max_diff=0.000e+00 run_max_sum_err=0 steps=9000 E0_int=9743389760869566 sum=9743389760869566
# NETG t=180.00 gates min=0.1383 mean=0.2114 edges=3
# PIN t=180.00 R=-0.901455127 nv=3
# SLIP t=180.00 e=0 psi=-0.1718 unw=+6.111 nu_win=+0.000153 dwb_win=+0.001089
# SLIP t=180.00 e=1 psi=+2.9966 unw=-0.892 nu_win=-0.000116 dwb_win=-0.001109
# SLIP t=180.00 e=2 psi=-2.1711 unw=-3.501 nu_win=-0.000141 dwb_win=-0.001099
185.000	9740.64154	2.87937167	0	0.786560982	9743.38976087	0.000e+00	57686	8.251	1.193	9.987	0.002	0.0000	0.8443	-0.39822	0.8499	0.9935	1.64990	1.64973	0.0000	0.0000	0.0000	0.001591	0.0099871	0.0050913	0	0	0
# CONV t=185.00 cond=0 evap=0 rough=0 back_s=0
# LEDGER t=185.000 mode=3 sum_err=0 max|E-iEu|=1.110e-16 run_max_diff=0.000e+00 run_max_sum_err=0 steps=9250 E0_int=9743389760869566 sum=9743389760869566
# NETG t=185.00 gates min=0.1359 mean=0.2112 edges=3
# PIN t=185.00 R=-0.917707707 nv=3
# SLIP t=185.00 e=0 psi=-0.1666 unw=+6.116 nu_win=+0.000164 dwb_win=+0.000041
# SLIP t=185.00 e=1 psi=+2.9934 unw=-0.895 nu_win=-0.000099 dwb_win=-0.001061
# SLIP t=185.00 e=2 psi=-2.1752 unw=-3.505 nu_win=-0.000132 dwb_win=-0.000551
190.000	9740.64154	2.89449429	0	0.791185025	9743.38976087	1.867e-16	57686	8.254	1.222	9.961	0.004	0.0000	0.8443	-0.39445	0.8499	0.9935	1.64988	1.64973	0.0000	0.0000	0.0000	0.0046979	0.0075052	0.0042053	0	0	0
# CONV t=190.00 cond=0 evap=0 rough=0 back_s=0
# LEDGER t=190.000 mode=3 sum_err=0 max|E-iEu|=1.110e-16 run_max_diff=0.000e+00 run_max_sum_err=0 steps=9500 E0_int=9743389760869566 sum=9743389760869566
# NETG t=190.00 gates min=0.1333 mean=0.2116 edges=3
# PIN t=190.00 R=-0.937454366 nv=3
# SLIP t=190.00 e=0 psi=-0.1570 unw=+6.126 nu_win=+0.000306 dwb_win=+0.001883
# SLIP t=190.00 e=1 psi=+2.9937 unw=-0.895 nu_win=+0.000008 dwb_win=-0.000167
# SLIP t=190.00 e=2 psi=-2.1798 unw=-3.510 nu_win=-0.000145 dwb_win=-0.001025
195.000	9740.64154	2.90719122	0	0.79611173	9743.38976087	3.734e-16	57686	8.287	1.202	10.002	0.002	0.0000	0.8443	-0.393	0.8499	0.9935	1.64987	1.64973	0.0000	0.0000	0.0000	0.0015203	0.0084585	0.010438	0	0	0
# CONV t=195.00 cond=0 evap=0 rough=0 back_s=0
# LEDGER t=195.000 mode=3 sum_err=0 max|E-iEu|=1.110e-16 run_max_diff=0.000e+00 run_max_sum_err=0 steps=9750 E0_int=9743389760869566 sum=9743389760869566
# NETG t=195.00 gates min=0.1289 mean=0.2125 edges=3
# PIN t=195.00 R=-0.955078007 nv=3
# SLIP t=195.00 e=0 psi=-0.1416 unw=+6.141 nu_win=+0.000491 dwb_win=+0.001385
# SLIP t=195.00 e=1 psi=+2.9935 unw=-0.895 nu_win=-0.000005 dwb_win=-0.000546
# SLIP t=195.00 e=2 psi=-2.1843 unw=-3.515 nu_win=-0.000144 dwb_win=-0.000966
200.000	9740.64154	2.90389388	0	0.817558495	9743.38976087	1.867e-16	57686	8.251	1.207	9.997	0.003	0.0000	0.8443	-0.39183	0.8499	0.9935	1.64986	1.64973	0.0000	0.0000	0.0000	0.0021994	0.011374	0.0071747	0	0	0
# CONV t=200.00 cond=0 evap=0 rough=0 back_s=0
# LEDGER t=200.000 mode=3 sum_err=0 max|E-iEu|=1.110e-16 run_max_diff=0.000e+00 run_max_sum_err=0 steps=10000 E0_int=9743389760869566 sum=9743389760869566
# NETG t=200.00 gates min=0.1280 mean=0.2124 edges=3
# PIN t=200.00 R=-0.973227423 nv=3
# SLIP t=200.00 e=0 psi=-0.1394 unw=+6.144 nu_win=+0.000069 dwb_win=+0.000767
# SLIP t=200.00 e=1 psi=+2.9923 unw=-0.896 nu_win=-0.000040 dwb_win=-0.000598
# SLIP t=200.00 e=2 psi=-2.1885 unw=-3.519 nu_win=-0.000135 dwb_win=-0.000682
205.000	9740.64154	2.90846468	0	0.818734039	9743.38976087	1.867e-16	57686	8.268	1.209	9.965	0.002	0.0000	0.8443	-0.38999	0.8499	0.9935	1.64986	1.64973	0.0000	0.0000	0.0000	0.0035202	0.0060223	0.0090681	0	0	0
# CONV t=205.00 cond=0 evap=0 rough=0 back_s=0
# LEDGER t=205.000 mode=3 sum_err=0 max|E-iEu|=1.110e-16 run_max_diff=0.000e+00 run_max_sum_err=0 steps=10250 E0_int=9743389760869566 sum=9743389760869566
# NETG t=205.00 gates min=0.1256 mean=0.2121 edges=3
# PIN t=205.00 R=-0.978973768 nv=3
# SLIP t=205.00 e=0 psi=-0.1340 unw=+6.149 nu_win=+0.000172 dwb_win=+0.001301
# SLIP t=205.00 e=1 psi=+2.9900 unw=-0.898 nu_win=-0.000074 dwb_win=-0.000930
# SLIP t=205.00 e=2 psi=-2.1929 unw=-3.523 nu_win=-0.000140 dwb_win=-0.001115
210.000	9740.64154	2.9078553	0	0.834114924	9743.38976087	1.867e-16	57686	8.252	1.223	10.008	0.003	0.0000	0.8443	-0.38922	0.8499	0.9935	1.64987	1.64973	0.0000	0.0000	0.0000	-0.0011541	0.008938	0.0075278	0	0	0
# CONV t=210.00 cond=0 evap=0 rough=0 back_s=0
# LEDGER t=210.000 mode=3 sum_err=0 max|E-iEu|=1.110e-16 run_max_diff=0.000e+00 run_max_sum_err=0 steps=10500 E0_int=9743389760869566 sum=9743389760869566
# NETG t=210.00 gates min=0.1238 mean=0.2118 edges=3
# PIN t=210.00 R=-0.993745282 nv=3
# SLIP t=210.00 e=0 psi=-0.1301 unw=+6.153 nu_win=+0.000123 dwb_win=+0.000100
# SLIP t=210.00 e=1 psi=+2.9863 unw=-0.902 nu_win=-0.000117 dwb_win=-0.001113
# SLIP t=210.00 e=2 psi=-2.1968 unw=-3.527 nu_win=-0.000121 dwb_win=-0.000607
215.000	9740.64154	2.89844687	0	0.857569847	9743.38976087	1.867e-16	57686	8.268	1.203	9.969	0.002	0.0000	0.8443	-0.38797	0.8499	0.9935	1.64988	1.64973	0.0000	0.0000	0.0000	0.0025101	0.005825	0.0055157	0	0	0
# CONV t=215.00 cond=0 evap=0 rough=0 back_s=0
# LEDGER t=215.000 mode=3 sum_err=0 max|E-iEu|=1.110e-16 run_max_diff=0.000e+00 run_max_sum_err=0 steps=10750 E0_int=9743389760869566 sum=9743389760869566
# NETG t=215.00 gates min=0.1216 mean=0.2118 edges=3
# PIN t=215.00 R=-1.00779177 nv=3
# SLIP t=215.00 e=0 psi=-0.1229 unw=+6.160 nu_win=+0.000232 dwb_win=+0.001690
# SLIP t=215.00 e=1 psi=+2.9854 unw=-0.903 nu_win=-0.000027 dwb_win=-0.000384
# SLIP t=215.00 e=2 psi=-2.2013 unw=-3.532 nu_win=-0.000145 dwb_win=-0.001037
220.000	9740.64154	2.9313474	0	0.849867568	9743.38976087	1.867e-16	57686	8.249	1.224	9.986	0.005	0.0000	0.8443	-0.38692	0.8499	0.9935	1.64988	1.64972	0.0000	0.0000	0.0000	-0.0015907	0.0096711	0.01015	0	0	0
# CONV t=220.00 cond=0 evap=0 rough=0 back_s=0
# LEDGER t=220.000 mode=3 sum_err=0 max|E-iEu|=1.110e-16 run_max_diff=0.000e+00 run_max_sum_err=0 steps=11000 E0_int=9743389760869566 sum=9743389760869566
# NETG t=220.00 gates min=0.1186 mean=0.2127 edges=3
# PIN t=220.00 R=-1.03299002 nv=3
# SLIP t=220.00 e=0 psi=-0.1097 unw=+6.173 nu_win=+0.000420 dwb_win=+0.001388
# SLIP t=220.00 e=1 psi=+2.9876 unw=-0.901 nu_win=+0.000069 dwb_win=-0.000147
# SLIP t=220.00 e=2 psi=-2.2052 unw=-3.535 nu_win=-0.000125 dwb_win=-0.000768
225.000	9740.64154	2.89580747	0	0.899839814	9743.38976087	1.867e-16	57686	8.242	1.224	9.965	0.003	0.0000	0.8443	-0.38424	0.8499	0.9935	1.64988	1.64972	0.0000	0.0000	0.0000	0.00069877	0.0062756	0.0058646	0	0	0
# CONV t=225.00 cond=0 evap=0 rough=0 back_s=0
# LEDGER t=225.000 mode=3 sum_err=0 max|E-iEu|=1.110e-16 run_max_diff=0.000e+00 run_max_sum_err=0 steps=11250 E0_int=9743389760869566 sum=9743389760869566
# NETG t=225.00 gates min=0.1175 mean=0.2127 edges=3
# PIN t=225.00 R=-1.04742234 nv=3
# SLIP t=225.00 e=0 psi=-0.1057 unw=+6.177 nu_win=+0.000125 dwb_win=+0.001233
# SLIP t=225.00 e=1 psi=+2.9875 unw=-0.901 nu_win=-0.000003 dwb_win=-0.000389
# SLIP t=225.00 e=2 psi=-2.2089 unw=-3.539 nu_win=-0.000116 dwb_win=-0.000811
230.000	9740.64154	2.90650478	0	0.900241752	9743.38976087	0.000e+00	57686	8.247	1.234	9.963	0.004	0.0000	0.8443	-0.38017	0.8499	0.9935	1.64988	1.64972	0.0000	0.0000	0.0000	0.0020999	0.0098701	0.0085911	0	0	0
# CONV t=230.00 cond=0 evap=0 rough=0 back_s=0
# LEDGER t=230.000 mode=3 sum_err=0 max|E-iEu|=1.110e-16 run_max_diff=0.000e+00 run_max_sum_err=0 steps=11500 E0_int=9743389760869566 sum=9743389760869566
# NETG t=230.00 gates min=0.1143 mean=0.2123 edges=3
# PIN t=230.00 R=-1.05852159 nv=3
# SLIP t=230.00 e=0 psi=-0.0974 unw=+6.186 nu_win=+0.000266 dwb_win=+0.000922
# SLIP t=230.00 e=1 psi=+2.9842 unw=-0.904 nu_win=-0.000105 dwb_win=-0.000973
# SLIP t=230.00 e=2 psi=-2.2136 unw=-3.544 nu_win=-0.000152 dwb_win=-0.000947
235.000	9740.64154	2.8955656	0	0.92310782	9743.38976087	1.867e-16	57685	8.273	1.230	9.949	0.004	0.0000	0.8443	-0.37563	0.8499	0.9935	1.64988	1.64972	0.0000	0.0000	0.0000	0.0050393	0.010078	0.0057745	0	0	0
# CONV t=235.00 cond=0 evap=0 rough=0 back_s=0
# LEDGER t=235.000 mode=3 sum_err=0 max|E-iEu|=1.110e-16 run_max_diff=0.000e+00 run_max_sum_err=0 steps=11750 E0_int=9743389760869566 sum=9743389760869566
# NETG t=235.00 gates min=0.1125 mean=0.2120 edges=3
# PIN t=235.00 R=-1.07044847 nv=3
# SLIP t=235.00 e=0 psi=-0.0922 unw=+6.191 nu_win=+0.000166 dwb_win=+0.000683
# SLIP t=235.00 e=1 psi=+2.9812 unw=-0.907 nu_win=-0.000095 dwb_win=-0.000742
# SLIP t=235.00 e=2 psi=-2.2180 unw=-3.548 nu_win=-0.000138 dwb_win=-0.000712
240.000	9740.64154	2.89082097	0	0.93851884	9743.38976087	1.867e-16	57686	8.258	1.227	9.962	0.004	0.0000	0.8443	-0.37274	0.8499	0.9935	1.64988	1.64972	0.0000	0.0000	0.0000	0.0041442	0.0064479	0.01	0	0	0
# CONV t=240.00 cond=0 evap=0 rough=0 back_s=0
# LEDGER t=240.000 mode=3 sum_err=0 max|E-iEu|=1.110e-16 run_max_diff=0.000e+00 run_max_sum_err=0 steps=12000 E0_int=9743389760869566 sum=9743389760869566
# NETG t=240.00 gates min=0.1094 mean=0.2114 edges=3
# PIN t=240.00 R=-1.08111486 nv=3
# SLIP t=240.00 e=0 psi=-0.0837 unw=+6.199 nu_win=+0.000270 dwb_win=+0.001171
# SLIP t=240.00 e=1 psi=+2.9774 unw=-0.911 nu_win=-0.000123 dwb_win=-0.000822
# SLIP t=240.00 e=2 psi=-2.2235 unw=-3.554 nu_win=-0.000175 dwb_win=-0.000996
245.000	9740.64154	2.90672681	0	0.946465735	9743.38976087	1.867e-16	57687	8.241	1.243	9.957	0.004	0.0000	0.8443	-0.37045	0.8499	0.9935	1.64987	1.64972	0.0000	0.0000	0.0000	0.0017523	0.0074617	0.0099781	0	0	0
# CONV t=245.00 cond=0 evap=0 rough=0 back_s=0
# LEDGER t=245.000 mode=3 sum_err=0 max|E-iEu|=1.110e-16 run_max_diff=0.000e+00 run_max_sum_err=0 steps=12250 E0_int=9743389760869566 sum=9743389760869566
# NETG t=245.00 gates min=0.1076 mean=0.2118 edges=3
# PIN t=245.00 R=-1.1049676 nv=3
# SLIP t=245.00 e=0 psi=-0.0753 unw=+6.208 nu_win=+0.000266 dwb_win=+0.001431
# SLIP t=245.00 e=1 psi=+2.9779 unw=-0.911 nu_win=+0.000017 dwb_win=-0.000161
# SLIP t=245.00 e=2 psi=-2.2277 unw=-3.558 nu_win=-0.000134 dwb_win=-0.000796
250.000	9740.64154	2.89980217	0	0.961852331	9743.38976087	1.867e-16	57687	8.271	1.230	9.982	0.003	0.0000	0.8443	-0.37042	0.8499	0.9935	1.64987	1.64972	0.0000	0.0000	0.0000	0.0039072	0.0080318	0.0072499	0	0	0
# CONV t=250.00 cond=0 evap=0 rough=0 back_s=0
# LEDGER t=250.000 mode=3 sum_err=0 max|E-iEu|=1.110e-16 run_max_diff=0.000e+00 run_max_sum_err=0 steps=12500 E0_int=9743389760869566 sum=9743389760869566
# NETG t=250.00 gates min=0.1057 mean=0.2115 edges=3
# PIN t=250.00 R=-1.11342955 nv=3
# SLIP t=250.00 e=0 psi=-0.0700 unw=+6.213 nu_win=+0.000171 dwb_win=+0.001300
# SLIP t=250.00 e=1 psi=+2.9761 unw=-0.912 nu_win=-0.000059 dwb_win=-0.000652
# SLIP t=250.00 e=2 psi=-2.2321 unw=-3.562 nu_win=-0.000140 dwb_win=-0.000976
255.000	9740.64154	2.90278328	0	0.966771904	9743.38976087	1.867e-16	57687	8.225	1.239	9.991	0.004	0.0000	0.8443	-0.37077	0.8499	0.9935	1.64987	1.64972	0.0000	0.0000	0.0000	0.0061519	0.0091443	-0.00064943	0	0	0
# CONV t=255.00 cond=0 evap=0 rough=0 back_s=0
# LEDGER t=255.000 mode=3 sum_err=0 max|E-iEu|=1.110e-16 run_max_diff=0.000e+00 run_max_sum_err=0 steps=12750 E0_int=9743389760869566 sum=9743389760869566
# NETG t=255.00 gates min=0.1035 mean=0.2109 edges=3
# PIN t=255.00 R=-1.12133023 nv=3
# SLIP t=255.00 e=0 psi=-0.0653 unw=+6.218 nu_win=+0.000149 dwb_win=+0.000914
# SLIP t=255.00 e=1 psi=+2.9714 unw=-0.917 nu_win=-0.000148 dwb_win=-0.001139
# SLIP t=255.00 e=2 psi=-2.2370 unw=-3.567 nu_win=-0.000158 dwb_win=-0.001026
260.000	9740.64154	2.90991784	0	0.972344522	9743.38976087	0.000e+00	57687	8.240	1.254	9.994	0.004	0.0000	0.8443	-0.36944	0.8499	0.9935	1.64988	1.64972	0.0000	0.0000	0.0000	0.0016735	0.010928	0.0067857	0	0	0
# CONV t=260.00 cond=0 evap=0 rough=0 back_s=0
# LEDGER t=260.000 mode=3 sum_err=0 max|E-iEu|=1.110e-16 run_max_diff=0.000e+00 run_max_sum_err=0 steps=13000 E0_int=9743389760869566 sum=9743389760869566
# NETG t=260.00 gates min=0.1014 mean=0.2104 edges=3
# PIN t=260.00 R=-1.13403742 nv=3
# SLIP t=260.00 e=0 psi=-0.0587 unw=+6.224 nu_win=+0.000209 dwb_win=+0.000674
# SLIP t=260.00 e=1 psi=+2.9685 unw=-0.920 nu_win=-0.000093 dwb_win=-0.000729
# SLIP t=260.00 e=2 psi=-2.2418 unw=-3.572 nu_win=-0.000152 dwb_win=-0.000702
265.000	9740.64154	2.90296965	0	0.989191835	9743.38976087	1.867e-16	57687	8.245	1.263	9.968	0.004	0.0000	0.8443	-0.36735	0.8499	0.9935	1.64988	1.64972	0.0000	0.0000	0.0000	0.0029147	0.0090479	0.0040912	0	0	0
# CONV t=265.00 cond=0 evap=0 rough=0 back_s=0
# LEDGER t=265.000 mode=3 sum_err=0 max|E-iEu|=1.110e-16 run_max_diff=0.000e+00 run_max_sum_err=0 steps=13250 E0_int=9743389760869566 sum=9743389760869566
# NETG t=265.00 gates min=0.0991 mean=0.2099 edges=3
# PIN t=265.00 R=-1.14393654 nv=3
# SLIP t=265.00 e=0 psi=-0.0526 unw=+6.230 nu_win=+0.000195 dwb_win=+0.001005
# SLIP t=265.00 e=1 psi=+2.9662 unw=-0.922 nu_win=-0.000072 dwb_win=-0.000860
# SLIP t=265.00 e=2 psi=-2.2461 unw=-3.576 nu_win=-0.000136 dwb_win=-0.000932
270.000	9740.64154	2.90544557	0	1.0081425	9743.38976087	1.867e-16	57687	8.295	1.264	9.956	0.005	0.0000	0.8443	-0.36595	0.8499	0.9935	1.64988	1.64971	0.0000	0.0000	0.0000	0.0011942	0.0090076	0.010814	0	0	0
# CONV t=270.00 cond=0 evap=0 rough=0 back_s=0
# LEDGER t=270.000 mode=3 sum_err=0 max|E-iEu|=1.110e-16 run_max_diff=0.000e+00 run_max_sum_err=0 steps=13500 E0_int=9743389760869566 sum=9743389760869566
# NETG t=270.00 gates min=0.0966 mean=0.2096 edges=3
# PIN t=270.00 R=-1.16536312 nv=3
# SLIP t=270.00 e=0 psi=-0.0417 unw=+6.241 nu_win=+0.000349 dwb_win=+0.001321
# SLIP t=270.00 e=1 psi=+2.9650 unw=-0.923 nu_win=-0.000038 dwb_win=-0.000410
# SLIP t=270.00 e=2 psi=-2.2510 unw=-3.581 nu_win=-0.000158 dwb_win=-0.000865
275.000	9740.64154	2.90968563	0	1.02010763	9743.38976087	1.867e-16	57687	8.273	1.252	9.964	0.003	0.0000	0.8443	-0.36543	0.8499	0.9935	1.64988	1.64971	0.0000	0.0000	0.0000	0.0074543	0.0099691	0.0028633	0	0	0
# CONV t=275.00 cond=0 evap=0 rough=0 back_s=0
# LEDGER t=275.000 mode=3 sum_err=0 max|E-iEu|=1.110e-16 run_max_diff=0.000e+00 run_max_sum_err=0 steps=13750 E0_int=9743389760869566 sum=9743389760869566
# NETG t=275.00 gates min=0.0949 mean=0.2098 edges=3
# PIN t=275.00 R=-1.18156832 nv=3
# SLIP t=275.00 e=0 psi=-0.0335 unw=+6.250 nu_win=+0.000260 dwb_win=+0.001520
# SLIP t=275.00 e=1 psi=+2.9654 unw=-0.923 nu_win=+0.000012 dwb_win=-0.000198
# SLIP t=275.00 e=2 psi=-2.2554 unw=-3.586 nu_win=-0.000140 dwb_win=-0.000859
280.000	9740.64154	2.89963399	0	1.03519385	9743.38976087	1.867e-16	57687	8.260	1.260	9.964	0.004	0.0000	0.8443	-0.36584	0.8499	0.9935	1.64988	1.64971	0.0000	0.0000	0.0000	0.0057893	0.010481	0.0072693	0	0	0
# CONV t=280.00 cond=0 evap=0 rough=0 back_s=0
# LEDGER t=280.000 mode=3 sum_err=0 max|E-iEu|=1.110e-16 run_max_diff=0.000e+00 run_max_sum_err=0 steps=14000 E0_int=9743389760869566 sum=9743389760869566
# NETG t=280.00 gates min=0.0928 mean=0.2091 edges=3
# PIN t=280.00 R=-1.1866029 nv=3
# SLIP t=280.00 e=0 psi=-0.0282 unw=+6.255 nu_win=+0.000168 dwb_win=+0.001288
# SLIP t=280.00 e=1 psi=+2.9617 unw=-0.927 nu_win=-0.000118 dwb_win=-0.001154
# SLIP t=280.00 e=2 psi=-2.2603 unw=-3.591 nu_win=-0.000157 dwb_win=-0.001221
285.000	9740.64154	2.90949352	0	1.037735	9743.38976087	0.000e+00	57687	8.263	1.272	9.977	0.004	0.0000	0.8443	-0.36654	0.8499	0.9935	1.64988	1.64971	0.0000	0.0000	0.0000	0.0065527	0.0063163	0.0039129	0	0	0
# CONV t=285.00 cond=0 evap=0 rough=0 back_s=0
# LEDGER t=285.000 mode=3 sum_err=0 max|E-iEu|=1.110e-16 run_max_diff=0.000e+00 run_max_sum_err=0 steps=14250 E0_int=9743389760869566 sum=9743389760869566
# NETG t=285.00 gates min=0.0909 mean=0.2086 edges=3
# PIN t=285.00 R=-1.19900357 nv=3
# SLIP t=285.00 e=0 psi=-0.0218 unw=+6.261 nu_win=+0.000206 dwb_win=+0.000565
# SLIP t=285.00 e=1 psi=+2.9588 unw=-0.930 nu_win=-0.000092 dwb_win=-0.000740
# SLIP t=285.00 e=2 psi=-2.2648 unw=-3.595 nu_win=-0.000142 dwb_win=-0.000653
290.000	9740.64154	2.89496305	0	1.06118845	9743.38976087	0.000e+00	57687	8.278	1.253	9.970	0.003	0.0000	0.8443	-0.37107	0.8499	0.9935	1.64987	1.64971	0.0000	0.0000	0.0000	0.0058753	0.0059095	0.0065607	0	0	0
# CONV t=290.00 cond=0 evap=0 rough=0 back_s=0
# LEDGER t=290.000 mode=3 sum_err=0 max|E-iEu|=1.110e-16 run_max_diff=0.000e+00 run_max_sum_err=0 steps=14500 E0_int=9743389760869566 sum=9743389760869566
# NETG t=290.00 gates min=0.0889 mean=0.2080 edges=3
# PIN t=290.00 R=-1.20792656 nv=3
# SLIP t=290.00 e=0 psi=-0.0159 unw=+6.267 nu_win=+0.000187 dwb_win=+0.001227
# SLIP t=290.00 e=1 psi=+2.9563 unw=-0.932 nu_win=-0.000080 dwb_win=-0.000848
# SLIP t=290.00 e=2 psi=-2.2694 unw=-3.600 nu_win=-0.000146 dwb_win=-0.001038
295.000	9740.64154	2.90287583	0	1.06461866	9743.38976087	1.867e-16	57687	8.259	1.275	10.000	0.003	0.0000	0.8443	-0.37257	0.8499	0.9935	1.64987	1.64971	0.0000	0.0000	0.0000	0.0028274	0.012175	0.0094024	0	0	0
# CONV t=295.00 cond=0 evap=0 rough=0 back_s=0
# LEDGER t=295.000 mode=3 sum_err=0 max|E-iEu|=1.110e-16 run_max_diff=0.000e+00 run_max_sum_err=0 steps=14750 E0_int=9743389760869566 sum=9743389760869566
# NETG t=295.00 gates min=0.0867 mean=0.2072 edges=3
# PIN t=295.00 R=-1.21926954 nv=3
# SLIP t=295.00 e=0 psi=-0.0083 unw=+6.275 nu_win=+0.000241 dwb_win=+0.000974
# SLIP t=295.00 e=1 psi=+2.9525 unw=-0.936 nu_win=-0.000120 dwb_win=-0.000898
# SLIP t=295.00 e=2 psi=-2.2744 unw=-3.605 nu_win=-0.000158 dwb_win=-0.000936
300.000	9740.64154	2.87688224	0	1.11147232	9743.38976087	1.867e-16	57687	8.281	1.251	9.987	0.003	0.0000	0.8443	-0.37263	0.8499	0.9935	1.64986	1.64971	0.0000	0.0000	0.0000	0.0058278	0.0082746	0.011877	0	0	0
# CONV t=300.00 cond=0 evap=0 rough=0 back_s=0
# LEDGER t=300.000 mode=3 sum_err=0 max|E-iEu|=1.110e-16 run_max_diff=0.000e+00 run_max_sum_err=0 steps=15000 E0_int=9743389760869566 sum=9743389760869566
# NETG t=300.00 gates min=0.0851 mean=0.2070 edges=3
# PIN t=300.00 R=-1.24012961 nv=3
# SLIP t=300.00 e=0 psi=-0.0000 unw=+6.283 nu_win=+0.000264 dwb_win=+0.001677
# SLIP t=300.00 e=1 psi=+2.9536 unw=-0.935 nu_win=+0.000036 dwb_win=-0.000025
# SLIP t=300.00 e=2 psi=-2.2786 unw=-3.609 nu_win=-0.000136 dwb_win=-0.000851
305.000	9740.64154	2.88829298	0	1.11008279	9743.38976087	1.867e-16	57687	8.277	1.270	10.011	0.005	0.0000	0.8443	-0.37117	0.8499	0.9935	1.64986	1.64971	0.0000	0.0000	0.0000	0.0028005	0.012616	0.0028859	0	0	0
# CONV t=305.00 cond=0 evap=0 rough=0 back_s=0
# LEDGER t=305.000 mode=3 sum_err=0 max|E-iEu|=1.110e-16 run_max_diff=0.000e+00 run_max_sum_err=0 steps=15250 E0_int=9743389760869566 sum=9743389760869566
# NETG t=305.00 gates min=0.0826 mean=0.2065 edges=3
# PIN t=305.00 R=-1.25015083 nv=3
# SLIP t=305.00 e=0 psi=+0.0093 unw=+6.292 nu_win=+0.000298 dwb_win=+0.001510
# SLIP t=305.00 e=1 psi=+2.9505 unw=-0.938 nu_win=-0.000101 dwb_win=-0.000948
# SLIP t=305.00 e=2 psi=-2.2839 unw=-3.614 nu_win=-0.000169 dwb_win=-0.001229
310.000	9740.64154	2.9017114	0	1.10767384	9743.38976087	1.867e-16	57687	8.246	1.274	10.002	0.004	0.0000	0.8443	-0.36595	0.8499	0.9935	1.64985	1.64970	0.0000	0.0000	0.0000	0.0024974	0.0073492	0.0023289	0	0	0
# CONV t=310.00 cond=0 evap=0 rough=0 back_s=0
# LEDGER t=310.000 mode=3 sum_err=0 max|E-iEu|=1.110e-16 run_max_diff=0.000e+00 run_max_sum_err=0 steps=15500 E0_int=9743389760869566 sum=9743389760869566
# NETG t=310.00 gates min=0.0812 mean=0.2057 edges=3
# PIN t=310.00 R=-1.2611603 nv=3
# SLIP t=310.00 e=0 psi=+0.0137 unw=+6.297 nu_win=+0.000137 dwb_win=+0.000680
# SLIP t=310.00 e=1 psi=+2.9471 unw=-0.941 nu_win=-0.000108 dwb_win=-0.000724
# SLIP t=310.00 e=2 psi=-2.2885 unw=-3.619 nu_win=-0.000144 dwb_win=-0.000702
315.000	9740.64154	2.89906595	0	1.11964386	9743.38976087	1.867e-16	57687	8.283	1.276	10.029	0.004	0.0000	0.8443	-0.3626	0.8499	0.9935	1.64985	1.64970	0.0000	0.0000	0.0000	0.00089777	0.0047412	0.0080949	0	0	0
# CONV t=315.00 cond=0 evap=0 rough=0 back_s=0
# LEDGER t=315.000 mode=3 sum_err=0 max|E-iEu|=1.110e-16 run_max_diff=0.000e+00 run_max_sum_err=0 steps=15750 E0_int=9743389760869566 sum=9743389760869566
# NETG t=315.00 gates min=0.0790 mean=0.2050 edges=3
# PIN t=315.00 R=-1.27048487 nv=3
# SLIP t=315.00 e=0 psi=+0.0205 unw=+6.304 nu_win=+0.000218 dwb_win=+0.001460
# SLIP t=315.00 e=1 psi=+2.9447 unw=-0.944 nu_win=-0.000075 dwb_win=-0.001034
# SLIP t=315.00 e=2 psi=-2.2933 unw=-3.624 nu_win=-0.000154 dwb_win=-0.001247
320.000	9740.64154	2.88813319	0	1.14109956	9743.38976087	0.000e+00	57687	8.266	1.284	10.024	0.004	0.0000	0.8443	-0.36108	0.8499	0.9935	1.64984	1.64970	0.0000	0.0000	0.0000	0.00015704	0.0079702	0.0062381	0	0	0
# CONV t=320.00 cond=0 evap=0 rough=0 back_s=0
# LEDGER t=320.000 mode=3 sum_err=0 max|E-iEu|=1.110e-16 run_max_diff=0.000e+00 run_max_sum_err=0 steps=16000 E0_int=9743389760869566 sum=9743389760869566
# NETG t=320.00 gates min=0.0776 mean=0.2043 edges=3
# PIN t=320.00 R=-1.2810078 nv=3
# SLIP t=320.00 e=0 psi=+0.0244 unw=+6.307 nu_win=+0.000124 dwb_win=+0.000437
# SLIP t=320.00 e=1 psi=+2.9392 unw=-0.949 nu_win=-0.000174 dwb_win=-0.000904
# SLIP t=320.00 e=2 psi=-2.2979 unw=-3.628 nu_win=-0.000147 dwb_win=-0.000670
325.000	9740.64154	2.91269971	0	1.13106957	9743.38976087	1.867e-16	57687	8.260	1.296	10.026	0.005	0.0000	0.8443	-0.36046	0.8499	0.9935	1.64984	1.64970	0.0000	0.0000	0.0000	0.0013879	0.013158	0.0042847	0	0	0
# CONV t=325.00 cond=0 evap=0 rough=0 back_s=0
# LEDGER t=325.000 mode=3 sum_err=0 max|E-iEu|=1.110e-16 run_max_diff=0.000e+00 run_max_sum_err=0 steps=16250 E0_int=9743389760869566 sum=9743389760869566
# NETG t=325.00 gates min=0.0754 mean=0.2034 edges=3
# PIN t=325.00 R=-1.29554433 nv=3
# SLIP t=325.00 e=0 psi=+0.0331 unw=+6.316 nu_win=+0.000277 dwb_win=+0.001730
# SLIP t=325.00 e=1 psi=+2.9373 unw=-0.951 nu_win=-0.000061 dwb_win=-0.000537
# SLIP t=325.00 e=2 psi=-2.3031 unw=-3.633 nu_win=-0.000165 dwb_win=-0.001133
330.000	9740.64154	2.88104482	0	1.18492675	9743.38976087	3.734e-16	57687	8.272	1.268	9.993	0.004	0.0000	0.8443	-0.35977	0.8499	0.9935	1.64984	1.64970	0.0000	0.0000	0.0000	0.0013583	0.0059991	0.0049715	0	0	0
# CONV t=330.00 cond=0 evap=0 rough=0 back_s=0
# LEDGER t=330.000 mode=3 sum_err=0 max|E-iEu|=1.110e-16 run_max_diff=0.000e+00 run_max_sum_err=0 steps=16500 E0_int=9743389760869566 sum=9743389760869566
# NETG t=330.00 gates min=0.0738 mean=0.2029 edges=3
# PIN t=330.00 R=-1.31774663 nv=3
# SLIP t=330.00 e=0 psi=+0.0419 unw=+6.325 nu_win=+0.000279 dwb_win=+0.001363
# SLIP t=330.00 e=1 psi=+2.9364 unw=-0.952 nu_win=-0.000028 dwb_win=-0.000377
# SLIP t=330.00 e=2 psi=-2.3077 unw=-3.638 nu_win=-0.000149 dwb_win=-0.000870
335.000	9740.64154	2.89919407	0	1.17545738	9743.38976087	0.000e+00	57687	8.282	1.283	10.006	0.003	0.0000	0.8443	-0.35968	0.8499	0.9935	1.64983	1.64970	0.0000	0.0000	0.0000	0.00084948	0.0084391	0.0082451	0	0	0
# CONV t=335.00 cond=0 evap=0 rough=0 back_s=0
# LEDGER t=335.000 mode=3 sum_err=0 max|E-iEu|=1.110e-16 run_max_diff=0.000e+00 run_max_sum_err=0 steps=16750 E0_int=9743389760869566 sum=9743389760869566
# NETG t=335.00 gates min=0.0722 mean=0.2022 edges=3
# PIN t=335.00 R=-1.32642651 nv=3
# SLIP t=335.00 e=0 psi=+0.0479 unw=+6.331 nu_win=+0.000190 dwb_win=+0.001285
# SLIP t=335.00 e=1 psi=+2.9346 unw=-0.954 nu_win=-0.000058 dwb_win=-0.000674
# SLIP t=335.00 e=2 psi=-2.3120 unw=-3.642 nu_win=-0.000135 dwb_win=-0.000980
340.000	9740.64154	2.90546311	0	1.18343816	9743.38976087	0.000e+00	57687	8.281	1.299	10.023	0.005	0.0000	0.8443	-0.35949	0.8499	0.9935	1.64983	1.64970	0.0000	0.0000	0.0000	-0.00016627	0.0054782	0.0045024	0	0	0
# CONV t=340.00 cond=0 evap=0 rough=0 back_s=0
# LEDGER t=340.000 mode=3 sum_err=0 max|E-iEu|=1.110e-16 run_max_diff=0.000e+00 run_max_sum_err=0 steps=17000 E0_int=9743389760869566 sum=9743389760869566
# NETG t=340.00 gates min=0.0702 mean=0.2013 edges=3
# PIN t=340.00 R=-1.34067632 nv=3
# SLIP t=340.00 e=0 psi=+0.0547 unw=+6.338 nu_win=+0.000216 dwb_win=+0.000993
# SLIP t=340.00 e=1 psi=+2.9302 unw=-0.958 nu_win=-0.000140 dwb_win=-0.001081
# SLIP t=340.00 e=2 psi=-2.3174 unw=-3.648 nu_win=-0.000171 dwb_win=-0.001037
345.000	9740.64154	2.91064832	0	1.18419694	9743.38976087	1.867e-16	57687	8.270	1.324	10.009	0.004	0.0000	0.8443	-0.35959	0.8499	0.9935	1.64984	1.64970	0.0000	0.0000	0.0000	0.0067228	0.0086781	0.012559	0	0	0
# CONV t=345.00 cond=0 evap=0 rough=0 back_s=0
# LEDGER t=345.000 mode=3 sum_err=0 max|E-iEu|=1.110e-16 run_max_diff=0.000e+00 run_max_sum_err=0 steps=17250 E0_int=9743389760869566 sum=9743389760869566
# NETG t=345.00 gates min=0.0688 mean=0.2005 edges=3
# PIN t=345.00 R=-1.34662032 nv=3
# SLIP t=345.00 e=0 psi=+0.0594 unw=+6.342 nu_win=+0.000151 dwb_win=+0.000878
# SLIP t=345.00 e=1 psi=+2.9261 unw=-0.962 nu_win=-0.000130 dwb_win=-0.000821
# SLIP t=345.00 e=2 psi=-2.3219 unw=-3.652 nu_win=-0.000145 dwb_win=-0.000849
350.000	9740.64154	2.91705054	0	1.18652876	9743.38976087	1.867e-16	57687	8.254	1.303	10.036	0.005	0.0000	0.8443	-0.35851	0.8499	0.9935	1.64984	1.64969	0.0000	0.0000	0.0000	0.0020538	0.0086427	0.015279	0	0	0
# CONV t=350.00 cond=0 evap=0 rough=0 back_s=0
# LEDGER t=350.000 mode=3 sum_err=0 max|E-iEu|=1.110e-16 run_max_diff=0.000e+00 run_max_sum_err=0 steps=17500 E0_int=9743389760869566 sum=9743389760869566
# NETG t=350.00 gates min=0.0669 mean=0.1994 edges=3
# PIN t=350.00 R=-1.35535435 nv=3
# SLIP t=350.00 e=0 psi=+0.0660 unw=+6.349 nu_win=+0.000211 dwb_win=+0.001119
# SLIP t=350.00 e=1 psi=+2.9226 unw=-0.966 nu_win=-0.000112 dwb_win=-0.001090
# SLIP t=350.00 e=2 psi=-2.3267 unw=-3.657 nu_win=-0.000152 dwb_win=-0.001105
355.000	9740.64154	2.91584401	0	1.20769177	9743.38976087	1.867e-16	57687	8.288	1.324	10.018	0.004	0.0000	0.8443	-0.3587	0.8499	0.9935	1.64985	1.64969	0.0000	0.0000	0.0000	0.0087523	0.0085449	0.0072847	0	0	0
# CONV t=355.00 cond=0 evap=0 rough=0 back_s=0
# LEDGER t=355.000 mode=3 sum_err=0 max|E-iEu|=1.110e-16 run_max_diff=0.000e+00 run_max_sum_err=0 steps=17750 E0_int=9743389760869566 sum=9743389760869566
# NETG t=355.00 gates min=0.0653 mean=0.1986 edges=3
# PIN t=355.00 R=-1.37531084 nv=3
# SLIP t=355.00 e=0 psi=+0.0748 unw=+6.358 nu_win=+0.000278 dwb_win=+0.001374
# SLIP t=355.00 e=1 psi=+2.9206 unw=-0.968 nu_win=-0.000064 dwb_win=-0.000355
# SLIP t=355.00 e=2 psi=-2.3320 unw=-3.662 nu_win=-0.000171 dwb_win=-0.000865
360.000	9740.64154	2.91930531	0	1.2174293	9743.38976087	1.867e-16	57687	8.249	1.312	10.015	0.004	0.0000	0.8443	-0.35778	0.8499	0.9935	1.64985	1.64969	0.0000	0.0000	0.0000	0.0029809	0.014214	0.0090874	0	0	0
# CONV t=360.00 cond=0 evap=0 rough=0 back_s=0
# LEDGER t=360.000 mode=3 sum_err=0 max|E-iEu|=1.110e-16 run_max_diff=0.000e+00 run_max_sum_err=0 steps=18000 E0_int=9743389760869566 sum=9743389760869566
# NETG t=360.00 gates min=0.0638 mean=0.1979 edges=3
# PIN t=360.00 R=-1.38850966 nv=3
# SLIP t=360.00 e=0 psi=+0.0824 unw=+6.365 nu_win=+0.000242 dwb_win=+0.001668
# SLIP t=360.00 e=1 psi=+2.9197 unw=-0.969 nu_win=-0.000027 dwb_win=-0.000382
# SLIP t=360.00 e=2 psi=-2.3367 unw=-3.667 nu_win=-0.000147 dwb_win=-0.001025
365.000	9740.64154	2.90070037	0	1.24854188	9743.38976087	0.000e+00	57687	8.303	1.302	10.012	0.006	0.0000	0.8443	-0.35786	0.8499	0.9935	1.64986	1.64969	0.0000	0.0000	0.0000	0.0037527	0.007243	0.0052486	0	0	0
# CONV t=365.00 cond=0 evap=0 rough=0 back_s=0
# LEDGER t=365.000 mode=3 sum_err=0 max|E-iEu|=1.110e-16 run_max_diff=0.000e+00 run_max_sum_err=0 steps=18250 E0_int=9743389760869566 sum=9743389760869566
# NETG t=365.00 gates min=0.0620 mean=0.1969 edges=3
# PIN t=365.00 R=-1.4010173 nv=3
# SLIP t=365.00 e=0 psi=+0.0903 unw=+6.373 nu_win=+0.000253 dwb_win=+0.001122
# SLIP t=365.00 e=1 psi=+2.9160 unw=-0.972 nu_win=-0.000119 dwb_win=-0.001002
# SLIP t=365.00 e=2 psi=-2.3422 unw=-3.672 nu_win=-0.000177 dwb_win=-0.001062
370.000	9740.64154	2.90498172	0	1.25149825	9743.38976087	1.867e-16	57687	8.282	1.323	10.009	0.005	0.0000	0.8443	-0.35727	0.8499	0.9935	1.64987	1.64969	0.0000	0.0000	0.0000	-0.0019597	0.0061557	0.0047508	0	0	0
# CONV t=370.00 cond=0 evap=0 rough=0 back_s=0
# LEDGER t=370.000 mode=3 sum_err=0 max|E-iEu|=1.110e-16 run_max_diff=0.000e+00 run_max_sum_err=0 steps=18500 E0_int=9743389760869566 sum=9743389760869566
# NETG t=370.00 gates min=0.0606 mean=0.1960 edges=3
# PIN t=370.00 R=-1.40825503 nv=3
# SLIP t=370.00 e=0 psi=+0.0954 unw=+6.379 nu_win=+0.000164 dwb_win=+0.000776
# SLIP t=370.00 e=1 psi=+2.9126 unw=-0.976 nu_win=-0.000107 dwb_win=-0.000837
# SLIP t=370.00 e=2 psi=-2.3464 unw=-3.677 nu_win=-0.000134 dwb_win=-0.000807
375.000	9740.64154	2.91007261	0	1.25696129	9743.38976087	1.867e-16	57686	8.279	1.341	10.046	0.006	0.0000	0.8443	-0.3567	0.8499	0.9935	1.64987	1.64969	0.0000	0.0000	0.0000	-0.00012036	0.013235	0.0064495	0	0	0
# CONV t=375.00 cond=0 evap=0 rough=0 back_s=0
# LEDGER t=375.000 mode=3 sum_err=0 max|E-iEu|=1.110e-16 run_max_diff=0.000e+00 run_max_sum_err=0 steps=18750 E0_int=9743389760869566 sum=9743389760869566
# NETG t=375.00 gates min=0.0588 mean=0.1948 edges=3
# PIN t=375.00 R=-1.41880895 nv=3
# SLIP t=375.00 e=0 psi=+0.1009 unw=+6.384 nu_win=+0.000175 dwb_win=+0.000895
# SLIP t=375.00 e=1 psi=+2.9070 unw=-0.981 nu_win=-0.000178 dwb_win=-0.001335
# SLIP t=375.00 e=2 psi=-2.3524 unw=-3.683 nu_win=-0.000190 dwb_win=-0.001115
380.000	9740.64154	2.92932302	0	1.24817384	9743.38976087	0.000e+00	57686	8.261	1.363	10.022	0.005	0.0000	0.8443	-0.3562	0.8499	0.9935	1.64988	1.64969	0.0000	0.0000	0.0000	0.0027311	0.010703	-0.0014575	0	0	0
# CONV t=380.00 cond=0 evap=0 rough=0 back_s=0
# LEDGER t=380.000 mode=3 sum_err=0 max|E-iEu|=1.110e-16 run_max_diff=0.000e+00 run_max_sum_err=0 steps=19000 E0_int=9743389760869566 sum=9743389760869566
# NETG t=380.00 gates min=0.0573 mean=0.1937 edges=3
# PIN t=380.00 R=-1.42927191 nv=3
# SLIP t=380.00 e=0 psi=+0.1084 unw=+6.392 nu_win=+0.000239 dwb_win=+0.001120
# SLIP t=380.00 e=1 psi=+2.9039 unw=-0.985 nu_win=-0.000099 dwb_win=-0.000650
# SLIP t=380.00 e=2 psi=-2.3574 unw=-3.688 nu_win=-0.000159 dwb_win=-0.000885
385.000	9740.64154	2.9343891	0	1.26117734	9743.38976087	0.000e+00	57686	8.246	1.356	10.064	0.005	0.0000	0.8443	-0.35461	0.8499	0.9935	1.64988	1.64968	0.0000	0.0000	0.0000	0.0010662	0.011039	0.005947	0	0	0
# CONV t=385.00 cond=0 evap=0 rough=0 back_s=0
# LEDGER t=385.000 mode=3 sum_err=0 max|E-iEu|=1.110e-16 run_max_diff=0.000e+00 run_max_sum_err=0 steps=19250 E0_int=9743389760869566 sum=9743389760869566
# NETG t=385.00 gates min=0.0557 mean=0.1927 edges=3
# PIN t=385.00 R=-1.44734149 nv=3
# SLIP t=385.00 e=0 psi=+0.1176 unw=+6.401 nu_win=+0.000292 dwb_win=+0.001564
# SLIP t=385.00 e=1 psi=+2.9035 unw=-0.985 nu_win=-0.000015 dwb_win=-0.000380
# SLIP t=385.00 e=2 psi=-2.3626 unw=-3.693 nu_win=-0.000164 dwb_win=-0.000972
390.000	9740.64154	2.92842697	0	1.28051015	9743.38976087	0.000e+00	57686	8.231	1.360	10.061	0.005	0.0000	0.8443	-0.35394	0.8499	0.9935	1.64988	1.64968	0.0000	0.0000	0.0000	-0.0010343	0.01586	-0.0031927	0	0	0
# CONV t=390.00 cond=0 evap=0 rough=0 back_s=0
# LEDGER t=390.000 mode=3 sum_err=0 max|E-iEu|=1.110e-16 run_max_diff=0.000e+00 run_max_sum_err=0 steps=19500 E0_int=9743389760869566 sum=9743389760869566
# NETG t=390.00 gates min=0.0541 mean=0.1915 edges=3
# PIN t=390.00 R=-1.46071218 nv=3
# SLIP t=390.00 e=0 psi=+0.1272 unw=+6.410 nu_win=+0.000306 dwb_win=+0.001480
# SLIP t=390.00 e=1 psi=+2.9008 unw=-0.988 nu_win=-0.000084 dwb_win=-0.000638
# SLIP t=390.00 e=2 psi=-2.3684 unw=-3.699 nu_win=-0.000186 dwb_win=-0.001059
395.000	9740.64154	2.91643451	0	1.30291621	9743.38976087	1.867e-16	57686	8.226	1.340	10.035	0.005	0.0000	0.8443	-0.35291	0.8499	0.9935	1.64988	1.64968	0.0000	0.0000	0.0000	-0.0032763	0.0047731	-0.00016938	0	0	0
# CONV t=395.00 cond=0 evap=0 rough=0 back_s=0
# LEDGER t=395.000 mode=3 sum_err=0 max|E-iEu|=1.110e-16 run_max_diff=0.000e+00 run_max_sum_err=0 steps=19750 E0_int=9743389760869566 sum=9743389760869566
# NETG t=395.00 gates min=0.0528 mean=0.1905 edges=3
# PIN t=395.00 R=-1.47112578 nv=3
# SLIP t=395.00 e=0 psi=+0.1319 unw=+6.415 nu_win=+0.000150 dwb_win=+0.000654
# SLIP t=395.00 e=1 psi=+2.8972 unw=-0.991 nu_win=-0.000116 dwb_win=-0.000892
# SLIP t=395.00 e=2 psi=-2.3726 unw=-3.703 nu_win=-0.000133 dwb_win=-0.000773
400.000	9740.64154	2.92196591	0	1.30457737	9743.38976087	1.867e-16	57686	8.244	1.387	10.010	0.007	0.0000	0.8443	-0.3529	0.8499	0.9935	1.64989	1.64968	0.0000	0.0000	0.0000	-0.0024214	0.012334	0.0057418	0	0	0
# CONV t=400.00 cond=0 evap=0 rough=0 back_s=0
# LEDGER t=400.000 mode=3 sum_err=0 max|E-iEu|=1.110e-16 run_max_diff=0.000e+00 run_max_sum_err=0 steps=20000 E0_int=9743389760869566 sum=9743389760869566
# NETG t=400.00 gates min=0.0511 mean=0.1892 edges=3
# PIN t=400.00 R=-1.47831834 nv=3
# SLIP t=400.00 e=0 psi=+0.1391 unw=+6.422 nu_win=+0.000230 dwb_win=+0.001224
# SLIP t=400.00 e=1 psi=+2.8915 unw=-0.997 nu_win=-0.000179 dwb_win=-0.001217
# SLIP t=400.00 e=2 psi=-2.3789 unw=-3.709 nu_win=-0.000202 dwb_win=-0.001221
405.000	9740.64154	2.91673743	0	1.32312654	9743.38976087	0.000e+00	57686	8.220	1.366	10.036	0.005	0.0000	0.8443	-0.35289	0.8499	0.9935	1.64989	1.64968	0.0000	0.0000	0.0000	0.0068848	0.0080359	0.0084793	0	0	0
# CONV t=405.00 cond=0 evap=0 rough=0 back_s=0
# LEDGER t=405.000 mode=3 sum_err=0 max|E-iEu|=1.110e-16 run_max_diff=0.000e+00 run_max_sum_err=0 steps=20250 E0_int=9743389760869566 sum=9743389760869566
# NETG t=405.00 gates min=0.0494 mean=0.1876 edges=3
# PIN t=405.00 R=-1.49163902 nv=3
# SLIP t=405.00 e=0 psi=+0.1488 unw=+6.432 nu_win=+0.000307 dwb_win=+0.000885
# SLIP t=405.00 e=1 psi=+2.8889 unw=-1.000 nu_win=-0.000085 dwb_win=-0.000613
# SLIP t=405.00 e=2 psi=-2.3835 unw=-3.714 nu_win=-0.000144 dwb_win=-0.000749
410.000	9740.64154	2.94026588	0	1.31520952	9743.38976087	1.867e-16	57686	8.233	1.396	10.044	0.006	0.0000	0.8443	-0.35396	0.8499	0.9935	1.64989	1.64968	0.0000	0.0000	0.0000	0.0033701	0.01075	0.0068257	0	0	0
# CONV t=410.00 cond=0 evap=0 rough=0 back_s=0
# LEDGER t=410.000 mode=3 sum_err=0 max|E-iEu|=1.110e-16 run_max_diff=0.000e+00 run_max_sum_err=0 steps=20500 E0_int=9743389760869566 sum=9743389760869566
# NETG t=410.00 gates min=0.0485 mean=0.1869 edges=3
# PIN t=410.00 R=-1.50725046 nv=3
# SLIP t=410.00 e=0 psi=+0.1538 unw=+6.437 nu_win=+0.000158 dwb_win=+0.001569
# SLIP t=410.00 e=1 psi=+2.8867 unw=-1.002 nu_win=-0.000068 dwb_win=-0.000776
# SLIP t=410.00 e=2 psi=-2.3888 unw=-3.719 nu_win=-0.000169 dwb_win=-0.001173
415.000	9740.64154	2.94738047	0	1.32154043	9743.38976087	1.867e-16	57686	8.215	1.393	10.068	0.005	0.0000	0.8443	-0.35464	0.8499	0.9935	1.64990	1.64968	0.0000	0.0000	0.0000	-0.003494	0.012869	0.005919	0	0	0
# CONV t=415.00 cond=0 evap=0 rough=0 back_s=0
# LEDGER t=415.000 mode=3 sum_err=0 max|E-iEu|=1.110e-16 run_max_diff=0.000e+00 run_max_sum_err=0 steps=20750 E0_int=9743389760869566 sum=9743389760869566
# NETG t=415.00 gates min=0.0472 mean=0.1857 edges=3
# PIN t=415.00 R=-1.52069595 nv=3
# SLIP t=415.00 e=0 psi=+0.1615 unw=+6.445 nu_win=+0.000246 dwb_win=+0.001159
# SLIP t=415.00 e=1 psi=+2.8847 unw=-1.004 nu_win=-0.000065 dwb_win=-0.000478
# SLIP t=415.00 e=2 psi=-2.3936 unw=-3.724 nu_win=-0.000153 dwb_win=-0.000818
420.000	9740.64154	2.9469957	0	1.33972561	9743.38976087	1.867e-16	57686	8.233	1.382	10.054	0.005	0.0000	0.8443	-0.35616	0.8499	0.9935	1.64989	1.64968	0.0000	0.0000	0.0000	-0.0017001	0.011086	0.0077177	0	0	0
# CONV t=420.00 cond=0 evap=0 rough=0 back_s=0
# LEDGER t=420.000 mode=3 sum_err=0 max|E-iEu|=1.110e-16 run_max_diff=0.000e+00 run_max_sum_err=0 steps=21000 E0_int=9743389760869566 sum=9743389760869566
# NETG t=420.00 gates min=0.0460 mean=0.1847 edges=3
# PIN t=420.00 R=-1.53849637 nv=3
# SLIP t=420.00 e=0 psi=+0.1670 unw=+6.450 nu_win=+0.000176 dwb_win=+0.000822
# SLIP t=420.00 e=1 psi=+2.8829 unw=-1.006 nu_win=-0.000058 dwb_win=-0.000807
# SLIP t=420.00 e=2 psi=-2.3975 unw=-3.728 nu_win=-0.000124 dwb_win=-0.000815
425.000	9740.64154	2.95315465	0	1.34625044	9743.38976087	1.867e-16	57686	8.237	1.431	10.030	0.006	0.0000	0.8443	-0.35729	0.8499	0.9935	1.64990	1.64967	0.0000	0.0000	0.0000	0.00066074	0.0083687	0.0047064	0	0	0
# CONV t=425.00 cond=0 evap=0 rough=0 back_s=0
# LEDGER t=425.000 mode=3 sum_err=0 max|E-iEu|=1.110e-16 run_max_diff=0.000e+00 run_max_sum_err=0 steps=21250 E0_int=9743389760869566 sum=9743389760869566
# NETG t=425.00 gates min=0.0448 mean=0.1835 edges=3
# PIN t=425.00 R=-1.55118015 nv=3
# SLIP t=425.00 e=0 psi=+0.1731 unw=+6.456 nu_win=+0.000193 dwb_win=+0.000546
# SLIP t=425.00 e=1 psi=+2.8779 unw=-1.011 nu_win=-0.000157 dwb_win=-0.001110
# SLIP t=425.00 e=2 psi=-2.4028 unw=-3.733 nu_win=-0.000170 dwb_win=-0.000828
430.000	9740.64154	2.93560951	0	1.38193032	9743.38976087	1.867e-16	57686	8.219	1.376	10.076	0.005	0.0000	0.8443	-0.35834	0.8499	0.9935	1.64990	1.64967	0.0000	0.0000	0.0000	0.0073256	0.012429	0.003274	0	0	0
# CONV t=430.00 cond=0 evap=0 rough=0 back_s=0
# LEDGER t=430.000 mode=3 sum_err=0 max|E-iEu|=1.110e-16 run_max_diff=0.000e+00 run_max_sum_err=0 steps=21500 E0_int=9743389760869566 sum=9743389760869566
# NETG t=430.00 gates min=0.0437 mean=0.1822 edges=3
# PIN t=430.00 R=-1.56931489 nv=3
# SLIP t=430.00 e=0 psi=+0.1792 unw=+6.462 nu_win=+0.000194 dwb_win=+0.000824
# SLIP t=430.00 e=1 psi=+2.8739 unw=-1.015 nu_win=-0.000128 dwb_win=-0.000742
# SLIP t=430.00 e=2 psi=-2.4071 unw=-3.737 nu_win=-0.000139 dwb_win=-0.000783
435.000	9740.64154	2.94033676	0	1.3947065	9743.38976087	1.867e-16	57686	8.215	1.414	10.014	0.005	0.0000	0.8443	-0.35937	0.8499	0.9935	1.64990	1.64967	0.0000	0.0000	0.0000	0.0019082	0.017037	0.0028714	0	0	0
# CONV t=435.00 cond=0 evap=0 rough=0 back_s=0
# LEDGER t=435.000 mode=3 sum_err=0 max|E-iEu|=1.110e-16 run_max_diff=0.000e+00 run_max_sum_err=0 steps=21750 E0_int=9743389760869566 sum=9743389760869566
# NETG t=435.00 gates min=0.0424 mean=0.1810 edges=3
# PIN t=435.00 R=-1.58681832 nv=3
# SLIP t=435.00 e=0 psi=+0.1883 unw=+6.471 nu_win=+0.000290 dwb_win=+0.001487
# SLIP t=435.00 e=1 psi=+2.8727 unw=-1.016 nu_win=-0.000039 dwb_win=-0.000716
# SLIP t=435.00 e=2 psi=-2.4123 unw=-3.743 nu_win=-0.000164 dwb_win=-0.001102
440.000	9740.64154	2.9506836	0	1.39716674	9743.38976087	1.867e-16	57686	8.210	1.423	10.042	0.005	0.0000	0.8443	-0.35987	0.8499	0.9935	1.64990	1.64967	0.0000	0.0000	0.0000	0.0073472	0.014248	0.0029117	0	0	0
# CONV t=440.00 cond=0 evap=0 rough=0 back_s=0
# LEDGER t=440.000 mode=3 sum_err=0 max|E-iEu|=1.110e-16 run_max_diff=0.000e+00 run_max_sum_err=0 steps=22000 E0_int=9743389760869566 sum=9743389760869566
# NETG t=440.00 gates min=0.0414 mean=0.1799 edges=3
# PIN t=440.00 R=-1.59962539 nv=3
# SLIP t=440.00 e=0 psi=+0.1925 unw=+6.476 nu_win=+0.000135 dwb_win=+0.000536
# SLIP t=440.00 e=1 psi=+2.8678 unw=-1.021 nu_win=-0.000156 dwb_win=-0.001052
# SLIP t=440.00 e=2 psi=-2.4165 unw=-3.747 nu_win=-0.000132 dwb_win=-0.000794
445.000	9740.64154	2.95097515	0	1.41239356	9743.38976087	3.734e-16	57686	8.220	1.424	10.038	0.004	0.0000	0.8443	-0.36067	0.8499	0.9935	1.64991	1.64967	0.0000	0.0000	0.0000	0.0056976	0.01233	-0.00061133	0	0	0
# CONV t=445.00 cond=0 evap=0 rough=0 back_s=0
# LEDGER t=445.000 mode=3 sum_err=0 max|E-iEu|=1.110e-16 run_max_diff=0.000e+00 run_max_sum_err=0 steps=22250 E0_int=9743389760869566 sum=9743389760869566
# NETG t=445.00 gates min=0.0407 mean=0.1791 edges=3
# PIN t=445.00 R=-1.61514377 nv=3
# SLIP t=445.00 e=0 psi=+0.1951 unw=+6.478 nu_win=+0.000082 dwb_win=+0.000713
# SLIP t=445.00 e=1 psi=+2.8653 unw=-1.023 nu_win=-0.000078 dwb_win=-0.000808
# SLIP t=445.00 e=2 psi=-2.4204 unw=-3.751 nu_win=-0.000125 dwb_win=-0.000760
450.000	9740.64154	2.95257206	0	1.43075966	9743.38976087	0.000e+00	57686	8.236	1.399	10.018	0.004	0.0000	0.8443	-0.36134	0.8499	0.9935	1.64991	1.64967	0.0000	0.0000	0.0000	0.0070318	0.015029	-5.1542e-05	0	0	0
# CONV t=450.00 cond=0 evap=0 rough=0 back_s=0
# LEDGER t=450.000 mode=3 sum_err=0 max|E-iEu|=1.110e-16 run_max_diff=0.000e+00 run_max_sum_err=0 steps=22500 E0_int=9743389760869566 sum=9743389760869566
# NETG t=450.00 gates min=0.0395 mean=0.1777 edges=3
# PIN t=450.00 R=-1.63510679 nv=3
# SLIP t=450.00 e=0 psi=+0.2032 unw=+6.486 nu_win=+0.000257 dwb_win=+0.000809
# SLIP t=450.00 e=1 psi=+2.8623 unw=-1.026 nu_win=-0.000094 dwb_win=-0.000926
# SLIP t=450.00 e=2 psi=-2.4253 unw=-3.756 nu_win=-0.000157 dwb_win=-0.000867
455.000	9740.64154	2.95286091	0	1.44518873	9743.38976087	1.867e-16	57686	8.198	1.410	10.061	0.004	0.0000	0.8443	-0.36155	0.8499	0.9935	1.64991	1.64967	0.0000	0.0000	0.0000	0.0041323	0.017508	0.0034587	0	0	0
# CONV t=455.00 cond=0 evap=0 rough=0 back_s=0
# LEDGER t=455.000 mode=3 sum_err=0 max|E-iEu|=1.110e-16 run_max_diff=0.000e+00 run_max_sum_err=0 steps=22750 E0_int=9743389760869566 sum=9743389760869566
# NETG t=455.00 gates min=0.0388 mean=0.1769 edges=3
# PIN t=455.00 R=-1.6498247 nv=3
# SLIP t=455.00 e=0 psi=+0.2059 unw=+6.489 nu_win=+0.000087 dwb_win=+0.000536
# SLIP t=455.00 e=1 psi=+2.8590 unw=-1.029 nu_win=-0.000105 dwb_win=-0.000691
# SLIP t=455.00 e=2 psi=-2.4288 unw=-3.759 nu_win=-0.000112 dwb_win=-0.000613
460.000	9740.64154	2.95949863	0	1.45787571	9743.38976087	0.000e+00	57686	8.211	1.418	10.009	0.004	0.0000	0.8443	-0.36187	0.8499	0.9935	1.64990	1.64966	0.0000	0.0000	0.0000	0.0057778	0.013725	-0.00094727	0	0	0
# CONV t=460.00 cond=0 evap=0 rough=0 back_s=0
# LEDGER t=460.000 mode=3 sum_err=0 max|E-iEu|=1.110e-16 run_max_diff=0.000e+00 run_max_sum_err=0 steps=23000 E0_int=9743389760869566 sum=9743389760869566
# NETG t=460.00 gates min=0.0371 mean=0.1749 edges=3
# PIN t=460.00 R=-1.66914939 nv=3
# SLIP t=460.00 e=0 psi=+0.2190 unw=+6.502 nu_win=+0.000415 dwb_win=+0.001371
# SLIP t=460.00 e=1 psi=+2.8567 unw=-1.032 nu_win=-0.000075 dwb_win=-0.000861
# SLIP t=460.00 e=2 psi=-2.4343 unw=-3.765 nu_win=-0.000175 dwb_win=-0.001116
465.000	9740.64154	2.96483593	0	1.46204344	9743.38976087	0.000e+00	57686	8.222	1.407	9.997	0.004	0.0000	0.8443	-0.36137	0.8499	0.9935	1.64991	1.64966	0.0000	0.0000	0.0000	0.004687	0.0089434	0.0013754	0	0	0
# CONV t=465.00 cond=0 evap=0 rough=0 back_s=0
# LEDGER t=465.000 mode=3 sum_err=0 max|E-iEu|=1.110e-16 run_max_diff=0.000e+00 run_max_sum_err=0 steps=23250 E0_int=9743389760869566 sum=9743389760869566
# NETG t=465.00 gates min=0.0368 mean=0.1746 edges=3
# PIN t=465.00 R=-1.67865443 nv=3
# SLIP t=465.00 e=0 psi=+0.2186 unw=+6.502 nu_win=-0.000011 dwb_win=+0.000632
# SLIP t=465.00 e=1 psi=+2.8526 unw=-1.036 nu_win=-0.000128 dwb_win=-0.000831
# SLIP t=465.00 e=2 psi=-2.4380 unw=-3.768 nu_win=-0.000118 dwb_win=-0.000732
470.000	9740.64154	2.95856702	0	1.48084297	9743.38976087	1.867e-16	57686	8.194	1.431	10.034	0.003	0.0000	0.8443	-0.36208	0.8499	0.9935	1.64990	1.64966	0.0000	0.0000	0.0000	0.0055236	0.0064559	0.00023336	0	0	0
# CONV t=470.00 cond=0 evap=0 rough=0 back_s=0
# LEDGER t=470.000 mode=3 sum_err=0 max|E-iEu|=1.110e-16 run_max_diff=0.000e+00 run_max_sum_err=0 steps=23500 E0_int=9743389760869566 sum=9743389760869566
# NETG t=470.00 gates min=0.0358 mean=0.1734 edges=3
# PIN t=470.00 R=-1.69118504 nv=3
# SLIP t=470.00 e=0 psi=+0.2239 unw=+6.507 nu_win=+0.000168 dwb_win=+0.000822
# SLIP t=470.00 e=1 psi=+2.8495 unw=-1.039 nu_win=-0.000101 dwb_win=-0.001014
# SLIP t=470.00 e=2 psi=-2.4425 unw=-3.773 nu_win=-0.000142 dwb_win=-0.000918
475.000	9740.64154	2.963063	0	1.48974066	9743.38976087	0.000e+00	57686	8.222	1.437	10.013	0.004	0.0000	0.8443	-0.3631	0.8499	0.9935	1.64990	1.64966	0.0000	0.0000	0.0000	0.00096605	0.010109	-0.00067021	0	0	0
# CONV t=475.00 cond=0 evap=0 rough=0 back_s=0
# LEDGER t=475.000 mode=3 sum_err=0 max|E-iEu|=1.110e-16 run_max_diff=0.000e+00 run_max_sum_err=0 steps=23750 E0_int=9743389760869566 sum=9743389760869566
# NETG t=475.00 gates min=0.0349 mean=0.1722 edges=3
# PIN t=475.00 R=-1.70457872 nv=3
# SLIP t=475.00 e=0 psi=+0.2290 unw=+6.512 nu_win=+0.000163 dwb_win=+0.000540
# SLIP t=475.00 e=1 psi=+2.8444 unw=-1.044 nu_win=-0.000161 dwb_win=-0.000968
# SLIP t=475.00 e=2 psi=-2.4476 unw=-3.778 nu_win=-0.000162 dwb_win=-0.000754
480.000	9740.64154	2.96863425	0	1.50494234	9743.38976087	1.867e-16	57686	8.247	1.453	10.008	0.004	0.0000	0.8443	-0.36443	0.8499	0.9935	1.64990	1.64966	0.0000	0.0000	0.0000	0.0025658	0.014479	-0.0015496	0	0	0
# CONV t=480.00 cond=0 evap=0 rough=0 back_s=0
# LEDGER t=480.000 mode=3 sum_err=0 max|E-iEu|=1.110e-16 run_max_diff=0.000e+00 run_max_sum_err=0 steps=24000 E0_int=9743389760869566 sum=9743389760869566
# NETG t=480.00 gates min=0.0340 mean=0.1710 edges=3
# PIN t=480.00 R=-1.72535165 nv=3
# SLIP t=480.00 e=0 psi=+0.2358 unw=+6.519 nu_win=+0.000216 dwb_win=+0.000915
# SLIP t=480.00 e=1 psi=+2.8433 unw=-1.045 nu_win=-0.000037 dwb_win=-0.000404
# SLIP t=480.00 e=2 psi=-2.4512 unw=-3.781 nu_win=-0.000116 dwb_win=-0.000659
485.000	9740.64154	2.99187999	0	1.50234148	9743.38976087	1.867e-16	57686	8.220	1.429	10.015	0.002	0.0000	0.8443	-0.36658	0.8499	0.9935	1.64990	1.64966	0.0000	0.0000	0.0000	0.00038619	0.014444	-0.00047661	0	0	0
# CONV t=485.00 cond=0 evap=0 rough=0 back_s=0
# LEDGER t=485.000 mode=3 sum_err=0 max|E-iEu|=1.110e-16 run_max_diff=0.000e+00 run_max_sum_err=0 steps=24250 E0_int=9743389760869566 sum=9743389760869566
# NETG t=485.00 gates min=0.0330 mean=0.1694 edges=3
# PIN t=485.00 R=-1.74599652 nv=3
# SLIP t=485.00 e=0 psi=+0.2451 unw=+6.528 nu_win=+0.000296 dwb_win=+0.001467
# SLIP t=485.00 e=1 psi=+2.8412 unw=-1.047 nu_win=-0.000065 dwb_win=-0.000584
# SLIP t=485.00 e=2 psi=-2.4568 unw=-3.787 nu_win=-0.000177 dwb_win=-0.001026
490.000	9740.64154	2.98825325	0	1.51581721	9743.38976087	1.867e-16	57686	8.225	1.449	10.008	0.003	0.0000	0.8443	-0.36784	0.8499	0.9935	1.64991	1.64966	0.0000	0.0000	0.0000	0.0015174	0.010629	0.0019706	0	0	0
# CONV t=490.00 cond=0 evap=0 rough=0 back_s=0
# LEDGER t=490.000 mode=3 sum_err=0 max|E-iEu|=1.110e-16 run_max_diff=0.000e+00 run_max_sum_err=0 steps=24500 E0_int=9743389760869566 sum=9743389760869566
# NETG t=490.00 gates min=0.0322 mean=0.1683 edges=3
# PIN t=490.00 R=-1.75584551 nv=3
# SLIP t=490.00 e=0 psi=+0.2503 unw=+6.533 nu_win=+0.000165 dwb_win=+0.000653
# SLIP t=490.00 e=1 psi=+2.8378 unw=-1.051 nu_win=-0.000108 dwb_win=-0.000800
# SLIP t=490.00 e=2 psi=-2.4603 unw=-3.791 nu_win=-0.000113 dwb_win=-0.000726
495.000	9740.64154	2.95206979	0	1.5666425	9743.38976087	1.867e-16	57686	8.230	1.412	9.990	0.003	0.0000	0.8443	-0.36854	0.8499	0.9935	1.64991	1.64966	0.0000	0.0000	0.0000	0.0035887	0.013738	0.0023557	0	0	0
# CONV t=495.00 cond=0 evap=0 rough=0 back_s=0
# LEDGER t=495.000 mode=3 sum_err=0 max|E-iEu|=1.110e-16 run_max_diff=0.000e+00 run_max_sum_err=0 steps=24750 E0_int=9743389760869566 sum=9743389760869566
# NETG t=495.00 gates min=0.0314 mean=0.1673 edges=3
# PIN t=495.00 R=-1.77048735 nv=3
# SLIP t=495.00 e=0 psi=+0.2539 unw=+6.537 nu_win=+0.000114 dwb_win=+0.000887
# SLIP t=495.00 e=1 psi=+2.8337 unw=-1.055 nu_win=-0.000131 dwb_win=-0.001175
# SLIP t=495.00 e=2 psi=-2.4653 unw=-3.795 nu_win=-0.000158 dwb_win=-0.001031
500.000	9740.64154	2.97902857	0	1.55132111	9743.38976087	1.867e-16	57687	8.186	1.454	10.033	0.004	0.0000	0.8443	-0.36994	0.8499	0.9935	1.64991	1.64966	0.0000	0.0000	0.0000	0.0055293	0.014467	0.00047614	0	0	0
# CONV t=500.00 cond=0 evap=0 rough=0 back_s=0
# LEDGER t=500.000 mode=3 sum_err=0 max|E-iEu|=1.110e-16 run_max_diff=0.000e+00 run_max_sum_err=0 steps=25000 E0_int=9743389760869566 sum=9743389760869566
# NETG t=500.00 gates min=0.0306 mean=0.1662 edges=3
# PIN t=500.00 R=-1.78212474 nv=3
# SLIP t=500.00 e=0 psi=+0.2581 unw=+6.541 nu_win=+0.000135 dwb_win=+0.000398
# SLIP t=500.00 e=1 psi=+2.8289 unw=-1.060 nu_win=-0.000154 dwb_win=-0.000903
# SLIP t=500.00 e=2 psi=-2.4699 unw=-3.800 nu_win=-0.000148 dwb_win=-0.000651
505.000	9740.64154	2.95282165	0	1.59660641	9743.38976087	1.867e-16	57687	8.274	1.431	10.001	0.003	0.0000	0.8443	-0.36716	0.8499	0.9935	1.64991	1.64965	0.0000	0.0000	0.0000	0.017008	0.01377	0.0019966	0	0	0
# CONV t=505.00 cond=0 evap=0 rough=0 back_s=0
# LEDGER t=505.000 mode=3 sum_err=0 max|E-iEu|=1.110e-16 run_max_diff=0.000e+00 run_max_sum_err=0 steps=25250 E0_int=9743389760869566 sum=9743389760869566
# NETG t=505.00 gates min=0.0298 mean=0.1649 edges=3
# PIN t=505.00 R=-1.80120311 nv=3
# SLIP t=505.00 e=0 psi=+0.2629 unw=+6.546 nu_win=+0.000154 dwb_win=+0.000667
# SLIP t=505.00 e=1 psi=+2.8266 unw=-1.062 nu_win=-0.000074 dwb_win=-0.000746
# SLIP t=505.00 e=2 psi=-2.4731 unw=-3.803 nu_win=-0.000102 dwb_win=-0.000707
510.000	9740.64154	2.94096146	0	1.6313945	9743.38976087	1.867e-16	57687	8.244	1.439	10.029	0.004	0.0000	0.8443	-0.36308	0.8499	0.9935	1.64991	1.64965	0.0000	0.0000	0.0000	-1.1989e-05	0.017521	0.0021849	0	0	0
# CONV t=510.00 cond=0 evap=0 rough=0 back_s=0
# LEDGER t=510.000 mode=3 sum_err=0 max|E-iEu|=1.110e-16 run_max_diff=0.000e+00 run_max_sum_err=0 steps=25500 E0_int=9743389760869566 sum=9743389760869566
# NETG t=510.00 gates min=0.0287 mean=0.1627 edges=3
# PIN t=510.00 R=-1.82413102 nv=3
# SLIP t=510.00 e=0 psi=+0.2765 unw=+6.560 nu_win=+0.000433 dwb_win=+0.001641
# SLIP t=510.00 e=1 psi=+2.8254 unw=-1.063 nu_win=-0.000038 dwb_win=-0.000391
# SLIP t=510.00 e=2 psi=-2.4784 unw=-3.809 nu_win=-0.000167 dwb_win=-0.001016
515.000	9740.64154	2.960534	0	1.62396394	9743.38976087	1.867e-16	57687	8.280	1.420	10.005	0.002	0.0000	0.8443	-0.36022	0.8499	0.9935	1.64991	1.64965	0.0000	0.0000	0.0000	0.0043267	0.013278	-0.0038342	0	0	0
# CONV t=515.00 cond=0 evap=0 rough=0 back_s=0
# LEDGER t=515.000 mode=3 sum_err=0 max|E-iEu|=1.110e-16 run_max_diff=0.000e+00 run_max_sum_err=0 steps=25750 E0_int=9743389760869566 sum=9743389760869566
# NETG t=515.00 gates min=0.0283 mean=0.1623 edges=3
# PIN t=515.00 R=-1.836273 nv=3
# SLIP t=515.00 e=0 psi=+0.2773 unw=+6.560 nu_win=+0.000023 dwb_win=+0.000742
# SLIP t=515.00 e=1 psi=+2.8219 unw=-1.067 nu_win=-0.000110 dwb_win=-0.000737
# SLIP t=515.00 e=2 psi=-2.4820 unw=-3.812 nu_win=-0.000115 dwb_win=-0.000739
520.000	9740.64154	2.98387254	0	1.61418948	9743.38976087	1.867e-16	57687	8.206	1.472	10.029	0.003	0.0000	0.8443	-0.35943	0.8499	0.9935	1.64991	1.64965	0.0000	0.0000	0.0000	0.00088412	0.0077791	0.00016233	0	0	0
# CONV t=520.00 cond=0 evap=0 rough=0 back_s=0
# LEDGER t=520.000 mode=3 sum_err=0 max|E-iEu|=1.110e-16 run_max_diff=0.000e+00 run_max_sum_err=0 steps=26000 E0_int=9743389760869566 sum=9743389760869566
# NETG t=520.00 gates min=0.0276 mean=0.1613 edges=3
# PIN t=520.00 R=-1.84983708 nv=3
# SLIP t=520.00 e=0 psi=+0.2804 unw=+6.564 nu_win=+0.000101 dwb_win=+0.000626
# SLIP t=520.00 e=1 psi=+2.8169 unw=-1.072 nu_win=-0.000159 dwb_win=-0.001261
# SLIP t=520.00 e=2 psi=-2.4872 unw=-3.817 nu_win=-0.000165 dwb_win=-0.000943
525.000	9740.64154	2.97033446	0	1.64161302	9743.38976087	1.867e-16	57687	8.253	1.455	10.001	0.004	0.0000	0.8443	-0.35851	0.8499	0.9935	1.64991	1.64965	0.0000	0.0000	0.0000	0.0019536	0.01329	0.0055863	0	0	0
# CONV t=525.00 cond=0 evap=0 rough=0 back_s=0
# LEDGER t=525.000 mode=3 sum_err=0 max|E-iEu|=1.110e-16 run_max_diff=0.000e+00 run_max_sum_err=0 steps=26250 E0_int=9743389760869566 sum=9743389760869566
# NETG t=525.00 gates min=0.0267 mean=0.1597 edges=3
# PIN t=525.00 R=-1.86372253 nv=3
# SLIP t=525.00 e=0 psi=+0.2879 unw=+6.571 nu_win=+0.000239 dwb_win=+0.000332
# SLIP t=525.00 e=1 psi=+2.8122 unw=-1.076 nu_win=-0.000148 dwb_win=-0.001221
# SLIP t=525.00 e=2 psi=-2.4919 unw=-3.822 nu_win=-0.000150 dwb_win=-0.000777
530.000	9740.64154	2.97126327	0	1.65159487	9743.38976087	0.000e+00	57687	8.278	1.448	10.022	0.004	0.0000	0.8443	-0.35834	0.8499	0.9935	1.64991	1.64965	0.0000	0.0000	0.0000	0.0052816	0.010984	0.0035962	0	0	0
# CONV t=530.00 cond=0 evap=0 rough=0 back_s=0
# LEDGER t=530.000 mode=3 sum_err=0 max|E-iEu|=1.110e-16 run_max_diff=0.000e+00 run_max_sum_err=0 steps=26500 E0_int=9743389760869566 sum=9743389760869566
# NETG t=530.00 gates min=0.0261 mean=0.1586 edges=3
# PIN t=530.00 R=-1.8746332 nv=3
# SLIP t=530.00 e=0 psi=+0.2918 unw=+6.575 nu_win=+0.000124 dwb_win=+0.000869
# SLIP t=530.00 e=1 psi=+2.8090 unw=-1.079 nu_win=-0.000102 dwb_win=-0.000761
# SLIP t=530.00 e=2 psi=-2.4961 unw=-3.826 nu_win=-0.000134 dwb_win=-0.000815
535.000	9740.64154	2.99851136	0	1.64838289	9743.38976087	1.867e-16	57687	8.242	1.532	10.008	0.005	0.0000	0.8443	-0.35689	0.8499	0.9935	1.64991	1.64965	0.0000	0.0000	0.0000	0.0039886	0.015232	0.0028229	0	0	0
# CONV t=535.00 cond=0 evap=0 rough=0 back_s=0
# LEDGER t=535.000 mode=3 sum_err=0 max|E-iEu|=1.110e-16 run_max_diff=0.000e+00 run_max_sum_err=0 steps=26750 E0_int=9743389760869566 sum=9743389760869566
# NETG t=535.00 gates min=0.0253 mean=0.1569 edges=3
# PIN t=535.00 R=-1.89866931 nv=3
# SLIP t=535.00 e=0 psi=+0.3004 unw=+6.583 nu_win=+0.000271 dwb_win=+0.001782
# SLIP t=535.00 e=1 psi=+2.8104 unw=-1.078 nu_win=+0.000043 dwb_win=-0.000474
# SLIP t=535.00 e=2 psi=-2.5000 unw=-3.830 nu_win=-0.000124 dwb_win=-0.001128
540.000	9740.64154	2.9725909	0	1.69439102	9743.38976087	1.867e-16	57687	8.258	1.488	10.037	0.004	0.0000	0.8443	-0.35527	0.8499	0.9935	1.64991	1.64965	0.0000	0.0000	0.0000	0.0045828	0.016755	0.00017304	0	0	0
# CONV t=540.00 cond=0 evap=0 rough=0 back_s=0
# LEDGER t=540.000 mode=3 sum_err=0 max|E-iEu|=1.110e-16 run_max_diff=0.000e+00 run_max_sum_err=0 steps=27000 E0_int=9743389760869566 sum=9743389760869566
# NETG t=540.00 gates min=0.0248 mean=0.1559 edges=3
# PIN t=540.00 R=-1.91875697 nv=3
# SLIP t=540.00 e=0 psi=+0.3066 unw=+6.590 nu_win=+0.000198 dwb_win=+0.000652
# SLIP t=540.00 e=1 psi=+2.8075 unw=-1.081 nu_win=-0.000092 dwb_win=-0.000679
# SLIP t=540.00 e=2 psi=-2.5050 unw=-3.835 nu_win=-0.000158 dwb_win=-0.000666
545.000	9740.64154	2.98532102	0	1.69241344	9743.38976087	1.867e-16	57687	8.274	1.493	10.016	0.004	0.0000	0.8443	-0.35528	0.8499	0.9935	1.64991	1.64964	0.0000	0.0000	0.0000	-0.00059407	0.014474	0.0054177	0	0	0
# CONV t=545.00 cond=0 evap=0 rough=0 back_s=0
# LEDGER t=545.000 mode=3 sum_err=0 max|E-iEu|=1.110e-16 run_max_diff=0.000e+00 run_max_sum_err=0 steps=27250 E0_int=9743389760869566 sum=9743389760869566
# NETG t=545.00 gates min=0.0239 mean=0.1542 edges=3
# PIN t=545.00 R=-1.92950952 nv=3
# SLIP t=545.00 e=0 psi=+0.3142 unw=+6.597 nu_win=+0.000241 dwb_win=+0.000787
# SLIP t=545.00 e=1 psi=+2.8035 unw=-1.085 nu_win=-0.000126 dwb_win=-0.000913
# SLIP t=545.00 e=2 psi=-2.5100 unw=-3.840 nu_win=-0.000159 dwb_win=-0.000850
550.000	9740.64154	2.9862934	0	1.70246337	9743.38976087	1.867e-16	57687	8.296	1.483	10.042	0.003	0.0000	0.8443	-0.35539	0.8499	0.9935	1.64990	1.64964	0.0000	0.0000	0.0000	-0.001831	0.012785	0.0021518	0	0	0
# CONV t=550.00 cond=0 evap=0 rough=0 back_s=0
# LEDGER t=550.000 mode=3 sum_err=0 max|E-iEu|=1.110e-16 run_max_diff=0.000e+00 run_max_sum_err=0 steps=27500 E0_int=9743389760869566 sum=9743389760869566
# NETG t=550.00 gates min=0.0232 mean=0.1530 edges=3
# PIN t=550.00 R=-1.94053183 nv=3
# SLIP t=550.00 e=0 psi=+0.3185 unw=+6.602 nu_win=+0.000137 dwb_win=+0.000698
# SLIP t=550.00 e=1 psi=+2.7995 unw=-1.089 nu_win=-0.000128 dwb_win=-0.001298
# SLIP t=550.00 e=2 psi=-2.5142 unw=-3.844 nu_win=-0.000135 dwb_win=-0.000998
555.000	9740.64154	2.97440273	0	1.72193319	9743.38976087	1.867e-16	57687	8.265	1.500	10.028	0.005	0.0000	0.8443	-0.35534	0.8499	0.9935	1.64990	1.64964	0.0000	0.0000	0.0000	0.0019845	0.013704	-0.0041446	0	0	0
# CONV t=555.00 cond=0 evap=0 rough=0 back_s=0
# LEDGER t=555.000 mode=3 sum_err=0 max|E-iEu|=1.110e-16 run_max_diff=0.000e+00 run_max_sum_err=0 steps=27750 E0_int=9743389760869566 sum=9743389760869566
# NETG t=555.00 gates min=0.0226 mean=0.1519 edges=3
# PIN t=555.00 R=-1.94811098 nv=3
# SLIP t=555.00 e=0 psi=+0.3226 unw=+6.606 nu_win=+0.000131 dwb_win=+0.000864
# SLIP t=555.00 e=1 psi=+2.7943 unw=-1.094 nu_win=-0.000164 dwb_win=-0.001082
# SLIP t=555.00 e=2 psi=-2.5194 unw=-3.850 nu_win=-0.000164 dwb_win=-0.000973
560.000	9740.64154	2.96183852	0	1.75531614	9743.38976087	3.734e-16	57687	8.289	1.486	10.073	0.004	0.0000	0.8443	-0.35461	0.8499	0.9935	1.64990	1.64964	0.0000	0.0000	0.0000	-0.0055345	0.012514	0.0074446	0	0	0
# CONV t=560.00 cond=0 evap=0 rough=0 back_s=0
# LEDGER t=560.000 mode=3 sum_err=0 max|E-iEu|=1.110e-16 run_max_diff=0.000e+00 run_max_sum_err=0 steps=28000 E0_int=9743389760869566 sum=9743389760869566
# NETG t=560.00 gates min=0.0219 mean=0.1498 edges=3
# PIN t=560.00 R=-1.96892972 nv=3
# SLIP t=560.00 e=0 psi=+0.3323 unw=+6.615 nu_win=+0.000310 dwb_win=+0.001478
# SLIP t=560.00 e=1 psi=+2.7920 unw=-1.096 nu_win=-0.000074 dwb_win=-0.000197
# SLIP t=560.00 e=2 psi=-2.5251 unw=-3.855 nu_win=-0.000181 dwb_win=-0.000837
565.000	9740.64154	2.98749465	0	1.75151326	9743.38976087	3.734e-16	57687	8.244	1.474	10.079	0.003	0.0000	0.8443	-0.35662	0.8499	0.9935	1.64990	1.64964	0.0000	0.0000	0.0000	-0.0030839	0.017626	0.00128	0	0	0
# CONV t=565.00 cond=0 evap=0 rough=0 back_s=0
# LEDGER t=565.000 mode=3 sum_err=0 max|E-iEu|=1.110e-16 run_max_diff=0.000e+00 run_max_sum_err=0 steps=28250 E0_int=9743389760869566 sum=9743389760869566
# NETG t=565.00 gates min=0.0212 mean=0.1482 edges=3
# PIN t=565.00 R=-1.99078297 nv=3
# SLIP t=565.00 e=0 psi=+0.3405 unw=+6.624 nu_win=+0.000262 dwb_win=+0.001112
# SLIP t=565.00 e=1 psi=+2.7906 unw=-1.098 nu_win=-0.000046 dwb_win=-0.000702
# SLIP t=565.00 e=2 psi=-2.5301 unw=-3.860 nu_win=-0.000160 dwb_win=-0.000907
570.000	9740.64154	2.98599572	0	1.76062123	9743.38976087	0.000e+00	57687	8.284	1.490	10.072	0.004	0.0000	0.8443	-0.35888	0.8499	0.9935	1.64990	1.64964	0.0000	0.0000	0.0000	-0.0011586	0.0097217	0.01197	0	0	0
# CONV t=570.00 cond=0 evap=0 rough=0 back_s=0
# LEDGER t=570.000 mode=3 sum_err=0 max|E-iEu|=1.110e-16 run_max_diff=0.000e+00 run_max_sum_err=0 steps=28500 E0_int=9743389760869566 sum=9743389760869566
# NETG t=570.00 gates min=0.0204 mean=0.1464 edges=3
# PIN t=570.00 R=-1.99839201 nv=3
# SLIP t=570.00 e=0 psi=+0.3481 unw=+6.631 nu_win=+0.000242 dwb_win=+0.001198
# SLIP t=570.00 e=1 psi=+2.7858 unw=-1.103 nu_win=-0.000150 dwb_win=-0.000876
# SLIP t=570.00 e=2 psi=-2.5357 unw=-3.866 nu_win=-0.000178 dwb_win=-0.001037
575.000	9740.64154	2.97299869	0	1.78459482	9743.38976087	1.867e-16	57687	8.291	1.492	10.041	0.004	0.0000	0.8443	-0.36086	0.8499	0.9935	1.64989	1.64964	0.0000	0.0000	0.0000	0.00096758	0.013826	0.0093408	0	0	0
# CONV t=575.00 cond=0 evap=0 rough=0 back_s=0
# LEDGER t=575.000 mode=3 sum_err=0 max|E-iEu|=1.110e-16 run_max_diff=0.000e+00 run_max_sum_err=0 steps=28750 E0_int=9743389760869566 sum=9743389760869566
# NETG t=575.00 gates min=0.0198 mean=0.1454 edges=3
# PIN t=575.00 R=-2.00936857 nv=3
# SLIP t=575.00 e=0 psi=+0.3515 unw=+6.635 nu_win=+0.000108 dwb_win=+0.000708
# SLIP t=575.00 e=1 psi=+2.7821 unw=-1.106 nu_win=-0.000120 dwb_win=-0.001280
# SLIP t=575.00 e=2 psi=-2.5394 unw=-3.870 nu_win=-0.000119 dwb_win=-0.000994
580.000	9740.64154	2.97042872	0	1.79645796	9743.38976087	1.867e-16	57687	8.301	1.485	10.045	0.003	0.0000	0.8443	-0.3584	0.8499	0.9935	1.64990	1.64964	0.0000	0.0000	0.0000	0.0038136	0.011208	0.0015638	0	0	0
# CONV t=580.00 cond=0 evap=0 rough=0 back_s=0
# LEDGER t=580.000 mode=3 sum_err=0 max|E-iEu|=1.110e-16 run_max_diff=0.000e+00 run_max_sum_err=0 steps=29000 E0_int=9743389760869566 sum=9743389760869566
# NETG t=580.00 gates min=0.0193 mean=0.1442 edges=3
# PIN t=580.00 R=-2.01866174 nv=3
# SLIP t=580.00 e=0 psi=+0.3561 unw=+6.639 nu_win=+0.000146 dwb_win=+0.000720
# SLIP t=580.00 e=1 psi=+2.7758 unw=-1.113 nu_win=-0.000201 dwb_win=-0.001195
# SLIP t=580.00 e=2 psi=-2.5455 unw=-3.876 nu_win=-0.000193 dwb_win=-0.000958
585.000	9740.64154	2.99525182	0	1.78325671	9743.38976087	1.867e-16	57687	8.310	1.532	10.045	0.005	0.0000	0.8443	-0.35693	0.8499	0.9935	1.64989	1.64963	0.0000	0.0000	0.0000	0.0044612	0.016089	-0.00099965	0	0	0
# CONV t=585.00 cond=0 evap=0 rough=0 back_s=0
# LEDGER t=585.000 mode=3 sum_err=0 max|E-iEu|=1.110e-16 run_max_diff=0.000e+00 run_max_sum_err=0 steps=29250 E0_int=9743389760869566 sum=9743389760869566
# NETG t=585.00 gates min=0.0187 mean=0.1429 edges=3
# PIN t=585.00 R=-2.03028359 nv=3
# SLIP t=585.00 e=0 psi=+0.3614 unw=+6.645 nu_win=+0.000169 dwb_win=+0.000858
# SLIP t=585.00 e=1 psi=+2.7732 unw=-1.115 nu_win=-0.000081 dwb_win=-0.000600
# SLIP t=585.00 e=2 psi=-2.5493 unw=-3.880 nu_win=-0.000123 dwb_win=-0.000729
590.000	9740.64154	2.97462755	0	1.82987756	9743.38976087	1.867e-16	57687	8.271	1.543	10.053	0.004	0.0000	0.8443	-0.35498	0.8499	0.9935	1.64988	1.64963	0.0000	0.0000	0.0000	0.0019331	0.012483	0.0083557	0	0	0
# CONV t=590.00 cond=0 evap=0 rough=0 back_s=0
# LEDGER t=590.000 mode=3 sum_err=0 max|E-iEu|=1.110e-16 run_max_diff=0.000e+00 run_max_sum_err=0 steps=29500 E0_int=9743389760869566 sum=9743389760869566
# NETG t=590.00 gates min=0.0179 mean=0.1403 edges=3
# PIN t=590.00 R=-2.05628018 nv=3
# SLIP t=590.00 e=0 psi=+0.3741 unw=+6.657 nu_win=+0.000404 dwb_win=+0.001868
# SLIP t=590.00 e=1 psi=+2.7726 unw=-1.116 nu_win=-0.000020 dwb_win=-0.000814
# SLIP t=590.00 e=2 psi=-2.5551 unw=-3.885 nu_win=-0.000185 dwb_win=-0.001341
595.000	9740.64154	2.9913638	0	1.8245168	9743.38976087	1.867e-16	57687	8.281	1.544	10.004	0.005	0.0000	0.8443	-0.35409	0.8499	0.9935	1.64988	1.64963	0.0000	0.0000	0.0000	0.0023339	0.013328	0.0078385	0	0	0
# CONV t=595.00 cond=0 evap=0 rough=0 back_s=0
# LEDGER t=595.000 mode=3 sum_err=0 max|E-iEu|=1.110e-16 run_max_diff=0.000e+00 run_max_sum_err=0 steps=29750 E0_int=9743389760869566 sum=9743389760869566
# NETG t=595.00 gates min=0.0174 mean=0.1385 edges=3
# PIN t=595.00 R=-2.06765566 nv=3
# SLIP t=595.00 e=0 psi=+0.3828 unw=+6.666 nu_win=+0.000275 dwb_win=+0.001289
# SLIP t=595.00 e=1 psi=+2.7702 unw=-1.118 nu_win=-0.000077 dwb_win=-0.000384
# SLIP t=595.00 e=2 psi=-2.5599 unw=-3.890 nu_win=-0.000151 dwb_win=-0.000836
600.000	9740.64154	2.99398016	0	1.83026961	9743.38976087	3.734e-16	57687	8.263	1.561	10.040	0.005	0.0000	0.8443	-0.35368	0.8499	0.9935	1.64987	1.64963	0.0000	0.0000	0.0000	0.0016606	0.0082086	0.0046925	0	0	0
# CONV t=600.00 cond=0 evap=0 rough=0 back_s=0
# LEDGER t=600.000 mode=3 sum_err=0 max|E-iEu|=1.110e-16 run_max_diff=0.000e+00 run_max_sum_err=0 steps=30000 E0_int=9743389760869566 sum=9743389760869566
# NETG t=600.00 gates min=0.0169 mean=0.1378 edges=3
# PIN t=600.00 R=-2.07602483 nv=3
# SLIP t=600.00 e=0 psi=+0.3845 unw=+6.668 nu_win=+0.000056 dwb_win=+0.000810
# SLIP t=600.00 e=1 psi=+2.7661 unw=-1.122 nu_win=-0.000130 dwb_win=-0.001058
# SLIP t=600.00 e=2 psi=-2.5647 unw=-3.895 nu_win=-0.000152 dwb_win=-0.000934
# RESULT es_shells 0.75:1.0001 2.25:1.0001 3.75:1.0000 5.25:1.0000 6.75:1.0000 8.25:1.0001 9.75:1.0000 11.25:0.9995
# RESULT LEDGER mode=3 E0_int=9743389760869566 sum_int=9743389760869566 max_sum_err=0 max|E-iEu|=0.000e+00 steps=30000
# RESULT conservation E0=9743.38976087 Efinal=9743.38976087 rel_drift=3.734e-16
# RESULT roughness_radiated=0 (dissonant dense deliveries converted to field, conserved)
# NETGATE F 0 1 pq=3:2 d=1.5977 psi_f=+0.3845 psi_b=-2.8336 gf=0.7426 gb=0.0000
# NETGATE F 1 2 pq=3:2 d=1.5916 psi_f=+2.7661 psi_b=+1.1302 gf=0.0000 gb=0.0670
# NETGATE F 2 0 pq=1:1 d=1.5920 psi_f=-2.5647 psi_b=+1.3681 gf=0.0000 gb=0.0169
# RESULT pin R=-2.07602483 nv=3 (reservoir inside the conservation sum)
# RESULT slip e=0 pq=3:2 nu_slip=+0.000204 dw_bare=+0.001010 dw_over_2pi=+0.000161 slips=+0.06 locked=1 flips=0 fix_pq=3:2 fix_nu=+0.000204 fix_dwb2pi=+0.000161 fix_slips=+0.06 fix_locked=1 window=[300.0,600.0]
# RESULT slip e=1 pq=3:2 nu_slip=-0.000099 dw_bare=-0.000813 dw_over_2pi=-0.000129 slips=-0.03 locked=1 flips=0 fix_pq=3:2 fix_nu=-0.000099 fix_dwb2pi=-0.000129 fix_slips=-0.03 fix_locked=1 window=[300.0,600.0]
# RESULT slip e=2 pq=1:1 nu_slip=-0.000152 dw_bare=-0.000912 dw_over_2pi=-0.000145 slips=-0.05 locked=1 flips=0 fix_pq=1:1 fix_nu=-0.000152 fix_dwb2pi=-0.000145 fix_slips=-0.05 fix_locked=1 window=[300.0,600.0]
# RESULT curvature_fit defA_per_Em=-0.49562 r2=0.1752 (linear defect ~ converted energy)
