# cellfab — v89 cell-fabric kernel (no lattice, no prior code)
# cfg seed=20260727 mode=field init=net
# cfg L=24 dmin=1 r0=0.85 rjit=0.06
# cfg C=1 w1=1.65 w2=2.9 q_detune=1.2 gamma_res=0.25 gamma_res_m=0.1 p_gate=8
# cfg lock_floor=0.005
# cfg k_dep=1.2 k_dep_m=2 cap=2.5 e_s0=1 es_floor=0.05
# cfg e_cond=0 f_conv=0.25 f_evap=0.5 s_pull=0.15
# cfg kappa_lock=1 kappa_align=0.5 kappa_freq=0 kappa_reac=0 sigma_tumble=0.01
# cfg space: s_k=0.06 s_disp=0.3 es_gx=0
# cfg dt=0.02 T=600 diag_every=250 snap_every=0
# cfg center=(-1,-1,-1) amp=1 sigma=2.5 k=(0,0,0) prealign=0 noise_amp=0
# cfg music: comb_limit=6 rough_k=0.35 gamma_rough=0.5 mob_sym=1 mob_floor=0.004
# cfg field sector: two-component signed amplitude, unitary hops, field_J=1.8
# cfg ledger: mode=3 u=1.000e-12 (cellfabi INT_LEDGER)
# action atom: A0=1.1500 (dbar=1.5053) mode=2 — eps(w)=A0*w/2pi; atoms at mode boundaries, transport continuous
# edge coloring: 29 colors for 85886 links
# NETGATE 0 1 d=1.4080 psi_f=-0.0000 psi_b=-0.0000 gf=1.0000 gb=1.0000
# net: seeded nv=2 ne=1 worst_pick=0.000 gates min=1.0000 mean=1.0000 parasites=0 gpar_max=0.0000 file=/home/d/code/scp/v89/charge/nets/q9_dwm0p40.net
# fabric: cells=9741 channels=85886 mean_degree=17.63 box=24 dmin=1
# LEDGER seed mode=3 u=1.000e-12 E0_int=9742124234782609 NC=9741 NL=85886
# LEDGER seed mode=3 u=1.000e-12 E0_int=9742124234782609 NC=9741 NL=85886
# t	E_space	E_dense	E_field	E_transfer	E_total	rel_drift	live_ch	cm_x	cm_y	cm_z	contain	front_r	r_core	defA	r_far	r_ratio	w_core	w_far
0.000	9740.83136	1.29287	0	0	9742.12423478	0.000e+00	57686	10.950	13.875	13.305	1.000	0.0000	0.8439	0	0.8499	0.9930	1.64380	1.65000	0.0000	0.0000	0.0000	0	0	0	0	0	0
# CONV t=0.00 cond=0 evap=0 rough=0 back_s=0
# LEDGER t=0.000 mode=3 sum_err=0 max|E-iEu|=1.739e-13 run_max_diff=0.000e+00 run_max_sum_err=0 steps=0 E0_int=9742124234782609 sum=9742124234782609
# NETG t=0.00 gates min=1.0000 mean=1.0000 edges=1
# PIN t=0.00 R=0 nv=2
5.000	9740.83136	1.29543217	0	0.00584687375	9742.12423478	0.000e+00	57686	10.953	13.873	13.305	1.000	0.0000	0.8439	0.15605	0.8499	0.9930	1.64370	1.65000	0.0000	0.0000	0.0000	0.0017185	-0.00094401	0.00052674	0	0	0
# CONV t=5.00 cond=0 evap=0 rough=0 back_s=0
# LEDGER t=5.000 mode=3 sum_err=0 max|E-iEu|=1.110e-16 run_max_diff=0.000e+00 run_max_sum_err=0 steps=250 E0_int=9742124234782609 sum=9742124234782609
# NETG t=5.00 gates min=0.0002 mean=0.0002 edges=1
# PIN t=5.00 R=-0.0084090438 nv=2
# SLIP t=5.00 e=0 psi=-1.9010 unw=-1.893 nu_win=-0.060497 dwb_win=-0.398553
10.000	9740.83136	1.30769197	0	0.0102906449	9742.12423478	0.000e+00	57687	10.960	13.859	13.304	1.000	0.0000	0.8438	0.16925	0.8499	0.9929	1.64349	1.65000	0.0000	0.0000	0.0000	-6.4675e-05	0.0001281	0.00051063	0	0	0
# CONV t=10.00 cond=0 evap=0 rough=0 back_s=0
# LEDGER t=10.000 mode=3 sum_err=0 max|E-iEu|=1.110e-16 run_max_diff=0.000e+00 run_max_sum_err=0 steps=500 E0_int=9742124234782609 sum=9742124234782609
# NETG t=10.00 gates min=0.0000 mean=0.0000 edges=1
# PIN t=10.00 R=-0.0251126215 nv=2
# SLIP t=10.00 e=0 psi=+2.3833 unw=-3.892 nu_win=-0.063628 dwb_win=-0.399013
15.000	9740.83136	1.30906824	0	0.0202063044	9742.12423478	1.867e-16	57687	10.961	13.861	13.305	1.000	0.0000	0.8438	0.15871	0.8499	0.9928	1.64347	1.65000	0.0000	0.0000	0.0000	-0.0027514	0.0032473	0.0010127	0	0	0
# CONV t=15.00 cond=0 evap=0 rough=0 back_s=0
# LEDGER t=15.000 mode=3 sum_err=0 max|E-iEu|=1.110e-16 run_max_diff=0.000e+00 run_max_sum_err=0 steps=750 E0_int=9742124234782609 sum=9742124234782609
# NETG t=15.00 gates min=0.7717 mean=0.7684 edges=1
# PIN t=15.00 R=-0.0364045602 nv=2
# SLIP t=15.00 e=0 psi=+0.3648 unw=-5.910 nu_win=-0.064250 dwb_win=-0.399575
20.000	9740.83136	1.30751882	0	0.0243901636	9742.12423478	1.867e-16	57688	10.963	13.864	13.307	1.000	0.0000	0.8437	0.14715	0.8499	0.9928	1.64349	1.65000	0.0000	0.0000	0.0000	0.00087198	-0.0009815	0.00088824	0	0	0
# CONV t=20.00 cond=0 evap=0 rough=0 back_s=0
# LEDGER t=20.000 mode=3 sum_err=0 max|E-iEu|=1.110e-16 run_max_diff=0.000e+00 run_max_sum_err=0 steps=1000 E0_int=9742124234782609 sum=9742124234782609
# NETG t=20.00 gates min=0.0040 mean=0.0039 edges=1
# PIN t=20.00 R=-0.0390390126 nv=2
# SLIP t=20.00 e=0 psi=-1.5690 unw=-7.844 nu_win=-0.061553 dwb_win=-0.398147
25.000	9740.83136	1.3165382	0	0.0308626591	9742.12423478	0.000e+00	57688	10.966	13.852	13.305	1.000	0.0000	0.8437	0.1418	0.8499	0.9927	1.64330	1.65000	0.0000	0.0000	0.0000	0.00093786	0.00016203	0.00089247	0	0	0
# CONV t=25.00 cond=0 evap=0 rough=0 back_s=0
# LEDGER t=25.000 mode=3 sum_err=0 max|E-iEu|=1.110e-16 run_max_diff=0.000e+00 run_max_sum_err=0 steps=1250 E0_int=9742124234782609 sum=9742124234782609
# NETG t=25.00 gates min=0.0000 mean=0.0000 edges=1
# PIN t=25.00 R=-0.0545308964 nv=2
# SLIP t=25.00 e=0 psi=+2.7155 unw=-9.843 nu_win=-0.063622 dwb_win=-0.399047
30.000	9740.83136	1.31380493	0	0.0412326811	9742.12423478	1.867e-16	57688	10.965	13.854	13.315	1.000	0.0000	0.8437	0.13457	0.8499	0.9927	1.64333	1.65000	0.0000	0.0000	0.0000	0.00034595	0.00021211	0.0012065	0	0	0
# CONV t=30.00 cond=0 evap=0 rough=0 back_s=0
# LEDGER t=30.000 mode=3 sum_err=0 max|E-iEu|=1.110e-16 run_max_diff=0.000e+00 run_max_sum_err=0 steps=1500 E0_int=9742124234782609 sum=9742124234782609
# NETG t=30.00 gates min=0.3613 mean=0.3601 edges=1
# PIN t=30.00 R=-0.0621676503 nv=2
# SLIP t=30.00 e=0 psi=+0.7082 unw=-11.850 nu_win=-0.063893 dwb_win=-0.399750
35.000	9740.83136	1.30763476	0	0.0551250492	9742.12423478	1.867e-16	57689	10.967	13.863	13.311	1.000	0.0000	0.8436	0.12763	0.8499	0.9927	1.64341	1.65000	0.0000	0.0000	0.0000	-0.0014524	0.0009619	0.00099965	0	0	0
# CONV t=35.00 cond=0 evap=0 rough=0 back_s=0
# LEDGER t=35.000 mode=3 sum_err=0 max|E-iEu|=1.110e-16 run_max_diff=0.000e+00 run_max_sum_err=0 steps=1750 E0_int=9742124234782609 sum=9742124234782609
# NETG t=35.00 gates min=0.0362 mean=0.0357 edges=1
# PIN t=35.00 R=-0.0698898476 nv=2
# SLIP t=35.00 e=0 psi=-1.2440 unw=-13.802 nu_win=-0.062143 dwb_win=-0.398287
40.000	9740.83136	1.30987302	0	0.0682447932	9742.12423478	1.867e-16	57689	10.963	13.860	13.316	0.999	0.0000	0.8436	0.12394	0.8499	0.9926	1.64331	1.65000	0.0000	0.0000	0.0000	0.00028467	0.00044358	0.00038346	0	0	0
# CONV t=40.00 cond=0 evap=0 rough=0 back_s=0
# LEDGER t=40.000 mode=3 sum_err=0 max|E-iEu|=1.110e-16 run_max_diff=0.000e+00 run_max_sum_err=0 steps=2000 E0_int=9742124234782609 sum=9742124234782609
# NETG t=40.00 gates min=0.0000 mean=0.0000 edges=1
# PIN t=40.00 R=-0.0852478616 nv=2
# SLIP t=40.00 e=0 psi=+3.0479 unw=-15.794 nu_win=-0.063382 dwb_win=-0.399066
45.000	9740.83136	1.3111942	0	0.0730059752	9742.12423478	1.867e-16	57689	10.961	13.856	13.316	0.999	0.0000	0.8436	0.12138	0.8499	0.9926	1.64345	1.65000	0.0000	0.0000	0.0000	-0.00070542	0.0022524	0.00065536	0	0	0
# CONV t=45.00 cond=0 evap=0 rough=0 back_s=0
# LEDGER t=45.000 mode=3 sum_err=0 max|E-iEu|=1.110e-16 run_max_diff=0.000e+00 run_max_sum_err=0 steps=2250 E0_int=9742124234782609 sum=9742124234782609
# NETG t=45.00 gates min=0.1006 mean=0.1002 edges=1
# PIN t=45.00 R=-0.0913302213 nv=2
# SLIP t=45.00 e=0 psi=+1.0476 unw=-17.794 nu_win=-0.063672 dwb_win=-0.399793
50.000	9740.83136	1.30848112	0	0.0814576755	9742.12423478	1.867e-16	57689	10.960	13.864	13.311	0.999	0.0000	0.8436	0.11961	0.8499	0.9926	1.64350	1.65000	0.0000	0.0000	0.0000	-0.00066323	0.0012868	0.00049446	0	0	0
# CONV t=50.00 cond=0 evap=0 rough=0 back_s=0
# LEDGER t=50.000 mode=3 sum_err=0 max|E-iEu|=1.110e-16 run_max_diff=0.000e+00 run_max_sum_err=0 steps=2500 E0_int=9742124234782609 sum=9742124234782609
# NETG t=50.00 gates min=0.1729 mean=0.1720 edges=1
# PIN t=50.00 R=-0.0970688432 nv=2
# SLIP t=50.00 e=0 psi=-0.9197 unw=-19.761 nu_win=-0.062622 dwb_win=-0.398566
55.000	9740.83136	1.31300072	0	0.0962830611	9742.12423478	1.867e-16	57689	10.959	13.862	13.314	0.998	0.0000	0.8436	0.11843	0.8499	0.9926	1.64335	1.65000	0.0000	0.0000	0.0000	-0.001142	0.00068764	0.0011067	0	0	0
# CONV t=55.00 cond=0 evap=0 rough=0 back_s=0
# LEDGER t=55.000 mode=3 sum_err=0 max|E-iEu|=1.110e-16 run_max_diff=0.000e+00 run_max_sum_err=0 steps=2750 E0_int=9742124234782609 sum=9742124234782609
# NETG t=55.00 gates min=0.0000 mean=0.0000 edges=1
# PIN t=55.00 R=-0.11641383 nv=2
# SLIP t=55.00 e=0 psi=-2.9047 unw=-21.746 nu_win=-0.063184 dwb_win=-0.398887
60.000	9740.83136	1.31091274	0	0.104984428	9742.12423478	0.000e+00	57689	10.958	13.857	13.315	0.999	0.0000	0.8436	0.11748	0.8499	0.9926	1.64340	1.65000	0.0000	0.0000	0.0000	0.00091123	-0.0015501	0.00035307	0	0	0
# CONV t=60.00 cond=0 evap=0 rough=0 back_s=0
# LEDGER t=60.000 mode=3 sum_err=0 max|E-iEu|=1.110e-16 run_max_diff=0.000e+00 run_max_sum_err=0 steps=3000 E0_int=9742124234782609 sum=9742124234782609
# NETG t=60.00 gates min=0.0157 mean=0.0157 edges=1
# PIN t=60.00 R=-0.123027212 nv=2
# SLIP t=60.00 e=0 psi=+1.3801 unw=-23.745 nu_win=-0.063610 dwb_win=-0.399698
65.000	9740.83136	1.31342858	0	0.12045369	9742.12423478	1.867e-16	57689	10.958	13.859	13.313	0.998	0.0000	0.8436	0.11708	0.8499	0.9926	1.64334	1.65000	0.0000	0.0000	0.0000	0.0015275	-0.002662	1.6414e-05	0	0	0
# CONV t=65.00 cond=0 evap=0 rough=0 back_s=0
# LEDGER t=65.000 mode=3 sum_err=0 max|E-iEu|=1.110e-16 run_max_diff=0.000e+00 run_max_sum_err=0 steps=3250 E0_int=9742124234782609 sum=9742124234782609
# NETG t=65.00 gates min=0.4629 mean=0.4544 edges=1
# PIN t=65.00 R=-0.141012315 nv=2
# SLIP t=65.00 e=0 psi=-0.6157 unw=-25.740 nu_win=-0.063527 dwb_win=-0.398631
70.000	9740.83136	1.31208891	0	0.125589192	9742.12423478	-1.867e-16	57689	10.966	13.847	13.308	0.998	0.0000	0.8436	0.11761	0.8499	0.9926	1.64330	1.65000	0.0000	0.0000	0.0000	0.0036147	-0.0052328	0.00023994	0	0	0
# CONV t=70.00 cond=0 evap=0 rough=0 back_s=0
# LEDGER t=70.000 mode=3 sum_err=0 max|E-iEu|=1.110e-16 run_max_diff=0.000e+00 run_max_sum_err=0 steps=3500 E0_int=9742124234782609 sum=9742124234782609
# NETG t=70.00 gates min=0.0000 mean=0.0000 edges=1
# PIN t=70.00 R=-0.144808155 nv=2
# SLIP t=70.00 e=0 psi=-2.5763 unw=-27.701 nu_win=-0.062410 dwb_win=-0.398983
75.000	9740.83136	1.31966158	0	0.129707305	9742.12423478	1.867e-16	57690	10.969	13.840	13.309	0.997	0.0000	0.8436	0.11742	0.8499	0.9926	1.64326	1.65000	0.0000	0.0000	0.0000	0.0012459	-0.0015055	-0.00031619	0	0	0
# CONV t=75.00 cond=0 evap=0 rough=0 back_s=0
# LEDGER t=75.000 mode=3 sum_err=0 max|E-iEu|=1.110e-16 run_max_diff=0.000e+00 run_max_sum_err=0 steps=3750 E0_int=9742124234782609 sum=9742124234782609
# NETG t=75.00 gates min=0.0012 mean=0.0012 edges=1
# PIN t=75.00 R=-0.156498934 nv=2
# SLIP t=75.00 e=0 psi=+1.7107 unw=-29.697 nu_win=-0.063540 dwb_win=-0.399315
80.000	9740.83136	1.31749769	0	0.143178668	9742.12423478	0.000e+00	57690	10.968	13.838	13.300	0.997	0.0000	0.8436	0.11693	0.8499	0.9926	1.64331	1.65000	0.0000	0.0000	0.0000	0.0022261	-0.0019098	-0.00029481	0	0	0
# CONV t=80.00 cond=0 evap=0 rough=0 back_s=0
# LEDGER t=80.000 mode=3 sum_err=0 max|E-iEu|=1.110e-16 run_max_diff=0.000e+00 run_max_sum_err=0 steps=4000 E0_int=9742124234782609 sum=9742124234782609
# NETG t=80.00 gates min=0.8338 mean=0.8327 edges=1
# PIN t=80.00 R=-0.167806409 nv=2
# SLIP t=80.00 e=0 psi=-0.3009 unw=-31.709 nu_win=-0.064032 dwb_win=-0.398600
85.000	9740.83136	1.31911244	0	0.154885378	9742.12423478	0.000e+00	57690	10.964	13.845	13.307	0.996	0.0000	0.8435	0.12023	0.8499	0.9925	1.64327	1.65000	0.0000	0.0000	0.0000	0.00041913	-0.0014888	0.00034723	0	0	0
# CONV t=85.00 cond=0 evap=0 rough=0 back_s=0
# LEDGER t=85.000 mode=3 sum_err=0 max|E-iEu|=1.110e-16 run_max_diff=0.000e+00 run_max_sum_err=0 steps=4250 E0_int=9742124234782609 sum=9742124234782609
# NETG t=85.00 gates min=0.0000 mean=0.0000 edges=1
# PIN t=85.00 R=-0.181127866 nv=2
# SLIP t=85.00 e=0 psi=-2.2464 unw=-33.654 nu_win=-0.061926 dwb_win=-0.398878
90.000	9740.83136	1.31479589	0	0.171996385	9742.12423478	0.000e+00	57690	10.968	13.845	13.302	0.996	0.0000	0.8435	0.12242	0.8499	0.9925	1.64329	1.65000	0.0000	0.0000	0.0000	-0.0012833	-0.00074506	-0.0014762	0	0	0
# CONV t=90.00 cond=0 evap=0 rough=0 back_s=0
# LEDGER t=90.000 mode=3 sum_err=0 max|E-iEu|=1.110e-16 run_max_diff=0.000e+00 run_max_sum_err=0 steps=4500 E0_int=9742124234782609 sum=9742124234782609
# NETG t=90.00 gates min=0.0000 mean=0.0000 edges=1
# PIN t=90.00 R=-0.193922324 nv=2
# SLIP t=90.00 e=0 psi=+2.0391 unw=-35.652 nu_win=-0.063588 dwb_win=-0.399390
95.000	9740.83136	1.3201126	0	0.187844755	9742.12423478	1.867e-16	57690	10.964	13.849	13.315	0.996	0.0000	0.8435	0.12479	0.8499	0.9925	1.64331	1.65000	0.0000	0.0000	0.0000	0.00055291	-0.00053527	-0.00061641	0	0	0
# CONV t=95.00 cond=0 evap=0 rough=0 back_s=0
# LEDGER t=95.000 mode=3 sum_err=0 max|E-iEu|=1.110e-16 run_max_diff=0.000e+00 run_max_sum_err=0 steps=4750 E0_int=9742124234782609 sum=9742124234782609
# NETG t=95.00 gates min=1.0000 mean=0.9998 edges=1
# PIN t=95.00 R=-0.215087401 nv=2
# SLIP t=95.00 e=0 psi=+0.0152 unw=-37.676 nu_win=-0.064424 dwb_win=-0.399194
100.000	9740.83136	1.31396818	0	0.193854927	9742.12423478	1.867e-16	57690	10.965	13.850	13.302	0.995	0.0000	0.8435	0.12722	0.8499	0.9925	1.64334	1.65000	0.0000	0.0000	0.0000	0.0030889	-0.0035964	0.0010514	0	0	0
# CONV t=100.00 cond=0 evap=0 rough=0 back_s=0
# LEDGER t=100.000 mode=3 sum_err=0 max|E-iEu|=1.110e-16 run_max_diff=0.000e+00 run_max_sum_err=0 steps=5000 E0_int=9742124234782609 sum=9742124234782609
# NETG t=100.00 gates min=0.0001 mean=0.0001 edges=1
# PIN t=100.00 R=-0.214953157 nv=2
# SLIP t=100.00 e=0 psi=-1.9172 unw=-39.608 nu_win=-0.061509 dwb_win=-0.398608
105.000	9740.83136	1.31578421	0	0.204286294	9742.12423478	1.867e-16	57690	10.970	13.856	13.303	0.995	0.0000	0.8435	0.12989	0.8499	0.9925	1.64331	1.65000	0.0000	0.0000	0.0000	-0.00093138	-0.0017552	-0.0028172	0	0	0
# CONV t=105.00 cond=0 evap=0 rough=0 back_s=0
# LEDGER t=105.000 mode=3 sum_err=0 max|E-iEu|=1.110e-16 run_max_diff=0.000e+00 run_max_sum_err=0 steps=5250 E0_int=9742124234782609 sum=9742124234782609
# NETG t=105.00 gates min=0.0000 mean=0.0000 edges=1
# PIN t=105.00 R=-0.227200552 nv=2
# SLIP t=105.00 e=0 psi=+2.3678 unw=-41.607 nu_win=-0.063607 dwb_win=-0.399369
110.000	9740.83136	1.31621064	0	0.221722613	9742.12423478	0.000e+00	57690	10.965	13.855	13.308	0.993	0.0000	0.8435	0.13221	0.8499	0.9925	1.64335	1.65000	0.0000	0.0000	0.0000	0.0020356	-0.00067376	-0.0016216	0	0	0
# CONV t=110.00 cond=0 evap=0 rough=0 back_s=0
# LEDGER t=110.000 mode=3 sum_err=0 max|E-iEu|=1.110e-16 run_max_diff=0.000e+00 run_max_sum_err=0 steps=5500 E0_int=9742124234782609 sum=9742124234782609
# NETG t=110.00 gates min=0.7901 mean=0.7827 edges=1
# PIN t=110.00 R=-0.245063304 nv=2
# SLIP t=110.00 e=0 psi=+0.3559 unw=-43.618 nu_win=-0.064039 dwb_win=-0.399510
115.000	9740.83136	1.32427579	0	0.215185599	9742.12423478	0.000e+00	57690	10.974	13.838	13.321	0.992	0.0000	0.8435	0.13484	0.8499	0.9925	1.64334	1.65000	0.0000	0.0000	0.0000	0.0012129	-0.0021562	0.00054076	0	0	0
# CONV t=115.00 cond=0 evap=0 rough=0 back_s=0
# LEDGER t=115.000 mode=3 sum_err=0 max|E-iEu|=1.110e-16 run_max_diff=0.000e+00 run_max_sum_err=0 steps=5750 E0_int=9742124234782609 sum=9742124234782609
# NETG t=115.00 gates min=0.0034 mean=0.0034 edges=1
# PIN t=115.00 R=-0.246591442 nv=2
# SLIP t=115.00 e=0 psi=-1.5875 unw=-45.562 nu_win=-0.061859 dwb_win=-0.398356
120.000	9740.83136	1.31673554	0	0.232601318	9742.12423478	0.000e+00	57690	10.966	13.854	13.310	0.993	0.0000	0.8435	0.13726	0.8499	0.9925	1.64331	1.65000	0.0000	0.0000	0.0000	0.00037055	-0.0011193	-0.0014245	0	0	0
# CONV t=120.00 cond=0 evap=0 rough=0 back_s=0
# LEDGER t=120.000 mode=3 sum_err=0 max|E-iEu|=1.110e-16 run_max_diff=0.000e+00 run_max_sum_err=0 steps=6000 E0_int=9742124234782609 sum=9742124234782609
# NETG t=120.00 gates min=0.0000 mean=0.0000 edges=1
# PIN t=120.00 R=-0.256466906 nv=2
# SLIP t=120.00 e=0 psi=+2.6967 unw=-47.561 nu_win=-0.063629 dwb_win=-0.399507
125.000	9740.83136	1.31998642	0	0.23758354	9742.12423478	1.867e-16	57690	10.970	13.838	13.302	0.992	0.0000	0.8435	0.13964	0.8499	0.9925	1.64337	1.64999	0.0000	0.0000	0.0000	0.0011353	7.3039e-05	-0.00026884	0	0	0
# CONV t=125.00 cond=0 evap=0 rough=0 back_s=0
# LEDGER t=125.000 mode=3 sum_err=0 max|E-iEu|=1.110e-16 run_max_diff=0.000e+00 run_max_sum_err=0 steps=6250 E0_int=9742124234782609 sum=9742124234782609
# NETG t=125.00 gates min=0.3826 mean=0.3809 edges=1
# PIN t=125.00 R=-0.264700014 nv=2
# SLIP t=125.00 e=0 psi=+0.6894 unw=-49.568 nu_win=-0.063896 dwb_win=-0.399758
130.000	9740.83136	1.31983368	0	0.252694119	9742.12423478	1.867e-16	57690	10.972	13.851	13.302	0.992	0.0000	0.8435	0.14273	0.8499	0.9925	1.64326	1.64999	0.0000	0.0000	0.0000	0.00030959	0.00085562	0.00033351	0	0	0
# CONV t=130.00 cond=0 evap=0 rough=0 back_s=0
# LEDGER t=130.000 mode=3 sum_err=0 max|E-iEu|=1.110e-16 run_max_diff=0.000e+00 run_max_sum_err=0 steps=6500 E0_int=9742124234782609 sum=9742124234782609
# NETG t=130.00 gates min=0.0320 mean=0.0316 edges=1
# PIN t=130.00 R=-0.27965785 nv=2
# SLIP t=130.00 e=0 psi=-1.2653 unw=-51.523 nu_win=-0.062221 dwb_win=-0.398055
135.000	9740.83136	1.3198703	0	0.257273485	9742.12423478	1.867e-16	57690	10.978	13.843	13.295	0.992	0.0000	0.8435	0.14511	0.8499	0.9925	1.64331	1.64999	0.0000	0.0000	0.0000	-0.0013953	0.0007557	-0.00024485	0	0	0
# CONV t=135.00 cond=0 evap=0 rough=0 back_s=0
# LEDGER t=135.000 mode=3 sum_err=0 max|E-iEu|=1.110e-16 run_max_diff=0.000e+00 run_max_sum_err=0 steps=6750 E0_int=9742124234782609 sum=9742124234782609
# NETG t=135.00 gates min=0.0000 mean=0.0000 edges=1
# PIN t=135.00 R=-0.284273833 nv=2
# SLIP t=135.00 e=0 psi=+3.0257 unw=-53.515 nu_win=-0.063412 dwb_win=-0.399639
140.000	9740.83136	1.31834228	0	0.266195506	9742.12423478	0.000e+00	57690	10.968	13.847	13.308	0.992	0.0000	0.8435	0.14771	0.8499	0.9925	1.64331	1.64999	0.0000	0.0000	0.0000	0.0015276	-0.00012996	-0.0013879	0	0	0
# CONV t=140.00 cond=0 evap=0 rough=0 back_s=0
# LEDGER t=140.000 mode=3 sum_err=0 max|E-iEu|=1.110e-16 run_max_diff=0.000e+00 run_max_sum_err=0 steps=7000 E0_int=9742124234782609 sum=9742124234782609
# NETG t=140.00 gates min=0.1115 mean=0.1110 edges=1
# PIN t=140.00 R=-0.291667836 nv=2
# SLIP t=140.00 e=0 psi=+1.0254 unw=-55.515 nu_win=-0.063674 dwb_win=-0.399747
145.000	9740.83136	1.32499556	0	0.277858347	9742.12423478	0.000e+00	57690	10.977	13.854	13.322	0.988	0.0000	0.8435	0.15077	0.8499	0.9925	1.64316	1.64999	0.0000	0.0000	0.0000	0.0021271	-0.00090974	0.0011446	0	0	0
# CONV t=145.00 cond=0 evap=0 rough=0 back_s=0
# LEDGER t=145.000 mode=3 sum_err=0 max|E-iEu|=1.110e-16 run_max_diff=0.000e+00 run_max_sum_err=0 steps=7250 E0_int=9742124234782609 sum=9742124234782609
# NETG t=145.00 gates min=0.1609 mean=0.1602 edges=1
# PIN t=145.00 R=-0.309983961 nv=2
# SLIP t=145.00 e=0 psi=-0.9377 unw=-57.478 nu_win=-0.062488 dwb_win=-0.397922
150.000	9740.83136	1.32860975	0	0.279112384	9742.12423478	0.000e+00	57690	10.972	13.845	13.305	0.990	0.0000	0.8435	0.15291	0.8499	0.9925	1.64326	1.64999	0.0000	0.0000	0.0000	0.00010609	0.00058354	-0.001562	0	0	0
# CONV t=150.00 cond=0 evap=0 rough=0 back_s=0
# LEDGER t=150.000 mode=3 sum_err=0 max|E-iEu|=1.110e-16 run_max_diff=0.000e+00 run_max_sum_err=0 steps=7500 E0_int=9742124234782609 sum=9742124234782609
# NETG t=150.00 gates min=0.0000 mean=0.0000 edges=1
# PIN t=150.00 R=-0.314852186 nv=2
# SLIP t=150.00 e=0 psi=-2.9269 unw=-59.468 nu_win=-0.063318 dwb_win=-0.399696
155.000	9740.83136	1.33217147	0	0.290021572	9742.12423478	1.867e-16	57690	10.982	13.848	13.295	0.990	0.0000	0.8435	0.15593	0.8499	0.9925	1.64310	1.64999	0.0000	0.0000	0.0000	0.0027971	-0.0035465	-0.00079014	0	0	0
# CONV t=155.00 cond=0 evap=0 rough=0 back_s=0
# LEDGER t=155.000 mode=3 sum_err=0 max|E-iEu|=1.110e-16 run_max_diff=0.000e+00 run_max_sum_err=0 steps=7750 E0_int=9742124234782609 sum=9742124234782609
# NETG t=155.00 gates min=0.0184 mean=0.0182 edges=1
# PIN t=155.00 R=-0.329323097 nv=2
# SLIP t=155.00 e=0 psi=+1.3580 unw=-61.466 nu_win=-0.063606 dwb_win=-0.399363
160.000	9740.83136	1.32264265	0	0.322299273	9742.12423478	0.000e+00	57690	10.973	13.855	13.305	0.990	0.0000	0.8435	0.15847	0.8499	0.9925	1.64306	1.64999	0.0000	0.0000	0.0000	0.0016385	-0.0013043	-0.00035143	0	0	0
# CONV t=160.00 cond=0 evap=0 rough=0 back_s=0
# LEDGER t=160.000 mode=3 sum_err=0 max|E-iEu|=1.110e-16 run_max_diff=0.000e+00 run_max_sum_err=0 steps=8000 E0_int=9742124234782609 sum=9742124234782609
# NETG t=160.00 gates min=0.4446 mean=0.4371 edges=1
# PIN t=160.00 R=-0.352071979 nv=2
# SLIP t=160.00 e=0 psi=-0.6313 unw=-63.455 nu_win=-0.063321 dwb_win=-0.398374
165.000	9740.83136	1.329508	0	0.30844701	9742.12423478	1.867e-16	57690	10.972	13.861	13.308	0.989	0.0000	0.8435	0.16053	0.8499	0.9925	1.64324	1.64999	0.0000	0.0000	0.0000	0.0010032	0.00068114	-0.0024424	0	0	0
# CONV t=165.00 cond=0 evap=0 rough=0 back_s=0
# LEDGER t=165.000 mode=3 sum_err=0 max|E-iEu|=1.110e-16 run_max_diff=0.000e+00 run_max_sum_err=0 steps=8250 E0_int=9742124234782609 sum=9742124234782609
# NETG t=165.00 gates min=0.0000 mean=0.0000 edges=1
# PIN t=165.00 R=-0.34508506 nv=2
# SLIP t=165.00 e=0 psi=-2.5951 unw=-65.419 nu_win=-0.062511 dwb_win=-0.399604
170.000	9740.83136	1.32735541	0	0.329577823	9742.12423478	0.000e+00	57690	10.991	13.831	13.305	0.987	0.0000	0.8435	0.16405	0.8499	0.9925	1.64309	1.64999	0.0000	0.0000	0.0000	0.00096252	-0.0044852	-0.0016405	0	0	0
# CONV t=170.00 cond=0 evap=0 rough=0 back_s=0
# LEDGER t=170.000 mode=3 sum_err=0 max|E-iEu|=1.110e-16 run_max_diff=0.000e+00 run_max_sum_err=0 steps=8500 E0_int=9742124234782609 sum=9742124234782609
# NETG t=170.00 gates min=0.0014 mean=0.0014 edges=1
# PIN t=170.00 R=-0.364063289 nv=2
# SLIP t=170.00 e=0 psi=+1.6908 unw=-67.416 nu_win=-0.063576 dwb_win=-0.399084
175.000	9740.83136	1.32320251	0	0.343203819	9742.12423478	1.867e-16	57689	10.973	13.845	13.310	0.988	0.0000	0.8435	0.16593	0.8499	0.9925	1.64324	1.64999	0.0000	0.0000	0.0000	0.0025621	-0.00080804	-0.0021228	0	0	0
# CONV t=175.00 cond=0 evap=0 rough=0 back_s=0
# LEDGER t=175.000 mode=3 sum_err=0 max|E-iEu|=1.110e-16 run_max_diff=0.000e+00 run_max_sum_err=0 steps=8750 E0_int=9742124234782609 sum=9742124234782609
# NETG t=175.00 gates min=0.8165 mean=0.8150 edges=1
# PIN t=175.00 R=-0.373536382 nv=2
# SLIP t=175.00 e=0 psi=-0.3177 unw=-69.425 nu_win=-0.063932 dwb_win=-0.398860
180.000	9740.83136	1.33185439	0	0.335652531	9742.12423478	0.000e+00	57689	10.990	13.838	13.282	0.988	0.0000	0.8435	0.16834	0.8499	0.9925	1.64335	1.64999	0.0000	0.0000	0.0000	0.00096906	0.0016787	-0.0026334	0	0	0
# CONV t=180.00 cond=0 evap=0 rough=0 back_s=0
# LEDGER t=180.000 mode=3 sum_err=0 max|E-iEu|=1.110e-16 run_max_diff=0.000e+00 run_max_sum_err=0 steps=9000 E0_int=9742124234782609 sum=9742124234782609
# NETG t=180.00 gates min=0.0000 mean=0.0000 edges=1
# PIN t=180.00 R=-0.37463697 nv=2
# SLIP t=180.00 e=0 psi=-2.2658 unw=-71.373 nu_win=-0.062011 dwb_win=-0.399469
185.000	9740.83136	1.33132118	0	0.356891398	9742.12423478	0.000e+00	57690	10.984	13.834	13.311	0.986	0.0000	0.8435	0.17216	0.8499	0.9925	1.64316	1.64999	0.0000	0.0000	0.0000	0.0027426	-0.0031112	-0.0026684	0	0	0
# CONV t=185.00 cond=0 evap=0 rough=0 back_s=0
# LEDGER t=185.000 mode=3 sum_err=0 max|E-iEu|=1.110e-16 run_max_diff=0.000e+00 run_max_sum_err=0 steps=9250 E0_int=9742124234782609 sum=9742124234782609
# NETG t=185.00 gates min=0.0000 mean=0.0000 edges=1
# PIN t=185.00 R=-0.395342634 nv=2
# SLIP t=185.00 e=0 psi=+2.0203 unw=-73.370 nu_win=-0.063568 dwb_win=-0.398960
190.000	9740.83136	1.33055094	0	0.376174597	9742.12423478	0.000e+00	57689	10.989	13.825	13.300	0.986	0.0000	0.8435	0.17373	0.8499	0.9925	1.64325	1.64999	0.0000	0.0000	0.0000	0.00087605	-0.00041567	0.0011647	0	0	0
# CONV t=190.00 cond=0 evap=0 rough=0 back_s=0
# LEDGER t=190.000 mode=3 sum_err=0 max|E-iEu|=1.110e-16 run_max_diff=0.000e+00 run_max_sum_err=0 steps=9500 E0_int=9742124234782609 sum=9742124234782609
# NETG t=190.00 gates min=1.0000 mean=0.9996 edges=1
# PIN t=190.00 R=-0.413855586 nv=2
# SLIP t=190.00 e=0 psi=-0.0034 unw=-75.394 nu_win=-0.064417 dwb_win=-0.399359
195.000	9740.83136	1.33340284	0	0.366220431	9742.12423478	0.000e+00	57689	10.997	13.831	13.301	0.985	0.0000	0.8435	0.17591	0.8499	0.9925	1.64336	1.64999	0.0000	0.0000	0.0000	0.0015888	-0.0013888	-0.00014485	0	0	0
# CONV t=195.00 cond=0 evap=0 rough=0 back_s=0
# LEDGER t=195.000 mode=3 sum_err=0 max|E-iEu|=1.110e-16 run_max_diff=0.000e+00 run_max_sum_err=0 steps=9750 E0_int=9742124234782609 sum=9742124234782609
# NETG t=195.00 gates min=0.0001 mean=0.0001 edges=1
# PIN t=195.00 R=-0.406753319 nv=2
# SLIP t=195.00 e=0 psi=-1.9373 unw=-77.327 nu_win=-0.061557 dwb_win=-0.398979
200.000	9740.83136	1.32856169	0	0.390011808	9742.12423478	1.867e-16	57687	10.993	13.838	13.304	0.984	0.0000	0.8435	0.17938	0.8499	0.9925	1.64322	1.64999	0.0000	0.0000	0.0000	0.0036109	-0.0034764	-0.00013211	0	0	0
# CONV t=200.00 cond=0 evap=0 rough=0 back_s=0
# LEDGER t=200.000 mode=3 sum_err=0 max|E-iEu|=1.110e-16 run_max_diff=0.000e+00 run_max_sum_err=0 steps=10000 E0_int=9742124234782609 sum=9742124234782609
# NETG t=200.00 gates min=0.0000 mean=0.0000 edges=1
# PIN t=200.00 R=-0.425703552 nv=2
# SLIP t=200.00 e=0 psi=+2.3491 unw=-79.324 nu_win=-0.063561 dwb_win=-0.398981
205.000	9740.83136	1.33493105	0	0.400016167	9742.12423478	1.867e-16	57687	10.998	13.830	13.296	0.984	0.0000	0.8435	0.18085	0.8499	0.9925	1.64333	1.64999	0.0000	0.0000	0.0000	0.00062405	-0.0017644	-0.00052208	0	0	0
# CONV t=205.00 cond=0 evap=0 rough=0 back_s=0
# LEDGER t=205.000 mode=3 sum_err=0 max|E-iEu|=1.110e-16 run_max_diff=0.000e+00 run_max_sum_err=0 steps=10250 E0_int=9742124234782609 sum=9742124234782609
# NETG t=205.00 gates min=0.8110 mean=0.8035 edges=1
# PIN t=205.00 R=-0.442077266 nv=2
# SLIP t=205.00 e=0 psi=+0.3370 unw=-81.336 nu_win=-0.064047 dwb_win=-0.399624
210.000	9740.83136	1.33025086	0	0.400223591	9742.12423478	0.000e+00	57687	10.998	13.837	13.305	0.984	0.0000	0.8435	0.18255	0.8499	0.9925	1.64342	1.64998	0.0000	0.0000	0.0000	0.00039486	-0.0027542	-0.0010107	0	0	0
# CONV t=210.00 cond=0 evap=0 rough=0 back_s=0
# LEDGER t=210.000 mode=3 sum_err=0 max|E-iEu|=1.110e-16 run_max_diff=0.000e+00 run_max_sum_err=0 steps=10500 E0_int=9742124234782609 sum=9742124234782609
# NETG t=210.00 gates min=0.0029 mean=0.0029 edges=1
# PIN t=210.00 R=-0.437604503 nv=2
# SLIP t=210.00 e=0 psi=-1.6069 unw=-83.280 nu_win=-0.061874 dwb_win=-0.398669
215.000	9740.83136	1.33269884	0	0.417649342	9742.12423478	1.867e-16	57687	10.997	13.835	13.302	0.983	0.0000	0.8435	0.18624	0.8499	0.9925	1.64322	1.64998	0.0000	0.0000	0.0000	1.3203e-05	-0.00072762	5.2688e-05	0	0	0
# CONV t=215.00 cond=0 evap=0 rough=0 back_s=0
# LEDGER t=215.000 mode=3 sum_err=0 max|E-iEu|=1.110e-16 run_max_diff=0.000e+00 run_max_sum_err=0 steps=10750 E0_int=9742124234782609 sum=9742124234782609
# NETG t=215.00 gates min=0.0000 mean=0.0000 edges=1
# PIN t=215.00 R=-0.457478239 nv=2
# SLIP t=215.00 e=0 psi=+2.6787 unw=-85.278 nu_win=-0.063585 dwb_win=-0.398957
220.000	9740.83136	1.3387625	0	0.418192865	9742.12423478	1.867e-16	57687	11.005	13.811	13.313	0.980	0.0000	0.8435	0.18757	0.8499	0.9925	1.64338	1.64998	0.0000	0.0000	0.0000	0.00040923	-0.00097809	-0.0017467	0	0	0
# CONV t=220.00 cond=0 evap=0 rough=0 back_s=0
# LEDGER t=220.000 mode=3 sum_err=0 max|E-iEu|=1.110e-16 run_max_diff=0.000e+00 run_max_sum_err=0 steps=11000 E0_int=9742124234782609 sum=9742124234782609
# NETG t=220.00 gates min=0.4025 mean=0.4007 edges=1
# PIN t=220.00 R=-0.464085418 nv=2
# SLIP t=220.00 e=0 psi=+0.6714 unw=-87.285 nu_win=-0.063896 dwb_win=-0.399821
225.000	9740.83136	1.33237567	0	0.432856606	9742.12423478	0.000e+00	57687	10.994	13.825	13.310	0.980	0.0000	0.8435	0.18911	0.8499	0.9925	1.64335	1.64998	0.0000	0.0000	0.0000	0.00072411	-0.002817	-0.0021257	0	0	0
# CONV t=225.00 cond=0 evap=0 rough=0 back_s=0
# LEDGER t=225.000 mode=3 sum_err=0 max|E-iEu|=1.110e-16 run_max_diff=0.000e+00 run_max_sum_err=0 steps=11250 E0_int=9742124234782609 sum=9742124234782609
# NETG t=225.00 gates min=0.0288 mean=0.0284 edges=1
# PIN t=225.00 R=-0.472362329 nv=2
# SLIP t=225.00 e=0 psi=-1.2831 unw=-89.240 nu_win=-0.062214 dwb_win=-0.398432
230.000	9740.83136	1.34044803	0	0.44463697	9742.12423478	0.000e+00	57687	11.011	13.808	13.311	0.980	0.0000	0.8435	0.19221	0.8499	0.9925	1.64323	1.64998	0.0000	0.0000	0.0000	0.0020489	0.0033142	-0.0027719	0	0	0
# CONV t=230.00 cond=0 evap=0 rough=0 back_s=0
# LEDGER t=230.000 mode=3 sum_err=0 max|E-iEu|=1.110e-16 run_max_diff=0.000e+00 run_max_sum_err=0 steps=11500 E0_int=9742124234782609 sum=9742124234782609
# NETG t=230.00 gates min=0.0000 mean=0.0000 edges=1
# PIN t=230.00 R=-0.492215053 nv=2
# SLIP t=230.00 e=0 psi=+3.0100 unw=-91.230 nu_win=-0.063348 dwb_win=-0.398845
235.000	9740.83136	1.34123259	0	0.451404436	9742.12423478	0.000e+00	57687	10.986	13.816	13.322	0.975	0.0000	0.8435	0.19394	0.8499	0.9925	1.64335	1.64998	0.0000	0.0000	0.0000	0.00024461	0.00058894	-0.00088349	0	0	0
# CONV t=235.00 cond=0 evap=0 rough=0 back_s=0
# LEDGER t=235.000 mode=3 sum_err=0 max|E-iEu|=1.110e-16 run_max_diff=0.000e+00 run_max_sum_err=0 steps=11750 E0_int=9742124234782609 sum=9742124234782609
# NETG t=235.00 gates min=0.1187 mean=0.1185 edges=1
# PIN t=235.00 R=-0.499767083 nv=2
# SLIP t=235.00 e=0 psi=+1.0105 unw=-93.229 nu_win=-0.063645 dwb_win=-0.399675
240.000	9740.83136	1.33653906	0	0.464438925	9742.12423478	1.867e-16	57687	11.000	13.827	13.327	0.977	0.0000	0.8435	0.19526	0.8499	0.9925	1.64334	1.64998	0.0000	0.0000	0.0000	-9.7949e-05	-0.00010934	-0.0022299	0	0	0
# CONV t=240.00 cond=0 evap=0 rough=0 back_s=0
# LEDGER t=240.000 mode=3 sum_err=0 max|E-iEu|=1.110e-16 run_max_diff=0.000e+00 run_max_sum_err=0 steps=12000 E0_int=9742124234782609 sum=9742124234782609
# NETG t=240.00 gates min=0.1513 mean=0.1505 edges=1
# PIN t=240.00 R=-0.508108037 nv=2
# SLIP t=240.00 e=0 psi=-0.9527 unw=-95.192 nu_win=-0.062491 dwb_win=-0.398573
245.000	9740.83136	1.34196807	0	0.470015759	9742.12423478	0.000e+00	57687	11.011	13.802	13.291	0.978	0.0000	0.8435	0.19698	0.8499	0.9925	1.64328	1.64998	0.0000	0.0000	0.0000	0.0023087	-0.0041547	0.0014543	0	0	0
# CONV t=245.00 cond=0 evap=0 rough=0 back_s=0
# LEDGER t=245.000 mode=3 sum_err=0 max|E-iEu|=1.110e-16 run_max_diff=0.000e+00 run_max_sum_err=0 steps=12250 E0_int=9742124234782609 sum=9742124234782609
# NETG t=245.00 gates min=0.0000 mean=0.0000 edges=1
# PIN t=245.00 R=-0.519113883 nv=2
# SLIP t=245.00 e=0 psi=-2.9398 unw=-97.180 nu_win=-0.063250 dwb_win=-0.399328
250.000	9740.83136	1.33909392	0	0.493439673	9742.12423478	0.000e+00	57687	11.012	13.810	13.310	0.979	0.0000	0.8435	0.20016	0.8499	0.9925	1.64313	1.64998	0.0000	0.0000	0.0000	0.0012267	-0.00012218	-0.00053071	0	0	0
# CONV t=250.00 cond=0 evap=0 rough=0 back_s=0
# LEDGER t=250.000 mode=3 sum_err=0 max|E-iEu|=1.110e-16 run_max_diff=0.000e+00 run_max_sum_err=0 steps=12500 E0_int=9742124234782609 sum=9742124234782609
# NETG t=250.00 gates min=0.0197 mean=0.0196 edges=1
# PIN t=250.00 R=-0.539663649 nv=2
# SLIP t=250.00 e=0 psi=+1.3462 unw=-99.177 nu_win=-0.063573 dwb_win=-0.398911
255.000	9740.83136	1.3465705	0	0.506625192	9742.12423478	0.000e+00	57687	11.026	13.800	13.294	0.977	0.0000	0.8435	0.20029	0.8499	0.9925	1.64315	1.64998	0.0000	0.0000	0.0000	-0.001039	0.00077251	-0.0004708	0	0	0
# CONV t=255.00 cond=0 evap=0 rough=0 back_s=0
# LEDGER t=255.000 mode=3 sum_err=0 max|E-iEu|=1.110e-16 run_max_diff=0.000e+00 run_max_sum_err=0 steps=12750 E0_int=9742124234782609 sum=9742124234782609
# NETG t=255.00 gates min=0.4303 mean=0.4208 edges=1
# PIN t=255.00 R=-0.56032575 nv=2
# SLIP t=255.00 e=0 psi=-0.6437 unw=-101.167 nu_win=-0.063340 dwb_win=-0.398724
260.000	9740.83136	1.34144823	0	0.503238346	9742.12423478	1.867e-16	57687	11.015	13.838	13.315	0.973	0.0000	0.8435	0.20153	0.8499	0.9925	1.64326	1.64998	0.0000	0.0000	0.0000	0.0010003	0.0015927	-8.4161e-05	0	0	0
# CONV t=260.00 cond=0 evap=0 rough=0 back_s=0
# LEDGER t=260.000 mode=3 sum_err=0 max|E-iEu|=1.110e-16 run_max_diff=0.000e+00 run_max_sum_err=0 steps=13000 E0_int=9742124234782609 sum=9742124234782609
# NETG t=260.00 gates min=0.0000 mean=0.0000 edges=1
# PIN t=260.00 R=-0.551816633 nv=2
# SLIP t=260.00 e=0 psi=-2.6068 unw=-103.130 nu_win=-0.062488 dwb_win=-0.399521
265.000	9740.83136	1.35141529	0	0.515691526	9742.12423478	-1.867e-16	57687	11.024	13.804	13.312	0.973	0.0000	0.8435	0.20401	0.8499	0.9925	1.64304	1.64998	0.0000	0.0000	0.0000	0.0014668	-0.0026212	-0.0016572	0	0	0
# CONV t=265.00 cond=0 evap=0 rough=0 back_s=0
# LEDGER t=265.000 mode=3 sum_err=0 max|E-iEu|=1.110e-16 run_max_diff=0.000e+00 run_max_sum_err=0 steps=13250 E0_int=9742124234782609 sum=9742124234782609
# NETG t=265.00 gates min=0.0016 mean=0.0016 edges=1
# PIN t=265.00 R=-0.57423687 nv=2
# SLIP t=265.00 e=0 psi=+1.6784 unw=-105.128 nu_win=-0.063597 dwb_win=-0.398771
270.000	9740.83136	1.35035217	0	0.526563591	9742.12423478	1.867e-16	57687	11.016	13.800	13.295	0.972	0.0000	0.8435	0.20456	0.8499	0.9925	1.64309	1.64998	0.0000	0.0000	0.0000	-0.00049509	0.0019867	-0.0012551	0	0	0
# CONV t=270.00 cond=0 evap=0 rough=0 back_s=0
# LEDGER t=270.000 mode=3 sum_err=0 max|E-iEu|=1.110e-16 run_max_diff=0.000e+00 run_max_sum_err=0 steps=13500 E0_int=9742124234782609 sum=9742124234782609
# NETG t=270.00 gates min=0.8062 mean=0.8035 edges=1
# PIN t=270.00 R=-0.584045811 nv=2
# SLIP t=270.00 e=0 psi=-0.3274 unw=-107.134 nu_win=-0.063849 dwb_win=-0.399028
275.000	9740.83136	1.3580253	0	0.519257638	9742.12423478	-1.867e-16	57687	11.041	13.821	13.307	0.969	0.0000	0.8435	0.20565	0.8499	0.9925	1.64321	1.64998	0.0000	0.0000	0.0000	-0.0017043	-0.0008983	-0.0034718	0	0	0
# CONV t=275.00 cond=0 evap=0 rough=0 back_s=0
# LEDGER t=275.000 mode=3 sum_err=0 max|E-iEu|=1.110e-16 run_max_diff=0.000e+00 run_max_sum_err=0 steps=13750 E0_int=9742124234782609 sum=9742124234782609
# NETG t=275.00 gates min=0.0000 mean=0.0000 edges=1
# PIN t=275.00 R=-0.584412994 nv=2
# SLIP t=275.00 e=0 psi=-2.2761 unw=-109.082 nu_win=-0.062028 dwb_win=-0.399380
280.000	9740.83136	1.35026054	0	0.546851154	9742.12423478	0.000e+00	57687	11.035	13.791	13.318	0.971	0.0000	0.8435	0.20782	0.8499	0.9925	1.64306	1.64997	0.0000	0.0000	0.0000	0.0025685	-0.0070168	-0.002199	0	0	0
# CONV t=280.00 cond=0 evap=0 rough=0 back_s=0
# LEDGER t=280.000 mode=3 sum_err=0 max|E-iEu|=1.110e-16 run_max_diff=0.000e+00 run_max_sum_err=0 steps=14000 E0_int=9742124234782609 sum=9742124234782609
# NETG t=280.00 gates min=0.0000 mean=0.0000 edges=1
# PIN t=280.00 R=-0.604241745 nv=2
# SLIP t=280.00 e=0 psi=+2.0103 unw=-111.079 nu_win=-0.063560 dwb_win=-0.398992
285.000	9740.83136	1.35784165	0	0.564199667	9742.12423478	0.000e+00	57687	11.042	13.803	13.315	0.967	0.0000	0.8435	0.20966	0.8499	0.9925	1.64301	1.64997	0.0000	0.0000	0.0000	0.004143	-0.0025764	-0.0017318	0	0	0
# CONV t=285.00 cond=0 evap=0 rough=0 back_s=0
# LEDGER t=285.000 mode=3 sum_err=0 max|E-iEu|=1.110e-16 run_max_diff=0.000e+00 run_max_sum_err=0 steps=14250 E0_int=9742124234782609 sum=9742124234782609
# NETG t=285.00 gates min=0.9999 mean=0.9993 edges=1
# PIN t=285.00 R=-0.629171371 nv=2
# SLIP t=285.00 e=0 psi=-0.0084 unw=-113.098 nu_win=-0.064256 dwb_win=-0.399141
290.000	9740.83136	1.3522718	0	0.56041269	9742.12423478	0.000e+00	57687	11.032	13.793	13.321	0.968	0.0000	0.8435	0.21015	0.8499	0.9925	1.64319	1.64997	0.0000	0.0000	0.0000	0.00036522	-0.0011883	-0.0047321	0	0	0
# CONV t=290.00 cond=0 evap=0 rough=0 back_s=0
# LEDGER t=290.000 mode=3 sum_err=0 max|E-iEu|=1.110e-16 run_max_diff=0.000e+00 run_max_sum_err=0 steps=14500 E0_int=9742124234782609 sum=9742124234782609
# NETG t=290.00 gates min=0.0001 mean=0.0001 edges=1
# PIN t=290.00 R=-0.619814543 nv=2
# SLIP t=290.00 e=0 psi=-1.9433 unw=-115.033 nu_win=-0.061591 dwb_win=-0.398986
295.000	9740.83136	1.35982284	0	0.56171471	9742.12423478	0.000e+00	57687	11.053	13.799	13.319	0.968	0.0000	0.8435	0.21144	0.8499	0.9925	1.64318	1.64997	0.0000	0.0000	0.0000	0.0012905	-0.0031427	-0.0025469	0	0	0
# CONV t=295.00 cond=0 evap=0 rough=0 back_s=0
# LEDGER t=295.000 mode=3 sum_err=0 max|E-iEu|=1.110e-16 run_max_diff=0.000e+00 run_max_sum_err=0 steps=14750 E0_int=9742124234782609 sum=9742124234782609
# NETG t=295.00 gates min=0.0000 mean=0.0000 edges=1
# PIN t=295.00 R=-0.6286676 nv=2
# SLIP t=295.00 e=0 psi=+2.3414 unw=-117.031 nu_win=-0.063612 dwb_win=-0.399534
300.000	9740.83136	1.36424849	0	0.588832372	9742.12423478	0.000e+00	57687	11.040	13.765	13.303	0.967	0.0000	0.8435	0.21485	0.8499	0.9925	1.64296	1.64997	0.0000	0.0000	0.0000	0.0028512	-0.0026513	0.0015229	0	0	0
# CONV t=300.00 cond=0 evap=0 rough=0 back_s=0
# LEDGER t=300.000 mode=3 sum_err=0 max|E-iEu|=1.110e-16 run_max_diff=0.000e+00 run_max_sum_err=0 steps=15000 E0_int=9742124234782609 sum=9742124234782609
# NETG t=300.00 gates min=0.8134 mean=0.8063 edges=1
# PIN t=300.00 R=-0.660210911 nv=2
# SLIP t=300.00 e=0 psi=+0.3341 unw=-119.038 nu_win=-0.063896 dwb_win=-0.398704
305.000	9740.83136	1.35496818	0	0.594215483	9742.12423478	0.000e+00	57687	11.047	13.769	13.328	0.966	0.0000	0.8435	0.2146	0.8499	0.9925	1.64316	1.64997	0.0000	0.0000	0.0000	0.00079636	-0.0014899	-0.0048917	0	0	0
# CONV t=305.00 cond=0 evap=0 rough=0 back_s=0
# LEDGER t=305.000 mode=3 sum_err=0 max|E-iEu|=1.110e-16 run_max_diff=0.000e+00 run_max_sum_err=0 steps=15250 E0_int=9742124234782609 sum=9742124234782609
# NETG t=305.00 gates min=0.0028 mean=0.0028 edges=1
# PIN t=305.00 R=-0.656313719 nv=2
# SLIP t=305.00 e=0 psi=-1.6109 unw=-120.983 nu_win=-0.061911 dwb_win=-0.398666
310.000	9740.83136	1.36244329	0	0.593369835	9742.12423478	1.867e-16	57687	11.044	13.783	13.286	0.966	0.0000	0.8435	0.21506	0.8499	0.9925	1.64320	1.64997	0.0000	0.0000	0.0000	0.00050387	0.00085137	-0.0027463	0	0	0
# CONV t=310.00 cond=0 evap=0 rough=0 back_s=0
# LEDGER t=310.000 mode=3 sum_err=0 max|E-iEu|=1.110e-16 run_max_diff=0.000e+00 run_max_sum_err=0 steps=15500 E0_int=9742124234782609 sum=9742124234782609
# NETG t=310.00 gates min=0.0000 mean=0.0000 edges=1
# PIN t=310.00 R=-0.662943183 nv=2
# SLIP t=310.00 e=0 psi=+2.6740 unw=-122.982 nu_win=-0.063608 dwb_win=-0.399671
315.000	9740.83136	1.36399682	0	0.614888643	9742.12423478	1.867e-16	57687	11.055	13.768	13.311	0.965	0.0000	0.8435	0.21662	0.8499	0.9925	1.64304	1.64997	0.0000	0.0000	0.0000	0.0034121	-0.0017777	-0.0011322	0	0	0
# CONV t=315.00 cond=0 evap=0 rough=0 back_s=0
# LEDGER t=315.000 mode=3 sum_err=0 max|E-iEu|=1.110e-16 run_max_diff=0.000e+00 run_max_sum_err=0 steps=15750 E0_int=9742124234782609 sum=9742124234782609
# NETG t=315.00 gates min=0.4056 mean=0.4036 edges=1
# PIN t=315.00 R=-0.686015517 nv=2
# SLIP t=315.00 e=0 psi=+0.6690 unw=-124.987 nu_win=-0.063822 dwb_win=-0.398900
320.000	9740.83136	1.36137017	0	0.625870179	9742.12423478	0.000e+00	57687	11.028	13.785	13.296	0.966	0.0000	0.8435	0.21731	0.8499	0.9925	1.64314	1.64997	0.0000	0.0000	0.0000	-0.00068179	0.00082081	-0.0044234	0	0	0
# CONV t=320.00 cond=0 evap=0 rough=0 back_s=0
# LEDGER t=320.000 mode=3 sum_err=0 max|E-iEu|=1.110e-16 run_max_diff=0.000e+00 run_max_sum_err=0 steps=16000 E0_int=9742124234782609 sum=9742124234782609
# NETG t=320.00 gates min=0.0284 mean=0.0280 edges=1
# PIN t=320.00 R=-0.694370407 nv=2
# SLIP t=320.00 e=0 psi=-1.2856 unw=-126.941 nu_win=-0.062215 dwb_win=-0.398429
325.000	9740.83136	1.3680062	0	0.620909268	9742.12423478	1.867e-16	57687	11.038	13.799	13.298	0.963	0.0000	0.8435	0.21848	0.8499	0.9925	1.64322	1.64997	0.0000	0.0000	0.0000	-4.4114e-05	-0.0015978	-0.0033835	0	0	0
# CONV t=325.00 cond=0 evap=0 rough=0 back_s=0
# LEDGER t=325.000 mode=3 sum_err=0 max|E-iEu|=1.110e-16 run_max_diff=0.000e+00 run_max_sum_err=0 steps=16250 E0_int=9742124234782609 sum=9742124234782609
# NETG t=325.00 gates min=0.0000 mean=0.0000 edges=1
# PIN t=325.00 R=-0.696045525 nv=2
# SLIP t=325.00 e=0 psi=+3.0061 unw=-128.933 nu_win=-0.063392 dwb_win=-0.399778
330.000	9740.83136	1.36979155	0	0.640797077	9742.12423478	0.000e+00	57687	11.043	13.762	13.284	0.962	0.0000	0.8435	0.22062	0.8499	0.9925	1.64300	1.64997	0.0000	0.0000	0.0000	-0.0015252	-0.001381	-0.0031821	0	0	0
# CONV t=330.00 cond=0 evap=0 rough=0 back_s=0
# LEDGER t=330.000 mode=3 sum_err=0 max|E-iEu|=1.110e-16 run_max_diff=0.000e+00 run_max_sum_err=0 steps=16500 E0_int=9742124234782609 sum=9742124234782609
# NETG t=330.00 gates min=0.1208 mean=0.1204 edges=1
# PIN t=330.00 R=-0.717718681 nv=2
# SLIP t=330.00 e=0 psi=+1.0071 unw=-130.932 nu_win=-0.063631 dwb_win=-0.398919
335.000	9740.83136	1.35984667	0	0.660461752	9742.12423478	0.000e+00	57687	11.057	13.789	13.280	0.964	0.0000	0.8435	0.22195	0.8499	0.9925	1.64304	1.64997	0.0000	0.0000	0.0000	0.00018369	-0.00036763	-0.00060363	0	0	0
# CONV t=335.00 cond=0 evap=0 rough=0 back_s=0
# LEDGER t=335.000 mode=3 sum_err=0 max|E-iEu|=1.110e-16 run_max_diff=0.000e+00 run_max_sum_err=0 steps=16750 E0_int=9742124234782609 sum=9742124234782609
# NETG t=335.00 gates min=0.1491 mean=0.1483 edges=1
# PIN t=335.00 R=-0.72743848 nv=2
# SLIP t=335.00 e=0 psi=-0.9563 unw=-132.895 nu_win=-0.062495 dwb_win=-0.398451
340.000	9740.83136	1.36941454	0	0.653302839	9742.12423478	1.867e-16	57686	11.049	13.783	13.276	0.961	0.0000	0.8435	0.22233	0.8499	0.9925	1.64314	1.64997	0.0000	0.0000	0.0000	-0.0014534	-0.00073915	-0.00065991	0	0	0
# CONV t=340.00 cond=0 evap=0 rough=0 back_s=0
# LEDGER t=340.000 mode=3 sum_err=0 max|E-iEu|=1.110e-16 run_max_diff=0.000e+00 run_max_sum_err=0 steps=17000 E0_int=9742124234782609 sum=9742124234782609
# NETG t=340.00 gates min=0.0000 mean=0.0000 edges=1
# PIN t=340.00 R=-0.729847429 nv=2
# SLIP t=340.00 e=0 psi=-2.9445 unw=-134.883 nu_win=-0.063286 dwb_win=-0.399757
345.000	9740.83136	1.36749655	0	0.66893182	9742.12423478	0.000e+00	57686	11.045	13.741	13.263	0.963	0.0000	0.8435	0.22352	0.8499	0.9925	1.64303	1.64996	0.0000	0.0000	0.0000	0.0023196	0.00053464	-0.0031614	0	0	0
# CONV t=345.00 cond=0 evap=0 rough=0 back_s=0
# LEDGER t=345.000 mode=3 sum_err=0 max|E-iEu|=1.110e-16 run_max_diff=0.000e+00 run_max_sum_err=0 steps=17250 E0_int=9742124234782609 sum=9742124234782609
# NETG t=345.00 gates min=0.0203 mean=0.0203 edges=1
# PIN t=345.00 R=-0.743558426 nv=2
# SLIP t=345.00 e=0 psi=+1.3405 unw=-136.882 nu_win=-0.063606 dwb_win=-0.399253
350.000	9740.83136	1.3776034	0	0.686686941	9742.12423478	1.867e-16	57686	11.069	13.757	13.271	0.960	0.0000	0.8435	0.22418	0.8499	0.9925	1.64301	1.64996	0.0000	0.0000	0.0000	0.0029878	-0.0047901	-0.0033145	0	0	0
# CONV t=350.00 cond=0 evap=0 rough=0 back_s=0
# LEDGER t=350.000 mode=3 sum_err=0 max|E-iEu|=1.110e-16 run_max_diff=0.000e+00 run_max_sum_err=0 steps=17500 E0_int=9742124234782609 sum=9742124234782609
# NETG t=350.00 gates min=0.4239 mean=0.4143 edges=1
# PIN t=350.00 R=-0.771420397 nv=2
# SLIP t=350.00 e=0 psi=-0.6493 unw=-138.871 nu_win=-0.063336 dwb_win=-0.398371
355.000	9740.83136	1.36633324	0	0.687392771	9742.12423478	0.000e+00	57687	11.059	13.723	13.267	0.961	0.0000	0.8435	0.22399	0.8499	0.9925	1.64322	1.64996	0.0000	0.0000	0.0000	0.00021975	0.0029698	-0.0025764	0	0	0
# CONV t=355.00 cond=0 evap=0 rough=0 back_s=0
# LEDGER t=355.000 mode=3 sum_err=0 max|E-iEu|=1.110e-16 run_max_diff=0.000e+00 run_max_sum_err=0 steps=17750 E0_int=9742124234782609 sum=9742124234782609
# NETG t=355.00 gates min=0.0000 mean=0.0000 edges=1
# PIN t=355.00 R=-0.760856067 nv=2
# SLIP t=355.00 e=0 psi=-2.6114 unw=-140.833 nu_win=-0.062458 dwb_win=-0.399633
360.000	9740.83136	1.36607041	0	0.696372814	9742.12423478	0.000e+00	57686	11.043	13.771	13.283	0.961	0.0000	0.8435	0.22503	0.8499	0.9925	1.64324	1.64996	0.0000	0.0000	0.0000	-0.00025911	-0.0019741	-0.0024096	0	0	0
# CONV t=360.00 cond=0 evap=0 rough=0 back_s=0
# LEDGER t=360.000 mode=3 sum_err=0 max|E-iEu|=1.110e-16 run_max_diff=0.000e+00 run_max_sum_err=0 steps=18000 E0_int=9742124234782609 sum=9742124234782609
# NETG t=360.00 gates min=0.0017 mean=0.0017 edges=1
# PIN t=360.00 R=-0.769573282 nv=2
# SLIP t=360.00 e=0 psi=+1.6734 unw=-142.832 nu_win=-0.063608 dwb_win=-0.399663
365.000	9740.83136	1.3786905	0	0.707291614	9742.12423478	0.000e+00	57686	11.053	13.755	13.257	0.957	0.0000	0.8435	0.22694	0.8499	0.9925	1.64317	1.64996	0.0000	0.0000	0.0000	-0.00021238	0.0021738	-0.0011272	0	0	0
# CONV t=365.00 cond=0 evap=0 rough=0 back_s=0
# LEDGER t=365.000 mode=3 sum_err=0 max|E-iEu|=1.110e-16 run_max_diff=0.000e+00 run_max_sum_err=0 steps=18250 E0_int=9742124234782609 sum=9742124234782609
# NETG t=365.00 gates min=0.8010 mean=0.7981 edges=1
# PIN t=365.00 R=-0.793112167 nv=2
# SLIP t=365.00 e=0 psi=-0.3323 unw=-144.838 nu_win=-0.063844 dwb_win=-0.398247
370.000	9740.83136	1.36803834	0	0.718500087	9742.12423478	0.000e+00	57686	11.062	13.771	13.268	0.961	0.0000	0.8435	0.22735	0.8499	0.9925	1.64330	1.64996	0.0000	0.0000	0.0000	-0.0014723	-0.0013059	-0.0055485	0	0	0
# CONV t=370.00 cond=0 evap=0 rough=0 back_s=0
# LEDGER t=370.000 mode=3 sum_err=0 max|E-iEu|=1.110e-16 run_max_diff=0.000e+00 run_max_sum_err=0 steps=18500 E0_int=9742124234782609 sum=9742124234782609
# NETG t=370.00 gates min=0.0000 mean=0.0000 edges=1
# PIN t=370.00 R=-0.793668485 nv=2
# SLIP t=370.00 e=0 psi=-2.2797 unw=-146.785 nu_win=-0.061987 dwb_win=-0.399321
375.000	9740.83136	1.3628466	0	0.729710946	9742.12423478	0.000e+00	57686	11.059	13.764	13.267	0.958	0.0000	0.8435	0.22844	0.8499	0.9925	1.64335	1.64996	0.0000	0.0000	0.0000	-0.0011183	2.8254e-05	-0.0034771	0	0	0
# CONV t=375.00 cond=0 evap=0 rough=0 back_s=0
# LEDGER t=375.000 mode=3 sum_err=0 max|E-iEu|=1.110e-16 run_max_diff=0.000e+00 run_max_sum_err=0 steps=18750 E0_int=9742124234782609 sum=9742124234782609
# NETG t=375.00 gates min=0.0000 mean=0.0000 edges=1
# PIN t=375.00 R=-0.799687603 nv=2
# SLIP t=375.00 e=0 psi=+2.0057 unw=-148.783 nu_win=-0.063592 dwb_win=-0.399758
380.000	9740.83136	1.37964645	0	0.749220172	9742.12423478	1.867e-16	57686	11.061	13.780	13.269	0.957	0.0000	0.8435	0.23077	0.8499	0.9925	1.64314	1.64996	0.0000	0.0000	0.0000	0.0026616	-0.0020346	-0.00087791	0	0	0
# CONV t=380.00 cond=0 evap=0 rough=0 back_s=0
# LEDGER t=380.000 mode=3 sum_err=0 max|E-iEu|=1.110e-16 run_max_diff=0.000e+00 run_max_sum_err=0 steps=19000 E0_int=9742124234782609 sum=9742124234782609
# NETG t=380.00 gates min=0.9996 mean=0.9988 edges=1
# PIN t=380.00 R=-0.835996679 nv=2
# SLIP t=380.00 e=0 psi=-0.0138 unw=-150.802 nu_win=-0.064283 dwb_win=-0.398430
385.000	9740.83136	1.36514946	0	0.756026855	9742.12423478	1.867e-16	57686	11.021	13.789	13.234	0.963	0.0000	0.8435	0.23086	0.8499	0.9925	1.64331	1.64996	0.0000	0.0000	0.0000	-0.00051623	0.00097623	-0.0029639	0	0	0
# CONV t=385.00 cond=0 evap=0 rough=0 back_s=0
# LEDGER t=385.000 mode=3 sum_err=0 max|E-iEu|=1.110e-16 run_max_diff=0.000e+00 run_max_sum_err=0 steps=19250 E0_int=9742124234782609 sum=9742124234782609
# NETG t=385.00 gates min=0.0001 mean=0.0001 edges=1
# PIN t=385.00 R=-0.828306368 nv=2
# SLIP t=385.00 e=0 psi=-1.9492 unw=-152.738 nu_win=-0.061607 dwb_win=-0.398819
390.000	9740.83136	1.37097361	0	0.760238452	9742.12423478	-1.867e-16	57686	11.029	13.822	13.226	0.956	0.0000	0.8435	0.23102	0.8499	0.9925	1.64330	1.64996	0.0000	0.0000	0.0000	-0.0037576	0.00028304	-0.0045744	0	0	0
# CONV t=390.00 cond=0 evap=0 rough=0 back_s=0
# LEDGER t=390.000 mode=3 sum_err=0 max|E-iEu|=1.110e-16 run_max_diff=0.000e+00 run_max_sum_err=0 steps=19500 E0_int=9742124234782609 sum=9742124234782609
# NETG t=390.00 gates min=0.0000 mean=0.0000 edges=1
# PIN t=390.00 R=-0.838342118 nv=2
# SLIP t=390.00 e=0 psi=+2.3360 unw=-154.736 nu_win=-0.063597 dwb_win=-0.399521
395.000	9740.83136	1.36742296	0	0.778415014	9742.12423478	1.867e-16	57686	11.012	13.816	13.247	0.957	0.0000	0.8435	0.23253	0.8499	0.9925	1.64314	1.64996	0.0000	0.0000	0.0000	-0.0010397	-0.0030772	0.0044446	0	0	0
# CONV t=395.00 cond=0 evap=0 rough=0 back_s=0
# LEDGER t=395.000 mode=3 sum_err=0 max|E-iEu|=1.110e-16 run_max_diff=0.000e+00 run_max_sum_err=0 steps=19750 E0_int=9742124234782609 sum=9742124234782609
# NETG t=395.00 gates min=0.8302 mean=0.8225 edges=1
# PIN t=395.00 R=-0.852968027 nv=2
# SLIP t=395.00 e=0 psi=+0.3194 unw=-156.752 nu_win=-0.064190 dwb_win=-0.399096
400.000	9740.83136	1.37558072	0	0.779910999	9742.12423478	0.000e+00	57686	11.064	13.787	13.242	0.956	0.0000	0.8435	0.23315	0.8499	0.9925	1.64326	1.64996	0.0000	0.0000	0.0000	-0.0012545	0.0052688	0.00010281	0	0	0
# CONV t=400.00 cond=0 evap=0 rough=0 back_s=0
# LEDGER t=400.000 mode=3 sum_err=0 max|E-iEu|=1.110e-16 run_max_diff=0.000e+00 run_max_sum_err=0 steps=20000 E0_int=9742124234782609 sum=9742124234782609
# NETG t=400.00 gates min=0.0027 mean=0.0027 edges=1
# PIN t=400.00 R=-0.862621775 nv=2
# SLIP t=400.00 e=0 psi=-1.6175 unw=-158.689 nu_win=-0.061655 dwb_win=-0.398537
405.000	9740.83136	1.37732338	0	0.789508514	9742.12423478	0.000e+00	57686	11.063	13.803	13.219	0.959	0.0000	0.8435	0.23328	0.8499	0.9925	1.64327	1.64995	0.0000	0.0000	0.0000	-0.001216	0.0035233	-0.0015128	0	0	0
# CONV t=405.00 cond=0 evap=0 rough=0 back_s=0
# LEDGER t=405.000 mode=3 sum_err=0 max|E-iEu|=1.110e-16 run_max_diff=0.000e+00 run_max_sum_err=0 steps=20250 E0_int=9742124234782609 sum=9742124234782609
# NETG t=405.00 gates min=0.0000 mean=0.0000 edges=1
# PIN t=405.00 R=-0.873961953 nv=2
# SLIP t=405.00 e=0 psi=+2.6685 unw=-160.686 nu_win=-0.063572 dwb_win=-0.399368
410.000	9740.83136	1.38092843	0	0.803146874	9742.12423478	1.867e-16	57686	11.048	13.795	13.249	0.955	0.0000	0.8435	0.23419	0.8499	0.9925	1.64315	1.64995	0.0000	0.0000	0.0000	0.00076289	-0.00031345	0.0029134	0	0	0
# CONV t=410.00 cond=0 evap=0 rough=0 back_s=0
# LEDGER t=410.000 mode=3 sum_err=0 max|E-iEu|=1.110e-16 run_max_diff=0.000e+00 run_max_sum_err=0 steps=20500 E0_int=9742124234782609 sum=9742124234782609
# NETG t=410.00 gates min=0.4125 mean=0.4105 edges=1
# PIN t=410.00 R=-0.891205364 nv=2
# SLIP t=410.00 e=0 psi=+0.6628 unw=-162.692 nu_win=-0.063842 dwb_win=-0.399189
415.000	9740.83136	1.38498901	0	0.810613506	9742.12423478	1.867e-16	57686	11.034	13.782	13.249	0.954	0.0000	0.8435	0.23479	0.8499	0.9925	1.64313	1.64995	0.0000	0.0000	0.0000	-0.0036229	0.0038024	-0.00026326	0	0	0
# CONV t=415.00 cond=0 evap=0 rough=0 back_s=0
# LEDGER t=415.000 mode=3 sum_err=0 max|E-iEu|=1.110e-16 run_max_diff=0.000e+00 run_max_sum_err=0 steps=20750 E0_int=9742124234782609 sum=9742124234782609
# NETG t=415.00 gates min=0.0277 mean=0.0272 edges=1
# PIN t=415.00 R=-0.902732571 nv=2
# SLIP t=415.00 e=0 psi=-1.2899 unw=-164.645 nu_win=-0.062157 dwb_win=-0.398373
420.000	9740.83136	1.39380272	0	0.807811611	9742.12423478	1.867e-16	57686	11.051	13.792	13.260	0.953	0.0000	0.8435	0.23489	0.8499	0.9925	1.64322	1.64995	0.0000	0.0000	0.0000	-0.0018366	0.001931	-0.0012085	0	0	0
# CONV t=420.00 cond=0 evap=0 rough=0 back_s=0
# LEDGER t=420.000 mode=3 sum_err=0 max|E-iEu|=1.110e-16 run_max_diff=0.000e+00 run_max_sum_err=0 steps=21000 E0_int=9742124234782609 sum=9742124234782609
# NETG t=420.00 gates min=0.0000 mean=0.0000 edges=1
# PIN t=420.00 R=-0.908744389 nv=2
# SLIP t=420.00 e=0 psi=+3.0028 unw=-166.635 nu_win=-0.063359 dwb_win=-0.399500
425.000	9740.83136	1.38524527	0	0.830695979	9742.12423478	0.000e+00	57686	11.035	13.830	13.258	0.948	0.0000	0.8435	0.23556	0.8499	0.9925	1.64318	1.64995	0.0000	0.0000	0.0000	-0.00069623	-0.0016737	0.00055287	0	0	0
# CONV t=425.00 cond=0 evap=0 rough=0 back_s=0
# LEDGER t=425.000 mode=3 sum_err=0 max|E-iEu|=1.110e-16 run_max_diff=0.000e+00 run_max_sum_err=0 steps=21250 E0_int=9742124234782609 sum=9742124234782609
# NETG t=425.00 gates min=0.1240 mean=0.1229 edges=1
# PIN t=425.00 R=-0.923071309 nv=2
# SLIP t=425.00 e=0 psi=+1.0035 unw=-168.634 nu_win=-0.063638 dwb_win=-0.399304
430.000	9740.83136	1.38366054	0	0.846372972	9742.12423478	0.000e+00	57686	11.041	13.820	13.219	0.951	0.0000	0.8435	0.23628	0.8499	0.9925	1.64316	1.64995	0.0000	0.0000	0.0000	-0.0012433	0.0049834	-0.000486	0	0	0
# CONV t=430.00 cond=0 evap=0 rough=0 back_s=0
# LEDGER t=430.000 mode=3 sum_err=0 max|E-iEu|=1.110e-16 run_max_diff=0.000e+00 run_max_sum_err=0 steps=21500 E0_int=9742124234782609 sum=9742124234782609
# NETG t=430.00 gates min=0.1477 mean=0.1467 edges=1
# PIN t=430.00 R=-0.937163572 nv=2
# SLIP t=430.00 e=0 psi=-0.9586 unw=-170.597 nu_win=-0.062456 dwb_win=-0.398255
435.000	9740.83136	1.38032626	0	0.856614909	9742.12423478	0.000e+00	57686	11.042	13.815	13.242	0.954	0.0000	0.8435	0.23669	0.8499	0.9925	1.64318	1.64995	0.0000	0.0000	0.0000	-0.00024228	-0.00050597	-0.0045433	0	0	0
# CONV t=435.00 cond=0 evap=0 rough=0 back_s=0
# LEDGER t=435.000 mode=3 sum_err=0 max|E-iEu|=1.110e-16 run_max_diff=0.000e+00 run_max_sum_err=0 steps=21750 E0_int=9742124234782609 sum=9742124234782609
# NETG t=435.00 gates min=0.0000 mean=0.0000 edges=1
# PIN t=435.00 R=-0.944071222 nv=2
# SLIP t=435.00 e=0 psi=-2.9459 unw=-172.584 nu_win=-0.063260 dwb_win=-0.399539
440.000	9740.83136	1.38235704	0	0.864148608	9742.12423478	1.867e-16	57686	11.020	13.813	13.210	0.951	0.0000	0.8435	0.23697	0.8499	0.9925	1.64315	1.64995	0.0000	0.0000	0.0000	-0.001572	-0.0011286	-0.00071323	0	0	0
# CONV t=440.00 cond=0 evap=0 rough=0 back_s=0
# LEDGER t=440.000 mode=3 sum_err=0 max|E-iEu|=1.110e-16 run_max_diff=0.000e+00 run_max_sum_err=0 steps=22000 E0_int=9742124234782609 sum=9742124234782609
# NETG t=440.00 gates min=0.0208 mean=0.0207 edges=1
# PIN t=440.00 R=-0.953635702 nv=2
# SLIP t=440.00 e=0 psi=+1.3383 unw=-174.583 nu_win=-0.063628 dwb_win=-0.399599
445.000	9740.83136	1.38796455	0	0.888148212	9742.12423478	1.867e-16	57686	11.025	13.798	13.221	0.951	0.0000	0.8435	0.23776	0.8499	0.9925	1.64296	1.64995	0.0000	0.0000	0.0000	-0.004295	-0.0027276	-0.0029819	0	0	0
# CONV t=445.00 cond=0 evap=0 rough=0 back_s=0
# LEDGER t=445.000 mode=3 sum_err=0 max|E-iEu|=1.110e-16 run_max_diff=0.000e+00 run_max_sum_err=0 steps=22250 E0_int=9742124234782609 sum=9742124234782609
# NETG t=445.00 gates min=0.4241 mean=0.4158 edges=1
# PIN t=445.00 R=-0.983242815 nv=2
# SLIP t=445.00 e=0 psi=-0.6491 unw=-176.570 nu_win=-0.063261 dwb_win=-0.398117
450.000	9740.83136	1.39306796	0	0.880489383	9742.12423478	0.000e+00	57686	11.010	13.828	13.244	0.947	0.0000	0.8435	0.23766	0.8499	0.9925	1.64316	1.64995	0.0000	0.0000	0.0000	-0.0025476	0.0023537	-0.0034754	0	0	0
# CONV t=450.00 cond=0 evap=0 rough=0 back_s=0
# LEDGER t=450.000 mode=3 sum_err=0 max|E-iEu|=1.110e-16 run_max_diff=0.000e+00 run_max_sum_err=0 steps=22500 E0_int=9742124234782609 sum=9742124234782609
# NETG t=450.00 gates min=0.0000 mean=0.0000 edges=1
# PIN t=450.00 R=-0.9806874 nv=2
# SLIP t=450.00 e=0 psi=-2.6129 unw=-178.534 nu_win=-0.062510 dwb_win=-0.399295
455.000	9740.83136	1.38593069	0	0.893332344	9742.12423478	0.000e+00	57686	11.019	13.835	13.253	0.949	0.0000	0.8435	0.23817	0.8499	0.9925	1.64324	1.64994	0.0000	0.0000	0.0000	-0.0022101	-0.001326	-0.003564	0	0	0
# CONV t=455.00 cond=0 evap=0 rough=0 back_s=0
# LEDGER t=455.000 mode=3 sum_err=0 max|E-iEu|=1.110e-16 run_max_diff=0.000e+00 run_max_sum_err=0 steps=22750 E0_int=9742124234782609 sum=9742124234782609
# NETG t=455.00 gates min=0.0017 mean=0.0017 edges=1
# PIN t=455.00 R=-0.986393087 nv=2
# SLIP t=455.00 e=0 psi=+1.6716 unw=-180.533 nu_win=-0.063620 dwb_win=-0.399793
460.000	9740.83136	1.39095828	0	0.912416047	9742.12423478	1.867e-16	57686	11.031	13.786	13.238	0.946	0.0000	0.8435	0.23922	0.8499	0.9925	1.64317	1.64994	0.0000	0.0000	0.0000	-0.0011867	-0.0013343	-0.00023388	0	0	0
# CONV t=460.00 cond=0 evap=0 rough=0 back_s=0
# LEDGER t=460.000 mode=3 sum_err=0 max|E-iEu|=1.110e-16 run_max_diff=0.000e+00 run_max_sum_err=0 steps=23000 E0_int=9742124234782609 sum=9742124234782609
# NETG t=460.00 gates min=0.8003 mean=0.7973 edges=1
# PIN t=460.00 R=-1.01050438 nv=2
# SLIP t=460.00 e=0 psi=-0.3330 unw=-182.537 nu_win=-0.063808 dwb_win=-0.398175
465.000	9740.83136	1.38577459	0	0.921078112	9742.12423478	1.867e-16	57686	11.014	13.789	13.212	0.950	0.0000	0.8435	0.23965	0.8499	0.9925	1.64326	1.64994	0.0000	0.0000	0.0000	-0.0048475	0.0010056	0.0010365	0	0	0
# CONV t=465.00 cond=0 evap=0 rough=0 back_s=0
# LEDGER t=465.000 mode=3 sum_err=0 max|E-iEu|=1.110e-16 run_max_diff=0.000e+00 run_max_sum_err=0 steps=23250 E0_int=9742124234782609 sum=9742124234782609
# NETG t=465.00 gates min=0.0000 mean=0.0000 edges=1
# PIN t=465.00 R=-1.01398276 nv=2
# SLIP t=465.00 e=0 psi=-2.2809 unw=-184.485 nu_win=-0.062004 dwb_win=-0.399177
470.000	9740.83136	1.39688371	0	0.918234959	9742.12423478	1.867e-16	57686	11.017	13.810	13.217	0.949	0.0000	0.8435	0.23951	0.8499	0.9925	1.64327	1.64994	0.0000	0.0000	0.0000	0.00011926	-0.00027866	-0.00070879	0	0	0
# CONV t=470.00 cond=0 evap=0 rough=0 back_s=0
# LEDGER t=470.000 mode=3 sum_err=0 max|E-iEu|=1.110e-16 run_max_diff=0.000e+00 run_max_sum_err=0 steps=23500 E0_int=9742124234782609 sum=9742124234782609
# NETG t=470.00 gates min=0.0001 mean=0.0001 edges=1
# PIN t=470.00 R=-1.02224873 nv=2
# SLIP t=470.00 e=0 psi=+2.0038 unw=-186.484 nu_win=-0.063613 dwb_win=-0.399689
475.000	9740.83136	1.40311428	0	0.949140163	9742.12423478	0.000e+00	57686	11.023	13.818	13.229	0.942	0.0000	0.8435	0.24022	0.8499	0.9925	1.64311	1.64994	0.0000	0.0000	0.0000	-0.0031211	-0.0031723	-0.0015002	0	0	0
# CONV t=475.00 cond=0 evap=0 rough=0 back_s=0
# LEDGER t=475.000 mode=3 sum_err=0 max|E-iEu|=1.110e-16 run_max_diff=0.000e+00 run_max_sum_err=0 steps=23750 E0_int=9742124234782609 sum=9742124234782609
# NETG t=475.00 gates min=0.9996 mean=0.9989 edges=1
# PIN t=475.00 R=-1.0593845 nv=2
# SLIP t=475.00 e=0 psi=-0.0136 unw=-188.501 nu_win=-0.064216 dwb_win=-0.398387
480.000	9740.83136	1.39373899	0	0.948911293	9742.12423478	0.000e+00	57686	11.008	13.806	13.202	0.945	0.0000	0.8435	0.23875	0.8499	0.9925	1.64334	1.64994	0.0000	0.0000	0.0000	-0.0057743	0.0039782	-0.0023598	0	0	0
# CONV t=480.00 cond=0 evap=0 rough=0 back_s=0
# LEDGER t=480.000 mode=3 sum_err=0 max|E-iEu|=1.110e-16 run_max_diff=0.000e+00 run_max_sum_err=0 steps=24000 E0_int=9742124234782609 sum=9742124234782609
# NETG t=480.00 gates min=0.0001 mean=0.0001 edges=1
# PIN t=480.00 R=-1.04978034 nv=2
# SLIP t=480.00 e=0 psi=-1.9483 unw=-190.436 nu_win=-0.061584 dwb_win=-0.398931
485.000	9740.83136	1.39924417	0	0.950209087	9742.12423478	1.867e-16	57686	11.031	13.813	13.224	0.943	0.0000	0.8435	0.24017	0.8499	0.9925	1.64333	1.64994	0.0000	0.0000	0.0000	-0.0040494	0.0049424	-0.0031244	0	0	0
# CONV t=485.00 cond=0 evap=0 rough=0 back_s=0
# LEDGER t=485.000 mode=3 sum_err=0 max|E-iEu|=1.110e-16 run_max_diff=0.000e+00 run_max_sum_err=0 steps=24250 E0_int=9742124234782609 sum=9742124234782609
# NETG t=485.00 gates min=0.0000 mean=0.0000 edges=1
# PIN t=485.00 R=-1.05658332 nv=2
# SLIP t=485.00 e=0 psi=+2.3364 unw=-192.434 nu_win=-0.063615 dwb_win=-0.399688
490.000	9740.83136	1.39756195	0	0.987092561	9742.12423478	0.000e+00	57687	10.986	13.801	13.194	0.943	0.0000	0.8435	0.24249	0.8499	0.9925	1.64309	1.64994	0.0000	0.0000	0.0000	0.00096228	-0.0022416	-0.00053735	0	0	0
# CONV t=490.00 cond=0 evap=0 rough=0 back_s=0
# LEDGER t=490.000 mode=3 sum_err=0 max|E-iEu|=1.110e-16 run_max_diff=0.000e+00 run_max_sum_err=0 steps=24500 E0_int=9742124234782609 sum=9742124234782609
# NETG t=490.00 gates min=0.8201 mean=0.8131 edges=1
# PIN t=490.00 R=-1.09178457 nv=2
# SLIP t=490.00 e=0 psi=+0.3275 unw=-194.443 nu_win=-0.063944 dwb_win=-0.398457
495.000	9740.83136	1.39424218	0	0.985555657	9742.12423478	1.867e-16	57687	10.997	13.805	13.233	0.941	0.0000	0.8435	0.24194	0.8499	0.9925	1.64325	1.64994	0.0000	0.0000	0.0000	-0.003809	0.0037844	-0.0011459	0	0	0
# CONV t=495.00 cond=0 evap=0 rough=0 back_s=0
# LEDGER t=495.000 mode=3 sum_err=0 max|E-iEu|=1.110e-16 run_max_diff=0.000e+00 run_max_sum_err=0 steps=24750 E0_int=9742124234782609 sum=9742124234782609
# NETG t=495.00 gates min=0.0027 mean=0.0027 edges=1
# PIN t=495.00 R=-1.08692789 nv=2
# SLIP t=495.00 e=0 psi=-1.6167 unw=-196.387 nu_win=-0.061887 dwb_win=-0.398654
500.000	9740.83136	1.39298483	0	0.994538236	9742.12423478	1.867e-16	57687	11.001	13.831	13.210	0.945	0.0000	0.8435	0.24228	0.8499	0.9925	1.64334	1.64993	0.0000	0.0000	0.0000	-0.0034374	0.002379	-0.0033265	0	0	0
# CONV t=500.00 cond=0 evap=0 rough=0 back_s=0
# LEDGER t=500.000 mode=3 sum_err=0 max|E-iEu|=1.110e-16 run_max_diff=0.000e+00 run_max_sum_err=0 steps=25000 E0_int=9742124234782609 sum=9742124234782609
# NETG t=500.00 gates min=0.0000 mean=0.0000 edges=1
# PIN t=500.00 R=-1.09465313 nv=2
# SLIP t=500.00 e=0 psi=+2.6681 unw=-198.386 nu_win=-0.063608 dwb_win=-0.399720
505.000	9740.83136	1.4061038	0	1.00037334	9742.12423478	0.000e+00	57687	10.998	13.825	13.238	0.941	0.0000	0.8435	0.24354	0.8499	0.9925	1.64323	1.64993	0.0000	0.0000	0.0000	-0.0020003	0.00033859	-0.00049386	0	0	0
# CONV t=505.00 cond=0 evap=0 rough=0 back_s=0
# LEDGER t=505.000 mode=3 sum_err=0 max|E-iEu|=1.110e-16 run_max_diff=0.000e+00 run_max_sum_err=0 steps=25250 E0_int=9742124234782609 sum=9742124234782609
# NETG t=505.00 gates min=0.4133 mean=0.4105 edges=1
# PIN t=505.00 R=-1.1136072 nv=2
# SLIP t=505.00 e=0 psi=+0.6635 unw=-200.390 nu_win=-0.063809 dwb_win=-0.399032
510.000	9740.83136	1.38987305	0	1.02353221	9742.12423478	1.867e-16	57687	11.003	13.854	13.221	0.944	0.0000	0.8435	0.2441	0.8499	0.9925	1.64332	1.64993	0.0000	0.0000	0.0000	-0.0065269	0.00039565	-0.0048231	0	0	0
# CONV t=510.00 cond=0 evap=0 rough=0 back_s=0
# LEDGER t=510.000 mode=3 sum_err=0 max|E-iEu|=1.110e-16 run_max_diff=0.000e+00 run_max_sum_err=0 steps=25500 E0_int=9742124234782609 sum=9742124234782609
# NETG t=510.00 gates min=0.0285 mean=0.0283 edges=1
# PIN t=510.00 R=-1.12053531 nv=2
# SLIP t=510.00 e=0 psi=-1.2852 unw=-202.339 nu_win=-0.062031 dwb_win=-0.398422
515.000	9740.83136	1.39086643	0	1.03308238	9742.12423478	0.000e+00	57687	10.989	13.851	13.219	0.944	0.0000	0.8435	0.24438	0.8499	0.9925	1.64334	1.64993	0.0000	0.0000	0.0000	-0.00041211	0.0011829	0.0002573	0	0	0
# CONV t=515.00 cond=0 evap=0 rough=0 back_s=0
# LEDGER t=515.000 mode=3 sum_err=0 max|E-iEu|=1.110e-16 run_max_diff=0.000e+00 run_max_sum_err=0 steps=25750 E0_int=9742124234782609 sum=9742124234782609
# NETG t=515.00 gates min=0.0000 mean=0.0000 edges=1
# PIN t=515.00 R=-1.13107887 nv=2
# SLIP t=515.00 e=0 psi=+3.0023 unw=-204.335 nu_win=-0.063525 dwb_win=-0.399504
520.000	9740.83136	1.40672712	0	1.03169071	9742.12423478	1.867e-16	57687	10.999	13.834	13.243	0.940	0.0000	0.8435	0.24574	0.8499	0.9925	1.64327	1.64993	0.0000	0.0000	0.0000	-0.00037517	-0.0032629	0.0019255	0	0	0
# CONV t=520.00 cond=0 evap=0 rough=0 back_s=0
# LEDGER t=520.000 mode=3 sum_err=0 max|E-iEu|=1.110e-16 run_max_diff=0.000e+00 run_max_sum_err=0 steps=26000 E0_int=9742124234782609 sum=9742124234782609
# NETG t=520.00 gates min=0.1239 mean=0.1230 edges=1
# PIN t=520.00 R=-1.14554788 nv=2
# SLIP t=520.00 e=0 psi=+1.0029 unw=-206.334 nu_win=-0.063641 dwb_win=-0.399246
525.000	9740.83136	1.40464131	0	1.04097168	9742.12423478	1.867e-16	57687	10.999	13.820	13.234	0.939	0.0000	0.8435	0.24629	0.8499	0.9925	1.64336	1.64993	0.0000	0.0000	0.0000	-0.0026584	0.00013489	-0.0067435	0	0	0
# CONV t=525.00 cond=0 evap=0 rough=0 back_s=0
# LEDGER t=525.000 mode=3 sum_err=0 max|E-iEu|=1.110e-16 run_max_diff=0.000e+00 run_max_sum_err=0 steps=26250 E0_int=9742124234782609 sum=9742124234782609
# NETG t=525.00 gates min=0.1461 mean=0.1454 edges=1
# PIN t=525.00 R=-1.15274305 nv=2
# SLIP t=525.00 e=0 psi=-0.9611 unw=-208.298 nu_win=-0.062517 dwb_win=-0.398532
530.000	9740.83136	1.39459703	0	1.06207321	9742.12423478	0.000e+00	57687	10.978	13.866	13.213	0.942	0.0000	0.8435	0.24646	0.8499	0.9925	1.64337	1.64993	0.0000	0.0000	0.0000	0.00038417	-0.0040309	-0.0034921	0	0	0
# CONV t=530.00 cond=0 evap=0 rough=0 back_s=0
# LEDGER t=530.000 mode=3 sum_err=0 max|E-iEu|=1.110e-16 run_max_diff=0.000e+00 run_max_sum_err=0 steps=26500 E0_int=9742124234782609 sum=9742124234782609
# NETG t=530.00 gates min=0.0000 mean=0.0000 edges=1
# PIN t=530.00 R=-1.1638003 nv=2
# SLIP t=530.00 e=0 psi=-2.9485 unw=-210.286 nu_win=-0.063260 dwb_win=-0.399311
535.000	9740.83136	1.39765147	0	1.07443792	9742.12423478	1.867e-16	57687	11.007	13.862	13.228	0.941	0.0000	0.8435	0.24723	0.8499	0.9925	1.64328	1.64993	0.0000	0.0000	0.0000	-0.0018059	0.00055957	-0.0019359	0	0	0
# CONV t=535.00 cond=0 evap=0 rough=0 back_s=0
# LEDGER t=535.000 mode=3 sum_err=0 max|E-iEu|=1.110e-16 run_max_diff=0.000e+00 run_max_sum_err=0 steps=26750 E0_int=9742124234782609 sum=9742124234782609
# NETG t=535.00 gates min=0.0208 mean=0.0208 edges=1
# PIN t=535.00 R=-1.17921945 nv=2
# SLIP t=535.00 e=0 psi=+1.3368 unw=-212.283 nu_win=-0.063595 dwb_win=-0.399196
540.000	9740.83136	1.40258837	0	1.09092348	9742.12423478	1.867e-16	57687	10.991	13.878	13.215	0.938	0.0000	0.8435	0.24719	0.8499	0.9925	1.64325	1.64993	0.0000	0.0000	0.0000	-0.00010778	0.0013726	-0.0037759	0	0	0
# CONV t=540.00 cond=0 evap=0 rough=0 back_s=0
# LEDGER t=540.000 mode=3 sum_err=0 max|E-iEu|=1.110e-16 run_max_diff=0.000e+00 run_max_sum_err=0 steps=27000 E0_int=9742124234782609 sum=9742124234782609
# NETG t=540.00 gates min=0.4180 mean=0.4088 edges=1
# PIN t=540.00 R=-1.20064191 nv=2
# SLIP t=540.00 e=0 psi=-0.6544 unw=-214.275 nu_win=-0.063382 dwb_win=-0.398671
545.000	9740.83136	1.39767637	0	1.0914142	9742.12423478	1.867e-16	57687	10.988	13.855	13.172	0.939	0.0000	0.8435	0.24728	0.8499	0.9925	1.64337	1.64993	0.0000	0.0000	0.0000	-0.0013154	0.00073003	-0.0034344	0	0	0
# CONV t=545.00 cond=0 evap=0 rough=0 back_s=0
# LEDGER t=545.000 mode=3 sum_err=0 max|E-iEu|=1.110e-16 run_max_diff=0.000e+00 run_max_sum_err=0 steps=27250 E0_int=9742124234782609 sum=9742124234782609
# NETG t=545.00 gates min=0.0000 mean=0.0000 edges=1
# PIN t=545.00 R=-1.19622063 nv=2
# SLIP t=545.00 e=0 psi=-2.6158 unw=-216.236 nu_win=-0.062432 dwb_win=-0.399236
550.000	9740.83136	1.40321109	0	1.10095319	9742.12423478	1.867e-16	57687	11.019	13.803	13.244	0.936	0.0000	0.8435	0.24777	0.8499	0.9925	1.64329	1.64992	0.0000	0.0000	0.0000	-0.0018784	0.00086968	-0.0044127	0	0	0
# CONV t=550.00 cond=0 evap=0 rough=0 back_s=0
# LEDGER t=550.000 mode=3 sum_err=0 max|E-iEu|=1.110e-16 run_max_diff=0.000e+00 run_max_sum_err=0 steps=27500 E0_int=9742124234782609 sum=9742124234782609
# NETG t=550.00 gates min=0.0017 mean=0.0017 edges=1
# PIN t=550.00 R=-1.21129434 nv=2
# SLIP t=550.00 e=0 psi=+1.6693 unw=-218.234 nu_win=-0.063601 dwb_win=-0.399239
555.000	9740.83136	1.40459084	0	1.11491511	9742.12423478	0.000e+00	57687	10.982	13.874	13.225	0.939	0.0000	0.8435	0.24785	0.8499	0.9925	1.64326	1.64992	0.0000	0.0000	0.0000	-1.9799e-05	4.1706e-06	-0.0056288	0	0	0
# CONV t=555.00 cond=0 evap=0 rough=0 back_s=0
# LEDGER t=555.000 mode=3 sum_err=0 max|E-iEu|=1.110e-16 run_max_diff=0.000e+00 run_max_sum_err=0 steps=27750 E0_int=9742124234782609 sum=9742124234782609
# NETG t=555.00 gates min=0.7947 mean=0.7920 edges=1
# PIN t=555.00 R=-1.22663601 nv=2
# SLIP t=555.00 e=0 psi=-0.3382 unw=-220.242 nu_win=-0.063901 dwb_win=-0.398741
560.000	9740.83136	1.40719032	0	1.11791662	9742.12423478	0.000e+00	57687	11.006	13.840	13.227	0.933	0.0000	0.8435	0.24847	0.8499	0.9925	1.64330	1.64992	0.0000	0.0000	0.0000	-0.0027087	0.0025405	-0.004393	0	0	0
# CONV t=560.00 cond=0 evap=0 rough=0 back_s=0
# LEDGER t=560.000 mode=3 sum_err=0 max|E-iEu|=1.110e-16 run_max_diff=0.000e+00 run_max_sum_err=0 steps=28000 E0_int=9742124234782609 sum=9742124234782609
# NETG t=560.00 gates min=0.0000 mean=0.0000 edges=1
# PIN t=560.00 R=-1.23223699 nv=2
# SLIP t=560.00 e=0 psi=-2.2838 unw=-222.187 nu_win=-0.061932 dwb_win=-0.399014
565.000	9740.83136	1.4012869	0	1.13655254	9742.12423478	1.867e-16	57686	11.021	13.828	13.202	0.938	0.0000	0.8435	0.24929	0.8499	0.9925	1.64327	1.64992	0.0000	0.0000	0.0000	0.0011858	0.002009	-0.0040985	0	0	0
# CONV t=565.00 cond=0 evap=0 rough=0 back_s=0
# LEDGER t=565.000 mode=3 sum_err=0 max|E-iEu|=1.110e-16 run_max_diff=0.000e+00 run_max_sum_err=0 steps=28250 E0_int=9742124234782609 sum=9742124234782609
# NETG t=565.00 gates min=0.0001 mean=0.0001 edges=1
# PIN t=565.00 R=-1.2449695 nv=2
# SLIP t=565.00 e=0 psi=+2.0017 unw=-224.185 nu_win=-0.063588 dwb_win=-0.399388
570.000	9740.83136	1.39763135	0	1.16718082	9742.12423478	1.867e-16	57686	11.001	13.839	13.195	0.938	0.0000	0.8435	0.24908	0.8499	0.9925	1.64318	1.64992	0.0000	0.0000	0.0000	0.00069231	0.00021241	0.00045782	0	0	0
# CONV t=570.00 cond=0 evap=0 rough=0 back_s=0
# LEDGER t=570.000 mode=3 sum_err=0 max|E-iEu|=1.110e-16 run_max_diff=0.000e+00 run_max_sum_err=0 steps=28500 E0_int=9742124234782609 sum=9742124234782609
# NETG t=570.00 gates min=0.9993 mean=0.9983 edges=1
# PIN t=570.00 R=-1.27194223 nv=2
# SLIP t=570.00 e=0 psi=-0.0189 unw=-226.206 nu_win=-0.064316 dwb_win=-0.399008
575.000	9740.83136	1.42024641	0	1.14305099	9742.12423478	0.000e+00	57686	11.005	13.861	13.221	0.933	0.0000	0.8435	0.24934	0.8499	0.9925	1.64321	1.64992	0.0000	0.0000	0.0000	-0.0018677	0.0024555	-0.0037998	0	0	0
# CONV t=575.00 cond=0 evap=0 rough=0 back_s=0
# LEDGER t=575.000 mode=3 sum_err=0 max|E-iEu|=1.110e-16 run_max_diff=0.000e+00 run_max_sum_err=0 steps=28750 E0_int=9742124234782609 sum=9742124234782609
# NETG t=575.00 gates min=0.0001 mean=0.0001 edges=1
# PIN t=575.00 R=-1.27042747 nv=2
# SLIP t=575.00 e=0 psi=-1.9513 unw=-228.138 nu_win=-0.061512 dwb_win=-0.398430
580.000	9740.83136	1.40709655	0	1.16957122	9742.12423478	0.000e+00	57686	10.992	13.849	13.162	0.934	0.0000	0.8435	0.24913	0.8499	0.9925	1.64319	1.64992	0.0000	0.0000	0.0000	0.00065863	0.0010778	-0.0051247	0	0	0
# CONV t=580.00 cond=0 evap=0 rough=0 back_s=0
# LEDGER t=580.000 mode=3 sum_err=0 max|E-iEu|=1.110e-16 run_max_diff=0.000e+00 run_max_sum_err=0 steps=29000 E0_int=9742124234782609 sum=9742124234782609
# NETG t=580.00 gates min=0.0000 mean=0.0000 edges=1
# PIN t=580.00 R=-1.28379783 nv=2
# SLIP t=580.00 e=0 psi=+2.3338 unw=-230.136 nu_win=-0.063601 dwb_win=-0.399371
585.000	9740.83136	1.416769	0	1.18270201	9742.12423478	0.000e+00	57687	10.952	13.854	13.255	0.932	0.0000	0.8435	0.24879	0.8499	0.9925	1.64314	1.64992	0.0000	0.0000	0.0000	0.00054476	-0.00091004	-0.0033133	0	0	0
# CONV t=585.00 cond=0 evap=0 rough=0 back_s=0
# LEDGER t=585.000 mode=3 sum_err=0 max|E-iEu|=1.110e-16 run_max_diff=0.000e+00 run_max_sum_err=0 steps=29250 E0_int=9742124234782609 sum=9742124234782609
# NETG t=585.00 gates min=0.8267 mean=0.8184 edges=1
# PIN t=585.00 R=-1.30660107 nv=2
# SLIP t=585.00 e=0 psi=+0.3238 unw=-232.146 nu_win=-0.063980 dwb_win=-0.399277
590.000	9740.83136	1.41356321	0	1.18756323	9742.12423478	0.000e+00	57687	10.950	13.857	13.191	0.930	0.0000	0.8435	0.249	0.8499	0.9925	1.64317	1.64992	0.0000	0.0000	0.0000	-0.0010508	-0.0018525	-0.0054952	0	0	0
# CONV t=590.00 cond=0 evap=0 rough=0 back_s=0
# LEDGER t=590.000 mode=3 sum_err=0 max|E-iEu|=1.110e-16 run_max_diff=0.000e+00 run_max_sum_err=0 steps=29500 E0_int=9742124234782609 sum=9742124234782609
# NETG t=590.00 gates min=0.0026 mean=0.0026 edges=1
# PIN t=590.00 R=-1.3082565 nv=2
# SLIP t=590.00 e=0 psi=-1.6201 unw=-234.090 nu_win=-0.061876 dwb_win=-0.398148
595.000	9740.83136	1.40871083	0	1.20690158	9742.12423478	0.000e+00	57687	10.974	13.863	13.162	0.932	0.0000	0.8435	0.24838	0.8499	0.9925	1.64316	1.64992	0.0000	0.0000	0.0000	-0.00095538	0.001746	-0.0020062	0	0	0
# CONV t=595.00 cond=0 evap=0 rough=0 back_s=0
# LEDGER t=595.000 mode=3 sum_err=0 max|E-iEu|=1.110e-16 run_max_diff=0.000e+00 run_max_sum_err=0 steps=29750 E0_int=9742124234782609 sum=9742124234782609
# NETG t=595.00 gates min=0.0000 mean=0.0000 edges=1
# PIN t=595.00 R=-1.32274247 nv=2
# SLIP t=595.00 e=0 psi=+2.6650 unw=-236.088 nu_win=-0.063601 dwb_win=-0.399186
600.000	9740.83136	1.42361271	0	1.20467134	9742.12423478	1.867e-16	57687	10.981	13.820	13.162	0.929	0.0000	0.8435	0.24825	0.8499	0.9925	1.64317	1.64992	0.0000	0.0000	0.0000	-0.0037001	-0.00075645	-0.0053159	0	0	0
# CONV t=600.00 cond=0 evap=0 rough=0 back_s=0
# LEDGER t=600.000 mode=3 sum_err=0 max|E-iEu|=1.110e-16 run_max_diff=0.000e+00 run_max_sum_err=0 steps=30000 E0_int=9742124234782609 sum=9742124234782609
# NETG t=600.00 gates min=0.4202 mean=0.4172 edges=1
# PIN t=600.00 R=-1.33541411 nv=2
# SLIP t=600.00 e=0 psi=+0.6577 unw=-238.095 nu_win=-0.063894 dwb_win=-0.399444
# RESULT es_shells 0.75:1.0000 2.25:0.9942 3.75:1.0000 5.25:1.0000 6.75:1.0000 8.25:1.0000 9.75:1.0000 11.25:1.0000
# RESULT LEDGER mode=3 E0_int=9742124234782609 sum_int=9742124234782609 max_sum_err=0 max|E-iEu|=0.000e+00 steps=30000
# RESULT conservation E0=9742.12423478 Efinal=9742.12423478 rel_drift=1.867e-16
# RESULT roughness_radiated=0 (dissonant dense deliveries converted to field, conserved)
# NETGATE F 0 1 d=1.4080 psi_f=+0.6577 psi_b=-0.6525 gf=0.4143 gb=0.4202
# RESULT pin R=-1.33541411 nv=2 (reservoir inside the conservation sum)
# RESULT slip e=0 nu_slip=-0.063162 dw_bare=-0.399047 dw_over_2pi=-0.063510 slips=-18.95 locked=0 window=[300.0,600.0]
# RESULT curvature_fit defA_per_Em=1.27882 r2=0.8493 (linear defect ~ converted energy)
