# cellfab — v89 cell-fabric kernel (no lattice, no prior code)
# cfg seed=20260727 mode=field init=net
# cfg L=24 dmin=1 r0=0.85 rjit=0.06
# cfg C=1 w1=1.65 w2=2.9 q_detune=1.2 gamma_res=0.25 gamma_res_m=0.1 p_gate=8
# cfg lock_floor=0.005
# cfg k_dep=1.2 k_dep_m=2 cap=2.5 e_s0=1 es_floor=0.05
# cfg e_cond=0 f_conv=0.25 f_evap=0.5 s_pull=0.15
# cfg kappa_lock=1 kappa_align=0.5 kappa_freq=0 kappa_reac=0 sigma_tumble=0.01
# cfg space: s_k=0.06 s_disp=0.3 es_gx=0
# cfg dt=0.02 T=600 diag_every=250 snap_every=0
# cfg center=(-1,-1,-1) amp=1 sigma=2.5 k=(0,0,0) prealign=0 noise_amp=0
# cfg music: comb_limit=6 rough_k=0.35 gamma_rough=0.5 mob_sym=1 mob_floor=0.004
# cfg field sector: two-component signed amplitude, unitary hops, field_J=1.8
# cfg ledger: mode=3 u=1.000e-12 (cellfabi INT_LEDGER)
# action atom: A0=1.1500 (dbar=1.5053) mode=2 — eps(w)=A0*w/2pi; atoms at mode boundaries, transport continuous
# edge coloring: 29 colors for 85886 links
# NETGATE 0 1 d=1.4080 psi_f=-0.0000 psi_b=-0.0000 gf=1.0000 gb=1.0000
# net: seeded nv=2 ne=1 worst_pick=0.000 gates min=1.0000 mean=1.0000 parasites=0 gpar_max=0.0000 file=/home/d/code/scp/v89/charge/nets/q9_dw0p30.net
# fabric: cells=9741 channels=85886 mean_degree=17.63 box=24 dmin=1
# LEDGER seed mode=3 u=1.000e-12 E0_int=9742107469565217 NC=9741 NL=85886
# LEDGER seed mode=3 u=1.000e-12 E0_int=9742107469565217 NC=9741 NL=85886
# t	E_space	E_dense	E_field	E_transfer	E_total	rel_drift	live_ch	cm_x	cm_y	cm_z	contain	front_r	r_core	defA	r_far	r_ratio	w_core	w_far
0.000	9740.83388	1.27359	0	0	9742.10746957	0.000e+00	57686	10.996	13.831	13.300	1.000	0.0000	0.8439	0	0.8499	0.9930	1.64314	1.65000	0.0000	0.0000	0.0000	0	0	0	0	0	0
# CONV t=0.00 cond=0 evap=0 rough=0 back_s=0
# LEDGER t=0.000 mode=3 sum_err=0 max|E-iEu|=3.043e-13 run_max_diff=0.000e+00 run_max_sum_err=0 steps=0 E0_int=9742107469565217 sum=9742107469565217
# NETG t=0.00 gates min=1.0000 mean=1.0000 edges=1
# PIN t=0.00 R=0 nv=2
5.000	9740.83388	1.27705223	0	0.00703998124	9742.10746957	-1.867e-16	57686	11.000	13.827	13.300	1.000	0.0000	0.8438	0.145	0.8499	0.9929	1.64302	1.65000	0.0000	0.0000	0.0000	0.0012701	-0.0011135	0.00023074	0	0	0
# CONV t=5.00 cond=0 evap=0 rough=0 back_s=0
# LEDGER t=5.000 mode=3 sum_err=0 max|E-iEu|=1.110e-16 run_max_diff=0.000e+00 run_max_sum_err=0 steps=250 E0_int=9742107469565217 sum=9742107469565217
# NETG t=5.00 gates min=0.0252 mean=0.0250 edges=1
# PIN t=5.00 R=-0.0105022086 nv=2
# SLIP t=5.00 e=0 psi=+1.3082 unw=+1.302 nu_win=+0.041617 dwb_win=+0.297711
10.000	9740.83388	1.2850711	0	0.0101074361	9742.10746957	-1.867e-16	57686	11.003	13.819	13.299	1.000	0.0000	0.8438	0.14825	0.8499	0.9928	1.64289	1.65000	0.0000	0.0000	0.0000	0.00053224	0.00016629	0.00052632	0	0	0
# CONV t=10.00 cond=0 evap=0 rough=0 back_s=0
# LEDGER t=10.000 mode=3 sum_err=0 max|E-iEu|=1.110e-16 run_max_diff=0.000e+00 run_max_sum_err=0 steps=500 E0_int=9742107469565217 sum=9742107469565217
# NETG t=10.00 gates min=0.0000 mean=0.0000 edges=1
# PIN t=10.00 R=-0.0215885462 nv=2
# SLIP t=10.00 e=0 psi=+2.7989 unw=+2.793 nu_win=+0.047452 dwb_win=+0.299366
15.000	9740.83388	1.28486325	0	0.01490944	9742.10746957	-3.734e-16	57686	11.003	13.822	13.301	1.000	0.0000	0.8437	0.13366	0.8499	0.9927	1.64291	1.65000	0.0000	0.0000	0.0000	-5.0059e-05	0.0014717	0.00056428	0	0	0
# CONV t=15.00 cond=0 evap=0 rough=0 back_s=0
# LEDGER t=15.000 mode=3 sum_err=0 max|E-iEu|=1.110e-16 run_max_diff=0.000e+00 run_max_sum_err=0 steps=750 E0_int=9742107469565217 sum=9742107469565217
# NETG t=15.00 gates min=0.0001 mean=0.0001 edges=1
# PIN t=15.00 R=-0.026182705 nv=2
# SLIP t=15.00 e=0 psi=-1.9862 unw=+4.291 nu_win=+0.047684 dwb_win=+0.299839
20.000	9740.83388	1.29076232	0	0.0397198084	9742.10746957	-3.734e-16	57687	11.010	13.816	13.302	1.000	0.0000	0.8436	0.12221	0.8499	0.9927	1.64268	1.65000	0.0000	0.0000	0.0000	0.00081678	-0.00085252	-0.00088092	0	0	0
# CONV t=20.00 cond=0 evap=0 rough=0 back_s=0
# LEDGER t=20.000 mode=3 sum_err=0 max|E-iEu|=1.110e-16 run_max_diff=0.000e+00 run_max_sum_err=0 steps=1000 E0_int=9742107469565217 sum=9742107469565217
# NETG t=20.00 gates min=0.6725 mean=0.6591 edges=1
# PIN t=20.00 R=-0.0568921499 nv=2
# SLIP t=20.00 e=0 psi=-0.4436 unw=+5.834 nu_win=+0.049105 dwb_win=+0.298855
25.000	9740.83388	1.29000465	0	0.0323851373	9742.10746957	-3.734e-16	57687	11.008	13.817	13.302	1.000	0.0000	0.8436	0.11415	0.8499	0.9926	1.64274	1.65000	0.0000	0.0000	0.0000	0.0004878	-0.00023007	0.00015296	0	0	0
# CONV t=25.00 cond=0 evap=0 rough=0 back_s=0
# LEDGER t=25.000 mode=3 sum_err=0 max|E-iEu|=1.110e-16 run_max_diff=0.000e+00 run_max_sum_err=0 steps=1250 E0_int=9742107469565217 sum=9742107469565217
# NETG t=25.00 gates min=0.1546 mean=0.1524 edges=1
# PIN t=25.00 R=-0.0487998235 nv=2
# SLIP t=25.00 e=0 psi=+0.9545 unw=+7.232 nu_win=+0.044501 dwb_win=+0.297920
30.000	9740.83388	1.28548939	0	0.0344833844	9742.10746957	-1.867e-16	57687	11.006	13.824	13.303	1.000	0.0000	0.8436	0.10649	0.8499	0.9926	1.64283	1.65000	0.0000	0.0000	0.0000	0.0014073	-0.001158	0.00077058	0	0	0
# CONV t=30.00 cond=0 evap=0 rough=0 back_s=0
# LEDGER t=30.000 mode=3 sum_err=0 max|E-iEu|=1.110e-16 run_max_diff=0.000e+00 run_max_sum_err=0 steps=1500 E0_int=9742107469565217 sum=9742107469565217
# NETG t=30.00 gates min=0.0000 mean=0.0000 edges=1
# PIN t=30.00 R=-0.0463828158 nv=2
# SLIP t=30.00 e=0 psi=+2.4217 unw=+8.699 nu_win=+0.046703 dwb_win=+0.299314
35.000	9740.83388	1.29409664	0	0.0387986168	9742.10746957	0.000e+00	57688	11.013	13.812	13.302	1.000	0.0000	0.8435	0.10322	0.8499	0.9925	1.64268	1.65000	0.0000	0.0000	0.0000	0.00011328	0.00012733	0.0012387	0	0	0
# CONV t=35.00 cond=0 evap=0 rough=0 back_s=0
# LEDGER t=35.000 mode=3 sum_err=0 max|E-iEu|=1.110e-16 run_max_diff=0.000e+00 run_max_sum_err=0 steps=1750 E0_int=9742107469565217 sum=9742107469565217
# NETG t=35.00 gates min=0.0000 mean=0.0000 edges=1
# PIN t=35.00 R=-0.059305301 nv=2
# SLIP t=35.00 e=0 psi=-2.3626 unw=+10.198 nu_win=+0.047710 dwb_win=+0.299374
40.000	9740.83388	1.28486719	0	0.0554396298	9742.10746957	-1.867e-16	57688	11.005	13.823	13.306	1.000	0.0000	0.8435	0.095554	0.8499	0.9925	1.64273	1.65000	0.0000	0.0000	0.0000	0.001353	0.00013701	-0.00093242	0	0	0
# CONV t=40.00 cond=0 evap=0 rough=0 back_s=0
# LEDGER t=40.000 mode=3 sum_err=0 max|E-iEu|=1.110e-16 run_max_diff=0.000e+00 run_max_sum_err=0 steps=2000 E0_int=9742107469565217 sum=9742107469565217
# NETG t=40.00 gates min=0.2266 mean=0.2255 edges=1
# PIN t=40.00 R=-0.0667168648 nv=2
# SLIP t=40.00 e=0 psi=-0.8483 unw=+11.712 nu_win=+0.048204 dwb_win=+0.299800
45.000	9740.83388	1.28719268	0	0.0830187555	9742.10746957	-1.867e-16	57688	11.004	13.820	13.305	0.999	0.0000	0.8435	0.093035	0.8499	0.9925	1.64263	1.65000	0.0000	0.0000	0.0000	-0.0014428	-1.684e-05	0.0016482	0	0	0
# CONV t=45.00 cond=0 evap=0 rough=0 back_s=0
# LEDGER t=45.000 mode=3 sum_err=0 max|E-iEu|=1.110e-16 run_max_diff=0.000e+00 run_max_sum_err=0 steps=2250 E0_int=9742107469565217 sum=9742107469565217
# NETG t=45.00 gates min=0.4573 mean=0.4401 edges=1
# PIN t=45.00 R=-0.0966214807 nv=2
# SLIP t=45.00 e=0 psi=+0.6501 unw=+13.210 nu_win=+0.047693 dwb_win=+0.297664
50.000	9740.83388	1.29065244	0	0.0641694507	9742.10746957	-1.867e-16	57688	11.008	13.818	13.311	0.999	0.0000	0.8435	0.091254	0.8499	0.9925	1.64280	1.65000	0.0000	0.0000	0.0000	-0.00031792	0.0016885	0.00047111	0	0	0
# CONV t=50.00 cond=0 evap=0 rough=0 back_s=0
# LEDGER t=50.000 mode=3 sum_err=0 max|E-iEu|=1.110e-16 run_max_diff=0.000e+00 run_max_sum_err=0 steps=2500 E0_int=9742107469565217 sum=9742107469565217
# NETG t=50.00 gates min=0.0000 mean=0.0000 edges=1
# PIN t=50.00 R=-0.0812319358 nv=2
# SLIP t=50.00 e=0 psi=+2.0482 unw=+14.609 nu_win=+0.044506 dwb_win=+0.299235
55.000	9740.83388	1.28620539	0	0.0735575955	9742.10746957	-1.867e-16	57688	11.004	13.824	13.308	0.999	0.0000	0.8435	0.090013	0.8499	0.9925	1.64288	1.65000	0.0000	0.0000	0.0000	-0.00027744	-0.00036949	0.0021891	0	0	0
# CONV t=55.00 cond=0 evap=0 rough=0 back_s=0
# LEDGER t=55.000 mode=3 sum_err=0 max|E-iEu|=1.110e-16 run_max_diff=0.000e+00 run_max_sum_err=0 steps=2750 E0_int=9742107469565217 sum=9742107469565217
# NETG t=55.00 gates min=0.0000 mean=0.0000 edges=1
# PIN t=55.00 R=-0.0861730315 nv=2
# SLIP t=55.00 e=0 psi=-2.7361 unw=+16.108 nu_win=+0.047711 dwb_win=+0.299777
60.000	9740.83388	1.28788942	0	0.084848433	9742.10746957	-1.867e-16	57688	11.003	13.823	13.311	0.999	0.0000	0.8435	0.089384	0.8499	0.9925	1.64277	1.65000	0.0000	0.0000	0.0000	0.00023158	-0.00096734	0.0031977	0	0	0
# CONV t=60.00 cond=0 evap=0 rough=0 back_s=0
# LEDGER t=60.000 mode=3 sum_err=0 max|E-iEu|=1.110e-16 run_max_diff=0.000e+00 run_max_sum_err=0 steps=3000 E0_int=9742107469565217 sum=9742107469565217
# NETG t=60.00 gates min=0.0384 mean=0.0382 edges=1
# PIN t=60.00 R=-0.0991479014 nv=2
# SLIP t=60.00 e=0 psi=-1.2338 unw=+17.610 nu_win=+0.047818 dwb_win=+0.299542
65.000	9740.83388	1.29347366	0	0.12168836	9742.10746957	-1.867e-16	57688	11.003	13.820	13.312	0.999	0.0000	0.8435	0.088961	0.8499	0.9925	1.64260	1.65000	0.0000	0.0000	0.0000	0.0028157	-0.0027959	0.0017845	0	0	0
# CONV t=65.00 cond=0 evap=0 rough=0 back_s=0
# LEDGER t=65.000 mode=3 sum_err=0 max|E-iEu|=1.110e-16 run_max_diff=0.000e+00 run_max_sum_err=0 steps=3250 E0_int=9742107469565217 sum=9742107469565217
# NETG t=65.00 gates min=0.8390 mean=0.8174 edges=1
# PIN t=65.00 R=-0.141572073 nv=2
# SLIP t=65.00 e=0 psi=+0.3371 unw=+19.181 nu_win=+0.050003 dwb_win=+0.298390
70.000	9740.83388	1.28971559	0	0.0938875418	9742.10746957	-1.867e-16	57688	11.009	13.818	13.307	0.998	0.0000	0.8435	0.089119	0.8499	0.9924	1.64286	1.65000	0.0000	0.0000	0.0000	0.00075615	-0.0013598	0.00097215	0	0	0
# CONV t=70.00 cond=0 evap=0 rough=0 back_s=0
# LEDGER t=70.000 mode=3 sum_err=0 max|E-iEu|=1.110e-16 run_max_diff=0.000e+00 run_max_sum_err=0 steps=3500 E0_int=9742107469565217 sum=9742107469565217
# NETG t=70.00 gates min=0.0016 mean=0.0016 edges=1
# PIN t=70.00 R=-0.110013178 nv=2
# SLIP t=70.00 e=0 psi=+1.6775 unw=+20.521 nu_win=+0.042667 dwb_win=+0.298859
75.000	9740.83388	1.29321447	0	0.106203994	9742.10746957	-1.867e-16	57689	11.009	13.813	13.305	0.998	0.0000	0.8435	0.09007	0.8499	0.9924	1.64273	1.65000	0.0000	0.0000	0.0000	0.0011869	-0.00027219	0.0010122	0	0	0
# CONV t=75.00 cond=0 evap=0 rough=0 back_s=0
# LEDGER t=75.000 mode=3 sum_err=0 max|E-iEu|=1.110e-16 run_max_diff=0.000e+00 run_max_sum_err=0 steps=3750 E0_int=9742107469565217 sum=9742107469565217
# NETG t=75.00 gates min=0.0000 mean=0.0000 edges=1
# PIN t=75.00 R=-0.125828511 nv=2
# SLIP t=75.00 e=0 psi=-3.1084 unw=+22.018 nu_win=+0.047659 dwb_win=+0.299316
80.000	9740.83388	1.29020938	0	0.115318661	9742.10746957	-1.867e-16	57689	11.011	13.810	13.301	0.998	0.0000	0.8435	0.090668	0.8499	0.9924	1.64277	1.65000	0.0000	0.0000	0.0000	6.9632e-05	-0.00089676	-0.00089844	0	0	0
# CONV t=80.00 cond=0 evap=0 rough=0 back_s=0
# LEDGER t=80.000 mode=3 sum_err=0 max|E-iEu|=1.110e-16 run_max_diff=0.000e+00 run_max_sum_err=0 steps=4000 E0_int=9742107469565217 sum=9742107469565217
# NETG t=80.00 gates min=0.0029 mean=0.0029 edges=1
# PIN t=80.00 R=-0.131938086 nv=2
# SLIP t=80.00 e=0 psi=-1.6089 unw=+23.518 nu_win=+0.047731 dwb_win=+0.299766
85.000	9740.83388	1.29516156	0	0.156730102	9742.10746957	-1.867e-16	57689	11.006	13.813	13.306	0.997	0.0000	0.8434	0.091622	0.8499	0.9924	1.64256	1.65000	0.0000	0.0000	0.0000	0.0028348	-0.003309	0.00028691	0	0	0
# CONV t=85.00 cond=0 evap=0 rough=0 back_s=0
# LEDGER t=85.000 mode=3 sum_err=0 max|E-iEu|=1.110e-16 run_max_diff=0.000e+00 run_max_sum_err=0 steps=4250 E0_int=9742107469565217 sum=9742107469565217
# NETG t=85.00 gates min=0.9990 mean=0.9948 edges=1
# PIN t=85.00 R=-0.178301714 nv=2
# SLIP t=85.00 e=0 psi=-0.0221 unw=+25.105 nu_win=+0.050511 dwb_win=+0.298970
90.000	9740.83388	1.29047267	0	0.134126445	9742.10746957	-1.867e-16	57689	11.012	13.806	13.300	0.997	0.0000	0.8434	0.093273	0.8499	0.9924	1.64271	1.65000	0.0000	0.0000	0.0000	0.0017559	-0.0014279	0.001961	0	0	0
# CONV t=90.00 cond=0 evap=0 rough=0 back_s=0
# LEDGER t=90.000 mode=3 sum_err=0 max|E-iEu|=1.110e-16 run_max_diff=0.000e+00 run_max_sum_err=0 steps=4500 E0_int=9742107469565217 sum=9742107469565217
# NETG t=90.00 gates min=0.0246 mean=0.0245 edges=1
# PIN t=90.00 R=-0.151009168 nv=2
# SLIP t=90.00 e=0 psi=+1.3107 unw=+26.437 nu_win=+0.042424 dwb_win=+0.298018
95.000	9740.83388	1.2947264	0	0.137150378	9742.10746957	-3.734e-16	57689	11.008	13.803	13.307	0.996	0.0000	0.8434	0.094936	0.8499	0.9924	1.64275	1.65000	0.0000	0.0000	0.0000	0.0010148	-0.001732	0.0010293	0	0	0
# CONV t=95.00 cond=0 evap=0 rough=0 back_s=0
# LEDGER t=95.000 mode=3 sum_err=0 max|E-iEu|=1.110e-16 run_max_diff=0.000e+00 run_max_sum_err=0 steps=4750 E0_int=9742107469565217 sum=9742107469565217
# NETG t=95.00 gates min=0.0000 mean=0.0000 edges=1
# PIN t=95.00 R=-0.158286827 nv=2
# SLIP t=95.00 e=0 psi=+2.8046 unw=+27.931 nu_win=+0.047551 dwb_win=+0.299590
100.000	9740.83388	1.29385163	0	0.14754888	9742.10746957	-3.734e-16	57689	11.011	13.811	13.300	0.996	0.0000	0.8434	0.097578	0.8499	0.9924	1.64275	1.65000	0.0000	0.0000	0.0000	0.00078223	-0.0031968	0.0027971	0	0	0
# CONV t=100.00 cond=0 evap=0 rough=0 back_s=0
# LEDGER t=100.000 mode=3 sum_err=0 max|E-iEu|=1.110e-16 run_max_diff=0.000e+00 run_max_sum_err=0 steps=5000 E0_int=9742107469565217 sum=9742107469565217
# NETG t=100.00 gates min=0.0001 mean=0.0001 edges=1
# PIN t=100.00 R=-0.167810564 nv=2
# SLIP t=100.00 e=0 psi=-1.9788 unw=+29.431 nu_win=+0.047740 dwb_win=+0.299741
105.000	9740.83388	1.29232983	0	0.171917882	9742.10746957	0.000e+00	57689	11.010	13.814	13.309	0.996	0.0000	0.8434	0.099966	0.8499	0.9924	1.64267	1.65000	0.0000	0.0000	0.0000	-0.0056969	0.0034776	0.00089321	0	0	0
# CONV t=105.00 cond=0 evap=0 rough=0 back_s=0
# LEDGER t=105.000 mode=3 sum_err=0 max|E-iEu|=1.110e-16 run_max_diff=0.000e+00 run_max_sum_err=0 steps=5250 E0_int=9742107469565217 sum=9742107469565217
# NETG t=105.00 gates min=0.6874 mean=0.6793 edges=1
# PIN t=105.00 R=-0.190657765 nv=2
# SLIP t=105.00 e=0 psi=-0.4312 unw=+30.979 nu_win=+0.049261 dwb_win=+0.299292
110.000	9740.83388	1.291659	0	0.173260881	9742.10746957	-1.867e-16	57689	10.999	13.821	13.299	0.995	0.0000	0.8434	0.10226	0.8499	0.9924	1.64275	1.65000	0.0000	0.0000	0.0000	0.002373	-0.00076136	-0.001689	0	0	0
# CONV t=110.00 cond=0 evap=0 rough=0 back_s=0
# LEDGER t=110.000 mode=3 sum_err=0 max|E-iEu|=1.110e-16 run_max_diff=0.000e+00 run_max_sum_err=0 steps=5500 E0_int=9742107469565217 sum=9742107469565217
# NETG t=110.00 gates min=0.1456 mean=0.1431 edges=1
# PIN t=110.00 R=-0.191329931 nv=2
# SLIP t=110.00 e=0 psi=+0.9702 unw=+32.380 nu_win=+0.044609 dwb_win=+0.297893
115.000	9740.83388	1.29726766	0	0.174144626	9742.10746957	-1.867e-16	57689	11.008	13.810	13.317	0.993	0.0000	0.8434	0.10512	0.8499	0.9924	1.64271	1.65000	0.0000	0.0000	0.0000	0.00091813	-0.0025555	0.00081276	0	0	0
# CONV t=115.00 cond=0 evap=0 rough=0 back_s=0
# LEDGER t=115.000 mode=3 sum_err=0 max|E-iEu|=1.110e-16 run_max_diff=0.000e+00 run_max_sum_err=0 steps=5750 E0_int=9742107469565217 sum=9742107469565217
# NETG t=115.00 gates min=0.0000 mean=0.0000 edges=1
# PIN t=115.00 R=-0.197822342 nv=2
# SLIP t=115.00 e=0 psi=+2.4347 unw=+33.845 nu_win=+0.046617 dwb_win=+0.299263
120.000	9740.83388	1.29354049	0	0.184640814	9742.10746957	-1.867e-16	57689	11.004	13.811	13.310	0.995	0.0000	0.8434	0.10746	0.8499	0.9924	1.64276	1.65000	0.0000	0.0000	0.0000	0.00054561	-0.00034435	0.0011045	0	0	0
# CONV t=120.00 cond=0 evap=0 rough=0 back_s=0
# LEDGER t=120.000 mode=3 sum_err=0 max|E-iEu|=1.110e-16 run_max_diff=0.000e+00 run_max_sum_err=0 steps=6000 E0_int=9742107469565217 sum=9742107469565217
# NETG t=120.00 gates min=0.0000 mean=0.0000 edges=1
# PIN t=120.00 R=-0.204591359 nv=2
# SLIP t=120.00 e=0 psi=-2.3495 unw=+35.344 nu_win=+0.047713 dwb_win=+0.299791
125.000	9740.83388	1.29158146	0	0.193567451	9742.10746957	-1.867e-16	57689	11.009	13.809	13.301	0.994	0.0000	0.8434	0.10981	0.8499	0.9924	1.64276	1.65000	0.0000	0.0000	0.0000	0.0012744	-0.0015912	0.00015826	0	0	0
# CONV t=125.00 cond=0 evap=0 rough=0 back_s=0
# LEDGER t=125.000 mode=3 sum_err=0 max|E-iEu|=1.110e-16 run_max_diff=0.000e+00 run_max_sum_err=0 steps=6250 E0_int=9742107469565217 sum=9742107469565217
# NETG t=125.00 gates min=0.2407 mean=0.2394 edges=1
# PIN t=125.00 R=-0.211558967 nv=2
# SLIP t=125.00 e=0 psi=-0.8314 unw=+36.862 nu_win=+0.048324 dwb_win=+0.299859
130.000	9740.83388	1.29217752	0	0.223654877	9742.10746957	0.000e+00	57689	11.006	13.810	13.302	0.994	0.0000	0.8434	0.11272	0.8499	0.9924	1.64261	1.65000	0.0000	0.0000	0.0000	-0.00031939	-0.00025592	0.00019058	0	0	0
# CONV t=130.00 cond=0 evap=0 rough=0 back_s=0
# LEDGER t=130.000 mode=3 sum_err=0 max|E-iEu|=1.110e-16 run_max_diff=0.000e+00 run_max_sum_err=0 steps=6500 E0_int=9742107469565217 sum=9742107469565217
# NETG t=130.00 gates min=0.4396 mean=0.4251 edges=1
# PIN t=130.00 R=-0.242242447 nv=2
# SLIP t=130.00 e=0 psi=+0.6610 unw=+38.354 nu_win=+0.047502 dwb_win=+0.297610
135.000	9740.83388	1.29389836	0	0.204574017	9742.10746957	-3.734e-16	57689	11.012	13.809	13.300	0.994	0.0000	0.8434	0.11519	0.8499	0.9924	1.64278	1.65000	0.0000	0.0000	0.0000	0.0012029	-0.00056136	-0.00010276	0	0	0
# CONV t=135.00 cond=0 evap=0 rough=0 back_s=0
# LEDGER t=135.000 mode=3 sum_err=0 max|E-iEu|=1.110e-16 run_max_diff=0.000e+00 run_max_sum_err=0 steps=6750 E0_int=9742107469565217 sum=9742107469565217
# NETG t=135.00 gates min=0.0000 mean=0.0000 edges=1
# PIN t=135.00 R=-0.224882429 nv=2
# SLIP t=135.00 e=0 psi=+2.0667 unw=+39.760 nu_win=+0.044745 dwb_win=+0.299494
140.000	9740.83388	1.29507187	0	0.217579896	9742.10746957	-3.734e-16	57689	11.012	13.814	13.307	0.992	0.0000	0.8434	0.11811	0.8499	0.9924	1.64267	1.64999	0.0000	0.0000	0.0000	-0.00021888	-0.0027361	0.00013608	0	0	0
# CONV t=140.00 cond=0 evap=0 rough=0 back_s=0
# LEDGER t=140.000 mode=3 sum_err=0 max|E-iEu|=1.110e-16 run_max_diff=0.000e+00 run_max_sum_err=0 steps=7000 E0_int=9742107469565217 sum=9742107469565217
# NETG t=140.00 gates min=0.0000 mean=0.0000 edges=1
# PIN t=140.00 R=-0.239061819 nv=2
# SLIP t=140.00 e=0 psi=-2.7180 unw=+41.258 nu_win=+0.047699 dwb_win=+0.299318
145.000	9740.83388	1.29944197	0	0.219104923	9742.10746957	-3.734e-16	57689	11.022	13.798	13.307	0.991	0.0000	0.8434	0.1206	0.8499	0.9924	1.64269	1.64999	0.0000	0.0000	0.0000	0.00088628	0.00033306	0.00034914	0	0	0
# CONV t=145.00 cond=0 evap=0 rough=0 back_s=0
# LEDGER t=145.000 mode=3 sum_err=0 max|E-iEu|=1.110e-16 run_max_diff=0.000e+00 run_max_sum_err=0 steps=7250 E0_int=9742107469565217 sum=9742107469565217
# NETG t=145.00 gates min=0.0423 mean=0.0422 edges=1
# PIN t=145.00 R=-0.244956942 nv=2
# SLIP t=145.00 e=0 psi=-1.2168 unw=+42.760 nu_win=+0.047785 dwb_win=+0.299857
150.000	9740.83388	1.29979444	0	0.262963081	9742.10746957	-1.867e-16	57689	11.016	13.806	13.294	0.992	0.0000	0.8434	0.12321	0.8499	0.9924	1.64247	1.64999	0.0000	0.0000	0.0000	0.0056985	-0.0064716	-0.00033189	0	0	0
# CONV t=150.00 cond=0 evap=0 rough=0 back_s=0
# LEDGER t=150.000 mode=3 sum_err=0 max|E-iEu|=1.110e-16 run_max_diff=0.000e+00 run_max_sum_err=0 steps=7500 E0_int=9742107469565217 sum=9742107469565217
# NETG t=150.00 gates min=0.8230 mean=0.7985 edges=1
# PIN t=150.00 R=-0.289167571 nv=2
# SLIP t=150.00 e=0 psi=+0.3569 unw=+44.333 nu_win=+0.050092 dwb_win=+0.298466
155.000	9740.83388	1.29588989	0	0.236911439	9742.10746957	-1.867e-16	57689	11.017	13.816	13.304	0.993	0.0000	0.8434	0.12598	0.8499	0.9924	1.64268	1.64999	0.0000	0.0000	0.0000	0.0007965	-9.0617e-05	-0.0012373	0	0	0
# CONV t=155.00 cond=0 evap=0 rough=0 back_s=0
# LEDGER t=155.000 mode=3 sum_err=0 max|E-iEu|=1.110e-16 run_max_diff=0.000e+00 run_max_sum_err=0 steps=7750 E0_int=9742107469565217 sum=9742107469565217
# NETG t=155.00 gates min=0.0013 mean=0.0013 edges=1
# PIN t=155.00 R=-0.259211383 nv=2
# SLIP t=155.00 e=0 psi=+1.6973 unw=+45.674 nu_win=+0.042666 dwb_win=+0.298636
160.000	9740.83388	1.29831639	0	0.239805722	9742.10746957	-1.867e-16	57689	11.016	13.808	13.313	0.991	0.0000	0.8434	0.12835	0.8499	0.9924	1.64271	1.64999	0.0000	0.0000	0.0000	0.00073956	-0.00023293	0.00037174	0	0	0
# CONV t=160.00 cond=0 evap=0 rough=0 back_s=0
# LEDGER t=160.000 mode=3 sum_err=0 max|E-iEu|=1.110e-16 run_max_diff=0.000e+00 run_max_sum_err=0 steps=8000 E0_int=9742107469565217 sum=9742107469565217
# NETG t=160.00 gates min=0.0000 mean=0.0000 edges=1
# PIN t=160.00 R=-0.264532165 nv=2
# SLIP t=160.00 e=0 psi=-3.0865 unw=+47.173 nu_win=+0.047725 dwb_win=+0.299865
165.000	9740.83388	1.30090191	0	0.251093053	9742.10746957	-3.734e-16	57689	11.016	13.808	13.308	0.992	0.0000	0.8434	0.13098	0.8499	0.9924	1.64261	1.64999	0.0000	0.0000	0.0000	0.0020216	-0.00091816	-0.0020082	0	0	0
# CONV t=165.00 cond=0 evap=0 rough=0 back_s=0
# LEDGER t=165.000 mode=3 sum_err=0 max|E-iEu|=1.110e-16 run_max_diff=0.000e+00 run_max_sum_err=0 steps=8250 E0_int=9742107469565217 sum=9742107469565217
# NETG t=165.00 gates min=0.0034 mean=0.0034 edges=1
# PIN t=165.00 R=-0.278405012 nv=2
# SLIP t=165.00 e=0 psi=-1.5883 unw=+48.671 nu_win=+0.047690 dwb_win=+0.299310
170.000	9740.83388	1.29910183	0	0.280815233	9742.10746957	-3.734e-16	57689	11.019	13.813	13.304	0.990	0.0000	0.8434	0.13344	0.8499	0.9924	1.64253	1.64999	0.0000	0.0000	0.0000	0.016469	-0.014572	-0.0024348	0	0	0
# CONV t=170.00 cond=0 evap=0 rough=0 back_s=0
# LEDGER t=170.000 mode=3 sum_err=0 max|E-iEu|=1.110e-16 run_max_diff=0.000e+00 run_max_sum_err=0 steps=8500 E0_int=9742107469565217 sum=9742107469565217
# NETG t=170.00 gates min=0.9998 mean=0.9984 edges=1
# PIN t=170.00 R=-0.306327118 nv=2
# SLIP t=170.00 e=0 psi=-0.0108 unw=+50.249 nu_win=+0.050213 dwb_win=+0.299135
175.000	9740.83388	1.29782628	0	0.269174601	9742.10746957	-1.867e-16	57689	11.023	13.815	13.311	0.990	0.0000	0.8434	0.13596	0.8499	0.9924	1.64262	1.64999	0.0000	0.0000	0.0000	0.0055215	-0.0038846	-0.0004432	0	0	0
# CONV t=175.00 cond=0 evap=0 rough=0 back_s=0
# LEDGER t=175.000 mode=3 sum_err=0 max|E-iEu|=1.110e-16 run_max_diff=0.000e+00 run_max_sum_err=0 steps=8750 E0_int=9742107469565217 sum=9742107469565217
# NETG t=175.00 gates min=0.0214 mean=0.0211 edges=1
# PIN t=175.00 R=-0.293410937 nv=2
# SLIP t=175.00 e=0 psi=+1.3359 unw=+51.595 nu_win=+0.042868 dwb_win=+0.298216
180.000	9740.83388	1.29937204	0	0.274261672	9742.10746957	-1.867e-16	57688	11.023	13.804	13.294	0.990	0.0000	0.8434	0.13864	0.8499	0.9924	1.64265	1.64999	0.0000	0.0000	0.0000	0.0013635	0.00018177	-0.0012429	0	0	0
# CONV t=180.00 cond=0 evap=0 rough=0 back_s=0
# LEDGER t=180.000 mode=3 sum_err=0 max|E-iEu|=1.110e-16 run_max_diff=0.000e+00 run_max_sum_err=0 steps=9000 E0_int=9742107469565217 sum=9742107469565217
# NETG t=180.00 gates min=0.0000 mean=0.0000 edges=1
# PIN t=180.00 R=-0.300043769 nv=2
# SLIP t=180.00 e=0 psi=+2.8265 unw=+53.086 nu_win=+0.047446 dwb_win=+0.299549
185.000	9740.83388	1.30016827	0	0.278315771	9742.10746957	-3.734e-16	57689	11.028	13.802	13.291	0.989	0.0000	0.8434	0.14074	0.8499	0.9924	1.64272	1.64999	0.0000	0.0000	0.0000	-0.00042181	-0.0014646	0.00060986	0	0	0
# CONV t=185.00 cond=0 evap=0 rough=0 back_s=0
# LEDGER t=185.000 mode=3 sum_err=0 max|E-iEu|=1.110e-16 run_max_diff=0.000e+00 run_max_sum_err=0 steps=9250 E0_int=9742107469565217 sum=9742107469565217
# NETG t=185.00 gates min=0.0001 mean=0.0001 edges=1
# PIN t=185.00 R=-0.304894091 nv=2
# SLIP t=185.00 e=0 psi=-1.9568 unw=+54.586 nu_win=+0.047744 dwb_win=+0.299943
190.000	9740.83388	1.30262783	0	0.293821744	9742.10746957	-3.734e-16	57688	11.031	13.798	13.298	0.989	0.0000	0.8434	0.14348	0.8499	0.9924	1.64256	1.64999	0.0000	0.0000	0.0000	0.0014462	-0.004035	0.00020852	0	0	0
# CONV t=190.00 cond=0 evap=0 rough=0 back_s=0
# LEDGER t=190.000 mode=3 sum_err=0 max|E-iEu|=1.110e-16 run_max_diff=0.000e+00 run_max_sum_err=0 steps=9500 E0_int=9742107469565217 sum=9742107469565217
# NETG t=190.00 gates min=0.7142 mean=0.7132 edges=1
# PIN t=190.00 R=-0.322859626 nv=2
# SLIP t=190.00 e=0 psi=-0.4088 unw=+56.134 nu_win=+0.049273 dwb_win=+0.298933
195.000	9740.83388	1.30531609	0	0.298316409	9742.10746957	-3.734e-16	57687	11.029	13.781	13.286	0.990	0.0000	0.8434	0.14535	0.8499	0.9924	1.64264	1.64999	0.0000	0.0000	0.0000	-0.0002604	-0.0016416	-6.0692e-05	0	0	0
# CONV t=195.00 cond=0 evap=0 rough=0 back_s=0
# LEDGER t=195.000 mode=3 sum_err=0 max|E-iEu|=1.110e-16 run_max_diff=0.000e+00 run_max_sum_err=0 steps=9750 E0_int=9742107469565217 sum=9742107469565217
# NETG t=195.00 gates min=0.1336 mean=0.1316 edges=1
# PIN t=195.00 R=-0.330042546 nv=2
# SLIP t=195.00 e=0 psi=+0.9896 unw=+57.532 nu_win=+0.044512 dwb_win=+0.298088
200.000	9740.83388	1.3095979	0	0.300684969	9742.10746957	-3.734e-16	57687	11.039	13.780	13.303	0.986	0.0000	0.8434	0.14736	0.8499	0.9924	1.64260	1.64999	0.0000	0.0000	0.0000	0.00075026	-0.0016598	0.00034091	0	0	0
# CONV t=200.00 cond=0 evap=0 rough=0 back_s=0
# LEDGER t=200.000 mode=3 sum_err=0 max|E-iEu|=1.110e-16 run_max_diff=0.000e+00 run_max_sum_err=0 steps=10000 E0_int=9742107469565217 sum=9742107469565217
# NETG t=200.00 gates min=0.0000 mean=0.0000 edges=1
# PIN t=200.00 R=-0.336692921 nv=2
# SLIP t=200.00 e=0 psi=+2.4580 unw=+59.001 nu_win=+0.046742 dwb_win=+0.299423
205.000	9740.83388	1.30503326	0	0.312407449	9742.10746957	0.000e+00	57687	11.038	13.795	13.294	0.989	0.0000	0.8434	0.14954	0.8499	0.9924	1.64267	1.64999	0.0000	0.0000	0.0000	0.00058977	-0.0017037	-4.8739e-05	0	0	0
# CONV t=205.00 cond=0 evap=0 rough=0 back_s=0
# LEDGER t=205.000 mode=3 sum_err=0 max|E-iEu|=1.110e-16 run_max_diff=0.000e+00 run_max_sum_err=0 steps=10250 E0_int=9742107469565217 sum=9742107469565217
# NETG t=205.00 gates min=0.0000 mean=0.0000 edges=1
# PIN t=205.00 R=-0.343850765 nv=2
# SLIP t=205.00 e=0 psi=-2.3267 unw=+60.499 nu_win=+0.047698 dwb_win=+0.299677
210.000	9740.83388	1.31120735	0	0.311570257	9742.10746957	-1.867e-16	57687	11.043	13.783	13.293	0.987	0.0000	0.8434	0.15136	0.8499	0.9924	1.64272	1.64999	0.0000	0.0000	0.0000	-0.0015721	0.00072768	-0.00063002	0	0	0
# CONV t=210.00 cond=0 evap=0 rough=0 back_s=0
# LEDGER t=210.000 mode=3 sum_err=0 max|E-iEu|=1.110e-16 run_max_diff=0.000e+00 run_max_sum_err=0 steps=10500 E0_int=9742107469565217 sum=9742107469565217
# NETG t=210.00 gates min=0.2605 mean=0.2594 edges=1
# PIN t=210.00 R=-0.349187655 nv=2
# SLIP t=210.00 e=0 psi=-0.8086 unw=+62.017 nu_win=+0.048322 dwb_win=+0.299885
215.000	9740.83388	1.31237466	0	0.343883213	9742.10746957	-3.734e-16	57687	11.029	13.781	13.293	0.987	0.0000	0.8434	0.15363	0.8499	0.9924	1.64248	1.64999	0.0000	0.0000	0.0000	0.0014992	-0.0031018	0.00084594	0	0	0
# CONV t=215.00 cond=0 evap=0 rough=0 back_s=0
# LEDGER t=215.000 mode=3 sum_err=0 max|E-iEu|=1.110e-16 run_max_diff=0.000e+00 run_max_sum_err=0 steps=10750 E0_int=9742107469565217 sum=9742107469565217
# NETG t=215.00 gates min=0.4175 mean=0.4045 edges=1
# PIN t=215.00 R=-0.382667923 nv=2
# SLIP t=215.00 e=0 psi=+0.6782 unw=+63.504 nu_win=+0.047328 dwb_win=+0.297482
220.000	9740.83388	1.31016142	0	0.329124557	9742.10746957	-3.734e-16	57687	11.048	13.780	13.296	0.985	0.0000	0.8434	0.15562	0.8499	0.9924	1.64267	1.64999	0.0000	0.0000	0.0000	-0.0018541	0.0012309	-0.00015636	0	0	0
# CONV t=220.00 cond=0 evap=0 rough=0 back_s=0
# LEDGER t=220.000 mode=3 sum_err=0 max|E-iEu|=1.110e-16 run_max_diff=0.000e+00 run_max_sum_err=0 steps=11000 E0_int=9742107469565217 sum=9742107469565217
# NETG t=220.00 gates min=0.0000 mean=0.0000 edges=1
# PIN t=220.00 R=-0.365696028 nv=2
# SLIP t=220.00 e=0 psi=+2.0893 unw=+64.915 nu_win=+0.044916 dwb_win=+0.299556
225.000	9740.83388	1.31194887	0	0.34042773	9742.10746957	-1.867e-16	57687	11.045	13.773	13.296	0.986	0.0000	0.8434	0.15779	0.8499	0.9924	1.64253	1.64999	0.0000	0.0000	0.0000	-8.7631e-05	-0.00056517	-0.0010655	0	0	0
# CONV t=225.00 cond=0 evap=0 rough=0 back_s=0
# LEDGER t=225.000 mode=3 sum_err=0 max|E-iEu|=1.110e-16 run_max_diff=0.000e+00 run_max_sum_err=0 steps=11250 E0_int=9742107469565217 sum=9742107469565217
# NETG t=225.00 gates min=0.0000 mean=0.0000 edges=1
# PIN t=225.00 R=-0.378786654 nv=2
# SLIP t=225.00 e=0 psi=-2.6942 unw=+66.415 nu_win=+0.047737 dwb_win=+0.299467
230.000	9740.83388	1.31384348	0	0.34553934	9742.10746957	-1.867e-16	57687	11.049	13.767	13.297	0.985	0.0000	0.8434	0.15982	0.8499	0.9924	1.64260	1.64999	0.0000	0.0000	0.0000	-6.4708e-05	-0.00038291	-0.0010825	0	0	0
# CONV t=230.00 cond=0 evap=0 rough=0 back_s=0
# LEDGER t=230.000 mode=3 sum_err=0 max|E-iEu|=1.110e-16 run_max_diff=0.000e+00 run_max_sum_err=0 steps=11500 E0_int=9742107469565217 sum=9742107469565217
# NETG t=230.00 gates min=0.0479 mean=0.0478 edges=1
# PIN t=230.00 R=-0.38579287 nv=2
# SLIP t=230.00 e=0 psi=-1.1939 unw=+67.915 nu_win=+0.047757 dwb_win=+0.299764
235.000	9740.83388	1.3118727	0	0.368763805	9742.10746957	-1.867e-16	57687	11.040	13.773	13.288	0.984	0.0000	0.8434	0.16153	0.8499	0.9924	1.64237	1.64998	0.0000	0.0000	0.0000	-0.013161	0.013489	0.00098742	0	0	0
# CONV t=235.00 cond=0 evap=0 rough=0 back_s=0
# LEDGER t=235.000 mode=3 sum_err=0 max|E-iEu|=1.110e-16 run_max_diff=0.000e+00 run_max_sum_err=0 steps=11750 E0_int=9742107469565217 sum=9742107469565217
# NETG t=235.00 gates min=0.8201 mean=0.7924 edges=1
# PIN t=235.00 R=-0.407046559 nv=2
# SLIP t=235.00 e=0 psi=+0.3653 unw=+69.474 nu_win=+0.049629 dwb_win=+0.298409
240.000	9740.83388	1.31808251	0	0.358453358	9742.10746957	-1.867e-16	57687	11.058	13.766	13.295	0.984	0.0000	0.8434	0.16379	0.8499	0.9924	1.64252	1.64998	0.0000	0.0000	0.0000	-0.0022507	0.00051459	-0.00040209	0	0	0
# CONV t=240.00 cond=0 evap=0 rough=0 back_s=0
# LEDGER t=240.000 mode=3 sum_err=0 max|E-iEu|=1.110e-16 run_max_diff=0.000e+00 run_max_sum_err=0 steps=12000 E0_int=9742107469565217 sum=9742107469565217
# NETG t=240.00 gates min=0.0011 mean=0.0011 edges=1
# PIN t=240.00 R=-0.402945924 nv=2
# SLIP t=240.00 e=0 psi=+1.7198 unw=+70.829 nu_win=+0.043114 dwb_win=+0.298574
245.000	9740.83388	1.31421563	0	0.366140711	9742.10746957	-1.867e-16	57687	11.051	13.767	13.286	0.983	0.0000	0.8434	0.16526	0.8499	0.9924	1.64260	1.64998	0.0000	0.0000	0.0000	-0.000938	-0.00052026	8.0854e-05	0	0	0
# CONV t=245.00 cond=0 evap=0 rough=0 back_s=0
# LEDGER t=245.000 mode=3 sum_err=0 max|E-iEu|=1.110e-16 run_max_diff=0.000e+00 run_max_sum_err=0 steps=12250 E0_int=9742107469565217 sum=9742107469565217
# NETG t=245.00 gates min=0.0000 mean=0.0000 edges=1
# PIN t=245.00 R=-0.406766394 nv=2
# SLIP t=245.00 e=0 psi=-3.0639 unw=+72.328 nu_win=+0.047731 dwb_win=+0.299961
250.000	9740.83388	1.31923458	0	0.375425404	9742.10746957	-1.867e-16	57687	11.043	13.758	13.290	0.984	0.0000	0.8434	0.16732	0.8499	0.9924	1.64246	1.64998	0.0000	0.0000	0.0000	0.0026114	-0.00326	-0.0011032	0	0	0
# CONV t=250.00 cond=0 evap=0 rough=0 back_s=0
# LEDGER t=250.000 mode=3 sum_err=0 max|E-iEu|=1.110e-16 run_max_diff=0.000e+00 run_max_sum_err=0 steps=12500 E0_int=9742107469565217 sum=9742107469565217
# NETG t=250.00 gates min=0.0041 mean=0.0041 edges=1
# PIN t=250.00 R=-0.421070036 nv=2
# SLIP t=250.00 e=0 psi=-1.5642 unw=+73.828 nu_win=+0.047737 dwb_win=+0.299400
255.000	9740.83388	1.32240029	0	0.386537463	9742.10746957	-1.867e-16	57687	11.057	13.759	13.303	0.982	0.0000	0.8434	0.1692	0.8499	0.9924	1.64252	1.64998	0.0000	0.0000	0.0000	0.0025976	-0.004619	-0.0014757	0	0	0
# CONV t=255.00 cond=0 evap=0 rough=0 back_s=0
# LEDGER t=255.000 mode=3 sum_err=0 max|E-iEu|=1.110e-16 run_max_diff=0.000e+00 run_max_sum_err=0 steps=12750 E0_int=9742107469565217 sum=9742107469565217
# NETG t=255.00 gates min=1.0000 mean=1.0000 edges=1
# PIN t=255.00 R=-0.435347808 nv=2
# SLIP t=255.00 e=0 psi=+0.0041 unw=+75.396 nu_win=+0.049919 dwb_win=+0.299001
260.000	9740.83388	1.3138891	0	0.393844505	9742.10746957	-1.867e-16	57687	11.045	13.767	13.290	0.983	0.0000	0.8434	0.17077	0.8499	0.9924	1.64262	1.64998	0.0000	0.0000	0.0000	0.00097698	-0.00037125	0.00083647	0	0	0
# CONV t=260.00 cond=0 evap=0 rough=0 back_s=0
# LEDGER t=260.000 mode=3 sum_err=0 max|E-iEu|=1.110e-16 run_max_diff=0.000e+00 run_max_sum_err=0 steps=13000 E0_int=9742107469565217 sum=9742107469565217
# NETG t=260.00 gates min=0.0182 mean=0.0180 edges=1
# PIN t=260.00 R=-0.434143662 nv=2
# SLIP t=260.00 e=0 psi=+1.3601 unw=+76.752 nu_win=+0.043164 dwb_win=+0.298424
265.000	9740.83388	1.3184285	0	0.401459211	9742.10746957	-1.867e-16	57687	11.051	13.756	13.295	0.982	0.0000	0.8434	0.17334	0.8499	0.9924	1.64257	1.64998	0.0000	0.0000	0.0000	-0.00037262	-0.001058	-0.0018828	0	0	0
# CONV t=265.00 cond=0 evap=0 rough=0 back_s=0
# LEDGER t=265.000 mode=3 sum_err=0 max|E-iEu|=1.110e-16 run_max_diff=0.000e+00 run_max_sum_err=0 steps=13250 E0_int=9742107469565217 sum=9742107469565217
# NETG t=265.00 gates min=0.0000 mean=0.0000 edges=1
# PIN t=265.00 R=-0.446297767 nv=2
# SLIP t=265.00 e=0 psi=+2.8498 unw=+78.242 nu_win=+0.047420 dwb_win=+0.299284
270.000	9740.83388	1.31609634	0	0.407960763	9742.10746957	-1.867e-16	57687	11.055	13.767	13.288	0.982	0.0000	0.8434	0.17458	0.8499	0.9924	1.64269	1.64998	0.0000	0.0000	0.0000	-0.0015728	-0.0018726	0.0031437	0	0	0
# CONV t=270.00 cond=0 evap=0 rough=0 back_s=0
# LEDGER t=270.000 mode=3 sum_err=0 max|E-iEu|=1.110e-16 run_max_diff=0.000e+00 run_max_sum_err=0 steps=13500 E0_int=9742107469565217 sum=9742107469565217
# NETG t=270.00 gates min=0.0001 mean=0.0001 edges=1
# PIN t=270.00 R=-0.450467157 nv=2
# SLIP t=270.00 e=0 psi=-1.9337 unw=+79.742 nu_win=+0.047736 dwb_win=+0.299959
275.000	9740.83388	1.32588657	0	0.417635144	9742.10746957	-1.867e-16	57687	11.056	13.751	13.297	0.980	0.0000	0.8434	0.17651	0.8499	0.9924	1.64254	1.64998	0.0000	0.0000	0.0000	-0.00029758	-0.0013127	-0.0010474	0	0	0
# CONV t=275.00 cond=0 evap=0 rough=0 back_s=0
# LEDGER t=275.000 mode=3 sum_err=0 max|E-iEu|=1.110e-16 run_max_diff=0.000e+00 run_max_sum_err=0 steps=13750 E0_int=9742107469565217 sum=9742107469565217
# NETG t=275.00 gates min=0.7435 mean=0.7410 edges=1
# PIN t=275.00 R=-0.469931772 nv=2
# SLIP t=275.00 e=0 psi=-0.3838 unw=+81.292 nu_win=+0.049335 dwb_win=+0.299062
280.000	9740.83388	1.31727935	0	0.433756919	9742.10746957	0.000e+00	57687	11.044	13.758	13.298	0.980	0.0000	0.8434	0.17796	0.8499	0.9924	1.64265	1.64998	0.0000	0.0000	0.0000	0.00011591	-0.00065921	-0.001463	0	0	0
# CONV t=280.00 cond=0 evap=0 rough=0 back_s=0
# LEDGER t=280.000 mode=3 sum_err=0 max|E-iEu|=1.110e-16 run_max_diff=0.000e+00 run_max_sum_err=0 steps=14000 E0_int=9742107469565217 sum=9742107469565217
# NETG t=280.00 gates min=0.1219 mean=0.1198 edges=1
# PIN t=280.00 R=-0.47744632 nv=2
# SLIP t=280.00 e=0 psi=+1.0115 unw=+82.687 nu_win=+0.044413 dwb_win=+0.297967
285.000	9740.83388	1.32159858	0	0.430316977	9742.10746957	-3.734e-16	57687	11.059	13.758	13.286	0.979	0.0000	0.8434	0.17917	0.8499	0.9924	1.64269	1.64998	0.0000	0.0000	0.0000	0.0008166	-0.00086757	-0.0010238	0	0	0
# CONV t=285.00 cond=0 evap=0 rough=0 back_s=0
# LEDGER t=285.000 mode=3 sum_err=0 max|E-iEu|=1.110e-16 run_max_diff=0.000e+00 run_max_sum_err=0 steps=14250 E0_int=9742107469565217 sum=9742107469565217
# NETG t=285.00 gates min=0.0000 mean=0.0000 edges=1
# PIN t=285.00 R=-0.478325609 nv=2
# SLIP t=285.00 e=0 psi=+2.4809 unw=+84.156 nu_win=+0.046771 dwb_win=+0.299695
290.000	9740.83388	1.3186004	0	0.446259055	9742.10746957	-3.734e-16	57687	11.051	13.769	13.295	0.980	0.0000	0.8434	0.18099	0.8499	0.9924	1.64265	1.64998	0.0000	0.0000	0.0000	-0.0030005	0.00053976	-0.0003329	0	0	0
# CONV t=290.00 cond=0 evap=0 rough=0 back_s=0
# LEDGER t=290.000 mode=3 sum_err=0 max|E-iEu|=1.110e-16 run_max_diff=0.000e+00 run_max_sum_err=0 steps=14500 E0_int=9742107469565217 sum=9742107469565217
# NETG t=290.00 gates min=0.0000 mean=0.0000 edges=1
# PIN t=290.00 R=-0.491269511 nv=2
# SLIP t=290.00 e=0 psi=-2.3052 unw=+85.653 nu_win=+0.047654 dwb_win=+0.299415
295.000	9740.83388	1.31960494	0	0.451857619	9742.10746957	-1.867e-16	57687	11.039	13.775	13.309	0.977	0.0000	0.8434	0.18182	0.8499	0.9924	1.64273	1.64998	0.0000	0.0000	0.0000	-0.00073422	-0.0012794	-0.0021367	0	0	0
# CONV t=295.00 cond=0 evap=0 rough=0 back_s=0
# LEDGER t=295.000 mode=3 sum_err=0 max|E-iEu|=1.110e-16 run_max_diff=0.000e+00 run_max_sum_err=0 steps=14750 E0_int=9742107469565217 sum=9742107469565217
# NETG t=295.00 gates min=0.2798 mean=0.2783 edges=1
# PIN t=295.00 R=-0.497872618 nv=2
# SLIP t=295.00 e=0 psi=-0.7875 unw=+87.171 nu_win=+0.048311 dwb_win=+0.299914
300.000	9740.83388	1.31856831	0	0.487702361	9742.10746957	-1.867e-16	57687	11.050	13.764	13.300	0.976	0.0000	0.8434	0.18344	0.8499	0.9924	1.64249	1.64998	0.0000	0.0000	0.0000	5.6191e-05	-0.0020463	0.0012096	0	0	0
# CONV t=300.00 cond=0 evap=0 rough=0 back_s=0
# LEDGER t=300.000 mode=3 sum_err=0 max|E-iEu|=1.110e-16 run_max_diff=0.000e+00 run_max_sum_err=0 steps=15000 E0_int=9742107469565217 sum=9742107469565217
# NETG t=300.00 gates min=0.3967 mean=0.3819 edges=1
# PIN t=300.00 R=-0.532680724 nv=2
# SLIP t=300.00 e=0 psi=+0.7004 unw=+88.659 nu_win=+0.047360 dwb_win=+0.297537
305.000	9740.83388	1.31882539	0	0.469511346	9742.10746957	-3.734e-16	57687	11.058	13.763	13.305	0.975	0.0000	0.8434	0.18443	0.8499	0.9924	1.64275	1.64998	0.0000	0.0000	0.0000	-0.0018652	0.00061976	-0.0026435	0	0	0
# CONV t=305.00 cond=0 evap=0 rough=0 back_s=0
# LEDGER t=305.000 mode=3 sum_err=0 max|E-iEu|=1.110e-16 run_max_diff=0.000e+00 run_max_sum_err=0 steps=15250 E0_int=9742107469565217 sum=9742107469565217
# NETG t=305.00 gates min=0.0000 mean=0.0000 edges=1
# PIN t=305.00 R=-0.514746785 nv=2
# SLIP t=305.00 e=0 psi=+2.1092 unw=+90.068 nu_win=+0.044843 dwb_win=+0.299539
310.000	9740.83388	1.32147917	0	0.474842645	9742.10746957	-1.867e-16	57687	11.057	13.764	13.326	0.972	0.0000	0.8434	0.18536	0.8499	0.9924	1.64274	1.64998	0.0000	0.0000	0.0000	-0.00032004	-0.00287	0.00088643	0	0	0
# CONV t=310.00 cond=0 evap=0 rough=0 back_s=0
# LEDGER t=310.000 mode=3 sum_err=0 max|E-iEu|=1.110e-16 run_max_diff=0.000e+00 run_max_sum_err=0 steps=15500 E0_int=9742107469565217 sum=9742107469565217
# NETG t=310.00 gates min=0.0000 mean=0.0000 edges=1
# PIN t=310.00 R=-0.52273187 nv=2
# SLIP t=310.00 e=0 psi=-2.6742 unw=+91.568 nu_win=+0.047739 dwb_win=+0.299817
315.000	9740.83388	1.32322466	0	0.486863787	9742.10746957	-1.867e-16	57687	11.044	13.768	13.296	0.974	0.0000	0.8434	0.18695	0.8499	0.9924	1.64273	1.64998	0.0000	0.0000	0.0000	-0.001174	-0.00075516	-0.00047328	0	0	0
# CONV t=315.00 cond=0 evap=0 rough=0 back_s=0
# LEDGER t=315.000 mode=3 sum_err=0 max|E-iEu|=1.110e-16 run_max_diff=0.000e+00 run_max_sum_err=0 steps=15750 E0_int=9742107469565217 sum=9742107469565217
# NETG t=315.00 gates min=0.0535 mean=0.0534 edges=1
# PIN t=315.00 R=-0.536498505 nv=2
# SLIP t=315.00 e=0 psi=-1.1734 unw=+93.068 nu_win=+0.047772 dwb_win=+0.299473
320.000	9740.83388	1.32315745	0	0.532367756	9742.10746957	-1.867e-16	57687	11.041	13.768	13.283	0.974	0.0000	0.8434	0.1877	0.8499	0.9924	1.64258	1.64998	0.0000	0.0000	0.0000	0.0016615	-0.0026926	-0.0017224	0	0	0
# CONV t=320.00 cond=0 evap=0 rough=0 back_s=0
# LEDGER t=320.000 mode=3 sum_err=0 max|E-iEu|=1.110e-16 run_max_diff=0.000e+00 run_max_sum_err=0 steps=16000 E0_int=9742107469565217 sum=9742107469565217
# NETG t=320.00 gates min=0.7825 mean=0.7549 edges=1
# PIN t=320.00 R=-0.581935264 nv=2
# SLIP t=320.00 e=0 psi=+0.3978 unw=+94.640 nu_win=+0.050012 dwb_win=+0.298422
325.000	9740.83388	1.32430497	0	0.504893101	9742.10746957	-1.867e-16	57687	11.052	13.761	13.296	0.974	0.0000	0.8434	0.18938	0.8499	0.9924	1.64271	1.64997	0.0000	0.0000	0.0000	-0.001722	-0.0043657	0.00039831	0	0	0
# CONV t=325.00 cond=0 evap=0 rough=0 back_s=0
# LEDGER t=325.000 mode=3 sum_err=0 max|E-iEu|=1.110e-16 run_max_diff=0.000e+00 run_max_sum_err=0 steps=16250 E0_int=9742107469565217 sum=9742107469565217
# NETG t=325.00 gates min=0.0009 mean=0.0009 edges=1
# PIN t=325.00 R=-0.555608128 nv=2
# SLIP t=325.00 e=0 psi=+1.7382 unw=+95.980 nu_win=+0.042668 dwb_win=+0.298586
330.000	9740.83388	1.32860318	0	0.506334448	9742.10746957	-1.867e-16	57687	11.048	13.749	13.304	0.969	0.0000	0.8434	0.18998	0.8499	0.9924	1.64284	1.64997	0.0000	0.0000	0.0000	-0.00086639	-0.0021577	-0.0012497	0	0	0
# CONV t=330.00 cond=0 evap=0 rough=0 back_s=0
# LEDGER t=330.000 mode=3 sum_err=0 max|E-iEu|=1.110e-16 run_max_diff=0.000e+00 run_max_sum_err=0 steps=16500 E0_int=9742107469565217 sum=9742107469565217
# NETG t=330.00 gates min=0.0000 mean=0.0000 edges=1
# PIN t=330.00 R=-0.561347679 nv=2
# SLIP t=330.00 e=0 psi=-3.0463 unw=+97.479 nu_win=+0.047704 dwb_win=+0.299902
335.000	9740.83388	1.32162217	0	0.521884994	9742.10746957	-1.867e-16	57686	11.040	13.760	13.288	0.973	0.0000	0.8434	0.19109	0.8499	0.9924	1.64280	1.64997	0.0000	0.0000	0.0000	-3.7206e-05	-0.0015138	-0.0016208	0	0	0
# CONV t=335.00 cond=0 evap=0 rough=0 back_s=0
# LEDGER t=335.000 mode=3 sum_err=0 max|E-iEu|=1.110e-16 run_max_diff=0.000e+00 run_max_sum_err=0 steps=16750 E0_int=9742107469565217 sum=9742107469565217
# NETG t=335.00 gates min=0.0047 mean=0.0047 edges=1
# PIN t=335.00 R=-0.569917214 nv=2
# SLIP t=335.00 e=0 psi=-1.5461 unw=+98.979 nu_win=+0.047754 dwb_win=+0.299806
340.000	9740.83388	1.32889116	0	0.55088234	9742.10746957	-1.867e-16	57686	11.066	13.761	13.305	0.967	0.0000	0.8434	0.19261	0.8499	0.9924	1.64268	1.64997	0.0000	0.0000	0.0000	-0.013523	0.012438	0.0040632	0	0	0
# CONV t=340.00 cond=0 evap=0 rough=0 back_s=0
# LEDGER t=340.000 mode=3 sum_err=0 max|E-iEu|=1.110e-16 run_max_diff=0.000e+00 run_max_sum_err=0 steps=17000 E0_int=9742107469565217 sum=9742107469565217
# NETG t=340.00 gates min=1.0000 mean=0.9992 edges=1
# PIN t=340.00 R=-0.606183554 nv=2
# SLIP t=340.00 e=0 psi=+0.0284 unw=+100.553 nu_win=+0.050115 dwb_win=+0.298509
345.000	9740.83388	1.3233541	0	0.539408092	9742.10746957	-1.867e-16	57686	11.064	13.759	13.296	0.971	0.0000	0.8434	0.19318	0.8499	0.9924	1.64287	1.64997	0.0000	0.0000	0.0000	-0.0012975	-0.0010166	-0.00072414	0	0	0
# CONV t=345.00 cond=0 evap=0 rough=0 back_s=0
# LEDGER t=345.000 mode=3 sum_err=0 max|E-iEu|=1.110e-16 run_max_diff=0.000e+00 run_max_sum_err=0 steps=17250 E0_int=9742107469565217 sum=9742107469565217
# NETG t=345.00 gates min=0.0166 mean=0.0165 edges=1
# PIN t=345.00 R=-0.58917225 nv=2
# SLIP t=345.00 e=0 psi=+1.3732 unw=+101.898 nu_win=+0.042809 dwb_win=+0.298610
350.000	9740.83388	1.33616326	0	0.541142683	9742.10746957	-3.734e-16	57686	11.042	13.746	13.309	0.968	0.0000	0.8434	0.1949	0.8499	0.9924	1.64277	1.64997	0.0000	0.0000	0.0000	-0.0012313	-0.0025257	6.2395e-05	0	0	0
# CONV t=350.00 cond=0 evap=0 rough=0 back_s=0
# LEDGER t=350.000 mode=3 sum_err=0 max|E-iEu|=1.110e-16 run_max_diff=0.000e+00 run_max_sum_err=0 steps=17500 E0_int=9742107469565217 sum=9742107469565217
# NETG t=350.00 gates min=0.0000 mean=0.0000 edges=1
# PIN t=350.00 R=-0.603715995 nv=2
# SLIP t=350.00 e=0 psi=+2.8664 unw=+103.391 nu_win=+0.047529 dwb_win=+0.299289
355.000	9740.83388	1.3254083	0	0.556432852	9742.10746957	-3.734e-16	57686	11.069	13.737	13.294	0.969	0.0000	0.8434	0.19499	0.8499	0.9924	1.64288	1.64997	0.0000	0.0000	0.0000	-0.0010823	-0.00041127	0.0010677	0	0	0
# CONV t=355.00 cond=0 evap=0 rough=0 back_s=0
# LEDGER t=355.000 mode=3 sum_err=0 max|E-iEu|=1.110e-16 run_max_diff=0.000e+00 run_max_sum_err=0 steps=17750 E0_int=9742107469565217 sum=9742107469565217
# NETG t=355.00 gates min=0.0001 mean=0.0001 edges=1
# PIN t=355.00 R=-0.608251204 nv=2
# SLIP t=355.00 e=0 psi=-1.9182 unw=+104.890 nu_win=+0.047701 dwb_win=+0.299878
360.000	9740.83388	1.32951442	0	0.567791651	9742.10746957	-3.734e-16	57686	11.057	13.742	13.294	0.970	0.0000	0.8434	0.19581	0.8499	0.9924	1.64280	1.64997	0.0000	0.0000	0.0000	-1.1777e-05	-0.0013215	-0.00070391	0	0	0
# CONV t=360.00 cond=0 evap=0 rough=0 back_s=0
# LEDGER t=360.000 mode=3 sum_err=0 max|E-iEu|=1.110e-16 run_max_diff=0.000e+00 run_max_sum_err=0 steps=18000 E0_int=9742107469565217 sum=9742107469565217
# NETG t=360.00 gates min=0.7657 mean=0.7616 edges=1
# PIN t=360.00 R=-0.623716127 nv=2
# SLIP t=360.00 e=0 psi=-0.3643 unw=+106.444 nu_win=+0.049461 dwb_win=+0.299579
365.000	9740.83388	1.32753989	0	0.582426792	9742.10746957	0.000e+00	57686	11.066	13.752	13.310	0.968	0.0000	0.8434	0.19685	0.8499	0.9924	1.64281	1.64997	0.0000	0.0000	0.0000	-0.0016806	0.00081002	0.00041989	0	0	0
# CONV t=365.00 cond=0 evap=0 rough=0 back_s=0
# LEDGER t=365.000 mode=3 sum_err=0 max|E-iEu|=1.110e-16 run_max_diff=0.000e+00 run_max_sum_err=0 steps=18250 E0_int=9742107469565217 sum=9742107469565217
# NETG t=365.00 gates min=0.1160 mean=0.1138 edges=1
# PIN t=365.00 R=-0.636376737 nv=2
# SLIP t=365.00 e=0 psi=+1.0234 unw=+107.832 nu_win=+0.044174 dwb_win=+0.297539
370.000	9740.83388	1.33761985	0	0.569685091	9742.10746957	-1.867e-16	57686	11.054	13.740	13.305	0.966	0.0000	0.8434	0.1973	0.8499	0.9924	1.64289	1.64997	0.0000	0.0000	0.0000	0.00052484	-0.0013488	-0.00094803	0	0	0
# CONV t=370.00 cond=0 evap=0 rough=0 back_s=0
# LEDGER t=370.000 mode=3 sum_err=0 max|E-iEu|=1.110e-16 run_max_diff=0.000e+00 run_max_sum_err=0 steps=18500 E0_int=9742107469565217 sum=9742107469565217
# NETG t=370.00 gates min=0.0000 mean=0.0000 edges=1
# PIN t=370.00 R=-0.633714999 nv=2
# SLIP t=370.00 e=0 psi=+2.4926 unw=+109.301 nu_win=+0.046766 dwb_win=+0.299853
375.000	9740.83388	1.33991464	0	0.583813758	9742.10746957	0.000e+00	57687	11.049	13.735	13.274	0.960	0.0000	0.8434	0.19887	0.8499	0.9924	1.64279	1.64997	0.0000	0.0000	0.0000	6.6494e-05	-0.0027665	-0.00012484	0	0	0
# CONV t=375.00 cond=0 evap=0 rough=0 back_s=0
# LEDGER t=375.000 mode=3 sum_err=0 max|E-iEu|=1.110e-16 run_max_diff=0.000e+00 run_max_sum_err=0 steps=18750 E0_int=9742107469565217 sum=9742107469565217
# NETG t=375.00 gates min=0.0000 mean=0.0000 edges=1
# PIN t=375.00 R=-0.650138457 nv=2
# SLIP t=375.00 e=0 psi=-2.2920 unw=+110.799 nu_win=+0.047700 dwb_win=+0.299382
380.000	9740.83388	1.33485614	0	0.595850166	9742.10746957	-1.867e-16	57687	11.086	13.690	13.308	0.965	0.0000	0.8434	0.19877	0.8499	0.9924	1.64288	1.64997	0.0000	0.0000	0.0000	0.0012298	-0.0016792	0.00039127	0	0	0
# CONV t=380.00 cond=0 evap=0 rough=0 back_s=0
# LEDGER t=380.000 mode=3 sum_err=0 max|E-iEu|=1.110e-16 run_max_diff=0.000e+00 run_max_sum_err=0 steps=19000 E0_int=9742107469565217 sum=9742107469565217
# NETG t=380.00 gates min=0.2927 mean=0.2908 edges=1
# PIN t=380.00 R=-0.657116363 nv=2
# SLIP t=380.00 e=0 psi=-0.7738 unw=+112.318 nu_win=+0.048327 dwb_win=+0.299908
385.000	9740.83388	1.34357556	0	0.617568475	9742.10746957	-1.867e-16	57687	11.066	13.728	13.314	0.964	0.0000	0.8434	0.1996	0.8499	0.9924	1.64270	1.64997	0.0000	0.0000	0.0000	0.0031146	-0.0057816	-0.0012956	0	0	0
# CONV t=385.00 cond=0 evap=0 rough=0 back_s=0
# LEDGER t=385.000 mode=3 sum_err=0 max|E-iEu|=1.110e-16 run_max_diff=0.000e+00 run_max_sum_err=0 steps=19250 E0_int=9742107469565217 sum=9742107469565217
# NETG t=385.00 gates min=0.3805 mean=0.3647 edges=1
# PIN t=385.00 R=-0.687554089 nv=2
# SLIP t=385.00 e=0 psi=+0.7176 unw=+113.809 nu_win=+0.047473 dwb_win=+0.297796
390.000	9740.83388	1.33386165	0	0.61306884	9742.10746957	-1.867e-16	57687	11.070	13.721	13.288	0.966	0.0000	0.8434	0.20059	0.8499	0.9924	1.64286	1.64997	0.0000	0.0000	0.0000	-0.0017387	0.0017631	0.0013474	0	0	0
# CONV t=390.00 cond=0 evap=0 rough=0 back_s=0
# LEDGER t=390.000 mode=3 sum_err=0 max|E-iEu|=1.110e-16 run_max_diff=0.000e+00 run_max_sum_err=0 steps=19500 E0_int=9742107469565217 sum=9742107469565217
# NETG t=390.00 gates min=0.0000 mean=0.0000 edges=1
# PIN t=390.00 R=-0.673340543 nv=2
# SLIP t=390.00 e=0 psi=+2.1210 unw=+115.212 nu_win=+0.044670 dwb_win=+0.299270
395.000	9740.83388	1.33804349	0	0.614277439	9742.10746957	-1.867e-16	57686	11.072	13.728	13.304	0.961	0.0000	0.8434	0.20093	0.8499	0.9924	1.64288	1.64996	0.0000	0.0000	0.0000	-4.4931e-05	-0.0028662	-0.00013245	0	0	0
# CONV t=395.00 cond=0 evap=0 rough=0 back_s=0
# LEDGER t=395.000 mode=3 sum_err=0 max|E-iEu|=1.110e-16 run_max_diff=0.000e+00 run_max_sum_err=0 steps=19750 E0_int=9742107469565217 sum=9742107469565217
# NETG t=395.00 gates min=0.0000 mean=0.0000 edges=1
# PIN t=395.00 R=-0.678730987 nv=2
# SLIP t=395.00 e=0 psi=-2.6622 unw=+116.712 nu_win=+0.047746 dwb_win=+0.299931
400.000	9740.83388	1.34222685	0	0.625932785	9742.10746957	-3.734e-16	57686	11.067	13.723	13.281	0.962	0.0000	0.8434	0.20256	0.8499	0.9924	1.64277	1.64996	0.0000	0.0000	0.0000	-0.00042258	-0.0035612	0.0047	0	0	0
# CONV t=400.00 cond=0 evap=0 rough=0 back_s=0
# LEDGER t=400.000 mode=3 sum_err=0 max|E-iEu|=1.110e-16 run_max_diff=0.000e+00 run_max_sum_err=0 steps=20000 E0_int=9742107469565217 sum=9742107469565217
# NETG t=400.00 gates min=0.0571 mean=0.0570 edges=1
# PIN t=400.00 R=-0.694569691 nv=2
# SLIP t=400.00 e=0 psi=-1.1610 unw=+118.214 nu_win=+0.047785 dwb_win=+0.299353
405.000	9740.83388	1.34292428	0	0.668512626	9742.10746957	-1.867e-16	57686	11.076	13.716	13.295	0.961	0.0000	0.8434	0.20256	0.8499	0.9924	1.64262	1.64996	0.0000	0.0000	0.0000	0.0022986	-0.0010168	-0.00095296	0	0	0
# CONV t=405.00 cond=0 evap=0 rough=0 back_s=0
# LEDGER t=405.000 mode=3 sum_err=0 max|E-iEu|=1.110e-16 run_max_diff=0.000e+00 run_max_sum_err=0 steps=20250 E0_int=9742107469565217 sum=9742107469565217
# NETG t=405.00 gates min=0.7705 mean=0.7432 edges=1
# PIN t=405.00 R=-0.737846967 nv=2
# SLIP t=405.00 e=0 psi=+0.4074 unw=+119.782 nu_win=+0.049923 dwb_win=+0.298449
410.000	9740.83388	1.3455345	0	0.636290238	9742.10746957	-1.867e-16	57686	11.093	13.700	13.276	0.957	0.0000	0.8434	0.20334	0.8499	0.9924	1.64280	1.64996	0.0000	0.0000	0.0000	0.00102	-0.0050957	0.0013064	0	0	0
# CONV t=410.00 cond=0 evap=0 rough=0 back_s=0
# LEDGER t=410.000 mode=3 sum_err=0 max|E-iEu|=1.110e-16 run_max_diff=0.000e+00 run_max_sum_err=0 steps=20500 E0_int=9742107469565217 sum=9742107469565217
# NETG t=410.00 gates min=0.0008 mean=0.0008 edges=1
# PIN t=410.00 R=-0.708234789 nv=2
# SLIP t=410.00 e=0 psi=+1.7522 unw=+121.127 nu_win=+0.042808 dwb_win=+0.298750
415.000	9740.83388	1.34987024	0	0.638376564	9742.10746957	0.000e+00	57686	11.079	13.689	13.277	0.955	0.0000	0.8434	0.20405	0.8499	0.9924	1.64285	1.64996	0.0000	0.0000	0.0000	-0.00095356	0.0012987	2.9772e-06	0	0	0
# CONV t=415.00 cond=0 evap=0 rough=0 back_s=0
# LEDGER t=415.000 mode=3 sum_err=0 max|E-iEu|=1.110e-16 run_max_diff=0.000e+00 run_max_sum_err=0 steps=20750 E0_int=9742107469565217 sum=9742107469565217
# NETG t=415.00 gates min=0.0000 mean=0.0000 edges=1
# PIN t=415.00 R=-0.714656862 nv=2
# SLIP t=415.00 e=0 psi=-3.0345 unw=+122.623 nu_win=+0.047634 dwb_win=+0.299797
420.000	9740.83388	1.34378216	0	0.652009159	9742.10746957	-1.867e-16	57686	11.083	13.733	13.298	0.960	0.0000	0.8434	0.20447	0.8499	0.9924	1.64283	1.64996	0.0000	0.0000	0.0000	-0.00056052	0.00038133	-0.00073152	0	0	0
# CONV t=420.00 cond=0 evap=0 rough=0 back_s=0
# LEDGER t=420.000 mode=3 sum_err=0 max|E-iEu|=1.110e-16 run_max_diff=0.000e+00 run_max_sum_err=0 steps=21000 E0_int=9742107469565217 sum=9742107469565217
# NETG t=420.00 gates min=0.0052 mean=0.0052 edges=1
# PIN t=420.00 R=-0.722201373 nv=2
# SLIP t=420.00 e=0 psi=-1.5353 unw=+124.122 nu_win=+0.047721 dwb_win=+0.299773
425.000	9740.83388	1.34790752	0	0.662193264	9742.10746957	-1.867e-16	57686	11.068	13.738	13.289	0.962	0.0000	0.8434	0.20567	0.8499	0.9924	1.64264	1.64996	0.0000	0.0000	0.0000	0.00039932	-0.0008932	1.9898e-05	0	0	0
# CONV t=425.00 cond=0 evap=0 rough=0 back_s=0
# LEDGER t=425.000 mode=3 sum_err=0 max|E-iEu|=1.110e-16 run_max_diff=0.000e+00 run_max_sum_err=0 steps=21250 E0_int=9742107469565217 sum=9742107469565217
# NETG t=425.00 gates min=0.9998 mean=0.9988 edges=1
# PIN t=425.00 R=-0.736510842 nv=2
# SLIP t=425.00 e=0 psi=+0.0339 unw=+125.692 nu_win=+0.049947 dwb_win=+0.298465
430.000	9740.83388	1.34119663	0	0.672965353	9742.10746957	-1.867e-16	57686	11.054	13.757	13.290	0.961	0.0000	0.8434	0.2065	0.8499	0.9924	1.64281	1.64996	0.0000	0.0000	0.0000	0.00060667	-0.00089617	-0.004126	0	0	0
# CONV t=430.00 cond=0 evap=0 rough=0 back_s=0
# LEDGER t=430.000 mode=3 sum_err=0 max|E-iEu|=1.110e-16 run_max_diff=0.000e+00 run_max_sum_err=0 steps=21500 E0_int=9742107469565217 sum=9742107469565217
# NETG t=430.00 gates min=0.0156 mean=0.0156 edges=1
# PIN t=430.00 R=-0.740572042 nv=2
# SLIP t=430.00 e=0 psi=+1.3818 unw=+127.040 nu_win=+0.042906 dwb_win=+0.298647
435.000	9740.83388	1.33666299	0	0.68908488	9742.10746957	-1.867e-16	57686	11.066	13.762	13.310	0.961	0.0000	0.8434	0.20753	0.8499	0.9924	1.64274	1.64996	0.0000	0.0000	0.0000	-0.00063294	-0.0041327	0.00071618	0	0	0
# CONV t=435.00 cond=0 evap=0 rough=0 back_s=0
# LEDGER t=435.000 mode=3 sum_err=0 max|E-iEu|=1.110e-16 run_max_diff=0.000e+00 run_max_sum_err=0 steps=21750 E0_int=9742107469565217 sum=9742107469565217
# NETG t=435.00 gates min=0.0000 mean=0.0000 edges=1
# PIN t=435.00 R=-0.752157923 nv=2
# SLIP t=435.00 e=0 psi=+2.8767 unw=+128.534 nu_win=+0.047584 dwb_win=+0.299369
440.000	9740.83388	1.34261956	0	0.687953566	9742.10746957	-1.867e-16	57686	11.057	13.738	13.256	0.958	0.0000	0.8434	0.20803	0.8499	0.9924	1.64280	1.64996	0.0000	0.0000	0.0000	0.00028376	0.0018092	-0.0024149	0	0	0
# CONV t=440.00 cond=0 evap=0 rough=0 back_s=0
# LEDGER t=440.000 mode=3 sum_err=0 max|E-iEu|=1.110e-16 run_max_diff=0.000e+00 run_max_sum_err=0 steps=22000 E0_int=9742107469565217 sum=9742107469565217
# NETG t=440.00 gates min=0.0002 mean=0.0002 edges=1
# PIN t=440.00 R=-0.756983181 nv=2
# SLIP t=440.00 e=0 psi=-1.9092 unw=+130.032 nu_win=+0.047661 dwb_win=+0.299841
445.000	9740.83388	1.34824424	0	0.70028419	9742.10746957	-1.867e-16	57686	11.070	13.725	13.286	0.958	0.0000	0.8434	0.20852	0.8499	0.9924	1.64274	1.64996	0.0000	0.0000	0.0000	0.0014165	-0.0044744	0.00032818	0	0	0
# CONV t=445.00 cond=0 evap=0 rough=0 back_s=0
# LEDGER t=445.000 mode=3 sum_err=0 max|E-iEu|=1.110e-16 run_max_diff=0.000e+00 run_max_sum_err=0 steps=22250 E0_int=9742107469565217 sum=9742107469565217
# NETG t=445.00 gates min=0.7736 mean=0.7667 edges=1
# PIN t=445.00 R=-0.774938489 nv=2
# SLIP t=445.00 e=0 psi=-0.3573 unw=+131.584 nu_win=+0.049396 dwb_win=+0.299545
450.000	9740.83388	1.35066695	0	0.707658179	9742.10746957	-3.734e-16	57686	11.055	13.700	13.295	0.957	0.0000	0.8434	0.2095	0.8499	0.9924	1.64269	1.64996	0.0000	0.0000	0.0000	0.0011626	-0.0055316	-0.00034987	0	0	0
# CONV t=450.00 cond=0 evap=0 rough=0 back_s=0
# LEDGER t=450.000 mode=3 sum_err=0 max|E-iEu|=1.110e-16 run_max_diff=0.000e+00 run_max_sum_err=0 steps=22500 E0_int=9742107469565217 sum=9742107469565217
# NETG t=450.00 gates min=0.1099 mean=0.1071 edges=1
# PIN t=450.00 R=-0.784735189 nv=2
# SLIP t=450.00 e=0 psi=+1.0382 unw=+132.979 nu_win=+0.044423 dwb_win=+0.297548
455.000	9740.83388	1.34769571	0	0.706527579	9742.10746957	-1.867e-16	57686	11.055	13.734	13.276	0.956	0.0000	0.8434	0.21011	0.8499	0.9924	1.64279	1.64996	0.0000	0.0000	0.0000	-0.00092233	-0.0016976	0.00035685	0	0	0
# CONV t=455.00 cond=0 evap=0 rough=0 back_s=0
# LEDGER t=455.000 mode=3 sum_err=0 max|E-iEu|=1.110e-16 run_max_diff=0.000e+00 run_max_sum_err=0 steps=22750 E0_int=9742107469565217 sum=9742107469565217
# NETG t=455.00 gates min=0.0000 mean=0.0000 edges=1
# PIN t=455.00 R=-0.780633349 nv=2
# SLIP t=455.00 e=0 psi=+2.5005 unw=+134.441 nu_win=+0.046546 dwb_win=+0.299789
460.000	9740.83388	1.33676189	0	0.730223964	9742.10746957	-1.867e-16	57686	11.057	13.769	13.275	0.961	0.0000	0.8434	0.21102	0.8499	0.9924	1.64270	1.64996	0.0000	0.0000	0.0000	0.0035635	-0.0047218	-0.00055757	0	0	0
# CONV t=460.00 cond=0 evap=0 rough=0 back_s=0
# LEDGER t=460.000 mode=3 sum_err=0 max|E-iEu|=1.110e-16 run_max_diff=0.000e+00 run_max_sum_err=0 steps=23000 E0_int=9742107469565217 sum=9742107469565217
# NETG t=460.00 gates min=0.0000 mean=0.0000 edges=1
# PIN t=460.00 R=-0.793395913 nv=2
# SLIP t=460.00 e=0 psi=-2.2832 unw=+135.941 nu_win=+0.047729 dwb_win=+0.299467
465.000	9740.83388	1.35208834	0	0.72425477	9742.10746957	-1.867e-16	57686	11.073	13.720	13.280	0.956	0.0000	0.8434	0.2116	0.8499	0.9924	1.64272	1.64995	0.0000	0.0000	0.0000	0.00057326	-0.00087566	-0.00041252	0	0	0
# CONV t=465.00 cond=0 evap=0 rough=0 back_s=0
# LEDGER t=465.000 mode=3 sum_err=0 max|E-iEu|=1.110e-16 run_max_diff=0.000e+00 run_max_sum_err=0 steps=23250 E0_int=9742107469565217 sum=9742107469565217
# NETG t=465.00 gates min=0.3006 mean=0.2985 edges=1
# PIN t=465.00 R=-0.802753165 nv=2
# SLIP t=465.00 e=0 psi=-0.7656 unw=+137.458 nu_win=+0.048307 dwb_win=+0.299715
470.000	9740.83388	1.35110031	0	0.753290283	9742.10746957	-1.867e-16	57686	11.068	13.788	13.282	0.956	0.0000	0.8434	0.21194	0.8499	0.9924	1.64261	1.64995	0.0000	0.0000	0.0000	0.0012393	-0.0024186	-0.00451	0	0	0
# CONV t=470.00 cond=0 evap=0 rough=0 back_s=0
# LEDGER t=470.000 mode=3 sum_err=0 max|E-iEu|=1.110e-16 run_max_diff=0.000e+00 run_max_sum_err=0 steps=23500 E0_int=9742107469565217 sum=9742107469565217
# NETG t=470.00 gates min=0.3762 mean=0.3608 edges=1
# PIN t=470.00 R=-0.830800647 nv=2
# SLIP t=470.00 e=0 psi=+0.7210 unw=+138.945 nu_win=+0.047320 dwb_win=+0.297786
475.000	9740.83388	1.34428214	0	0.746020278	9742.10746957	-1.867e-16	57686	11.083	13.718	13.288	0.956	0.0000	0.8434	0.21268	0.8499	0.9924	1.64274	1.64995	0.0000	0.0000	0.0000	0.00090441	-0.0042796	-0.0013257	0	0	0
# CONV t=475.00 cond=0 evap=0 rough=0 back_s=0
# LEDGER t=475.000 mode=3 sum_err=0 max|E-iEu|=1.110e-16 run_max_diff=0.000e+00 run_max_sum_err=0 steps=23750 E0_int=9742107469565217 sum=9742107469565217
# NETG t=475.00 gates min=0.0000 mean=0.0000 edges=1
# PIN t=475.00 R=-0.816712477 nv=2
# SLIP t=475.00 e=0 psi=+2.1261 unw=+140.350 nu_win=+0.044726 dwb_win=+0.299236
480.000	9740.83388	1.34809673	0	0.748813335	9742.10746957	0.000e+00	57686	11.046	13.728	13.262	0.957	0.0000	0.8434	0.21285	0.8499	0.9924	1.64277	1.64995	0.0000	0.0000	0.0000	-0.0015688	0.00013712	-0.0024599	0	0	0
# CONV t=480.00 cond=0 evap=0 rough=0 back_s=0
# LEDGER t=480.000 mode=3 sum_err=0 max|E-iEu|=1.110e-16 run_max_diff=0.000e+00 run_max_sum_err=0 steps=24000 E0_int=9742107469565217 sum=9742107469565217
# NETG t=480.00 gates min=0.0000 mean=0.0000 edges=1
# PIN t=480.00 R=-0.823320122 nv=2
# SLIP t=480.00 e=0 psi=-2.6579 unw=+141.849 nu_win=+0.047720 dwb_win=+0.299726
485.000	9740.83388	1.35461132	0	0.754604205	9742.10746957	-3.734e-16	57686	11.045	13.726	13.318	0.954	0.0000	0.8434	0.21348	0.8499	0.9924	1.64269	1.64995	0.0000	0.0000	0.0000	-0.0009586	-0.0064357	-0.0027165	0	0	0
# CONV t=485.00 cond=0 evap=0 rough=0 back_s=0
# LEDGER t=485.000 mode=3 sum_err=0 max|E-iEu|=1.110e-16 run_max_diff=0.000e+00 run_max_sum_err=0 steps=24250 E0_int=9742107469565217 sum=9742107469565217
# NETG t=485.00 gates min=0.0588 mean=0.0585 edges=1
# PIN t=485.00 R=-0.83562558 nv=2
# SLIP t=485.00 e=0 psi=-1.1554 unw=+143.352 nu_win=+0.047826 dwb_win=+0.299494
490.000	9740.83388	1.34496703	0	0.790636624	9742.10746957	-3.734e-16	57686	11.051	13.764	13.272	0.958	0.0000	0.8434	0.2138	0.8499	0.9924	1.64261	1.64995	0.0000	0.0000	0.0000	-0.012194	0.0076976	-0.00033264	0	0	0
# CONV t=490.00 cond=0 evap=0 rough=0 back_s=0
# LEDGER t=490.000 mode=3 sum_err=0 max|E-iEu|=1.110e-16 run_max_diff=0.000e+00 run_max_sum_err=0 steps=24500 E0_int=9742107469565217 sum=9742107469565217
# NETG t=490.00 gates min=0.7720 mean=0.7583 edges=1
# PIN t=490.00 R=-0.86201371 nv=2
# SLIP t=490.00 e=0 psi=+0.3829 unw=+144.890 nu_win=+0.048965 dwb_win=+0.298215
495.000	9740.83388	1.35125598	0	0.770212332	9742.10746957	-3.734e-16	57686	11.056	13.762	13.279	0.953	0.0000	0.8434	0.2141	0.8499	0.9924	1.64276	1.64995	0.0000	0.0000	0.0000	0.00016806	-0.0020572	-0.0037021	0	0	0
# CONV t=495.00 cond=0 evap=0 rough=0 back_s=0
# LEDGER t=495.000 mode=3 sum_err=0 max|E-iEu|=1.110e-16 run_max_diff=0.000e+00 run_max_sum_err=0 steps=24750 E0_int=9742107469565217 sum=9742107469565217
# NETG t=495.00 gates min=0.0008 mean=0.0008 edges=1
# PIN t=495.00 R=-0.847878365 nv=2
# SLIP t=495.00 e=0 psi=+1.7558 unw=+146.263 nu_win=+0.043701 dwb_win=+0.298916
500.000	9740.83388	1.34626361	0	0.786560781	9742.10746957	-1.867e-16	57686	11.095	13.723	13.276	0.957	0.0000	0.8434	0.21464	0.8499	0.9924	1.64271	1.64995	0.0000	0.0000	0.0000	0.00036395	-0.00062776	-0.0028009	0	0	0
# CONV t=500.00 cond=0 evap=0 rough=0 back_s=0
# LEDGER t=500.000 mode=3 sum_err=0 max|E-iEu|=1.110e-16 run_max_diff=0.000e+00 run_max_sum_err=0 steps=25000 E0_int=9742107469565217 sum=9742107469565217
# NETG t=500.00 gates min=0.0000 mean=0.0000 edges=1
# PIN t=500.00 R=-0.859234445 nv=2
# SLIP t=500.00 e=0 psi=-3.0291 unw=+147.761 nu_win=+0.047693 dwb_win=+0.299542
505.000	9740.83388	1.35323948	0	0.786954659	9742.10746957	-1.867e-16	57687	11.070	13.718	13.247	0.952	0.0000	0.8434	0.21478	0.8499	0.9924	1.64276	1.64995	0.0000	0.0000	0.0000	0.00097297	-0.00065909	-0.0026983	0	0	0
# CONV t=505.00 cond=0 evap=0 rough=0 back_s=0
# LEDGER t=505.000 mode=3 sum_err=0 max|E-iEu|=1.110e-16 run_max_diff=0.000e+00 run_max_sum_err=0 steps=25250 E0_int=9742107469565217 sum=9742107469565217
# NETG t=505.00 gates min=0.0054 mean=0.0054 edges=1
# PIN t=505.00 R=-0.866604192 nv=2
# SLIP t=505.00 e=0 psi=-1.5303 unw=+149.260 nu_win=+0.047707 dwb_win=+0.299727
510.000	9740.83388	1.35172667	0	0.799034316	9742.10746957	-3.734e-16	57687	11.055	13.721	13.276	0.955	0.0000	0.8434	0.21534	0.8499	0.9924	1.64272	1.64995	0.0000	0.0000	0.0000	-0.0028961	-0.0048436	-0.0018922	0	0	0
# CONV t=510.00 cond=0 evap=0 rough=0 back_s=0
# LEDGER t=510.000 mode=3 sum_err=0 max|E-iEu|=1.110e-16 run_max_diff=0.000e+00 run_max_sum_err=0 steps=25500 E0_int=9742107469565217 sum=9742107469565217
# NETG t=510.00 gates min=0.9981 mean=0.9980 edges=1
# PIN t=510.00 R=-0.877171042 nv=2
# SLIP t=510.00 e=0 psi=+0.0325 unw=+150.823 nu_win=+0.049744 dwb_win=+0.298574
515.000	9740.83388	1.35795033	0	0.799128641	9742.10746957	0.000e+00	57687	11.066	13.709	13.247	0.950	0.0000	0.8434	0.21548	0.8499	0.9924	1.64276	1.64995	0.0000	0.0000	0.0000	0.00058085	-0.0021493	-0.0023296	0	0	0
# CONV t=515.00 cond=0 evap=0 rough=0 back_s=0
# LEDGER t=515.000 mode=3 sum_err=0 max|E-iEu|=1.110e-16 run_max_diff=0.000e+00 run_max_sum_err=0 steps=25750 E0_int=9742107469565217 sum=9742107469565217
# NETG t=515.00 gates min=0.0148 mean=0.0147 edges=1
# PIN t=515.00 R=-0.883489025 nv=2
# SLIP t=515.00 e=0 psi=+1.3901 unw=+152.181 nu_win=+0.043215 dwb_win=+0.298443
520.000	9740.83388	1.35707848	0	0.807608842	9742.10746957	-1.867e-16	57687	11.074	13.709	13.287	0.950	0.0000	0.8434	0.21588	0.8499	0.9924	1.64276	1.64995	0.0000	0.0000	0.0000	0.00094212	-0.0020142	-0.0018788	0	0	0
# CONV t=520.00 cond=0 evap=0 rough=0 back_s=0
# LEDGER t=520.000 mode=3 sum_err=0 max|E-iEu|=1.110e-16 run_max_diff=0.000e+00 run_max_sum_err=0 steps=26000 E0_int=9742107469565217 sum=9742107469565217
# NETG t=520.00 gates min=0.0000 mean=0.0000 edges=1
# PIN t=520.00 R=-0.891097376 nv=2
# SLIP t=520.00 e=0 psi=+2.8842 unw=+153.675 nu_win=+0.047560 dwb_win=+0.299585
525.000	9740.83388	1.35479621	0	0.822091596	9742.10746957	-3.734e-16	57687	11.086	13.714	13.275	0.953	0.0000	0.8434	0.21633	0.8499	0.9924	1.64270	1.64995	0.0000	0.0000	0.0000	0.0014813	-0.0031878	-0.0037549	0	0	0
# CONV t=525.00 cond=0 evap=0 rough=0 back_s=0
# LEDGER t=525.000 mode=3 sum_err=0 max|E-iEu|=1.110e-16 run_max_diff=0.000e+00 run_max_sum_err=0 steps=26250 E0_int=9742107469565217 sum=9742107469565217
# NETG t=525.00 gates min=0.0002 mean=0.0002 edges=1
# PIN t=525.00 R=-0.903297866 nv=2
# SLIP t=525.00 e=0 psi=-1.9006 unw=+155.173 nu_win=+0.047694 dwb_win=+0.299527
530.000	9740.83388	1.34839094	0	0.842852734	9742.10746957	0.000e+00	57687	11.060	13.743	13.266	0.954	0.0000	0.8434	0.21641	0.8499	0.9924	1.64272	1.64994	0.0000	0.0000	0.0000	0.00082845	-0.003688	-0.0033485	0	0	0
# CONV t=530.00 cond=0 evap=0 rough=0 back_s=0
# LEDGER t=530.000 mode=3 sum_err=0 max|E-iEu|=1.110e-16 run_max_diff=0.000e+00 run_max_sum_err=0 steps=26500 E0_int=9742107469565217 sum=9742107469565217
# NETG t=530.00 gates min=0.7889 mean=0.7847 edges=1
# PIN t=530.00 R=-0.917653729 nv=2
# SLIP t=530.00 e=0 psi=-0.3435 unw=+156.730 nu_win=+0.049565 dwb_win=+0.299414
535.000	9740.83388	1.35346531	0	0.847152387	9742.10746957	-1.867e-16	57687	11.054	13.763	13.267	0.955	0.0000	0.8434	0.21705	0.8499	0.9924	1.64268	1.64994	0.0000	0.0000	0.0000	0.0015282	-0.0038694	-0.0042253	0	0	0
# CONV t=535.00 cond=0 evap=0 rough=0 back_s=0
# LEDGER t=535.000 mode=3 sum_err=0 max|E-iEu|=1.110e-16 run_max_diff=0.000e+00 run_max_sum_err=0 steps=26750 E0_int=9742107469565217 sum=9742107469565217
# NETG t=535.00 gates min=0.1058 mean=0.1038 edges=1
# PIN t=535.00 R=-0.927027756 nv=2
# SLIP t=535.00 e=0 psi=+1.0437 unw=+158.117 nu_win=+0.044155 dwb_win=+0.297671
540.000	9740.83388	1.35409161	0	0.848233804	9742.10746957	-1.867e-16	57687	11.035	13.751	13.280	0.954	0.0000	0.8434	0.21715	0.8499	0.9924	1.64273	1.64994	0.0000	0.0000	0.0000	-0.00074208	-0.0017599	-0.0022149	0	0	0
# CONV t=540.00 cond=0 evap=0 rough=0 back_s=0
# LEDGER t=540.000 mode=3 sum_err=0 max|E-iEu|=1.110e-16 run_max_diff=0.000e+00 run_max_sum_err=0 steps=27000 E0_int=9742107469565217 sum=9742107469565217
# NETG t=540.00 gates min=0.0000 mean=0.0000 edges=1
# PIN t=540.00 R=-0.928735474 nv=2
# SLIP t=540.00 e=0 psi=+2.5123 unw=+159.586 nu_win=+0.046747 dwb_win=+0.299527
545.000	9740.83388	1.3564024	0	0.85327389	9742.10746957	-1.867e-16	57687	11.049	13.720	13.218	0.952	0.0000	0.8434	0.21733	0.8499	0.9924	1.64275	1.64994	0.0000	0.0000	0.0000	-1.2714e-05	-0.001728	-0.003541	0	0	0
# CONV t=545.00 cond=0 evap=0 rough=0 back_s=0
# LEDGER t=545.000 mode=3 sum_err=0 max|E-iEu|=1.110e-16 run_max_diff=0.000e+00 run_max_sum_err=0 steps=27250 E0_int=9742107469565217 sum=9742107469565217
# NETG t=545.00 gates min=0.0000 mean=0.0000 edges=1
# PIN t=545.00 R=-0.936086346 nv=2
# SLIP t=545.00 e=0 psi=-2.2724 unw=+161.084 nu_win=+0.047698 dwb_win=+0.299689
550.000	9740.83388	1.36852091	0	0.859291801	9742.10746957	-1.867e-16	57687	11.086	13.717	13.227	0.944	0.0000	0.8434	0.21789	0.8499	0.9923	1.64260	1.64994	0.0000	0.0000	0.0000	0.0027913	-0.0037649	-0.0040392	0	0	0
# CONV t=550.00 cond=0 evap=0 rough=0 back_s=0
# LEDGER t=550.000 mode=3 sum_err=0 max|E-iEu|=1.110e-16 run_max_diff=0.000e+00 run_max_sum_err=0 steps=27500 E0_int=9742107469565217 sum=9742107469565217
# NETG t=550.00 gates min=0.3129 mean=0.3102 edges=1
# PIN t=550.00 R=-0.954222764 nv=2
# SLIP t=550.00 e=0 psi=-0.7530 unw=+162.604 nu_win=+0.048362 dwb_win=+0.299281
555.000	9740.83388	1.3619903	0	0.891662616	9742.10746957	-1.867e-16	57687	11.047	13.740	13.268	0.948	0.0000	0.8434	0.2179	0.8499	0.9923	1.64257	1.64994	0.0000	0.0000	0.0000	0.004615	-0.0027678	-0.0070456	0	0	0
# CONV t=555.00 cond=0 evap=0 rough=0 back_s=0
# LEDGER t=555.000 mode=3 sum_err=0 max|E-iEu|=1.110e-16 run_max_diff=0.000e+00 run_max_sum_err=0 steps=27750 E0_int=9742107469565217 sum=9742107469565217
# NETG t=555.00 gates min=0.3644 mean=0.3497 edges=1
# PIN t=555.00 R=-0.98006297 nv=2
# SLIP t=555.00 e=0 psi=+0.7311 unw=+164.088 nu_win=+0.047241 dwb_win=+0.297842
560.000	9740.83388	1.35112247	0	0.884267734	9742.10746957	0.000e+00	57687	11.054	13.774	13.283	0.951	0.0000	0.8434	0.21801	0.8499	0.9924	1.64276	1.64994	0.0000	0.0000	0.0000	0.00083244	-0.002009	-0.0051651	0	0	0
# CONV t=560.00 cond=0 evap=0 rough=0 back_s=0
# LEDGER t=560.000 mode=3 sum_err=0 max|E-iEu|=1.110e-16 run_max_diff=0.000e+00 run_max_sum_err=0 steps=28000 E0_int=9742107469565217 sum=9742107469565217
# NETG t=560.00 gates min=0.0000 mean=0.0000 edges=1
# PIN t=560.00 R=-0.961800263 nv=2
# SLIP t=560.00 e=0 psi=+2.1399 unw=+165.497 nu_win=+0.044845 dwb_win=+0.299521
565.000	9740.83388	1.35028556	0	0.897770536	9742.10746957	0.000e+00	57687	11.060	13.750	13.273	0.952	0.0000	0.8434	0.21811	0.8499	0.9923	1.64272	1.64994	0.0000	0.0000	0.0000	-0.001239	0.00035403	-0.0058956	0	0	0
# CONV t=565.00 cond=0 evap=0 rough=0 back_s=0
# LEDGER t=565.000 mode=3 sum_err=0 max|E-iEu|=1.110e-16 run_max_diff=0.000e+00 run_max_sum_err=0 steps=28250 E0_int=9742107469565217 sum=9742107469565217
# NETG t=565.00 gates min=0.0000 mean=0.0000 edges=1
# PIN t=565.00 R=-0.974466156 nv=2
# SLIP t=565.00 e=0 psi=-2.6461 unw=+166.994 nu_win=+0.047655 dwb_win=+0.299382
570.000	9740.83388	1.35145102	0	0.90291077	9742.10746957	0.000e+00	57687	11.043	13.757	13.243	0.951	0.0000	0.8434	0.21807	0.8499	0.9924	1.64276	1.64994	0.0000	0.0000	0.0000	0.00097747	-0.0011273	-0.0026231	0	0	0
# CONV t=570.00 cond=0 evap=0 rough=0 back_s=0
# LEDGER t=570.000 mode=3 sum_err=0 max|E-iEu|=1.110e-16 run_max_diff=0.000e+00 run_max_sum_err=0 steps=28500 E0_int=9742107469565217 sum=9742107469565217
# NETG t=570.00 gates min=0.0625 mean=0.0623 edges=1
# PIN t=570.00 R=-0.980771844 nv=2
# SLIP t=570.00 e=0 psi=-1.1436 unw=+168.496 nu_win=+0.047827 dwb_win=+0.299761
575.000	9740.83388	1.35819269	0	0.929999526	9742.10746957	-1.867e-16	57687	11.070	13.745	13.219	0.948	0.0000	0.8434	0.2182	0.8499	0.9924	1.64258	1.64994	0.0000	0.0000	0.0000	0.016302	-0.017377	-0.0083234	0	0	0
# CONV t=575.00 cond=0 evap=0 rough=0 back_s=0
# LEDGER t=575.000 mode=3 sum_err=0 max|E-iEu|=1.110e-16 run_max_diff=0.000e+00 run_max_sum_err=0 steps=28750 E0_int=9742107469565217 sum=9742107469565217
# NETG t=575.00 gates min=0.7530 mean=0.7353 edges=1
# PIN t=575.00 R=-1.01460227 nv=2
# SLIP t=575.00 e=0 psi=+0.4059 unw=+170.046 nu_win=+0.049323 dwb_win=+0.298058
580.000	9740.83388	1.36597406	0	0.903110327	9742.10746957	0.000e+00	57687	11.074	13.784	13.245	0.945	0.0000	0.8434	0.21801	0.8499	0.9924	1.64275	1.64994	0.0000	0.0000	0.0000	0.0038038	-0.0012512	-0.004372	0	0	0
# CONV t=580.00 cond=0 evap=0 rough=0 back_s=0
# LEDGER t=580.000 mode=3 sum_err=0 max|E-iEu|=1.110e-16 run_max_diff=0.000e+00 run_max_sum_err=0 steps=29000 E0_int=9742107469565217 sum=9742107469565217
# NETG t=580.00 gates min=0.0007 mean=0.0007 edges=1
# PIN t=580.00 R=-0.995494442 nv=2
# SLIP t=580.00 e=0 psi=+1.7682 unw=+171.408 nu_win=+0.043361 dwb_win=+0.299004
585.000	9740.83388	1.35844194	0	0.916347005	9742.10746957	-1.867e-16	57687	11.045	13.752	13.212	0.947	0.0000	0.8434	0.21813	0.8499	0.9924	1.64278	1.64994	0.0000	0.0000	0.0000	0.0012971	-0.0029054	-0.0056217	0	0	0
# CONV t=585.00 cond=0 evap=0 rough=0 back_s=0
# LEDGER t=585.000 mode=3 sum_err=0 max|E-iEu|=1.110e-16 run_max_diff=0.000e+00 run_max_sum_err=0 steps=29250 E0_int=9742107469565217 sum=9742107469565217
# NETG t=585.00 gates min=0.0000 mean=0.0000 edges=1
# PIN t=585.00 R=-1.00119901 nv=2
# SLIP t=585.00 e=0 psi=-3.0163 unw=+172.907 nu_win=+0.047705 dwb_win=+0.299736
590.000	9740.83388	1.35955295	0	0.928691086	9742.10746957	-1.867e-16	57687	11.028	13.726	13.247	0.946	0.0000	0.8434	0.2183	0.8499	0.9924	1.64270	1.64993	0.0000	0.0000	0.0000	0.002637	-0.00043724	-0.0062031	0	0	0
# CONV t=590.00 cond=0 evap=0 rough=0 back_s=0
# LEDGER t=590.000 mode=3 sum_err=0 max|E-iEu|=1.110e-16 run_max_diff=0.000e+00 run_max_sum_err=0 steps=29500 E0_int=9742107469565217 sum=9742107469565217
# NETG t=590.00 gates min=0.0059 mean=0.0059 edges=1
# PIN t=590.00 R=-1.0146541 nv=2
# SLIP t=590.00 e=0 psi=-1.5179 unw=+174.405 nu_win=+0.047696 dwb_win=+0.299457
595.000	9740.83388	1.35153579	0	0.945683482	9742.10746957	-1.867e-16	57687	11.055	13.775	13.213	0.954	0.0000	0.8434	0.21818	0.8499	0.9924	1.64273	1.64993	0.0000	0.0000	0.0000	0.00048227	-0.0018329	-0.0040178	0	0	0
# CONV t=595.00 cond=0 evap=0 rough=0 back_s=0
# LEDGER t=595.000 mode=3 sum_err=0 max|E-iEu|=1.110e-16 run_max_diff=0.000e+00 run_max_sum_err=0 steps=29750 E0_int=9742107469565217 sum=9742107469565217
# NETG t=595.00 gates min=0.9964 mean=0.9959 edges=1
# PIN t=595.00 R=-1.02362933 nv=2
# SLIP t=595.00 e=0 psi=+0.0480 unw=+175.971 nu_win=+0.049845 dwb_win=+0.298896
600.000	9740.83388	1.35957127	0	0.940511599	9742.10746957	-1.867e-16	57687	11.048	13.766	13.215	0.947	0.0000	0.8434	0.21819	0.8499	0.9924	1.64278	1.64993	0.0000	0.0000	0.0000	0.0014879	-0.0037193	-0.0042685	0	0	0
# CONV t=600.00 cond=0 evap=0 rough=0 back_s=0
# LEDGER t=600.000 mode=3 sum_err=0 max|E-iEu|=1.110e-16 run_max_diff=0.000e+00 run_max_sum_err=0 steps=30000 E0_int=9742107469565217 sum=9742107469565217
# NETG t=600.00 gates min=0.0135 mean=0.0134 edges=1
# PIN t=600.00 R=-1.02649293 nv=2
# SLIP t=600.00 e=0 psi=+1.4042 unw=+177.327 nu_win=+0.043171 dwb_win=+0.298404
# RESULT es_shells 0.75:1.0000 2.25:0.9943 3.75:1.0000 5.25:1.0000 6.75:1.0000 8.25:1.0000 9.75:1.0000 11.25:1.0000
# RESULT LEDGER mode=3 E0_int=9742107469565217 sum_int=9742107469565217 max_sum_err=0 max|E-iEu|=0.000e+00 steps=30000
# RESULT conservation E0=9742.10746957 Efinal=9742.10746957 rel_drift=-1.867e-16
# RESULT roughness_radiated=0 (dissonant dense deliveries converted to field, conserved)
# NETGATE F 0 1 d=1.4080 psi_f=+1.4042 psi_b=-1.4020 gf=0.0133 gb=0.0135
# RESULT pin R=-1.02649293 nv=2 (reservoir inside the conservation sum)
# RESULT slip e=0 nu_slip=+0.047040 dw_bare=+0.299134 dw_over_2pi=+0.047609 slips=+14.11 locked=0 window=[300.0,600.0]
# RESULT curvature_fit defA_per_Em=1.72768 r2=0.8718 (linear defect ~ converted energy)
