# freecell — v89 free-cell substance test (exp=blob)
# laws = laws_V2g VERBATIM (defaults): C=1 w1=1.65 w2=2.9 q_detune=1.2
# gamma_res=0.25 gamma_res_m=0.1 p_gate=8 lock_floor=0.005 k_dep=1.2 k_dep_m=2 cap=2.5
# e_s0=1 es_floor=0.05 e_cond=0 f_conv=0.25 f_evap=0.5 s_pull=0.15
# kappa_lock=1 kappa_align=0.5 s_k=0.06 s_disp=0.3 sigma_tumble=0.01
# comb_limit=6 rough_k=0.35 gamma_rough=0.5 mob_sym=1 mob_floor=0.004 field_J=1.8
# quant_A0=1.15 quant_mode=2 (A0eff=1.15)
# GEOMETRY (apparatus): cfac=1.15 k_rep=1 mob_geo=1 kappa_bond=1 freeze_geo=0
# bath=1 bath_frac=1 jam_sweeps=800 jam_k=0.1 L=24 dt=0.02 T=80 seed=20260802 diag_every=200
# JAM sweeps=800 max_step=1.454e-04 (tol 1.0e-04, k_end=0.0010) — witness for the settle
# SEED blob: amp=0.5 sigma=2.2 kx=3.2 tagged=428 (add>5% of amp)
# INIT NC=9013 slots=85063 live=68584 phi_nom=1.6781 z_live=15.22 dbar=1.4104 sigma_d=14.57% E0=9067.552889396
#
# t | drift_rel | phi_nom z_live NLa NLd births deaths | dbar sigma_d% | maxstep maxbond | Em_tag ret com_dev rms conn z_tag | pair: d delta gf gb | core/far
t=    0.00 +0.00e+00 | 1.6781 15.22  68584    0      0      0 | 1.4104 14.57 | 0.00e+00 0.00e+00 |  55.7269 1.0000  0.0108  3.3722 1.000 15.04 | es_core/far=0.9338
t=    4.00 +0.00e+00 | 1.6782 15.74  70940    7   4166   3573 | 1.4222 14.73 | 2.68e-03 9.03e-03 |  53.7443 0.9644  0.1702  3.3366 1.000 15.49 | es_core/far=0.9282
t=    8.00 +0.00e+00 | 1.6782 16.00  72102   46   6620   5669 | 1.4280 14.81 | 2.56e-03 9.87e-03 |  52.1713 0.9362  0.2118  3.3609 1.000 15.82 | es_core/far=0.9184
t=   12.00 +0.00e+00 | 1.6782 16.15  72761   66   8442   7277 | 1.4312 14.86 | 2.57e-03 7.44e-03 |  51.1241 0.9174  0.2419  3.3542 1.000 15.91 | es_core/far=0.9139
t=   16.00 +0.00e+00 | 1.6782 16.26  73260   87   9904   8538 | 1.4336 14.89 | 2.75e-03 9.30e-03 |  50.4312 0.9050  0.2571  3.3472 1.000 16.05 | es_core/far=0.9235
t=   20.00 +0.00e+00 | 1.6782 16.36  73740   67  11190   9695 | 1.4357 14.91 | 3.12e-03 9.38e-03 |  49.8524 0.8946  0.2887  3.3209 1.000 16.08 | es_core/far=0.9254
t=   24.00 +0.00e+00 | 1.6782 16.42  73996   85  12345  10720 | 1.4370 14.93 | 2.24e-03 7.87e-03 |  49.2917 0.8845  0.3013  3.3365 1.000 16.10 | es_core/far=0.9261
t=   28.00 +0.00e+00 | 1.6782 16.46  74196   79  13314  11662 | 1.4379 14.94 | 2.40e-03 1.08e-02 |  48.7134 0.8741  0.2870  3.3083 1.000 16.17 | es_core/far=0.9244
t=   32.00 +0.00e+00 | 1.6782 16.51  74410   73  14205  12452 | 1.4389 14.95 | 3.52e-03 7.91e-03 |  48.1695 0.8644  0.3025  3.3123 1.000 16.18 | es_core/far=0.9236
t=   36.00 +0.00e+00 | 1.6782 16.54  74521   69  15026  13205 | 1.4395 14.96 | 2.73e-03 1.11e-02 |  47.5862 0.8539  0.3106  3.2970 1.000 16.25 | es_core/far=0.9249
t=   40.00 +0.00e+00 | 1.6782 16.56  74633   72  15810  13916 | 1.4401 14.97 | 4.43e-03 1.21e-02 |  47.2152 0.8473  0.3181  3.3169 1.000 16.23 | es_core/far=0.9259
t=   44.00 +0.00e+00 | 1.6782 16.59  74769   56  16520  14596 | 1.4407 14.97 | 2.30e-03 6.94e-03 |  46.8562 0.8408  0.3157  3.2626 1.000 16.22 | es_core/far=0.9270
t=   48.00 +0.00e+00 | 1.6782 16.62  74888   53  17116  15163 | 1.4413 14.98 | 5.28e-03 1.54e-02 |  46.4117 0.8328  0.3266  3.2424 1.000 16.26 | es_core/far=0.9255
t=   52.00 +0.00e+00 | 1.6782 16.64  75000   53  17695  15716 | 1.4418 14.99 | 5.73e-03 1.46e-02 |  46.0428 0.8262  0.3443  3.2408 1.000 16.34 | es_core/far=0.9205
t=   56.00 +0.00e+00 | 1.6782 16.66  75096   69  18272  16295 | 1.4422 14.99 | 4.68e-03 1.63e-02 |  45.5661 0.8177  0.3571  3.2483 1.000 16.38 | es_core/far=0.9270
t=   60.00 +0.00e+00 | 1.6782 16.68  75169   36  18841  16846 | 1.4425 14.99 | 2.58e-03 1.03e-02 |  45.2237 0.8115  0.3488  3.2495 1.000 16.42 | es_core/far=0.9232
t=   64.00 +0.00e+00 | 1.6782 16.69  75214   42  19383  17340 | 1.4428 15.00 | 2.46e-03 8.39e-03 |  44.9595 0.8068  0.3442  3.2445 1.000 16.43 | es_core/far=0.9187
t=   68.00 +0.00e+00 | 1.6782 16.71  75293   45  19906  17877 | 1.4431 15.00 | 3.05e-03 1.03e-02 |  44.4579 0.7978  0.3352  3.2602 1.000 16.43 | es_core/far=0.9204
t=   72.00 +0.00e+00 | 1.6782 16.71  75321   51  20395  18343 | 1.4432 15.00 | 3.33e-03 9.89e-03 |  44.0784 0.7910  0.3352  3.2444 1.000 16.39 | es_core/far=0.9208
t=   76.00 +0.00e+00 | 1.6782 16.73  75373   54  20907  18858 | 1.4435 15.01 | 4.34e-03 1.32e-02 |  43.8717 0.7873  0.3359  3.2444 1.000 16.39 | es_core/far=0.9204
t=   80.00 +0.00e+00 | 1.6782 16.74  75419   28  21387  19373 | 1.4437 15.01 | 2.28e-03 1.11e-02 |  43.4927 0.7805  0.3348  3.2125 1.000 16.38 | es_core/far=0.9194
#
# RESULT drift_rel 0.000e+00
# RESULT births 21387 deaths 19373 beta_returns 0 beta_energy 0.000000e+00
# RESULT conv rough=0.000000 cond=0.000000 evap=0.000000 backs=0.000000
# RESULT geometry phi_nom=1.6782 z_live=16.74 dbar=1.4437 sigma_d=0.1501
# RESULT es_shells 0.9195 0.9428 0.9828 0.9977 0.9997 1.0000 1.0001 1.0001
# RESULT blob Em_tag=43.49272 com=(12.334,12.019,12.017) rms=3.2125 conn=1.0000 z_tag=16.38
# RESULT blob_drift speed=0.000532 cos_to_kdir=0.6532 v=(3.48e-04,2.05e-05,4.02e-04)
