=== scp_sim_c4: V44 + Cosserat + Curl²-Hardening (+ optional chiral) ===
d²φ/dt² = ∇²φ - m²φ - V'(P) + η·curl(θ) - α·curl(M) - 2curl(Q)
d²θ/dt² = ∇²θ - m_θ²θ + η·curl(φ) + 2α·M - β|∇×φ|²θ
  M = curl(φ)/2 - θ,  Q = (β/2)|θ|²curl(φ)

Grid:    N=96 L=24.0 T=60 dt_factor=0.0500
Physics: m²=2.2500 m_θ²=2.5600 η=0.000 μ=-41.345 κ=50.0 κ_h=0.000 α=0.000 β=0.000
Complex: 12-field U(1) kernel (complex_phi=1)
Q-diag:  radius=12.00 probes=(8.00,16.00)
Gauge:   U(1) compact links, g=1.0000 (complex_gauge=1)
Locks:   n_locks=3 file=(inline lock0..) track=track_grid.tsv soft=(2,0.2) bag_mode=2 (r=4 k=2 sm=3) medium_only=1
Mode:    0
BC:      periodic
Init:    oscillon
Output:  out_grid.sfa (f32, snap=10000.0 diag=2.0)

Allocating 0.38 GB (47775744 doubles, N=96, 12 fields + U(1) links)
dx=0.5053 dt=0.025263 threads=16

Locks: allocated 3 carriers + rho/J + grid bag B(x)
  lock[0] from lock0=1,14,6,0,0,0,0.10,0,0,0
  lock[1] from lock1=-1,14,-6,0,0,0,-0.10,0,0,0
  lock[2] from lock2=0,40,0,0,0,0,0,0,1,1
Init: oscillon (A=0.000 sigma=3.000)
Gauss projection: 341 CG iters, gauss_max(0)=1.21e-13 (offset -5.901e-22)
SFA: out_grid.sfa (30 cols, f32, BSS+zstd)

INIT: E_total=1.7499e-01 E_pot=0.0000 phi_max=0.0000 P_int=0.0000e+00 theta_rms=0.000e+00

Locks: n=3 Q=0 E*=6.8000e+01 Ekin=1.3965e-01
t=    6.0 E=2.886e+00 (drift +1549.060%) Ep=0.0 phi=0.000 θ_rms=0.00e+00 Q=0.000000e+00 s_max=0.0000e+00 gauss=3.8e-02 E_em=2.886e+00 locks=3 E*=6.80e+01 [10% 13.6s 57.17ms/step]
t=   12.0 E=6.515e+00 (drift +3623.191%) Ep=0.0 phi=0.000 θ_rms=0.00e+00 Q=0.000000e+00 s_max=0.0000e+00 gauss=5.0e-02 E_em=6.515e+00 locks=3 E*=6.80e+01 [20% 29.7s 62.64ms/step]
t=   18.0 E=1.103e+01 (drift +6203.083%) Ep=0.0 phi=0.000 θ_rms=0.00e+00 Q=0.000000e+00 s_max=0.0000e+00 gauss=5.8e-02 E_em=1.103e+01 locks=3 E*=6.80e+01 [30% 44.8s 63.07ms/step]
t=   23.9 E=1.811e+01 (drift +10249.658%) Ep=0.0 phi=0.000 θ_rms=0.00e+00 Q=0.000000e+00 s_max=0.0000e+00 gauss=8.0e-02 E_em=1.811e+01 locks=3 E*=6.80e+01 [40% 59.1s 62.38ms/step]
t=   29.9 E=2.493e+01 (drift +14145.487%) Ep=0.0 phi=0.000 θ_rms=0.00e+00 Q=0.000000e+00 s_max=0.0000e+00 gauss=8.2e-02 E_em=2.493e+01 locks=3 E*=6.80e+01 [50% 75.5s 63.72ms/step]
t=   35.9 E=3.372e+01 (drift +19170.580%) Ep=0.0 phi=0.000 θ_rms=0.00e+00 Q=0.000000e+00 s_max=0.0000e+00 gauss=6.7e-02 E_em=3.372e+01 locks=3 E*=6.80e+01 [60% 90.5s 63.66ms/step]
t=   41.9 E=4.381e+01 (drift +24935.748%) Ep=0.0 phi=0.000 θ_rms=0.00e+00 Q=0.000000e+00 s_max=0.0000e+00 gauss=1.7e-01 E_em=4.381e+01 locks=3 E*=6.80e+01 [70% 106.1s 63.98ms/step]
t=   47.9 E=5.555e+01 (drift +31646.565%) Ep=0.0 phi=0.000 θ_rms=0.00e+00 Q=0.000000e+00 s_max=0.0000e+00 gauss=9.8e-02 E_em=5.555e+01 locks=3 E*=6.80e+01 [80% 119.5s 63.03ms/step]
t=   53.9 E=6.985e+01 (drift +39815.986%) Ep=0.0 phi=0.000 θ_rms=0.00e+00 Q=0.000000e+00 s_max=0.0000e+00 gauss=6.8e-02 E_em=6.985e+01 locks=3 E*=6.80e+01 [90% 131.5s 61.65ms/step]
t=   59.9 E=8.730e+01 (drift +49787.602%) Ep=0.0 phi=0.000 θ_rms=0.00e+00 Q=0.000000e+00 s_max=0.0000e+00 gauss=1.5e-01 E_em=8.730e+01 locks=3 E*=6.80e+01 [100% 145.9s 61.58ms/step]

=== COMPLETE ===
E_total=8.7735e+01 (drift 50036.900%) E_pot=0.0000
phi_max=0.0000 P_int=0.0000e+00 theta_rms=0.000e+00
Q_phi=0.000000e+00 Q_theta=0.000000e+00 Q_total=0.000000e+00 s_max=0.0000e+00 r_core=0.000 omega_core=0.0000 Q_core=0.000000e+00
gauss_max=9.130e-02 gauss_l2=2.069e-03 E_em=8.773540e+01 Q_flux=3.106018e-02
SFA: out_grid.sfa (1 frames)
[WARN] theta_rms grew: 0.00e+00 -> 0.00e+00
Wall: 146.2s (2.4 min) 61.55ms/step
