# cellfab — v89 cell-fabric kernel (no lattice, no prior code)
# cfg seed=20260727 mode=field init=vacuum
# cfg L=24 dmin=1.25 r0=0.85 rjit=0.06
# cfg C=1 w1=1.65 w2=2.9 q_detune=1.2 gamma_res=0.25 gamma_res_m=0.1 p_gate=8
# cfg lock_floor=0.005
# cfg k_dep=1.2 k_dep_m=2 cap=2.5 e_s0=1 es_floor=0.05
# cfg e_cond=0 f_conv=0.25 f_evap=0.5 s_pull=0.15
# cfg kappa_lock=1 kappa_align=0.5 kappa_freq=0 kappa_reac=0 sigma_tumble=0.01
# cfg space: s_k=0.06 s_disp=0.3 es_gx=0
# cfg dt=0.02 T=120 diag_every=500 snap_every=0
# cfg center=(-1,-1,-1) amp=1 sigma=2.5 k=(0,0,0) prealign=0 noise_amp=0
# cfg music: comb_limit=6 rough_k=0.35 gamma_rough=0.5 mob_sym=1 mob_floor=0.004
# cfg field sector: two-component signed amplitude, unitary hops, field_J=1.8
# cfg ledger: mode=3 u=1.000e-12 (cellfabi INT_LEDGER)
# GEOM relax start: NC=5039 contact_floor=1.5200 sweeps=800 k=0.3
# GEOM relax done: residual_close_pairs=11233 (below floor 1.5200)
# GEOM links: NL=18353 dbar=1.5449 sigma_d=0.0464 (3.01%)
# action atom: A0=1.1500 (dbar=1.5449) mode=2 — eps(w)=A0*w/2pi; atoms at mode boundaries, transport continuous
# edge coloring: 14 colors for 18353 links
# edge_sink: margin=1.6 cells=2227
# fabric: cells=5039 channels=18353 mean_degree=7.28 box=24 dmin=1.25
# LEDGER seed mode=3 u=1.000e-12 E0_int=5039000000000000 NC=5039 NL=18353
# LEDGER seed mode=3 u=1.000e-12 E0_int=5039000000000000 NC=5039 NL=18353
# t	E_space	E_dense	E_field	E_transfer	E_total	rel_drift	live_ch	cm_x	cm_y	cm_z	contain	front_r	r_core	defA	r_far	r_ratio	w_core	w_far
0.000	5039	0	0	0	5039	0.000e+00	17939	0.000	0.000	0.000	0.000	0.0000	0.8454	0	0.8500	0.9946	1.65000	1.65000	0.0000	0.0000	0.0000	0	0	0	0	0	0
# CONV t=0.00 cond=0 evap=0 rough=0 back_s=0
# LEDGER t=0.000 mode=3 sum_err=0 max|E-iEu|=2.011e-17 run_max_diff=0.000e+00 run_max_sum_err=0 steps=0 E0_int=5039000000000000 sum=5039000000000000
# RAD t=0.00 0.75:0,0,1.0000,0 2.25:0,0,1.0000,0 3.75:0,0,1.0000,0 5.25:0,0,1.0000,0 6.75:0,0,1.0000,0 8.25:0,0,1.0000,0 9.75:0,0,1.0000,0 11.25:0,0,1.0000,0
# em_src: cell=4286 at (11.58,12.56,11.90) amp=0.5 w=0.43
10.000	5039	0.0011128783	1.53636868	0	5039	2.166e-15	17939	0.000	0.000	0.000	0.000	2.6352	0.8449	0.055111	0.8500	0.9940	1.65000	1.65000	11.7036	13.1087	11.8085	0	0	0	0.025098	0.079401	-0.030194
# CONV t=10.00 cond=0 evap=0 rough=0 back_s=0
# LEDGER t=10.000 mode=3 sum_err=0 max|E-iEu|=4.999e-13 run_max_diff=1.499e-12 run_max_sum_err=0 steps=500 E0_int=5039000000000000 sum=5039000000000000
# SRC t=10.00 R=-1.53748156 cell=4286
# RAD t=10.00 0.75:0.005181,0.05297,0.9907,0 2.25:0.002643,0.03582,1.0006,0 3.75:0.002117,0.06966,1.0002,0 5.25:0.0005487,0.04403,1.0000,0 6.75:0.0001477,0.01934,1.0000,0 8.25:3.99e-05,0.009716,1.0000,0 9.75:1.307e-05,0.005204,1.0000,0 11.25:5.065e-06,0.002975,1.0000,0
# QATOM t=15.84 dir=FD w=1.65 e=0.301996504517
20.000	5038.9547	0.363404288	2.28431065	0.00073900912	5039	2.346e-15	17939	11.580	12.557	11.903	1.000	2.2115	0.8434	0.41939	0.8500	0.9923	1.63688	1.65000	11.8467	12.9922	11.8495	-0.00018346	-0.00019691	0.00013312	-0.031247	0.032898	-0.088646
# CONV t=20.00 cond=0.301997 evap=0 rough=0 back_s=0
# LEDGER t=20.000 mode=3 sum_err=0 max|E-iEu|=4.999e-13 run_max_diff=1.499e-12 run_max_sum_err=0 steps=1000 E0_int=5039000000000000 sum=5039000000000000
# SRC t=20.00 R=-2.60315448 cell=4286
# RAD t=20.00 0.75:0.004369,0.07559,0.9727,0.3453 2.25:0.003166,0.04269,1.0010,0.001234 3.75:0.003093,0.03258,1.0003,3.118e-08 5.25:0.001262,0.05182,1.0001,0 6.75:0.0005809,0.02345,1.0000,0 8.25:0.0002633,0.01538,1.0000,0 9.75:0.0001148,0.009913,1.0000,0 11.25:5.996e-05,0.006246,1.0000,0
30.000	5038.91583	0.694786296	1.64065763	0.00144448439	5039	5.415e-16	17939	11.583	12.556	11.906	1.000	0.7039	0.8419	0.78557	0.8500	0.9905	1.62836	1.65000	11.8197	12.8497	11.6684	0.00040302	4.6194e-05	-0.00017279	-0.00414	-0.043149	0.038301
# CONV t=30.00 cond=0.561147 evap=0 rough=0 back_s=0
# LEDGER t=30.000 mode=3 sum_err=0 max|E-iEu|=4.999e-13 run_max_diff=1.500e-12 run_max_sum_err=0 steps=1500 E0_int=5039000000000000 sum=5039000000000000
# SRC t=30.00 R=-2.25271636 cell=4286
# RAD t=30.00 0.75:0.003852,0.005063,0.9561,0.6422 2.25:0.003642,-0.04447,1.0012,0.000667 3.75:0.002945,0.008387,1.0006,0.000751 5.25:0.001158,0.01747,1.0001,0.0001186 6.75:0.0006284,0.02157,1.0000,0.0001319 8.25:0.0003828,0.01381,1.0000,6.009e-06 9.75:0.0002529,0.01781,1.0000,2.313e-07 11.25:0.0001248,0.009178,1.0000,6.2e-11
40.000	5038.88119	1.01540836	2.16502476	0.0019206724	5039	-3.610e-16	17938	11.584	12.554	11.905	1.000	1.8306	0.8405	1.0936	0.8500	0.9888	1.62214	1.65000	11.8378	12.8275	11.7408	8.0604e-05	-0.00023865	-6.0836e-05	0.067223	0.072698	0.0034814
# CONV t=40.00 cond=0.792065 evap=0 rough=0 back_s=0
# LEDGER t=40.000 mode=3 sum_err=0 max|E-iEu|=5.000e-13 run_max_diff=1.500e-12 run_max_sum_err=0 steps=2000 E0_int=5039000000000000 sum=5039000000000000
# SRC t=40.00 R=-3.06354407 cell=4286
# RAD t=40.00 0.75:0.004161,0.0575,0.9386,0.9071 2.25:0.002937,0.07402,1.0020,0.0005273 3.75:0.001574,0.02333,1.0007,0.0008069 5.25:0.001035,0.01259,1.0002,0.0002709 6.75:0.0006324,0.01901,1.0000,0.0001892 8.25:0.0003908,0.02259,1.0000,7.933e-05 9.75:0.0002839,0.01611,1.0000,2.439e-05 11.25:0.0001816,0.009443,1.0000,3.123e-06
50.000	5038.79121	1.78047749	2.98266112	0.00215511198	5039	5.776e-15	17932	11.583	12.555	11.904	1.000	3.1514	0.8372	1.5242	0.8500	0.9850	1.61020	1.65000	12.2574	13.0262	11.7323	2.5622e-05	-0.00040092	3.2016e-05	0.040369	0.043173	-0.048767
# CONV t=50.00 cond=1.39191 evap=0 rough=0 back_s=0
# LEDGER t=50.000 mode=3 sum_err=0 max|E-iEu|=4.999e-13 run_max_diff=1.500e-12 run_max_sum_err=0 steps=2500 E0_int=5039000000000000 sum=5039000000000000
# SRC t=50.00 R=-4.55650708 cell=4286
# RAD t=50.00 0.75:0.002638,0.006528,0.9134,1.596 2.25:0.005541,0.128,1.0017,0.0001605 3.75:0.003733,0.03031,1.0010,0.0009817 5.25:0.001315,0.01038,1.0003,0.0004612 6.75:0.0007349,0.01451,1.0001,0.0002247 8.25:0.0003934,0.01429,1.0000,0.0001351 9.75:0.0002224,0.01071,1.0000,5.389e-05 11.25:0.0002038,0.01123,1.0000,3.247e-05
60.000	5038.73382	2.29589885	3.80505327	0.00235953804	5039	2.527e-15	17933	11.798	12.686	11.848	1.000	2.8521	0.8345	1.764	0.8500	0.9817	1.59585	1.65000	12.2667	12.9209	11.6576	0.0001014	-0.00035379	-0.00013857	-0.048983	0.0021796	-0.084805
# CONV t=60.00 cond=2.03591 evap=0.300552 rough=0 back_s=0.0392024
# LEDGER t=60.000 mode=3 sum_err=0 max|E-iEu|=5.000e-13 run_max_diff=1.500e-12 run_max_sum_err=0 steps=3000 E0_int=5039000000000000 sum=5039000000000000
# SRC t=60.00 R=-5.83712691 cell=4286
# RAD t=60.00 0.75:0.0005835,-0.006617,0.9085,1.689 2.25:0.007925,0.0728,0.9986,0.3464 3.75:0.005615,0.0456,1.0014,0.0009628 5.25:0.00205,0.04436,1.0004,0.0008627 6.75:0.0008752,0.03466,1.0001,0.0004392 8.25:0.0005093,0.02581,1.0000,0.0001846 9.75:0.000279,0.02208,1.0000,0.0002156 11.25:0.0001311,0.01208,1.0000,9.689e-05
70.000	5038.74703	2.28710115	3.22366962	0.00395590858	5039	5.776e-15	17933	11.811	12.690	11.841	0.999	3.0488	0.8346	1.7301	0.8500	0.9819	1.59747	1.65000	12.2276	12.8459	11.6311	-2.5903e-05	-0.00033423	-0.00058287	0.0060586	0.010073	-0.0033353
# CONV t=70.00 cond=2.20272 evap=0.593719 rough=0 back_s=0.0774416
# LEDGER t=70.000 mode=3 sum_err=0 max|E-iEu|=5.000e-13 run_max_diff=1.500e-12 run_max_sum_err=0 steps=3500 E0_int=5039000000000000 sum=5039000000000000
# SRC t=70.00 R=-5.26176081 cell=4286
# RAD t=70.00 0.75:0.0002392,-0.007451,0.9088,1.587 2.25:0.001259,-0.001076,0.9974,0.3441 3.75:0.006008,0.07541,1.0015,0.001076 5.25:0.002843,0.06297,1.0005,0.001576 6.75:0.001212,0.03028,1.0001,0.0006866 8.25:0.0005463,0.01478,1.0000,0.0002857 9.75:0.000369,0.01728,1.0000,0.0002867 11.25:0.0001748,0.01276,1.0000,0.0001492
80.000	5038.72132	2.58319055	3.62250326	0.00598850809	5039	-4.693e-15	17933	11.790	12.675	11.845	0.999	0.7039	0.8342	1.7589	0.8500	0.9814	1.59491	1.65000	12.3023	12.7176	11.7091	0.00060222	-0.0011119	-0.0012539	0.022252	0.018278	0.032679
# CONV t=80.00 cond=2.37413 evap=0.593719 rough=0 back_s=0.0774416
# LEDGER t=80.000 mode=3 sum_err=0 max|E-iEu|=4.999e-13 run_max_diff=1.500e-12 run_max_sum_err=0 steps=4000 E0_int=5039000000000000 sum=5039000000000000
# SRC t=80.00 R=-5.9330051 cell=4286
# RAD t=80.00 0.75:0.0005568,0.008586,0.9011,1.784 2.25:-0.0006998,0.02814,0.9975,0.341 3.75:0.002123,0.0417,1.0013,0.001493 5.25:0.002851,0.05117,1.0005,0.001412 6.75:0.001976,0.05085,1.0002,0.001077 8.25:0.0008452,0.03033,1.0000,0.0004556 9.75:0.0003406,0.02527,1.0000,0.0004998 11.25:0.000224,0.01526,1.0000,0.0002533
90.000	5038.74711	2.49576805	3.15332253	0.00477115149	5039	-3.790e-15	17935	11.815	12.687	11.835	0.998	3.5659	0.8345	1.7111	0.8500	0.9817	1.59772	1.65000	12.5048	12.9546	11.5543	-0.00019078	-0.0002978	-9.0051e-05	-0.044789	0.022765	-0.06974
# CONV t=90.00 cond=2.69948 evap=1.16556 rough=0 back_s=0.15203
# LEDGER t=90.000 mode=3 sum_err=0 max|E-iEu|=5.000e-13 run_max_diff=1.500e-12 run_max_sum_err=0 steps=4500 E0_int=5039000000000000 sum=5039000000000000
# SRC t=90.00 R=-5.40096881 cell=4286
# RAD t=90.00 0.75:0.000148,-0.001159,0.9060,1.586 2.25:0.00135,0.04477,0.9972,0.3421 3.75:0.002466,0.04634,1.0011,0.0009091 5.25:0.00248,0.0454,1.0006,0.001574 6.75:0.001773,0.04409,1.0002,0.001215 8.25:0.001211,0.03518,1.0001,0.0008033 9.75:0.000503,0.02048,1.0000,0.0005485 11.25:0.0002343,0.01541,1.0000,0.0003737
100.000	5038.69579	2.99720746	3.28998735	0.00566178267	5039	3.971e-15	17933	11.941	12.766	11.801	0.998	2.5738	0.8330	1.944	0.8500	0.9800	1.58789	1.65000	12.4379	12.8994	11.5261	3.0978e-05	-8.444e-05	-0.00046557	-0.0355	0.042229	0.00027152
# CONV t=100.00 cond=3.30363 evap=1.46693 rough=0 back_s=0.191339
# LEDGER t=100.000 mode=3 sum_err=0 max|E-iEu|=4.994e-13 run_max_diff=1.500e-12 run_max_sum_err=0 steps=5000 E0_int=5039000000000000 sum=5039000000000000
# SRC t=100.00 R=-5.9886509 cell=4286
# RAD t=100.00 0.75:7.472e-05,0.006813,0.9030,1.679 2.25:0.002319,-0.06876,0.9953,0.6412 3.75:0.002679,0.03259,1.0011,0.001158 5.25:0.002154,0.02352,1.0006,0.001821 6.75:0.001819,0.01925,1.0002,0.001123 8.25:0.00124,0.02909,1.0001,0.0007208 9.75:0.0007288,0.01951,1.0001,0.0008165 11.25:0.0002962,0.0153,1.0000,0.0004779
110.000	5038.69579	3.11654589	3.92627929	0.00694067744	5039	2.346e-15	17934	11.941	12.765	11.801	0.998	1.6392	0.8327	1.9582	0.8500	0.9796	1.58794	1.65000	12.2865	12.9005	11.5685	0.00018695	0.00018576	-0.00010357	-0.00030018	0.0089167	0.0039197
# CONV t=110.00 cond=3.30363 evap=1.46693 rough=0 back_s=0.191339
# LEDGER t=110.000 mode=3 sum_err=0 max|E-iEu|=4.999e-13 run_max_diff=1.500e-12 run_max_sum_err=0 steps=5500 E0_int=5039000000000000 sum=5039000000000000
# SRC t=110.00 R=-6.74556018 cell=4286
# RAD t=110.00 0.75:1.488e-05,-0.003054,0.9029,1.679 2.25:0.001236,0.009881,0.9949,0.6404 3.75:0.001821,0.01671,1.0011,0.0006976 5.25:0.002009,0.03139,1.0006,0.001492 6.75:0.001855,0.02796,1.0002,0.0008427 8.25:0.001264,0.02923,1.0001,0.0007855 9.75:0.0005804,0.02662,1.0001,0.001002 11.25:0.0003588,0.01777,1.0001,0.0006617
120.000	5038.68396	3.34899653	3.49958904	0.00622983287	5039	-1.805e-16	17934	11.928	12.757	11.805	0.998	2.5738	0.8322	1.9703	0.8500	0.9791	1.58681	1.65000	12.3008	12.8371	11.5559	-6.7285e-05	3.5147e-05	-3.9018e-05	0.0028845	-0.017538	0.017774
# CONV t=120.00 cond=3.63809 evap=1.76085 rough=0 back_s=0.229676
# LEDGER t=120.000 mode=3 sum_err=0 max|E-iEu|=4.996e-13 run_max_diff=1.500e-12 run_max_sum_err=0 steps=6000 E0_int=5039000000000000 sum=5039000000000000
# SRC t=120.00 R=-6.53877788 cell=4286
# RAD t=120.00 0.75:1.316e-05,0.001938,0.9002,1.77 2.25:0.0008096,0.002568,0.9946,0.6407 3.75:0.001432,0.001617,1.0010,0.000682 5.25:0.001619,0.009108,1.0006,0.001384 6.75:0.001669,0.009845,1.0002,0.0009308 8.25:0.001127,0.01892,1.0001,0.0007873 9.75:0.0006236,0.0158,1.0001,0.001137 11.25:0.000334,0.01428,1.0001,0.0008297
# RESULT exit_face E=0.16391 y=12.5429 z=11.8235
# RESULT es_shells 0.75:0.9002 2.25:0.9946 3.75:1.0010 5.25:1.0006 6.75:1.0002 8.25:1.0001 9.75:1.0001 11.25:1.0001
# RESULT LEDGER mode=3 E0_int=5039000000000000 sum_int=5039000000000000 max_sum_err=0 max|E-iEu|=1.500e-12 steps=6000
# RESULT conservation E0=5039 Efinal=5039 rel_drift=-1.805e-16
# RESULT roughness_radiated=0 (dissonant dense deliveries converted to field, conserved)
# RESULT em_src R=-6.53877788 cell=4286 (injected = -R)
# RESULT curvature_fit defA_per_Em=0.58968 r2=0.9444 (linear defect ~ converted energy)
