# cellfab — v89 cell-fabric kernel (no lattice, no prior code)
# cfg seed=20260727 mode=field init=net
# cfg L=24 dmin=1 r0=0.85 rjit=0.06
# cfg C=1 w1=1.65 w2=2.9 q_detune=1.2 gamma_res=0.25 gamma_res_m=0.1 p_gate=8
# cfg lock_floor=0.005
# cfg k_dep=1.2 k_dep_m=2 cap=2.5 e_s0=1 es_floor=0.05
# cfg e_cond=0 f_conv=0.25 f_evap=0.5 s_pull=0.15
# cfg kappa_lock=1 kappa_align=0.5 kappa_freq=0 kappa_reac=0 sigma_tumble=0.01
# cfg space: s_k=0.06 s_disp=0.3 es_gx=0
# cfg dt=0.02 T=600 diag_every=250 snap_every=0
# cfg center=(-1,-1,-1) amp=1 sigma=2.5 k=(0,0,0) prealign=0 noise_amp=0
# cfg music: comb_limit=6 rough_k=0.35 gamma_rough=0.5 mob_sym=1 mob_floor=0.004
# cfg field sector: two-component signed amplitude, unitary hops, field_J=1.8
# cfg ledger: mode=3 u=1.000e-12 (cellfabi INT_LEDGER)
# action atom: A0=1.1500 (dbar=1.5053) mode=2 — eps(w)=A0*w/2pi; atoms at mode boundaries, transport continuous
# edge coloring: 29 colors for 85886 links
# NETGATE 0 1 d=1.4080 psi_f=-0.0000 psi_b=-0.0000 gf=1.0000 gb=1.0000
# net: seeded nv=2 ne=1 worst_pick=0.000 gates min=1.0000 mean=1.0000 parasites=0 gpar_max=0.0000 file=/home/d/code/scp/v89/mass_balance/nets/mb1_dP0p00.net
# fabric: cells=9741 channels=85886 mean_degree=17.63 box=24 dmin=1
# LEDGER seed mode=3 u=1.000e-12 E0_int=9742086086956522 NC=9741 NL=85886
# LEDGER seed mode=3 u=1.000e-12 E0_int=9742086086956522 NC=9741 NL=85886
# t	E_space	E_dense	E_field	E_transfer	E_total	rel_drift	live_ch	cm_x	cm_y	cm_z	contain	front_r	r_core	defA	r_far	r_ratio	w_core	w_far
0.000	9740.83709	1.249	0	0	9742.08608696	0.000e+00	57686	11.142	13.692	13.285	1.000	0.0000	0.8438	0	0.8499	0.9928	1.64115	1.65000	0.0000	0.0000	0.0000	0	0	0	0	0	0
# CONV t=0.00 cond=0 evap=0 rough=0 back_s=0
# LEDGER t=0.000 mode=3 sum_err=0 max|E-iEu|=1.304e-13 run_max_diff=0.000e+00 run_max_sum_err=0 steps=0 E0_int=9742086086956522 sum=9742086086956522
# NETG t=0.00 gates min=1.0000 mean=1.0000 edges=1
# PIN t=0.00 R=0 nv=2
5.000	9740.83709	1.25166322	0	0.315179084	9742.08608696	0.000e+00	57686	11.144	13.689	13.285	1.000	0.0000	0.8436	0.076704	0.8499	0.9926	1.63952	1.65000	0.0000	0.0000	0.0000	0.00044701	-0.0005263	8.7737e-05	0	0	0
# CONV t=5.00 cond=0 evap=0 rough=0 back_s=0
# LEDGER t=5.000 mode=3 sum_err=0 max|E-iEu|=1.110e-16 run_max_diff=0.000e+00 run_max_sum_err=0 steps=250 E0_int=9742086086956522 sum=9742086086956522
# NETG t=5.00 gates min=0.9459 mean=0.9458 edges=1
# PIN t=5.00 R=-0.317842303 nv=2
# SLIP t=5.00 e=0 psi=+0.1667 unw=+0.167 nu_win=+0.005329 dwb_win=-0.000072
10.000	9740.83709	1.25250764	0	0.0302977775	9742.08608696	0.000e+00	57686	11.144	13.689	13.285	1.000	0.0000	0.8435	0.074531	0.8499	0.9924	1.64099	1.65000	0.0000	0.0000	0.0000	0.00047001	-0.0008635	-0.00016336	0	0	0
# CONV t=10.00 cond=0 evap=0 rough=0 back_s=0
# LEDGER t=10.000 mode=3 sum_err=0 max|E-iEu|=1.110e-16 run_max_diff=0.000e+00 run_max_sum_err=0 steps=500 E0_int=9742086086956522 sum=9742086086956522
# NETG t=10.00 gates min=0.9998 mean=0.9998 edges=1
# PIN t=10.00 R=-0.0338054212 nv=2
# SLIP t=10.00 e=0 psi=+0.0093 unw=+0.009 nu_win=-0.005011 dwb_win=-0.000074
15.000	9740.83709	1.254087	0	0.315927916	9742.08608696	0.000e+00	57687	11.145	13.688	13.286	1.000	0.0000	0.8434	0.06165	0.8499	0.9924	1.63950	1.65000	0.0000	0.0000	0.0000	0.00088492	-0.00068125	8.9776e-05	0	0	0
# CONV t=15.00 cond=0 evap=0 rough=0 back_s=0
# LEDGER t=15.000 mode=3 sum_err=0 max|E-iEu|=1.110e-16 run_max_diff=0.000e+00 run_max_sum_err=0 steps=750 E0_int=9742086086956522 sum=9742086086956522
# NETG t=15.00 gates min=0.9478 mean=0.9478 edges=1
# PIN t=15.00 R=-0.321014934 nv=2
# SLIP t=15.00 e=0 psi=+0.1637 unw=+0.164 nu_win=+0.004916 dwb_win=-0.000119
20.000	9740.83709	1.25426013	0	0.0607473874	9742.08608696	0.000e+00	57688	11.146	13.688	13.286	1.000	0.0000	0.8433	0.051128	0.8499	0.9923	1.64083	1.65000	0.0000	0.0000	0.0000	0.00031618	0.00061944	-5.0697e-05	0	0	0
# CONV t=20.00 cond=0 evap=0 rough=0 back_s=0
# LEDGER t=20.000 mode=3 sum_err=0 max|E-iEu|=1.110e-16 run_max_diff=0.000e+00 run_max_sum_err=0 steps=1000 E0_int=9742086086956522 sum=9742086086956522
# NETG t=20.00 gates min=0.9990 mean=0.9990 edges=1
# PIN t=20.00 R=-0.0660075428 nv=2
# SLIP t=20.00 e=0 psi=+0.0222 unw=+0.022 nu_win=-0.004505 dwb_win=-0.000027
25.000	9740.83709	1.25562047	0	0.342619086	9742.08608696	1.867e-16	57688	11.147	13.688	13.286	1.000	0.0000	0.8433	0.04318	0.8499	0.9922	1.63937	1.65000	0.0000	0.0000	0.0000	0.00042881	-0.00077044	1.6437e-05	0	0	0
# CONV t=25.00 cond=0 evap=0 rough=0 back_s=0
# LEDGER t=25.000 mode=3 sum_err=0 max|E-iEu|=1.110e-16 run_max_diff=0.000e+00 run_max_sum_err=0 steps=1250 E0_int=9742086086956522 sum=9742086086956522
# NETG t=25.00 gates min=0.9419 mean=0.9418 edges=1
# PIN t=25.00 R=-0.349239585 nv=2
# SLIP t=25.00 e=0 psi=+0.1730 unw=+0.173 nu_win=+0.004799 dwb_win=-0.000154
30.000	9740.83709	1.25467262	0	0.0924637071	9742.08608696	0.000e+00	57688	11.146	13.689	13.287	1.000	0.0000	0.8432	0.037575	0.8499	0.9922	1.64068	1.65000	0.0000	0.0000	0.0000	0.00010088	0.00028961	-0.00018756	0	0	0
# CONV t=30.00 cond=0 evap=0 rough=0 back_s=0
# LEDGER t=30.000 mode=3 sum_err=0 max|E-iEu|=1.110e-16 run_max_diff=0.000e+00 run_max_sum_err=0 steps=1500 E0_int=9742086086956522 sum=9742086086956522
# NETG t=30.00 gates min=0.9975 mean=0.9975 edges=1
# PIN t=30.00 R=-0.0981363666 nv=2
# SLIP t=30.00 e=0 psi=+0.0351 unw=+0.035 nu_win=-0.004387 dwb_win=-0.000003
35.000	9740.83709	1.25620804	0	0.370297826	9742.08608696	0.000e+00	57689	11.148	13.686	13.285	1.000	0.0000	0.8432	0.033491	0.8499	0.9921	1.63925	1.65000	0.0000	0.0000	0.0000	-0.00038993	0.00026621	-0.00056304	0	0	0
# CONV t=35.00 cond=0 evap=0 rough=0 back_s=0
# LEDGER t=35.000 mode=3 sum_err=0 max|E-iEu|=1.110e-16 run_max_diff=0.000e+00 run_max_sum_err=0 steps=1750 E0_int=9742086086956522 sum=9742086086956522
# NETG t=35.00 gates min=0.9351 mean=0.9351 edges=1
# PIN t=35.00 R=-0.37750591 nv=2
# SLIP t=35.00 e=0 psi=+0.1830 unw=+0.183 nu_win=+0.004708 dwb_win=-0.000175
40.000	9740.83709	1.25645112	0	0.122201524	9742.08608696	0.000e+00	57689	11.147	13.687	13.287	1.000	0.0000	0.8432	0.030262	0.8499	0.9921	1.64053	1.65000	0.0000	0.0000	0.0000	0.00069683	0.00023924	-3.4424e-05	0	0	0
# CONV t=40.00 cond=0 evap=0 rough=0 back_s=0
# LEDGER t=40.000 mode=3 sum_err=0 max|E-iEu|=1.110e-16 run_max_diff=0.000e+00 run_max_sum_err=0 steps=2000 E0_int=9742086086956522 sum=9742086086956522
# NETG t=40.00 gates min=0.9955 mean=0.9954 edges=1
# PIN t=40.00 R=-0.129652691 nv=2
# SLIP t=40.00 e=0 psi=+0.0476 unw=+0.048 nu_win=-0.004310 dwb_win=+0.000027
45.000	9740.83709	1.25871085	0	0.39755345	9742.08608696	0.000e+00	57689	11.150	13.682	13.286	1.000	0.0000	0.8432	0.028219	0.8499	0.9921	1.63912	1.65000	0.0000	0.0000	0.0000	-0.00044104	0.0012257	-0.00019915	0	0	0
# CONV t=45.00 cond=0 evap=0 rough=0 back_s=0
# LEDGER t=45.000 mode=3 sum_err=0 max|E-iEu|=1.110e-16 run_max_diff=0.000e+00 run_max_sum_err=0 steps=2250 E0_int=9742086086956522 sum=9742086086956522
# NETG t=45.00 gates min=0.9278 mean=0.9277 edges=1
# PIN t=45.00 R=-0.407264346 nv=2
# SLIP t=45.00 e=0 psi=+0.1934 unw=+0.193 nu_win=+0.004639 dwb_win=-0.000208
50.000	9740.83709	1.25715919	0	0.153510039	9742.08608696	0.000e+00	57689	11.148	13.686	13.286	1.000	0.0000	0.8431	0.026534	0.8499	0.9921	1.64038	1.65000	0.0000	0.0000	0.0000	0.001307	0.0006301	8.2837e-06	0	0	0
# CONV t=50.00 cond=0 evap=0 rough=0 back_s=0
# LEDGER t=50.000 mode=3 sum_err=0 max|E-iEu|=1.110e-16 run_max_diff=0.000e+00 run_max_sum_err=0 steps=2500 E0_int=9742086086956522 sum=9742086086956522
# NETG t=50.00 gates min=0.9927 mean=0.9927 edges=1
# PIN t=50.00 R=-0.161669272 nv=2
# SLIP t=50.00 e=0 psi=+0.0606 unw=+0.061 nu_win=-0.004226 dwb_win=+0.000012
55.000	9740.83709	1.26069844	0	0.425117437	9742.08608696	1.867e-16	57689	11.149	13.682	13.285	0.999	0.0000	0.8431	0.025905	0.8499	0.9921	1.63900	1.65000	0.0000	0.0000	0.0000	0.00015019	0.00083478	0.00080277	0	0	0
# CONV t=55.00 cond=0 evap=0 rough=0 back_s=0
# LEDGER t=55.000 mode=3 sum_err=0 max|E-iEu|=1.110e-16 run_max_diff=0.000e+00 run_max_sum_err=0 steps=2750 E0_int=9742086086956522 sum=9742086086956522
# NETG t=55.00 gates min=0.9200 mean=0.9200 edges=1
# PIN t=55.00 R=-0.436815924 nv=2
# SLIP t=55.00 e=0 psi=+0.2040 unw=+0.204 nu_win=+0.004563 dwb_win=-0.000188
60.000	9740.83709	1.25943844	0	0.182432991	9742.08608696	-1.867e-16	57689	11.148	13.686	13.288	0.999	0.0000	0.8431	0.025157	0.8499	0.9920	1.64024	1.65000	0.0000	0.0000	0.0000	0.0017275	2.9803e-05	0.00061734	0	0	0
# CONV t=60.00 cond=0 evap=0 rough=0 back_s=0
# LEDGER t=60.000 mode=3 sum_err=0 max|E-iEu|=1.110e-16 run_max_diff=0.000e+00 run_max_sum_err=0 steps=3000 E0_int=9742086086956522 sum=9742086086956522
# NETG t=60.00 gates min=0.9894 mean=0.9894 edges=1
# PIN t=60.00 R=-0.192871481 nv=2
# SLIP t=60.00 e=0 psi=+0.0731 unw=+0.073 nu_win=-0.004166 dwb_win=-0.000021
65.000	9740.83709	1.26304994	0	0.45269213	9742.08608696	0.000e+00	57689	11.150	13.684	13.288	0.999	0.0000	0.8431	0.025305	0.8499	0.9920	1.63887	1.65000	0.0000	0.0000	0.0000	3.6302e-05	-0.00018084	0.0016576	0	0	0
# CONV t=65.00 cond=0 evap=0 rough=0 back_s=0
# LEDGER t=65.000 mode=3 sum_err=0 max|E-iEu|=1.110e-16 run_max_diff=0.000e+00 run_max_sum_err=0 steps=3250 E0_int=9742086086956522 sum=9742086086956522
# NETG t=65.00 gates min=0.9117 mean=0.9117 edges=1
# PIN t=65.00 R=-0.466742118 nv=2
# SLIP t=65.00 e=0 psi=+0.2148 unw=+0.215 nu_win=+0.004510 dwb_win=-0.000166
70.000	9740.83709	1.25968046	0	0.214730589	9742.08608696	0.000e+00	57690	11.149	13.683	13.288	0.999	0.0000	0.8431	0.023668	0.8499	0.9920	1.64011	1.65000	0.0000	0.0000	0.0000	0.00082956	0.00070624	0.0011178	0	0	0
# CONV t=70.00 cond=0 evap=0 rough=0 back_s=0
# LEDGER t=70.000 mode=3 sum_err=0 max|E-iEu|=1.110e-16 run_max_diff=0.000e+00 run_max_sum_err=0 steps=3500 E0_int=9742086086956522 sum=9742086086956522
# NETG t=70.00 gates min=0.9855 mean=0.9855 edges=1
# PIN t=70.00 R=-0.225411095 nv=2
# SLIP t=70.00 e=0 psi=+0.0855 unw=+0.086 nu_win=-0.004114 dwb_win=+0.000005
75.000	9740.83709	1.2592413	0	0.486731311	9742.08608696	0.000e+00	57690	11.150	13.685	13.283	0.999	0.0000	0.8431	0.024074	0.8499	0.9920	1.63879	1.65000	0.0000	0.0000	0.0000	0.00099857	-0.00036331	0.0005229	0	0	0
# CONV t=75.00 cond=0 evap=0 rough=0 back_s=0
# LEDGER t=75.000 mode=3 sum_err=0 max|E-iEu|=1.110e-16 run_max_diff=0.000e+00 run_max_sum_err=0 steps=3750 E0_int=9742086086956522 sum=9742086086956522
# NETG t=75.00 gates min=0.9035 mean=0.9035 edges=1
# PIN t=75.00 R=-0.496972659 nv=2
# SLIP t=75.00 e=0 psi=+0.2250 unw=+0.225 nu_win=+0.004438 dwb_win=-0.000143
80.000	9740.83709	1.25841602	0	0.246815241	9742.08608696	0.000e+00	57690	11.148	13.687	13.289	0.999	0.0000	0.8431	0.025154	0.8499	0.9920	1.64002	1.65000	0.0000	0.0000	0.0000	0.00068041	-8.3391e-05	-0.0001567	0	0	0
# CONV t=80.00 cond=0 evap=0 rough=0 back_s=0
# LEDGER t=80.000 mode=3 sum_err=0 max|E-iEu|=1.110e-16 run_max_diff=0.000e+00 run_max_sum_err=0 steps=4000 E0_int=9742086086956522 sum=9742086086956522
# NETG t=80.00 gates min=0.9813 mean=0.9813 edges=1
# PIN t=80.00 R=-0.256231305 nv=2
# SLIP t=80.00 e=0 psi=+0.0971 unw=+0.097 nu_win=-0.004070 dwb_win=+0.000020
85.000	9740.83709	1.26149385	0	0.509709589	9742.08608696	-1.867e-16	57690	11.146	13.688	13.293	0.999	0.0000	0.8431	0.026552	0.8499	0.9920	1.63873	1.65000	0.0000	0.0000	0.0000	-6.2392e-05	-0.00055854	0.0003112	0	0	0
# CONV t=85.00 cond=0 evap=0 rough=0 back_s=0
# LEDGER t=85.000 mode=3 sum_err=0 max|E-iEu|=1.110e-16 run_max_diff=0.000e+00 run_max_sum_err=0 steps=4250 E0_int=9742086086956522 sum=9742086086956522
# NETG t=85.00 gates min=0.8970 mean=0.8970 edges=1
# PIN t=85.00 R=-0.522203488 nv=2
# SLIP t=85.00 e=0 psi=+0.2328 unw=+0.233 nu_win=+0.004320 dwb_win=-0.000141
90.000	9740.83709	1.25625502	0	0.278819965	9742.08608696	0.000e+00	57690	11.147	13.686	13.286	0.999	0.0000	0.8431	0.028264	0.8499	0.9920	1.63994	1.65000	0.0000	0.0000	0.0000	0.00061824	-0.00034944	-0.00018463	0	0	0
# CONV t=90.00 cond=0 evap=0 rough=0 back_s=0
# LEDGER t=90.000 mode=3 sum_err=0 max|E-iEu|=1.110e-16 run_max_diff=0.000e+00 run_max_sum_err=0 steps=4500 E0_int=9742086086956522 sum=9742086086956522
# NETG t=90.00 gates min=0.9769 mean=0.9769 edges=1
# PIN t=90.00 R=-0.286075031 nv=2
# SLIP t=90.00 e=0 psi=+0.1082 unw=+0.108 nu_win=-0.003967 dwb_win=+0.000018
95.000	9740.83709	1.25941514	0	0.539759338	9742.08608696	0.000e+00	57690	11.149	13.682	13.288	0.998	0.0000	0.8431	0.03013	0.8499	0.9920	1.63867	1.65000	0.0000	0.0000	0.0000	-0.00039665	1.6966e-05	0.00023835	0	0	0
# CONV t=95.00 cond=0 evap=0 rough=0 back_s=0
# LEDGER t=95.000 mode=3 sum_err=0 max|E-iEu|=1.110e-16 run_max_diff=0.000e+00 run_max_sum_err=0 steps=4750 E0_int=9742086086956522 sum=9742086086956522
# NETG t=95.00 gates min=0.8892 mean=0.8892 edges=1
# PIN t=95.00 R=-0.550174526 nv=2
# SLIP t=95.00 e=0 psi=+0.2420 unw=+0.242 nu_win=+0.004261 dwb_win=-0.000111
100.000	9740.83709	1.26081842	0	0.307725487	9742.08608696	0.000e+00	57690	11.147	13.686	13.287	0.999	0.0000	0.8431	0.032049	0.8499	0.9920	1.63983	1.65000	0.0000	0.0000	0.0000	0.0013211	-0.00037784	-0.0002612	0	0	0
# CONV t=100.00 cond=0 evap=0 rough=0 back_s=0
# LEDGER t=100.000 mode=3 sum_err=0 max|E-iEu|=1.110e-16 run_max_diff=0.000e+00 run_max_sum_err=0 steps=5000 E0_int=9742086086956522 sum=9742086086956522
# NETG t=100.00 gates min=0.9713 mean=0.9713 edges=1
# PIN t=100.00 R=-0.319543952 nv=2
# SLIP t=100.00 e=0 psi=+0.1207 unw=+0.121 nu_win=-0.003864 dwb_win=-0.000012
105.000	9740.83709	1.25741696	0	0.56966897	9742.08608696	0.000e+00	57690	11.148	13.689	13.285	0.998	0.0000	0.8431	0.034106	0.8499	0.9920	1.63860	1.65000	0.0000	0.0000	0.0000	0.00037494	-0.0012871	0.0004844	0	0	0
# CONV t=105.00 cond=0 evap=0 rough=0 back_s=0
# LEDGER t=105.000 mode=3 sum_err=0 max|E-iEu|=1.110e-16 run_max_diff=0.000e+00 run_max_sum_err=0 steps=5250 E0_int=9742086086956522 sum=9742086086956522
# NETG t=105.00 gates min=0.8814 mean=0.8813 edges=1
# PIN t=105.00 R=-0.57808598 nv=2
# SLIP t=105.00 e=0 psi=+0.2510 unw=+0.251 nu_win=+0.004149 dwb_win=-0.000100
110.000	9740.83709	1.25992917	0	0.339474373	9742.08608696	0.000e+00	57690	11.151	13.684	13.289	0.997	0.0000	0.8431	0.036179	0.8499	0.9920	1.63974	1.65000	0.0000	0.0000	0.0000	0.00026974	-0.00036164	0.00038582	0	0	0
# CONV t=110.00 cond=0 evap=0 rough=0 back_s=0
# LEDGER t=110.000 mode=3 sum_err=0 max|E-iEu|=1.110e-16 run_max_diff=0.000e+00 run_max_sum_err=0 steps=5500 E0_int=9742086086956522 sum=9742086086956522
# NETG t=110.00 gates min=0.9659 mean=0.9659 edges=1
# PIN t=110.00 R=-0.350403595 nv=2
# SLIP t=110.00 e=0 psi=+0.1318 unw=+0.132 nu_win=-0.003796 dwb_win=-0.000041
115.000	9740.83709	1.25932231	0	0.59914993	9742.08608696	-1.867e-16	57690	11.147	13.686	13.290	0.997	0.0000	0.8431	0.038442	0.8499	0.9920	1.63852	1.65000	0.0000	0.0000	0.0000	0.00071319	0.00010435	-0.00090435	0	0	0
# CONV t=115.00 cond=0 evap=0 rough=0 back_s=0
# LEDGER t=115.000 mode=3 sum_err=0 max|E-iEu|=1.110e-16 run_max_diff=0.000e+00 run_max_sum_err=0 steps=5750 E0_int=9742086086956522 sum=9742086086956522
# NETG t=115.00 gates min=0.8719 mean=0.8718 edges=1
# PIN t=115.00 R=-0.609472292 nv=2
# SLIP t=115.00 e=0 psi=+0.2616 unw=+0.262 nu_win=+0.004134 dwb_win=-0.000056
120.000	9740.83709	1.25888263	0	0.374897868	9742.08608696	0.000e+00	57690	11.149	13.687	13.292	0.997	0.0000	0.8431	0.040782	0.8499	0.9920	1.63961	1.65000	0.0000	0.0000	0.0000	0.0004558	-0.0012247	-0.00046007	0	0	0
# CONV t=120.00 cond=0 evap=0 rough=0 back_s=0
# LEDGER t=120.000 mode=3 sum_err=0 max|E-iEu|=1.110e-16 run_max_diff=0.000e+00 run_max_sum_err=0 steps=6000 E0_int=9742086086956522 sum=9742086086956522
# NETG t=120.00 gates min=0.9592 mean=0.9592 edges=1
# PIN t=120.00 R=-0.384780553 nv=2
# SLIP t=120.00 e=0 psi=+0.1443 unw=+0.144 nu_win=-0.003733 dwb_win=-0.000090
125.000	9740.83709	1.25855422	0	0.127460238	9742.08608696	-1.867e-16	57690	11.146	13.687	13.287	0.998	0.0000	0.8431	0.043309	0.8499	0.9920	1.64094	1.65000	0.0000	0.0000	0.0000	0.00060809	0.00030383	0.00015555	0	0	0
# CONV t=125.00 cond=0 evap=0 rough=0 back_s=0
# LEDGER t=125.000 mode=3 sum_err=0 max|E-iEu|=1.110e-16 run_max_diff=0.000e+00 run_max_sum_err=0 steps=6250 E0_int=9742086086956522 sum=9742086086956522
# NETG t=125.00 gates min=1.0000 mean=1.0000 edges=1
# PIN t=125.00 R=-0.137014504 nv=2
# SLIP t=125.00 e=0 psi=+0.0044 unw=+0.004 nu_win=-0.004455 dwb_win=-0.000031
130.000	9740.83709	1.25986356	0	0.40363505	9742.08608696	0.000e+00	57690	11.148	13.682	13.285	0.997	0.0000	0.8431	0.045915	0.8499	0.9920	1.63951	1.65000	0.0000	0.0000	0.0000	-0.00042601	-0.0017096	0.0015769	0	0	0
# CONV t=130.00 cond=0 evap=0 rough=0 back_s=0
# LEDGER t=130.000 mode=3 sum_err=0 max|E-iEu|=1.110e-16 run_max_diff=0.000e+00 run_max_sum_err=0 steps=6500 E0_int=9742086086956522 sum=9742086086956522
# NETG t=130.00 gates min=0.9535 mean=0.9535 edges=1
# PIN t=130.00 R=-0.41449866 nv=2
# SLIP t=130.00 e=0 psi=+0.1542 unw=+0.154 nu_win=+0.004767 dwb_win=-0.000091
135.000	9740.83709	1.26086696	0	0.157755081	9742.08608696	0.000e+00	57690	11.149	13.685	13.283	0.996	0.0000	0.8431	0.048466	0.8499	0.9920	1.64081	1.65000	0.0000	0.0000	0.0000	0.00071957	0.00023368	9.0057e-05	0	0	0
# CONV t=135.00 cond=0 evap=0 rough=0 back_s=0
# LEDGER t=135.000 mode=3 sum_err=0 max|E-iEu|=1.110e-16 run_max_diff=0.000e+00 run_max_sum_err=0 steps=6750 E0_int=9742086086956522 sum=9742086086956522
# NETG t=135.00 gates min=0.9994 mean=0.9994 edges=1
# PIN t=135.00 R=-0.169622096 nv=2
# SLIP t=135.00 e=0 psi=+0.0172 unw=+0.017 nu_win=-0.004358 dwb_win=-0.000017
140.000	9740.83709	1.26366942	0	0.43202366	9742.08608696	1.867e-16	57690	11.146	13.690	13.300	0.995	0.0000	0.8431	0.051116	0.8499	0.9920	1.63940	1.65000	0.0000	0.0000	0.0000	0.0010619	-0.00086273	-0.00021247	0	0	0
# CONV t=140.00 cond=0 evap=0 rough=0 back_s=0
# LEDGER t=140.000 mode=3 sum_err=0 max|E-iEu|=1.110e-16 run_max_diff=0.000e+00 run_max_sum_err=0 steps=7000 E0_int=9742086086956522 sum=9742086086956522
# NETG t=140.00 gates min=0.9465 mean=0.9465 edges=1
# PIN t=140.00 R=-0.446693127 nv=2
# SLIP t=140.00 e=0 psi=+0.1657 unw=+0.166 nu_win=+0.004727 dwb_win=-0.000115
145.000	9740.83709	1.26125599	0	0.190237652	9742.08608696	0.000e+00	57690	11.148	13.689	13.291	0.996	0.0000	0.8431	0.053666	0.8499	0.9920	1.64070	1.65000	0.0000	0.0000	0.0000	0.0010219	-0.00038225	0.0014528	0	0	0
# CONV t=145.00 cond=0 evap=0 rough=0 back_s=0
# LEDGER t=145.000 mode=3 sum_err=0 max|E-iEu|=1.110e-16 run_max_diff=0.000e+00 run_max_sum_err=0 steps=7250 E0_int=9742086086956522 sum=9742086086956522
# NETG t=145.00 gates min=0.9982 mean=0.9982 edges=1
# PIN t=145.00 R=-0.202493695 nv=2
# SLIP t=145.00 e=0 psi=+0.0303 unw=+0.030 nu_win=-0.004311 dwb_win=+0.000020
150.000	9740.83709	1.26073893	0	0.467730078	9742.08608696	0.000e+00	57690	11.148	13.688	13.283	0.996	0.0000	0.8431	0.056361	0.8499	0.9920	1.63929	1.65000	0.0000	0.0000	0.0000	0.00023239	0.00032961	0.0004716	0	0	0
# CONV t=150.00 cond=0 evap=0 rough=0 back_s=0
# LEDGER t=150.000 mode=3 sum_err=0 max|E-iEu|=1.110e-16 run_max_diff=0.000e+00 run_max_sum_err=0 steps=7500 E0_int=9742086086956522 sum=9742086086956522
# NETG t=150.00 gates min=0.9393 mean=0.9391 edges=1
# PIN t=150.00 R=-0.47946906 nv=2
# SLIP t=150.00 e=0 psi=+0.1768 unw=+0.177 nu_win=+0.004664 dwb_win=-0.000150
155.000	9740.83709	1.26044329	0	0.223788925	9742.08608696	0.000e+00	57690	11.144	13.688	13.293	0.995	0.0000	0.8431	0.058907	0.8499	0.9920	1.64057	1.65000	0.0000	0.0000	0.0000	-0.00060041	-0.00045766	0.00089278	0	0	0
# CONV t=155.00 cond=0 evap=0 rough=0 back_s=0
# LEDGER t=155.000 mode=3 sum_err=0 max|E-iEu|=1.110e-16 run_max_diff=0.000e+00 run_max_sum_err=0 steps=7750 E0_int=9742086086956522 sum=9742086086956522
# NETG t=155.00 gates min=0.9964 mean=0.9964 edges=1
# PIN t=155.00 R=-0.23523227 nv=2
# SLIP t=155.00 e=0 psi=+0.0428 unw=+0.043 nu_win=-0.004267 dwb_win=+0.000030
160.000	9740.83709	1.26214737	0	0.496008379	9742.08608696	0.000e+00	57690	11.151	13.682	13.292	0.994	0.0000	0.8431	0.061597	0.8499	0.9920	1.63919	1.65000	0.0000	0.0000	0.0000	0.00097637	0.00055261	0.00011559	0	0	0
# CONV t=160.00 cond=0 evap=0 rough=0 back_s=0
# LEDGER t=160.000 mode=3 sum_err=0 max|E-iEu|=1.110e-16 run_max_diff=0.000e+00 run_max_sum_err=0 steps=8000 E0_int=9742086086956522 sum=9742086086956522
# NETG t=160.00 gates min=0.9325 mean=0.9323 edges=1
# PIN t=160.00 R=-0.509155804 nv=2
# SLIP t=160.00 e=0 psi=+0.1868 unw=+0.187 nu_win=+0.004584 dwb_win=-0.000154
165.000	9740.83709	1.26192545	0	0.255103851	9742.08608696	0.000e+00	57690	11.145	13.690	13.295	0.994	0.0000	0.8431	0.064114	0.8499	0.9920	1.64045	1.65000	0.0000	0.0000	0.0000	6.0803e-05	-4.1283e-06	-0.00097141	0	0	0
# CONV t=165.00 cond=0 evap=0 rough=0 back_s=0
# LEDGER t=165.000 mode=3 sum_err=0 max|E-iEu|=1.110e-16 run_max_diff=0.000e+00 run_max_sum_err=0 steps=8250 E0_int=9742086086956522 sum=9742086086956522
# NETG t=165.00 gates min=0.9939 mean=0.9939 edges=1
# PIN t=165.00 R=-0.268029354 nv=2
# SLIP t=165.00 e=0 psi=+0.0553 unw=+0.055 nu_win=-0.004187 dwb_win=+0.000020
170.000	9740.83709	1.26507312	0	0.524065266	9742.08608696	0.000e+00	57690	11.151	13.678	13.287	0.996	0.0000	0.8431	0.06666	0.8499	0.9920	1.63908	1.65000	0.0000	0.0000	0.0000	-0.00060622	0.0010499	-0.00029845	0	0	0
# CONV t=170.00 cond=0 evap=0 rough=0 back_s=0
# LEDGER t=170.000 mode=3 sum_err=0 max|E-iEu|=1.110e-16 run_max_diff=0.000e+00 run_max_sum_err=0 steps=8500 E0_int=9742086086956522 sum=9742086086956522
# NETG t=170.00 gates min=0.9251 mean=0.9250 edges=1
# PIN t=170.00 R=-0.540138436 nv=2
# SLIP t=170.00 e=0 psi=+0.1972 unw=+0.197 nu_win=+0.004516 dwb_win=-0.000147
175.000	9740.83709	1.26198232	0	0.288166383	9742.08608696	0.000e+00	57690	11.146	13.687	13.294	0.994	0.0000	0.8430	0.06911	0.8499	0.9920	1.64031	1.64999	0.0000	0.0000	0.0000	0.00059319	0.000121	1.3064e-05	0	0	0
# CONV t=175.00 cond=0 evap=0 rough=0 back_s=0
# LEDGER t=175.000 mode=3 sum_err=0 max|E-iEu|=1.110e-16 run_max_diff=0.000e+00 run_max_sum_err=0 steps=8750 E0_int=9742086086956522 sum=9742086086956522
# NETG t=175.00 gates min=0.9910 mean=0.9910 edges=1
# PIN t=175.00 R=-0.301148757 nv=2
# SLIP t=175.00 e=0 psi=+0.0673 unw=+0.067 nu_win=-0.004134 dwb_win=-0.000008
180.000	9740.83709	1.26460288	0	0.555066922	9742.08608696	-1.867e-16	57690	11.151	13.682	13.293	0.994	0.0000	0.8430	0.07147	0.8499	0.9920	1.63898	1.64999	0.0000	0.0000	0.0000	-0.00054362	-0.00078791	-0.0011512	0	0	0
# CONV t=180.00 cond=0 evap=0 rough=0 back_s=0
# LEDGER t=180.000 mode=3 sum_err=0 max|E-iEu|=1.110e-16 run_max_diff=0.000e+00 run_max_sum_err=0 steps=9000 E0_int=9742086086956522 sum=9742086086956522
# NETG t=180.00 gates min=0.9177 mean=0.9176 edges=1
# PIN t=180.00 R=-0.570669858 nv=2
# SLIP t=180.00 e=0 psi=+0.2071 unw=+0.207 nu_win=+0.004450 dwb_win=-0.000128
185.000	9740.83709	1.26313933	0	0.321577897	9742.08608696	0.000e+00	57689	11.151	13.683	13.293	0.994	0.0000	0.8430	0.073717	0.8499	0.9920	1.64018	1.64999	0.0000	0.0000	0.0000	-0.00024158	-0.0012641	-0.0018122	0	0	0
# CONV t=185.00 cond=0 evap=0 rough=0 back_s=0
# LEDGER t=185.000 mode=3 sum_err=0 max|E-iEu|=1.110e-16 run_max_diff=0.000e+00 run_max_sum_err=0 steps=9250 E0_int=9742086086956522 sum=9742086086956522
# NETG t=185.00 gates min=0.9872 mean=0.9872 edges=1
# PIN t=185.00 R=-0.335717277 nv=2
# SLIP t=185.00 e=0 psi=+0.0803 unw=+0.080 nu_win=-0.004034 dwb_win=-0.000039
190.000	9740.83709	1.26401719	0	0.587960164	9742.08608696	-1.867e-16	57689	11.155	13.686	13.289	0.993	0.0000	0.8430	0.075981	0.8499	0.9920	1.63886	1.64999	0.0000	0.0000	0.0000	0.00033676	-0.00077791	0.00028954	0	0	0
# CONV t=190.00 cond=0 evap=0 rough=0 back_s=0
# LEDGER t=190.000 mode=3 sum_err=0 max|E-iEu|=1.110e-16 run_max_diff=0.000e+00 run_max_sum_err=0 steps=9500 E0_int=9742086086956522 sum=9742086086956522
# NETG t=190.00 gates min=0.9093 mean=0.9093 edges=1
# PIN t=190.00 R=-0.602977404 nv=2
# SLIP t=190.00 e=0 psi=+0.2180 unw=+0.218 nu_win=+0.004381 dwb_win=-0.000099
195.000	9740.83709	1.26594247	0	0.350532475	9742.08608696	-1.867e-16	57689	11.151	13.677	13.287	0.993	0.0000	0.8430	0.077993	0.8499	0.9920	1.64005	1.64999	0.0000	0.0000	0.0000	-2.3906e-05	-0.00023965	-0.00042618	0	0	0
# CONV t=195.00 cond=0 evap=0 rough=0 back_s=0
# LEDGER t=195.000 mode=3 sum_err=0 max|E-iEu|=1.110e-16 run_max_diff=0.000e+00 run_max_sum_err=0 steps=9750 E0_int=9742086086956522 sum=9742086086956522
# NETG t=195.00 gates min=0.9833 mean=0.9833 edges=1
# PIN t=195.00 R=-0.367474993 nv=2
# SLIP t=195.00 e=0 psi=+0.0917 unw=+0.092 nu_win=-0.004020 dwb_win=-0.000044
200.000	9740.83709	1.26549211	0	0.61466916	9742.08608696	0.000e+00	57688	11.153	13.681	13.297	0.994	0.0000	0.8430	0.080132	0.8499	0.9920	1.63875	1.64999	0.0000	0.0000	0.0000	0.00096841	-7.1278e-06	-0.00012494	0	0	0
# CONV t=200.00 cond=0 evap=0 rough=0 back_s=0
# LEDGER t=200.000 mode=3 sum_err=0 max|E-iEu|=1.110e-16 run_max_diff=0.000e+00 run_max_sum_err=0 steps=10000 E0_int=9742086086956522 sum=9742086086956522
# NETG t=200.00 gates min=0.9024 mean=0.9023 edges=1
# PIN t=200.00 R=-0.631161326 nv=2
# SLIP t=200.00 e=0 psi=+0.2263 unw=+0.226 nu_win=+0.004286 dwb_win=-0.000115
205.000	9740.83709	1.26373847	0	0.38465066	9742.08608696	-1.867e-16	57688	11.159	13.682	13.286	0.994	0.0000	0.8430	0.082065	0.8499	0.9919	1.63992	1.64999	0.0000	0.0000	0.0000	-0.00018919	0.00021695	0.00092962	0	0	0
# CONV t=205.00 cond=0 evap=0 rough=0 back_s=0
# LEDGER t=205.000 mode=3 sum_err=0 max|E-iEu|=1.110e-16 run_max_diff=0.000e+00 run_max_sum_err=0 steps=10250 E0_int=9742086086956522 sum=9742086086956522
# NETG t=205.00 gates min=0.9788 mean=0.9788 edges=1
# PIN t=205.00 R=-0.399389178 nv=2
# SLIP t=205.00 e=0 psi=+0.1036 unw=+0.104 nu_win=-0.003907 dwb_win=-0.000034
210.000	9740.83709	1.2678908	0	0.642779011	9742.08608696	-1.867e-16	57688	11.169	13.666	13.284	0.992	0.0000	0.8430	0.084227	0.8499	0.9919	1.63865	1.64999	0.0000	0.0000	0.0000	0.00087791	-6.7439e-05	-0.00066846	0	0	0
# CONV t=210.00 cond=0 evap=0 rough=0 back_s=0
# LEDGER t=210.000 mode=3 sum_err=0 max|E-iEu|=1.110e-16 run_max_diff=0.000e+00 run_max_sum_err=0 steps=10500 E0_int=9742086086956522 sum=9742086086956522
# NETG t=210.00 gates min=0.8939 mean=0.8938 edges=1
# PIN t=210.00 R=-0.66166986 nv=2
# SLIP t=210.00 e=0 psi=+0.2366 unw=+0.237 nu_win=+0.004233 dwb_win=-0.000106
215.000	9740.83709	1.26706539	0	0.411429119	9742.08608696	0.000e+00	57688	11.156	13.679	13.297	0.991	0.0000	0.8430	0.086198	0.8499	0.9919	1.63980	1.64999	0.0000	0.0000	0.0000	0.00097667	-0.00062662	-0.0005191	0	0	0
# CONV t=215.00 cond=0 evap=0 rough=0 back_s=0
# LEDGER t=215.000 mode=3 sum_err=0 max|E-iEu|=1.110e-16 run_max_diff=0.000e+00 run_max_sum_err=0 steps=10750 E0_int=9742086086956522 sum=9742086086956522
# NETG t=215.00 gates min=0.9741 mean=0.9741 edges=1
# PIN t=215.00 R=-0.429494561 nv=2
# SLIP t=215.00 e=0 psi=+0.1146 unw=+0.115 nu_win=-0.003885 dwb_win=-0.000038
220.000	9740.83709	1.27020793	0	0.674447982	9742.08608696	0.000e+00	57688	11.161	13.675	13.299	0.993	0.0000	0.8430	0.088296	0.8499	0.9919	1.63851	1.64999	0.0000	0.0000	0.0000	0.00056086	-9.2767e-05	-0.00083799	0	0	0
# CONV t=220.00 cond=0 evap=0 rough=0 back_s=0
# LEDGER t=220.000 mode=3 sum_err=0 max|E-iEu|=1.110e-16 run_max_diff=0.000e+00 run_max_sum_err=0 steps=11000 E0_int=9742086086956522 sum=9742086086956522
# NETG t=220.00 gates min=0.8837 mean=0.8836 edges=1
# PIN t=220.00 R=-0.695655966 nv=2
# SLIP t=220.00 e=0 psi=+0.2483 unw=+0.248 nu_win=+0.004257 dwb_win=-0.000121
225.000	9740.83709	1.26719168	0	0.445806932	9742.08608696	0.000e+00	57688	11.157	13.676	13.300	0.992	0.0000	0.8430	0.090148	0.8499	0.9919	1.63966	1.64999	0.0000	0.0000	0.0000	0.00048472	-0.0016311	-0.000209	0	0	0
# CONV t=225.00 cond=0 evap=0 rough=0 back_s=0
# LEDGER t=225.000 mode=3 sum_err=0 max|E-iEu|=1.110e-16 run_max_diff=0.000e+00 run_max_sum_err=0 steps=11250 E0_int=9742086086956522 sum=9742086086956522
# NETG t=225.00 gates min=0.9679 mean=0.9679 edges=1
# PIN t=225.00 R=-0.463998662 nv=2
# SLIP t=225.00 e=0 psi=+0.1276 unw=+0.128 nu_win=-0.003842 dwb_win=-0.000032
230.000	9740.83709	1.26905968	0	0.706590514	9742.08608696	0.000e+00	57688	11.161	13.688	13.299	0.991	0.0000	0.8430	0.09213	0.8499	0.9919	1.63841	1.64999	0.0000	0.0000	0.0000	0.0017062	-0.00063737	-0.0005748	0	0	0
# CONV t=230.00 cond=0 evap=0 rough=0 back_s=0
# LEDGER t=230.000 mode=3 sum_err=0 max|E-iEu|=1.110e-16 run_max_diff=0.000e+00 run_max_sum_err=0 steps=11500 E0_int=9742086086956522 sum=9742086086956522
# NETG t=230.00 gates min=0.8745 mean=0.8745 edges=1
# PIN t=230.00 R=-0.726650242 nv=2
# SLIP t=230.00 e=0 psi=+0.2587 unw=+0.259 nu_win=+0.004172 dwb_win=-0.000099
235.000	9740.83709	1.27091464	0	0.475935043	9742.08608696	-1.867e-16	57688	11.157	13.672	13.290	0.991	0.0000	0.8430	0.09393	0.8499	0.9919	1.63953	1.64999	0.0000	0.0000	0.0000	0.00097765	-0.0014733	0.00020654	0	0	0
# CONV t=235.00 cond=0 evap=0 rough=0 back_s=0
# LEDGER t=235.000 mode=3 sum_err=0 max|E-iEu|=1.110e-16 run_max_diff=0.000e+00 run_max_sum_err=0 steps=11750 E0_int=9742086086956522 sum=9742086086956522
# NETG t=235.00 gates min=0.9614 mean=0.9614 edges=1
# PIN t=235.00 R=-0.497849736 nv=2
# SLIP t=235.00 e=0 psi=+0.1404 unw=+0.140 nu_win=-0.003766 dwb_win=-0.000019
240.000	9740.83709	1.26889845	0	0.232137801	9742.08608696	0.000e+00	57688	11.156	13.675	13.280	0.991	0.0000	0.8430	0.095794	0.8499	0.9919	1.64082	1.64999	0.0000	0.0000	0.0000	0.0012007	-0.0020105	-0.0020306	0	0	0
# CONV t=240.00 cond=0 evap=0 rough=0 back_s=0
# LEDGER t=240.000 mode=3 sum_err=0 max|E-iEu|=1.110e-16 run_max_diff=0.000e+00 run_max_sum_err=0 steps=12000 E0_int=9742086086956522 sum=9742086086956522
# NETG t=240.00 gates min=1.0000 mean=1.0000 edges=1
# PIN t=240.00 R=-0.252036307 nv=2
# SLIP t=240.00 e=0 psi=+0.0002 unw=+0.000 nu_win=-0.004463 dwb_win=-0.000109
245.000	9740.83709	1.27126274	0	0.50581441	9742.08608696	0.000e+00	57688	11.164	13.676	13.272	0.991	0.0000	0.8430	0.097549	0.8499	0.9919	1.63942	1.64999	0.0000	0.0000	0.0000	0.0013932	-0.0022415	-0.001704	0	0	0
# CONV t=245.00 cond=0 evap=0 rough=0 back_s=0
# LEDGER t=245.000 mode=3 sum_err=0 max|E-iEu|=1.110e-16 run_max_diff=0.000e+00 run_max_sum_err=0 steps=12250 E0_int=9742086086956522 sum=9742086086956522
# NETG t=245.00 gates min=0.9556 mean=0.9555 edges=1
# PIN t=245.00 R=-0.528077198 nv=2
# SLIP t=245.00 e=0 psi=+0.1511 unw=+0.151 nu_win=+0.004804 dwb_win=-0.000013
250.000	9740.83709	1.26981281	0	0.264104286	9742.08608696	-1.867e-16	57688	11.158	13.673	13.278	0.991	0.0000	0.8430	0.099522	0.8499	0.9919	1.64069	1.64999	0.0000	0.0000	0.0000	-0.00062911	0.00031174	-0.0014579	0	0	0
# CONV t=250.00 cond=0 evap=0 rough=0 back_s=0
# LEDGER t=250.000 mode=3 sum_err=0 max|E-iEu|=1.110e-16 run_max_diff=0.000e+00 run_max_sum_err=0 steps=12500 E0_int=9742086086956522 sum=9742086086956522
# NETG t=250.00 gates min=0.9997 mean=0.9997 edges=1
# PIN t=250.00 R=-0.284917146 nv=2
# SLIP t=250.00 e=0 psi=+0.0131 unw=+0.013 nu_win=-0.004391 dwb_win=-0.000112
255.000	9740.83709	1.2683346	0	0.53882415	9742.08608696	0.000e+00	57688	11.154	13.677	13.283	0.990	0.0000	0.8430	0.10131	0.8499	0.9919	1.63931	1.64999	0.0000	0.0000	0.0000	0.00029809	-0.0015463	-0.00043915	0	0	0
# CONV t=255.00 cond=0 evap=0 rough=0 back_s=0
# LEDGER t=255.000 mode=3 sum_err=0 max|E-iEu|=1.110e-16 run_max_diff=0.000e+00 run_max_sum_err=0 steps=12750 E0_int=9742086086956522 sum=9742086086956522
# NETG t=255.00 gates min=0.9494 mean=0.9493 edges=1
# PIN t=255.00 R=-0.558158808 nv=2
# SLIP t=255.00 e=0 psi=+0.1613 unw=+0.161 nu_win=+0.004716 dwb_win=-0.000028
260.000	9740.83709	1.27004908	0	0.297182264	9742.08608696	1.867e-16	57688	11.162	13.671	13.279	0.990	0.0000	0.8430	0.10317	0.8499	0.9919	1.64057	1.64999	0.0000	0.0000	0.0000	-0.0012131	0.00095424	0.00019822	0	0	0
# CONV t=260.00 cond=0 evap=0 rough=0 back_s=0
# LEDGER t=260.000 mode=3 sum_err=0 max|E-iEu|=1.110e-16 run_max_diff=0.000e+00 run_max_sum_err=0 steps=13000 E0_int=9742086086956522 sum=9742086086956522
# NETG t=260.00 gates min=0.9987 mean=0.9987 edges=1
# PIN t=260.00 R=-0.318231395 nv=2
# SLIP t=260.00 e=0 psi=+0.0257 unw=+0.026 nu_win=-0.004314 dwb_win=-0.000102
265.000	9740.83709	1.27213432	0	0.570524756	9742.08608696	-1.867e-16	57688	11.164	13.673	13.273	0.990	0.0000	0.8430	0.10486	0.8499	0.9919	1.63918	1.64999	0.0000	0.0000	0.0000	0.0011303	0.00034161	-0.00024871	0	0	0
# CONV t=265.00 cond=0 evap=0 rough=0 back_s=0
# LEDGER t=265.000 mode=3 sum_err=0 max|E-iEu|=1.110e-16 run_max_diff=0.000e+00 run_max_sum_err=0 steps=13250 E0_int=9742086086956522 sum=9742086086956522
# NETG t=265.00 gates min=0.9417 mean=0.9416 edges=1
# PIN t=265.00 R=-0.593659125 nv=2
# SLIP t=265.00 e=0 psi=+0.1732 unw=+0.173 nu_win=+0.004694 dwb_win=-0.000034
270.000	9740.83709	1.27044124	0	0.329394249	9742.08608696	-1.867e-16	57688	11.161	13.681	13.282	0.990	0.0000	0.8430	0.10644	0.8499	0.9919	1.64047	1.64999	0.0000	0.0000	0.0000	-0.00034661	0.00093254	0.00059043	0	0	0
# CONV t=270.00 cond=0 evap=0 rough=0 back_s=0
# LEDGER t=270.000 mode=3 sum_err=0 max|E-iEu|=1.110e-16 run_max_diff=0.000e+00 run_max_sum_err=0 steps=13500 E0_int=9742086086956522 sum=9742086086956522
# NETG t=270.00 gates min=0.9970 mean=0.9970 edges=1
# PIN t=270.00 R=-0.350835544 nv=2
# SLIP t=270.00 e=0 psi=+0.0386 unw=+0.039 nu_win=-0.004284 dwb_win=-0.000067
275.000	9740.83709	1.27548713	0	0.597595229	9742.08608696	0.000e+00	57688	11.162	13.669	13.279	0.989	0.0000	0.8430	0.10809	0.8499	0.9919	1.63909	1.64999	0.0000	0.0000	0.0000	0.001964	-0.0018475	-0.0017464	0	0	0
# CONV t=275.00 cond=0 evap=0 rough=0 back_s=0
# LEDGER t=275.000 mode=3 sum_err=0 max|E-iEu|=1.110e-16 run_max_diff=0.000e+00 run_max_sum_err=0 steps=13750 E0_int=9742086086956522 sum=9742086086956522
# NETG t=275.00 gates min=0.9349 mean=0.9349 edges=1
# PIN t=275.00 R=-0.624082412 nv=2
# SLIP t=275.00 e=0 psi=+0.1833 unw=+0.183 nu_win=+0.004606 dwb_win=-0.000051
280.000	9740.83709	1.27078795	0	0.362135646	9742.08608696	0.000e+00	57688	11.167	13.677	13.273	0.989	0.0000	0.8430	0.10956	0.8499	0.9919	1.64036	1.64999	0.0000	0.0000	0.0000	0.00063859	0.0010862	0.00033889	0	0	0
# CONV t=280.00 cond=0 evap=0 rough=0 back_s=0
# LEDGER t=280.000 mode=3 sum_err=0 max|E-iEu|=1.110e-16 run_max_diff=0.000e+00 run_max_sum_err=0 steps=14000 E0_int=9742086086956522 sum=9742086086956522
# NETG t=280.00 gates min=0.9947 mean=0.9947 edges=1
# PIN t=280.00 R=-0.383923647 nv=2
# SLIP t=280.00 e=0 psi=+0.0513 unw=+0.051 nu_win=-0.004201 dwb_win=-0.000063
285.000	9740.83709	1.27043127	0	0.638043787	9742.08608696	-1.867e-16	57688	11.163	13.676	13.285	0.990	0.0000	0.8430	0.11108	0.8499	0.9919	1.63898	1.64999	0.0000	0.0000	0.0000	0.001508	-0.001183	-0.00055026	0	0	0
# CONV t=285.00 cond=0 evap=0 rough=0 back_s=0
# LEDGER t=285.000 mode=3 sum_err=0 max|E-iEu|=1.110e-16 run_max_diff=0.000e+00 run_max_sum_err=0 steps=14250 E0_int=9742086086956522 sum=9742086086956522
# NETG t=285.00 gates min=0.9262 mean=0.9261 edges=1
# PIN t=285.00 R=-0.659475115 nv=2
# SLIP t=285.00 e=0 psi=+0.1957 unw=+0.196 nu_win=+0.004595 dwb_win=-0.000069
290.000	9740.83709	1.27315841	0	0.391945563	9742.08608696	0.000e+00	57688	11.172	13.677	13.276	0.988	0.0000	0.8430	0.11273	0.8499	0.9919	1.64026	1.64999	0.0000	0.0000	0.0000	-0.0001622	0.0011675	-0.0008587	0	0	0
# CONV t=290.00 cond=0 evap=0 rough=0 back_s=0
# LEDGER t=290.000 mode=3 sum_err=0 max|E-iEu|=1.110e-16 run_max_diff=0.000e+00 run_max_sum_err=0 steps=14500 E0_int=9742086086956522 sum=9742086086956522
# NETG t=290.00 gates min=0.9919 mean=0.9919 edges=1
# PIN t=290.00 R=-0.41610403 nv=2
# SLIP t=290.00 e=0 psi=+0.0636 unw=+0.064 nu_win=-0.004204 dwb_win=-0.000056
295.000	9740.83709	1.27494121	0	0.66110921	9742.08608696	0.000e+00	57688	11.160	13.677	13.280	0.987	0.0000	0.8430	0.11401	0.8499	0.9919	1.63891	1.64999	0.0000	0.0000	0.0000	9.2599e-05	0.00056837	0.00023933	0	0	0
# CONV t=295.00 cond=0 evap=0 rough=0 back_s=0
# LEDGER t=295.000 mode=3 sum_err=0 max|E-iEu|=1.110e-16 run_max_diff=0.000e+00 run_max_sum_err=0 steps=14750 E0_int=9742086086956522 sum=9742086086956522
# NETG t=295.00 gates min=0.9200 mean=0.9199 edges=1
# PIN t=295.00 R=-0.687050474 nv=2
# SLIP t=295.00 e=0 psi=+0.2040 unw=+0.204 nu_win=+0.004469 dwb_win=-0.000091
300.000	9740.83709	1.27253106	0	0.42330214	9742.08608696	0.000e+00	57688	11.171	13.667	13.287	0.987	0.0000	0.8430	0.11541	0.8499	0.9919	1.64018	1.64999	0.0000	0.0000	0.0000	0.0013186	0.00023508	-0.0011829	0	0	0
# CONV t=300.00 cond=0 evap=0 rough=0 back_s=0
# LEDGER t=300.000 mode=3 sum_err=0 max|E-iEu|=1.110e-16 run_max_diff=0.000e+00 run_max_sum_err=0 steps=15000 E0_int=9742086086956522 sum=9742086086956522
# NETG t=300.00 gates min=0.9888 mean=0.9888 edges=1
# PIN t=300.00 R=-0.44683325 nv=2
# SLIP t=300.00 e=0 psi=+0.0751 unw=+0.075 nu_win=-0.004102 dwb_win=-0.000024
305.000	9740.83709	1.27680163	0	0.69190843	9742.08608696	0.000e+00	57688	11.166	13.676	13.271	0.986	0.0000	0.8430	0.1165	0.8499	0.9919	1.63883	1.64999	0.0000	0.0000	0.0000	0.0006796	-0.00083237	-0.00095207	0	0	0
# CONV t=305.00 cond=0 evap=0 rough=0 back_s=0
# LEDGER t=305.000 mode=3 sum_err=0 max|E-iEu|=1.110e-16 run_max_diff=0.000e+00 run_max_sum_err=0 steps=15250 E0_int=9742086086956522 sum=9742086086956522
# NETG t=305.00 gates min=0.9115 mean=0.9112 edges=1
# PIN t=305.00 R=-0.719710115 nv=2
# SLIP t=305.00 e=0 psi=+0.2151 unw=+0.215 nu_win=+0.004456 dwb_win=-0.000128
310.000	9740.83709	1.27102162	0	0.45832334	9742.08608696	0.000e+00	57688	11.169	13.677	13.279	0.987	0.0000	0.8430	0.11771	0.8499	0.9919	1.64008	1.64999	0.0000	0.0000	0.0000	-0.00019377	0.0016119	-0.0015908	0	0	0
# CONV t=310.00 cond=0 evap=0 rough=0 back_s=0
# LEDGER t=310.000 mode=3 sum_err=0 max|E-iEu|=1.110e-16 run_max_diff=0.000e+00 run_max_sum_err=0 steps=15500 E0_int=9742086086956522 sum=9742086086956522
# NETG t=310.00 gates min=0.9846 mean=0.9846 edges=1
# PIN t=310.00 R=-0.480345018 nv=2
# SLIP t=310.00 e=0 psi=+0.0880 unw=+0.088 nu_win=-0.004044 dwb_win=-0.000003
315.000	9740.83709	1.27709713	0	0.725020351	9742.08608696	0.000e+00	57688	11.170	13.656	13.272	0.986	0.0000	0.8430	0.11884	0.8499	0.9919	1.63873	1.64999	0.0000	0.0000	0.0000	-0.0013252	0.00158	-0.0022181	0	0	0
# CONV t=315.00 cond=0 evap=0 rough=0 back_s=0
# LEDGER t=315.000 mode=3 sum_err=0 max|E-iEu|=1.110e-16 run_max_diff=0.000e+00 run_max_sum_err=0 steps=15750 E0_int=9742086086956522 sum=9742086086956522
# NETG t=315.00 gates min=0.9022 mean=0.9020 edges=1
# PIN t=315.00 R=-0.75311754 nv=2
# SLIP t=315.00 e=0 psi=+0.2266 unw=+0.227 nu_win=+0.004410 dwb_win=-0.000131
320.000	9740.83709	1.27630491	0	0.486942505	9742.08608696	-1.867e-16	57688	11.173	13.669	13.287	0.985	0.0000	0.8430	0.11985	0.8499	0.9919	1.63997	1.64999	0.0000	0.0000	0.0000	0.00060772	2.298e-05	-0.00046699	0	0	0
# CONV t=320.00 cond=0 evap=0 rough=0 back_s=0
# LEDGER t=320.000 mode=3 sum_err=0 max|E-iEu|=1.110e-16 run_max_diff=0.000e+00 run_max_sum_err=0 steps=16000 E0_int=9742086086956522 sum=9742086086956522
# NETG t=320.00 gates min=0.9798 mean=0.9798 edges=1
# PIN t=320.00 R=-0.514247465 nv=2
# SLIP t=320.00 e=0 psi=+0.1009 unw=+0.101 nu_win=-0.004001 dwb_win=+0.000027
325.000	9740.83709	1.27576621	0	0.758229832	9742.08608696	0.000e+00	57688	11.174	13.671	13.278	0.986	0.0000	0.8430	0.12096	0.8499	0.9919	1.63864	1.64998	0.0000	0.0000	0.0000	-0.00026284	0.0015798	-0.0015737	0	0	0
# CONV t=325.00 cond=0 evap=0 rough=0 back_s=0
# LEDGER t=325.000 mode=3 sum_err=0 max|E-iEu|=1.110e-16 run_max_diff=0.000e+00 run_max_sum_err=0 steps=16250 E0_int=9742086086956522 sum=9742086086956522
# NETG t=325.00 gates min=0.8931 mean=0.8930 edges=1
# PIN t=325.00 R=-0.784996091 nv=2
# SLIP t=325.00 e=0 psi=+0.2374 unw=+0.237 nu_win=+0.004347 dwb_win=-0.000145
330.000	9740.83709	1.27524528	0	0.519559425	9742.08608696	0.000e+00	57688	11.171	13.660	13.282	0.985	0.0000	0.8430	0.12193	0.8499	0.9919	1.63987	1.64998	0.0000	0.0000	0.0000	-0.00046942	0.00065194	-0.0019179	0	0	0
# CONV t=330.00 cond=0 evap=0 rough=0 back_s=0
# LEDGER t=330.000 mode=3 sum_err=0 max|E-iEu|=1.110e-16 run_max_diff=0.000e+00 run_max_sum_err=0 steps=16500 E0_int=9742086086956522 sum=9742086086956522
# NETG t=330.00 gates min=0.9750 mean=0.9750 edges=1
# PIN t=330.00 R=-0.545804763 nv=2
# SLIP t=330.00 e=0 psi=+0.1124 unw=+0.112 nu_win=-0.003980 dwb_win=+0.000051
335.000	9740.83709	1.27549243	0	0.785696722	9742.08608696	0.000e+00	57688	11.173	13.658	13.278	0.985	0.0000	0.8430	0.12315	0.8499	0.9919	1.63857	1.64998	0.0000	0.0000	0.0000	0.0009772	-3.6551e-05	-0.00019654	0	0	0
# CONV t=335.00 cond=0 evap=0 rough=0 back_s=0
# LEDGER t=335.000 mode=3 sum_err=0 max|E-iEu|=1.110e-16 run_max_diff=0.000e+00 run_max_sum_err=0 steps=16750 E0_int=9742086086956522 sum=9742086086956522
# NETG t=335.00 gates min=0.8861 mean=0.8859 edges=1
# PIN t=335.00 R=-0.812189211 nv=2
# SLIP t=335.00 e=0 psi=+0.2456 unw=+0.246 nu_win=+0.004239 dwb_win=-0.000154
340.000	9740.83709	1.27434626	0	0.554966954	9742.08608696	0.000e+00	57687	11.179	13.670	13.273	0.986	0.0000	0.8430	0.12408	0.8499	0.9919	1.63975	1.64998	0.0000	0.0000	0.0000	0.00055338	-0.00047679	-0.00020821	0	0	0
# CONV t=340.00 cond=0 evap=0 rough=0 back_s=0
# LEDGER t=340.000 mode=3 sum_err=0 max|E-iEu|=1.110e-16 run_max_diff=0.000e+00 run_max_sum_err=0 steps=17000 E0_int=9742086086956522 sum=9742086086956522
# NETG t=340.00 gates min=0.9693 mean=0.9693 edges=1
# PIN t=340.00 R=-0.58031327 nv=2
# SLIP t=340.00 e=0 psi=+0.1250 unw=+0.125 nu_win=-0.003837 dwb_win=+0.000046
345.000	9740.83709	1.27733679	0	0.816391843	9742.08608696	-1.867e-16	57687	11.175	13.657	13.267	0.985	0.0000	0.8430	0.1252	0.8499	0.9919	1.63848	1.64998	0.0000	0.0000	0.0000	-0.0006168	0.00079271	-0.0013832	0	0	0
# CONV t=345.00 cond=0 evap=0 rough=0 back_s=0
# LEDGER t=345.000 mode=3 sum_err=0 max|E-iEu|=1.110e-16 run_max_diff=0.000e+00 run_max_sum_err=0 steps=17250 E0_int=9742086086956522 sum=9742086086956522
# NETG t=345.00 gates min=0.8763 mean=0.8763 edges=1
# PIN t=345.00 R=-0.844728688 nv=2
# SLIP t=345.00 e=0 psi=+0.2565 unw=+0.257 nu_win=+0.004186 dwb_win=-0.000155
350.000	9740.83709	1.28114518	0	0.581988651	9742.08608696	1.867e-16	57687	11.184	13.663	13.285	0.983	0.0000	0.8430	0.12597	0.8499	0.9919	1.63964	1.64998	0.0000	0.0000	0.0000	0.0017591	-0.00175	-0.0010521	0	0	0
# CONV t=350.00 cond=0 evap=0 rough=0 back_s=0
# LEDGER t=350.000 mode=3 sum_err=0 max|E-iEu|=1.110e-16 run_max_diff=0.000e+00 run_max_sum_err=0 steps=17500 E0_int=9742086086956522 sum=9742086086956522
# NETG t=350.00 gates min=0.9633 mean=0.9632 edges=1
# PIN t=350.00 R=-0.614133883 nv=2
# SLIP t=350.00 e=0 psi=+0.1370 unw=+0.137 nu_win=-0.003805 dwb_win=+0.000041
355.000	9740.83709	1.28335575	0	0.332203662	9742.08608696	1.867e-16	57687	11.194	13.667	13.278	0.981	0.0000	0.8430	0.12706	0.8499	0.9919	1.63840	1.64998	0.0000	0.0000	0.0000	0.00062585	0.001001	0.00040714	0	0	0
# CONV t=355.00 cond=0 evap=0 rough=0 back_s=0
# LEDGER t=355.000 mode=3 sum_err=0 max|E-iEu|=1.110e-16 run_max_diff=0.000e+00 run_max_sum_err=0 steps=17750 E0_int=9742086086956522 sum=9742086086956522
# NETG t=355.00 gates min=0.8667 mean=0.8666 edges=1
# PIN t=355.00 R=-0.366559462 nv=2
# SLIP t=355.00 e=0 psi=+0.2671 unw=+0.267 nu_win=+0.004141 dwb_win=-0.000135
360.000	9740.83709	1.27849816	0	0.618149943	9742.08608696	0.000e+00	57687	11.179	13.661	13.269	0.984	0.0000	0.8430	0.1278	0.8499	0.9919	1.63951	1.64998	0.0000	0.0000	0.0000	0.00022718	-0.00097691	-0.00071654	0	0	0
# CONV t=360.00 cond=0 evap=0 rough=0 back_s=0
# LEDGER t=360.000 mode=3 sum_err=0 max|E-iEu|=1.110e-16 run_max_diff=0.000e+00 run_max_sum_err=0 steps=18000 E0_int=9742086086956522 sum=9742086086956522
# NETG t=360.00 gates min=0.9569 mean=0.9568 edges=1
# PIN t=360.00 R=-0.647648156 nv=2
# SLIP t=360.00 e=0 psi=+0.1488 unw=+0.149 nu_win=-0.003764 dwb_win=+0.000015
365.000	9740.83709	1.28149943	0	0.366884606	9742.08608696	0.000e+00	57687	11.186	13.682	13.292	0.980	0.0000	0.8430	0.12883	0.8499	0.9919	1.64084	1.64998	0.0000	0.0000	0.0000	-0.00094008	0.00089524	0.0007477	0	0	0
# CONV t=365.00 cond=0 evap=0 rough=0 back_s=0
# LEDGER t=365.000 mode=3 sum_err=0 max|E-iEu|=1.110e-16 run_max_diff=0.000e+00 run_max_sum_err=0 steps=18250 E0_int=9742086086956522 sum=9742086086956522
# NETG t=365.00 gates min=0.9998 mean=0.9998 edges=1
# PIN t=365.00 R=-0.39938409 nv=2
# SLIP t=365.00 e=0 psi=+0.0088 unw=+0.009 nu_win=-0.004459 dwb_win=-0.000123
370.000	9740.83709	1.28004194	0	0.648722755	9742.08608696	-1.867e-16	57687	11.177	13.656	13.250	0.983	0.0000	0.8430	0.12943	0.8499	0.9919	1.63940	1.64998	0.0000	0.0000	0.0000	0.001005	-0.0021428	4.3022e-05	0	0	0
# CONV t=370.00 cond=0 evap=0 rough=0 back_s=0
# LEDGER t=370.000 mode=3 sum_err=0 max|E-iEu|=1.110e-16 run_max_diff=0.000e+00 run_max_sum_err=0 steps=18500 E0_int=9742086086956522 sum=9742086086956522
# NETG t=370.00 gates min=0.9502 mean=0.9501 edges=1
# PIN t=370.00 R=-0.67976475 nv=2
# SLIP t=370.00 e=0 psi=+0.1600 unw=+0.160 nu_win=+0.004813 dwb_win=-0.000047
375.000	9740.83709	1.2807204	0	0.400678144	9742.08608696	-1.867e-16	57687	11.192	13.655	13.278	0.981	0.0000	0.8430	0.1304	0.8499	0.9919	1.64072	1.64998	0.0000	0.0000	0.0000	-0.0013156	0.00045933	-0.0017835	0	0	0
# CONV t=375.00 cond=0 evap=0 rough=0 back_s=0
# LEDGER t=375.000 mode=3 sum_err=0 max|E-iEu|=1.110e-16 run_max_diff=0.000e+00 run_max_sum_err=0 steps=18750 E0_int=9742086086956522 sum=9742086086956522
# NETG t=375.00 gates min=0.9991 mean=0.9990 edges=1
# PIN t=375.00 R=-0.432398597 nv=2
# SLIP t=375.00 e=0 psi=+0.0218 unw=+0.022 nu_win=-0.004398 dwb_win=-0.000064
380.000	9740.83709	1.28034518	0	0.681672145	9742.08608696	0.000e+00	57687	11.180	13.646	13.264	0.981	0.0000	0.8430	0.13106	0.8499	0.9919	1.63928	1.64998	0.0000	0.0000	0.0000	0.00081727	-0.0034265	-0.002398	0	0	0
# CONV t=380.00 cond=0 evap=0 rough=0 back_s=0
# LEDGER t=380.000 mode=3 sum_err=0 max|E-iEu|=1.110e-16 run_max_diff=0.000e+00 run_max_sum_err=0 steps=19000 E0_int=9742086086956522 sum=9742086086956522
# NETG t=380.00 gates min=0.9433 mean=0.9432 edges=1
# PIN t=380.00 R=-0.713017375 nv=2
# SLIP t=380.00 e=0 psi=+0.1707 unw=+0.171 nu_win=+0.004739 dwb_win=-0.000077
385.000	9740.83709	1.28328327	0	0.431501284	9742.08608696	-1.867e-16	57687	11.187	13.661	13.274	0.979	0.0000	0.8430	0.13181	0.8499	0.9919	1.64061	1.64998	0.0000	0.0000	0.0000	-0.0010873	-0.00015039	6.6342e-05	0	0	0
# CONV t=385.00 cond=0 evap=0 rough=0 back_s=0
# LEDGER t=385.000 mode=3 sum_err=0 max|E-iEu|=1.110e-16 run_max_diff=0.000e+00 run_max_sum_err=0 steps=19250 E0_int=9742086086956522 sum=9742086086956522
# NETG t=385.00 gates min=0.9976 mean=0.9976 edges=1
# PIN t=385.00 R=-0.465784611 nv=2
# SLIP t=385.00 e=0 psi=+0.0347 unw=+0.035 nu_win=-0.004329 dwb_win=-0.000048
390.000	9740.83709	1.28201677	0	0.71318514	9742.08608696	0.000e+00	57688	11.190	13.664	13.271	0.980	0.0000	0.8430	0.13258	0.8499	0.9919	1.63918	1.64998	0.0000	0.0000	0.0000	-0.0014764	-0.0018203	-0.00089651	0	0	0
# CONV t=390.00 cond=0 evap=0 rough=0 back_s=0
# LEDGER t=390.000 mode=3 sum_err=0 max|E-iEu|=1.110e-16 run_max_diff=0.000e+00 run_max_sum_err=0 steps=19500 E0_int=9742086086956522 sum=9742086086956522
# NETG t=390.00 gates min=0.9355 mean=0.9355 edges=1
# PIN t=390.00 R=-0.746201969 nv=2
# SLIP t=390.00 e=0 psi=+0.1824 unw=+0.182 nu_win=+0.004702 dwb_win=-0.000113
395.000	9740.83709	1.27978683	0	0.468552136	9742.08608696	0.000e+00	57688	11.176	13.653	13.259	0.981	0.0000	0.8430	0.13332	0.8499	0.9919	1.64048	1.64998	0.0000	0.0000	0.0000	-0.0016715	-0.00077539	0.00028704	0	0	0
# CONV t=395.00 cond=0 evap=0 rough=0 back_s=0
# LEDGER t=395.000 mode=3 sum_err=0 max|E-iEu|=1.110e-16 run_max_diff=0.000e+00 run_max_sum_err=0 steps=19750 E0_int=9742086086956522 sum=9742086086956522
# NETG t=395.00 gates min=0.9955 mean=0.9955 edges=1
# PIN t=395.00 R=-0.499339017 nv=2
# SLIP t=395.00 e=0 psi=+0.0476 unw=+0.048 nu_win=-0.004290 dwb_win=+0.000001
400.000	9740.83709	1.28513685	0	0.74196052	9742.08608696	0.000e+00	57688	11.187	13.652	13.263	0.978	0.0000	0.8430	0.134	0.8499	0.9919	1.63905	1.64998	0.0000	0.0000	0.0000	-0.0012269	-0.00023915	1.0353e-05	0	0	0
# CONV t=400.00 cond=0 evap=0 rough=0 back_s=0
# LEDGER t=400.000 mode=3 sum_err=0 max|E-iEu|=1.110e-16 run_max_diff=0.000e+00 run_max_sum_err=0 steps=20000 E0_int=9742086086956522 sum=9742086086956522
# NETG t=400.00 gates min=0.9283 mean=0.9280 edges=1
# PIN t=400.00 R=-0.778097422 nv=2
# SLIP t=400.00 e=0 psi=+0.1927 unw=+0.193 nu_win=+0.004617 dwb_win=-0.000146
405.000	9740.83709	1.28480724	0	0.497256547	9742.08608696	0.000e+00	57688	11.193	13.652	13.256	0.979	0.0000	0.8430	0.13473	0.8499	0.9919	1.64032	1.64998	0.0000	0.0000	0.0000	0.00047819	0.0013507	-0.0014069	0	0	0
# CONV t=405.00 cond=0 evap=0 rough=0 back_s=0
# LEDGER t=405.000 mode=3 sum_err=0 max|E-iEu|=1.110e-16 run_max_diff=0.000e+00 run_max_sum_err=0 steps=20250 E0_int=9742086086956522 sum=9742086086956522
# NETG t=405.00 gates min=0.9928 mean=0.9928 edges=1
# PIN t=405.00 R=-0.53306384 nv=2
# SLIP t=405.00 e=0 psi=+0.0603 unw=+0.060 nu_win=-0.004213 dwb_win=+0.000021
410.000	9740.83709	1.28746077	0	0.771422833	9742.08608696	0.000e+00	57688	11.183	13.667	13.266	0.978	0.0000	0.8430	0.13535	0.8499	0.9919	1.63894	1.64998	0.0000	0.0000	0.0000	0.00058184	8.8346e-05	-0.0010145	0	0	0
# CONV t=410.00 cond=0 evap=0 rough=0 back_s=0
# LEDGER t=410.000 mode=3 sum_err=0 max|E-iEu|=1.110e-16 run_max_diff=0.000e+00 run_max_sum_err=0 steps=20500 E0_int=9742086086956522 sum=9742086086956522
# NETG t=410.00 gates min=0.9199 mean=0.9199 edges=1
# PIN t=410.00 R=-0.809883656 nv=2
# SLIP t=410.00 e=0 psi=+0.2042 unw=+0.204 nu_win=+0.004578 dwb_win=-0.000140
415.000	9740.83709	1.28873863	0	0.527148573	9742.08608696	0.000e+00	57688	11.192	13.661	13.262	0.978	0.0000	0.8430	0.13599	0.8499	0.9919	1.64021	1.64998	0.0000	0.0000	0.0000	-0.00051227	0.00072875	-0.0011166	0	0	0
# CONV t=415.00 cond=0 evap=0 rough=0 back_s=0
# LEDGER t=415.000 mode=3 sum_err=0 max|E-iEu|=1.110e-16 run_max_diff=0.000e+00 run_max_sum_err=0 steps=20750 E0_int=9742086086956522 sum=9742086086956522
# NETG t=415.00 gates min=0.9894 mean=0.9894 edges=1
# PIN t=415.00 R=-0.566887254 nv=2
# SLIP t=415.00 e=0 psi=+0.0731 unw=+0.073 nu_win=-0.004171 dwb_win=+0.000010
420.000	9740.83709	1.28646415	0	0.800813699	9742.08608696	0.000e+00	57688	11.198	13.638	13.265	0.977	0.0000	0.8430	0.13659	0.8499	0.9919	1.63889	1.64998	0.0000	0.0000	0.0000	-0.00085446	0.00072792	0.001276	0	0	0
# CONV t=420.00 cond=0 evap=0 rough=0 back_s=0
# LEDGER t=420.000 mode=3 sum_err=0 max|E-iEu|=1.110e-16 run_max_diff=0.000e+00 run_max_sum_err=0 steps=21000 E0_int=9742086086956522 sum=9742086086956522
# NETG t=420.00 gates min=0.9128 mean=0.9127 edges=1
# PIN t=420.00 R=-0.838277904 nv=2
# SLIP t=420.00 e=0 psi=+0.2133 unw=+0.213 nu_win=+0.004463 dwb_win=-0.000133
425.000	9740.83709	1.28788152	0	0.559727804	9742.08608696	-1.867e-16	57688	11.191	13.653	13.260	0.977	0.0000	0.8430	0.13712	0.8499	0.9919	1.64014	1.64998	0.0000	0.0000	0.0000	-0.0007143	0.001978	-0.0028624	0	0	0
# CONV t=425.00 cond=0 evap=0 rough=0 back_s=0
# LEDGER t=425.000 mode=3 sum_err=0 max|E-iEu|=1.110e-16 run_max_diff=0.000e+00 run_max_sum_err=0 steps=21250 E0_int=9742086086956522 sum=9742086086956522
# NETG t=425.00 gates min=0.9858 mean=0.9858 edges=1
# PIN t=425.00 R=-0.598609382 nv=2
# SLIP t=425.00 e=0 psi=+0.0847 unw=+0.085 nu_win=-0.004095 dwb_win=-0.000011
430.000	9740.83709	1.28884566	0	0.828142038	9742.08608696	0.000e+00	57688	11.180	13.670	13.277	0.975	0.0000	0.8430	0.13767	0.8499	0.9919	1.63884	1.64998	0.0000	0.0000	0.0000	-7.279e-06	-0.0012628	-0.00060569	0	0	0
# CONV t=430.00 cond=0 evap=0 rough=0 back_s=0
# LEDGER t=430.000 mode=3 sum_err=0 max|E-iEu|=1.110e-16 run_max_diff=0.000e+00 run_max_sum_err=0 steps=21500 E0_int=9742086086956522 sum=9742086086956522
# NETG t=430.00 gates min=0.9051 mean=0.9050 edges=1
# PIN t=430.00 R=-0.867987754 nv=2
# SLIP t=430.00 e=0 psi=+0.2231 unw=+0.223 nu_win=+0.004404 dwb_win=-0.000131
435.000	9740.83709	1.2865968	0	0.594411681	9742.08608696	0.000e+00	57688	11.189	13.653	13.257	0.975	0.0000	0.8430	0.13809	0.8499	0.9919	1.64004	1.64998	0.0000	0.0000	0.0000	0.0005376	-0.00037858	0.0014507	0	0	0
# CONV t=435.00 cond=0 evap=0 rough=0 back_s=0
# LEDGER t=435.000 mode=3 sum_err=0 max|E-iEu|=1.110e-16 run_max_diff=0.000e+00 run_max_sum_err=0 steps=21750 E0_int=9742086086956522 sum=9742086086956522
# NETG t=435.00 gates min=0.9813 mean=0.9813 edges=1
# PIN t=435.00 R=-0.632008535 nv=2
# SLIP t=435.00 e=0 psi=+0.0972 unw=+0.097 nu_win=-0.004005 dwb_win=-0.000014
440.000	9740.83709	1.28361624	0	0.862859347	9742.08608696	-1.867e-16	57688	11.194	13.655	13.261	0.979	0.0000	0.8430	0.13863	0.8499	0.9919	1.63876	1.64997	0.0000	0.0000	0.0000	-0.0013533	0.0021613	-1.0717e-05	0	0	0
# CONV t=440.00 cond=0 evap=0 rough=0 back_s=0
# LEDGER t=440.000 mode=3 sum_err=0 max|E-iEu|=1.110e-16 run_max_diff=0.000e+00 run_max_sum_err=0 steps=22000 E0_int=9742086086956522 sum=9742086086956522
# NETG t=440.00 gates min=0.8969 mean=0.8968 edges=1
# PIN t=440.00 R=-0.897475639 nv=2
# SLIP t=440.00 e=0 psi=+0.2330 unw=+0.233 nu_win=+0.004320 dwb_win=-0.000133
445.000	9740.83709	1.28912172	0	0.622980874	9742.08608696	0.000e+00	57688	11.181	13.665	13.265	0.974	0.0000	0.8430	0.139	0.8499	0.9919	1.63994	1.64997	0.0000	0.0000	0.0000	-0.00078804	0.00021008	0.00083512	0	0	0
# CONV t=445.00 cond=0 evap=0 rough=0 back_s=0
# LEDGER t=445.000 mode=3 sum_err=0 max|E-iEu|=1.110e-16 run_max_diff=0.000e+00 run_max_sum_err=0 steps=22250 E0_int=9742086086956522 sum=9742086086956522
# NETG t=445.00 gates min=0.9767 mean=0.9767 edges=1
# PIN t=445.00 R=-0.663102652 nv=2
# SLIP t=445.00 e=0 psi=+0.1085 unw=+0.109 nu_win=-0.003960 dwb_win=-0.000008
450.000	9740.83709	1.28767722	0	0.890426105	9742.08608696	0.000e+00	57688	11.190	13.657	13.270	0.976	0.0000	0.8430	0.13955	0.8499	0.9919	1.63866	1.64997	0.0000	0.0000	0.0000	-9.4341e-06	0.0016002	-0.00097171	0	0	0
# CONV t=450.00 cond=0 evap=0 rough=0 back_s=0
# LEDGER t=450.000 mode=3 sum_err=0 max|E-iEu|=1.110e-16 run_max_diff=0.000e+00 run_max_sum_err=0 steps=22500 E0_int=9742086086956522 sum=9742086086956522
# NETG t=450.00 gates min=0.8881 mean=0.8878 edges=1
# PIN t=450.00 R=-0.92910338 nv=2
# SLIP t=450.00 e=0 psi=+0.2433 unw=+0.243 nu_win=+0.004288 dwb_win=-0.000120
455.000	9740.83709	1.29171497	0	0.653422314	9742.08608696	1.867e-16	57688	11.192	13.644	13.254	0.973	0.0000	0.8430	0.13995	0.8499	0.9919	1.63982	1.64997	0.0000	0.0000	0.0000	-0.0012659	0.00055412	-7.5419e-05	0	0	0
# CONV t=455.00 cond=0 evap=0 rough=0 back_s=0
# LEDGER t=455.000 mode=3 sum_err=0 max|E-iEu|=1.110e-16 run_max_diff=0.000e+00 run_max_sum_err=0 steps=22750 E0_int=9742086086956522 sum=9742086086956522
# NETG t=455.00 gates min=0.9712 mean=0.9712 edges=1
# PIN t=455.00 R=-0.696137338 nv=2
# SLIP t=455.00 e=0 psi=+0.1209 unw=+0.121 nu_win=-0.003895 dwb_win=-0.000012
460.000	9740.83709	1.28499347	0	0.925099348	9742.08608696	0.000e+00	57688	11.189	13.658	13.256	0.977	0.0000	0.8430	0.1405	0.8499	0.9919	1.63856	1.64997	0.0000	0.0000	0.0000	0.0007566	0.0011133	-0.00045997	0	0	0
# CONV t=460.00 cond=0 evap=0 rough=0 back_s=0
# LEDGER t=460.000 mode=3 sum_err=0 max|E-iEu|=1.110e-16 run_max_diff=0.000e+00 run_max_sum_err=0 steps=23000 E0_int=9742086086956522 sum=9742086086956522
# NETG t=460.00 gates min=0.8783 mean=0.8780 edges=1
# PIN t=460.00 R=-0.961092869 nv=2
# SLIP t=460.00 e=0 psi=+0.2544 unw=+0.254 nu_win=+0.004250 dwb_win=-0.000103
465.000	9740.83709	1.29435141	0	0.683439852	9742.08608696	-1.867e-16	57688	11.189	13.694	13.274	0.971	0.0000	0.8430	0.14087	0.8499	0.9919	1.63970	1.64997	0.0000	0.0000	0.0000	-0.0015469	0.0020291	-8.3017e-05	0	0	0
# CONV t=465.00 cond=0 evap=0 rough=0 back_s=0
# LEDGER t=465.000 mode=3 sum_err=0 max|E-iEu|=1.110e-16 run_max_diff=0.000e+00 run_max_sum_err=0 steps=23250 E0_int=9742086086956522 sum=9742086086956522
# NETG t=465.00 gates min=0.9651 mean=0.9651 edges=1
# PIN t=465.00 R=-0.728791317 nv=2
# SLIP t=465.00 e=0 psi=+0.1333 unw=+0.133 nu_win=-0.003856 dwb_win=-0.000020
470.000	9740.83709	1.28933183	0	0.95147408	9742.08608696	-1.867e-16	57688	11.198	13.643	13.262	0.975	0.0000	0.8430	0.14141	0.8499	0.9919	1.63847	1.64997	0.0000	0.0000	0.0000	-0.00066072	0.0012465	-0.00090371	0	0	0
# CONV t=470.00 cond=0 evap=0 rough=0 back_s=0
# LEDGER t=470.000 mode=3 sum_err=0 max|E-iEu|=1.110e-16 run_max_diff=0.000e+00 run_max_sum_err=0 steps=23500 E0_int=9742086086956522 sum=9742086086956522
# NETG t=470.00 gates min=0.8690 mean=0.8688 edges=1
# PIN t=470.00 R=-0.991805967 nv=2
# SLIP t=470.00 e=0 psi=+0.2645 unw=+0.265 nu_win=+0.004178 dwb_win=-0.000089
475.000	9740.83709	1.29369037	0	0.715602865	9742.08608696	-1.867e-16	57688	11.191	13.662	13.255	0.971	0.0000	0.8430	0.14173	0.8499	0.9919	1.63960	1.64997	0.0000	0.0000	0.0000	-0.0010274	0.0010335	-0.00050645	0	0	0
# CONV t=475.00 cond=0 evap=0 rough=0 back_s=0
# LEDGER t=475.000 mode=3 sum_err=0 max|E-iEu|=1.110e-16 run_max_diff=0.000e+00 run_max_sum_err=0 steps=23750 E0_int=9742086086956522 sum=9742086086956522
# NETG t=475.00 gates min=0.9590 mean=0.9590 edges=1
# PIN t=475.00 R=-0.760293293 nv=2
# SLIP t=475.00 e=0 psi=+0.1445 unw=+0.145 nu_win=-0.003820 dwb_win=-0.000030
480.000	9740.83709	1.29241446	0	0.469180395	9742.08608696	0.000e+00	57688	11.195	13.655	13.251	0.973	0.0000	0.8430	0.14223	0.8499	0.9919	1.64090	1.64997	0.0000	0.0000	0.0000	0.00053473	0.00019991	-0.0031478	0	0	0
# CONV t=480.00 cond=0 evap=0 rough=0 back_s=0
# LEDGER t=480.000 mode=3 sum_err=0 max|E-iEu|=1.110e-16 run_max_diff=0.000e+00 run_max_sum_err=0 steps=24000 E0_int=9742086086956522 sum=9742086086956522
# NETG t=480.00 gates min=1.0000 mean=1.0000 edges=1
# PIN t=480.00 R=-0.512594909 nv=2
# SLIP t=480.00 e=0 psi=+0.0046 unw=+0.005 nu_win=-0.004455 dwb_win=-0.000066
485.000	9740.83709	1.29525315	0	0.745288415	9742.08608696	0.000e+00	57688	11.172	13.662	13.275	0.970	0.0000	0.8430	0.14264	0.8499	0.9919	1.63949	1.64997	0.0000	0.0000	0.0000	-0.0020147	7.7446e-05	-0.0001496	0	0	0
# CONV t=485.00 cond=0 evap=0 rough=0 back_s=0
# LEDGER t=485.000 mode=3 sum_err=0 max|E-iEu|=1.110e-16 run_max_diff=0.000e+00 run_max_sum_err=0 steps=24250 E0_int=9742086086956522 sum=9742086086956522
# NETG t=485.00 gates min=0.9526 mean=0.9525 edges=1
# PIN t=485.00 R=-0.791541619 nv=2
# SLIP t=485.00 e=0 psi=+0.1558 unw=+0.156 nu_win=+0.004814 dwb_win=-0.000053
490.000	9740.83709	1.29450675	0	0.500027842	9742.08608696	1.867e-16	57688	11.176	13.682	13.249	0.971	0.0000	0.8430	0.14312	0.8499	0.9919	1.64079	1.64997	0.0000	0.0000	0.0000	-0.00077648	0.00062231	-0.0006491	0	0	0
# CONV t=490.00 cond=0 evap=0 rough=0 back_s=0
# LEDGER t=490.000 mode=3 sum_err=0 max|E-iEu|=1.110e-16 run_max_diff=0.000e+00 run_max_sum_err=0 steps=24500 E0_int=9742086086956522 sum=9742086086956522
# NETG t=490.00 gates min=0.9994 mean=0.9994 edges=1
# PIN t=490.00 R=-0.545534643 nv=2
# SLIP t=490.00 e=0 psi=+0.0177 unw=+0.018 nu_win=-0.004396 dwb_win=-0.000046
495.000	9740.83709	1.29257107	0	0.778076081	9742.08608696	0.000e+00	57688	11.191	13.680	13.249	0.972	0.0000	0.8430	0.1434	0.8499	0.9919	1.63940	1.64997	0.0000	0.0000	0.0000	0.00077396	-0.00054192	-0.0015499	0	0	0
# CONV t=495.00 cond=0 evap=0 rough=0 back_s=0
# LEDGER t=495.000 mode=3 sum_err=0 max|E-iEu|=1.110e-16 run_max_diff=0.000e+00 run_max_sum_err=0 steps=24750 E0_int=9742086086956522 sum=9742086086956522
# NETG t=495.00 gates min=0.9459 mean=0.9459 edges=1
# PIN t=495.00 R=-0.821647204 nv=2
# SLIP t=495.00 e=0 psi=+0.1667 unw=+0.167 nu_win=+0.004742 dwb_win=-0.000062
500.000	9740.83709	1.29855162	0	0.528387344	9742.08608696	0.000e+00	57688	11.188	13.693	13.259	0.968	0.0000	0.8430	0.14379	0.8499	0.9919	1.64067	1.64997	0.0000	0.0000	0.0000	-0.0016844	0.00021619	-0.0019792	0	0	0
# CONV t=500.00 cond=0 evap=0 rough=0 back_s=0
# LEDGER t=500.000 mode=3 sum_err=0 max|E-iEu|=1.110e-16 run_max_diff=0.000e+00 run_max_sum_err=0 steps=25000 E0_int=9742086086956522 sum=9742086086956522
# NETG t=500.00 gates min=0.9982 mean=0.9981 edges=1
# PIN t=500.00 R=-0.577939019 nv=2
# SLIP t=500.00 e=0 psi=+0.0305 unw=+0.030 nu_win=-0.004336 dwb_win=-0.000067
505.000	9740.83709	1.28824171	0	0.813376338	9742.08608696	0.000e+00	57688	11.177	13.676	13.246	0.975	0.0000	0.8430	0.14407	0.8499	0.9919	1.63931	1.64997	0.0000	0.0000	0.0000	-0.0010411	0.00057209	-0.00069941	0	0	0
# CONV t=505.00 cond=0 evap=0 rough=0 back_s=0
# LEDGER t=505.000 mode=3 sum_err=0 max|E-iEu|=1.110e-16 run_max_diff=0.000e+00 run_max_sum_err=0 steps=25250 E0_int=9742086086956522 sum=9742086086956522
# NETG t=505.00 gates min=0.9386 mean=0.9386 edges=1
# PIN t=505.00 R=-0.852618103 nv=2
# SLIP t=505.00 e=0 psi=+0.1778 unw=+0.178 nu_win=+0.004691 dwb_win=-0.000057
510.000	9740.83709	1.28913298	0	0.570452217	9742.08608696	0.000e+00	57688	11.178	13.669	13.240	0.972	0.0000	0.8430	0.1445	0.8499	0.9919	1.64055	1.64997	0.0000	0.0000	0.0000	-0.0013715	-0.0003086	0.00044416	0	0	0
# CONV t=510.00 cond=0 evap=0 rough=0 back_s=0
# LEDGER t=510.000 mode=3 sum_err=0 max|E-iEu|=1.110e-16 run_max_diff=0.000e+00 run_max_sum_err=0 steps=25500 E0_int=9742086086956522 sum=9742086086956522
# NETG t=510.00 gates min=0.9963 mean=0.9963 edges=1
# PIN t=510.00 R=-0.610585257 nv=2
# SLIP t=510.00 e=0 psi=+0.0433 unw=+0.043 nu_win=-0.004281 dwb_win=-0.000081
515.000	9740.83709	1.29128747	0	0.841939146	9742.08608696	0.000e+00	57688	11.172	13.697	13.231	0.972	0.0000	0.8430	0.14478	0.8499	0.9919	1.63921	1.64997	0.0000	0.0000	0.0000	-0.00018284	0.00045799	-0.0012947	0	0	0
# CONV t=515.00 cond=0 evap=0 rough=0 back_s=0
# LEDGER t=515.000 mode=3 sum_err=0 max|E-iEu|=1.110e-16 run_max_diff=0.000e+00 run_max_sum_err=0 steps=25750 E0_int=9742086086956522 sum=9742086086956522
# NETG t=515.00 gates min=0.9308 mean=0.9307 edges=1
# PIN t=515.00 R=-0.884226669 nv=2
# SLIP t=515.00 e=0 psi=+0.1893 unw=+0.189 nu_win=+0.004645 dwb_win=-0.000048
520.000	9740.83709	1.30101407	0	0.59091967	9742.08608696	-1.867e-16	57687	11.181	13.701	13.245	0.967	0.0000	0.8430	0.14522	0.8499	0.9919	1.64043	1.64997	0.0000	0.0000	0.0000	-0.00082985	0.00042204	7.7085e-05	0	0	0
# CONV t=520.00 cond=0 evap=0 rough=0 back_s=0
# LEDGER t=520.000 mode=3 sum_err=0 max|E-iEu|=1.110e-16 run_max_diff=0.000e+00 run_max_sum_err=0 steps=26000 E0_int=9742086086956522 sum=9742086086956522
# NETG t=520.00 gates min=0.9938 mean=0.9937 edges=1
# PIN t=520.00 R=-0.642933791 nv=2
# SLIP t=520.00 e=0 psi=+0.0559 unw=+0.056 nu_win=-0.004244 dwb_win=-0.000089
525.000	9740.83709	1.29389175	0	0.870258939	9742.08608696	1.867e-16	57687	11.163	13.691	13.228	0.972	0.0000	0.8430	0.14573	0.8499	0.9919	1.63910	1.64997	0.0000	0.0000	0.0000	-0.0012649	6.4594e-05	-0.0011289	0	0	0
# CONV t=525.00 cond=0 evap=0 rough=0 back_s=0
# LEDGER t=525.000 mode=3 sum_err=0 max|E-iEu|=1.110e-16 run_max_diff=0.000e+00 run_max_sum_err=0 steps=26250 E0_int=9742086086956522 sum=9742086086956522
# NETG t=525.00 gates min=0.9228 mean=0.9228 edges=1
# PIN t=525.00 R=-0.915150748 nv=2
# SLIP t=525.00 e=0 psi=+0.2003 unw=+0.200 nu_win=+0.004594 dwb_win=-0.000045
530.000	9740.83709	1.29539331	0	0.628657574	9742.08608696	0.000e+00	57687	11.175	13.720	13.248	0.969	0.0000	0.8430	0.14609	0.8499	0.9919	1.64032	1.64997	0.0000	0.0000	0.0000	-0.0019604	0.00060358	0.00034586	0	0	0
# CONV t=530.00 cond=0 evap=0 rough=0 back_s=0
# LEDGER t=530.000 mode=3 sum_err=0 max|E-iEu|=1.110e-16 run_max_diff=0.000e+00 run_max_sum_err=0 steps=26500 E0_int=9742086086956522 sum=9742086086956522
# NETG t=530.00 gates min=0.9906 mean=0.9906 edges=1
# PIN t=530.00 R=-0.675050944 nv=2
# SLIP t=530.00 e=0 psi=+0.0686 unw=+0.069 nu_win=-0.004191 dwb_win=-0.000085
535.000	9740.83709	1.29993447	0	0.895786406	9742.08608696	0.000e+00	57687	11.153	13.716	13.237	0.967	0.0000	0.8430	0.14652	0.8499	0.9919	1.63900	1.64997	0.0000	0.0000	0.0000	-0.0002253	0.00098313	-0.0022101	0	0	0
# CONV t=535.00 cond=0 evap=0 rough=0 back_s=0
# LEDGER t=535.000 mode=3 sum_err=0 max|E-iEu|=1.110e-16 run_max_diff=0.000e+00 run_max_sum_err=0 steps=26750 E0_int=9742086086956522 sum=9742086086956522
# NETG t=535.00 gates min=0.9147 mean=0.9146 edges=1
# PIN t=535.00 R=-0.946720937 nv=2
# SLIP t=535.00 e=0 psi=+0.2111 unw=+0.211 nu_win=+0.004535 dwb_win=-0.000034
540.000	9740.83709	1.29610522	0	0.66029229	9742.08608696	0.000e+00	57687	11.173	13.704	13.249	0.970	0.0000	0.8430	0.14679	0.8499	0.9919	1.64020	1.64997	0.0000	0.0000	0.0000	0.0011257	-0.0011821	-0.0001503	0	0	0
# CONV t=540.00 cond=0 evap=0 rough=0 back_s=0
# LEDGER t=540.000 mode=3 sum_err=0 max|E-iEu|=1.110e-16 run_max_diff=0.000e+00 run_max_sum_err=0 steps=27000 E0_int=9742086086956522 sum=9742086086956522
# NETG t=540.00 gates min=0.9869 mean=0.9869 edges=1
# PIN t=540.00 R=-0.707397568 nv=2
# SLIP t=540.00 e=0 psi=+0.0812 unw=+0.081 nu_win=-0.004133 dwb_win=-0.000096
545.000	9740.83709	1.29623264	0	0.930670424	9742.08608696	1.867e-16	57687	11.177	13.691	13.219	0.970	0.0000	0.8430	0.14707	0.8499	0.9919	1.63889	1.64997	0.0000	0.0000	0.0000	-0.00019295	-0.002105	-0.0016605	0	0	0
# CONV t=545.00 cond=0 evap=0 rough=0 back_s=0
# LEDGER t=545.000 mode=3 sum_err=0 max|E-iEu|=1.110e-16 run_max_diff=0.000e+00 run_max_sum_err=0 steps=27250 E0_int=9742086086956522 sum=9742086086956522
# NETG t=545.00 gates min=0.9063 mean=0.9061 edges=1
# PIN t=545.00 R=-0.977903121 nv=2
# SLIP t=545.00 e=0 psi=+0.2220 unw=+0.222 nu_win=+0.004481 dwb_win=-0.000033
550.000	9740.83709	1.29588346	0	0.691832104	9742.08608696	-1.867e-16	57687	11.191	13.669	13.215	0.969	0.0000	0.8430	0.14734	0.8499	0.9919	1.64008	1.64996	0.0000	0.0000	0.0000	-0.00071499	0.00031541	-0.00088618	0	0	0
# CONV t=550.00 cond=0 evap=0 rough=0 back_s=0
# LEDGER t=550.000 mode=3 sum_err=0 max|E-iEu|=1.110e-16 run_max_diff=0.000e+00 run_max_sum_err=0 steps=27500 E0_int=9742086086956522 sum=9742086086956522
# NETG t=550.00 gates min=0.9827 mean=0.9827 edges=1
# PIN t=550.00 R=-0.738715619 nv=2
# SLIP t=550.00 e=0 psi=+0.0934 unw=+0.093 nu_win=-0.004094 dwb_win=-0.000080
555.000	9740.83709	1.29810072	0	0.959497761	9742.08608696	0.000e+00	57687	11.173	13.704	13.217	0.970	0.0000	0.8430	0.14749	0.8499	0.9919	1.63875	1.64996	0.0000	0.0000	0.0000	-0.00093377	0.0016368	-0.00062817	0	0	0
# CONV t=555.00 cond=0 evap=0 rough=0 back_s=0
# LEDGER t=555.000 mode=3 sum_err=0 max|E-iEu|=1.110e-16 run_max_diff=0.000e+00 run_max_sum_err=0 steps=27750 E0_int=9742086086956522 sum=9742086086956522
# NETG t=555.00 gates min=0.8978 mean=0.8978 edges=1
# PIN t=555.00 R=-1.00859853 nv=2
# SLIP t=555.00 e=0 psi=+0.2319 unw=+0.232 nu_win=+0.004409 dwb_win=-0.000045
560.000	9740.83709	1.29658887	0	0.722812932	9742.08608696	-1.867e-16	57687	11.159	13.687	13.254	0.967	0.0000	0.8430	0.14759	0.8499	0.9919	1.63993	1.64996	0.0000	0.0000	0.0000	0.00046138	0.00032885	-0.00013969	0	0	0
# CONV t=560.00 cond=0 evap=0 rough=0 back_s=0
# LEDGER t=560.000 mode=3 sum_err=0 max|E-iEu|=1.110e-16 run_max_diff=0.000e+00 run_max_sum_err=0 steps=28000 E0_int=9742086086956522 sum=9742086086956522
# NETG t=560.00 gates min=0.9780 mean=0.9780 edges=1
# PIN t=560.00 R=-0.770401858 nv=2
# SLIP t=560.00 e=0 psi=+0.1055 unw=+0.106 nu_win=-0.004024 dwb_win=-0.000080
565.000	9740.83709	1.29798551	0	0.989706712	9742.08608696	0.000e+00	57687	11.177	13.692	13.264	0.968	0.0000	0.8430	0.14783	0.8499	0.9919	1.63863	1.64996	0.0000	0.0000	0.0000	0.00094793	-0.00025821	-0.00075241	0	0	0
# CONV t=565.00 cond=0 evap=0 rough=0 back_s=0
# LEDGER t=565.000 mode=3 sum_err=0 max|E-iEu|=1.110e-16 run_max_diff=0.000e+00 run_max_sum_err=0 steps=28250 E0_int=9742086086956522 sum=9742086086956522
# NETG t=565.00 gates min=0.8892 mean=0.8891 edges=1
# PIN t=565.00 R=-1.03869228 nv=2
# SLIP t=565.00 e=0 psi=+0.2421 unw=+0.242 nu_win=+0.004349 dwb_win=-0.000050
570.000	9740.83709	1.30190015	0	0.748524228	9742.08608696	1.867e-16	57687	11.166	13.711	13.244	0.966	0.0000	0.8430	0.14799	0.8499	0.9919	1.63982	1.64996	0.0000	0.0000	0.0000	-1.6394e-05	0.0012764	0.0018842	0	0	0
# CONV t=570.00 cond=0 evap=0 rough=0 back_s=0
# LEDGER t=570.000 mode=3 sum_err=0 max|E-iEu|=1.110e-16 run_max_diff=0.000e+00 run_max_sum_err=0 steps=28500 E0_int=9742086086956522 sum=9742086086956522
# NETG t=570.00 gates min=0.9728 mean=0.9728 edges=1
# PIN t=570.00 R=-0.801424433 nv=2
# SLIP t=570.00 e=0 psi=+0.1173 unw=+0.117 nu_win=-0.003972 dwb_win=-0.000085
575.000	9740.83709	1.30116961	0	1.01431324	9742.08608696	0.000e+00	57687	11.166	13.710	13.248	0.966	0.0000	0.8430	0.14825	0.8499	0.9919	1.63855	1.64996	0.0000	0.0000	0.0000	-0.0017653	0.001186	-0.0021479	0	0	0
# CONV t=575.00 cond=0 evap=0 rough=0 back_s=0
# LEDGER t=575.000 mode=3 sum_err=0 max|E-iEu|=1.110e-16 run_max_diff=0.000e+00 run_max_sum_err=0 steps=28750 E0_int=9742086086956522 sum=9742086086956522
# NETG t=575.00 gates min=0.8815 mean=0.8814 edges=1
# PIN t=575.00 R=-1.06648291 nv=2
# SLIP t=575.00 e=0 psi=+0.2508 unw=+0.251 nu_win=+0.004249 dwb_win=-0.000064
580.000	9740.83709	1.29297501	0	0.787421089	9742.08608696	0.000e+00	57688	11.170	13.728	13.259	0.970	0.0000	0.8430	0.14855	0.8499	0.9919	1.63974	1.64996	0.0000	0.0000	0.0000	0.00053658	0.001688	-0.001912	0	0	0
# CONV t=580.00 cond=0 evap=0 rough=0 back_s=0
# LEDGER t=580.000 mode=3 sum_err=0 max|E-iEu|=1.110e-16 run_max_diff=0.000e+00 run_max_sum_err=0 steps=29000 E0_int=9742086086956522 sum=9742086086956522
# NETG t=580.00 gates min=0.9674 mean=0.9673 edges=1
# PIN t=580.00 R=-0.831396155 nv=2
# SLIP t=580.00 e=0 psi=+0.1288 unw=+0.129 nu_win=-0.003885 dwb_win=-0.000064
585.000	9740.83709	1.30492845	0	1.03992239	9742.08608696	0.000e+00	57688	11.166	13.710	13.278	0.965	0.0000	0.8430	0.14884	0.8499	0.9919	1.63847	1.64996	0.0000	0.0000	0.0000	0.00052167	-0.00073198	-0.00014131	0	0	0
# CONV t=585.00 cond=0 evap=0 rough=0 back_s=0
# LEDGER t=585.000 mode=3 sum_err=0 max|E-iEu|=1.110e-16 run_max_diff=0.000e+00 run_max_sum_err=0 steps=29250 E0_int=9742086086956522 sum=9742086086956522
# NETG t=585.00 gates min=0.8728 mean=0.8726 edges=1
# PIN t=585.00 R=-1.0958509 nv=2
# SLIP t=585.00 e=0 psi=+0.2605 unw=+0.260 nu_win=+0.004192 dwb_win=-0.000070
590.000	9740.83709	1.29337674	0	0.818119874	9742.08608696	-1.867e-16	57688	11.177	13.698	13.230	0.973	0.0000	0.8430	0.1491	0.8499	0.9919	1.63965	1.64996	0.0000	0.0000	0.0000	-0.00046648	-8.6533e-05	-0.0003345	0	0	0
# CONV t=590.00 cond=0 evap=0 rough=0 back_s=0
# LEDGER t=590.000 mode=3 sum_err=0 max|E-iEu|=1.110e-16 run_max_diff=0.000e+00 run_max_sum_err=0 steps=29500 E0_int=9742086086956522 sum=9742086086956522
# NETG t=590.00 gates min=0.9613 mean=0.9612 edges=1
# PIN t=590.00 R=-0.86249667 nv=2
# SLIP t=590.00 e=0 psi=+0.1405 unw=+0.141 nu_win=-0.003818 dwb_win=-0.000051
595.000	9740.83709	1.29685077	0	0.568331797	9742.08608696	-1.867e-16	57688	11.171	13.708	13.268	0.969	0.0000	0.8430	0.14941	0.8499	0.9919	1.64094	1.64996	0.0000	0.0000	0.0000	0.00083509	0.0010078	0.0013796	0	0	0
# CONV t=595.00 cond=0 evap=0 rough=0 back_s=0
# LEDGER t=595.000 mode=3 sum_err=0 max|E-iEu|=1.110e-16 run_max_diff=0.000e+00 run_max_sum_err=0 steps=29750 E0_int=9742086086956522 sum=9742086086956522
# NETG t=595.00 gates min=1.0000 mean=1.0000 edges=1
# PIN t=595.00 R=-0.61618262 nv=2
# SLIP t=595.00 e=0 psi=-0.0000 unw=-0.000 nu_win=-0.004474 dwb_win=-0.000110
600.000	9740.83709	1.29882502	0	0.844152511	9742.08608696	-1.867e-16	57688	11.163	13.712	13.233	0.968	0.0000	0.8430	0.14957	0.8499	0.9919	1.63955	1.64996	0.0000	0.0000	0.0000	-0.000343	0.0016548	-0.0024087	0	0	0
# CONV t=600.00 cond=0 evap=0 rough=0 back_s=0
# LEDGER t=600.000 mode=3 sum_err=0 max|E-iEu|=1.110e-16 run_max_diff=0.000e+00 run_max_sum_err=0 steps=30000 E0_int=9742086086956522 sum=9742086086956522
# NETG t=600.00 gates min=0.9547 mean=0.9547 edges=1
# PIN t=600.00 R=-0.893977583 nv=2
# SLIP t=600.00 e=0 psi=+0.1522 unw=+0.152 nu_win=+0.004845 dwb_win=-0.000034
# RESULT es_shells 0.75:1.0000 2.25:0.9944 3.75:1.0000 5.25:1.0000 6.75:1.0000 8.25:1.0000 9.75:1.0000 11.25:1.0000
# RESULT LEDGER mode=3 E0_int=9742086086956522 sum_int=9742086086956522 max_sum_err=0 max|E-iEu|=0.000e+00 steps=30000
# RESULT conservation E0=9742.08608696 Efinal=9742.08608696 rel_drift=-1.867e-16
# RESULT roughness_radiated=0 (dissonant dense deliveries converted to field, conserved)
# NETGATE F 0 1 d=1.4080 psi_f=+0.1522 psi_b=+0.1522 gf=0.9547 gb=0.9547
# RESULT pin R=-0.893977583 nv=2 (reservoir inside the conservation sum)
# RESULT slip e=0 nu_slip=+0.000041 dw_bare=-0.000063 dw_over_2pi=-0.000010 slips=+0.01 locked=1 window=[300.0,600.0]
# RESULT curvature_fit defA_per_Em=2.72394 r2=0.8455 (linear defect ~ converted energy)
