# cellfab — v89 cell-fabric kernel (no lattice, no prior code)
# cfg seed=20260727 mode=field init=net
# cfg L=24 dmin=1.25 r0=0.85 rjit=0.06
# cfg C=1 w1=1.65 w2=2.9 q_detune=1.2 gamma_res=0.25 gamma_res_m=0.1 p_gate=8
# cfg lock_floor=0.005
# cfg k_dep=1.2 k_dep_m=2 cap=2.5 e_s0=1 es_floor=0.05
# cfg e_cond=0 f_conv=0.25 f_evap=0.5 s_pull=0.15
# cfg kappa_lock=1 kappa_align=0.5 kappa_freq=0 kappa_reac=0 sigma_tumble=0.01
# cfg space: s_k=0.06 s_disp=0.3 es_gx=0
# cfg dt=0.02 T=600 diag_every=250 snap_every=0
# cfg center=(-1,-1,-1) amp=1 sigma=2.5 k=(0,0,0) prealign=0 noise_amp=0
# cfg music: comb_limit=6 rough_k=0.35 gamma_rough=0.5 mob_sym=1 mob_floor=0.004
# cfg field sector: two-component signed amplitude, unitary hops, field_J=1.8
# cfg ledger: mode=3 u=1.000e-12 (cellfabi INT_LEDGER)
# GEOM relax start: NC=5039 contact_floor=1.5200 sweeps=800 k=0.3
# GEOM relax done: residual_close_pairs=11233 (below floor 1.5200)
# GEOM links: NL=18353 dbar=1.5449 sigma_d=0.0464 (3.01%)
# action atom: A0=1.1500 (dbar=1.5449) mode=2 — eps(w)=A0*w/2pi; atoms at mode boundaries, transport continuous
# edge coloring: 14 colors for 18353 links
# NETGATE 0 1 pq=1:1 d=1.5196 psi_f=+0.0000 psi_b=+0.0000 gf=1.0000 gb=1.0000
# net: seeded nv=2 ne=1 worst_pick=0.000 gates min=1.0000 mean=1.0000 parasites=0 gpar_max=0.0000 file=/home/d/code/scp/v89/mass_balance/nets/mb1s_dP0p00.net
# fabric: cells=5039 channels=18353 mean_degree=7.28 box=24 dmin=1.25
# LEDGER seed mode=3 u=1.000e-12 E0_int=5040459317391304 NC=5039 NL=18353
# LEDGER seed mode=3 u=1.000e-12 E0_int=5040459317391304 NC=5039 NL=18353
# t	E_space	E_dense	E_field	E_transfer	E_total	rel_drift	live_ch	cm_x	cm_y	cm_z	contain	front_r	r_core	defA	r_far	r_ratio	w_core	w_far
0.000	5038.7811	1.678215	0	0	5040.45931739	0.000e+00	17939	12.035	11.967	12.056	1.000	0.0000	0.8420	0	0.8500	0.9906	1.59736	1.65000	0.0000	0.0000	0.0000	0	0	0	0	0	0
# CONV t=0.00 cond=0 evap=0 rough=0 back_s=0
# LEDGER t=0.000 mode=3 sum_err=0 max|E-iEu|=1.739e-13 run_max_diff=0.000e+00 run_max_sum_err=0 steps=0 E0_int=5040459317391304 sum=5040459317391304
# NETG t=0.00 gates min=1.0000 mean=1.0000 edges=1
# PIN t=0.00 R=0 nv=2
5.000	5038.7811	1.67866092	0	0.0609442234	5040.45931739	-1.804e-16	17939	12.035	11.967	12.056	1.000	0.0000	0.8418	0.036923	0.8500	0.9903	1.59606	1.65000	0.0000	0.0000	0.0000	1.4573e-05	4.2789e-06	-1.4748e-05	0	0	0
# CONV t=5.00 cond=0 evap=0 rough=0 back_s=0
# LEDGER t=5.000 mode=3 sum_err=0 max|E-iEu|=1.110e-16 run_max_diff=0.000e+00 run_max_sum_err=0 steps=250 E0_int=5040459317391304 sum=5040459317391304
# NETG t=5.00 gates min=0.9981 mean=0.9981 edges=1
# PIN t=5.00 R=-0.0613901457 nv=2
# SLIP t=5.00 e=0 psi=+0.0309 unw=+0.031 nu_win=+0.000986 dwb_win=-0.000003
10.000	5038.7811	1.6787619	0	0.0814171695	5040.45931739	0.000e+00	17939	12.035	11.967	12.056	1.000	0.0000	0.8414	0.066598	0.8500	0.9899	1.59560	1.65000	0.0000	0.0000	0.0000	3.5522e-05	-0.00013209	-1.7638e-05	0	0	0
# CONV t=10.00 cond=0 evap=0 rough=0 back_s=0
# LEDGER t=10.000 mode=3 sum_err=0 max|E-iEu|=1.110e-16 run_max_diff=0.000e+00 run_max_sum_err=0 steps=500 E0_int=5040459317391304 sum=5040459317391304
# NETG t=10.00 gates min=0.9965 mean=0.9965 edges=1
# PIN t=10.00 R=-0.0819640717 nv=2
# SLIP t=10.00 e=0 psi=+0.0420 unw=+0.042 nu_win=+0.000353 dwb_win=-0.000002
15.000	5038.7811	1.67881288	0	0.0783449074	5040.45931739	-1.804e-16	17939	12.035	11.967	12.056	1.000	0.0000	0.8410	0.089232	0.8500	0.9894	1.59566	1.65000	0.0000	0.0000	0.0000	4.878e-05	-0.0001656	-2.9952e-05	0	0	0
# CONV t=15.00 cond=0 evap=0 rough=0 back_s=0
# LEDGER t=15.000 mode=3 sum_err=0 max|E-iEu|=1.110e-16 run_max_diff=0.000e+00 run_max_sum_err=0 steps=750 E0_int=5040459317391304 sum=5040459317391304
# NETG t=15.00 gates min=0.9967 mean=0.9967 edges=1
# PIN t=15.00 R=-0.078942794 nv=2
# SLIP t=15.00 e=0 psi=+0.0404 unw=+0.040 nu_win=-0.000050 dwb_win=-0.000004
20.000	5038.7811	1.67970535	0	0.00817365048	5040.45931739	-1.804e-16	17939	12.035	11.966	12.056	1.000	0.0000	0.8406	0.10632	0.8500	0.9890	1.59719	1.65000	0.0000	0.0000	0.0000	-6.4711e-05	2.7447e-05	-5.9988e-05	0	0	0
# CONV t=20.00 cond=0 evap=0 rough=0 back_s=0
# LEDGER t=20.000 mode=3 sum_err=0 max|E-iEu|=1.110e-16 run_max_diff=0.000e+00 run_max_sum_err=0 steps=1000 E0_int=5040459317391304 sum=5040459317391304
# NETG t=20.00 gates min=1.0000 mean=1.0000 edges=1
# PIN t=20.00 R=-0.0096640096 nv=2
# SLIP t=20.00 e=0 psi=+0.0036 unw=+0.004 nu_win=-0.001171 dwb_win=-0.000007
25.000	5038.7811	1.67944916	0	0.00961110857	5040.45931739	-1.804e-16	17939	12.035	11.966	12.055	1.000	0.0000	0.8403	0.11931	0.8500	0.9885	1.59716	1.65000	0.0000	0.0000	0.0000	-4.5719e-05	-2.2771e-05	-0.00011301	0	0	0
# CONV t=25.00 cond=0 evap=0 rough=0 back_s=0
# LEDGER t=25.000 mode=3 sum_err=0 max|E-iEu|=1.110e-16 run_max_diff=0.000e+00 run_max_sum_err=0 steps=1250 E0_int=5040459317391304 sum=5040459317391304
# NETG t=25.00 gates min=1.0000 mean=1.0000 edges=1
# PIN t=25.00 R=-0.0108452758 nv=2
# SLIP t=25.00 e=0 psi=+0.0042 unw=+0.004 nu_win=+0.000020 dwb_win=-0.000002
30.000	5038.7811	1.67946901	0	0.00381391903	5040.45931739	-1.804e-16	17938	12.035	11.966	12.055	1.000	0.0000	0.8399	0.12621	0.8500	0.9882	1.59729	1.65000	0.0000	0.0000	0.0000	5.4517e-05	-0.00017753	-5.4869e-05	0	0	0
# CONV t=30.00 cond=0 evap=0 rough=0 back_s=0
# LEDGER t=30.000 mode=3 sum_err=0 max|E-iEu|=1.110e-16 run_max_diff=0.000e+00 run_max_sum_err=0 steps=1500 E0_int=5040459317391304 sum=5040459317391304
# NETG t=30.00 gates min=1.0000 mean=1.0000 edges=1
# PIN t=30.00 R=-0.00506794019 nv=2
# SLIP t=30.00 e=0 psi=+0.0009 unw=+0.001 nu_win=-0.000105 dwb_win=-0.000006
35.000	5038.7811	1.68047324	0	0.00349506265	5040.45931739	0.000e+00	17938	12.036	11.965	12.055	1.000	0.0000	0.8397	0.12516	0.8500	0.9878	1.59728	1.65000	0.0000	0.0000	0.0000	3.221e-05	-6.3641e-07	-4.2367e-05	0	0	0
# CONV t=35.00 cond=0 evap=0 rough=0 back_s=0
# LEDGER t=35.000 mode=3 sum_err=0 max|E-iEu|=1.110e-16 run_max_diff=0.000e+00 run_max_sum_err=0 steps=1750 E0_int=5040459317391304 sum=5040459317391304
# NETG t=35.00 gates min=1.0000 mean=1.0000 edges=1
# PIN t=35.00 R=-0.0057533134 nv=2
# SLIP t=35.00 e=0 psi=+0.0010 unw=+0.001 nu_win=+0.000001 dwb_win=-0.000009
40.000	5038.7811	1.68057053	0	0.00382914653	5040.45931739	-1.804e-16	17938	12.036	11.965	12.055	1.000	0.0000	0.8394	0.12434	0.8500	0.9875	1.59729	1.65000	0.0000	0.0000	0.0000	-0.00012287	-7.4694e-05	-0.00015105	0	0	0
# CONV t=40.00 cond=0 evap=0 rough=0 back_s=0
# LEDGER t=40.000 mode=3 sum_err=0 max|E-iEu|=1.110e-16 run_max_diff=0.000e+00 run_max_sum_err=0 steps=2000 E0_int=5040459317391304 sum=5040459317391304
# NETG t=40.00 gates min=1.0000 mean=1.0000 edges=1
# PIN t=40.00 R=-0.00618468699 nv=2
# SLIP t=40.00 e=0 psi=+0.0009 unw=+0.001 nu_win=-0.000002 dwb_win=-0.000008
45.000	5038.7811	1.68037181	0	0.00456806747	5040.45931739	0.000e+00	17938	12.036	11.966	12.054	1.000	0.0000	0.8392	0.12375	0.8500	0.9873	1.59728	1.65000	0.0000	0.0000	0.0000	-0.0001169	-0.00019437	-0.00013003	0	0	0
# CONV t=45.00 cond=0 evap=0 rough=0 back_s=0
# LEDGER t=45.000 mode=3 sum_err=0 max|E-iEu|=1.110e-16 run_max_diff=0.000e+00 run_max_sum_err=0 steps=2250 E0_int=5040459317391304 sum=5040459317391304
# NETG t=45.00 gates min=1.0000 mean=1.0000 edges=1
# PIN t=45.00 R=-0.00672488769 nv=2
# SLIP t=45.00 e=0 psi=+0.0008 unw=+0.001 nu_win=-0.000003 dwb_win=-0.000010
50.000	5038.7811	1.68033647	0	0.00530629367	5040.45931739	-1.804e-16	17938	12.036	11.965	12.054	1.000	0.0000	0.8390	0.12339	0.8500	0.9870	1.59727	1.65000	0.0000	0.0000	0.0000	-0.00013608	-0.00022486	-6.1224e-05	0	0	0
# CONV t=50.00 cond=0 evap=0 rough=0 back_s=0
# LEDGER t=50.000 mode=3 sum_err=0 max|E-iEu|=1.110e-16 run_max_diff=0.000e+00 run_max_sum_err=0 steps=2500 E0_int=5040459317391304 sum=5040459317391304
# NETG t=50.00 gates min=1.0000 mean=1.0000 edges=1
# PIN t=50.00 R=-0.00742778174 nv=2
# SLIP t=50.00 e=0 psi=+0.0008 unw=+0.001 nu_win=+0.000001 dwb_win=-0.000006
55.000	5038.7811	1.68166786	0	0.00439156135	5040.45931739	0.000e+00	17938	12.036	11.963	12.054	0.999	0.0000	0.8388	0.12324	0.8500	0.9868	1.59728	1.65000	0.0000	0.0000	0.0000	6.3634e-05	-6.6186e-05	-6.8361e-05	0	0	0
# CONV t=55.00 cond=0 evap=0 rough=0 back_s=0
# LEDGER t=55.000 mode=3 sum_err=0 max|E-iEu|=1.110e-16 run_max_diff=0.000e+00 run_max_sum_err=0 steps=2750 E0_int=5040459317391304 sum=5040459317391304
# NETG t=55.00 gates min=1.0000 mean=1.0000 edges=1
# PIN t=55.00 R=-0.00784444095 nv=2
# SLIP t=55.00 e=0 psi=+0.0008 unw=+0.001 nu_win=-0.000003 dwb_win=-0.000010
60.000	5038.7811	1.68156113	0	0.00503985804	5040.45931739	-1.804e-16	17938	12.036	11.964	12.053	0.999	0.0000	0.8386	0.12328	0.8500	0.9866	1.59727	1.65000	0.0000	0.0000	0.0000	3.3916e-05	-0.00017407	-4.3721e-06	0	0	0
# CONV t=60.00 cond=0 evap=0 rough=0 back_s=0
# LEDGER t=60.000 mode=3 sum_err=0 max|E-iEu|=1.110e-16 run_max_diff=0.000e+00 run_max_sum_err=0 steps=3000 E0_int=5040459317391304 sum=5040459317391304
# NETG t=60.00 gates min=1.0000 mean=1.0000 edges=1
# PIN t=60.00 R=-0.0083860084 nv=2
# SLIP t=60.00 e=0 psi=+0.0007 unw=+0.001 nu_win=-0.000003 dwb_win=-0.000009
65.000	5038.7811	1.6813396	0	0.00596113393	5040.45931739	-1.804e-16	17938	12.036	11.964	12.053	0.999	0.0000	0.8385	0.12348	0.8500	0.9865	1.59726	1.65000	0.0000	0.0000	0.0000	-0.00011863	-7.3618e-05	-0.00015614	0	0	0
# CONV t=65.00 cond=0 evap=0 rough=0 back_s=0
# LEDGER t=65.000 mode=3 sum_err=0 max|E-iEu|=1.110e-16 run_max_diff=0.000e+00 run_max_sum_err=0 steps=3250 E0_int=5040459317391304 sum=5040459317391304
# NETG t=65.00 gates min=1.0000 mean=1.0000 edges=1
# PIN t=65.00 R=-0.00908574872 nv=2
# SLIP t=65.00 e=0 psi=+0.0007 unw=+0.001 nu_win=+0.000001 dwb_win=-0.000006
70.000	5038.7811	1.68305268	0	0.00465391929	5040.45931739	-1.804e-16	17938	12.037	11.962	12.053	0.999	0.0000	0.8384	0.12381	0.8500	0.9863	1.59727	1.65000	0.0000	0.0000	0.0000	5.2221e-05	-0.00012667	-5.0793e-05	0	0	0
# CONV t=70.00 cond=0 evap=0 rough=0 back_s=0
# LEDGER t=70.000 mode=3 sum_err=0 max|E-iEu|=1.110e-16 run_max_diff=0.000e+00 run_max_sum_err=0 steps=3500 E0_int=5040459317391304 sum=5040459317391304
# NETG t=70.00 gates min=1.0000 mean=1.0000 edges=1
# PIN t=70.00 R=-0.00949161979 nv=2
# SLIP t=70.00 e=0 psi=+0.0006 unw=+0.001 nu_win=-0.000003 dwb_win=-0.000011
75.000	5038.7811	1.68254067	0	0.00570410324	5040.45931739	-1.804e-16	17938	12.036	11.962	12.052	0.999	0.0000	0.8383	0.12427	0.8500	0.9862	1.59726	1.65000	0.0000	0.0000	0.0000	-2.3232e-05	-6.5928e-05	3.248e-05	0	0	0
# CONV t=75.00 cond=0 evap=0 rough=0 back_s=0
# LEDGER t=75.000 mode=3 sum_err=0 max|E-iEu|=1.110e-16 run_max_diff=0.000e+00 run_max_sum_err=0 steps=3750 E0_int=5040459317391304 sum=5040459317391304
# NETG t=75.00 gates min=1.0000 mean=1.0000 edges=1
# PIN t=75.00 R=-0.0100297917 nv=2
# SLIP t=75.00 e=0 psi=+0.0005 unw=+0.001 nu_win=-0.000003 dwb_win=-0.000009
80.000	5038.7811	1.68239068	0	0.00647010629	5040.45931739	0.000e+00	17938	12.036	11.963	12.053	0.999	0.0000	0.8382	0.12485	0.8500	0.9861	1.59725	1.65000	0.0000	0.0000	0.0000	-3.9789e-05	-3.2486e-05	-7.3527e-05	0	0	0
# CONV t=80.00 cond=0 evap=0 rough=0 back_s=0
# LEDGER t=80.000 mode=3 sum_err=0 max|E-iEu|=1.110e-16 run_max_diff=0.000e+00 run_max_sum_err=0 steps=4000 E0_int=5040459317391304 sum=5040459317391304
# NETG t=80.00 gates min=1.0000 mean=1.0000 edges=1
# PIN t=80.00 R=-0.0106458034 nv=2
# SLIP t=80.00 e=0 psi=+0.0006 unw=+0.001 nu_win=+0.000001 dwb_win=-0.000004
85.000	5038.7811	1.68231829	0	0.00692248796	5040.45931739	0.000e+00	17938	12.036	11.962	12.053	0.999	0.0000	0.8381	0.1255	0.8500	0.9860	1.59726	1.65000	0.0000	0.0000	0.0000	-5.3178e-05	-0.00024829	-0.0005125	0	0	0
# CONV t=85.00 cond=0 evap=0 rough=0 back_s=0
# LEDGER t=85.000 mode=3 sum_err=0 max|E-iEu|=1.110e-16 run_max_diff=0.000e+00 run_max_sum_err=0 steps=4250 E0_int=5040459317391304 sum=5040459317391304
# NETG t=85.00 gates min=1.0000 mean=1.0000 edges=1
# PIN t=85.00 R=-0.0110257904 nv=2
# SLIP t=85.00 e=0 psi=+0.0005 unw=+0.000 nu_win=-0.000001 dwb_win=-0.000009
90.000	5038.7811	1.68411377	0	0.00561850768	5040.45931739	-1.804e-16	17938	12.037	11.960	12.051	0.998	0.0000	0.8380	0.12621	0.8500	0.9859	1.59726	1.65000	0.0000	0.0000	0.0000	-2.4206e-06	-4.7473e-05	-9.0963e-05	0	0	0
# CONV t=90.00 cond=0 evap=0 rough=0 back_s=0
# LEDGER t=90.000 mode=3 sum_err=0 max|E-iEu|=1.110e-16 run_max_diff=0.000e+00 run_max_sum_err=0 steps=4500 E0_int=5040459317391304 sum=5040459317391304
# NETG t=90.00 gates min=1.0000 mean=1.0000 edges=1
# PIN t=90.00 R=-0.0115172929 nv=2
# SLIP t=90.00 e=0 psi=+0.0004 unw=+0.000 nu_win=-0.000002 dwb_win=-0.000007
95.000	5038.7811	1.68344823	0	0.0068455631	5040.45931739	0.000e+00	17938	12.037	11.962	12.051	0.999	0.0000	0.8379	0.12697	0.8500	0.9858	1.59725	1.65000	0.0000	0.0000	0.0000	-2.7724e-05	-3.3964e-05	-7.9994e-05	0	0	0
# CONV t=95.00 cond=0 evap=0 rough=0 back_s=0
# LEDGER t=95.000 mode=3 sum_err=0 max|E-iEu|=1.110e-16 run_max_diff=0.000e+00 run_max_sum_err=0 steps=4750 E0_int=5040459317391304 sum=5040459317391304
# NETG t=95.00 gates min=1.0000 mean=1.0000 edges=1
# PIN t=95.00 R=-0.0120788092 nv=2
# SLIP t=95.00 e=0 psi=+0.0005 unw=+0.000 nu_win=+0.000001 dwb_win=-0.000003
100.000	5038.7811	1.68320458	0	0.00746358266	5040.45931739	0.000e+00	17938	12.037	11.962	12.052	0.999	0.0000	0.8379	0.12775	0.8500	0.9857	1.59725	1.65000	0.0000	0.0000	0.0000	0.00023425	-7.1795e-05	-3.5528e-05	0	0	0
# CONV t=100.00 cond=0 evap=0 rough=0 back_s=0
# LEDGER t=100.000 mode=3 sum_err=0 max|E-iEu|=1.110e-16 run_max_diff=0.000e+00 run_max_sum_err=0 steps=5000 E0_int=5040459317391304 sum=5040459317391304
# NETG t=100.00 gates min=1.0000 mean=1.0000 edges=1
# PIN t=100.00 R=-0.0124531839 nv=2
# SLIP t=100.00 e=0 psi=+0.0004 unw=+0.000 nu_win=-0.000002 dwb_win=-0.000008
105.000	5038.7811	1.68521431	0	0.00594721107	5040.45931739	-1.804e-16	17938	12.036	11.960	12.051	0.998	0.0000	0.8378	0.12856	0.8500	0.9857	1.59725	1.65000	0.0000	0.0000	0.0000	0.00013401	-1.4315e-05	-0.00010823	0	0	0
# CONV t=105.00 cond=0 evap=0 rough=0 back_s=0
# LEDGER t=105.000 mode=3 sum_err=0 max|E-iEu|=1.110e-16 run_max_diff=0.000e+00 run_max_sum_err=0 steps=5250 E0_int=5040459317391304 sum=5040459317391304
# NETG t=105.00 gates min=1.0000 mean=1.0000 edges=1
# PIN t=105.00 R=-0.0129465334 nv=2
# SLIP t=105.00 e=0 psi=+0.0003 unw=+0.000 nu_win=-0.000002 dwb_win=-0.000007
110.000	5038.7811	1.68423822	0	0.00745850609	5040.45931739	0.000e+00	17939	12.037	11.961	12.051	0.998	0.0000	0.8378	0.1294	0.8500	0.9856	1.59724	1.65000	0.0000	0.0000	0.0000	-0.00019549	-4.4817e-05	-0.00023759	0	0	0
# CONV t=110.00 cond=0 evap=0 rough=0 back_s=0
# LEDGER t=110.000 mode=3 sum_err=0 max|E-iEu|=1.110e-16 run_max_diff=0.000e+00 run_max_sum_err=0 steps=5500 E0_int=5040459317391304 sum=5040459317391304
# NETG t=110.00 gates min=1.0000 mean=1.0000 edges=1
# PIN t=110.00 R=-0.0134817471 nv=2
# SLIP t=110.00 e=0 psi=+0.0004 unw=+0.000 nu_win=+0.000001 dwb_win=-0.000001
115.000	5038.7811	1.68380754	0	0.00833263098	5040.45931739	-1.804e-16	17939	12.037	11.962	12.052	0.998	0.0000	0.8377	0.13024	0.8500	0.9855	1.59724	1.65000	0.0000	0.0000	0.0000	-1.5397e-05	-6.5035e-05	-6.3935e-05	0	0	0
# CONV t=115.00 cond=0 evap=0 rough=0 back_s=0
# LEDGER t=115.000 mode=3 sum_err=0 max|E-iEu|=1.110e-16 run_max_diff=0.000e+00 run_max_sum_err=0 steps=5750 E0_int=5040459317391304 sum=5040459317391304
# NETG t=115.00 gates min=1.0000 mean=1.0000 edges=1
# PIN t=115.00 R=-0.0139251913 nv=2
# SLIP t=115.00 e=0 psi=+0.0003 unw=+0.000 nu_win=-0.000002 dwb_win=-0.000010
120.000	5038.7811	1.68402081	0	0.00863035888	5040.45931739	-1.804e-16	17939	12.036	11.961	12.052	0.998	0.0000	0.8377	0.1311	0.8500	0.9855	1.59724	1.65000	0.0000	0.0000	0.0000	-3.7619e-05	-9.5585e-05	-0.00015456	0	0	0
# CONV t=120.00 cond=0 evap=0 rough=0 back_s=0
# LEDGER t=120.000 mode=3 sum_err=0 max|E-iEu|=1.110e-16 run_max_diff=0.000e+00 run_max_sum_err=0 steps=6000 E0_int=5040459317391304 sum=5040459317391304
# NETG t=120.00 gates min=1.0000 mean=1.0000 edges=1
# PIN t=120.00 R=-0.0144361857 nv=2
# SLIP t=120.00 e=0 psi=+0.0002 unw=+0.000 nu_win=-0.000003 dwb_win=-0.000008
125.000	5038.7811	1.6861218	0	0.00704775398	5040.45931739	-1.804e-16	17939	12.037	11.959	12.050	0.997	0.0000	0.8376	0.13197	0.8500	0.9854	1.59724	1.65000	0.0000	0.0000	0.0000	-0.000213	-8.4459e-05	-0.00041995	0	0	0
# CONV t=125.00 cond=0 evap=0 rough=0 back_s=0
# LEDGER t=125.000 mode=3 sum_err=0 max|E-iEu|=1.110e-16 run_max_diff=0.000e+00 run_max_sum_err=0 steps=6250 E0_int=5040459317391304 sum=5040459317391304
# NETG t=125.00 gates min=1.0000 mean=1.0000 edges=1
# PIN t=125.00 R=-0.0149545745 nv=2
# SLIP t=125.00 e=0 psi=+0.0003 unw=+0.000 nu_win=+0.000001 dwb_win=-0.000002
130.000	5038.7811	1.68510004	0	0.00849479569	5040.45931739	0.000e+00	17939	12.037	11.961	12.050	0.998	0.0000	0.8376	0.13286	0.8500	0.9854	1.59724	1.65000	0.0000	0.0000	0.0000	-2.476e-05	-6.1447e-05	-0.00018953	0	0	0
# CONV t=130.00 cond=0 evap=0 rough=0 back_s=0
# LEDGER t=130.000 mode=3 sum_err=0 max|E-iEu|=1.110e-16 run_max_diff=0.000e+00 run_max_sum_err=0 steps=6500 E0_int=5040459317391304 sum=5040459317391304
# NETG t=130.00 gates min=1.0000 mean=1.0000 edges=1
# PIN t=130.00 R=-0.0153798536 nv=2
# SLIP t=130.00 e=0 psi=+0.0002 unw=+0.000 nu_win=-0.000002 dwb_win=-0.000010
135.000	5038.7811	1.68476682	0	0.00934941022	5040.45931739	-1.804e-16	17939	12.036	11.961	12.051	0.998	0.0000	0.8376	0.13376	0.8500	0.9854	1.59723	1.65000	0.0000	0.0000	0.0000	-0.0001668	-0.00017582	-7.1876e-06	0	0	0
# CONV t=135.00 cond=0 evap=0 rough=0 back_s=0
# LEDGER t=135.000 mode=3 sum_err=0 max|E-iEu|=1.110e-16 run_max_diff=0.000e+00 run_max_sum_err=0 steps=6750 E0_int=5040459317391304 sum=5040459317391304
# NETG t=135.00 gates min=1.0000 mean=1.0000 edges=1
# PIN t=135.00 R=-0.0159012424 nv=2
# SLIP t=135.00 e=0 psi=+0.0001 unw=+0.000 nu_win=-0.000001 dwb_win=-0.000009
140.000	5038.7811	1.68744514	0	0.00716968379	5040.45931739	-1.804e-16	17939	12.036	11.958	12.049	0.997	0.0000	0.8375	0.13466	0.8500	0.9853	1.59723	1.65000	0.0000	0.0000	0.0000	0.00013762	0.00014962	-0.0001394	0	0	0
# CONV t=140.00 cond=0 evap=0 rough=0 back_s=0
# LEDGER t=140.000 mode=3 sum_err=0 max|E-iEu|=1.110e-16 run_max_diff=0.000e+00 run_max_sum_err=0 steps=7000 E0_int=5040459317391304 sum=5040459317391304
# NETG t=140.00 gates min=1.0000 mean=1.0000 edges=1
# PIN t=140.00 R=-0.016399843 nv=2
# SLIP t=140.00 e=0 psi=+0.0001 unw=+0.000 nu_win=-0.000000 dwb_win=-0.000002
145.000	5038.7811	1.68688536	0	0.00815370107	5040.45931739	-1.804e-16	17939	12.036	11.959	12.050	0.997	0.0000	0.8375	0.13555	0.8500	0.9853	1.59723	1.65000	0.0000	0.0000	0.0000	-6.22e-05	-8.8186e-05	-0.00023389	0	0	0
# CONV t=145.00 cond=0 evap=0 rough=0 back_s=0
# LEDGER t=145.000 mode=3 sum_err=0 max|E-iEu|=1.110e-16 run_max_diff=0.000e+00 run_max_sum_err=0 steps=7250 E0_int=5040459317391304 sum=5040459317391304
# NETG t=145.00 gates min=1.0000 mean=1.0000 edges=1
# PIN t=145.00 R=-0.0168240824 nv=2
# SLIP t=145.00 e=0 psi=+0.0001 unw=+0.000 nu_win=-0.000002 dwb_win=-0.000010
150.000	5038.7811	1.68609219	0	0.009469008	5040.45931739	-1.804e-16	17939	12.036	11.960	12.050	0.997	0.0000	0.8375	0.13646	0.8500	0.9853	1.59722	1.65000	0.0000	0.0000	0.0000	-0.00013559	-0.0002176	-0.00014741	0	0	0
# CONV t=150.00 cond=0 evap=0 rough=0 back_s=0
# LEDGER t=150.000 mode=3 sum_err=0 max|E-iEu|=1.110e-16 run_max_diff=0.000e+00 run_max_sum_err=0 steps=7500 E0_int=5040459317391304 sum=5040459317391304
# NETG t=150.00 gates min=1.0000 mean=1.0000 edges=1
# PIN t=150.00 R=-0.0173462144 nv=2
# SLIP t=150.00 e=0 psi=+0.0000 unw=-0.000 nu_win=-0.000001 dwb_win=-0.000009
155.000	5038.7811	1.6860077	0	0.01003137	5040.45931739	0.000e+00	17939	12.036	11.960	12.050	0.997	0.0000	0.8375	0.13736	0.8500	0.9852	1.59722	1.65000	0.0000	0.0000	0.0000	-0.00028006	-0.00016077	-0.00028521	0	0	0
# CONV t=155.00 cond=0 evap=0 rough=0 back_s=0
# LEDGER t=155.000 mode=3 sum_err=0 max|E-iEu|=1.110e-16 run_max_diff=0.000e+00 run_max_sum_err=0 steps=7750 E0_int=5040459317391304 sum=5040459317391304
# NETG t=155.00 gates min=1.0000 mean=1.0000 edges=1
# PIN t=155.00 R=-0.0178240857 nv=2
# SLIP t=155.00 e=0 psi=+0.0000 unw=-0.000 nu_win=-0.000000 dwb_win=-0.000002
160.000	5038.7811	1.68845224	0	0.00799173679	5040.45931739	0.000e+00	17939	12.035	11.957	12.047	0.996	0.0000	0.8374	0.13826	0.8500	0.9852	1.59722	1.65000	0.0000	0.0000	0.0000	0.00010076	3.8434e-05	-0.0001879	0	0	0
# CONV t=160.00 cond=0 evap=0 rough=0 back_s=0
# LEDGER t=160.000 mode=3 sum_err=0 max|E-iEu|=1.110e-16 run_max_diff=0.000e+00 run_max_sum_err=0 steps=8000 E0_int=5040459317391304 sum=5040459317391304
# NETG t=160.00 gates min=1.0000 mean=1.0000 edges=1
# PIN t=160.00 R=-0.0182289968 nv=2
# SLIP t=160.00 e=0 psi=-0.0000 unw=-0.000 nu_win=-0.000002 dwb_win=-0.000009
165.000	5038.7811	1.68764608	0	0.00932359424	5040.45931739	-1.804e-16	17939	12.036	11.958	12.049	0.997	0.0000	0.8374	0.13916	0.8500	0.9852	1.59722	1.65000	0.0000	0.0000	0.0000	-0.00016997	-0.00010217	-0.00011648	0	0	0
# CONV t=165.00 cond=0 evap=0 rough=0 back_s=0
# LEDGER t=165.000 mode=3 sum_err=0 max|E-iEu|=1.110e-16 run_max_diff=0.000e+00 run_max_sum_err=0 steps=8250 E0_int=5040459317391304 sum=5040459317391304
# NETG t=165.00 gates min=1.0000 mean=1.0000 edges=1
# PIN t=165.00 R=-0.0187546944 nv=2
# SLIP t=165.00 e=0 psi=-0.0001 unw=-0.000 nu_win=-0.000001 dwb_win=-0.000009
170.000	5038.7811	1.68728843	0	0.0101221616	5040.45931739	-1.804e-16	17939	12.036	11.959	12.050	0.997	0.0000	0.8374	0.14008	0.8500	0.9852	1.59722	1.65000	0.0000	0.0000	0.0000	-0.00021638	-6.1335e-05	-0.00018646	0	0	0
# CONV t=170.00 cond=0 evap=0 rough=0 back_s=0
# LEDGER t=170.000 mode=3 sum_err=0 max|E-iEu|=1.110e-16 run_max_diff=0.000e+00 run_max_sum_err=0 steps=8500 E0_int=5040459317391304 sum=5040459317391304
# NETG t=170.00 gates min=1.0000 mean=1.0000 edges=1
# PIN t=170.00 R=-0.0191956105 nv=2
# SLIP t=170.00 e=0 psi=-0.0001 unw=-0.000 nu_win=-0.000000 dwb_win=-0.000000
175.000	5038.7811	1.6903045	0	0.00750209313	5040.45931739	-1.804e-16	17939	12.034	11.955	12.047	0.996	0.0000	0.8374	0.141	0.8500	0.9851	1.59722	1.65000	0.0000	0.0000	0.0000	0.0001791	0.00017437	8.7067e-05	0	0	0
# CONV t=175.00 cond=0 evap=0 rough=0 back_s=0
# LEDGER t=175.000 mode=3 sum_err=0 max|E-iEu|=1.110e-16 run_max_diff=0.000e+00 run_max_sum_err=0 steps=8750 E0_int=5040459317391304 sum=5040459317391304
# NETG t=175.00 gates min=1.0000 mean=1.0000 edges=1
# PIN t=175.00 R=-0.0195916071 nv=2
# SLIP t=175.00 e=0 psi=-0.0001 unw=-0.000 nu_win=-0.000002 dwb_win=-0.000008
180.000	5038.7811	1.68894447	0	0.00943784986	5040.45931739	0.000e+00	17939	12.035	11.957	12.048	0.996	0.0000	0.8374	0.14193	0.8500	0.9851	1.59721	1.65000	0.0000	0.0000	0.0000	-5.29e-05	-0.00017506	-0.00014919	0	0	0
# CONV t=180.00 cond=0 evap=0 rough=0 back_s=0
# LEDGER t=180.000 mode=3 sum_err=0 max|E-iEu|=1.110e-16 run_max_diff=0.000e+00 run_max_sum_err=0 steps=9000 E0_int=5040459317391304 sum=5040459317391304
# NETG t=180.00 gates min=1.0000 mean=1.0000 edges=1
# PIN t=180.00 R=-0.0201673413 nv=2
# SLIP t=180.00 e=0 psi=-0.0002 unw=-0.000 nu_win=-0.000001 dwb_win=-0.000010
185.000	5038.7811	1.68865155	0	0.0101565905	5040.45931739	0.000e+00	17939	12.035	11.958	12.049	0.996	0.0000	0.8374	0.14287	0.8500	0.9851	1.59721	1.65000	0.0000	0.0000	0.0000	-0.00031366	-0.00012148	-0.00022341	0	0	0
# CONV t=185.00 cond=0 evap=0 rough=0 back_s=0
# LEDGER t=185.000 mode=3 sum_err=0 max|E-iEu|=1.110e-16 run_max_diff=0.000e+00 run_max_sum_err=0 steps=9250 E0_int=5040459317391304 sum=5040459317391304
# NETG t=185.00 gates min=1.0000 mean=1.0000 edges=1
# PIN t=185.00 R=-0.0205931528 nv=2
# SLIP t=185.00 e=0 psi=-0.0002 unw=-0.000 nu_win=-0.000001 dwb_win=-0.000001
190.000	5038.7811	1.68970552	0	0.00957212775	5040.45931739	0.000e+00	17939	12.036	11.958	12.049	0.996	0.0000	0.8373	0.14381	0.8500	0.9851	1.59721	1.65000	0.0000	0.0000	0.0000	-4.1283e-06	-0.00019265	-0.0003133	0	0	0
# CONV t=190.00 cond=0 evap=0 rough=0 back_s=0
# LEDGER t=190.000 mode=3 sum_err=0 max|E-iEu|=1.110e-16 run_max_diff=0.000e+00 run_max_sum_err=0 steps=9500 E0_int=5040459317391304 sum=5040459317391304
# NETG t=190.00 gates min=1.0000 mean=1.0000 edges=1
# PIN t=190.00 R=-0.0210626664 nv=2
# SLIP t=190.00 e=0 psi=-0.0003 unw=-0.000 nu_win=-0.000003 dwb_win=-0.000011
195.000	5038.7811	1.69086974	0	0.00901873321	5040.45931739	-1.804e-16	17939	12.034	11.955	12.046	0.995	0.0000	0.8373	0.14476	0.8500	0.9851	1.59720	1.65000	0.0000	0.0000	0.0000	-0.00010633	-4.6025e-05	-2.6746e-05	0	0	0
# CONV t=195.00 cond=0 evap=0 rough=0 back_s=0
# LEDGER t=195.000 mode=3 sum_err=0 max|E-iEu|=1.110e-16 run_max_diff=0.000e+00 run_max_sum_err=0 steps=9750 E0_int=5040459317391304 sum=5040459317391304
# NETG t=195.00 gates min=1.0000 mean=1.0000 edges=1
# PIN t=195.00 R=-0.0216734911 nv=2
# SLIP t=195.00 e=0 psi=-0.0003 unw=-0.000 nu_win=-0.000000 dwb_win=-0.000009
200.000	5038.7811	1.68987787	0	0.010443843	5040.45931739	0.000e+00	17939	12.035	11.957	12.048	0.996	0.0000	0.8373	0.14572	0.8500	0.9851	1.59721	1.65000	0.0000	0.0000	0.0000	-3.3168e-06	-4.4379e-05	-0.00011421	0	0	0
# CONV t=200.00 cond=0 evap=0 rough=0 back_s=0
# LEDGER t=200.000 mode=3 sum_err=0 max|E-iEu|=1.110e-16 run_max_diff=0.000e+00 run_max_sum_err=0 steps=10000 E0_int=5040459317391304 sum=5040459317391304
# NETG t=200.00 gates min=1.0000 mean=1.0000 edges=1
# PIN t=200.00 R=-0.0221067302 nv=2
# SLIP t=200.00 e=0 psi=-0.0003 unw=-0.000 nu_win=-0.000001 dwb_win=-0.000001
205.000	5038.7811	1.68992456	0	0.0108527382	5040.45931739	-1.804e-16	17939	12.034	11.956	12.049	0.996	0.0000	0.8373	0.14669	0.8500	0.9851	1.59721	1.65000	0.0000	0.0000	0.0000	-0.0002476	-0.00027746	-0.00014774	0	0	0
# CONV t=205.00 cond=0 evap=0 rough=0 back_s=0
# LEDGER t=205.000 mode=3 sum_err=0 max|E-iEu|=1.109e-16 run_max_diff=0.000e+00 run_max_sum_err=0 steps=10250 E0_int=5040459317391304 sum=5040459317391304
# NETG t=205.00 gates min=1.0000 mean=1.0000 edges=1
# PIN t=205.00 R=-0.0225623127 nv=2
# SLIP t=205.00 e=0 psi=-0.0004 unw=-0.000 nu_win=-0.000001 dwb_win=-0.000010
210.000	5038.7811	1.69309556	0	0.00829263564	5040.45931739	0.000e+00	17939	12.035	11.953	12.045	0.994	0.0000	0.8373	0.14768	0.8500	0.9850	1.59721	1.65000	0.0000	0.0000	0.0000	-0.00012814	-0.00016605	-0.00014478	0	0	0
# CONV t=210.00 cond=0 evap=0 rough=0 back_s=0
# LEDGER t=210.000 mode=3 sum_err=0 max|E-iEu|=1.110e-16 run_max_diff=0.000e+00 run_max_sum_err=0 steps=10500 E0_int=5040459317391304 sum=5040459317391304
# NETG t=210.00 gates min=1.0000 mean=1.0000 edges=1
# PIN t=210.00 R=-0.0231732081 nv=2
# SLIP t=210.00 e=0 psi=-0.0004 unw=-0.000 nu_win=-0.000001 dwb_win=-0.000006
215.000	5038.7811	1.69133608	0	0.0104705764	5040.45931739	0.000e+00	17939	12.035	11.955	12.046	0.995	0.0000	0.8373	0.14868	0.8500	0.9850	1.59721	1.65000	0.0000	0.0000	0.0000	-8.8439e-05	-4.5633e-05	2.2364e-05	0	0	0
# CONV t=215.00 cond=0 evap=0 rough=0 back_s=0
# LEDGER t=215.000 mode=3 sum_err=0 max|E-iEu|=1.109e-16 run_max_diff=0.000e+00 run_max_sum_err=0 steps=10750 E0_int=5040459317391304 sum=5040459317391304
# NETG t=215.00 gates min=1.0000 mean=1.0000 edges=1
# PIN t=215.00 R=-0.0235916771 nv=2
# SLIP t=215.00 e=0 psi=-0.0004 unw=-0.000 nu_win=-0.000001 dwb_win=-0.000001
220.000	5038.7811	1.69059997	0	0.0116695427	5040.45931739	0.000e+00	17939	12.034	11.956	12.047	0.995	0.0000	0.8373	0.1497	0.8500	0.9850	1.59721	1.65000	0.0000	0.0000	0.0000	3.2194e-05	-6.4899e-06	0.0001967	0	0	0
# CONV t=220.00 cond=0 evap=0 rough=0 back_s=0
# LEDGER t=220.000 mode=3 sum_err=0 max|E-iEu|=1.110e-16 run_max_diff=0.000e+00 run_max_sum_err=0 steps=11000 E0_int=5040459317391304 sum=5040459317391304
# NETG t=220.00 gates min=1.0000 mean=1.0000 edges=1
# PIN t=220.00 R=-0.0240545332 nv=2
# SLIP t=220.00 e=0 psi=-0.0005 unw=-0.000 nu_win=-0.000001 dwb_win=-0.000010
225.000	5038.7811	1.6931447	0	0.00968880158	5040.45931739	-3.609e-16	17939	12.034	11.954	12.048	0.994	0.0000	0.8373	0.15073	0.8500	0.9850	1.59721	1.65000	0.0000	0.0000	0.0000	-7.5882e-05	-0.00012266	-2.9131e-05	0	0	0
# CONV t=225.00 cond=0 evap=0 rough=0 back_s=0
# LEDGER t=225.000 mode=3 sum_err=0 max|E-iEu|=1.110e-16 run_max_diff=0.000e+00 run_max_sum_err=0 steps=11250 E0_int=5040459317391304 sum=5040459317391304
# NETG t=225.00 gates min=1.0000 mean=1.0000 edges=1
# PIN t=225.00 R=-0.02461852 nv=2
# SLIP t=225.00 e=0 psi=-0.0005 unw=-0.001 nu_win=-0.000001 dwb_win=-0.000006
230.000	5038.7811	1.6930183	0	0.0102526478	5040.45931739	-1.804e-16	17939	12.034	11.953	12.045	0.994	0.0000	0.8373	0.15177	0.8500	0.9850	1.59722	1.65000	0.0000	0.0000	0.0000	-0.00010129	2.6191e-05	-0.0002705	0	0	0
# CONV t=230.00 cond=0 evap=0 rough=0 back_s=0
# LEDGER t=230.000 mode=3 sum_err=0 max|E-iEu|=1.110e-16 run_max_diff=0.000e+00 run_max_sum_err=0 steps=11500 E0_int=5040459317391304 sum=5040459317391304
# NETG t=230.00 gates min=1.0000 mean=1.0000 edges=1
# PIN t=230.00 R=-0.0250559678 nv=2
# SLIP t=230.00 e=0 psi=-0.0005 unw=-0.001 nu_win=-0.000001 dwb_win=-0.000003
235.000	5038.7811	1.69176661	0	0.011951318	5040.45931739	-1.804e-16	17939	12.034	11.954	12.047	0.994	0.0000	0.8372	0.15283	0.8500	0.9850	1.59723	1.65000	0.0000	0.0000	0.0000	-6.6413e-05	-5.6233e-05	0.00025605	0	0	0
# CONV t=235.00 cond=0 evap=0 rough=0 back_s=0
# LEDGER t=235.000 mode=3 sum_err=0 max|E-iEu|=1.110e-16 run_max_diff=0.000e+00 run_max_sum_err=0 steps=11750 E0_int=5040459317391304 sum=5040459317391304
# NETG t=235.00 gates min=1.0000 mean=1.0000 edges=1
# PIN t=235.00 R=-0.0255029419 nv=2
# SLIP t=235.00 e=0 psi=-0.0006 unw=-0.001 nu_win=-0.000001 dwb_win=-0.000008
240.000	5038.7811	1.69117856	0	0.0131387908	5040.45931739	-1.804e-16	17939	12.033	11.954	12.047	0.994	0.0000	0.8372	0.15393	0.8500	0.9850	1.59723	1.65000	0.0000	0.0000	0.0000	-3.0553e-08	-0.00026701	0.00024295	0	0	0
# CONV t=240.00 cond=0 evap=0 rough=0 back_s=0
# LEDGER t=240.000 mode=3 sum_err=0 max|E-iEu|=1.110e-16 run_max_diff=0.000e+00 run_max_sum_err=0 steps=12000 E0_int=5040459317391304 sum=5040459317391304
# NETG t=240.00 gates min=1.0000 mean=1.0000 edges=1
# PIN t=240.00 R=-0.0261023681 nv=2
# SLIP t=240.00 e=0 psi=-0.0006 unw=-0.001 nu_win=-0.000001 dwb_win=-0.000006
245.000	5038.7811	1.69530844	0	0.0094777234	5040.45931739	0.000e+00	17939	12.035	11.950	12.044	0.993	0.0000	0.8372	0.15506	0.8500	0.9850	1.59726	1.65000	0.0000	0.0000	0.0000	-1.7743e-05	-1.9965e-05	-0.00042315	0	0	0
# CONV t=245.00 cond=0 evap=0 rough=0 back_s=0
# LEDGER t=245.000 mode=3 sum_err=0 max|E-iEu|=1.110e-16 run_max_diff=0.000e+00 run_max_sum_err=0 steps=12250 E0_int=5040459317391304 sum=5040459317391304
# NETG t=245.00 gates min=1.0000 mean=1.0000 edges=1
# PIN t=245.00 R=-0.0265711841 nv=2
# SLIP t=245.00 e=0 psi=-0.0006 unw=-0.001 nu_win=-0.000001 dwb_win=-0.000003
250.000	5038.7811	1.69289164	0	0.0123338343	5040.45931739	0.000e+00	17939	12.036	11.952	12.044	0.993	0.0000	0.8372	0.15622	0.8500	0.9850	1.59727	1.65000	0.0000	0.0000	0.0000	-0.00010508	-7.6845e-05	7.1044e-06	0	0	0
# CONV t=250.00 cond=0 evap=0 rough=0 back_s=0
# LEDGER t=250.000 mode=3 sum_err=0 max|E-iEu|=1.110e-16 run_max_diff=0.000e+00 run_max_sum_err=0 steps=12500 E0_int=5040459317391304 sum=5040459317391304
# NETG t=250.00 gates min=1.0000 mean=1.0000 edges=1
# PIN t=250.00 R=-0.0270104958 nv=2
# SLIP t=250.00 e=0 psi=-0.0007 unw=-0.001 nu_win=-0.000001 dwb_win=-0.000007
255.000	5038.7811	1.69167969	0	0.0141502343	5040.45931739	-1.804e-16	17939	12.034	11.953	12.046	0.994	0.0000	0.8372	0.1574	0.8500	0.9850	1.59728	1.65000	0.0000	0.0000	0.0000	-0.00018752	-8.3836e-05	0.00012511	0	0	0
# CONV t=255.00 cond=0 evap=0 rough=0 back_s=0
# LEDGER t=255.000 mode=3 sum_err=0 max|E-iEu|=1.110e-16 run_max_diff=0.000e+00 run_max_sum_err=0 steps=12750 E0_int=5040459317391304 sum=5040459317391304
# NETG t=255.00 gates min=1.0000 mean=1.0000 edges=1
# PIN t=255.00 R=-0.0276149421 nv=2
# SLIP t=255.00 e=0 psi=-0.0007 unw=-0.001 nu_win=-0.000001 dwb_win=-0.000004
260.000	5038.7811	1.69558498	0	0.010701023	5040.45931739	-1.804e-16	17939	12.035	11.951	12.048	0.993	0.0000	0.8372	0.15857	0.8500	0.9849	1.59729	1.65000	0.0000	0.0000	0.0000	0.00037629	-4.4332e-05	0.00015007	0	0	0
# CONV t=260.00 cond=0 evap=0 rough=0 back_s=0
# LEDGER t=260.000 mode=3 sum_err=0 max|E-iEu|=1.110e-16 run_max_diff=0.000e+00 run_max_sum_err=0 steps=13000 E0_int=5040459317391304 sum=5040459317391304
# NETG t=260.00 gates min=1.0000 mean=1.0000 edges=1
# PIN t=260.00 R=-0.0280710226 nv=2
# SLIP t=260.00 e=0 psi=-0.0007 unw=-0.001 nu_win=-0.000001 dwb_win=-0.000003
265.000	5038.7811	1.69514224	0	0.0115703726	5040.45931739	0.000e+00	17939	12.036	11.950	12.045	0.992	0.0000	0.8372	0.15974	0.8500	0.9849	1.59730	1.65000	0.0000	0.0000	0.0000	-0.0001816	-0.00014832	-5.3062e-05	0	0	0
# CONV t=265.00 cond=0 evap=0 rough=0 back_s=0
# LEDGER t=265.000 mode=3 sum_err=0 max|E-iEu|=1.110e-16 run_max_diff=0.000e+00 run_max_sum_err=0 steps=13250 E0_int=5040459317391304 sum=5040459317391304
# NETG t=265.00 gates min=1.0000 mean=1.0000 edges=1
# PIN t=265.00 R=-0.0284976302 nv=2
# SLIP t=265.00 e=0 psi=-0.0007 unw=-0.001 nu_win=-0.000001 dwb_win=-0.000005
270.000	5038.7811	1.6936484	0	0.0136700833	5040.45931739	-1.804e-16	17939	12.035	11.951	12.047	0.993	0.0000	0.8372	0.1609	0.8500	0.9849	1.59730	1.65000	0.0000	0.0000	0.0000	-0.00041388	-0.00028891	-0.00017191	0	0	0
# CONV t=270.00 cond=0 evap=0 rough=0 back_s=0
# LEDGER t=270.000 mode=3 sum_err=0 max|E-iEu|=1.110e-16 run_max_diff=0.000e+00 run_max_sum_err=0 steps=13500 E0_int=5040459317391304 sum=5040459317391304
# NETG t=270.00 gates min=1.0000 mean=1.0000 edges=1
# PIN t=270.00 R=-0.029103502 nv=2
# SLIP t=270.00 e=0 psi=-0.0008 unw=-0.001 nu_win=-0.000000 dwb_win=-0.000006
275.000	5038.7811	1.6931317	0	0.0145661071	5040.45931739	0.000e+00	17939	12.035	11.952	12.047	0.993	0.0000	0.8372	0.16205	0.8500	0.9849	1.59730	1.65000	0.0000	0.0000	0.0000	-0.00042237	-0.00025812	-0.00042504	0	0	0
# CONV t=275.00 cond=0 evap=0 rough=0 back_s=0
# LEDGER t=275.000 mode=3 sum_err=0 max|E-iEu|=1.110e-16 run_max_diff=0.000e+00 run_max_sum_err=0 steps=13750 E0_int=5040459317391304 sum=5040459317391304
# NETG t=275.00 gates min=1.0000 mean=1.0000 edges=1
# PIN t=275.00 R=-0.0294828268 nv=2
# SLIP t=275.00 e=0 psi=-0.0008 unw=-0.001 nu_win=-0.000001 dwb_win=-0.000002
280.000	5038.7811	1.69720353	0	0.0109363608	5040.45931739	0.000e+00	17939	12.036	11.947	12.045	0.991	0.0000	0.8372	0.1632	0.8500	0.9849	1.59730	1.65000	0.0000	0.0000	0.0000	0.00024246	-9.3822e-05	-0.00013915	0	0	0
# CONV t=280.00 cond=0 evap=0 rough=0 back_s=0
# LEDGER t=280.000 mode=3 sum_err=0 max|E-iEu|=1.110e-16 run_max_diff=0.000e+00 run_max_sum_err=0 steps=14000 E0_int=5040459317391304 sum=5040459317391304
# NETG t=280.00 gates min=1.0000 mean=1.0000 edges=1
# PIN t=280.00 R=-0.0299249073 nv=2
# SLIP t=280.00 e=0 psi=-0.0008 unw=-0.001 nu_win=-0.000001 dwb_win=-0.000007
285.000	5038.7811	1.69614123	0	0.0125299207	5040.45931739	-1.804e-16	17939	12.037	11.949	12.046	0.992	0.0000	0.8372	0.16434	0.8500	0.9849	1.59730	1.65000	0.0000	0.0000	0.0000	-0.00018062	-0.0002792	-5.5194e-05	0	0	0
# CONV t=285.00 cond=0 evap=0 rough=0 back_s=0
# LEDGER t=285.000 mode=3 sum_err=0 max|E-iEu|=1.110e-16 run_max_diff=0.000e+00 run_max_sum_err=0 steps=14250 E0_int=5040459317391304 sum=5040459317391304
# NETG t=285.00 gates min=1.0000 mean=1.0000 edges=1
# PIN t=285.00 R=-0.0304561685 nv=2
# SLIP t=285.00 e=0 psi=-0.0008 unw=-0.001 nu_win=+0.000000 dwb_win=-0.000004
290.000	5038.7811	1.69462488	0	0.0143992348	5040.45931739	-1.804e-16	17939	12.036	11.950	12.048	0.992	0.0000	0.8372	0.16547	0.8500	0.9849	1.59731	1.65000	0.0000	0.0000	0.0000	-0.00041615	-0.0003055	-0.00044403	0	0	0
# CONV t=290.00 cond=0 evap=0 rough=0 back_s=0
# LEDGER t=290.000 mode=3 sum_err=0 max|E-iEu|=1.110e-16 run_max_diff=0.000e+00 run_max_sum_err=0 steps=14500 E0_int=5040459317391304 sum=5040459317391304
# NETG t=290.00 gates min=1.0000 mean=1.0000 edges=1
# PIN t=290.00 R=-0.030809133 nv=2
# SLIP t=290.00 e=0 psi=-0.0008 unw=-0.001 nu_win=-0.000001 dwb_win=-0.000000
295.000	5038.7811	1.6986813	0	0.010726575	5040.45931739	-1.804e-16	17939	12.036	11.947	12.049	0.991	0.0000	0.8372	0.16661	0.8500	0.9849	1.59730	1.65000	0.0000	0.0000	0.0000	0.00043829	-0.00021156	-4.2866e-06	0	0	0
# CONV t=295.00 cond=0 evap=0 rough=0 back_s=0
# LEDGER t=295.000 mode=3 sum_err=0 max|E-iEu|=1.110e-16 run_max_diff=0.000e+00 run_max_sum_err=0 steps=14750 E0_int=5040459317391304 sum=5040459317391304
# NETG t=295.00 gates min=1.0000 mean=1.0000 edges=1
# PIN t=295.00 R=-0.0311928877 nv=2
# SLIP t=295.00 e=0 psi=-0.0009 unw=-0.001 nu_win=-0.000001 dwb_win=-0.000006
300.000	5038.7811	1.69720014	0	0.0127186943	5040.45931739	-1.804e-16	17939	12.037	11.947	12.045	0.991	0.0000	0.8372	0.16775	0.8500	0.9849	1.59730	1.65000	0.0000	0.0000	0.0000	3.452e-05	-0.00030432	4.167e-05	0	0	0
# CONV t=300.00 cond=0 evap=0 rough=0 back_s=0
# LEDGER t=300.000 mode=3 sum_err=0 max|E-iEu|=1.110e-16 run_max_diff=0.000e+00 run_max_sum_err=0 steps=15000 E0_int=5040459317391304 sum=5040459317391304
# NETG t=300.00 gates min=1.0000 mean=1.0000 edges=1
# PIN t=300.00 R=-0.0317038537 nv=2
# SLIP t=300.00 e=0 psi=-0.0009 unw=-0.001 nu_win=+0.000000 dwb_win=-0.000002
305.000	5038.7811	1.69676333	0	0.0135003603	5040.45931739	-1.804e-16	17939	12.038	11.947	12.048	0.991	0.0000	0.8372	0.16889	0.8500	0.9849	1.59730	1.65000	0.0000	0.0000	0.0000	-0.0004605	-0.00028168	-0.00027149	0	0	0
# CONV t=305.00 cond=0 evap=0 rough=0 back_s=0
# LEDGER t=305.000 mode=3 sum_err=0 max|E-iEu|=1.110e-16 run_max_diff=0.000e+00 run_max_sum_err=0 steps=15250 E0_int=5040459317391304 sum=5040459317391304
# NETG t=305.00 gates min=1.0000 mean=1.0000 edges=1
# PIN t=305.00 R=-0.0320487083 nv=2
# SLIP t=305.00 e=0 psi=-0.0009 unw=-0.001 nu_win=-0.000001 dwb_win=-0.000001
310.000	5038.7811	1.69542182	0	0.0152457436	5040.45931739	0.000e+00	17939	12.038	11.949	12.049	0.991	0.0000	0.8372	0.17002	0.8500	0.9849	1.59730	1.65000	0.0000	0.0000	0.0000	-0.00019877	-0.00050722	-0.00031111	0	0	0
# CONV t=310.00 cond=0 evap=0 rough=0 back_s=0
# LEDGER t=310.000 mode=3 sum_err=0 max|E-iEu|=1.110e-16 run_max_diff=0.000e+00 run_max_sum_err=0 steps=15500 E0_int=5040459317391304 sum=5040459317391304
# NETG t=310.00 gates min=1.0000 mean=1.0000 edges=1
# PIN t=310.00 R=-0.0324525795 nv=2
# SLIP t=310.00 e=0 psi=-0.0009 unw=-0.001 nu_win=-0.000001 dwb_win=-0.000005
315.000	5038.7811	1.69955895	0	0.0116207459	5040.45931739	0.000e+00	17939	12.038	11.944	12.046	0.990	0.0000	0.8372	0.17115	0.8500	0.9849	1.59730	1.65000	0.0000	0.0000	0.0000	0.00031727	-0.00013452	-5.3869e-05	0	0	0
# CONV t=315.00 cond=0 evap=0 rough=0 back_s=0
# LEDGER t=315.000 mode=3 sum_err=0 max|E-iEu|=1.110e-16 run_max_diff=0.000e+00 run_max_sum_err=0 steps=15750 E0_int=5040459317391304 sum=5040459317391304
# NETG t=315.00 gates min=1.0000 mean=1.0000 edges=1
# PIN t=315.00 R=-0.0329647164 nv=2
# SLIP t=315.00 e=0 psi=-0.0009 unw=-0.001 nu_win=+0.000000 dwb_win=-0.000001
320.000	5038.7811	1.69696768	0	0.014554076	5040.45931739	-1.804e-16	17939	12.039	11.947	12.047	0.990	0.0000	0.8372	0.17228	0.8500	0.9849	1.59730	1.65000	0.0000	0.0000	0.0000	-6.9838e-05	0.00018799	0.00011973	0	0	0
# CONV t=320.00 cond=0 evap=0 rough=0 back_s=0
# LEDGER t=320.000 mode=3 sum_err=0 max|E-iEu|=1.110e-16 run_max_diff=0.000e+00 run_max_sum_err=0 steps=16000 E0_int=5040459317391304 sum=5040459317391304
# NETG t=320.00 gates min=1.0000 mean=1.0000 edges=1
# PIN t=320.00 R=-0.0333067718 nv=2
# SLIP t=320.00 e=0 psi=-0.0009 unw=-0.001 nu_win=-0.000000 dwb_win=-0.000001
325.000	5038.7811	1.69690096	0	0.0150455451	5040.45931739	-1.804e-16	17939	12.038	11.947	12.049	0.991	0.0000	0.8372	0.17343	0.8500	0.9849	1.59730	1.65000	0.0000	0.0000	0.0000	-0.00038562	-0.000376	-0.00011774	0	0	0
# CONV t=325.00 cond=0 evap=0 rough=0 back_s=0
# LEDGER t=325.000 mode=3 sum_err=0 max|E-iEu|=1.110e-16 run_max_diff=0.000e+00 run_max_sum_err=0 steps=16250 E0_int=5040459317391304 sum=5040459317391304
# NETG t=325.00 gates min=1.0000 mean=1.0000 edges=1
# PIN t=325.00 R=-0.033731518 nv=2
# SLIP t=325.00 e=0 psi=-0.0010 unw=-0.001 nu_win=-0.000001 dwb_win=-0.000006
330.000	5038.7811	1.70154419	0	0.0108751212	5040.45931739	0.000e+00	17939	12.038	11.942	12.048	0.989	0.0000	0.8372	0.17457	0.8500	0.9849	1.59730	1.65000	0.0000	0.0000	0.0000	0.00015883	4.5031e-05	-2.1249e-05	0	0	0
# CONV t=330.00 cond=0 evap=0 rough=0 back_s=0
# LEDGER t=330.000 mode=3 sum_err=0 max|E-iEu|=1.110e-16 run_max_diff=0.000e+00 run_max_sum_err=0 steps=16500 E0_int=5040459317391304 sum=5040459317391304
# NETG t=330.00 gates min=1.0000 mean=1.0000 edges=1
# PIN t=330.00 R=-0.0342043237 nv=2
# SLIP t=330.00 e=0 psi=-0.0010 unw=-0.001 nu_win=+0.000000 dwb_win=-0.000001
335.000	5038.7811	1.69883737	0	0.0139136047	5040.45931739	-1.804e-16	17939	12.039	11.944	12.047	0.990	0.0000	0.8372	0.1757	0.8500	0.9849	1.59730	1.65000	0.0000	0.0000	0.0000	5.5327e-05	-2.7424e-05	4.8048e-06	0	0	0
# CONV t=335.00 cond=0 evap=0 rough=0 back_s=0
# LEDGER t=335.000 mode=3 sum_err=0 max|E-iEu|=1.110e-16 run_max_diff=0.000e+00 run_max_sum_err=0 steps=16750 E0_int=5040459317391304 sum=5040459317391304
# NETG t=335.00 gates min=1.0000 mean=1.0000 edges=1
# PIN t=335.00 R=-0.0345359951 nv=2
# SLIP t=335.00 e=0 psi=-0.0010 unw=-0.001 nu_win=-0.000000 dwb_win=-0.000002
340.000	5038.7811	1.69754868	0	0.0156712053	5040.45931739	0.000e+00	17939	12.039	11.945	12.049	0.990	0.0000	0.8372	0.17685	0.8500	0.9849	1.59730	1.65000	0.0000	0.0000	0.0000	-0.00027257	-0.00019627	0.00026344	0	0	0
# CONV t=340.00 cond=0 evap=0 rough=0 back_s=0
# LEDGER t=340.000 mode=3 sum_err=0 max|E-iEu|=1.110e-16 run_max_diff=0.000e+00 run_max_sum_err=0 steps=17000 E0_int=5040459317391304 sum=5040459317391304
# NETG t=340.00 gates min=1.0000 mean=1.0000 edges=1
# PIN t=340.00 R=-0.0350049044 nv=2
# SLIP t=340.00 e=0 psi=-0.0010 unw=-0.001 nu_win=-0.000002 dwb_win=-0.000007
345.000	5038.7811	1.69806632	0	0.0156507167	5040.45931739	0.000e+00	17939	12.039	11.944	12.048	0.990	0.0000	0.8371	0.178	0.8500	0.9849	1.59730	1.65000	0.0000	0.0000	0.0000	-0.00024321	-0.00045664	-0.00033932	0	0	0
# CONV t=345.00 cond=0 evap=0 rough=0 back_s=0
# LEDGER t=345.000 mode=3 sum_err=0 max|E-iEu|=1.110e-16 run_max_diff=0.000e+00 run_max_sum_err=0 steps=17250 E0_int=5040459317391304 sum=5040459317391304
# NETG t=345.00 gates min=1.0000 mean=1.0000 edges=1
# PIN t=345.00 R=-0.0355020549 nv=2
# SLIP t=345.00 e=0 psi=-0.0010 unw=-0.001 nu_win=-0.000000 dwb_win=-0.000002
350.000	5038.7811	1.70173345	0	0.0123852728	5040.45931739	-1.804e-16	17939	12.038	11.939	12.046	0.988	0.0000	0.8371	0.17914	0.8500	0.9849	1.59730	1.65000	0.0000	0.0000	0.0000	0.00011336	2.9285e-05	-0.00013181	0	0	0
# CONV t=350.00 cond=0 evap=0 rough=0 back_s=0
# LEDGER t=350.000 mode=3 sum_err=0 max|E-iEu|=1.110e-16 run_max_diff=0.000e+00 run_max_sum_err=0 steps=17500 E0_int=5040459317391304 sum=5040459317391304
# NETG t=350.00 gates min=1.0000 mean=1.0000 edges=1
# PIN t=350.00 R=-0.0359037376 nv=2
# SLIP t=350.00 e=0 psi=-0.0011 unw=-0.001 nu_win=-0.000000 dwb_win=-0.000006
355.000	5038.7811	1.69948397	0	0.0150990241	5040.45931739	-1.804e-16	17939	12.041	11.942	12.047	0.989	0.0000	0.8371	0.18028	0.8500	0.9849	1.59730	1.65000	0.0000	0.0000	0.0000	4.616e-05	9.3001e-05	0.00022816	0	0	0
# CONV t=355.00 cond=0 evap=0 rough=0 back_s=0
# LEDGER t=355.000 mode=3 sum_err=0 max|E-iEu|=1.110e-16 run_max_diff=0.000e+00 run_max_sum_err=0 steps=17750 E0_int=5040459317391304 sum=5040459317391304
# NETG t=355.00 gates min=1.0000 mean=1.0000 edges=1
# PIN t=355.00 R=-0.0363680126 nv=2
# SLIP t=355.00 e=0 psi=-0.0011 unw=-0.001 nu_win=-0.000002 dwb_win=-0.000007
360.000	5038.7811	1.69850798	0	0.0166114611	5040.45931739	0.000e+00	17939	12.041	11.942	12.049	0.989	0.0000	0.8371	0.1814	0.8500	0.9849	1.59730	1.65000	0.0000	0.0000	0.0000	-0.00019383	-3.5868e-05	-3.2351e-05	0	0	0
# CONV t=360.00 cond=0 evap=0 rough=0 back_s=0
# LEDGER t=360.000 mode=3 sum_err=0 max|E-iEu|=1.110e-16 run_max_diff=0.000e+00 run_max_sum_err=0 steps=18000 E0_int=5040459317391304 sum=5040459317391304
# NETG t=360.00 gates min=1.0000 mean=1.0000 edges=1
# PIN t=360.00 R=-0.0369044549 nv=2
# SLIP t=360.00 e=0 psi=-0.0011 unw=-0.001 nu_win=+0.000002 dwb_win=-0.000003
365.000	5038.7811	1.70449517	0	0.0110928396	5040.45931739	-1.804e-16	17940	12.040	11.936	12.048	0.987	0.0000	0.8371	0.18254	0.8500	0.9849	1.59730	1.65000	0.0000	0.0000	0.0000	0.00031375	-6.2039e-06	-0.00024904	0	0	0
# CONV t=365.00 cond=0 evap=0 rough=0 back_s=0
# LEDGER t=365.000 mode=3 sum_err=0 max|E-iEu|=1.110e-16 run_max_diff=0.000e+00 run_max_sum_err=0 steps=18250 E0_int=5040459317391304 sum=5040459317391304
# NETG t=365.00 gates min=1.0000 mean=1.0000 edges=1
# PIN t=365.00 R=-0.0373730294 nv=2
# SLIP t=365.00 e=0 psi=-0.0011 unw=-0.001 nu_win=-0.000003 dwb_win=-0.000008
370.000	5038.7811	1.70167859	0	0.0143783318	5040.45931739	0.000e+00	17940	12.042	11.937	12.049	0.988	0.0000	0.8371	0.18367	0.8500	0.9849	1.59730	1.65000	0.0000	0.0000	0.0000	2.5749e-05	-0.00019288	-6.119e-05	0	0	0
# CONV t=370.00 cond=0 evap=0 rough=0 back_s=0
# LEDGER t=370.000 mode=3 sum_err=0 max|E-iEu|=1.109e-16 run_max_diff=0.000e+00 run_max_sum_err=0 steps=18500 E0_int=5040459317391304 sum=5040459317391304
# NETG t=370.00 gates min=1.0000 mean=1.0000 edges=1
# PIN t=370.00 R=-0.0378419437 nv=2
# SLIP t=370.00 e=0 psi=-0.0012 unw=-0.001 nu_win=-0.000002 dwb_win=-0.000008
375.000	5038.7811	1.70059788	0	0.0160181546	5040.45931739	-1.804e-16	17940	12.043	11.939	12.050	0.988	0.0000	0.8371	0.18482	0.8500	0.9848	1.59731	1.65000	0.0000	0.0000	0.0000	-0.00038063	-0.00036318	-8.2736e-05	0	0	0
# CONV t=375.00 cond=0 evap=0 rough=0 back_s=0
# LEDGER t=375.000 mode=3 sum_err=0 max|E-iEu|=1.110e-16 run_max_diff=0.000e+00 run_max_sum_err=0 steps=18750 E0_int=5040459317391304 sum=5040459317391304
# NETG t=375.00 gates min=1.0000 mean=1.0000 edges=1
# PIN t=375.00 R=-0.0384010497 nv=2
# SLIP t=375.00 e=0 psi=-0.0012 unw=-0.001 nu_win=+0.000001 dwb_win=-0.000003
380.000	5038.7811	1.70186067	0	0.0151890562	5040.45931739	-1.804e-16	17940	12.045	11.940	12.052	0.988	0.0000	0.8371	0.18596	0.8500	0.9848	1.59731	1.65000	0.0000	0.0000	0.0000	5.3343e-05	-0.0001855	7.3267e-05	0	0	0
# CONV t=380.00 cond=0 evap=0 rough=0 back_s=0
# LEDGER t=380.000 mode=3 sum_err=0 max|E-iEu|=1.110e-16 run_max_diff=0.000e+00 run_max_sum_err=0 steps=19000 E0_int=5040459317391304 sum=5040459317391304
# NETG t=380.00 gates min=1.0000 mean=1.0000 edges=1
# PIN t=380.00 R=-0.0388347469 nv=2
# SLIP t=380.00 e=0 psi=-0.0012 unw=-0.001 nu_win=-0.000002 dwb_win=-0.000007
385.000	5038.7811	1.70491694	0	0.0126014111	5040.45931739	-1.804e-16	17940	12.041	11.933	12.048	0.987	0.0000	0.8371	0.18711	0.8500	0.9848	1.59730	1.65000	0.0000	0.0000	0.0000	0.00010553	4.5867e-05	-3.6751e-05	0	0	0
# CONV t=385.00 cond=0 evap=0 rough=0 back_s=0
# LEDGER t=385.000 mode=3 sum_err=0 max|E-iEu|=1.110e-16 run_max_diff=0.000e+00 run_max_sum_err=0 steps=19250 E0_int=5040459317391304 sum=5040459317391304
# NETG t=385.00 gates min=1.0000 mean=1.0000 edges=1
# PIN t=385.00 R=-0.039303368 nv=2
# SLIP t=385.00 e=0 psi=-0.0013 unw=-0.001 nu_win=-0.000002 dwb_win=-0.000008
390.000	5038.7811	1.70297491	0	0.0150221249	5040.45931739	-1.804e-16	17940	12.044	11.935	12.050	0.987	0.0000	0.8371	0.18824	0.8500	0.9848	1.59731	1.65000	0.0000	0.0000	0.0000	-0.00032226	-5.4727e-05	-8.5443e-05	0	0	0
# CONV t=390.00 cond=0 evap=0 rough=0 back_s=0
# LEDGER t=390.000 mode=3 sum_err=0 max|E-iEu|=1.110e-16 run_max_diff=0.000e+00 run_max_sum_err=0 steps=19500 E0_int=5040459317391304 sum=5040459317391304
# NETG t=390.00 gates min=1.0000 mean=1.0000 edges=1
# PIN t=390.00 R=-0.0397820515 nv=2
# SLIP t=390.00 e=0 psi=-0.0013 unw=-0.001 nu_win=+0.000001 dwb_win=+0.000000
395.000	5038.7811	1.70199153	0	0.0163870964	5040.45931739	0.000e+00	17940	12.044	11.936	12.050	0.988	0.0000	0.8371	0.18938	0.8500	0.9848	1.59731	1.65000	0.0000	0.0000	0.0000	-0.00027662	-1.8666e-05	-7.9247e-05	0	0	0
# CONV t=395.00 cond=0 evap=0 rough=0 back_s=0
# LEDGER t=395.000 mode=3 sum_err=0 max|E-iEu|=1.110e-16 run_max_diff=0.000e+00 run_max_sum_err=0 steps=19750 E0_int=5040459317391304 sum=5040459317391304
# NETG t=395.00 gates min=1.0000 mean=1.0000 edges=1
# PIN t=395.00 R=-0.0401636419 nv=2
# SLIP t=395.00 e=0 psi=-0.0013 unw=-0.001 nu_win=-0.000001 dwb_win=-0.000006
400.000	5038.7811	1.70676388	0	0.0121083487	5040.45931739	-1.804e-16	17940	12.045	11.931	12.048	0.986	0.0000	0.8371	0.19051	0.8500	0.9848	1.59730	1.65000	0.0000	0.0000	0.0000	0.00032702	0.00016777	1.043e-06	0	0	0
# CONV t=400.00 cond=0 evap=0 rough=0 back_s=0
# LEDGER t=400.000 mode=3 sum_err=0 max|E-iEu|=1.110e-16 run_max_diff=0.000e+00 run_max_sum_err=0 steps=20000 E0_int=5040459317391304 sum=5040459317391304
# NETG t=400.00 gates min=1.0000 mean=1.0000 edges=1
# PIN t=400.00 R=-0.0406572456 nv=2
# SLIP t=400.00 e=0 psi=-0.0014 unw=-0.001 nu_win=-0.000002 dwb_win=-0.000008
405.000	5038.7811	1.70442519	0	0.0149067453	5040.45931739	0.000e+00	17940	12.045	11.934	12.050	0.987	0.0000	0.8371	0.19163	0.8500	0.9848	1.59730	1.65000	0.0000	0.0000	0.0000	0.00026337	0.00024006	-0.00016968	0	0	0
# CONV t=405.00 cond=0 evap=0 rough=0 back_s=0
# LEDGER t=405.000 mode=3 sum_err=0 max|E-iEu|=1.110e-16 run_max_diff=0.000e+00 run_max_sum_err=0 steps=20250 E0_int=5040459317391304 sum=5040459317391304
# NETG t=405.00 gates min=1.0000 mean=1.0000 edges=1
# PIN t=405.00 R=-0.0411169549 nv=2
# SLIP t=405.00 e=0 psi=-0.0013 unw=-0.001 nu_win=+0.000001 dwb_win=+0.000001
410.000	5038.7811	1.70317136	0	0.016532941	5040.45931739	1.804e-16	17939	12.046	11.934	12.052	0.987	0.0000	0.8371	0.19273	0.8500	0.9848	1.59731	1.65000	0.0000	0.0000	0.0000	-4.7235e-05	-0.00033278	-8.5944e-05	0	0	0
# CONV t=410.00 cond=0 evap=0 rough=0 back_s=0
# LEDGER t=410.000 mode=3 sum_err=0 max|E-iEu|=1.109e-16 run_max_diff=0.000e+00 run_max_sum_err=0 steps=20500 E0_int=5040459317391304 sum=5040459317391304
# NETG t=410.00 gates min=1.0000 mean=1.0000 edges=1
# PIN t=410.00 R=-0.041489322 nv=2
# SLIP t=410.00 e=0 psi=-0.0014 unw=-0.001 nu_win=-0.000001 dwb_win=-0.000006
415.000	5038.7811	1.70516534	0	0.0150167109	5040.45931739	-1.804e-16	17939	12.048	11.934	12.054	0.987	0.0000	0.8371	0.19382	0.8500	0.9848	1.59730	1.65000	0.0000	0.0000	0.0000	0.00035292	-0.00032415	0.00019355	0	0	0
# CONV t=415.00 cond=0 evap=0 rough=0 back_s=0
# LEDGER t=415.000 mode=3 sum_err=0 max|E-iEu|=1.110e-16 run_max_diff=0.000e+00 run_max_sum_err=0 steps=20750 E0_int=5040459317391304 sum=5040459317391304
# NETG t=415.00 gates min=1.0000 mean=1.0000 edges=1
# PIN t=415.00 R=-0.0419670691 nv=2
# SLIP t=415.00 e=0 psi=-0.0014 unw=-0.001 nu_win=-0.000002 dwb_win=-0.000006
420.000	5038.7811	1.7053757	0	0.0152576571	5040.45931739	0.000e+00	17939	12.046	11.932	12.050	0.986	0.0000	0.8371	0.19489	0.8500	0.9848	1.59730	1.65000	0.0000	0.0000	0.0000	0.00043615	0.00012909	-5.7209e-05	0	0	0
# CONV t=420.00 cond=0 evap=0 rough=0 back_s=0
# LEDGER t=420.000 mode=3 sum_err=0 max|E-iEu|=1.110e-16 run_max_diff=0.000e+00 run_max_sum_err=0 steps=21000 E0_int=5040459317391304 sum=5040459317391304
# NETG t=420.00 gates min=1.0000 mean=1.0000 edges=1
# PIN t=420.00 R=-0.042418371 nv=2
# SLIP t=420.00 e=0 psi=-0.0014 unw=-0.001 nu_win=+0.000001 dwb_win=+0.000001
425.000	5038.7811	1.70439464	0	0.0166013665	5040.45931739	-1.804e-16	17939	12.048	11.933	12.051	0.986	0.0000	0.8371	0.19596	0.8500	0.9848	1.59731	1.65000	0.0000	0.0000	0.0000	0.0002436	0.00024334	-0.00029824	0	0	0
# CONV t=425.00 cond=0 evap=0 rough=0 back_s=0
# LEDGER t=425.000 mode=3 sum_err=0 max|E-iEu|=1.110e-16 run_max_diff=0.000e+00 run_max_sum_err=0 steps=21250 E0_int=5040459317391304 sum=5040459317391304
# NETG t=425.00 gates min=1.0000 mean=1.0000 edges=1
# PIN t=425.00 R=-0.0427810243 nv=2
# SLIP t=425.00 e=0 psi=-0.0014 unw=-0.001 nu_win=-0.000000 dwb_win=-0.000004
430.000	5038.7811	1.70362623	0	0.0179003522	5040.45931739	0.000e+00	17939	12.050	11.932	12.052	0.986	0.0000	0.8371	0.19702	0.8500	0.9848	1.59730	1.64999	0.0000	0.0000	0.0000	-0.00014369	-0.00024104	-3.6602e-05	0	0	0
# CONV t=430.00 cond=0 evap=0 rough=0 back_s=0
# LEDGER t=430.000 mode=3 sum_err=0 max|E-iEu|=1.110e-16 run_max_diff=0.000e+00 run_max_sum_err=0 steps=21500 E0_int=5040459317391304 sum=5040459317391304
# NETG t=430.00 gates min=1.0000 mean=1.0000 edges=1
# PIN t=430.00 R=-0.0433116009 nv=2
# SLIP t=430.00 e=0 psi=-0.0015 unw=-0.001 nu_win=-0.000002 dwb_win=-0.000006
435.000	5038.7811	1.70803176	0	0.0139497837	5040.45931739	0.000e+00	17939	12.049	11.927	12.050	0.985	0.0000	0.8371	0.19805	0.8500	0.9848	1.59731	1.64999	0.0000	0.0000	0.0000	0.00020137	2.6507e-05	-0.00040996	0	0	0
# CONV t=435.00 cond=0 evap=0 rough=0 back_s=0
# LEDGER t=435.000 mode=3 sum_err=0 max|E-iEu|=1.110e-16 run_max_diff=0.000e+00 run_max_sum_err=0 steps=21750 E0_int=5040459317391304 sum=5040459317391304
# NETG t=435.00 gates min=1.0000 mean=1.0000 edges=1
# PIN t=435.00 R=-0.0437665592 nv=2
# SLIP t=435.00 e=0 psi=-0.0014 unw=-0.001 nu_win=+0.000001 dwb_win=+0.000001
440.000	5038.7811	1.70513643	0	0.0172247254	5040.45931739	-1.804e-16	17939	12.051	11.931	12.052	0.986	0.0000	0.8371	0.19907	0.8500	0.9848	1.59731	1.64999	0.0000	0.0000	0.0000	0.00014621	0.00037529	0.00012455	0	0	0
# CONV t=440.00 cond=0 evap=0 rough=0 back_s=0
# LEDGER t=440.000 mode=3 sum_err=0 max|E-iEu|=1.109e-16 run_max_diff=0.000e+00 run_max_sum_err=0 steps=22000 E0_int=5040459317391304 sum=5040459317391304
# NETG t=440.00 gates min=1.0000 mean=1.0000 edges=1
# PIN t=440.00 R=-0.0441461736 nv=2
# SLIP t=440.00 e=0 psi=-0.0014 unw=-0.001 nu_win=-0.000001 dwb_win=-0.000005
445.000	5038.7811	1.70399987	0	0.0189257988	5040.45931739	-1.804e-16	17939	12.050	11.931	12.054	0.986	0.0000	0.8371	0.20007	0.8500	0.9848	1.59730	1.64999	0.0000	0.0000	0.0000	-0.00055759	0.00024595	0.00014695	0	0	0
# CONV t=445.00 cond=0 evap=0 rough=0 back_s=0
# LEDGER t=445.000 mode=3 sum_err=0 max|E-iEu|=1.110e-16 run_max_diff=0.000e+00 run_max_sum_err=0 steps=22250 E0_int=5040459317391304 sum=5040459317391304
# NETG t=445.00 gates min=1.0000 mean=1.0000 edges=1
# PIN t=445.00 R=-0.0447106885 nv=2
# SLIP t=445.00 e=0 psi=-0.0015 unw=-0.002 nu_win=-0.000002 dwb_win=-0.000007
450.000	5038.7811	1.70891458	0	0.0145036715	5040.45931739	-1.804e-16	17939	12.052	11.929	12.056	0.984	0.0000	0.8371	0.20104	0.8500	0.9848	1.59731	1.64999	0.0000	0.0000	0.0000	4.0641e-06	-0.00054062	9.6392e-05	0	0	0
# CONV t=450.00 cond=0 evap=0 rough=0 back_s=0
# LEDGER t=450.000 mode=3 sum_err=0 max|E-iEu|=1.110e-16 run_max_diff=0.000e+00 run_max_sum_err=0 steps=22500 E0_int=5040459317391304 sum=5040459317391304
# NETG t=450.00 gates min=1.0000 mean=1.0000 edges=1
# PIN t=450.00 R=-0.0452032653 nv=2
# SLIP t=450.00 e=0 psi=-0.0015 unw=-0.002 nu_win=+0.000000 dwb_win=-0.000002
455.000	5038.7811	1.70710999	0	0.0167291	5040.45931739	-1.804e-16	17939	12.049	11.928	12.053	0.985	0.0000	0.8371	0.202	0.8500	0.9848	1.59731	1.64999	0.0000	0.0000	0.0000	0.00044201	-5.8791e-05	-1.9488e-05	0	0	0
# CONV t=455.00 cond=0 evap=0 rough=0 back_s=0
# LEDGER t=455.000 mode=3 sum_err=0 max|E-iEu|=1.109e-16 run_max_diff=0.000e+00 run_max_sum_err=0 steps=22750 E0_int=5040459317391304 sum=5040459317391304
# NETG t=455.00 gates min=1.0000 mean=1.0000 edges=1
# PIN t=455.00 R=-0.0456241091 nv=2
# SLIP t=455.00 e=0 psi=-0.0015 unw=-0.002 nu_win=-0.000000 dwb_win=-0.000006
460.000	5038.7811	1.70544713	0	0.0189402782	5040.45931739	0.000e+00	17939	12.050	11.928	12.056	0.985	0.0000	0.8371	0.20293	0.8500	0.9848	1.59730	1.64999	0.0000	0.0000	0.0000	-0.00012467	3.1562e-05	0.00028479	0	0	0
# CONV t=460.00 cond=0 evap=0 rough=0 back_s=0
# LEDGER t=460.000 mode=3 sum_err=0 max|E-iEu|=1.108e-16 run_max_diff=0.000e+00 run_max_sum_err=0 steps=23000 E0_int=5040459317391304 sum=5040459317391304
# NETG t=460.00 gates min=1.0000 mean=1.0000 edges=1
# PIN t=460.00 R=-0.0461724281 nv=2
# SLIP t=460.00 e=0 psi=-0.0016 unw=-0.002 nu_win=-0.000003 dwb_win=-0.000009
465.000	5038.7811	1.70482756	0	0.0200909363	5040.45931739	0.000e+00	17939	12.051	11.929	12.056	0.986	0.0000	0.8371	0.20385	0.8500	0.9848	1.59731	1.64999	0.0000	0.0000	0.0000	-0.00037493	0.0001414	-7.2253e-05	0	0	0
# CONV t=465.00 cond=0 evap=0 rough=0 back_s=0
# LEDGER t=465.000 mode=3 sum_err=0 max|E-iEu|=1.110e-16 run_max_diff=0.000e+00 run_max_sum_err=0 steps=23250 E0_int=5040459317391304 sum=5040459317391304
# NETG t=465.00 gates min=1.0000 mean=1.0000 edges=1
# PIN t=465.00 R=-0.0467035118 nv=2
# SLIP t=465.00 e=0 psi=-0.0016 unw=-0.002 nu_win=-0.000000 dwb_win=-0.000005
470.000	5038.7811	1.71046356	0	0.0148682474	5040.45931739	0.000e+00	17939	12.051	11.923	12.054	0.983	0.0000	0.8371	0.20475	0.8500	0.9848	1.59731	1.64999	0.0000	0.0000	0.0000	0.00028997	-0.00011426	-9.3791e-05	0	0	0
# CONV t=470.00 cond=0 evap=0 rough=0 back_s=0
# LEDGER t=470.000 mode=3 sum_err=0 max|E-iEu|=1.110e-16 run_max_diff=0.000e+00 run_max_sum_err=0 steps=23500 E0_int=5040459317391304 sum=5040459317391304
# NETG t=470.00 gates min=1.0000 mean=1.0000 edges=1
# PIN t=470.00 R=-0.0471168284 nv=2
# SLIP t=470.00 e=0 psi=-0.0016 unw=-0.002 nu_win=-0.000000 dwb_win=-0.000005
475.000	5038.7811	1.70741324	0	0.0184904063	5040.45931739	0.000e+00	17939	12.052	11.926	12.054	0.984	0.0000	0.8371	0.20566	0.8500	0.9848	1.59730	1.64999	0.0000	0.0000	0.0000	-0.00021197	-0.00018348	0.00018084	0	0	0
# CONV t=475.00 cond=0 evap=0 rough=0 back_s=0
# LEDGER t=475.000 mode=3 sum_err=0 max|E-iEu|=1.110e-16 run_max_diff=0.000e+00 run_max_sum_err=0 steps=23750 E0_int=5040459317391304 sum=5040459317391304
# NETG t=475.00 gates min=1.0000 mean=1.0000 edges=1
# PIN t=475.00 R=-0.0476886659 nv=2
# SLIP t=475.00 e=0 psi=-0.0017 unw=-0.002 nu_win=-0.000003 dwb_win=-0.000010
480.000	5038.7811	1.70594207	0	0.0205057419	5040.45931739	-1.804e-16	17939	12.051	11.925	12.057	0.985	0.0000	0.8371	0.20656	0.8500	0.9848	1.59731	1.64999	0.0000	0.0000	0.0000	-0.00051859	-0.00028608	1.7521e-05	0	0	0
# CONV t=480.00 cond=0 evap=0 rough=0 back_s=0
# LEDGER t=480.000 mode=3 sum_err=0 max|E-iEu|=1.110e-16 run_max_diff=0.000e+00 run_max_sum_err=0 steps=24000 E0_int=5040459317391304 sum=5040459317391304
# NETG t=480.00 gates min=1.0000 mean=1.0000 edges=1
# PIN t=480.00 R=-0.0482328243 nv=2
# SLIP t=480.00 e=0 psi=-0.0017 unw=-0.002 nu_win=-0.000000 dwb_win=-0.000005
485.000	5038.7811	1.71170671	0	0.0151176576	5040.45931739	-3.609e-16	17939	12.050	11.923	12.058	0.983	0.0000	0.8371	0.20747	0.8500	0.9848	1.59731	1.64999	0.0000	0.0000	0.0000	-0.0003976	-0.00019455	-3.5982e-05	0	0	0
# CONV t=485.00 cond=0 evap=0 rough=0 back_s=0
# LEDGER t=485.000 mode=3 sum_err=0 max|E-iEu|=1.110e-16 run_max_diff=0.000e+00 run_max_sum_err=0 steps=24250 E0_int=5040459317391304 sum=5040459317391304
# NETG t=485.00 gates min=1.0000 mean=1.0000 edges=1
# PIN t=485.00 R=-0.048609386 nv=2
# SLIP t=485.00 e=0 psi=-0.0017 unw=-0.002 nu_win=-0.000001 dwb_win=-0.000003
490.000	5038.7811	1.70994402	0	0.0175041362	5040.45931739	-1.804e-16	17939	12.052	11.921	12.056	0.983	0.0000	0.8371	0.2084	0.8500	0.9848	1.59730	1.64999	0.0000	0.0000	0.0000	-0.00013971	0.00019571	-5.3467e-05	0	0	0
# CONV t=490.00 cond=0 evap=0 rough=0 back_s=0
# LEDGER t=490.000 mode=3 sum_err=0 max|E-iEu|=1.110e-16 run_max_diff=0.000e+00 run_max_sum_err=0 steps=24500 E0_int=5040459317391304 sum=5040459317391304
# NETG t=490.00 gates min=1.0000 mean=1.0000 edges=1
# PIN t=490.00 R=-0.0492331771 nv=2
# SLIP t=490.00 e=0 psi=-0.0017 unw=-0.002 nu_win=-0.000001 dwb_win=-0.000008
495.000	5038.7811	1.7077813	0	0.0201071031	5040.45931739	-1.804e-16	17939	12.052	11.923	12.058	0.984	0.0000	0.8371	0.20931	0.8500	0.9848	1.59730	1.64999	0.0000	0.0000	0.0000	-0.00030612	-0.00017027	-0.00019421	0	0	0
# CONV t=495.00 cond=0 evap=0 rough=0 back_s=0
# LEDGER t=495.000 mode=3 sum_err=0 max|E-iEu|=1.110e-16 run_max_diff=0.000e+00 run_max_sum_err=0 steps=24750 E0_int=5040459317391304 sum=5040459317391304
# NETG t=495.00 gates min=1.0000 mean=1.0000 edges=1
# PIN t=495.00 R=-0.0496734196 nv=2
# SLIP t=495.00 e=0 psi=-0.0018 unw=-0.002 nu_win=-0.000000 dwb_win=+0.000001
500.000	5038.7811	1.70628439	0	0.0219986463	5040.45931739	-1.804e-16	17939	12.052	11.924	12.058	0.985	0.0000	0.8371	0.21023	0.8500	0.9848	1.59730	1.64999	0.0000	0.0000	0.0000	-0.00035364	-0.00012754	0.00013323	0	0	0
# CONV t=500.00 cond=0 evap=0 rough=0 back_s=0
# LEDGER t=500.000 mode=3 sum_err=0 max|E-iEu|=1.110e-16 run_max_diff=0.000e+00 run_max_sum_err=0 steps=25000 E0_int=5040459317391304 sum=5040459317391304
# NETG t=500.00 gates min=1.0000 mean=1.0000 edges=1
# PIN t=500.00 R=-0.0500680551 nv=2
# SLIP t=500.00 e=0 psi=-0.0018 unw=-0.002 nu_win=-0.000000 dwb_win=-0.000004
505.000	5038.7811	1.71248386	0	0.0164231794	5040.45931739	1.804e-16	17939	12.049	11.918	12.056	0.982	0.0000	0.8371	0.21115	0.8500	0.9848	1.59730	1.64999	0.0000	0.0000	0.0000	-0.00022721	-0.00018871	-0.00022367	0	0	0
# CONV t=505.00 cond=0 evap=0 rough=0 back_s=0
# LEDGER t=505.000 mode=3 sum_err=0 max|E-iEu|=1.110e-16 run_max_diff=0.000e+00 run_max_sum_err=0 steps=25250 E0_int=5040459317391304 sum=5040459317391304
# NETG t=505.00 gates min=1.0000 mean=1.0000 edges=1
# PIN t=505.00 R=-0.0506920557 nv=2
# SLIP t=505.00 e=0 psi=-0.0018 unw=-0.002 nu_win=-0.000001 dwb_win=-0.000007
510.000	5038.7811	1.71034207	0	0.0190083809	5040.45931739	0.000e+00	17939	12.053	11.920	12.057	0.983	0.0000	0.8371	0.21206	0.8500	0.9848	1.59730	1.64999	0.0000	0.0000	0.0000	2.9586e-05	1.9788e-05	5.1736e-05	0	0	0
# CONV t=510.00 cond=0 evap=0 rough=0 back_s=0
# LEDGER t=510.000 mode=3 sum_err=0 max|E-iEu|=1.110e-16 run_max_diff=0.000e+00 run_max_sum_err=0 steps=25500 E0_int=5040459317391304 sum=5040459317391304
# NETG t=510.00 gates min=1.0000 mean=1.0000 edges=1
# PIN t=510.00 R=-0.0511354661 nv=2
# SLIP t=510.00 e=0 psi=-0.0018 unw=-0.002 nu_win=-0.000001 dwb_win=+0.000000
515.000	5038.7811	1.70874431	0	0.0209788074	5040.45931739	0.000e+00	17939	12.052	11.921	12.060	0.983	0.0000	0.8371	0.21299	0.8500	0.9848	1.59730	1.64999	0.0000	0.0000	0.0000	-0.00039098	0.00014331	0.00018144	0	0	0
# CONV t=515.00 cond=0 evap=0 rough=0 back_s=0
# LEDGER t=515.000 mode=3 sum_err=0 max|E-iEu|=1.110e-16 run_max_diff=0.000e+00 run_max_sum_err=0 steps=25750 E0_int=5040459317391304 sum=5040459317391304
# NETG t=515.00 gates min=1.0000 mean=1.0000 edges=1
# PIN t=515.00 R=-0.0515081334 nv=2
# SLIP t=515.00 e=0 psi=-0.0018 unw=-0.002 nu_win=-0.000000 dwb_win=-0.000002
520.000	5038.7811	1.71464482	0	0.015741285	5040.45931739	-1.804e-16	17939	12.050	11.918	12.059	0.981	0.0000	0.8371	0.21392	0.8500	0.9848	1.59729	1.64999	0.0000	0.0000	0.0000	-5.533e-05	-3.887e-05	4.2832e-05	0	0	0
# CONV t=520.00 cond=0 evap=0 rough=0 back_s=0
# LEDGER t=520.000 mode=3 sum_err=0 max|E-iEu|=1.110e-16 run_max_diff=0.000e+00 run_max_sum_err=0 steps=26000 E0_int=5040459317391304 sum=5040459317391304
# NETG t=520.00 gates min=1.0000 mean=1.0000 edges=1
# PIN t=520.00 R=-0.0521711261 nv=2
# SLIP t=520.00 e=0 psi=-0.0018 unw=-0.002 nu_win=-0.000000 dwb_win=-0.000006
525.000	5038.7811	1.71168168	0	0.0191691675	5040.45931739	-1.804e-16	17939	12.049	11.919	12.058	0.982	0.0000	0.8371	0.21485	0.8500	0.9848	1.59729	1.64999	0.0000	0.0000	0.0000	-0.0001441	0.00030661	-0.00031564	0	0	0
# CONV t=525.00 cond=0 evap=0 rough=0 back_s=0
# LEDGER t=525.000 mode=3 sum_err=0 max|E-iEu|=1.110e-16 run_max_diff=0.000e+00 run_max_sum_err=0 steps=26250 E0_int=5040459317391304 sum=5040459317391304
# NETG t=525.00 gates min=1.0000 mean=1.0000 edges=1
# PIN t=525.00 R=-0.0526358656 nv=2
# SLIP t=525.00 e=0 psi=-0.0019 unw=-0.002 nu_win=-0.000001 dwb_win=+0.000000
530.000	5038.7811	1.71067063	0	0.0205593578	5040.45931739	-3.609e-16	17940	12.051	11.917	12.062	0.982	0.0000	0.8371	0.21579	0.8500	0.9848	1.59730	1.64999	0.0000	0.0000	0.0000	1.7613e-05	-7.0743e-05	0.00019812	0	0	0
# CONV t=530.00 cond=0 evap=0 rough=0 back_s=0
# LEDGER t=530.000 mode=3 sum_err=0 max|E-iEu|=1.110e-16 run_max_diff=0.000e+00 run_max_sum_err=0 steps=26500 E0_int=5040459317391304 sum=5040459317391304
# NETG t=530.00 gates min=1.0000 mean=1.0000 edges=1
# PIN t=530.00 R=-0.0530150034 nv=2
# SLIP t=530.00 e=0 psi=-0.0019 unw=-0.002 nu_win=-0.000000 dwb_win=-0.000001
535.000	5038.7811	1.70934743	0	0.022559331	5040.45931739	0.000e+00	17940	12.054	11.921	12.062	0.983	0.0000	0.8371	0.21671	0.8500	0.9848	1.59729	1.64999	0.0000	0.0000	0.0000	-0.00012491	-0.00016352	0.00038243	0	0	0
# CONV t=535.00 cond=0 evap=0 rough=0 back_s=0
# LEDGER t=535.000 mode=3 sum_err=0 max|E-iEu|=1.110e-16 run_max_diff=0.000e+00 run_max_sum_err=0 steps=26750 E0_int=5040459317391304 sum=5040459317391304
# NETG t=535.00 gates min=1.0000 mean=1.0000 edges=1
# PIN t=535.00 R=-0.0536917826 nv=2
# SLIP t=535.00 e=0 psi=-0.0019 unw=-0.002 nu_win=-0.000000 dwb_win=-0.000006
540.000	5038.7811	1.71464364	0	0.0177568956	5040.45931739	0.000e+00	17940	12.048	11.917	12.060	0.980	0.0000	0.8371	0.21762	0.8500	0.9848	1.59729	1.64999	0.0000	0.0000	0.0000	0.00015058	-3.785e-05	-7.0474e-05	0	0	0
# CONV t=540.00 cond=0 evap=0 rough=0 back_s=0
# LEDGER t=540.000 mode=3 sum_err=0 max|E-iEu|=1.110e-16 run_max_diff=0.000e+00 run_max_sum_err=0 steps=27000 E0_int=5040459317391304 sum=5040459317391304
# NETG t=540.00 gates min=1.0000 mean=1.0000 edges=1
# PIN t=540.00 R=-0.0541855485 nv=2
# SLIP t=540.00 e=0 psi=-0.0018 unw=-0.002 nu_win=+0.000001 dwb_win=+0.000003
545.000	5038.7811	1.7122312	0	0.0205330629	5040.45931739	0.000e+00	17940	12.049	11.919	12.061	0.981	0.0000	0.8371	0.21854	0.8500	0.9848	1.59729	1.64999	0.0000	0.0000	0.0000	-0.00055857	0.00041241	-0.00015299	0	0	0
# CONV t=545.00 cond=0 evap=0 rough=0 back_s=0
# LEDGER t=545.000 mode=3 sum_err=0 max|E-iEu|=1.110e-16 run_max_diff=0.000e+00 run_max_sum_err=0 steps=27250 E0_int=5040459317391304 sum=5040459317391304
# NETG t=545.00 gates min=1.0000 mean=1.0000 edges=1
# PIN t=545.00 R=-0.0545492838 nv=2
# SLIP t=545.00 e=0 psi=-0.0019 unw=-0.002 nu_win=-0.000001 dwb_win=+0.000001
550.000	5038.7811	1.71133518	0	0.0221164843	5040.45931739	0.000e+00	17940	12.048	11.919	12.064	0.982	0.0000	0.8371	0.21946	0.8500	0.9848	1.59728	1.64999	0.0000	0.0000	0.0000	-0.00038486	-3.9971e-05	0.00015774	0	0	0
# CONV t=550.00 cond=0 evap=0 rough=0 back_s=0
# LEDGER t=550.000 mode=3 sum_err=0 max|E-iEu|=1.110e-16 run_max_diff=0.000e+00 run_max_sum_err=0 steps=27500 E0_int=5040459317391304 sum=5040459317391304
# NETG t=550.00 gates min=1.0000 mean=1.0000 edges=1
# PIN t=550.00 R=-0.0552366853 nv=2
# SLIP t=550.00 e=0 psi=-0.0019 unw=-0.002 nu_win=-0.000000 dwb_win=-0.000002
555.000	5038.7811	1.71728189	0	0.0167050912	5040.45931739	-1.804e-16	17940	12.046	11.916	12.062	0.979	0.0000	0.8371	0.22039	0.8500	0.9848	1.59729	1.64999	0.0000	0.0000	0.0000	6.9843e-05	-2.4282e-05	-0.00010943	0	0	0
# CONV t=555.00 cond=0 evap=0 rough=0 back_s=0
# LEDGER t=555.000 mode=3 sum_err=0 max|E-iEu|=1.109e-16 run_max_diff=0.000e+00 run_max_sum_err=0 steps=27750 E0_int=5040459317391304 sum=5040459317391304
# NETG t=555.00 gates min=1.0000 mean=1.0000 edges=1
# PIN t=555.00 R=-0.0557719973 nv=2
# SLIP t=555.00 e=0 psi=-0.0019 unw=-0.002 nu_win=+0.000001 dwb_win=+0.000003
560.000	5038.7811	1.71376857	0	0.0206297871	5040.45931739	-1.804e-16	17940	12.044	11.919	12.063	0.980	0.0000	0.8371	0.2213	0.8500	0.9848	1.59729	1.64999	0.0000	0.0000	0.0000	-4.4971e-05	0.00037251	-0.00010032	0	0	0
# CONV t=560.00 cond=0 evap=0 rough=0 back_s=0
# LEDGER t=560.000 mode=3 sum_err=0 max|E-iEu|=1.110e-16 run_max_diff=0.000e+00 run_max_sum_err=0 steps=28000 E0_int=5040459317391304 sum=5040459317391304
# NETG t=560.00 gates min=1.0000 mean=1.0000 edges=1
# PIN t=560.00 R=-0.0561833695 nv=2
# SLIP t=560.00 e=0 psi=-0.0019 unw=-0.002 nu_win=-0.000001 dwb_win=-0.000002
565.000	5038.7811	1.71235009	0	0.0228306743	5040.45931739	-1.804e-16	17940	12.043	11.919	12.062	0.981	0.0000	0.8371	0.22222	0.8500	0.9848	1.59728	1.64999	0.0000	0.0000	0.0000	-0.0003804	0.00022462	-8.9208e-05	0	0	0
# CONV t=565.00 cond=0 evap=0 rough=0 back_s=0
# LEDGER t=565.000 mode=3 sum_err=0 max|E-iEu|=1.110e-16 run_max_diff=0.000e+00 run_max_sum_err=0 steps=28250 E0_int=5040459317391304 sum=5040459317391304
# NETG t=565.00 gates min=1.0000 mean=1.0000 edges=1
# PIN t=565.00 R=-0.0569657775 nv=2
# SLIP t=565.00 e=0 psi=-0.0019 unw=-0.002 nu_win=-0.000001 dwb_win=-0.000008
570.000	5038.7811	1.71438516	0	0.0213509197	5040.45931739	-1.804e-16	17940	12.049	11.921	12.065	0.980	0.0000	0.8371	0.22312	0.8500	0.9848	1.59729	1.64999	0.0000	0.0000	0.0000	-0.00063106	-0.00054956	-0.00028101	0	0	0
# CONV t=570.00 cond=0 evap=0 rough=0 back_s=0
# LEDGER t=570.000 mode=3 sum_err=0 max|E-iEu|=1.110e-16 run_max_diff=0.000e+00 run_max_sum_err=0 steps=28500 E0_int=5040459317391304 sum=5040459317391304
# NETG t=570.00 gates min=1.0000 mean=1.0000 edges=1
# PIN t=570.00 R=-0.0575211006 nv=2
# SLIP t=570.00 e=0 psi=-0.0019 unw=-0.002 nu_win=+0.000000 dwb_win=-0.000003
575.000	5038.7811	1.71671411	0	0.0193867561	5040.45931739	-1.804e-16	17940	12.042	11.917	12.061	0.979	0.0000	0.8371	0.22402	0.8500	0.9848	1.59730	1.64999	0.0000	0.0000	0.0000	7.8188e-05	-2.8024e-05	-0.00021546	0	0	0
# CONV t=575.00 cond=0 evap=0 rough=0 back_s=0
# LEDGER t=575.000 mode=3 sum_err=0 max|E-iEu|=1.110e-16 run_max_diff=0.000e+00 run_max_sum_err=0 steps=28750 E0_int=5040459317391304 sum=5040459317391304
# NETG t=575.00 gates min=1.0000 mean=1.0000 edges=1
# PIN t=575.00 R=-0.0578858814 nv=2
# SLIP t=575.00 e=0 psi=-0.0020 unw=-0.002 nu_win=-0.000001 dwb_win=-0.000002
580.000	5038.7811	1.71426449	0	0.0225647861	5040.45931739	0.000e+00	17940	12.044	11.919	12.063	0.980	0.0000	0.8371	0.22488	0.8500	0.9848	1.59730	1.64999	0.0000	0.0000	0.0000	-0.00044836	0.00057948	-0.00010675	0	0	0
# CONV t=580.00 cond=0 evap=0 rough=0 back_s=0
# LEDGER t=580.000 mode=3 sum_err=0 max|E-iEu|=1.110e-16 run_max_diff=0.000e+00 run_max_sum_err=0 steps=29000 E0_int=5040459317391304 sum=5040459317391304
# NETG t=580.00 gates min=1.0000 mean=1.0000 edges=1
# PIN t=580.00 R=-0.0586142908 nv=2
# SLIP t=580.00 e=0 psi=-0.0020 unw=-0.002 nu_win=-0.000001 dwb_win=-0.000011
585.000	5038.7811	1.71306363	0	0.0243833807	5040.45931739	-3.609e-16	17940	12.042	11.919	12.061	0.980	0.0000	0.8371	0.22573	0.8500	0.9848	1.59730	1.64999	0.0000	0.0000	0.0000	-0.0003201	0.00051281	-0.00014839	0	0	0
# CONV t=585.00 cond=0 evap=0 rough=0 back_s=0
# LEDGER t=585.000 mode=3 sum_err=0 max|E-iEu|=1.110e-16 run_max_diff=0.000e+00 run_max_sum_err=0 steps=29250 E0_int=5040459317391304 sum=5040459317391304
# NETG t=585.00 gates min=1.0000 mean=1.0000 edges=1
# PIN t=585.00 R=-0.0592320251 nv=2
# SLIP t=585.00 e=0 psi=-0.0020 unw=-0.002 nu_win=-0.000000 dwb_win=-0.000005
590.000	5038.7811	1.72094308	0	0.0168361581	5040.45931739	-1.804e-16	17940	12.041	11.914	12.059	0.977	0.0000	0.8371	0.22656	0.8500	0.9848	1.59731	1.64999	0.0000	0.0000	0.0000	0.00013377	-0.00046728	0.00012698	0	0	0
# CONV t=590.00 cond=0 evap=0 rough=0 back_s=0
# LEDGER t=590.000 mode=3 sum_err=0 max|E-iEu|=1.110e-16 run_max_diff=0.000e+00 run_max_sum_err=0 steps=29500 E0_int=5040459317391304 sum=5040459317391304
# NETG t=590.00 gates min=1.0000 mean=1.0000 edges=1
# PIN t=590.00 R=-0.0595642546 nv=2
# SLIP t=590.00 e=0 psi=-0.0021 unw=-0.002 nu_win=-0.000001 dwb_win=-0.000002
595.000	5038.7811	1.71670435	0	0.0218345774	5040.45931739	0.000e+00	17940	12.042	11.917	12.060	0.978	0.0000	0.8371	0.22738	0.8500	0.9848	1.59730	1.64999	0.0000	0.0000	0.0000	-0.00040841	0.00017022	-0.00028652	0	0	0
# CONV t=595.00 cond=0 evap=0 rough=0 back_s=0
# LEDGER t=595.000 mode=3 sum_err=0 max|E-iEu|=1.110e-16 run_max_diff=0.000e+00 run_max_sum_err=0 steps=29750 E0_int=5040459317391304 sum=5040459317391304
# NETG t=595.00 gates min=1.0000 mean=1.0000 edges=1
# PIN t=595.00 R=-0.0603239478 nv=2
# SLIP t=595.00 e=0 psi=-0.0021 unw=-0.002 nu_win=-0.000001 dwb_win=-0.000008
600.000	5038.7811	1.71431516	0	0.0248726077	5040.45931739	-1.804e-16	17940	12.041	11.917	12.060	0.979	0.0000	0.8371	0.22817	0.8500	0.9848	1.59730	1.64999	0.0000	0.0000	0.0000	-0.00077859	5.4269e-05	-4.5e-05	0	0	0
# CONV t=600.00 cond=0 evap=0 rough=0 back_s=0
# LEDGER t=600.000 mode=3 sum_err=0 max|E-iEu|=1.110e-16 run_max_diff=0.000e+00 run_max_sum_err=0 steps=30000 E0_int=5040459317391304 sum=5040459317391304
# NETG t=600.00 gates min=1.0000 mean=1.0000 edges=1
# PIN t=600.00 R=-0.0609727838 nv=2
# SLIP t=600.00 e=0 psi=-0.0021 unw=-0.002 nu_win=+0.000001 dwb_win=+0.000001
# RESULT es_shells 0.75:0.8995 2.25:1.0002 3.75:1.0002 5.25:1.0002 6.75:1.0001 8.25:1.0001 9.75:1.0001 11.25:1.0001
# RESULT LEDGER mode=3 E0_int=5040459317391304 sum_int=5040459317391304 max_sum_err=0 max|E-iEu|=0.000e+00 steps=30000
# RESULT conservation E0=5040.45931739 Efinal=5040.45931739 rel_drift=-1.804e-16
# RESULT roughness_radiated=0 (dissonant dense deliveries converted to field, conserved)
# NETGATE F 0 1 pq=1:1 d=1.5196 psi_f=-0.0021 psi_b=+0.0042 gf=1.0000 gb=1.0000
# RESULT pin R=-0.0609727838 nv=2 (reservoir inside the conservation sum)
# RESULT slip e=0 pq=1:1 nu_slip=-0.000001 dw_bare=-0.000004 dw_over_2pi=-0.000001 slips=-0.00 locked=1 flips=0 fix_pq=1:1 fix_nu=-0.000001 fix_dwb2pi=-0.000001 fix_slips=-0.00 fix_locked=1 window=[300.0,600.0]
# RESULT curvature_fit defA_per_Em=3.35314 r2=0.8865 (linear defect ~ converted energy)
