# cellfab — v89 cell-fabric kernel (no lattice, no prior code)
# cfg seed=20260727 mode=field init=net
# cfg L=24 dmin=1.25 r0=0.85 rjit=0.06
# cfg C=1 w1=1.65 w2=2.9 q_detune=1.2 gamma_res=0.25 gamma_res_m=0.1 p_gate=8
# cfg lock_floor=0.005
# cfg k_dep=1.2 k_dep_m=2 cap=2.5 e_s0=1 es_floor=0.05
# cfg e_cond=0 f_conv=0.25 f_evap=0.5 s_pull=0.15
# cfg kappa_lock=1 kappa_align=0.5 kappa_freq=0 kappa_reac=0 sigma_tumble=0.01
# cfg space: s_k=0.06 s_disp=0.3 es_gx=0
# cfg dt=0.02 T=600 diag_every=250 snap_every=0
# cfg center=(-1,-1,-1) amp=1 sigma=2.5 k=(0,0,0) prealign=0 noise_amp=0
# cfg music: comb_limit=6 rough_k=0.35 gamma_rough=0.5 mob_sym=1 mob_floor=0.004
# cfg field sector: two-component signed amplitude, unitary hops, field_J=1.8
# cfg ledger: mode=3 u=1.000e-12 (cellfabi INT_LEDGER)
# GEOM relax start: NC=5039 contact_floor=1.5200 sweeps=800 k=0.3
# GEOM relax done: residual_close_pairs=11233 (below floor 1.5200)
# GEOM links: NL=18353 dbar=1.5449 sigma_d=0.0464 (3.01%)
# action atom: A0=1.1500 (dbar=1.5449) mode=2 — eps(w)=A0*w/2pi; atoms at mode boundaries, transport continuous
# edge coloring: 14 colors for 18353 links
# NETGATE 0 1 pq=1:1 d=1.5196 psi_f=-0.2939 psi_b=-0.2939 gf=0.8409 gb=0.8409
# net: seeded nv=2 ne=1 worst_pick=0.000 gates min=0.8409 mean=0.8409 parasites=0 gpar_max=0.0000 file=/home/d/code/scp/v89/mass_balance/nets/mb1s_dM0p10.net
# fabric: cells=5039 channels=18353 mean_degree=7.28 box=24 dmin=1.25
# LEDGER seed mode=3 u=1.000e-12 E0_int=5040024534782608 NC=5039 NL=18353
# LEDGER seed mode=3 u=1.000e-12 E0_int=5040024534782608 NC=5039 NL=18353
# t	E_space	E_dense	E_field	E_transfer	E_total	rel_drift	live_ch	cm_x	cm_y	cm_z	contain	front_r	r_core	defA	r_far	r_ratio	w_core	w_far
0.000	5038.84632	1.178215	0	0	5040.02453478	0.000e+00	17939	12.035	11.967	12.056	1.000	0.0000	0.8430	0	0.8500	0.9918	1.60959	1.65000	0.0000	0.0000	0.0000	0	0	0	0	0	0
# CONV t=0.00 cond=0 evap=0 rough=0 back_s=0
# LEDGER t=0.000 mode=3 sum_err=0 max|E-iEu|=3.479e-13 run_max_diff=0.000e+00 run_max_sum_err=0 steps=0 E0_int=5040024534782608 sum=5040024534782608
# NETG t=0.00 gates min=0.8409 mean=0.8409 edges=1
# PIN t=0.00 R=0 nv=2
5.000	5038.84632	1.17904128	0	0.0668213784	5040.02453478	0.000e+00	17939	12.035	11.967	12.056	1.000	0.0000	0.8429	0.021045	0.8500	0.9916	1.60788	1.65000	0.0000	0.0000	0.0000	4.8628e-05	-5.9774e-05	-4.3323e-06	0	0	0
# CONV t=5.00 cond=0 evap=0 rough=0 back_s=0
# LEDGER t=5.000 mode=3 sum_err=0 max|E-iEu|=1.110e-16 run_max_diff=0.000e+00 run_max_sum_err=0 steps=250 E0_int=5040024534782608 sum=5040024534782608
# NETG t=5.00 gates min=0.8791 mean=0.8790 edges=1
# PIN t=5.00 R=-0.0676476551 nv=2
# SLIP t=5.00 e=0 psi=-0.2535 unw=+0.040 nu_win=+0.001290 dwb_win=-0.000001
10.000	5038.84632	1.17898717	0	0.114597101	5040.02453478	-1.805e-16	17939	12.035	11.967	12.056	1.000	0.0000	0.8427	0.037502	0.8500	0.9913	1.60665	1.65000	0.0000	0.0000	0.0000	7.7301e-05	-0.0001917	-6.4511e-05	0	0	0
# CONV t=10.00 cond=0 evap=0 rough=0 back_s=0
# LEDGER t=10.000 mode=3 sum_err=0 max|E-iEu|=1.110e-16 run_max_diff=0.000e+00 run_max_sum_err=0 steps=500 E0_int=5040024534782608 sum=5040024534782608
# NETG t=10.00 gates min=0.9044 mean=0.9044 edges=1
# PIN t=10.00 R=-0.115369273 nv=2
# SLIP t=10.00 e=0 psi=-0.2239 unw=+0.070 nu_win=+0.000941 dwb_win=-0.000001
15.000	5038.84632	1.17927834	0	0.151009533	5040.02453478	-1.805e-16	17939	12.035	11.966	12.056	1.000	0.0000	0.8424	0.049496	0.8500	0.9910	1.60572	1.65000	0.0000	0.0000	0.0000	0.00012018	-0.00023254	-2.9889e-05	0	0	0
# CONV t=15.00 cond=0 evap=0 rough=0 back_s=0
# LEDGER t=15.000 mode=3 sum_err=0 max|E-iEu|=1.110e-16 run_max_diff=0.000e+00 run_max_sum_err=0 steps=750 E0_int=5040024534782608 sum=5040024534782608
# NETG t=15.00 gates min=0.9216 mean=0.9215 edges=1
# PIN t=15.00 R=-0.152072872 nv=2
# SLIP t=15.00 e=0 psi=-0.2020 unw=+0.092 nu_win=+0.000697 dwb_win=-0.000017
20.000	5038.84632	1.18034211	0	0.024058782	5040.02453478	-1.805e-16	17939	12.036	11.965	12.056	1.000	0.0000	0.8421	0.05802	0.8500	0.9907	1.60899	1.65000	0.0000	0.0000	0.0000	-0.00011533	-2.7451e-05	-0.00015953	0	0	0
# CONV t=20.00 cond=0 evap=0 rough=0 back_s=0
# LEDGER t=20.000 mode=3 sum_err=0 max|E-iEu|=1.110e-16 run_max_diff=0.000e+00 run_max_sum_err=0 steps=1000 E0_int=5040024534782608 sum=5040024534782608
# NETG t=20.00 gates min=0.8539 mean=0.8539 edges=1
# PIN t=20.00 R=-0.0261858976 nv=2
# SLIP t=20.00 e=0 psi=-0.2805 unw=+0.013 nu_win=-0.002499 dwb_win=+0.000000
25.000	5038.84632	1.18053177	0	0.0614532948	5040.02453478	0.000e+00	17939	12.036	11.965	12.055	1.000	0.0000	0.8418	0.064035	0.8500	0.9904	1.60802	1.65000	0.0000	0.0000	0.0000	0.00015038	-0.00015663	-0.00021617	0	0	0
# CONV t=25.00 cond=0 evap=0 rough=0 back_s=0
# LEDGER t=25.000 mode=3 sum_err=0 max|E-iEu|=1.110e-16 run_max_diff=0.000e+00 run_max_sum_err=0 steps=1250 E0_int=5040024534782608 sum=5040024534782608
# NETG t=25.00 gates min=0.8758 mean=0.8757 edges=1
# PIN t=25.00 R=-0.063770072 nv=2
# SLIP t=25.00 e=0 psi=-0.2573 unw=+0.037 nu_win=+0.000739 dwb_win=-0.000017
30.000	5038.84632	1.18044266	0	0.0940040415	5040.02453478	-1.805e-16	17939	12.036	11.965	12.054	1.000	0.0000	0.8416	0.068347	0.8500	0.9901	1.60718	1.65000	0.0000	0.0000	0.0000	-5.7769e-05	-0.00024278	-7.7213e-05	0	0	0
# CONV t=30.00 cond=0 evap=0 rough=0 back_s=0
# LEDGER t=30.000 mode=3 sum_err=0 max|E-iEu|=1.110e-16 run_max_diff=0.000e+00 run_max_sum_err=0 steps=1500 E0_int=5040024534782608 sum=5040024534782608
# NETG t=30.00 gates min=0.8933 mean=0.8933 edges=1
# PIN t=30.00 R=-0.0962317142 nv=2
# SLIP t=30.00 e=0 psi=-0.2373 unw=+0.057 nu_win=+0.000637 dwb_win=-0.000001
35.000	5038.84632	1.18156688	0	0.00553884833	5040.02453478	-1.805e-16	17939	12.037	11.963	12.055	0.999	0.0000	0.8414	0.071507	0.8500	0.9899	1.60949	1.65000	0.0000	0.0000	0.0000	-0.00011188	-3.9543e-05	-0.00012436	0	0	0
# CONV t=35.00 cond=0 evap=0 rough=0 back_s=0
# LEDGER t=35.000 mode=3 sum_err=0 max|E-iEu|=1.110e-16 run_max_diff=0.000e+00 run_max_sum_err=0 steps=1750 E0_int=5040024534782608 sum=5040024534782608
# NETG t=35.00 gates min=0.8419 mean=0.8418 edges=1
# PIN t=35.00 R=-0.00889074452 nv=2
# SLIP t=35.00 e=0 psi=-0.2930 unw=+0.001 nu_win=-0.001772 dwb_win=-0.000015
40.000	5038.84632	1.18220467	0	0.0364568079	5040.02453478	-1.805e-16	17939	12.036	11.962	12.053	0.999	0.0000	0.8412	0.073931	0.8500	0.9897	1.60867	1.65000	0.0000	0.0000	0.0000	-0.00012873	-7.1203e-05	-0.00035339	0	0	0
# CONV t=40.00 cond=0 evap=0 rough=0 back_s=0
# LEDGER t=40.000 mode=3 sum_err=0 max|E-iEu|=1.110e-16 run_max_diff=0.000e+00 run_max_sum_err=0 steps=2000 E0_int=5040024534782608 sum=5040024534782608
# NETG t=40.00 gates min=0.8609 mean=0.8609 edges=1
# PIN t=40.00 R=-0.040446494 nv=2
# SLIP t=40.00 e=0 psi=-0.2733 unw=+0.021 nu_win=+0.000626 dwb_win=-0.000002
45.000	5038.84632	1.18162138	0	0.0659508335	5040.02453478	-1.805e-16	17939	12.036	11.963	12.052	0.999	0.0000	0.8411	0.075856	0.8500	0.9895	1.60792	1.65000	0.0000	0.0000	0.0000	-0.00013125	-0.00032953	-0.00033539	0	0	0
# CONV t=45.00 cond=0 evap=0 rough=0 back_s=0
# LEDGER t=45.000 mode=3 sum_err=0 max|E-iEu|=1.110e-16 run_max_diff=0.000e+00 run_max_sum_err=0 steps=2250 E0_int=5040024534782608 sum=5040024534782608
# NETG t=45.00 gates min=0.8774 mean=0.8773 edges=1
# PIN t=45.00 R=-0.0693572324 nv=2
# SLIP t=45.00 e=0 psi=-0.2555 unw=+0.038 nu_win=+0.000568 dwb_win=-0.000015
50.000	5038.84632	1.18238246	0	0.0931687897	5040.02453478	-1.805e-16	17939	12.036	11.962	12.052	0.999	0.0000	0.8410	0.077449	0.8500	0.9893	1.60721	1.65000	0.0000	0.0000	0.0000	0.00012081	-0.00030759	-0.00016753	0	0	0
# CONV t=50.00 cond=0 evap=0 rough=0 back_s=0
# LEDGER t=50.000 mode=3 sum_err=0 max|E-iEu|=1.110e-16 run_max_diff=0.000e+00 run_max_sum_err=0 steps=2500 E0_int=5040024534782608 sum=5040024534782608
# NETG t=50.00 gates min=0.8921 mean=0.8921 edges=1
# PIN t=50.00 R=-0.0973362636 nv=2
# SLIP t=50.00 e=0 psi=-0.2387 unw=+0.055 nu_win=+0.000534 dwb_win=-0.000011
55.000	5038.84632	1.18380168	0	0.0209325301	5040.02453478	0.000e+00	17939	12.037	11.958	12.051	0.998	0.0000	0.8408	0.078821	0.8500	0.9892	1.60909	1.65000	0.0000	0.0000	0.0000	-2.2692e-05	-0.00021497	2.6739e-06	0	0	0
# CONV t=55.00 cond=0 evap=0 rough=0 back_s=0
# LEDGER t=55.000 mode=3 sum_err=0 max|E-iEu|=1.110e-16 run_max_diff=0.000e+00 run_max_sum_err=0 steps=2750 E0_int=5040024534782608 sum=5040024534782608
# NETG t=55.00 gates min=0.8510 mean=0.8510 edges=1
# PIN t=55.00 R=-0.0265192275 nv=2
# SLIP t=55.00 e=0 psi=-0.2836 unw=+0.010 nu_win=-0.001429 dwb_win=-0.000007
60.000	5038.84632	1.18394252	0	0.048306288	5040.02453478	1.805e-16	17939	12.036	11.959	12.050	0.998	0.0000	0.8407	0.080029	0.8500	0.9891	1.60837	1.65000	0.0000	0.0000	0.0000	3.8889e-05	-0.0002621	6.7945e-06	0	0	0
# CONV t=60.00 cond=0 evap=0 rough=0 back_s=0
# LEDGER t=60.000 mode=3 sum_err=0 max|E-iEu|=1.110e-16 run_max_diff=0.000e+00 run_max_sum_err=0 steps=3000 E0_int=5040024534782608 sum=5040024534782608
# NETG t=60.00 gates min=0.8669 mean=0.8669 edges=1
# PIN t=60.00 R=-0.0540338275 nv=2
# SLIP t=60.00 e=0 psi=-0.2670 unw=+0.027 nu_win=+0.000530 dwb_win=-0.000018
65.000	5038.84632	1.18325121	0	0.0751101532	5040.02453478	0.000e+00	17939	12.037	11.959	12.050	0.998	0.0000	0.8406	0.081121	0.8500	0.9890	1.60771	1.65000	0.0000	0.0000	0.0000	-0.00021692	-0.00033591	-0.0004108	0	0	0
# CONV t=65.00 cond=0 evap=0 rough=0 back_s=0
# LEDGER t=65.000 mode=3 sum_err=0 max|E-iEu|=1.110e-16 run_max_diff=0.000e+00 run_max_sum_err=0 steps=3250 E0_int=5040024534782608 sum=5040024534782608
# NETG t=65.00 gates min=0.8816 mean=0.8816 edges=1
# PIN t=65.00 R=-0.0801463836 nv=2
# SLIP t=65.00 e=0 psi=-0.2507 unw=+0.043 nu_win=+0.000517 dwb_win=-0.000003
70.000	5038.84632	1.18583731	0	0.00922848369	5040.02453478	0.000e+00	17939	12.038	11.954	12.049	0.997	0.0000	0.8406	0.082109	0.8500	0.9889	1.60940	1.65000	0.0000	0.0000	0.0000	0.00012896	-0.00013725	6.2849e-06	0	0	0
# CONV t=70.00 cond=0 evap=0 rough=0 back_s=0
# LEDGER t=70.000 mode=3 sum_err=0 max|E-iEu|=1.110e-16 run_max_diff=0.000e+00 run_max_sum_err=0 steps=3500 E0_int=5040024534782608 sum=5040024534782608
# NETG t=70.00 gates min=0.8432 mean=0.8431 edges=1
# PIN t=70.00 R=-0.0168508082 nv=2
# SLIP t=70.00 e=0 psi=-0.2917 unw=+0.002 nu_win=-0.001305 dwb_win=-0.000021
75.000	5038.84632	1.18563078	0	0.0346413833	5040.02453478	0.000e+00	17939	12.038	11.955	12.047	0.997	0.0000	0.8405	0.083084	0.8500	0.9888	1.60875	1.65000	0.0000	0.0000	0.0000	0.0001418	-0.00027266	-8.4474e-05	0	0	0
# CONV t=75.00 cond=0 evap=0 rough=0 back_s=0
# LEDGER t=75.000 mode=3 sum_err=0 max|E-iEu|=1.110e-16 run_max_diff=0.000e+00 run_max_sum_err=0 steps=3750 E0_int=5040024534782608 sum=5040024534782608
# NETG t=75.00 gates min=0.8584 mean=0.8584 edges=1
# PIN t=75.00 R=-0.0420571764 nv=2
# SLIP t=75.00 e=0 psi=-0.2759 unw=+0.018 nu_win=+0.000503 dwb_win=+0.000000
80.000	5038.84632	1.18508007	0	0.0607635697	5040.02453478	-1.805e-16	17939	12.037	11.956	12.047	0.997	0.0000	0.8404	0.084033	0.8500	0.9887	1.60809	1.65000	0.0000	0.0000	0.0000	0.00014279	-0.00026168	-4.4368e-05	0	0	0
# CONV t=80.00 cond=0 evap=0 rough=0 back_s=0
# LEDGER t=80.000 mode=3 sum_err=0 max|E-iEu|=1.110e-16 run_max_diff=0.000e+00 run_max_sum_err=0 steps=4000 E0_int=5040024534782608 sum=5040024534782608
# NETG t=80.00 gates min=0.8730 mean=0.8729 edges=1
# PIN t=80.00 R=-0.0676286561 nv=2
# SLIP t=80.00 e=0 psi=-0.2605 unw=+0.033 nu_win=+0.000491 dwb_win=-0.000015
85.000	5038.84632	1.18595134	0	0.0841086705	5040.02453478	-1.805e-16	17939	12.039	11.954	12.049	0.997	0.0000	0.8404	0.084968	0.8500	0.9887	1.60747	1.65000	0.0000	0.0000	0.0000	3.767e-05	-0.00013594	-0.00052735	0	0	0
# CONV t=85.00 cond=0 evap=0 rough=0 back_s=0
# LEDGER t=85.000 mode=3 sum_err=0 max|E-iEu|=1.110e-16 run_max_diff=0.000e+00 run_max_sum_err=0 steps=4250 E0_int=5040024534782608 sum=5040024534782608
# NETG t=85.00 gates min=0.8862 mean=0.8862 edges=1
# PIN t=85.00 R=-0.0918450261 nv=2
# SLIP t=85.00 e=0 psi=-0.2455 unw=+0.048 nu_win=+0.000476 dwb_win=-0.000002
90.000	5038.84632	1.18758227	0	0.0230363777	5040.02453478	-1.805e-16	17939	12.039	11.951	12.046	0.996	0.0000	0.8403	0.085882	0.8500	0.9886	1.60906	1.65000	0.0000	0.0000	0.0000	-0.00011602	5.0921e-05	2.7709e-05	0	0	0
# CONV t=90.00 cond=0 evap=0 rough=0 back_s=0
# LEDGER t=90.000 mode=3 sum_err=0 max|E-iEu|=1.110e-16 run_max_diff=0.000e+00 run_max_sum_err=0 steps=4500 E0_int=5040024534782608 sum=5040024534782608
# NETG t=90.00 gates min=0.8510 mean=0.8509 edges=1
# PIN t=90.00 R=-0.0324036625 nv=2
# SLIP t=90.00 e=0 psi=-0.2838 unw=+0.010 nu_win=-0.001217 dwb_win=-0.000011
95.000	5038.84632	1.18664178	0	0.047722234	5040.02453478	0.000e+00	17939	12.040	11.953	12.046	0.996	0.0000	0.8403	0.086765	0.8500	0.9886	1.60844	1.65000	0.0000	0.0000	0.0000	4.151e-05	-8.8024e-05	-0.00020741	0	0	0
# CONV t=95.00 cond=0 evap=0 rough=0 back_s=0
# LEDGER t=95.000 mode=3 sum_err=0 max|E-iEu|=1.110e-16 run_max_diff=0.000e+00 run_max_sum_err=0 steps=4750 E0_int=5040024534782608 sum=5040024534782608
# NETG t=95.00 gates min=0.8649 mean=0.8649 edges=1
# PIN t=95.00 R=-0.0561490333 nv=2
# SLIP t=95.00 e=0 psi=-0.2691 unw=+0.025 nu_win=+0.000468 dwb_win=-0.000002
100.000	5038.84632	1.18643442	0	0.0722994789	5040.02453478	-1.805e-16	17939	12.040	11.953	12.047	0.997	0.0000	0.8402	0.087603	0.8500	0.9885	1.60782	1.65000	0.0000	0.0000	0.0000	4.7768e-05	-0.00022514	-0.00017046	0	0	0
# CONV t=100.00 cond=0 evap=0 rough=0 back_s=0
# LEDGER t=100.000 mode=3 sum_err=0 max|E-iEu|=1.110e-16 run_max_diff=0.000e+00 run_max_sum_err=0 steps=5000 E0_int=5040024534782608 sum=5040024534782608
# NETG t=100.00 gates min=0.8786 mean=0.8785 edges=1
# PIN t=100.00 R=-0.0805189129 nv=2
# SLIP t=100.00 e=0 psi=-0.2542 unw=+0.040 nu_win=+0.000472 dwb_win=-0.000007
105.000	5038.84632	1.19023523	0	0.0120932675	5040.02453478	-1.805e-16	17939	12.042	11.948	12.046	0.995	0.0000	0.8402	0.088419	0.8500	0.9885	1.60932	1.65000	0.0000	0.0000	0.0000	-4.2368e-05	-5.9805e-05	-0.00017982	0	0	0
# CONV t=105.00 cond=0 evap=0 rough=0 back_s=0
# LEDGER t=105.000 mode=3 sum_err=0 max|E-iEu|=1.110e-16 run_max_diff=0.000e+00 run_max_sum_err=0 steps=5250 E0_int=5040024534782608 sum=5040024534782608
# NETG t=105.00 gates min=0.8442 mean=0.8442 edges=1
# PIN t=105.00 R=-0.0241135118 nv=2
# SLIP t=105.00 e=0 psi=-0.2904 unw=+0.003 nu_win=-0.001153 dwb_win=+0.000004
110.000	5038.84632	1.18883319	0	0.0365442607	5040.02453478	0.000e+00	17939	12.042	11.949	12.044	0.995	0.0000	0.8402	0.089229	0.8500	0.9884	1.60873	1.65000	0.0000	0.0000	0.0000	-0.00013165	-0.00019399	-0.00034011	0	0	0
# CONV t=110.00 cond=0 evap=0 rough=0 back_s=0
# LEDGER t=110.000 mode=3 sum_err=0 max|E-iEu|=1.110e-16 run_max_diff=0.000e+00 run_max_sum_err=0 steps=5500 E0_int=5040024534782608 sum=5040024534782608
# NETG t=110.00 gates min=0.8581 mean=0.8581 edges=1
# PIN t=110.00 R=-0.0471624678 nv=2
# SLIP t=110.00 e=0 psi=-0.2761 unw=+0.018 nu_win=+0.000456 dwb_win=-0.000008
115.000	5038.84632	1.18813128	0	0.060639867	5040.02453478	-1.805e-16	17939	12.042	11.950	12.046	0.996	0.0000	0.8401	0.090011	0.8500	0.9884	1.60813	1.65000	0.0000	0.0000	0.0000	-7.8624e-05	-0.00025947	-0.00027977	0	0	0
# CONV t=115.00 cond=0 evap=0 rough=0 back_s=0
# LEDGER t=115.000 mode=3 sum_err=0 max|E-iEu|=1.110e-16 run_max_diff=0.000e+00 run_max_sum_err=0 steps=5750 E0_int=5040024534782608 sum=5040024534782608
# NETG t=115.00 gates min=0.8714 mean=0.8714 edges=1
# PIN t=115.00 R=-0.0705561607 nv=2
# SLIP t=115.00 e=0 psi=-0.2620 unw=+0.032 nu_win=+0.000450 dwb_win=-0.000001
120.000	5038.84632	1.1887846	0	0.0836166903	5040.02453478	0.000e+00	17939	12.042	11.949	12.048	0.996	0.0000	0.8401	0.090793	0.8500	0.9884	1.60752	1.65000	0.0000	0.0000	0.0000	9.3551e-05	-0.00011997	-0.00032281	0	0	0
# CONV t=120.00 cond=0 evap=0 rough=0 back_s=0
# LEDGER t=120.000 mode=3 sum_err=0 max|E-iEu|=1.110e-16 run_max_diff=0.000e+00 run_max_sum_err=0 steps=6000 E0_int=5040024534782608 sum=5040024534782608
# NETG t=120.00 gates min=0.8844 mean=0.8844 edges=1
# PIN t=120.00 R=-0.0941863037 nv=2
# SLIP t=120.00 e=0 psi=-0.2475 unw=+0.046 nu_win=+0.000462 dwb_win=-0.000006
125.000	5038.84632	1.19191095	0	0.0255185107	5040.02453478	0.000e+00	17939	12.046	11.943	12.044	0.994	0.0000	0.8401	0.091552	0.8500	0.9883	1.60899	1.65000	0.0000	0.0000	0.0000	-0.0001351	-0.0001509	-0.00039784	0	0	0
# CONV t=125.00 cond=0 evap=0 rough=0 back_s=0
# LEDGER t=125.000 mode=3 sum_err=0 max|E-iEu|=1.110e-16 run_max_diff=0.000e+00 run_max_sum_err=0 steps=6250 E0_int=5040024534782608 sum=5040024534782608
# NETG t=125.00 gates min=0.8517 mean=0.8517 edges=1
# PIN t=125.00 R=-0.039214473 nv=2
# SLIP t=125.00 e=0 psi=-0.2829 unw=+0.011 nu_win=-0.001126 dwb_win=-0.000005
130.000	5038.84632	1.1899985	0	0.0502808626	5040.02453478	0.000e+00	17939	12.044	11.948	12.045	0.995	0.0000	0.8401	0.092312	0.8500	0.9883	1.60840	1.65000	0.0000	0.0000	0.0000	-9.3412e-05	-0.00034357	-0.00049844	0	0	0
# CONV t=130.00 cond=0 evap=0 rough=0 back_s=0
# LEDGER t=130.000 mode=3 sum_err=0 max|E-iEu|=1.110e-16 run_max_diff=0.000e+00 run_max_sum_err=0 steps=6500 E0_int=5040024534782608 sum=5040024534782608
# NETG t=130.00 gates min=0.8652 mean=0.8652 edges=1
# PIN t=130.00 R=-0.0620643773 nv=2
# SLIP t=130.00 e=0 psi=-0.2687 unw=+0.025 nu_win=+0.000452 dwb_win=-0.000010
135.000	5038.84632	1.18979086	0	0.0735013341	5040.02453478	0.000e+00	17939	12.043	11.947	12.047	0.995	0.0000	0.8400	0.093033	0.8500	0.9883	1.60781	1.65000	0.0000	0.0000	0.0000	0.00017962	-0.00031112	-0.00024407	0	0	0
# CONV t=135.00 cond=0 evap=0 rough=0 back_s=0
# LEDGER t=135.000 mode=3 sum_err=0 max|E-iEu|=1.110e-16 run_max_diff=0.000e+00 run_max_sum_err=0 steps=6750 E0_int=5040024534782608 sum=5040024534782608
# NETG t=135.00 gates min=0.8779 mean=0.8779 edges=1
# PIN t=135.00 R=-0.0850772139 nv=2
# SLIP t=135.00 e=0 psi=-0.2549 unw=+0.039 nu_win=+0.000438 dwb_win=-0.000007
140.000	5038.84632	1.19373965	0	0.0155486998	5040.02453478	0.000e+00	17939	12.044	11.942	12.045	0.993	0.0000	0.8400	0.093744	0.8500	0.9883	1.60925	1.65000	0.0000	0.0000	0.0000	0.00035217	-0.00013838	-6.0701e-05	0	0	0
# CONV t=140.00 cond=0 evap=0 rough=0 back_s=0
# LEDGER t=140.000 mode=3 sum_err=0 max|E-iEu|=1.110e-16 run_max_diff=0.000e+00 run_max_sum_err=0 steps=7000 E0_int=5040024534782608 sum=5040024534782608
# NETG t=140.00 gates min=0.8452 mean=0.8452 edges=1
# PIN t=140.00 R=-0.0310733643 nv=2
# SLIP t=140.00 e=0 psi=-0.2895 unw=+0.004 nu_win=-0.001101 dwb_win=-0.000007
145.000	5038.84632	1.19348359	0	0.0380659142	5040.02453478	0.000e+00	17939	12.045	11.943	12.043	0.993	0.0000	0.8400	0.094435	0.8500	0.9882	1.60867	1.65000	0.0000	0.0000	0.0000	-0.00011819	2.1117e-05	-5.1688e-06	0	0	0
# CONV t=145.00 cond=0 evap=0 rough=0 back_s=0
# LEDGER t=145.000 mode=3 sum_err=0 max|E-iEu|=1.110e-16 run_max_diff=0.000e+00 run_max_sum_err=0 steps=7250 E0_int=5040024534782608 sum=5040024534782608
# NETG t=145.00 gates min=0.8585 mean=0.8584 edges=1
# PIN t=145.00 R=-0.0533345202 nv=2
# SLIP t=145.00 e=0 psi=-0.2760 unw=+0.018 nu_win=+0.000430 dwb_win=-0.000011
150.000	5038.84632	1.19207645	0	0.0612899953	5040.02453478	-1.805e-16	17939	12.045	11.944	12.046	0.994	0.0000	0.8400	0.095125	0.8500	0.9882	1.60812	1.65000	0.0000	0.0000	0.0000	-0.00016519	-0.00024817	-0.00037314	0	0	0
# CONV t=150.00 cond=0 evap=0 rough=0 back_s=0
# LEDGER t=150.000 mode=3 sum_err=0 max|E-iEu|=1.110e-16 run_max_diff=0.000e+00 run_max_sum_err=0 steps=7500 E0_int=5040024534782608 sum=5040024534782608
# NETG t=150.00 gates min=0.8710 mean=0.8710 edges=1
# PIN t=150.00 R=-0.0751514577 nv=2
# SLIP t=150.00 e=0 psi=-0.2624 unw=+0.031 nu_win=+0.000432 dwb_win=-0.000001
155.000	5038.84632	1.19194775	0	0.0849485822	5040.02453478	-1.805e-16	17939	12.044	11.944	12.048	0.994	0.0000	0.8400	0.095798	0.8500	0.9882	1.60752	1.65000	0.0000	0.0000	0.0000	0.00016963	-0.00028946	-0.00046725	0	0	0
# CONV t=155.00 cond=0 evap=0 rough=0 back_s=0
# LEDGER t=155.000 mode=3 sum_err=0 max|E-iEu|=1.110e-16 run_max_diff=0.000e+00 run_max_sum_err=0 steps=7750 E0_int=5040024534782608 sum=5040024534782608
# NETG t=155.00 gates min=0.8839 mean=0.8837 edges=1
# PIN t=155.00 R=-0.0986813526 nv=2
# SLIP t=155.00 e=0 psi=-0.2484 unw=+0.045 nu_win=+0.000447 dwb_win=-0.000009
160.000	5038.84632	1.19616951	0	0.027604515	5040.02453478	0.000e+00	17939	12.046	11.940	12.039	0.991	0.0000	0.8400	0.096473	0.8500	0.9882	1.60894	1.65000	0.0000	0.0000	0.0000	0.00011248	6.0955e-05	-0.00032277	0	0	0
# CONV t=160.00 cond=0 evap=0 rough=0 back_s=0
# LEDGER t=160.000 mode=3 sum_err=0 max|E-iEu|=1.110e-16 run_max_diff=0.000e+00 run_max_sum_err=0 steps=8000 E0_int=5040024534782608 sum=5040024534782608
# NETG t=160.00 gates min=0.8523 mean=0.8523 edges=1
# PIN t=160.00 R=-0.0455590403 nv=2
# SLIP t=160.00 e=0 psi=-0.2822 unw=+0.012 nu_win=-0.001075 dwb_win=+0.000006
165.000	5038.84632	1.19420701	0	0.0511414735	5040.02453478	-1.805e-16	17939	12.045	11.943	12.044	0.992	0.0000	0.8400	0.097154	0.8500	0.9882	1.60838	1.65000	0.0000	0.0000	0.0000	-0.00025074	-0.0001281	-0.00034389	0	0	0
# CONV t=165.00 cond=0 evap=0 rough=0 back_s=0
# LEDGER t=165.000 mode=3 sum_err=0 max|E-iEu|=1.110e-16 run_max_diff=0.000e+00 run_max_sum_err=0 steps=8250 E0_int=5040024534782608 sum=5040024534782608
# NETG t=165.00 gates min=0.8650 mean=0.8649 edges=1
# PIN t=165.00 R=-0.0671334966 nv=2
# SLIP t=165.00 e=0 psi=-0.2691 unw=+0.025 nu_win=+0.000417 dwb_win=-0.000005
170.000	5038.84632	1.19344317	0	0.0743429363	5040.02453478	-1.805e-16	17939	12.045	11.944	12.046	0.993	0.0000	0.8399	0.097832	0.8500	0.9882	1.60781	1.65000	0.0000	0.0000	0.0000	-0.00045824	4.7052e-06	-0.00052825	0	0	0
# CONV t=170.00 cond=0 evap=0 rough=0 back_s=0
# LEDGER t=170.000 mode=3 sum_err=0 max|E-iEu|=1.110e-16 run_max_diff=0.000e+00 run_max_sum_err=0 steps=8500 E0_int=5040024534782608 sum=5040024534782608
# NETG t=170.00 gates min=0.8776 mean=0.8775 edges=1
# PIN t=170.00 R=-0.0895711216 nv=2
# SLIP t=170.00 e=0 psi=-0.2552 unw=+0.039 nu_win=+0.000442 dwb_win=+0.000010
175.000	5038.84632	1.19765541	0	0.0183808449	5040.02453478	-1.805e-16	17939	12.044	11.940	12.042	0.991	0.0000	0.8399	0.098518	0.8500	0.9881	1.60919	1.65000	0.0000	0.0000	0.0000	-4.2171e-05	2.3285e-05	-8.1723e-05	0	0	0
# CONV t=175.00 cond=0 evap=0 rough=0 back_s=0
# LEDGER t=175.000 mode=3 sum_err=0 max|E-iEu|=1.110e-16 run_max_diff=0.000e+00 run_max_sum_err=0 steps=8750 E0_int=5040024534782608 sum=5040024534782608
# NETG t=175.00 gates min=0.8462 mean=0.8461 edges=1
# PIN t=175.00 R=-0.0378212736 nv=2
# SLIP t=175.00 e=0 psi=-0.2886 unw=+0.005 nu_win=-0.001062 dwb_win=-0.000004
180.000	5038.84632	1.19648703	0	0.041151545	5040.02453478	-1.805e-16	17939	12.044	11.941	12.041	0.991	0.0000	0.8399	0.099199	0.8500	0.9881	1.60864	1.65000	0.0000	0.0000	0.0000	0.00029768	-1.5761e-05	-5.8675e-05	0	0	0
# CONV t=180.00 cond=0 evap=0 rough=0 back_s=0
# LEDGER t=180.000 mode=3 sum_err=0 max|E-iEu|=1.110e-16 run_max_diff=0.000e+00 run_max_sum_err=0 steps=9000 E0_int=5040024534782608 sum=5040024534782608
# NETG t=180.00 gates min=0.8590 mean=0.8589 edges=1
# PIN t=180.00 R=-0.059423595 nv=2
# SLIP t=180.00 e=0 psi=-0.2753 unw=+0.019 nu_win=+0.000423 dwb_win=+0.000010
185.000	5038.84632	1.19529216	0	0.0640491372	5040.02453478	-1.805e-16	17939	12.044	11.942	12.045	0.991	0.0000	0.8399	0.099915	0.8500	0.9881	1.60810	1.65000	0.0000	0.0000	0.0000	0.00014343	-9.0817e-05	1.4401e-05	0	0	0
# CONV t=185.00 cond=0 evap=0 rough=0 back_s=0
# LEDGER t=185.000 mode=3 sum_err=0 max|E-iEu|=1.110e-16 run_max_diff=0.000e+00 run_max_sum_err=0 steps=9250 E0_int=5040024534782608 sum=5040024534782608
# NETG t=185.00 gates min=0.8715 mean=0.8715 edges=1
# PIN t=185.00 R=-0.0811263177 nv=2
# SLIP t=185.00 e=0 psi=-0.2618 unw=+0.032 nu_win=+0.000427 dwb_win=+0.000001
190.000	5038.84632	1.19647915	0	0.0126538782	5040.02453478	-1.805e-16	17939	12.046	11.944	12.050	0.991	0.0000	0.8399	0.10065	0.8500	0.9881	1.60755	1.65000	0.0000	0.0000	0.0000	1.2751e-05	-0.00022685	-0.0001853	0	0	0
# CONV t=190.00 cond=0 evap=0 rough=0 back_s=0
# LEDGER t=190.000 mode=3 sum_err=0 max|E-iEu|=1.110e-16 run_max_diff=0.000e+00 run_max_sum_err=0 steps=9500 E0_int=5040024534782608 sum=5040024534782608
# NETG t=190.00 gates min=0.8835 mean=0.8835 edges=1
# PIN t=190.00 R=-0.0309180409 nv=2
# SLIP t=190.00 e=0 psi=-0.2485 unw=+0.045 nu_win=+0.000424 dwb_win=+0.000008
195.000	5038.84632	1.1987908	0	0.0304414358	5040.02453478	0.000e+00	17939	12.046	11.939	12.039	0.989	0.0000	0.8399	0.10145	0.8500	0.9881	1.60897	1.65000	0.0000	0.0000	0.0000	0.00011303	1.2016e-05	1.5572e-05	0	0	0
# CONV t=195.00 cond=0 evap=0 rough=0 back_s=0
# LEDGER t=195.000 mode=3 sum_err=0 max|E-iEu|=1.110e-16 run_max_diff=0.000e+00 run_max_sum_err=0 steps=9750 E0_int=5040024534782608 sum=5040024534782608
# NETG t=195.00 gates min=0.8527 mean=0.8527 edges=1
# PIN t=195.00 R=-0.0510172499 nv=2
# SLIP t=195.00 e=0 psi=-0.2817 unw=+0.012 nu_win=-0.001057 dwb_win=+0.000007
200.000	5038.84632	1.19630268	0	0.0543976412	5040.02453478	-1.805e-16	17939	12.044	11.943	12.043	0.990	0.0000	0.8399	0.10227	0.8500	0.9881	1.60844	1.65000	0.0000	0.0000	0.0000	-5.5809e-05	-0.00018531	-0.00015326	0	0	0
# CONV t=200.00 cond=0 evap=0 rough=0 back_s=0
# LEDGER t=200.000 mode=3 sum_err=0 max|E-iEu|=1.110e-16 run_max_diff=0.000e+00 run_max_sum_err=0 steps=10000 E0_int=5040024534782608 sum=5040024534782608
# NETG t=200.00 gates min=0.8652 mean=0.8651 edges=1
# PIN t=200.00 R=-0.0724853349 nv=2
# SLIP t=200.00 e=0 psi=-0.2687 unw=+0.025 nu_win=+0.000416 dwb_win=+0.000002
205.000	5038.84632	1.19562073	0	0.0756899455	5040.02453478	-1.805e-16	17939	12.044	11.941	12.046	0.990	0.0000	0.8399	0.10312	0.8500	0.9881	1.60794	1.65000	0.0000	0.0000	0.0000	-0.00045787	-8.4367e-06	-4.4423e-05	0	0	0
# CONV t=205.00 cond=0 evap=0 rough=0 back_s=0
# LEDGER t=205.000 mode=3 sum_err=0 max|E-iEu|=1.110e-16 run_max_diff=0.000e+00 run_max_sum_err=0 steps=10250 E0_int=5040024534782608 sum=5040024534782608
# NETG t=205.00 gates min=0.8768 mean=0.8768 edges=1
# PIN t=205.00 R=-0.0930956972 nv=2
# SLIP t=205.00 e=0 psi=-0.2561 unw=+0.038 nu_win=+0.000402 dwb_win=+0.000005
210.000	5038.84632	1.20051863	0	0.0220975369	5040.02453478	-1.805e-16	17939	12.046	11.938	12.044	0.987	0.0000	0.8399	0.104	0.8500	0.9881	1.60927	1.65000	0.0000	0.0000	0.0000	-8.1938e-05	-0.00023309	0.0001748	0	0	0
# CONV t=210.00 cond=0 evap=0 rough=0 back_s=0
# LEDGER t=210.000 mode=3 sum_err=0 max|E-iEu|=1.110e-16 run_max_diff=0.000e+00 run_max_sum_err=0 steps=10500 E0_int=5040024534782608 sum=5040024534782608
# NETG t=210.00 gates min=0.8471 mean=0.8471 edges=1
# PIN t=210.00 R=-0.0444011834 nv=2
# SLIP t=210.00 e=0 psi=-0.2875 unw=+0.006 nu_win=-0.001001 dwb_win=+0.000003
215.000	5038.84632	1.19810639	0	0.0448401727	5040.02453478	0.000e+00	17939	12.045	11.939	12.043	0.987	0.0000	0.8399	0.10488	0.8500	0.9881	1.60877	1.65000	0.0000	0.0000	0.0000	0.00015785	-0.00026718	-0.00012287	0	0	0
# CONV t=215.00 cond=0 evap=0 rough=0 back_s=0
# LEDGER t=215.000 mode=3 sum_err=0 max|E-iEu|=1.110e-16 run_max_diff=0.000e+00 run_max_sum_err=0 steps=10750 E0_int=5040024534782608 sum=5040024534782608
# NETG t=215.00 gates min=0.8593 mean=0.8593 edges=1
# PIN t=215.00 R=-0.0647315788 nv=2
# SLIP t=215.00 e=0 psi=-0.2749 unw=+0.019 nu_win=+0.000401 dwb_win=+0.000002
220.000	5038.84632	1.19688366	0	0.0671668954	5040.02453478	0.000e+00	17939	12.044	11.942	12.045	0.988	0.0000	0.8399	0.10574	0.8500	0.9881	1.60823	1.65000	0.0000	0.0000	0.0000	1.8308e-05	-0.00045779	2.7026e-05	0	0	0
# CONV t=220.00 cond=0 evap=0 rough=0 back_s=0
# LEDGER t=220.000 mode=3 sum_err=0 max|E-iEu|=1.110e-16 run_max_diff=0.000e+00 run_max_sum_err=0 steps=11000 E0_int=5040024534782608 sum=5040024534782608
# NETG t=220.00 gates min=0.8712 mean=0.8712 edges=1
# PIN t=220.00 R=-0.0858355695 nv=2
# SLIP t=220.00 e=0 psi=-0.2622 unw=+0.032 nu_win=+0.000405 dwb_win=-0.000001
225.000	5038.84632	1.20083095	0	0.0151348012	5040.02453478	0.000e+00	17939	12.047	11.940	12.052	0.987	0.0000	0.8399	0.10658	0.8500	0.9881	1.60954	1.65000	0.0000	0.0000	0.0000	3.766e-05	-9.1049e-05	-0.00027084	0	0	0
# CONV t=225.00 cond=0 evap=0 rough=0 back_s=0
# LEDGER t=225.000 mode=3 sum_err=0 max|E-iEu|=1.110e-16 run_max_diff=0.000e+00 run_max_sum_err=0 steps=11250 E0_int=5040024534782608 sum=5040024534782608
# NETG t=225.00 gates min=0.8415 mean=0.8415 edges=1
# PIN t=225.00 R=-0.0377507719 nv=2
# SLIP t=225.00 e=0 psi=-0.2933 unw=+0.001 nu_win=-0.000990 dwb_win=-0.000000
230.000	5038.84632	1.20198624	0	0.0350279375	5040.02453478	0.000e+00	17939	12.050	11.934	12.038	0.985	0.0000	0.8399	0.1074	0.8500	0.9881	1.60900	1.65000	0.0000	0.0000	0.0000	-6.0255e-05	-0.00012147	-0.00015131	0	0	0
# CONV t=230.00 cond=0 evap=0 rough=0 back_s=0
# LEDGER t=230.000 mode=3 sum_err=0 max|E-iEu|=1.110e-16 run_max_diff=0.000e+00 run_max_sum_err=0 steps=11500 E0_int=5040024534782608 sum=5040024534782608
# NETG t=230.00 gates min=0.8541 mean=0.8541 edges=1
# PIN t=230.00 R=-0.0587991956 nv=2
# SLIP t=230.00 e=0 psi=-0.2804 unw=+0.013 nu_win=+0.000410 dwb_win=-0.000001
235.000	5038.84632	1.19908378	0	0.0590060484	5040.02453478	-1.805e-16	17939	12.045	11.937	12.043	0.986	0.0000	0.8399	0.1082	0.8500	0.9881	1.60846	1.65000	0.0000	0.0000	0.0000	-0.00011915	-0.00012087	-0.00041704	0	0	0
# CONV t=235.00 cond=0 evap=0 rough=0 back_s=0
# LEDGER t=235.000 mode=3 sum_err=0 max|E-iEu|=1.110e-16 run_max_diff=0.000e+00 run_max_sum_err=0 steps=11750 E0_int=5040024534782608 sum=5040024534782608
# NETG t=235.00 gates min=0.8663 mean=0.8662 edges=1
# PIN t=235.00 R=-0.0798748454 nv=2
# SLIP t=235.00 e=0 psi=-0.2676 unw=+0.026 nu_win=+0.000409 dwb_win=-0.000001
240.000	5038.84632	1.19839282	0	0.0811354615	5040.02453478	-1.805e-16	17939	12.043	11.938	12.045	0.986	0.0000	0.8399	0.10899	0.8500	0.9880	1.60792	1.65000	0.0000	0.0000	0.0000	-3.923e-05	-0.00035892	-0.00026885	0	0	0
# CONV t=240.00 cond=0 evap=0 rough=0 back_s=0
# LEDGER t=240.000 mode=3 sum_err=0 max|E-iEu|=1.110e-16 run_max_diff=0.000e+00 run_max_sum_err=0 steps=12000 E0_int=5040024534782608 sum=5040024534782608
# NETG t=240.00 gates min=0.8781 mean=0.8781 edges=1
# PIN t=240.00 R=-0.101313295 nv=2
# SLIP t=240.00 e=0 psi=-0.2546 unw=+0.039 nu_win=+0.000414 dwb_win=+0.000004
245.000	5038.84632	1.20498911	0	0.0255665056	5040.02453478	-3.609e-16	17939	12.044	11.928	12.042	0.983	0.0000	0.8398	0.10978	0.8500	0.9880	1.60924	1.65000	0.0000	0.0000	0.0000	-0.00024493	0.00010972	-0.00015067	0	0	0
# CONV t=245.00 cond=0 evap=0 rough=0 back_s=0
# LEDGER t=245.000 mode=3 sum_err=0 max|E-iEu|=1.109e-16 run_max_diff=0.000e+00 run_max_sum_err=0 steps=12250 E0_int=5040024534782608 sum=5040024534782608
# NETG t=245.00 gates min=0.8485 mean=0.8484 edges=1
# PIN t=245.00 R=-0.0523406293 nv=2
# SLIP t=245.00 e=0 psi=-0.2862 unw=+0.008 nu_win=-0.001007 dwb_win=-0.000000
250.000	5038.84632	1.20207449	0	0.0484019765	5040.02453478	-1.805e-16	17939	12.046	11.932	12.040	0.984	0.0000	0.8398	0.11056	0.8500	0.9880	1.60874	1.65000	0.0000	0.0000	0.0000	-0.00036036	-8.5464e-05	-0.00014443	0	0	0
# CONV t=250.00 cond=0 evap=0 rough=0 back_s=0
# LEDGER t=250.000 mode=3 sum_err=0 max|E-iEu|=1.110e-16 run_max_diff=0.000e+00 run_max_sum_err=0 steps=12500 E0_int=5040024534782608 sum=5040024534782608
# NETG t=250.00 gates min=0.8602 mean=0.8602 edges=1
# PIN t=250.00 R=-0.0722614881 nv=2
# SLIP t=250.00 e=0 psi=-0.2739 unw=+0.020 nu_win=+0.000390 dwb_win=+0.000005
255.000	5038.84632	1.20061425	0	0.0704588082	5040.02453478	0.000e+00	17939	12.044	11.935	12.042	0.985	0.0000	0.8398	0.11134	0.8500	0.9880	1.60821	1.65000	0.0000	0.0000	0.0000	-0.00010374	-0.00060122	-0.00059607	0	0	0
# CONV t=255.00 cond=0 evap=0 rough=0 back_s=0
# LEDGER t=255.000 mode=3 sum_err=0 max|E-iEu|=1.110e-16 run_max_diff=0.000e+00 run_max_sum_err=0 steps=12750 E0_int=5040024534782608 sum=5040024534782608
# NETG t=255.00 gates min=0.8717 mean=0.8717 edges=1
# PIN t=255.00 R=-0.092858076 nv=2
# SLIP t=255.00 e=0 psi=-0.2617 unw=+0.032 nu_win=+0.000391 dwb_win=-0.000001
260.000	5038.84632	1.20582867	0	0.0180072083	5040.02453478	0.000e+00	17939	12.046	11.930	12.045	0.983	0.0000	0.8398	0.11213	0.8500	0.9880	1.60949	1.65000	0.0000	0.0000	0.0000	0.00010921	-0.00032241	-0.00014186	0	0	0
# CONV t=260.00 cond=0 evap=0 rough=0 back_s=0
# LEDGER t=260.000 mode=3 sum_err=0 max|E-iEu|=1.110e-16 run_max_diff=0.000e+00 run_max_sum_err=0 steps=13000 E0_int=5040024534782608 sum=5040024534782608
# NETG t=260.00 gates min=0.8426 mean=0.8426 edges=1
# PIN t=260.00 R=-0.0456208987 nv=2
# SLIP t=260.00 e=0 psi=-0.2921 unw=+0.002 nu_win=-0.000968 dwb_win=+0.000004
265.000	5038.84632	1.2067628	0	0.0378387191	5040.02453478	0.000e+00	17939	12.050	11.925	12.035	0.982	0.0000	0.8398	0.11292	0.8500	0.9880	1.60897	1.65000	0.0000	0.0000	0.0000	-0.00042864	2.4533e-05	0.00023094	0	0	0
# CONV t=265.00 cond=0 evap=0 rough=0 back_s=0
# LEDGER t=265.000 mode=3 sum_err=0 max|E-iEu|=1.110e-16 run_max_diff=0.000e+00 run_max_sum_err=0 steps=13250 E0_int=5040024534782608 sum=5040024534782608
# NETG t=265.00 gates min=0.8549 mean=0.8549 edges=1
# PIN t=265.00 R=-0.0663865376 nv=2
# SLIP t=265.00 e=0 psi=-0.2795 unw=+0.014 nu_win=+0.000400 dwb_win=-0.000004
270.000	5038.84632	1.20293069	0	0.0625867766	5040.02453478	0.000e+00	17939	12.046	11.931	12.040	0.983	0.0000	0.8398	0.11373	0.8500	0.9880	1.60844	1.65000	0.0000	0.0000	0.0000	-0.00065081	-0.0002789	-0.00023837	0	0	0
# CONV t=270.00 cond=0 evap=0 rough=0 back_s=0
# LEDGER t=270.000 mode=3 sum_err=0 max|E-iEu|=1.110e-16 run_max_diff=0.000e+00 run_max_sum_err=0 steps=13500 E0_int=5040024534782608 sum=5040024534782608
# NETG t=270.00 gates min=0.8671 mean=0.8670 edges=1
# PIN t=270.00 R=-0.0873024867 nv=2
# SLIP t=270.00 e=0 psi=-0.2666 unw=+0.027 nu_win=+0.000411 dwb_win=+0.000003
275.000	5038.84632	1.2028678	0	0.0858108491	5040.02453478	-1.805e-16	17939	12.043	11.930	12.039	0.983	0.0000	0.8398	0.11453	0.8500	0.9880	1.60785	1.65000	0.0000	0.0000	0.0000	0.0002705	-0.00053666	-0.00026211	0	0	0
# CONV t=275.00 cond=0 evap=0 rough=0 back_s=0
# LEDGER t=275.000 mode=3 sum_err=0 max|E-iEu|=1.110e-16 run_max_diff=0.000e+00 run_max_sum_err=0 steps=13750 E0_int=5040024534782608 sum=5040024534782608
# NETG t=275.00 gates min=0.8798 mean=0.8798 edges=1
# PIN t=275.00 R=-0.110463662 nv=2
# SLIP t=275.00 e=0 psi=-0.2527 unw=+0.041 nu_win=+0.000444 dwb_win=-0.000002
280.000	5038.84632	1.20855069	0	0.0301055259	5040.02453478	-1.805e-16	17939	12.044	11.920	12.037	0.980	0.0000	0.8398	0.11534	0.8500	0.9880	1.60919	1.65000	0.0000	0.0000	0.0000	0.00021716	9.1498e-06	0.00017389	0	0	0
# CONV t=280.00 cond=0 evap=0 rough=0 back_s=0
# LEDGER t=280.000 mode=3 sum_err=0 max|E-iEu|=1.110e-16 run_max_diff=0.000e+00 run_max_sum_err=0 steps=14000 E0_int=5040024534782608 sum=5040024534782608
# NETG t=280.00 gates min=0.8498 mean=0.8498 edges=1
# PIN t=280.00 R=-0.0604412289 nv=2
# SLIP t=280.00 e=0 psi=-0.2848 unw=+0.009 nu_win=-0.001022 dwb_win=+0.000009
285.000	5038.84632	1.20699772	0	0.0531043693	5040.02453478	-1.805e-16	17939	12.048	11.924	12.036	0.981	0.0000	0.8398	0.11613	0.8500	0.9880	1.60864	1.65000	0.0000	0.0000	0.0000	-0.00057065	-0.00031291	0.00015112	0	0	0
# CONV t=285.00 cond=0 evap=0 rough=0 back_s=0
# LEDGER t=285.000 mode=3 sum_err=0 max|E-iEu|=1.110e-16 run_max_diff=0.000e+00 run_max_sum_err=0 steps=14250 E0_int=5040024534782608 sum=5040024534782608
# NETG t=285.00 gates min=0.8623 mean=0.8623 edges=1
# PIN t=285.00 R=-0.0818871016 nv=2
# SLIP t=285.00 e=0 psi=-0.2718 unw=+0.022 nu_win=+0.000414 dwb_win=-0.000005
290.000	5038.84632	1.20483663	0	0.0763497111	5040.02453478	0.000e+00	17939	12.047	11.928	12.038	0.982	0.0000	0.8398	0.1169	0.8500	0.9880	1.60811	1.65000	0.0000	0.0000	0.0000	-0.00028171	-0.00037943	-0.00013233	0	0	0
# CONV t=290.00 cond=0 evap=0 rough=0 back_s=0
# LEDGER t=290.000 mode=3 sum_err=0 max|E-iEu|=1.110e-16 run_max_diff=0.000e+00 run_max_sum_err=0 steps=14500 E0_int=5040024534782608 sum=5040024534782608
# NETG t=290.00 gates min=0.8743 mean=0.8743 edges=1
# PIN t=290.00 R=-0.102971358 nv=2
# SLIP t=290.00 e=0 psi=-0.2588 unw=+0.035 nu_win=+0.000412 dwb_win=+0.000006
295.000	5038.84632	1.21131586	0	0.0203223213	5040.02453478	-1.805e-16	17939	12.046	11.922	12.039	0.979	0.0000	0.8398	0.11766	0.8500	0.9880	1.60945	1.65000	0.0000	0.0000	0.0000	0.00015504	-0.00062109	7.7665e-06	0	0	0
# CONV t=295.00 cond=0 evap=0 rough=0 back_s=0
# LEDGER t=295.000 mode=3 sum_err=0 max|E-iEu|=1.110e-16 run_max_diff=0.000e+00 run_max_sum_err=0 steps=14750 E0_int=5040024534782608 sum=5040024534782608
# NETG t=295.00 gates min=0.8438 mean=0.8438 edges=1
# PIN t=295.00 R=-0.0534232002 nv=2
# SLIP t=295.00 e=0 psi=-0.2910 unw=+0.003 nu_win=-0.001023 dwb_win=-0.000006
300.000	5038.84632	1.20950876	0	0.0429948284	5040.02453478	0.000e+00	17939	12.051	11.923	12.032	0.979	0.0000	0.8398	0.11842	0.8500	0.9880	1.60891	1.65000	0.0000	0.0000	0.0000	0.00036944	0.00020896	-0.00019144	0	0	0
# CONV t=300.00 cond=0 evap=0 rough=0 back_s=0
# LEDGER t=300.000 mode=3 sum_err=0 max|E-iEu|=1.110e-16 run_max_diff=0.000e+00 run_max_sum_err=0 steps=15000 E0_int=5040024534782608 sum=5040024534782608
# NETG t=300.00 gates min=0.8563 mean=0.8563 edges=1
# PIN t=300.00 R=-0.0742886009 nv=2
# SLIP t=300.00 e=0 psi=-0.2781 unw=+0.016 nu_win=+0.000411 dwb_win=+0.000005
305.000	5038.84632	1.2085868	0	0.0650565491	5040.02453478	0.000e+00	17939	12.052	11.923	12.037	0.979	0.0000	0.8398	0.11917	0.8500	0.9880	1.60837	1.65000	0.0000	0.0000	0.0000	-0.0001367	-0.00019121	3.0719e-05	0	0	0
# CONV t=305.00 cond=0 evap=0 rough=0 back_s=0
# LEDGER t=305.000 mode=3 sum_err=0 max|E-iEu|=1.110e-16 run_max_diff=0.000e+00 run_max_sum_err=0 steps=15250 E0_int=5040024534782608 sum=5040024534782608
# NETG t=305.00 gates min=0.8685 mean=0.8684 edges=1
# PIN t=305.00 R=-0.0954283678 nv=2
# SLIP t=305.00 e=0 psi=-0.2653 unw=+0.029 nu_win=+0.000407 dwb_win=-0.000002
310.000	5038.84632	1.20697012	0	0.0878300002	5040.02453478	0.000e+00	17939	12.053	11.927	12.040	0.980	0.0000	0.8398	0.1199	0.8500	0.9880	1.60784	1.64999	0.0000	0.0000	0.0000	0.00032839	-0.00011673	-0.00035594	0	0	0
# CONV t=310.00 cond=0 evap=0 rough=0 back_s=0
# LEDGER t=310.000 mode=3 sum_err=0 max|E-iEu|=1.110e-16 run_max_diff=0.000e+00 run_max_sum_err=0 steps=15500 E0_int=5040024534782608 sum=5040024534782608
# NETG t=310.00 gates min=0.8801 mean=0.8801 edges=1
# PIN t=310.00 R=-0.116585134 nv=2
# SLIP t=310.00 e=0 psi=-0.2524 unw=+0.041 nu_win=+0.000409 dwb_win=+0.000002
315.000	5038.84632	1.2141614	0	0.0316707108	5040.02453478	-1.805e-16	17939	12.054	11.914	12.035	0.976	0.0000	0.8398	0.12065	0.8500	0.9880	1.60916	1.64999	0.0000	0.0000	0.0000	0.000137	6.7338e-05	-6.6344e-05	0	0	0
# CONV t=315.00 cond=0 evap=0 rough=0 back_s=0
# LEDGER t=315.000 mode=3 sum_err=0 max|E-iEu|=1.110e-16 run_max_diff=0.000e+00 run_max_sum_err=0 steps=15750 E0_int=5040024534782608 sum=5040024534782608
# NETG t=315.00 gates min=0.8506 mean=0.8506 edges=1
# PIN t=315.00 R=-0.067617127 nv=2
# SLIP t=315.00 e=0 psi=-0.2840 unw=+0.010 nu_win=-0.001005 dwb_win=-0.000001
320.000	5038.84632	1.21019107	0	0.056491612	5040.02453478	0.000e+00	17939	12.051	11.922	12.035	0.977	0.0000	0.8398	0.1214	0.8500	0.9880	1.60863	1.64999	0.0000	0.0000	0.0000	-0.00015946	0.00027082	-0.00016432	0	0	0
# CONV t=320.00 cond=0 evap=0 rough=0 back_s=0
# LEDGER t=320.000 mode=3 sum_err=0 max|E-iEu|=1.110e-16 run_max_diff=0.000e+00 run_max_sum_err=0 steps=16000 E0_int=5040024534782608 sum=5040024534782608
# NETG t=320.00 gates min=0.8628 mean=0.8628 edges=1
# PIN t=320.00 R=-0.0884676949 nv=2
# SLIP t=320.00 e=0 psi=-0.2713 unw=+0.023 nu_win=+0.000405 dwb_win=-0.000004
325.000	5038.84632	1.21036965	0	0.0787078772	5040.02453478	-3.609e-16	17939	12.051	11.923	12.038	0.978	0.0000	0.8398	0.12216	0.8500	0.9880	1.60807	1.64999	0.0000	0.0000	0.0000	8.8907e-05	2.5738e-05	0.00016156	0	0	0
# CONV t=325.00 cond=0 evap=0 rough=0 back_s=0
# LEDGER t=325.000 mode=3 sum_err=0 max|E-iEu|=1.110e-16 run_max_diff=0.000e+00 run_max_sum_err=0 steps=16250 E0_int=5040024534782608 sum=5040024534782608
# NETG t=325.00 gates min=0.8753 mean=0.8753 edges=1
# PIN t=325.00 R=-0.110862547 nv=2
# SLIP t=325.00 e=0 psi=-0.2578 unw=+0.036 nu_win=+0.000431 dwb_win=-0.000002
330.000	5038.84632	1.2173703	0	0.0224510716	5040.02453478	-1.805e-16	17939	12.055	11.914	12.040	0.974	0.0000	0.8398	0.12292	0.8500	0.9880	1.60939	1.64999	0.0000	0.0000	0.0000	0.00038553	-0.00093288	-0.00022779	0	0	0
# CONV t=330.00 cond=0 evap=0 rough=0 back_s=0
# LEDGER t=330.000 mode=3 sum_err=0 max|E-iEu|=1.110e-16 run_max_diff=0.000e+00 run_max_sum_err=0 steps=16500 E0_int=5040024534782608 sum=5040024534782608
# NETG t=330.00 gates min=0.8450 mean=0.8449 edges=1
# PIN t=330.00 R=-0.061606389 nv=2
# SLIP t=330.00 e=0 psi=-0.2898 unw=+0.004 nu_win=-0.001019 dwb_win=-0.000010
335.000	5038.84632	1.21516558	0	0.0456790075	5040.02453478	1.805e-16	17939	12.054	11.915	12.032	0.974	0.0000	0.8398	0.12366	0.8500	0.9880	1.60886	1.64999	0.0000	0.0000	0.0000	0.00063202	-2.1642e-05	-0.00030625	0	0	0
# CONV t=335.00 cond=0 evap=0 rough=0 back_s=0
# LEDGER t=335.000 mode=3 sum_err=0 max|E-iEu|=1.110e-16 run_max_diff=0.000e+00 run_max_sum_err=0 steps=16750 E0_int=5040024534782608 sum=5040024534782608
# NETG t=335.00 gates min=0.8575 mean=0.8575 edges=1
# PIN t=335.00 R=-0.0826296038 nv=2
# SLIP t=335.00 e=0 psi=-0.2768 unw=+0.017 nu_win=+0.000412 dwb_win=-0.000007
340.000	5038.84632	1.21305364	0	0.0688906963	5040.02453478	-1.805e-16	17939	12.055	11.918	12.035	0.975	0.0000	0.8398	0.12438	0.8500	0.9880	1.60833	1.64999	0.0000	0.0000	0.0000	0.00036739	-2.9534e-05	8.0897e-06	0	0	0
# CONV t=340.00 cond=0 evap=0 rough=0 back_s=0
# LEDGER t=340.000 mode=3 sum_err=0 max|E-iEu|=1.110e-16 run_max_diff=0.000e+00 run_max_sum_err=0 steps=17000 E0_int=5040024534782608 sum=5040024534782608
# NETG t=340.00 gates min=0.8694 mean=0.8694 edges=1
# PIN t=340.00 R=-0.103729353 nv=2
# SLIP t=340.00 e=0 psi=-0.2642 unw=+0.030 nu_win=+0.000403 dwb_win=-0.000015
345.000	5038.84632	1.21325807	0	0.091370958	5040.02453478	0.000e+00	17939	12.056	11.920	12.038	0.976	0.0000	0.8398	0.12507	0.8500	0.9880	1.60776	1.64999	0.0000	0.0000	0.0000	0.00022975	-0.0001919	-5.4835e-05	0	0	0
# CONV t=345.00 cond=0 evap=0 rough=0 back_s=0
# LEDGER t=345.000 mode=3 sum_err=0 max|E-iEu|=1.110e-16 run_max_diff=0.000e+00 run_max_sum_err=0 steps=17250 E0_int=5040024534782608 sum=5040024534782608
# NETG t=345.00 gates min=0.8819 mean=0.8819 edges=1
# PIN t=345.00 R=-0.126414043 nv=2
# SLIP t=345.00 e=0 psi=-0.2504 unw=+0.043 nu_win=+0.000438 dwb_win=-0.000009
350.000	5038.84632	1.22082315	0	0.0340615125	5040.02453478	0.000e+00	17939	12.064	11.906	12.033	0.971	0.0000	0.8398	0.12575	0.8500	0.9880	1.60910	1.64999	0.0000	0.0000	0.0000	0.00037008	0.00021081	0.00015347	0	0	0
# CONV t=350.00 cond=0 evap=0 rough=0 back_s=0
# LEDGER t=350.000 mode=3 sum_err=0 max|E-iEu|=1.110e-16 run_max_diff=0.000e+00 run_max_sum_err=0 steps=17500 E0_int=5040024534782608 sum=5040024534782608
# NETG t=350.00 gates min=0.8520 mean=0.8519 edges=1
# PIN t=350.00 R=-0.0766696774 nv=2
# SLIP t=350.00 e=0 psi=-0.2827 unw=+0.011 nu_win=-0.001028 dwb_win=-0.000013
355.000	5038.84632	1.21709131	0	0.0594472678	5040.02453478	0.000e+00	17939	12.060	11.912	12.035	0.973	0.0000	0.8398	0.1264	0.8500	0.9880	1.60855	1.64999	0.0000	0.0000	0.0000	0.00013252	0.00021303	0.00014391	0	0	0
# CONV t=355.00 cond=0 evap=0 rough=0 back_s=0
# LEDGER t=355.000 mode=3 sum_err=0 max|E-iEu|=1.110e-16 run_max_diff=0.000e+00 run_max_sum_err=0 steps=17750 E0_int=5040024534782608 sum=5040024534782608
# NETG t=355.00 gates min=0.8646 mean=0.8646 edges=1
# PIN t=355.00 R=-0.0983235919 nv=2
# SLIP t=355.00 e=0 psi=-0.2694 unw=+0.024 nu_win=+0.000423 dwb_win=+0.000001
360.000	5038.84632	1.21627898	0	0.082114913	5040.02453478	0.000e+00	17939	12.059	11.915	12.038	0.973	0.0000	0.8398	0.12702	0.8500	0.9880	1.60800	1.64999	0.0000	0.0000	0.0000	-0.00014352	8.4126e-05	0.00014542	0	0	0
# CONV t=360.00 cond=0 evap=0 rough=0 back_s=0
# LEDGER t=360.000 mode=3 sum_err=0 max|E-iEu|=1.110e-16 run_max_diff=0.000e+00 run_max_sum_err=0 steps=18000 E0_int=5040024534782608 sum=5040024534782608
# NETG t=360.00 gates min=0.8768 mean=0.8766 edges=1
# PIN t=360.00 R=-0.120178915 nv=2
# SLIP t=360.00 e=0 psi=-0.2563 unw=+0.038 nu_win=+0.000416 dwb_win=-0.000014
365.000	5038.84632	1.22397871	0	0.0242333363	5040.02453478	-3.609e-16	17939	12.062	11.906	12.039	0.969	0.0000	0.8398	0.12764	0.8500	0.9880	1.60935	1.64999	0.0000	0.0000	0.0000	2.2396e-05	-5.2559e-05	-0.00017901	0	0	0
# CONV t=365.00 cond=0 evap=0 rough=0 back_s=0
# LEDGER t=365.000 mode=3 sum_err=0 max|E-iEu|=1.110e-16 run_max_diff=0.000e+00 run_max_sum_err=0 steps=18250 E0_int=5040024534782608 sum=5040024534782608
# NETG t=365.00 gates min=0.8462 mean=0.8461 edges=1
# PIN t=365.00 R=-0.069997067 nv=2
# SLIP t=365.00 e=0 psi=-0.2886 unw=+0.005 nu_win=-0.001027 dwb_win=-0.000002
370.000	5038.84632	1.22196518	0	0.0479885745	5040.02453478	-1.805e-16	17939	12.062	11.903	12.033	0.969	0.0000	0.8398	0.12825	0.8500	0.9880	1.60880	1.64999	0.0000	0.0000	0.0000	0.00021669	-0.00034046	0.00016633	0	0	0
# CONV t=370.00 cond=0 evap=0 rough=0 back_s=0
# LEDGER t=370.000 mode=3 sum_err=0 max|E-iEu|=1.110e-16 run_max_diff=0.000e+00 run_max_sum_err=0 steps=18500 E0_int=5040024534782608 sum=5040024534782608
# NETG t=370.00 gates min=0.8590 mean=0.8589 edges=1
# PIN t=370.00 R=-0.0917387729 nv=2
# SLIP t=370.00 e=0 psi=-0.2755 unw=+0.018 nu_win=+0.000418 dwb_win=-0.000010
375.000	5038.84632	1.21938428	0	0.0731905398	5040.02453478	-1.805e-16	17939	12.065	11.908	12.037	0.971	0.0000	0.8398	0.12886	0.8500	0.9880	1.60823	1.64999	0.0000	0.0000	0.0000	0.00015625	-0.00070398	0.00024661	0	0	0
# CONV t=375.00 cond=0 evap=0 rough=0 back_s=0
# LEDGER t=375.000 mode=3 sum_err=0 max|E-iEu|=1.110e-16 run_max_diff=0.000e+00 run_max_sum_err=0 steps=18750 E0_int=5040024534782608 sum=5040024534782608
# NETG t=375.00 gates min=0.8718 mean=0.8717 edges=1
# PIN t=375.00 R=-0.114359841 nv=2
# SLIP t=375.00 e=0 psi=-0.2617 unw=+0.032 nu_win=+0.000438 dwb_win=-0.000005
380.000	5038.84632	1.22169983	0	0.0203803956	5040.02453478	0.000e+00	17939	12.072	11.914	12.044	0.970	0.0000	0.8398	0.12947	0.8500	0.9880	1.60768	1.64999	0.0000	0.0000	0.0000	-4.0794e-05	-0.00058025	-3.492e-05	0	0	0
# CONV t=380.00 cond=0 evap=0 rough=0 back_s=0
# LEDGER t=380.000 mode=3 sum_err=0 max|E-iEu|=1.110e-16 run_max_diff=0.000e+00 run_max_sum_err=0 steps=19000 E0_int=5040024534782608 sum=5040024534782608
# NETG t=380.00 gates min=0.8836 mean=0.8835 edges=1
# PIN t=380.00 R=-0.0638652425 nv=2
# SLIP t=380.00 e=0 psi=-0.2486 unw=+0.045 nu_win=+0.000416 dwb_win=-0.000009
385.000	5038.84632	1.22576118	0	0.0376845471	5040.02453478	-1.805e-16	17939	12.070	11.895	12.033	0.967	0.0000	0.8398	0.13005	0.8500	0.9880	1.60905	1.64999	0.0000	0.0000	0.0000	-8.2593e-05	0.00022916	-0.00011581	0	0	0
# CONV t=385.00 cond=0 evap=0 rough=0 back_s=0
# LEDGER t=385.000 mode=3 sum_err=0 max|E-iEu|=1.110e-16 run_max_diff=0.000e+00 run_max_sum_err=0 steps=19250 E0_int=5040024534782608 sum=5040024534782608
# NETG t=385.00 gates min=0.8532 mean=0.8532 edges=1
# PIN t=385.00 R=-0.0852307437 nv=2
# SLIP t=385.00 e=0 psi=-0.2814 unw=+0.012 nu_win=-0.001043 dwb_win=-0.000008
390.000	5038.84632	1.22151248	0	0.0630252536	5040.02453478	0.000e+00	17939	12.075	11.901	12.038	0.969	0.0000	0.8398	0.13059	0.8500	0.9880	1.60852	1.64999	0.0000	0.0000	0.0000	-6.1858e-05	0.00010163	0.00064304	0	0	0
# CONV t=390.00 cond=0 evap=0 rough=0 back_s=0
# LEDGER t=390.000 mode=3 sum_err=0 max|E-iEu|=1.110e-16 run_max_diff=0.000e+00 run_max_sum_err=0 steps=19500 E0_int=5040024534782608 sum=5040024534782608
# NETG t=390.00 gates min=0.8654 mean=0.8654 edges=1
# PIN t=390.00 R=-0.106322753 nv=2
# SLIP t=390.00 e=0 psi=-0.2686 unw=+0.025 nu_win=+0.000408 dwb_win=-0.000004
395.000	5038.84632	1.2179725	0	0.0872655255	5040.02453478	-1.805e-16	17939	12.083	11.900	12.044	0.970	0.0000	0.8398	0.13108	0.8500	0.9880	1.60799	1.64999	0.0000	0.0000	0.0000	0.00011535	0.00083866	0.0011605	0	0	0
# CONV t=395.00 cond=0 evap=0 rough=0 back_s=0
# LEDGER t=395.000 mode=3 sum_err=0 max|E-iEu|=1.110e-16 run_max_diff=0.000e+00 run_max_sum_err=0 steps=19750 E0_int=5040024534782608 sum=5040024534782608
# NETG t=395.00 gates min=0.8769 mean=0.8768 edges=1
# PIN t=395.00 R=-0.127023046 nv=2
# SLIP t=395.00 e=0 psi=-0.2561 unw=+0.038 nu_win=+0.000397 dwb_win=+0.000002
400.000	5038.84632	1.22744633	0	0.0289090418	5040.02453478	-1.805e-16	17939	12.082	11.894	12.042	0.965	0.0000	0.8398	0.13157	0.8500	0.9880	1.60931	1.64999	0.0000	0.0000	0.0000	-3.608e-05	-0.00052807	0.00010512	0	0	0
# CONV t=400.00 cond=0 evap=0 rough=0 back_s=0
# LEDGER t=400.000 mode=3 sum_err=0 max|E-iEu|=1.110e-16 run_max_diff=0.000e+00 run_max_sum_err=0 steps=20000 E0_int=5040024534782608 sum=5040024534782608
# NETG t=400.00 gates min=0.8471 mean=0.8471 edges=1
# PIN t=400.00 R=-0.0781403908 nv=2
# SLIP t=400.00 e=0 psi=-0.2875 unw=+0.006 nu_win=-0.001001 dwb_win=-0.000004
405.000	5038.84632	1.22332185	0	0.0538905572	5040.02453478	0.000e+00	17939	12.084	11.899	12.041	0.967	0.0000	0.8398	0.132	0.8500	0.9880	1.60877	1.64999	0.0000	0.0000	0.0000	-0.00046394	-0.00058762	-0.00010358	0	0	0
# CONV t=405.00 cond=0 evap=0 rough=0 back_s=0
# LEDGER t=405.000 mode=3 sum_err=0 max|E-iEu|=1.110e-16 run_max_diff=0.000e+00 run_max_sum_err=0 steps=20250 E0_int=5040024534782608 sum=5040024534782608
# NETG t=405.00 gates min=0.8593 mean=0.8593 edges=1
# PIN t=405.00 R=-0.0989974255 nv=2
# SLIP t=405.00 e=0 psi=-0.2749 unw=+0.019 nu_win=+0.000402 dwb_win=-0.000005
410.000	5038.84632	1.21982331	0	0.0772193844	5040.02453478	-1.805e-16	17939	12.088	11.903	12.042	0.969	0.0000	0.8398	0.13252	0.8500	0.9880	1.60828	1.64999	0.0000	0.0000	0.0000	-0.00040492	-0.00049321	0.00026347	0	0	0
# CONV t=410.00 cond=0 evap=0 rough=0 back_s=0
# LEDGER t=410.000 mode=3 sum_err=0 max|E-iEu|=1.110e-16 run_max_diff=0.000e+00 run_max_sum_err=0 steps=20500 E0_int=5040024534782608 sum=5040024534782608
# NETG t=410.00 gates min=0.8707 mean=0.8707 edges=1
# PIN t=410.00 R=-0.118827716 nv=2
# SLIP t=410.00 e=0 psi=-0.2628 unw=+0.031 nu_win=+0.000387 dwb_win=-0.000005
415.000	5038.84632	1.2243818	0	0.0259019708	5040.02453478	-1.805e-16	17939	12.092	11.906	12.055	0.967	0.0000	0.8398	0.1331	0.8500	0.9880	1.60954	1.64999	0.0000	0.0000	0.0000	-5.106e-05	-0.00057807	0.00036402	0	0	0
# CONV t=415.00 cond=0 evap=0 rough=0 back_s=0
# LEDGER t=415.000 mode=3 sum_err=0 max|E-iEu|=1.110e-16 run_max_diff=0.000e+00 run_max_sum_err=0 steps=20750 E0_int=5040024534782608 sum=5040024534782608
# NETG t=415.00 gates min=0.8415 mean=0.8415 edges=1
# PIN t=415.00 R=-0.0720687884 nv=2
# SLIP t=415.00 e=0 psi=-0.2932 unw=+0.001 nu_win=-0.000969 dwb_win=-0.000007
420.000	5038.84632	1.22661209	0	0.0435069256	5040.02453478	0.000e+00	17939	12.087	11.894	12.039	0.965	0.0000	0.8398	0.13372	0.8500	0.9879	1.60903	1.64999	0.0000	0.0000	0.0000	-1.6878e-05	2.5446e-05	8.8792e-05	0	0	0
# CONV t=420.00 cond=0 evap=0 rough=0 back_s=0
# LEDGER t=420.000 mode=3 sum_err=0 max|E-iEu|=1.110e-16 run_max_diff=0.000e+00 run_max_sum_err=0 steps=21000 E0_int=5040024534782608 sum=5040024534782608
# NETG t=420.00 gates min=0.8535 mean=0.8535 edges=1
# PIN t=420.00 R=-0.0919040343 nv=2
# SLIP t=420.00 e=0 psi=-0.2810 unw=+0.013 nu_win=+0.000390 dwb_win=-0.000005
425.000	5038.84632	1.22289693	0	0.0685965216	5040.02453478	-1.805e-16	17939	12.085	11.898	12.043	0.967	0.0000	0.8398	0.13435	0.8500	0.9879	1.60849	1.64999	0.0000	0.0000	0.0000	0.00010876	-0.00029318	-0.00034364	0	0	0
# CONV t=425.00 cond=0 evap=0 rough=0 back_s=0
# LEDGER t=425.000 mode=3 sum_err=0 max|E-iEu|=1.110e-16 run_max_diff=0.000e+00 run_max_sum_err=0 steps=21250 E0_int=5040024534782608 sum=5040024534782608
# NETG t=425.00 gates min=0.8657 mean=0.8656 edges=1
# PIN t=425.00 R=-0.113278473 nv=2
# SLIP t=425.00 e=0 psi=-0.2682 unw=+0.026 nu_win=+0.000406 dwb_win=-0.000007
430.000	5038.84632	1.22107271	0	0.0911056228	5040.02453478	-3.609e-16	17939	12.090	11.902	12.045	0.968	0.0000	0.8398	0.135	0.8500	0.9879	1.60798	1.64999	0.0000	0.0000	0.0000	0.00026795	-0.00048284	0.0001779	0	0	0
# CONV t=430.00 cond=0 evap=0 rough=0 back_s=0
# LEDGER t=430.000 mode=3 sum_err=0 max|E-iEu|=1.110e-16 run_max_diff=0.000e+00 run_max_sum_err=0 steps=21500 E0_int=5040024534782608 sum=5040024534782608
# NETG t=430.00 gates min=0.8772 mean=0.8772 edges=1
# PIN t=430.00 R=-0.133963354 nv=2
# SLIP t=430.00 e=0 psi=-0.2556 unw=+0.038 nu_win=+0.000401 dwb_win=+0.000001
435.000	5038.84632	1.2310875	0	0.0336187098	5040.02453478	-1.805e-16	17939	12.086	11.883	12.048	0.961	0.0000	0.8398	0.13565	0.8500	0.9879	1.60926	1.64999	0.0000	0.0000	0.0000	-0.00014216	-0.00010259	-1.3283e-05	0	0	0
# CONV t=435.00 cond=0 evap=0 rough=0 back_s=0
# LEDGER t=435.000 mode=3 sum_err=0 max|E-iEu|=1.110e-16 run_max_diff=0.000e+00 run_max_sum_err=0 steps=21750 E0_int=5040024534782608 sum=5040024534782608
# NETG t=435.00 gates min=0.8483 mean=0.8482 edges=1
# PIN t=435.00 R=-0.0864912294 nv=2
# SLIP t=435.00 e=0 psi=-0.2865 unw=+0.007 nu_win=-0.000981 dwb_win=-0.000003
440.000	5038.84632	1.22626949	0	0.0588723251	5040.02453478	-1.805e-16	17939	12.088	11.891	12.048	0.964	0.0000	0.8398	0.13629	0.8500	0.9879	1.60874	1.64999	0.0000	0.0000	0.0000	3.6359e-05	0.00017306	0.00055727	0	0	0
# CONV t=440.00 cond=0 evap=0 rough=0 back_s=0
# LEDGER t=440.000 mode=3 sum_err=0 max|E-iEu|=1.110e-16 run_max_diff=0.000e+00 run_max_sum_err=0 steps=22000 E0_int=5040024534782608 sum=5040024534782608
# NETG t=440.00 gates min=0.8604 mean=0.8603 edges=1
# PIN t=440.00 R=-0.106926835 nv=2
# SLIP t=440.00 e=0 psi=-0.2739 unw=+0.020 nu_win=+0.000402 dwb_win=-0.000002
445.000	5038.84632	1.22398443	0	0.0817943323	5040.02453478	-1.805e-16	17939	12.093	11.896	12.050	0.965	0.0000	0.8398	0.1369	0.8500	0.9879	1.60822	1.64999	0.0000	0.0000	0.0000	1.7184e-05	-5.4707e-05	0.00022319	0	0	0
# CONV t=445.00 cond=0 evap=0 rough=0 back_s=0
# LEDGER t=445.000 mode=3 sum_err=0 max|E-iEu|=1.110e-16 run_max_diff=0.000e+00 run_max_sum_err=0 steps=22250 E0_int=5040024534782608 sum=5040024534782608
# NETG t=445.00 gates min=0.8719 mean=0.8719 edges=1
# PIN t=445.00 R=-0.127563784 nv=2
# SLIP t=445.00 e=0 psi=-0.2615 unw=+0.032 nu_win=+0.000393 dwb_win=+0.000005
450.000	5038.84632	1.23238076	0	0.0259636534	5040.02453478	-3.609e-16	17939	12.090	11.891	12.057	0.961	0.0000	0.8398	0.13749	0.8500	0.9879	1.60950	1.64999	0.0000	0.0000	0.0000	3.168e-07	-0.00075894	-0.00035169	0	0	0
# CONV t=450.00 cond=0 evap=0 rough=0 back_s=0
# LEDGER t=450.000 mode=3 sum_err=0 max|E-iEu|=1.110e-16 run_max_diff=0.000e+00 run_max_sum_err=0 steps=22500 E0_int=5040024534782608 sum=5040024534782608
# NETG t=450.00 gates min=0.8426 mean=0.8425 edges=1
# PIN t=450.00 R=-0.0801294266 nv=2
# SLIP t=450.00 e=0 psi=-0.2922 unw=+0.002 nu_win=-0.000978 dwb_win=-0.000010
455.000	5038.84632	1.23102797	0	0.0477196475	5040.02453478	0.000e+00	17939	12.097	11.883	12.050	0.960	0.0000	0.8398	0.13809	0.8500	0.9879	1.60898	1.64999	0.0000	0.0000	0.0000	-0.00017583	6.5414e-05	0.00031589	0	0	0
# CONV t=455.00 cond=0 evap=0 rough=0 back_s=0
# LEDGER t=455.000 mode=3 sum_err=0 max|E-iEu|=1.110e-16 run_max_diff=0.000e+00 run_max_sum_err=0 steps=22750 E0_int=5040024534782608 sum=5040024534782608
# NETG t=455.00 gates min=0.8547 mean=0.8547 edges=1
# PIN t=455.00 R=-0.100532633 nv=2
# SLIP t=455.00 e=0 psi=-0.2798 unw=+0.014 nu_win=+0.000395 dwb_win=+0.000007
460.000	5038.84632	1.22652378	0	0.0726420812	5040.02453478	0.000e+00	17939	12.096	11.889	12.055	0.962	0.0000	0.8398	0.13869	0.8500	0.9879	1.60847	1.64999	0.0000	0.0000	0.0000	-0.00015856	-0.0002596	0.00032093	0	0	0
# CONV t=460.00 cond=0 evap=0 rough=0 back_s=0
# LEDGER t=460.000 mode=3 sum_err=0 max|E-iEu|=1.110e-16 run_max_diff=0.000e+00 run_max_sum_err=0 steps=23000 E0_int=5040024534782608 sum=5040024534782608
# NETG t=460.00 gates min=0.8665 mean=0.8664 edges=1
# PIN t=460.00 R=-0.120950882 nv=2
# SLIP t=460.00 e=0 psi=-0.2674 unw=+0.026 nu_win=+0.000394 dwb_win=-0.000011
465.000	5038.84632	1.22594679	0	0.0934887076	5040.02453478	-1.805e-16	17939	12.096	11.893	12.057	0.963	0.0000	0.8398	0.13928	0.8500	0.9879	1.60796	1.64999	0.0000	0.0000	0.0000	0.00011243	-6.6602e-05	0.00022866	0	0	0
# CONV t=465.00 cond=0 evap=0 rough=0 back_s=0
# LEDGER t=465.000 mode=3 sum_err=0 max|E-iEu|=1.110e-16 run_max_diff=0.000e+00 run_max_sum_err=0 steps=23250 E0_int=5040024534782608 sum=5040024534782608
# NETG t=465.00 gates min=0.8776 mean=0.8776 edges=1
# PIN t=465.00 R=-0.141220514 nv=2
# SLIP t=465.00 e=0 psi=-0.2552 unw=+0.039 nu_win=+0.000388 dwb_win=+0.000003
470.000	5038.84632	1.2365041	0	0.036019932	5040.02453478	-1.805e-16	17939	12.090	11.871	12.057	0.956	0.0000	0.8398	0.13986	0.8500	0.9879	1.60922	1.64999	0.0000	0.0000	0.0000	0.00027313	-0.00028117	-2.6021e-05	0	0	0
# CONV t=470.00 cond=0 evap=0 rough=0 back_s=0
# LEDGER t=470.000 mode=3 sum_err=0 max|E-iEu|=1.110e-16 run_max_diff=0.000e+00 run_max_sum_err=0 steps=23500 E0_int=5040024534782608 sum=5040024534782608
# NETG t=470.00 gates min=0.8492 mean=0.8491 edges=1
# PIN t=470.00 R=-0.0943090527 nv=2
# SLIP t=470.00 e=0 psi=-0.2856 unw=+0.008 nu_win=-0.000968 dwb_win=-0.000006
475.000	5038.84632	1.23180879	0	0.0605139587	5040.02453478	0.000e+00	17939	12.099	11.877	12.063	0.959	0.0000	0.8398	0.14042	0.8500	0.9879	1.60872	1.64999	0.0000	0.0000	0.0000	0.00018068	0.00028036	0.0007308	0	0	0
# CONV t=475.00 cond=0 evap=0 rough=0 back_s=0
# LEDGER t=475.000 mode=3 sum_err=0 max|E-iEu|=1.110e-16 run_max_diff=0.000e+00 run_max_sum_err=0 steps=23750 E0_int=5040024534782608 sum=5040024534782608
# NETG t=475.00 gates min=0.8607 mean=0.8606 edges=1
# PIN t=475.00 R=-0.114107769 nv=2
# SLIP t=475.00 e=0 psi=-0.2735 unw=+0.020 nu_win=+0.000387 dwb_win=+0.000002
480.000	5038.84632	1.22887853	0	0.0844114576	5040.02453478	0.000e+00	17939	12.101	11.887	12.066	0.960	0.0000	0.8398	0.14098	0.8500	0.9879	1.60819	1.64999	0.0000	0.0000	0.0000	-5.8319e-05	1.0248e-05	0.00072969	0	0	0
# CONV t=480.00 cond=0 evap=0 rough=0 back_s=0
# LEDGER t=480.000 mode=3 sum_err=0 max|E-iEu|=1.110e-16 run_max_diff=0.000e+00 run_max_sum_err=0 steps=24000 E0_int=5040024534782608 sum=5040024534782608
# NETG t=480.00 gates min=0.8724 mean=0.8724 edges=1
# PIN t=480.00 R=-0.135075006 nv=2
# SLIP t=480.00 e=0 psi=-0.2609 unw=+0.033 nu_win=+0.000400 dwb_win=-0.000005
485.000	5038.84632	1.23878732	0	0.0279065473	5040.02453478	-1.805e-16	17939	12.093	11.877	12.069	0.955	0.0000	0.8398	0.14155	0.8500	0.9879	1.60945	1.64999	0.0000	0.0000	0.0000	-0.00033727	3.0564e-05	-0.00058787	0	0	0
# CONV t=485.00 cond=0 evap=0 rough=0 back_s=0
# LEDGER t=485.000 mode=3 sum_err=0 max|E-iEu|=1.110e-16 run_max_diff=0.000e+00 run_max_sum_err=0 steps=24250 E0_int=5040024534782608 sum=5040024534782608
# NETG t=485.00 gates min=0.8437 mean=0.8437 edges=1
# PIN t=485.00 R=-0.0884788848 nv=2
# SLIP t=485.00 e=0 psi=-0.2910 unw=+0.003 nu_win=-0.000957 dwb_win=+0.000002
490.000	5038.84632	1.23743173	0	0.0500397231	5040.02453478	0.000e+00	17939	12.103	11.874	12.062	0.955	0.0000	0.8398	0.14211	0.8500	0.9879	1.60892	1.64999	0.0000	0.0000	0.0000	0.00026662	5.3288e-05	0.00015371	0	0	0
# CONV t=490.00 cond=0 evap=0 rough=0 back_s=0
# LEDGER t=490.000 mode=3 sum_err=0 max|E-iEu|=1.110e-16 run_max_diff=0.000e+00 run_max_sum_err=0 steps=24500 E0_int=5040024534782608 sum=5040024534782608
# NETG t=490.00 gates min=0.8559 mean=0.8559 edges=1
# PIN t=490.00 R=-0.109256475 nv=2
# SLIP t=490.00 e=0 psi=-0.2784 unw=+0.015 nu_win=+0.000399 dwb_win=-0.000010
495.000	5038.84632	1.2333596	0	0.0756199919	5040.02453478	-1.805e-16	17939	12.106	11.878	12.068	0.957	0.0000	0.8398	0.14265	0.8500	0.9879	1.60838	1.64999	0.0000	0.0000	0.0000	-4.2913e-05	-0.00048403	0.00047687	0	0	0
# CONV t=495.00 cond=0 evap=0 rough=0 back_s=0
# LEDGER t=495.000 mode=3 sum_err=0 max|E-iEu|=1.110e-16 run_max_diff=0.000e+00 run_max_sum_err=0 steps=24750 E0_int=5040024534782608 sum=5040024534782608
# NETG t=495.00 gates min=0.8684 mean=0.8683 edges=1
# PIN t=495.00 R=-0.130764611 nv=2
# SLIP t=495.00 e=0 psi=-0.2653 unw=+0.029 nu_win=+0.000419 dwb_win=+0.000004
500.000	5038.84632	1.23230474	0	0.09757357	5040.02453478	-1.805e-16	17939	12.108	11.881	12.073	0.958	0.0000	0.8398	0.14316	0.8500	0.9879	1.60786	1.64999	0.0000	0.0000	0.0000	0.00015349	-0.00040755	0.00042856	0	0	0
# CONV t=500.00 cond=0 evap=0 rough=0 back_s=0
# LEDGER t=500.000 mode=3 sum_err=0 max|E-iEu|=1.110e-16 run_max_diff=0.000e+00 run_max_sum_err=0 steps=25000 E0_int=5040024534782608 sum=5040024534782608
# NETG t=500.00 gates min=0.8796 mean=0.8796 edges=1
# PIN t=500.00 R=-0.151663327 nv=2
# SLIP t=500.00 e=0 psi=-0.2529 unw=+0.041 nu_win=+0.000393 dwb_win=-0.000007
505.000	5038.84632	1.24274289	0	0.0385686459	5040.02453478	0.000e+00	17939	12.107	11.863	12.069	0.951	0.0000	0.8398	0.14367	0.8500	0.9879	1.60916	1.64999	0.0000	0.0000	0.0000	0.00028286	-0.00011749	7.4097e-05	0	0	0
# CONV t=505.00 cond=0 evap=0 rough=0 back_s=0
# LEDGER t=505.000 mode=3 sum_err=0 max|E-iEu|=1.110e-16 run_max_diff=0.000e+00 run_max_sum_err=0 steps=25250 E0_int=5040024534782608 sum=5040024534782608
# NETG t=505.00 gates min=0.8505 mean=0.8505 edges=1
# PIN t=505.00 R=-0.103096555 nv=2
# SLIP t=505.00 e=0 psi=-0.2841 unw=+0.010 nu_win=-0.000992 dwb_win=+0.000007
510.000	5038.84632	1.23902158	0	0.0633169656	5040.02453478	-1.805e-16	17939	12.107	11.866	12.071	0.953	0.0000	0.8398	0.14418	0.8500	0.9879	1.60863	1.64999	0.0000	0.0000	0.0000	0.00028606	-0.00030965	0.00056435	0	0	0
# CONV t=510.00 cond=0 evap=0 rough=0 back_s=0
# LEDGER t=510.000 mode=3 sum_err=0 max|E-iEu|=1.110e-16 run_max_diff=0.000e+00 run_max_sum_err=0 steps=25500 E0_int=5040024534782608 sum=5040024534782608
# NETG t=510.00 gates min=0.8626 mean=0.8625 edges=1
# PIN t=510.00 R=-0.124123567 nv=2
# SLIP t=510.00 e=0 psi=-0.2715 unw=+0.022 nu_win=+0.000399 dwb_win=-0.000003
515.000	5038.84632	1.23639576	0	0.0858087203	5040.02453478	-1.805e-16	17939	12.114	11.870	12.073	0.955	0.0000	0.8398	0.1447	0.8500	0.9879	1.60813	1.64999	0.0000	0.0000	0.0000	0.00030308	-9.2812e-05	0.00082183	0	0	0
# CONV t=515.00 cond=0 evap=0 rough=0 back_s=0
# LEDGER t=515.000 mode=3 sum_err=0 max|E-iEu|=1.110e-16 run_max_diff=0.000e+00 run_max_sum_err=0 steps=25750 E0_int=5040024534782608 sum=5040024534782608
# NETG t=515.00 gates min=0.8738 mean=0.8738 edges=1
# PIN t=515.00 R=-0.143989494 nv=2
# SLIP t=515.00 e=0 psi=-0.2594 unw=+0.034 nu_win=+0.000388 dwb_win=+0.000004
520.000	5038.84632	1.24665616	0	0.0286403002	5040.02453478	0.000e+00	17939	12.106	11.860	12.081	0.949	0.0000	0.8398	0.14521	0.8500	0.9879	1.60940	1.64999	0.0000	0.0000	0.0000	0.00019634	-0.00046411	2.6203e-05	0	0	0
# CONV t=520.00 cond=0 evap=0 rough=0 back_s=0
# LEDGER t=520.000 mode=3 sum_err=0 max|E-iEu|=1.110e-16 run_max_diff=0.000e+00 run_max_sum_err=0 steps=26000 E0_int=5040024534782608 sum=5040024534782608
# NETG t=520.00 gates min=0.8447 mean=0.8447 edges=1
# PIN t=520.00 R=-0.0970814729 nv=2
# SLIP t=520.00 e=0 psi=-0.2900 unw=+0.004 nu_win=-0.000976 dwb_win=+0.000002
525.000	5038.84632	1.24340693	0	0.0526344351	5040.02453478	-1.805e-16	17939	12.111	11.861	12.066	0.950	0.0000	0.8398	0.14572	0.8500	0.9879	1.60888	1.64999	0.0000	0.0000	0.0000	-0.00015029	0.00010428	9.2153e-05	0	0	0
# CONV t=525.00 cond=0 evap=0 rough=0 back_s=0
# LEDGER t=525.000 mode=3 sum_err=0 max|E-iEu|=1.110e-16 run_max_diff=0.000e+00 run_max_sum_err=0 steps=26250 E0_int=5040024534782608 sum=5040024534782608
# NETG t=525.00 gates min=0.8571 mean=0.8571 edges=1
# PIN t=525.00 R=-0.117826383 nv=2
# SLIP t=525.00 e=0 psi=-0.2772 unw=+0.017 nu_win=+0.000407 dwb_win=+0.000002
530.000	5038.84632	1.24050999	0	0.0767912872	5040.02453478	-1.805e-16	17939	12.116	11.860	12.074	0.952	0.0000	0.8398	0.14621	0.8500	0.9879	1.60834	1.64999	0.0000	0.0000	0.0000	-4.4897e-05	-0.00051239	0.00026946	0	0	0
# CONV t=530.00 cond=0 evap=0 rough=0 back_s=0
# LEDGER t=530.000 mode=3 sum_err=0 max|E-iEu|=1.110e-16 run_max_diff=0.000e+00 run_max_sum_err=0 steps=26500 E0_int=5040024534782608 sum=5040024534782608
# NETG t=530.00 gates min=0.8690 mean=0.8690 edges=1
# PIN t=530.00 R=-0.139086291 nv=2
# SLIP t=530.00 e=0 psi=-0.2646 unw=+0.029 nu_win=+0.000404 dwb_win=+0.000006
535.000	5038.84632	1.23848959	0	0.0999795206	5040.02453478	-1.805e-16	17939	12.124	11.864	12.076	0.953	0.0000	0.8397	0.14667	0.8500	0.9879	1.60781	1.64999	0.0000	0.0000	0.0000	-0.00014523	-0.00036191	0.00039543	0	0	0
# CONV t=535.00 cond=0 evap=0 rough=0 back_s=0
# LEDGER t=535.000 mode=3 sum_err=0 max|E-iEu|=1.110e-16 run_max_diff=0.000e+00 run_max_sum_err=0 steps=26750 E0_int=5040024534782608 sum=5040024534782608
# NETG t=535.00 gates min=0.8807 mean=0.8806 edges=1
# PIN t=535.00 R=-0.160254128 nv=2
# SLIP t=535.00 e=0 psi=-0.2518 unw=+0.042 nu_win=+0.000407 dwb_win=-0.000005
540.000	5038.84632	1.24911451	0	0.0413340333	5040.02453478	-1.805e-16	17939	12.116	11.850	12.075	0.946	0.0000	0.8397	0.14713	0.8500	0.9879	1.60911	1.64999	0.0000	0.0000	0.0000	0.0001621	7.9536e-05	0.0002985	0	0	0
# CONV t=540.00 cond=0 evap=0 rough=0 back_s=0
# LEDGER t=540.000 mode=3 sum_err=0 max|E-iEu|=1.110e-16 run_max_diff=0.000e+00 run_max_sum_err=0 steps=27000 E0_int=5040024534782608 sum=5040024534782608
# NETG t=540.00 gates min=0.8517 mean=0.8517 edges=1
# PIN t=540.00 R=-0.11223356 nv=2
# SLIP t=540.00 e=0 psi=-0.2828 unw=+0.011 nu_win=-0.000989 dwb_win=+0.000009
545.000	5038.84632	1.24443216	0	0.0675608862	5040.02453478	-1.805e-16	17939	12.118	11.852	12.082	0.949	0.0000	0.8397	0.14756	0.8500	0.9879	1.60855	1.64999	0.0000	0.0000	0.0000	0.00028165	-8.0007e-06	0.0006098	0	0	0
# CONV t=545.00 cond=0 evap=0 rough=0 back_s=0
# LEDGER t=545.000 mode=3 sum_err=0 max|E-iEu|=1.110e-16 run_max_diff=0.000e+00 run_max_sum_err=0 steps=27250 E0_int=5040024534782608 sum=5040024534782608
# NETG t=545.00 gates min=0.8641 mean=0.8641 edges=1
# PIN t=545.00 R=-0.133778061 nv=2
# SLIP t=545.00 e=0 psi=-0.2698 unw=+0.024 nu_win=+0.000413 dwb_win=-0.000002
550.000	5038.84632	1.24290652	0	0.0912185769	5040.02453478	-1.805e-16	17939	12.121	11.854	12.081	0.950	0.0000	0.8397	0.148	0.8500	0.9879	1.60801	1.64999	0.0000	0.0000	0.0000	0.00024088	-0.00025288	0.00053327	0	0	0
# CONV t=550.00 cond=0 evap=0 rough=0 back_s=0
# LEDGER t=550.000 mode=3 sum_err=0 max|E-iEu|=1.110e-16 run_max_diff=0.000e+00 run_max_sum_err=0 steps=27500 E0_int=5040024534782608 sum=5040024534782608
# NETG t=550.00 gates min=0.8765 mean=0.8764 edges=1
# PIN t=550.00 R=-0.155910117 nv=2
# SLIP t=550.00 e=0 psi=-0.2564 unw=+0.037 nu_win=+0.000428 dwb_win=+0.000003
555.000	5038.84632	1.25270466	0	0.0321440438	5040.02453478	-1.805e-16	17939	12.112	11.854	12.090	0.944	0.0000	0.8397	0.14845	0.8500	0.9879	1.60933	1.64999	0.0000	0.0000	0.0000	-0.00034078	-0.00033572	-0.00029622	0	0	0
# CONV t=555.00 cond=0 evap=0 rough=0 back_s=0
# LEDGER t=555.000 mode=3 sum_err=0 max|E-iEu|=1.110e-16 run_max_diff=0.000e+00 run_max_sum_err=0 steps=27750 E0_int=5040024534782608 sum=5040024534782608
# NETG t=555.00 gates min=0.8462 mean=0.8462 edges=1
# PIN t=555.00 R=-0.106633723 nv=2
# SLIP t=555.00 e=0 psi=-0.2884 unw=+0.005 nu_win=-0.001020 dwb_win=-0.000007
560.000	5038.84632	1.2488773	0	0.0570203268	5040.02453478	0.000e+00	17939	12.115	11.845	12.088	0.946	0.0000	0.8397	0.14891	0.8500	0.9879	1.60880	1.64999	0.0000	0.0000	0.0000	-0.00031715	0.00015935	0.00095755	0	0	0
# CONV t=560.00 cond=0 evap=0 rough=0 back_s=0
# LEDGER t=560.000 mode=3 sum_err=0 max|E-iEu|=1.110e-16 run_max_diff=0.000e+00 run_max_sum_err=0 steps=28000 E0_int=5040024534782608 sum=5040024534782608
# NETG t=560.00 gates min=0.8587 mean=0.8587 edges=1
# PIN t=560.00 R=-0.127682641 nv=2
# SLIP t=560.00 e=0 psi=-0.2755 unw=+0.018 nu_win=+0.000411 dwb_win=+0.000000
565.000	5038.84632	1.24521116	0	0.0815023916	5040.02453478	0.000e+00	17939	12.123	11.850	12.082	0.948	0.0000	0.8397	0.14939	0.8500	0.9879	1.60828	1.64998	0.0000	0.0000	0.0000	0.0001436	0.00046554	0.00086305	0	0	0
# CONV t=565.00 cond=0 evap=0 rough=0 back_s=0
# LEDGER t=565.000 mode=3 sum_err=0 max|E-iEu|=1.110e-16 run_max_diff=0.000e+00 run_max_sum_err=0 steps=28250 E0_int=5040024534782608 sum=5040024534782608
# NETG t=565.00 gates min=0.8703 mean=0.8703 edges=1
# PIN t=565.00 R=-0.148498568 nv=2
# SLIP t=565.00 e=0 psi=-0.2632 unw=+0.031 nu_win=+0.000392 dwb_win=-0.000018
570.000	5038.84632	1.24709536	0	0.0314259652	5040.02453478	-1.805e-16	17940	12.136	11.857	12.090	0.948	0.0000	0.8397	0.14988	0.8500	0.9879	1.60777	1.64998	0.0000	0.0000	0.0000	-3.6298e-05	-0.00023327	0.00084099	0	0	0
# CONV t=570.00 cond=0 evap=0 rough=0 back_s=0
# LEDGER t=570.000 mode=3 sum_err=0 max|E-iEu|=1.110e-16 run_max_diff=0.000e+00 run_max_sum_err=0 steps=28500 E0_int=5040024534782608 sum=5040024534782608
# NETG t=570.00 gates min=0.8815 mean=0.8814 edges=1
# PIN t=570.00 R=-0.100306345 nv=2
# SLIP t=570.00 e=0 psi=-0.2510 unw=+0.043 nu_win=+0.000389 dwb_win=+0.000001
575.000	5038.84632	1.25323182	0	0.0460611239	5040.02453478	0.000e+00	17940	12.122	11.844	12.084	0.943	0.0000	0.8397	0.15037	0.8500	0.9879	1.60907	1.64998	0.0000	0.0000	0.0000	0.00017375	8.8536e-05	0.00075126	0	0	0
# CONV t=575.00 cond=0 evap=0 rough=0 back_s=0
# LEDGER t=575.000 mode=3 sum_err=0 max|E-iEu|=1.110e-16 run_max_diff=0.000e+00 run_max_sum_err=0 steps=28750 E0_int=5040024534782608 sum=5040024534782608
# NETG t=575.00 gates min=0.8526 mean=0.8525 edges=1
# PIN t=575.00 R=-0.121077964 nv=2
# SLIP t=575.00 e=0 psi=-0.2821 unw=+0.012 nu_win=-0.000990 dwb_win=-0.000016
580.000	5038.84632	1.24777251	0	0.0715650226	5040.02453478	-1.805e-16	17940	12.129	11.843	12.087	0.946	0.0000	0.8397	0.15081	0.8500	0.9879	1.60857	1.64998	0.0000	0.0000	0.0000	-0.00013407	-1.1033e-05	0.00090969	0	0	0
# CONV t=580.00 cond=0 evap=0 rough=0 back_s=0
# LEDGER t=580.000 mode=3 sum_err=0 max|E-iEu|=1.110e-16 run_max_diff=0.000e+00 run_max_sum_err=0 steps=29000 E0_int=5040024534782608 sum=5040024534782608
# NETG t=580.00 gates min=0.8643 mean=0.8642 edges=1
# PIN t=580.00 R=-0.141122555 nv=2
# SLIP t=580.00 e=0 psi=-0.2697 unw=+0.024 nu_win=+0.000392 dwb_win=-0.000002
585.000	5038.84632	1.24584001	0	0.0963683625	5040.02453478	0.000e+00	17940	12.125	11.848	12.083	0.948	0.0000	0.8397	0.15121	0.8500	0.9879	1.60799	1.64998	0.0000	0.0000	0.0000	-9.6128e-05	0.00025349	0.00053132	0	0	0
# CONV t=585.00 cond=0 evap=0 rough=0 back_s=0
# LEDGER t=585.000 mode=3 sum_err=0 max|E-iEu|=1.110e-16 run_max_diff=0.000e+00 run_max_sum_err=0 steps=29250 E0_int=5040024534782608 sum=5040024534782608
# NETG t=585.00 gates min=0.8769 mean=0.8767 edges=1
# PIN t=585.00 R=-0.163993393 nv=2
# SLIP t=585.00 e=0 psi=-0.2562 unw=+0.038 nu_win=+0.000430 dwb_win=-0.000013
590.000	5038.84632	1.25784406	0	0.0358329727	5040.02453478	0.000e+00	17940	12.113	11.837	12.093	0.940	0.0000	0.8397	0.15161	0.8500	0.9879	1.60931	1.64998	0.0000	0.0000	0.0000	-0.00074007	0.00038765	-0.00026302	0	0	0
# CONV t=590.00 cond=0 evap=0 rough=0 back_s=0
# LEDGER t=590.000 mode=3 sum_err=0 max|E-iEu|=1.110e-16 run_max_diff=0.000e+00 run_max_sum_err=0 steps=29500 E0_int=5040024534782608 sum=5040024534782608
# NETG t=590.00 gates min=0.8474 mean=0.8473 edges=1
# PIN t=590.00 R=-0.115462055 nv=2
# SLIP t=590.00 e=0 psi=-0.2874 unw=+0.006 nu_win=-0.000993 dwb_win=-0.000005
595.000	5038.84632	1.25398115	0	0.0618174029	5040.02453478	0.000e+00	17940	12.119	11.836	12.092	0.942	0.0000	0.8397	0.15197	0.8500	0.9879	1.60874	1.64998	0.0000	0.0000	0.0000	-0.00013189	0.00049188	-3.3748e-05	0	0	0
# CONV t=595.00 cond=0 evap=0 rough=0 back_s=0
# LEDGER t=595.000 mode=3 sum_err=0 max|E-iEu|=1.110e-16 run_max_diff=0.000e+00 run_max_sum_err=0 steps=29750 E0_int=5040024534782608 sum=5040024534782608
# NETG t=595.00 gates min=0.8601 mean=0.8600 edges=1
# PIN t=595.00 R=-0.137583572 nv=2
# SLIP t=595.00 e=0 psi=-0.2742 unw=+0.020 nu_win=+0.000421 dwb_win=-0.000002
600.000	5038.84632	1.24864895	0	0.0896305177	5040.02453478	-1.805e-16	17940	12.123	11.845	12.084	0.945	0.0000	0.8397	0.15228	0.8500	0.9879	1.60818	1.64998	0.0000	0.0000	0.0000	0.00023459	-0.000117	0.00078814	0	0	0
# CONV t=600.00 cond=0 evap=0 rough=0 back_s=0
# LEDGER t=600.000 mode=3 sum_err=0 max|E-iEu|=1.110e-16 run_max_diff=0.000e+00 run_max_sum_err=0 steps=30000 E0_int=5040024534782608 sum=5040024534782608
# NETG t=600.00 gates min=0.8729 mean=0.8728 edges=1
# PIN t=600.00 R=-0.160064481 nv=2
# SLIP t=600.00 e=0 psi=-0.2605 unw=+0.033 nu_win=+0.000437 dwb_win=-0.000006
# RESULT es_shells 0.75:0.9295 2.25:1.0001 3.75:1.0001 5.25:1.0001 6.75:1.0001 8.25:1.0001 9.75:1.0001 11.25:1.0000
# RESULT LEDGER mode=3 E0_int=5040024534782608 sum_int=5040024534782608 max_sum_err=0 max|E-iEu|=0.000e+00 steps=30000
# RESULT conservation E0=5040.02453478 Efinal=5040.02453478 rel_drift=-1.805e-16
# RESULT roughness_radiated=0 (dissonant dense deliveries converted to field, conserved)
# NETGATE F 0 1 pq=1:1 d=1.5196 psi_f=-0.2605 psi_b=-0.2604 gf=0.8728 gb=0.8729
# RESULT pin R=-0.160064481 nv=2 (reservoir inside the conservation sum)
# RESULT slip e=0 pq=1:1 nu_slip=+0.000009 dw_bare=-0.000004 dw_over_2pi=-0.000001 slips=+0.00 locked=1 flips=0 fix_pq=1:1 fix_nu=+0.000009 fix_dwb2pi=-0.000001 fix_slips=+0.00 fix_locked=1 window=[300.0,600.0]
# RESULT curvature_fit defA_per_Em=1.20570 r2=0.8454 (linear defect ~ converted energy)
