# cellfab — v89 cell-fabric kernel (no lattice, no prior code)
# cfg seed=20260727 mode=field init=noise
# cfg L=20 dmin=1 r0=0.85 rjit=0.06
# cfg C=1 w1=1.65 w2=2.9 q_detune=1.2 gamma_res=0.25 gamma_res_m=0.1 p_gate=8
# cfg lock_floor=0.005
# cfg k_dep=1.2 k_dep_m=2 cap=2.5 e_s0=1 es_floor=0.05
# cfg e_cond=0 f_conv=0.25 f_evap=0.5 s_pull=0.15
# cfg kappa_lock=1 kappa_align=0.5 kappa_freq=0 kappa_reac=0 sigma_tumble=0.01
# cfg space: s_k=0.02 s_disp=0.3 es_gx=0
# cfg dt=0.02 T=40 diag_every=100 snap_every=0
# cfg center=(-1,-1,-1) amp=1 sigma=2.5 k=(0,0,0) prealign=0 noise_amp=0.6
# cfg music: comb_limit=6 rough_k=0.35 gamma_rough=0.5 mob_sym=1 mob_floor=0.004
# cfg field sector: two-component signed amplitude, unitary hops, field_J=1.8
# cfg ledger: mode=3 u=1.000e-12 (cellfabi INT_LEDGER)
# action atom: A0=1.1500 (dbar=1.5045) mode=2 — eps(w)=A0*w/2pi; atoms at mode boundaries, transport continuous
# edge coloring: 28 colors for 48753 links
# fabric: cells=5670 channels=48753 mean_degree=17.20 box=20 dmin=1
# LEDGER seed mode=3 u=1.000e-12 E0_int=7375680182843895 NC=5670 NL=48753
# LEDGER seed mode=3 u=1.000e-12 E0_int=7375680182843895 NC=5670 NL=48753
# t	E_space	E_dense	E_field	E_transfer	E_total	rel_drift	live_ch	cm_x	cm_y	cm_z	contain	front_r	r_core	defA	r_far	r_ratio	w_core	w_far
0.000	5670	0	1705.68018	0	7375.68018284	0.000e+00	32834	0.000	0.000	0.000	0.000	17.1773	0.8509	0	0.8502	1.0008	1.65000	1.65000	9.9406	10.0661	10.0461	0	0	0	-48.198	-37.345	-81.425
# CONV t=0.00 cond=0 evap=0 rough=0 back_s=0
# LEDGER t=0.000 mode=3 sum_err=0 max|E-iEu|=4.999e-13 run_max_diff=0.000e+00 run_max_sum_err=0 steps=0 E0_int=7375680182843895 sum=7375680182843895
2.000	5670	0	1705.68018	0	7375.68018284	3.946e-15	32838	0.000	0.000	0.000	0.000	17.1773	0.8508	1.07	0.8502	1.0008	1.65000	1.65000	9.9309	10.0626	10.0295	0	0	0	-12.888	-0.064059	-52.858
# CONV t=2.00 cond=0 evap=0 rough=0 back_s=0
# LEDGER t=2.000 mode=3 sum_err=0 max|E-iEu|=4.999e-13 run_max_diff=1.500e-12 run_max_sum_err=0 steps=100 E0_int=7375680182843895 sum=7375680182843895
4.000	5670	0	1705.68018	0	7375.68018284	3.946e-15	32836	0.000	0.000	0.000	0.000	16.7913	0.8511	2.1851	0.8501	1.0012	1.65000	1.65000	9.9343	10.0584	10.0081	0	0	0	21.895	-4.5461	-124.6
# CONV t=4.00 cond=0 evap=0 rough=0 back_s=0
# LEDGER t=4.000 mode=3 sum_err=0 max|E-iEu|=4.997e-13 run_max_diff=1.500e-12 run_max_sum_err=0 steps=200 E0_int=7375680182843895 sum=7375680182843895
# QATOM t=5.04 dir=FD w=1.65 e=0.301996504517
6.000	5669.32051	5.20349934	1701.15024	0.00594036144	7375.68018284	1.603e-15	32840	10.216	9.917	9.879	0.000	16.7913	0.8507	8.1224	0.8500	1.0007	1.65000	1.64920	9.9432	10.0624	9.9865	0.00056641	0.0012544	0.00075137	39.135	33.54	-71.17
# CONV t=6.00 cond=4.52995 evap=0 rough=0 back_s=0
# LEDGER t=6.000 mode=3 sum_err=0 max|E-iEu|=4.998e-13 run_max_diff=1.500e-12 run_max_sum_err=0 steps=300 E0_int=7375680182843895 sum=7375680182843895
# QATOM t=7.88 dir=FD w=1.64999983 e=0.301996472823
8.000	5667.64443	17.9850672	1689.97637	0.0743231902	7375.68018284	5.056e-15	32811	10.659	8.127	8.888	0.077	16.7913	0.8503	22.943	0.8499	1.0005	1.65000	1.64777	9.9447	10.0895	9.9817	0.0074646	-0.0040639	-0.0020341	69.201	62.515	-26.531
# CONV t=8.00 cond=15.7038 evap=0 rough=0 back_s=0
# LEDGER t=8.000 mode=3 sum_err=0 max|E-iEu|=5.001e-13 run_max_diff=1.500e-12 run_max_sum_err=0 steps=400 E0_int=7375680182843895 sum=7375680182843895
10.000	5665.56066	33.7675389	1676.08457	0.26741521	7375.68018284	1.973e-15	32786	10.333	9.143	10.090	0.082	17.1773	0.8496	41.428	0.8498	0.9998	1.64451	1.64560	9.9501	10.0968	9.9668	0.017506	-0.011292	-0.0029398	-9.9335	16.685	-37.073
# CONV t=10.00 cond=29.5956 evap=0 rough=0 back_s=0
# LEDGER t=10.000 mode=3 sum_err=0 max|E-iEu|=5.000e-13 run_max_diff=1.500e-12 run_max_sum_err=0 steps=500 E0_int=7375680182843895 sum=7375680182843895
# QATOM t=10.10 dir=FD w=1.65 e=0.603993009034
# QATOM t=10.76 dir=FD w=1.64999999 e=0.301996502326
# QATOM t=11.28 dir=FD w=1.64964805 e=0.301932087119
12.000	5658.49413	87.261859	1628.97437	0.949831353	7375.68018284	3.083e-15	32764	10.498	9.958	10.319	0.111	17.1773	0.8479	105.05	0.8495	0.9982	1.61828	1.63970	9.9130	10.0880	9.9368	0.010298	0.02184	0.0053994	-87.177	-31.615	-96.99
# CONV t=12.00 cond=76.7058 evap=0 rough=0 back_s=0
# LEDGER t=12.000 mode=3 sum_err=0 max|E-iEu|=5.000e-13 run_max_diff=1.500e-12 run_max_sum_err=0 steps=600 E0_int=7375680182843895 sum=7375680182843895
# QATOM t=12.06 dir=FD w=1.64999982 e=0.301996472393
# QATOM t=12.92 dir=FD w=1.64986829 e=0.301972398133
# QATOM t=13.54 dir=FD w=1.64999988 e=0.301996481847
14.000	5652.41516	132.817248	1588.44794	1.99983634	7375.68018284	-7.399e-15	32724	10.203	10.101	10.221	0.119	17.1773	0.8466	160.23	0.8491	0.9970	1.60062	1.63476	9.9042	10.0747	9.9145	0.041899	-0.0094152	-0.032871	-23.1	-29.358	-33.134
# CONV t=14.00 cond=117.232 evap=0 rough=0 back_s=0
# LEDGER t=14.000 mode=3 sum_err=0 max|E-iEu|=5.000e-13 run_max_diff=1.500e-12 run_max_sum_err=0 steps=700 E0_int=7375680182843895 sum=7375680182843895
# QATOM t=14.32 dir=FD w=1.64758232 e=0.301554001319
# QATOM t=15.02 dir=FD w=1.64995972 e=0.301989132715
# QATOM t=15.48 dir=FD w=1.47370074 e=0.269728771862
# QATOM t=15.90 dir=FD w=1.64891184 e=0.301797340406
16.000	5643.94348	195.136852	1531.97007	4.62977968	7375.68018284	9.865e-16	32669	10.009	10.179	10.222	0.120	17.1773	0.8457	233.59	0.8487	0.9965	1.59125	1.62698	9.9156	10.0625	9.9062	0.11175	0.09462	-0.20034	-17.737	35.381	21.108
# CONV t=16.00 cond=173.71 evap=0 rough=0 back_s=0
# LEDGER t=16.000 mode=3 sum_err=0 max|E-iEu|=5.000e-13 run_max_diff=1.500e-12 run_max_sum_err=0 steps=800 E0_int=7375680182843895 sum=7375680182843895
# QATOM t=16.32 dir=FD w=1.64999896 e=0.301996313702
# QATOM t=16.74 dir=FD w=1.6498176 e=0.301963119655
# QATOM t=17.04 dir=FD w=1.44151539 e=0.263837945399
# QATOM t=17.40 dir=FD w=1.64972156 e=0.301945541997
# QATOM t=17.76 dir=FD w=1.64994312 e=0.301986093437
18.000	5631.83072	283.961746	1451.21835	8.66936265	7375.68018284	2.096e-15	32605	9.857	10.010	10.120	0.137	17.1773	0.8451	339.89	0.8481	0.9966	1.58577	1.61599	9.9324	10.0961	9.9150	0.13176	0.49894	-0.016306	-21.455	52.565	59.781
# CONV t=18.00 cond=254.462 evap=0 rough=0 back_s=0
# LEDGER t=18.000 mode=3 sum_err=0 max|E-iEu|=5.000e-13 run_max_diff=1.500e-12 run_max_sum_err=0 steps=900 E0_int=7375680182843895 sum=7375680182843895
# QATOM t=18.20 dir=FD w=1.64989222 e=0.3019767774
# QATOM t=18.62 dir=FD w=1.64999409 e=0.301995422972
# QATOM t=19.10 dir=FD w=1.6499588 e=0.3019889642
# QATOM t=19.66 dir=FD w=1.64924111 e=0.30185760618
20.000	5621.95908	354.924617	1385.40738	13.389111	7375.68018284	2.959e-15	32550	9.845	10.016	9.947	0.132	17.1773	0.8449	425.78	0.8476	0.9969	1.58572	1.60685	9.9185	10.1109	9.9583	0.1926	-0.049279	0.13373	-59.448	3.3115	52.648
# CONV t=20.00 cond=320.273 evap=0 rough=0 back_s=0
# LEDGER t=20.000 mode=3 sum_err=0 max|E-iEu|=4.999e-13 run_max_diff=1.500e-12 run_max_sum_err=0 steps=1000 E0_int=7375680182843895 sum=7375680182843895
# QATOM t=20.10 dir=FD w=1.64862349 e=0.301744563921
# QATOM t=20.42 dir=FD w=1.41089739 e=0.258233988719
# QATOM t=20.70 dir=FD w=1.64963482 e=0.301929666037
# QATOM t=21.06 dir=FD w=1.64692952 e=0.301434520131
# QATOM t=21.44 dir=FD w=1.36478425 e=0.249793983544
# QATOM t=21.74 dir=FD w=1.64962528 e=0.301927919981
22.000	5608.74016	449.816192	1297.28124	19.8425899	7375.68018284	1.726e-15	32483	9.719	10.070	9.866	0.134	17.1773	0.8447	540.5	0.8469	0.9974	1.58211	1.59493	9.9476	10.0891	9.9861	-0.37886	-0.19077	-0.37422	-39.398	-41.938	56.069
# CONV t=22.00 cond=408.399 evap=0 rough=0 back_s=0
# LEDGER t=22.000 mode=3 sum_err=0 max|E-iEu|=4.997e-13 run_max_diff=1.500e-12 run_max_sum_err=0 steps=1100 E0_int=7375680182843895 sum=7375680182843895
# QATOM t=22.16 dir=FD w=1.64765893 e=0.301568022381
# QATOM t=22.42 dir=FD w=1.28753407 e=0.235655022499
# QATOM t=22.76 dir=FD w=1.42857848 e=0.261470125832
# QATOM t=23.20 dir=FD w=1.64994511 e=0.301986458337
# QATOM t=23.52 dir=FD w=1.43848354 e=0.263283031534
# QATOM t=23.88 dir=FD w=1.64995406 e=0.301988096559
24.000	5596.42627	536.366491	1215.18865	27.6987671	7375.68018284	-7.399e-16	32395	9.801	10.085	9.855	0.131	17.1773	0.8433	647.38	0.8463	0.9964	1.55556	1.58442	9.9373	10.0741	10.0126	-0.032926	0.098577	-0.46722	23.173	-37.774	20.551
# CONV t=24.00 cond=490.492 evap=0 rough=0 back_s=0
# LEDGER t=24.000 mode=3 sum_err=0 max|E-iEu|=5.000e-13 run_max_diff=1.500e-12 run_max_sum_err=0 steps=1200 E0_int=7375680182843895 sum=7375680182843895
# QATOM t=24.22 dir=FD w=1.64651527 e=0.301358699881
# QATOM t=24.58 dir=FD w=1.64606534 e=0.30127635125
# QATOM t=24.94 dir=FD w=1.64614895 e=0.301291653298
# QATOM t=25.34 dir=FD w=1.6498447 e=0.30196807959
# QATOM t=25.70 dir=FD w=1.64970689 e=0.30194285777
26.000	5584.20304	623.408954	1133.70046	34.3677241	7375.68018284	6.165e-15	32342	9.872	10.088	9.926	0.129	16.7913	0.8424	754.76	0.8456	0.9961	1.54446	1.57388	9.9310	10.0551	9.9878	-0.40195	-0.044752	0.14176	46.156	-44.085	-36.557
# CONV t=26.00 cond=571.98 evap=0 rough=0 back_s=0
# LEDGER t=26.000 mode=3 sum_err=0 max|E-iEu|=5.000e-13 run_max_diff=1.500e-12 run_max_sum_err=0 steps=1300 E0_int=7375680182843895 sum=7375680182843895
# QATOM t=26.14 dir=FD w=1.4888678 e=0.272504770969
# QATOM t=26.60 dir=FD w=1.64842316 e=0.301707898436
# QATOM t=26.94 dir=FD w=1.64751319 e=0.301541348797
# QATOM t=27.42 dir=FD w=1.42017316 e=0.259931714386
# QATOM t=27.92 dir=FD w=1.64858527 e=0.301737568958
28.000	5574.21846	689.61886	1067.13657	44.7062931	7375.68018284	5.426e-15	32301	9.843	10.109	9.841	0.129	17.1773	0.8416	842.5	0.8452	0.9958	1.53379	1.56567	9.9560	10.0276	10.0192	0.21263	-0.48454	0.65717	5.1218	6.4738	-58.563
# CONV t=28.00 cond=638.544 evap=0 rough=0 back_s=0
# LEDGER t=28.000 mode=3 sum_err=0 max|E-iEu|=4.997e-13 run_max_diff=1.500e-12 run_max_sum_err=0 steps=1400 E0_int=7375680182843895 sum=7375680182843895
# QATOM t=28.30 dir=FD w=1.6467368 e=0.301399246651
# QATOM t=28.68 dir=FD w=1.64979836 e=0.301959598895
# QATOM t=29.02 dir=FD w=1.64680853 e=0.301412374701
# QATOM t=29.46 dir=FD w=1.64929051 e=0.301866648557
# QATOM t=29.82 dir=FD w=1.64514253 e=0.301107450538
30.000	5562.22547	775.420664	987.183286	50.8507676	7375.68018284	0.000e+00	32243	9.834	10.105	9.898	0.126	17.1773	0.8401	946.12	0.8446	0.9946	1.50890	1.55579	9.9890	10.0285	10.0046	-0.17355	-0.3805	0.23152	31.663	18.484	-2.8369
# CONV t=30.00 cond=718.497 evap=0 rough=0 back_s=0
# LEDGER t=30.000 mode=3 sum_err=0 max|E-iEu|=4.998e-13 run_max_diff=1.500e-12 run_max_sum_err=0 steps=1500 E0_int=7375680182843895 sum=7375680182843895
# QATOM t=30.16 dir=FD w=1.64962065 e=0.301927073568
# QATOM t=30.74 dir=FD w=1.64988231 e=0.301974964758
# QATOM t=31.12 dir=FD w=1.64727717 e=0.301498150598
# QATOM t=31.60 dir=FD w=1.40641379 e=0.257413362405
32.000	5553.04554	840.422025	925.983755	56.2288662	7375.68018284	1.973e-15	32178	9.855	10.031	9.898	0.122	17.1773	0.8397	1024.4	0.8441	0.9948	1.50587	1.54745	9.9943	10.0801	10.0243	-0.72364	1.1129	0.247	9.6696	10.969	0.65923
# CONV t=32.00 cond=779.696 evap=0 rough=0 back_s=0
# LEDGER t=32.000 mode=3 sum_err=0 max|E-iEu|=5.000e-13 run_max_diff=1.500e-12 run_max_sum_err=0 steps=1600 E0_int=7375680182843895 sum=7375680182843895
# QATOM t=32.12 dir=FD w=1.64879911 e=0.301776708211
# QATOM t=32.54 dir=FD w=1.27103779 e=0.232635739685
# QATOM t=33.18 dir=FD w=1.63536956 e=0.299318721013
# QATOM t=33.58 dir=FD w=1.6463463 e=0.301327774796
34.000	5544.89076	894.682459	871.618567	64.4883985	7375.68018284	1.973e-15	32130	9.846	10.083	9.894	0.124	17.1773	0.8392	1097.5	0.8436	0.9947	1.49819	1.54055	9.9908	10.0372	10.0216	2.3457	0.16233	0.031408	-32.524	-16.837	-32.336
# CONV t=34.00 cond=834.062 evap=0 rough=0 back_s=0
# LEDGER t=34.000 mode=3 sum_err=0 max|E-iEu|=5.000e-13 run_max_diff=1.500e-12 run_max_sum_err=0 steps=1700 E0_int=7375680182843895 sum=7375680182843895
# QATOM t=34.20 dir=FD w=1.64688295 e=0.301425997083
# QATOM t=34.66 dir=FD w=1.64438692 e=0.300969153433
# QATOM t=35.18 dir=FD w=1.38454119 e=0.253410060952
# QATOM t=35.60 dir=FD w=1.38467135 e=0.253433883994
36.000	5536.35809	953.630972	814.734144	70.9569731	7375.68018284	2.836e-15	32074	9.890	10.073	9.890	0.124	17.1773	0.8385	1171.3	0.8432	0.9944	1.48161	1.53287	9.9360	10.0362	10.0170	-0.76399	-0.067913	-1.5888	-16.709	-13.361	-8.283
# CONV t=36.00 cond=890.946 evap=0 rough=0 back_s=0
# LEDGER t=36.000 mode=3 sum_err=0 max|E-iEu|=5.000e-13 run_max_diff=1.500e-12 run_max_sum_err=0 steps=1800 E0_int=7375680182843895 sum=7375680182843895
# QATOM t=36.20 dir=FD w=1.64610127 e=0.301282926975
# QATOM t=36.92 dir=FD w=1.32605959 e=0.242706278526
# QATOM t=37.56 dir=FD w=1.62907069 e=0.298165850641
38.000	5530.15237	996.62515	773.362663	75.5399979	7375.68018284	2.466e-15	32049	9.875	10.027	9.902	0.123	17.1773	0.8385	1225.5	0.8428	0.9948	1.48484	1.52733	9.9584	10.0743	10.0132	0.59879	0.33054	-0.7767	-8.6663	-12.597	-9.1937
# CONV t=38.00 cond=932.318 evap=0 rough=0 back_s=0
# LEDGER t=38.000 mode=3 sum_err=0 max|E-iEu|=4.998e-13 run_max_diff=1.500e-12 run_max_sum_err=0 steps=1900 E0_int=7375680182843895 sum=7375680182843895
# QATOM t=38.32 dir=FD w=1.64667103 e=0.301387209588
# QATOM t=39.18 dir=FD w=1.64197291 e=0.300527319929
# QATOM t=39.80 dir=FD w=1.41427242 e=0.258851713748
40.000	5524.19564	1039.39838	733.651108	78.435054	7375.68018284	7.152e-15	32018	9.891	10.019	9.926	0.124	17.1773	0.8382	1278.6	0.8426	0.9948	1.48264	1.52289	9.9489	10.0630	9.9841	0.48115	-0.50123	0.47407	0.72441	-24.87	-2.8168
# CONV t=40.00 cond=972.029 evap=0 rough=0 back_s=0
# LEDGER t=40.000 mode=3 sum_err=0 max|E-iEu|=4.999e-13 run_max_diff=1.500e-12 run_max_sum_err=0 steps=2000 E0_int=7375680182843895 sum=7375680182843895
# RESULT es_shells 0.62:0.9787 1.88:0.9557 3.12:0.9787 4.38:0.9676 5.62:0.9737 6.88:0.9768 8.12:0.9765 9.38:0.9717
# RESULT LEDGER mode=3 E0_int=7375680182843895 sum_int=7375680182843895 max_sum_err=0 max|E-iEu|=1.500e-12 steps=2000
# RESULT conservation E0=7375.68018284 Efinal=7375.68018284 rel_drift=7.152e-15
# RESULT roughness_radiated=0 (dissonant dense deliveries converted to field, conserved)
# RESULT curvature_fit defA_per_Em=1.22600 r2=0.9999 (linear defect ~ converted energy)
