# cellfab — v89 cell-fabric kernel (no lattice, no prior code)
# cfg seed=20260727 mode=field init=pairs
# cfg L=30 dmin=1 r0=0.85 rjit=0.06
# cfg C=1 w1=1.65 w2=2.9 q_detune=1.2 gamma_res=0.25 gamma_res_m=0.1 p_gate=8
# cfg lock_floor=0.005
# cfg k_dep=1.2 k_dep_m=2 cap=2.5 e_s0=1 es_floor=0.05
# cfg e_cond=0 f_conv=0.25 f_evap=0.5 s_pull=0.15
# cfg kappa_lock=1 kappa_align=0.5 kappa_freq=0 kappa_reac=0 sigma_tumble=0.01
# cfg space: s_k=0.02 s_disp=0.3 es_gx=0
# cfg dt=0.02 T=80 diag_every=500 snap_every=0
# cfg center=(-1,-1,-1) amp=1 sigma=2.5 k=(0,0,0) prealign=0 noise_amp=0
# cfg music: comb_limit=6 rough_k=0.35 gamma_rough=0.5 mob_sym=1 mob_floor=0.004
# cfg field sector: two-component signed amplitude, unitary hops, field_J=1.8
# cfg ledger: mode=3 u=1.000e-12 (cellfabi INT_LEDGER)
# cfg pairs: n=60 x0=0.5 x1=-1 pq=1:1 seedlock=1 d=[1,1.55] gap=5
# action atom: A0=1.1500 (dbar=1.5072) mode=2 — eps(w)=A0*w/2pi; atoms at mode boundaries, transport continuous
# edge coloring: 30 colors for 166635 links
# pairs: seeded 60 of 60 requested, d=[1,1.55], x0=0.5, phases=locked
# fabric: cells=18670 channels=166635 mean_degree=17.85 box=30 dmin=1
# LEDGER seed mode=3 u=1.000e-12 E0_int=18800434782608680 NC=18670 NL=166635
# LEDGER seed mode=3 u=1.000e-12 E0_int=18800434782608680 NC=18670 NL=166635
# t	E_space	E_dense	E_field	E_transfer	E_total	rel_drift	live_ch	cm_x	cm_y	cm_z	contain	front_r	r_core	defA	r_far	r_ratio	w_core	w_far
0.000	18650.4348	150	0	0	18800.4347826	0.000e+00	111173	14.626	15.900	15.373	0.033	0.0000	0.8474	0	0.8494	0.9977	1.65000	1.64589	0.0000	0.0000	0.0000	0	0	0	0	0	0
# CONV t=0.00 cond=0 evap=0 rough=0 back_s=0
# LEDGER t=0.000 mode=3 sum_err=0 max|E-iEu|=1.304e-13 run_max_diff=0.000e+00 run_max_sum_err=0 steps=0 E0_int=18800434782608680 sum=18800434782608680
# PAIR t=0.0 p=0 d=1.281 pq=1:1 delta=-1.641 x=0.500 ratio=1.0000 dth=-0.000 gg=0.0022 fl=0.000 ret=1.000 shed=0.000 act=0.0000 flq=0.00
# PAIR t=0.0 p=1 d=1.229 pq=1:1 delta=-1.827 x=0.500 ratio=1.0000 dth=+0.000 gg=0.0004 fl=0.000 ret=1.000 shed=0.000 act=0.0000 flq=0.00
# PAIR t=0.0 p=2 d=1.286 pq=1:1 delta=-1.620 x=0.500 ratio=1.0000 dth=-0.000 gg=0.0026 fl=0.000 ret=1.000 shed=0.000 act=0.0000 flq=0.00
# PAIR t=0.0 p=3 d=1.478 pq=1:1 delta=-0.925 x=0.500 ratio=1.0000 dth=-0.000 gg=0.1692 fl=0.000 ret=1.000 shed=0.000 act=0.0000 flq=0.00
# PAIR t=0.0 p=4 d=1.467 pq=1:1 delta=-0.965 x=0.500 ratio=1.0000 dth=-0.000 gg=0.1439 fl=0.000 ret=1.000 shed=0.000 act=0.0000 flq=0.00
# PAIR t=0.0 p=5 d=1.467 pq=1:1 delta=-0.967 x=0.500 ratio=1.0000 dth=+0.000 gg=0.1426 fl=0.000 ret=1.000 shed=0.000 act=0.0000 flq=0.00
# PAIR t=0.0 p=6 d=1.025 pq=1:1 delta=-2.567 x=0.500 ratio=1.0000 dth=-0.000 gg=0.0000 fl=0.000 ret=1.000 shed=0.000 act=0.0000 flq=0.00
# PAIR t=0.0 p=7 d=1.421 pq=1:1 delta=-1.133 x=0.500 ratio=1.0000 dth=+0.000 gg=0.0660 fl=0.000 ret=1.000 shed=0.000 act=0.0000 flq=0.00
# PAIR t=0.0 p=8 d=1.311 pq=1:1 delta=-1.531 x=0.500 ratio=1.0000 dth=-0.000 gg=0.0053 fl=0.000 ret=1.000 shed=0.000 act=0.0000 flq=0.00
# PAIR t=0.0 p=9 d=1.343 pq=1:1 delta=-1.415 x=0.500 ratio=1.0000 dth=-0.000 gg=0.0123 fl=0.000 ret=1.000 shed=0.000 act=0.0000 flq=0.00
# PAIR t=0.0 p=10 d=1.078 pq=1:1 delta=-2.374 x=0.500 ratio=1.0000 dth=-0.000 gg=0.0000 fl=0.000 ret=1.000 shed=0.000 act=0.0000 flq=0.00
# PAIR t=0.0 p=11 d=1.239 pq=1:1 delta=-1.791 x=0.500 ratio=1.0000 dth=-0.000 gg=0.0005 fl=0.000 ret=1.000 shed=0.000 act=0.0000 flq=0.00
# PAIR t=0.0 p=12 d=1.334 pq=1:1 delta=-1.447 x=0.500 ratio=1.0000 dth=-0.000 gg=0.0099 fl=0.000 ret=1.000 shed=0.000 act=0.0000 flq=0.00
# PAIR t=0.0 p=13 d=1.103 pq=1:1 delta=-2.287 x=0.500 ratio=1.0000 dth=+0.000 gg=0.0000 fl=0.000 ret=1.000 shed=0.000 act=0.0000 flq=0.00
# PAIR t=0.0 p=14 d=1.539 pq=1:1 delta=-0.703 x=0.500 ratio=1.0000 dth=+0.000 gg=0.3649 fl=0.000 ret=1.000 shed=0.000 act=0.0000 flq=0.00
# PAIR t=0.0 p=15 d=1.036 pq=1:1 delta=-2.527 x=0.500 ratio=1.0000 dth=-0.000 gg=0.0000 fl=0.000 ret=1.000 shed=0.000 act=0.0000 flq=0.00
# PAIR t=0.0 p=16 d=1.486 pq=1:1 delta=-0.895 x=0.500 ratio=1.0000 dth=-0.000 gg=0.1906 fl=0.000 ret=1.000 shed=0.000 act=0.0000 flq=0.00
# PAIR t=0.0 p=17 d=1.264 pq=1:1 delta=-1.700 x=0.500 ratio=1.0000 dth=+0.000 gg=0.0013 fl=0.000 ret=1.000 shed=0.000 act=0.0000 flq=0.00
# PAIR t=0.0 p=18 d=1.110 pq=1:1 delta=-2.260 x=0.500 ratio=1.0000 dth=+0.000 gg=0.0000 fl=0.000 ret=1.000 shed=0.000 act=0.0000 flq=0.00
# PAIR t=0.0 p=19 d=1.281 pq=1:1 delta=-1.641 x=0.500 ratio=1.0000 dth=+0.000 gg=0.0022 fl=0.000 ret=1.000 shed=0.000 act=0.0000 flq=0.00
# PAIR t=0.0 p=20 d=1.454 pq=1:1 delta=-1.013 x=0.500 ratio=1.0000 dth=+0.000 gg=0.1170 fl=0.000 ret=1.000 shed=0.000 act=0.0000 flq=0.00
# PAIR t=0.0 p=21 d=1.535 pq=1:1 delta=-0.719 x=0.500 ratio=1.0000 dth=-0.000 gg=0.3477 fl=0.000 ret=1.000 shed=0.000 act=0.0000 flq=0.00
# PAIR t=0.0 p=22 d=1.040 pq=1:1 delta=-2.515 x=0.500 ratio=1.0000 dth=-0.000 gg=0.0000 fl=0.000 ret=1.000 shed=0.000 act=0.0000 flq=0.00
# PAIR t=0.0 p=23 d=1.470 pq=1:1 delta=-0.956 x=0.500 ratio=1.0000 dth=+0.000 gg=0.1492 fl=0.000 ret=1.000 shed=0.000 act=0.0000 flq=0.00
# PAIR t=0.0 p=24 d=1.296 pq=1:1 delta=-1.584 x=0.500 ratio=1.0000 dth=+0.000 gg=0.0035 fl=0.000 ret=1.000 shed=0.000 act=0.0000 flq=0.00
# PAIR t=0.0 p=25 d=1.374 pq=1:1 delta=-1.301 x=0.500 ratio=1.0000 dth=-0.000 gg=0.0259 fl=0.000 ret=1.000 shed=0.000 act=0.0000 flq=0.00
# PAIR t=0.0 p=26 d=1.327 pq=1:1 delta=-1.474 x=0.500 ratio=1.0000 dth=-0.000 gg=0.0081 fl=0.000 ret=1.000 shed=0.000 act=0.0000 flq=0.00
# PAIR t=0.0 p=27 d=1.216 pq=1:1 delta=-1.875 x=0.500 ratio=1.0000 dth=+0.000 gg=0.0002 fl=0.000 ret=1.000 shed=0.000 act=0.0000 flq=0.00
# PAIR t=0.0 p=28 d=1.519 pq=1:1 delta=-0.778 x=0.500 ratio=1.0000 dth=-0.000 gg=0.2883 fl=0.000 ret=1.000 shed=0.000 act=0.0000 flq=0.00
# PAIR t=0.0 p=29 d=1.433 pq=1:1 delta=-1.088 x=0.500 ratio=1.0000 dth=-0.000 gg=0.0824 fl=0.000 ret=1.000 shed=0.000 act=0.0000 flq=0.00
# PAIR t=0.0 p=30 d=1.380 pq=1:1 delta=-1.282 x=0.500 ratio=1.0000 dth=+0.000 gg=0.0290 fl=0.000 ret=1.000 shed=0.000 act=0.0000 flq=0.00
# PAIR t=0.0 p=31 d=1.343 pq=1:1 delta=-1.413 x=0.500 ratio=1.0000 dth=+0.000 gg=0.0125 fl=0.000 ret=1.000 shed=0.000 act=0.0000 flq=0.00
# PAIR t=0.0 p=32 d=1.081 pq=1:1 delta=-2.364 x=0.500 ratio=1.0000 dth=+0.000 gg=0.0000 fl=0.000 ret=1.000 shed=0.000 act=0.0000 flq=0.00
# PAIR t=0.0 p=33 d=1.363 pq=1:1 delta=-1.341 x=0.500 ratio=1.0000 dth=+0.000 gg=0.0201 fl=0.000 ret=1.000 shed=0.000 act=0.0000 flq=0.00
# PAIR t=0.0 p=34 d=1.495 pq=1:1 delta=-0.863 x=0.500 ratio=1.0000 dth=-0.000 gg=0.2149 fl=0.000 ret=1.000 shed=0.000 act=0.0000 flq=0.00
# PAIR t=0.0 p=35 d=1.063 pq=1:1 delta=-2.429 x=0.500 ratio=1.0000 dth=+0.000 gg=0.0000 fl=0.000 ret=1.000 shed=0.000 act=0.0000 flq=0.00
# PAIR t=0.0 p=36 d=1.182 pq=1:1 delta=-1.999 x=0.500 ratio=1.0000 dth=+0.000 gg=0.0001 fl=0.000 ret=1.000 shed=0.000 act=0.0000 flq=0.00
# PAIR t=0.0 p=37 d=1.251 pq=1:1 delta=-1.749 x=0.500 ratio=1.0000 dth=+0.000 gg=0.0008 fl=0.000 ret=1.000 shed=0.000 act=0.0000 flq=0.00
# PAIR t=0.0 p=38 d=1.362 pq=1:1 delta=-1.346 x=0.500 ratio=1.0000 dth=-0.000 gg=0.0196 fl=0.000 ret=1.000 shed=0.000 act=0.0000 flq=0.00
# PAIR t=0.0 p=39 d=1.105 pq=1:1 delta=-2.276 x=0.500 ratio=1.0000 dth=-0.000 gg=0.0000 fl=0.000 ret=1.000 shed=0.000 act=0.0000 flq=0.00
# PAIR t=0.0 p=40 d=1.550 pq=1:1 delta=-0.665 x=0.500 ratio=1.0000 dth=-0.000 gg=0.4065 fl=0.000 ret=1.000 shed=0.000 act=0.0000 flq=0.00
# PAIR t=0.0 p=41 d=1.381 pq=1:1 delta=-1.276 x=0.500 ratio=1.0000 dth=+0.000 gg=0.0301 fl=0.000 ret=1.000 shed=0.000 act=0.0000 flq=0.00
# PAIR t=0.0 p=42 d=1.280 pq=1:1 delta=-1.644 x=0.500 ratio=1.0000 dth=+0.000 gg=0.0021 fl=0.000 ret=1.000 shed=0.000 act=0.0000 flq=0.00
# PAIR t=0.0 p=43 d=1.112 pq=1:1 delta=-2.251 x=0.500 ratio=1.0000 dth=-0.000 gg=0.0000 fl=0.000 ret=1.000 shed=0.000 act=0.0000 flq=0.00
# PAIR t=0.0 p=44 d=1.100 pq=1:1 delta=-2.297 x=0.500 ratio=1.0000 dth=+0.000 gg=0.0000 fl=0.000 ret=1.000 shed=0.000 act=0.0000 flq=0.00
# PAIR t=0.0 p=45 d=1.351 pq=1:1 delta=-1.387 x=0.500 ratio=1.0000 dth=+0.000 gg=0.0150 fl=0.000 ret=1.000 shed=0.000 act=0.0000 flq=0.00
# PAIR t=0.0 p=46 d=1.425 pq=1:1 delta=-1.119 x=0.500 ratio=1.0000 dth=-0.000 gg=0.0709 fl=0.000 ret=1.000 shed=0.000 act=0.0000 flq=0.00
# PAIR t=0.0 p=47 d=1.531 pq=1:1 delta=-0.732 x=0.500 ratio=1.0000 dth=-0.000 gg=0.3341 fl=0.000 ret=1.000 shed=0.000 act=0.0000 flq=0.00
# PAIR t=0.0 p=48 d=1.481 pq=1:1 delta=-0.916 x=0.500 ratio=1.0000 dth=+0.000 gg=0.1756 fl=0.000 ret=1.000 shed=0.000 act=0.0000 flq=0.00
# PAIR t=0.0 p=49 d=1.220 pq=1:1 delta=-1.860 x=0.500 ratio=1.0000 dth=+0.000 gg=0.0003 fl=0.000 ret=1.000 shed=0.000 act=0.0000 flq=0.00
# PAIR t=0.0 p=50 d=1.357 pq=1:1 delta=-1.364 x=0.500 ratio=1.0000 dth=+0.000 gg=0.0174 fl=0.000 ret=1.000 shed=0.000 act=0.0000 flq=0.00
# PAIR t=0.0 p=51 d=1.037 pq=1:1 delta=-2.523 x=0.500 ratio=1.0000 dth=-0.000 gg=0.0000 fl=0.000 ret=1.000 shed=0.000 act=0.0000 flq=0.00
# PAIR t=0.0 p=52 d=1.091 pq=1:1 delta=-2.329 x=0.500 ratio=1.0000 dth=+0.000 gg=0.0000 fl=0.000 ret=1.000 shed=0.000 act=0.0000 flq=0.00
# PAIR t=0.0 p=53 d=1.051 pq=1:1 delta=-2.474 x=0.500 ratio=1.0000 dth=+0.000 gg=0.0000 fl=0.000 ret=1.000 shed=0.000 act=0.0000 flq=0.00
# PAIR t=0.0 p=54 d=1.087 pq=1:1 delta=-2.341 x=0.500 ratio=1.0000 dth=+0.000 gg=0.0000 fl=0.000 ret=1.000 shed=0.000 act=0.0000 flq=0.00
# PAIR t=0.0 p=55 d=1.359 pq=1:1 delta=-1.356 x=0.500 ratio=1.0000 dth=-0.000 gg=0.0183 fl=0.000 ret=1.000 shed=0.000 act=0.0000 flq=0.00
# PAIR t=0.0 p=56 d=1.330 pq=1:1 delta=-1.462 x=0.500 ratio=1.0000 dth=+0.000 gg=0.0089 fl=0.000 ret=1.000 shed=0.000 act=0.0000 flq=0.00
# PAIR t=0.0 p=57 d=1.210 pq=1:1 delta=-1.899 x=0.500 ratio=1.0000 dth=-0.000 gg=0.0002 fl=0.000 ret=1.000 shed=0.000 act=0.0000 flq=0.00
# PAIR t=0.0 p=58 d=1.281 pq=1:1 delta=-1.639 x=0.500 ratio=1.0000 dth=+0.000 gg=0.0022 fl=0.000 ret=1.000 shed=0.000 act=0.0000 flq=0.00
# PAIR t=0.0 p=59 d=1.546 pq=1:1 delta=-0.678 x=0.500 ratio=1.0000 dth=-0.000 gg=0.3921 fl=0.000 ret=1.000 shed=0.000 act=0.0000 flq=0.00
10.000	18650.4348	148.905566	0	1.0944341	18800.4347826	-9.675e-16	111155	14.583	15.859	15.352	0.033	0.0000	0.8475	4.423	0.8494	0.9978	1.64999	1.64590	0.0000	0.0000	0.0000	0.14793	0.19418	0.1092	0	0	0
# CONV t=10.00 cond=0 evap=0 rough=0 back_s=0
# LEDGER t=10.000 mode=3 sum_err=0 max|E-iEu|=1.110e-16 run_max_diff=0.000e+00 run_max_sum_err=0 steps=500 E0_int=18800434782608680 sum=18800434782608680
# PAIR t=10.0 p=0 d=1.281 pq=1:1 delta=-1.615 x=0.498 ratio=1.1388 dth=+2.811 gg=0.0000 fl=0.002 ret=0.996 shed=0.010 act=0.0153 flq=0.02
# PAIR t=10.0 p=1 d=1.229 pq=1:1 delta=-1.804 x=0.499 ratio=1.1452 dth=+2.998 gg=0.0000 fl=0.000 ret=0.998 shed=0.004 act=0.0009 flq=0.00
# PAIR t=10.0 p=2 d=1.286 pq=1:1 delta=-1.598 x=0.499 ratio=1.1366 dth=+2.772 gg=0.0000 fl=0.003 ret=0.998 shed=0.005 act=0.0163 flq=0.02
# PAIR t=10.0 p=3 d=1.478 pq=1:1 delta=-0.880 x=0.491 ratio=1.0801 dth=+1.645 gg=0.0006 fl=0.005 ret=0.981 shed=0.047 act=0.0389 flq=0.04
# PAIR t=10.0 p=4 d=1.467 pq=1:1 delta=-0.953 x=0.499 ratio=1.0819 dth=+1.527 gg=0.0028 fl=0.003 ret=0.998 shed=0.005 act=0.0221 flq=0.02
# PAIR t=10.0 p=5 d=1.467 pq=1:1 delta=-0.963 x=0.499 ratio=1.0070 dth=+1.647 gg=0.0008 fl=0.033 ret=0.998 shed=0.005 act=0.2386 flq=0.25
# PAIR t=10.0 p=6 d=1.025 pq=1:1 delta=-2.541 x=0.498 ratio=1.1625 dth=-2.637 gg=0.0000 fl=0.004 ret=0.997 shed=0.008 act=0.0190 flq=0.03
# PAIR t=10.0 p=7 d=1.421 pq=1:1 delta=-1.115 x=0.498 ratio=1.0895 dth=+1.961 gg=0.0000 fl=0.008 ret=0.995 shed=0.012 act=0.0570 flq=0.06
# PAIR t=10.0 p=8 d=1.311 pq=1:1 delta=-1.499 x=0.498 ratio=1.1562 dth=+2.931 gg=0.0000 fl=0.001 ret=0.996 shed=0.009 act=0.0034 flq=0.00
# PAIR t=10.0 p=9 d=1.343 pq=1:1 delta=-1.390 x=0.498 ratio=1.1278 dth=+2.548 gg=0.0000 fl=0.001 ret=0.995 shed=0.013 act=0.0064 flq=0.01
# PAIR t=10.0 p=10 d=1.078 pq=1:1 delta=-2.349 x=0.499 ratio=1.1601 dth=-2.786 gg=0.0000 fl=0.001 ret=0.998 shed=0.006 act=0.0051 flq=0.01
# PAIR t=10.0 p=11 d=1.239 pq=1:1 delta=-1.765 x=0.498 ratio=1.1453 dth=+2.949 gg=0.0000 fl=0.000 ret=0.997 shed=0.008 act=0.0008 flq=0.00
# PAIR t=10.0 p=12 d=1.334 pq=1:1 delta=-1.423 x=0.498 ratio=1.1217 dth=+2.532 gg=0.0000 fl=0.002 ret=0.994 shed=0.014 act=0.0121 flq=0.01
# PAIR t=10.0 p=13 d=1.103 pq=1:1 delta=-2.253 x=0.498 ratio=1.1804 dth=-2.693 gg=0.0000 fl=0.002 ret=0.996 shed=0.011 act=0.0131 flq=0.02
# PAIR t=10.0 p=14 d=1.539 pq=1:1 delta=-0.692 x=0.498 ratio=1.0303 dth=+0.458 gg=0.5868 fl=0.008 ret=0.996 shed=0.011 act=0.0607 flq=0.06
# PAIR t=10.0 p=15 d=1.036 pq=1:1 delta=-2.488 x=0.497 ratio=1.1933 dth=-2.352 gg=0.0000 fl=0.001 ret=0.993 shed=0.016 act=0.0036 flq=0.01
# PAIR t=10.0 p=16 d=1.486 pq=1:1 delta=-0.801 x=0.481 ratio=1.1080 dth=+1.667 gg=0.0004 fl=0.002 ret=0.960 shed=0.099 act=0.0140 flq=0.01
# PAIR t=10.0 p=17 d=1.264 pq=1:1 delta=-1.672 x=0.498 ratio=1.1495 dth=+2.914 gg=0.0000 fl=0.002 ret=0.996 shed=0.009 act=0.0149 flq=0.02
# PAIR t=10.0 p=18 d=1.110 pq=1:1 delta=-2.235 x=0.498 ratio=1.1492 dth=-2.959 gg=0.0000 fl=0.007 ret=0.996 shed=0.009 act=0.0389 flq=0.05
# PAIR t=10.0 p=19 d=1.281 pq=1:1 delta=-1.608 x=0.499 ratio=1.1666 dth=+3.076 gg=0.0000 fl=0.001 ret=0.997 shed=0.008 act=0.0040 flq=0.00
# PAIR t=10.0 p=20 d=1.454 pq=1:1 delta=-1.004 x=0.499 ratio=1.0722 dth=+1.522 gg=0.0033 fl=0.007 ret=0.999 shed=0.004 act=0.0529 flq=0.05
# PAIR t=10.0 p=21 d=1.535 pq=1:1 delta=-0.712 x=0.499 ratio=1.0377 dth=+0.559 gg=0.5062 fl=0.001 ret=0.998 shed=0.006 act=0.0076 flq=0.01
# PAIR t=10.0 p=22 d=1.040 pq=1:1 delta=-2.482 x=0.498 ratio=1.1852 dth=-2.469 gg=0.0000 fl=0.001 ret=0.996 shed=0.010 act=0.0064 flq=0.01
# PAIR t=10.0 p=23 d=1.470 pq=1:1 delta=-0.946 x=0.498 ratio=1.0381 dth=+1.574 gg=0.0017 fl=0.017 ret=0.996 shed=0.011 act=0.1227 flq=0.13
# PAIR t=10.0 p=24 d=1.296 pq=1:1 delta=-1.548 x=0.498 ratio=1.1669 dth=+3.010 gg=0.0000 fl=0.001 ret=0.995 shed=0.012 act=0.0035 flq=0.00
# PAIR t=10.0 p=25 d=1.374 pq=1:1 delta=-1.274 x=0.496 ratio=1.0998 dth=+2.255 gg=0.0000 fl=0.001 ret=0.992 shed=0.021 act=0.0101 flq=0.01
# PAIR t=10.0 p=26 d=1.327 pq=1:1 delta=-1.444 x=0.499 ratio=1.1564 dth=+2.878 gg=0.0000 fl=0.000 ret=0.997 shed=0.007 act=0.0022 flq=0.00
# PAIR t=10.0 p=27 d=1.216 pq=1:1 delta=-1.842 x=0.498 ratio=1.1690 dth=-3.010 gg=0.0000 fl=0.000 ret=0.997 shed=0.008 act=0.0008 flq=0.00
# PAIR t=10.0 p=28 d=1.519 pq=1:1 delta=-0.774 x=0.499 ratio=1.0342 dth=+1.096 gg=0.0644 fl=0.008 ret=0.999 shed=0.004 act=0.0600 flq=0.06
# PAIR t=10.0 p=29 d=1.433 pq=1:1 delta=-1.040 x=0.491 ratio=1.1059 dth=+1.808 gg=0.0001 fl=0.005 ret=0.979 shed=0.052 act=0.0330 flq=0.03
# PAIR t=10.0 p=30 d=1.380 pq=1:1 delta=-1.266 x=0.499 ratio=1.1008 dth=+2.245 gg=0.0000 fl=0.001 ret=0.997 shed=0.007 act=0.0088 flq=0.01
# PAIR t=10.0 p=31 d=1.343 pq=1:1 delta=-1.377 x=0.495 ratio=1.1223 dth=+2.440 gg=0.0000 fl=0.001 ret=0.986 shed=0.034 act=0.0092 flq=0.01
# PAIR t=10.0 p=32 d=1.081 pq=1:1 delta=-2.333 x=0.499 ratio=1.1856 dth=-2.544 gg=0.0000 fl=0.000 ret=0.998 shed=0.006 act=0.0004 flq=0.00
# PAIR t=10.0 p=33 d=1.363 pq=1:1 delta=-1.327 x=0.499 ratio=1.0921 dth=+2.104 gg=0.0000 fl=0.002 ret=0.997 shed=0.007 act=0.0150 flq=0.02
# PAIR t=10.0 p=34 d=1.495 pq=1:1 delta=-0.855 x=0.498 ratio=1.0368 dth=+1.321 gg=0.0147 fl=0.011 ret=0.997 shed=0.008 act=0.0829 flq=0.08
# PAIR t=10.0 p=35 d=1.063 pq=1:1 delta=-2.402 x=0.499 ratio=1.1694 dth=-2.681 gg=0.0000 fl=0.001 ret=0.998 shed=0.005 act=0.0039 flq=0.01
# PAIR t=10.0 p=36 d=1.182 pq=1:1 delta=-1.971 x=0.499 ratio=1.1612 dth=-3.031 gg=0.0000 fl=0.001 ret=0.997 shed=0.007 act=0.0036 flq=0.00
# PAIR t=10.0 p=37 d=1.251 pq=1:1 delta=-1.717 x=0.498 ratio=1.1587 dth=+3.039 gg=0.0000 fl=0.002 ret=0.996 shed=0.011 act=0.0140 flq=0.02
# PAIR t=10.0 p=38 d=1.362 pq=1:1 delta=-1.328 x=0.499 ratio=1.1058 dth=+2.158 gg=0.0000 fl=0.001 ret=0.997 shed=0.007 act=0.0094 flq=0.01
# PAIR t=10.0 p=39 d=1.105 pq=1:1 delta=-2.245 x=0.498 ratio=1.1770 dth=-2.755 gg=0.0000 fl=0.003 ret=0.997 shed=0.008 act=0.0159 flq=0.02
# PAIR t=10.0 p=40 d=1.550 pq=1:1 delta=-0.657 x=0.498 ratio=1.0177 dth=+0.959 gg=0.1228 fl=0.005 ret=0.996 shed=0.009 act=0.0401 flq=0.04
# PAIR t=10.0 p=41 d=1.381 pq=1:1 delta=-1.243 x=0.495 ratio=1.1120 dth=+2.294 gg=0.0000 fl=0.001 ret=0.988 shed=0.029 act=0.0035 flq=0.00
# PAIR t=10.0 p=42 d=1.280 pq=1:1 delta=-1.618 x=0.498 ratio=1.1417 dth=+2.845 gg=0.0000 fl=0.003 ret=0.997 shed=0.008 act=0.0176 flq=0.02
# PAIR t=10.0 p=43 d=1.112 pq=1:1 delta=-2.224 x=0.498 ratio=1.1572 dth=-2.872 gg=0.0000 fl=0.005 ret=0.997 shed=0.009 act=0.0277 flq=0.04
# PAIR t=10.0 p=44 d=1.100 pq=1:1 delta=-2.262 x=0.498 ratio=1.1843 dth=-2.643 gg=0.0000 fl=0.000 ret=0.995 shed=0.011 act=0.0004 flq=0.00
# PAIR t=10.0 p=45 d=1.351 pq=1:1 delta=-1.356 x=0.499 ratio=1.1566 dth=+2.860 gg=0.0000 fl=0.000 ret=0.997 shed=0.006 act=0.0010 flq=0.00
# PAIR t=10.0 p=46 d=1.425 pq=1:1 delta=-1.069 x=0.491 ratio=1.1099 dth=+1.758 gg=0.0003 fl=0.004 ret=0.979 shed=0.051 act=0.0308 flq=0.03
# PAIR t=10.0 p=47 d=1.531 pq=1:1 delta=-0.721 x=0.498 ratio=0.9463 dth=+0.941 gg=0.1442 fl=0.013 ret=0.997 shed=0.008 act=0.0985 flq=0.10
# PAIR t=10.0 p=48 d=1.481 pq=1:1 delta=-0.902 x=0.496 ratio=1.0187 dth=+1.617 gg=0.0009 fl=0.022 ret=0.993 shed=0.017 act=0.1606 flq=0.16
# PAIR t=10.0 p=49 d=1.220 pq=1:1 delta=-1.837 x=0.498 ratio=1.1345 dth=+2.958 gg=0.0000 fl=0.000 ret=0.997 shed=0.008 act=0.0014 flq=0.00
# PAIR t=10.0 p=50 d=1.357 pq=1:1 delta=-1.335 x=0.497 ratio=1.1243 dth=+2.474 gg=0.0000 fl=0.001 ret=0.992 shed=0.021 act=0.0067 flq=0.01
# PAIR t=10.0 p=51 d=1.037 pq=1:1 delta=-2.496 x=0.499 ratio=1.1700 dth=-2.559 gg=0.0000 fl=0.002 ret=0.998 shed=0.006 act=0.0118 flq=0.02
# PAIR t=10.0 p=52 d=1.091 pq=1:1 delta=-2.301 x=0.499 ratio=1.1733 dth=-2.672 gg=0.0000 fl=0.000 ret=0.998 shed=0.005 act=0.0007 flq=0.00
# PAIR t=10.0 p=53 d=1.051 pq=1:1 delta=-2.442 x=0.499 ratio=1.1913 dth=-2.405 gg=0.0000 fl=0.000 ret=0.998 shed=0.006 act=0.0022 flq=0.00
# PAIR t=10.0 p=54 d=1.087 pq=1:1 delta=-2.314 x=0.499 ratio=1.1678 dth=-2.732 gg=0.0000 fl=0.000 ret=0.997 shed=0.006 act=0.0010 flq=0.00
# PAIR t=10.0 p=55 d=1.359 pq=1:1 delta=-1.332 x=0.497 ratio=1.1082 dth=+2.309 gg=0.0000 fl=0.002 ret=0.994 shed=0.016 act=0.0131 flq=0.01
# PAIR t=10.0 p=56 d=1.330 pq=1:1 delta=-1.446 x=0.499 ratio=1.1028 dth=+2.381 gg=0.0000 fl=0.004 ret=0.998 shed=0.005 act=0.0251 flq=0.03
# PAIR t=10.0 p=57 d=1.210 pq=1:1 delta=-1.869 x=0.499 ratio=1.1660 dth=-3.065 gg=0.0000 fl=0.000 ret=0.998 shed=0.006 act=0.0012 flq=0.00
# PAIR t=10.0 p=58 d=1.281 pq=1:1 delta=-1.621 x=0.499 ratio=1.1240 dth=+2.679 gg=0.0000 fl=0.004 ret=0.999 shed=0.003 act=0.0275 flq=0.03
# PAIR t=10.0 p=59 d=1.546 pq=1:1 delta=-0.673 x=0.499 ratio=0.9990 dth=-0.010 gg=0.3864 fl=0.000 ret=0.997 shed=0.006 act=0.0000 flq=0.00
20.000	18650.4348	148.531843	0	1.46815646	18800.4347826	-7.740e-16	111143	14.579	15.856	15.348	0.033	0.0000	0.8476	6.4255	0.8493	0.9979	1.64998	1.64590	0.0000	0.0000	0.0000	-0.10795	-0.12907	-0.089303	0	0	0
# CONV t=20.00 cond=0 evap=0 rough=0 back_s=0
# LEDGER t=20.000 mode=3 sum_err=0 max|E-iEu|=1.110e-16 run_max_diff=0.000e+00 run_max_sum_err=0 steps=1000 E0_int=18800434782608680 sum=18800434782608680
# PAIR t=20.0 p=0 d=1.281 pq=1:1 delta=-1.596 x=0.493 ratio=1.1437 dth=-1.116 gg=0.0000 fl=0.000 ret=0.986 shed=0.036 act=0.0000 flq=0.00
# PAIR t=20.0 p=1 d=1.229 pq=1:1 delta=-1.793 x=0.496 ratio=1.1493 dth=-0.835 gg=0.0000 fl=0.003 ret=0.993 shed=0.018 act=0.0175 flq=0.02
# PAIR t=20.0 p=2 d=1.286 pq=1:1 delta=-1.597 x=0.498 ratio=1.1330 dth=-1.256 gg=0.0000 fl=0.000 ret=0.997 shed=0.008 act=0.0020 flq=0.00
# PAIR t=20.0 p=3 d=1.478 pq=1:1 delta=-0.878 x=0.490 ratio=1.0652 dth=+2.812 gg=0.0000 fl=0.000 ret=0.979 shed=0.052 act=0.0000 flq=0.00
# PAIR t=20.0 p=4 d=1.467 pq=1:1 delta=-0.949 x=0.498 ratio=1.0762 dth=+2.861 gg=0.0000 fl=0.000 ret=0.996 shed=0.011 act=0.0000 flq=0.00
# PAIR t=20.0 p=5 d=1.467 pq=1:1 delta=-0.942 x=0.498 ratio=0.8970 dth=-0.246 gg=0.0437 fl=0.009 ret=0.995 shed=0.012 act=0.0679 flq=0.07
# PAIR t=20.0 p=6 d=1.025 pq=1:1 delta=-2.516 x=0.497 ratio=1.2375 dth=+0.168 gg=0.0000 fl=0.011 ret=0.994 shed=0.016 act=0.0574 flq=0.08
# PAIR t=20.0 p=7 d=1.421 pq=1:1 delta=-1.111 x=0.496 ratio=1.0714 dth=-3.066 gg=0.0000 fl=0.000 ret=0.992 shed=0.021 act=0.0000 flq=0.00
# PAIR t=20.0 p=8 d=1.311 pq=1:1 delta=-1.494 x=0.497 ratio=1.1613 dth=-0.713 gg=0.0000 fl=0.003 ret=0.994 shed=0.015 act=0.0212 flq=0.02
# PAIR t=20.0 p=9 d=1.343 pq=1:1 delta=-1.369 x=0.493 ratio=1.1324 dth=-1.519 gg=0.0000 fl=0.000 ret=0.985 shed=0.037 act=0.0002 flq=0.00
# PAIR t=20.0 p=10 d=1.078 pq=1:1 delta=-2.331 x=0.498 ratio=1.2139 dth=-0.023 gg=0.0000 fl=0.013 ret=0.995 shed=0.011 act=0.0722 flq=0.10
# PAIR t=20.0 p=11 d=1.239 pq=1:1 delta=-1.755 x=0.496 ratio=1.1493 dth=-0.879 gg=0.0000 fl=0.002 ret=0.991 shed=0.021 act=0.0133 flq=0.02
# PAIR t=20.0 p=12 d=1.334 pq=1:1 delta=-1.391 x=0.490 ratio=1.1300 dth=-1.633 gg=0.0000 fl=0.000 ret=0.979 shed=0.053 act=0.0000 flq=0.00
# PAIR t=20.0 p=13 d=1.103 pq=1:1 delta=-2.221 x=0.496 ratio=1.2583 dth=+0.479 gg=0.0006 fl=0.009 ret=0.992 shed=0.021 act=0.0491 flq=0.07
# PAIR t=20.0 p=14 d=1.539 pq=1:1 delta=-0.684 x=0.496 ratio=1.0308 dth=+1.000 gg=0.1012 fl=0.008 ret=0.992 shed=0.021 act=0.0607 flq=0.06
# PAIR t=20.0 p=15 d=1.036 pq=1:1 delta=-2.447 x=0.495 ratio=1.3023 dth=+1.306 gg=0.0016 fl=0.001 ret=0.990 shed=0.024 act=0.0039 flq=0.01
# PAIR t=20.0 p=16 d=1.486 pq=1:1 delta=-0.771 x=0.474 ratio=1.1137 dth=-2.706 gg=0.0000 fl=0.000 ret=0.947 shed=0.131 act=0.0000 flq=0.00
# PAIR t=20.0 p=17 d=1.264 pq=1:1 delta=-1.663 x=0.496 ratio=1.1513 dth=-0.870 gg=0.0000 fl=0.002 ret=0.992 shed=0.021 act=0.0114 flq=0.01
# PAIR t=20.0 p=18 d=1.110 pq=1:1 delta=-2.227 x=0.496 ratio=1.1580 dth=-0.575 gg=0.0000 fl=0.010 ret=0.993 shed=0.018 act=0.0534 flq=0.07
# PAIR t=20.0 p=19 d=1.281 pq=1:1 delta=-1.595 x=0.497 ratio=1.1915 dth=-0.372 gg=0.0001 fl=0.003 ret=0.994 shed=0.015 act=0.0162 flq=0.02
# PAIR t=20.0 p=20 d=1.454 pq=1:1 delta=-1.004 x=0.499 ratio=1.0475 dth=+2.425 gg=0.0000 fl=0.000 ret=0.997 shed=0.007 act=0.0002 flq=0.00
# PAIR t=20.0 p=21 d=1.535 pq=1:1 delta=-0.706 x=0.497 ratio=1.0371 dth=+1.221 gg=0.0241 fl=0.001 ret=0.994 shed=0.014 act=0.0076 flq=0.01
# PAIR t=20.0 p=22 d=1.040 pq=1:1 delta=-2.443 x=0.496 ratio=1.2897 dth=+0.944 gg=0.0011 fl=0.001 ret=0.992 shed=0.019 act=0.0043 flq=0.01
# PAIR t=20.0 p=23 d=1.470 pq=1:1 delta=-0.929 x=0.497 ratio=0.9016 dth=+0.549 gg=0.4061 fl=0.004 ret=0.993 shed=0.016 act=0.0310 flq=0.03
# PAIR t=20.0 p=24 d=1.296 pq=1:1 delta=-1.535 x=0.496 ratio=1.1848 dth=-0.448 gg=0.0000 fl=0.001 ret=0.991 shed=0.021 act=0.0061 flq=0.01
# PAIR t=20.0 p=25 d=1.374 pq=1:1 delta=-1.270 x=0.494 ratio=1.0912 dth=-2.441 gg=0.0000 fl=0.000 ret=0.989 shed=0.028 act=0.0000 flq=0.00
# PAIR t=20.0 p=26 d=1.327 pq=1:1 delta=-1.438 x=0.497 ratio=1.1613 dth=-0.759 gg=0.0000 fl=0.002 ret=0.995 shed=0.013 act=0.0126 flq=0.01
# PAIR t=20.0 p=27 d=1.216 pq=1:1 delta=-1.821 x=0.497 ratio=1.2205 dth=-0.093 gg=0.0001 fl=0.003 ret=0.994 shed=0.016 act=0.0169 flq=0.02
# PAIR t=20.0 p=28 d=1.519 pq=1:1 delta=-0.772 x=0.499 ratio=1.0063 dth=+1.287 gg=0.0165 fl=0.000 ret=0.997 shed=0.008 act=0.0034 flq=0.00
# PAIR t=20.0 p=29 d=1.433 pq=1:1 delta=-0.997 x=0.481 ratio=1.1126 dth=-2.657 gg=0.0000 fl=0.000 ret=0.961 shed=0.097 act=0.0000 flq=0.00
# PAIR t=20.0 p=30 d=1.380 pq=1:1 delta=-1.263 x=0.497 ratio=1.0929 dth=-2.422 gg=0.0000 fl=0.000 ret=0.995 shed=0.013 act=0.0000 flq=0.00
# PAIR t=20.0 p=31 d=1.343 pq=1:1 delta=-1.347 x=0.487 ratio=1.1301 dth=-1.695 gg=0.0000 fl=0.000 ret=0.974 shed=0.065 act=0.0000 flq=0.00
# PAIR t=20.0 p=32 d=1.081 pq=1:1 delta=-2.293 x=0.497 ratio=1.2885 dth=+0.863 gg=0.0024 fl=0.002 ret=0.995 shed=0.013 act=0.0133 flq=0.02
# PAIR t=20.0 p=33 d=1.363 pq=1:1 delta=-1.327 x=0.498 ratio=1.0733 dth=-2.871 gg=0.0000 fl=0.000 ret=0.995 shed=0.011 act=0.0000 flq=0.00
# PAIR t=20.0 p=34 d=1.495 pq=1:1 delta=-0.851 x=0.498 ratio=0.9657 dth=+1.042 gg=0.0956 fl=0.000 ret=0.995 shed=0.013 act=0.0020 flq=0.00
# PAIR t=20.0 p=35 d=1.063 pq=1:1 delta=-2.373 x=0.498 ratio=1.2545 dth=+0.301 gg=0.0000 fl=0.002 ret=0.996 shed=0.010 act=0.0132 flq=0.02
# PAIR t=20.0 p=36 d=1.182 pq=1:1 delta=-1.956 x=0.497 ratio=1.1974 dth=-0.284 gg=0.0000 fl=0.002 ret=0.995 shed=0.013 act=0.0131 flq=0.02
# PAIR t=20.0 p=37 d=1.251 pq=1:1 delta=-1.706 x=0.496 ratio=1.1724 dth=-0.577 gg=0.0000 fl=0.001 ret=0.992 shed=0.020 act=0.0064 flq=0.01
# PAIR t=20.0 p=38 d=1.362 pq=1:1 delta=-1.325 x=0.497 ratio=1.0969 dth=-2.440 gg=0.0000 fl=0.000 ret=0.994 shed=0.014 act=0.0000 flq=0.00
# PAIR t=20.0 p=39 d=1.105 pq=1:1 delta=-2.219 x=0.497 ratio=1.2453 dth=+0.310 gg=0.0001 fl=0.009 ret=0.994 shed=0.015 act=0.0480 flq=0.06
# PAIR t=20.0 p=40 d=1.550 pq=1:1 delta=-0.650 x=0.497 ratio=1.0058 dth=+1.081 gg=0.0587 fl=0.000 ret=0.993 shed=0.018 act=0.0000 flq=0.00
# PAIR t=20.0 p=41 d=1.381 pq=1:1 delta=-1.200 x=0.485 ratio=1.1248 dth=-1.972 gg=0.0000 fl=0.000 ret=0.969 shed=0.078 act=0.0000 flq=0.00
# PAIR t=20.0 p=42 d=1.280 pq=1:1 delta=-1.601 x=0.494 ratio=1.1469 dth=-1.031 gg=0.0000 fl=0.000 ret=0.988 shed=0.030 act=0.0029 flq=0.00
# PAIR t=20.0 p=43 d=1.112 pq=1:1 delta=-2.208 x=0.497 ratio=1.2004 dth=-0.261 gg=0.0000 fl=0.003 ret=0.994 shed=0.014 act=0.0183 flq=0.02
# PAIR t=20.0 p=44 d=1.100 pq=1:1 delta=-2.223 x=0.495 ratio=1.2765 dth=+0.666 gg=0.0018 fl=0.001 ret=0.991 shed=0.023 act=0.0047 flq=0.01
# PAIR t=20.0 p=45 d=1.351 pq=1:1 delta=-1.349 x=0.497 ratio=1.1617 dth=-0.772 gg=0.0000 fl=0.001 ret=0.995 shed=0.013 act=0.0095 flq=0.01
# PAIR t=20.0 p=46 d=1.425 pq=1:1 delta=-1.025 x=0.481 ratio=1.1196 dth=-2.566 gg=0.0000 fl=0.000 ret=0.961 shed=0.098 act=0.0000 flq=0.00
# PAIR t=20.0 p=47 d=1.531 pq=1:1 delta=-0.714 x=0.497 ratio=0.9378 dth=-0.467 gg=0.0332 fl=0.006 ret=0.994 shed=0.015 act=0.0421 flq=0.04
# PAIR t=20.0 p=48 d=1.481 pq=1:1 delta=-0.866 x=0.492 ratio=0.8884 dth=-0.034 gg=0.1868 fl=0.005 ret=0.984 shed=0.041 act=0.0392 flq=0.04
# PAIR t=20.0 p=49 d=1.220 pq=1:1 delta=-1.826 x=0.495 ratio=1.1357 dth=-1.076 gg=0.0000 fl=0.001 ret=0.990 shed=0.025 act=0.0075 flq=0.01
# PAIR t=20.0 p=50 d=1.357 pq=1:1 delta=-1.304 x=0.489 ratio=1.1326 dth=-1.626 gg=0.0000 fl=0.000 ret=0.978 shed=0.056 act=0.0000 flq=0.00
# PAIR t=20.0 p=51 d=1.037 pq=1:1 delta=-2.458 x=0.497 ratio=1.2755 dth=+0.485 gg=0.0000 fl=0.001 ret=0.994 shed=0.015 act=0.0040 flq=0.01
# PAIR t=20.0 p=52 d=1.091 pq=1:1 delta=-2.268 x=0.498 ratio=1.2669 dth=+0.412 gg=0.0002 fl=0.001 ret=0.996 shed=0.010 act=0.0055 flq=0.01
# PAIR t=20.0 p=53 d=1.051 pq=1:1 delta=-2.403 x=0.498 ratio=1.2999 dth=+1.181 gg=0.0021 fl=0.000 ret=0.996 shed=0.010 act=0.0021 flq=0.00
# PAIR t=20.0 p=54 d=1.087 pq=1:1 delta=-2.288 x=0.498 ratio=1.2404 dth=+0.235 gg=0.0000 fl=0.013 ret=0.995 shed=0.012 act=0.0687 flq=0.09
# PAIR t=20.0 p=55 d=1.359 pq=1:1 delta=-1.327 x=0.495 ratio=1.1026 dth=-2.214 gg=0.0000 fl=0.000 ret=0.991 shed=0.023 act=0.0000 flq=0.00
# PAIR t=20.0 p=56 d=1.330 pq=1:1 delta=-1.446 x=0.498 ratio=1.0888 dth=-2.355 gg=0.0000 fl=0.000 ret=0.996 shed=0.010 act=0.0000 flq=0.00
# PAIR t=20.0 p=57 d=1.210 pq=1:1 delta=-1.855 x=0.504 ratio=1.1938 dth=-0.218 gg=0.0000 fl=0.000 ret=0.995 shed=0.013 act=0.0000 flq=0.00
# PAIR t=20.0 p=58 d=1.281 pq=1:1 delta=-1.622 x=0.499 ratio=1.1151 dth=-1.631 gg=0.0000 fl=0.000 ret=0.998 shed=0.005 act=0.0000 flq=0.00
# PAIR t=20.0 p=59 d=1.546 pq=1:1 delta=-0.667 x=0.497 ratio=0.9976 dth=-0.044 gg=0.3545 fl=0.000 ret=0.995 shed=0.013 act=0.0000 flq=0.00
30.000	18650.4348	147.349055	0	2.65094523	18800.4347826	-7.740e-16	111151	14.615	15.886	15.372	0.034	0.0000	0.8476	6.8083	0.8493	0.9980	1.64997	1.64585	0.0000	0.0000	0.0000	0.36439	0.43246	0.14861	0	0	0
# CONV t=30.00 cond=0 evap=0 rough=0 back_s=0
# LEDGER t=30.000 mode=3 sum_err=0 max|E-iEu|=1.110e-16 run_max_diff=0.000e+00 run_max_sum_err=0 steps=1500 E0_int=18800434782608680 sum=18800434782608680
# PAIR t=30.0 p=0 d=1.281 pq=1:1 delta=-1.587 x=0.492 ratio=1.1606 dth=+1.971 gg=0.0001 fl=0.012 ret=0.984 shed=0.041 act=0.0748 flq=0.09
# PAIR t=30.0 p=1 d=1.229 pq=1:1 delta=-1.795 x=0.495 ratio=1.1301 dth=+2.382 gg=0.0000 fl=0.006 ret=0.991 shed=0.023 act=0.0339 flq=0.04
# PAIR t=30.0 p=2 d=1.286 pq=1:1 delta=-1.582 x=0.497 ratio=1.1730 dth=+1.667 gg=0.0017 fl=0.001 ret=0.995 shed=0.012 act=0.0083 flq=0.01
# PAIR t=30.0 p=3 d=1.478 pq=1:1 delta=-0.874 x=0.489 ratio=1.0653 dth=-2.318 gg=0.0000 fl=0.000 ret=0.977 shed=0.057 act=0.0000 flq=0.00
# PAIR t=30.0 p=4 d=1.467 pq=1:1 delta=-0.944 x=0.497 ratio=1.0761 dth=-2.089 gg=0.0000 fl=0.000 ret=0.993 shed=0.018 act=0.0000 flq=0.00
# PAIR t=30.0 p=5 d=1.467 pq=1:1 delta=-0.955 x=0.497 ratio=1.0182 dth=-0.888 gg=0.0001 fl=0.003 ret=0.994 shed=0.015 act=0.0208 flq=0.02
# PAIR t=30.0 p=6 d=1.025 pq=1:1 delta=-2.546 x=0.494 ratio=0.9191 dth=+3.078 gg=0.0000 fl=0.039 ret=0.990 shed=0.026 act=0.1980 flq=0.29
# PAIR t=30.0 p=7 d=1.421 pq=1:1 delta=-1.104 x=0.494 ratio=1.0720 dth=-1.810 gg=0.0000 fl=0.000 ret=0.988 shed=0.030 act=0.0000 flq=0.00
# PAIR t=30.0 p=8 d=1.311 pq=1:1 delta=-1.496 x=0.495 ratio=1.1240 dth=+2.378 gg=0.0000 fl=0.012 ret=0.989 shed=0.027 act=0.0771 flq=0.09
# PAIR t=30.0 p=9 d=1.343 pq=1:1 delta=-1.348 x=0.491 ratio=1.1849 dth=+1.141 gg=0.0582 fl=0.008 ret=0.982 shed=0.045 act=0.0509 flq=0.06
# PAIR t=30.0 p=10 d=1.078 pq=1:1 delta=-2.361 x=0.495 ratio=1.0041 dth=+3.109 gg=0.0000 fl=0.028 ret=0.991 shed=0.022 act=0.1488 flq=0.21
# PAIR t=30.0 p=11 d=1.239 pq=1:1 delta=-1.755 x=0.495 ratio=1.1376 dth=+2.307 gg=0.0000 fl=0.004 ret=0.989 shed=0.026 act=0.0248 flq=0.03
# PAIR t=30.0 p=12 d=1.334 pq=1:1 delta=-1.363 x=0.487 ratio=1.1911 dth=+0.977 gg=0.1013 fl=0.002 ret=0.975 shed=0.064 act=0.0146 flq=0.02
# PAIR t=30.0 p=13 d=1.103 pq=1:1 delta=-2.263 x=0.494 ratio=0.9241 dth=+3.021 gg=0.0000 fl=0.004 ret=0.988 shed=0.029 act=0.0206 flq=0.03
# PAIR t=30.0 p=14 d=1.539 pq=1:1 delta=-0.675 x=0.494 ratio=1.0318 dth=+1.557 gg=0.0009 fl=0.008 ret=0.988 shed=0.031 act=0.0607 flq=0.06
# PAIR t=30.0 p=15 d=1.036 pq=1:1 delta=-2.448 x=0.493 ratio=0.7806 dth=+1.921 gg=0.0001 fl=0.000 ret=0.985 shed=0.037 act=0.0015 flq=0.00
# PAIR t=30.0 p=16 d=1.486 pq=1:1 delta=-0.762 x=0.472 ratio=1.1138 dth=-0.713 gg=0.0029 fl=0.000 ret=0.943 shed=0.141 act=0.0001 flq=0.00
# PAIR t=30.0 p=17 d=1.264 pq=1:1 delta=-1.663 x=0.494 ratio=1.1345 dth=+2.271 gg=0.0000 fl=0.005 ret=0.989 shed=0.028 act=0.0307 flq=0.04
# PAIR t=30.0 p=18 d=1.110 pq=1:1 delta=-2.235 x=0.495 ratio=1.1127 dth=+2.888 gg=0.0000 fl=0.014 ret=0.991 shed=0.023 act=0.0764 flq=0.10
# PAIR t=30.0 p=19 d=1.281 pq=1:1 delta=-1.608 x=0.494 ratio=1.1163 dth=+2.765 gg=0.0000 fl=0.003 ret=0.988 shed=0.030 act=0.0168 flq=0.02
# PAIR t=30.0 p=20 d=1.454 pq=1:1 delta=-1.002 x=0.498 ratio=1.0472 dth=-3.018 gg=0.0000 fl=0.000 ret=0.996 shed=0.010 act=0.0002 flq=0.00
# PAIR t=30.0 p=21 d=1.535 pq=1:1 delta=-0.700 x=0.496 ratio=1.0364 dth=+1.876 gg=0.0000 fl=0.001 ret=0.992 shed=0.021 act=0.0076 flq=0.01
# PAIR t=30.0 p=22 d=1.040 pq=1:1 delta=-2.460 x=0.494 ratio=0.8170 dth=+2.450 gg=0.0000 fl=0.007 ret=0.989 shed=0.028 act=0.0349 flq=0.05
# PAIR t=30.0 p=23 d=1.470 pq=1:1 delta=-0.930 x=0.495 ratio=0.9297 dth=-1.052 gg=0.0000 fl=0.000 ret=0.990 shed=0.024 act=0.0011 flq=0.00
# PAIR t=30.0 p=24 d=1.296 pq=1:1 delta=-1.538 x=0.492 ratio=1.1259 dth=+2.668 gg=0.0000 fl=0.002 ret=0.982 shed=0.046 act=0.0124 flq=0.01
# PAIR t=30.0 p=25 d=1.374 pq=1:1 delta=-1.263 x=0.493 ratio=1.0983 dth=-0.830 gg=0.0000 fl=0.002 ret=0.986 shed=0.035 act=0.0127 flq=0.01
# PAIR t=30.0 p=26 d=1.327 pq=1:1 delta=-1.440 x=0.495 ratio=1.1256 dth=+2.302 gg=0.0000 fl=0.010 ret=0.989 shed=0.027 act=0.0648 flq=0.07
# PAIR t=30.0 p=27 d=1.216 pq=1:1 delta=-1.854 x=0.496 ratio=1.0802 dth=+2.985 gg=0.0000 fl=0.001 ret=0.992 shed=0.021 act=0.0062 flq=0.01
# PAIR t=30.0 p=28 d=1.519 pq=1:1 delta=-0.768 x=0.498 ratio=1.0065 dth=+1.401 gg=0.0060 fl=0.000 ret=0.995 shed=0.012 act=0.0034 flq=0.00
# PAIR t=30.0 p=29 d=1.433 pq=1:1 delta=-0.984 x=0.478 ratio=1.1146 dth=-0.676 gg=0.0007 fl=0.000 ret=0.955 shed=0.112 act=0.0006 flq=0.00
# PAIR t=30.0 p=30 d=1.380 pq=1:1 delta=-1.257 x=0.496 ratio=1.0991 dth=-0.792 gg=0.0000 fl=0.001 ret=0.993 shed=0.019 act=0.0102 flq=0.01
# PAIR t=30.0 p=31 d=1.343 pq=1:1 delta=-1.324 x=0.485 ratio=1.1836 dth=+0.844 gg=0.1444 fl=0.003 ret=0.971 shed=0.073 act=0.0180 flq=0.02
# PAIR t=30.0 p=32 d=1.081 pq=1:1 delta=-2.327 x=0.496 ratio=0.8531 dth=+2.589 gg=0.0000 fl=0.024 ret=0.992 shed=0.021 act=0.1298 flq=0.18
# PAIR t=30.0 p=33 d=1.363 pq=1:1 delta=-1.323 x=0.497 ratio=1.0730 dth=-1.589 gg=0.0000 fl=0.000 ret=0.993 shed=0.017 act=0.0000 flq=0.00
# PAIR t=30.0 p=34 d=1.495 pq=1:1 delta=-0.847 x=0.496 ratio=0.9651 dth=+0.397 gg=0.4844 fl=0.000 ret=0.993 shed=0.018 act=0.0020 flq=0.00
# PAIR t=30.0 p=35 d=1.063 pq=1:1 delta=-2.417 x=0.539 ratio=0.9591 dth=+3.020 gg=0.0000 fl=0.000 ret=0.993 shed=0.017 act=0.0000 flq=0.00
# PAIR t=30.0 p=36 d=1.182 pq=1:1 delta=-1.978 x=0.496 ratio=1.0913 dth=+2.940 gg=0.0000 fl=0.007 ret=0.992 shed=0.020 act=0.0402 flq=0.05
# PAIR t=30.0 p=37 d=1.251 pq=1:1 delta=-1.710 x=0.493 ratio=1.1262 dth=+2.630 gg=0.0000 fl=0.012 ret=0.986 shed=0.034 act=0.0738 flq=0.09
# PAIR t=30.0 p=38 d=1.362 pq=1:1 delta=-1.319 x=0.496 ratio=1.1009 dth=-0.750 gg=0.0000 fl=0.000 ret=0.992 shed=0.020 act=0.0022 flq=0.00
# PAIR t=30.0 p=39 d=1.105 pq=1:1 delta=-2.260 x=0.495 ratio=1.0505 dth=-2.983 gg=0.0000 fl=0.016 ret=0.990 shed=0.024 act=0.0894 flq=0.12
# PAIR t=30.0 p=40 d=1.550 pq=1:1 delta=-0.641 x=0.495 ratio=1.0054 dth=+1.177 gg=0.0293 fl=0.000 ret=0.989 shed=0.027 act=0.0000 flq=0.00
# PAIR t=30.0 p=41 d=1.381 pq=1:1 delta=-1.176 x=0.482 ratio=1.1722 dth=+0.355 gg=0.1939 fl=0.004 ret=0.964 shed=0.090 act=0.0278 flq=0.03
# PAIR t=30.0 p=42 d=1.280 pq=1:1 delta=-1.593 x=0.492 ratio=1.1549 dth=+2.110 gg=0.0000 fl=0.018 ret=0.985 shed=0.037 act=0.1167 flq=0.14
# PAIR t=30.0 p=43 d=1.112 pq=1:1 delta=-2.237 x=0.495 ratio=1.0362 dth=+2.992 gg=0.0000 fl=0.031 ret=0.992 shed=0.020 act=0.1746 flq=0.24
# PAIR t=30.0 p=44 d=1.100 pq=1:1 delta=-2.262 x=0.490 ratio=1.0678 dth=-2.748 gg=0.0000 fl=0.004 ret=0.979 shed=0.052 act=0.0241 flq=0.03
# PAIR t=30.0 p=45 d=1.351 pq=1:1 delta=-1.357 x=0.496 ratio=1.1191 dth=+2.253 gg=0.0000 fl=0.010 ret=0.992 shed=0.020 act=0.0693 flq=0.08
# PAIR t=30.0 p=46 d=1.425 pq=1:1 delta=-1.017 x=0.479 ratio=1.1221 dth=-0.461 gg=0.0052 fl=0.000 ret=0.957 shed=0.108 act=0.0000 flq=0.00
# PAIR t=30.0 p=47 d=1.531 pq=1:1 delta=-0.709 x=0.495 ratio=0.9488 dth=-1.446 gg=0.0000 fl=0.000 ret=0.991 shed=0.023 act=0.0000 flq=0.00
# PAIR t=30.0 p=48 d=1.481 pq=1:1 delta=-0.790 x=0.473 ratio=0.9060 dth=-1.832 gg=0.0000 fl=0.000 ret=0.944 shed=0.139 act=0.0000 flq=0.00
# PAIR t=30.0 p=49 d=1.220 pq=1:1 delta=-1.812 x=0.493 ratio=1.1672 dth=+2.098 gg=0.0000 fl=0.007 ret=0.987 shed=0.032 act=0.0402 flq=0.05
# PAIR t=30.0 p=50 d=1.357 pq=1:1 delta=-1.282 x=0.487 ratio=1.1825 dth=+0.983 gg=0.1115 fl=0.006 ret=0.974 shed=0.064 act=0.0438 flq=0.05
# PAIR t=30.0 p=51 d=1.037 pq=1:1 delta=-2.475 x=0.495 ratio=0.8240 dth=+2.596 gg=0.0000 fl=0.007 ret=0.991 shed=0.022 act=0.0369 flq=0.05
# PAIR t=30.0 p=52 d=1.091 pq=1:1 delta=-2.298 x=0.497 ratio=0.8632 dth=+2.725 gg=0.0000 fl=0.003 ret=0.993 shed=0.017 act=0.0140 flq=0.02
# PAIR t=30.0 p=53 d=1.051 pq=1:1 delta=-2.414 x=0.497 ratio=0.7931 dth=+2.050 gg=0.0000 fl=0.009 ret=0.994 shed=0.016 act=0.0455 flq=0.06
# PAIR t=30.0 p=54 d=1.087 pq=1:1 delta=-2.327 x=0.496 ratio=0.9455 dth=+3.006 gg=0.0000 fl=0.045 ret=0.992 shed=0.019 act=0.2471 flq=0.34
# PAIR t=30.0 p=55 d=1.359 pq=1:1 delta=-1.300 x=0.490 ratio=1.1330 dth=-0.372 gg=0.0013 fl=0.001 ret=0.980 shed=0.050 act=0.0089 flq=0.01
# PAIR t=30.0 p=56 d=1.330 pq=1:1 delta=-1.440 x=0.497 ratio=1.1003 dth=-0.782 gg=0.0000 fl=0.000 ret=0.994 shed=0.015 act=0.0012 flq=0.00
# PAIR t=30.0 p=57 d=1.210 pq=1:1 delta=-1.870 x=0.495 ratio=1.1060 dth=+2.960 gg=0.0000 fl=0.008 ret=0.989 shed=0.026 act=0.0462 flq=0.06
# PAIR t=30.0 p=58 d=1.281 pq=1:1 delta=-1.593 x=0.498 ratio=1.2014 dth=+0.769 gg=0.0735 fl=0.005 ret=0.996 shed=0.010 act=0.0317 flq=0.04
# PAIR t=30.0 p=59 d=1.546 pq=1:1 delta=-0.661 x=0.496 ratio=0.9961 dth=-0.103 gg=0.2966 fl=0.000 ret=0.992 shed=0.020 act=0.0000 flq=0.00
# QATOM t=37.42 dir=DF w=1.76943791 e=0.323857008308
40.000	18650.5188	146.257247	0.560220449	3.09849952	18800.4347826	3.483e-15	111156	14.561	15.879	15.425	0.034	18.9213	0.8476	4.7753	0.8493	0.9980	1.64995	1.64585	21.2542	14.7149	3.7218	-0.39697	-0.19684	-0.084544	0.11662	0.12674	-0.046372
# CONV t=40.00 cond=0 evap=0 rough=0.644254 back_s=0.0840331
# LEDGER t=40.000 mode=3 sum_err=0 max|E-iEu|=4.999e-13 run_max_diff=1.493e-12 run_max_sum_err=0 steps=2000 E0_int=18800434782608680 sum=18800434782608680
# PAIR t=40.0 p=0 d=1.281 pq=1:1 delta=-1.600 x=0.491 ratio=1.0924 dth=-2.571 gg=0.0000 fl=0.000 ret=0.981 shed=0.046 act=0.0000 flq=0.00
# PAIR t=40.0 p=1 d=1.229 pq=1:1 delta=-1.807 x=0.495 ratio=1.0420 dth=-2.868 gg=0.0000 fl=0.000 ret=0.989 shed=0.028 act=0.0009 flq=0.00
# PAIR t=40.0 p=2 d=1.286 pq=1:1 delta=-1.600 x=0.496 ratio=1.0816 dth=-2.880 gg=0.0000 fl=0.000 ret=0.992 shed=0.020 act=0.0003 flq=0.00
# PAIR t=40.0 p=3 d=1.478 pq=1:1 delta=-0.868 x=0.487 ratio=1.0657 dth=-1.160 gg=0.0000 fl=0.000 ret=0.974 shed=0.064 act=0.0000 flq=0.00
# PAIR t=40.0 p=4 d=1.467 pq=1:1 delta=-0.937 x=0.495 ratio=1.0769 dth=-0.749 gg=0.0005 fl=0.000 ret=0.990 shed=0.026 act=0.0000 flq=0.00
# PAIR t=40.0 p=5 d=1.467 pq=1:1 delta=-0.930 x=0.495 ratio=1.1254 dth=+0.397 gg=0.4095 fl=0.000 ret=0.990 shed=0.026 act=0.0023 flq=0.00
# PAIR t=40.0 p=6 d=1.025 pq=1:1 delta=-2.541 x=0.493 ratio=0.9116 dth=-0.468 gg=0.0000 fl=0.008 ret=0.987 shed=0.031 act=0.0417 flq=0.06
# PAIR t=40.0 p=7 d=1.421 pq=1:1 delta=-1.093 x=0.492 ratio=1.0845 dth=-0.493 gg=0.0021 fl=0.002 ret=0.984 shed=0.040 act=0.0176 flq=0.02
# PAIR t=40.0 p=8 d=1.311 pq=1:1 delta=-1.487 x=0.491 ratio=1.1013 dth=-2.185 gg=0.0000 fl=0.000 ret=0.982 shed=0.046 act=0.0000 flq=0.00
# PAIR t=40.0 p=9 d=1.343 pq=1:1 delta=-1.366 x=0.489 ratio=1.0964 dth=-3.111 gg=0.0000 fl=0.000 ret=0.979 shed=0.054 act=0.0000 flq=0.00
# PAIR t=40.0 p=10 d=1.078 pq=1:1 delta=-2.332 x=0.493 ratio=0.8578 dth=-0.265 gg=0.0000 fl=0.011 ret=0.987 shed=0.032 act=0.0588 flq=0.08
# PAIR t=40.0 p=11 d=1.239 pq=1:1 delta=-1.762 x=0.493 ratio=1.0825 dth=-2.433 gg=0.0000 fl=0.000 ret=0.987 shed=0.033 act=0.0000 flq=0.00
# PAIR t=40.0 p=12 d=1.334 pq=1:1 delta=-1.387 x=0.486 ratio=1.0897 dth=+3.054 gg=0.0000 fl=0.000 ret=0.972 shed=0.070 act=0.0006 flq=0.00
# PAIR t=40.0 p=13 d=1.103 pq=1:1 delta=-2.245 x=0.492 ratio=0.8696 dth=-0.397 gg=0.0000 fl=0.020 ret=0.985 shed=0.037 act=0.1104 flq=0.15
# PAIR t=40.0 p=14 d=1.539 pq=1:1 delta=-0.666 x=0.492 ratio=1.0326 dth=+2.127 gg=0.0000 fl=0.008 ret=0.983 shed=0.042 act=0.0607 flq=0.06
# PAIR t=40.0 p=15 d=1.036 pq=1:1 delta=-2.261 x=0.425 ratio=1.2303 dth=+0.194 gg=0.0000 fl=0.009 ret=0.851 shed=0.373 act=0.0441 flq=0.06
# PAIR t=40.0 p=16 d=1.486 pq=1:1 delta=-0.755 x=0.470 ratio=1.1134 dth=+1.285 gg=0.0161 fl=0.000 ret=0.940 shed=0.150 act=0.0001 flq=0.00
# PAIR t=40.0 p=17 d=1.264 pq=1:1 delta=-1.668 x=0.493 ratio=1.0914 dth=-2.359 gg=0.0000 fl=0.000 ret=0.986 shed=0.034 act=0.0000 flq=0.00
# PAIR t=40.0 p=18 d=1.110 pq=1:1 delta=-2.195 x=0.494 ratio=0.8078 dth=+0.643 gg=0.0020 fl=0.003 ret=0.987 shed=0.032 act=0.0156 flq=0.02
# PAIR t=40.0 p=19 d=1.281 pq=1:1 delta=-1.579 x=0.487 ratio=1.1234 dth=-1.502 gg=0.0000 fl=0.000 ret=0.973 shed=0.067 act=0.0005 flq=0.00
# PAIR t=40.0 p=20 d=1.454 pq=1:1 delta=-0.999 x=0.497 ratio=1.0471 dth=-2.181 gg=0.0000 fl=0.000 ret=0.995 shed=0.014 act=0.0002 flq=0.00
# PAIR t=40.0 p=21 d=1.535 pq=1:1 delta=-0.694 x=0.494 ratio=1.0359 dth=+2.523 gg=0.0000 fl=0.001 ret=0.989 shed=0.028 act=0.0076 flq=0.01
# PAIR t=40.0 p=22 d=1.040 pq=1:1 delta=-2.461 x=0.493 ratio=1.2069 dth=-0.086 gg=0.0000 fl=0.009 ret=0.986 shed=0.035 act=0.0461 flq=0.07
# PAIR t=40.0 p=23 d=1.470 pq=1:1 delta=-0.926 x=0.494 ratio=0.9299 dth=-2.372 gg=0.0000 fl=0.000 ret=0.988 shed=0.030 act=0.0000 flq=0.00
# PAIR t=40.0 p=24 d=1.296 pq=1:1 delta=-1.515 x=0.486 ratio=1.1294 dth=-1.438 gg=0.0000 fl=0.000 ret=0.971 shed=0.072 act=0.0003 flq=0.00
# PAIR t=40.0 p=25 d=1.374 pq=1:1 delta=-1.242 x=0.489 ratio=1.1293 dth=+1.543 gg=0.0041 fl=0.011 ret=0.979 shed=0.053 act=0.0736 flq=0.08
# PAIR t=40.0 p=26 d=1.327 pq=1:1 delta=-1.410 x=0.486 ratio=1.1151 dth=-2.149 gg=0.0000 fl=0.000 ret=0.972 shed=0.070 act=0.0000 flq=0.00
# PAIR t=40.0 p=27 d=1.216 pq=1:1 delta=-1.853 x=0.495 ratio=1.0654 dth=-2.154 gg=0.0000 fl=0.000 ret=0.989 shed=0.027 act=0.0000 flq=0.00
# PAIR t=40.0 p=28 d=1.519 pq=1:1 delta=-0.763 x=0.496 ratio=1.0067 dth=+1.517 gg=0.0019 fl=0.000 ret=0.993 shed=0.018 act=0.0034 flq=0.00
# PAIR t=40.0 p=29 d=1.433 pq=1:1 delta=-0.977 x=0.476 ratio=1.1157 dth=+1.350 gg=0.0144 fl=0.000 ret=0.952 shed=0.120 act=0.0011 flq=0.00
# PAIR t=40.0 p=30 d=1.380 pq=1:1 delta=-1.238 x=0.493 ratio=1.1288 dth=+1.502 gg=0.0058 fl=0.011 ret=0.986 shed=0.034 act=0.0734 flq=0.08
# PAIR t=40.0 p=31 d=1.343 pq=1:1 delta=-1.324 x=0.480 ratio=1.1095 dth=+3.069 gg=0.0000 fl=0.000 ret=0.959 shed=0.102 act=0.0002 flq=0.00
# PAIR t=40.0 p=32 d=1.081 pq=1:1 delta=-2.324 x=0.495 ratio=1.1742 dth=-0.392 gg=0.0000 fl=0.008 ret=0.990 shed=0.026 act=0.0446 flq=0.06
# PAIR t=40.0 p=33 d=1.363 pq=1:1 delta=-1.314 x=0.496 ratio=1.1020 dth=-0.196 gg=0.0058 fl=0.003 ret=0.991 shed=0.021 act=0.0191 flq=0.02
# PAIR t=40.0 p=34 d=1.495 pq=1:1 delta=-0.842 x=0.495 ratio=0.9648 dth=-0.252 gg=0.0705 fl=0.000 ret=0.990 shed=0.024 act=0.0020 flq=0.00
# PAIR t=40.0 p=35 d=1.063 pq=1:1 delta=-2.398 x=0.495 ratio=0.8749 dth=-0.426 gg=0.0000 fl=0.027 ret=0.991 shed=0.022 act=0.1425 flq=0.20
# PAIR t=40.0 p=36 d=1.182 pq=1:1 delta=-1.981 x=0.495 ratio=1.0408 dth=-2.522 gg=0.0000 fl=0.000 ret=0.990 shed=0.026 act=0.0007 flq=0.00
# PAIR t=40.0 p=37 d=1.251 pq=1:1 delta=-1.682 x=0.485 ratio=1.1176 dth=-1.715 gg=0.0000 fl=0.000 ret=0.969 shed=0.077 act=0.0000 flq=0.00
# PAIR t=40.0 p=38 d=1.362 pq=1:1 delta=-1.303 x=0.493 ratio=1.1262 dth=+1.349 gg=0.0191 fl=0.005 ret=0.986 shed=0.035 act=0.0353 flq=0.04
# PAIR t=40.0 p=39 d=1.105 pq=1:1 delta=-2.208 x=0.494 ratio=0.8005 dth=+0.823 gg=0.0038 fl=0.001 ret=0.987 shed=0.031 act=0.0030 flq=0.00
# PAIR t=40.0 p=40 d=1.550 pq=1:1 delta=-0.634 x=0.493 ratio=1.0049 dth=+1.271 gg=0.0136 fl=0.000 ret=0.985 shed=0.036 act=0.0000 flq=0.00
# PAIR t=40.0 p=41 d=1.381 pq=1:1 delta=-1.180 x=0.478 ratio=1.1055 dth=+2.670 gg=0.0000 fl=0.000 ret=0.956 shed=0.110 act=0.0013 flq=0.00
# PAIR t=40.0 p=42 d=1.280 pq=1:1 delta=-1.573 x=0.483 ratio=1.1030 dth=-2.434 gg=0.0000 fl=0.000 ret=0.966 shed=0.085 act=0.0000 flq=0.00
# PAIR t=40.0 p=43 d=1.112 pq=1:1 delta=-2.210 x=0.495 ratio=0.8539 dth=-0.214 gg=0.0000 fl=0.006 ret=0.990 shed=0.025 act=0.0340 flq=0.05
# PAIR t=40.0 p=44 d=1.100 pq=1:1 delta=-2.257 x=0.488 ratio=1.0538 dth=-1.819 gg=0.0000 fl=0.000 ret=0.975 shed=0.062 act=0.0002 flq=0.00
# PAIR t=40.0 p=45 d=1.351 pq=1:1 delta=-1.358 x=0.495 ratio=1.0947 dth=-2.383 gg=0.0000 fl=0.000 ret=0.990 shed=0.025 act=0.0000 flq=0.00
# PAIR t=40.0 p=46 d=1.425 pq=1:1 delta=-1.013 x=0.477 ratio=1.1227 dth=+1.668 gg=0.0007 fl=0.000 ret=0.955 shed=0.113 act=0.0000 flq=0.00
# PAIR t=40.0 p=47 d=1.531 pq=1:1 delta=-0.704 x=0.494 ratio=0.9484 dth=-2.409 gg=0.0000 fl=0.000 ret=0.988 shed=0.030 act=0.0000 flq=0.00
# PAIR t=40.0 p=48 d=1.481 pq=1:1 delta=-0.773 x=0.469 ratio=0.9023 dth=+2.568 gg=0.0000 fl=0.000 ret=0.938 shed=0.155 act=0.0000 flq=0.00
# PAIR t=40.0 p=49 d=1.220 pq=1:1 delta=-1.816 x=0.488 ratio=1.0723 dth=-2.659 gg=0.0000 fl=0.000 ret=0.977 shed=0.058 act=0.0001 flq=0.00
# PAIR t=40.0 p=50 d=1.357 pq=1:1 delta=-1.301 x=0.486 ratio=1.0992 dth=+3.090 gg=0.0000 fl=0.000 ret=0.972 shed=0.070 act=0.0003 flq=0.00
# PAIR t=40.0 p=51 d=1.037 pq=1:1 delta=-2.496 x=0.493 ratio=1.0977 dth=-0.423 gg=0.0000 fl=0.074 ret=0.987 shed=0.033 act=0.3827 flq=0.55
# PAIR t=40.0 p=52 d=1.091 pq=1:1 delta=-2.314 x=0.494 ratio=0.9670 dth=-0.589 gg=0.0000 fl=0.081 ret=0.991 shed=0.023 act=0.4414 flq=0.61
# PAIR t=40.0 p=53 d=1.051 pq=1:1 delta=-2.228 x=0.432 ratio=1.2282 dth=+0.107 gg=0.0000 fl=0.001 ret=0.864 shed=0.339 act=0.0069 flq=0.01
# PAIR t=40.0 p=54 d=1.087 pq=1:1 delta=-2.309 x=0.494 ratio=0.8776 dth=-0.451 gg=0.0000 fl=0.030 ret=0.989 shed=0.026 act=0.1621 flq=0.22
# PAIR t=40.0 p=55 d=1.359 pq=1:1 delta=-1.299 x=0.488 ratio=1.1021 dth=+2.083 gg=0.0000 fl=0.000 ret=0.975 shed=0.062 act=0.0006 flq=0.00
# PAIR t=40.0 p=56 d=1.330 pq=1:1 delta=-1.425 x=0.495 ratio=1.1338 dth=+1.665 gg=0.0016 fl=0.009 ret=0.990 shed=0.024 act=0.0575 flq=0.06
# PAIR t=40.0 p=57 d=1.210 pq=1:1 delta=-1.869 x=0.494 ratio=1.0906 dth=-1.763 gg=0.0000 fl=0.000 ret=0.987 shed=0.032 act=0.0000 flq=0.00
# PAIR t=40.0 p=58 d=1.281 pq=1:1 delta=-1.627 x=0.498 ratio=1.0532 dth=+2.841 gg=0.0000 fl=0.001 ret=0.995 shed=0.012 act=0.0076 flq=0.01
# PAIR t=40.0 p=59 d=1.546 pq=1:1 delta=-0.655 x=0.495 ratio=0.9948 dth=-0.186 gg=0.2170 fl=0.000 ret=0.989 shed=0.026 act=0.0000 flq=0.00
50.000	18650.6518	144.247124	1.44691914	4.0889193	18800.4347826	2.709e-15	111142	14.487	15.860	15.499	0.034	18.9213	0.8477	3.9923	0.8493	0.9980	1.64982	1.64585	22.3506	15.8760	5.8585	0.2653	0.48407	0.054004	-0.0065599	-0.019741	-0.30689
# CONV t=50.00 cond=0 evap=0 rough=1.66396 back_s=0.217038
# LEDGER t=50.000 mode=3 sum_err=0 max|E-iEu|=5.000e-13 run_max_diff=1.499e-12 run_max_sum_err=0 steps=2500 E0_int=18800434782608680 sum=18800434782608680
# PAIR t=50.0 p=0 d=1.281 pq=1:1 delta=-1.594 x=0.490 ratio=1.1008 dth=-0.931 gg=0.0000 fl=0.002 ret=0.979 shed=0.051 act=0.0100 flq=0.01
# PAIR t=50.0 p=1 d=1.229 pq=1:1 delta=-1.804 x=0.494 ratio=1.0404 dth=-2.141 gg=0.0000 fl=0.000 ret=0.987 shed=0.031 act=0.0000 flq=0.00
# PAIR t=50.0 p=2 d=1.286 pq=1:1 delta=-1.596 x=0.495 ratio=1.0825 dth=-1.448 gg=0.0000 fl=0.000 ret=0.990 shed=0.024 act=0.0014 flq=0.00
# PAIR t=50.0 p=3 d=1.478 pq=1:1 delta=-0.864 x=0.486 ratio=1.0657 dth=+0.004 gg=0.2172 fl=0.000 ret=0.972 shed=0.069 act=0.0000 flq=0.00
# PAIR t=50.0 p=4 d=1.467 pq=1:1 delta=-0.930 x=0.493 ratio=1.0775 dth=+0.599 gg=0.3871 fl=0.000 ret=0.986 shed=0.035 act=0.0000 flq=0.00
# PAIR t=50.0 p=5 d=1.467 pq=1:1 delta=-0.905 x=0.486 ratio=1.0777 dth=+2.126 gg=0.0000 fl=0.001 ret=0.973 shed=0.068 act=0.0066 flq=0.01
# PAIR t=50.0 p=6 d=1.025 pq=1:1 delta=-2.522 x=0.492 ratio=1.1748 dth=+2.741 gg=0.0000 fl=0.001 ret=0.985 shed=0.037 act=0.0071 flq=0.01
# PAIR t=50.0 p=7 d=1.421 pq=1:1 delta=-1.086 x=0.491 ratio=1.0948 dth=+1.305 gg=0.0230 fl=0.005 ret=0.981 shed=0.047 act=0.0336 flq=0.04
# PAIR t=50.0 p=8 d=1.311 pq=1:1 delta=-1.453 x=0.484 ratio=1.1434 dth=-0.304 gg=0.0006 fl=0.015 ret=0.969 shed=0.078 act=0.0978 flq=0.11
# PAIR t=50.0 p=9 d=1.343 pq=1:1 delta=-1.358 x=0.487 ratio=1.0981 dth=-1.404 gg=0.0000 fl=0.000 ret=0.975 shed=0.063 act=0.0006 flq=0.00
# PAIR t=50.0 p=10 d=1.078 pq=1:1 delta=-2.313 x=0.492 ratio=1.2183 dth=+2.184 gg=0.0000 fl=0.002 ret=0.985 shed=0.038 act=0.0095 flq=0.01
# PAIR t=50.0 p=11 d=1.239 pq=1:1 delta=-1.756 x=0.492 ratio=1.0917 dth=-0.959 gg=0.0000 fl=0.003 ret=0.985 shed=0.039 act=0.0163 flq=0.02
# PAIR t=50.0 p=12 d=1.334 pq=1:1 delta=-1.385 x=0.485 ratio=1.0888 dth=-1.663 gg=0.0000 fl=0.000 ret=0.971 shed=0.073 act=0.0000 flq=0.00
# PAIR t=50.0 p=13 d=1.103 pq=1:1 delta=-2.220 x=0.490 ratio=1.2139 dth=+2.299 gg=0.0000 fl=0.019 ret=0.981 shed=0.048 act=0.1066 flq=0.14
# PAIR t=50.0 p=14 d=1.539 pq=1:1 delta=-0.658 x=0.490 ratio=1.0333 dth=+2.715 gg=0.0000 fl=0.008 ret=0.980 shed=0.051 act=0.0607 flq=0.06
# PAIR t=50.0 p=15 d=1.036 pq=1:1 delta=-2.017 x=0.353 ratio=0.8121 dth=+1.681 gg=0.0012 fl=0.011 ret=0.706 shed=0.734 act=0.0567 flq=0.07
# PAIR t=50.0 p=16 d=1.486 pq=1:1 delta=-0.747 x=0.468 ratio=1.1138 dth=-2.999 gg=0.0000 fl=0.000 ret=0.936 shed=0.160 act=0.0001 flq=0.00
# PAIR t=50.0 p=17 d=1.264 pq=1:1 delta=-1.659 x=0.492 ratio=1.1114 dth=-0.705 gg=0.0000 fl=0.005 ret=0.983 shed=0.042 act=0.0290 flq=0.03
# PAIR t=50.0 p=18 d=1.110 pq=1:1 delta=-2.194 x=0.493 ratio=1.2318 dth=+0.621 gg=0.0018 fl=0.002 ret=0.985 shed=0.037 act=0.0134 flq=0.02
# PAIR t=50.0 p=19 d=1.281 pq=1:1 delta=-1.546 x=0.485 ratio=1.2081 dth=+1.340 gg=0.0187 fl=0.005 ret=0.970 shed=0.076 act=0.0306 flq=0.04
# PAIR t=50.0 p=20 d=1.454 pq=1:1 delta=-0.997 x=0.497 ratio=1.0471 dth=-1.346 gg=0.0000 fl=0.000 ret=0.993 shed=0.017 act=0.0002 flq=0.00
# PAIR t=50.0 p=21 d=1.535 pq=1:1 delta=-0.688 x=0.493 ratio=1.0355 dth=-3.123 gg=0.0000 fl=0.001 ret=0.986 shed=0.035 act=0.0076 flq=0.01
# PAIR t=50.0 p=22 d=1.040 pq=1:1 delta=-2.283 x=0.426 ratio=0.9018 dth=+2.601 gg=0.0000 fl=0.057 ret=0.852 shed=0.370 act=0.2983 flq=0.41
# PAIR t=50.0 p=23 d=1.470 pq=1:1 delta=-0.918 x=0.492 ratio=0.9296 dth=+2.579 gg=0.0000 fl=0.000 ret=0.984 shed=0.039 act=0.0000 flq=0.00
# PAIR t=50.0 p=24 d=1.296 pq=1:1 delta=-1.486 x=0.483 ratio=1.1964 dth=+1.442 gg=0.0102 fl=0.013 ret=0.967 shed=0.083 act=0.0868 flq=0.10
# PAIR t=50.0 p=25 d=1.374 pq=1:1 delta=-1.252 x=0.488 ratio=1.0621 dth=+2.871 gg=0.0000 fl=0.000 ret=0.976 shed=0.059 act=0.0013 flq=0.00
# PAIR t=50.0 p=26 d=1.327 pq=1:1 delta=-1.380 x=0.483 ratio=1.1800 dth=+0.049 gg=0.0214 fl=0.009 ret=0.967 shed=0.083 act=0.0566 flq=0.06
# PAIR t=50.0 p=27 d=1.216 pq=1:1 delta=-1.846 x=0.494 ratio=1.0913 dth=-0.904 gg=0.0000 fl=0.004 ret=0.987 shed=0.031 act=0.0243 flq=0.03
# PAIR t=50.0 p=28 d=1.519 pq=1:1 delta=-0.759 x=0.495 ratio=1.0068 dth=+1.636 gg=0.0005 fl=0.000 ret=0.991 shed=0.023 act=0.0034 flq=0.00
# PAIR t=50.0 p=29 d=1.433 pq=1:1 delta=-0.972 x=0.475 ratio=1.1145 dth=-2.920 gg=0.0000 fl=0.000 ret=0.949 shed=0.127 act=0.0000 flq=0.00
# PAIR t=50.0 p=30 d=1.380 pq=1:1 delta=-1.244 x=0.491 ratio=1.0735 dth=+2.969 gg=0.0000 fl=0.000 ret=0.983 shed=0.043 act=0.0000 flq=0.00
# PAIR t=50.0 p=31 d=1.343 pq=1:1 delta=-1.312 x=0.477 ratio=1.1136 dth=-1.269 gg=0.0000 fl=0.000 ret=0.953 shed=0.117 act=0.0010 flq=0.00
# PAIR t=50.0 p=32 d=1.081 pq=1:1 delta=-2.344 x=0.492 ratio=0.9564 dth=+2.856 gg=0.0000 fl=0.148 ret=0.987 shed=0.032 act=0.8020 flq=1.11
# PAIR t=50.0 p=33 d=1.363 pq=1:1 delta=-1.278 x=0.486 ratio=1.1063 dth=+1.821 gg=0.0002 fl=0.000 ret=0.971 shed=0.071 act=0.0018 flq=0.00
# PAIR t=50.0 p=34 d=1.495 pq=1:1 delta=-0.838 x=0.494 ratio=0.9648 dth=-0.906 gg=0.0002 fl=0.000 ret=0.989 shed=0.029 act=0.0020 flq=0.00
# PAIR t=50.0 p=35 d=1.063 pq=1:1 delta=-2.379 x=0.494 ratio=1.2073 dth=+2.453 gg=0.0000 fl=0.015 ret=0.989 shed=0.026 act=0.0784 flq=0.11
# PAIR t=50.0 p=36 d=1.182 pq=1:1 delta=-1.978 x=0.494 ratio=1.0403 dth=-1.803 gg=0.0000 fl=0.000 ret=0.988 shed=0.031 act=0.0003 flq=0.00
# PAIR t=50.0 p=37 d=1.251 pq=1:1 delta=-1.645 x=0.483 ratio=1.2190 dth=+0.790 gg=0.0614 fl=0.004 ret=0.966 shed=0.085 act=0.0253 flq=0.03
# PAIR t=50.0 p=38 d=1.362 pq=1:1 delta=-1.265 x=0.483 ratio=1.1161 dth=-3.008 gg=0.0000 fl=0.000 ret=0.965 shed=0.087 act=0.0000 flq=0.00
# PAIR t=50.0 p=39 d=1.105 pq=1:1 delta=-2.203 x=0.491 ratio=1.2436 dth=+0.797 gg=0.0036 fl=0.006 ret=0.983 shed=0.043 act=0.0335 flq=0.04
# PAIR t=50.0 p=40 d=1.550 pq=1:1 delta=-0.627 x=0.491 ratio=1.0051 dth=+1.359 gg=0.0060 fl=0.000 ret=0.982 shed=0.045 act=0.0000 flq=0.00
# PAIR t=50.0 p=41 d=1.381 pq=1:1 delta=-1.164 x=0.474 ratio=1.1098 dth=-1.734 gg=0.0000 fl=0.000 ret=0.949 shed=0.129 act=0.0000 flq=0.00
# PAIR t=50.0 p=42 d=1.280 pq=1:1 delta=-1.552 x=0.480 ratio=1.1388 dth=-0.528 gg=0.0000 fl=0.001 ret=0.959 shed=0.102 act=0.0050 flq=0.01
# PAIR t=50.0 p=43 d=1.112 pq=1:1 delta=-2.191 x=0.494 ratio=1.2259 dth=+1.933 gg=0.0001 fl=0.003 ret=0.988 shed=0.029 act=0.0142 flq=0.02
# PAIR t=50.0 p=44 d=1.100 pq=1:1 delta=-2.230 x=0.484 ratio=1.1492 dth=-0.432 gg=0.0000 fl=0.021 ret=0.968 shed=0.080 act=0.1166 flq=0.16
# PAIR t=50.0 p=45 d=1.351 pq=1:1 delta=-1.349 x=0.494 ratio=1.1133 dth=-0.683 gg=0.0000 fl=0.007 ret=0.987 shed=0.032 act=0.0480 flq=0.05
# PAIR t=50.0 p=46 d=1.425 pq=1:1 delta=-1.008 x=0.476 ratio=1.1234 dth=-2.474 gg=0.0000 fl=0.000 ret=0.953 shed=0.118 act=0.0000 flq=0.00
# PAIR t=50.0 p=47 d=1.531 pq=1:1 delta=-0.696 x=0.492 ratio=0.9474 dth=+2.897 gg=0.0000 fl=0.000 ret=0.985 shed=0.038 act=0.0000 flq=0.00
# PAIR t=50.0 p=48 d=1.481 pq=1:1 delta=-0.754 x=0.466 ratio=0.8782 dth=+0.509 gg=0.5249 fl=0.008 ret=0.933 shed=0.168 act=0.0623 flq=0.06
# PAIR t=50.0 p=49 d=1.220 pq=1:1 delta=-1.810 x=0.487 ratio=1.0742 dth=-1.375 gg=0.0000 fl=0.000 ret=0.974 shed=0.066 act=0.0019 flq=0.00
# PAIR t=50.0 p=50 d=1.357 pq=1:1 delta=-1.276 x=0.480 ratio=1.1075 dth=-1.429 gg=0.0000 fl=0.000 ret=0.960 shed=0.101 act=0.0001 flq=0.00
# PAIR t=50.0 p=51 d=1.037 pq=1:1 delta=-2.499 x=0.490 ratio=1.0268 dth=+3.041 gg=0.0000 fl=0.084 ret=0.984 shed=0.041 act=0.4334 flq=0.63
# PAIR t=50.0 p=52 d=1.091 pq=1:1 delta=-2.303 x=0.494 ratio=1.1007 dth=+2.804 gg=0.0000 fl=0.011 ret=0.989 shed=0.028 act=0.0622 flq=0.09
# PAIR t=50.0 p=53 d=1.051 pq=1:1 delta=-1.994 x=0.362 ratio=0.8195 dth=+1.814 gg=0.0004 fl=0.007 ret=0.725 shed=0.687 act=0.0349 flq=0.04
# PAIR t=50.0 p=54 d=1.087 pq=1:1 delta=-2.289 x=0.493 ratio=1.2010 dth=+2.428 gg=0.0000 fl=0.019 ret=0.987 shed=0.033 act=0.1007 flq=0.14
# PAIR t=50.0 p=55 d=1.359 pq=1:1 delta=-1.293 x=0.486 ratio=1.0942 dth=-2.567 gg=0.0000 fl=0.000 ret=0.971 shed=0.071 act=0.0000 flq=0.00
# PAIR t=50.0 p=56 d=1.330 pq=1:1 delta=-1.432 x=0.493 ratio=1.0569 dth=+2.969 gg=0.0000 fl=0.000 ret=0.986 shed=0.035 act=0.0000 flq=0.00
# PAIR t=50.0 p=57 d=1.210 pq=1:1 delta=-1.829 x=0.492 ratio=1.2169 dth=+0.294 gg=0.0044 fl=0.002 ret=0.984 shed=0.041 act=0.0136 flq=0.02
# PAIR t=50.0 p=58 d=1.281 pq=1:1 delta=-1.626 x=0.497 ratio=1.0436 dth=-2.661 gg=0.0000 fl=0.000 ret=0.994 shed=0.016 act=0.0000 flq=0.00
# PAIR t=50.0 p=59 d=1.546 pq=1:1 delta=-0.650 x=0.494 ratio=0.9936 dth=-0.293 gg=0.1324 fl=0.000 ret=0.987 shed=0.032 act=0.0000 flq=0.00
60.000	18650.7384	143.654027	2.02411792	4.01823699	18800.4347826	-1.355e-15	111150	14.484	15.884	15.491	0.034	18.9213	0.8477	2.6428	0.8493	0.9981	1.64982	1.64587	22.0269	15.9422	6.6746	0.057807	0.071811	0.034862	-0.44144	-0.031013	0.32005
# CONV t=60.00 cond=0 evap=0 rough=2.32774 back_s=0.303618
# LEDGER t=60.000 mode=3 sum_err=0 max|E-iEu|=5.000e-13 run_max_diff=1.500e-12 run_max_sum_err=0 steps=3000 E0_int=18800434782608680 sum=18800434782608680
# PAIR t=60.0 p=0 d=1.281 pq=1:1 delta=-1.576 x=0.488 ratio=1.1508 dth=+1.813 gg=0.0004 fl=0.009 ret=0.976 shed=0.059 act=0.0550 flq=0.06
# PAIR t=60.0 p=1 d=1.229 pq=1:1 delta=-1.801 x=0.493 ratio=1.0424 dth=-1.413 gg=0.0000 fl=0.001 ret=0.986 shed=0.036 act=0.0041 flq=0.01
# PAIR t=60.0 p=2 d=1.286 pq=1:1 delta=-1.555 x=0.492 ratio=1.1919 dth=+0.584 gg=0.0700 fl=0.004 ret=0.983 shed=0.041 act=0.0266 flq=0.03
# PAIR t=60.0 p=3 d=1.478 pq=1:1 delta=-0.859 x=0.485 ratio=1.0663 dth=+1.174 gg=0.0438 fl=0.000 ret=0.970 shed=0.075 act=0.0000 flq=0.00
# PAIR t=60.0 p=4 d=1.467 pq=1:1 delta=-0.923 x=0.491 ratio=1.0779 dth=+1.961 gg=0.0000 fl=0.000 ret=0.983 shed=0.043 act=0.0000 flq=0.00
# PAIR t=60.0 p=5 d=1.467 pq=1:1 delta=-0.902 x=0.486 ratio=1.0766 dth=-2.812 gg=0.0000 fl=0.000 ret=0.971 shed=0.072 act=0.0000 flq=0.00
# PAIR t=60.0 p=6 d=1.025 pq=1:1 delta=-2.497 x=0.491 ratio=0.8027 dth=+0.256 gg=0.0000 fl=0.011 ret=0.982 shed=0.044 act=0.0563 flq=0.08
# PAIR t=60.0 p=7 d=1.421 pq=1:1 delta=-1.086 x=0.489 ratio=1.0608 dth=+2.524 gg=0.0000 fl=0.000 ret=0.978 shed=0.056 act=0.0007 flq=0.00
# PAIR t=60.0 p=8 d=1.311 pq=1:1 delta=-1.467 x=0.482 ratio=1.0187 dth=+2.227 gg=0.0000 fl=0.011 ret=0.965 shed=0.088 act=0.0701 flq=0.08
# PAIR t=60.0 p=9 d=1.343 pq=1:1 delta=-1.335 x=0.486 ratio=1.1731 dth=+0.788 gg=0.1525 fl=0.004 ret=0.973 shed=0.067 act=0.0277 flq=0.03
# PAIR t=60.0 p=10 d=1.078 pq=1:1 delta=-2.297 x=0.491 ratio=0.8000 dth=+1.086 gg=0.0036 fl=0.001 ret=0.981 shed=0.047 act=0.0042 flq=0.01
# PAIR t=60.0 p=11 d=1.239 pq=1:1 delta=-1.735 x=0.491 ratio=1.1625 dth=+1.833 gg=0.0003 fl=0.000 ret=0.982 shed=0.045 act=0.0025 flq=0.00
# PAIR t=60.0 p=12 d=1.334 pq=1:1 delta=-1.353 x=0.482 ratio=1.1671 dth=+0.207 gg=0.0568 fl=0.005 ret=0.964 shed=0.089 act=0.0361 flq=0.04
# PAIR t=60.0 p=13 d=1.103 pq=1:1 delta=-2.200 x=0.488 ratio=0.8008 dth=+0.563 gg=0.0012 fl=0.003 ret=0.975 shed=0.061 act=0.0145 flq=0.02
# PAIR t=60.0 p=14 d=1.539 pq=1:1 delta=-0.648 x=0.488 ratio=1.0347 dth=-2.964 gg=0.0000 fl=0.008 ret=0.975 shed=0.063 act=0.0607 flq=0.06
# PAIR t=60.0 p=15 d=1.036 pq=1:1 delta=-1.997 x=0.351 ratio=1.2606 dth=+0.766 gg=0.0117 fl=0.004 ret=0.702 shed=0.746 act=0.0199 flq=0.03
# PAIR t=60.0 p=16 d=1.486 pq=1:1 delta=-0.739 x=0.466 ratio=1.1133 dth=-0.999 gg=0.0001 fl=0.000 ret=0.933 shed=0.168 act=0.0001 flq=0.00
# PAIR t=60.0 p=17 d=1.264 pq=1:1 delta=-1.651 x=0.489 ratio=1.1125 dth=+2.149 gg=0.0000 fl=0.004 ret=0.979 shed=0.053 act=0.0252 flq=0.03
# PAIR t=60.0 p=18 d=1.110 pq=1:1 delta=-2.205 x=0.491 ratio=0.8448 dth=+2.267 gg=0.0000 fl=0.008 ret=0.983 shed=0.043 act=0.0431 flq=0.06
# PAIR t=60.0 p=19 d=1.281 pq=1:1 delta=-1.562 x=0.482 ratio=0.8864 dth=+1.924 gg=0.0001 fl=0.022 ret=0.965 shed=0.088 act=0.1377 flq=0.16
# PAIR t=60.0 p=20 d=1.454 pq=1:1 delta=-0.994 x=0.496 ratio=1.0471 dth=-0.512 gg=0.0038 fl=0.000 ret=0.992 shed=0.020 act=0.0002 flq=0.00
# PAIR t=60.0 p=21 d=1.535 pq=1:1 delta=-0.682 x=0.492 ratio=1.0349 dth=-2.495 gg=0.0000 fl=0.001 ret=0.983 shed=0.041 act=0.0076 flq=0.01
# PAIR t=60.0 p=22 d=1.040 pq=1:1 delta=-2.049 x=0.356 ratio=1.1144 dth=-0.327 gg=0.0000 fl=0.015 ret=0.713 shed=0.718 act=0.0771 flq=0.10
# PAIR t=60.0 p=23 d=1.470 pq=1:1 delta=-0.909 x=0.490 ratio=0.9290 dth=+1.240 gg=0.0297 fl=0.000 ret=0.980 shed=0.050 act=0.0000 flq=0.00
# PAIR t=60.0 p=24 d=1.296 pq=1:1 delta=-1.455 x=0.466 ratio=1.0709 dth=+3.041 gg=0.0000 fl=0.000 ret=0.928 shed=0.181 act=0.0011 flq=0.00
# PAIR t=60.0 p=25 d=1.374 pq=1:1 delta=-1.246 x=0.487 ratio=1.0620 dth=-2.316 gg=0.0000 fl=0.000 ret=0.973 shed=0.067 act=0.0000 flq=0.00
# PAIR t=60.0 p=26 d=1.327 pq=1:1 delta=-1.407 x=0.481 ratio=1.0144 dth=+2.293 gg=0.0000 fl=0.028 ret=0.963 shed=0.091 act=0.1846 flq=0.21
# PAIR t=60.0 p=27 d=1.216 pq=1:1 delta=-1.830 x=0.492 ratio=1.1428 dth=+2.186 gg=0.0000 fl=0.001 ret=0.985 shed=0.038 act=0.0035 flq=0.00
# PAIR t=60.0 p=28 d=1.519 pq=1:1 delta=-0.755 x=0.494 ratio=1.0072 dth=+1.762 gg=0.0001 fl=0.000 ret=0.989 shed=0.029 act=0.0034 flq=0.00
# PAIR t=60.0 p=29 d=1.433 pq=1:1 delta=-0.967 x=0.473 ratio=1.1132 dth=-0.925 gg=0.0000 fl=0.000 ret=0.947 shed=0.133 act=0.0000 flq=0.00
# PAIR t=60.0 p=30 d=1.380 pq=1:1 delta=-1.239 x=0.490 ratio=1.0735 dth=-2.020 gg=0.0000 fl=0.000 ret=0.981 shed=0.048 act=0.0000 flq=0.00
# PAIR t=60.0 p=31 d=1.343 pq=1:1 delta=-1.294 x=0.475 ratio=1.1621 dth=+1.189 gg=0.0481 fl=0.008 ret=0.951 shed=0.123 act=0.0523 flq=0.06
# PAIR t=60.0 p=32 d=1.081 pq=1:1 delta=-2.139 x=0.426 ratio=0.9914 dth=-0.552 gg=0.0000 fl=0.011 ret=0.855 shed=0.363 act=0.0568 flq=0.07
# PAIR t=60.0 p=33 d=1.363 pq=1:1 delta=-1.245 x=0.478 ratio=1.1103 dth=-2.617 gg=0.0000 fl=0.000 ret=0.956 shed=0.110 act=0.0000 flq=0.00
# PAIR t=60.0 p=34 d=1.495 pq=1:1 delta=-0.834 x=0.493 ratio=0.9647 dth=-1.563 gg=0.0000 fl=0.000 ret=0.987 shed=0.034 act=0.0020 flq=0.00
# PAIR t=60.0 p=35 d=1.063 pq=1:1 delta=-2.363 x=0.494 ratio=0.8003 dth=+0.484 gg=0.0001 fl=0.002 ret=0.988 shed=0.031 act=0.0112 flq=0.02
# PAIR t=60.0 p=36 d=1.182 pq=1:1 delta=-1.969 x=0.493 ratio=1.0866 dth=-0.869 gg=0.0000 fl=0.002 ret=0.986 shed=0.036 act=0.0120 flq=0.02
# PAIR t=60.0 p=37 d=1.251 pq=1:1 delta=-1.672 x=0.480 ratio=0.9247 dth=+2.371 gg=0.0000 fl=0.005 ret=0.960 shed=0.101 act=0.0303 flq=0.04
# PAIR t=60.0 p=38 d=1.362 pq=1:1 delta=-1.250 x=0.479 ratio=1.1212 dth=-0.951 gg=0.0000 fl=0.000 ret=0.958 shed=0.106 act=0.0010 flq=0.00
# PAIR t=60.0 p=39 d=1.105 pq=1:1 delta=-2.199 x=0.490 ratio=0.8060 dth=+1.790 gg=0.0004 fl=0.005 ret=0.980 shed=0.050 act=0.0286 flq=0.04
# PAIR t=60.0 p=40 d=1.550 pq=1:1 delta=-0.619 x=0.489 ratio=1.0047 dth=+1.441 gg=0.0026 fl=0.000 ret=0.979 shed=0.053 act=0.0000 flq=0.00
# PAIR t=60.0 p=41 d=1.381 pq=1:1 delta=-1.141 x=0.472 ratio=1.1613 dth=+0.403 gg=0.2366 fl=0.004 ret=0.944 shed=0.139 act=0.0271 flq=0.03
# PAIR t=60.0 p=42 d=1.280 pq=1:1 delta=-1.562 x=0.479 ratio=1.0771 dth=+2.297 gg=0.0000 fl=0.001 ret=0.957 shed=0.106 act=0.0047 flq=0.01
# PAIR t=60.0 p=43 d=1.112 pq=1:1 delta=-2.176 x=0.492 ratio=0.8007 dth=+0.911 gg=0.0057 fl=0.001 ret=0.984 shed=0.040 act=0.0080 flq=0.01
# PAIR t=60.0 p=44 d=1.100 pq=1:1 delta=-2.239 x=0.480 ratio=1.0243 dth=+2.877 gg=0.0000 fl=0.023 ret=0.962 shed=0.095 act=0.1245 flq=0.17
# PAIR t=60.0 p=45 d=1.351 pq=1:1 delta=-1.352 x=0.492 ratio=1.0749 dth=+2.000 gg=0.0000 fl=0.004 ret=0.984 shed=0.039 act=0.0261 flq=0.03
# PAIR t=60.0 p=46 d=1.425 pq=1:1 delta=-1.004 x=0.475 ratio=1.1239 dth=-0.320 gg=0.0182 fl=0.000 ret=0.951 shed=0.123 act=0.0000 flq=0.00
# PAIR t=60.0 p=47 d=1.531 pq=1:1 delta=-0.690 x=0.491 ratio=0.9468 dth=+1.906 gg=0.0000 fl=0.000 ret=0.982 shed=0.046 act=0.0000 flq=0.00
# PAIR t=60.0 p=48 d=1.481 pq=1:1 delta=-0.756 x=0.464 ratio=0.9177 dth=-1.418 gg=0.0000 fl=0.000 ret=0.928 shed=0.181 act=0.0017 flq=0.00
# PAIR t=60.0 p=49 d=1.220 pq=1:1 delta=-1.768 x=0.485 ratio=1.2139 dth=+0.792 gg=0.0378 fl=0.003 ret=0.970 shed=0.074 act=0.0160 flq=0.02
# PAIR t=60.0 p=50 d=1.357 pq=1:1 delta=-1.249 x=0.477 ratio=1.1697 dth=+0.863 gg=0.1589 fl=0.002 ret=0.955 shed=0.112 act=0.0112 flq=0.01
# PAIR t=60.0 p=51 d=1.037 pq=1:1 delta=-2.487 x=0.489 ratio=0.9164 dth=-0.470 gg=0.0000 fl=0.012 ret=0.980 shed=0.050 act=0.0631 flq=0.09
# PAIR t=60.0 p=52 d=1.091 pq=1:1 delta=-2.288 x=0.493 ratio=0.8627 dth=-0.381 gg=0.0000 fl=0.007 ret=0.987 shed=0.034 act=0.0370 flq=0.05
# PAIR t=60.0 p=53 d=1.051 pq=1:1 delta=-1.968 x=0.362 ratio=1.2826 dth=+0.907 gg=0.0171 fl=0.004 ret=0.724 shed=0.691 act=0.0219 flq=0.03
# PAIR t=60.0 p=54 d=1.087 pq=1:1 delta=-2.271 x=0.493 ratio=0.8027 dth=+0.426 gg=0.0002 fl=0.004 ret=0.985 shed=0.037 act=0.0225 flq=0.03
# PAIR t=60.0 p=55 d=1.359 pq=1:1 delta=-1.262 x=0.478 ratio=1.1089 dth=-0.870 gg=0.0000 fl=0.002 ret=0.957 shed=0.108 act=0.0105 flq=0.01
# PAIR t=60.0 p=56 d=1.330 pq=1:1 delta=-1.428 x=0.492 ratio=1.0562 dth=-2.315 gg=0.0000 fl=0.000 ret=0.984 shed=0.041 act=0.0000 flq=0.00
# PAIR t=60.0 p=57 d=1.210 pq=1:1 delta=-1.853 x=0.490 ratio=0.8933 dth=+2.295 gg=0.0000 fl=0.020 ret=0.981 shed=0.048 act=0.1210 flq=0.15
# PAIR t=60.0 p=58 d=1.281 pq=1:1 delta=-1.624 x=0.496 ratio=1.0436 dth=-1.886 gg=0.0000 fl=0.000 ret=0.992 shed=0.019 act=0.0000 flq=0.00
# PAIR t=60.0 p=59 d=1.546 pq=1:1 delta=-0.645 x=0.492 ratio=0.9925 dth=-0.421 gg=0.0642 fl=0.000 ret=0.985 shed=0.038 act=0.0000 flq=0.00
70.000	18650.7384	142.969527	2.02411792	4.70273723	18800.4347826	-1.161e-15	111155	14.491	15.883	15.489	0.034	18.9213	0.8477	3.5445	0.8493	0.9981	1.64979	1.64583	21.8132	15.8592	6.9121	-0.019332	-0.11636	-0.09235	0.041735	0.0069923	0.10202
# CONV t=70.00 cond=0 evap=0 rough=2.32774 back_s=0.303618
# LEDGER t=70.000 mode=3 sum_err=0 max|E-iEu|=5.000e-13 run_max_diff=1.500e-12 run_max_sum_err=0 steps=3500 E0_int=18800434782608680 sum=18800434782608680
# PAIR t=70.0 p=0 d=1.281 pq=1:1 delta=-1.576 x=0.487 ratio=0.8783 dth=+1.864 gg=0.0002 fl=0.001 ret=0.974 shed=0.065 act=0.0081 flq=0.01
# PAIR t=70.0 p=1 d=1.229 pq=1:1 delta=-1.765 x=0.491 ratio=1.1876 dth=+0.174 gg=0.0031 fl=0.008 ret=0.983 shed=0.043 act=0.0511 flq=0.06
# PAIR t=70.0 p=2 d=1.286 pq=1:1 delta=-1.585 x=0.490 ratio=1.0098 dth=+2.513 gg=0.0000 fl=0.017 ret=0.980 shed=0.050 act=0.1115 flq=0.13
# PAIR t=70.0 p=3 d=1.478 pq=1:1 delta=-0.853 x=0.484 ratio=1.0670 dth=+2.352 gg=0.0000 fl=0.000 ret=0.967 shed=0.082 act=0.0000 flq=0.00
# PAIR t=70.0 p=4 d=1.467 pq=1:1 delta=-0.916 x=0.490 ratio=1.0783 dth=-2.952 gg=0.0000 fl=0.000 ret=0.979 shed=0.052 act=0.0000 flq=0.00
# PAIR t=70.0 p=5 d=1.467 pq=1:1 delta=-0.898 x=0.485 ratio=1.0769 dth=-1.457 gg=0.0000 fl=0.000 ret=0.970 shed=0.076 act=0.0004 flq=0.00
# PAIR t=70.0 p=6 d=1.025 pq=1:1 delta=-2.487 x=0.490 ratio=1.2630 dth=+1.504 gg=0.0009 fl=0.000 ret=0.980 shed=0.051 act=0.0025 flq=0.00
# PAIR t=70.0 p=7 d=1.421 pq=1:1 delta=-1.076 x=0.486 ratio=1.0621 dth=-2.679 gg=0.0000 fl=0.000 ret=0.973 shed=0.068 act=0.0000 flq=0.00
# PAIR t=70.0 p=8 d=1.311 pq=1:1 delta=-1.444 x=0.481 ratio=0.8813 dth=-0.282 gg=0.0009 fl=0.002 ret=0.962 shed=0.094 act=0.0100 flq=0.01
# PAIR t=70.0 p=9 d=1.343 pq=1:1 delta=-1.355 x=0.484 ratio=1.0268 dth=+2.429 gg=0.0000 fl=0.004 ret=0.967 shed=0.081 act=0.0262 flq=0.03
# PAIR t=70.0 p=10 d=1.078 pq=1:1 delta=-2.298 x=0.490 ratio=1.2408 dth=+0.757 gg=0.0015 fl=0.005 ret=0.979 shed=0.051 act=0.0284 flq=0.04
# PAIR t=70.0 p=11 d=1.239 pq=1:1 delta=-1.716 x=0.488 ratio=0.8403 dth=+1.536 gg=0.0048 fl=0.001 ret=0.976 shed=0.060 act=0.0062 flq=0.01
# PAIR t=70.0 p=12 d=1.334 pq=1:1 delta=-1.376 x=0.481 ratio=1.0304 dth=+2.300 gg=0.0000 fl=0.003 ret=0.962 shed=0.095 act=0.0177 flq=0.02
# PAIR t=70.0 p=13 d=1.103 pq=1:1 delta=-2.191 x=0.487 ratio=1.2617 dth=+1.207 gg=0.0059 fl=0.001 ret=0.973 shed=0.067 act=0.0049 flq=0.01
# PAIR t=70.0 p=14 d=1.539 pq=1:1 delta=-0.639 x=0.485 ratio=1.0355 dth=-2.340 gg=0.0000 fl=0.008 ret=0.970 shed=0.074 act=0.0607 flq=0.06
# PAIR t=70.0 p=15 d=1.036 pq=1:1 delta=-1.982 x=0.348 ratio=0.7857 dth=+1.152 gg=0.0145 fl=0.000 ret=0.696 shed=0.759 act=0.0011 flq=0.00
# PAIR t=70.0 p=16 d=1.486 pq=1:1 delta=-0.731 x=0.464 ratio=1.1135 dth=+0.999 gg=0.1074 fl=0.000 ret=0.929 shed=0.179 act=0.0001 flq=0.00
# PAIR t=70.0 p=17 d=1.264 pq=1:1 delta=-1.623 x=0.488 ratio=0.8383 dth=+1.071 gg=0.0483 fl=0.009 ret=0.976 shed=0.060 act=0.0567 flq=0.07
# PAIR t=70.0 p=18 d=1.110 pq=1:1 delta=-2.227 x=0.489 ratio=1.0421 dth=-0.555 gg=0.0000 fl=0.052 ret=0.979 shed=0.051 act=0.2912 flq=0.39
# PAIR t=70.0 p=19 d=1.281 pq=1:1 delta=-1.573 x=0.480 ratio=0.9725 dth=-0.712 gg=0.0000 fl=0.043 ret=0.962 shed=0.096 act=0.2769 flq=0.32
# PAIR t=70.0 p=20 d=1.454 pq=1:1 delta=-0.992 x=0.495 ratio=1.0468 dth=+0.320 gg=0.3245 fl=0.000 ret=0.991 shed=0.023 act=0.0002 flq=0.00
# PAIR t=70.0 p=21 d=1.535 pq=1:1 delta=-0.676 x=0.490 ratio=1.0344 dth=-1.875 gg=0.0000 fl=0.001 ret=0.980 shed=0.049 act=0.0076 flq=0.01
# PAIR t=70.0 p=22 d=1.040 pq=1:1 delta=-1.996 x=0.355 ratio=0.7908 dth=+1.875 gg=0.0002 fl=0.002 ret=0.710 shed=0.726 act=0.0080 flq=0.01
# PAIR t=70.0 p=23 d=1.470 pq=1:1 delta=-0.901 x=0.488 ratio=0.9292 dth=-0.110 gg=0.1150 fl=0.000 ret=0.976 shed=0.059 act=0.0000 flq=0.00
# PAIR t=70.0 p=24 d=1.296 pq=1:1 delta=-1.429 x=0.459 ratio=1.0794 dth=-1.878 gg=0.0000 fl=0.000 ret=0.918 shed=0.205 act=0.0000 flq=0.00
# PAIR t=70.0 p=25 d=1.374 pq=1:1 delta=-1.242 x=0.486 ratio=1.0635 dth=-1.209 gg=0.0000 fl=0.001 ret=0.971 shed=0.072 act=0.0048 flq=0.01
# PAIR t=70.0 p=26 d=1.327 pq=1:1 delta=-1.374 x=0.480 ratio=0.8597 dth=-0.111 gg=0.0073 fl=0.012 ret=0.960 shed=0.099 act=0.0817 flq=0.09
# PAIR t=70.0 p=27 d=1.216 pq=1:1 delta=-1.793 x=0.489 ratio=0.8160 dth=+0.365 gg=0.0086 fl=0.008 ret=0.979 shed=0.053 act=0.0514 flq=0.06
# PAIR t=70.0 p=28 d=1.519 pq=1:1 delta=-0.750 x=0.493 ratio=1.0076 dth=+1.892 gg=0.0000 fl=0.000 ret=0.986 shed=0.034 act=0.0034 flq=0.00
# PAIR t=70.0 p=29 d=1.433 pq=1:1 delta=-0.962 x=0.472 ratio=1.1119 dth=+1.050 gg=0.0973 fl=0.000 ret=0.944 shed=0.140 act=0.0000 flq=0.00
# PAIR t=70.0 p=30 d=1.380 pq=1:1 delta=-1.233 x=0.489 ratio=1.0881 dth=-0.683 gg=0.0001 fl=0.001 ret=0.979 shed=0.053 act=0.0067 flq=0.01
# PAIR t=70.0 p=31 d=1.343 pq=1:1 delta=-1.292 x=0.470 ratio=1.0863 dth=+2.967 gg=0.0000 fl=0.000 ret=0.939 shed=0.152 act=0.0005 flq=0.00
# PAIR t=70.0 p=32 d=1.081 pq=1:1 delta=-2.128 x=0.426 ratio=1.0878 dth=+2.891 gg=0.0000 fl=0.005 ret=0.853 shed=0.369 act=0.0276 flq=0.04
# PAIR t=70.0 p=33 d=1.363 pq=1:1 delta=-1.234 x=0.476 ratio=1.1153 dth=-0.665 gg=0.0001 fl=0.000 ret=0.951 shed=0.122 act=0.0023 flq=0.00
# PAIR t=70.0 p=34 d=1.495 pq=1:1 delta=-0.829 x=0.492 ratio=0.9641 dth=-2.224 gg=0.0000 fl=0.000 ret=0.984 shed=0.039 act=0.0020 flq=0.00
# PAIR t=70.0 p=35 d=1.063 pq=1:1 delta=-2.356 x=0.493 ratio=1.2602 dth=+1.106 gg=0.0027 fl=0.001 ret=0.985 shed=0.036 act=0.0043 flq=0.01
# PAIR t=70.0 p=36 d=1.182 pq=1:1 delta=-1.943 x=0.491 ratio=1.1715 dth=+2.192 gg=0.0000 fl=0.021 ret=0.982 shed=0.045 act=0.1219 flq=0.15
# PAIR t=70.0 p=37 d=1.251 pq=1:1 delta=-1.658 x=0.478 ratio=0.8939 dth=-0.482 gg=0.0000 fl=0.016 ret=0.956 shed=0.110 act=0.0973 flq=0.11
# PAIR t=70.0 p=38 d=1.362 pq=1:1 delta=-1.242 x=0.478 ratio=1.1318 dth=+1.360 gg=0.0174 fl=0.004 ret=0.955 shed=0.112 act=0.0300 flq=0.03
# PAIR t=70.0 p=39 d=1.105 pq=1:1 delta=-2.215 x=0.486 ratio=1.1519 dth=-0.340 gg=0.0000 fl=0.015 ret=0.973 shed=0.068 act=0.0818 flq=0.11
# PAIR t=70.0 p=40 d=1.550 pq=1:1 delta=-0.612 x=0.488 ratio=1.0041 dth=+1.520 gg=0.0011 fl=0.000 ret=0.975 shed=0.062 act=0.0000 flq=0.00
# PAIR t=70.0 p=41 d=1.381 pq=1:1 delta=-1.130 x=0.465 ratio=1.0901 dth=+2.481 gg=0.0000 fl=0.000 ret=0.929 shed=0.179 act=0.0016 flq=0.00
# PAIR t=70.0 p=42 d=1.280 pq=1:1 delta=-1.527 x=0.478 ratio=0.8348 dth=+0.872 gg=0.0868 fl=0.007 ret=0.956 shed=0.111 act=0.0472 flq=0.05
# PAIR t=70.0 p=43 d=1.112 pq=1:1 delta=-2.176 x=0.491 ratio=1.2401 dth=+0.690 gg=0.0028 fl=0.005 ret=0.982 shed=0.045 act=0.0280 flq=0.04
# PAIR t=70.0 p=44 d=1.100 pq=1:1 delta=-2.225 x=0.479 ratio=0.9053 dth=-0.530 gg=0.0000 fl=0.002 ret=0.959 shed=0.103 act=0.0099 flq=0.01
# PAIR t=70.0 p=45 d=1.351 pq=1:1 delta=-1.313 x=0.489 ratio=0.8479 dth=+0.095 gg=0.0412 fl=0.008 ret=0.978 shed=0.054 act=0.0564 flq=0.06
# PAIR t=70.0 p=46 d=1.425 pq=1:1 delta=-0.999 x=0.474 ratio=1.1246 dth=+1.846 gg=0.0001 fl=0.000 ret=0.949 shed=0.128 act=0.0000 flq=0.00
# PAIR t=70.0 p=47 d=1.531 pq=1:1 delta=-0.684 x=0.490 ratio=0.9463 dth=+0.899 gg=0.1711 fl=0.000 ret=0.979 shed=0.052 act=0.0000 flq=0.00
# PAIR t=70.0 p=48 d=1.481 pq=1:1 delta=-0.745 x=0.461 ratio=0.9164 dth=-3.048 gg=0.0000 fl=0.000 ret=0.922 shed=0.194 act=0.0000 flq=0.00
# PAIR t=70.0 p=49 d=1.220 pq=1:1 delta=-1.788 x=0.482 ratio=0.8984 dth=+2.195 gg=0.0000 fl=0.020 ret=0.964 shed=0.089 act=0.1220 flq=0.15
# PAIR t=70.0 p=50 d=1.357 pq=1:1 delta=-1.271 x=0.476 ratio=1.0500 dth=+2.541 gg=0.0000 fl=0.001 ret=0.952 shed=0.120 act=0.0073 flq=0.01
# PAIR t=70.0 p=51 d=1.037 pq=1:1 delta=-2.470 x=0.488 ratio=1.1545 dth=+2.809 gg=0.0000 fl=0.019 ret=0.977 shed=0.058 act=0.0974 flq=0.14
# PAIR t=70.0 p=52 d=1.091 pq=1:1 delta=-2.259 x=0.492 ratio=1.2392 dth=+2.102 gg=0.0000 fl=0.016 ret=0.984 shed=0.040 act=0.0851 flq=0.12
# PAIR t=70.0 p=53 d=1.051 pq=1:1 delta=-2.011 x=0.361 ratio=1.1494 dth=-1.881 gg=0.0000 fl=0.000 ret=0.722 shed=0.694 act=0.0000 flq=0.00
# PAIR t=70.0 p=54 d=1.087 pq=1:1 delta=-2.264 x=0.492 ratio=1.2592 dth=+1.132 gg=0.0044 fl=0.000 ret=0.984 shed=0.041 act=0.0027 flq=0.00
# PAIR t=70.0 p=55 d=1.359 pq=1:1 delta=-1.252 x=0.477 ratio=1.1279 dth=+1.527 gg=0.0047 fl=0.007 ret=0.954 shed=0.114 act=0.0452 flq=0.05
# PAIR t=70.0 p=56 d=1.330 pq=1:1 delta=-1.424 x=0.491 ratio=1.0573 dth=-1.314 gg=0.0000 fl=0.000 ret=0.982 shed=0.046 act=0.0020 flq=0.00
# PAIR t=70.0 p=57 d=1.210 pq=1:1 delta=-1.859 x=0.488 ratio=0.9522 dth=-0.626 gg=0.0000 fl=0.034 ret=0.978 shed=0.055 act=0.2058 flq=0.25
# PAIR t=70.0 p=58 d=1.281 pq=1:1 delta=-1.619 x=0.495 ratio=1.0593 dth=-1.036 gg=0.0000 fl=0.001 ret=0.991 shed=0.023 act=0.0067 flq=0.01
# PAIR t=70.0 p=59 d=1.546 pq=1:1 delta=-0.641 x=0.491 ratio=0.9915 dth=-0.567 gg=0.0232 fl=0.000 ret=0.983 shed=0.043 act=0.0000 flq=0.00
80.000	18650.7384	142.439628	2.02411792	5.2326363	18800.4347826	-4.257e-15	111157	14.519	15.894	15.484	0.034	18.9213	0.8477	3.6572	0.8493	0.9981	1.64973	1.64584	21.7704	15.9262	6.9543	-0.00073866	-0.021565	0.10544	-0.0018998	0.08454	-0.040189
# CONV t=80.00 cond=0 evap=0 rough=2.32774 back_s=0.303618
# LEDGER t=80.000 mode=3 sum_err=0 max|E-iEu|=4.999e-13 run_max_diff=1.500e-12 run_max_sum_err=0 steps=4000 E0_int=18800434782608680 sum=18800434782608680
# PAIR t=80.0 p=0 d=1.281 pq=1:1 delta=-1.590 x=0.486 ratio=0.9495 dth=-0.699 gg=0.0000 fl=0.012 ret=0.972 shed=0.069 act=0.0774 flq=0.09
# PAIR t=80.0 p=1 d=1.229 pq=1:1 delta=-1.785 x=0.490 ratio=0.9124 dth=+2.353 gg=0.0000 fl=0.005 ret=0.981 shed=0.048 act=0.0316 flq=0.04
# PAIR t=80.0 p=2 d=1.286 pq=1:1 delta=-1.547 x=0.492 ratio=0.8413 dth=+0.475 gg=0.0564 fl=0.001 ret=0.979 shed=0.054 act=0.0041 flq=0.00
# PAIR t=80.0 p=3 d=1.478 pq=1:1 delta=-0.848 x=0.482 ratio=1.0674 dth=-2.740 gg=0.0000 fl=0.000 ret=0.965 shed=0.088 act=0.0000 flq=0.00
# PAIR t=80.0 p=4 d=1.467 pq=1:1 delta=-0.910 x=0.488 ratio=1.0784 dth=-1.574 gg=0.0000 fl=0.000 ret=0.976 shed=0.059 act=0.0000 flq=0.00
# PAIR t=80.0 p=5 d=1.467 pq=1:1 delta=-0.887 x=0.484 ratio=1.1139 dth=+0.086 gg=0.2638 fl=0.006 ret=0.968 shed=0.080 act=0.0419 flq=0.04
# PAIR t=80.0 p=6 d=1.025 pq=1:1 delta=-2.484 x=0.488 ratio=0.7934 dth=+1.604 gg=0.0006 fl=0.004 ret=0.977 shed=0.059 act=0.0185 flq=0.03
# PAIR t=80.0 p=7 d=1.421 pq=1:1 delta=-1.068 x=0.485 ratio=1.0627 dth=-1.576 gg=0.0000 fl=0.000 ret=0.969 shed=0.078 act=0.0001 flq=0.00
# PAIR t=80.0 p=8 d=1.311 pq=1:1 delta=-1.421 x=0.480 ratio=1.1944 dth=+1.177 gg=0.0465 fl=0.007 ret=0.960 shed=0.100 act=0.0436 flq=0.05
# PAIR t=80.0 p=9 d=1.343 pq=1:1 delta=-1.340 x=0.483 ratio=0.9097 dth=+1.780 gg=0.0004 fl=0.012 ret=0.965 shed=0.087 act=0.0825 flq=0.09
# PAIR t=80.0 p=10 d=1.078 pq=1:1 delta=-2.301 x=0.487 ratio=0.8297 dth=+2.172 gg=0.0000 fl=0.008 ret=0.974 shed=0.065 act=0.0434 flq=0.06
# PAIR t=80.0 p=11 d=1.239 pq=1:1 delta=-1.734 x=0.486 ratio=1.1056 dth=-0.440 gg=0.0000 fl=0.016 ret=0.973 shed=0.068 act=0.1005 flq=0.12
# PAIR t=80.0 p=12 d=1.334 pq=1:1 delta=-1.340 x=0.478 ratio=0.8619 dth=+1.052 gg=0.0830 fl=0.007 ret=0.956 shed=0.109 act=0.0441 flq=0.05
# PAIR t=80.0 p=13 d=1.103 pq=1:1 delta=-2.191 x=0.484 ratio=0.8035 dth=+1.708 gg=0.0008 fl=0.003 ret=0.969 shed=0.078 act=0.0192 flq=0.03
# PAIR t=80.0 p=14 d=1.539 pq=1:1 delta=-0.631 x=0.483 ratio=1.0363 dth=-1.696 gg=0.0000 fl=0.008 ret=0.967 shed=0.083 act=0.0607 flq=0.06
# PAIR t=80.0 p=15 d=1.036 pq=1:1 delta=-2.007 x=0.345 ratio=1.1755 dth=-0.240 gg=0.0000 fl=0.020 ret=0.691 shed=0.772 act=0.1013 flq=0.13
# PAIR t=80.0 p=16 d=1.486 pq=1:1 delta=-0.722 x=0.462 ratio=1.1127 dth=+2.997 gg=0.0000 fl=0.000 ret=0.925 shed=0.189 act=0.0001 flq=0.00
# PAIR t=80.0 p=17 d=1.264 pq=1:1 delta=-1.635 x=0.485 ratio=1.1176 dth=-0.346 gg=0.0001 fl=0.020 ret=0.970 shed=0.074 act=0.1259 flq=0.15
# PAIR t=80.0 p=18 d=1.110 pq=1:1 delta=-2.211 x=0.488 ratio=1.1305 dth=+2.676 gg=0.0000 fl=0.024 ret=0.977 shed=0.056 act=0.1358 flq=0.18
# PAIR t=80.0 p=19 d=1.281 pq=1:1 delta=-1.553 x=0.479 ratio=1.1227 dth=+1.989 gg=0.0000 fl=0.011 ret=0.959 shed=0.103 act=0.0701 flq=0.08
# PAIR t=80.0 p=20 d=1.454 pq=1:1 delta=-0.989 x=0.495 ratio=1.0467 dth=+1.151 gg=0.0572 fl=0.000 ret=0.989 shed=0.026 act=0.0002 flq=0.00
# PAIR t=80.0 p=21 d=1.535 pq=1:1 delta=-0.670 x=0.489 ratio=1.0340 dth=-1.264 gg=0.0000 fl=0.001 ret=0.977 shed=0.057 act=0.0076 flq=0.01
# PAIR t=80.0 p=22 d=1.040 pq=1:1 delta=-2.021 x=0.353 ratio=0.8485 dth=-2.199 gg=0.0000 fl=0.000 ret=0.707 shed=0.733 act=0.0000 flq=0.00
# PAIR t=80.0 p=23 d=1.470 pq=1:1 delta=-0.892 x=0.486 ratio=0.9283 dth=-1.470 gg=0.0000 fl=0.000 ret=0.972 shed=0.071 act=0.0000 flq=0.00
# PAIR t=80.0 p=24 d=1.296 pq=1:1 delta=-1.398 x=0.457 ratio=1.1710 dth=-0.148 gg=0.0045 fl=0.003 ret=0.914 shed=0.215 act=0.0170 flq=0.02
# PAIR t=80.0 p=25 d=1.374 pq=1:1 delta=-1.212 x=0.483 ratio=1.1485 dth=+0.477 gg=0.2090 fl=0.008 ret=0.966 shed=0.085 act=0.0575 flq=0.06
# PAIR t=80.0 p=26 d=1.327 pq=1:1 delta=-1.356 x=0.478 ratio=1.1944 dth=+0.619 gg=0.1509 fl=0.012 ret=0.956 shed=0.109 act=0.0764 flq=0.08
# PAIR t=80.0 p=27 d=1.216 pq=1:1 delta=-1.794 x=0.488 ratio=1.2154 dth=+0.491 gg=0.0157 fl=0.011 ret=0.977 shed=0.058 act=0.0692 flq=0.08
# PAIR t=80.0 p=28 d=1.519 pq=1:1 delta=-0.746 x=0.492 ratio=1.0077 dth=+2.029 gg=0.0000 fl=0.000 ret=0.984 shed=0.039 act=0.0034 flq=0.00
# PAIR t=80.0 p=29 d=1.433 pq=1:1 delta=-0.956 x=0.471 ratio=1.1105 dth=+3.007 gg=0.0000 fl=0.000 ret=0.941 shed=0.147 act=0.0000 flq=0.00
# PAIR t=80.0 p=30 d=1.380 pq=1:1 delta=-1.222 x=0.488 ratio=1.1100 dth=+1.457 gg=0.0082 fl=0.002 ret=0.975 shed=0.062 act=0.0155 flq=0.02
# PAIR t=80.0 p=31 d=1.343 pq=1:1 delta=-1.280 x=0.467 ratio=1.0902 dth=-1.751 gg=0.0000 fl=0.000 ret=0.934 shed=0.166 act=0.0000 flq=0.00
# PAIR t=80.0 p=32 d=1.081 pq=1:1 delta=-2.097 x=0.439 ratio=0.8350 dth=-0.269 gg=0.0000 fl=0.000 ret=0.850 shed=0.375 act=0.0000 flq=0.00
# PAIR t=80.0 p=33 d=1.363 pq=1:1 delta=-1.230 x=0.475 ratio=1.1180 dth=+1.563 gg=0.0033 fl=0.005 ret=0.949 shed=0.126 act=0.0337 flq=0.04
# PAIR t=80.0 p=34 d=1.495 pq=1:1 delta=-0.824 x=0.491 ratio=0.9637 dth=-2.896 gg=0.0000 fl=0.000 ret=0.982 shed=0.045 act=0.0020 flq=0.00
# PAIR t=80.0 p=35 d=1.063 pq=1:1 delta=-2.358 x=0.497 ratio=0.8026 dth=+1.783 gg=0.0003 fl=0.000 ret=0.984 shed=0.040 act=0.0000 flq=0.00
# PAIR t=80.0 p=36 d=1.182 pq=1:1 delta=-1.920 x=0.490 ratio=0.8132 dth=+0.595 gg=0.0109 fl=0.005 ret=0.980 shed=0.051 act=0.0275 flq=0.03
# PAIR t=80.0 p=37 d=1.251 pq=1:1 delta=-1.623 x=0.475 ratio=1.1975 dth=+1.360 gg=0.0155 fl=0.002 ret=0.949 shed=0.127 act=0.0119 flq=0.01
# PAIR t=80.0 p=38 d=1.362 pq=1:1 delta=-1.243 x=0.476 ratio=1.1065 dth=-2.989 gg=0.0000 fl=0.000 ret=0.952 shed=0.120 act=0.0000 flq=0.00
# PAIR t=80.0 p=39 d=1.105 pq=1:1 delta=-2.230 x=0.483 ratio=0.9951 dth=+2.790 gg=0.0000 fl=0.077 ret=0.969 shed=0.077 act=0.4269 flq=0.58
# PAIR t=80.0 p=40 d=1.550 pq=1:1 delta=-0.604 x=0.486 ratio=1.0041 dth=+1.592 gg=0.0004 fl=0.000 ret=0.972 shed=0.071 act=0.0000 flq=0.00
# PAIR t=80.0 p=41 d=1.381 pq=1:1 delta=-1.112 x=0.460 ratio=1.0938 dth=-2.161 gg=0.0000 fl=0.000 ret=0.921 shed=0.198 act=0.0000 flq=0.00
# PAIR t=80.0 p=42 d=1.280 pq=1:1 delta=-1.539 x=0.475 ratio=1.1314 dth=-0.309 gg=0.0003 fl=0.010 ret=0.951 shed=0.123 act=0.0612 flq=0.07
# PAIR t=80.0 p=43 d=1.112 pq=1:1 delta=-2.174 x=0.489 ratio=0.8115 dth=+1.848 gg=0.0002 fl=0.005 ret=0.979 shed=0.052 act=0.0269 flq=0.04
# PAIR t=80.0 p=44 d=1.100 pq=1:1 delta=-2.202 x=0.477 ratio=1.1720 dth=+2.536 gg=0.0000 fl=0.007 ret=0.954 shed=0.114 act=0.0407 flq=0.05
# PAIR t=80.0 p=45 d=1.351 pq=1:1 delta=-1.303 x=0.488 ratio=1.1901 dth=+0.409 gg=0.1363 fl=0.010 ret=0.975 shed=0.062 act=0.0699 flq=0.08
# PAIR t=80.0 p=46 d=1.425 pq=1:1 delta=-0.995 x=0.473 ratio=1.1252 dth=-2.259 gg=0.0000 fl=0.000 ret=0.947 shed=0.134 act=0.0000 flq=0.00
# PAIR t=80.0 p=47 d=1.531 pq=1:1 delta=-0.677 x=0.488 ratio=0.9452 dth=-0.124 gg=0.2593 fl=0.000 ret=0.976 shed=0.061 act=0.0000 flq=0.00
# PAIR t=80.0 p=48 d=1.481 pq=1:1 delta=-0.737 x=0.460 ratio=0.9135 dth=+1.586 gg=0.0008 fl=0.001 ret=0.919 shed=0.202 act=0.0051 flq=0.00
# PAIR t=80.0 p=49 d=1.220 pq=1:1 delta=-1.788 x=0.480 ratio=0.9303 dth=-0.630 gg=0.0000 fl=0.019 ret=0.961 shed=0.098 act=0.1141 flq=0.14
# PAIR t=80.0 p=50 d=1.357 pq=1:1 delta=-1.268 x=0.475 ratio=1.0449 dth=-2.933 gg=0.0000 fl=0.000 ret=0.950 shed=0.125 act=0.0000 flq=0.00
# PAIR t=80.0 p=51 d=1.037 pq=1:1 delta=-2.453 x=0.487 ratio=0.8303 dth=-0.128 gg=0.0000 fl=0.022 ret=0.974 shed=0.064 act=0.1156 flq=0.16
# PAIR t=80.0 p=52 d=1.091 pq=1:1 delta=-2.249 x=0.491 ratio=0.7936 dth=+0.728 gg=0.0020 fl=0.004 ret=0.982 shed=0.046 act=0.0197 flq=0.03
# PAIR t=80.0 p=53 d=1.051 pq=1:1 delta=-1.977 x=0.360 ratio=1.2453 dth=+1.802 gg=0.0005 fl=0.010 ret=0.721 shed=0.698 act=0.0510 flq=0.06
# PAIR t=80.0 p=54 d=1.087 pq=1:1 delta=-2.264 x=0.491 ratio=0.7995 dth=+1.723 gg=0.0006 fl=0.001 ret=0.982 shed=0.046 act=0.0035 flq=0.00
# PAIR t=80.0 p=55 d=1.359 pq=1:1 delta=-1.257 x=0.476 ratio=1.0798 dth=+3.078 gg=0.0000 fl=0.000 ret=0.951 shed=0.122 act=0.0001 flq=0.00
# PAIR t=80.0 p=56 d=1.330 pq=1:1 delta=-1.401 x=0.489 ratio=1.1403 dth=+0.177 gg=0.0381 fl=0.009 ret=0.978 shed=0.055 act=0.0592 flq=0.07
# PAIR t=80.0 p=57 d=1.210 pq=1:1 delta=-1.840 x=0.488 ratio=1.1380 dth=+2.206 gg=0.0000 fl=0.007 ret=0.976 shed=0.061 act=0.0393 flq=0.05
# PAIR t=80.0 p=58 d=1.281 pq=1:1 delta=-1.588 x=0.494 ratio=1.1792 dth=+1.126 gg=0.0445 fl=0.002 ret=0.989 shed=0.027 act=0.0101 flq=0.01
# PAIR t=80.0 p=59 d=1.546 pq=1:1 delta=-0.636 x=0.490 ratio=0.9906 dth=-0.732 gg=0.0056 fl=0.000 ret=0.981 shed=0.049 act=0.0000 flq=0.00
# RESULT es_shells 0.94:1.0008 2.81:0.9983 4.69:0.9977 6.56:1.0004 8.44:0.9998 10.31:0.9983 12.19:0.9983 14.06:0.9992
# RESULT LEDGER mode=3 E0_int=18800434782608680 sum_int=18800434782608680 max_sum_err=0 max|E-iEu|=1.500e-12 steps=4000
# RESULT conservation E0=18800.4347826 Efinal=18800.4347826 rel_drift=-4.257e-15
# RESULT roughness_radiated=2.32774 (dissonant dense deliveries converted to field, conserved)
# RESULT curvature_fit defA_per_Em=0.01813 r2=0.0006 (linear defect ~ converted energy)
# PAIR t=80.0 p=0 d=1.281 pq=1:1 delta=-1.590 x=0.486 ratio=0.9495 dth=-0.699 gg=0.0000 fl=0.012 ret=0.972 shed=0.069 act=0.0774 flq=0.09
# PAIR t=80.0 p=1 d=1.229 pq=1:1 delta=-1.785 x=0.490 ratio=0.9124 dth=+2.353 gg=0.0000 fl=0.005 ret=0.981 shed=0.048 act=0.0316 flq=0.04
# PAIR t=80.0 p=2 d=1.286 pq=1:1 delta=-1.547 x=0.492 ratio=0.8413 dth=+0.475 gg=0.0564 fl=0.001 ret=0.979 shed=0.054 act=0.0041 flq=0.00
# PAIR t=80.0 p=3 d=1.478 pq=1:1 delta=-0.848 x=0.482 ratio=1.0674 dth=-2.740 gg=0.0000 fl=0.000 ret=0.965 shed=0.088 act=0.0000 flq=0.00
# PAIR t=80.0 p=4 d=1.467 pq=1:1 delta=-0.910 x=0.488 ratio=1.0784 dth=-1.574 gg=0.0000 fl=0.000 ret=0.976 shed=0.059 act=0.0000 flq=0.00
# PAIR t=80.0 p=5 d=1.467 pq=1:1 delta=-0.887 x=0.484 ratio=1.1139 dth=+0.086 gg=0.2638 fl=0.006 ret=0.968 shed=0.080 act=0.0419 flq=0.04
# PAIR t=80.0 p=6 d=1.025 pq=1:1 delta=-2.484 x=0.488 ratio=0.7934 dth=+1.604 gg=0.0006 fl=0.004 ret=0.977 shed=0.059 act=0.0185 flq=0.03
# PAIR t=80.0 p=7 d=1.421 pq=1:1 delta=-1.068 x=0.485 ratio=1.0627 dth=-1.576 gg=0.0000 fl=0.000 ret=0.969 shed=0.078 act=0.0001 flq=0.00
# PAIR t=80.0 p=8 d=1.311 pq=1:1 delta=-1.421 x=0.480 ratio=1.1944 dth=+1.177 gg=0.0465 fl=0.007 ret=0.960 shed=0.100 act=0.0436 flq=0.05
# PAIR t=80.0 p=9 d=1.343 pq=1:1 delta=-1.340 x=0.483 ratio=0.9097 dth=+1.780 gg=0.0004 fl=0.012 ret=0.965 shed=0.087 act=0.0825 flq=0.09
# PAIR t=80.0 p=10 d=1.078 pq=1:1 delta=-2.301 x=0.487 ratio=0.8297 dth=+2.172 gg=0.0000 fl=0.008 ret=0.974 shed=0.065 act=0.0434 flq=0.06
# PAIR t=80.0 p=11 d=1.239 pq=1:1 delta=-1.734 x=0.486 ratio=1.1056 dth=-0.440 gg=0.0000 fl=0.016 ret=0.973 shed=0.068 act=0.1005 flq=0.12
# PAIR t=80.0 p=12 d=1.334 pq=1:1 delta=-1.340 x=0.478 ratio=0.8619 dth=+1.052 gg=0.0830 fl=0.007 ret=0.956 shed=0.109 act=0.0441 flq=0.05
# PAIR t=80.0 p=13 d=1.103 pq=1:1 delta=-2.191 x=0.484 ratio=0.8035 dth=+1.708 gg=0.0008 fl=0.003 ret=0.969 shed=0.078 act=0.0192 flq=0.03
# PAIR t=80.0 p=14 d=1.539 pq=1:1 delta=-0.631 x=0.483 ratio=1.0363 dth=-1.696 gg=0.0000 fl=0.008 ret=0.967 shed=0.083 act=0.0607 flq=0.06
# PAIR t=80.0 p=15 d=1.036 pq=1:1 delta=-2.007 x=0.345 ratio=1.1755 dth=-0.240 gg=0.0000 fl=0.020 ret=0.691 shed=0.772 act=0.1013 flq=0.13
# PAIR t=80.0 p=16 d=1.486 pq=1:1 delta=-0.722 x=0.462 ratio=1.1127 dth=+2.997 gg=0.0000 fl=0.000 ret=0.925 shed=0.189 act=0.0001 flq=0.00
# PAIR t=80.0 p=17 d=1.264 pq=1:1 delta=-1.635 x=0.485 ratio=1.1176 dth=-0.346 gg=0.0001 fl=0.020 ret=0.970 shed=0.074 act=0.1259 flq=0.15
# PAIR t=80.0 p=18 d=1.110 pq=1:1 delta=-2.211 x=0.488 ratio=1.1305 dth=+2.676 gg=0.0000 fl=0.024 ret=0.977 shed=0.056 act=0.1358 flq=0.18
# PAIR t=80.0 p=19 d=1.281 pq=1:1 delta=-1.553 x=0.479 ratio=1.1227 dth=+1.989 gg=0.0000 fl=0.011 ret=0.959 shed=0.103 act=0.0701 flq=0.08
# PAIR t=80.0 p=20 d=1.454 pq=1:1 delta=-0.989 x=0.495 ratio=1.0467 dth=+1.151 gg=0.0572 fl=0.000 ret=0.989 shed=0.026 act=0.0002 flq=0.00
# PAIR t=80.0 p=21 d=1.535 pq=1:1 delta=-0.670 x=0.489 ratio=1.0340 dth=-1.264 gg=0.0000 fl=0.001 ret=0.977 shed=0.057 act=0.0076 flq=0.01
# PAIR t=80.0 p=22 d=1.040 pq=1:1 delta=-2.021 x=0.353 ratio=0.8485 dth=-2.199 gg=0.0000 fl=0.000 ret=0.707 shed=0.733 act=0.0000 flq=0.00
# PAIR t=80.0 p=23 d=1.470 pq=1:1 delta=-0.892 x=0.486 ratio=0.9283 dth=-1.470 gg=0.0000 fl=0.000 ret=0.972 shed=0.071 act=0.0000 flq=0.00
# PAIR t=80.0 p=24 d=1.296 pq=1:1 delta=-1.398 x=0.457 ratio=1.1710 dth=-0.148 gg=0.0045 fl=0.003 ret=0.914 shed=0.215 act=0.0170 flq=0.02
# PAIR t=80.0 p=25 d=1.374 pq=1:1 delta=-1.212 x=0.483 ratio=1.1485 dth=+0.477 gg=0.2090 fl=0.008 ret=0.966 shed=0.085 act=0.0575 flq=0.06
# PAIR t=80.0 p=26 d=1.327 pq=1:1 delta=-1.356 x=0.478 ratio=1.1944 dth=+0.619 gg=0.1509 fl=0.012 ret=0.956 shed=0.109 act=0.0764 flq=0.08
# PAIR t=80.0 p=27 d=1.216 pq=1:1 delta=-1.794 x=0.488 ratio=1.2154 dth=+0.491 gg=0.0157 fl=0.011 ret=0.977 shed=0.058 act=0.0692 flq=0.08
# PAIR t=80.0 p=28 d=1.519 pq=1:1 delta=-0.746 x=0.492 ratio=1.0077 dth=+2.029 gg=0.0000 fl=0.000 ret=0.984 shed=0.039 act=0.0034 flq=0.00
# PAIR t=80.0 p=29 d=1.433 pq=1:1 delta=-0.956 x=0.471 ratio=1.1105 dth=+3.007 gg=0.0000 fl=0.000 ret=0.941 shed=0.147 act=0.0000 flq=0.00
# PAIR t=80.0 p=30 d=1.380 pq=1:1 delta=-1.222 x=0.488 ratio=1.1100 dth=+1.457 gg=0.0082 fl=0.002 ret=0.975 shed=0.062 act=0.0155 flq=0.02
# PAIR t=80.0 p=31 d=1.343 pq=1:1 delta=-1.280 x=0.467 ratio=1.0902 dth=-1.751 gg=0.0000 fl=0.000 ret=0.934 shed=0.166 act=0.0000 flq=0.00
# PAIR t=80.0 p=32 d=1.081 pq=1:1 delta=-2.097 x=0.439 ratio=0.8350 dth=-0.269 gg=0.0000 fl=0.000 ret=0.850 shed=0.375 act=0.0000 flq=0.00
# PAIR t=80.0 p=33 d=1.363 pq=1:1 delta=-1.230 x=0.475 ratio=1.1180 dth=+1.563 gg=0.0033 fl=0.005 ret=0.949 shed=0.126 act=0.0337 flq=0.04
# PAIR t=80.0 p=34 d=1.495 pq=1:1 delta=-0.824 x=0.491 ratio=0.9637 dth=-2.896 gg=0.0000 fl=0.000 ret=0.982 shed=0.045 act=0.0020 flq=0.00
# PAIR t=80.0 p=35 d=1.063 pq=1:1 delta=-2.358 x=0.497 ratio=0.8026 dth=+1.783 gg=0.0003 fl=0.000 ret=0.984 shed=0.040 act=0.0000 flq=0.00
# PAIR t=80.0 p=36 d=1.182 pq=1:1 delta=-1.920 x=0.490 ratio=0.8132 dth=+0.595 gg=0.0109 fl=0.005 ret=0.980 shed=0.051 act=0.0275 flq=0.03
# PAIR t=80.0 p=37 d=1.251 pq=1:1 delta=-1.623 x=0.475 ratio=1.1975 dth=+1.360 gg=0.0155 fl=0.002 ret=0.949 shed=0.127 act=0.0119 flq=0.01
# PAIR t=80.0 p=38 d=1.362 pq=1:1 delta=-1.243 x=0.476 ratio=1.1065 dth=-2.989 gg=0.0000 fl=0.000 ret=0.952 shed=0.120 act=0.0000 flq=0.00
# PAIR t=80.0 p=39 d=1.105 pq=1:1 delta=-2.230 x=0.483 ratio=0.9951 dth=+2.790 gg=0.0000 fl=0.077 ret=0.969 shed=0.077 act=0.4269 flq=0.58
# PAIR t=80.0 p=40 d=1.550 pq=1:1 delta=-0.604 x=0.486 ratio=1.0041 dth=+1.592 gg=0.0004 fl=0.000 ret=0.972 shed=0.071 act=0.0000 flq=0.00
# PAIR t=80.0 p=41 d=1.381 pq=1:1 delta=-1.112 x=0.460 ratio=1.0938 dth=-2.161 gg=0.0000 fl=0.000 ret=0.921 shed=0.198 act=0.0000 flq=0.00
# PAIR t=80.0 p=42 d=1.280 pq=1:1 delta=-1.539 x=0.475 ratio=1.1314 dth=-0.309 gg=0.0003 fl=0.010 ret=0.951 shed=0.123 act=0.0612 flq=0.07
# PAIR t=80.0 p=43 d=1.112 pq=1:1 delta=-2.174 x=0.489 ratio=0.8115 dth=+1.848 gg=0.0002 fl=0.005 ret=0.979 shed=0.052 act=0.0269 flq=0.04
# PAIR t=80.0 p=44 d=1.100 pq=1:1 delta=-2.202 x=0.477 ratio=1.1720 dth=+2.536 gg=0.0000 fl=0.007 ret=0.954 shed=0.114 act=0.0407 flq=0.05
# PAIR t=80.0 p=45 d=1.351 pq=1:1 delta=-1.303 x=0.488 ratio=1.1901 dth=+0.409 gg=0.1363 fl=0.010 ret=0.975 shed=0.062 act=0.0699 flq=0.08
# PAIR t=80.0 p=46 d=1.425 pq=1:1 delta=-0.995 x=0.473 ratio=1.1252 dth=-2.259 gg=0.0000 fl=0.000 ret=0.947 shed=0.134 act=0.0000 flq=0.00
# PAIR t=80.0 p=47 d=1.531 pq=1:1 delta=-0.677 x=0.488 ratio=0.9452 dth=-0.124 gg=0.2593 fl=0.000 ret=0.976 shed=0.061 act=0.0000 flq=0.00
# PAIR t=80.0 p=48 d=1.481 pq=1:1 delta=-0.737 x=0.460 ratio=0.9135 dth=+1.586 gg=0.0008 fl=0.001 ret=0.919 shed=0.202 act=0.0051 flq=0.00
# PAIR t=80.0 p=49 d=1.220 pq=1:1 delta=-1.788 x=0.480 ratio=0.9303 dth=-0.630 gg=0.0000 fl=0.019 ret=0.961 shed=0.098 act=0.1141 flq=0.14
# PAIR t=80.0 p=50 d=1.357 pq=1:1 delta=-1.268 x=0.475 ratio=1.0449 dth=-2.933 gg=0.0000 fl=0.000 ret=0.950 shed=0.125 act=0.0000 flq=0.00
# PAIR t=80.0 p=51 d=1.037 pq=1:1 delta=-2.453 x=0.487 ratio=0.8303 dth=-0.128 gg=0.0000 fl=0.022 ret=0.974 shed=0.064 act=0.1156 flq=0.16
# PAIR t=80.0 p=52 d=1.091 pq=1:1 delta=-2.249 x=0.491 ratio=0.7936 dth=+0.728 gg=0.0020 fl=0.004 ret=0.982 shed=0.046 act=0.0197 flq=0.03
# PAIR t=80.0 p=53 d=1.051 pq=1:1 delta=-1.977 x=0.360 ratio=1.2453 dth=+1.802 gg=0.0005 fl=0.010 ret=0.721 shed=0.698 act=0.0510 flq=0.06
# PAIR t=80.0 p=54 d=1.087 pq=1:1 delta=-2.264 x=0.491 ratio=0.7995 dth=+1.723 gg=0.0006 fl=0.001 ret=0.982 shed=0.046 act=0.0035 flq=0.00
# PAIR t=80.0 p=55 d=1.359 pq=1:1 delta=-1.257 x=0.476 ratio=1.0798 dth=+3.078 gg=0.0000 fl=0.000 ret=0.951 shed=0.122 act=0.0001 flq=0.00
# PAIR t=80.0 p=56 d=1.330 pq=1:1 delta=-1.401 x=0.489 ratio=1.1403 dth=+0.177 gg=0.0381 fl=0.009 ret=0.978 shed=0.055 act=0.0592 flq=0.07
# PAIR t=80.0 p=57 d=1.210 pq=1:1 delta=-1.840 x=0.488 ratio=1.1380 dth=+2.206 gg=0.0000 fl=0.007 ret=0.976 shed=0.061 act=0.0393 flq=0.05
# PAIR t=80.0 p=58 d=1.281 pq=1:1 delta=-1.588 x=0.494 ratio=1.1792 dth=+1.126 gg=0.0445 fl=0.002 ret=0.989 shed=0.027 act=0.0101 flq=0.01
# PAIR t=80.0 p=59 d=1.546 pq=1:1 delta=-0.636 x=0.490 ratio=0.9906 dth=-0.732 gg=0.0056 fl=0.000 ret=0.981 shed=0.049 act=0.0000 flq=0.00
# RESULT pair_tongue |delta|<0.6: n=0 gg=0.000 ret=0.000 fl=0.000 | 0.6-1.2: n=18 gg=0.033 ret=0.963 fl=0.001 | >1.2: n=42 gg=0.020 ret=0.945 fl=0.009
