# freecell — v89 free-cell substance test (exp=rings)
# laws = laws_V2g VERBATIM (defaults): C=1 w1=1.65 w2=2.9 q_detune=1.2
# gamma_res=0.25 gamma_res_m=0.1 p_gate=8 lock_floor=0.005 k_dep=1.2 k_dep_m=2 cap=2.5
# e_s0=1 es_floor=0.05 e_cond=0 f_conv=0.25 f_evap=0.5 s_pull=0.15
# kappa_lock=1 kappa_align=0.5 s_k=0.06 s_disp=0.3 sigma_tumble=0.01
# comb_limit=6 rough_k=0.35 gamma_rough=0.5 mob_sym=1 mob_floor=0.004 field_J=1.8
# quant_A0=1.15 quant_mode=2 (A0eff=1.15)
# GEOMETRY (apparatus): cfac=1.15 k_rep=1 mob_geo=1 kappa_bond=1 freeze_geo=0
# bath=0 bath_frac=1 jam_sweeps=800 jam_k=0.1 L=20 dt=0.02 T=120 seed=20260802 diag_every=100
# JAM skipped (no bath)
# SEED rings: kind=0 nring=2 nv=6 xU=0.2800 xD=0.8367 wU=2.1707 wD=1.4471
# SEED ring0: mode=MOLECULE x=0.2800 w=2.1707 d_int=1.4473 R=1.4473 (rung=1.4473 contact=1.6466)
# SEED ring1: mode=MOLECULE x=0.2800 w=2.1707 d_int=1.4473 R=1.4473 (rung=1.4473 contact=1.6466)
# SEED rint0: 0-6 p:q=1:1 d*=1.447299
# INIT NC=12 slots=13 live=13 phi_nom=0.0035 z_live=2.17 dbar=1.4435 sigma_d=0.92% E0=19.304347826
#
# t | drift_rel | phi_nom z_live NLa NLd births deaths | dbar sigma_d% | maxstep maxbond | Em_tag ret com_dev rms conn z_tag | pair: d delta gf gb | core/far
t=    0.00 +0.00e+00 | 0.0035  2.17     13    0      0      0 | 1.4435  0.92 | 0.00e+00 0.00e+00 |   8.4000 1.0000  0.0000  2.5884 1.000  2.17 | edge_dev mean=0.0000 max=0.0000 gg=0.0000 shape_dev=0.0000 xbar=0.2800 | IR e0:psi=+3.033 gg=0.000 d=1.3973
t=    2.00 +1.84e-16 | 0.0035  2.17     13    0      0      0 | 1.4872  0.52 | 1.98e-04 6.59e-03 |   8.4000 1.0000  0.0021  2.6114 1.000  2.17 | edge_dev mean=0.0385 max=0.0471 gg=0.9690 shape_dev=0.2134 xbar=0.2769 | IR e0:psi=-0.143 gg=0.955 d=1.5043
t=    4.00 +1.84e-16 | 0.0035  2.17     13    0      0      0 | 1.4968  0.68 | 6.98e-04 5.38e-03 |   8.4000 1.0000  0.0060  2.6203 1.000  2.17 | edge_dev mean=0.0487 max=0.0616 gg=0.9477 shape_dev=0.2594 xbar=0.2779 | IR e0:psi=-0.123 gg=0.966 d=1.5126
t=    6.00 +0.00e+00 | 0.0035  2.17     13    0      0      0 | 1.5137  0.90 | 8.99e-04 4.57e-03 |   8.4000 1.0000  0.0096  3.3497 1.000  2.17 | edge_dev mean=0.0662 max=0.0855 gg=0.9152 shape_dev=0.3357 xbar=0.4058 | IR e0:psi=-0.113 gg=0.970 d=1.5246
t=    8.00 +1.84e-16 | 0.0035  2.17     13    0      0      0 | 1.5048  2.22 | 1.65e-04 6.70e-03 |   8.4000 1.0000  0.0132  2.6236 1.000  2.17 | edge_dev mean=0.0557 max=0.1084 gg=0.9147 shape_dev=0.3136 xbar=0.2776 | IR e0:psi=-0.079 gg=0.985 d=1.5281
t=   10.00 +3.68e-16 | 0.0035  2.17     13    0      0      0 | 1.5218  2.68 | 5.79e-04 5.44e-03 |   8.4000 1.0000  0.0145  2.6465 1.000  2.17 | edge_dev mean=0.0737 max=0.1425 gg=0.8342 shape_dev=0.3927 xbar=0.2784 | IR e0:psi=-0.067 gg=0.989 d=1.5365
t=   12.00 +5.52e-16 | 0.0035  2.17     13    0      0      0 | 1.5469  2.87 | 7.16e-04 4.15e-03 |   8.4000 1.0000  0.0161  3.2410 1.000  2.17 | edge_dev mean=0.1001 max=0.1727 gg=0.6825 shape_dev=0.5013 xbar=0.3645 | IR e0:psi=-0.065 gg=0.989 d=1.5480
t=   14.00 +3.68e-16 | 0.0035  2.17     13    0      0      0 | 1.5704  3.30 | 5.27e-04 5.08e-03 |   8.4000 1.0000  0.0098  2.7184 1.000  2.17 | edge_dev mean=0.1249 max=0.1865 gg=0.4906 shape_dev=0.5927 xbar=0.2795 | IR e0:psi=-0.053 gg=0.991 d=1.5531
t=   16.00 +5.52e-16 | 0.0035  2.17     13    0      0      0 | 1.5965  3.38 | 3.26e-04 4.45e-03 |   8.4000 1.0000  0.0151  2.7514 1.000  2.17 | edge_dev mean=0.1525 max=0.1942 gg=0.3378 shape_dev=0.6881 xbar=0.2791 | IR e0:psi=-0.061 gg=0.989 d=1.5592
t=   18.00 +5.52e-16 | 0.0035  2.17     13    0      0      0 | 1.6052  3.07 | 2.63e-04 3.82e-03 |   8.4000 1.0000  0.0168  2.7648 1.000  2.17 | edge_dev mean=0.1615 max=0.1973 gg=0.3074 shape_dev=0.7212 xbar=0.2794 | IR e0:psi=-0.070 gg=0.987 d=1.5625
t=   20.00 +5.52e-16 | 0.0035  2.17     13    0      0      0 | 1.6089  2.88 | 4.77e-05 4.14e-03 |   8.4000 1.0000  0.0167  2.7717 1.000  2.17 | edge_dev mean=0.1653 max=0.1986 gg=0.3012 shape_dev=0.7349 xbar=0.2794 | IR e0:psi=-0.077 gg=0.984 d=1.5646
t=   22.00 +7.36e-16 | 0.0035  2.17     13    0      0      0 | 1.6147  2.40 | 2.44e-04 3.41e-03 |   8.4000 1.0000  0.0160  2.7807 1.000  2.17 | edge_dev mean=0.1721 max=0.1987 gg=0.2583 shape_dev=0.7565 xbar=0.2796 | IR e0:psi=-0.063 gg=0.989 d=1.5604
t=   24.00 +7.36e-16 | 0.0035  2.17     13    0      0      0 | 1.6251  1.66 | 3.10e-04 3.26e-03 |   8.4000 1.0000  0.0154  2.7941 1.000  2.17 | edge_dev mean=0.1832 max=0.1981 gg=0.1657 shape_dev=0.7945 xbar=0.2797 | IR e0:psi=-0.066 gg=0.988 d=1.5613
t=   26.00 +7.36e-16 | 0.0035  2.17     13    0      0      0 | 1.6354  1.32 | 2.26e-04 3.16e-03 |   8.4000 1.0000  0.0162  2.8062 1.000  2.17 | edge_dev mean=0.1942 max=0.1978 gg=0.0575 shape_dev=0.8322 xbar=0.2798 | IR e0:psi=-0.071 gg=0.986 d=1.5631
t=   28.00 +7.36e-16 | 0.0035  2.17     13    0      0      0 | 1.6394  1.31 | 5.25e-05 3.08e-03 |   8.4000 1.0000  0.0173  2.8162 1.000  2.17 | edge_dev mean=0.1983 max=0.1992 gg=0.0083 shape_dev=0.8471 xbar=0.2930 | IR e0:psi=-0.069 gg=0.984 d=1.5652
t=   30.00 +7.36e-16 | 0.0035  1.50      9    0      0      0 | 1.6371  1.66 | 1.42e-05 3.36e-03 |   8.4000 1.0000  0.0174  2.8115 0.417  1.50 | edge_dev mean=0.1993 max=0.1996 gg=0.0031 shape_dev=0.8491 xbar=0.2798 | IR e0:psi=-0.061 gg=0.989 d=1.5605
t=   32.00 +7.36e-16 | 0.0035  1.50      9    0      0      0 | 1.6374  1.63 | 4.53e-05 3.24e-03 |   8.4000 1.0000  0.0174  2.8117 0.417  1.50 | edge_dev mean=0.1993 max=0.1996 gg=0.0570 shape_dev=0.8498 xbar=0.2798 | IR e0:psi=-0.065 gg=0.987 d=1.5619
t=   34.00 +7.36e-16 | 0.0035  2.17     13    0      0      0 | 1.6402  1.34 | 4.65e-05 3.16e-03 |   8.4000 1.0000  0.0173  2.8117 1.000  2.17 | edge_dev mean=0.1993 max=0.1996 gg=0.1084 shape_dev=0.8502 xbar=0.2798 | IR e0:psi=-0.070 gg=0.986 d=1.5639
t=   36.00 +5.52e-16 | 0.0035  1.50      9    0      0      0 | 1.6375  1.61 | 2.23e-04 3.74e-03 |   8.4000 1.0000  0.0173  2.8117 0.417  1.50 | edge_dev mean=0.1994 max=0.1996 gg=0.0435 shape_dev=0.8501 xbar=0.2798 | IR e0:psi=-0.064 gg=0.987 d=1.5628
t=   38.00 +5.52e-16 | 0.0035  1.50      9    0      0      0 | 1.6373  1.65 | 2.80e-05 3.33e-03 |   8.4000 1.0000  0.0172  2.8117 0.417  1.50 | edge_dev mean=0.1995 max=0.1997 gg=0.0015 shape_dev=0.8500 xbar=0.2798 | IR e0:psi=-0.060 gg=0.989 d=1.5606
t=   40.00 +7.36e-16 | 0.0035  1.50      9    0      0      0 | 1.6374  1.63 | 4.44e-05 3.23e-03 |   8.4000 1.0000  0.0172  2.8117 0.417  1.50 | edge_dev mean=0.1994 max=0.1997 gg=0.0000 shape_dev=0.8502 xbar=0.2798 | IR e0:psi=-0.064 gg=0.987 d=1.5622
t=   42.00 +7.36e-16 | 0.0035  1.50      9    0      0      0 | 1.6377  1.59 | 5.07e-05 3.14e-03 |   8.4000 1.0000  0.0172  2.8118 0.417  1.50 | edge_dev mean=0.1993 max=0.1997 gg=0.0000 shape_dev=0.8505 xbar=0.2798 | IR e0:psi=-0.069 gg=0.985 d=1.5642
t=   44.00 +7.36e-16 | 0.0035  1.50      9    0      0      0 | 1.6373  1.65 | 9.12e-05 3.55e-03 |   8.4000 1.0000  0.0171  2.8117 0.417  1.50 | edge_dev mean=0.1995 max=0.1997 gg=0.0006 shape_dev=0.8501 xbar=0.2798 | IR e0:psi=-0.059 gg=0.988 d=1.5610
t=   46.00 +7.36e-16 | 0.0035  1.50      9    0      0      0 | 1.6373  1.65 | 3.76e-05 3.30e-03 |   8.4000 1.0000  0.0171  2.8117 0.417  1.50 | edge_dev mean=0.1995 max=0.1997 gg=0.0056 shape_dev=0.8501 xbar=0.2798 | IR e0:psi=-0.060 gg=0.989 d=1.5608
t=   48.00 +7.36e-16 | 0.0035  1.50      9    0      0      0 | 1.6375  1.61 | 4.53e-05 3.21e-03 |   8.4000 1.0000  0.0171  2.8118 0.417  1.50 | edge_dev mean=0.1994 max=0.1997 gg=0.0267 shape_dev=0.8504 xbar=0.2798 | IR e0:psi=-0.064 gg=0.987 d=1.5628
t=   50.00 +7.36e-16 | 0.0035  1.83     11    0      0      0 | 1.6393  1.44 | 4.83e-05 3.12e-03 |   8.4000 1.0000  0.0171  2.8118 0.583  1.83 | edge_dev mean=0.1993 max=0.1997 gg=0.0658 shape_dev=0.8507 xbar=0.2798 | IR e0:psi=-0.068 gg=0.985 d=1.5647
t=   52.00 +7.36e-16 | 0.0035  1.50      9    0      0      0 | 1.6372  1.66 | 2.39e-05 3.44e-03 |   8.4000 1.0000  0.0170  2.8117 0.417  1.50 | edge_dev mean=0.1995 max=0.1997 gg=0.1068 shape_dev=0.8501 xbar=0.2798 | IR e0:psi=-0.057 gg=0.989 d=1.5605
t=   54.00 +7.36e-16 | 0.0035  1.50      9    0      0      0 | 1.6373  1.64 | 3.86e-05 3.28e-03 |   8.4000 1.0000  0.0170  2.8117 0.417  1.50 | edge_dev mean=0.1995 max=0.1997 gg=0.1893 shape_dev=0.8503 xbar=0.2798 | IR e0:psi=-0.060 gg=0.988 d=1.5613
t=   56.00 +7.36e-16 | 0.0035  1.50      9    0      0      0 | 1.6375  1.61 | 4.64e-05 3.19e-03 |   8.4000 1.0000  0.0170  2.8118 0.417  1.50 | edge_dev mean=0.1994 max=0.1997 gg=0.2578 shape_dev=0.8505 xbar=0.2798 | IR e0:psi=-0.064 gg=0.987 d=1.5631
t=   58.00 +7.36e-16 | 0.0035  2.17     13    0      0      0 | 1.6403  1.32 | 4.93e-05 3.10e-03 |   8.4000 1.0000  0.0169  2.8118 1.000  2.17 | edge_dev mean=0.1993 max=0.1997 gg=0.2424 shape_dev=0.8508 xbar=0.2799 | IR e0:psi=-0.068 gg=0.985 d=1.5652
t=   60.00 +7.36e-16 | 0.0035  1.50      9    0      0      0 | 1.6372  1.66 | 9.17e-06 3.38e-03 |   8.4000 1.0000  0.0169  2.8117 0.417  1.50 | edge_dev mean=0.1996 max=0.1997 gg=0.1159 shape_dev=0.8502 xbar=0.2798 | IR e0:psi=-0.056 gg=0.989 d=1.5604
t=   62.00 +7.36e-16 | 0.0035  1.50      9    0      0      0 | 1.6374  1.63 | 4.15e-05 3.26e-03 |   8.4000 1.0000  0.0169  2.8117 0.417  1.50 | edge_dev mean=0.1995 max=0.1997 gg=0.0279 shape_dev=0.8503 xbar=0.2798 | IR e0:psi=-0.060 gg=0.988 d=1.5618
t=   64.00 +7.36e-16 | 0.0035  1.50      9    0      0      0 | 1.6376  1.60 | 4.71e-05 3.17e-03 |   8.4000 1.0000  0.0169  2.8118 0.417  1.50 | edge_dev mean=0.1994 max=0.1997 gg=0.0024 shape_dev=0.8506 xbar=0.2798 | IR e0:psi=-0.064 gg=0.986 d=1.5636
t=   66.00 +7.36e-16 | 0.0035  1.50      9    0      0      0 | 1.6375  1.61 | 2.63e-04 3.81e-03 |   8.4000 1.0000  0.0169  2.8118 0.417  1.50 | edge_dev mean=0.1994 max=0.1997 gg=0.0001 shape_dev=0.8505 xbar=0.2798 | IR e0:psi=-0.061 gg=0.987 d=1.5632
t=   68.00 +7.36e-16 | 0.0035  1.50      9    0      0      0 | 1.6372  1.66 | 2.75e-05 3.33e-03 |   8.4000 1.0000  0.0168  2.8117 0.417  1.50 | edge_dev mean=0.1996 max=0.1997 gg=0.0000 shape_dev=0.8502 xbar=0.2798 | IR e0:psi=-0.056 gg=0.989 d=1.5605
t=   70.00 +7.36e-16 | 0.0035  1.50      9    0      0      0 | 1.6374  1.63 | 4.44e-05 3.23e-03 |   8.4000 1.0000  0.0168  2.8118 0.417  1.50 | edge_dev mean=0.1995 max=0.1997 gg=0.0000 shape_dev=0.8504 xbar=0.2798 | IR e0:psi=-0.060 gg=0.988 d=1.5622
t=   72.00 +9.20e-16 | 0.0035  1.50      9    0      0      0 | 1.6376  1.59 | 5.12e-05 3.14e-03 |   8.4000 1.0000  0.0168  2.8118 0.417  1.50 | edge_dev mean=0.1993 max=0.1997 gg=0.0011 shape_dev=0.8507 xbar=0.2798 | IR e0:psi=-0.064 gg=0.986 d=1.5642
t=   74.00 +1.10e-15 | 0.0035  1.50      9    0      0      0 | 1.6374  1.64 | 1.13e-04 3.57e-03 |   8.4000 1.0000  0.0168  2.8117 0.417  1.50 | edge_dev mean=0.1995 max=0.1997 gg=0.0398 shape_dev=0.8503 xbar=0.2798 | IR e0:psi=-0.057 gg=0.988 d=1.5615
t=   76.00 +1.10e-15 | 0.0035  1.50      9    0      0      0 | 1.6373  1.65 | 3.24e-05 3.30e-03 |   8.4000 1.0000  0.0168  2.8117 0.417  1.50 | edge_dev mean=0.1995 max=0.1997 gg=0.0644 shape_dev=0.8503 xbar=0.2798 | IR e0:psi=-0.057 gg=0.988 d=1.5611
t=   78.00 +1.29e-15 | 0.0035  1.50      9    0      0      0 | 1.6375  1.61 | 4.49e-05 3.21e-03 |   8.4000 1.0000  0.0168  2.8118 0.417  1.50 | edge_dev mean=0.1994 max=0.1997 gg=0.0684 shape_dev=0.8505 xbar=0.2798 | IR e0:psi=-0.060 gg=0.987 d=1.5628
t=   80.00 +1.29e-15 | 0.0035  1.50      9    0      0      0 | 1.6377  1.58 | 4.93e-05 3.12e-03 |   8.4000 1.0000  0.0168  2.8118 0.417  1.50 | edge_dev mean=0.1993 max=0.1997 gg=0.0394 shape_dev=0.8508 xbar=0.2798 | IR e0:psi=-0.064 gg=0.985 d=1.5647
t=   82.00 +1.29e-15 | 0.0035  1.50      9    0      0      0 | 1.6373  1.65 | 3.40e-05 3.45e-03 |   8.4000 1.0000  0.0167  2.8117 0.417  1.50 | edge_dev mean=0.1996 max=0.1997 gg=0.0012 shape_dev=0.8502 xbar=0.2798 | IR e0:psi=-0.055 gg=0.989 d=1.5607
t=   84.00 +1.29e-15 | 0.0035  1.50      9    0      0      0 | 1.6373  1.64 | 3.88e-05 3.27e-03 |   8.4000 1.0000  0.0167  2.8117 0.417  1.50 | edge_dev mean=0.1995 max=0.1997 gg=0.0001 shape_dev=0.8504 xbar=0.2798 | IR e0:psi=-0.057 gg=0.988 d=1.5614
t=   86.00 +1.47e-15 | 0.0035  1.50      9    0      0      0 | 1.6376  1.60 | 4.85e-05 3.18e-03 |   8.4000 1.0000  0.0167  2.8118 0.417  1.50 | edge_dev mean=0.1994 max=0.1997 gg=0.0033 shape_dev=0.8506 xbar=0.2798 | IR e0:psi=-0.061 gg=0.986 d=1.5633
t=   88.00 +1.29e-15 | 0.0035  2.17     13    0      0      0 | 1.6404  1.32 | 4.85e-05 3.09e-03 |   8.4000 1.0000  0.0167  2.8119 1.000  2.17 | edge_dev mean=0.1993 max=0.1997 gg=0.0333 shape_dev=0.8509 xbar=0.2799 | IR e0:psi=-0.066 gg=0.984 d=1.5655
t=   90.00 +1.29e-15 | 0.0035  1.50      9    0      0      0 | 1.6373  1.65 | 2.61e-06 3.37e-03 |   8.4000 1.0000  0.0167  2.8117 0.417  1.50 | edge_dev mean=0.1996 max=0.1997 gg=0.1138 shape_dev=0.8503 xbar=0.2798 | IR e0:psi=-0.055 gg=0.989 d=1.5608
t=   92.00 +1.29e-15 | 0.0035  1.50      9    0      0      0 | 1.6374  1.63 | 4.18e-05 3.25e-03 |   8.4000 1.0000  0.0167  2.8118 0.417  1.50 | edge_dev mean=0.1995 max=0.1997 gg=0.1743 shape_dev=0.8505 xbar=0.2798 | IR e0:psi=-0.058 gg=0.988 d=1.5620
t=   94.00 +1.10e-15 | 0.0035  1.50      9    0      0      0 | 1.6376  1.59 | 4.36e-05 3.16e-03 |   8.4000 1.0000  0.0167  2.8118 0.417  1.50 | edge_dev mean=0.1994 max=0.1997 gg=0.1706 shape_dev=0.8507 xbar=0.2798 | IR e0:psi=-0.062 gg=0.986 d=1.5640
t=   96.00 +1.10e-15 | 0.0035  1.50      9    0      0      0 | 1.6377  1.59 | 2.98e-04 3.84e-03 |   8.4000 1.0000  0.0167  2.8118 0.417  1.50 | edge_dev mean=0.1994 max=0.1997 gg=0.1825 shape_dev=0.8507 xbar=0.2798 | IR e0:psi=-0.061 gg=0.986 d=1.5642
t=   98.00 +1.10e-15 | 0.0035  1.50      9    0      0      0 | 1.6373  1.65 | 2.31e-05 3.33e-03 |   8.4000 1.0000  0.0167  2.8117 0.417  1.50 | edge_dev mean=0.1996 max=0.1997 gg=0.1304 shape_dev=0.8503 xbar=0.2798 | IR e0:psi=-0.055 gg=0.989 d=1.5609
t=  100.00 +1.10e-15 | 0.0035  1.50      9    0      0      0 | 1.6374  1.62 | 4.23e-05 3.23e-03 |   8.4000 1.0000  0.0167  2.8118 0.417  1.50 | edge_dev mean=0.1995 max=0.1997 gg=0.1429 shape_dev=0.8505 xbar=0.2798 | IR e0:psi=-0.058 gg=0.987 d=1.5623
t=  102.00 +1.10e-15 | 0.0035  1.50      9    0      0      0 | 1.6377  1.58 | 4.91e-05 3.14e-03 |   8.4000 1.0000  0.0167  2.8118 0.417  1.50 | edge_dev mean=0.1994 max=0.1997 gg=0.0763 shape_dev=0.8508 xbar=0.2798 | IR e0:psi=-0.062 gg=0.985 d=1.5644
t=  104.00 +1.10e-15 | 0.0035  1.50      9    0      0      0 | 1.6374  1.63 | 1.33e-04 3.60e-03 |   8.4000 1.0000  0.0166  2.8118 0.417  1.50 | edge_dev mean=0.1995 max=0.1997 gg=0.0115 shape_dev=0.8505 xbar=0.2798 | IR e0:psi=-0.057 gg=0.988 d=1.5620
t=  106.00 +1.10e-15 | 0.0035  1.50      9    0      0      0 | 1.6373  1.65 | 3.41e-05 3.30e-03 |   8.4000 1.0000  0.0166  2.8117 0.417  1.50 | edge_dev mean=0.1995 max=0.1997 gg=0.0014 shape_dev=0.8504 xbar=0.2798 | IR e0:psi=-0.055 gg=0.989 d=1.5611
t=  108.00 +1.29e-15 | 0.0035  1.50      9    0      0      0 | 1.6375  1.61 | 4.64e-05 3.20e-03 |   8.4000 1.0000  0.0166  2.8118 0.417  1.50 | edge_dev mean=0.1994 max=0.1997 gg=0.0001 shape_dev=0.8506 xbar=0.2798 | IR e0:psi=-0.059 gg=0.987 d=1.5629
t=  110.00 +1.29e-15 | 0.0035  1.50      9    0      0      0 | 1.6377  1.57 | 4.51e-05 3.12e-03 |   8.4000 1.0000  0.0166  2.8119 0.417  1.50 | edge_dev mean=0.1993 max=0.1997 gg=0.0000 shape_dev=0.8509 xbar=0.2799 | IR e0:psi=-0.063 gg=0.985 d=1.5650
t=  112.00 +1.47e-15 | 0.0035  1.50      9    0      0      0 | 1.6373  1.64 | 4.71e-05 3.45e-03 |   8.4000 1.0000  0.0166  2.8117 0.417  1.50 | edge_dev mean=0.1995 max=0.1997 gg=0.0000 shape_dev=0.8504 xbar=0.2798 | IR e0:psi=-0.055 gg=0.988 d=1.5613
t=  114.00 +1.66e-15 | 0.0035  1.50      9    0      0      0 | 1.6374  1.63 | 3.80e-05 3.26e-03 |   8.4000 1.0000  0.0166  2.8118 0.417  1.50 | edge_dev mean=0.1995 max=0.1997 gg=0.0004 shape_dev=0.8505 xbar=0.2798 | IR e0:psi=-0.056 gg=0.988 d=1.5617
t=  116.00 +1.66e-15 | 0.0035  1.50      9    0      0      0 | 1.6376  1.60 | 4.48e-05 3.19e-03 |   8.4000 1.0000  0.0166  2.8118 0.417  1.50 | edge_dev mean=0.1994 max=0.1997 gg=0.0256 shape_dev=0.8507 xbar=0.2798 | IR e0:psi=-0.059 gg=0.987 d=1.5633
t=  118.00 +1.66e-15 | 0.0035  1.50      9    0      0      0 | 1.6378  1.56 | 5.02e-05 3.10e-03 |   8.4000 1.0000  0.0166  2.8119 0.417  1.50 | edge_dev mean=0.1993 max=0.1997 gg=0.0686 shape_dev=0.8510 xbar=0.2799 | IR e0:psi=-0.064 gg=0.985 d=1.5653
t=  120.00 +1.84e-15 | 0.0035  1.50      9    0      0      0 | 1.6373  1.66 | 3.17e-06 3.39e-03 |   8.4000 1.0000  0.0166  2.8117 0.417  1.50 | edge_dev mean=0.1996 max=0.1998 gg=0.0179 shape_dev=0.8503 xbar=0.2798 | IR e0:psi=-0.054 gg=0.989 d=1.5606
#
# RESULT drift_rel 1.840e-15
# RESULT births 0 deaths 0 beta_returns 0 beta_energy 0.000000e+00
# RESULT conv rough=0.000000 cond=0.000000 evap=0.000000 backs=0.000000
# RESULT geometry phi_nom=0.0035 z_live=1.50 dbar=1.6373 sigma_d=0.0166
# RESULT truss edge_dev_mean=0.199579 edge_dev_max=0.199784 shape=(0.0000,1.4781,6.0720) shape0=(0.0000,1.0473,5.6524)
# EDGE 0 0-1 d=1.64685 dev=+0.19955 gg=0.0484 gpl=0.9967
# EDGE 1 1-2 d=1.64695 dev=+0.19965 gg=0.0000 gpl=0.9846
# EDGE 2 2-3 d=1.64675 dev=+0.19945 gg=0.0000 gpl=0.8466
# EDGE 3 3-4 d=1.64676 dev=+0.19946 gg=0.0000 gpl=0.9856
# EDGE 4 4-5 d=1.64695 dev=+0.19965 gg=0.0000 gpl=0.9829
# EDGE 5 5-0 d=1.64684 dev=+0.19954 gg=0.0425 gpl=0.9830
# EDGE 6 6-7 d=1.64708 dev=+0.19978 gg=0.0549 gpl=0.9876
# EDGE 7 7-8 d=1.64692 dev=+0.19962 gg=0.0000 gpl=0.9943
# EDGE 8 8-9 d=1.64674 dev=+0.19944 gg=0.0076 gpl=0.9939
# EDGE 9 9-10 d=1.64671 dev=+0.19942 gg=0.0153 gpl=0.9723
# EDGE 10 10-11 d=1.64691 dev=+0.19961 gg=0.0000 gpl=0.9973
# EDGE 11 11-6 d=1.64708 dev=+0.19978 gg=0.0461 gpl=0.9967
# RESULT rint0 0-6 p:q=1:1 d=1.560614 dev=+0.113315 psi=-0.0537 gg=0.9889 lem=9.472933e-02
# RESULT ringq0 mode=MOLECULE w=2.1707 gg_int=0.0151 xbar=0.2818 Em=4.18155
# RESULT ringq1 mode=MOLECULE w=2.1707 gg_int=0.0207 xbar=0.2779 Em=4.12372
