# freecell — v89 free-cell substance test (exp=pair)
# laws = laws_V2g VERBATIM (defaults): C=1 w1=1.65 w2=2.9 q_detune=1.2
# gamma_res=0.25 gamma_res_m=0.1 p_gate=8 lock_floor=0.005 k_dep=1.2 k_dep_m=2 cap=2.5
# e_s0=1 es_floor=0.05 e_cond=0 f_conv=0.25 f_evap=0.5 s_pull=0.15
# kappa_lock=1 kappa_align=0.5 s_k=0.06 s_disp=0.3 sigma_tumble=0.01
# comb_limit=6 rough_k=0.35 gamma_rough=0.5 mob_sym=1 mob_floor=0.004 field_J=1.8
# quant_A0=1.15 quant_mode=2 (A0eff=1.15)
# v91 radiance (laws_V3r candidate A): k_rad=0.05 p_rad=4 rad_clock=0
# v91 cantus (coherent-channel candidate B): k_cant=3 k_tune=0 cant_tau=50 cant_seed=0
# GEOMETRY (apparatus): cfac=1.15 k_rep=1 mob_geo=1 kappa_bond=1 freeze_geo=0
# bath=0 bath_frac=1 jam_sweeps=800 jam_k=0.1 L=16 dt=0.02 T=1200 seed=20260802 diag_every=1000
# JAM skipped (no bath)
# SEED pair: i=0 j=1 x=0.2800/0.8367 p:q=3:2 m=2 d*=1.447314 d0=1.497314 (doff +0.0500)
# SEED pair radii r=0.8233 contact=1.5877  Em/voice=0.7000
# SEED noise: amp=0.5 (e1-class churn)
# INIT NC=2 slots=1 live=1 phi_nom=0.0010 z_live=1.00 dbar=1.4973 sigma_d=0.00% E0=4.774522958
#
# t | drift_rel | phi_nom z_live NLa NLd births deaths | dbar sigma_d% | maxstep maxbond | Em_tag ret com_dev rms conn z_tag | pair: d delta gf gb | core/far
t=    0.00 +0.00e+00 | 0.0010  1.00      1    0      0      0 | 1.4973  0.00 | 0.00e+00 0.00e+00 |   2.7918 1.0000  0.3732  0.6490 1.000  1.00 | d=1.497314 dl=+0.0000 gf=0.0000 gb=0.0000 x=0.2800
# CONVTAG t=0.00 rough=0.000000 cond=0.000000 evap=0.000000 backs=0.000000
# CANT t=0.00 a_tag=0.0000 a_max=0.0000 xl_tag=0.5584 nlock=0 tune=0.000000
t=   20.00 +6.32e-15 | 0.0010  1.00      1    0      0      0 | 1.5875  0.00 | 3.91e-16 6.99e-19 |   2.7918 1.0000  0.3855  0.6938 1.000  1.00 | d=1.587521 dl=-0.5521 gf=0.0121 gb=0.2118 x=0.2872
# CONVTAG t=20.00 rough=0.000000 cond=0.000000 evap=0.000000 backs=0.000000
# CANT t=20.00 a_tag=0.0465 a_max=0.0465 xl_tag=0.5583 nlock=0 tune=0.000000
# QATOM t=34.08 dir=DF w=1.45331083 e=0.265996842124 i=1 Em=2.0738
t=   40.00 +9.30e-15 | 0.0010  0.00      0    0      0      0 | 0.0000  0.00 | 0.00e+00 0.00e+00 |   2.7840 0.9972  0.2387  0.7625 0.500  0.00 | d=1.598020 dl=-0.6464 gf=0.0442 gb=0.5267 x=0.3905
# CONVTAG t=40.00 rough=0.000000 cond=0.224600 evap=0.265997 backs=0.034695
# CANT t=40.00 a_tag=0.0455 a_max=0.0455 xl_tag=0.5572 nlock=0 tune=0.000000
t=   60.00 +8.74e-15 | 0.0010  0.00      0    0      0      0 | 0.0000  0.00 | 0.00e+00 0.00e+00 |   3.0205 1.0819  0.1574  0.7833 0.500  0.00 | d=1.598020 dl=-0.8728 gf=0.0000 gb=0.0000 x=0.4851
# CONVTAG t=60.00 rough=0.000000 cond=0.430239 evap=0.265997 backs=0.034695
# CANT t=60.00 a_tag=0.0305 a_max=0.0305 xl_tag=0.5596 nlock=0 tune=0.000000
t=   80.00 +7.07e-15 | 0.0010  0.00      0    0      0      0 | 0.0000  0.00 | 0.00e+00 0.00e+00 |   2.7363 0.9802  0.0908  0.7938 0.500  0.00 | d=1.598020 dl=-0.6773 gf=0.0063 gb=0.2408 x=0.4851
# CONVTAG t=80.00 rough=0.000000 cond=0.430239 evap=0.550177 backs=0.071762
# CANT t=80.00 a_tag=0.0205 a_max=0.0205 xl_tag=0.5655 nlock=0 tune=0.000000
t=  100.00 +7.07e-15 | 0.0010  0.00      0    0      0      0 | 0.0000  0.00 | 0.00e+00 0.00e+00 |   2.9369 1.0520  0.1392  0.7868 0.500  0.00 | d=1.598020 dl=-0.8183 gf=0.9720 gb=0.3685 x=0.4851
# CONVTAG t=100.00 rough=0.000000 cond=0.604667 evap=0.550177 backs=0.071762
# CANT t=100.00 a_tag=0.0137 a_max=0.0137 xl_tag=0.5725 nlock=0 tune=0.000000
t=  120.00 +8.00e-15 | 0.0010  0.00      0    0      0      0 | 0.0000  0.00 | 0.00e+00 0.00e+00 |   2.6465 0.9480  0.0668  0.7962 0.500  0.00 | d=1.598020 dl=-0.6090 gf=0.0026 gb=0.0000 x=0.4851
# CONVTAG t=120.00 rough=0.000000 cond=0.604667 evap=0.840596 backs=0.109643
# CANT t=120.00 a_tag=0.0092 a_max=0.0092 xl_tag=0.5742 nlock=0 tune=0.000000
t=  140.00 +9.12e-15 | 0.0010  0.00      0    0      0      0 | 0.0000  0.00 | 0.00e+00 0.00e+00 |   3.0580 1.0954  0.1653  0.7817 0.500  0.00 | d=1.598020 dl=-0.8964 gf=0.0000 gb=0.0000 x=0.4851
# CONVTAG t=140.00 rough=0.000000 cond=0.962431 evap=0.840596 backs=0.109643
# CANT t=140.00 a_tag=0.0062 a_max=0.0062 xl_tag=0.5800 nlock=0 tune=0.000000
t=  160.00 +9.67e-15 | 0.0010  0.00      0    0      0      0 | 0.0000  0.00 | 0.00e+00 0.00e+00 |   2.7765 0.9945  0.1010  0.7926 0.500  0.00 | d=1.598020 dl=-0.7068 gf=0.0000 gb=0.0077 x=0.4851
# CONVTAG t=160.00 rough=0.000000 cond=0.962431 evap=1.122069 backs=0.146357
# CANT t=160.00 a_tag=0.0041 a_max=0.0041 xl_tag=0.5841 nlock=0 tune=0.000000
t=  180.00 +1.13e-14 | 0.0010  0.00      0    0      0      0 | 0.0000  0.00 | 0.00e+00 0.00e+00 |   2.7765 0.9945  0.1010  0.7926 0.500  0.00 | d=1.598020 dl=-0.7068 gf=0.5245 gb=0.0310 x=0.4851
# CONVTAG t=180.00 rough=0.000000 cond=0.962431 evap=1.122069 backs=0.146357
# CANT t=180.00 a_tag=0.0028 a_max=0.0028 xl_tag=0.5746 nlock=0 tune=0.000000
t=  200.00 +1.19e-14 | 0.0010  0.00      0    0      0      0 | 0.0000  0.00 | 0.00e+00 0.00e+00 |   2.9749 1.0656  0.1476  0.7853 0.500  0.00 | d=1.598020 dl=-0.8433 gf=0.0021 gb=0.0000 x=0.4851
# CONVTAG t=200.00 rough=0.000000 cond=1.134939 evap=1.122069 backs=0.146357
# CANT t=200.00 a_tag=0.0019 a_max=0.0019 xl_tag=0.5811 nlock=0 tune=0.000000
t=  220.00 +1.04e-14 | 0.0010  0.00      0    0      0      0 | 0.0000  0.00 | 0.00e+00 0.00e+00 |   2.8907 1.0354  0.1286  0.7886 0.500  0.00 | d=1.598020 dl=-0.7871 gf=0.0000 gb=0.0030 x=0.4851
# CONVTAG t=220.00 rough=0.000000 cond=1.311771 evap=1.409624 backs=0.183864
# CANT t=220.00 a_tag=0.0012 a_max=0.0012 xl_tag=0.5761 nlock=0 tune=0.000000
t=  240.00 +1.04e-14 | 0.0010  0.00      0    0      0      0 | 0.0000  0.00 | 0.00e+00 0.00e+00 |   2.8907 1.0354  0.1286  0.7886 0.500  0.00 | d=1.598020 dl=-0.7871 gf=0.4306 gb=0.9595 x=0.4851
# CONVTAG t=240.00 rough=0.000000 cond=1.311771 evap=1.409624 backs=0.183864
# CANT t=240.00 a_tag=0.0008 a_max=0.0008 xl_tag=0.5768 nlock=0 tune=0.000000
t=  260.00 +8.56e-15 | 0.0010  0.00      0    0      0      0 | 0.0000  0.00 | 0.00e+00 0.00e+00 |   2.8033 1.0042  0.1077  0.7917 0.500  0.00 | d=1.598020 dl=-0.7261 gf=0.4781 gb=0.0218 x=0.4851
# CONVTAG t=260.00 rough=0.000000 cond=1.479042 evap=1.689312 backs=0.220345
# CANT t=260.00 a_tag=0.0006 a_max=0.0006 xl_tag=0.5810 nlock=0 tune=0.000000
t=  280.00 +3.35e-15 | 0.0010  0.00      0    0      0      0 | 0.0000  0.00 | 0.00e+00 0.00e+00 |   2.8033 1.0042  0.1077  0.7917 0.500  0.00 | d=1.598020 dl=-0.7261 gf=0.0000 gb=0.0000 x=0.4851
# CONVTAG t=280.00 rough=0.000000 cond=1.479042 evap=1.689312 backs=0.220345
# CANT t=280.00 a_tag=0.0004 a_max=0.0004 xl_tag=0.5743 nlock=0 tune=0.000000
t=  300.00 +3.72e-15 | 0.0010  0.00      0    0      0      0 | 0.0000  0.00 | 0.00e+00 0.00e+00 |   2.9092 1.0421  0.1829  0.7778 0.500  0.00 | d=1.598020 dl=-0.7766 gf=0.0000 gb=0.0000 x=0.4486
# CONVTAG t=300.00 rough=0.000000 cond=1.862806 evap=2.024806 backs=0.264105
# CANT t=300.00 a_tag=0.0003 a_max=0.0003 xl_tag=0.5729 nlock=0 tune=0.000000
t=  320.00 +4.46e-15 | 0.0010  0.00      0    0      0      0 | 0.0000  0.00 | 0.00e+00 0.00e+00 |   2.8253 1.0120  0.1646  0.7819 0.500  0.00 | d=1.598020 dl=-0.7213 gf=0.0000 gb=0.0000 x=0.4486
# CONVTAG t=320.00 rough=0.000000 cond=2.038291 evap=2.310473 backs=0.301366
# CANT t=320.00 a_tag=0.0002 a_max=0.0002 xl_tag=0.5663 nlock=0 tune=0.000000
t=  340.00 +3.35e-15 | 0.0010  0.00      0    0      0      0 | 0.0000  0.00 | 0.00e+00 0.00e+00 |   2.8253 1.0120  0.1646  0.7819 0.500  0.00 | d=1.598020 dl=-0.7213 gf=0.0000 gb=0.0006 x=0.4486
# CONVTAG t=340.00 rough=0.000000 cond=2.038291 evap=2.310473 backs=0.301366
# CANT t=340.00 a_tag=0.0001 a_max=0.0001 xl_tag=0.5659 nlock=0 tune=0.000000
t=  360.00 +2.60e-15 | 0.0010  0.00      0    0      0      0 | 0.0000  0.00 | 0.00e+00 0.00e+00 |   2.8253 1.0120  0.1646  0.7819 0.500  0.00 | d=1.598020 dl=-0.7213 gf=0.0000 gb=0.0268 x=0.4486
# CONVTAG t=360.00 rough=0.000000 cond=2.038291 evap=2.310473 backs=0.301366
# CANT t=360.00 a_tag=0.0001 a_max=0.0001 xl_tag=0.5656 nlock=0 tune=0.000000
t=  380.00 +5.02e-15 | 0.0010  0.00      0    0      0      0 | 0.0000  0.00 | 0.00e+00 0.00e+00 |   2.9661 1.0624  0.0732  0.7969 0.500  0.00 | d=1.600502 dl=-0.8526 gf=0.0022 gb=0.0000 x=0.5389
# CONVTAG t=380.00 rough=0.000000 cond=2.414615 evap=2.602466 backs=0.339452
# CANT t=380.00 a_tag=0.0001 a_max=0.0001 xl_tag=0.5670 nlock=0 tune=0.000000
t=  400.00 +4.65e-15 | 0.0010  0.00      0    0      0      0 | 0.0000  0.00 | 0.00e+00 0.00e+00 |   2.9661 1.0624  0.0732  0.7969 0.500  0.00 | d=1.600502 dl=-0.8526 gf=0.1575 gb=0.9838 x=0.5389
# CONVTAG t=400.00 rough=0.000000 cond=2.414615 evap=2.602466 backs=0.339452
# CANT t=400.00 a_tag=0.0000 a_max=0.0000 xl_tag=0.5757 nlock=0 tune=0.000000
t=  420.00 +4.84e-15 | 0.0010  0.00      0    0      0      0 | 0.0000  0.00 | 0.00e+00 0.00e+00 |   2.9661 1.0624  0.0732  0.7969 0.500  0.00 | d=1.600502 dl=-0.8526 gf=0.0000 gb=0.0000 x=0.5389
# CONVTAG t=420.00 rough=0.000000 cond=2.414615 evap=2.602466 backs=0.339452
# CANT t=420.00 a_tag=0.0000 a_max=0.0000 xl_tag=0.5814 nlock=0 tune=0.000000
t=  440.00 +5.21e-15 | 0.0010  0.00      0    0      0      0 | 0.0000  0.00 | 0.00e+00 0.00e+00 |   2.8800 1.0316  0.0515  0.7986 0.500  0.00 | d=1.600502 dl=-0.7904 gf=0.0023 gb=0.0000 x=0.5389
# CONVTAG t=440.00 rough=0.000000 cond=2.599478 evap=2.901161 backs=0.378412
# CANT t=440.00 a_tag=0.0000 a_max=0.0000 xl_tag=0.5752 nlock=0 tune=0.000000
t=  460.00 +4.84e-15 | 0.0010  0.00      0    0      0      0 | 0.0000  0.00 | 0.00e+00 0.00e+00 |   2.8800 1.0316  0.0515  0.7986 0.500  0.00 | d=1.600502 dl=-0.7904 gf=0.9425 gb=0.4596 x=0.5389
# CONVTAG t=460.00 rough=0.000000 cond=2.599478 evap=2.901161 backs=0.378412
# CANT t=460.00 a_tag=0.0000 a_max=0.0000 xl_tag=0.5754 nlock=0 tune=0.000000
t=  480.00 +4.65e-15 | 0.0010  0.00      0    0      0      0 | 0.0000  0.00 | 0.00e+00 0.00e+00 |   2.8800 1.0316  0.0515  0.7986 0.500  0.00 | d=1.600502 dl=-0.7904 gf=0.0001 gb=0.0499 x=0.5389
# CONVTAG t=480.00 rough=0.000000 cond=2.599478 evap=2.901161 backs=0.378412
# CANT t=480.00 a_tag=0.0000 a_max=0.0000 xl_tag=0.5756 nlock=0 tune=0.000000
t=  500.00 +8.00e-15 | 0.0010  0.00      0    0      0      0 | 0.0000  0.00 | 0.00e+00 0.00e+00 |   3.0232 1.0829  0.0111  0.8002 0.500  0.00 | d=1.600502 dl=-0.9034 gf=0.0003 gb=0.0000 x=0.5962
# CONVTAG t=500.00 rough=0.000000 cond=3.004297 evap=3.223487 backs=0.420455
# CANT t=500.00 a_tag=0.0000 a_max=0.0000 xl_tag=0.5748 nlock=0 tune=0.000000
t=  520.00 +4.46e-15 | 0.0010  0.00      0    0      0      0 | 0.0000  0.00 | 0.00e+00 0.00e+00 |   2.9360 1.0517  0.0123  0.8002 0.500  0.00 | d=1.600502 dl=-0.8373 gf=0.0000 gb=0.0000 x=0.5962
# CONVTAG t=520.00 rough=0.000000 cond=3.194365 evap=3.529295 backs=0.460343
# CANT t=520.00 a_tag=0.0000 a_max=0.0000 xl_tag=0.5755 nlock=0 tune=0.000000
t=  540.00 +2.42e-15 | 0.0010  0.00      0    0      0      0 | 0.0000  0.00 | 0.00e+00 0.00e+00 |   3.1410 1.1251  0.0407  0.7992 0.500  0.00 | d=1.600502 dl=-0.9878 gf=0.0000 gb=0.0000 x=0.5962
# CONVTAG t=540.00 rough=0.000000 cond=3.372661 evap=3.529295 backs=0.460343
# CANT t=540.00 a_tag=0.0000 a_max=0.0000 xl_tag=0.5882 nlock=0 tune=0.000000
t=  560.00 +2.05e-15 | 0.0010  0.00      0    0      0      0 | 0.0000  0.00 | 0.00e+00 0.00e+00 |   3.1410 1.1251  0.0407  0.7992 0.500  0.00 | d=1.600502 dl=-0.9878 gf=0.5151 gb=0.0043 x=0.5962
# CONVTAG t=560.00 rough=0.000000 cond=3.372661 evap=3.529295 backs=0.460343
# CANT t=560.00 a_tag=0.0000 a_max=0.0000 xl_tag=0.6014 nlock=0 tune=0.000000
t=  580.00 +1.12e-15 | 0.0010  0.00      0    0      0      0 | 0.0000  0.00 | 0.00e+00 0.00e+00 |   2.8316 1.0143  0.1326  0.7892 0.500  0.00 | d=1.600502 dl=-0.7313 gf=0.0048 gb=0.2555 x=0.4725
# CONVTAG t=580.00 rough=0.000000 cond=3.372661 evap=3.838705 backs=0.500701
# CANT t=580.00 a_tag=0.0000 a_max=0.0000 xl_tag=0.6035 nlock=0 tune=0.000000
t=  600.00 +3.53e-15 | 0.0010  0.00      0    0      0      0 | 0.0000  0.00 | 0.00e+00 0.00e+00 |   2.7571 0.9876  0.0141  0.8001 0.500  0.00 | d=1.600531 dl=-0.6964 gf=0.0000 gb=0.0001 x=0.5611
# CONVTAG t=600.00 rough=0.000000 cond=3.565389 evap=4.134864 backs=0.539330
# CANT t=600.00 a_tag=0.0000 a_max=0.0000 xl_tag=0.5813 nlock=0 tune=0.000000
t=  620.00 +2.23e-15 | 0.0010  0.00      0    0      0      0 | 0.0000  0.00 | 0.00e+00 0.00e+00 |   2.9646 1.0619  0.0691  0.7973 0.500  0.00 | d=1.600531 dl=-0.8523 gf=0.0930 gb=0.9149 x=0.6441
# CONVTAG t=620.00 rough=0.000000 cond=3.745865 evap=4.134864 backs=0.539330
# CANT t=620.00 a_tag=0.0000 a_max=0.0000 xl_tag=0.5811 nlock=0 tune=0.000000
t=  640.00 +1.67e-15 | 0.0010  0.00      0    0      0      0 | 0.0000  0.00 | 0.00e+00 0.00e+00 |   2.9646 1.0619  0.0691  0.7973 0.500  0.00 | d=1.600531 dl=-0.8523 gf=0.0164 gb=0.0000 x=0.6441
# CONVTAG t=640.00 rough=0.000000 cond=3.745865 evap=4.134864 backs=0.539330
# CANT t=640.00 a_tag=0.0000 a_max=0.0000 xl_tag=0.5850 nlock=0 tune=0.000000
t=  660.00 +1.30e-15 | 0.0010  0.00      0    0      0      0 | 0.0000  0.00 | 0.00e+00 0.00e+00 |   2.9646 1.0619  0.0691  0.7973 0.500  0.00 | d=1.600531 dl=-0.8523 gf=0.0000 gb=0.0026 x=0.6441
# CONVTAG t=660.00 rough=0.000000 cond=3.745865 evap=4.134864 backs=0.539330
# CANT t=660.00 a_tag=0.0000 a_max=0.0000 xl_tag=0.5876 nlock=0 tune=0.000000
t=  680.00 +5.21e-15 | 0.0010  0.00      0    0      0      0 | 0.0000  0.00 | 0.00e+00 0.00e+00 |   2.8784 1.0310  0.0472  0.7989 0.500  0.00 | d=1.600531 dl=-0.7897 gf=0.0029 gb=0.2544 x=0.6096
# CONVTAG t=680.00 rough=0.000000 cond=3.931223 evap=4.434240 backs=0.578379
# CANT t=680.00 a_tag=0.0000 a_max=0.0000 xl_tag=0.5786 nlock=0 tune=0.000000
t=  700.00 +6.14e-15 | 0.0010  0.00      0    0      0      0 | 0.0000  0.00 | 0.00e+00 0.00e+00 |   3.0790 1.1029  0.0963  0.7945 0.500  0.00 | d=1.600531 dl=-0.9309 gf=0.0588 gb=0.0000 x=0.6899
# CONVTAG t=700.00 rough=0.000000 cond=4.105629 evap=4.434240 backs=0.578379
# CANT t=700.00 a_tag=0.0000 a_max=0.0000 xl_tag=0.5875 nlock=0 tune=0.000000
t=  720.00 +4.65e-15 | 0.0010  0.00      0    0      0      0 | 0.0000  0.00 | 0.00e+00 0.00e+00 |   2.7573 0.9877  0.2009  0.7746 0.500  0.00 | d=1.600531 dl=-0.6405 gf=0.3408 gb=0.9857 x=0.6899
# CONVTAG t=720.00 rough=0.000000 cond=4.105629 evap=4.755913 backs=0.620337
# CANT t=720.00 a_tag=0.0000 a_max=0.0000 xl_tag=0.5902 nlock=0 tune=0.000000
t=  740.00 +7.07e-15 | 0.0010  0.00      0    0      0      0 | 0.0000  0.00 | 0.00e+00 0.00e+00 |   2.6991 0.9668  0.0502  0.7987 0.500  0.00 | d=1.600531 dl=-0.6461 gf=0.0003 gb=0.0000 x=0.5737
# CONVTAG t=740.00 rough=0.000000 cond=4.307544 evap=5.046299 backs=0.658213
# CANT t=740.00 a_tag=0.0000 a_max=0.0000 xl_tag=0.5744 nlock=0 tune=0.000000
t=  760.00 +8.93e-15 | 0.0010  0.00      0    0      0      0 | 0.0000  0.00 | 0.00e+00 0.00e+00 |   2.9048 1.0405  0.1034  0.7936 0.500  0.00 | d=1.600531 dl=-0.7980 gf=0.0011 gb=0.1734 x=0.6560
# CONVTAG t=760.00 rough=0.000000 cond=4.486403 evap=5.046299 backs=0.658213
# CANT t=760.00 a_tag=0.0000 a_max=0.0000 xl_tag=0.5717 nlock=0 tune=0.000000
t=  780.00 +9.67e-15 | 0.0010  0.00      0    0      0      0 | 0.0000  0.00 | 0.00e+00 0.00e+00 |   2.9048 1.0405  0.1034  0.7936 0.500  0.00 | d=1.600531 dl=-0.7980 gf=0.0001 gb=0.0000 x=0.6560
# CONVTAG t=780.00 rough=0.000000 cond=4.486403 evap=5.046299 backs=0.658213
# CANT t=780.00 a_tag=0.0000 a_max=0.0000 xl_tag=0.5748 nlock=0 tune=0.000000
t=  800.00 +8.56e-15 | 0.0010  0.00      0    0      0      0 | 0.0000  0.00 | 0.00e+00 0.00e+00 |   2.6078 0.9341  0.0240  0.7999 0.500  0.00 | d=1.600531 dl=-0.5728 gf=0.0074 gb=0.1768 x=0.5372
# CONVTAG t=800.00 rough=0.000000 cond=4.486403 evap=5.343291 backs=0.696951
# CANT t=800.00 a_tag=0.0000 a_max=0.0000 xl_tag=0.5690 nlock=0 tune=0.000000
t=  820.00 +1.34e-14 | 0.0010  0.00      0    0      0      0 | 0.0000  0.00 | 0.00e+00 0.00e+00 |   2.8190 1.0098  0.0821  0.7960 0.500  0.00 | d=1.600531 dl=-0.7367 gf=0.0814 gb=0.0004 x=0.6217
# CONVTAG t=820.00 rough=0.000000 cond=4.670028 evap=5.343291 backs=0.696951
# CANT t=820.00 a_tag=0.0000 a_max=0.0000 xl_tag=0.5666 nlock=0 tune=0.000000
t=  840.00 +1.88e-14 | 0.0010  0.00      0    0      0      0 | 0.0000  0.00 | 0.00e+00 0.00e+00 |   2.8190 1.0098  0.0821  0.7960 0.500  0.00 | d=1.600531 dl=-0.7367 gf=0.0000 gb=0.0035 x=0.6217
# CONVTAG t=840.00 rough=0.000000 cond=4.670028 evap=5.343291 backs=0.696951
# CANT t=840.00 a_tag=0.0000 a_max=0.0000 xl_tag=0.5657 nlock=0 tune=0.000000
t=  860.00 +2.42e-14 | 0.0010  0.00      0    0      0      0 | 0.0000  0.00 | 0.00e+00 0.00e+00 |   2.8190 1.0098  0.0821  0.7960 0.500  0.00 | d=1.600531 dl=-0.7367 gf=0.5431 gb=0.0284 x=0.6217
# CONVTAG t=860.00 rough=0.000000 cond=4.670028 evap=5.343291 backs=0.696951
# CANT t=860.00 a_tag=0.0000 a_max=0.0000 xl_tag=0.5651 nlock=0 tune=0.000000
t=  880.00 +3.01e-14 | 0.0010  0.00      0    0      0      0 | 0.0000  0.00 | 0.00e+00 0.00e+00 |   3.1642 1.1334  0.0582  0.7986 0.500  0.00 | d=1.601442 dl=-0.9988 gf=0.0207 gb=0.0000 x=0.5869
# CONVTAG t=880.00 rough=0.000000 cond=5.234590 evap=5.647290 backs=0.736603
# CANT t=880.00 a_tag=0.0000 a_max=0.0000 xl_tag=0.5628 nlock=0 tune=0.000000
t=  900.00 +3.14e-14 | 0.0010  0.00      0    0      0      0 | 0.0000  0.00 | 0.00e+00 0.00e+00 |   2.8717 1.0286  0.0175  0.8005 0.500  0.00 | d=1.601442 dl=-0.7841 gf=0.0232 gb=0.0000 x=0.5869
# CONVTAG t=900.00 rough=0.000000 cond=5.234590 evap=5.939801 backs=0.774757
# CANT t=900.00 a_tag=0.0000 a_max=0.0000 xl_tag=0.5705 nlock=0 tune=0.000000
t=  920.00 +3.26e-14 | 0.0010  0.00      0    0      0      0 | 0.0000  0.00 | 0.00e+00 0.00e+00 |   3.0792 1.1030  0.0376  0.7998 0.500  0.00 | d=1.601442 dl=-0.9398 gf=0.1515 gb=0.0002 x=0.5869
# CONVTAG t=920.00 rough=0.000000 cond=5.414976 evap=5.939801 backs=0.774757
# CANT t=920.00 a_tag=0.0000 a_max=0.0000 xl_tag=0.5793 nlock=0 tune=0.000000
t=  940.00 +3.42e-14 | 0.0010  0.00      0    0      0      0 | 0.0000  0.00 | 0.00e+00 0.00e+00 |   3.0792 1.1030  0.0376  0.7998 0.500  0.00 | d=1.601442 dl=-0.9398 gf=0.7471 gb=0.5306 x=0.5869
# CONVTAG t=940.00 rough=0.000000 cond=5.414976 evap=5.939801 backs=0.774757
# CANT t=940.00 a_tag=0.0000 a_max=0.0000 xl_tag=0.5914 nlock=0 tune=0.000000
t=  960.00 +3.33e-14 | 0.0010  0.00      0    0      0      0 | 0.0000  0.00 | 0.00e+00 0.00e+00 |   2.7799 0.9958  0.0445  0.7995 0.500  0.00 | d=1.601442 dl=-0.7091 gf=0.1699 gb=0.9115 x=0.5869
# CONVTAG t=960.00 rough=0.000000 cond=5.414976 evap=6.239045 backs=0.813789
# CANT t=960.00 a_tag=0.0000 a_max=0.0000 xl_tag=0.5932 nlock=0 tune=0.000000
t=  980.00 +2.92e-14 | 0.0010  0.00      0    0      0      0 | 0.0000  0.00 | 0.00e+00 0.00e+00 |   2.6815 0.9605  0.1105  0.7931 0.500  0.00 | d=1.601442 dl=-0.6153 gf=0.0001 gb=0.0210 x=0.4623
# CONVTAG t=980.00 rough=0.000000 cond=5.600238 evap=6.550489 backs=0.854412
# CANT t=980.00 a_tag=0.0000 a_max=0.0000 xl_tag=0.5861 nlock=0 tune=0.000000
t= 1000.00 +2.57e-14 | 0.0010  0.00      0    0      0      0 | 0.0000  0.00 | 0.00e+00 0.00e+00 |   2.9049 1.0405  0.0404  0.7997 0.500  0.00 | d=1.601442 dl=-0.8080 gf=0.0000 gb=0.0000 x=0.5517
# CONVTAG t=1000.00 rough=0.000000 cond=5.794477 evap=6.550489 backs=0.854412
# CANT t=1000.00 a_tag=0.0000 a_max=0.0000 xl_tag=0.5835 nlock=0 tune=0.000000
t= 1020.00 +2.20e-14 | 0.0010  0.00      0    0      0      0 | 0.0000  0.00 | 0.00e+00 0.00e+00 |   2.9049 1.0405  0.0404  0.7997 0.500  0.00 | d=1.601442 dl=-0.8080 gf=0.0713 gb=0.0001 x=0.5517
# CONVTAG t=1020.00 rough=0.000000 cond=5.794477 evap=6.550489 backs=0.854412
# CANT t=1020.00 a_tag=0.0000 a_max=0.0000 xl_tag=0.5826 nlock=0 tune=0.000000
t= 1040.00 +1.84e-14 | 0.0010  0.00      0    0      0      0 | 0.0000  0.00 | 0.00e+00 0.00e+00 |   2.9049 1.0405  0.0404  0.7997 0.500  0.00 | d=1.601442 dl=-0.8080 gf=0.8346 gb=0.5936 x=0.5517
# CONVTAG t=1040.00 rough=0.000000 cond=5.794477 evap=6.550489 backs=0.854412
# CANT t=1040.00 a_tag=0.0000 a_max=0.0000 xl_tag=0.5821 nlock=0 tune=0.000000
t= 1060.00 +1.75e-14 | 0.0010  0.00      0    0      0      0 | 0.0000  0.00 | 0.00e+00 0.00e+00 |   3.0367 1.0877  0.0734  0.7973 0.500  0.00 | d=1.601442 dl=-0.9024 gf=0.0682 gb=0.9041 x=0.5517
# CONVTAG t=1060.00 rough=0.000000 cond=6.175473 evap=6.856880 backs=0.894376
# CANT t=1060.00 a_tag=0.0000 a_max=0.0000 xl_tag=0.5797 nlock=0 tune=0.000000
t= 1080.00 +1.66e-14 | 0.0010  0.00      0    0      0      0 | 0.0000  0.00 | 0.00e+00 0.00e+00 |   3.0367 1.0877  0.0734  0.7973 0.500  0.00 | d=1.601442 dl=-0.9024 gf=0.0000 gb=0.0000 x=0.5517
# CONVTAG t=1080.00 rough=0.000000 cond=6.175473 evap=6.856880 backs=0.894376
# CANT t=1080.00 a_tag=0.0000 a_max=0.0000 xl_tag=0.5888 nlock=0 tune=0.000000
t= 1100.00 +1.58e-14 | 0.0010  0.00      0    0      0      0 | 0.0000  0.00 | 0.00e+00 0.00e+00 |   3.0367 1.0877  0.0734  0.7973 0.500  0.00 | d=1.601442 dl=-0.9024 gf=0.9972 gb=0.2132 x=0.5517
# CONVTAG t=1100.00 rough=0.000000 cond=6.175473 evap=6.856880 backs=0.894376
# CANT t=1100.00 a_tag=0.0000 a_max=0.0000 xl_tag=0.5949 nlock=0 tune=0.000000
t= 1120.00 +1.97e-14 | 0.0010  0.00      0    0      0      0 | 0.0000  0.00 | 0.00e+00 0.00e+00 |   2.6317 0.9427  0.1562  0.7872 0.500  0.00 | d=1.605172 dl=-0.5446 gf=0.0000 gb=0.0000 x=0.4239
# CONVTAG t=1120.00 rough=0.000000 cond=6.358089 evap=7.471845 backs=0.974588
# CANT t=1120.00 a_tag=0.0433 a_max=0.0433 xl_tag=0.5740 nlock=0 tune=0.000000
t= 1140.00 +2.31e-14 | 0.0010  0.00      0    0      0      0 | 0.0000  0.00 | 0.00e+00 0.00e+00 |   2.8296 1.0136  0.2014  0.7769 0.500  0.00 | d=1.605172 dl=-0.6809 gf=0.0000 gb=0.0000 x=0.4239
# CONVTAG t=1140.00 rough=0.000000 cond=6.530213 evap=7.471845 backs=0.974588
# CANT t=1140.00 a_tag=0.0290 a_max=0.0290 xl_tag=0.5660 nlock=0 tune=0.000000
t= 1160.00 +2.46e-14 | 0.0010  0.00      0    0      0      0 | 0.0000  0.00 | 0.00e+00 0.00e+00 |   2.7438 0.9828  0.1826  0.7815 0.500  0.00 | d=1.605172 dl=-0.6235 gf=0.0005 gb=0.0000 x=0.4239
# CONVTAG t=1160.00 rough=0.000000 cond=6.693494 evap=7.745490 backs=1.010281
# CANT t=1160.00 a_tag=0.0194 a_max=0.0194 xl_tag=0.5715 nlock=0 tune=0.000000
t= 1180.00 +2.03e-14 | 0.0010  0.00      0    0      0      0 | 0.0000  0.00 | 0.00e+00 0.00e+00 |   2.9358 1.0516  0.2232  0.7709 0.500  0.00 | d=1.605172 dl=-0.7484 gf=0.0158 gb=0.0000 x=0.4239
# CONVTAG t=1180.00 rough=0.000000 cond=6.860498 evap=7.745490 backs=1.010281
# CANT t=1180.00 a_tag=0.0130 a_max=0.0130 xl_tag=0.5671 nlock=0 tune=0.000000
t= 1200.00 +2.05e-14 | 0.0010  0.00      0    0      0      0 | 0.0000  0.00 | 0.00e+00 0.00e+00 |   2.8532 1.0220  0.2064  0.7756 0.500  0.00 | d=1.605172 dl=-0.6961 gf=0.1493 gb=0.0020 x=0.4239
# CONVTAG t=1200.00 rough=0.000000 cond=7.031460 evap=8.024773 backs=1.046710
# CANT t=1200.00 a_tag=0.0087 a_max=0.0087 xl_tag=0.5638 nlock=0 tune=0.000000
#
# RESULT drift_rel 2.046e-14
# RESULT births 0 deaths 0 beta_returns 0 beta_energy 0.000000e+00
# RESULT conv rough=0.000000 cond=7.031460 evap=0.000000 backs=1.046710 rad=8.024773
# RESULT credit qcnvD=0.421530 qcnvF=0.145410
# RESULT cantus a_tag=0.0087 a_max=0.0087 xl_tag=0.5638 nlock=0 tune_total=0.000000
# RESULT convtag rough=0.000000 cond=7.031460 evap=8.024773 backs=1.046710 net=0.053396
# RESULT geometry phi_nom=0.0010 z_live=0.00 dbar=0.0000 sigma_d=0.0000
# RESULT pair d_final=1.605172 d_star_seed=1.447314 d_star_live=3.610355 off_live=-2.005183 Em_i=1.05977 Em_j=1.79339
# RESULT pairflux dep_ij=5.451475e-03 dep_ji=2.334974e-02 lem_ij=2.659508e-10 lem_ji=5.493770e-10
