# freecell — v89 free-cell substance test (exp=ring)
# laws = laws_V2g VERBATIM (defaults): C=1 w1=1.65 w2=2.9 q_detune=1.2
# gamma_res=0.25 gamma_res_m=0.1 p_gate=8 lock_floor=0.005 k_dep=1.2 k_dep_m=2 cap=2.5
# e_s0=1 es_floor=0.05 e_cond=0 f_conv=0.25 f_evap=0.5 s_pull=0.15
# kappa_lock=1 kappa_align=0.5 s_k=0.06 s_disp=0.3 sigma_tumble=0.01
# comb_limit=6 rough_k=0.35 gamma_rough=0.5 mob_sym=1 mob_floor=0.004 field_J=1.8
# quant_A0=1.15 quant_mode=2 (A0eff=1.15)
# v91 radiance (laws_V3r candidate A): k_rad=0.05 p_rad=4 rad_clock=0
# v91 cantus (coherent-channel candidate B): k_cant=1 k_tune=0.2 cant_tau=50 cant_seed=0
# GEOMETRY (apparatus): cfac=1.15 k_rep=1 mob_geo=1 kappa_bond=1 freeze_geo=0
# bath=1 bath_frac=1 jam_sweeps=800 jam_k=0.1 L=16 dt=0.02 T=5000 seed=20260802 diag_every=2000
# JAM sweeps=800 max_step=1.402e-04 (tol 1.0e-04, k_end=0.0010) — witness for the settle
# CARVE removed 85 bath cells (clear=3.09)
# SEED ring: n=6 x=0.6200 d*=1.889289 d_edge=1.889289 edges=6
# SEED noise: amp=0.5 (e1-class churn)
# INIT NC=2621 slots=24873 live=19988 phi_nom=1.6538 z_live=15.25 dbar=1.4113 sigma_d=14.81% E0=3279.295988266
#
# t | drift_rel | phi_nom z_live NLa NLd births deaths | dbar sigma_d% | maxstep maxbond | Em_tag ret com_dev rms conn z_tag | pair: d delta gf gb | core/far
t=    0.00 +0.00e+00 | 1.6538 15.25  19988    0      0      0 | 1.4113 14.81 | 0.00e+00 0.00e+00 |   9.3000 1.0000  0.0000  1.8893 0.167  1.17 | edge_dev mean=0.0000 max=0.0000 gg=0.0000 shape_dev=0.0000 xbar=0.6200
# CONVTAG t=0.00 rough=0.000000 cond=0.000000 evap=0.000000 backs=0.000000
# CANT t=0.00 a_tag=0.0000 a_max=0.0000 xl_tag=0.6200 nlock=0 tune=0.000000
# QATOM t=5.06 dir=FD w=1.65 e=0.301996504517 i=2564 Em=0.0000
# QATOM t=17.66 dir=FD w=1.64936463 e=0.301880214169 i=804 Em=0.0002
# QATOM t=22.52 dir=FD w=1.64161905 e=0.300462555325 i=2378 Em=0.0097
# QATOM t=27.20 dir=FD w=1.6225261 e=0.296968006132 i=1966 Em=0.0166
# QATOM t=31.50 dir=FD w=1.63403649 e=0.299074731661 i=1824 Em=0.0190
# QATOM t=36.86 dir=FD w=1.59712345 e=0.29231860512 i=708 Em=0.0362
t=   40.00 -6.93e-16 | 1.6226 15.81  20716   39   6725   7184 | 1.4317 14.57 | 1.21e-02 2.32e-02 |   9.2026 0.9895  0.0894  1.0340 1.000 12.67 | edge_dev mean=0.6840 max=0.8706 gg=0.0000 shape_dev=2.5946 xbar=0.6126
# CONVTAG t=40.00 rough=0.000000 cond=0.509737 evap=0.854922 backs=0.111512
# CANT t=40.00 a_tag=0.0530 a_max=0.4639 xl_tag=0.6211 nlock=0 tune=104.376684
# QATOM t=43.52 dir=FD w=1.59465129 e=0.291866130173 i=1437 Em=0.0662
# QATOM t=53.00 dir=FD w=1.47009998 e=0.269069730503 i=2353 Em=0.0792
# QATOM t=67.80 dir=FD w=1.41245153 e=0.258518439181 i=2027 Em=0.1551
t=   80.00 -6.93e-16 | 1.6088 15.58  20416   37  11709  12469 | 1.4249 14.31 | 5.99e-03 1.43e-02 |   8.9185 0.9590  0.2751  0.9643 1.000 13.00 | edge_dev mean=0.7618 max=0.8815 gg=0.0000 shape_dev=2.7576 xbar=0.5939
# CONVTAG t=80.00 rough=0.610682 cond=1.374639 evap=3.828684 backs=0.579048
# CANT t=80.00 a_tag=0.0792 a_max=0.7372 xl_tag=0.6052 nlock=1565 tune=600.447592
# QATOM t=92.56 dir=FD w=1.61835312 e=0.296204232625 i=1864 Em=0.0268
t=  120.00 -8.32e-16 | 1.6062 15.55  20373   16  17188  18059 | 1.4231 14.20 | 5.37e-03 1.38e-02 |   8.9657 0.9641  0.3297  0.9405 1.000 12.67 | edge_dev mean=0.7658 max=0.8874 gg=0.0005 shape_dev=2.8225 xbar=0.5976
# CONVTAG t=120.00 rough=0.610682 cond=2.924553 evap=6.223560 backs=0.891423
# CANT t=120.00 a_tag=0.0972 a_max=0.8689 xl_tag=0.6073 nlock=2362 tune=1393.624720
# QATOM t=129.74 dir=FD w=1.4697405 e=0.269003935878 i=710 Em=0.1353
t=  160.00 -8.32e-16 | 1.6050 15.54  20367   12  22865  23797 | 1.4229 14.19 | 5.20e-03 1.36e-02 |   8.8819 0.9550  0.3521  1.0215 1.000 12.67 | edge_dev mean=0.6914 max=0.8870 gg=0.0004 shape_dev=2.7092 xbar=0.5919
# CONVTAG t=160.00 rough=0.610682 cond=3.804144 evap=8.083089 backs=1.133970
# CANT t=160.00 a_tag=0.1055 a_max=0.9349 xl_tag=0.6019 nlock=2530 tune=2389.617884
# QATOM t=189.48 dir=FD w=1.60045416 e=0.292928220189 i=807 Em=0.0366
t=  200.00 -8.32e-16 | 1.6043 15.54  20364    4  28461  29443 | 1.4226 14.16 | 3.65e-03 1.36e-02 |   8.7077 0.9363  0.3365  1.0237 1.000 12.83 | edge_dev mean=0.6881 max=0.8622 gg=0.0006 shape_dev=2.7428 xbar=0.5803
# CONVTAG t=200.00 rough=1.226209 cond=4.318934 evap=9.275361 backs=1.369770
# CANT t=200.00 a_tag=0.1176 a_max=0.9628 xl_tag=0.5902 nlock=2556 tune=3549.233979
t=  240.00 -8.32e-16 | 1.6040 15.53  20348    7  33781  34858 | 1.4218 14.10 | 6.41e-03 1.74e-02 |   8.5238 0.9165  0.3692  1.0641 1.000 13.50 | edge_dev mean=0.6469 max=0.8762 gg=0.0014 shape_dev=2.6737 xbar=0.5675
# CONVTAG t=240.00 rough=1.226209 cond=5.026151 evap=11.682429 backs=1.683735
# CANT t=240.00 a_tag=0.1154 a_max=0.9794 xl_tag=0.5752 nlock=2577 tune=4810.777760
# QATOM t=270.82 dir=FD w=1.44509556 e=0.264493217222 i=2263 Em=0.0818
t=  280.00 -6.93e-16 | 1.6037 15.55  20374    5  39247  40302 | 1.4221 14.10 | 7.77e-03 1.89e-02 |   8.5571 0.9201  0.3709  1.0463 1.000 13.50 | edge_dev mean=0.6480 max=0.8020 gg=0.0015 shape_dev=2.6282 xbar=0.5704
# CONVTAG t=280.00 rough=1.226209 cond=6.097786 evap=13.814114 backs=1.961781
# CANT t=280.00 a_tag=0.1221 a_max=0.9892 xl_tag=0.5636 nlock=2585 tune=6154.690352
t=  320.00 -8.32e-16 | 1.6039 15.55  20377    5  44609  45684 | 1.4221 14.10 | 7.11e-03 1.90e-02 |   7.8044 0.8392  0.3114  1.0368 1.000 14.00 | edge_dev mean=0.6552 max=0.7911 gg=0.0663 shape_dev=2.5516 xbar=0.5202
# CONVTAG t=320.00 rough=2.135021 cond=6.994179 evap=16.001075 backs=2.365578
# CANT t=320.00 a_tag=0.1228 a_max=0.9942 xl_tag=0.5516 nlock=2588 tune=7521.027288
# QATOM t=354.66 dir=FD w=1.59206417 e=0.291392613836 i=1840 Em=0.0564
t=  360.00 -8.32e-16 | 1.6039 15.55  20382    8  50389  51513 | 1.4219 14.07 | 4.49e-03 1.18e-02 |   7.8640 0.8456  0.3150  1.0756 1.000 13.67 | edge_dev mean=0.6300 max=0.7893 gg=0.0123 shape_dev=2.4918 xbar=0.5235
# CONVTAG t=360.00 rough=2.432752 cond=7.898075 evap=17.927973 backs=2.655747
# CANT t=360.00 a_tag=0.1191 a_max=0.9953 xl_tag=0.5410 nlock=2583 tune=8885.523432
t=  400.00 -6.93e-16 | 1.6039 15.56  20385    8  55801  56929 | 1.4219 14.06 | 9.70e-03 2.32e-02 |   7.6834 0.8262  0.3327  1.0816 1.000 13.33 | edge_dev mean=0.6590 max=0.8093 gg=0.0102 shape_dev=2.5426 xbar=0.5119
# CONVTAG t=400.00 rough=2.432752 cond=8.619434 evap=20.437987 backs=2.983140
# CANT t=400.00 a_tag=0.1243 a_max=0.9951 xl_tag=0.5257 nlock=2580 tune=10255.391835
# QATOM t=425.14 dir=DF w=2.32011068 e=0.424645645685 i=2470 Em=0.4329
t=  440.00 -6.93e-16 | 1.6045 15.56  20391    3  61137  62244 | 1.4220 14.06 | 5.13e-03 1.31e-02 |   7.7375 0.8320  0.3142  1.0774 1.000 13.67 | edge_dev mean=0.6291 max=0.8172 gg=0.1024 shape_dev=2.4976 xbar=0.5156
# CONVTAG t=440.00 rough=2.432752 cond=9.351691 evap=22.629192 backs=3.268949
# CANT t=440.00 a_tag=0.1252 a_max=0.9957 xl_tag=0.5099 nlock=2579 tune=11621.407450
t=  480.00 -6.93e-16 | 1.6045 15.61  20453    2  66605  67730 | 1.4226 14.06 | 4.85e-03 1.53e-02 |   7.7301 0.8312  0.3128  1.1077 1.000 14.17 | edge_dev mean=0.6626 max=0.8666 gg=0.0010 shape_dev=2.5455 xbar=0.5148
# CONVTAG t=480.00 rough=3.057355 cond=10.507395 evap=24.275820 backs=3.565197
# CANT t=480.00 a_tag=0.1221 a_max=0.9974 xl_tag=0.5010 nlock=2580 tune=13010.830945
# QATOM t=489.88 dir=DF w=2.36156243 e=0.432232484228 i=361 Em=0.4493
t=  520.00 -5.55e-16 | 1.6044 15.61  20455    2  72077  73250 | 1.4227 14.06 | 6.37e-03 1.99e-02 |   7.4341 0.7994  0.3337  1.0951 1.000 14.00 | edge_dev mean=0.6399 max=0.9071 gg=0.0369 shape_dev=2.5256 xbar=0.4969
# CONVTAG t=520.00 rough=3.057355 cond=10.887368 evap=26.504258 backs=3.855863
# CANT t=520.00 a_tag=0.1209 a_max=0.9973 xl_tag=0.4867 nlock=2583 tune=14413.430794
# QATOM t=554.70 dir=DF w=1.7873232 e=0.327130520975 i=2616 Em=1.1472
t=  560.00 -5.55e-16 | 1.6046 15.62  20468    1  77692  78877 | 1.4230 14.07 | 9.18e-03 2.35e-02 |   6.9097 0.7430  0.2947  1.1295 1.000 14.17 | edge_dev mean=0.6272 max=0.8520 gg=0.0913 shape_dev=2.5153 xbar=0.4603
# CONVTAG t=560.00 rough=3.707913 cond=11.660204 evap=28.439974 backs=4.193203
# CANT t=560.00 a_tag=0.1247 a_max=0.9976 xl_tag=0.4728 nlock=2586 tune=15794.997737
t=  600.00 -5.55e-16 | 1.6043 15.59  20432    5  83026  84181 | 1.4223 14.04 | 1.06e-02 2.27e-02 |   7.1404 0.7678  0.3485  1.0996 1.000 14.33 | edge_dev mean=0.6633 max=0.9079 gg=0.0261 shape_dev=2.5468 xbar=0.4757
# CONVTAG t=600.00 rough=3.707913 cond=12.954697 evap=30.370492 backs=4.445009
# CANT t=600.00 a_tag=0.1672 a_max=0.9952 xl_tag=0.4635 nlock=2578 tune=17183.816921
# QATOM t=622.28 dir=FD w=1.50868812 e=0.276132447605 i=1984 Em=0.1884
t=  640.00 -5.55e-16 | 1.6045 15.57  20402    4  88383  89558 | 1.4219 14.05 | 5.27e-03 1.50e-02 |   6.3526 0.6831  0.3493  1.1210 1.000 14.00 | edge_dev mean=0.6688 max=0.8650 gg=0.0163 shape_dev=2.5386 xbar=0.4233
# CONVTAG t=640.00 rough=4.336823 cond=13.323624 evap=32.742988 backs=4.836497
# CANT t=640.00 a_tag=0.1839 a_max=0.9961 xl_tag=0.4466 nlock=2580 tune=18572.241540
t=  680.00 -6.93e-16 | 1.6042 15.57  20401    7  93617  94763 | 1.4218 14.03 | 1.06e-02 2.90e-02 |   6.2798 0.6752  0.3275  1.0929 1.000 14.33 | edge_dev mean=0.6290 max=0.8695 gg=0.1182 shape_dev=2.5164 xbar=0.4185
# CONVTAG t=680.00 rough=5.298728 cond=14.077584 evap=34.029015 backs=5.129706
# CANT t=680.00 a_tag=0.2127 a_max=0.9942 xl_tag=0.4339 nlock=2588 tune=19974.668763
# QATOM t=691.18 dir=DF w=1.84133833 e=0.337016811894 i=2620 Em=1.1715
t=  720.00 -5.55e-16 | 1.6043 15.58  20413    8  98593  99727 | 1.4220 14.03 | 6.02e-03 1.46e-02 |   6.1090 0.6569  0.3482  1.0658 1.000 14.67 | edge_dev mean=0.6362 max=0.9102 gg=0.1804 shape_dev=2.5100 xbar=0.4069
# CONVTAG t=720.00 rough=5.298728 cond=14.887781 evap=36.830726 backs=5.495146
# CANT t=720.00 a_tag=0.2453 a_max=0.9954 xl_tag=0.4160 nlock=2586 tune=21391.542529
t=  760.00 -5.55e-16 | 1.6045 15.57  20404    3 103530 104677 | 1.4221 14.05 | 6.52e-03 1.47e-02 |   6.1618 0.6626  0.3541  1.0760 1.000 14.17 | edge_dev mean=0.6094 max=0.8608 gg=0.1190 shape_dev=2.4958 xbar=0.4104
# CONVTAG t=760.00 rough=5.964645 cond=15.682028 evap=38.202377 backs=5.760916
# CANT t=760.00 a_tag=0.2670 a_max=0.9955 xl_tag=0.4052 nlock=2588 tune=22810.322450
# QATOM t=760.42 dir=DF w=1.78220579 e=0.326193890055 i=2620 Em=1.2870
t=  800.00 -5.55e-16 | 1.6042 15.56  20396    2 108637 109798 | 1.4218 14.03 | 8.86e-03 2.82e-02 |   5.7661 0.6200  0.3611  1.1308 1.000 13.67 | edge_dev mean=0.5546 max=0.8375 gg=0.2895 shape_dev=2.3811 xbar=0.3839
# CONVTAG t=800.00 rough=6.300461 cond=16.082924 evap=40.326160 backs=6.081733
# CANT t=800.00 a_tag=0.3658 a_max=0.9961 xl_tag=0.3899 nlock=2584 tune=24207.310051
# QATOM t=828.92 dir=FD w=1.57309612 e=0.287920927578 i=1781 Em=0.0780
t=  840.00 -5.55e-16 | 1.6042 15.57  20407    5 113716 114853 | 1.4221 14.05 | 1.02e-02 2.67e-02 |   5.6456 0.6071  0.3618  1.1166 1.000 14.00 | edge_dev mean=0.5750 max=0.7760 gg=0.2241 shape_dev=2.3797 xbar=0.3760
# CONVTAG t=840.00 rough=6.300461 cond=16.943938 evap=42.562782 backs=6.373467
# CANT t=840.00 a_tag=0.4090 a_max=0.9944 xl_tag=0.3788 nlock=2591 tune=25601.810667
t=  880.00 -4.16e-16 | 1.6043 15.57  20409    5 118808 119914 | 1.4222 14.06 | 7.92e-03 1.84e-02 |   5.4610 0.5872  0.3426  1.1486 1.000 14.17 | edge_dev mean=0.5738 max=0.7830 gg=0.3071 shape_dev=2.3710 xbar=0.3636
# CONVTAG t=880.00 rough=6.300461 cond=16.943938 evap=44.003566 backs=6.561395
# CANT t=880.00 a_tag=0.5202 a_max=0.9957 xl_tag=0.3676 nlock=2592 tune=27002.659030
# QATOM t=898.28 dir=DF w=2.32102096 e=0.424812253021 i=1346 Em=0.4535
t=  920.00 -4.16e-16 | 1.6040 15.56  20394    6 123864 124992 | 1.4219 14.05 | 3.96e-03 1.33e-02 |   5.5881 0.6009  0.3402  1.2055 1.000 14.33 | edge_dev mean=0.5036 max=0.6561 gg=0.4022 shape_dev=2.2969 xbar=0.3718
# CONVTAG t=920.00 rough=6.300461 cond=17.151537 evap=44.708884 backs=6.653393
# CANT t=920.00 a_tag=0.6031 a_max=0.9972 xl_tag=0.3626 nlock=2599 tune=28404.783703
t=  960.00 -4.16e-16 | 1.6042 15.59  20427    2 128890 130025 | 1.4223 14.05 | 4.14e-03 1.27e-02 |   5.6611 0.6087  0.3288  1.2225 1.000 14.17 | edge_dev mean=0.4679 max=0.6369 gg=0.5175 shape_dev=2.2328 xbar=0.3767
# CONVTAG t=960.00 rough=6.300461 cond=17.355795 evap=46.530961 backs=6.891055
# CANT t=960.00 a_tag=0.6761 a_max=0.9982 xl_tag=0.3500 nlock=2596 tune=29818.381607
# QATOM t=967.06 dir=DF w=2.37656013 e=0.434977485921 i=1838 Em=0.4375
t= 1000.00 -4.16e-16 | 1.6042 15.57  20408    1 133897 135056 | 1.4221 14.05 | 7.31e-03 1.70e-02 |   5.4915 0.5905  0.2981  1.2172 1.000 14.50 | edge_dev mean=0.4614 max=0.6321 gg=0.5160 shape_dev=2.2457 xbar=0.3653
# CONVTAG t=1000.00 rough=6.300461 cond=17.774962 evap=47.998427 backs=7.082464
# CANT t=1000.00 a_tag=0.7362 a_max=0.9968 xl_tag=0.3416 nlock=2597 tune=31244.767344
# QATOM t=1030.38 dir=FD w=1.53406548 e=0.280777219236 i=1704 Em=0.0771
t= 1040.00 -2.77e-16 | 1.6041 15.59  20432    6 138811 139966 | 1.4224 14.05 | 7.13e-03 1.75e-02 |   5.2741 0.5671  0.2900  1.2127 1.000 14.67 | edge_dev mean=0.4629 max=0.6621 gg=0.5419 shape_dev=2.2643 xbar=0.3507
# CONVTAG t=1040.00 rough=6.300461 cond=17.995576 evap=50.203694 backs=7.370107
# CANT t=1040.00 a_tag=0.7876 a_max=0.9954 xl_tag=0.3273 nlock=2591 tune=32662.658663
t= 1080.00 -2.77e-16 | 1.6040 15.59  20428    2 143972 145121 | 1.4222 14.03 | 4.91e-03 1.38e-02 |   4.8698 0.5236  0.3371  1.1689 1.000 14.50 | edge_dev mean=0.4867 max=0.6274 gg=0.5110 shape_dev=2.2848 xbar=0.3241
# CONVTAG t=1080.00 rough=6.300461 cond=18.417861 evap=52.431040 backs=7.660631
# CANT t=1080.00 a_tag=0.8307 a_max=0.9973 xl_tag=0.3172 nlock=2596 tune=34064.221885
# QATOM t=1096.70 dir=DF w=2.61849557 e=0.479258491057 i=870 Em=0.5246
t= 1120.00 -2.77e-16 | 1.6042 15.59  20428    4 149194 150345 | 1.4222 14.04 | 7.83e-03 1.86e-02 |   4.8599 0.5226  0.3010  1.2131 1.000 14.83 | edge_dev mean=0.4615 max=0.6243 gg=0.5545 shape_dev=2.2368 xbar=0.3231
# CONVTAG t=1120.00 rough=6.300461 cond=18.640020 evap=54.698028 backs=7.956325
# CANT t=1120.00 a_tag=0.8369 a_max=0.9958 xl_tag=0.3003 nlock=2585 tune=35456.679593
t= 1160.00 -2.77e-16 | 1.6047 15.57  20406    7 154603 155706 | 1.4219 14.03 | 4.36e-03 1.27e-02 |   4.5439 0.4886  0.3452  1.2345 1.000 14.83 | edge_dev mean=0.4574 max=0.5607 gg=0.6274 shape_dev=2.1986 xbar=0.3015
# CONVTAG t=1160.00 rough=6.300461 cond=18.869905 evap=57.356337 backs=8.303061
# CANT t=1160.00 a_tag=0.8685 a_max=0.9954 xl_tag=0.2826 nlock=2581 tune=36870.434338
# QATOM t=1164.96 dir=FD w=1.59712936 e=0.29231968674 i=1055 Em=0.0173
t= 1200.00 -2.77e-16 | 1.6048 15.58  20412    4 159574 160673 | 1.4220 14.03 | 1.15e-02 2.44e-02 |   3.3978 0.3654  0.4940  1.1602 1.000 14.83 | edge_dev mean=0.5153 max=0.6756 gg=0.5898 shape_dev=2.2972 xbar=0.2256
# CONVTAG t=1200.00 rough=6.300461 cond=18.869905 evap=61.294292 backs=8.816707
# CANT t=1200.00 a_tag=0.8840 a_max=0.9966 xl_tag=0.2563 nlock=2591 tune=38285.511403
# QATOM t=1219.94 dir=DF w=2.47506901 e=0.45300738816 i=1303 Em=0.5470
t= 1240.00 -1.39e-16 | 1.6049 15.57  20408    4 164497 165615 | 1.4221 14.03 | 4.90e-03 1.34e-02 |   3.4285 0.3687  0.3527  1.2265 1.000 15.00 | edge_dev mean=0.4734 max=0.5283 gg=0.6173 shape_dev=2.1991 xbar=0.2272
# CONVTAG t=1240.00 rough=6.300461 cond=19.099464 evap=64.084525 backs=9.180650
# CANT t=1240.00 a_tag=0.8743 a_max=0.9943 xl_tag=0.2309 nlock=2591 tune=39700.548144
# QATOM t=1274.90 dir=FD w=1.41940481 e=0.259791085174 i=721 Em=0.1638
t= 1280.00 +0.00e+00 | 1.6051 15.59  20430    4 169620 170730 | 1.4224 14.04 | 6.21e-03 1.42e-02 |   3.0609 0.3291  0.3526  1.1804 1.000 15.00 | edge_dev mean=0.4928 max=0.5989 gg=0.5365 shape_dev=2.2447 xbar=0.2021
# CONVTAG t=1280.00 rough=6.300461 cond=19.099464 evap=66.995351 backs=9.560323
# CANT t=1280.00 a_tag=0.8950 a_max=0.9954 xl_tag=0.1798 nlock=2586 tune=41112.052744
t= 1320.00 +1.39e-16 | 1.6048 15.60  20442    3 174897 176001 | 1.4225 14.04 | 5.48e-03 1.55e-02 |   2.8499 0.3064  0.3499  1.1996 1.000 15.50 | edge_dev mean=0.4612 max=0.6129 gg=0.4894 shape_dev=2.1593 xbar=0.1884
# CONVTAG t=1320.00 rough=6.300461 cond=19.337135 evap=68.675669 backs=9.779495
# CANT t=1320.00 a_tag=0.8978 a_max=0.9952 xl_tag=0.1526 nlock=2589 tune=42521.987601
# QATOM t=1325.54 dir=DF w=2.25527072 e=0.412778105718 i=2105 Em=0.4287
t= 1360.00 +1.39e-16 | 1.6049 15.63  20479    5 180029 181127 | 1.4230 14.04 | 4.71e-03 1.47e-02 |   2.5950 0.2790  0.3654  1.2365 1.000 15.50 | edge_dev mean=0.4653 max=0.6112 gg=0.5110 shape_dev=2.1618 xbar=0.1717
# CONVTAG t=1360.00 rough=6.300461 cond=19.337135 evap=69.509087 backs=9.888202
# CANT t=1360.00 a_tag=0.9192 a_max=0.9959 xl_tag=0.1409 nlock=2591 tune=43933.949744
# QATOM t=1377.34 dir=DF w=2.56557823 e=0.469573124993 i=1641 Em=0.5031
t= 1400.00 +2.77e-16 | 1.6051 15.63  20484    3 185167 186272 | 1.4232 14.06 | 5.82e-03 1.56e-02 |   2.8646 0.3080  0.3618  1.2240 1.000 15.50 | edge_dev mean=0.4619 max=0.6024 gg=0.5265 shape_dev=2.1570 xbar=0.1894
# CONVTAG t=1400.00 rough=6.300461 cond=19.829777 evap=70.358268 backs=9.998965
# CANT t=1400.00 a_tag=0.9431 a_max=0.9966 xl_tag=0.1320 nlock=2597 tune=45349.026361
# QATOM t=1420.00 dir=DF w=2.29786379 e=0.420573838532 i=589 Em=0.4234
t= 1440.00 +4.16e-16 | 1.6047 15.63  20485    2 190661 191781 | 1.4233 14.05 | 6.92e-03 2.07e-02 |   2.7975 0.3008  0.3717  1.2112 1.000 15.50 | edge_dev mean=0.4649 max=0.5944 gg=0.4619 shape_dev=2.1736 xbar=0.1848
# CONVTAG t=1440.00 rough=6.300461 cond=19.829777 evap=70.785537 backs=10.054695
# CANT t=1440.00 a_tag=0.9490 a_max=0.9946 xl_tag=0.1275 nlock=2592 tune=46762.913129
# QATOM t=1479.32 dir=DF w=2.49276575 e=0.456246389138 i=882 Em=0.5872
t= 1480.00 +5.55e-16 | 1.6050 15.60  20444    3 195956 197065 | 1.4227 14.04 | 5.69e-03 1.39e-02 |   2.6319 0.2830  0.3544  1.2120 1.000 15.33 | edge_dev mean=0.4545 max=0.5817 gg=0.5162 shape_dev=2.1721 xbar=0.1738
# CONVTAG t=1480.00 rough=6.300461 cond=19.829777 evap=71.203722 backs=10.109241
# CANT t=1480.00 a_tag=0.9631 a_max=0.9926 xl_tag=0.1244 nlock=2592 tune=48165.790080
t= 1520.00 +6.93e-16 | 1.6049 15.57  20406    4 200981 202087 | 1.4221 14.03 | 5.73e-03 1.69e-02 |   2.5070 0.2696  0.3403  1.2036 1.000 15.33 | edge_dev mean=0.4638 max=0.6216 gg=0.4932 shape_dev=2.1939 xbar=0.1653
# CONVTAG t=1520.00 rough=6.300461 cond=19.829777 evap=71.203722 backs=10.109241
# CANT t=1520.00 a_tag=0.9693 a_max=0.9930 xl_tag=0.1179 nlock=2577 tune=49567.688673
# QATOM t=1532.76 dir=DF w=2.27446998 e=0.416292110602 i=1745 Em=0.4271
t= 1560.00 +8.32e-16 | 1.6047 15.59  20436    4 206583 207746 | 1.4223 14.02 | 6.04e-03 1.74e-02 |   2.6454 0.2845  0.3662  1.1767 1.000 15.33 | edge_dev mean=0.5169 max=0.6511 gg=0.5820 shape_dev=2.2819 xbar=0.1745
# CONVTAG t=1560.00 rough=6.300461 cond=19.829777 evap=71.203722 backs=10.109241
# CANT t=1560.00 a_tag=0.9460 a_max=0.9929 xl_tag=0.1085 nlock=2586 tune=50975.006120
# QATOM t=1591.68 dir=DF w=2.51813795 e=0.460890217404 i=1408 Em=0.4677
t= 1600.00 +9.71e-16 | 1.6047 15.61  20459    4 212148 213270 | 1.4226 14.02 | 5.72e-03 1.55e-02 |   2.6127 0.2809  0.4362  1.1655 1.000 14.83 | edge_dev mean=0.5218 max=0.7114 gg=0.5988 shape_dev=2.2850 xbar=0.1719
# CONVTAG t=1600.00 rough=6.300461 cond=19.829777 evap=71.203722 backs=10.109241
# CANT t=1600.00 a_tag=0.9591 a_max=0.9955 xl_tag=0.1059 nlock=2590 tune=52388.644616
t= 1640.00 +9.71e-16 | 1.6046 15.63  20480    2 217850 219002 | 1.4227 14.01 | 4.35e-03 1.30e-02 |   2.4059 0.2587  0.4478  1.1368 1.000 14.83 | edge_dev mean=0.5385 max=0.6945 gg=0.6141 shape_dev=2.3233 xbar=0.1591
# CONVTAG t=1640.00 rough=6.300461 cond=19.829777 evap=71.632075 backs=10.165113
# CANT t=1640.00 a_tag=0.9525 a_max=0.9969 xl_tag=0.1020 nlock=2596 tune=53815.691875
# QATOM t=1658.50 dir=FD w=1.47609795 e=0.270167528392 i=2494 Em=0.0321
t= 1680.00 +9.71e-16 | 1.6046 15.64  20501    1 223469 224618 | 1.4230 14.02 | 7.19e-03 1.69e-02 |   2.2710 0.2442  0.4412  1.1300 1.000 15.50 | edge_dev mean=0.5504 max=0.7108 gg=0.5844 shape_dev=2.3323 xbar=0.1500
# CONVTAG t=1680.00 rough=6.300461 cond=19.829777 evap=71.632075 backs=10.165113
# CANT t=1680.00 a_tag=0.9527 a_max=0.9966 xl_tag=0.0968 nlock=2586 tune=55248.455269
# QATOM t=1711.08 dir=DF w=2.51154707 e=0.459683900428 i=2456 Em=0.5376
t= 1720.00 +1.25e-15 | 1.6047 15.61  20460    3 229000 230158 | 1.4227 14.03 | 5.81e-03 1.55e-02 |   2.2488 0.2418  0.4424  1.1230 1.000 15.17 | edge_dev mean=0.5499 max=0.7148 gg=0.5767 shape_dev=2.3291 xbar=0.1485
# CONVTAG t=1720.00 rough=6.300461 cond=19.829777 evap=71.632075 backs=10.165113
# CANT t=1720.00 a_tag=0.9622 a_max=0.9954 xl_tag=0.0935 nlock=2585 tune=56693.156580
t= 1760.00 +1.25e-15 | 1.6046 15.60  20440    4 234180 235303 | 1.4224 14.03 | 4.90e-03 1.40e-02 |   2.3280 0.2503  0.4486  1.1263 1.000 15.00 | edge_dev mean=0.5595 max=0.7317 gg=0.5440 shape_dev=2.3594 xbar=0.1537
# CONVTAG t=1760.00 rough=6.300461 cond=19.829777 evap=71.632075 backs=10.165113
# CANT t=1760.00 a_tag=0.9608 a_max=0.9963 xl_tag=0.0926 nlock=2588 tune=58120.358793
# QATOM t=1769.60 dir=FD w=1.56841513 e=0.287064174471 i=1634 Em=0.0621
t= 1800.00 +1.39e-15 | 1.6043 15.60  20445    4 239524 240688 | 1.4224 14.02 | 7.90e-03 1.85e-02 |   2.2125 0.2379  0.4408  1.1303 1.000 15.17 | edge_dev mean=0.5533 max=0.7272 gg=0.5745 shape_dev=2.3601 xbar=0.1464
# CONVTAG t=1800.00 rough=6.300461 cond=19.829777 evap=71.632075 backs=10.165113
# CANT t=1800.00 a_tag=0.9515 a_max=0.9953 xl_tag=0.0943 nlock=2584 tune=59548.685454
# QATOM t=1830.40 dir=FD w=1.39335637 e=0.255023486637 i=473 Em=0.2109
t= 1840.00 +1.53e-15 | 1.6043 15.60  20446    4 244916 246107 | 1.4224 14.02 | 5.74e-03 1.45e-02 |   2.2048 0.2371  0.5082  1.1736 1.000 15.17 | edge_dev mean=0.5457 max=0.7222 gg=0.4463 shape_dev=2.3554 xbar=0.1552
# CONVTAG t=1840.00 rough=6.300461 cond=19.829777 evap=71.632075 backs=10.165113
# CANT t=1840.00 a_tag=0.9314 a_max=0.9964 xl_tag=0.0939 nlock=2585 tune=60987.175787
t= 1880.00 +1.66e-15 | 1.6043 15.58  20417    3 250392 251584 | 1.4219 14.00 | 5.55e-03 1.55e-02 |   2.1967 0.2362  0.4975  1.1872 1.000 15.50 | edge_dev mean=0.5147 max=0.6886 gg=0.4134 shape_dev=2.3027 xbar=0.1452
# CONVTAG t=1880.00 rough=6.300461 cond=19.829777 evap=71.632075 backs=10.165113
# CANT t=1880.00 a_tag=0.9171 a_max=0.9963 xl_tag=0.0976 nlock=2588 tune=62435.970192
# QATOM t=1891.20 dir=FD w=1.51673773 e=0.277605753595 i=61 Em=0.1329
t= 1920.00 +1.66e-15 | 1.6047 15.62  20471    4 255704 256897 | 1.4226 14.02 | 6.29e-03 1.35e-02 |   2.1242 0.2284  0.4536  1.1629 1.000 15.33 | edge_dev mean=0.5417 max=0.6859 gg=0.5410 shape_dev=2.3458 xbar=0.1402
# CONVTAG t=1920.00 rough=6.300461 cond=19.829777 evap=72.064136 backs=10.221469
# CANT t=1920.00 a_tag=0.9451 a_max=0.9963 xl_tag=0.0952 nlock=2589 tune=63873.006824
# QATOM t=1948.60 dir=DF w=2.34899736 e=0.429932722732 i=1954 Em=0.4977
t= 1960.00 +1.66e-15 | 1.6049 15.60  20445    1 260712 261896 | 1.4224 14.01 | 4.08e-03 1.19e-02 |   2.1583 0.2321  0.4432  1.1496 1.000 14.67 | edge_dev mean=0.5472 max=0.6736 gg=0.5958 shape_dev=2.3582 xbar=0.1421
# CONVTAG t=1960.00 rough=6.300461 cond=19.829777 evap=72.064136 backs=10.221469
# CANT t=1960.00 a_tag=0.9291 a_max=0.9957 xl_tag=0.0911 nlock=2592 tune=65307.058595
t= 2000.00 +1.80e-15 | 1.6048 15.60  20443    3 265851 267084 | 1.4223 14.01 | 8.12e-03 2.02e-02 |   2.1573 0.2320  0.4322  1.1568 1.000 15.17 | edge_dev mean=0.5504 max=0.6853 gg=0.5910 shape_dev=2.3601 xbar=0.1427
# CONVTAG t=2000.00 rough=6.300461 cond=19.829777 evap=72.064136 backs=10.221469
# CANT t=2000.00 a_tag=0.9530 a_max=0.9954 xl_tag=0.0883 nlock=2594 tune=66717.922285
# QATOM t=2000.76 dir=DF w=2.32936324 e=0.426339125175 i=39 Em=0.4647
t= 2040.00 +1.94e-15 | 1.6051 15.60  20450    4 271272 272462 | 1.4224 14.01 | 7.80e-03 1.89e-02 |   2.1980 0.2363  0.3695  1.1365 1.000 15.50 | edge_dev mean=0.5548 max=0.6525 gg=0.6235 shape_dev=2.3958 xbar=0.1443
# CONVTAG t=2040.00 rough=6.300461 cond=20.084903 evap=72.512538 backs=10.279956
# CANT t=2040.00 a_tag=0.9232 a_max=0.9957 xl_tag=0.0871 nlock=2594 tune=68114.282780
# QATOM t=2048.28 dir=FD w=1.43245973 e=0.262180504337 i=388 Em=0.1142
t= 2080.00 +1.94e-15 | 1.6047 15.61  20458    1 276513 277709 | 1.4225 14.01 | 6.64e-03 1.59e-02 |   2.1643 0.2327  0.3643  1.1217 1.000 15.33 | edge_dev mean=0.5706 max=0.6737 gg=0.5760 shape_dev=2.4211 xbar=0.1427
# CONVTAG t=2080.00 rough=6.300461 cond=20.084903 evap=72.512538 backs=10.279956
# CANT t=2080.00 a_tag=0.9115 a_max=0.9967 xl_tag=0.0839 nlock=2595 tune=69500.322439
# QATOM t=2110.82 dir=FD w=1.45256655 e=0.265860618085 i=806 Em=0.1187
t= 2120.00 +2.08e-15 | 1.6044 15.61  20454    1 281568 282787 | 1.4223 14.00 | 4.10e-03 1.07e-02 |   2.1164 0.2276  0.3801  1.1125 1.000 15.50 | edge_dev mean=0.5782 max=0.7142 gg=0.6461 shape_dev=2.4353 xbar=0.1392
# CONVTAG t=2120.00 rough=6.300461 cond=20.084903 evap=72.512538 backs=10.279956
# CANT t=2120.00 a_tag=0.9256 a_max=0.9965 xl_tag=0.0820 nlock=2598 tune=70874.755880
t= 2160.00 +2.08e-15 | 1.6044 15.61  20459    3 287004 288216 | 1.4225 14.01 | 4.63e-03 1.40e-02 |   2.1391 0.2300  0.3620  1.1056 1.000 15.33 | edge_dev mean=0.5834 max=0.7587 gg=0.6401 shape_dev=2.4533 xbar=0.1405
# CONVTAG t=2160.00 rough=6.300461 cond=20.084903 evap=72.512538 backs=10.279956
# CANT t=2160.00 a_tag=0.9429 a_max=0.9961 xl_tag=0.0812 nlock=2597 tune=72266.227117
# QATOM t=2172.16 dir=DF w=2.285834 e=0.418372047623 i=868 Em=0.4640
t= 2200.00 +2.22e-15 | 1.6047 15.61  20458    6 291932 293106 | 1.4224 14.00 | 7.29e-03 1.76e-02 |   2.1642 0.2327  0.3662  1.0987 1.000 15.50 | edge_dev mean=0.5828 max=0.7567 gg=0.6371 shape_dev=2.4613 xbar=0.1428
# CONVTAG t=2200.00 rough=6.300461 cond=20.084903 evap=72.512538 backs=10.279956
# CANT t=2200.00 a_tag=0.9563 a_max=0.9961 xl_tag=0.0808 nlock=2598 tune=73663.881636
# QATOM t=2228.56 dir=FD w=1.53805652 e=0.281507692253 i=2593 Em=0.0657
t= 2240.00 +2.36e-15 | 1.6047 15.60  20450    0 297207 298361 | 1.4224 14.01 | 6.32e-03 1.35e-02 |   2.0851 0.2242  0.3867  1.1059 1.000 15.33 | edge_dev mean=0.5815 max=0.7421 gg=0.6203 shape_dev=2.4411 xbar=0.1376
# CONVTAG t=2240.00 rough=6.300461 cond=20.084903 evap=72.512538 backs=10.279956
# CANT t=2240.00 a_tag=0.9667 a_max=0.9943 xl_tag=0.0805 nlock=2595 tune=75069.835620
t= 2280.00 +2.36e-15 | 1.6044 15.60  20443    4 302210 303323 | 1.4223 14.01 | 8.72e-03 2.38e-02 |   2.2016 0.2367  0.3777  1.1158 1.000 15.33 | edge_dev mean=0.5769 max=0.7157 gg=0.6490 shape_dev=2.4418 xbar=0.1451
# CONVTAG t=2280.00 rough=6.300461 cond=20.084903 evap=72.512538 backs=10.279956
# CANT t=2280.00 a_tag=0.9719 a_max=0.9956 xl_tag=0.0796 nlock=2601 tune=76479.955651
# QATOM t=2282.70 dir=FD w=1.58623869 e=0.290326387831 i=706 Em=0.0547
t= 2320.00 +2.36e-15 | 1.6049 15.62  20468    0 307241 308368 | 1.4228 14.02 | 7.11e-03 1.57e-02 |   2.3910 0.2571  0.3475  1.1229 1.000 15.67 | edge_dev mean=0.5744 max=0.7566 gg=0.6187 shape_dev=2.4403 xbar=0.1567
# CONVTAG t=2320.00 rough=6.300461 cond=20.084903 evap=72.512538 backs=10.279956
# CANT t=2320.00 a_tag=0.9750 a_max=0.9945 xl_tag=0.0810 nlock=2603 tune=77885.677070
# QATOM t=2346.06 dir=DF w=2.34497012 e=0.42919562426 i=1277 Em=0.4357
t= 2360.00 +2.50e-15 | 1.6048 15.61  20456    6 312062 313204 | 1.4227 14.03 | 4.77e-03 1.46e-02 |   2.3463 0.2523  0.3512  1.1194 1.000 15.33 | edge_dev mean=0.5850 max=0.7974 gg=0.6334 shape_dev=2.4549 xbar=0.1543
# CONVTAG t=2360.00 rough=6.300461 cond=20.084903 evap=72.512538 backs=10.279956
# CANT t=2360.00 a_tag=0.9698 a_max=0.9951 xl_tag=0.0816 nlock=2606 tune=79267.788146
t= 2400.00 +2.63e-15 | 1.6051 15.63  20482    4 317382 318562 | 1.4230 14.03 | 3.42e-03 1.33e-02 |   2.2835 0.2455  0.3657  1.1031 1.000 15.50 | edge_dev mean=0.5858 max=0.7613 gg=0.5875 shape_dev=2.4536 xbar=0.1508
# CONVTAG t=2400.00 rough=6.300461 cond=20.084903 evap=72.512538 backs=10.279956
# CANT t=2400.00 a_tag=0.9626 a_max=0.9938 xl_tag=0.0833 nlock=2599 tune=80645.412844
# QATOM t=2401.16 dir=FD w=1.42946982 e=0.261633265765 i=267 Em=0.2122
t= 2440.00 +2.77e-15 | 1.6055 15.62  20470    5 322382 323527 | 1.4227 14.01 | 9.67e-03 2.09e-02 |   2.2758 0.2447  0.4052  1.1163 1.000 15.33 | edge_dev mean=0.5893 max=0.7891 gg=0.6554 shape_dev=2.4575 xbar=0.1496
# CONVTAG t=2440.00 rough=6.300461 cond=20.084903 evap=72.512538 backs=10.279956
# CANT t=2440.00 a_tag=0.9656 a_max=0.9955 xl_tag=0.0830 nlock=2593 tune=82009.927240
# QATOM t=2441.46 dir=DF w=2.60315034 e=0.476449880512 i=2356 Em=0.4874
t= 2480.00 +2.91e-15 | 1.6053 15.63  20485    4 327348 328476 | 1.4229 14.02 | 6.40e-03 1.83e-02 |   2.3671 0.2545  0.4001  1.1184 1.000 15.33 | edge_dev mean=0.5832 max=0.7680 gg=0.6213 shape_dev=2.4396 xbar=0.1562
# CONVTAG t=2480.00 rough=6.300461 cond=20.084903 evap=72.512538 backs=10.279956
# CANT t=2480.00 a_tag=0.9694 a_max=0.9973 xl_tag=0.0827 nlock=2596 tune=83365.788947
# QATOM t=2487.20 dir=DF w=2.61772624 e=0.479117680634 i=1098 Em=0.4862
t= 2520.00 +2.91e-15 | 1.6052 15.63  20483    2 332532 333689 | 1.4228 14.01 | 4.51e-03 1.46e-02 |   2.2772 0.2449  0.4017  1.1101 1.000 15.33 | edge_dev mean=0.5873 max=0.7847 gg=0.6181 shape_dev=2.4428 xbar=0.1494
# CONVTAG t=2520.00 rough=6.300461 cond=20.084903 evap=72.512538 backs=10.279956
# CANT t=2520.00 a_tag=0.9699 a_max=0.9955 xl_tag=0.0810 nlock=2593 tune=84739.072901
# QATOM t=2536.34 dir=DF w=2.3138362 e=0.423497239371 i=2110 Em=0.4973
t= 2560.00 +3.05e-15 | 1.6050 15.62  20468    4 337514 338655 | 1.4225 14.00 | 7.13e-03 2.12e-02 |   2.1365 0.2297  0.4200  1.1118 1.000 15.67 | edge_dev mean=0.5946 max=0.8020 gg=0.5956 shape_dev=2.4331 xbar=0.1406
# CONVTAG t=2560.00 rough=6.300461 cond=20.084903 evap=72.512538 backs=10.279956
# CANT t=2560.00 a_tag=0.9725 a_max=0.9942 xl_tag=0.0795 nlock=2589 tune=86117.523155
# QATOM t=2592.54 dir=DF w=2.3727841 e=0.434286366047 i=1369 Em=0.6647
t= 2600.00 +3.19e-15 | 1.6050 15.61  20462    1 342620 343747 | 1.4225 14.01 | 4.69e-03 1.24e-02 |   1.7862 0.1921  0.3796  1.0931 1.000 15.33 | edge_dev mean=0.5889 max=0.8267 gg=0.4202 shape_dev=2.4438 xbar=0.1173
# CONVTAG t=2600.00 rough=6.300461 cond=20.084903 evap=72.512538 backs=10.279956
# CANT t=2600.00 a_tag=0.9231 a_max=0.9949 xl_tag=0.0750 nlock=2601 tune=87493.698197
t= 2640.00 +3.33e-15 | 1.6047 15.60  20442    2 347704 348889 | 1.4220 13.98 | 7.29e-03 1.77e-02 |   2.0312 0.2184  0.3798  1.0852 1.000 15.33 | edge_dev mean=0.5885 max=0.8122 gg=0.6062 shape_dev=2.4440 xbar=0.1336
# CONVTAG t=2640.00 rough=6.300461 cond=20.084903 evap=72.512538 backs=10.279956
# CANT t=2640.00 a_tag=0.8932 a_max=0.9946 xl_tag=0.0734 nlock=2601 tune=88876.975752
# QATOM t=2646.72 dir=DF w=2.55223551 e=0.467131031806 i=1282 Em=0.5357
t= 2680.00 +3.33e-15 | 1.6046 15.60  20445    2 352941 354126 | 1.4220 13.98 | 6.08e-03 1.37e-02 |   2.5850 0.2780  0.4606  1.1028 1.000 15.17 | edge_dev mean=0.5857 max=0.8137 gg=0.5899 shape_dev=2.4351 xbar=0.1702
# CONVTAG t=2680.00 rough=6.300461 cond=20.363715 evap=72.512538 backs=10.279956
# CANT t=2680.00 a_tag=0.9260 a_max=0.9945 xl_tag=0.0786 nlock=2598 tune=90260.655321
# QATOM t=2701.88 dir=DF w=2.50611716 e=0.458690074791 i=1339 Em=0.4750
t= 2720.00 +3.47e-15 | 1.6044 15.58  20418    2 357930 359139 | 1.4215 13.97 | 5.94e-03 1.33e-02 |   2.6072 0.2803  0.4622  1.1406 1.000 15.17 | edge_dev mean=0.5867 max=0.8331 gg=0.6397 shape_dev=2.4436 xbar=0.1970
# CONVTAG t=2720.00 rough=6.300461 cond=20.363715 evap=72.512538 backs=10.279956
# CANT t=2720.00 a_tag=0.9440 a_max=0.9952 xl_tag=0.0814 nlock=2601 tune=91648.840781
t= 2760.00 +3.61e-15 | 1.6044 15.59  20429    2 363420 364615 | 1.4217 13.97 | 1.09e-02 2.63e-02 |   2.4530 0.2638  0.3956  1.1716 1.000 15.00 | edge_dev mean=0.5894 max=0.8485 gg=0.5705 shape_dev=2.4542 xbar=0.1661
# CONVTAG t=2760.00 rough=6.300461 cond=20.363715 evap=72.512538 backs=10.279956
# CANT t=2760.00 a_tag=0.9319 a_max=0.9965 xl_tag=0.0837 nlock=2592 tune=93043.542827
# QATOM t=2766.72 dir=DF w=2.37288078 e=0.434304062035 i=237 Em=0.4579
t= 2800.00 +3.61e-15 | 1.6043 15.59  20434    3 368437 369644 | 1.4218 13.98 | 7.09e-03 1.58e-02 |   2.4952 0.2683  0.3648  1.1511 1.000 15.83 | edge_dev mean=0.5734 max=0.8055 gg=0.5671 shape_dev=2.4453 xbar=0.1642
# CONVTAG t=2800.00 rough=6.300461 cond=20.612843 evap=72.950399 backs=10.337069
# CANT t=2800.00 a_tag=0.9385 a_max=0.9971 xl_tag=0.0826 nlock=2598 tune=94450.391458
# QATOM t=2836.66 dir=DF w=2.28472432 e=0.418168943702 i=1407 Em=0.4773
t= 2840.00 +3.74e-15 | 1.6044 15.58  20421    4 373592 374766 | 1.4217 13.98 | 9.10e-03 2.11e-02 |   2.3268 0.2502  0.3745  1.1319 1.000 15.67 | edge_dev mean=0.5894 max=0.7893 gg=0.6429 shape_dev=2.4618 xbar=0.1532
# CONVTAG t=2840.00 rough=6.300461 cond=20.612843 evap=72.950399 backs=10.337069
# CANT t=2840.00 a_tag=0.9582 a_max=0.9961 xl_tag=0.0818 nlock=2589 tune=95850.638222
t= 2880.00 +3.88e-15 | 1.6044 15.61  20457    5 378470 379617 | 1.4223 13.99 | 5.95e-03 1.32e-02 |   2.1941 0.2359  0.3603  1.1683 1.000 15.67 | edge_dev mean=0.5878 max=0.7789 gg=0.5867 shape_dev=2.4700 xbar=0.1511
# CONVTAG t=2880.00 rough=6.300461 cond=20.612843 evap=72.950399 backs=10.337069
# CANT t=2880.00 a_tag=0.9645 a_max=0.9957 xl_tag=0.0793 nlock=2587 tune=97255.521099
# QATOM t=2904.66 dir=FD w=1.53158306 e=0.28032286715 i=1453 Em=0.1426
t= 2920.00 +3.88e-15 | 1.6045 15.62  20468    2 383609 384791 | 1.4225 14.00 | 4.22e-03 1.23e-02 |   2.1393 0.2300  0.3385  1.1432 1.000 15.67 | edge_dev mean=0.5817 max=0.7525 gg=0.5519 shape_dev=2.4742 xbar=0.1404
# CONVTAG t=2920.00 rough=6.300461 cond=20.612843 evap=72.950399 backs=10.337069
# CANT t=2920.00 a_tag=0.9652 a_max=0.9948 xl_tag=0.0759 nlock=2593 tune=98653.860535
# QATOM t=2956.14 dir=FD w=1.47214407 e=0.269443857144 i=1810 Em=0.1914
t= 2960.00 +4.02e-15 | 1.6051 15.62  20473    4 388553 389746 | 1.4226 14.00 | 4.80e-03 1.62e-02 |   2.2192 0.2386  0.3285  1.1284 1.000 15.50 | edge_dev mean=0.5844 max=0.7135 gg=0.5913 shape_dev=2.4934 xbar=0.1461
# CONVTAG t=2960.00 rough=6.300461 cond=20.612843 evap=72.950399 backs=10.337069
# CANT t=2960.00 a_tag=0.9681 a_max=0.9960 xl_tag=0.0748 nlock=2597 tune=100056.423337
t= 3000.00 +4.16e-15 | 1.6051 15.65  20505    3 393575 394735 | 1.4231 14.01 | 4.93e-03 1.46e-02 |   2.2466 0.2416  0.3552  1.1250 1.000 15.50 | edge_dev mean=0.5799 max=0.7007 gg=0.6187 shape_dev=2.5069 xbar=0.1468
# CONVTAG t=3000.00 rough=6.300461 cond=20.612843 evap=72.950399 backs=10.337069
# CANT t=3000.00 a_tag=0.9761 a_max=0.9970 xl_tag=0.0742 nlock=2599 tune=101453.173740
# QATOM t=3005.62 dir=FD w=1.41468646 e=0.258927493754 i=2480 Em=0.2283
t= 3040.00 +4.30e-15 | 1.6052 15.65  20509    0 398335 399524 | 1.4230 14.00 | 7.68e-03 1.68e-02 |   2.2074 0.2374  0.3517  1.1369 1.000 15.00 | edge_dev mean=0.5856 max=0.7060 gg=0.6074 shape_dev=2.5195 xbar=0.1457
# CONVTAG t=3040.00 rough=6.300461 cond=20.612843 evap=72.950399 backs=10.337069
# CANT t=3040.00 a_tag=0.9811 a_max=0.9969 xl_tag=0.0736 nlock=2589 tune=102848.670951
# QATOM t=3051.08 dir=FD w=1.56445872 e=0.286340039994 i=835 Em=0.0973
t= 3080.00 +4.30e-15 | 1.6051 15.65  20508    3 403304 404494 | 1.4231 14.00 | 6.01e-03 1.24e-02 |   2.0348 0.2188  0.3610  1.1269 1.000 15.17 | edge_dev mean=0.5849 max=0.6974 gg=0.6225 shape_dev=2.5171 xbar=0.1335
# CONVTAG t=3080.00 rough=6.300461 cond=20.612843 evap=72.950399 backs=10.337069
# CANT t=3080.00 a_tag=0.9842 a_max=0.9965 xl_tag=0.0730 nlock=2591 tune=104243.258047
# QATOM t=3103.28 dir=FD w=1.4252995 e=0.260869979962 i=1795 Em=0.1629
t= 3120.00 +4.30e-15 | 1.6051 15.65  20512    3 408307 409518 | 1.4230 14.00 | 7.36e-03 1.72e-02 |   2.0255 0.2178  0.3617  1.1239 1.000 15.17 | edge_dev mean=0.5960 max=0.7127 gg=0.6105 shape_dev=2.5257 xbar=0.1334
# CONVTAG t=3120.00 rough=6.300461 cond=20.865050 evap=73.393672 backs=10.394887
# CANT t=3120.00 a_tag=0.9880 a_max=0.9969 xl_tag=0.0719 nlock=2594 tune=105639.639643
# QATOM t=3147.02 dir=FD w=1.6131326 e=0.295248730981 i=66 Em=0.0343
t= 3160.00 +4.44e-15 | 1.6054 15.65  20511    1 413511 414728 | 1.4230 14.00 | 6.90e-03 1.58e-02 |   2.0386 0.2192  0.3614  1.1419 1.000 15.67 | edge_dev mean=0.5922 max=0.7144 gg=0.5889 shape_dev=2.5012 xbar=0.1341
# CONVTAG t=3160.00 rough=6.300461 cond=20.865050 evap=73.393672 backs=10.394887
# CANT t=3160.00 a_tag=0.9906 a_max=0.9940 xl_tag=0.0707 nlock=2591 tune=107027.456207
t= 3200.00 +4.58e-15 | 1.6048 15.61  20460    3 418473 419683 | 1.4222 13.98 | 5.03e-03 1.71e-02 |   2.1279 0.2288  0.3482  1.1624 1.000 15.67 | edge_dev mean=0.5913 max=0.7236 gg=0.5241 shape_dev=2.5063 xbar=0.1408
# CONVTAG t=3200.00 rough=6.300461 cond=21.134433 evap=73.816616 backs=10.450054
# CANT t=3200.00 a_tag=0.9807 a_max=0.9949 xl_tag=0.0719 nlock=2595 tune=108414.598763
# QATOM t=3205.28 dir=FD w=1.35328239 e=0.247688819911 i=151 Em=0.2212
t= 3240.00 +4.58e-15 | 1.6046 15.64  20493    3 423198 424403 | 1.4226 13.98 | 5.93e-03 1.88e-02 |   2.1461 0.2308  0.3016  1.1496 1.000 15.33 | edge_dev mean=0.5873 max=0.6922 gg=0.4703 shape_dev=2.4793 xbar=0.1411
# CONVTAG t=3240.00 rough=6.300461 cond=21.390693 evap=73.816616 backs=10.450054
# CANT t=3240.00 a_tag=0.9698 a_max=0.9949 xl_tag=0.0715 nlock=2600 tune=109805.248544
# QATOM t=3270.22 dir=DF w=2.25817882 e=0.413310369613 i=1905 Em=0.4448
t= 3280.00 +4.71e-15 | 1.6047 15.61  20462    1 428006 429203 | 1.4221 13.97 | 8.64e-03 2.20e-02 |   2.2288 0.2397  0.3016  1.1387 1.000 15.17 | edge_dev mean=0.5811 max=0.6798 gg=0.5266 shape_dev=2.4771 xbar=0.1464
# CONVTAG t=3280.00 rough=6.300461 cond=21.390693 evap=73.816616 backs=10.450054
# CANT t=3280.00 a_tag=0.9682 a_max=0.9968 xl_tag=0.0738 nlock=2597 tune=111201.931556
t= 3320.00 +4.85e-15 | 1.6043 15.58  20421    1 432715 433908 | 1.4215 13.96 | 8.65e-03 1.95e-02 |   2.2460 0.2415  0.3254  1.1363 1.000 15.00 | edge_dev mean=0.5784 max=0.6906 gg=0.6100 shape_dev=2.4796 xbar=0.1477
# CONVTAG t=3320.00 rough=6.300461 cond=21.390693 evap=73.816616 backs=10.450054
# CANT t=3320.00 a_tag=0.9717 a_max=0.9934 xl_tag=0.0757 nlock=2596 tune=112604.650826
# QATOM t=3332.80 dir=FD w=1.61720798 e=0.295994640387 i=938 Em=0.0219
t= 3360.00 +4.85e-15 | 1.6042 15.60  20438    2 437820 439035 | 1.4217 13.96 | 5.71e-03 1.66e-02 |   2.1638 0.2327  0.3228  1.1414 1.000 15.00 | edge_dev mean=0.5869 max=0.7279 gg=0.6411 shape_dev=2.4936 xbar=0.1506
# CONVTAG t=3360.00 rough=6.300461 cond=21.390693 evap=73.816616 backs=10.450054
# CANT t=3360.00 a_tag=0.9797 a_max=0.9940 xl_tag=0.0752 nlock=2598 tune=114023.795553
t= 3400.00 +4.99e-15 | 1.6039 15.63  20479    3 443025 444251 | 1.4223 13.98 | 6.72e-03 1.58e-02 |   2.2039 0.2370  0.3163  1.1478 1.000 14.67 | edge_dev mean=0.5859 max=0.7305 gg=0.6382 shape_dev=2.4899 xbar=0.1465
# CONVTAG t=3400.00 rough=6.300461 cond=21.390693 evap=73.816616 backs=10.450054
# CANT t=3400.00 a_tag=0.9812 a_max=0.9945 xl_tag=0.0760 nlock=2599 tune=115442.824827
# QATOM t=3411.80 dir=DF w=2.36440919 e=0.432753520746 i=1464 Em=0.6002
t= 3440.00 +5.13e-15 | 1.6040 15.60  20446    4 448222 449453 | 1.4220 13.98 | 5.57e-03 1.41e-02 |   2.3052 0.2479  0.3306  1.1576 1.000 15.00 | edge_dev mean=0.5787 max=0.7367 gg=0.6345 shape_dev=2.4557 xbar=0.1516
# CONVTAG t=3440.00 rough=6.300461 cond=21.390693 evap=73.816616 backs=10.450054
# CANT t=3440.00 a_tag=0.9848 a_max=0.9943 xl_tag=0.0773 nlock=2592 tune=116863.487974
t= 3480.00 +5.27e-15 | 1.6043 15.62  20466    2 453614 454820 | 1.4223 13.99 | 5.59e-03 1.70e-02 |   2.4006 0.2581  0.3392  1.1666 1.000 14.83 | edge_dev mean=0.5669 max=0.7363 gg=0.6135 shape_dev=2.4320 xbar=0.1589
# CONVTAG t=3480.00 rough=6.300461 cond=21.649034 evap=74.270671 backs=10.509278
# CANT t=3480.00 a_tag=0.9852 a_max=0.9949 xl_tag=0.0795 nlock=2589 tune=118274.794976
# QATOM t=3486.38 dir=DF w=2.29134573 e=0.419380848983 i=1457 Em=0.4211
t= 3520.00 +5.41e-15 | 1.6046 15.62  20473    0 458737 459896 | 1.4224 13.99 | 4.55e-03 1.34e-02 |   2.1778 0.2342  0.3636  1.1892 1.000 15.00 | edge_dev mean=0.5765 max=0.7359 gg=0.5689 shape_dev=2.4387 xbar=0.1445
# CONVTAG t=3520.00 rough=6.300461 cond=21.649034 evap=74.270671 backs=10.509278
# CANT t=3520.00 a_tag=0.9768 a_max=0.9947 xl_tag=0.0809 nlock=2599 tune=119681.585553
# QATOM t=3555.46 dir=FD w=1.36955056 e=0.250666352705 i=2018 Em=0.3249
t= 3560.00 +5.41e-15 | 1.6046 15.62  20476    3 463762 464940 | 1.4224 13.99 | 6.69e-03 1.58e-02 |   2.3112 0.2485  0.4010  1.1751 1.000 15.00 | edge_dev mean=0.5817 max=0.7345 gg=0.5821 shape_dev=2.4517 xbar=0.1560
# CONVTAG t=3560.00 rough=6.300461 cond=21.903908 evap=74.270671 backs=10.509278
# CANT t=3560.00 a_tag=0.9745 a_max=0.9942 xl_tag=0.0801 nlock=2598 tune=121079.707689
t= 3600.00 +5.55e-15 | 1.6045 15.63  20489    0 469052 470244 | 1.4225 13.98 | 5.62e-03 1.35e-02 |   2.3990 0.2580  0.3389  1.1494 1.000 15.17 | edge_dev mean=0.5747 max=0.7198 gg=0.6066 shape_dev=2.4443 xbar=0.1580
# CONVTAG t=3600.00 rough=6.300461 cond=21.903908 evap=74.700545 backs=10.565349
# CANT t=3600.00 a_tag=0.9622 a_max=0.9957 xl_tag=0.0789 nlock=2602 tune=122484.300375
# QATOM t=3621.30 dir=FD w=1.4070622 e=0.257532040834 i=1572 Em=0.1522
t= 3640.00 +5.69e-15 | 1.6044 15.61  20455    2 474134 475342 | 1.4219 13.97 | 3.12e-03 1.29e-02 |   2.1233 0.2283  0.3206  1.1533 1.000 15.17 | edge_dev mean=0.5766 max=0.7078 gg=0.6134 shape_dev=2.4398 xbar=0.1403
# CONVTAG t=3640.00 rough=6.300461 cond=22.165833 evap=75.591149 backs=10.681514
# CANT t=3640.00 a_tag=0.9652 a_max=0.9954 xl_tag=0.0752 nlock=2601 tune=123884.294183
t= 3680.00 +5.82e-15 | 1.6044 15.61  20451    3 479157 480375 | 1.4219 13.96 | 7.82e-03 2.13e-02 |   2.0878 0.2245  0.3875  1.1283 1.000 15.33 | edge_dev mean=0.5799 max=0.7137 gg=0.6448 shape_dev=2.4298 xbar=0.1365
# CONVTAG t=3680.00 rough=6.300461 cond=22.165833 evap=75.591149 backs=10.681514
# CANT t=3680.00 a_tag=0.9716 a_max=0.9957 xl_tag=0.0731 nlock=2605 tune=125270.161150
# QATOM t=3696.12 dir=FD w=1.52531791 e=0.279176168743 i=664 Em=0.0496
t= 3720.00 +5.82e-15 | 1.6046 15.61  20453    5 484166 485425 | 1.4218 13.96 | 7.72e-03 2.23e-02 |   2.2980 0.2471  0.4083  1.1270 1.000 15.33 | edge_dev mean=0.5696 max=0.7009 gg=0.6238 shape_dev=2.4213 xbar=0.1509
# CONVTAG t=3720.00 rough=6.300461 cond=22.423404 evap=75.591149 backs=10.681514
# CANT t=3720.00 a_tag=0.9693 a_max=0.9956 xl_tag=0.0711 nlock=2598 tune=126664.174531
t= 3760.00 +5.96e-15 | 1.6046 15.61  20458    0 488901 490142 | 1.4220 13.97 | 4.66e-03 1.61e-02 |   2.3624 0.2540  0.4114  1.1326 1.000 15.33 | edge_dev mean=0.5614 max=0.6619 gg=0.6050 shape_dev=2.4083 xbar=0.1551
# CONVTAG t=3760.00 rough=6.300461 cond=22.423404 evap=75.591149 backs=10.681514
# CANT t=3760.00 a_tag=0.9711 a_max=0.9964 xl_tag=0.0726 nlock=2600 tune=128044.578137
# QATOM t=3765.06 dir=FD w=1.61218693 e=0.295075646542 i=452 Em=0.0391
t= 3800.00 +5.96e-15 | 1.6049 15.60  20443    3 493878 495100 | 1.4218 13.97 | 8.17e-03 2.05e-02 |   2.0548 0.2209  0.4337  1.1026 1.000 15.50 | edge_dev mean=0.5731 max=0.6852 gg=0.6207 shape_dev=2.4367 xbar=0.1345
# CONVTAG t=3800.00 rough=6.300461 cond=22.423404 evap=75.591149 backs=10.681514
# CANT t=3800.00 a_tag=0.9657 a_max=0.9978 xl_tag=0.0708 nlock=2594 tune=129431.026867
# QATOM t=3822.24 dir=DF w=2.5904529 e=0.474125891063 i=1414 Em=0.5130
t= 3840.00 +6.10e-15 | 1.6047 15.58  20422    2 499017 500175 | 1.4214 13.95 | 7.50e-03 1.93e-02 |   2.0354 0.2189  0.5082  1.1103 1.000 15.33 | edge_dev mean=0.5919 max=0.6988 gg=0.6036 shape_dev=2.4569 xbar=0.1339
# CONVTAG t=3840.00 rough=6.300461 cond=22.423404 evap=75.591149 backs=10.681514
# CANT t=3840.00 a_tag=0.9661 a_max=0.9977 xl_tag=0.0640 nlock=2594 tune=130819.592635
# QATOM t=3878.24 dir=DF w=2.31541698 e=0.42378656698 i=755 Em=0.4320
t= 3880.00 +6.24e-15 | 1.6053 15.60  20449    5 503492 504690 | 1.4218 13.96 | 6.13e-03 1.79e-02 |   1.9253 0.2070  0.4563  1.1178 1.000 15.17 | edge_dev mean=0.5927 max=0.7054 gg=0.6571 shape_dev=2.4123 xbar=0.1257
# CONVTAG t=3880.00 rough=6.300461 cond=22.423404 evap=75.591149 backs=10.681514
# CANT t=3880.00 a_tag=0.9704 a_max=0.9961 xl_tag=0.0599 nlock=2593 tune=132204.294820
t= 3920.00 +6.24e-15 | 1.6049 15.60  20450    2 508545 509711 | 1.4220 13.97 | 7.03e-03 1.96e-02 |   1.7757 0.1909  0.4216  1.1417 1.000 15.50 | edge_dev mean=0.6081 max=0.7354 gg=0.6372 shape_dev=2.4200 xbar=0.1167
# CONVTAG t=3920.00 rough=6.300461 cond=22.423404 evap=75.591149 backs=10.681514
# CANT t=3920.00 a_tag=0.9711 a_max=0.9949 xl_tag=0.0546 nlock=2595 tune=133567.601603
# QATOM t=3937.44 dir=DF w=2.35434137 e=0.430910826163 i=739 Em=0.4465
t= 3960.00 +6.38e-15 | 1.6047 15.58  20418    3 513521 514725 | 1.4216 13.97 | 4.16e-03 1.10e-02 |   1.6928 0.1820  0.4163  1.1502 1.000 15.50 | edge_dev mean=0.6077 max=0.7251 gg=0.6324 shape_dev=2.4106 xbar=0.1113
# CONVTAG t=3960.00 rough=6.300461 cond=22.423404 evap=75.591149 backs=10.681514
# CANT t=3960.00 a_tag=0.9704 a_max=0.9943 xl_tag=0.0494 nlock=2598 tune=134938.974602
t= 4000.00 +6.52e-15 | 1.6042 15.59  20437    1 518132 519361 | 1.4216 13.95 | 5.37e-03 1.51e-02 |   1.6690 0.1795  0.4706  1.1885 1.000 15.50 | edge_dev mean=0.6094 max=0.7571 gg=0.6266 shape_dev=2.4175 xbar=0.1204
# CONVTAG t=4000.00 rough=6.300461 cond=22.423404 evap=75.591149 backs=10.681514
# CANT t=4000.00 a_tag=0.9723 a_max=0.9947 xl_tag=0.0472 nlock=2595 tune=136340.433650
# QATOM t=4000.92 dir=DF w=2.41906801 e=0.442757625645 i=1727 Em=0.4629
t= 4040.00 +6.52e-15 | 1.6042 15.59  20429    2 522592 523835 | 1.4214 13.94 | 6.99e-03 1.78e-02 |   1.6978 0.1826  0.4426  1.1423 1.000 15.33 | edge_dev mean=0.6013 max=0.7530 gg=0.6524 shape_dev=2.3769 xbar=0.1116
# CONVTAG t=4040.00 rough=6.300461 cond=22.693863 evap=75.591149 backs=10.681514
# CANT t=4040.00 a_tag=0.9751 a_max=0.9957 xl_tag=0.0470 nlock=2602 tune=137732.633828
# QATOM t=4071.60 dir=FD w=1.47133679 e=0.269296101558 i=1205 Em=0.2050
t= 4080.00 +6.66e-15 | 1.6047 15.60  20447    7 527088 528302 | 1.4217 13.95 | 8.87e-03 2.18e-02 |   1.8195 0.1956  0.4228  1.1607 1.000 15.50 | edge_dev mean=0.6058 max=0.7694 gg=0.6373 shape_dev=2.3940 xbar=0.1193
# CONVTAG t=4080.00 rough=6.300461 cond=22.693863 evap=75.591149 backs=10.681514
# CANT t=4080.00 a_tag=0.9793 a_max=0.9959 xl_tag=0.0482 nlock=2597 tune=139146.018318
t= 4120.00 +6.79e-15 | 1.6048 15.61  20459    5 531874 533090 | 1.4220 13.96 | 4.33e-03 1.20e-02 |   1.9596 0.2107  0.3815  1.2258 1.000 15.50 | edge_dev mean=0.5982 max=0.7725 gg=0.6456 shape_dev=2.3925 xbar=0.1419
# CONVTAG t=4120.00 rough=6.300461 cond=22.693863 evap=75.591149 backs=10.681514
# CANT t=4120.00 a_tag=0.9817 a_max=0.9960 xl_tag=0.0513 nlock=2595 tune=140558.338573
# QATOM t=4122.48 dir=DF w=2.60116062 e=0.47608570614 i=971 Em=0.5135
t= 4160.00 +6.79e-15 | 1.6048 15.61  20463    6 536471 537709 | 1.4219 13.95 | 6.55e-03 1.65e-02 |   2.2153 0.2382  0.3908  1.1532 1.000 15.50 | edge_dev mean=0.5824 max=0.7701 gg=0.6527 shape_dev=2.3862 xbar=0.1459
# CONVTAG t=4160.00 rough=6.300461 cond=22.693863 evap=75.591149 backs=10.681514
# CANT t=4160.00 a_tag=0.9799 a_max=0.9957 xl_tag=0.0582 nlock=2601 tune=141953.669222
# QATOM t=4176.52 dir=FD w=1.42895386 e=0.261538830858 i=319 Em=0.2263
t= 4200.00 +6.79e-15 | 1.6053 15.61  20452    4 541201 542450 | 1.4218 13.95 | 4.63e-03 1.28e-02 |   2.1908 0.2356  0.4030  1.1442 1.000 15.50 | edge_dev mean=0.5816 max=0.7855 gg=0.6435 shape_dev=2.3837 xbar=0.1437
# CONVTAG t=4200.00 rough=6.300461 cond=22.693863 evap=75.591149 backs=10.681514
# CANT t=4200.00 a_tag=0.9755 a_max=0.9956 xl_tag=0.0616 nlock=2603 tune=143338.266868
# QATOM t=4234.48 dir=DF w=2.55444104 e=0.467534706274 i=432 Em=0.4686
t= 4240.00 +6.93e-15 | 1.6048 15.60  20438    1 546135 547407 | 1.4214 13.93 | 7.95e-03 1.78e-02 |   2.1059 0.2264  0.3610  1.1396 1.000 15.50 | edge_dev mean=0.5795 max=0.7876 gg=0.6391 shape_dev=2.4098 xbar=0.1376
# CONVTAG t=4240.00 rough=6.300461 cond=22.693863 evap=75.591149 backs=10.681514
# CANT t=4240.00 a_tag=0.9745 a_max=0.9961 xl_tag=0.0629 nlock=2599 tune=144720.959611
t= 4280.00 +6.93e-15 | 1.6045 15.61  20462    3 551071 552342 | 1.4216 13.93 | 4.34e-03 1.70e-02 |   1.9372 0.2083  0.3643  1.1579 1.000 15.67 | edge_dev mean=0.5677 max=0.7382 gg=0.5697 shape_dev=2.4107 xbar=0.1298
# CONVTAG t=4280.00 rough=6.300461 cond=22.693863 evap=75.591149 backs=10.681514
# CANT t=4280.00 a_tag=0.9718 a_max=0.9952 xl_tag=0.0631 nlock=2600 tune=146107.105870
# QATOM t=4292.24 dir=DF w=2.32832912 e=0.426149851027 i=260 Em=0.4420
t= 4320.00 +7.07e-15 | 1.6048 15.61  20453    3 555758 557055 | 1.4214 13.92 | 6.59e-03 1.55e-02 |   1.7282 0.1858  0.4243  1.1203 1.000 15.67 | edge_dev mean=0.5641 max=0.7063 gg=0.4816 shape_dev=2.4201 xbar=0.1132
# CONVTAG t=4320.00 rough=6.300461 cond=22.693863 evap=75.591149 backs=10.681514
# CANT t=4320.00 a_tag=0.9710 a_max=0.9965 xl_tag=0.0615 nlock=2602 tune=147487.625856
# QATOM t=4350.08 dir=FD w=1.52808916 e=0.279683385274 i=2181 Em=0.1567
t= 4360.00 +7.21e-15 | 1.6049 15.60  20440    1 560552 561884 | 1.4212 13.91 | 9.34e-03 2.11e-02 |   1.8836 0.2025  0.3554  1.1475 1.000 15.50 | edge_dev mean=0.5460 max=0.6739 gg=0.5492 shape_dev=2.3974 xbar=0.1240
# CONVTAG t=4360.00 rough=6.300461 cond=22.693863 evap=75.591149 backs=10.681514
# CANT t=4360.00 a_tag=0.9600 a_max=0.9974 xl_tag=0.0601 nlock=2598 tune=148879.713292
t= 4400.00 +7.21e-15 | 1.6049 15.63  20478    3 565753 567035 | 1.4219 13.94 | 4.88e-03 1.40e-02 |   1.9882 0.2138  0.3869  1.1598 1.000 15.33 | edge_dev mean=0.5643 max=0.7108 gg=0.5774 shape_dev=2.4042 xbar=0.1305
# CONVTAG t=4400.00 rough=6.300461 cond=22.693863 evap=75.591149 backs=10.681514
# CANT t=4400.00 a_tag=0.9659 a_max=0.9973 xl_tag=0.0599 nlock=2595 tune=150263.854773
# QATOM t=4401.16 dir=FD w=1.39631886 e=0.25556570619 i=661 Em=0.2411
t= 4440.00 +7.35e-15 | 1.6048 15.64  20490    0 570705 572013 | 1.4220 13.93 | 6.40e-03 1.48e-02 |   1.8911 0.2033  0.3875  1.1589 1.000 15.50 | edge_dev mean=0.5601 max=0.7002 gg=0.5788 shape_dev=2.3864 xbar=0.1241
# CONVTAG t=4440.00 rough=6.300461 cond=22.693863 evap=75.591149 backs=10.681514
# CANT t=4440.00 a_tag=0.9709 a_max=0.9970 xl_tag=0.0622 nlock=2597 tune=151653.051488
# QATOM t=4460.44 dir=FD w=1.54168776 e=0.282172311121 i=1644 Em=0.0865
t= 4480.00 +7.35e-15 | 1.6049 15.59  20435    1 575597 576906 | 1.4213 13.93 | 3.76e-03 1.07e-02 |   2.0019 0.2153  0.3925  1.1683 1.000 15.33 | edge_dev mean=0.5693 max=0.7118 gg=0.6011 shape_dev=2.4051 xbar=0.1319
# CONVTAG t=4480.00 rough=6.300461 cond=22.693863 evap=75.591149 backs=10.681514
# CANT t=4480.00 a_tag=0.9735 a_max=0.9963 xl_tag=0.0624 nlock=2594 tune=153056.369302
# QATOM t=4514.88 dir=DF w=2.27276736 e=0.415980483347 i=2173 Em=0.4442
t= 4520.00 +7.49e-15 | 1.6054 15.64  20498    1 580351 581633 | 1.4223 13.96 | 4.12e-03 1.38e-02 |   2.0952 0.2253  0.3868  1.2145 1.000 15.50 | edge_dev mean=0.5706 max=0.6910 gg=0.6359 shape_dev=2.4047 xbar=0.1420
# CONVTAG t=4520.00 rough=6.300461 cond=22.693863 evap=75.591149 backs=10.681514
# CANT t=4520.00 a_tag=0.9696 a_max=0.9957 xl_tag=0.0658 nlock=2595 tune=154466.272911
t= 4560.00 +7.63e-15 | 1.6050 15.64  20500    0 585041 586329 | 1.4225 13.96 | 5.75e-03 1.53e-02 |   2.3887 0.2568  0.4774  1.1574 1.000 15.67 | edge_dev mean=0.5668 max=0.7186 gg=0.5507 shape_dev=2.4085 xbar=0.1564
# CONVTAG t=4560.00 rough=6.300461 cond=22.946867 evap=75.591149 backs=10.681514
# CANT t=4560.00 a_tag=0.9747 a_max=0.9954 xl_tag=0.0680 nlock=2588 tune=155870.047126
# QATOM t=4560.12 dir=FD w=1.41563267 e=0.259100677395 i=354 Em=0.1320
t= 4600.00 +7.63e-15 | 1.6049 15.62  20475    5 590179 591420 | 1.4220 13.95 | 1.10e-02 2.60e-02 |   2.2091 0.2375  0.4663  1.1613 1.000 15.50 | edge_dev mean=0.5584 max=0.6926 gg=0.5979 shape_dev=2.3753 xbar=0.1456
# CONVTAG t=4600.00 rough=6.300461 cond=22.946867 evap=75.591149 backs=10.681514
# CANT t=4600.00 a_tag=0.9729 a_max=0.9955 xl_tag=0.0710 nlock=2581 tune=157277.607674
# QATOM t=4606.66 dir=FD w=1.48332905 e=0.271491022301 i=1253 Em=0.1207
t= 4640.00 +7.77e-15 | 1.6045 15.63  20484    1 595044 596330 | 1.4220 13.94 | 4.62e-03 1.59e-02 |   2.0461 0.2200  0.4656  1.1640 1.000 15.33 | edge_dev mean=0.5636 max=0.7238 gg=0.4825 shape_dev=2.3772 xbar=0.1349
# CONVTAG t=4640.00 rough=6.300461 cond=22.946867 evap=75.591149 backs=10.681514
# CANT t=4640.00 a_tag=0.9709 a_max=0.9966 xl_tag=0.0704 nlock=2590 tune=158693.675543
# QATOM t=4669.08 dir=FD w=1.54361088 e=0.282524297628 i=482 Em=0.1018
t= 4680.00 +7.77e-15 | 1.6047 15.64  20499    1 600175 601435 | 1.4223 13.95 | 4.76e-03 1.37e-02 |   1.8720 0.2013  0.4693  1.1818 1.000 15.67 | edge_dev mean=0.5456 max=0.6816 gg=0.4573 shape_dev=2.3587 xbar=0.1229
# CONVTAG t=4680.00 rough=6.300461 cond=23.203879 evap=76.042868 backs=10.740434
# CANT t=4680.00 a_tag=0.9647 a_max=0.9976 xl_tag=0.0695 nlock=2585 tune=160109.991523
t= 4720.00 +7.90e-15 | 1.6049 15.64  20495    2 605085 606410 | 1.4223 13.95 | 5.14e-03 1.40e-02 |   2.0045 0.2155  0.3903  1.2347 1.000 15.67 | edge_dev mean=0.5403 max=0.7081 gg=0.3673 shape_dev=2.3504 xbar=0.1321
# CONVTAG t=4720.00 rough=6.300461 cond=23.203879 evap=76.042868 backs=10.740434
# CANT t=4720.00 a_tag=0.9632 a_max=0.9955 xl_tag=0.0689 nlock=2589 tune=161525.485498
# QATOM t=4729.38 dir=FD w=1.5248331 e=0.279087433138 i=2097 Em=0.0534
t= 4760.00 +7.90e-15 | 1.6050 15.63  20486    2 610012 611285 | 1.4222 13.96 | 7.99e-03 1.97e-02 |   1.8856 0.2028  0.4405  1.1521 1.000 15.50 | edge_dev mean=0.5573 max=0.7276 gg=0.5294 shape_dev=2.3863 xbar=0.1238
# CONVTAG t=4760.00 rough=6.300461 cond=23.203879 evap=76.042868 backs=10.740434
# CANT t=4760.00 a_tag=0.9407 a_max=0.9961 xl_tag=0.0701 nlock=2590 tune=162924.853296
# QATOM t=4781.88 dir=DF w=2.36154198 e=0.43222874108 i=2415 Em=0.4457
t= 4800.00 +8.18e-15 | 1.6051 15.61  20451    1 614733 616020 | 1.4218 13.95 | 6.15e-03 1.70e-02 |   1.8231 0.1960  0.3988  1.1660 1.000 15.33 | edge_dev mean=0.5631 max=0.7724 gg=0.4254 shape_dev=2.4197 xbar=0.1207
# CONVTAG t=4800.00 rough=6.300461 cond=23.203879 evap=76.042868 backs=10.740434
# CANT t=4800.00 a_tag=0.9379 a_max=0.9936 xl_tag=0.0689 nlock=2588 tune=164311.038191
# QATOM t=4838.90 dir=DF w=2.48561444 e=0.454937497958 i=1679 Em=0.4891
t= 4840.00 +8.18e-15 | 1.6052 15.61  20456    1 619424 620744 | 1.4217 13.95 | 6.34e-03 2.20e-02 |   1.7418 0.1873  0.3880  1.2005 1.000 15.17 | edge_dev mean=0.5799 max=0.7829 gg=0.3819 shape_dev=2.4490 xbar=0.1228
# CONVTAG t=4840.00 rough=6.300461 cond=23.203879 evap=76.042868 backs=10.740434
# CANT t=4840.00 a_tag=0.9244 a_max=0.9947 xl_tag=0.0660 nlock=2588 tune=165694.202241
t= 4880.00 +8.32e-15 | 1.6050 15.62  20467    6 624294 625604 | 1.4219 13.94 | 1.03e-02 2.64e-02 |   1.5371 0.1653  0.4139  1.1477 1.000 15.33 | edge_dev mean=0.5925 max=0.8255 gg=0.2927 shape_dev=2.4650 xbar=0.1011
# CONVTAG t=4880.00 rough=6.300461 cond=23.203879 evap=76.042868 backs=10.740434
# CANT t=4880.00 a_tag=0.8775 a_max=0.9934 xl_tag=0.0610 nlock=2597 tune=167063.363151
# QATOM t=4889.80 dir=DF w=2.40680357 e=0.440512887977 i=2389 Em=0.5749
t= 4920.00 +8.46e-15 | 1.6052 15.59  20435    1 629292 630540 | 1.4215 13.94 | 5.96e-03 1.98e-02 |   1.7458 0.1877  0.4565  1.1219 1.000 15.50 | edge_dev mean=0.5764 max=0.7873 gg=0.4061 shape_dev=2.4288 xbar=0.1150
# CONVTAG t=4920.00 rough=6.300461 cond=23.203879 evap=76.042868 backs=10.740434
# CANT t=4920.00 a_tag=0.8710 a_max=0.9949 xl_tag=0.0611 nlock=2587 tune=168432.355370
# QATOM t=4941.56 dir=FD w=1.32317039 e=0.242177475253 i=473 Em=0.2190
t= 4960.00 +8.46e-15 | 1.6049 15.58  20419    4 634139 635451 | 1.4211 13.93 | 7.80e-03 1.79e-02 |   1.6368 0.1760  0.4344  1.1350 1.000 15.50 | edge_dev mean=0.5913 max=0.8299 gg=0.4561 shape_dev=2.4406 xbar=0.1087
# CONVTAG t=4960.00 rough=6.300461 cond=23.203879 evap=76.042868 backs=10.740434
# CANT t=4960.00 a_tag=0.8902 a_max=0.9951 xl_tag=0.0621 nlock=2595 tune=169801.808849
# QATOM t=4992.66 dir=DF w=2.34044285 e=0.428367006735 i=2195 Em=0.4867
t= 5000.00 +8.60e-15 | 1.6051 15.60  20444    1 638975 640266 | 1.4213 13.92 | 6.69e-03 1.86e-02 |   1.5901 0.1710  0.4388  1.1414 1.000 15.17 | edge_dev mean=0.5880 max=0.8038 gg=0.3920 shape_dev=2.4427 xbar=0.1086
# CONVTAG t=5000.00 rough=6.300461 cond=23.203879 evap=76.042868 backs=10.740434
# CANT t=5000.00 a_tag=0.9059 a_max=0.9957 xl_tag=0.0607 nlock=2599 tune=171168.869499
#
# RESULT drift_rel 8.598e-15
# RESULT births 638975 deaths 640266 beta_returns 0 beta_energy 0.000000e+00
# RESULT conv rough=6.300461 cond=3169.691985 evap=0.000000 backs=398.458836 rad=3048.550617
# RESULT credit qcnvD=1387.095214 qcnvF=2482.221427
# RESULT cantus a_tag=0.9059 a_max=0.9957 xl_tag=0.0607 nlock=2599 tune_total=171168.869499
# RESULT convtag rough=6.300461 cond=23.203879 evap=76.042868 backs=10.740434 net=-48.399016
# RESULT geometry phi_nom=1.6051 z_live=15.60 dbar=1.4213 sigma_d=0.1392
# RESULT truss edge_dev_mean=0.587956 edge_dev_max=0.803786 shape=(0.0854,0.4528,0.7593) shape0=(-0.0000,1.7847,1.7847)
# EDGE 0 2615-2616 d=1.28462 dev=-0.60467 gg=0.0006 gpl=0.2145
# EDGE 1 2616-2617 d=1.29166 dev=-0.59763 gg=0.5655 gpl=0.3684
# EDGE 2 2617-2618 d=1.59589 dev=-0.29340 gg=0.0000 gpl=0.5455
# EDGE 3 2618-2619 d=1.23927 dev=-0.65002 gg=0.9494 gpl=0.7184
# EDGE 4 2619-2620 d=1.08526 dev=-0.80403 gg=0.0000 gpl=0.0546
# EDGE 5 2620-2615 d=1.31104 dev=-0.57825 gg=0.8365 gpl=0.7248
