# freecell — v89 free-cell substance test (exp=rings)
# laws = laws_V2g VERBATIM (defaults): C=1 w1=1.65 w2=2.9 q_detune=1.2
# gamma_res=0.25 gamma_res_m=0.1 p_gate=8 lock_floor=0.005 k_dep=1.2 k_dep_m=2 cap=2.5
# e_s0=1 es_floor=0.05 e_cond=0 f_conv=0.25 f_evap=0.5 s_pull=0.15
# kappa_lock=1 kappa_align=0.5 s_k=0.06 s_disp=0.3 sigma_tumble=0.01
# comb_limit=6 rough_k=0.35 gamma_rough=0.5 mob_sym=1 mob_floor=0.004 field_J=1.8
# quant_A0=1.15 quant_mode=2 (A0eff=1.15)
# v91 radiance (laws_V3r candidate A): k_rad=0.05 p_rad=4 rad_clock=0
# v91 cantus (coherent-channel candidate B): k_cant=1 k_tune=0.2 cant_tau=50 cant_seed=0
# GEOMETRY (apparatus): cfac=1.15 k_rep=1 mob_geo=1 kappa_bond=1 freeze_geo=0
# bath=1 bath_frac=1 jam_sweeps=800 jam_k=0.1 L=16 dt=0.02 T=5000 seed=20260802 diag_every=2000
# JAM sweeps=800 max_step=1.402e-04 (tol 1.0e-04, k_end=0.0010) — witness for the settle
# CARVE rings: removed 100 bath cells
# SEED rings: kind=1 ngrp=1 nv=6 xU=0.2800 xD=0.8367 wU=2.1707 wD=1.4471 xcomp=0.0000 sep=9.00
# SEED ring0: grp=0 mode=MOLECULE x=0.2800 w=2.1707 d_int=1.4473 R=1.4473
# SEED ring1: grp=0 mode=MOLECULE x=0.2800 w=2.1707 d_int=1.4473 R=1.4473
# SEED ring2: grp=0 mode=DROPLET x=0.8367 w=1.4471 d_int=1.4981 R=1.4981
# SEED rint0: 2600-2607 p:q=1:1 d*=1.447299
# SEED rint1: 2606-2613 p:q=3:2 d*=1.447299
# SEED rint2: 2612-2601 p:q=2:3 d*=1.447299
# SEED noise: amp=0.5 (e1-class churn)
# INIT NC=2618 slots=24739 live=19867 phi_nom=1.6516 z_live=15.18 dbar=1.4116 sigma_d=14.80% E0=3286.502772762
#
# t | drift_rel | phi_nom z_live NLa NLd births deaths | dbar sigma_d% | maxstep maxbond | Em_tag ret com_dev rms conn z_tag | pair: d delta gf gb | core/far
t=    0.00 +0.00e+00 | 1.6516 15.18  19867    0      0      0 | 1.4116 14.80 | 0.00e+00 0.00e+00 |  20.9500 1.0000  1.0147  2.7526 1.000  5.22 | edge_dev mean=0.0000 max=0.0000 gg=0.0000 shape_dev=0.0000 xbar=0.4656 | IR e0:psi=-3.141 gg=0.000 d=1.4474 e1:psi=+0.001 gg=1.000 d=1.4476 e2:psi=-1.105 gg=0.006 d=1.4474
# CONVTAG t=0.00 rough=0.000000 cond=0.000000 evap=0.000000 backs=0.000000
# CANT t=0.00 a_tag=0.0000 a_max=0.0000 xl_tag=0.4656 nlock=0 tune=0.000000
# QATOM t=5.24 dir=FD w=1.65 e=0.301996504517 i=2384 Em=0.0000
# QATOM t=17.46 dir=FD w=1.25897128 e=0.230427227756 i=904 Em=0.6461
# QATOM t=22.42 dir=FD w=1.64836603 e=0.301697442554 i=1017 Em=0.0012
# QATOM t=26.60 dir=FD w=1.49939547 e=0.274431630307 i=1071 Em=0.1954
# QATOM t=31.28 dir=FD w=1.62232775 e=0.296931702467 i=2133 Em=0.0203
# QATOM t=35.96 dir=FD w=1.64700127 e=0.301447651588 i=826 Em=0.0018
t=   40.00 -5.53e-16 | 1.6214 15.80  20677   29   6820   7191 | 1.4318 14.55 | 4.14e-03 1.64e-02 |  18.6111 0.8884  0.9319  2.1993 1.000 14.06 | edge_dev mean=0.2119 max=0.7403 gg=0.5732 shape_dev=3.2462 xbar=0.4236 | IR e0:psi=-0.359 gg=0.712 d=1.4379 e1:psi=+0.738 gg=0.312 d=1.2676 e2=DEAD
# CONVTAG t=40.00 rough=0.000000 cond=2.393275 evap=6.909253 backs=0.901207
# CANT t=40.00 a_tag=0.3457 a_max=0.5120 xl_tag=0.4173 nlock=2 tune=109.314920
# QATOM t=42.52 dir=FD w=1.60183086 e=0.293180194007 i=2404 Em=0.0382
# QATOM t=50.20 dir=FD w=1.59989942 e=0.292826685692 i=1982 Em=0.0447
# QATOM t=61.68 dir=FD w=1.41890344 e=0.259699320977 i=1207 Em=0.3096
t=   80.00 -5.53e-16 | 1.6081 15.48  20269   25  11856  12654 | 1.4229 14.23 | 8.15e-03 2.19e-02 |  17.4511 0.8330  0.9401  2.0996 1.000 14.17 | edge_dev mean=0.2180 max=0.6796 gg=0.5692 shape_dev=3.1404 xbar=0.3857 | IR e0:psi=+0.038 gg=0.628 d=1.4334 e1:psi=-1.028 gg=0.015 d=1.3083 e2=DEAD
# CONVTAG t=80.00 rough=0.257260 cond=4.060457 evap=19.140768 backs=2.530178
# CANT t=80.00 a_tag=0.5175 a_max=0.7619 xl_tag=0.3719 nlock=1545 tune=611.855089
# QATOM t=82.46 dir=DF w=2.44793972 e=0.448041962105 i=2267 Em=0.4537
# QATOM t=108.32 dir=FD w=1.45164456 e=0.265691867701 i=521 Em=0.1679
t=  120.00 -5.53e-16 | 1.6047 15.53  20329   14  17290  18201 | 1.4231 14.18 | 6.07e-03 1.45e-02 |  15.8922 0.7586  1.0479  2.0551 1.000 13.83 | edge_dev mean=0.2348 max=0.6121 gg=0.4921 shape_dev=3.0742 xbar=0.3530 | IR e0:psi=+0.574 gg=0.006 d=1.5088 e1:psi=-0.591 gg=0.324 d=1.3690 e2=DEAD
# CONVTAG t=120.00 rough=0.257260 cond=6.151543 evap=28.752098 backs=3.783829
# CANT t=120.00 a_tag=0.5981 a_max=0.8808 xl_tag=0.3411 nlock=2385 tune=1418.299115
# QATOM t=144.86 dir=FD w=1.59127653 e=0.29124845391 i=265 Em=0.0222
t=  160.00 -5.53e-16 | 1.6033 15.52  20316    8  22451  23389 | 1.4224 14.13 | 6.33e-03 1.73e-02 |  15.8342 0.7558  1.0145  2.0862 1.000 14.11 | edge_dev mean=0.2496 max=0.7371 gg=0.4915 shape_dev=3.0447 xbar=0.3507 | IR e0:psi=-2.149 gg=0.000 d=1.5164 e1:psi=+0.738 gg=0.000 d=1.3834 e2=DEAD
# CONVTAG t=160.00 rough=0.526400 cond=8.036818 evap=34.561613 backs=4.576697
# CANT t=160.00 a_tag=0.6424 a_max=0.9383 xl_tag=0.3196 nlock=2531 tune=2450.256814
t=  200.00 -5.53e-16 | 1.6027 15.51  20299   13  27547  28567 | 1.4221 14.12 | 4.63e-03 1.39e-02 |  14.7228 0.7028  1.1243  1.9811 1.000 14.11 | edge_dev mean=0.2367 max=0.7626 gg=0.5327 shape_dev=3.0337 xbar=0.3259 | IR e0:psi=-3.015 gg=0.000 d=1.5150 e1:psi=+0.343 gg=0.016 d=1.3532 e2=DEAD
# CONVTAG t=200.00 rough=0.526400 cond=9.359115 evap=39.992457 backs=5.285068
# CANT t=200.00 a_tag=0.6615 a_max=0.9658 xl_tag=0.2977 nlock=2571 tune=3639.240330
# QATOM t=200.74 dir=DF w=2.36350944 e=0.432588841191 i=1686 Em=0.4514
t=  240.00 -5.53e-16 | 1.6027 15.51  20307    9  32985  34032 | 1.4219 14.09 | 6.48e-03 1.58e-02 |  14.6107 0.6974  1.1329  2.0347 1.000 14.17 | edge_dev mean=0.2282 max=0.6571 gg=0.5712 shape_dev=3.0662 xbar=0.3235 | IR e0:psi=+1.187 gg=0.000 d=1.4750 e1:psi=+2.281 gg=0.000 d=1.3114 e2=DEAD
# CONVTAG t=240.00 rough=0.526400 cond=10.348104 evap=43.587730 backs=5.754017
# CANT t=240.00 a_tag=0.6620 a_max=0.9817 xl_tag=0.2844 nlock=2575 tune=4929.628769
# QATOM t=267.98 dir=FD w=1.49198608 e=0.273075503109 i=803 Em=0.1100
t=  280.00 -5.53e-16 | 1.6023 15.49  20273    7  38258  39312 | 1.4211 14.06 | 5.28e-03 1.40e-02 |  14.3368 0.6843  1.1936  2.0207 1.000 14.11 | edge_dev mean=0.2199 max=0.6767 gg=0.5083 shape_dev=3.1050 xbar=0.3264 | IR e0:psi=+0.098 gg=0.872 d=1.2864 e1:psi=+1.109 gg=0.000 d=1.2999 e2=DEAD
# CONVTAG t=280.00 rough=0.526400 cond=11.990036 evap=46.792859 backs=6.172077
# CANT t=280.00 a_tag=0.6630 a_max=0.9866 xl_tag=0.2776 nlock=2578 tune=6267.346122
t=  320.00 -5.53e-16 | 1.6021 15.50  20292    5  43821  44909 | 1.4213 14.05 | 5.62e-03 1.54e-02 |  13.7173 0.6548  1.2032  1.9636 1.000 14.44 | edge_dev mean=0.2276 max=0.7231 gg=0.4632 shape_dev=3.1767 xbar=0.3036 | IR e0:psi=+0.007 gg=0.945 d=1.2574 e1:psi=-3.088 gg=0.000 d=1.2805 e2=DEAD
# CONVTAG t=320.00 rough=0.526400 cond=13.090733 evap=50.000147 backs=6.590419
# CANT t=320.00 a_tag=0.6459 a_max=0.9908 xl_tag=0.2697 nlock=2578 tune=7653.977671
# QATOM t=339.60 dir=DF w=2.35563852 e=0.43114824227 i=1734 Em=0.4513
t=  360.00 -5.53e-16 | 1.6021 15.50  20294    6  49331  50407 | 1.4214 14.06 | 5.21e-03 1.38e-02 |  13.5163 0.6452  1.1622  1.9601 1.000 14.44 | edge_dev mean=0.2245 max=0.6527 gg=0.4579 shape_dev=3.2290 xbar=0.2999 | IR e0:psi=-3.108 gg=0.000 d=1.3108 e1:psi=-0.050 gg=0.488 d=1.3184 e2=DEAD
# CONVTAG t=360.00 rough=0.819994 cond=15.098700 evap=53.404999 backs=7.072825
# CANT t=360.00 a_tag=0.6503 a_max=0.9938 xl_tag=0.2643 nlock=2586 tune=9047.215796
t=  400.00 -5.53e-16 | 1.6023 15.53  20332    9  54908  55996 | 1.4219 14.06 | 7.41e-03 2.21e-02 |  13.9534 0.6660  1.0752  2.0537 1.000 14.33 | edge_dev mean=0.2117 max=0.6361 gg=0.4537 shape_dev=3.1832 xbar=0.3183 | IR e0:psi=-2.684 gg=0.000 d=1.2828 e1:psi=-1.881 gg=0.000 d=1.2968 e2=DEAD
# CONVTAG t=400.00 rough=0.819994 cond=16.219450 evap=56.072740 backs=7.420791
# CANT t=400.00 a_tag=0.6482 a_max=0.9947 xl_tag=0.2581 nlock=2581 tune=10464.142023
# QATOM t=418.24 dir=DF w=2.30445003 e=0.421779305498 i=169 Em=0.4823
t=  440.00 -4.15e-16 | 1.6024 15.54  20343    7  59968  61121 | 1.4216 14.03 | 1.07e-02 2.46e-02 |  13.5933 0.6488  1.0751  2.0276 1.000 14.44 | edge_dev mean=0.2099 max=0.6127 gg=0.4367 shape_dev=3.1790 xbar=0.3001 | IR e0:psi=-2.384 gg=0.000 d=1.3139 e1:psi=-0.372 gg=0.581 d=1.3272 e2=DEAD
# CONVTAG t=440.00 rough=0.819994 cond=17.268517 evap=58.862824 backs=7.784715
# CANT t=440.00 a_tag=0.6526 a_max=0.9939 xl_tag=0.2559 nlock=2577 tune=11880.095469
t=  480.00 -4.15e-16 | 1.6024 15.54  20338    4  64981  66126 | 1.4216 14.03 | 5.80e-03 1.58e-02 |  13.5956 0.6490  1.1128  1.9778 1.000 14.33 | edge_dev mean=0.2116 max=0.6223 gg=0.4609 shape_dev=3.1160 xbar=0.3007 | IR e0:psi=-0.078 gg=0.983 d=1.3109 e1:psi=-1.109 gg=0.017 d=1.3428 e2=DEAD
# CONVTAG t=480.00 rough=0.819994 cond=18.345892 evap=60.785249 backs=8.035467
# CANT t=480.00 a_tag=0.6664 a_max=0.9935 xl_tag=0.2535 nlock=2573 tune=13294.191325
# QATOM t=486.60 dir=FD w=1.63931002 e=0.300039936873 i=1691 Em=0.0073
t=  520.00 -4.15e-16 | 1.6025 15.52  20314    5  70259  71432 | 1.4210 14.00 | 1.14e-02 2.69e-02 |  13.3792 0.6386  1.0145  1.9971 1.000 14.44 | edge_dev mean=0.2116 max=0.5663 gg=0.4127 shape_dev=2.9839 xbar=0.2959 | IR e0:psi=+0.085 gg=0.970 d=1.2855 e1:psi=-2.360 gg=0.000 d=1.3703 e2=DEAD
# CONVTAG t=520.00 rough=0.819994 cond=19.044442 evap=62.927984 backs=8.314954
# CANT t=520.00 a_tag=0.6672 a_max=0.9936 xl_tag=0.2490 nlock=2581 tune=14714.859272
# QATOM t=549.42 dir=FD w=1.59968678 e=0.29278776791 i=1253 Em=0.0387
t=  560.00 -4.15e-16 | 1.6020 15.51  20302    9  75616  76815 | 1.4209 14.00 | 3.58e-03 1.01e-02 |  12.9577 0.6185  0.9168  2.2088 1.000 14.22 | edge_dev mean=0.2156 max=0.5776 gg=0.4264 shape_dev=2.9672 xbar=0.3044 | IR e0:psi=+0.832 gg=0.047 d=1.2632 e1:psi=-1.739 gg=0.001 d=1.3985 e2=DEAD
# CONVTAG t=560.00 rough=1.114550 cond=19.762298 evap=65.025424 backs=8.626953
# CANT t=560.00 a_tag=0.6733 a_max=0.9931 xl_tag=0.2456 nlock=2579 tune=16148.074416
t=  600.00 -4.15e-16 | 1.6020 15.53  20330    2  80969  82125 | 1.4213 14.01 | 4.18e-03 1.25e-02 |  13.7541 0.6565  0.9836  2.0522 1.000 14.22 | edge_dev mean=0.2170 max=0.6028 gg=0.4049 shape_dev=2.9746 xbar=0.3042 | IR e0:psi=+1.147 gg=0.002 d=1.2743 e1:psi=+2.199 gg=0.000 d=1.3925 e2=DEAD
# CONVTAG t=600.00 rough=1.414241 cond=20.983137 evap=65.942136 backs=8.785614
# CANT t=600.00 a_tag=0.6785 a_max=0.9944 xl_tag=0.2441 nlock=2585 tune=17588.539019
# QATOM t=620.64 dir=DF w=2.2914994 e=0.419408975996 i=813 Em=0.4456
t=  640.00 -4.15e-16 | 1.6019 15.51  20305    6  86084  87246 | 1.4211 14.01 | 1.22e-02 3.25e-02 |  13.3523 0.6373  1.0245  2.0380 1.000 14.28 | edge_dev mean=0.2245 max=0.6257 gg=0.3927 shape_dev=2.9633 xbar=0.2952 | IR e0:psi=+2.780 gg=0.000 d=1.2896 e1:psi=+0.421 gg=0.083 d=1.3913 e2=DEAD
# CONVTAG t=640.00 rough=1.414241 cond=21.686638 evap=68.101411 backs=9.067259
# CANT t=640.00 a_tag=0.6737 a_max=0.9937 xl_tag=0.2415 nlock=2573 tune=19037.020267
t=  680.00 -4.15e-16 | 1.6020 15.54  20337    3  91436  92601 | 1.4215 14.02 | 5.37e-03 1.30e-02 |  12.6478 0.6037  1.0140  2.0902 1.000 14.44 | edge_dev mean=0.2089 max=0.5675 gg=0.3672 shape_dev=2.8081 xbar=0.2795 | IR e0:psi=-2.409 gg=0.000 d=1.2537 e1:psi=-0.090 gg=0.090 d=1.3983 e2=DEAD
# CONVTAG t=680.00 rough=1.731389 cond=22.588466 evap=70.272109 backs=9.391761
# CANT t=680.00 a_tag=0.6699 a_max=0.9958 xl_tag=0.2366 nlock=2579 tune=20510.784664
# QATOM t=693.42 dir=FD w=1.52092167 e=0.278371531771 i=498 Em=0.1312
t=  720.00 -4.15e-16 | 1.6021 15.54  20338    5  96725  97885 | 1.4215 14.02 | 1.01e-02 1.91e-02 |  12.1645 0.5806  1.0465  2.1364 1.000 14.67 | edge_dev mean=0.2070 max=0.5588 gg=0.3367 shape_dev=2.8029 xbar=0.2758 | IR e0:psi=-2.407 gg=0.000 d=1.2639 e1:psi=-1.631 gg=0.001 d=1.3773 e2=DEAD
# CONVTAG t=720.00 rough=1.731389 cond=23.903976 evap=72.869834 backs=9.730594
# CANT t=720.00 a_tag=0.6704 a_max=0.9973 xl_tag=0.2344 nlock=2574 tune=21998.355547
t=  760.00 -2.77e-16 | 1.6022 15.58  20390    3 101771 102950 | 1.4222 14.03 | 5.10e-03 1.63e-02 |  12.2607 0.5852  1.1050  1.9894 1.000 14.39 | edge_dev mean=0.2102 max=0.5598 gg=0.4031 shape_dev=2.8472 xbar=0.2716 | IR e0:psi=-2.199 gg=0.000 d=1.2631 e1:psi=+0.137 gg=0.036 d=1.3629 e2=DEAD
# CONVTAG t=760.00 rough=2.050695 cond=24.999930 evap=74.363094 backs=9.967016
# CANT t=760.00 a_tag=0.6616 a_max=0.9952 xl_tag=0.2310 nlock=2574 tune=23483.397090
# QATOM t=762.66 dir=DF w=2.38930605 e=0.437310348025 i=2080 Em=0.5000
t=  800.00 -2.77e-16 | 1.6024 15.55  20356   14 106719 107830 | 1.4217 14.02 | 4.89e-03 1.80e-02 |  12.2105 0.5828  1.1188  2.0281 1.000 14.39 | edge_dev mean=0.2066 max=0.5495 gg=0.3550 shape_dev=2.8886 xbar=0.2702 | IR e0:psi=-1.815 gg=0.000 d=1.2489 e1:psi=-2.947 gg=0.000 d=1.3406 e2=DEAD
# CONVTAG t=800.00 rough=2.050695 cond=25.571899 evap=75.564514 backs=10.123723
# CANT t=800.00 a_tag=0.6665 a_max=0.9947 xl_tag=0.2298 nlock=2578 tune=24959.036166
# QATOM t=823.54 dir=DF w=2.5339473 e=0.463783774607 i=2002 Em=0.4679
t=  840.00 -1.38e-16 | 1.6029 15.57  20381    3 112005 113168 | 1.4220 14.02 | 3.83e-03 1.57e-02 |  12.3512 0.5896  1.1149  2.0421 1.000 14.44 | edge_dev mean=0.2122 max=0.5648 gg=0.3207 shape_dev=2.8957 xbar=0.2744 | IR e0:psi=-0.738 gg=0.050 d=1.2329 e1:psi=-1.871 gg=0.000 d=1.3194 e2=DEAD
# CONVTAG t=840.00 rough=2.350866 cond=26.527852 evap=77.428293 backs=10.405977
# CANT t=840.00 a_tag=0.6676 a_max=0.9951 xl_tag=0.2277 nlock=2574 tune=26419.249118
t=  880.00 -1.38e-16 | 1.6028 15.56  20367   11 117507 118639 | 1.4219 14.02 | 1.25e-02 2.72e-02 |  11.8539 0.5658  1.1168  2.0549 1.000 14.83 | edge_dev mean=0.2222 max=0.5764 gg=0.2786 shape_dev=2.8719 xbar=0.2625 | IR e0:psi=+0.024 gg=0.999 d=1.3008 e1:psi=+0.987 gg=0.000 d=1.3628 e2=DEAD
# CONVTAG t=880.00 rough=2.350866 cond=26.893994 evap=79.044117 backs=10.616737
# CANT t=880.00 a_tag=0.6678 a_max=0.9953 xl_tag=0.2269 nlock=2582 tune=27865.403185
# QATOM t=881.34 dir=DF w=2.50281229 e=0.458085188955 i=1229 Em=0.5479
t=  920.00 -1.38e-16 | 1.6029 15.56  20362    6 123254 124377 | 1.4221 14.04 | 6.26e-03 1.54e-02 |  11.2940 0.5391  1.1459  2.0400 1.000 14.39 | edge_dev mean=0.2283 max=0.5810 gg=0.3027 shape_dev=2.9179 xbar=0.2497 | IR e0:psi=-0.026 gg=0.995 d=1.2871 e1:psi=+3.059 gg=0.000 d=1.3873 e2=DEAD
# CONVTAG t=920.00 rough=2.350866 cond=27.431817 evap=81.983639 backs=11.000153
# CANT t=920.00 a_tag=0.6642 a_max=0.9962 xl_tag=0.2200 nlock=2582 tune=29303.532486
# QATOM t=938.38 dir=FD w=1.63818123 e=0.299833336515 i=2297 Em=0.0138
t=  960.00 +0.00e+00 | 1.6028 15.54  20338    4 128737 129820 | 1.4216 14.02 | 8.37e-03 2.30e-02 |  11.7129 0.5591  1.0931  2.0274 1.000 14.56 | edge_dev mean=0.2179 max=0.5805 gg=0.3222 shape_dev=2.9067 xbar=0.2593 | IR e0:psi=+0.117 gg=0.892 d=1.3058 e1:psi=-0.570 gg=0.041 d=1.4240 e2=DEAD
# CONVTAG t=960.00 rough=2.350866 cond=29.359205 evap=84.635350 backs=11.346028
# CANT t=960.00 a_tag=0.6773 a_max=0.9964 xl_tag=0.2185 nlock=2582 tune=30754.085186
# QATOM t=995.70 dir=DF w=1.80919792 e=0.331134210634 i=2613 Em=1.1949
t= 1000.00 +0.00e+00 | 1.6028 15.54  20342    2 134111 135219 | 1.4215 14.00 | 6.56e-03 2.01e-02 |  11.5644 0.5520  1.0879  2.0841 1.000 14.67 | edge_dev mean=0.2092 max=0.5879 gg=0.3348 shape_dev=2.8214 xbar=0.2560 | IR e0:psi=+0.237 gg=0.787 d=1.2925 e1:psi=-3.040 gg=0.000 d=1.3805 e2=DEAD
# CONVTAG t=1000.00 rough=2.350866 cond=29.889287 evap=86.911174 backs=11.642875
# CANT t=1000.00 a_tag=0.6891 a_max=0.9964 xl_tag=0.2157 nlock=2582 tune=32216.657991
t= 1040.00 +0.00e+00 | 1.6028 15.54  20342    5 139473 140574 | 1.4214 14.00 | 6.27e-03 1.25e-02 |  11.2319 0.5361  1.1224  2.1337 1.000 14.56 | edge_dev mean=0.2142 max=0.5755 gg=0.3366 shape_dev=2.8058 xbar=0.2492 | IR e0:psi=+0.424 gg=0.465 d=1.2834 e1:psi=+1.609 gg=0.000 d=1.3579 e2=DEAD
# CONVTAG t=1040.00 rough=3.268554 cond=31.166800 evap=88.604199 backs=11.983402
# CANT t=1040.00 a_tag=0.6908 a_max=0.9968 xl_tag=0.2128 nlock=2589 tune=33683.332816
# QATOM t=1049.90 dir=FD w=1.06586594 e=0.195083507885 i=2617 Em=1.1257
t= 1080.00 +1.38e-16 | 1.6026 15.57  20380    3 145018 146115 | 1.4220 14.01 | 6.06e-03 1.79e-02 |  11.5978 0.5536  1.0495  2.2814 1.000 14.67 | edge_dev mean=0.2174 max=0.6067 gg=0.3357 shape_dev=2.8058 xbar=0.2634 | IR e0:psi=+0.665 gg=0.123 d=1.2851 e1:psi=-0.955 gg=0.035 d=1.3699 e2=DEAD
# CONVTAG t=1080.00 rough=3.587525 cond=32.123343 evap=90.313367 backs=12.247942
# CANT t=1080.00 a_tag=0.6872 a_max=0.9968 xl_tag=0.2099 nlock=2590 tune=35147.990393
# QATOM t=1109.04 dir=FD w=1.54542679 e=0.282856659114 i=1381 Em=0.1299
t= 1120.00 +1.38e-16 | 1.6027 15.56  20366    3 150615 151723 | 1.4218 14.01 | 7.80e-03 2.25e-02 |  11.3474 0.5416  1.0434  2.1829 1.000 14.50 | edge_dev mean=0.2191 max=0.6053 gg=0.3283 shape_dev=2.7970 xbar=0.2507 | IR e0:psi=+0.720 gg=0.087 d=1.2767 e1:psi=+1.520 gg=0.000 d=1.3957 e2=DEAD
# CONVTAG t=1120.00 rough=3.587525 cond=33.333255 evap=92.679475 backs=12.556565
# CANT t=1120.00 a_tag=0.6913 a_max=0.9961 xl_tag=0.2116 nlock=2583 tune=36610.004776
t= 1160.00 +2.77e-16 | 1.6031 15.57  20379    3 155569 156720 | 1.4219 14.00 | 3.62e-03 1.25e-02 |  10.9017 0.5204  1.0444  2.1842 1.000 14.56 | edge_dev mean=0.2185 max=0.5500 gg=0.3200 shape_dev=2.7402 xbar=0.2411 | IR e0:psi=+2.178 gg=0.000 d=1.2599 e1:psi=-2.576 gg=0.000 d=1.3743 e2=DEAD
# CONVTAG t=1160.00 rough=3.587525 cond=33.535820 evap=95.064898 backs=12.867707
# CANT t=1160.00 a_tag=0.6944 a_max=0.9969 xl_tag=0.2070 nlock=2580 tune=38065.735921
# QATOM t=1173.82 dir=FD w=1.42892414 e=0.261533392107 i=1398 Em=0.2645
t= 1200.00 +2.77e-16 | 1.6031 15.58  20397    7 160998 162099 | 1.4223 14.01 | 6.17e-03 1.95e-02 |  10.6214 0.5070  1.1506  2.1783 1.000 14.78 | edge_dev mean=0.2168 max=0.5682 gg=0.2512 shape_dev=2.6197 xbar=0.2392 | IR e0:psi=-2.885 gg=0.000 d=1.2281 e1:psi=+3.111 gg=0.000 d=1.4512 e2=DEAD
# CONVTAG t=1200.00 rough=3.587525 cond=34.760182 evap=97.611738 backs=13.199904
# CANT t=1200.00 a_tag=0.6823 a_max=0.9954 xl_tag=0.2041 nlock=2578 tune=39515.574832
# QATOM t=1223.90 dir=FD w=1.42531866 e=0.26087348629 i=746 Em=0.2249
t= 1240.00 +4.15e-16 | 1.6036 15.58  20389    7 166272 167377 | 1.4223 14.02 | 1.00e-02 2.32e-02 |  10.2668 0.4901  1.1089  2.1810 1.000 14.78 | edge_dev mean=0.2203 max=0.5516 gg=0.2500 shape_dev=2.5068 xbar=0.2273 | IR e0:psi=-2.565 gg=0.000 d=1.2720 e1:psi=-2.530 gg=0.000 d=1.4633 e2=DEAD
# CONVTAG t=1240.00 rough=3.587525 cond=35.507610 evap=99.232881 backs=13.411357
# CANT t=1240.00 a_tag=0.6808 a_max=0.9944 xl_tag=0.1988 nlock=2582 tune=40948.666615
# QATOM t=1278.50 dir=DF w=2.439078 e=0.446420018907 i=305 Em=0.5393
t= 1280.00 +4.15e-16 | 1.6028 15.56  20368    5 171174 172258 | 1.4222 14.03 | 6.50e-03 1.50e-02 |  10.4369 0.4982  0.9892  2.2091 1.000 14.67 | edge_dev mean=0.2226 max=0.5887 gg=0.2212 shape_dev=2.4371 xbar=0.2307 | IR e0:psi=-2.344 gg=0.000 d=1.2056 e1:psi=+2.777 gg=0.000 d=1.4732 e2=DEAD
# CONVTAG t=1280.00 rough=3.587525 cond=35.900485 evap=101.262600 backs=13.676103
# CANT t=1280.00 a_tag=0.7103 a_max=0.9951 xl_tag=0.1944 nlock=2583 tune=42382.050826
t= 1320.00 +5.53e-16 | 1.6023 15.56  20371    1 176465 177570 | 1.4222 14.03 | 4.97e-03 1.36e-02 |  10.6633 0.5090  1.0868  2.1531 1.000 14.67 | edge_dev mean=0.2193 max=0.5864 gg=0.2223 shape_dev=2.3292 xbar=0.2378 | IR e0:psi=+0.205 gg=0.875 d=1.2660 e1:psi=+2.027 gg=0.000 d=1.4746 e2=DEAD
# CONVTAG t=1320.00 rough=3.587525 cond=37.074364 evap=102.593541 backs=13.849704
# CANT t=1320.00 a_tag=0.6555 a_max=0.9953 xl_tag=0.1931 nlock=2584 tune=43827.045918
# QATOM t=1332.32 dir=FD w=1.59363685 e=0.291680458892 i=1487 Em=0.0317
t= 1360.00 +5.53e-16 | 1.6024 15.55  20358    6 181844 182929 | 1.4221 14.03 | 6.35e-03 1.70e-02 |  10.2811 0.4907  1.0849  2.1903 1.000 14.83 | edge_dev mean=0.2209 max=0.6701 gg=0.2007 shape_dev=2.2364 xbar=0.2277 | IR e0:psi=+0.170 gg=0.895 d=1.2551 e1:psi=-2.397 gg=0.000 d=1.5130 e2=DEAD
# CONVTAG t=1360.00 rough=3.587525 cond=37.658766 evap=103.959645 backs=14.027892
# CANT t=1360.00 a_tag=0.6499 a_max=0.9964 xl_tag=0.1926 nlock=2591 tune=45290.761974
# QATOM t=1396.06 dir=FD w=1.63649907 e=0.299525453991 i=1214 Em=0.0046
t= 1400.00 +6.92e-16 | 1.6025 15.58  20392    2 186691 187762 | 1.4227 14.05 | 6.43e-03 1.48e-02 |  10.1661 0.4853  1.0659  2.1986 1.000 14.94 | edge_dev mean=0.2224 max=0.5997 gg=0.1780 shape_dev=2.2362 xbar=0.2292 | IR e0:psi=+0.561 gg=0.308 d=1.2430 e1:psi=+1.926 gg=0.000 d=1.5071 e2=DEAD
# CONVTAG t=1400.00 rough=3.587525 cond=37.858491 evap=104.998203 backs=14.163356
# CANT t=1400.00 a_tag=0.6776 a_max=0.9968 xl_tag=0.1910 nlock=2583 tune=46741.693108
t= 1440.00 +9.69e-16 | 1.6028 15.58  20397    5 191518 192596 | 1.4228 14.05 | 4.04e-03 1.54e-02 |  10.1956 0.4867  0.9819  2.2121 1.000 14.78 | edge_dev mean=0.2055 max=0.5679 gg=0.2466 shape_dev=2.2702 xbar=0.2263 | IR e0:psi=+0.226 gg=0.804 d=1.2561 e1:psi=-1.034 gg=0.000 d=1.5097 e2=DEAD
# CONVTAG t=1440.00 rough=3.587525 cond=38.521760 evap=105.676691 backs=14.251854
# CANT t=1440.00 a_tag=0.7069 a_max=0.9963 xl_tag=0.1925 nlock=2584 tune=48176.222494
# QATOM t=1459.02 dir=FD w=1.54406362 e=0.282607161594 i=1745 Em=0.0704
t= 1480.00 +1.11e-15 | 1.6027 15.56  20362    3 196386 197451 | 1.4221 14.02 | 6.23e-03 2.00e-02 |  10.3464 0.4939  1.0219  2.1734 1.000 15.17 | edge_dev mean=0.1927 max=0.5794 gg=0.0822 shape_dev=2.2936 xbar=0.2292 | IR e0:psi=+0.467 gg=0.340 d=1.2700 e1:psi=+2.814 gg=0.000 d=1.4753 e2=DEAD
# CONVTAG t=1480.00 rough=3.587525 cond=38.919148 evap=106.015510 backs=14.296048
# CANT t=1480.00 a_tag=0.7059 a_max=0.9964 xl_tag=0.1945 nlock=2584 tune=49597.092309
# QATOM t=1513.54 dir=FD w=1.46085857 e=0.267378291775 i=111 Em=0.1467
t= 1520.00 +1.25e-15 | 1.6028 15.56  20370    7 201300 202380 | 1.4221 14.02 | 6.92e-03 1.73e-02 |  10.1322 0.4836  1.0046  2.2100 1.000 15.28 | edge_dev mean=0.1852 max=0.5653 gg=0.1344 shape_dev=2.2827 xbar=0.2241 | IR e0:psi=-0.093 gg=0.977 d=1.2393 e1:psi=+1.100 gg=0.000 d=1.4861 e2=DEAD
# CONVTAG t=1520.00 rough=3.587525 cond=39.123031 evap=107.396533 backs=14.476181
# CANT t=1520.00 a_tag=0.7218 a_max=0.9946 xl_tag=0.1919 nlock=2593 tune=51013.584892
t= 1560.00 +1.38e-15 | 1.6031 15.56  20365    4 206538 207644 | 1.4218 14.00 | 5.90e-03 1.64e-02 |  10.0436 0.4794  0.9684  2.1676 1.000 15.44 | edge_dev mean=0.1821 max=0.6136 gg=0.2510 shape_dev=2.3082 xbar=0.2224 | IR e0:psi=-0.131 gg=0.899 d=1.2743 e1:psi=-1.456 gg=0.000 d=1.4828 e2=DEAD
# CONVTAG t=1560.00 rough=3.587525 cond=39.503622 evap=108.422577 backs=14.610013
# CANT t=1560.00 a_tag=0.7340 a_max=0.9946 xl_tag=0.1889 nlock=2592 tune=52435.554534
# QATOM t=1568.78 dir=FD w=1.52619804 e=0.279337256983 i=1830 Em=0.1066
t= 1600.00 +1.52e-15 | 1.6031 15.59  20410    6 211499 212658 | 1.4223 13.99 | 4.77e-03 1.46e-02 |   9.7582 0.4658  0.9865  2.1625 1.000 15.33 | edge_dev mean=0.1879 max=0.6554 gg=0.2166 shape_dev=2.3801 xbar=0.2169 | IR e0:psi=+0.155 gg=0.942 d=1.2624 e1:psi=+1.114 gg=0.000 d=1.4486 e2=DEAD
# CONVTAG t=1600.00 rough=3.587525 cond=40.117507 evap=109.826675 backs=14.793157
# CANT t=1600.00 a_tag=0.7557 a_max=0.9973 xl_tag=0.1837 nlock=2595 tune=53868.134163
# QATOM t=1612.46 dir=FD w=1.58033508 e=0.289245861091 i=1747 Em=0.0389
t= 1640.00 +1.66e-15 | 1.6031 15.57  20383    4 216844 217995 | 1.4219 13.99 | 4.79e-03 1.28e-02 |   9.3766 0.4476  0.9493  2.1720 1.000 15.22 | edge_dev mean=0.1724 max=0.6162 gg=0.1832 shape_dev=2.4188 xbar=0.2077 | IR e0:psi=+0.222 gg=0.899 d=1.2654 e1:psi=-2.980 gg=0.000 d=1.4643 e2=DEAD
# CONVTAG t=1640.00 rough=3.587525 cond=40.323775 evap=111.582751 backs=15.022210
# CANT t=1640.00 a_tag=0.7739 a_max=0.9969 xl_tag=0.1793 nlock=2592 tune=55294.980526
# QATOM t=1663.70 dir=DF w=2.30318056 e=0.421546956065 i=1752 Em=0.4524
t= 1680.00 +1.66e-15 | 1.6032 15.58  20399    1 221548 222705 | 1.4222 14.00 | 6.67e-03 1.82e-02 |   9.6656 0.4614  0.9663  2.1137 1.000 15.11 | edge_dev mean=0.1739 max=0.6252 gg=0.2287 shape_dev=2.4293 xbar=0.2139 | IR e0:psi=+0.041 gg=0.985 d=1.2904 e1:psi=-2.329 gg=0.000 d=1.4520 e2=DEAD
# CONVTAG t=1680.00 rough=3.587525 cond=41.868281 evap=112.731957 backs=15.172106
# CANT t=1680.00 a_tag=0.7949 a_max=0.9984 xl_tag=0.1796 nlock=2585 tune=56710.608282
# QATOM t=1715.10 dir=FD w=1.5557086 e=0.284738519904 i=2533 Em=0.0540
t= 1720.00 +1.80e-15 | 1.6031 15.54  20346    4 226972 228067 | 1.4215 13.99 | 5.38e-03 1.59e-02 |  10.3823 0.4956  0.8474  2.1708 1.000 15.17 | edge_dev mean=0.1636 max=0.6469 gg=0.2102 shape_dev=2.4161 xbar=0.2357 | IR e0:psi=+0.216 gg=0.907 d=1.2862 e1:psi=-1.115 gg=0.000 d=1.4301 e2=DEAD
# CONVTAG t=1720.00 rough=3.587525 cond=42.525582 evap=113.805396 backs=15.312120
# CANT t=1720.00 a_tag=0.8056 a_max=0.9974 xl_tag=0.1788 nlock=2591 tune=58122.146518
t= 1760.00 +1.94e-15 | 1.6029 15.54  20342    4 232162 233274 | 1.4215 13.99 | 6.76e-03 1.63e-02 |   9.9116 0.4731  0.8500  2.1951 1.000 15.39 | edge_dev mean=0.1705 max=0.6510 gg=0.2434 shape_dev=2.4012 xbar=0.2191 | IR e0:psi=+0.158 gg=0.949 d=1.2920 e1:psi=+2.282 gg=0.000 d=1.4277 e2=DEAD
# CONVTAG t=1760.00 rough=3.587525 cond=42.956745 evap=115.213365 backs=15.495768
# CANT t=1760.00 a_tag=0.8065 a_max=0.9962 xl_tag=0.1772 nlock=2593 tune=59555.028583
# QATOM t=1761.26 dir=DF w=2.32557819 e=0.425646354887 i=895 Em=0.4381
t= 1800.00 +1.94e-15 | 1.6032 15.56  20373    4 236820 237936 | 1.4219 13.99 | 5.20e-03 1.87e-02 |   9.6227 0.4593  0.8112  2.2337 1.000 15.28 | edge_dev mean=0.1716 max=0.6229 gg=0.2700 shape_dev=2.3931 xbar=0.2126 | IR e0:psi=+0.078 gg=0.988 d=1.2893 e1:psi=+0.123 gg=0.000 d=1.4286 e2=DEAD
# CONVTAG t=1800.00 rough=3.587525 cond=43.624688 evap=117.064491 backs=15.737219
# CANT t=1800.00 a_tag=0.8198 a_max=0.9952 xl_tag=0.1755 nlock=2588 tune=60993.654564
# QATOM t=1809.12 dir=DF w=2.31540324 e=0.423784051951 i=461 Em=0.4242
t= 1840.00 +2.08e-15 | 1.6030 15.57  20382    3 242119 243248 | 1.4220 13.99 | 1.24e-02 2.91e-02 |   9.9382 0.4744  0.7261  2.2674 1.000 15.33 | edge_dev mean=0.1689 max=0.6781 gg=0.2745 shape_dev=2.3928 xbar=0.2195 | IR e0:psi=-0.035 gg=0.960 d=1.2953 e1:psi=+2.730 gg=0.000 d=1.4246 e2=DEAD
# CONVTAG t=1840.00 rough=3.587525 cond=44.237422 evap=118.827160 backs=15.967133
# CANT t=1840.00 a_tag=0.8442 a_max=0.9964 xl_tag=0.1740 nlock=2592 tune=62431.836273
# QATOM t=1854.70 dir=DF w=2.26710173 e=0.414943514417 i=250 Em=0.5181
t= 1880.00 +2.21e-15 | 1.6031 15.57  20377    2 247201 248329 | 1.4219 13.98 | 7.69e-03 1.71e-02 |   9.1913 0.4387  0.8062  2.2508 1.000 15.33 | edge_dev mean=0.1755 max=0.7364 gg=0.2055 shape_dev=2.3317 xbar=0.2036 | IR e0:psi=-0.086 gg=0.916 d=1.2679 e1:psi=+1.403 gg=0.001 d=1.4293 e2=DEAD
# CONVTAG t=1880.00 rough=3.587525 cond=44.955332 evap=120.757501 backs=16.218916
# CANT t=1880.00 a_tag=0.8456 a_max=0.9977 xl_tag=0.1729 nlock=2593 tune=63868.279568
# QATOM t=1900.80 dir=FD w=1.53531358 e=0.28100565793 i=2316 Em=0.1106
t= 1920.00 +2.21e-15 | 1.6032 15.56  20371    0 252120 253301 | 1.4217 13.98 | 6.82e-03 1.58e-02 |   9.5377 0.4553  0.7822  2.3052 1.000 15.06 | edge_dev mean=0.1633 max=0.7345 gg=0.2841 shape_dev=2.2873 xbar=0.2103 | IR e0:psi=+0.101 gg=0.980 d=1.2632 e1:psi=-0.262 gg=0.000 d=1.4870 e2=DEAD
# CONVTAG t=1920.00 rough=3.587525 cond=46.037647 evap=123.474487 backs=16.573306
# CANT t=1920.00 a_tag=0.8389 a_max=0.9974 xl_tag=0.1657 nlock=2590 tune=65294.835917
# QATOM t=1951.64 dir=FD w=1.50256599 e=0.275011924886 i=1356 Em=0.1615
t= 1960.00 +2.35e-15 | 1.6030 15.57  20378    3 257000 258126 | 1.4218 13.97 | 3.39e-03 1.27e-02 |   8.9364 0.4266  0.6893  2.4208 1.000 15.28 | edge_dev mean=0.1745 max=0.7318 gg=0.2634 shape_dev=2.3069 xbar=0.1972 | IR e0:psi=+0.143 gg=0.952 d=1.2389 e1:psi=+1.470 gg=0.008 d=1.5016 e2=DEAD
# CONVTAG t=1960.00 rough=3.587525 cond=47.734992 evap=127.061305 backs=17.041152
# CANT t=1960.00 a_tag=0.8466 a_max=0.9965 xl_tag=0.1587 nlock=2588 tune=66725.827921
t= 2000.00 +2.35e-15 | 1.6034 15.56  20367    5 261989 263092 | 1.4217 13.97 | 9.33e-03 2.17e-02 |   7.9943 0.3816  0.6017  2.4878 1.000 15.33 | edge_dev mean=0.1809 max=0.7348 gg=0.3453 shape_dev=2.3166 xbar=0.1761 | IR e0:psi=+0.029 gg=0.998 d=1.2224 e1:psi=-1.660 gg=0.000 d=1.5178 e2=DEAD
# CONVTAG t=2000.00 rough=3.587525 cond=47.982311 evap=130.553830 backs=17.496699
# CANT t=2000.00 a_tag=0.8255 a_max=0.9959 xl_tag=0.1443 nlock=2588 tune=68160.316737
# QATOM t=2002.08 dir=FD w=1.48261257 e=0.271359886419 i=1440 Em=0.1405
t= 2040.00 +2.49e-15 | 1.6032 15.56  20372    3 266974 268120 | 1.4217 13.97 | 8.78e-03 1.97e-02 |   7.1416 0.3409  0.4737  2.5966 1.000 15.50 | edge_dev mean=0.1910 max=0.7365 gg=0.2745 shape_dev=2.2684 xbar=0.1576 | IR e0:psi=+0.062 gg=0.985 d=1.2120 e1:psi=+2.687 gg=0.000 d=1.5257 e2=DEAD
# CONVTAG t=2040.00 rough=3.587525 cond=49.173842 evap=134.205794 backs=17.973042
# CANT t=2040.00 a_tag=0.8461 a_max=0.9955 xl_tag=0.1340 nlock=2584 tune=69589.274545
# QATOM t=2050.74 dir=DF w=2.45424411 e=0.449195843741 i=762 Em=0.4719
t= 2080.00 +2.63e-15 | 1.6031 15.56  20369    3 271692 272801 | 1.4218 13.98 | 3.93e-03 1.11e-02 |   7.0540 0.3367  0.4735  2.5954 1.000 15.72 | edge_dev mean=0.1902 max=0.6076 gg=0.3339 shape_dev=2.1383 xbar=0.1554 | IR e0:psi=+0.024 gg=0.995 d=1.1986 e1:psi=-3.084 gg=0.000 d=1.5461 e2=DEAD
# CONVTAG t=2080.00 rough=3.587525 cond=49.910001 evap=135.439328 backs=18.133937
# CANT t=2080.00 a_tag=0.8436 a_max=0.9961 xl_tag=0.1189 nlock=2585 tune=71013.949985
# QATOM t=2098.88 dir=DF w=2.42477184 e=0.443801587601 i=2300 Em=0.5891
t= 2120.00 +2.63e-15 | 1.6029 15.56  20362    3 276295 277418 | 1.4215 13.96 | 5.98e-03 1.04e-02 |   7.2810 0.3475  0.5264  2.5475 1.000 15.56 | edge_dev mean=0.1900 max=0.6282 gg=0.3749 shape_dev=1.9966 xbar=0.1604 | IR e0:psi=+0.029 gg=0.977 d=1.2191 e1:psi=+2.909 gg=0.000 d=1.4868 e2=DEAD
# CONVTAG t=2120.00 rough=3.587525 cond=50.177866 evap=137.165231 backs=18.359055
# CANT t=2120.00 a_tag=0.8829 a_max=0.9953 xl_tag=0.1115 nlock=2583 tune=72439.829634
# QATOM t=2152.28 dir=DF w=2.33986018 e=0.428260360371 i=2324 Em=0.4730
t= 2160.00 +2.77e-15 | 1.6027 15.57  20375    3 280844 281953 | 1.4217 13.96 | 4.77e-03 1.15e-02 |   7.4808 0.3571  0.5559  2.5956 1.000 15.39 | edge_dev mean=0.1967 max=0.6870 gg=0.3640 shape_dev=1.9676 xbar=0.1717 | IR e0:psi=+0.079 gg=0.978 d=1.2300 e1:psi=-2.104 gg=0.000 d=1.5107 e2=DEAD
# CONVTAG t=2160.00 rough=3.587525 cond=50.438559 evap=138.846607 backs=18.578365
# CANT t=2160.00 a_tag=0.8969 a_max=0.9952 xl_tag=0.1085 nlock=2589 tune=73870.506830
t= 2200.00 +2.91e-15 | 1.6029 15.57  20386    5 285805 286896 | 1.4220 13.98 | 5.20e-03 1.62e-02 |   7.6668 0.3660  0.4791  2.6291 1.000 15.33 | edge_dev mean=0.2174 max=0.7072 gg=0.3688 shape_dev=1.9809 xbar=0.1685 | IR e0:psi=+0.108 gg=0.973 d=1.2543 e1:psi=-2.689 gg=0.000 d=1.4953 e2=DEAD
# CONVTAG t=2200.00 rough=3.587525 cond=50.715841 evap=139.267144 backs=18.633218
# CANT t=2200.00 a_tag=0.8910 a_max=0.9962 xl_tag=0.1076 nlock=2586 tune=75303.187644
# QATOM t=2205.60 dir=DF w=2.28091342 e=0.417471442956 i=1801 Em=0.4424
t= 2240.00 +3.04e-15 | 1.6030 15.59  20409    5 290804 291894 | 1.4223 13.99 | 5.52e-03 1.32e-02 |   7.1277 0.3402  0.4288  2.6654 1.000 15.11 | edge_dev mean=0.2231 max=0.7617 gg=0.2972 shape_dev=1.9908 xbar=0.1589 | IR e0:psi=+0.059 gg=0.992 d=1.2248 e1:psi=-2.669 gg=0.000 d=1.5286 e2=DEAD
# CONVTAG t=2240.00 rough=3.587525 cond=50.715841 evap=140.903742 backs=18.846687
# CANT t=2240.00 a_tag=0.8607 a_max=0.9970 xl_tag=0.1057 nlock=2585 tune=76732.278979
# QATOM t=2268.42 dir=DF w=2.42385244 e=0.443633312539 i=578 Em=0.5786
t= 2280.00 +3.18e-15 | 1.6027 15.56  20368    2 296055 297156 | 1.4217 13.98 | 7.81e-03 2.06e-02 |   7.7675 0.3708  0.4307  2.7706 1.000 15.33 | edge_dev mean=0.2219 max=0.7108 gg=0.3639 shape_dev=2.0290 xbar=0.1755 | IR e0:psi=+0.069 gg=0.946 d=1.2137 e1:psi=+1.630 gg=0.000 d=1.5132 e2=DEAD
# CONVTAG t=2280.00 rough=3.587525 cond=51.450597 evap=142.199919 backs=19.015754
# CANT t=2280.00 a_tag=0.8803 a_max=0.9959 xl_tag=0.1057 nlock=2586 tune=78168.414821
t= 2320.00 +3.32e-15 | 1.6026 15.56  20364    4 301499 302606 | 1.4217 13.98 | 4.61e-03 1.24e-02 |   7.7351 0.3692  0.3475  2.7115 1.000 15.28 | edge_dev mean=0.2084 max=0.6820 gg=0.4141 shape_dev=2.0570 xbar=0.1701 | IR e0:psi=+0.149 gg=0.952 d=1.2248 e1:psi=-0.877 gg=0.012 d=1.5033 e2=DEAD
# CONVTAG t=2320.00 rough=3.587525 cond=51.450597 evap=142.199919 backs=19.015754
# CANT t=2320.00 a_tag=0.9012 a_max=0.9947 xl_tag=0.1084 nlock=2588 tune=79607.186686
# QATOM t=2325.74 dir=DF w=2.33060371 e=0.426566166228 i=1705 Em=0.4283
t= 2360.00 +3.46e-15 | 1.6027 15.58  20388    4 307206 308340 | 1.4220 13.97 | 5.81e-03 1.60e-02 |   7.4513 0.3557  0.3867  2.7177 1.000 15.11 | edge_dev mean=0.2109 max=0.6882 gg=0.3544 shape_dev=2.0538 xbar=0.1640 | IR e0:psi=+0.022 gg=0.930 d=1.2261 e1:psi=+3.032 gg=0.000 d=1.5373 e2=DEAD
# CONVTAG t=2360.00 rough=3.587525 cond=51.704590 evap=143.061708 backs=19.128161
# CANT t=2360.00 a_tag=0.9112 a_max=0.9963 xl_tag=0.1073 nlock=2582 tune=81051.669710
# QATOM t=2384.64 dir=FD w=1.43997913 e=0.263556766843 i=857 Em=0.1407
t= 2400.00 +3.60e-15 | 1.6026 15.56  20367    3 312909 314007 | 1.4217 13.97 | 6.57e-03 1.48e-02 |   6.8798 0.3284  0.3367  2.6645 1.000 15.22 | edge_dev mean=0.2233 max=0.7594 gg=0.3161 shape_dev=2.1514 xbar=0.1514 | IR e0:psi=+0.045 gg=0.930 d=1.2233 e1:psi=+0.119 gg=0.149 d=1.5112 e2=DEAD
# CONVTAG t=2400.00 rough=3.587525 cond=51.704590 evap=143.911297 backs=19.238977
# CANT t=2400.00 a_tag=0.9146 a_max=0.9954 xl_tag=0.1061 nlock=2587 tune=82493.313377
t= 2440.00 +3.60e-15 | 1.6026 15.56  20368    2 318158 319262 | 1.4217 13.97 | 7.08e-03 1.92e-02 |   7.1791 0.3427  0.3930  2.7022 1.000 15.39 | edge_dev mean=0.2329 max=0.7823 gg=0.2314 shape_dev=2.2418 xbar=0.1581 | IR e0:psi=+0.093 gg=0.977 d=1.2367 e1:psi=+1.391 gg=0.001 d=1.4695 e2=DEAD
# CONVTAG t=2440.00 rough=3.587525 cond=52.240068 evap=144.852440 backs=19.361735
# CANT t=2440.00 a_tag=0.9002 a_max=0.9964 xl_tag=0.1054 nlock=2589 tune=83934.344052
# QATOM t=2440.96 dir=DF w=2.3858022 e=0.436669046194 i=1943 Em=0.4967
t= 2480.00 +3.87e-15 | 1.6030 15.60  20415    4 323323 324416 | 1.4223 13.97 | 5.22e-03 1.48e-02 |   7.3478 0.3507  0.3760  2.6680 1.000 15.28 | edge_dev mean=0.2096 max=0.8302 gg=0.2564 shape_dev=2.2471 xbar=0.1618 | IR e0:psi=-0.042 gg=0.920 d=1.2867 e1:psi=+1.452 gg=0.000 d=1.4765 e2=DEAD
# CONVTAG t=2480.00 rough=3.587525 cond=52.500301 evap=145.740306 backs=19.477543
# CANT t=2480.00 a_tag=0.8871 a_max=0.9978 xl_tag=0.1050 nlock=2584 tune=85376.172998
# QATOM t=2491.74 dir=FD w=1.36893524 e=0.250553731818 i=2346 Em=0.2738
t= 2520.00 +3.87e-15 | 1.6030 15.56  20366    2 328472 329564 | 1.4217 13.98 | 5.93e-03 1.29e-02 |   7.3317 0.3500  0.3919  2.6719 1.000 15.11 | edge_dev mean=0.2222 max=0.8013 gg=0.2059 shape_dev=2.2848 xbar=0.1648 | IR e0:psi=+0.061 gg=0.976 d=1.2791 e1:psi=-1.347 gg=0.000 d=1.4619 e2=DEAD
# CONVTAG t=2520.00 rough=3.587525 cond=52.748010 evap=146.604857 backs=19.590311
# CANT t=2520.00 a_tag=0.9002 a_max=0.9986 xl_tag=0.1053 nlock=2586 tune=86815.270932
# QATOM t=2542.04 dir=FD w=1.58150573 e=0.289460123453 i=967 Em=0.0630
t= 2560.00 +4.01e-15 | 1.6032 15.57  20384    3 333610 334708 | 1.4221 13.98 | 8.55e-03 2.46e-02 |   6.7122 0.3204  0.3343  2.6746 1.000 15.22 | edge_dev mean=0.2138 max=0.7695 gg=0.2299 shape_dev=2.3545 xbar=0.1479 | IR e0:psi=+0.026 gg=0.991 d=1.2857 e1:psi=-0.694 gg=0.016 d=1.4549 e2=DEAD
# CONVTAG t=2560.00 rough=3.587525 cond=53.013361 evap=148.755684 backs=19.870853
# CANT t=2560.00 a_tag=0.8974 a_max=0.9983 xl_tag=0.1042 nlock=2585 tune=88251.298862
# QATOM t=2596.14 dir=DF w=2.41681235 e=0.442344776412 i=1328 Em=0.5239
t= 2600.00 +4.15e-15 | 1.6028 15.55  20356    3 338714 339829 | 1.4216 13.97 | 8.58e-03 2.05e-02 |   7.3083 0.3488  0.3749  2.7898 1.000 15.00 | edge_dev mean=0.2062 max=0.7861 gg=0.2120 shape_dev=2.3340 xbar=0.1663 | IR e0:psi=+0.078 gg=0.987 d=1.2593 e1:psi=-2.395 gg=0.000 d=1.4462 e2=DEAD
# CONVTAG t=2600.00 rough=3.587525 cond=53.013361 evap=148.755684 backs=19.870853
# CANT t=2600.00 a_tag=0.9080 a_max=0.9977 xl_tag=0.1031 nlock=2581 tune=89674.802200
t= 2640.00 +4.15e-15 | 1.6026 15.55  20359    6 344083 345192 | 1.4215 13.96 | 9.24e-03 2.37e-02 |   6.5372 0.3120  0.4661  2.6661 1.000 15.17 | edge_dev mean=0.2117 max=0.8021 gg=0.2649 shape_dev=2.1503 xbar=0.1453 | IR e0:psi=-0.026 gg=0.990 d=1.2529 e1:psi=+0.064 gg=0.540 d=1.4307 e2=DEAD
# CONVTAG t=2640.00 rough=3.587525 cond=53.268963 evap=149.590162 backs=19.979698
# CANT t=2640.00 a_tag=0.8969 a_max=0.9975 xl_tag=0.1007 nlock=2587 tune=91092.788089
# QATOM t=2650.10 dir=FD w=1.34830962 e=0.246778662284 i=1635 Em=0.2092
t= 2680.00 +4.29e-15 | 1.6027 15.55  20353    3 349113 350236 | 1.4214 13.96 | 6.05e-03 1.71e-02 |   6.4188 0.3064  0.4494  2.6412 1.000 15.22 | edge_dev mean=0.2271 max=0.8259 gg=0.2279 shape_dev=2.0886 xbar=0.1414 | IR e0:psi=-0.061 gg=0.912 d=1.2637 e1:psi=-0.623 gg=0.000 d=1.3824 e2=DEAD
# CONVTAG t=2680.00 rough=3.587525 cond=53.268963 evap=150.017814 backs=20.035479
# CANT t=2680.00 a_tag=0.8791 a_max=0.9965 xl_tag=0.0997 nlock=2591 tune=92510.639392
# QATOM t=2714.10 dir=FD w=1.39696936 e=0.255684766631 i=2207 Em=0.2241
t= 2720.00 +4.29e-15 | 1.6026 15.56  20368    5 353841 354926 | 1.4216 13.96 | 5.97e-03 2.05e-02 |   6.3361 0.3024  0.4062  2.5671 1.000 15.33 | edge_dev mean=0.2402 max=0.8366 gg=0.2238 shape_dev=2.2074 xbar=0.1396 | IR e0:psi=+0.051 gg=0.986 d=1.2947 e1:psi=+2.800 gg=0.000 d=1.3860 e2=DEAD
# CONVTAG t=2720.00 rough=3.587525 cond=53.268963 evap=150.396369 backs=20.084856
# CANT t=2720.00 a_tag=0.8928 a_max=0.9967 xl_tag=0.0997 nlock=2596 tune=93931.446757
t= 2760.00 +4.43e-15 | 1.6022 15.56  20371    5 358814 359949 | 1.4217 13.96 | 6.43e-03 1.34e-02 |   6.6455 0.3172  0.3960  2.5810 1.000 15.06 | edge_dev mean=0.2453 max=0.8719 gg=0.2221 shape_dev=2.2077 xbar=0.1464 | IR e0:psi=+0.070 gg=0.990 d=1.3100 e1:psi=-2.165 gg=0.000 d=1.3962 e2=DEAD
# CONVTAG t=2760.00 rough=3.587525 cond=53.543120 evap=150.396369 backs=20.084856
# CANT t=2760.00 a_tag=0.9029 a_max=0.9969 xl_tag=0.1001 nlock=2596 tune=95366.502290
# QATOM t=2776.26 dir=FD w=1.3939387 e=0.255130070155 i=123 Em=0.2086
t= 2800.00 +4.57e-15 | 1.6026 15.57  20383    2 363697 364796 | 1.4217 13.95 | 6.97e-03 1.59e-02 |   6.4224 0.3066  0.4193  2.5643 1.000 15.06 | edge_dev mean=0.2392 max=0.8634 gg=0.2096 shape_dev=2.2029 xbar=0.1422 | IR e0:psi=+0.104 gg=0.974 d=1.3035 e1:psi=+0.928 gg=0.045 d=1.3819 e2=DEAD
# CONVTAG t=2800.00 rough=3.587525 cond=53.795352 evap=150.839687 backs=20.142680
# CANT t=2800.00 a_tag=0.9049 a_max=0.9960 xl_tag=0.0999 nlock=2587 tune=96806.528217
# QATOM t=2830.24 dir=FD w=1.63845255 e=0.299882994945 i=185 Em=0.0071
t= 2840.00 +4.70e-15 | 1.6026 15.59  20404    3 368832 369940 | 1.4221 13.96 | 5.08e-03 1.44e-02 |   6.0930 0.2908  0.3999  2.5840 1.000 15.06 | edge_dev mean=0.2477 max=0.8499 gg=0.2485 shape_dev=2.1592 xbar=0.1365 | IR e0:psi=+0.090 gg=0.983 d=1.2930 e1:psi=-1.379 gg=0.000 d=1.4235 e2=DEAD
# CONVTAG t=2840.00 rough=3.587525 cond=53.795352 evap=151.252182 backs=20.196484
# CANT t=2840.00 a_tag=0.9004 a_max=0.9961 xl_tag=0.0987 nlock=2590 tune=98255.568452
t= 2880.00 +4.70e-15 | 1.6025 15.59  20407    0 373795 374902 | 1.4222 13.97 | 7.17e-03 1.66e-02 |   5.8161 0.2776  0.3268  2.5780 1.000 14.94 | edge_dev mean=0.2485 max=0.8833 gg=0.1987 shape_dev=2.1495 xbar=0.1297 | IR e0:psi=+0.216 gg=0.871 d=1.2893 e1:psi=-0.093 gg=0.333 d=1.4494 e2=DEAD
# CONVTAG t=2880.00 rough=3.587525 cond=53.795352 evap=151.666420 backs=20.250515
# CANT t=2880.00 a_tag=0.8984 a_max=0.9968 xl_tag=0.0941 nlock=2593 tune=99717.427888
# QATOM t=2900.42 dir=FD w=1.54157191 e=0.282151107396 i=2495 Em=0.0908
t= 2920.00 +4.84e-15 | 1.6025 15.59  20411    0 378557 379655 | 1.4224 13.98 | 5.37e-03 1.74e-02 |   6.0239 0.2875  0.3151  2.6246 1.000 15.11 | edge_dev mean=0.2558 max=0.8809 gg=0.1967 shape_dev=2.1332 xbar=0.1324 | IR e0:psi=+0.058 gg=0.991 d=1.2609 e1:psi=-1.923 gg=0.000 d=1.4253 e2=DEAD
# CONVTAG t=2920.00 rough=3.587525 cond=54.047441 evap=152.530599 backs=20.363234
# CANT t=2920.00 a_tag=0.9361 a_max=0.9966 xl_tag=0.0887 nlock=2593 tune=101174.347517
t= 2960.00 +4.84e-15 | 1.6023 15.58  20400    2 383545 384665 | 1.4221 13.97 | 5.66e-03 1.47e-02 |   5.5322 0.2641  0.3647  2.5605 1.000 15.11 | edge_dev mean=0.2489 max=0.8204 gg=0.1971 shape_dev=2.0259 xbar=0.1218 | IR e0:psi=+0.117 gg=0.971 d=1.2521 e1:psi=+1.887 gg=0.000 d=1.4139 e2=DEAD
# CONVTAG t=2960.00 rough=3.587525 cond=54.303061 evap=153.403115 backs=20.477040
# CANT t=2960.00 a_tag=0.9370 a_max=0.9974 xl_tag=0.0852 nlock=2594 tune=102625.681531
# QATOM t=2965.58 dir=DF w=2.36096343 e=0.432122850163 i=952 Em=0.4543
t= 3000.00 +4.98e-15 | 1.6024 15.56  20374    3 388450 389587 | 1.4216 13.96 | 3.96e-03 1.13e-02 |   5.9564 0.2843  0.2897  2.6047 1.000 15.33 | edge_dev mean=0.2402 max=0.7438 gg=0.2396 shape_dev=1.9938 xbar=0.1317 | IR e0:psi=+0.066 gg=0.991 d=1.2823 e1:psi=+0.226 gg=0.607 d=1.4436 e2=DEAD
# CONVTAG t=3000.00 rough=3.587525 cond=54.807799 evap=154.715744 backs=20.648252
# CANT t=3000.00 a_tag=0.9321 a_max=0.9981 xl_tag=0.0828 nlock=2595 tune=104080.352857
# QATOM t=3023.68 dir=FD w=1.41732675 e=0.259410742199 i=2122 Em=0.1273
t= 3040.00 +4.98e-15 | 1.6025 15.56  20374    4 393376 394517 | 1.4219 13.98 | 3.97e-03 1.39e-02 |   5.7760 0.2757  0.3862  2.6422 1.000 15.33 | edge_dev mean=0.2341 max=0.7984 gg=0.2614 shape_dev=2.0655 xbar=0.1271 | IR e0:psi=-0.051 gg=0.940 d=1.2154 e1:psi=+1.365 gg=0.006 d=1.4520 e2=DEAD
# CONVTAG t=3040.00 rough=3.587525 cond=55.071055 evap=155.178436 backs=20.708604
# CANT t=3040.00 a_tag=0.9360 a_max=0.9976 xl_tag=0.0826 nlock=2591 tune=105527.651477
t= 3080.00 +5.12e-15 | 1.6027 15.56  20373    5 398165 399285 | 1.4219 13.98 | 7.09e-03 1.49e-02 |   6.0688 0.2897  0.3886  2.6241 1.000 15.44 | edge_dev mean=0.2276 max=0.7971 gg=0.2588 shape_dev=2.0807 xbar=0.1343 | IR e0:psi=+0.037 gg=0.980 d=1.2224 e1:psi=+3.089 gg=0.000 d=1.4035 e2=DEAD
# CONVTAG t=3080.00 rough=3.587525 cond=55.071055 evap=155.599696 backs=20.763551
# CANT t=3080.00 a_tag=0.9366 a_max=0.9959 xl_tag=0.0826 nlock=2590 tune=106968.087142
# QATOM t=3082.72 dir=FD w=1.56848387 e=0.287076755301 i=2166 Em=0.0485
t= 3120.00 +5.12e-15 | 1.6026 15.58  20391    2 403143 404277 | 1.4220 13.97 | 3.80e-03 1.25e-02 |   5.7915 0.2764  0.3522  2.6486 1.000 15.44 | edge_dev mean=0.2334 max=0.8216 gg=0.3161 shape_dev=2.1055 xbar=0.1275 | IR e0:psi=+0.054 gg=0.990 d=1.2217 e1:psi=+0.993 gg=0.127 d=1.4359 e2=DEAD
# CONVTAG t=3120.00 rough=3.587525 cond=55.071055 evap=156.028320 backs=20.819458
# CANT t=3120.00 a_tag=0.9494 a_max=0.9962 xl_tag=0.0817 nlock=2592 tune=108420.937534
# QATOM t=3143.84 dir=DF w=2.36538288 e=0.432931734661 i=1731 Em=0.5710
t= 3160.00 +5.12e-15 | 1.6026 15.60  20418    2 408427 409577 | 1.4224 13.98 | 6.56e-03 1.70e-02 |   5.5052 0.2628  0.3388  2.6718 1.000 15.50 | edge_dev mean=0.2350 max=0.7856 gg=0.3109 shape_dev=2.0544 xbar=0.1216 | IR e0:psi=+0.078 gg=0.967 d=1.2115 e1:psi=-1.445 gg=0.000 d=1.4328 e2=DEAD
# CONVTAG t=3160.00 rough=3.587525 cond=55.071055 evap=156.028320 backs=20.819458
# CANT t=3160.00 a_tag=0.9438 a_max=0.9938 xl_tag=0.0802 nlock=2595 tune=109876.719294
t= 3200.00 +5.26e-15 | 1.6030 15.59  20409    1 413612 414726 | 1.4224 13.99 | 6.93e-03 1.77e-02 |   5.5867 0.2667  0.3295  2.6670 1.000 15.33 | edge_dev mean=0.2335 max=0.7685 gg=0.2371 shape_dev=2.0698 xbar=0.1228 | IR e0:psi=-0.049 gg=0.991 d=1.1981 e1:psi=+0.569 gg=0.354 d=1.4275 e2=DEAD
# CONVTAG t=3200.00 rough=3.587525 cond=55.071055 evap=156.457923 backs=20.875493
# CANT t=3200.00 a_tag=0.9266 a_max=0.9961 xl_tag=0.0796 nlock=2591 tune=111323.263737
# QATOM t=3206.30 dir=FD w=1.49923801 e=0.274402811281 i=1202 Em=0.1031
t= 3240.00 +5.40e-15 | 1.6026 15.59  20410    1 418656 419805 | 1.4221 13.96 | 7.56e-03 1.96e-02 |   5.3380 0.2548  0.3275  2.7458 1.000 15.39 | edge_dev mean=0.2368 max=0.7840 gg=0.2237 shape_dev=2.0796 xbar=0.1203 | IR e0:psi=-0.153 gg=0.910 d=1.1981 e1:psi=-1.409 gg=0.000 d=1.4112 e2=DEAD
# CONVTAG t=3240.00 rough=3.587525 cond=55.071055 evap=156.890852 backs=20.931962
# CANT t=3240.00 a_tag=0.9270 a_max=0.9954 xl_tag=0.0790 nlock=2590 tune=112762.412371
# QATOM t=3260.36 dir=FD w=1.42205749 e=0.260276600817 i=2110 Em=0.2512
t= 3280.00 +5.53e-15 | 1.6028 15.58  20395    4 423451 424610 | 1.4218 13.96 | 8.82e-03 2.23e-02 |   5.1275 0.2448  0.4260  2.6847 1.000 15.50 | edge_dev mean=0.2304 max=0.7940 gg=0.2359 shape_dev=2.2396 xbar=0.1127 | IR e0:psi=-0.067 gg=0.929 d=1.1784 e1:psi=+3.112 gg=0.000 d=1.4051 e2=DEAD
# CONVTAG t=3280.00 rough=3.587525 cond=55.071055 evap=156.890852 backs=20.931962
# CANT t=3280.00 a_tag=0.9388 a_max=0.9940 xl_tag=0.0762 nlock=2595 tune=114196.420628
# QATOM t=3313.70 dir=FD w=1.56524312 e=0.286483606649 i=994 Em=0.0786
t= 3320.00 +5.67e-15 | 1.6027 15.60  20418    1 428451 429561 | 1.4223 13.97 | 9.23e-03 2.29e-02 |   4.8773 0.2328  0.3623  2.6555 1.000 15.61 | edge_dev mean=0.2321 max=0.7913 gg=0.2354 shape_dev=2.2889 xbar=0.1073 | IR e0:psi=+0.001 gg=0.961 d=1.1712 e1:psi=+0.303 gg=0.507 d=1.4446 e2=DEAD
# CONVTAG t=3320.00 rough=3.587525 cond=55.071055 evap=156.890852 backs=20.931962
# CANT t=3320.00 a_tag=0.9466 a_max=0.9959 xl_tag=0.0737 nlock=2598 tune=115652.193025
t= 3360.00 +5.95e-15 | 1.6029 15.59  20402    3 433429 434524 | 1.4222 13.98 | 3.46e-03 1.36e-02 |   5.0232 0.2398  0.3252  2.6381 1.000 15.61 | edge_dev mean=0.2396 max=0.7893 gg=0.2248 shape_dev=2.3091 xbar=0.1109 | IR e0:psi=+0.063 gg=0.941 d=1.1683 e1:psi=-2.563 gg=0.000 d=1.5263 e2=DEAD
# CONVTAG t=3360.00 rough=3.587525 cond=55.333352 evap=157.351859 backs=20.992094
# CANT t=3360.00 a_tag=0.9555 a_max=0.9956 xl_tag=0.0733 nlock=2600 tune=117109.005201
# QATOM t=3362.06 dir=FD w=1.45161804 e=0.26568701447 i=901 Em=0.2355
t= 3400.00 +5.95e-15 | 1.6028 15.59  20409    1 438465 439599 | 1.4223 13.98 | 6.29e-03 1.43e-02 |   5.0388 0.2405  0.3987  2.5949 1.000 15.67 | edge_dev mean=0.2460 max=0.7903 gg=0.2089 shape_dev=2.3493 xbar=0.1107 | IR e0:psi=+0.089 gg=0.944 d=1.1735 e1:psi=-0.712 gg=0.327 d=1.5427 e2=DEAD
# CONVTAG t=3400.00 rough=3.587525 cond=55.333352 evap=157.351859 backs=20.992094
# CANT t=3400.00 a_tag=0.9535 a_max=0.9958 xl_tag=0.0736 nlock=2604 tune=118574.555098
# QATOM t=3414.68 dir=DF w=2.31087804 e=0.422955812076 i=1143 Em=0.4615
t= 3440.00 +6.09e-15 | 1.6028 15.60  20420    1 443207 444384 | 1.4223 13.97 | 4.33e-03 1.45e-02 |   5.3365 0.2547  0.4664  2.5925 1.000 15.44 | edge_dev mean=0.2381 max=0.7392 gg=0.1806 shape_dev=2.3328 xbar=0.1197 | IR e0:psi=+0.134 gg=0.911 d=1.1614 e1:psi=+2.281 gg=0.000 d=1.5290 e2=DEAD
# CONVTAG t=3440.00 rough=3.587525 cond=55.333352 evap=157.351859 backs=20.992094
# CANT t=3440.00 a_tag=0.9362 a_max=0.9971 xl_tag=0.0733 nlock=2601 tune=120028.261962
# QATOM t=3473.50 dir=FD w=1.47013882 e=0.269076840052 i=2415 Em=0.2233
t= 3480.00 +6.09e-15 | 1.6029 15.61  20429    0 448176 449315 | 1.4225 13.98 | 6.25e-03 1.67e-02 |   5.5859 0.2666  0.4817  2.5269 1.000 15.44 | edge_dev mean=0.2450 max=0.7767 gg=0.2516 shape_dev=2.4641 xbar=0.1227 | IR e0:psi=+0.076 gg=0.933 d=1.1788 e1:psi=+0.550 gg=0.263 d=1.5366 e2=DEAD
# CONVTAG t=3480.00 rough=3.587525 cond=55.333352 evap=157.351859 backs=20.992094
# CANT t=3480.00 a_tag=0.9250 a_max=0.9977 xl_tag=0.0760 nlock=2599 tune=121462.759883
t= 3520.00 +6.36e-15 | 1.6027 15.59  20409    1 453075 454185 | 1.4223 13.98 | 7.95e-03 1.97e-02 |   5.3130 0.2536  0.3419  2.5515 1.000 15.44 | edge_dev mean=0.2613 max=0.7641 gg=0.2716 shape_dev=2.5321 xbar=0.1170 | IR e0:psi=+0.117 gg=0.925 d=1.1492 e1:psi=-1.833 gg=0.000 d=1.5669 e2=DEAD
# CONVTAG t=3520.00 rough=3.587525 cond=55.333352 evap=157.351859 backs=20.992094
# CANT t=3520.00 a_tag=0.9229 a_max=0.9973 xl_tag=0.0765 nlock=2599 tune=122915.225099
# QATOM t=3524.34 dir=DF w=2.37367335 e=0.434449123165 i=2059 Em=0.5414
t= 3560.00 +6.50e-15 | 1.6027 15.58  20393    0 458265 459405 | 1.4221 13.98 | 7.83e-03 2.17e-02 |   5.8685 0.2801  0.3600  2.4572 1.000 15.22 | edge_dev mean=0.2644 max=0.7631 gg=0.2815 shape_dev=2.6649 xbar=0.1290 | IR e0:psi=+0.051 gg=0.953 d=1.2722 e1:psi=+2.289 gg=0.000 d=1.5827 e2=DEAD
# CONVTAG t=3560.00 rough=3.587525 cond=55.587087 evap=158.225465 backs=21.106042
# CANT t=3560.00 a_tag=0.9096 a_max=0.9959 xl_tag=0.0784 nlock=2591 tune=124378.529871
# QATOM t=3585.92 dir=DF w=2.50358256 e=0.458226170607 i=2088 Em=0.5819
t= 3600.00 +6.64e-15 | 1.6026 15.60  20419    5 463105 464218 | 1.4223 13.97 | 7.77e-03 1.86e-02 |   6.0574 0.2891  0.4562  2.4432 1.000 15.17 | edge_dev mean=0.2634 max=0.6976 gg=0.3495 shape_dev=2.5763 xbar=0.1334 | IR e0:psi=+0.106 gg=0.971 d=1.2743 e1:psi=-0.557 gg=0.393 d=1.5421 e2=DEAD
# CONVTAG t=3600.00 rough=3.587525 cond=55.845388 evap=158.225465 backs=21.106042
# CANT t=3600.00 a_tag=0.8894 a_max=0.9963 xl_tag=0.0789 nlock=2597 tune=125826.185736
t= 3640.00 +6.78e-15 | 1.6023 15.59  20410    2 467607 468750 | 1.4221 13.96 | 8.98e-03 2.28e-02 |   5.7507 0.2745  0.5492  2.4239 1.000 15.11 | edge_dev mean=0.2584 max=0.6898 gg=0.2876 shape_dev=2.6546 xbar=0.1263 | IR e0:psi=+0.061 gg=0.979 d=1.2736 e1:psi=+2.808 gg=0.000 d=1.5422 e2=DEAD
# CONVTAG t=3640.00 rough=3.587525 cond=55.845388 evap=158.225465 backs=21.106042
# CANT t=3640.00 a_tag=0.8761 a_max=0.9967 xl_tag=0.0795 nlock=2601 tune=127264.189500
# QATOM t=3650.40 dir=FD w=1.49412143 e=0.27346633242 i=2253 Em=0.1696
t= 3680.00 +6.92e-15 | 1.6026 15.62  20443    6 471879 472983 | 1.4225 13.96 | 9.25e-03 2.12e-02 |   5.5341 0.2642  0.5393  2.4246 1.000 15.50 | edge_dev mean=0.2252 max=0.6678 gg=0.2334 shape_dev=2.5950 xbar=0.1219 | IR e0:psi=+0.094 gg=0.944 d=1.2072 e1:psi=-0.628 gg=0.056 d=1.5234 e2=DEAD
# CONVTAG t=3680.00 rough=3.587525 cond=55.845388 evap=158.651247 backs=21.161579
# CANT t=3680.00 a_tag=0.9010 a_max=0.9969 xl_tag=0.0797 nlock=2597 tune=128694.488448
# QATOM t=3709.06 dir=DF w=2.60903057 e=0.477526128945 i=18 Em=0.5453
t= 3720.00 +7.06e-15 | 1.6026 15.59  20409    4 476638 477805 | 1.4221 13.96 | 9.24e-03 1.53e-02 |   5.1233 0.2446  0.5683  2.4358 1.000 15.78 | edge_dev mean=0.2203 max=0.7246 gg=0.2433 shape_dev=2.5849 xbar=0.1128 | IR e0:psi=+0.101 gg=0.969 d=1.1683 e1:psi=-2.837 gg=0.000 d=1.5446 e2=DEAD
# CONVTAG t=3720.00 rough=3.587525 cond=55.845388 evap=159.078718 backs=21.217336
# CANT t=3720.00 a_tag=0.9041 a_max=0.9961 xl_tag=0.0772 nlock=2597 tune=130108.091718
t= 3760.00 +7.06e-15 | 1.6025 15.60  20422    3 481441 482625 | 1.4224 13.97 | 5.29e-03 1.46e-02 |   5.4188 0.2587  0.6507  2.4376 1.000 15.61 | edge_dev mean=0.2089 max=0.6991 gg=0.2122 shape_dev=2.5781 xbar=0.1189 | IR e0:psi=-0.091 gg=0.867 d=1.1780 e1:psi=+1.413 gg=0.000 d=1.5871 e2=DEAD
# CONVTAG t=3760.00 rough=3.587525 cond=55.845388 evap=159.078718 backs=21.217336
# CANT t=3760.00 a_tag=0.9054 a_max=0.9966 xl_tag=0.0743 nlock=2598 tune=131531.299609
# QATOM t=3767.88 dir=FD w=1.5091357 e=0.276214366756 i=228 Em=0.0874
t= 3800.00 +7.20e-15 | 1.6026 15.61  20429    1 486479 487673 | 1.4223 13.96 | 6.00e-03 1.45e-02 |   5.1010 0.2435  0.7207  2.4235 1.000 15.61 | edge_dev mean=0.2129 max=0.6770 gg=0.2126 shape_dev=2.6367 xbar=0.1119 | IR e0:psi=-0.072 gg=0.934 d=1.1697 e1:psi=-0.490 gg=0.554 d=1.5777 e2=DEAD
# CONVTAG t=3800.00 rough=3.587525 cond=55.845388 evap=159.078718 backs=21.217336
# CANT t=3800.00 a_tag=0.9168 a_max=0.9965 xl_tag=0.0717 nlock=2584 tune=132940.340949
# QATOM t=3822.48 dir=FD w=1.55295667 e=0.284234840834 i=409 Em=0.0717
t= 3840.00 +7.33e-15 | 1.6029 15.60  20421    5 491363 492518 | 1.4221 13.95 | 4.69e-03 1.30e-02 |   5.0887 0.2429  0.6925  2.4748 1.000 15.56 | edge_dev mean=0.2043 max=0.6464 gg=0.2020 shape_dev=2.6353 xbar=0.1136 | IR e0:psi=-0.058 gg=0.960 d=1.1576 e1:psi=+2.950 gg=0.000 d=1.6010 e2=DEAD
# CONVTAG t=3840.00 rough=3.587525 cond=55.845388 evap=159.078718 backs=21.217336
# CANT t=3840.00 a_tag=0.9290 a_max=0.9946 xl_tag=0.0689 nlock=2584 tune=134345.518287
# QATOM t=3871.78 dir=DF w=2.36036628 e=0.432013555708 i=1941 Em=0.4561
t= 3880.00 +7.47e-15 | 1.6031 15.61  20427    2 496155 497354 | 1.4222 13.95 | 3.41e-03 1.08e-02 |   4.6565 0.2223  0.6617  2.3975 1.000 15.50 | edge_dev mean=0.2035 max=0.6570 gg=0.1913 shape_dev=2.5557 xbar=0.1022 | IR e0:psi=+0.026 gg=0.997 d=1.1361 e1:psi=+0.144 gg=0.021 d=1.6290 e2=DEAD
# CONVTAG t=3880.00 rough=3.587525 cond=55.845388 evap=159.490873 backs=21.271095
# CANT t=3880.00 a_tag=0.9341 a_max=0.9965 xl_tag=0.0650 nlock=2584 tune=135737.995006
t= 3920.00 +7.61e-15 | 1.6031 15.61  20430    3 500888 502038 | 1.4222 13.94 | 5.08e-03 1.46e-02 |   4.5403 0.2167  0.8152  2.4094 1.000 15.78 | edge_dev mean=0.2078 max=0.6897 gg=0.2293 shape_dev=2.5875 xbar=0.0999 | IR e0:psi=-0.079 gg=0.982 d=1.1360 e1:psi=-2.270 gg=0.000 d=1.6445 e2=DEAD
# CONVTAG t=3920.00 rough=3.587525 cond=55.845388 evap=159.490873 backs=21.271095
# CANT t=3920.00 a_tag=0.9263 a_max=0.9969 xl_tag=0.0622 nlock=2586 tune=137111.639176
# QATOM t=3931.80 dir=FD w=1.43693111 e=0.262998892986 i=295 Em=0.2832
t= 3960.00 +7.61e-15 | 1.6027 15.62  20441    4 505806 506907 | 1.4225 13.96 | 8.38e-03 1.84e-02 |   4.2765 0.2041  0.8457  2.4019 1.000 15.67 | edge_dev mean=0.2099 max=0.6987 gg=0.1961 shape_dev=2.5613 xbar=0.0956 | IR e0:psi=+0.303 gg=0.753 d=1.0922 e1:psi=+1.102 gg=0.000 d=1.6225 e2=DEAD
# CONVTAG t=3960.00 rough=3.587525 cond=55.845388 evap=159.490873 backs=21.271095
# CANT t=3960.00 a_tag=0.9277 a_max=0.9977 xl_tag=0.0603 nlock=2582 tune=138491.174266
# QATOM t=3983.44 dir=FD w=1.40788118 e=0.257681936957 i=1956 Em=0.1925
t= 4000.00 +7.75e-15 | 1.6033 15.61  20440    1 510602 511724 | 1.4226 13.97 | 4.81e-03 1.39e-02 |   4.0849 0.1950  0.7960  2.3772 1.000 15.67 | edge_dev mean=0.1964 max=0.6787 gg=0.2117 shape_dev=2.4364 xbar=0.0926 | IR e0:psi=+0.465 gg=0.459 d=1.1053 e1:psi=-1.626 gg=0.002 d=1.6060 e2=DEAD
# CONVTAG t=4000.00 rough=3.587525 cond=56.098790 evap=159.936247 backs=21.329188
# CANT t=4000.00 a_tag=0.9327 a_max=0.9976 xl_tag=0.0571 nlock=2588 tune=139884.508064
# QATOM t=4039.26 dir=FD w=1.49779898 e=0.274139427242 i=479 Em=0.1597
t= 4040.00 +7.89e-15 | 1.6029 15.58  20396    4 515436 516549 | 1.4220 13.96 | 8.43e-03 1.79e-02 |   3.5557 0.1697  0.7458  2.4442 1.000 15.72 | edge_dev mean=0.1956 max=0.6660 gg=0.1767 shape_dev=2.4429 xbar=0.0781 | IR e0:psi=+0.003 gg=0.990 d=1.1201 e1:psi=+1.951 gg=0.000 d=1.6370 e2=DEAD
# CONVTAG t=4040.00 rough=3.587525 cond=56.358773 evap=159.936247 backs=21.329188
# CANT t=4040.00 a_tag=0.9159 a_max=0.9953 xl_tag=0.0550 nlock=2580 tune=141278.175729
t= 4080.00 +7.89e-15 | 1.6025 15.61  20429    2 520102 521268 | 1.4225 13.97 | 4.10e-03 1.43e-02 |   3.6452 0.1740  0.5570  2.4729 1.000 15.72 | edge_dev mean=0.2159 max=0.7152 gg=0.2192 shape_dev=2.4286 xbar=0.0809 | IR e0:psi=+1.003 gg=0.106 d=1.0330 e1:psi=-1.632 gg=0.002 d=1.6125 e2=DEAD
# CONVTAG t=4080.00 rough=3.587525 cond=56.653728 evap=159.936247 backs=21.329188
# CANT t=4080.00 a_tag=0.9034 a_max=0.9959 xl_tag=0.0516 nlock=2582 tune=142674.007853
# QATOM t=4094.02 dir=FD w=1.52155804 e=0.27848800527 i=2140 Em=0.0852
t= 4120.00 +8.03e-15 | 1.6027 15.60  20420    0 524957 526133 | 1.4225 13.97 | 5.09e-03 1.44e-02 |   3.7681 0.1799  0.7006  2.4612 1.000 15.61 | edge_dev mean=0.2017 max=0.7195 gg=0.1403 shape_dev=2.4519 xbar=0.0829 | IR e0:psi=+0.156 gg=0.928 d=1.0975 e1:psi=+2.624 gg=0.000 d=1.6105 e2=DEAD
# CONVTAG t=4120.00 rough=3.587525 cond=56.653728 evap=159.936247 backs=21.329188
# CANT t=4120.00 a_tag=0.9226 a_max=0.9963 xl_tag=0.0498 nlock=2588 tune=144081.020892
# QATOM t=4153.66 dir=FD w=1.42247001 e=0.260352103157 i=756 Em=0.2157
t= 4160.00 +8.16e-15 | 1.6026 15.60  20424    6 529516 530641 | 1.4225 13.97 | 7.20e-03 1.61e-02 |   3.8857 0.1855  0.7132  2.4976 1.000 15.72 | edge_dev mean=0.2020 max=0.7274 gg=0.1728 shape_dev=2.4425 xbar=0.0855 | IR e0:psi=+0.089 gg=0.976 d=1.1066 e1:psi=+1.371 gg=0.000 d=1.7363 e2=DEAD
# CONVTAG t=4160.00 rough=3.587525 cond=56.653728 evap=159.936247 backs=21.329188
# CANT t=4160.00 a_tag=0.9302 a_max=0.9964 xl_tag=0.0499 nlock=2592 tune=145502.324195
t= 4200.00 +8.30e-15 | 1.6030 15.61  20434    2 534063 535200 | 1.4226 13.98 | 5.07e-03 1.36e-02 |   3.7926 0.1810  0.6280  2.4350 1.000 15.89 | edge_dev mean=0.1873 max=0.6491 gg=0.1958 shape_dev=2.4088 xbar=0.0834 | IR e0:psi=-0.006 gg=1.000 d=1.1327 e1:psi=-0.798 gg=0.008 d=1.6772 e2=DEAD
# CONVTAG t=4200.00 rough=3.587525 cond=56.653728 evap=159.936247 backs=21.329188
# CANT t=4200.00 a_tag=0.9447 a_max=0.9972 xl_tag=0.0498 nlock=2590 tune=146927.981118
# QATOM t=4203.26 dir=FD w=1.46613507 e=0.268344040112 i=2102 Em=0.1559
t= 4240.00 +8.44e-15 | 1.6027 15.60  20423    6 538564 539727 | 1.4224 13.98 | 4.11e-03 1.13e-02 |   3.8864 0.1855  0.6358  2.4442 1.000 15.89 | edge_dev mean=0.1904 max=0.6881 gg=0.1694 shape_dev=2.4423 xbar=0.0853 | IR e0:psi=+0.253 gg=0.816 d=1.1247 e1:psi=+2.329 gg=0.000 d=1.6620 e2=DEAD
# CONVTAG t=4240.00 rough=3.587525 cond=56.906830 evap=160.381092 backs=21.387211
# CANT t=4240.00 a_tag=0.9476 a_max=0.9954 xl_tag=0.0516 nlock=2593 tune=148351.135462
# QATOM t=4249.70 dir=FD w=1.53365192 e=0.280701527444 i=803 Em=0.0660
t= 4280.00 +8.58e-15 | 1.6029 15.61  20428    2 543199 544348 | 1.4226 13.98 | 6.13e-03 1.70e-02 |   4.1937 0.2002  0.6041  2.4093 1.000 15.78 | edge_dev mean=0.1996 max=0.6859 gg=0.1651 shape_dev=2.4528 xbar=0.0944 | IR e0:psi=+0.202 gg=0.860 d=1.1303 e1:psi=-0.573 gg=0.155 d=1.6342 e2=DEAD
# CONVTAG t=4280.00 rough=3.587525 cond=57.195533 evap=160.381092 backs=21.387211
# CANT t=4280.00 a_tag=0.9451 a_max=0.9976 xl_tag=0.0526 nlock=2594 tune=149787.616204
# QATOM t=4296.66 dir=FD w=1.42266127 e=0.260387109503 i=575 Em=0.2265
t= 4320.00 +8.72e-15 | 1.6027 15.61  20433    1 548355 549494 | 1.4225 13.96 | 5.69e-03 1.58e-02 |   3.9399 0.1881  0.6549  2.4566 1.000 16.06 | edge_dev mean=0.2000 max=0.6385 gg=0.1699 shape_dev=2.4880 xbar=0.0864 | IR e0:psi=+0.310 gg=0.599 d=1.1297 e1:psi=+3.135 gg=0.000 d=1.6696 e2=DEAD
# CONVTAG t=4320.00 rough=3.587525 cond=57.195533 evap=160.381092 backs=21.387211
# CANT t=4320.00 a_tag=0.9338 a_max=0.9981 xl_tag=0.0540 nlock=2595 tune=151218.129929
# QATOM t=4356.82 dir=DF w=2.53099805 e=0.463243978117 i=2485 Em=0.5335
t= 4360.00 +8.86e-15 | 1.6023 15.60  20425    2 553340 554569 | 1.4223 13.96 | 7.61e-03 1.93e-02 |   3.9546 0.1888  0.7519  2.4962 1.000 15.89 | edge_dev mean=0.2021 max=0.6577 gg=0.2089 shape_dev=2.4956 xbar=0.0880 | IR e0:psi=-0.150 gg=0.929 d=1.1572 e1:psi=+0.813 gg=0.000 d=1.6479 e2=DEAD
# CONVTAG t=4360.00 rough=3.587525 cond=57.738896 evap=160.830045 backs=21.445770
# CANT t=4360.00 a_tag=0.9327 a_max=0.9960 xl_tag=0.0550 nlock=2591 tune=152666.994937
t= 4400.00 +8.99e-15 | 1.6027 15.58  20396    3 558466 559637 | 1.4219 13.95 | 6.51e-03 1.76e-02 |   3.8397 0.1833  0.8079  2.4685 1.000 15.72 | edge_dev mean=0.2163 max=0.7000 gg=0.1845 shape_dev=2.5014 xbar=0.0849 | IR e0:psi=+0.178 gg=0.705 d=1.1551 e1:psi=-1.406 gg=0.012 d=1.6199 e2=DEAD
# CONVTAG t=4400.00 rough=3.587525 cond=57.738896 evap=160.830045 backs=21.445770
# CANT t=4400.00 a_tag=0.9241 a_max=0.9953 xl_tag=0.0543 nlock=2595 tune=154110.296063
# QATOM t=4415.56 dir=DF w=2.49308592 e=0.456304990172 i=1242 Em=0.4789
t= 4440.00 +8.99e-15 | 1.6027 15.59  20409    3 563171 564335 | 1.4222 13.97 | 5.87e-03 1.72e-02 |   3.7955 0.1812  0.8230  2.4523 1.000 15.89 | edge_dev mean=0.2251 max=0.7679 gg=0.1655 shape_dev=2.4949 xbar=0.0835 | IR e0:psi=+0.177 gg=0.659 d=1.1598 e1:psi=+1.849 gg=0.000 d=1.6047 e2=DEAD
# CONVTAG t=4440.00 rough=3.587525 cond=57.996171 evap=161.282225 backs=21.504750
# CANT t=4440.00 a_tag=0.9328 a_max=0.9967 xl_tag=0.0522 nlock=2596 tune=155550.985936
# QATOM t=4462.84 dir=FD w=1.54352513 e=0.282508602093 i=577 Em=0.0744
t= 4480.00 +9.13e-15 | 1.6027 15.61  20439    0 568089 569270 | 1.4226 13.98 | 3.00e-03 1.12e-02 |   4.0071 0.1913  0.7371  2.4080 1.000 15.89 | edge_dev mean=0.2213 max=0.7611 gg=0.1541 shape_dev=2.4940 xbar=0.0880 | IR e0:psi=+0.153 gg=0.754 d=1.1634 e1:psi=-0.311 gg=0.403 d=1.6450 e2=DEAD
# CONVTAG t=4480.00 rough=3.587525 cond=58.526320 evap=161.751954 backs=21.566019
# CANT t=4480.00 a_tag=0.9231 a_max=0.9962 xl_tag=0.0510 nlock=2602 tune=156990.304555
t= 4520.00 +9.13e-15 | 1.6029 15.62  20450    2 572951 574097 | 1.4230 13.99 | 4.82e-03 1.57e-02 |   3.9130 0.1868  0.7622  2.4931 1.000 15.89 | edge_dev mean=0.2354 max=0.7850 gg=0.1807 shape_dev=2.4724 xbar=0.0863 | IR e0:psi=-0.093 gg=0.960 d=1.1411 e1:psi=+2.571 gg=0.000 d=1.6567 e2=DEAD
# CONVTAG t=4520.00 rough=3.587525 cond=58.781385 evap=162.200250 backs=21.624492
# CANT t=4520.00 a_tag=0.9358 a_max=0.9967 xl_tag=0.0510 nlock=2593 tune=158413.855661
# QATOM t=4523.82 dir=DF w=2.52558173 e=0.462252638776 i=1456 Em=0.5061
t= 4560.00 +9.27e-15 | 1.6028 15.60  20418    5 577816 578946 | 1.4225 13.99 | 4.90e-03 1.45e-02 |   3.9567 0.1889  0.7937  2.4241 1.000 15.89 | edge_dev mean=0.2218 max=0.7205 gg=0.1982 shape_dev=2.4932 xbar=0.0874 | IR e0:psi=-0.351 gg=0.598 d=1.1574 e1:psi=+0.171 gg=0.000 d=1.6456 e2=DEAD
# CONVTAG t=4560.00 rough=3.587525 cond=59.293989 evap=163.101191 backs=21.742006
# CANT t=4560.00 a_tag=0.9364 a_max=0.9976 xl_tag=0.0513 nlock=2593 tune=159823.210935
# QATOM t=4582.06 dir=DF w=2.41610308 e=0.442214960929 i=1540 Em=0.6356
t= 4600.00 +9.41e-15 | 1.6027 15.57  20387    2 582540 583688 | 1.4222 14.00 | 7.29e-03 1.85e-02 |   3.7995 0.1814  0.6305  2.6355 1.000 15.61 | edge_dev mean=0.2253 max=0.7534 gg=0.1594 shape_dev=2.4713 xbar=0.0854 | IR e0:psi=-0.457 gg=0.614 d=1.1720 e1:psi=-2.195 gg=0.000 d=1.6094 e2=DEAD
# CONVTAG t=4600.00 rough=3.587525 cond=59.293989 evap=163.101191 backs=21.742006
# CANT t=4600.00 a_tag=0.9168 a_max=0.9976 xl_tag=0.0509 nlock=2592 tune=161250.023692
# QATOM t=4635.90 dir=FD w=1.39365318 e=0.255077811138 i=1613 Em=0.2034
t= 4640.00 +9.55e-15 | 1.6031 15.60  20426    5 587606 588725 | 1.4228 14.01 | 1.21e-02 2.02e-02 |   3.4654 0.1654  0.6646  2.5833 1.000 15.78 | edge_dev mean=0.2334 max=0.7766 gg=0.2064 shape_dev=2.4252 xbar=0.0799 | IR e0:psi=-0.005 gg=0.995 d=1.1432 e1:psi=+1.266 gg=0.000 d=1.6309 e2=DEAD
# CONVTAG t=4640.00 rough=3.587525 cond=59.851162 evap=163.559811 backs=21.801826
# CANT t=4640.00 a_tag=0.9213 a_max=0.9948 xl_tag=0.0493 nlock=2595 tune=162689.341206
t= 4680.00 +9.69e-15 | 1.6032 15.60  20421    0 592311 593382 | 1.4229 14.01 | 5.95e-03 1.79e-02 |   3.5270 0.1684  0.7243  2.5695 1.000 15.78 | edge_dev mean=0.2250 max=0.7929 gg=0.2559 shape_dev=2.4166 xbar=0.0793 | IR e0:psi=+0.090 gg=0.921 d=1.1403 e1:psi=-1.838 gg=0.000 d=1.6192 e2=DEAD
# CONVTAG t=4680.00 rough=3.587525 cond=59.851162 evap=163.559811 backs=21.801826
# CANT t=4680.00 a_tag=0.9389 a_max=0.9956 xl_tag=0.0480 nlock=2594 tune=164124.598871
# QATOM t=4683.40 dir=FD w=1.57839655 e=0.288891055048 i=2295 Em=0.0856
t= 4720.00 +9.82e-15 | 1.6032 15.61  20427    3 596991 598109 | 1.4228 14.00 | 3.56e-03 1.17e-02 |   3.5494 0.1694  0.7586  2.6606 1.000 15.83 | edge_dev mean=0.2291 max=0.8313 gg=0.2410 shape_dev=2.3808 xbar=0.0816 | IR e0:psi=-0.038 gg=0.991 d=1.1300 e1:psi=+1.920 gg=0.000 d=1.6241 e2=DEAD
# CONVTAG t=4720.00 rough=3.587525 cond=60.142186 evap=163.559811 backs=21.801826
# CANT t=4720.00 a_tag=0.9441 a_max=0.9962 xl_tag=0.0477 nlock=2600 tune=165547.381882
# QATOM t=4731.90 dir=DF w=2.58919368 e=0.473895419088 i=2280 Em=0.5033
t= 4760.00 +9.82e-15 | 1.6029 15.61  20433    3 601516 602640 | 1.4230 14.01 | 6.10e-03 1.44e-02 |   3.4892 0.1666  0.8529  2.5423 1.000 15.56 | edge_dev mean=0.2291 max=0.8322 gg=0.2518 shape_dev=2.3766 xbar=0.0766 | IR e0:psi=+0.043 gg=0.964 d=1.1365 e1:psi=-0.709 gg=0.076 d=1.6252 e2=DEAD
# CONVTAG t=4760.00 rough=3.587525 cond=60.142186 evap=163.559811 backs=21.801826
# CANT t=4760.00 a_tag=0.9461 a_max=0.9957 xl_tag=0.0458 nlock=2599 tune=166979.069186
# QATOM t=4785.00 dir=FD w=1.51654448 e=0.277570382702 i=1495 Em=0.1695
t= 4800.00 +9.82e-15 | 1.6028 15.62  20442    6 606206 607324 | 1.4231 14.01 | 5.09e-03 1.63e-02 |   3.2094 0.1532  0.7937  2.5366 1.000 15.61 | edge_dev mean=0.2420 max=0.8145 gg=0.1969 shape_dev=2.3871 xbar=0.0737 | IR e0:psi=-0.170 gg=0.909 d=1.1616 e1:psi=+2.478 gg=0.000 d=1.6434 e2=DEAD
# CONVTAG t=4800.00 rough=3.587525 cond=60.430400 evap=163.559811 backs=21.801826
# CANT t=4800.00 a_tag=0.9482 a_max=0.9970 xl_tag=0.0443 nlock=2599 tune=168395.566259
# QATOM t=4838.76 dir=DF w=2.44217914 e=0.446987613568 i=1728 Em=0.5124
t= 4840.00 +9.96e-15 | 1.6031 15.59  20408    2 610914 612028 | 1.4226 14.00 | 8.19e-03 2.06e-02 |   3.2923 0.1572  0.9268  2.6426 1.000 15.56 | edge_dev mean=0.2278 max=0.8353 gg=0.1959 shape_dev=2.4344 xbar=0.0761 | IR e0:psi=-0.068 gg=0.983 d=1.1524 e1:psi=-0.059 gg=0.000 d=1.6359 e2=DEAD
# CONVTAG t=4840.00 rough=3.587525 cond=60.430400 evap=163.559811 backs=21.801826
# CANT t=4840.00 a_tag=0.9445 a_max=0.9953 xl_tag=0.0431 nlock=2597 tune=169811.994225
t= 4880.00 +1.01e-14 | 1.6032 15.59  20410    3 615546 616687 | 1.4225 13.99 | 5.10e-03 1.44e-02 |   3.0984 0.1479  0.8571  2.6129 1.000 15.56 | edge_dev mean=0.2318 max=0.8421 gg=0.2281 shape_dev=2.4019 xbar=0.0733 | IR e0:psi=-0.397 gg=0.709 d=1.1854 e1:psi=-2.729 gg=0.000 d=1.6620 e2=DEAD
# CONVTAG t=4880.00 rough=3.587525 cond=60.430400 evap=163.559811 backs=21.801826
# CANT t=4880.00 a_tag=0.9303 a_max=0.9969 xl_tag=0.0417 nlock=2593 tune=171216.760692
# QATOM t=4889.00 dir=FD w=1.43472841 e=0.262595736223 i=439 Em=0.1952
t= 4920.00 +1.02e-14 | 1.6032 15.59  20409    1 620317 621448 | 1.4226 14.00 | 4.41e-03 1.35e-02 |   3.2628 0.1557  0.7634  2.6122 1.000 15.67 | edge_dev mean=0.2399 max=0.8804 gg=0.2333 shape_dev=2.4028 xbar=0.0715 | IR e0:psi=-0.134 gg=0.846 d=1.1138 e1:psi=-0.052 gg=0.000 d=1.6544 e2=DEAD
# CONVTAG t=4920.00 rough=3.587525 cond=60.430400 evap=163.559811 backs=21.801826
# CANT t=4920.00 a_tag=0.9360 a_max=0.9960 xl_tag=0.0410 nlock=2595 tune=172620.116124
# QATOM t=4932.64 dir=FD w=1.44684511 e=0.264813434005 i=1321 Em=0.1666
t= 4960.00 +1.04e-14 | 1.6027 15.61  20438    1 624918 626040 | 1.4229 14.00 | 5.31e-03 1.62e-02 |   3.4520 0.1648  0.6841  2.5908 1.000 15.83 | edge_dev mean=0.2369 max=0.8967 gg=0.2043 shape_dev=2.4206 xbar=0.0764 | IR e0:psi=-0.062 gg=0.953 d=1.1360 e1:psi=-1.637 gg=0.000 d=1.6674 e2=DEAD
# CONVTAG t=4960.00 rough=3.587525 cond=60.430400 evap=163.559811 backs=21.801826
# CANT t=4960.00 a_tag=0.9218 a_max=0.9963 xl_tag=0.0415 nlock=2593 tune=174008.701617
# QATOM t=4988.58 dir=DF w=2.62680304 e=0.480778991138 i=981 Em=0.4937
t= 5000.00 +1.05e-14 | 1.6030 15.61  20429    3 629550 630652 | 1.4227 13.98 | 3.36e-03 1.51e-02 |   3.7527 0.1791  0.7371  2.6452 1.000 15.56 | edge_dev mean=0.2321 max=0.8382 gg=0.1883 shape_dev=2.4500 xbar=0.0823 | IR e0:psi=-0.036 gg=0.978 d=1.1253 e1:psi=-1.627 gg=0.000 d=1.7447 e2=DEAD
# CONVTAG t=5000.00 rough=3.587525 cond=60.989188 evap=163.559811 backs=21.801826
# CANT t=5000.00 a_tag=0.9210 a_max=0.9961 xl_tag=0.0447 nlock=2601 tune=175377.146492
#
# RESULT drift_rel 1.052e-14
# RESULT births 629550 deaths 630652 beta_returns 1 beta_energy 2.077659e-13
# RESULT conv rough=3.587525 cond=3319.652061 evap=0.000000 backs=421.034937 rad=3224.346994
# RESULT credit qcnvD=1384.127563 qcnvF=2474.851305
# RESULT cantus a_tag=0.9210 a_max=0.9961 xl_tag=0.0447 nlock=2601 tune_total=175377.146492
# RESULT convtag rough=3.587525 cond=60.989188 evap=163.559811 backs=21.801826 net=-84.356322
# RESULT geometry phi_nom=1.6030 z_live=15.61 dbar=1.4227 sigma_d=0.1398
# RESULT truss edge_dev_mean=0.232074 edge_dev_max=0.838237 shape=(0.1809,2.1961,4.5638) shape0=(0.0000,4.2143,4.3130)
# EDGE 0 2600-2601 d=1.10321 dev=-0.34408 gg=0.7177 gpl=0.4346
# EDGE 1 2601-2602 CHANNEL DEAD
# EDGE 2 2602-2603 d=1.52557 dev=+0.07827 gg=0.0359 gpl=0.0305
# EDGE 3 2603-2604 d=1.42775 dev=-0.01955 gg=0.0000 gpl=0.1862
# EDGE 4 2604-2605 d=1.50812 dev=+0.06082 gg=0.0000 gpl=0.1435
# EDGE 5 2605-2600 d=1.58804 dev=+0.14074 gg=0.0000 gpl=0.0557
# EDGE 6 2606-2607 d=1.79260 dev=+0.34530 gg=0.0000 gpl=0.2071
# EDGE 7 2607-2608 d=1.66420 dev=+0.21690 gg=0.0000 gpl=0.0009
# EDGE 8 2608-2609 d=1.23249 dev=-0.21481 gg=0.9819 gpl=0.9677
# EDGE 9 2609-2610 d=1.84166 dev=+0.39436 gg=0.0000 gpl=0.0400
# EDGE 10 2610-2611 d=1.60470 dev=+0.15740 gg=0.0000 gpl=0.2169
# EDGE 11 2611-2606 d=1.43059 dev=-0.01671 gg=0.0000 gpl=0.3475
# EDGE 12 2612-2613 d=1.19685 dev=-0.30130 gg=0.9408 gpl=0.5804
# EDGE 13 2613-2614 d=1.49332 dev=-0.00483 gg=0.0000 gpl=0.0211
# EDGE 14 2614-2615 CHANNEL DEAD
# EDGE 15 2615-2616 d=1.56185 dev=+0.06370 gg=0.0000 gpl=0.0592
# EDGE 16 2616-2617 d=1.38583 dev=-0.11232 gg=0.3519 gpl=0.0102
# EDGE 17 2617-2612 d=1.15470 dev=-0.34345 gg=0.3620 gpl=0.1796
# RESULT rint0 2600-2607 p:q=1:1 d=1.125340 dev=-0.321959 psi=-0.0360 gg=0.9775 lem=5.375447e-02
# RESULT rint1 2606-2613 p:q=3:2 d=1.744679 dev=+0.297379 psi=-1.6266 gg=0.0000 lem=5.644388e-09
# RESULT rint2 2612-2601 CHANNEL DEAD
# RESULT ringq0 mode=MOLECULE w=2.1707 gg_int=0.1507 xbar=0.0757 Em=0.68622
# RESULT ringq1 mode=MOLECULE w=2.1707 gg_int=0.1636 xbar=0.0733 Em=0.87396
# RESULT ringq2 mode=DROPLET w=1.4471 gg_int=0.3310 xbar=0.0978 Em=0.92725
