# freecell — v89 free-cell substance test (exp=pair)
# laws = laws_V2g VERBATIM (defaults): C=1 w1=1.65 w2=2.9 q_detune=1.2
# gamma_res=0.25 gamma_res_m=0.1 p_gate=8 lock_floor=0.005 k_dep=1.2 k_dep_m=2 cap=2.5
# e_s0=1 es_floor=0.05 e_cond=0 f_conv=0.25 f_evap=0.5 s_pull=0.15
# kappa_lock=1 kappa_align=0.5 s_k=0.06 s_disp=0.3 sigma_tumble=0.01
# comb_limit=6 rough_k=0.35 gamma_rough=0.5 mob_sym=1 mob_floor=0.004 field_J=1.8
# quant_A0=1.15 quant_mode=2 (A0eff=1.15)
# v91 radiance (laws_V3r candidate A): k_rad=0.05 p_rad=4 rad_clock=0
# v91 cantus (coherent-channel candidate B): k_cant=1 k_tune=0.2 cant_tau=50 cant_seed=1
# GEOMETRY (apparatus): cfac=1.15 k_rep=1 mob_geo=1 kappa_bond=1 freeze_geo=0
# bath=1 bath_frac=1 jam_sweeps=800 jam_k=0.1 L=16 dt=0.02 T=5000 seed=20260802 diag_every=1000
# JAM sweeps=800 max_step=1.402e-04 (tol 1.0e-04, k_end=0.0010) — witness for the settle
# SEED pair: i=598 j=1165 x=0.3500/0.9400 p:q=3:2 m=2 d*=1.537575 d0=1.459259 (doff -0.1000)
# SEED pair radii r=0.7797 contact=1.4897  Em/voice=0.8750
# SEED noise: amp=0.5 (e1-class churn)
# SEED cantus: sgg=1 on 1 tagged-pair slots
# INIT NC=2700 slots=25949 live=20844 phi_nom=1.7042 z_live=15.44 dbar=1.4113 sigma_d=14.79% E0=3373.706059873
#
# t | drift_rel | phi_nom z_live NLa NLd births deaths | dbar sigma_d% | maxstep maxbond | Em_tag ret com_dev rms conn z_tag | pair: d delta gf gb | core/far
t=    0.00 +0.00e+00 | 1.7042 15.44  20844    0      0      0 | 1.4113 14.79 | 0.00e+00 0.00e+00 |   3.2250 1.0000  0.8808  0.6488 1.000 12.50 | d=1.459259 dl=+0.0000 gf=0.0000 gb=0.0000 x=0.3500
# CONVTAG t=0.00 rough=0.000000 cond=0.000000 evap=0.000000 backs=0.000000
# CANT t=0.00 a_tag=1.0000 a_max=1.0000 xl_tag=0.6450 nlock=2 tune=0.000000
# QATOM t=5.36 dir=FD w=1.65 e=0.301996504517 i=370 Em=0.0000
# QATOM t=17.52 dir=FD w=1.64976735 e=0.301953923604 i=813 Em=0.0001
t=   20.00 -9.44e-16 | 1.6963 16.48  22253   20   4318   3949 | 1.4351 15.14 | 1.30e-03 5.72e-03 |   3.1767 0.9850  0.9321  0.7793 0.500 12.50 | PAIR-CHANNEL-DEAD
# CONVTAG t=20.00 rough=0.000000 cond=0.000000 evap=0.000000 backs=0.000000
# CANT t=20.00 a_tag=0.0840 a_max=0.2772 xl_tag=0.6435 nlock=0 tune=4.799993
# QATOM t=22.32 dir=FD w=1.42082145 e=0.260050369679 i=2113 Em=0.3357
# QATOM t=26.52 dir=FD w=1.63974213 e=0.300119025325 i=1662 Em=0.0116
# QATOM t=30.82 dir=FD w=1.63563507 e=0.299367317945 i=1334 Em=0.0114
# QATOM t=35.96 dir=FD w=1.57274458 e=0.287856584953 i=2529 Em=0.0323
t=   40.00 -8.09e-16 | 1.6722 16.31  22014   28   6854   6735 | 1.4310 15.02 | 2.98e-03 1.09e-02 |   3.0999 0.9612  0.8847  0.8791 0.500 13.00 | PAIR-CHANNEL-DEAD
# CONVTAG t=40.00 rough=0.000000 cond=0.000000 evap=0.258265 backs=0.033687
# CANT t=40.00 a_tag=0.1153 a_max=0.4777 xl_tag=0.6322 nlock=0 tune=105.456827
# QATOM t=42.40 dir=FD w=1.59389499 e=0.291727707001 i=2036 Em=0.0542
# QATOM t=51.02 dir=FD w=1.50883609 e=0.27615953098 i=1778 Em=0.1287
t=   60.00 -8.09e-16 | 1.6620 16.14  21789   47   9687   9764 | 1.4264 14.88 | 1.07e-02 2.98e-02 |   3.1105 0.9645  0.8767  0.9303 0.500 12.50 | PAIR-CHANNEL-DEAD
# CONVTAG t=60.00 rough=0.000000 cond=0.355253 evap=0.778613 backs=0.101558
# CANT t=60.00 a_tag=0.1826 a_max=0.6397 xl_tag=0.6317 nlock=505 tune=313.975786
# QATOM t=64.64 dir=FD w=1.49024988 e=0.272757730318 i=2030 Em=0.2139
t=   80.00 -8.09e-16 | 1.6579 16.09  21716   22  12704  12990 | 1.4246 14.81 | 7.77e-03 2.11e-02 |   3.0809 0.9553  0.9869  0.9137 0.500 12.50 | PAIR-CHANNEL-DEAD
# CONVTAG t=80.00 rough=0.000000 cond=0.355253 evap=1.034508 backs=0.134936
# CANT t=80.00 a_tag=0.1707 a_max=0.7510 xl_tag=0.6327 nlock=1521 tune=610.123729
# QATOM t=87.14 dir=FD w=1.56994179 e=0.287343596386 i=6 Em=0.0980
t=  100.00 -8.09e-16 | 1.6561 16.06  21678   22  15652  16031 | 1.4236 14.76 | 4.95e-03 1.99e-02 |   3.2166 0.9974  1.0048  0.9091 0.500 12.50 | PAIR-CHANNEL-DEAD
# CONVTAG t=100.00 rough=0.000000 cond=0.502843 evap=1.293908 backs=0.168771
# CANT t=100.00 a_tag=0.2505 a_max=0.8265 xl_tag=0.6328 nlock=2186 tune=982.423500
t=  120.00 -8.09e-16 | 1.6551 16.05  21672   18  18805  19201 | 1.4230 14.72 | 7.76e-03 1.99e-02 |   3.1049 0.9627  0.9448  0.9440 0.500 12.00 | PAIR-CHANNEL-DEAD
# CONVTAG t=120.00 rough=0.000000 cond=0.856719 evap=1.814768 backs=0.236709
# CANT t=120.00 a_tag=0.2443 a_max=0.8766 xl_tag=0.6330 nlock=2442 tune=1420.878494
# QATOM t=128.54 dir=FD w=1.55830439 e=0.285213623803 i=2144 Em=0.0416
t=  140.00 -8.09e-16 | 1.6543 16.06  21683   24  21723  22236 | 1.4229 14.70 | 5.85e-03 1.55e-02 |   2.9835 0.9251  0.9455  0.9760 0.500 12.00 | PAIR-CHANNEL-DEAD
# CONVTAG t=140.00 rough=0.000000 cond=1.006991 evap=2.075007 backs=0.270653
# CANT t=140.00 a_tag=0.2103 a_max=0.9144 xl_tag=0.6334 nlock=2586 tune=1919.245214
t=  160.00 -8.09e-16 | 1.6540 16.01  21611   12  24748  25238 | 1.4217 14.67 | 1.08e-02 2.73e-02 |   3.0565 0.9478  0.9630  0.9557 0.500 12.00 | PAIR-CHANNEL-DEAD
# CONVTAG t=160.00 rough=0.000000 cond=1.158581 evap=2.341437 backs=0.305405
# CANT t=160.00 a_tag=0.2978 a_max=0.9403 xl_tag=0.6242 nlock=2612 tune=2457.214554
t=  180.00 -6.74e-16 | 1.6537 16.05  21664   12  27779  28270 | 1.4222 14.66 | 1.38e-02 3.37e-02 |   3.2090 0.9950  0.9999  0.9599 0.500 12.00 | PAIR-CHANNEL-DEAD
# CONVTAG t=180.00 rough=0.000000 cond=1.461607 evap=2.607022 backs=0.340046
# CANT t=180.00 a_tag=0.2700 a_max=0.9582 xl_tag=0.6214 nlock=2626 tune=3025.382044
# QATOM t=189.38 dir=FD w=1.35659476 e=0.24829507523 i=1138 Em=0.3165
t=  200.00 -6.74e-16 | 1.6534 16.02  21628   13  30675  31224 | 1.4216 14.64 | 7.29e-03 1.67e-02 |   3.0515 0.9462  1.0240  0.9657 0.500 12.50 | PAIR-CHANNEL-DEAD
# CONVTAG t=200.00 rough=0.000000 cond=1.461607 evap=2.870126 backs=0.374364
# CANT t=200.00 a_tag=0.2339 a_max=0.9655 xl_tag=0.6186 nlock=2634 tune=3618.256278
t=  220.00 -6.74e-16 | 1.6532 16.04  21650   10  33752  34304 | 1.4215 14.61 | 8.19e-03 2.00e-02 |   3.0911 0.9585  0.9418  0.9175 0.500 12.00 | PAIR-CHANNEL-DEAD
# CONVTAG t=220.00 rough=0.000000 cond=1.618116 evap=3.136616 backs=0.409124
# CANT t=220.00 a_tag=0.1974 a_max=0.9723 xl_tag=0.6107 nlock=2640 tune=4240.132683
t=  240.00 -6.74e-16 | 1.6532 16.03  21645    9  36800  37406 | 1.4214 14.60 | 6.12e-03 1.66e-02 |   2.9514 0.9152  0.8025  0.8655 0.500 12.00 | PAIR-CHANNEL-DEAD
# CONVTAG t=240.00 rough=0.000000 cond=1.618116 evap=3.403528 backs=0.443938
# CANT t=240.00 a_tag=0.1771 a_max=0.9780 xl_tag=0.6041 nlock=2646 tune=4877.433157
# QATOM t=256.80 dir=FD w=1.55826942 e=0.285207222402 i=2171 Em=0.0591
t=  260.00 -6.74e-16 | 1.6529 16.02  21627   16  39869  40512 | 1.4209 14.58 | 6.36e-03 1.94e-02 |   2.9210 0.9057  0.8399  0.8879 0.500 12.00 | PAIR-CHANNEL-DEAD
# CONVTAG t=260.00 rough=0.000000 cond=1.772607 evap=3.675058 backs=0.479355
# CANT t=260.00 a_tag=0.1500 a_max=0.9840 xl_tag=0.6003 nlock=2663 tune=5524.101105
t=  280.00 -6.74e-16 | 1.6525 16.05  21666   14  42951  43616 | 1.4214 14.58 | 7.56e-03 1.84e-02 |   2.8914 0.8966  0.9432  0.9458 0.500 12.00 | PAIR-CHANNEL-DEAD
# CONVTAG t=280.00 rough=0.000000 cond=1.928198 evap=3.948521 backs=0.515024
# CANT t=280.00 a_tag=0.1521 a_max=0.9881 xl_tag=0.5958 nlock=2661 tune=6186.404957
t=  300.00 -6.74e-16 | 1.6525 16.06  21677    7  46120  46744 | 1.4215 14.58 | 1.01e-02 2.70e-02 |   2.6760 0.8298  1.0172  0.8930 0.500 12.50 | PAIR-CHANNEL-DEAD
# CONVTAG t=300.00 rough=0.000000 cond=1.928198 evap=4.306726 backs=0.561747
# CANT t=300.00 a_tag=0.1544 a_max=0.9914 xl_tag=0.5904 nlock=2665 tune=6861.914675
t=  320.00 -5.39e-16 | 1.6524 16.06  21687    6  49416  50079 | 1.4216 14.57 | 5.68e-03 1.49e-02 |   2.8850 0.8946  0.9354  0.9443 0.500 12.50 | PAIR-CHANNEL-DEAD
# CONVTAG t=320.00 rough=0.000000 cond=2.084671 evap=4.581738 backs=0.597618
# CANT t=320.00 a_tag=0.1432 a_max=0.9927 xl_tag=0.5822 nlock=2671 tune=7547.618549
# QATOM t=338.02 dir=FD w=1.45539457 e=0.266378225471 i=177 Em=0.2534
t=  340.00 -5.39e-16 | 1.6525 16.06  21679    5  52367  53013 | 1.4216 14.58 | 6.26e-03 2.10e-02 |   2.8607 0.8871  0.9247  0.9486 0.500 12.50 | PAIR-CHANNEL-DEAD
# CONVTAG t=340.00 rough=0.000000 cond=2.241136 evap=4.856738 backs=0.633488
# CANT t=340.00 a_tag=0.1263 a_max=0.9947 xl_tag=0.5804 nlock=2680 tune=8236.567692
t=  360.00 -5.39e-16 | 1.6524 16.07  21694    6  55117  55736 | 1.4218 14.58 | 1.03e-02 1.96e-02 |   2.8632 0.8878  0.9579  0.9500 0.500 12.00 | PAIR-CHANNEL-DEAD
# CONVTAG t=360.00 rough=0.000000 cond=2.241136 evap=4.856738 backs=0.633488
# CANT t=360.00 a_tag=0.1434 a_max=0.9953 xl_tag=0.5779 nlock=2673 tune=8931.477949
t=  380.00 -5.39e-16 | 1.6525 16.07  21689    5  57925  58580 | 1.4218 14.58 | 9.06e-03 1.87e-02 |   2.8928 0.8970  0.9905  0.9504 0.500 12.00 | PAIR-CHANNEL-DEAD
# CONVTAG t=380.00 rough=0.000000 cond=2.402581 evap=5.133021 backs=0.669525
# CANT t=380.00 a_tag=0.1561 a_max=0.9965 xl_tag=0.5729 nlock=2671 tune=9629.729294
t=  400.00 -5.39e-16 | 1.6528 16.06  21684    8  60724  61399 | 1.4216 14.57 | 5.88e-03 1.91e-02 |   2.7961 0.8670  0.9236  0.9237 0.500 12.50 | PAIR-CHANNEL-DEAD
# CONVTAG t=400.00 rough=0.000000 cond=2.560231 evap=5.410103 backs=0.705666
# CANT t=400.00 a_tag=0.1501 a_max=0.9967 xl_tag=0.5706 nlock=2670 tune=10335.078742
t=  420.00 -5.39e-16 | 1.6526 16.08  21708    5  63597  64262 | 1.4220 14.58 | 5.74e-03 1.87e-02 |   2.8823 0.8937  0.9254  0.9153 0.500 12.50 | PAIR-CHANNEL-DEAD
# CONVTAG t=420.00 rough=0.000000 cond=2.719245 evap=5.410103 backs=0.705666
# CANT t=420.00 a_tag=0.1649 a_max=0.9970 xl_tag=0.5713 nlock=2672 tune=11045.303760
# QATOM t=428.38 dir=FD w=1.61833887 e=0.296201625743 i=60 Em=0.0299
t=  440.00 -6.74e-16 | 1.6526 16.07  21697    8  66841  67508 | 1.4219 14.59 | 6.65e-03 1.74e-02 |   2.7937 0.8663  0.9204  0.9299 0.500 12.50 | PAIR-CHANNEL-DEAD
# CONVTAG t=440.00 rough=0.000000 cond=2.719245 evap=5.685396 backs=0.741573
# CANT t=440.00 a_tag=0.1636 a_max=0.9967 xl_tag=0.5638 nlock=2672 tune=11749.421653
t=  460.00 -6.74e-16 | 1.6528 16.06  21685    3  69958  70629 | 1.4218 14.59 | 4.71e-03 1.80e-02 |   2.5465 0.7896  0.9036  0.9629 0.500 12.50 | PAIR-CHANNEL-DEAD
# CONVTAG t=460.00 rough=0.000000 cond=2.719245 evap=5.966819 backs=0.778281
# CANT t=460.00 a_tag=0.1619 a_max=0.9972 xl_tag=0.5592 nlock=2665 tune=12458.553045
t=  480.00 -6.74e-16 | 1.6530 16.11  21742    6  73079  73712 | 1.4226 14.60 | 6.49e-03 1.69e-02 |   2.7319 0.8471  0.9482  0.9494 0.500 12.00 | PAIR-CHANNEL-DEAD
# CONVTAG t=480.00 rough=0.000000 cond=2.719245 evap=5.966819 backs=0.778281
# CANT t=480.00 a_tag=0.1474 a_max=0.9942 xl_tag=0.5518 nlock=2668 tune=13167.312658
t=  500.00 -6.74e-16 | 1.6529 16.09  21725    5  76093  76750 | 1.4223 14.59 | 6.30e-03 2.50e-02 |   2.6159 0.8111  0.9772  0.9405 0.500 12.50 | PAIR-CHANNEL-DEAD
# CONVTAG t=500.00 rough=0.000000 cond=2.719245 evap=6.334502 backs=0.826239
# CANT t=500.00 a_tag=0.1324 a_max=0.9934 xl_tag=0.5449 nlock=2667 tune=13871.526266
# QATOM t=512.48 dir=DF w=2.46200743 e=0.450616750475 i=551 Em=0.5790
t=  520.00 -6.74e-16 | 1.6529 16.12  21760    5  79138  79767 | 1.4226 14.58 | 7.07e-03 1.75e-02 |   2.5555 0.7924  0.9670  0.8880 0.500 12.00 | PAIR-CHANNEL-DEAD
# CONVTAG t=520.00 rough=0.000000 cond=2.886462 evap=6.620213 backs=0.863506
# CANT t=520.00 a_tag=0.1733 a_max=0.9949 xl_tag=0.5303 nlock=2667 tune=14569.508510
t=  540.00 -6.74e-16 | 1.6529 16.10  21740    7  82216  82883 | 1.4224 14.58 | 1.53e-02 3.69e-02 |   2.5645 0.7952  0.9467  0.9625 0.500 12.50 | PAIR-CHANNEL-DEAD
# CONVTAG t=540.00 rough=0.000000 cond=2.886462 evap=6.620213 backs=0.863506
# CANT t=540.00 a_tag=0.1683 a_max=0.9943 xl_tag=0.5235 nlock=2659 tune=15268.522047
t=  560.00 -5.39e-16 | 1.6528 16.09  21716    7  85258  85876 | 1.4222 14.59 | 6.50e-03 2.14e-02 |   2.5148 0.7798  0.9676  0.9849 0.500 12.50 | PAIR-CHANNEL-DEAD
# CONVTAG t=560.00 rough=0.000000 cond=2.886462 evap=6.907205 backs=0.900940
# CANT t=560.00 a_tag=0.1473 a_max=0.9941 xl_tag=0.5119 nlock=2665 tune=15971.085979
t=  580.00 -5.39e-16 | 1.6531 16.08  21711    8  88268  88912 | 1.4221 14.59 | 8.87e-03 2.12e-02 |   2.5460 0.7895  1.0236  0.9918 0.500 13.50 | PAIR-CHANNEL-DEAD
# CONVTAG t=580.00 rough=0.000000 cond=2.886462 evap=6.907205 backs=0.900940
# CANT t=580.00 a_tag=0.1301 a_max=0.9944 xl_tag=0.5087 nlock=2663 tune=16673.166862
# QATOM t=585.30 dir=DF w=2.30319999 e=0.42155051257 i=2113 Em=0.4250
t=  600.00 -5.39e-16 | 1.6533 16.10  21736    6  91252  91871 | 1.4225 14.59 | 4.58e-03 1.38e-02 |   2.3560 0.7305  0.9929  1.0014 0.500 13.50 | PAIR-CHANNEL-DEAD
# CONVTAG t=600.00 rough=0.000000 cond=2.886462 evap=7.197434 backs=0.938796
# CANT t=600.00 a_tag=0.1291 a_max=0.9939 xl_tag=0.5014 nlock=2668 tune=17369.933473
t=  620.00 -5.39e-16 | 1.6534 16.07  21698    4  94237  94882 | 1.4220 14.58 | 8.70e-03 1.98e-02 |   2.0143 0.6246  1.2296  0.7965 0.500 13.50 | PAIR-CHANNEL-DEAD
# CONVTAG t=620.00 rough=0.000000 cond=2.886462 evap=7.593830 backs=0.990500
# CANT t=620.00 a_tag=0.1919 a_max=0.9934 xl_tag=0.4878 nlock=2665 tune=18064.366670
t=  640.00 -5.39e-16 | 1.6536 16.08  21706    3  97122  97766 | 1.4222 14.59 | 6.65e-03 1.49e-02 |   2.2949 0.7116  1.0737  0.9536 0.500 13.00 | PAIR-CHANNEL-DEAD
# CONVTAG t=640.00 rough=0.000000 cond=3.117704 evap=7.593830 backs=0.990500
# CANT t=640.00 a_tag=0.2114 a_max=0.9938 xl_tag=0.4769 nlock=2670 tune=18760.766614
# QATOM t=651.82 dir=DF w=2.31999789 e=0.424625001459 i=31 Em=0.4344
t=  660.00 -5.39e-16 | 1.6535 16.08  21705    4  99929 100568 | 1.4221 14.58 | 1.03e-02 2.36e-02 |   2.2596 0.7007  1.0597  0.9947 0.500 13.50 | PAIR-CHANNEL-DEAD
# CONVTAG t=660.00 rough=0.000000 cond=3.117704 evap=7.888288 backs=1.028907
# CANT t=660.00 a_tag=0.2117 a_max=0.9943 xl_tag=0.4679 nlock=2662 tune=19459.695079
t=  680.00 -5.39e-16 | 1.6530 16.07  21699    4 102904 103540 | 1.4219 14.58 | 6.56e-03 1.60e-02 |   2.2917 0.7106  1.0744  0.9742 0.500 14.00 | PAIR-CHANNEL-DEAD
# CONVTAG t=680.00 rough=0.000000 cond=3.117704 evap=7.888288 backs=1.028907
# CANT t=680.00 a_tag=0.2116 a_max=0.9952 xl_tag=0.4638 nlock=2669 tune=20161.647794
t=  700.00 -5.39e-16 | 1.6529 16.09  21718    8 105786 106426 | 1.4221 14.57 | 4.30e-03 1.39e-02 |   2.2934 0.7111  1.0753  0.9708 0.500 14.00 | PAIR-CHANNEL-DEAD
# CONVTAG t=700.00 rough=0.000000 cond=3.117704 evap=7.888288 backs=1.028907
# CANT t=700.00 a_tag=0.1872 a_max=0.9960 xl_tag=0.4621 nlock=2664 tune=20862.932005
t=  720.00 -5.39e-16 | 1.6530 16.11  21747    3 108757 109411 | 1.4224 14.57 | 7.39e-03 2.51e-02 |   2.1742 0.6742  1.0537  0.9722 0.500 14.00 | PAIR-CHANNEL-DEAD
# CONVTAG t=720.00 rough=0.000000 cond=3.117704 evap=8.185317 backs=1.067650
# CANT t=720.00 a_tag=0.2080 a_max=0.9956 xl_tag=0.4553 nlock=2663 tune=21569.127122
# QATOM t=720.90 dir=FD w=1.62443737 e=0.297317822262 i=1140 Em=0.0296
t=  740.00 -5.39e-16 | 1.6528 16.10  21737    6 111573 112185 | 1.4222 14.56 | 6.62e-03 1.65e-02 |   2.1836 0.6771  1.0929  0.9483 0.500 14.00 | PAIR-CHANNEL-DEAD
# CONVTAG t=740.00 rough=0.000000 cond=3.117704 evap=8.185317 backs=1.067650
# CANT t=740.00 a_tag=0.2315 a_max=0.9957 xl_tag=0.4485 nlock=2667 tune=22274.725606
t=  760.00 -5.39e-16 | 1.6528 16.11  21752    9 114424 115036 | 1.4224 14.57 | 5.02e-03 1.40e-02 |   2.1605 0.6699  1.1099  0.9380 0.500 14.00 | PAIR-CHANNEL-DEAD
# CONVTAG t=760.00 rough=0.000000 cond=3.117704 evap=8.603300 backs=1.122170
# CANT t=760.00 a_tag=0.3082 a_max=0.9962 xl_tag=0.4346 nlock=2674 tune=22983.313195
t=  780.00 -5.39e-16 | 1.6528 16.11  21742    7 117257 117931 | 1.4222 14.57 | 1.02e-02 2.30e-02 |   2.1634 0.6708  1.1220  0.9346 0.500 14.00 | PAIR-CHANNEL-DEAD
# CONVTAG t=780.00 rough=0.000000 cond=3.117704 evap=8.603300 backs=1.122170
# CANT t=780.00 a_tag=0.3575 a_max=0.9955 xl_tag=0.4283 nlock=2673 tune=23696.306021
# QATOM t=798.12 dir=FD w=1.40102977 e=0.256427935135 i=152 Em=0.2505
t=  800.00 -5.39e-16 | 1.6529 16.10  21736    6 120131 120794 | 1.4222 14.57 | 6.94e-03 1.96e-02 |   2.0447 0.6340  1.1879  0.8545 0.500 14.00 | PAIR-CHANNEL-DEAD
# CONVTAG t=800.00 rough=0.000000 cond=3.291779 evap=9.329977 backs=1.216954
# CANT t=800.00 a_tag=0.3986 a_max=0.9946 xl_tag=0.4164 nlock=2676 tune=24411.281084
t=  820.00 -5.39e-16 | 1.6531 16.08  21709    4 122992 123656 | 1.4219 14.57 | 4.75e-03 1.45e-02 |   2.2755 0.7056  1.1641  0.8888 0.500 14.00 | PAIR-CHANNEL-DEAD
# CONVTAG t=820.00 rough=0.000000 cond=3.462630 evap=9.329977 backs=1.216954
# CANT t=820.00 a_tag=0.4443 a_max=0.9952 xl_tag=0.4124 nlock=2668 tune=25125.025701
t=  840.00 -5.39e-16 | 1.6532 16.09  21716    9 126048 126679 | 1.4220 14.57 | 4.85e-03 2.43e-02 |   2.0957 0.6498  1.1623  0.8944 0.500 13.50 | PAIR-CHANNEL-DEAD
# CONVTAG t=840.00 rough=0.000000 cond=3.462630 evap=9.759256 backs=1.272946
# CANT t=840.00 a_tag=0.4777 a_max=0.9958 xl_tag=0.4097 nlock=2664 tune=25833.757991
t=  860.00 -5.39e-16 | 1.6533 16.09  21716    1 129088 129728 | 1.4219 14.56 | 5.44e-03 1.51e-02 |   2.0729 0.6428  1.1765  0.9110 0.500 13.50 | PAIR-CHANNEL-DEAD
# CONVTAG t=860.00 rough=0.000000 cond=3.462630 evap=10.056341 backs=1.311697
# CANT t=860.00 a_tag=0.4939 a_max=0.9969 xl_tag=0.4044 nlock=2667 tune=26548.585471
# QATOM t=864.36 dir=FD w=1.41553996 e=0.25908370839 i=1045 Em=0.1958
t=  880.00 -4.04e-16 | 1.6534 16.10  21731    5 132158 132806 | 1.4222 14.57 | 1.08e-02 2.95e-02 |   2.0403 0.6327  1.2184  0.9137 0.500 14.00 | PAIR-CHANNEL-DEAD
# CONVTAG t=880.00 rough=0.000000 cond=3.462630 evap=10.056341 backs=1.311697
# CANT t=880.00 a_tag=0.5028 a_max=0.9972 xl_tag=0.4025 nlock=2666 tune=27263.207992
t=  900.00 -4.04e-16 | 1.6533 16.09  21722    3 134959 135615 | 1.4222 14.57 | 6.88e-03 1.97e-02 |   2.0716 0.6424  1.1602  0.9351 0.500 14.00 | PAIR-CHANNEL-DEAD
# CONVTAG t=900.00 rough=0.000000 cond=3.462630 evap=10.056341 backs=1.311697
# CANT t=900.00 a_tag=0.5122 a_max=0.9978 xl_tag=0.3996 nlock=2665 tune=27984.304887
t=  920.00 -4.04e-16 | 1.6535 16.09  21725    4 137992 138635 | 1.4222 14.58 | 7.43e-03 1.90e-02 |   1.8783 0.5824  1.1365  0.9535 0.500 14.00 | PAIR-CHANNEL-DEAD
# CONVTAG t=920.00 rough=0.000000 cond=3.462630 evap=10.356274 backs=1.350818
# CANT t=920.00 a_tag=0.5183 a_max=0.9980 xl_tag=0.3961 nlock=2659 tune=28702.036668
# QATOM t=921.68 dir=FD w=1.55800947 e=0.285159645472 i=2438 Em=0.0358
t=  940.00 -2.70e-16 | 1.6535 16.11  21751    2 140923 141587 | 1.4225 14.58 | 6.34e-03 1.60e-02 |   2.0287 0.6290  1.1930  0.9294 0.500 14.00 | PAIR-CHANNEL-DEAD
# CONVTAG t=940.00 rough=0.000000 cond=3.462630 evap=10.356274 backs=1.350818
# CANT t=940.00 a_tag=0.5238 a_max=0.9979 xl_tag=0.3917 nlock=2665 tune=29417.811576
t=  960.00 -2.70e-16 | 1.6536 16.12  21766    3 144081 144772 | 1.4227 14.57 | 1.02e-02 2.89e-02 |   1.9964 0.6190  1.2217  0.9018 0.500 14.50 | PAIR-CHANNEL-DEAD
# CONVTAG t=960.00 rough=0.000000 cond=3.462630 evap=10.789616 backs=1.407341
# CANT t=960.00 a_tag=0.5426 a_max=0.9980 xl_tag=0.3857 nlock=2663 tune=30129.292185
# QATOM t=971.98 dir=FD w=1.59808556 e=0.292494698461 i=1439 Em=0.0397
t=  980.00 -2.70e-16 | 1.6535 16.09  21719    2 147025 147682 | 1.4221 14.57 | 6.20e-03 1.65e-02 |   2.0678 0.6412  1.2067  0.9203 0.500 14.50 | PAIR-CHANNEL-DEAD
# CONVTAG t=980.00 rough=0.000000 cond=3.462630 evap=10.789616 backs=1.407341
# CANT t=980.00 a_tag=0.5500 a_max=0.9981 xl_tag=0.3849 nlock=2657 tune=30837.803635
t= 1000.00 -2.70e-16 | 1.6536 16.12  21757    4 149918 150601 | 1.4227 14.59 | 5.05e-03 1.50e-02 |   1.9859 0.6158  1.1706  0.9139 0.500 14.00 | PAIR-CHANNEL-DEAD
# CONVTAG t=1000.00 rough=0.000000 cond=3.462630 evap=11.090447 backs=1.446580
# CANT t=1000.00 a_tag=0.5470 a_max=0.9974 xl_tag=0.3807 nlock=2652 tune=31544.364527
t= 1020.00 -2.70e-16 | 1.6538 16.11  21749    2 152909 153582 | 1.4225 14.58 | 7.08e-03 2.13e-02 |   2.0164 0.6252  1.1004  0.9040 0.500 14.00 | PAIR-CHANNEL-DEAD
# CONVTAG t=1020.00 rough=0.000000 cond=3.462630 evap=11.090447 backs=1.446580
# CANT t=1020.00 a_tag=0.5430 a_max=0.9974 xl_tag=0.3793 nlock=2655 tune=32247.582105
# QATOM t=1024.52 dir=FD w=1.6011935 e=0.293063540278 i=372 Em=0.0072
t= 1040.00 -2.70e-16 | 1.6540 16.11  21753   10 155972 156633 | 1.4226 14.58 | 5.05e-03 2.24e-02 |   1.9952 0.6187  1.0985  0.8910 0.500 13.50 | PAIR-CHANNEL-DEAD
# CONVTAG t=1040.00 rough=0.000000 cond=3.462630 evap=11.521465 backs=1.502800
# CANT t=1040.00 a_tag=0.5400 a_max=0.9978 xl_tag=0.3748 nlock=2665 tune=32946.067967
t= 1060.00 -2.70e-16 | 1.6540 16.11  21749    3 158989 159633 | 1.4224 14.57 | 5.42e-03 2.14e-02 |   1.9731 0.6118  1.1252  0.8793 0.500 14.00 | PAIR-CHANNEL-DEAD
# CONVTAG t=1060.00 rough=0.000000 cond=3.462630 evap=11.521465 backs=1.502800
# CANT t=1060.00 a_tag=0.5444 a_max=0.9979 xl_tag=0.3744 nlock=2662 tune=33643.722926
# QATOM t=1067.84 dir=FD w=1.62077229 e=0.29664701012 i=2236 Em=0.0217
t= 1080.00 -2.70e-16 | 1.6541 16.11  21752    4 161965 162607 | 1.4225 14.57 | 7.93e-03 2.12e-02 |   1.8348 0.5689  1.1540  0.8652 0.500 14.50 | PAIR-CHANNEL-DEAD
# CONVTAG t=1080.00 rough=0.000000 cond=3.462630 evap=11.828898 backs=1.542900
# CANT t=1080.00 a_tag=0.5426 a_max=0.9984 xl_tag=0.3692 nlock=2669 tune=34335.081844
t= 1100.00 -2.70e-16 | 1.6539 16.11  21754    5 165161 165814 | 1.4225 14.57 | 1.12e-02 2.20e-02 |   1.9087 0.5918  1.1344  0.8681 0.500 14.00 | PAIR-CHANNEL-DEAD
# CONVTAG t=1100.00 rough=0.000000 cond=3.462630 evap=11.828898 backs=1.542900
# CANT t=1100.00 a_tag=0.5469 a_max=0.9972 xl_tag=0.3671 nlock=2674 tune=35029.791199
t= 1120.00 -2.70e-16 | 1.6535 16.11  21750    4 168193 168843 | 1.4225 14.57 | 6.78e-03 1.46e-02 |   1.8830 0.5839  1.1606  0.8579 0.500 14.00 | PAIR-CHANNEL-DEAD
# CONVTAG t=1120.00 rough=0.000000 cond=3.462630 evap=11.828898 backs=1.542900
# CANT t=1120.00 a_tag=0.5482 a_max=0.9960 xl_tag=0.3663 nlock=2667 tune=35725.016458
# QATOM t=1120.60 dir=FD w=1.51386616 e=0.277080174833 i=1996 Em=0.1167
t= 1140.00 -1.35e-16 | 1.6535 16.10  21733    3 170954 171607 | 1.4222 14.56 | 6.19e-03 1.88e-02 |   1.8728 0.5807  1.1530  0.8234 0.500 14.00 | PAIR-CHANNEL-DEAD
# CONVTAG t=1140.00 rough=0.000000 cond=3.462630 evap=11.828898 backs=1.542900
# CANT t=1140.00 a_tag=0.5486 a_max=0.9961 xl_tag=0.3656 nlock=2662 tune=36419.934397
t= 1160.00 -1.35e-16 | 1.6537 16.11  21748    3 173746 174410 | 1.4224 14.57 | 8.12e-03 1.91e-02 |   1.8805 0.5831  1.1511  0.8210 0.500 13.50 | PAIR-CHANNEL-DEAD
# CONVTAG t=1160.00 rough=0.000000 cond=3.462630 evap=11.828898 backs=1.542900
# CANT t=1160.00 a_tag=0.5436 a_max=0.9955 xl_tag=0.3656 nlock=2665 tune=37114.933114
# QATOM t=1171.80 dir=FD w=1.61382894 e=0.295376180158 i=697 Em=0.0431
t= 1180.00 +0.00e+00 | 1.6536 16.11  21748    0 176500 177180 | 1.4225 14.58 | 6.41e-03 1.76e-02 |   1.8709 0.5801  1.1559  0.8241 0.500 13.50 | PAIR-CHANNEL-DEAD
# CONVTAG t=1180.00 rough=0.000000 cond=3.813729 evap=12.137439 backs=1.583144
# CANT t=1180.00 a_tag=0.5447 a_max=0.9956 xl_tag=0.3666 nlock=2666 tune=37804.901308
t= 1200.00 +0.00e+00 | 1.6538 16.13  21782    9 179332 180007 | 1.4229 14.58 | 6.16e-03 1.70e-02 |   1.8455 0.5723  1.1532  0.8244 0.500 13.50 | PAIR-CHANNEL-DEAD
# CONVTAG t=1200.00 rough=0.000000 cond=3.813729 evap=12.137439 backs=1.583144
# CANT t=1200.00 a_tag=0.5373 a_max=0.9964 xl_tag=0.3645 nlock=2664 tune=38493.635367
t= 1220.00 +0.00e+00 | 1.6537 16.10  21737    5 182378 183049 | 1.4222 14.56 | 4.51e-03 1.48e-02 |   1.8429 0.5714  1.1650  0.8279 0.500 13.50 | PAIR-CHANNEL-DEAD
# CONVTAG t=1220.00 rough=0.000000 cond=3.813729 evap=12.137439 backs=1.583144
# CANT t=1220.00 a_tag=0.5445 a_max=0.9969 xl_tag=0.3624 nlock=2661 tune=39178.613599
# QATOM t=1226.06 dir=DF w=2.44796595 e=0.448046763832 i=845 Em=0.5264
t= 1240.00 +1.35e-16 | 1.6532 16.10  21737    6 185290 185971 | 1.4222 14.56 | 6.36e-03 1.73e-02 |   1.8417 0.5711  1.1526  0.8152 0.500 13.00 | PAIR-CHANNEL-DEAD
# CONVTAG t=1240.00 rough=0.000000 cond=3.813729 evap=12.137439 backs=1.583144
# CANT t=1240.00 a_tag=0.5431 a_max=0.9962 xl_tag=0.3614 nlock=2664 tune=39866.035537
t= 1260.00 +1.35e-16 | 1.6531 16.11  21742    3 188365 189056 | 1.4222 14.56 | 8.43e-03 2.03e-02 |   1.7062 0.5291  1.1341  0.8142 0.500 13.50 | PAIR-CHANNEL-DEAD
# CONVTAG t=1260.00 rough=0.000000 cond=3.813729 evap=12.447463 backs=1.623582
# CANT t=1260.00 a_tag=0.5330 a_max=0.9961 xl_tag=0.3576 nlock=2665 tune=40552.660816
t= 1280.00 +1.35e-16 | 1.6533 16.13  21775    4 191359 192038 | 1.4225 14.55 | 7.97e-03 1.87e-02 |   1.7742 0.5501  1.1415  0.7867 0.500 14.00 | PAIR-CHANNEL-DEAD
# CONVTAG t=1280.00 rough=0.000000 cond=3.813729 evap=12.447463 backs=1.623582
# CANT t=1280.00 a_tag=0.5107 a_max=0.9953 xl_tag=0.3535 nlock=2664 tune=41243.655465
# QATOM t=1288.18 dir=FD w=1.4601083 e=0.267240971942 i=2009 Em=0.1241
t= 1300.00 +1.35e-16 | 1.6532 16.09  21717    7 194236 194929 | 1.4218 14.55 | 9.06e-03 2.24e-02 |   1.8045 0.5595  1.1630  0.7868 0.500 14.00 | PAIR-CHANNEL-DEAD
# CONVTAG t=1300.00 rough=0.000000 cond=3.991963 evap=12.447463 backs=1.623582
# CANT t=1300.00 a_tag=0.5061 a_max=0.9956 xl_tag=0.3564 nlock=2660 tune=41934.240143
t= 1320.00 +1.35e-16 | 1.6534 16.11  21744    9 197168 197857 | 1.4220 14.54 | 9.65e-03 2.28e-02 |   1.7959 0.5569  1.1639  0.7891 0.500 14.00 | PAIR-CHANNEL-DEAD
# CONVTAG t=1320.00 rough=0.000000 cond=3.991963 evap=12.447463 backs=1.623582
# CANT t=1320.00 a_tag=0.4799 a_max=0.9948 xl_tag=0.3566 nlock=2661 tune=42626.830764
t= 1340.00 +1.35e-16 | 1.6533 16.13  21770    1 200066 200779 | 1.4225 14.56 | 8.51e-03 2.33e-02 |   1.7959 0.5569  1.1768  0.7682 0.500 14.00 | PAIR-CHANNEL-DEAD
# CONVTAG t=1340.00 rough=0.000000 cond=3.991963 evap=12.447463 backs=1.623582
# CANT t=1340.00 a_tag=0.4363 a_max=0.9954 xl_tag=0.3560 nlock=2668 tune=43323.821686
# QATOM t=1352.54 dir=FD w=1.48919514 e=0.272564682957 i=1023 Em=0.1654
t= 1360.00 +2.70e-16 | 1.6534 16.11  21754    5 202785 203499 | 1.4224 14.56 | 6.40e-03 1.71e-02 |   1.7579 0.5451  1.1176  0.7592 0.500 13.50 | PAIR-CHANNEL-DEAD
# CONVTAG t=1360.00 rough=0.000000 cond=3.991963 evap=12.758187 backs=1.664111
# CANT t=1360.00 a_tag=0.4662 a_max=0.9956 xl_tag=0.3512 nlock=2670 tune=44016.396595
t= 1380.00 +4.04e-16 | 1.6533 16.13  21773    2 205648 206356 | 1.4226 14.56 | 4.88e-03 1.39e-02 |   1.7985 0.5577  1.1525  0.7722 0.500 13.50 | PAIR-CHANNEL-DEAD
# CONVTAG t=1380.00 rough=0.000000 cond=3.991963 evap=12.758187 backs=1.664111
# CANT t=1380.00 a_tag=0.4772 a_max=0.9955 xl_tag=0.3511 nlock=2666 tune=44712.629611
t= 1400.00 +4.04e-16 | 1.6531 16.10  21741    5 208607 209304 | 1.4221 14.56 | 7.05e-03 1.50e-02 |   1.7850 0.5535  1.1612  0.7551 0.500 13.50 | PAIR-CHANNEL-DEAD
# CONVTAG t=1400.00 rough=0.000000 cond=3.991963 evap=12.758187 backs=1.664111
# CANT t=1400.00 a_tag=0.4744 a_max=0.9960 xl_tag=0.3513 nlock=2662 tune=45407.503384
# QATOM t=1418.58 dir=DF w=2.34380798 e=0.428982919944 i=637 Em=0.4488
t= 1420.00 +4.04e-16 | 1.6532 16.09  21724    5 211462 212182 | 1.4219 14.55 | 9.55e-03 1.42e-02 |   1.8581 0.5762  1.1482  0.7586 0.500 13.50 | PAIR-CHANNEL-DEAD
# CONVTAG t=1420.00 rough=0.000000 cond=3.991963 evap=12.758187 backs=1.664111
# CANT t=1420.00 a_tag=0.4725 a_max=0.9965 xl_tag=0.3535 nlock=2663 tune=46103.685345
t= 1440.00 +4.04e-16 | 1.6531 16.09  21723    7 214279 214934 | 1.4219 14.55 | 7.08e-03 2.15e-02 |   1.8410 0.5708  1.1158  0.7291 0.500 13.50 | PAIR-CHANNEL-DEAD
# CONVTAG t=1440.00 rough=0.000000 cond=3.991963 evap=12.758187 backs=1.664111
# CANT t=1440.00 a_tag=0.4936 a_max=0.9973 xl_tag=0.3561 nlock=2663 tune=46805.133395
t= 1460.00 +4.04e-16 | 1.6533 16.11  21746    2 217420 218073 | 1.4222 14.55 | 6.20e-03 1.74e-02 |   1.7136 0.5314  1.1516  0.6978 0.500 12.50 | PAIR-CHANNEL-DEAD
# CONVTAG t=1460.00 rough=0.000000 cond=3.991963 evap=13.069547 backs=1.704724
# CANT t=1460.00 a_tag=0.4917 a_max=0.9979 xl_tag=0.3473 nlock=2664 tune=47504.388549
# QATOM t=1473.06 dir=DF w=2.27607687 e=0.416586217203 i=390 Em=0.4418
t= 1480.00 +4.04e-16 | 1.6535 16.13  21772    4 220396 221060 | 1.4225 14.56 | 5.17e-03 1.42e-02 |   1.8493 0.5734  1.1287  0.7118 0.500 12.50 | PAIR-CHANNEL-DEAD
# CONVTAG t=1480.00 rough=0.000000 cond=4.173761 evap=13.069547 backs=1.704724
# CANT t=1480.00 a_tag=0.4991 a_max=0.9984 xl_tag=0.3451 nlock=2662 tune=48200.440233
t= 1500.00 +4.04e-16 | 1.6532 16.10  21738    4 223325 223993 | 1.4221 14.55 | 6.25e-03 1.61e-02 |   1.8626 0.5775  1.1288  0.6939 0.500 12.50 | PAIR-CHANNEL-DEAD
# CONVTAG t=1500.00 rough=0.000000 cond=4.352276 evap=13.069547 backs=1.704724
# CANT t=1500.00 a_tag=0.5134 a_max=0.9984 xl_tag=0.3493 nlock=2663 tune=48893.685162
t= 1520.00 +5.39e-16 | 1.6531 16.10  21737    3 226042 226737 | 1.4221 14.55 | 7.05e-03 1.75e-02 |   1.7870 0.5541  1.1203  0.6965 0.500 12.00 | PAIR-CHANNEL-DEAD
# CONVTAG t=1520.00 rough=0.000000 cond=4.352276 evap=13.069547 backs=1.704724
# CANT t=1520.00 a_tag=0.5055 a_max=0.9981 xl_tag=0.3511 nlock=2666 tune=49592.937109
# QATOM t=1528.86 dir=FD w=1.41375997 e=0.258757920831 i=671 Em=0.2196
t= 1540.00 +5.39e-16 | 1.6533 16.09  21719    5 229111 229806 | 1.4219 14.55 | 8.78e-03 2.35e-02 |   1.6119 0.4998  1.1405  0.7260 0.500 13.00 | PAIR-CHANNEL-DEAD
# CONVTAG t=1540.00 rough=0.000000 cond=4.352276 evap=13.379373 backs=1.745136
# CANT t=1540.00 a_tag=0.5151 a_max=0.9985 xl_tag=0.3482 nlock=2666 tune=50286.534982
t= 1560.00 +5.39e-16 | 1.6534 16.11  21745    6 232044 232729 | 1.4223 14.56 | 8.58e-03 1.92e-02 |   1.7277 0.5357  1.1701  0.7101 0.500 12.50 | PAIR-CHANNEL-DEAD
# CONVTAG t=1560.00 rough=0.000000 cond=4.352276 evap=13.379373 backs=1.745136
# CANT t=1560.00 a_tag=0.5262 a_max=0.9963 xl_tag=0.3445 nlock=2663 tune=50976.553132
t= 1580.00 +6.74e-16 | 1.6533 16.10  21733    2 234819 235474 | 1.4222 14.56 | 7.88e-03 2.37e-02 |   1.7187 0.5329  1.1853  0.7009 0.500 12.50 | PAIR-CHANNEL-DEAD
# CONVTAG t=1580.00 rough=0.000000 cond=4.352276 evap=13.379373 backs=1.745136
# CANT t=1580.00 a_tag=0.5059 a_max=0.9965 xl_tag=0.3429 nlock=2661 tune=51675.145686
# QATOM t=1586.32 dir=DF w=2.31714475 e=0.424102796797 i=1792 Em=0.4403
t= 1600.00 +6.74e-16 | 1.6534 16.13  21770    5 237637 238314 | 1.4226 14.56 | 8.00e-03 1.78e-02 |   1.7282 0.5359  1.1908  0.6809 0.500 12.50 | PAIR-CHANNEL-DEAD
# CONVTAG t=1600.00 rough=0.000000 cond=4.352276 evap=13.379373 backs=1.745136
# CANT t=1600.00 a_tag=0.4933 a_max=0.9969 xl_tag=0.3415 nlock=2660 tune=52369.162328
t= 1620.00 +6.74e-16 | 1.6537 16.12  21756    3 240667 241358 | 1.4222 14.54 | 5.92e-03 1.46e-02 |   1.6791 0.5206  1.1910  0.6424 0.500 12.00 | PAIR-CHANNEL-DEAD
# CONVTAG t=1620.00 rough=0.000000 cond=4.352276 evap=13.379373 backs=1.745136
# CANT t=1620.00 a_tag=0.4951 a_max=0.9966 xl_tag=0.3396 nlock=2661 tune=53056.941540
t= 1640.00 +8.09e-16 | 1.6535 16.11  21753    4 243669 244410 | 1.4222 14.54 | 7.48e-03 2.08e-02 |   1.6292 0.5052  1.2119  0.6368 0.500 13.00 | PAIR-CHANNEL-DEAD
# CONVTAG t=1640.00 rough=0.000000 cond=4.352276 evap=13.379373 backs=1.745136
# CANT t=1640.00 a_tag=0.3961 a_max=0.9956 xl_tag=0.3347 nlock=2667 tune=53749.802567
# QATOM t=1641.46 dir=FD w=1.44855395 e=0.265126199112 i=2386 Em=0.0976
t= 1660.00 +8.09e-16 | 1.6533 16.10  21737    4 246464 247185 | 1.4218 14.53 | 5.86e-03 1.84e-02 |   1.5354 0.4761  1.2080  0.6149 0.500 13.50 | PAIR-CHANNEL-DEAD
# CONVTAG t=1660.00 rough=0.000000 cond=4.352276 evap=13.694378 backs=1.786223
# CANT t=1660.00 a_tag=0.3027 a_max=0.9956 xl_tag=0.3244 nlock=2666 tune=54441.755313
t= 1680.00 +9.44e-16 | 1.6530 16.10  21730    4 249302 250028 | 1.4217 14.52 | 4.23e-03 1.29e-02 |   1.5511 0.4810  1.1965  0.6136 0.500 12.00 | PAIR-CHANNEL-DEAD
# CONVTAG t=1680.00 rough=0.000000 cond=4.352276 evap=13.694378 backs=1.786223
# CANT t=1680.00 a_tag=0.3491 a_max=0.9954 xl_tag=0.3202 nlock=2671 tune=55132.003494
t= 1700.00 +9.44e-16 | 1.6532 16.10  21731    4 251990 252713 | 1.4218 14.53 | 8.96e-03 2.75e-02 |   1.5769 0.4890  1.1956  0.6035 0.500 13.00 | PAIR-CHANNEL-DEAD
# CONVTAG t=1700.00 rough=0.000000 cond=4.352276 evap=13.694378 backs=1.786223
# CANT t=1700.00 a_tag=0.3394 a_max=0.9958 xl_tag=0.3175 nlock=2669 tune=55823.362967
# QATOM t=1704.60 dir=FD w=1.60759305 e=0.294234837672 i=534 Em=0.0327
t= 1720.00 +9.44e-16 | 1.6530 16.11  21748    5 254858 255589 | 1.4220 14.53 | 5.95e-03 1.53e-02 |   1.6453 0.5102  1.2047  0.6079 0.500 12.50 | PAIR-CHANNEL-DEAD
# CONVTAG t=1720.00 rough=0.000000 cond=4.535007 evap=13.694378 backs=1.786223
# CANT t=1720.00 a_tag=0.3239 a_max=0.9953 xl_tag=0.3180 nlock=2671 tune=56511.194978
t= 1740.00 +1.08e-15 | 1.6529 16.11  21755    4 257557 258294 | 1.4221 14.53 | 5.45e-03 1.51e-02 |   1.5255 0.4730  1.2853  0.5772 0.500 13.00 | PAIR-CHANNEL-DEAD
# CONVTAG t=1740.00 rough=0.000000 cond=4.535007 evap=13.694378 backs=1.786223
# CANT t=1740.00 a_tag=0.3286 a_max=0.9953 xl_tag=0.3155 nlock=2666 tune=57199.900129
t= 1760.00 +1.08e-15 | 1.6529 16.10  21734    2 260240 260960 | 1.4219 14.54 | 7.25e-03 1.67e-02 |   1.5556 0.4824  1.2890  0.5795 0.500 13.00 | PAIR-CHANNEL-DEAD
# CONVTAG t=1760.00 rough=0.000000 cond=4.535007 evap=13.694378 backs=1.786223
# CANT t=1760.00 a_tag=0.2846 a_max=0.9956 xl_tag=0.3124 nlock=2659 tune=57894.360916
# QATOM t=1772.04 dir=FD w=1.38091781 e=0.252746879894 i=669 Em=0.2594
t= 1780.00 +1.08e-15 | 1.6529 16.09  21721    3 262998 263732 | 1.4216 14.53 | 5.23e-03 1.23e-02 |   1.4726 0.4566  1.2676  0.6136 0.500 13.00 | PAIR-CHANNEL-DEAD
# CONVTAG t=1780.00 rough=0.000000 cond=4.535007 evap=14.014179 backs=1.827936
# CANT t=1780.00 a_tag=0.3363 a_max=0.9955 xl_tag=0.3057 nlock=2667 tune=58595.123805
t= 1800.00 +1.08e-15 | 1.6527 16.13  21771    4 265870 266565 | 1.4224 14.55 | 8.92e-03 2.24e-02 |   1.5242 0.4726  1.3004  0.5812 0.500 13.00 | PAIR-CHANNEL-DEAD
# CONVTAG t=1800.00 rough=0.000000 cond=4.718305 evap=14.014179 backs=1.827936
# CANT t=1800.00 a_tag=0.3965 a_max=0.9943 xl_tag=0.3075 nlock=2666 tune=59295.218654
t= 1820.00 +1.08e-15 | 1.6528 16.12  21760    4 268640 269348 | 1.4224 14.55 | 5.28e-03 1.32e-02 |   1.5612 0.4841  1.2598  0.6189 0.500 13.50 | PAIR-CHANNEL-DEAD
# CONVTAG t=1820.00 rough=0.000000 cond=4.718305 evap=14.014179 backs=1.827936
# CANT t=1820.00 a_tag=0.4466 a_max=0.9944 xl_tag=0.3065 nlock=2670 tune=59997.567057
t= 1840.00 +1.08e-15 | 1.6528 16.12  21761    2 271284 272004 | 1.4224 14.55 | 8.55e-03 2.03e-02 |   1.6215 0.5028  1.2344  0.6908 0.500 14.00 | PAIR-CHANNEL-DEAD
# CONVTAG t=1840.00 rough=0.000000 cond=4.899149 evap=14.014179 backs=1.827936
# CANT t=1840.00 a_tag=0.4176 a_max=0.9949 xl_tag=0.3133 nlock=2671 tune=60696.847130
# QATOM t=1849.04 dir=DF w=2.60940833 e=0.477595269553 i=2021 Em=0.4993
t= 1860.00 +1.21e-15 | 1.6530 16.13  21780    0 273888 274588 | 1.4226 14.55 | 5.21e-03 2.07e-02 |   1.6964 0.5260  1.1813  0.7772 0.500 14.00 | PAIR-CHANNEL-DEAD
# CONVTAG t=1860.00 rough=0.000000 cond=4.899149 evap=14.014179 backs=1.827936
# CANT t=1860.00 a_tag=0.4350 a_max=0.9950 xl_tag=0.3203 nlock=2668 tune=61395.837641
t= 1880.00 +1.21e-15 | 1.6529 16.15  21798    2 276542 277251 | 1.4229 14.56 | 6.95e-03 1.76e-02 |   1.6393 0.5083  1.2141  0.7393 0.500 14.50 | PAIR-CHANNEL-DEAD
# CONVTAG t=1880.00 rough=0.000000 cond=4.899149 evap=14.014179 backs=1.827936
# CANT t=1880.00 a_tag=0.4275 a_max=0.9944 xl_tag=0.3232 nlock=2671 tune=62097.583648
t= 1900.00 +1.35e-15 | 1.6533 16.12  21760    3 279263 279969 | 1.4224 14.55 | 1.04e-02 2.17e-02 |   1.6432 0.5095  1.1645  0.7539 0.500 14.00 | PAIR-CHANNEL-DEAD
# CONVTAG t=1900.00 rough=0.000000 cond=4.899149 evap=14.331840 backs=1.869370
# CANT t=1900.00 a_tag=0.3735 a_max=0.9943 xl_tag=0.3195 nlock=2665 tune=62796.652509
t= 1920.00 +1.35e-15 | 1.6532 16.12  21757    5 281920 282641 | 1.4223 14.55 | 9.78e-03 2.31e-02 |   1.5608 0.4840  1.2078  0.6881 0.500 14.50 | PAIR-CHANNEL-DEAD
# CONVTAG t=1920.00 rough=0.000000 cond=4.899149 evap=14.331840 backs=1.869370
# CANT t=1920.00 a_tag=0.4223 a_max=0.9947 xl_tag=0.3158 nlock=2658 tune=63498.904814
# QATOM t=1924.74 dir=DF w=2.32070941 e=0.424755229453 i=304 Em=0.4320
t= 1940.00 +1.48e-15 | 1.6531 16.11  21749    0 284807 285508 | 1.4220 14.53 | 7.20e-03 1.75e-02 |   1.5465 0.4795  1.2247  0.6957 0.500 14.50 | PAIR-CHANNEL-DEAD
# CONVTAG t=1940.00 rough=0.000000 cond=4.899149 evap=14.331840 backs=1.869370
# CANT t=1940.00 a_tag=0.4609 a_max=0.9960 xl_tag=0.3105 nlock=2661 tune=64202.611102
t= 1960.00 +1.48e-15 | 1.6532 16.12  21761    9 287506 288217 | 1.4222 14.54 | 9.02e-03 1.96e-02 |   1.7010 0.5274  1.1100  0.8081 0.500 14.00 | PAIR-CHANNEL-DEAD
# CONVTAG t=1960.00 rough=0.000000 cond=5.082542 evap=14.331840 backs=1.869370
# CANT t=1960.00 a_tag=0.4685 a_max=0.9964 xl_tag=0.3159 nlock=2661 tune=64901.531202
t= 1980.00 +1.48e-15 | 1.6530 16.12  21764    0 290331 291043 | 1.4222 14.53 | 3.42e-03 1.24e-02 |   1.7507 0.5429  1.0854  0.8020 0.500 14.00 | PAIR-CHANNEL-DEAD
# CONVTAG t=1980.00 rough=0.000000 cond=5.265195 evap=14.331840 backs=1.869370
# CANT t=1980.00 a_tag=0.4795 a_max=0.9968 xl_tag=0.3207 nlock=2659 tune=65593.290365
t= 2000.00 +1.48e-15 | 1.6529 16.10  21738    4 293020 293731 | 1.4217 14.52 | 7.70e-03 1.66e-02 |   1.5807 0.4901  1.2413  0.6916 0.500 13.50 | PAIR-CHANNEL-DEAD
# CONVTAG t=2000.00 rough=0.000000 cond=5.265195 evap=14.331840 backs=1.869370
# CANT t=2000.00 a_tag=0.4911 a_max=0.9961 xl_tag=0.3196 nlock=2659 tune=66285.480963
# QATOM t=2005.36 dir=DF w=1.74296724 e=0.319012128859 i=1165 Em=1.3821
t= 2020.00 +1.48e-15 | 1.6530 16.10  21735    0 295917 296610 | 1.4217 14.52 | 5.25e-03 1.53e-02 |   1.4851 0.4605  1.2526  0.6386 0.500 14.00 | PAIR-CHANNEL-DEAD
# CONVTAG t=2020.00 rough=0.000000 cond=5.265195 evap=14.650852 backs=1.910981
# CANT t=2020.00 a_tag=0.4987 a_max=0.9960 xl_tag=0.3099 nlock=2658 tune=66974.471523
t= 2040.00 +1.48e-15 | 1.6530 16.10  21736    3 298816 299488 | 1.4216 14.51 | 3.89e-03 1.56e-02 |   1.5972 0.4953  1.1904  0.7212 0.500 13.00 | PAIR-CHANNEL-DEAD
# CONVTAG t=2040.00 rough=0.000000 cond=5.449021 evap=14.650852 backs=1.910981
# CANT t=2040.00 a_tag=0.4729 a_max=0.9953 xl_tag=0.3118 nlock=2662 tune=67670.955371
t= 2060.00 +1.62e-15 | 1.6528 16.11  21743    2 301624 302340 | 1.4218 14.52 | 6.39e-03 1.74e-02 |   1.5458 0.4793  1.2296  0.6849 0.500 13.50 | PAIR-CHANNEL-DEAD
# CONVTAG t=2060.00 rough=0.000000 cond=5.449021 evap=14.650852 backs=1.910981
# CANT t=2060.00 a_tag=0.4828 a_max=0.9947 xl_tag=0.3103 nlock=2660 tune=68362.488395
# QATOM t=2070.78 dir=DF w=2.22203358 e=0.406694771413 i=727 Em=0.4471
t= 2080.00 +1.62e-15 | 1.6528 16.09  21726    5 304349 305076 | 1.4216 14.51 | 7.39e-03 2.30e-02 |   1.5201 0.4713  1.2812  0.6631 0.500 13.00 | PAIR-CHANNEL-DEAD
# CONVTAG t=2080.00 rough=0.000000 cond=5.449021 evap=14.650852 backs=1.910981
# CANT t=2080.00 a_tag=0.4936 a_max=0.9953 xl_tag=0.3074 nlock=2655 tune=69057.855325
t= 2100.00 +1.62e-15 | 1.6529 16.11  21744    0 307152 307859 | 1.4220 14.53 | 5.60e-03 1.71e-02 |   1.5230 0.4722  1.2834  0.6900 0.500 13.00 | PAIR-CHANNEL-DEAD
# CONVTAG t=2100.00 rough=0.000000 cond=5.449021 evap=14.650852 backs=1.910981
# CANT t=2100.00 a_tag=0.4968 a_max=0.9966 xl_tag=0.3042 nlock=2650 tune=69755.022388
t= 2120.00 +1.75e-15 | 1.6532 16.09  21722    1 309870 310588 | 1.4219 14.54 | 7.04e-03 1.47e-02 |   1.6019 0.4967  1.2079  0.8025 0.500 13.00 | PAIR-CHANNEL-DEAD
# CONVTAG t=2120.00 rough=0.000000 cond=5.449021 evap=14.650852 backs=1.910981
# CANT t=2120.00 a_tag=0.4974 a_max=0.9966 xl_tag=0.3030 nlock=2653 tune=70449.773259
# QATOM t=2134.76 dir=FD w=1.55074885 e=0.28383074719 i=672 Em=0.0721
t= 2140.00 +1.75e-15 | 1.6529 16.08  21703    8 312940 313624 | 1.4214 14.52 | 7.45e-03 2.19e-02 |   1.4642 0.4540  1.2979  0.7221 0.500 13.50 | PAIR-CHANNEL-DEAD
# CONVTAG t=2140.00 rough=0.000000 cond=5.449021 evap=14.976420 backs=1.953446
# CANT t=2140.00 a_tag=0.5049 a_max=0.9943 xl_tag=0.2974 nlock=2648 tune=71148.561680
t= 2160.00 +1.75e-15 | 1.6528 16.09  21724    4 315808 316491 | 1.4216 14.51 | 4.40e-03 1.50e-02 |   1.5186 0.4709  1.3471  0.6735 0.500 13.50 | PAIR-CHANNEL-DEAD
# CONVTAG t=2160.00 rough=0.000000 cond=5.635490 evap=14.976420 backs=1.953446
# CANT t=2160.00 a_tag=0.5053 a_max=0.9953 xl_tag=0.2988 nlock=2657 tune=71852.897806
t= 2180.00 +1.75e-15 | 1.6528 16.09  21722    4 318665 319337 | 1.4215 14.51 | 5.41e-03 1.47e-02 |   1.5006 0.4653  1.3478  0.6552 0.500 13.00 | PAIR-CHANNEL-DEAD
# CONVTAG t=2180.00 rough=0.000000 cond=5.635490 evap=14.976420 backs=1.953446
# CANT t=2180.00 a_tag=0.4891 a_max=0.9953 xl_tag=0.2975 nlock=2655 tune=72558.523190
t= 2200.00 +1.75e-15 | 1.6530 16.09  21721    3 321552 322225 | 1.4216 14.52 | 5.22e-03 1.47e-02 |   1.4928 0.4629  1.3702  0.6422 0.500 13.50 | PAIR-CHANNEL-DEAD
# CONVTAG t=2200.00 rough=0.000000 cond=5.635490 evap=14.976420 backs=1.953446
# CANT t=2200.00 a_tag=0.4991 a_max=0.9959 xl_tag=0.2956 nlock=2657 tune=73265.344123
# QATOM t=2211.38 dir=DF w=2.38630562 e=0.436761186147 i=1958 Em=0.5659
t= 2220.00 +1.75e-15 | 1.6530 16.09  21720    3 324174 324858 | 1.4218 14.53 | 6.16e-03 2.36e-02 |   1.4758 0.4576  1.3742  0.6276 0.500 13.50 | PAIR-CHANNEL-DEAD
# CONVTAG t=2220.00 rough=0.000000 cond=5.635490 evap=14.976420 backs=1.953446
# CANT t=2220.00 a_tag=0.5045 a_max=0.9958 xl_tag=0.2941 nlock=2652 tune=73971.729233
t= 2240.00 +1.89e-15 | 1.6530 16.14  21791    4 326918 327580 | 1.4228 14.54 | 5.90e-03 1.51e-02 |   1.4654 0.4544  1.3804  0.6109 0.500 13.50 | PAIR-CHANNEL-DEAD
# CONVTAG t=2240.00 rough=0.000000 cond=5.635490 evap=14.976420 backs=1.953446
# CANT t=2240.00 a_tag=0.5065 a_max=0.9963 xl_tag=0.2920 nlock=2657 tune=74678.705047
t= 2260.00 +1.89e-15 | 1.6533 16.12  21759    7 329876 330546 | 1.4223 14.54 | 6.80e-03 1.76e-02 |   1.4645 0.4541  1.3614  0.6302 0.500 13.50 | PAIR-CHANNEL-DEAD
# CONVTAG t=2260.00 rough=0.000000 cond=5.635490 evap=14.976420 backs=1.953446
# CANT t=2260.00 a_tag=0.5050 a_max=0.9951 xl_tag=0.2904 nlock=2661 tune=75376.282359
# QATOM t=2276.60 dir=DF w=2.60390182 e=0.476587422961 i=1593 Em=0.5231
t= 2280.00 +2.02e-15 | 1.6534 16.11  21746    4 332781 333482 | 1.4221 14.53 | 5.80e-03 1.98e-02 |   1.2491 0.3873  1.3792  0.6185 0.500 13.50 | PAIR-CHANNEL-DEAD
# CONVTAG t=2280.00 rough=0.000000 cond=5.635490 evap=15.303311 backs=1.996084
# CANT t=2280.00 a_tag=0.4853 a_max=0.9954 xl_tag=0.2855 nlock=2658 tune=76072.076840
t= 2300.00 +2.02e-15 | 1.6533 16.11  21742    2 335636 336345 | 1.4220 14.52 | 5.31e-03 1.54e-02 |   1.3737 0.4260  1.4524  0.5138 0.500 13.50 | PAIR-CHANNEL-DEAD
# CONVTAG t=2300.00 rough=0.000000 cond=5.825626 evap=15.303311 backs=1.996084
# CANT t=2300.00 a_tag=0.4316 a_max=0.9954 xl_tag=0.2829 nlock=2664 tune=76768.838261
t= 2320.00 +2.02e-15 | 1.6535 16.13  21774    5 338584 339280 | 1.4221 14.51 | 4.04e-03 1.21e-02 |   1.3683 0.4243  1.4447  0.5016 0.500 13.50 | PAIR-CHANNEL-DEAD
# CONVTAG t=2320.00 rough=0.000000 cond=5.825626 evap=15.303311 backs=1.996084
# CANT t=2320.00 a_tag=0.4109 a_max=0.9957 xl_tag=0.2800 nlock=2668 tune=77461.735516
# QATOM t=2339.94 dir=DF w=2.62144146 e=0.479797672237 i=780 Em=0.5124
t= 2340.00 +2.02e-15 | 1.6535 16.14  21786    3 341420 342108 | 1.4224 14.52 | 4.60e-03 1.53e-02 |   1.3336 0.4135  1.4940  0.4051 0.500 14.00 | PAIR-CHANNEL-DEAD
# CONVTAG t=2340.00 rough=0.000000 cond=5.825626 evap=15.303311 backs=1.996084
# CANT t=2340.00 a_tag=0.4215 a_max=0.9957 xl_tag=0.2762 nlock=2670 tune=78157.406950
t= 2360.00 +2.02e-15 | 1.6534 16.12  21767    6 344330 345010 | 1.4221 14.52 | 4.77e-03 1.68e-02 |   1.3496 0.4185  1.4609  0.4665 0.500 14.00 | PAIR-CHANNEL-DEAD
# CONVTAG t=2360.00 rough=0.000000 cond=5.825626 evap=15.303311 backs=1.996084
# CANT t=2360.00 a_tag=0.4253 a_max=0.9950 xl_tag=0.2724 nlock=2674 tune=78849.905665
t= 2380.00 +2.02e-15 | 1.6530 16.14  21791    2 347222 347917 | 1.4224 14.52 | 3.86e-03 1.11e-02 |   1.3553 0.4203  1.4593  0.4630 0.500 14.00 | PAIR-CHANNEL-DEAD
# CONVTAG t=2380.00 rough=0.000000 cond=5.825626 evap=15.303311 backs=1.996084
# CANT t=2380.00 a_tag=0.3607 a_max=0.9958 xl_tag=0.2702 nlock=2673 tune=79544.270052
t= 2400.00 +2.16e-15 | 1.6531 16.14  21787    9 350114 350809 | 1.4224 14.52 | 8.72e-03 1.84e-02 |   1.3892 0.4307  1.4264  0.5300 0.500 14.00 | PAIR-CHANNEL-DEAD
# CONVTAG t=2400.00 rough=0.000000 cond=5.825626 evap=15.303311 backs=1.996084
# CANT t=2400.00 a_tag=0.3998 a_max=0.9961 xl_tag=0.2684 nlock=2674 tune=80239.063146
# QATOM t=2401.96 dir=DF w=2.54519376 e=0.465842193643 i=2562 Em=0.4746
t= 2420.00 +2.16e-15 | 1.6532 16.13  21770    3 353006 353707 | 1.4222 14.52 | 6.81e-03 1.60e-02 |   1.4114 0.4376  1.3867  0.5683 0.500 14.00 | PAIR-CHANNEL-DEAD
# CONVTAG t=2420.00 rough=0.000000 cond=5.825626 evap=15.303311 backs=1.996084
# CANT t=2420.00 a_tag=0.4567 a_max=0.9964 xl_tag=0.2675 nlock=2671 tune=80941.319825
t= 2440.00 +2.16e-15 | 1.6533 16.13  21772    4 355720 356449 | 1.4222 14.52 | 4.70e-03 1.33e-02 |   1.3601 0.4217  1.3372  0.6114 0.500 14.00 | PAIR-CHANNEL-DEAD
# CONVTAG t=2440.00 rough=0.000000 cond=5.825626 evap=15.633228 backs=2.039117
# CANT t=2440.00 a_tag=0.4960 a_max=0.9954 xl_tag=0.2618 nlock=2663 tune=81646.745294
t= 2460.00 +2.16e-15 | 1.6532 16.12  21762    6 358647 359395 | 1.4220 14.51 | 9.46e-03 2.71e-02 |   1.4077 0.4365  1.3220  0.6293 0.500 14.00 | PAIR-CHANNEL-DEAD
# CONVTAG t=2460.00 rough=0.000000 cond=5.825626 evap=15.633228 backs=2.039117
# CANT t=2460.00 a_tag=0.5201 a_max=0.9953 xl_tag=0.2599 nlock=2661 tune=82348.859838
# QATOM t=2462.54 dir=FD w=1.60419043 e=0.293612061225 i=1525 Em=0.0414
t= 2480.00 +2.16e-15 | 1.6533 16.13  21779    6 361579 362318 | 1.4222 14.51 | 5.15e-03 1.60e-02 |   1.4445 0.4479  1.2935  0.6580 0.500 14.00 | PAIR-CHANNEL-DEAD
# CONVTAG t=2480.00 rough=0.000000 cond=5.825626 evap=15.633228 backs=2.039117
# CANT t=2480.00 a_tag=0.5242 a_max=0.9933 xl_tag=0.2600 nlock=2665 tune=83051.945883
t= 2500.00 +2.16e-15 | 1.6531 16.11  21748    8 364250 364981 | 1.4218 14.51 | 7.39e-03 1.84e-02 |   1.4146 0.4386  1.3211  0.6474 0.500 13.50 | PAIR-CHANNEL-DEAD
# CONVTAG t=2500.00 rough=0.000000 cond=5.825626 evap=15.633228 backs=2.039117
# CANT t=2500.00 a_tag=0.5415 a_max=0.9952 xl_tag=0.2601 nlock=2665 tune=83744.064211
t= 2520.00 +2.16e-15 | 1.6531 16.11  21755    5 366888 367594 | 1.4219 14.50 | 5.76e-03 1.63e-02 |   1.3228 0.4102  1.4214  0.5159 0.500 14.00 | PAIR-CHANNEL-DEAD
# CONVTAG t=2520.00 rough=0.000000 cond=5.825626 evap=15.633228 backs=2.039117
# CANT t=2520.00 a_tag=0.5521 a_max=0.9945 xl_tag=0.2590 nlock=2663 tune=84433.666471
# QATOM t=2534.12 dir=DF w=2.48565279 e=0.454944517701 i=989 Em=0.6106
t= 2540.00 +2.16e-15 | 1.6531 16.14  21784    5 369627 370342 | 1.4221 14.50 | 4.17e-03 1.22e-02 |   1.2979 0.4024  1.4694  0.4707 0.500 14.00 | PAIR-CHANNEL-DEAD
# CONVTAG t=2540.00 rough=0.000000 cond=5.825626 evap=15.633228 backs=2.039117
# CANT t=2540.00 a_tag=0.5508 a_max=0.9956 xl_tag=0.2569 nlock=2662 tune=85127.929663
t= 2560.00 +2.29e-15 | 1.6533 16.12  21765    2 372446 373154 | 1.4220 14.51 | 6.07e-03 1.70e-02 |   1.3036 0.4042  1.4711  0.4345 0.500 14.00 | PAIR-CHANNEL-DEAD
# CONVTAG t=2560.00 rough=0.000000 cond=6.015782 evap=15.633228 backs=2.039117
# CANT t=2560.00 a_tag=0.5479 a_max=0.9959 xl_tag=0.2596 nlock=2662 tune=85821.325798
t= 2580.00 +2.29e-15 | 1.6532 16.12  21760    1 375136 375835 | 1.4220 14.51 | 5.95e-03 1.41e-02 |   1.2959 0.4018  1.5131  0.4323 0.500 14.00 | PAIR-CHANNEL-DEAD
# CONVTAG t=2580.00 rough=0.000000 cond=6.015782 evap=15.633228 backs=2.039117
# CANT t=2580.00 a_tag=0.5485 a_max=0.9956 xl_tag=0.2575 nlock=2675 tune=86514.128677
# QATOM t=2599.82 dir=FD w=1.51854188 e=0.277935963109 i=1847 Em=0.0757
t= 2600.00 +2.43e-15 | 1.6530 16.13  21780   11 377717 378383 | 1.4223 14.51 | 6.04e-03 1.80e-02 |   1.2829 0.3978  1.5335  0.4306 0.500 14.00 | PAIR-CHANNEL-DEAD
# CONVTAG t=2600.00 rough=0.000000 cond=6.015782 evap=15.633228 backs=2.039117
# CANT t=2600.00 a_tag=0.5545 a_max=0.9960 xl_tag=0.2558 nlock=2666 tune=87210.575004
t= 2620.00 +2.43e-15 | 1.6531 16.13  21772    3 380411 381106 | 1.4223 14.53 | 1.36e-02 3.04e-02 |   1.1586 0.3593  1.5644  0.3736 0.500 14.00 | PAIR-CHANNEL-DEAD
# CONVTAG t=2620.00 rough=0.000000 cond=6.015782 evap=15.967123 backs=2.082668
# CANT t=2620.00 a_tag=0.5708 a_max=0.9965 xl_tag=0.2503 nlock=2667 tune=87911.705811
t= 2640.00 +2.43e-15 | 1.6532 16.12  21765    5 383111 383804 | 1.4223 14.53 | 8.80e-03 2.32e-02 |   1.2551 0.3892  1.5313  0.4505 0.500 13.50 | PAIR-CHANNEL-DEAD
# CONVTAG t=2640.00 rough=0.000000 cond=6.015782 evap=15.967123 backs=2.082668
# CANT t=2640.00 a_tag=0.5651 a_max=0.9959 xl_tag=0.2472 nlock=2669 tune=88604.592296
t= 2660.00 +2.43e-15 | 1.6530 16.12  21763    4 385849 386572 | 1.4223 14.53 | 6.80e-03 1.95e-02 |   1.2850 0.3985  1.5027  0.5239 0.500 13.50 | PAIR-CHANNEL-DEAD
# CONVTAG t=2660.00 rough=0.000000 cond=6.015782 evap=15.967123 backs=2.082668
# CANT t=2660.00 a_tag=0.5759 a_max=0.9962 xl_tag=0.2472 nlock=2672 tune=89294.527526
# QATOM t=2666.58 dir=FD w=1.48528003 e=0.271848108263 i=766 Em=0.1855
t= 2680.00 +2.43e-15 | 1.6533 16.14  21787    6 388600 389324 | 1.4226 14.54 | 5.58e-03 1.53e-02 |   1.2531 0.3886  1.5460  0.4654 0.500 13.50 | PAIR-CHANNEL-DEAD
# CONVTAG t=2680.00 rough=0.000000 cond=6.015782 evap=15.967123 backs=2.082668
# CANT t=2680.00 a_tag=0.5780 a_max=0.9956 xl_tag=0.2473 nlock=2671 tune=89982.433424
t= 2700.00 +2.56e-15 | 1.6532 16.12  21756    3 391251 391953 | 1.4222 14.53 | 5.60e-03 1.33e-02 |   1.2518 0.3881  1.5573  0.4792 0.500 13.50 | PAIR-CHANNEL-DEAD
# CONVTAG t=2700.00 rough=0.000000 cond=6.015782 evap=15.967123 backs=2.082668
# CANT t=2700.00 a_tag=0.5691 a_max=0.9957 xl_tag=0.2459 nlock=2664 tune=90674.487757
t= 2720.00 +2.56e-15 | 1.6536 16.14  21795    5 393791 394483 | 1.4226 14.53 | 8.01e-03 1.52e-02 |   1.2579 0.3900  1.5515  0.4656 0.500 14.00 | PAIR-CHANNEL-DEAD
# CONVTAG t=2720.00 rough=0.000000 cond=6.015782 evap=15.967123 backs=2.082668
# CANT t=2720.00 a_tag=0.5629 a_max=0.9957 xl_tag=0.2453 nlock=2663 tune=91362.884784
# QATOM t=2731.36 dir=DF w=2.26662915 e=0.414857019018 i=1337 Em=0.4206
t= 2740.00 +2.56e-15 | 1.6537 16.15  21802    2 396482 397175 | 1.4226 14.52 | 7.27e-03 1.78e-02 |   1.2489 0.3873  1.5636  0.4056 0.500 14.00 | PAIR-CHANNEL-DEAD
# CONVTAG t=2740.00 rough=0.000000 cond=6.015782 evap=15.967123 backs=2.082668
# CANT t=2740.00 a_tag=0.5575 a_max=0.9951 xl_tag=0.2452 nlock=2668 tune=92044.246666
t= 2760.00 +2.56e-15 | 1.6538 16.12  21767   11 399108 399807 | 1.4223 14.53 | 9.40e-03 2.20e-02 |   1.2635 0.3918  1.5401  0.4676 0.500 14.00 | PAIR-CHANNEL-DEAD
# CONVTAG t=2760.00 rough=0.000000 cond=6.015782 evap=15.967123 backs=2.082668
# CANT t=2760.00 a_tag=0.5534 a_max=0.9957 xl_tag=0.2447 nlock=2663 tune=92726.999227
t= 2780.00 +2.56e-15 | 1.6537 16.11  21749    5 401950 402661 | 1.4221 14.53 | 4.44e-03 1.30e-02 |   1.2434 0.3856  1.5433  0.4478 0.500 15.00 | PAIR-CHANNEL-DEAD
# CONVTAG t=2780.00 rough=0.000000 cond=6.015782 evap=15.967123 backs=2.082668
# CANT t=2780.00 a_tag=0.5655 a_max=0.9959 xl_tag=0.2439 nlock=2663 tune=93412.487021
# QATOM t=2780.74 dir=FD w=1.43336931 e=0.262346982362 i=1072 Em=0.2876
t= 2800.00 +2.70e-15 | 1.6536 16.11  21744    4 404697 405446 | 1.4220 14.52 | 5.09e-03 1.47e-02 |   1.2302 0.3815  1.5461  0.4162 0.500 15.00 | PAIR-CHANNEL-DEAD
# CONVTAG t=2800.00 rough=0.000000 cond=6.015782 evap=15.967123 backs=2.082668
# CANT t=2800.00 a_tag=0.5658 a_max=0.9967 xl_tag=0.2427 nlock=2662 tune=94098.013453
t= 2820.00 +2.70e-15 | 1.6541 16.10  21739    3 407305 408011 | 1.4220 14.52 | 6.89e-03 1.69e-02 |   1.2617 0.3912  1.5043  0.4870 0.500 15.00 | PAIR-CHANNEL-DEAD
# CONVTAG t=2820.00 rough=0.000000 cond=6.015782 evap=15.967123 backs=2.082668
# CANT t=2820.00 a_tag=0.5628 a_max=0.9967 xl_tag=0.2425 nlock=2663 tune=94783.648764
# QATOM t=2830.94 dir=DF w=2.33624924 e=0.427599457345 i=305 Em=0.4286
t= 2840.00 +2.70e-15 | 1.6541 16.12  21757    3 410103 410808 | 1.4222 14.52 | 6.65e-03 1.88e-02 |   1.1206 0.3475  1.4912  0.5108 0.500 15.00 | PAIR-CHANNEL-DEAD
# CONVTAG t=2840.00 rough=0.000000 cond=6.015782 evap=16.307017 backs=2.127002
# CANT t=2840.00 a_tag=0.5586 a_max=0.9967 xl_tag=0.2393 nlock=2659 tune=95463.303321
t= 2860.00 +2.70e-15 | 1.6538 16.11  21751    2 412971 413633 | 1.4220 14.52 | 5.21e-03 1.48e-02 |   1.2242 0.3796  1.4596  0.5376 0.500 15.00 | PAIR-CHANNEL-DEAD
# CONVTAG t=2860.00 rough=0.000000 cond=6.015782 evap=16.307017 backs=2.127002
# CANT t=2860.00 a_tag=0.5480 a_max=0.9960 xl_tag=0.2371 nlock=2661 tune=96149.769356
# QATOM t=2878.20 dir=FD w=1.52158143 e=0.278492286322 i=1995 Em=0.0780
t= 2880.00 +2.70e-15 | 1.6536 16.10  21740    8 415870 416561 | 1.4218 14.51 | 4.93e-03 1.53e-02 |   1.2556 0.3893  1.4689  0.5464 0.500 15.00 | PAIR-CHANNEL-DEAD
# CONVTAG t=2880.00 rough=0.000000 cond=6.015782 evap=16.307017 backs=2.127002
# CANT t=2880.00 a_tag=0.5542 a_max=0.9963 xl_tag=0.2375 nlock=2664 tune=96839.746792
t= 2900.00 +2.83e-15 | 1.6536 16.11  21742    8 418574 419262 | 1.4218 14.51 | 7.79e-03 2.00e-02 |   1.2618 0.3912  1.4766  0.5602 0.500 15.00 | PAIR-CHANNEL-DEAD
# CONVTAG t=2900.00 rough=0.000000 cond=6.015782 evap=16.307017 backs=2.127002
# CANT t=2900.00 a_tag=0.5642 a_max=0.9972 xl_tag=0.2388 nlock=2664 tune=97531.058771
t= 2920.00 +2.83e-15 | 1.6534 16.10  21735    3 421260 421956 | 1.4217 14.51 | 5.85e-03 1.68e-02 |   1.2495 0.3874  1.4907  0.5360 0.500 15.00 | PAIR-CHANNEL-DEAD
# CONVTAG t=2920.00 rough=0.000000 cond=6.015782 evap=16.307017 backs=2.127002
# CANT t=2920.00 a_tag=0.5649 a_max=0.9979 xl_tag=0.2389 nlock=2663 tune=98224.340136
# QATOM t=2937.24 dir=FD w=1.51567185 e=0.277410667597 i=1683 Em=0.1217
t= 2940.00 +2.83e-15 | 1.6535 16.09  21728    5 423948 424674 | 1.4215 14.50 | 8.58e-03 2.06e-02 |   1.2142 0.3765  1.5224  0.4752 0.500 15.00 | PAIR-CHANNEL-DEAD
# CONVTAG t=2940.00 rough=0.000000 cond=6.015782 evap=16.307017 backs=2.127002
# CANT t=2940.00 a_tag=0.5751 a_max=0.9972 xl_tag=0.2381 nlock=2665 tune=98917.490915
t= 2960.00 +2.70e-15 | 1.6534 16.08  21712    2 426827 427506 | 1.4213 14.50 | 4.46e-03 1.53e-02 |   1.2179 0.3776  1.5427  0.4818 0.500 14.50 | PAIR-CHANNEL-DEAD
# CONVTAG t=2960.00 rough=0.000000 cond=6.015782 evap=16.307017 backs=2.127002
# CANT t=2960.00 a_tag=0.5690 a_max=0.9931 xl_tag=0.2374 nlock=2668 tune=99614.485869
t= 2980.00 +2.83e-15 | 1.6535 16.05  21673    2 429761 430435 | 1.4209 14.50 | 6.06e-03 1.80e-02 |   1.2348 0.3829  1.4931  0.5298 0.500 14.50 | PAIR-CHANNEL-DEAD
# CONVTAG t=2980.00 rough=0.000000 cond=6.015782 evap=16.307017 backs=2.127002
# CANT t=2980.00 a_tag=0.5628 a_max=0.9942 xl_tag=0.2372 nlock=2673 tune=100303.555744
# QATOM t=2995.68 dir=FD w=1.42962742 e=0.261662110976 i=1337 Em=0.1802
t= 3000.00 +2.83e-15 | 1.6535 16.09  21727    6 432432 433128 | 1.4213 14.49 | 1.21e-02 2.97e-02 |   1.2248 0.3798  1.5028  0.5193 0.500 14.50 | PAIR-CHANNEL-DEAD
# CONVTAG t=3000.00 rough=0.000000 cond=6.015782 evap=16.307017 backs=2.127002
# CANT t=3000.00 a_tag=0.5622 a_max=0.9928 xl_tag=0.2372 nlock=2673 tune=100993.487945
t= 3020.00 +2.83e-15 | 1.6533 16.10  21733    5 435160 435867 | 1.4215 14.50 | 3.79e-03 1.40e-02 |   1.2366 0.3834  1.5217  0.5657 0.500 14.00 | PAIR-CHANNEL-DEAD
# CONVTAG t=3020.00 rough=0.000000 cond=6.310797 evap=16.307017 backs=2.127002
# CANT t=3020.00 a_tag=0.5527 a_max=0.9920 xl_tag=0.2386 nlock=2673 tune=101683.872973
t= 3040.00 +2.83e-15 | 1.6532 16.11  21742    2 437958 438669 | 1.4216 14.50 | 6.43e-03 1.71e-02 |   1.1955 0.3707  1.5554  0.5000 0.500 14.50 | PAIR-CHANNEL-DEAD
# CONVTAG t=3040.00 rough=0.000000 cond=6.310797 evap=16.307017 backs=2.127002
# CANT t=3040.00 a_tag=0.5607 a_max=0.9935 xl_tag=0.2375 nlock=2667 tune=102371.602692
# QATOM t=3050.70 dir=DF w=2.39796581 e=0.438895329393 i=1966 Em=0.4561
t= 3060.00 +2.97e-15 | 1.6531 16.10  21740    2 440741 441484 | 1.4216 14.50 | 5.66e-03 1.62e-02 |   1.1679 0.3621  1.5793  0.4459 0.500 14.50 | PAIR-CHANNEL-DEAD
# CONVTAG t=3060.00 rough=0.000000 cond=6.310797 evap=16.307017 backs=2.127002
# CANT t=3060.00 a_tag=0.5374 a_max=0.9952 xl_tag=0.2350 nlock=2662 tune=103061.916612
t= 3080.00 +2.97e-15 | 1.6531 16.13  21770    1 443380 444093 | 1.4219 14.49 | 5.98e-03 1.77e-02 |   1.0127 0.3140  1.5815  0.4634 0.500 14.50 | PAIR-CHANNEL-DEAD
# CONVTAG t=3080.00 rough=0.000000 cond=6.310797 evap=16.652635 backs=2.172083
# CANT t=3080.00 a_tag=0.5503 a_max=0.9935 xl_tag=0.2288 nlock=2664 tune=103748.909221
t= 3100.00 +2.97e-15 | 1.6535 16.11  21753    6 446003 446715 | 1.4217 14.50 | 9.53e-03 2.43e-02 |   1.1515 0.3571  1.5739  0.5065 0.500 15.00 | PAIR-CHANNEL-DEAD
# CONVTAG t=3100.00 rough=0.000000 cond=6.310797 evap=16.652635 backs=2.172083
# CANT t=3100.00 a_tag=0.5626 a_max=0.9945 xl_tag=0.2255 nlock=2661 tune=104431.996874
# QATOM t=3112.12 dir=FD w=1.55586776 e=0.284767651318 i=2314 Em=0.1052
t= 3120.00 +2.97e-15 | 1.6534 16.12  21762    1 448643 449367 | 1.4218 14.50 | 1.16e-02 3.62e-02 |   1.1531 0.3575  1.5600  0.5277 0.500 15.00 | PAIR-CHANNEL-DEAD
# CONVTAG t=3120.00 rough=0.000000 cond=6.310797 evap=16.652635 backs=2.172083
# CANT t=3120.00 a_tag=0.5703 a_max=0.9948 xl_tag=0.2249 nlock=2662 tune=105114.996860
t= 3140.00 +2.97e-15 | 1.6535 16.12  21760    8 451387 452111 | 1.4218 14.50 | 5.60e-03 1.52e-02 |   1.1389 0.3532  1.5939  0.4974 0.500 14.00 | PAIR-CHANNEL-DEAD
# CONVTAG t=3140.00 rough=0.000000 cond=6.310797 evap=16.652635 backs=2.172083
# CANT t=3140.00 a_tag=0.5649 a_max=0.9944 xl_tag=0.2241 nlock=2659 tune=105807.410881
t= 3160.00 +3.10e-15 | 1.6536 16.10  21734    7 454145 454862 | 1.4214 14.49 | 5.35e-03 1.39e-02 |   1.1273 0.3495  1.6300  0.4910 0.500 14.00 | PAIR-CHANNEL-DEAD
# CONVTAG t=3160.00 rough=0.000000 cond=6.310797 evap=16.652635 backs=2.172083
# CANT t=3160.00 a_tag=0.5640 a_max=0.9953 xl_tag=0.2231 nlock=2662 tune=106500.079664
# QATOM t=3171.30 dir=FD w=1.4262438 e=0.261042814084 i=89 Em=0.2232
t= 3180.00 +3.10e-15 | 1.6534 16.10  21735    6 457113 457811 | 1.4216 14.50 | 7.74e-03 1.80e-02 |   1.1462 0.3554  1.5609  0.5300 0.500 14.00 | PAIR-CHANNEL-DEAD
# CONVTAG t=3180.00 rough=0.000000 cond=6.310797 evap=16.652635 backs=2.172083
# CANT t=3180.00 a_tag=0.5482 a_max=0.9954 xl_tag=0.2223 nlock=2665 tune=107202.712832
t= 3200.00 +3.10e-15 | 1.6534 16.10  21732    6 459955 460675 | 1.4216 14.51 | 6.48e-03 2.03e-02 |   1.1723 0.3635  1.5143  0.6122 0.500 14.50 | PAIR-CHANNEL-DEAD
# CONVTAG t=3200.00 rough=0.000000 cond=6.310797 evap=16.652635 backs=2.172083
# CANT t=3200.00 a_tag=0.5433 a_max=0.9950 xl_tag=0.2232 nlock=2659 tune=107902.269485
t= 3220.00 +3.23e-15 | 1.6532 16.08  21708    1 462750 463446 | 1.4213 14.51 | 7.11e-03 1.80e-02 |   1.1597 0.3596  1.5113  0.5960 0.500 14.50 | PAIR-CHANNEL-DEAD
# CONVTAG t=3220.00 rough=0.000000 cond=6.310797 evap=16.652635 backs=2.172083
# CANT t=3220.00 a_tag=0.5600 a_max=0.9943 xl_tag=0.2234 nlock=2667 tune=108608.039945
# QATOM t=3229.66 dir=FD w=1.34248225 e=0.245712089894 i=2388 Em=0.3183
t= 3240.00 +3.23e-15 | 1.6531 16.11  21744    1 465580 466270 | 1.4218 14.51 | 4.71e-03 1.70e-02 |   1.1569 0.3587  1.5176  0.5824 0.500 15.00 | PAIR-CHANNEL-DEAD
# CONVTAG t=3240.00 rough=0.000000 cond=6.310797 evap=16.652635 backs=2.172083
# CANT t=3240.00 a_tag=0.5661 a_max=0.9951 xl_tag=0.2235 nlock=2666 tune=109314.956211
t= 3260.00 +3.23e-15 | 1.6531 16.08  21702    5 468122 468817 | 1.4212 14.50 | 4.19e-03 1.46e-02 |   1.1663 0.3616  1.4640  0.6017 0.500 15.00 | PAIR-CHANNEL-DEAD
# CONVTAG t=3260.00 rough=0.000000 cond=6.310797 evap=16.652635 backs=2.172083
# CANT t=3260.00 a_tag=0.5647 a_max=0.9959 xl_tag=0.2234 nlock=2669 tune=110022.484218
t= 3280.00 +3.23e-15 | 1.6531 16.10  21737    5 471032 471752 | 1.4217 14.52 | 8.29e-03 1.87e-02 |   1.1697 0.3627  1.4891  0.5840 0.500 16.00 | PAIR-CHANNEL-DEAD
# CONVTAG t=3280.00 rough=0.000000 cond=6.310797 evap=16.652635 backs=2.172083
# CANT t=3280.00 a_tag=0.5759 a_max=0.9958 xl_tag=0.2232 nlock=2665 tune=110731.063205
# QATOM t=3291.26 dir=DF w=2.51069639 e=0.45952820238 i=2551 Em=0.5342
t= 3300.00 +3.37e-15 | 1.6533 16.11  21753    4 473985 474698 | 1.4219 14.51 | 3.95e-03 1.70e-02 |   1.1516 0.3571  1.5221  0.5489 0.500 16.00 | PAIR-CHANNEL-DEAD
# CONVTAG t=3300.00 rough=0.000000 cond=6.310797 evap=16.652635 backs=2.172083
# CANT t=3300.00 a_tag=0.5695 a_max=0.9963 xl_tag=0.2225 nlock=2665 tune=111439.048720
t= 3320.00 +3.37e-15 | 1.6533 16.12  21765    1 476861 477545 | 1.4221 14.52 | 7.71e-03 1.87e-02 |   1.1442 0.3548  1.5271  0.5455 0.500 15.50 | PAIR-CHANNEL-DEAD
# CONVTAG t=3320.00 rough=0.000000 cond=6.310797 evap=16.652635 backs=2.172083
# CANT t=3320.00 a_tag=0.5794 a_max=0.9972 xl_tag=0.2216 nlock=2668 tune=112143.368021
t= 3340.00 +3.37e-15 | 1.6532 16.11  21753    3 479733 480389 | 1.4221 14.53 | 4.31e-03 1.56e-02 |   1.1531 0.3575  1.4695  0.6485 0.500 16.00 | PAIR-CHANNEL-DEAD
# CONVTAG t=3340.00 rough=0.000000 cond=6.310797 evap=17.004627 backs=2.217995
# CANT t=3340.00 a_tag=0.5776 a_max=0.9972 xl_tag=0.2180 nlock=2668 tune=112853.975256
t= 3360.00 +3.50e-15 | 1.6530 16.12  21760    1 482629 483310 | 1.4221 14.52 | 5.26e-03 1.44e-02 |   1.1784 0.3654  1.4368  0.6815 0.500 16.00 | PAIR-CHANNEL-DEAD
# CONVTAG t=3360.00 rough=0.000000 cond=6.310797 evap=17.004627 backs=2.217995
# CANT t=3360.00 a_tag=0.5703 a_max=0.9975 xl_tag=0.2169 nlock=2667 tune=113571.879165
# QATOM t=3361.58 dir=FD w=1.58250545 e=0.289643099525 i=1361 Em=0.0533
t= 3380.00 +3.50e-15 | 1.6530 16.11  21750    3 485388 486067 | 1.4220 14.52 | 6.07e-03 1.69e-02 |   1.1908 0.3692  1.4167  0.7154 0.500 16.00 | PAIR-CHANNEL-DEAD
# CONVTAG t=3380.00 rough=0.000000 cond=6.310797 evap=17.004627 backs=2.217995
# CANT t=3380.00 a_tag=0.5702 a_max=0.9976 xl_tag=0.2167 nlock=2666 tune=114286.025872
t= 3400.00 +3.50e-15 | 1.6532 16.12  21757    4 488087 488778 | 1.4219 14.51 | 5.07e-03 1.60e-02 |   1.3113 0.4066  1.2752  0.9136 0.500 15.50 | PAIR-CHANNEL-DEAD
# CONVTAG t=3400.00 rough=0.000000 cond=6.589197 evap=17.004627 backs=2.217995
# CANT t=3400.00 a_tag=0.5968 a_max=0.9974 xl_tag=0.2262 nlock=2668 tune=114996.175392
t= 3420.00 +3.50e-15 | 1.6531 16.11  21753    3 490876 491615 | 1.4218 14.51 | 7.67e-03 1.61e-02 |   1.2676 0.3931  1.3380  0.8640 0.500 16.00 | PAIR-CHANNEL-DEAD
# CONVTAG t=3420.00 rough=0.000000 cond=6.589197 evap=17.004627 backs=2.217995
# CANT t=3420.00 a_tag=0.5529 a_max=0.9978 xl_tag=0.2275 nlock=2668 tune=115701.596391
# QATOM t=3423.62 dir=FD w=1.4581613 e=0.266884615256 i=2487 Em=0.2447
t= 3440.00 +3.50e-15 | 1.6531 16.12  21756    4 493657 494378 | 1.4218 14.50 | 5.32e-03 1.47e-02 |   1.2628 0.3916  1.3255  0.8832 0.500 15.50 | PAIR-CHANNEL-DEAD
# CONVTAG t=3440.00 rough=0.000000 cond=6.589197 evap=17.004627 backs=2.217995
# CANT t=3440.00 a_tag=0.5717 a_max=0.9975 xl_tag=0.2268 nlock=2671 tune=116397.112916
t= 3460.00 +3.50e-15 | 1.6531 16.09  21728    8 496334 497020 | 1.4214 14.50 | 5.79e-03 1.41e-02 |   1.2370 0.3836  1.3826  0.9329 0.500 14.50 | PAIR-CHANNEL-DEAD
# CONVTAG t=3460.00 rough=0.000000 cond=6.589197 evap=17.004627 backs=2.217995
# CANT t=3460.00 a_tag=0.5636 a_max=0.9964 xl_tag=0.2248 nlock=2674 tune=117091.040017
t= 3480.00 +3.50e-15 | 1.6529 16.12  21761    4 498879 499570 | 1.4219 14.51 | 5.57e-03 1.56e-02 |   1.2149 0.3767  1.4191  0.8043 0.500 14.50 | PAIR-CHANNEL-DEAD
# CONVTAG t=3480.00 rough=0.000000 cond=6.589197 evap=17.004627 backs=2.217995
# CANT t=3480.00 a_tag=0.5625 a_max=0.9969 xl_tag=0.2246 nlock=2667 tune=117781.246233
t= 3500.00 +3.50e-15 | 1.6531 16.14  21792    4 501591 502280 | 1.4223 14.51 | 8.07e-03 2.36e-02 |   1.2305 0.3816  1.4036  0.8277 0.500 14.50 | PAIR-CHANNEL-DEAD
# CONVTAG t=3500.00 rough=0.000000 cond=6.589197 evap=17.004627 backs=2.217995
# CANT t=3500.00 a_tag=0.5429 a_max=0.9971 xl_tag=0.2240 nlock=2674 tune=118474.122618
# QATOM t=3506.04 dir=DF w=2.29529352 e=0.420103406612 i=2331 Em=0.4306
t= 3520.00 +3.64e-15 | 1.6528 16.13  21782    6 504367 505065 | 1.4221 14.50 | 5.22e-03 1.30e-02 |   1.2157 0.3770  1.3877  0.8281 0.500 14.00 | PAIR-CHANNEL-DEAD
# CONVTAG t=3520.00 rough=0.000000 cond=6.589197 evap=17.004627 backs=2.217995
# CANT t=3520.00 a_tag=0.5176 a_max=0.9972 xl_tag=0.2228 nlock=2674 tune=119166.535753
t= 3540.00 +3.64e-15 | 1.6528 16.14  21784    1 506952 507640 | 1.4222 14.50 | 7.94e-03 1.96e-02 |   1.3732 0.4258  1.2701  0.9375 0.500 14.50 | PAIR-CHANNEL-DEAD
# CONVTAG t=3540.00 rough=0.000000 cond=6.863554 evap=17.004627 backs=2.217995
# CANT t=3540.00 a_tag=0.5023 a_max=0.9974 xl_tag=0.2222 nlock=2666 tune=119864.087181
t= 3560.00 +3.64e-15 | 1.6526 16.11  21742    5 509709 510391 | 1.4216 14.50 | 6.59e-03 2.38e-02 |   1.2468 0.3866  1.3744  0.8068 0.500 14.00 | PAIR-CHANNEL-DEAD
# CONVTAG t=3560.00 rough=0.000000 cond=6.863554 evap=17.004627 backs=2.217995
# CANT t=3560.00 a_tag=0.4995 a_max=0.9974 xl_tag=0.2251 nlock=2669 tune=120562.196282
t= 3580.00 +3.77e-15 | 1.6526 16.12  21761    1 512303 512992 | 1.4218 14.49 | 1.02e-02 2.46e-02 |   1.2519 0.3882  1.3675  0.7506 0.500 14.00 | PAIR-CHANNEL-DEAD
# CONVTAG t=3580.00 rough=0.000000 cond=6.863554 evap=17.004627 backs=2.217995
# CANT t=3580.00 a_tag=0.5198 a_max=0.9970 xl_tag=0.2253 nlock=2665 tune=121258.102869
# QATOM t=3594.66 dir=DF w=2.2963247 e=0.420292141306 i=1428 Em=0.4380
t= 3600.00 +3.77e-15 | 1.6530 16.10  21732    4 514705 515395 | 1.4215 14.49 | 7.70e-03 1.83e-02 |   1.2380 0.3839  1.3581  0.7440 0.500 14.00 | PAIR-CHANNEL-DEAD
# CONVTAG t=3600.00 rough=0.000000 cond=6.863554 evap=17.004627 backs=2.217995
# CANT t=3600.00 a_tag=0.5329 a_max=0.9967 xl_tag=0.2242 nlock=2670 tune=121958.039458
t= 3620.00 +3.77e-15 | 1.6532 16.11  21753    4 517180 517898 | 1.4219 14.51 | 9.50e-03 2.27e-02 |   1.0292 0.3191  1.3063  0.7950 0.500 14.50 | PAIR-CHANNEL-DEAD
# CONVTAG t=3620.00 rough=0.000000 cond=6.863554 evap=17.362976 backs=2.264736
# CANT t=3620.00 a_tag=0.5535 a_max=0.9963 xl_tag=0.2208 nlock=2670 tune=122661.160525
t= 3640.00 +3.77e-15 | 1.6531 16.11  21755    4 519896 520608 | 1.4216 14.49 | 6.85e-03 1.87e-02 |   1.2223 0.3790  1.3207  0.7734 0.500 14.50 | PAIR-CHANNEL-DEAD
# CONVTAG t=3640.00 rough=0.000000 cond=7.135258 evap=17.362976 backs=2.264736
# CANT t=3640.00 a_tag=0.5565 a_max=0.9961 xl_tag=0.2188 nlock=2669 tune=123367.864759
t= 3660.00 +3.77e-15 | 1.6532 16.11  21752    2 522514 523247 | 1.4217 14.49 | 6.69e-03 1.82e-02 |   1.1912 0.3694  1.2984  0.8089 0.500 14.50 | PAIR-CHANNEL-DEAD
# CONVTAG t=3660.00 rough=0.000000 cond=7.135258 evap=17.362976 backs=2.264736
# CANT t=3660.00 a_tag=0.5541 a_max=0.9953 xl_tag=0.2180 nlock=2673 tune=124074.326673
# QATOM t=3663.58 dir=FD w=1.60018631 e=0.292879194832 i=445 Em=0.0205
t= 3680.00 +3.91e-15 | 1.6529 16.11  21750    6 525276 526002 | 1.4217 14.50 | 1.03e-02 2.71e-02 |   1.2160 0.3771  1.2558  0.8177 0.500 14.50 | PAIR-CHANNEL-DEAD
# CONVTAG t=3680.00 rough=0.000000 cond=7.135258 evap=17.362976 backs=2.264736
# CANT t=3680.00 a_tag=0.5583 a_max=0.9943 xl_tag=0.2173 nlock=2674 tune=124785.208210
t= 3700.00 +3.91e-15 | 1.6528 16.11  21750    2 527953 528683 | 1.4216 14.49 | 7.01e-03 1.89e-02 |   1.2450 0.3860  1.2469  0.8612 0.500 15.00 | PAIR-CHANNEL-DEAD
# CONVTAG t=3700.00 rough=0.000000 cond=7.135258 evap=17.362976 backs=2.264736
# CANT t=3700.00 a_tag=0.5634 a_max=0.9934 xl_tag=0.2167 nlock=2675 tune=125498.584427
t= 3720.00 +3.91e-15 | 1.6529 16.10  21729    3 530603 531289 | 1.4213 14.48 | 5.91e-03 1.50e-02 |   1.1970 0.3712  1.2939  0.8305 0.500 14.00 | PAIR-CHANNEL-DEAD
# CONVTAG t=3720.00 rough=0.000000 cond=7.135258 evap=17.362976 backs=2.264736
# CANT t=3720.00 a_tag=0.5585 a_max=0.9929 xl_tag=0.2150 nlock=2672 tune=126207.539696
t= 3740.00 +3.91e-15 | 1.6527 16.12  21757    4 533204 533884 | 1.4217 14.49 | 7.47e-03 1.80e-02 |   1.2015 0.3726  1.3166  0.7968 0.500 14.50 | PAIR-CHANNEL-DEAD
# CONVTAG t=3740.00 rough=0.000000 cond=7.135258 evap=17.362976 backs=2.264736
# CANT t=3740.00 a_tag=0.5419 a_max=0.9943 xl_tag=0.2146 nlock=2673 tune=126923.542301
# QATOM t=3747.76 dir=FD w=1.46708968 e=0.268518761315 i=1701 Em=0.1175
t= 3760.00 +4.04e-15 | 1.6527 16.11  21751    2 535757 536450 | 1.4215 14.48 | 5.55e-03 1.61e-02 |   1.2061 0.3740  1.3050  0.8043 0.500 13.50 | PAIR-CHANNEL-DEAD
# CONVTAG t=3760.00 rough=0.000000 cond=7.135258 evap=17.362976 backs=2.264736
# CANT t=3760.00 a_tag=0.5455 a_max=0.9948 xl_tag=0.2148 nlock=2679 tune=127632.027975
t= 3780.00 +4.04e-15 | 1.6529 16.12  21759    4 538210 538914 | 1.4217 14.49 | 6.39e-03 1.97e-02 |   1.1746 0.3642  1.3193  0.7796 0.500 14.50 | PAIR-CHANNEL-DEAD
# CONVTAG t=3780.00 rough=0.000000 cond=7.135258 evap=17.362976 backs=2.264736
# CANT t=3780.00 a_tag=0.5594 a_max=0.9948 xl_tag=0.2148 nlock=2670 tune=128335.059160
t= 3800.00 +4.04e-15 | 1.6528 16.10  21732    2 540750 541489 | 1.4215 14.49 | 8.39e-03 1.99e-02 |   1.1275 0.3496  1.3238  0.8305 0.500 14.50 | PAIR-CHANNEL-DEAD
# CONVTAG t=3800.00 rough=0.000000 cond=7.135258 evap=17.362976 backs=2.264736
# CANT t=3800.00 a_tag=0.5525 a_max=0.9949 xl_tag=0.2119 nlock=2665 tune=129038.395465
t= 3820.00 +4.04e-15 | 1.6527 16.10  21735    0 543573 544304 | 1.4214 14.49 | 4.23e-03 1.13e-02 |   1.0824 0.3356  1.3427  0.7220 0.500 14.00 | PAIR-CHANNEL-DEAD
# CONVTAG t=3820.00 rough=0.000000 cond=7.135258 evap=17.362976 backs=2.264736
# CANT t=3820.00 a_tag=0.5531 a_max=0.9950 xl_tag=0.2083 nlock=2667 tune=129735.722819
# QATOM t=3822.20 dir=FD w=1.51128219 e=0.276607236476 i=2327 Em=0.1596
t= 3840.00 +4.18e-15 | 1.6530 16.09  21723    2 546196 546905 | 1.4213 14.49 | 6.16e-03 1.77e-02 |   1.1041 0.3424  1.3673  0.7327 0.500 15.00 | PAIR-CHANNEL-DEAD
# CONVTAG t=3840.00 rough=0.000000 cond=7.135258 evap=17.362976 backs=2.264736
# CANT t=3840.00 a_tag=0.5531 a_max=0.9962 xl_tag=0.2058 nlock=2670 tune=130425.602262
t= 3860.00 +4.18e-15 | 1.6530 16.08  21707    2 548880 549571 | 1.4211 14.49 | 7.95e-03 2.17e-02 |   1.1097 0.3441  1.3538  0.7605 0.500 14.50 | PAIR-CHANNEL-DEAD
# CONVTAG t=3860.00 rough=0.000000 cond=7.135258 evap=17.362976 backs=2.264736
# CANT t=3860.00 a_tag=0.5482 a_max=0.9963 xl_tag=0.2065 nlock=2675 tune=131111.031213
t= 3880.00 +4.31e-15 | 1.6528 16.06  21684    5 551489 552192 | 1.4209 14.49 | 6.25e-03 1.57e-02 |   1.1238 0.3485  1.3331  0.7627 0.500 14.50 | PAIR-CHANNEL-DEAD
# CONVTAG t=3880.00 rough=0.000000 cond=7.135258 evap=17.362976 backs=2.264736
# CANT t=3880.00 a_tag=0.5552 a_max=0.9959 xl_tag=0.2063 nlock=2671 tune=131797.514893
# QATOM t=3891.96 dir=FD w=1.56554268 e=0.28653843374 i=1581 Em=0.0986
t= 3900.00 +4.31e-15 | 1.6529 16.06  21679    5 554116 554794 | 1.4208 14.49 | 7.72e-03 1.92e-02 |   1.0859 0.3367  1.3705  0.7202 0.500 14.00 | PAIR-CHANNEL-DEAD
# CONVTAG t=3900.00 rough=0.000000 cond=7.135258 evap=17.362976 backs=2.264736
# CANT t=3900.00 a_tag=0.5675 a_max=0.9940 xl_tag=0.2062 nlock=2676 tune=132485.735058
t= 3920.00 +4.45e-15 | 1.6531 16.08  21709    1 556991 557700 | 1.4211 14.49 | 5.31e-03 1.38e-02 |   1.0718 0.3323  1.3854  0.7397 0.500 14.00 | PAIR-CHANNEL-DEAD
# CONVTAG t=3920.00 rough=0.000000 cond=7.135258 evap=17.362976 backs=2.264736
# CANT t=3920.00 a_tag=0.5616 a_max=0.9931 xl_tag=0.2026 nlock=2676 tune=133177.489195
t= 3940.00 +4.45e-15 | 1.6532 16.08  21706    3 559624 560311 | 1.4211 14.49 | 6.43e-03 1.76e-02 |   0.9759 0.3026  1.4230  0.7170 0.500 13.50 | PAIR-CHANNEL-DEAD
# CONVTAG t=3940.00 rough=0.000000 cond=7.135258 evap=17.733636 backs=2.313083
# CANT t=3940.00 a_tag=0.5661 a_max=0.9938 xl_tag=0.1924 nlock=2679 tune=133859.315091
# QATOM t=3955.72 dir=DF w=2.30610014 e=0.422081321775 i=342 Em=0.4393
t= 3960.00 +4.31e-15 | 1.6535 16.09  21719    4 562320 562982 | 1.4213 14.49 | 4.42e-03 1.61e-02 |   0.9584 0.2972  1.4147  0.7816 0.500 13.50 | PAIR-CHANNEL-DEAD
# CONVTAG t=3960.00 rough=0.000000 cond=7.135258 evap=17.733636 backs=2.313083
# CANT t=3960.00 a_tag=0.5633 a_max=0.9938 xl_tag=0.1874 nlock=2680 tune=134541.750031
t= 3980.00 +4.45e-15 | 1.6533 16.09  21723    5 565074 565765 | 1.4213 14.49 | 6.46e-03 1.57e-02 |   1.0218 0.3168  1.3768  0.7866 0.500 13.50 | PAIR-CHANNEL-DEAD
# CONVTAG t=3980.00 rough=0.000000 cond=7.135258 evap=17.733636 backs=2.313083
# CANT t=3980.00 a_tag=0.5540 a_max=0.9938 xl_tag=0.1843 nlock=2676 tune=135231.363465
t= 4000.00 +4.45e-15 | 1.6536 16.12  21766    2 567783 568487 | 1.4218 14.49 | 7.99e-03 2.42e-02 |   1.0575 0.3279  1.3180  0.8249 0.500 13.50 | PAIR-CHANNEL-DEAD
# CONVTAG t=4000.00 rough=0.000000 cond=7.135258 evap=17.733636 backs=2.313083
# CANT t=4000.00 a_tag=0.5479 a_max=0.9946 xl_tag=0.1847 nlock=2672 tune=135915.306726
# QATOM t=4010.10 dir=DF w=2.32036346 e=0.424691911083 i=1209 Em=0.4313
t= 4020.00 +4.58e-15 | 1.6534 16.12  21761    5 570800 571529 | 1.4217 14.48 | 6.47e-03 1.70e-02 |   1.0306 0.3196  1.3137  0.7997 0.500 13.50 | PAIR-CHANNEL-DEAD
# CONVTAG t=4020.00 rough=0.000000 cond=7.135258 evap=17.733636 backs=2.313083
# CANT t=4020.00 a_tag=0.5377 a_max=0.9961 xl_tag=0.1854 nlock=2670 tune=136603.472696
t= 4040.00 +4.58e-15 | 1.6534 16.10  21735    1 573657 574402 | 1.4214 14.48 | 7.20e-03 2.26e-02 |   1.0158 0.3150  1.2265  0.7799 0.500 13.50 | PAIR-CHANNEL-DEAD
# CONVTAG t=4040.00 rough=0.000000 cond=7.135258 evap=17.733636 backs=2.313083
# CANT t=4040.00 a_tag=0.5346 a_max=0.9971 xl_tag=0.1849 nlock=2673 tune=137278.484461
t= 4060.00 +4.58e-15 | 1.6533 16.12  21767    5 576443 577148 | 1.4218 14.49 | 5.38e-03 1.89e-02 |   1.0186 0.3159  1.2150  0.8017 0.500 13.50 | PAIR-CHANNEL-DEAD
# CONVTAG t=4060.00 rough=0.000000 cond=7.135258 evap=17.733636 backs=2.313083
# CANT t=4060.00 a_tag=0.5440 a_max=0.9976 xl_tag=0.1840 nlock=2675 tune=137955.046697
# QATOM t=4079.22 dir=DF w=2.45532001 e=0.449392764264 i=938 Em=0.4972
t= 4080.00 +4.58e-15 | 1.6534 16.13  21780    3 579247 579951 | 1.4220 14.49 | 6.93e-03 2.10e-02 |   0.9960 0.3088  1.2185  0.7605 0.500 13.00 | PAIR-CHANNEL-DEAD
# CONVTAG t=4080.00 rough=0.000000 cond=7.135258 evap=17.733636 backs=2.313083
# CANT t=4080.00 a_tag=0.5435 a_max=0.9954 xl_tag=0.1826 nlock=2670 tune=138631.902406
t= 4100.00 +4.58e-15 | 1.6533 16.16  21813    4 581934 582661 | 1.4225 14.50 | 7.60e-03 2.13e-02 |   0.9845 0.3053  1.1861  0.7213 0.500 13.00 | PAIR-CHANNEL-DEAD
# CONVTAG t=4100.00 rough=0.000000 cond=7.135258 evap=17.733636 backs=2.313083
# CANT t=4100.00 a_tag=0.5492 a_max=0.9959 xl_tag=0.1806 nlock=2667 tune=139311.059252
t= 4120.00 +4.72e-15 | 1.6533 16.10  21739    3 584775 585494 | 1.4216 14.49 | 6.75e-03 1.54e-02 |   0.9693 0.3006  1.1703  0.7293 0.500 13.00 | PAIR-CHANNEL-DEAD
# CONVTAG t=4120.00 rough=0.000000 cond=7.135258 evap=17.733636 backs=2.313083
# CANT t=4120.00 a_tag=0.5457 a_max=0.9964 xl_tag=0.1787 nlock=2664 tune=139989.007808
# QATOM t=4137.30 dir=FD w=1.50967294 e=0.276312697811 i=2614 Em=0.1160
t= 4140.00 +4.72e-15 | 1.6535 16.12  21758    1 587604 588374 | 1.4217 14.49 | 5.02e-03 1.47e-02 |   0.9538 0.2957  1.2218  0.7310 0.500 13.00 | PAIR-CHANNEL-DEAD
# CONVTAG t=4140.00 rough=0.000000 cond=7.135258 evap=17.733636 backs=2.313083
# CANT t=4140.00 a_tag=0.5607 a_max=0.9964 xl_tag=0.1766 nlock=2672 tune=140663.430780
t= 4160.00 +4.72e-15 | 1.6531 16.13  21779    2 590419 591144 | 1.4220 14.49 | 6.55e-03 1.91e-02 |   0.9090 0.2819  1.2199  0.6497 0.500 13.00 | PAIR-CHANNEL-DEAD
# CONVTAG t=4160.00 rough=0.000000 cond=7.135258 evap=17.733636 backs=2.313083
# CANT t=4160.00 a_tag=0.5437 a_max=0.9961 xl_tag=0.1748 nlock=2670 tune=141333.825227
t= 4180.00 +4.72e-15 | 1.6532 16.12  21757    2 593215 593925 | 1.4218 14.49 | 4.45e-03 1.45e-02 |   0.8737 0.2709  1.2656  0.6020 0.500 13.50 | PAIR-CHANNEL-DEAD
# CONVTAG t=4180.00 rough=0.000000 cond=7.135258 evap=17.733636 backs=2.313083
# CANT t=4180.00 a_tag=0.5448 a_max=0.9959 xl_tag=0.1718 nlock=2672 tune=142012.202590
# QATOM t=4199.58 dir=FD w=1.63766446 e=0.299738753822 i=2500 Em=0.0099
t= 4200.00 +4.72e-15 | 1.6533 16.14  21789    3 596064 596772 | 1.4222 14.49 | 5.39e-03 1.41e-02 |   0.8456 0.2622  1.3216  0.6014 0.500 13.50 | PAIR-CHANNEL-DEAD
# CONVTAG t=4200.00 rough=0.000000 cond=7.135258 evap=17.733636 backs=2.313083
# CANT t=4200.00 a_tag=0.5265 a_max=0.9968 xl_tag=0.1686 nlock=2672 tune=142689.580728
t= 4220.00 +4.72e-15 | 1.6531 16.11  21748    5 598736 599447 | 1.4216 14.48 | 4.65e-03 1.98e-02 |   0.9016 0.2796  1.3171  0.6873 0.500 13.50 | PAIR-CHANNEL-DEAD
# CONVTAG t=4220.00 rough=0.000000 cond=7.135258 evap=17.733636 backs=2.313083
# CANT t=4220.00 a_tag=0.5223 a_max=0.9960 xl_tag=0.1650 nlock=2672 tune=143375.514482
t= 4240.00 +4.72e-15 | 1.6530 16.10  21732    3 601468 602203 | 1.4214 14.49 | 1.25e-02 3.05e-02 |   0.6623 0.2054  1.2865  0.7537 0.500 14.50 | PAIR-CHANNEL-DEAD
# CONVTAG t=4240.00 rough=0.000000 cond=7.135258 evap=18.124159 backs=2.364021
# CANT t=4240.00 a_tag=0.5405 a_max=0.9963 xl_tag=0.1447 nlock=2670 tune=144064.549127
t= 4260.00 +4.72e-15 | 1.6528 16.11  21746    5 604301 605034 | 1.4216 14.49 | 9.80e-03 2.46e-02 |   0.7058 0.2189  1.2248  0.7851 0.500 14.00 | PAIR-CHANNEL-DEAD
# CONVTAG t=4260.00 rough=0.000000 cond=7.135258 evap=18.124159 backs=2.364021
# CANT t=4260.00 a_tag=0.6303 a_max=0.9969 xl_tag=0.1319 nlock=2668 tune=144757.720550
# QATOM t=4260.04 dir=DF w=2.53242213 e=0.463504625578 i=330 Em=0.5369
t= 4280.00 +4.85e-15 | 1.6530 16.12  21758    1 607155 607884 | 1.4218 14.50 | 6.83e-03 1.99e-02 |   0.6594 0.2045  1.2309  0.8340 0.500 14.50 | PAIR-CHANNEL-DEAD
# CONVTAG t=4280.00 rough=0.000000 cond=7.135258 evap=18.124159 backs=2.364021
# CANT t=4280.00 a_tag=0.6781 a_max=0.9973 xl_tag=0.1260 nlock=2670 tune=145454.368757
t= 4300.00 +4.85e-15 | 1.6530 16.12  21767    6 609982 610682 | 1.4219 14.50 | 7.03e-03 1.97e-02 |   0.7315 0.2268  1.2203  0.8429 0.500 14.50 | PAIR-CHANNEL-DEAD
# CONVTAG t=4300.00 rough=0.000000 cond=7.135258 evap=18.124159 backs=2.364021
# CANT t=4300.00 a_tag=0.7454 a_max=0.9961 xl_tag=0.1208 nlock=2678 tune=146150.561879
t= 4320.00 +4.99e-15 | 1.6530 16.11  21753    3 612810 613552 | 1.4218 14.50 | 3.83e-03 1.23e-02 |   0.6667 0.2067  1.2564  0.8096 0.500 14.00 | PAIR-CHANNEL-DEAD
# CONVTAG t=4320.00 rough=0.000000 cond=7.135258 evap=18.544953 backs=2.418907
# CANT t=4320.00 a_tag=0.7974 a_max=0.9956 xl_tag=0.1112 nlock=2679 tune=146852.337275
# QATOM t=4336.54 dir=FD w=1.40174736 e=0.256559273943 i=558 Em=0.1968
t= 4340.00 +4.99e-15 | 1.6535 16.12  21766    3 615635 616323 | 1.4221 14.51 | 5.42e-03 1.46e-02 |   0.6390 0.1981  1.2523  0.7655 0.500 14.50 | PAIR-CHANNEL-DEAD
# CONVTAG t=4340.00 rough=0.000000 cond=7.135258 evap=18.544953 backs=2.418907
# CANT t=4340.00 a_tag=0.8308 a_max=0.9966 xl_tag=0.1067 nlock=2675 tune=147548.385165
t= 4360.00 +4.99e-15 | 1.6532 16.12  21758    2 618242 618912 | 1.4220 14.51 | 7.37e-03 2.09e-02 |   0.6338 0.1965  1.2123  0.8121 0.500 13.00 | PAIR-CHANNEL-DEAD
# CONVTAG t=4360.00 rough=0.000000 cond=7.135258 evap=18.544953 backs=2.418907
# CANT t=4360.00 a_tag=0.8602 a_max=0.9971 xl_tag=0.1030 nlock=2675 tune=148240.508045
t= 4380.00 +5.12e-15 | 1.6534 16.14  21794    2 620737 621412 | 1.4224 14.51 | 6.07e-03 1.51e-02 |   0.6213 0.1926  1.1991  0.8532 0.500 13.50 | PAIR-CHANNEL-DEAD
# CONVTAG t=4380.00 rough=0.000000 cond=7.135258 evap=18.544953 backs=2.418907
# CANT t=4380.00 a_tag=0.8877 a_max=0.9962 xl_tag=0.0982 nlock=2678 tune=148940.731720
t= 4400.00 +5.12e-15 | 1.6533 16.13  21772    0 623295 623977 | 1.4221 14.51 | 7.27e-03 1.94e-02 |   0.6242 0.1936  1.1495  0.8543 0.500 13.50 | PAIR-CHANNEL-DEAD
# CONVTAG t=4400.00 rough=0.000000 cond=7.135258 evap=18.544953 backs=2.418907
# CANT t=4400.00 a_tag=0.9103 a_max=0.9949 xl_tag=0.0946 nlock=2673 tune=149637.018419
# QATOM t=4409.42 dir=DF w=2.45041442 e=0.44849490207 i=1612 Em=0.5331
t= 4420.00 +5.12e-15 | 1.6532 16.13  21769    7 626232 626907 | 1.4221 14.51 | 6.23e-03 1.77e-02 |   0.5853 0.1815  1.1712  0.8373 0.500 13.50 | PAIR-CHANNEL-DEAD
# CONVTAG t=4420.00 rough=0.000000 cond=7.135258 evap=18.976226 backs=2.475160
# CANT t=4420.00 a_tag=0.9083 a_max=0.9946 xl_tag=0.0871 nlock=2675 tune=150338.260063
t= 4440.00 +5.26e-15 | 1.6533 16.11  21751    4 629017 629668 | 1.4219 14.51 | 7.19e-03 1.31e-02 |   0.5898 0.1829  1.1924  0.8179 0.500 13.00 | PAIR-CHANNEL-DEAD
# CONVTAG t=4440.00 rough=0.000000 cond=7.135258 evap=18.976226 backs=2.475160
# CANT t=4440.00 a_tag=0.9121 a_max=0.9938 xl_tag=0.0845 nlock=2679 tune=151033.777799
t= 4460.00 +5.26e-15 | 1.6532 16.13  21776    3 632005 632637 | 1.4223 14.52 | 7.94e-03 1.64e-02 |   0.5626 0.1744  1.2419  0.8397 0.500 14.00 | PAIR-CHANNEL-DEAD
# CONVTAG t=4460.00 rough=0.000000 cond=7.135258 evap=18.976226 backs=2.475160
# CANT t=4460.00 a_tag=0.8964 a_max=0.9943 xl_tag=0.0816 nlock=2677 tune=151731.192228
# QATOM t=4477.08 dir=DF w=2.27488068 e=0.416367281341 i=945 Em=0.4226
t= 4480.00 +5.26e-15 | 1.6532 16.14  21790    6 634893 635551 | 1.4225 14.53 | 4.91e-03 1.45e-02 |   0.5507 0.1708  1.3326  0.8943 0.500 14.50 | PAIR-CHANNEL-DEAD
# CONVTAG t=4480.00 rough=0.000000 cond=7.135258 evap=18.976226 backs=2.475160
# CANT t=4480.00 a_tag=0.8983 a_max=0.9940 xl_tag=0.0787 nlock=2676 tune=152436.273271
t= 4500.00 +5.26e-15 | 1.6532 16.14  21793    3 637807 638442 | 1.4226 14.53 | 5.17e-03 1.38e-02 |   0.5655 0.1753  1.3434  0.9011 0.500 15.00 | PAIR-CHANNEL-DEAD
# CONVTAG t=4500.00 rough=0.000000 cond=7.135258 evap=18.976226 backs=2.475160
# CANT t=4500.00 a_tag=0.9061 a_max=0.9944 xl_tag=0.0763 nlock=2673 tune=153139.821901
t= 4520.00 +5.39e-15 | 1.6532 16.13  21775    2 640732 641378 | 1.4224 14.53 | 5.01e-03 1.56e-02 |   0.5290 0.1640  1.3477  0.9190 0.500 15.00 | PAIR-CHANNEL-DEAD
# CONVTAG t=4520.00 rough=0.000000 cond=7.135258 evap=18.976226 backs=2.475160
# CANT t=4520.00 a_tag=0.9120 a_max=0.9930 xl_tag=0.0739 nlock=2673 tune=153832.626358
t= 4540.00 +5.39e-15 | 1.6533 16.13  21775    6 643435 644067 | 1.4225 14.54 | 5.77e-03 1.45e-02 |   0.5195 0.1611  1.2826  1.0084 0.500 15.00 | PAIR-CHANNEL-DEAD
# CONVTAG t=4540.00 rough=0.000000 cond=7.135258 evap=18.976226 backs=2.475160
# CANT t=4540.00 a_tag=0.9026 a_max=0.9941 xl_tag=0.0715 nlock=2677 tune=154524.275574
# QATOM t=4554.64 dir=DF w=2.27121774 e=0.415696860494 i=394 Em=0.4322
t= 4560.00 +5.39e-15 | 1.6530 16.13  21770    7 646290 646894 | 1.4225 14.54 | 8.58e-03 2.25e-02 |   0.5336 0.1655  1.2656  0.9698 0.500 15.50 | PAIR-CHANNEL-DEAD
# CONVTAG t=4560.00 rough=0.000000 cond=7.135258 evap=18.976226 backs=2.475160
# CANT t=4560.00 a_tag=0.9043 a_max=0.9947 xl_tag=0.0699 nlock=2679 tune=155215.618218
t= 4580.00 +5.53e-15 | 1.6532 16.10  21739    5 649136 649743 | 1.4220 14.53 | 1.46e-02 3.78e-02 |   0.5161 0.1600  1.2853  0.9842 0.500 15.50 | PAIR-CHANNEL-DEAD
# CONVTAG t=4580.00 rough=0.000000 cond=7.135258 evap=18.976226 backs=2.475160
# CANT t=4580.00 a_tag=0.9045 a_max=0.9951 xl_tag=0.0689 nlock=2682 tune=155907.643536
t= 4600.00 +5.53e-15 | 1.6534 16.15  21799    8 651822 652447 | 1.4227 14.54 | 6.96e-03 1.94e-02 |   0.5376 0.1667  1.2589  1.0531 0.500 14.50 | PAIR-CHANNEL-DEAD
# CONVTAG t=4600.00 rough=0.000000 cond=7.135258 evap=18.976226 backs=2.475160
# CANT t=4600.00 a_tag=0.9159 a_max=0.9942 xl_tag=0.0668 nlock=2675 tune=156590.759862
# QATOM t=4614.38 dir=DF w=2.29805565 e=0.420608953062 i=2074 Em=0.4790
t= 4620.00 +5.53e-15 | 1.6533 16.12  21758    3 654425 655053 | 1.4222 14.53 | 4.56e-03 1.23e-02 |   0.5508 0.1708  1.2907  0.9824 0.500 15.50 | PAIR-CHANNEL-DEAD
# CONVTAG t=4620.00 rough=0.000000 cond=7.135258 evap=18.976226 backs=2.475160
# CANT t=4620.00 a_tag=0.9131 a_max=0.9921 xl_tag=0.0675 nlock=2667 tune=157279.860660
t= 4640.00 +5.66e-15 | 1.6535 16.13  21780    1 657131 657717 | 1.4224 14.52 | 7.37e-03 2.28e-02 |   0.5039 0.1563  1.3194  0.9773 0.500 16.00 | PAIR-CHANNEL-DEAD
# CONVTAG t=4640.00 rough=0.000000 cond=7.135258 evap=18.976226 backs=2.475160
# CANT t=4640.00 a_tag=0.9055 a_max=0.9926 xl_tag=0.0673 nlock=2669 tune=157970.196409
t= 4660.00 +5.66e-15 | 1.6535 16.11  21745    1 659781 660394 | 1.4220 14.53 | 7.99e-03 2.39e-02 |   0.5092 0.1579  1.3537  0.9391 0.500 16.00 | PAIR-CHANNEL-DEAD
# CONVTAG t=4660.00 rough=0.000000 cond=7.135258 evap=18.976226 backs=2.475160
# CANT t=4660.00 a_tag=0.9019 a_max=0.9935 xl_tag=0.0672 nlock=2670 tune=158655.682749
# QATOM t=4671.14 dir=FD w=1.5261825 e=0.279334412955 i=1510 Em=0.0388
t= 4680.00 +5.66e-15 | 1.6536 16.12  21762    3 662607 663226 | 1.4220 14.51 | 7.16e-03 2.31e-02 |   0.5149 0.1597  1.2993  1.1179 0.500 16.00 | PAIR-CHANNEL-DEAD
# CONVTAG t=4680.00 rough=0.000000 cond=7.135258 evap=18.976226 backs=2.475160
# CANT t=4680.00 a_tag=0.8965 a_max=0.9942 xl_tag=0.0672 nlock=2674 tune=159341.895560
t= 4700.00 +5.66e-15 | 1.6536 16.11  21748    3 665245 665849 | 1.4218 14.50 | 4.32e-03 1.31e-02 |   0.5285 0.1639  1.2847  0.9725 0.500 15.00 | PAIR-CHANNEL-DEAD
# CONVTAG t=4700.00 rough=0.000000 cond=7.135258 evap=18.976226 backs=2.475160
# CANT t=4700.00 a_tag=0.8933 a_max=0.9948 xl_tag=0.0671 nlock=2674 tune=160033.538284
t= 4720.00 +5.66e-15 | 1.6533 16.14  21789    9 667735 668355 | 1.4223 14.50 | 6.21e-03 1.76e-02 |   0.5164 0.1601  1.3017  0.9836 0.500 14.50 | PAIR-CHANNEL-DEAD
# CONVTAG t=4720.00 rough=0.000000 cond=7.135258 evap=18.976226 backs=2.475160
# CANT t=4720.00 a_tag=0.8903 a_max=0.9956 xl_tag=0.0684 nlock=2670 tune=160718.744790
# QATOM t=4729.26 dir=FD w=1.52349699 e=0.278842888303 i=143 Em=0.0714
t= 4740.00 +5.80e-15 | 1.6534 16.14  21783    3 670305 670962 | 1.4222 14.51 | 7.89e-03 1.97e-02 |   0.5147 0.1596  1.3013  0.9872 0.500 15.00 | PAIR-CHANNEL-DEAD
# CONVTAG t=4740.00 rough=0.000000 cond=7.135258 evap=18.976226 backs=2.475160
# CANT t=4740.00 a_tag=0.8875 a_max=0.9958 xl_tag=0.0697 nlock=2667 tune=161397.000364
t= 4760.00 +5.80e-15 | 1.6535 16.14  21788    2 673182 673846 | 1.4223 14.51 | 9.14e-03 1.80e-02 |   0.6058 0.1878  1.2372  1.0384 0.500 14.50 | PAIR-CHANNEL-DEAD
# CONVTAG t=4760.00 rough=0.000000 cond=7.135258 evap=18.976226 backs=2.475160
# CANT t=4760.00 a_tag=0.8792 a_max=0.9939 xl_tag=0.0732 nlock=2667 tune=162075.858384
t= 4780.00 +5.80e-15 | 1.6536 16.14  21793    6 675930 676579 | 1.4224 14.51 | 7.21e-03 2.36e-02 |   0.5809 0.1801  1.2356  1.0406 0.500 14.50 | PAIR-CHANNEL-DEAD
# CONVTAG t=4780.00 rough=0.000000 cond=7.135258 evap=18.976226 backs=2.475160
# CANT t=4780.00 a_tag=0.8820 a_max=0.9946 xl_tag=0.0758 nlock=2670 tune=162757.918779
# QATOM t=4788.04 dir=FD w=1.53408615 e=0.280781002673 i=787 Em=0.0718
t= 4800.00 +5.93e-15 | 1.6536 16.14  21787    3 678577 679244 | 1.4223 14.51 | 4.47e-03 1.22e-02 |   0.5971 0.1851  1.2263  1.2502 0.500 14.50 | PAIR-CHANNEL-DEAD
# CONVTAG t=4800.00 rough=0.000000 cond=7.135258 evap=18.976226 backs=2.475160
# CANT t=4800.00 a_tag=0.8805 a_max=0.9940 xl_tag=0.0773 nlock=2666 tune=163435.939033
t= 4820.00 +5.93e-15 | 1.6536 16.10  21736    2 681154 681814 | 1.4219 14.52 | 5.33e-03 2.02e-02 |   0.5808 0.1801  1.2308  1.0746 0.500 14.50 | PAIR-CHANNEL-DEAD
# CONVTAG t=4820.00 rough=0.000000 cond=7.135258 evap=18.976226 backs=2.475160
# CANT t=4820.00 a_tag=0.8775 a_max=0.9946 xl_tag=0.0793 nlock=2671 tune=164109.544503
t= 4840.00 +5.93e-15 | 1.6539 16.13  21776    5 683815 684449 | 1.4223 14.52 | 5.60e-03 1.60e-02 |   0.5611 0.1740  1.2459  1.0896 0.500 14.50 | PAIR-CHANNEL-DEAD
# CONVTAG t=4840.00 rough=0.000000 cond=7.135258 evap=18.976226 backs=2.475160
# CANT t=4840.00 a_tag=0.8889 a_max=0.9940 xl_tag=0.0803 nlock=2669 tune=164776.095853
# QATOM t=4842.74 dir=FD w=1.46318753 e=0.267804557293 i=2563 Em=0.0690
t= 4860.00 +5.93e-15 | 1.6536 16.12  21758    4 686567 687177 | 1.4222 14.53 | 5.27e-03 1.40e-02 |   0.6242 0.1936  1.2376  1.0421 0.500 14.00 | PAIR-CHANNEL-DEAD
# CONVTAG t=4860.00 rough=0.000000 cond=7.135258 evap=18.976226 backs=2.475160
# CANT t=4860.00 a_tag=0.9005 a_max=0.9939 xl_tag=0.0819 nlock=2670 tune=165444.956079
t= 4880.00 +6.07e-15 | 1.6534 16.14  21788    1 689115 689771 | 1.4226 14.54 | 6.30e-03 1.98e-02 |   0.6220 0.1929  1.2613  1.0609 0.500 13.50 | PAIR-CHANNEL-DEAD
# CONVTAG t=4880.00 rough=0.000000 cond=7.392005 evap=19.427477 backs=2.534019
# CANT t=4880.00 a_tag=0.8937 a_max=0.9931 xl_tag=0.0825 nlock=2680 tune=166116.911389
t= 4900.00 +6.07e-15 | 1.6535 16.14  21785    5 691976 692632 | 1.4225 14.53 | 1.44e-02 3.82e-02 |   0.5692 0.1765  1.2639  1.1443 0.500 13.50 | PAIR-CHANNEL-DEAD
# CONVTAG t=4900.00 rough=0.000000 cond=7.392005 evap=19.427477 backs=2.534019
# CANT t=4900.00 a_tag=0.8836 a_max=0.9932 xl_tag=0.0823 nlock=2675 tune=166791.557148
# QATOM t=4901.94 dir=FD w=1.50692881 e=0.275810445084 i=1977 Em=0.1103
t= 4920.00 +6.20e-15 | 1.6534 16.12  21766    2 694787 695424 | 1.4222 14.52 | 5.63e-03 1.52e-02 |   0.4971 0.1541  1.2691  1.0948 0.500 13.50 | PAIR-CHANNEL-DEAD
# CONVTAG t=4920.00 rough=0.000000 cond=7.392005 evap=19.427477 backs=2.534019
# CANT t=4920.00 a_tag=0.9044 a_max=0.9947 xl_tag=0.0785 nlock=2668 tune=167464.664320
t= 4940.00 +6.20e-15 | 1.6533 16.12  21768    1 697441 698091 | 1.4222 14.52 | 5.13e-03 1.50e-02 |   0.4507 0.1398  1.3181  1.1132 0.500 14.50 | PAIR-CHANNEL-DEAD
# CONVTAG t=4940.00 rough=0.000000 cond=7.392005 evap=19.427477 backs=2.534019
# CANT t=4940.00 a_tag=0.9245 a_max=0.9959 xl_tag=0.0745 nlock=2666 tune=168143.492841
t= 4960.00 +6.20e-15 | 1.6533 16.13  21773    4 700029 700655 | 1.4225 14.55 | 1.59e-02 4.02e-02 |   0.3784 0.1173  1.3253  1.0906 0.500 14.50 | PAIR-CHANNEL-DEAD
# CONVTAG t=4960.00 rough=0.000000 cond=7.392005 evap=19.427477 backs=2.534019
# CANT t=4960.00 a_tag=0.9371 a_max=0.9963 xl_tag=0.0684 nlock=2666 tune=168820.930910
# QATOM t=4964.40 dir=FD w=1.54272231 e=0.282361664081 i=1131 Em=0.1156
