# cellfab — v89 cell-fabric kernel (no lattice, no prior code)
# cfg seed=20260727 mode=field init=blob
# cfg L=24 dmin=1 r0=0.85 rjit=0.06
# cfg C=1 w1=1.65 w2=2.9 q_detune=1.2 gamma_res=0.25 gamma_res_m=0.1 p_gate=8
# cfg lock_floor=0.005
# cfg k_dep=1.2 k_dep_m=2 cap=2.5 e_s0=1 es_floor=0.05
# cfg e_cond=0 f_conv=0.25 f_evap=0.5 s_pull=0.15
# cfg kappa_lock=1 kappa_align=0.5 kappa_freq=0 kappa_reac=0 sigma_tumble=0.01
# cfg space: s_k=0.06 s_disp=0.3 es_gx=0
# cfg dt=0.02 T=160 diag_every=50 snap_every=0
# cfg center=(-1,-1,-1) amp=1.6 sigma=2.2 k=(0,0,0) prealign=0 noise_amp=0
# cfg music: comb_limit=6 rough_k=0.35 gamma_rough=0.5 mob_sym=1 mob_floor=0.004
# cfg field sector: two-component signed amplitude, unitary hops, field_J=1.8
# action atom: A0=1.1500 (dbar=1.5053) mode=2 — eps(w)=A0*w/2pi; atoms at mode boundaries, transport continuous
# edge coloring: 29 colors for 85886 links
# edge_sink: margin=1.6 cells=3853
# fabric: cells=9741 channels=85886 mean_degree=17.63 box=24 dmin=1
# t	E_space	E_dense	E_field	E_transfer	E_total	rel_drift	live_ch	cm_x	cm_y	cm_z	contain	front_r	r_core	defA	r_far	r_ratio	w_core	w_far
0.000	9714.46359	203.445818	0	0	9917.90940713	0.000e+00	57535	12.017	11.997	11.985	0.906	0.0000	0.7904	0	0.8498	0.9302	0.99690	1.65000	0.0000	0.0000	0.0000	0	0	0	0	0	0
# CONV t=0.00 cond=0 evap=0 rough=0 back_s=0
# RAD t=0.00 0.75:0,0,0.7904,16.07 2.25:0,0,0.8680,67.81 3.75:0,0,0.9460,71.17 5.25:0,0,0.9858,36.91 6.75:0,0,0.9976,10.35 8.25:0,0,0.9998,1.137 9.75:0,0,1.0000,0 11.25:0,0,1.0000,0
1.000	9714.46359	203.146153	0	0.299665025	9917.90940713	0.000e+00	57538	12.017	11.996	11.985	0.907	0.0000	0.7881	-0.37304	0.8498	0.9274	0.99690	1.65000	0.0000	0.0000	0.0000	0.0048267	-0.0022244	-0.011842	0	0	0
# CONV t=1.00 cond=0 evap=0 rough=0 back_s=0
# RAD t=1.00 0.75:0.03377,0,0.7812,16.07 2.25:0.2991,0,0.8629,67.81 3.75:0.6656,0,0.9455,71.17 5.25:0.4849,0,0.9865,36.91 6.75:0.1921,0,0.9980,10.26 8.25:0.04018,0,0.9999,0.9317 9.75:0.0007984,0,1.0000,0 11.25:5.445e-06,0,1.0000,0
2.000	9714.46359	202.975793	0	0.470025134	9917.90940713	0.000e+00	57538	12.017	11.996	11.984	0.908	0.0000	0.7859	-0.71842	0.8498	0.9248	0.99690	1.64999	0.0000	0.0000	0.0000	0.01002	0.022241	-0.0034843	0	0	0
# CONV t=2.00 cond=0 evap=0 rough=0 back_s=0
# RAD t=2.00 0.75:0.03133,0,0.7727,16.07 2.25:0.2815,0,0.8582,67.81 3.75:0.6311,0,0.9450,71.17 5.25:0.4809,0,0.9871,36.91 6.75:0.2058,0,0.9983,10.12 8.25:0.03824,0,1.0000,0.8721 9.75:0.004466,0,1.0000,0.02606 11.25:6.37e-05,0,1.0000,0
3.000	9714.46359	202.836832	0	0.608986472	9917.90940713	-1.834e-16	57535	12.018	11.995	11.984	0.909	0.0000	0.7837	-1.0612	0.8498	0.9223	0.99689	1.64998	0.0000	0.0000	0.0000	-0.0021263	0.0080111	-0.0028777	0	0	0
# CONV t=3.00 cond=0 evap=0 rough=0 back_s=0
# RAD t=3.00 0.75:0.02936,0,0.7647,16.07 2.25:0.2658,0,0.8538,67.8 3.75:0.6006,0,0.9444,71.16 5.25:0.477,0,0.9877,36.91 6.75:0.2167,0,0.9986,10 8.25:0.04064,0,1.0001,0.8328 9.75:0.00644,0,1.0000,0.06514 11.25:0.0003178,0,1.0000,0.0008862
4.000	9714.46359	202.65991	0	0.7859083	9917.90940713	-1.834e-16	57536	12.018	11.996	11.984	0.909	0.0000	0.7817	-1.3954	0.8498	0.9199	0.99676	1.64997	0.0000	0.0000	0.0000	-0.0085342	0.005622	-0.013912	0	0	0
# CONV t=4.00 cond=0 evap=0 rough=0 back_s=0
# RAD t=4.00 0.75:0.02791,0,0.7571,16.07 2.25:0.2518,0,0.8496,67.77 3.75:0.5731,0,0.9437,71.14 5.25:0.473,0,0.9882,36.91 6.75:0.226,0,0.9990,9.91 8.25:0.04446,0,1.0002,0.7742 9.75:0.008913,0,1.0000,0.0894 11.25:0.0007346,0,1.0000,0.003913
5.000	9714.46359	202.438268	0	1.00755024	9917.90940713	-1.834e-16	57537	12.019	11.996	11.984	0.909	0.0000	0.7797	-1.7163	0.8498	0.9176	0.99607	1.64996	0.0000	0.0000	0.0000	-0.014843	-0.019026	-0.014135	0	0	0
# CONV t=5.00 cond=0 evap=0 rough=0 back_s=0
# RAD t=5.00 0.75:0.02702,0,0.7499,16.09 2.25:0.2403,0,0.8456,67.71 3.75:0.5464,0,0.9430,71 5.25:0.4685,0,0.9887,36.91 6.75:0.2335,0,0.9993,9.847 8.25:0.05039,0,1.0003,0.7577 9.75:0.01036,0,1.0000,0.1167 11.25:0.001264,0,1.0000,0.008087
6.000	9714.46359	201.914857	0	1.53096144	9917.90940713	-1.834e-16	57534	12.018	11.996	11.984	0.909	0.0000	0.7778	-2.0351	0.8498	0.9153	0.99405	1.64995	0.0000	0.0000	0.0000	-0.030952	-0.017858	-0.029643	0	0	0
# CONV t=6.00 cond=0 evap=0 rough=0 back_s=0
# RAD t=6.00 0.75:0.02684,0,0.7431,16.14 2.25:0.2339,0,0.8417,67.69 3.75:0.5178,0,0.9424,70.53 5.25:0.4626,0,0.9891,36.9 6.75:0.2403,0,0.9996,9.802 8.25:0.05677,0,1.0004,0.7027 9.75:0.01182,0,1.0001,0.1396 11.25:0.001785,0,1.0000,0.01402
7.000	9714.46359	201.159052	0	2.28676577	9917.90940713	-1.834e-16	57530	12.019	11.996	11.984	0.909	0.0000	0.7759	-2.3412	0.8498	0.9131	0.99025	1.64994	0.0000	0.0000	0.0000	-0.026113	-0.019104	-0.05505	0	0	0
# CONV t=7.00 cond=0 evap=0 rough=0 back_s=0
# RAD t=7.00 0.75:0.02735,0,0.7364,16.28 2.25:0.2348,0,0.8380,67.82 3.75:0.4862,0,0.9418,69.49 5.25:0.4536,0,0.9895,36.97 6.75:0.2465,0,1.0000,9.785 8.25:0.06372,0,1.0005,0.6429 9.75:0.01338,0,1.0001,0.1491 11.25:0.002373,0,1.0000,0.02143
8.000	9714.46359	200.274836	0	3.17098242	9917.90940713	-1.834e-16	57532	12.019	11.996	11.985	0.909	0.0000	0.7740	-2.6212	0.8498	0.9108	0.98510	1.64993	0.0000	0.0000	0.0000	0.016896	-0.038699	-0.032764	0	0	0
# CONV t=8.00 cond=0 evap=0 rough=0 back_s=0
# RAD t=8.00 0.75:0.02862,0,0.7299,16.54 2.25:0.2412,0,0.8341,68.27 3.75:0.4577,0,0.9415,67.88 5.25:0.4381,0,0.9897,37.02 6.75:0.2525,0,1.0003,9.761 8.25:0.07038,0,1.0006,0.6223 9.75:0.01521,0,1.0001,0.152 11.25:0.002959,0,1.0000,0.02782
9.000	9714.46359	199.292569	0	4.15324961	9917.90940713	-1.834e-16	57535	12.020	11.994	11.986	0.908	0.0000	0.7720	-2.855	0.8498	0.9085	0.97987	1.64993	0.0000	0.0000	0.0000	-0.064569	0.036029	-0.0031894	0	0	0
# CONV t=9.00 cond=0 evap=0 rough=0 back_s=0
# RAD t=9.00 0.75:0.03088,0,0.7230,16.89 2.25:0.2461,0,0.8300,68.82 3.75:0.4402,0,0.9416,65.99 5.25:0.4123,0,0.9898,37.01 6.75:0.2601,0,1.0006,9.787 8.25:0.07718,0,1.0007,0.6032 9.75:0.01725,0,1.0001,0.1505 11.25:0.003519,0,1.0000,0.03393
10.000	9714.46359	197.763925	0	5.68189356	9917.90940713	-1.834e-16	57534	12.018	11.993	11.989	0.905	0.0000	0.7700	-3.1143	0.8498	0.9061	0.97648	1.64992	0.0000	0.0000	0.0000	0.031422	-0.029258	-0.044895	0	0	0
# CONV t=10.00 cond=0 evap=0 rough=0 back_s=0
# RAD t=10.00 0.75:0.03377,0,0.7155,17.1 2.25:0.245,0,0.8260,68.98 3.75:0.4363,0,0.9418,64.07 5.25:0.3764,0,0.9897,36.93 6.75:0.2679,0,1.0009,9.894 8.25:0.08392,0,1.0009,0.5723 9.75:0.01944,0,1.0001,0.1717 11.25:0.004085,0,1.0000,0.03641
11.000	9714.46359	196.50889	0	6.93692841	9917.90940713	-1.834e-16	57533	12.015	11.992	11.988	0.903	0.0000	0.7681	-3.3824	0.8498	0.9039	0.97529	1.64992	0.0000	0.0000	0.0000	0.067365	-0.032056	-0.10038	0	0	0
# CONV t=11.00 cond=0 evap=0 rough=0 back_s=0
# RAD t=11.00 0.75:0.03753,0,0.7071,17.49 2.25:0.2365,0,0.8224,68.8 3.75:0.4402,0,0.9422,62.5 5.25:0.3297,0,0.9896,36.9 6.75:0.278,0,1.0012,9.993 8.25:0.09107,0,1.0010,0.5907 9.75:0.02163,0,1.0002,0.1805 11.25:0.00475,0,1.0000,0.0434
12.000	9714.46359	194.6032	0	8.8426184	9917.90940713	-1.834e-16	57534	12.019	11.987	11.982	0.897	0.0000	0.7663	-3.63	0.8498	0.9017	0.97635	1.64991	0.0000	0.0000	0.0000	0.16447	0.039769	0.038119	0	0	0
# CONV t=12.00 cond=0 evap=0 rough=0 back_s=0
# RAD t=12.00 0.75:0.04177,0,0.6976,17.9 2.25:0.2215,0,0.8194,67.89 3.75:0.4435,0,0.9427,60.94 5.25:0.2744,0,0.9894,36.71 6.75:0.2919,0,1.0015,10.36 8.25:0.09842,0,1.0011,0.56 9.75:0.02418,0,1.0002,0.185 11.25:0.005423,0,1.0000,0.04466
13.000	9714.46359	193.149724	0	10.2960943	9917.90940713	-1.834e-16	57534	12.023	11.981	11.992	0.888	0.0000	0.7644	-3.8348	0.8498	0.8996	0.98085	1.64991	0.0000	0.0000	0.0000	0.27369	0.14267	-0.35534	0	0	0
# CONV t=13.00 cond=0 evap=0 rough=0 back_s=0
# RAD t=13.00 0.75:0.04602,0,0.6867,18.28 2.25:0.2006,0,0.8173,66.06 3.75:0.4381,0,0.9429,60.25 5.25:0.2185,0,0.9890,36.83 6.75:0.3102,0,1.0018,10.91 8.25:0.1065,0,1.0012,0.5687 9.75:0.02678,0,1.0002,0.1949 11.25:0.006154,0,1.0000,0.04727
14.000	9714.46359	190.080681	0	13.365137	9917.90940713	-1.834e-16	57531	12.024	11.982	11.993	0.880	0.0000	0.7628	-4.0301	0.8498	0.8976	0.99169	1.64990	0.0000	0.0000	0.0000	-0.15696	-0.071768	0.1888	0	0	0
# CONV t=14.00 cond=0 evap=0 rough=0 back_s=0
# RAD t=14.00 0.75:0.05201,0,0.6740,18.49 2.25:0.1632,0,0.8168,63.25 3.75:0.4359,0,0.9427,59.94 5.25:0.167,0,0.9887,36.17 6.75:0.3327,0,1.0020,11.48 8.25:0.1159,0,1.0014,0.5198 9.75:0.02967,0,1.0002,0.1732 11.25:0.006952,0,1.0000,0.05246
15.000	9714.46359	189.512309	0	13.9335093	9917.90940713	-1.834e-16	57531	12.035	11.984	11.988	0.870	0.0000	0.7615	-4.0659	0.8498	0.8961	1.00765	1.64990	0.0000	0.0000	0.0000	0.48066	-0.2885	0.11166	0	0	0
# CONV t=15.00 cond=0 evap=0 rough=0 back_s=0
# RAD t=15.00 0.75:0.05641,0,0.6605,18.61 2.25:0.1204,0,0.8172,61.15 3.75:0.4211,0,0.9421,60.56 5.25:0.1446,0,0.9886,36.1 6.75:0.343,0,1.0022,12.31 8.25:0.1257,0,1.0015,0.5391 9.75:0.03287,0,1.0003,0.1733 11.25:0.007782,0,1.0000,0.0543
16.000	9714.46359	189.21431	0	14.2315079	9917.90940713	-1.834e-16	57519	12.044	12.009	11.982	0.866	0.0000	0.7604	-3.9085	0.8498	0.8948	1.02179	1.64990	0.0000	0.0000	0.0000	0.22793	-0.0090345	0.15038	0	0	0
# CONV t=16.00 cond=0 evap=0 rough=0 back_s=0
# RAD t=16.00 0.75:0.05687,0,0.6469,18.72 2.25:0.07885,0,0.8185,59.36 3.75:0.3874,0,0.9410,61.84 5.25:0.1501,0,0.9886,35.48 6.75:0.3435,0,1.0022,12.99 8.25:0.1362,0,1.0017,0.5636 9.75:0.03637,0,1.0003,0.1735 11.25:0.008678,0,1.0001,0.0635
17.000	9714.46359	188.189967	0	15.2558513	9917.90940713	-1.834e-16	57521	12.059	11.990	12.005	0.861	0.0000	0.7597	-3.5057	0.8498	0.8939	1.03462	1.64989	0.0000	0.0000	0.0000	0.27157	-0.24474	0.090448	0	0	0
# CONV t=17.00 cond=0 evap=0 rough=0 back_s=0
# RAD t=17.00 0.75:0.05598,0,0.6344,18.7 2.25:0.05529,0,0.8200,58.61 3.75:0.3665,0,0.9397,61.97 5.25:0.1584,0,0.9887,34.3 6.75:0.3298,0,1.0022,13.76 8.25:0.1467,0,1.0019,0.5855 9.75:0.04021,0,1.0004,0.199 11.25:0.009666,0,1.0001,0.05996
18.000	9714.46359	189.107474	0	14.3383438	9917.90940713	0.000e+00	57522	12.063	11.979	11.995	0.857	0.0000	0.7595	-3.1491	0.8498	0.8938	1.04665	1.64989	0.0000	0.0000	0.0000	0.087403	0.093923	0.82873	0	0	0
# CONV t=18.00 cond=0 evap=0 rough=0 back_s=0
# RAD t=18.00 0.75:0.05536,0,0.6231,18.54 2.25:0.04171,0,0.8208,58.95 3.75:0.3168,0,0.9385,62.21 5.25:0.1745,0,0.9890,33.9 6.75:0.3127,0,1.0021,14.61 8.25:0.1565,0,1.0020,0.6216 9.75:0.04419,0,1.0004,0.1937 11.25:0.01075,0,1.0001,0.06099
19.000	9714.46359	187.792989	0	15.6528294	9917.90940713	-1.834e-16	57520	12.060	11.968	12.005	0.855	0.0000	0.7597	-2.8877	0.8498	0.8940	1.05398	1.64988	0.0000	0.0000	0.0000	0.14171	0.41216	0.58233	0	0	0
# CONV t=19.00 cond=0 evap=0 rough=0 back_s=0
# RAD t=19.00 0.75:0.05035,0,0.6143,18.23 2.25:0.03592,0,0.8206,58.62 3.75:0.2874,0,0.9374,61.9 5.25:0.1883,0,0.9895,32.94 6.75:0.2902,0,1.0020,15.21 8.25:0.1665,0,1.0022,0.6149 9.75:0.04854,0,1.0004,0.2083 11.25:0.01195,0,1.0001,0.05959
20.000	9714.46359	186.855131	0	16.5906875	9917.90940713	-1.834e-16	57520	12.074	11.995	12.011	0.852	0.0000	0.7596	-2.5945	0.8498	0.8939	1.05480	1.64988	0.0000	0.0000	0.0000	0.22288	0.1139	0.41057	0	0	0
# CONV t=20.00 cond=0 evap=0 rough=0 back_s=0
# RAD t=20.00 0.75:0.04231,0,0.6082,18.04 2.25:0.04692,0,0.8200,58.58 3.75:0.2736,0,0.9365,61.68 5.25:0.1898,0,0.9900,31.7 6.75:0.2671,0,1.0017,15.9 8.25:0.1742,0,1.0024,0.6549 9.75:0.0531,0,1.0005,0.2098 11.25:0.01325,0,1.0001,0.06891
21.000	9714.46359	186.80519	0	16.6406282	9917.90940713	-1.834e-16	57522	12.076	11.997	12.020	0.849	0.0000	0.7594	-2.2882	0.8498	0.8936	1.05299	1.64987	0.0000	0.0000	0.0000	-0.053131	-0.2089	-0.018644	0	0	0
# CONV t=21.00 cond=0 evap=0 rough=0 back_s=0
# RAD t=21.00 0.75:0.0351,0,0.6038,17.93 2.25:0.06101,0,0.8187,59.24 3.75:0.2663,0,0.9357,61.07 5.25:0.1934,0,0.9905,30.84 6.75:0.2436,0,1.0015,16.68 8.25:0.1815,0,1.0026,0.7381 9.75:0.05761,0,1.0005,0.2225 11.25:0.01466,0,1.0001,0.0702
22.000	9714.46359	186.468977	0	16.9768414	9917.90940713	0.000e+00	57517	12.072	11.993	12.019	0.848	0.0000	0.7589	-2.2379	0.8498	0.8930	1.04876	1.64987	0.0000	0.0000	0.0000	0.17884	-0.21598	-0.085381	0	0	0
# CONV t=22.00 cond=0 evap=0 rough=0 back_s=0
# RAD t=22.00 0.75:0.02922,0,0.6005,17.81 2.25:0.0755,0,0.8169,59.78 3.75:0.2487,0,0.9351,60.81 5.25:0.2013,0,0.9910,29.82 6.75:0.2246,0,1.0012,17.12 8.25:0.1873,0,1.0027,0.7778 9.75:0.06218,0,1.0006,0.2415 11.25:0.01623,0,1.0001,0.07604
23.000	9714.46359	184.880233	0	18.5655849	9917.90940713	0.000e+00	57515	12.080	11.996	12.020	0.848	0.0000	0.7582	-2.3068	0.8498	0.8922	1.04396	1.64986	0.0000	0.0000	0.0000	-0.26181	-0.15577	-0.35759	0	0	0
# CONV t=23.00 cond=0 evap=0 rough=0 back_s=0
# RAD t=23.00 0.75:0.02394,0,0.5982,17.64 2.25:0.08898,0,0.8145,60.17 3.75:0.2452,0,0.9347,60.15 5.25:0.2035,0,0.9916,28.37 6.75:0.2082,0,1.0010,17.42 8.25:0.1916,0,1.0029,0.7679 9.75:0.0669,0,1.0007,0.2523 11.25:0.01788,0,1.0001,0.08006
24.000	9714.46359	187.281358	0	16.1644606	9917.90940713	-1.834e-16	57513	12.069	11.990	11.995	0.845	0.0000	0.7574	-2.3588	0.8498	0.8912	1.04068	1.64985	0.0000	0.0000	0.0000	-0.17957	-0.41976	-0.0094933	0	0	0
# CONV t=24.00 cond=0 evap=0 rough=0 back_s=0
# RAD t=24.00 0.75:0.01946,0,0.5969,17.47 2.25:0.09618,0,0.8122,60.18 3.75:0.2392,0,0.9343,61.07 5.25:0.2026,0,0.9921,28.97 6.75:0.193,0,1.0007,18.25 8.25:0.1961,0,1.0030,0.9581 9.75:0.07168,0,1.0007,0.2758 11.25:0.01963,0,1.0001,0.0747
25.000	9714.46359	184.06768	0	19.378138	9917.90940713	0.000e+00	57520	12.090	11.984	12.005	0.845	0.0000	0.7564	-2.4697	0.8498	0.8901	1.03668	1.64984	0.0000	0.0000	0.0000	-0.15091	-0.076382	0.12585	0	0	0
# CONV t=25.00 cond=0 evap=0 rough=0 back_s=0
# RAD t=25.00 0.75:0.01553,0,0.5968,17.03 2.25:0.09645,0,0.8100,60.5 3.75:0.2421,0,0.9340,59.3 5.25:0.2013,0,0.9925,27.47 6.75:0.1776,0,1.0004,18.37 8.25:0.1994,0,1.0031,1.018 9.75:0.07618,0,1.0008,0.2694 11.25:0.02158,0,1.0002,0.08482
26.000	9714.46359	186.184395	0	17.2614228	9917.90940713	-1.834e-16	57520	12.089	11.999	12.003	0.843	0.0000	0.7553	-2.737	0.8498	0.8887	1.03215	1.64983	0.0000	0.0000	0.0000	0.16117	-0.2945	-0.068132	0	0	0
# CONV t=26.00 cond=0 evap=0 rough=0 back_s=0
# RAD t=26.00 0.75:0.009264,0,0.5986,16.97 2.25:0.1045,0,0.8073,61.12 3.75:0.2466,0,0.9338,59.3 5.25:0.1892,0,0.9927,28.26 6.75:0.1598,0,1.0002,18.93 8.25:0.201,0,1.0032,1.17 9.75:0.08059,0,1.0008,0.2956 11.25:0.0236,0,1.0002,0.09688
27.000	9714.46359	184.077272	0	19.3685461	9917.90940713	-1.834e-16	57518	12.075	11.988	12.005	0.845	0.0000	0.7539	-2.979	0.8498	0.8870	1.02635	1.64982	0.0000	0.0000	0.0000	0.10028	-0.10633	0.024311	0	0	0
# CONV t=27.00 cond=0 evap=0 rough=0 back_s=0
# RAD t=27.00 0.75:0.007233,0,0.6000,16.93 2.25:0.1037,0,0.8049,61.11 3.75:0.2453,0,0.9337,58.62 5.25:0.1921,0,0.9929,27 6.75:0.1443,0,1.0000,18.84 8.25:0.2039,0,1.0034,1.166 9.75:0.08502,0,1.0009,0.2723 11.25:0.02574,0,1.0002,0.1105
28.000	9714.46359	182.32128	0	21.124538	9917.90940713	-1.834e-16	57521	12.066	11.991	12.001	0.850	0.0000	0.7523	-3.2025	0.8498	0.8853	1.02307	1.64981	0.0000	0.0000	0.0000	0.12327	-0.32992	-0.060737	0	0	0
# CONV t=28.00 cond=0 evap=0 rough=0 back_s=0
# RAD t=28.00 0.75:0.005191,0,0.6007,17 2.25:0.1017,0,0.8027,61.28 3.75:0.242,0,0.9336,58.35 5.25:0.1866,0,0.9932,25.84 6.75:0.1293,0,0.9999,18.21 8.25:0.2039,0,1.0034,1.173 9.75:0.08941,0,1.0010,0.3126 11.25:0.0279,0,1.0002,0.1217
29.000	9714.46359	181.717789	0	21.7280296	9917.90940713	-1.834e-16	57523	12.042	11.981	12.000	0.848	0.0000	0.7508	-3.3763	0.8499	0.8835	1.01779	1.64980	0.0000	0.0000	0.0000	0.18226	-0.14208	-0.59684	0	0	0
# CONV t=29.00 cond=0 evap=0 rough=0 back_s=0
# RAD t=29.00 0.75:0.00307,0,0.6000,17.2 2.25:0.1068,0,0.8007,60.59 3.75:0.2353,0,0.9334,58.26 5.25:0.1795,0,0.9934,25.79 6.75:0.1181,0,0.9997,18.11 8.25:0.2014,0,1.0035,1.273 9.75:0.09322,0,1.0010,0.3434 11.25:0.03014,0,1.0002,0.1141
30.000	9714.46359	181.300067	0	22.1457511	9917.90940713	-1.834e-16	57528	12.062	11.979	11.987	0.851	0.0000	0.7493	-3.3026	0.8499	0.8817	1.01364	1.64979	0.0000	0.0000	0.0000	0.20353	-0.19618	0.20986	0	0	0
# CONV t=30.00 cond=0 evap=0 rough=0 back_s=0
# RAD t=30.00 0.75:0.0005853,0,0.5971,17.63 2.25:0.1167,0,0.7992,60.69 3.75:0.2098,0,0.9332,58.01 5.25:0.1828,0,0.9935,25.29 6.75:0.1098,0,0.9996,17.82 8.25:0.1963,0,1.0036,1.346 9.75:0.09667,0,1.0011,0.3565 11.25:0.03254,0,1.0003,0.1162
31.000	9714.46359	179.593111	0	23.8527077	9917.90940713	-1.834e-16	57539	12.072	11.962	11.970	0.853	0.0000	0.7480	-3.1447	0.8499	0.8801	1.01925	1.64977	0.0000	0.0000	0.0000	0.41302	-0.1449	0.020967	0	0	0
# CONV t=31.00 cond=0 evap=0 rough=0 back_s=0
# RAD t=31.00 0.75:-0.001626,0,0.5929,17.71 2.25:0.1195,0,0.7978,60.9 3.75:0.1918,0,0.9331,57.04 5.25:0.19,0,0.9936,24.56 6.75:0.09903,0,0.9996,17.34 8.25:0.1905,0,1.0036,1.462 9.75:0.09993,0,1.0012,0.4021 11.25:0.03501,0,1.0003,0.1233
32.000	9714.46359	180.496087	0	22.9497316	9917.90940713	-1.834e-16	57541	12.080	11.988	11.974	0.852	0.0000	0.7469	-3.0355	0.8499	0.8789	1.02129	1.64976	0.0000	0.0000	0.0000	-0.11663	0.25738	-0.077476	0	0	0
# CONV t=32.00 cond=0 evap=0 rough=0 back_s=0
# RAD t=32.00 0.75:-0.002669,0,0.5887,17.81 2.25:0.1142,0,0.7963,60.64 3.75:0.1978,0,0.9333,57.04 5.25:0.1872,0,0.9936,25.22 6.75:0.09026,0,0.9995,17.39 8.25:0.1837,0,1.0036,1.699 9.75:0.1025,0,1.0012,0.4795 11.25:0.03728,0,1.0003,0.1419
33.000	9714.46359	180.342658	0	23.1031601	9917.90940713	-1.834e-16	57545	12.069	12.002	11.975	0.852	0.0000	0.7461	-3.2165	0.8499	0.8779	1.02287	1.64975	0.0000	0.0000	0.0000	0.34861	-0.027842	-0.12422	0	0	0
# CONV t=33.00 cond=0 evap=0 rough=0 back_s=0
# RAD t=33.00 0.75:-0.003094,0,0.5838,17.78 2.25:0.09996,0,0.7949,60.83 3.75:0.1944,0,0.9334,56.76 5.25:0.1879,0,0.9937,25.21 6.75:0.08511,0,0.9995,17.26 8.25:0.177,0,1.0036,1.78 9.75:0.1049,0,1.0013,0.5067 11.25:0.03964,0,1.0003,0.1554
34.000	9714.46359	176.54942	0	26.8963984	9917.90940713	-1.834e-16	57542	12.085	11.995	11.994	0.858	0.0000	0.7453	-3.5512	0.8499	0.8769	1.02376	1.64973	0.0000	0.0000	0.0000	-0.047502	0.14522	-0.15153	0	0	0
# CONV t=34.00 cond=0 evap=0 rough=0 back_s=0
# RAD t=34.00 0.75:-0.003859,0,0.5787,17.84 2.25:0.09613,0,0.7935,60.38 3.75:0.1894,0,0.9334,56 5.25:0.1948,0,0.9937,23.54 6.75:0.09055,0,0.9994,16.37 8.25:0.1703,0,1.0036,1.667 9.75:0.1073,0,1.0013,0.511 11.25:0.04193,0,1.0004,0.1679
35.000	9714.46359	179.01975	0	24.4260681	9917.90940713	-1.834e-16	57540	12.052	11.985	11.994	0.854	0.0000	0.7445	-3.8936	0.8499	0.8760	1.02484	1.64971	0.0000	0.0000	0.0000	-0.11724	0.10178	-0.19364	0	0	0
# CONV t=35.00 cond=0 evap=0 rough=0 back_s=0
# RAD t=35.00 0.75:-0.003296,0,0.5739,17.9 2.25:0.09181,0,0.7921,60.69 3.75:0.182,0,0.9335,56.42 5.25:0.2015,0,0.9938,24.58 6.75:0.09688,0,0.9994,16.67 8.25:0.1612,0,1.0036,1.933 9.75:0.1088,0,1.0014,0.5649 11.25:0.04407,0,1.0004,0.1855
36.000	9714.46359	180.523077	0	22.922741	9917.90940713	-1.834e-16	57540	12.050	11.985	11.981	0.853	0.0000	0.7437	-4.3393	0.8499	0.8750	1.02461	1.64970	0.0000	0.0000	0.0000	-0.21998	0.32557	-0.079649	0	0	0
# CONV t=36.00 cond=0 evap=0 rough=0 back_s=0
# RAD t=36.00 0.75:-0.004779,0,0.5698,17.75 2.25:0.09018,0,0.7906,60.99 3.75:0.1804,0,0.9334,57.27 5.25:0.1899,0,0.9939,24.78 6.75:0.09987,0,0.9994,16.72 8.25:0.1525,0,1.0036,2.089 9.75:0.1096,0,1.0014,0.6369 11.25:0.04645,0,1.0004,0.2024
37.000	9714.46359	175.703062	0	27.7427559	9917.90940713	-1.834e-16	57537	12.091	12.007	11.957	0.857	0.0000	0.7428	-4.8809	0.8499	0.8740	1.02526	1.64968	0.0000	0.0000	0.0000	0.027239	0.0055613	0.17844	0	0	0
# CONV t=37.00 cond=0 evap=0 rough=0 back_s=0
# RAD t=37.00 0.75:-0.007839,0,0.5664,17.73 2.25:0.08569,0,0.7890,60.77 3.75:0.1719,0,0.9333,55.48 5.25:0.191,0,0.9941,22.96 6.75:0.105,0,0.9995,15.81 8.25:0.1475,0,1.0036,1.989 9.75:0.1104,0,1.0015,0.6806 11.25:0.04856,0,1.0004,0.2051
38.000	9714.46359	175.253211	0	28.1926068	9917.90940713	-1.834e-16	57528	12.079	11.978	11.951	0.856	0.0000	0.7422	-5.3644	0.8499	0.8733	1.03699	1.64967	0.0000	0.0000	0.0000	0.35307	0.21628	0.4291	0	0	0
# CONV t=38.00 cond=0 evap=0 rough=0 back_s=0
# RAD t=38.00 0.75:-0.004761,0,0.5634,17.41 2.25:0.06677,0,0.7872,61.13 3.75:0.1603,0,0.9331,55.26 5.25:0.1926,0,0.9942,22.76 6.75:0.1085,0,0.9995,15.57 8.25:0.1423,0,1.0036,2.088 9.75:0.1105,0,1.0015,0.7234 11.25:0.05049,0,1.0005,0.2288
39.000	9714.46359	177.416843	0	26.0289754	9917.90940713	-1.834e-16	57525	12.070	11.979	11.956	0.856	0.0000	0.7420	-5.8388	0.8499	0.8730	1.04350	1.64965	0.0000	0.0000	0.0000	-0.083949	-0.19952	-0.02733	0	0	0
# CONV t=39.00 cond=0 evap=0 rough=0 back_s=0
# RAD t=39.00 0.75:-0.002651,0,0.5613,17.2 2.25:0.04612,0,0.7854,61.82 3.75:0.17,0,0.9329,56.54 5.25:0.1872,0,0.9944,22.68 6.75:0.1046,0,0.9996,15.67 8.25:0.1374,0,1.0036,2.404 9.75:0.1105,0,1.0016,0.7708 11.25:0.05239,0,1.0005,0.237
40.000	9714.46359	176.781324	0	26.6644944	9917.90940713	-1.834e-16	57524	12.063	11.980	11.968	0.854	0.0000	0.7417	-6.1052	0.8499	0.8727	1.04826	1.64963	0.0000	0.0000	0.0000	-0.034923	0.16763	0.30924	0	0	0
# CONV t=40.00 cond=0 evap=0 rough=0 back_s=0
# RAD t=40.00 0.75:-0.004284,0,0.5604,16.78 2.25:0.03194,0,0.7836,61.63 3.75:0.1904,0,0.9327,56.44 5.25:0.1795,0,0.9945,22.8 6.75:0.1088,0,0.9996,15.42 8.25:0.1354,0,1.0035,2.51 9.75:0.1107,0,1.0016,0.8104 11.25:0.0541,0,1.0005,0.2874
# QATOM t=40.60 dir=DF w=1.73097396 e=0.316817021598
41.000	9714.50491	177.283637	0.275493062	25.845364	9917.90940713	-1.834e-16	57531	12.061	11.999	11.980	0.860	2.9150	0.7414	-6.6169	0.8499	0.8724	1.05354	1.64961	10.1427	14.2476	11.8480	-0.1133	-0.25184	-0.018784	0.014358	0.038594	-0.019971
# CONV t=41.00 cond=0 evap=0 rough=0.316817 back_s=0.041324
# RAD t=41.00 0.75:-0.009115,-2.882e-06,0.5606,16.52 2.25:0.01405,-0.03377,0.7821,61.77 3.75:0.2198,0.09472,0.9325,58.03 5.25:0.1588,0.0006701,0.9947,22.58 6.75:0.1091,2.997e-08,0.9997,14.7 8.25:0.1329,4.993e-12,1.0035,2.452 9.75:0.111,2.261e-16,1.0016,0.8137 11.25:0.0558,1.06e-21,1.0005,0.2953
42.000	9714.50491	175.473465	0.275493062	27.655536	9917.90940713	-1.834e-16	57533	12.058	11.993	11.974	0.857	2.9150	0.7412	-6.6836	0.8499	0.8721	1.05562	1.64959	10.1785	14.3021	11.7896	-0.08417	-0.23854	-0.29391	0.079889	0.09177	-0.074891
# CONV t=42.00 cond=0 evap=0 rough=0.316817 back_s=0.041324
# RAD t=42.00 0.75:-0.01278,-6.588e-05,0.5613,16.35 2.25:0.008036,-0.05912,0.7804,61.29 3.75:0.2205,0.1972,0.9322,56.38 5.25:0.1571,0.02047,0.9948,22.81 6.75:0.1093,0.000114,0.9997,14.74 8.25:0.1307,3.222e-07,1.0035,2.638 9.75:0.1112,3.417e-10,1.0017,0.8504 11.25:0.0573,8.302e-14,1.0006,0.3017
43.000	9714.50491	176.639667	0.275493062	26.4893345	9917.90940713	-1.834e-16	57534	12.068	11.997	11.972	0.854	2.9150	0.7410	-6.7175	0.8499	0.8719	1.05678	1.64957	10.2831	14.3544	11.6960	0.06079	-0.23626	0.011743	0.14328	0.1056	-0.12044
# CONV t=43.00 cond=0 evap=0 rough=0.316817 back_s=0.041324
# RAD t=43.00 0.75:-0.0145,-4.09e-05,0.5625,16.1 2.25:0.01284,-0.01985,0.7791,61.48 3.75:0.198,0.1579,0.9317,56.96 5.25:0.1675,0.06296,0.9950,22.87 6.75:0.1044,0.003008,0.9998,15.02 8.25:0.128,3.55e-05,1.0034,2.888 9.75:0.111,2.154e-07,1.0017,0.8553 11.25:0.0588,2.979e-10,1.0006,0.3319
44.000	9714.50491	174.934661	0.275493062	28.1943407	9917.90940713	0.000e+00	57536	12.091	11.999	11.955	0.857	0.0000	0.7408	-6.6541	0.8499	0.8716	1.06084	1.64955	10.4221	14.4010	11.6040	0.1233	-0.15958	-0.25157	0.15224	0.11181	-0.11324
# CONV t=44.00 cond=0 evap=0 rough=0.316817 back_s=0.041324
# RAD t=44.00 0.75:-0.01878,0.0002493,0.5651,15.83 2.25:0.02308,-0.002922,0.7776,61.29 3.75:0.1912,0.1174,0.9311,56.8 5.25:0.1665,0.09658,0.9951,22.13 6.75:0.1012,0.01685,0.9999,14.51 8.25:0.1254,0.0006103,1.0034,2.925 9.75:0.1103,1.215e-05,1.0017,0.935 11.25:0.06008,5.702e-08,1.0006,0.3826
45.000	9714.50491	175.340589	0.275493053	27.7884119	9917.90940713	0.000e+00	57535	12.072	11.994	11.968	0.860	0.0000	0.7405	-6.5383	0.8499	0.8712	1.06098	1.64953	10.5531	14.4487	11.5307	0.44968	-0.17911	0.14167	0.13952	0.088884	-0.093812
# CONV t=45.00 cond=0 evap=0 rough=0.316817 back_s=0.041324
# RAD t=45.00 0.75:-0.02042,-0.0002858,0.5677,15.78 2.25:0.03094,-0.008367,0.7761,61.53 3.75:0.1779,0.08629,0.9305,57.74 5.25:0.1692,0.1003,0.9952,21.86 6.75:0.1041,0.04037,1.0000,14.13 8.25:0.124,0.003831,1.0034,2.807 9.75:0.1106,0.000192,1.0018,0.9764 11.25:0.06121,2.392e-06,1.0006,0.377
46.000	9714.50491	173.773288	0.275492849	29.3557129	9917.90940713	0.000e+00	57533	12.076	11.997	11.991	0.860	0.0000	0.7401	-6.4616	0.8499	0.8708	1.05908	1.64951	10.6608	14.4715	11.4672	0.29816	-0.035563	-0.50753	0.1115	0.041786	-0.084509
# CONV t=46.00 cond=0 evap=0 rough=0.316817 back_s=0.041324
# RAD t=46.00 0.75:-0.02283,0.0004757,0.5698,15.74 2.25:0.04584,-0.003728,0.7749,61.17 3.75:0.1463,0.06593,0.9300,56.55 5.25:0.1726,0.07588,0.9953,21.98 6.75:0.1007,0.05562,1.0001,13.86 8.25:0.1198,0.01213,1.0033,2.942 9.75:0.1099,0.001326,1.0018,1.028 11.25:0.06252,3.789e-05,1.0007,0.3858
47.000	9714.50491	175.037696	0.275490525	28.0913075	9917.90940713	0.000e+00	57534	12.061	11.984	11.988	0.860	0.0000	0.7396	-6.3474	0.8499	0.8702	1.05508	1.64949	10.7300	14.4644	11.4117	0.35621	-0.22138	0.066015	0.066536	0.0021474	-0.066303
# CONV t=47.00 cond=0 evap=0 rough=0.316817 back_s=0.041324
# RAD t=47.00 0.75:-0.02316,0.002976,0.5702,15.9 2.25:0.06245,-0.0009453,0.7740,61.16 3.75:0.1163,0.06866,0.9294,56.67 5.25:0.1876,0.05252,0.9953,22.85 6.75:0.1034,0.05361,1.0002,13.71 8.25:0.1167,0.02316,1.0033,3.132 9.75:0.1093,0.004977,1.0018,1.067 11.25:0.06371,0.0002965,1.0007,0.4195
48.000	9714.50491	177.953328	0.27547499	25.1756914	9917.90940713	0.000e+00	57532	12.052	11.987	11.993	0.856	0.0000	0.7391	-6.3364	0.8499	0.8696	1.05190	1.64947	10.7598	14.4381	11.3691	0.71921	0.019337	-0.23136	0.028018	-0.019195	-0.049856
# CONV t=48.00 cond=0 evap=0 rough=0.316817 back_s=0.041324
# RAD t=48.00 0.75:-0.01834,0.00195,0.5716,15.61 2.25:0.06702,-0.006885,0.7728,61.4 3.75:0.09647,0.06657,0.9291,57.83 5.25:0.1798,0.04636,0.9953,23.81 6.75:0.103,0.04396,1.0003,14.14 8.25:0.1124,0.03096,1.0033,3.464 9.75:0.1092,0.01153,1.0018,1.114 11.25:0.06469,0.001336,1.0007,0.4438
49.000	9714.54338	175.25175	0.531837019	27.582443	9917.90940713	-3.668e-16	57533	12.085	12.011	11.970	0.859	1.6942	0.7393	-6.5939	0.8499	0.8698	1.05388	1.64945	11.4849	12.5434	11.2582	0.18356	0.056106	0.17354	0.0097012	0.014989	-0.040746
# CONV t=49.00 cond=0 evap=0 rough=0.611709 back_s=0.0797881
# RAD t=49.00 0.75:-0.01238,-0.05161,0.5754,15.01 2.25:0.07807,0.02192,0.7715,61.78 3.75:0.06769,0.0608,0.9288,56.94 5.25:0.1885,0.04436,0.9953,22.78 6.75:0.1025,0.03725,1.0004,13.54 8.25:0.108,0.03366,1.0033,3.545 9.75:0.1089,0.01834,1.0019,1.056 11.25:0.06558,0.00382,1.0007,0.4497
50.000	9714.58497	176.769319	0.808920227	25.7462006	9917.90940713	-1.834e-16	57534	12.084	11.992	11.996	0.857	2.2804	0.7388	-6.9542	0.8499	0.8692	1.05447	1.64943	11.1094	11.8742	11.3067	0.39671	0.099613	-0.087086	-0.036074	0.20582	-0.081856
# CONV t=50.00 cond=0 evap=0 rough=0.930571 back_s=0.121379
# RAD t=50.00 0.75:-0.006986,-0.1766,0.5813,14.86 2.25:0.07627,0.1699,0.7699,62.35 3.75:0.06083,0.06659,0.9285,57.02 5.25:0.1864,0.04101,0.9954,23.36 6.75:0.1029,0.03304,1.0005,13.58 8.25:0.1028,0.03252,1.0032,3.818 9.75:0.1089,0.02267,1.0019,1.143 11.25:0.06642,0.007476,1.0007,0.4809
51.000	9714.58497	176.558089	0.808542146	25.9578083	9917.90940713	-1.834e-16	57539	12.091	11.993	11.989	0.856	2.2804	0.7384	-6.8856	0.8499	0.8688	1.05451	1.64940	11.1197	11.9079	11.2731	0.22013	0.23023	-0.11842	0.052246	-0.063662	-0.15478
# CONV t=51.00 cond=0 evap=0 rough=0.930571 back_s=0.121379
# RAD t=51.00 0.75:0.00172,-0.009768,0.5863,14.78 2.25:0.07028,0.3138,0.7674,62.36 3.75:0.06723,0.1433,0.9284,56.76 5.25:0.1799,0.04263,0.9954,23.34 6.75:0.1052,0.028,1.0006,13.51 8.25:0.09782,0.02756,1.0032,3.91 9.75:0.1085,0.02452,1.0019,1.216 11.25:0.06715,0.01088,1.0008,0.5218
52.000	9714.58497	176.122922	0.807970882	26.3935464	9917.90940713	-1.834e-16	57540	12.081	11.988	11.968	0.861	2.2804	0.7379	-6.8868	0.8499	0.8682	1.05351	1.64938	11.1561	11.8741	11.2518	-0.032978	-0.016461	-0.037018	0.071573	-0.14387	-0.090089
# CONV t=52.00 cond=0 evap=0 rough=0.930571 back_s=0.121379
# RAD t=52.00 0.75:0.004291,0.08264,0.5906,14.71 2.25:0.04233,0.1543,0.7654,62.11 3.75:0.0907,0.2795,0.9282,57.36 5.25:0.1786,0.06835,0.9954,23.28 6.75:0.1072,0.02563,1.0008,12.77 8.25:0.0962,0.02163,1.0031,3.894 9.75:0.1078,0.0234,1.0019,1.268 11.25:0.06789,0.013,1.0008,0.5438
53.000	9714.58497	173.419536	0.807265126	29.0976384	9917.90940713	-1.834e-16	57541	12.047	12.001	11.978	0.872	2.2804	0.7374	-6.8465	0.8499	0.8675	1.05158	1.64936	11.1891	11.8328	11.2493	-0.24413	-0.14235	0.12295	0.026084	-0.061019	-0.033868
# CONV t=53.00 cond=0 evap=0 rough=0.930571 back_s=0.121379
# RAD t=53.00 0.75:0.006117,-0.003244,0.5949,14.55 2.25:0.04174,0.166,0.7636,62.14 3.75:0.08102,0.2482,0.9279,57.77 5.25:0.1716,0.1258,0.9953,22.24 6.75:0.1109,0.03094,1.0009,11.24 8.25:0.09345,0.01964,1.0031,3.456 9.75:0.1067,0.01872,1.0019,1.247 11.25:0.06869,0.01376,1.0008,0.5741
54.000	9714.58497	171.770048	0.806479535	30.7479119	9917.90940713	0.000e+00	57539	12.079	11.983	11.975	0.875	2.2804	0.7368	-6.9163	0.8500	0.8669	1.05120	1.64934	11.2029	11.8193	11.2477	-0.24749	-0.079484	0.26568	0.011127	-0.014101	-0.031576
# CONV t=54.00 cond=0 evap=0 rough=0.930571 back_s=0.121379
# RAD t=54.00 0.75:0.01034,-0.03857,0.6000,14.2 2.25:0.03007,0.2229,0.7620,62.44 3.75:0.0816,0.1502,0.9276,57.41 5.25:0.1659,0.1499,0.9952,21.44 6.75:0.1128,0.05042,1.0010,10.73 8.25:0.0919,0.02135,1.0031,3.518 9.75:0.1049,0.01463,1.0019,1.256 11.25:0.06945,0.01287,1.0008,0.5818
55.000	9714.58497	167.240711	0.805651597	35.2780772	9917.90940713	-1.834e-16	57538	12.094	12.005	11.943	0.881	2.2804	0.7364	-6.9664	0.8500	0.8665	1.05278	1.64932	11.2194	11.8265	11.2472	-0.65539	-0.054642	0.33116	0.05597	0.0059798	-0.032039
# CONV t=55.00 cond=0 evap=0 rough=0.930571 back_s=0.121379
# RAD t=55.00 0.75:0.01446,-0.007679,0.6044,14.4 2.25:0.02646,0.1332,0.7604,62.1 3.75:0.07638,0.1584,0.9274,55.19 5.25:0.1699,0.1235,0.9952,20.29 6.75:0.1133,0.08179,1.0011,9.957 8.25:0.09062,0.02642,1.0030,3.237 9.75:0.1033,0.01476,1.0019,1.244 11.25:0.07018,0.0105,1.0009,0.6144
56.000	9714.58497	167.432301	0.804820891	35.0873173	9917.90940713	-1.834e-16	57538	12.063	12.009	11.976	0.885	0.0000	0.7361	-7.0117	0.8500	0.8661	1.05388	1.64930	11.2537	11.8419	11.2566	-0.4414	0.07421	0.31917	0.08513	0.018622	-0.0064165
# CONV t=56.00 cond=0 evap=0 rough=0.930571 back_s=0.121379
# RAD t=56.00 0.75:0.01451,-0.004035,0.6065,14.7 2.25:0.01366,0.06523,0.7593,61.9 3.75:0.05741,0.2068,0.9271,55.88 5.25:0.1876,0.1122,0.9952,20.1 6.75:0.1094,0.09984,1.0012,9.708 8.25:0.08898,0.03918,1.0030,3.034 9.75:0.1016,0.01716,1.0020,1.254 11.25:0.07048,0.008254,1.0009,0.6263
57.000	9714.58497	166.886013	0.803991439	35.6344353	9917.90940713	-3.668e-16	57540	12.026	11.979	11.956	0.889	0.0000	0.7358	-6.9782	0.8500	0.8656	1.05193	1.64928	11.2897	11.8571	11.2757	-0.43487	0.43098	0.16308	0.053512	0.02674	0.032171
# CONV t=57.00 cond=0 evap=0 rough=0.930571 back_s=0.121379
# RAD t=57.00 0.75:0.01084,-0.01907,0.6073,14.99 2.25:0.001451,0.08463,0.7589,61.56 3.75:0.06443,0.2098,0.9266,55.97 5.25:0.194,0.1173,0.9951,20.14 6.75:0.1096,0.09327,1.0013,9.121 8.25:0.08737,0.05675,1.0030,2.915 9.75:0.1,0.0221,1.0020,1.276 11.25:0.07092,0.007441,1.0009,0.6721
58.000	9714.58497	166.949352	0.80311532	35.5719723	9917.90940713	0.000e+00	57544	12.025	11.990	11.986	0.887	0.0000	0.7352	-6.8917	0.8500	0.8650	1.04801	1.64926	11.3130	11.8748	11.2929	-0.62773	0.41685	-0.086107	0.0099659	0.033806	0.017659
# CONV t=58.00 cond=0 evap=0 rough=0.930571 back_s=0.121379
# RAD t=58.00 0.75:0.006558,-0.0192,0.6067,14.95 2.25:0.004729,0.09761,0.7586,61.23 3.75:0.07204,0.1717,0.9261,55.92 5.25:0.1835,0.1089,0.9951,20.42 6.75:0.1127,0.08512,1.0014,9.148 8.25:0.08401,0.06687,1.0030,2.925 9.75:0.09878,0.03259,1.0020,1.364 11.25:0.07109,0.00906,1.0009,0.742
59.000	9714.62554	164.819552	1.07265362	37.3916568	9917.90940713	-1.834e-16	57543	12.069	11.997	11.979	0.891	2.1492	0.7351	-7.1677	0.8500	0.8648	1.04924	1.64924	11.3930	11.8965	10.9184	-0.56595	-0.20777	0.035153	-0.021081	0.12614	-0.18581
# CONV t=59.00 cond=0 evap=0 rough=1.24166 back_s=0.161955
# RAD t=59.00 0.75:0.001833,-0.01198,0.6048,15.16 2.25:0.01261,0.2609,0.7587,61.21 3.75:0.08665,0.1479,0.9259,55.22 5.25:0.1669,0.1042,0.9950,19.41 6.75:0.1177,0.08691,1.0015,8.659 8.25:0.08417,0.06526,1.0030,2.684 9.75:0.09741,0.04442,1.0020,1.46 11.25:0.07107,0.01445,1.0009,0.7534
60.000	9714.62554	165.415653	1.0715363	36.7966736	9917.90940713	0.000e+00	57544	12.055	12.014	11.955	0.891	2.1492	0.7347	-7.1723	0.8500	0.8644	1.05220	1.64922	11.4066	11.9335	10.8810	0.09544	-0.28901	0.19048	0.022517	0.15725	-0.16614
# CONV t=60.00 cond=0 evap=0 rough=1.24166 back_s=0.161955
# RAD t=60.00 0.75:-0.006473,-0.003038,0.6026,14.76 2.25:0.0211,0.1127,0.7581,61.17 3.75:0.08704,0.2552,0.9257,55.77 5.25:0.1524,0.1021,0.9949,19.88 6.75:0.1209,0.08697,1.0016,8.412 8.25:0.08381,0.06028,1.0029,2.826 9.75:0.09576,0.05013,1.0020,1.531 11.25:0.071,0.0221,1.0009,0.7742
61.000	9714.66475	165.914375	1.33160391	35.9986731	9917.90940713	-1.834e-16	57546	12.068	12.015	11.951	0.888	2.1492	0.7349	-7.5529	0.8500	0.8646	1.05768	1.64920	11.7209	11.8820	11.1179	0.30186	-0.27714	0.20412	0.053477	0.18899	-0.21479
# CONV t=61.00 cond=0 evap=0 rough=1.54227 back_s=0.201166
# RAD t=61.00 0.75:-0.01206,0.004486,0.6037,14.74 2.25:0.03057,0.1895,0.7576,61.79 3.75:0.08299,0.283,0.9254,55.42 5.25:0.157,0.09938,0.9948,19.77 6.75:0.1189,0.08395,1.0017,8.609 8.25:0.08416,0.05868,1.0029,2.95 9.75:0.09378,0.04958,1.0020,1.528 11.25:0.07099,0.02754,1.0010,0.8133
62.000	9714.66475	166.662996	1.32998412	35.2516725	9917.90940713	-1.834e-16	57544	12.073	11.982	11.974	0.884	1.1394	0.7346	-7.5032	0.8500	0.8642	1.05725	1.64918	11.7327	11.9133	11.0866	0.23309	-0.10869	0.10337	0.11696	0.13598	-0.16145
# CONV t=62.00 cond=0 evap=0 rough=1.54227 back_s=0.201166
# RAD t=62.00 0.75:-0.01181,0.07215,0.6016,14.65 2.25:0.03402,0.2376,0.7571,61.79 3.75:0.08685,0.2129,0.9252,55.39 5.25:0.1407,0.1174,0.9948,19.99 6.75:0.1186,0.08635,1.0018,8.956 8.25:0.08573,0.05876,1.0029,3.076 9.75:0.09141,0.04703,1.0020,1.653 11.25:0.07076,0.02902,1.0010,0.8478
63.000	9714.66475	170.151781	1.32806314	31.7648078	9917.90940713	-1.834e-16	57543	12.060	11.972	11.983	0.878	0.0000	0.7342	-7.3468	0.8500	0.8638	1.05642	1.64916	11.7487	11.9363	11.0749	0.010363	0.12648	0.12668	0.086386	0.035243	-0.067069
# CONV t=63.00 cond=0 evap=0 rough=1.54227 back_s=0.201166
# RAD t=63.00 0.75:-0.009631,0.03111,0.6012,14.4 2.25:0.02787,0.1768,0.7570,61.8 3.75:0.09007,0.2128,0.9247,56.86 5.25:0.1271,0.1415,0.9947,21.08 6.75:0.1166,0.0952,1.0019,9.582 8.25:0.08746,0.05884,1.0029,3.441 9.75:0.08927,0.04392,1.0020,1.794 11.25:0.07033,0.02861,1.0010,0.8784
64.000	9714.66475	173.61303	1.32589542	28.305727	9917.90940713	-1.834e-16	57538	12.047	11.976	11.975	0.874	0.0000	0.7337	-7.1852	0.8500	0.8632	1.05232	1.64914	11.7592	11.9494	11.0805	0.3692	-0.22439	-0.018811	0.063798	0.0056587	-0.014457
# CONV t=64.00 cond=0 evap=0 rough=1.54227 back_s=0.201166
# RAD t=64.00 0.75:-0.007972,-0.01084,0.6021,14.27 2.25:0.0243,0.1364,0.7569,61.64 3.75:0.08674,0.1932,0.9242,58.24 5.25:0.1228,0.1699,0.9946,22.41 6.75:0.1173,0.1046,1.0020,10.02 8.25:0.0883,0.06238,1.0029,3.942 9.75:0.08833,0.04073,1.0020,1.852 11.25:0.06975,0.02773,1.0010,0.8754
65.000	9714.66475	178.313998	1.32358728	23.6070674	9917.90940713	-1.834e-16	57540	12.060	12.002	11.986	0.865	0.0000	0.7331	-7.097	0.8500	0.8625	1.04674	1.64912	11.7720	11.9640	11.1021	0.13175	0.0084064	0.16677	0.12264	0.054161	0.059153
# CONV t=65.00 cond=0 evap=0 rough=1.54227 back_s=0.201166
# RAD t=65.00 0.75:-0.005809,0.03613,0.6035,14.27 2.25:0.02744,0.07407,0.7569,61.58 3.75:0.07195,0.1276,0.9238,59.4 5.25:0.1254,0.1813,0.9945,24.18 6.75:0.1157,0.1121,1.0021,11.17 8.25:0.08756,0.07166,1.0029,4.616 9.75:0.08718,0.04114,1.0020,1.853 11.25:0.06955,0.02658,1.0010,0.856
66.000	9714.66475	171.196083	1.32121666	30.7273526	9917.90940713	-1.834e-16	57536	12.061	11.987	11.987	0.876	0.0000	0.7324	-7.0468	0.8500	0.8617	1.04395	1.64911	11.7921	11.9844	11.1408	0.3857	0.19182	0.07269	0.13677	0.05625	0.15215
# CONV t=66.00 cond=0 evap=0 rough=1.54227 back_s=0.201166
# RAD t=66.00 0.75:-0.003029,0.04869,0.6049,14.28 2.25:0.02416,0.01176,0.7570,60.76 3.75:0.08204,0.1045,0.9233,57.46 5.25:0.1311,0.1425,0.9943,22.14 6.75:0.116,0.1214,1.0021,9.91 8.25:0.08947,0.08373,1.0029,3.726 9.75:0.08675,0.04826,1.0020,1.701 11.25:0.06946,0.0261,1.0010,0.8244
67.000	9714.70607	166.660678	1.59419902	34.948461	9917.90940713	0.000e+00	57536	12.077	11.984	11.985	0.883	2.1254	0.7321	-7.2205	0.8500	0.8614	1.04362	1.64910	11.7991	11.7758	11.5951	-0.075187	0.049422	0.15192	0.089154	0.086536	0.06051
# CONV t=67.00 cond=0 evap=0 rough=1.85902 back_s=0.24248
# RAD t=67.00 0.75:-0.0001249,0.02487,0.6055,14.33 2.25:0.02514,-0.05446,0.7576,60.92 3.75:0.06112,0.1127,0.9229,55.3 5.25:0.1365,0.1021,0.9942,21.14 6.75:0.1164,0.1265,1.0022,9.078 8.25:0.09281,0.09174,1.0029,3.098 9.75:0.0864,0.05925,1.0020,1.518 11.25:0.06954,0.02729,1.0010,0.8406
68.000	9714.70607	160.959813	1.59160322	40.6519219	9917.90940713	-3.668e-16	57537	12.094	11.988	11.975	0.892	2.1254	0.7315	-7.0018	0.8500	0.8606	1.04057	1.64908	11.8058	11.8043	11.5974	-0.08011	-0.31727	0.057226	0.032723	0.10182	0.026854
# CONV t=68.00 cond=0 evap=0 rough=1.85902 back_s=0.24248
# RAD t=68.00 0.75:0.001472,0.06193,0.6052,14.38 2.25:0.0244,0.03733,0.7574,60.43 3.75:0.05728,0.1616,0.9227,53.31 5.25:0.124,0.1031,0.9940,19.57 6.75:0.1158,0.1166,1.0022,7.785 8.25:0.0927,0.09334,1.0029,2.591 9.75:0.08583,0.06865,1.0020,1.571 11.25:0.06952,0.03076,1.0010,0.8638
69.000	9714.79966	163.162773	2.21271783	37.7342586	9917.90940713	-1.834e-16	57538	12.087	12.011	11.982	0.885	3.0499	0.7307	-7.5672	0.8500	0.8597	1.03874	1.64906	11.9784	11.3822	11.3057	0.20715	-0.039452	-0.056646	-0.18337	-0.16709	-0.1088
# CONV t=69.00 cond=0 evap=0 rough=2.57653 back_s=0.336069
# RAD t=69.00 0.75:-0.002504,0.09361,0.6040,14.45 2.25:0.01876,0.2367,0.7577,59.5 3.75:0.05503,0.549,0.9228,54.49 5.25:0.1081,0.1101,0.9939,20.26 6.75:0.1168,0.09719,1.0023,8.428 8.25:0.09248,0.09258,1.0030,2.908 9.75:0.08565,0.07241,1.0020,1.723 11.25:0.06904,0.037,1.0011,0.9232
70.000	9714.79966	168.434734	2.20963886	32.4653762	9917.90940713	-1.834e-16	57542	12.053	12.001	11.989	0.879	3.0499	0.7299	-7.2179	0.8500	0.8587	1.03644	1.64904	11.9660	11.3547	11.3108	0.14561	-0.15532	0.085722	-0.12757	-0.41657	-0.03657
# CONV t=70.00 cond=0 evap=0 rough=2.57653 back_s=0.336069
# RAD t=70.00 0.75:-0.007391,0.06812,0.6021,14.57 2.25:0.02098,-0.0914,0.7584,59.97 3.75:0.05646,1.155,0.9222,56.75 5.25:0.1092,0.1769,0.9938,21.43 6.75:0.1133,0.08556,1.0023,9.11 8.25:0.0916,0.08715,1.0030,3.283 9.75:0.08499,0.06966,1.0020,1.929 11.25:0.06854,0.04402,1.0011,0.8998
71.000	9714.85174	167.70509	2.5534548	32.7991239	9917.90940713	-1.834e-16	57539	12.068	11.979	12.003	0.879	3.5013	0.7291	-6.9411	0.8500	0.8578	1.03641	1.64902	11.4927	11.3798	11.3579	-0.080444	-0.046575	0.31473	-0.050467	-0.47643	0.012013
# CONV t=71.00 cond=0 evap=0 rough=2.97582 back_s=0.38815
# RAD t=71.00 0.75:-0.008224,0.01319,0.6004,14.57 2.25:0.02439,-0.1421,0.7589,60.21 3.75:0.04937,0.9428,0.9219,56.4 5.25:0.1133,0.4222,0.9938,20.89 6.75:0.1103,0.1021,1.0023,8.897 8.25:0.09072,0.07725,1.0030,3.24 9.75:0.08427,0.06326,1.0020,2.035 11.25:0.06825,0.04722,1.0011,0.9503
72.000	9714.85174	173.828134	2.5497894	26.6797446	9917.90940713	-1.834e-16	57533	12.060	11.970	12.013	0.868	3.5013	0.7284	-7.2508	0.8500	0.8570	1.03797	1.64900	11.4847	11.3469	11.3704	0.018308	0.049908	0.22986	-0.19062	-0.49873	-0.22094
# CONV t=72.00 cond=0 evap=0 rough=2.97582 back_s=0.38815
# RAD t=72.00 0.75:-0.007219,-0.0215,0.5993,14.49 2.25:0.02306,-0.107,0.7593,60.48 3.75:0.04985,1.019,0.9213,58.39 5.25:0.1086,0.6214,0.9938,22.65 6.75:0.1099,0.1709,1.0023,10.25 8.25:0.08907,0.07712,1.0030,3.934 9.75:0.08287,0.05661,1.0020,2.112 11.25:0.06824,0.04522,1.0011,0.9523
73.000	9714.85174	163.150009	2.54596743	37.3616917	9917.90940713	-3.668e-16	57533	12.121	12.006	12.007	0.880	3.5013	0.7280	-7.1742	0.8500	0.8564	1.04127	1.64899	11.4691	11.3190	11.3751	0.090629	0.21607	0.53916	-0.26166	-0.38927	-0.18114
# CONV t=73.00 cond=0 evap=0 rough=2.97582 back_s=0.38815
# RAD t=73.00 0.75:-0.004411,0.002472,0.5989,14.37 2.25:0.01231,0.06102,0.7594,58.85 3.75:0.04487,0.8066,0.9208,55.05 5.25:0.1045,0.6839,0.9937,19.76 6.75:0.1123,0.2888,1.0023,8.535 8.25:0.09156,0.09856,1.0030,3.095 9.75:0.08263,0.05411,1.0020,1.955 11.25:0.06825,0.04079,1.0011,0.957
74.000	9714.85174	163.522328	2.54205685	36.9932837	9917.90940713	-1.834e-16	57534	12.108	12.022	12.029	0.881	0.0000	0.7278	-7.1853	0.8500	0.8563	1.04318	1.64897	11.4481	11.3004	11.3784	0.31339	0.40691	-0.038978	-0.31243	-0.1938	-0.11936
# CONV t=74.00 cond=0 evap=0 rough=2.97582 back_s=0.38815
# RAD t=74.00 0.75:-0.003088,-0.01803,0.5988,14.35 2.25:-0.006844,0.1196,0.7591,59.8 3.75:0.06915,0.5511,0.9205,54.98 5.25:0.1016,0.7104,0.9937,19.42 6.75:0.1141,0.3934,1.0024,8.591 8.25:0.09226,0.1487,1.0030,2.924 9.75:0.08353,0.06223,1.0020,1.891 11.25:0.06821,0.03706,1.0011,0.9664
75.000	9714.85174	163.147798	2.53802388	37.3718468	9917.90940713	-1.834e-16	57538	12.105	11.997	12.044	0.881	0.0000	0.7277	-7.1339	0.8500	0.8561	1.04426	1.64896	11.4273	11.2956	11.3783	0.23807	0.31609	0.20997	-0.31566	-0.042507	-0.1215
# CONV t=75.00 cond=0 evap=0 rough=2.97582 back_s=0.38815
# RAD t=75.00 0.75:-0.00271,-0.03154,0.5989,14.24 2.25:-0.004503,0.134,0.7587,59.75 3.75:0.08175,0.4016,0.9200,55.48 5.25:0.09902,0.6066,0.9937,18.68 6.75:0.1117,0.4425,1.0024,8.463 8.25:0.09228,0.2191,1.0030,2.958 9.75:0.08347,0.08717,1.0020,1.937 11.25:0.06777,0.03719,1.0011,1.029
76.000	9714.89854	167.551412	2.84581815	32.6136401	9917.90940713	-1.834e-16	57544	12.097	11.991	12.036	0.873	2.2804	0.7276	-7.5436	0.8500	0.8560	1.04579	1.64894	11.2968	11.2096	11.3878	-0.21303	0.13571	0.040981	-0.22209	-0.093505	-0.17422
# CONV t=76.00 cond=0 evap=0 rough=3.3346 back_s=0.434947
# RAD t=76.00 0.75:-0.001612,0.02607,0.5993,14.12 2.25:0.00864,0.1627,0.7588,59.95 3.75:0.06683,0.3081,0.9196,56.9 5.25:0.1041,0.3541,0.9938,20.15 6.75:0.1084,0.4335,1.0024,9.387 8.25:0.09174,0.2719,1.0031,3.273 9.75:0.08353,0.1314,1.0020,2.107 11.25:0.06723,0.04485,1.0011,1.046
77.000	9714.89854	173.114762	2.84138124	27.0547278	9917.90940713	-1.834e-16	57546	12.094	11.982	12.032	0.863	3.5174	0.7276	-7.5953	0.8500	0.8560	1.04883	1.64893	11.2938	11.2055	11.3774	-0.35584	0.021064	-0.098562	0.02153	-0.18312	-0.29939
# CONV t=77.00 cond=0 evap=0 rough=3.3346 back_s=0.434947
# RAD t=77.00 0.75:-0.001778,0.07067,0.5998,14.06 2.25:0.03041,0.1568,0.7580,59.76 3.75:0.04772,0.294,0.9193,59.09 5.25:0.1033,0.2061,0.9939,21.71 6.75:0.1024,0.3616,1.0024,10.56 8.25:0.08982,0.2841,1.0031,3.886 9.75:0.08317,0.1787,1.0020,2.296 11.25:0.0667,0.06424,1.0011,1.09
78.000	9714.89854	169.089964	2.83632023	31.0845869	9917.90940713	-1.834e-16	57544	12.089	12.004	12.035	0.872	3.5174	0.7274	-7.6185	0.8500	0.8558	1.04947	1.64891	11.3002	11.2047	11.3609	-0.32562	-0.35616	-0.24879	-0.063715	-0.032389	-0.30852
# CONV t=78.00 cond=0 evap=0 rough=3.3346 back_s=0.434947
# RAD t=78.00 0.75:-0.003412,0.01525,0.5998,13.89 2.25:0.03134,0.07956,0.7575,59.56 3.75:0.03606,0.2645,0.9189,58.03 5.25:0.09948,0.2733,0.9939,20.66 6.75:0.09526,0.2936,1.0024,9.369 8.25:0.09083,0.2601,1.0031,3.668 9.75:0.08237,0.2014,1.0020,2.182 11.25:0.06664,0.09389,1.0012,1.039
79.000	9714.9407	159.847591	3.1111116	40.0100029	9917.90940713	-1.834e-16	57547	12.082	12.020	12.024	0.887	3.5174	0.7271	-7.7987	0.8500	0.8554	1.05166	1.64890	11.1242	11.1967	11.3262	-0.28988	-0.43309	-0.10482	-0.088308	-0.017681	-0.31257
# CONV t=79.00 cond=0 evap=0 rough=3.65787 back_s=0.477113
# RAD t=79.00 0.75:-0.01031,0.006789,0.6002,13.68 2.25:0.02896,-0.02877,0.7579,59.25 3.75:0.03567,0.2829,0.9185,54.51 5.25:0.1119,0.3508,0.9939,18.46 6.75:0.09298,0.2785,1.0024,7.355 8.25:0.09375,0.227,1.0031,2.858 9.75:0.08308,0.1957,1.0021,1.958 11.25:0.0669,0.1166,1.0012,1.068
80.000	9714.9407	160.933562	3.10313772	38.9320058	9917.90940713	-1.834e-16	57539	12.083	12.000	12.041	0.886	3.5174	0.7268	-7.7998	0.8500	0.8551	1.05399	1.64888	11.1185	11.2094	11.3077	-0.45506	-0.56385	-0.22931	-0.16406	0.21538	-0.21829
# CONV t=80.00 cond=0 evap=0 rough=3.65787 back_s=0.477113
# RAD t=80.00 0.75:-0.01511,0.01852,0.6000,13.75 2.25:0.02055,-0.08839,0.7577,58.42 3.75:0.05984,0.485,0.9182,55.75 5.25:0.1027,0.3192,0.9938,18.78 6.75:0.08921,0.2664,1.0024,7.469 8.25:0.09358,0.2231,1.0031,2.964 9.75:0.08374,0.176,1.0021,1.978 11.25:0.06686,0.1167,1.0012,1.094
81.000	9714.9407	165.734035	3.09386752	34.1408028	9917.90940713	0.000e+00	57536	12.074	11.983	12.029	0.877	3.5174	0.7266	-7.923	0.8500	0.8548	1.05451	1.64886	11.1116	11.2283	11.3006	-0.073977	-0.50346	-0.33126	-0.1451	0.14402	-0.028421
# CONV t=81.00 cond=0 evap=0 rough=3.65787 back_s=0.477113
# RAD t=81.00 0.75:-0.01527,-0.03669,0.5993,14 2.25:0.01897,0.1099,0.7575,58.88 3.75:0.06792,0.3739,0.9179,56.73 5.25:0.09656,0.3586,0.9937,20.29 6.75:0.08646,0.2613,1.0025,8.314 8.25:0.09204,0.2304,1.0031,3.514 9.75:0.08369,0.1602,1.0021,2.076 11.25:0.06646,0.1057,1.0012,1.169
82.000	9714.9407	165.494094	3.08434322	34.3902681	9917.90940713	-1.834e-16	57538	12.069	11.971	12.026	0.884	3.5174	0.7264	-8.098	0.8500	0.8545	1.05311	1.64885	11.1109	11.2381	11.3067	0.12415	-0.19476	-0.27701	0.01684	-0.021215	0.13341
# CONV t=82.00 cond=0 evap=0 rough=3.65787 back_s=0.477113
# RAD t=82.00 0.75:-0.01014,-0.06829,0.5982,14.14 2.25:0.01694,0.1946,0.7569,59.21 3.75:0.05383,0.1877,0.9180,56.6 5.25:0.09681,0.3733,0.9935,20.85 6.75:0.08408,0.2957,1.0026,7.468 8.25:0.09015,0.2224,1.0031,3.16 9.75:0.0839,0.1659,1.0021,2.121 11.25:0.06624,0.1031,1.0012,1.135
83.000	9714.9407	163.611791	3.07521004	36.2817045	9917.90940713	0.000e+00	57535	12.094	11.991	12.025	0.884	3.5174	0.7261	-8.2597	0.8500	0.8543	1.05000	1.64883	11.1152	11.2386	11.3222	0.18945	-0.030213	-0.13773	0.032856	-0.068059	0.23118
# CONV t=83.00 cond=0 evap=0 rough=3.65787 back_s=0.477113
# RAD t=83.00 0.75:-0.007368,-0.07364,0.5975,14.29 2.25:0.01757,0.2168,0.7561,59.32 3.75:0.05514,0.2175,0.9182,55.04 5.25:0.1009,0.2961,0.9933,20.29 6.75:0.08509,0.3156,1.0026,7.127 8.25:0.08914,0.2296,1.0031,3.292 9.75:0.08338,0.1766,1.0021,2.23 11.25:0.06641,0.1091,1.0012,1.187
84.000	9714.9407	166.463	3.06610181	33.4396031	9917.90940713	-1.834e-16	57534	12.080	11.993	12.018	0.882	3.5174	0.7258	-8.3226	0.8500	0.8539	1.04683	1.64881	11.1108	11.2374	11.3419	0.28324	-0.1702	-0.15221	-0.17113	-0.062782	0.22874
# CONV t=84.00 cond=0 evap=0 rough=3.65787 back_s=0.477113
# RAD t=84.00 0.75:-0.005827,-0.06271,0.5969,14.44 2.25:0.02556,0.2093,0.7551,59.89 3.75:0.04125,0.3539,0.9184,55.43 5.25:0.09968,0.3003,0.9931,21.45 6.75:0.08524,0.2825,1.0027,7.544 8.25:0.08925,0.2534,1.0031,3.472 9.75:0.08404,0.1736,1.0021,2.268 11.25:0.06619,0.1129,1.0012,1.131
85.000	9714.98673	164.406628	3.36333899	35.1527115	9917.90940713	-3.668e-16	57534	12.092	11.970	11.988	0.886	3.5174	0.7261	-8.6917	0.8500	0.8541	1.04938	1.64879	11.3743	11.2700	11.3905	0.28736	0.026021	-0.04411	-0.16387	-0.24587	0.10703
# CONV t=85.00 cond=0 evap=0 rough=4.01074 back_s=0.52314
# RAD t=85.00 0.75:-0.001516,-0.02682,0.5957,14.6 2.25:0.02799,0.2495,0.7548,59.39 3.75:0.02351,0.357,0.9186,55.49 5.25:0.09845,0.328,0.9930,20.38 6.75:0.08535,0.2467,1.0027,7.101 8.25:0.08923,0.2565,1.0031,3.169 9.75:0.08417,0.1826,1.0021,2.29 11.25:0.06631,0.113,1.0012,1.115
86.000	9715.03078	165.478408	3.64680467	33.7534155	9917.90940713	-1.834e-16	57532	12.081	11.978	12.008	0.879	2.2525	0.7258	-9.1454	0.8500	0.8538	1.04756	1.64878	11.2352	11.2839	11.4395	0.1126	0.10263	-0.10346	-0.15678	-0.42922	-0.147
# CONV t=86.00 cond=0 evap=0 rough=4.34845 back_s=0.56719
# RAD t=86.00 0.75:0.003393,-0.01523,0.5945,14.79 2.25:0.03354,0.3717,0.7548,59.02 3.75:0.01462,0.2804,0.9187,55.17 5.25:0.09194,0.3126,0.9928,20.95 6.75:0.08448,0.2218,1.0027,7.564 8.25:0.08729,0.2332,1.0031,3.49 9.75:0.08365,0.2022,1.0021,2.413 11.25:0.0664,0.121,1.0012,1.147
87.000	9715.03078	166.434569	3.63590029	32.8081592	9917.90940713	-1.834e-16	57531	12.069	11.993	12.019	0.871	2.9065	0.7257	-9.1363	0.8500	0.8537	1.04612	1.64876	11.2357	11.2647	11.4187	-0.3055	-0.19636	-0.19661	-0.014466	-0.22426	-0.33367
# CONV t=87.00 cond=0 evap=0 rough=4.34845 back_s=0.56719
# RAD t=87.00 0.75:0.0127,-0.09973,0.5917,15.21 2.25:0.02804,0.2589,0.7546,57.63 3.75:0.006687,0.5179,0.9187,55.33 5.25:0.08542,0.2884,0.9927,21.56 6.75:0.08285,0.2,1.0027,8.262 8.25:0.08486,0.211,1.0031,3.907 9.75:0.08233,0.1908,1.0021,2.412 11.25:0.06646,0.1357,1.0013,1.187
88.000	9715.07916	164.498245	3.94680323	34.3852013	9917.90940713	-1.834e-16	57532	12.103	11.996	12.018	0.875	4.1896	0.7261	-9.3903	0.8500	0.8542	1.05188	1.64874	11.2266	11.2032	11.3434	-0.14907	-0.28788	-0.14571	-0.11556	-0.36555	0.045335
# CONV t=88.00 cond=0 evap=0 rough=4.71936 back_s=0.615569
# RAD t=88.00 0.75:0.01947,-0.09515,0.5879,15.31 2.25:0.03173,0.3723,0.7553,57.17 3.75:0.006503,0.64,0.9186,54.81 5.25:0.09352,0.2863,0.9927,20.97 6.75:0.08326,0.203,1.0027,8.057 8.25:0.08574,0.213,1.0031,3.6 9.75:0.08176,0.1552,1.0021,2.423 11.25:0.06677,0.1345,1.0013,1.212
89.000	9715.12555	159.934028	4.24424173	38.6055834	9917.90940713	-1.834e-16	57528	12.096	11.974	12.008	0.885	4.1896	0.7262	-9.7404	0.8500	0.8543	1.05156	1.64872	11.2043	11.4584	11.4376	-0.39195	-0.057276	-0.48396	0.02099	-0.20458	0.26161
# CONV t=89.00 cond=0 evap=0 rough=5.07507 back_s=0.661965
# RAD t=89.00 0.75:0.01659,0.0735,0.5842,15.43 2.25:0.02824,0.343,0.7557,57 3.75:-0.0007677,0.7161,0.9187,53.61 5.25:0.09694,0.3464,0.9926,19.33 6.75:0.08305,0.2209,1.0027,6.965 8.25:0.08599,0.2152,1.0031,2.93 9.75:0.08181,0.1396,1.0021,2.455 11.25:0.06672,0.1164,1.0013,1.182
90.000	9715.12555	162.944964	4.23254978	35.6063391	9917.90940713	0.000e+00	57528	12.104	11.974	12.021	0.881	4.1896	0.7263	-9.5709	0.8500	0.8544	1.05153	1.64870	11.2145	11.4598	11.4561	-0.032511	0.13243	-0.12779	0.17744	0.014648	0.21082
# CONV t=90.00 cond=0 evap=0 rough=5.07507 back_s=0.661965
# RAD t=90.00 0.75:0.01281,0.06174,0.5807,15.63 2.25:0.02325,0.1815,0.7562,57.35 3.75:0.01212,0.921,0.9184,54.87 5.25:0.08609,0.4018,0.9926,19.89 6.75:0.08277,0.2515,1.0027,7.248 8.25:0.08397,0.183,1.0031,3.14 9.75:0.0815,0.1542,1.0021,2.58 11.25:0.06665,0.1043,1.0013,1.24
91.000	9715.12555	162.470168	4.22096481	36.0927207	9917.90940713	-1.834e-16	57524	12.125	11.962	12.010	0.877	3.1017	0.7265	-9.4979	0.8500	0.8547	1.05090	1.64868	11.2244	11.4657	11.4617	-0.19807	0.05157	-0.1733	0.18612	0.16554	-0.13071
# CONV t=91.00 cond=0 evap=0 rough=5.07507 back_s=0.661965
# RAD t=91.00 0.75:0.01252,0.009802,0.5771,15.7 2.25:0.02062,0.2478,0.7568,56.93 3.75:0.01646,0.7391,0.9181,54.7 5.25:0.07381,0.4731,0.9925,19.5 6.75:0.08148,0.3181,1.0027,7.387 8.25:0.08357,0.1518,1.0031,3.233 9.75:0.08065,0.1699,1.0021,2.71 11.25:0.06664,0.1015,1.0013,1.247
92.000	9715.17657	161.589866	4.54935049	36.5936165	9917.90940713	-3.668e-16	57522	12.103	11.974	12.021	0.872	4.1896	0.7270	-9.8754	0.8501	0.8552	1.05761	1.64867	11.2209	11.4203	11.3994	-0.26304	-0.23976	0.13671	0.12717	0.25204	0.12484
# CONV t=92.00 cond=0 evap=0 rough=5.46622 back_s=0.712985
# RAD t=92.00 0.75:0.006903,0.06378,0.5745,15.66 2.25:0.03305,0.1843,0.7580,56.94 3.75:0.02097,0.5064,0.9180,53.06 5.25:0.06406,0.5351,0.9923,19.78 6.75:0.08007,0.3868,1.0027,7.584 8.25:0.0842,0.1832,1.0031,3.478 9.75:0.08008,0.1603,1.0021,2.687 11.25:0.06679,0.104,1.0013,1.285
93.000	9715.17657	165.06601	4.53726293	33.1295602	9917.90940713	-1.834e-16	57522	12.108	12.004	12.010	0.869	2.2804	0.7269	-9.791	0.8501	0.8551	1.05774	1.64865	11.2295	11.4330	11.4083	-0.3919	0.029098	0.18297	0.16147	0.17932	0.044483
# CONV t=93.00 cond=0 evap=0 rough=5.46622 back_s=0.712985
# RAD t=93.00 0.75:0.004596,0.08035,0.5721,15.63 2.25:0.02558,0.2946,0.7587,57.25 3.75:0.02531,0.2773,0.9177,54.66 5.25:0.0615,0.4572,0.9922,20.5 6.75:0.07957,0.4006,1.0027,8 8.25:0.08464,0.2539,1.0031,4.028 9.75:0.07981,0.1425,1.0021,2.63 11.25:0.06696,0.115,1.0013,1.249
94.000	9715.27633	165.599861	5.18990323	31.8433113	9917.90940713	-1.834e-16	57521	12.084	11.988	12.026	0.869	5.1087	0.7273	-10.772	0.8501	0.8556	1.05980	1.64863	11.2769	11.2461	11.7290	-0.2658	0.19285	0.0699	0.34502	0.090845	-0.48798
# CONV t=94.00 cond=0 evap=0 rough=6.23102 back_s=0.812742
# RAD t=94.00 0.75:0.003802,0.1748,0.5701,15.64 2.25:0.01835,0.4103,0.7600,56.74 3.75:0.02037,0.2061,0.9175,55.7 5.25:0.05961,0.3035,0.9922,20.4 6.75:0.07588,0.3892,1.0027,7.963 8.25:0.0837,0.2951,1.0031,4.027 9.75:0.0797,0.1561,1.0021,2.681 11.25:0.06664,0.1221,1.0013,1.289
95.000	9715.27633	159.126779	5.17735665	38.3289399	9917.90940713	-1.834e-16	57528	12.069	11.956	12.019	0.881	5.1087	0.7271	-10.892	0.8501	0.8553	1.06160	1.64862	11.2975	11.2608	11.7035	-0.1637	-0.053093	-0.09085	0.46553	0.35198	-0.79857
# CONV t=95.00 cond=0 evap=0 rough=6.23102 back_s=0.812742
# RAD t=95.00 0.75:0.0005475,-0.02784,0.5697,15.45 2.25:0.007389,0.5736,0.7606,54.98 3.75:0.01893,0.287,0.9172,54.95 5.25:0.06092,0.3333,0.9920,18.89 6.75:0.07378,0.4012,1.0028,6.523 8.25:0.08369,0.3166,1.0031,3.255 9.75:0.08005,0.197,1.0021,2.593 11.25:0.06614,0.1164,1.0013,1.291
96.000	9715.27633	162.956671	5.16481565	34.5115897	9917.90940713	0.000e+00	57524	12.044	11.946	12.032	0.874	5.1087	0.7267	-11.166	0.8501	0.8549	1.06020	1.64861	11.3224	11.2836	11.6739	-0.29108	-0.027032	0.037625	0.46704	0.30786	-0.65468
# CONV t=96.00 cond=0 evap=0 rough=6.23102 back_s=0.812742
# RAD t=96.00 0.75:0.005461,-0.02944,0.5697,15.42 2.25:-0.01241,0.4862,0.7615,55.23 3.75:0.02299,0.3511,0.9166,56.08 5.25:0.05967,0.45,0.9920,20.01 6.75:0.07334,0.4155,1.0028,7.379 8.25:0.08251,0.3532,1.0031,3.69 9.75:0.08033,0.2251,1.0021,2.596 11.25:0.06622,0.1181,1.0013,1.286
97.000	9715.27633	160.197488	5.15220951	37.2833786	9917.90940713	-1.834e-16	57522	12.071	11.978	11.981	0.874	3.6178	0.7264	-11.39	0.8501	0.8545	1.05804	1.64859	11.3496	11.3074	11.6583	0.02518	0.029752	0.06762	0.4303	0.28677	-0.32924
# CONV t=97.00 cond=0 evap=0 rough=6.23102 back_s=0.812742
# RAD t=97.00 0.75:0.00813,-0.03394,0.5696,15.41 2.25:-0.01796,0.2624,0.7624,55.17 3.75:0.02279,0.4157,0.9158,54.81 5.25:0.06245,0.3277,0.9920,18.76 6.75:0.07291,0.4329,1.0028,6.994 8.25:0.08046,0.3674,1.0031,3.844 9.75:0.07963,0.2295,1.0021,2.575 11.25:0.06634,0.1367,1.0014,1.371
98.000	9715.27633	164.748703	5.13922419	32.7451491	9917.90940713	-1.834e-16	57523	12.071	11.999	11.978	0.869	3.0646	0.7261	-11.622	0.8501	0.8541	1.05652	1.64858	11.3728	11.3328	11.6585	0.10704	-0.030616	0.062558	0.31978	0.3715	0.020531
# CONV t=98.00 cond=0 evap=0 rough=6.23102 back_s=0.812742
# RAD t=98.00 0.75:0.01033,-0.1882,0.5692,15.42 2.25:-0.01426,0.1831,0.7634,55.09 3.75:0.01385,0.2781,0.9151,57 5.25:0.06558,0.2554,0.9920,20.08 6.75:0.07057,0.4398,1.0028,7.483 8.25:0.0775,0.3502,1.0031,4.386 9.75:0.07819,0.2315,1.0021,2.564 11.25:0.06613,0.1479,1.0014,1.47
99.000	9715.27633	163.976439	5.12567546	33.5309613	9917.90940713	-1.834e-16	57521	12.083	12.004	11.990	0.870	3.0646	0.7256	-11.912	0.8501	0.8535	1.05179	1.64857	11.3898	11.3581	11.6685	0.085474	0.25719	-0.15082	0.17728	0.45186	0.21192
# CONV t=99.00 cond=0 evap=0 rough=6.23102 back_s=0.812742
# RAD t=99.00 0.75:0.0123,-0.1537,0.5688,15.39 2.25:-0.01128,0.2305,0.7644,54.77 3.75:0.006198,-0.0243,0.9145,56.63 5.25:0.07302,0.3372,0.9920,20.33 6.75:0.06881,0.3608,1.0028,7.424 8.25:0.07699,0.3455,1.0030,4.103 9.75:0.07809,0.2419,1.0022,2.58 11.25:0.06568,0.1447,1.0014,1.486
100.000	9715.27633	161.438016	5.1117426	36.0833179	9917.90940713	0.000e+00	57521	12.077	11.990	12.026	0.874	3.0646	0.7249	-12.173	0.8501	0.8528	1.04766	1.64855	11.4008	11.3849	11.6794	-0.054493	0.17499	-0.20065	0.051339	0.55733	0.15748
# CONV t=100.00 cond=0 evap=0 rough=6.23102 back_s=0.812742
# RAD t=100.00 0.75:0.01311,-0.06705,0.5682,15.43 2.25:-0.004562,0.2522,0.7651,55.43 3.75:0.002319,0.02027,0.9141,54.77 5.25:0.07098,0.3333,0.9919,19.84 6.75:0.06841,0.2916,1.0028,6.998 8.25:0.07664,0.3424,1.0030,3.804 9.75:0.07758,0.2527,1.0022,2.462 11.25:0.0659,0.1497,1.0014,1.404
101.000	9715.31935	165.569667	5.38424421	31.6361461	9917.90940713	-1.834e-16	57529	12.062	12.015	12.029	0.866	3.0646	0.7244	-12.676	0.8501	0.8521	1.04704	1.64853	11.4334	11.4977	11.5643	0.16244	0.19008	-0.21196	-0.16582	0.64021	0.067222
# CONV t=101.00 cond=0 evap=0 rough=6.56083 back_s=0.855761
# RAD t=101.00 0.75:0.01236,-0.03104,0.5673,15.57 2.25:0.006371,0.3488,0.7661,56.13 3.75:-0.002022,0.2784,0.9140,55.07 5.25:0.06165,0.2637,0.9918,21.31 6.75:0.0663,0.3251,1.0028,7.891 8.25:0.07443,0.3253,1.0030,4.365 9.75:0.07694,0.2578,1.0022,2.447 11.25:0.06586,0.1632,1.0014,1.457
102.000	9715.31935	165.098235	5.36924349	32.1225787	9917.90940713	-1.834e-16	57530	12.065	12.039	12.018	0.863	3.3076	0.7240	-12.637	0.8501	0.8517	1.04854	1.64852	11.4282	11.5259	11.5703	0.0028329	0.22043	0.04695	-0.20255	0.44557	0.13734
# CONV t=102.00 cond=0 evap=0 rough=6.56083 back_s=0.855761
# RAD t=102.00 0.75:0.01415,0.06553,0.5658,15.68 2.25:0.00668,0.3051,0.7659,54.98 3.75:0.007781,0.5061,0.9141,55.04 5.25:0.05623,0.2401,0.9917,21.4 6.75:0.06327,0.3589,1.0028,8.119 8.25:0.07247,0.3108,1.0030,4.52 9.75:0.07548,0.2565,1.0022,2.524 11.25:0.06584,0.1732,1.0014,1.484
103.000	9715.31935	157.626396	5.35332986	39.6103315	9917.90940713	-1.834e-16	57529	12.063	12.021	11.981	0.878	3.3076	0.7237	-12.535	0.8501	0.8514	1.05378	1.64851	11.4191	11.5448	11.5811	0.39988	0.34247	-0.076431	-0.32887	0.22585	0.093201
# CONV t=103.00 cond=0 evap=0 rough=6.56083 back_s=0.855761
# RAD t=103.00 0.75:0.01634,0.05927,0.5636,15.72 2.25:0.006974,0.4714,0.7661,53.53 3.75:0.006487,0.4519,0.9140,53.98 5.25:0.05789,0.235,0.9915,19.17 6.75:0.06276,0.3658,1.0028,6.354 8.25:0.07306,0.2928,1.0030,3.481 9.75:0.07561,0.2531,1.0022,2.483 11.25:0.0656,0.184,1.0014,1.522
104.000	9715.36341	160.594899	5.6302534	36.3208438	9917.90940713	-3.668e-16	57530	12.094	12.005	11.997	0.873	3.3076	0.7237	-12.778	0.8501	0.8513	1.05683	1.64850	11.3235	11.5650	11.6112	0.25112	0.138	0.04087	-0.25327	0.20126	-0.035897
# CONV t=104.00 cond=0 evap=0 rough=6.89863 back_s=0.899822
# RAD t=104.00 0.75:0.01826,0.018,0.5605,16.02 2.25:0.01313,0.5366,0.7675,53.28 3.75:0.0004162,0.3347,0.9139,55.49 5.25:0.05178,0.2776,0.9914,19.68 6.75:0.06114,0.3585,1.0027,6.972 8.25:0.07175,0.2674,1.0030,3.747 9.75:0.07631,0.2579,1.0022,2.41 11.25:0.06501,0.185,1.0014,1.592
105.000	9715.41643	157.522876	5.96602338	39.0040756	9917.90940713	-3.668e-16	57530	12.102	12.004	12.017	0.879	3.3076	0.7238	-13.19	0.8501	0.8514	1.05730	1.64849	11.2644	11.7167	11.5540	-0.1203	0.15538	-0.08971	0.096126	0.021172	-0.331
# CONV t=105.00 cond=0 evap=0 rough=7.30513 back_s=0.952844
# RAD t=105.00 0.75:0.0177,0.05453,0.5575,16.14 2.25:0.01714,0.03103,0.7691,52.45 3.75:0.01263,0.6883,0.9137,55.14 5.25:0.04053,0.3204,0.9913,18.45 6.75:0.05969,0.3062,1.0027,6.138 8.25:0.07003,0.2476,1.0030,3.577 9.75:0.0757,0.2626,1.0022,2.532 11.25:0.06411,0.1657,1.0014,1.632
106.000	9715.41643	156.189674	5.94777777	40.3555226	9917.90940713	-1.834e-16	57531	12.091	12.049	12.022	0.883	3.1432	0.7237	-13.167	0.8501	0.8514	1.05661	1.64848	11.2714	11.7155	11.5429	-0.17402	0.08915	0.06967	0.15507	-0.075496	-0.52479
# CONV t=106.00 cond=0 evap=0 rough=7.30513 back_s=0.952844
# RAD t=106.00 0.75:0.01574,0.06915,0.5544,16.21 2.25:0.01481,0.02892,0.7702,52.38 3.75:0.02079,0.7211,0.9133,54.43 5.25:0.0417,0.2989,0.9912,18.71 6.75:0.06072,0.2714,1.0027,5.74 8.25:0.06946,0.2409,1.0030,3.247 9.75:0.07599,0.2528,1.0022,2.297 11.25:0.06331,0.1453,1.0014,1.681
107.000	9715.41643	156.266572	5.92963114	40.2967718	9917.90940713	-3.668e-16	57531	12.093	12.050	11.990	0.887	3.1015	0.7237	-13.15	0.8501	0.8513	1.05637	1.64846	11.2769	11.7115	11.5207	-0.24018	-0.047944	0.21606	0.20354	-0.041923	-0.61062
# CONV t=107.00 cond=0 evap=0 rough=7.30513 back_s=0.952844
# RAD t=107.00 0.75:0.01391,0.05835,0.5517,16.33 2.25:0.01614,0.216,0.7710,52.33 3.75:0.02354,0.3489,0.9129,55.06 5.25:0.04327,0.2761,0.9912,18.61 6.75:0.05909,0.302,1.0027,5.406 8.25:0.06926,0.2476,1.0030,3.061 9.75:0.07667,0.2375,1.0022,2.315 11.25:0.06303,0.1381,1.0014,1.618
108.000	9715.41643	161.225955	5.91188003	35.3551396	9917.90940713	-1.834e-16	57534	12.087	12.028	12.005	0.878	3.3076	0.7236	-13.136	0.8501	0.8512	1.05661	1.64845	11.2836	11.7058	11.5014	-0.042856	-0.060251	0.28126	0.11625	-0.10357	-0.31047
# CONV t=108.00 cond=0 evap=0 rough=7.30513 back_s=0.952844
# RAD t=108.00 0.75:0.013,0.01816,0.5494,16.25 2.25:0.01587,0.03553,0.7717,52.9 3.75:0.02994,0.2747,0.9125,56.88 5.25:0.0394,0.2402,0.9912,19.39 6.75:0.05867,0.3422,1.0027,6.34 8.25:0.06582,0.2519,1.0030,3.689 9.75:0.07482,0.2298,1.0022,2.469 11.25:0.06344,0.1477,1.0014,1.683
109.000	9715.46329	152.17108	6.2067983	44.0682436	9917.90940713	-3.668e-16	57534	12.122	12.022	11.992	0.891	3.3076	0.7236	-13.482	0.8501	0.8512	1.05564	1.64844	11.4360	11.7289	11.4319	0.093685	-0.27242	-0.062987	-0.019863	-0.21145	-0.16916
# CONV t=109.00 cond=0 evap=0 rough=7.66434 back_s=0.999697
# RAD t=109.00 0.75:0.01247,-0.02912,0.5468,16.29 2.25:0.007234,-0.004527,0.7729,52.04 3.75:0.05607,0.4106,0.9122,54.15 5.25:0.04521,0.241,0.9912,16.53 6.75:0.0592,0.3335,1.0027,4.774 8.25:0.06592,0.2423,1.0030,2.654 9.75:0.07378,0.2362,1.0022,2.317 11.25:0.06368,0.1677,1.0014,1.762
110.000	9715.46329	155.380455	6.18937121	40.8762954	9917.90940713	0.000e+00	57530	12.116	12.018	12.001	0.886	3.3076	0.7235	-13.624	0.8501	0.8511	1.05822	1.64842	11.4365	11.7254	11.4274	0.20051	-0.040503	-0.35459	-0.12055	0.1896	-0.15868
# CONV t=110.00 cond=0 evap=0 rough=7.66434 back_s=0.999697
# RAD t=110.00 0.75:0.01204,-0.001887,0.5447,16.15 2.25:-0.001485,-0.06666,0.7732,51.93 3.75:0.06946,0.5538,0.9120,55.48 5.25:0.04462,0.332,0.9912,17.68 6.75:0.05788,0.3207,1.0026,5.452 8.25:0.06587,0.2368,1.0030,2.945 9.75:0.07238,0.2537,1.0022,2.329 11.25:0.06337,0.1732,1.0014,1.75
111.000	9715.50415	156.674728	6.4438511	39.2866802	9917.90940713	0.000e+00	57528	12.085	12.014	12.012	0.887	3.3076	0.7236	-14.054	0.8501	0.8512	1.06315	1.64841	11.4166	11.7665	11.3287	0.085156	-0.19388	-0.4455	0.091583	0.54653	-0.01507
# CONV t=111.00 cond=0 evap=0 rough=7.97762 back_s=1.04056
# RAD t=111.00 0.75:0.009556,0.0312,0.5434,16.06 2.25:-0.009503,-0.07771,0.7738,51.6 3.75:0.0651,0.5346,0.9119,56.46 5.25:0.04684,0.4093,0.9912,18.29 6.75:0.05675,0.3525,1.0026,5.452 8.25:0.06592,0.2485,1.0030,2.881 9.75:0.06939,0.2583,1.0022,2.433 11.25:0.06394,0.1685,1.0014,1.755
112.000	9715.50415	154.391015	6.42533474	41.5889099	9917.90940713	0.000e+00	57525	12.107	12.047	12.020	0.886	3.3076	0.7237	-13.995	0.8501	0.8513	1.06309	1.64840	11.4265	11.7881	11.3393	0.27041	-0.22184	-0.51442	0.3133	0.53615	0.20571
# CONV t=112.00 cond=0 evap=0 rough=7.97762 back_s=1.04056
# RAD t=112.00 0.75:0.006467,-0.07355,0.5423,15.91 2.25:-0.01874,-0.00937,0.7746,50.91 3.75:0.05287,0.5818,0.9115,55.59 5.25:0.05324,0.4114,0.9911,17.77 6.75:0.05638,0.3724,1.0026,5.231 8.25:0.06632,0.2598,1.0029,2.929 9.75:0.06854,0.2509,1.0022,2.542 11.25:0.0638,0.179,1.0014,1.814
113.000	9715.50415	154.490045	6.40669458	41.50852	9917.90940713	-1.834e-16	57526	12.061	12.026	12.024	0.890	3.9303	0.7237	-13.93	0.8501	0.8513	1.06384	1.64839	11.4468	11.8095	11.3589	0.03793	-0.046927	-0.2069	0.65146	0.59106	0.47304
# CONV t=113.00 cond=0 evap=0 rough=7.97762 back_s=1.04056
# RAD t=113.00 0.75:0.005951,-0.08748,0.5412,15.84 2.25:-0.02308,-0.04491,0.7755,50.69 3.75:0.05484,0.4796,0.9110,56.33 5.25:0.05875,0.3685,0.9911,17.87 6.75:0.056,0.3566,1.0026,4.877 8.25:0.06683,0.2553,1.0029,2.673 9.75:0.06868,0.2568,1.0022,2.624 11.25:0.06297,0.1909,1.0015,1.822
114.000	9715.50415	157.551338	6.38790164	38.4660195	9917.90940713	-1.834e-16	57532	12.064	12.005	12.021	0.881	3.9303	0.7237	-13.945	0.8501	0.8513	1.06453	1.64838	11.4753	11.8314	11.3869	-0.27559	0.12625	-0.35533	0.76511	0.54386	0.67767
# CONV t=114.00 cond=0 evap=0 rough=7.97762 back_s=1.04056
# RAD t=114.00 0.75:0.005657,0.04355,0.5402,15.89 2.25:-0.0294,-0.0518,0.7762,50.56 3.75:0.05351,0.1251,0.9105,56.78 5.25:0.05403,0.4359,0.9911,19.11 6.75:0.0557,0.3441,1.0026,5.622 8.25:0.06482,0.2474,1.0029,3.175 9.75:0.06794,0.2539,1.0022,2.791 11.25:0.06205,0.1923,1.0015,1.819
115.000	9715.50415	153.405033	6.36869461	42.6315317	9917.90940713	-1.834e-16	57534	12.093	12.035	11.989	0.887	3.1015	0.7236	-13.931	0.8501	0.8512	1.06493	1.64837	11.5014	11.8496	11.4191	-0.14678	-0.067072	-0.23274	0.56214	0.46166	0.69417
# CONV t=115.00 cond=0 evap=0 rough=7.97762 back_s=1.04056
# RAD t=115.00 0.75:0.0008839,0.04228,0.5390,15.73 2.25:-0.02609,-0.07358,0.7769,50.1 3.75:0.04011,0.005401,0.9101,55.78 5.25:0.05887,0.5036,0.9910,17.96 6.75:0.05714,0.3392,1.0026,4.775 8.25:0.06682,0.2369,1.0029,2.721 9.75:0.06812,0.2225,1.0022,2.678 11.25:0.0608,0.2034,1.0015,1.824
116.000	9715.50415	157.632687	6.34923719	38.4233358	9917.90940713	-3.668e-16	57534	12.094	12.001	11.973	0.878	3.1015	0.7234	-13.883	0.8501	0.8510	1.06458	1.64835	11.5209	11.8654	11.4480	-0.16024	-0.043107	-0.24925	0.29698	0.43597	0.57556
# CONV t=116.00 cond=0 evap=0 rough=7.97762 back_s=1.04056
# RAD t=116.00 0.75:-0.001878,-0.02709,0.5382,15.8 2.25:-0.01671,-0.00976,0.7777,50.68 3.75:0.03067,0.03087,0.9098,56.54 5.25:0.05211,0.3852,0.9909,19.1 6.75:0.05763,0.3352,1.0026,5.504 8.25:0.06341,0.2331,1.0029,3.311 9.75:0.06898,0.2061,1.0022,2.898 11.25:0.06013,0.2172,1.0015,1.892
117.000	9715.55572	156.424869	6.67277322	39.2560411	9917.90940713	-1.834e-16	57534	12.090	12.019	11.990	0.882	3.6292	0.7232	-13.773	0.8501	0.8508	1.06331	1.64834	11.6507	11.7926	11.3611	-0.21078	-0.085769	-0.025838	0.26251	0.50084	0.19485
# CONV t=117.00 cond=0 evap=0 rough=8.37303 back_s=1.09213
# RAD t=117.00 0.75:-2.688e-05,-0.02284,0.5376,15.8 2.25:-0.01159,0.07685,0.7780,50.34 3.75:0.01105,-0.09108,0.9100,55.96 5.25:0.05356,0.2971,0.9908,19.29 6.75:0.05809,0.3166,1.0026,5.02 8.25:0.06251,0.2742,1.0029,3.125 9.75:0.06897,0.2162,1.0022,3.084 11.25:0.05922,0.2083,1.0015,1.885
118.000	9715.55572	159.662444	6.6507049	36.0405351	9917.90940713	0.000e+00	57536	12.072	12.013	12.006	0.876	3.6292	0.7231	-14.267	0.8501	0.8506	1.06078	1.64832	11.6657	11.8105	11.3676	-0.20523	0.1779	-0.13709	0.0014806	0.36589	-0.10571
# CONV t=118.00 cond=0 evap=0 rough=8.37303 back_s=1.09213
# RAD t=118.00 0.75:-0.0008371,-0.007931,0.5370,15.68 2.25:-0.004003,0.003403,0.7781,50.89 3.75:0.009222,0.01526,0.9101,56.3 5.25:0.05277,0.3648,0.9906,20.62 6.75:0.05838,0.2882,1.0026,5.705 8.25:0.06111,0.3106,1.0029,3.51 9.75:0.06901,0.2179,1.0022,3.163 11.25:0.05873,0.1877,1.0015,1.813
119.000	9715.55572	158.413651	6.62787768	37.3121553	9917.90940713	-1.834e-16	57534	12.060	12.031	12.015	0.873	3.6292	0.7231	-14.33	0.8501	0.8506	1.06130	1.64831	11.6792	11.8301	11.3743	-0.023855	-0.015892	-0.24186	0.12041	0.38949	-0.011224
# CONV t=119.00 cond=0 evap=0 rough=8.37303 back_s=1.09213
# RAD t=119.00 0.75:-0.0006357,-0.05293,0.5362,15.83 2.25:0.007656,-0.1133,0.7781,50.63 3.75:-0.005071,0.2929,0.9102,55.03 5.25:0.05322,0.5008,0.9904,20.39 6.75:0.05855,0.282,1.0026,5.839 8.25:0.05966,0.279,1.0029,3.742 9.75:0.06804,0.2171,1.0022,3.191 11.25:0.05861,0.1777,1.0015,1.767
120.000	9715.59644	162.323911	6.87723256	33.1118189	9917.90940713	-1.834e-16	57531	12.047	12.016	12.013	0.865	3.9117	0.7237	-14.789	0.8501	0.8513	1.06439	1.64831	11.7478	11.8382	11.4218	-0.028582	0.05118	-0.048202	0.32396	0.53956	0.369
# CONV t=120.00 cond=0 evap=0 rough=8.68523 back_s=1.13286
# RAD t=120.00 0.75:0.002205,-0.1269,0.5386,15.97 2.25:0.01472,0.08066,0.7784,50.8 3.75:-0.007839,0.3813,0.9100,56.3 5.25:0.05326,0.451,0.9903,21.21 6.75:0.05777,0.3039,1.0026,6.87 8.25:0.05773,0.2482,1.0029,4.433 9.75:0.06687,0.2292,1.0022,2.941 11.25:0.05854,0.1768,1.0015,1.763
121.000	9715.59644	166.046922	6.85521674	29.4108233	9917.90940713	-1.834e-16	57532	12.069	11.999	12.007	0.860	3.3076	0.7237	-14.785	0.8501	0.8514	1.06054	1.64830	11.7663	11.8585	11.4365	0.03976	-0.10633	0.072558	0.19479	0.29696	0.18511
# CONV t=121.00 cond=0 evap=0 rough=8.68523 back_s=1.13286
# RAD t=121.00 0.75:0.001127,-0.004896,0.5362,16.11 2.25:0.03991,0.4896,0.7788,51.24 3.75:-0.021,0.2964,0.9098,57.99 5.25:0.04517,0.3208,0.9903,21.62 6.75:0.05607,0.3435,1.0026,7.661 8.25:0.0572,0.2642,1.0029,4.831 9.75:0.06616,0.2321,1.0022,2.817 11.25:0.05827,0.1756,1.0015,1.732
122.000	9715.59644	157.630595	6.832751	37.8496165	9917.90940713	-1.834e-16	57529	12.011	12.028	12.034	0.877	3.3076	0.7237	-14.764	0.8501	0.8513	1.05624	1.64830	11.7812	11.8647	11.4414	-0.10297	-0.25399	0.49733	0.12029	0.058918	-0.032007
# CONV t=122.00 cond=0 evap=0 rough=8.68523 back_s=1.13286
# RAD t=122.00 0.75:-0.0004463,0.119,0.5342,16.13 2.25:0.04948,0.4765,0.7794,50.28 3.75:-0.0192,0.2178,0.9094,55.81 5.25:0.0377,0.3555,0.9903,19.36 6.75:0.05596,0.3277,1.0026,5.887 8.25:0.05814,0.2926,1.0029,3.518 9.75:0.06613,0.2179,1.0022,2.71 11.25:0.05784,0.17,1.0015,1.798
123.000	9715.59644	157.590744	6.81138537	37.9108331	9917.90940713	-1.834e-16	57532	11.998	12.046	12.033	0.880	3.3076	0.7237	-14.684	0.8501	0.8513	1.05364	1.64829	11.7956	11.8614	11.4415	0.19378	-0.10797	0.3648	0.029635	-0.086837	0.0032461
# CONV t=123.00 cond=0 evap=0 rough=8.68523 back_s=1.13286
# RAD t=123.00 0.75:-0.004572,0.1251,0.5333,16.24 2.25:0.05886,0.2182,0.7798,50.84 3.75:-0.02464,0.3163,0.9091,55.48 5.25:0.03506,0.3973,0.9902,19.67 6.75:0.0574,0.2448,1.0026,5.583 8.25:0.05934,0.3084,1.0029,3.245 9.75:0.06606,0.2187,1.0022,2.527 11.25:0.05756,0.1607,1.0015,1.859
124.000	9715.59644	153.761966	6.79219085	41.7588056	9917.90940713	-1.834e-16	57532	12.046	12.039	12.017	0.888	3.3076	0.7235	-14.632	0.8501	0.8511	1.05309	1.64828	11.8069	11.8568	11.4431	-0.012281	-0.10883	-0.03683	-0.041133	-0.075268	0.25113
# CONV t=124.00 cond=0 evap=0 rough=8.68523 back_s=1.13286
# RAD t=124.00 0.75:-0.005613,0.08423,0.5327,16.24 2.25:0.06007,0.1016,0.7800,50.66 3.75:-0.02482,0.4422,0.9089,54.6 5.25:0.02643,0.3425,0.9902,18.15 6.75:0.0591,0.2075,1.0026,4.761 8.25:0.05945,0.2832,1.0029,2.637 9.75:0.0652,0.244,1.0022,2.571 11.25:0.05751,0.1587,1.0015,1.902
125.000	9715.59644	153.215783	6.7735665	42.3236128	9917.90940713	-1.834e-16	57533	12.063	12.019	12.031	0.885	3.3076	0.7233	-14.641	0.8501	0.8508	1.05220	1.64827	11.8152	11.8574	11.4525	0.40559	0.14554	0.1936	-0.09565	0.011825	0.39978
# CONV t=125.00 cond=0 evap=0 rough=8.68523 back_s=1.13286
# RAD t=125.00 0.75:-0.00547,0.07361,0.5320,16.32 2.25:0.05197,0.1399,0.7801,50.4 3.75:-0.01331,0.4219,0.9086,54.59 5.25:0.01941,0.264,0.9902,17.62 6.75:0.05831,0.2472,1.0026,4.813 8.25:0.06009,0.2433,1.0028,2.54 9.75:0.06534,0.2589,1.0022,2.693 11.25:0.05745,0.1677,1.0015,1.955
126.000	9715.59644	157.578991	6.7533846	37.980587	9917.90940713	-1.834e-16	57537	12.032	12.010	12.041	0.877	3.3076	0.7230	-14.771	0.8501	0.8505	1.05162	1.64825	11.8199	11.8617	11.4646	0.059352	-0.14472	-0.0083623	-0.19629	-0.032104	0.22802
# CONV t=126.00 cond=0 evap=0 rough=8.68523 back_s=1.13286
# RAD t=126.00 0.75:-0.004738,0.02742,0.5311,16.33 2.25:0.04366,0.1709,0.7801,51.27 3.75:-0.005413,0.447,0.9084,55.52 5.25:0.02106,0.2711,0.9903,18.68 6.75:0.05464,0.2794,1.0026,5.519 8.25:0.05917,0.2352,1.0028,3.042 9.75:0.06419,0.2496,1.0022,2.924 11.25:0.05694,0.1759,1.0015,2.024
127.000	9715.59644	155.486326	6.73151982	40.0951164	9917.90940713	-1.834e-16	57535	12.056	12.037	12.046	0.877	3.3076	0.7229	-14.93	0.8501	0.8503	1.05326	1.64823	11.8187	11.8632	11.4691	0.011668	-0.35344	0.23206	-0.27911	-0.20953	0.018544
# CONV t=127.00 cond=0 evap=0 rough=8.68523 back_s=1.13286
# RAD t=127.00 0.75:-0.00353,-0.005334,0.5299,16.33 2.25:0.03893,0.07175,0.7800,51.09 3.75:-0.005829,0.4826,0.9082,54.7 5.25:0.03653,0.3196,0.9903,17.57 6.75:0.05159,0.2687,1.0026,5.386 8.25:0.06084,0.2355,1.0028,3.066 9.75:0.06258,0.2363,1.0022,2.923 11.25:0.05716,0.1803,1.0015,2.066
128.000	9715.63651	158.601667	6.97626688	36.6949657	9917.90940713	-3.668e-16	57530	12.071	12.007	12.046	0.872	3.3180	0.7232	-15.523	0.8501	0.8507	1.05923	1.64822	11.8530	11.9088	11.4715	0.090764	-0.05403	0.079468	-0.15711	-0.44276	0.0648
# CONV t=128.00 cond=0 evap=0 rough=8.99238 back_s=1.17292
# RAD t=128.00 0.75:-0.002394,-0.06198,0.5283,16.31 2.25:0.03085,0.06214,0.7806,51.05 3.75:-0.01015,0.4468,0.9081,55.88 5.25:0.04169,0.212,0.9903,18.66 6.75:0.04652,0.2511,1.0025,5.808 8.25:0.05981,0.2417,1.0028,3.468 9.75:0.06077,0.2241,1.0022,2.98 11.25:0.05716,0.1837,1.0015,2.077
129.000	9715.63651	161.986989	6.95412583	33.3317843	9917.90940713	-1.834e-16	57531	12.056	12.012	12.013	0.864	3.3180	0.7230	-15.652	0.8501	0.8505	1.05981	1.64820	11.8557	11.8954	11.4802	0.30983	0.18029	0.060365	0.16579	-0.36713	0.19291
# CONV t=129.00 cond=0 evap=0 rough=8.99238 back_s=1.17292
# RAD t=129.00 0.75:-0.004292,-0.01457,0.5272,16.24 2.25:0.02948,0.2086,0.7808,51.47 3.75:-0.003003,0.3569,0.9080,55.74 5.25:0.04215,0.1236,0.9902,20.3 6.75:0.04425,0.2162,1.0025,6.564 8.25:0.05998,0.2716,1.0028,4.09 9.75:0.05914,0.2039,1.0022,3.153 11.25:0.05683,0.1808,1.0015,1.992
130.000	9715.63651	168.033336	6.93187965	27.3076836	9917.90940713	-1.834e-16	57529	12.061	11.999	12.012	0.855	3.3180	0.7229	-15.633	0.8501	0.8503	1.05973	1.64819	11.8621	11.8848	11.4904	0.19958	-0.016528	0.086132	0.2142	-0.33645	0.087853
# CONV t=130.00 cond=0 evap=0 rough=8.99238 back_s=1.17292
# RAD t=130.00 0.75:-0.003947,0.06116,0.5264,16.11 2.25:0.03216,-0.007567,0.7807,52.44 3.75:-0.003283,0.2422,0.9081,56.95 5.25:0.03922,0.139,0.9901,22.44 6.75:0.04119,0.1848,1.0025,7.659 8.25:0.0588,0.2908,1.0028,4.643 9.75:0.05825,0.1895,1.0022,3.255 11.25:0.05609,0.1762,1.0015,2.061
131.000	9715.63651	154.445795	6.90943159	40.9176732	9917.90940713	0.000e+00	57529	12.090	12.029	12.040	0.881	3.3180	0.7227	-15.515	0.8501	0.8500	1.05834	1.64818	11.8686	11.8768	11.4919	0.34624	-0.35785	0.23285	0.07403	-0.22927	-0.045305
# CONV t=131.00 cond=0 evap=0 rough=8.99238 back_s=1.17292
# RAD t=131.00 0.75:-0.004637,0.04464,0.5268,15.7 2.25:0.03256,0.09414,0.7805,51.16 3.75:0.005812,0.06623,0.9084,53.33 5.25:0.031,0.1452,0.9899,18.61 6.75:0.04325,0.1793,1.0025,4.995 8.25:0.05846,0.2762,1.0028,3.13 9.75:0.05759,0.204,1.0022,2.977 11.25:0.05594,0.1716,1.0015,2.054
132.000	9715.63651	156.070744	6.88756098	39.3145943	9917.90940713	-1.834e-16	57531	12.078	12.036	12.042	0.880	3.3180	0.7222	-15.313	0.8501	0.8495	1.05716	1.64817	11.8730	11.8737	11.4876	0.15942	-0.10067	0.15666	0.024057	-0.10634	-0.062963
# CONV t=132.00 cond=0 evap=0 rough=8.99238 back_s=1.17292
# RAD t=132.00 0.75:-0.005807,-0.03216,0.5286,15.57 2.25:0.03221,0.2944,0.7799,51.68 3.75:0.006057,-0.03403,0.9088,53.96 5.25:0.02844,0.1549,0.9897,19.01 6.75:0.04642,0.1833,1.0025,5.404 8.25:0.05786,0.2477,1.0028,3.142 9.75:0.05845,0.2278,1.0022,2.746 11.25:0.05608,0.161,1.0015,2.03
133.000	9715.63651	152.265138	6.86659315	43.1411684	9917.90940713	-1.834e-16	57531	12.074	12.066	12.033	0.884	3.3076	0.7218	-15.087	0.8501	0.8490	1.05556	1.64816	11.8759	11.8742	11.4832	-0.10369	0.26563	-0.12432	0.065606	-0.10186	-0.027776
# CONV t=133.00 cond=0 evap=0 rough=8.99238 back_s=1.17292
# RAD t=133.00 0.75:-0.006522,0.002867,0.5308,15.55 2.25:0.03071,0.1423,0.7792,51.61 3.75:-0.001059,0.04196,0.9091,52.2 5.25:0.02919,0.1842,0.9895,17.96 6.75:0.04688,0.2447,1.0024,4.743 8.25:0.05827,0.2213,1.0028,2.705 9.75:0.05788,0.2356,1.0022,2.707 11.25:0.05618,0.1584,1.0016,2.142
134.000	9715.63651	155.332367	6.84574635	40.0947861	9917.90940713	-3.668e-16	57527	12.065	12.055	12.031	0.880	3.3076	0.7212	-14.911	0.8501	0.8483	1.05352	1.64815	11.8774	11.8752	11.4817	-0.16178	0.093852	0.19143	0.1248	-0.11333	0.029339
# CONV t=134.00 cond=0 evap=0 rough=8.99238 back_s=1.17292
# RAD t=134.00 0.75:-0.006997,0.07494,0.5330,15.58 2.25:0.03787,0.002763,0.7786,52.12 3.75:-0.01516,0.05235,0.9091,53.46 5.25:0.02775,0.2458,0.9895,18.48 6.75:0.0459,0.2997,1.0024,5.096 8.25:0.0575,0.2046,1.0028,3.002 9.75:0.05613,0.2419,1.0022,2.861 11.25:0.05627,0.1648,1.0016,2.1
135.000	9715.60726	157.423356	6.62942137	38.2493682	9917.90940713	-1.834e-16	57530	12.061	12.030	12.058	0.875	3.3076	0.7206	-14.523	0.8501	0.8476	1.05239	1.64814	11.8628	11.8880	11.5559	0.20193	-0.089629	-0.21893	0.14318	-0.042657	0.069904
# CONV t=135.00 cond=0.19497 evap=0 rough=8.99238 back_s=1.17292
# RAD t=135.00 0.75:-0.008639,0.004902,0.5354,15.67 2.25:0.04855,0.04065,0.7778,52.24 3.75:-0.0266,-0.1218,0.9088,54.37 5.25:0.02728,0.2831,0.9895,18.58 6.75:0.04215,0.2709,1.0024,5.587 8.25:0.05744,0.2097,1.0028,3.205 9.75:0.05496,0.2424,1.0022,2.953 11.25:0.05561,0.161,1.0016,2.152
136.000	9715.60726	155.862056	6.60747134	39.8326178	9917.90940713	-1.834e-16	57528	12.061	12.042	12.041	0.881	3.3076	0.7199	-14.489	0.8501	0.8468	1.05106	1.64812	11.8602	11.8909	11.5538	0.082845	-0.19139	-0.086143	0.09612	0.015916	-0.035991
# CONV t=136.00 cond=0.19497 evap=0 rough=8.99238 back_s=1.17292
# RAD t=136.00 0.75:-0.006502,-0.04241,0.5375,15.8 2.25:0.04115,0.07553,0.7770,51.98 3.75:-0.02205,-0.2915,0.9087,54.61 5.25:0.02122,0.2566,0.9896,17.66 6.75:0.0397,0.2264,1.0023,4.968 8.25:0.05716,0.2245,1.0028,3.023 9.75:0.05431,0.2319,1.0022,2.89 11.25:0.05483,0.157,1.0016,2.25
137.000	9715.60726	161.069556	6.58521489	34.6473739	9917.90940713	0.000e+00	57532	12.066	12.011	12.035	0.873	3.3076	0.7194	-14.554	0.8501	0.8462	1.05099	1.64811	11.8555	11.8915	11.5466	0.18987	-0.10982	-0.034308	-0.030862	0.019932	-0.15267
# CONV t=137.00 cond=0.19497 evap=0 rough=8.99238 back_s=1.17292
# RAD t=137.00 0.75:-0.00433,0.04925,0.5389,15.93 2.25:0.03475,0.001581,0.7760,52.4 3.75:-0.01713,-0.2412,0.9088,56.57 5.25:0.02023,0.2252,0.9897,18.76 6.75:0.03767,0.2233,1.0023,5.678 8.25:0.0559,0.2192,1.0028,3.649 9.75:0.05338,0.2393,1.0022,3.029 11.25:0.0542,0.1644,1.0016,2.31
138.000	9715.60726	158.364212	6.56343202	37.3745011	9917.90940713	0.000e+00	57530	12.074	12.019	12.029	0.871	3.3076	0.7189	-14.601	0.8501	0.8456	1.05134	1.64811	11.8508	11.8910	11.5359	0.22199	-0.32277	0.034339	-0.08088	0.099135	-0.29484
# CONV t=138.00 cond=0.19497 evap=0 rough=8.99238 back_s=1.17292
# RAD t=138.00 0.75:-0.004572,0.07204,0.5396,15.9 2.25:0.02953,-0.05504,0.7750,51.93 3.75:0.0004639,-0.06785,0.9090,54.89 5.25:0.01657,0.2606,0.9897,18.08 6.75:0.03483,0.2613,1.0022,5.864 8.25:0.05318,0.1986,1.0028,3.735 9.75:0.05287,0.2467,1.0022,3 11.25:0.05333,0.1768,1.0016,2.198
139.000	9715.60726	155.213441	6.5425069	40.5461974	9917.90940713	-1.834e-16	57531	12.064	12.036	12.048	0.879	3.3076	0.7186	-14.556	0.8501	0.8453	1.05210	1.64810	11.8480	11.8941	11.5223	0.39567	-0.1311	0.065077	-0.073955	0.29116	-0.32229
# CONV t=139.00 cond=0.19497 evap=0 rough=8.99238 back_s=1.17292
# RAD t=139.00 0.75:-0.006718,0.01662,0.5400,15.76 2.25:0.02298,-0.02718,0.7738,51.94 3.75:0.02785,-0.01105,0.9093,53.76 5.25:0.01358,0.2906,0.9898,17.62 6.75:0.03251,0.2878,1.0022,5.169 8.25:0.05516,0.1866,1.0028,3.301 9.75:0.05375,0.2184,1.0022,2.723 11.25:0.05224,0.1956,1.0016,2.137
140.000	9715.60726	159.105704	6.52213009	36.6743114	9917.90940713	-1.834e-16	57534	12.073	12.016	12.045	0.873	3.3076	0.7185	-14.501	0.8501	0.8451	1.05391	1.64809	11.8437	11.9018	11.5100	0.079371	-0.12879	0.01967	-0.13648	0.40127	-0.15976
# CONV t=140.00 cond=0.19497 evap=0 rough=8.99238 back_s=1.17292
# RAD t=140.00 0.75:-0.008432,-0.0264,0.5402,15.86 2.25:0.01552,0.1135,0.7727,52.35 3.75:0.0484,0.00871,0.9097,54.91 5.25:0.01073,0.2722,0.9898,18.77 6.75:0.02813,0.274,1.0022,5.871 8.25:0.05427,0.2033,1.0028,3.597 9.75:0.05514,0.1869,1.0022,2.697 11.25:0.0512,0.2089,1.0016,2.154
141.000	9715.60726	155.067612	6.50197786	40.7325549	9917.90940713	-1.834e-16	57536	12.070	12.019	12.060	0.878	3.3076	0.7184	-14.363	0.8501	0.8451	1.05561	1.64808	11.8339	11.9120	11.5034	0.23668	0.27979	0.31222	-0.26787	0.42225	-0.037096
# CONV t=141.00 cond=0.19497 evap=0 rough=8.99238 back_s=1.17292
# RAD t=141.00 0.75:-0.008286,-0.05533,0.5391,15.83 2.25:0.00483,0.1875,0.7721,51.54 3.75:0.05832,0.1367,0.9099,53.81 5.25:0.01404,0.2224,0.9898,17.53 6.75:0.02787,0.2302,1.0021,5.198 8.25:0.05318,0.2534,1.0027,3.233 9.75:0.0564,0.1864,1.0022,2.777 11.25:0.04954,0.2001,1.0016,2.188
142.000	9715.60726	154.956946	6.48163327	40.8635658	9917.90940713	-1.834e-16	57535	12.085	12.026	12.024	0.880	3.3076	0.7184	-14.128	0.8502	0.8451	1.05734	1.64807	11.8193	11.9246	11.5002	0.33175	0.1367	0.009989	-0.40361	0.4853	-0.049109
# CONV t=142.00 cond=0.19497 evap=0 rough=8.99238 back_s=1.17292
# RAD t=142.00 0.75:-0.005213,-0.03171,0.5372,16.04 2.25:-0.0004194,0.03801,0.7717,51.66 3.75:0.0478,0.3036,0.9102,53.82 5.25:0.01701,0.1798,0.9897,17.15 6.75:0.02989,0.1705,1.0021,4.88 8.25:0.05027,0.2727,1.0027,3.25 9.75:0.0569,0.2035,1.0022,2.874 11.25:0.04824,0.1819,1.0016,2.274
143.000	9715.60726	160.115855	6.46079333	35.7254963	9917.90940713	-1.834e-16	57541	12.088	12.027	12.013	0.873	3.3076	0.7184	-13.897	0.8502	0.8451	1.05726	1.64806	11.8011	11.9408	11.4982	0.084122	-0.077734	-0.026484	-0.48559	0.53539	-0.043131
# CONV t=143.00 cond=0.19497 evap=0 rough=8.99238 back_s=1.17292
# RAD t=143.00 0.75:-0.002575,-0.002116,0.5348,16.13 2.25:0.006773,-0.06434,0.7714,52.04 3.75:0.04431,0.3372,0.9106,55.55 5.25:0.01213,0.1715,0.9896,18.77 6.75:0.03111,0.1376,1.0021,5.73 8.25:0.04709,0.2199,1.0027,3.813 9.75:0.05631,0.2134,1.0022,2.894 11.25:0.04767,0.1658,1.0016,2.18
144.000	9715.60726	160.050067	6.4396925	35.8123853	9917.90940713	-1.834e-16	57539	12.074	12.009	12.043	0.869	3.3076	0.7184	-13.729	0.8502	0.8450	1.05465	1.64805	11.7810	11.9585	11.4983	0.20436	-0.19872	-0.055421	-0.48621	0.48034	0.019211
# CONV t=144.00 cond=0.19497 evap=0 rough=8.99238 back_s=1.17292
# RAD t=144.00 0.75:-0.000221,-0.02435,0.5327,16.14 2.25:0.01123,0.0363,0.7712,52.76 3.75:0.04522,0.1925,0.9108,53.92 5.25:0.01555,0.1692,0.9895,19.12 6.75:0.03052,0.1269,1.0021,5.843 8.25:0.0445,0.1745,1.0027,4.052 9.75:0.05483,0.1995,1.0022,2.976 11.25:0.04787,0.1544,1.0016,2.188
145.000	9715.64919	157.139856	6.69821701	38.4221485	9917.90940713	0.000e+00	57540	12.059	12.006	12.042	0.873	3.3076	0.7185	-13.886	0.8502	0.8451	1.05213	1.64804	11.7539	11.9751	11.4340	0.16686	0.027447	-0.32021	-0.45555	0.62652	0.07339
# CONV t=145.00 cond=0.19497 evap=0 rough=9.31379 back_s=1.21484
# RAD t=145.00 0.75:0.000358,-0.01878,0.5311,16.07 2.25:0.02744,0.2008,0.7713,53.06 3.75:0.03576,0.05499,0.9110,52.82 5.25:0.02025,0.1502,0.9895,18.15 6.75:0.02955,0.1159,1.0020,5.318 8.25:0.04491,0.173,1.0027,3.707 9.75:0.05374,0.17,1.0022,2.797 11.25:0.04902,0.1621,1.0016,2.127
146.000	9715.64919	154.483376	6.67758376	41.0992623	9917.90940713	0.000e+00	57539	12.096	12.040	12.023	0.875	3.3076	0.7181	-13.773	0.8502	0.8447	1.05136	1.64803	11.7384	12.0026	11.4394	0.18684	0.49946	-0.14667	-0.25982	0.68077	0.23096
# CONV t=146.00 cond=0.19497 evap=0 rough=9.31379 back_s=1.21484
# RAD t=146.00 0.75:0.001819,0.02867,0.5300,15.98 2.25:0.02453,0.0851,0.7703,52.78 3.75:0.04409,0.1486,0.9114,51.98 5.25:0.0192,0.1065,0.9895,16.89 6.75:0.02904,0.1234,1.0020,5.192 8.25:0.04465,0.156,1.0026,3.551 9.75:0.05386,0.1543,1.0022,2.777 11.25:0.04971,0.1793,1.0016,2.228
147.000	9715.64919	155.972109	6.65700488	39.6311085	9917.90940713	-1.834e-16	57538	12.075	12.075	12.026	0.873	3.3076	0.7178	-13.721	0.8502	0.8444	1.05259	1.64802	11.7295	12.0281	11.4475	-0.11823	0.11304	-0.25879	-0.087994	0.58218	0.29907
# CONV t=147.00 cond=0.19497 evap=0 rough=9.31379 back_s=1.21484
# RAD t=147.00 0.75:0.001387,0.07757,0.5297,15.81 2.25:0.0237,0.01348,0.7693,53.22 3.75:0.04261,0.2248,0.9117,52.56 5.25:0.01323,0.1009,0.9895,17.11 6.75:0.02838,0.1463,1.0020,5.259 8.25:0.0437,0.1324,1.0026,3.77 9.75:0.05317,0.1673,1.0022,2.87 11.25:0.04933,0.1749,1.0016,2.256
148.000	9715.64919	158.539136	6.63616398	37.0849222	9917.90940713	-1.834e-16	57537	12.078	12.052	12.044	0.867	3.3076	0.7175	-13.551	0.8502	0.8440	1.05195	1.64801	11.7261	12.0491	11.4572	0.20089	0.1093	-0.26135	0.02576	0.47186	0.31378
# CONV t=148.00 cond=0.19497 evap=0 rough=9.31379 back_s=1.21484
# RAD t=148.00 0.75:0.0003837,0.1286,0.5299,15.6 2.25:0.01636,0.0792,0.7685,53.88 3.75:0.04669,0.1833,0.9118,52.73 5.25:0.01379,0.1567,0.9895,17.92 6.75:0.02526,0.1567,1.0020,5.955 8.25:0.04279,0.138,1.0026,4.234 9.75:0.05279,0.1892,1.0022,2.848 11.25:0.04843,0.156,1.0016,2.281
149.000	9715.64919	161.104832	6.61547355	34.5399166	9917.90940713	-1.834e-16	57534	12.084	12.020	12.029	0.866	3.3076	0.7172	-13.314	0.8502	0.8436	1.05243	1.64799	11.7255	12.0677	11.4702	-0.21947	-0.020237	-0.13645	0.097045	0.39749	0.39616
# CONV t=149.00 cond=0.19497 evap=0 rough=9.31379 back_s=1.21484
# RAD t=149.00 0.75:-0.002613,0.07098,0.5307,15.37 2.25:0.01519,0.1092,0.7676,54.68 3.75:0.04219,0.2393,0.9121,53.63 5.25:0.01482,0.197,0.9895,18.7 6.75:0.02315,0.1623,1.0020,5.91 8.25:0.0407,0.1535,1.0026,4.276 9.75:0.05197,0.1871,1.0022,3.013 11.25:0.04801,0.1459,1.0016,2.414
150.000	9715.62273	160.113826	6.41897309	35.7538767	9917.90940713	0.000e+00	57530	12.074	11.994	12.033	0.869	3.3076	0.7166	-12.807	0.8502	0.8429	1.05016	1.64799	11.7313	12.0856	11.5293	-0.13104	0.013408	0.26317	0.22909	0.22436	0.39977
# CONV t=150.00 cond=0.371328 evap=0 rough=9.31379 back_s=1.21484
# RAD t=150.00 0.75:-0.006425,-0.005453,0.5322,15.06 2.25:0.01588,0.1488,0.7661,54.74 3.75:0.03596,0.3744,0.9125,53.08 5.25:0.01319,0.2503,0.9894,19.08 6.75:0.0233,0.1861,1.0020,5.557 8.25:0.04053,0.183,1.0026,3.922 9.75:0.05135,0.1643,1.0022,2.939 11.25:0.04778,0.1372,1.0016,2.539
151.000	9715.62273	156.480947	6.3990236	39.4067049	9917.90940713	0.000e+00	57533	12.080	12.035	12.023	0.874	3.3076	0.7164	-12.665	0.8502	0.8427	1.05027	1.64797	11.7382	12.0886	11.5467	-0.082156	-0.20439	0.14218	0.30356	0.074442	0.41089
# CONV t=151.00 cond=0.371328 evap=0 rough=9.31379 back_s=1.21484
# RAD t=151.00 0.75:-0.009666,0.01368,0.5344,14.88 2.25:0.02603,0.0946,0.7649,54.99 3.75:0.01474,0.4568,0.9130,51.27 5.25:0.02233,0.3011,0.9893,18.2 6.75:0.02533,0.1807,1.0019,5.24 8.25:0.04299,0.2234,1.0026,3.637 9.75:0.05152,0.1564,1.0022,2.731 11.25:0.04805,0.1294,1.0016,2.309
152.000	9715.62273	158.620932	6.37891785	37.2868261	9917.90940713	0.000e+00	57534	12.067	12.020	12.034	0.867	3.3076	0.7162	-12.578	0.8502	0.8425	1.04960	1.64797	11.7477	12.0860	11.5626	-0.022775	0.11043	0.48161	0.28368	-0.1311	0.23909
# CONV t=152.00 cond=0.371328 evap=0 rough=9.31379 back_s=1.21484
# RAD t=152.00 0.75:-0.01059,0.02907,0.5369,14.8 2.25:0.02964,0.0888,0.7642,55.28 3.75:-0.00199,0.4696,0.9133,51 5.25:0.01856,0.2913,0.9892,19.18 6.75:0.02956,0.1554,1.0019,5.838 8.25:0.0415,0.2262,1.0025,4.107 9.75:0.05176,0.1736,1.0022,2.754 11.25:0.04782,0.1352,1.0016,2.406
153.000	9715.62273	159.056629	6.35882923	36.8712172	9917.90940713	-1.834e-16	57531	12.081	12.006	12.041	0.865	3.3076	0.7160	-12.548	0.8502	0.8422	1.04815	1.64795	11.7577	12.0786	11.5722	0.020423	0.40646	0.079106	0.24317	-0.33325	0.092635
# CONV t=153.00 cond=0.371328 evap=0 rough=9.31379 back_s=1.21484
# RAD t=153.00 0.75:-0.01197,0.009938,0.5394,14.72 2.25:0.03534,0.05165,0.7637,54.93 3.75:-0.009275,0.4308,0.9134,52.06 5.25:0.01982,0.2813,0.9891,18.74 6.75:0.02816,0.1767,1.0019,6.049 8.25:0.03998,0.1924,1.0025,4.089 9.75:0.05133,0.1929,1.0022,2.837 11.25:0.04726,0.1451,1.0016,2.338
154.000	9715.62273	159.711581	6.338932	36.236163	9917.90940713	-1.834e-16	57536	12.095	12.005	12.022	0.866	3.3076	0.7157	-12.506	0.8502	0.8419	1.04585	1.64794	11.7661	12.0652	11.5778	-0.077365	0.45047	0.3524	0.15183	-0.48839	-0.0030423
# CONV t=154.00 cond=0.371328 evap=0 rough=9.31379 back_s=1.21484
# RAD t=154.00 0.75:-0.01241,0.0157,0.5419,14.7 2.25:0.03051,0.02413,0.7633,54.47 3.75:-0.007853,0.3213,0.9134,52.93 5.25:0.01375,0.2864,0.9890,19.08 6.75:0.02355,0.1807,1.0019,6.044 8.25:0.03847,0.1712,1.0025,3.853 9.75:0.04995,0.1995,1.0022,2.94 11.25:0.04659,0.1494,1.0016,2.436
155.000	9715.62273	158.865968	6.3188731	37.1018348	9917.90940713	-1.834e-16	57533	12.081	12.010	12.027	0.871	3.3076	0.7154	-12.38	0.8502	0.8415	1.04432	1.64793	11.7716	12.0481	11.5808	-0.069805	0.26038	-0.059142	0.079912	-0.53985	-0.027303
# CONV t=155.00 cond=0.371328 evap=0 rough=9.31379 back_s=1.21484
# RAD t=155.00 0.75:-0.01314,0.003969,0.5444,14.7 2.25:0.03393,-0.001377,0.7629,54.52 3.75:-0.01285,0.233,0.9134,52.66 5.25:0.006848,0.2556,0.9890,19.29 6.75:0.02251,0.1374,1.0019,5.544 8.25:0.03727,0.1756,1.0025,3.535 9.75:0.04842,0.1964,1.0022,2.927 11.25:0.047,0.1477,1.0016,2.391
156.000	9715.62273	157.799345	6.29845014	38.1888803	9917.90940713	-1.834e-16	57536	12.084	12.038	12.041	0.873	3.3076	0.7151	-12.076	0.8502	0.8411	1.04300	1.64793	11.7793	12.0343	11.5851	-0.04676	-0.14805	-0.47115	0.18493	-0.45639	0.1238
# CONV t=156.00 cond=0.371328 evap=0 rough=9.31379 back_s=1.21484
# RAD t=156.00 0.75:-0.01234,-0.009469,0.5466,14.73 2.25:0.03224,-0.04952,0.7623,54.54 3.75:-0.02136,0.1338,0.9136,51.97 5.25:0.008121,0.2034,0.9889,18.94 6.75:0.02458,0.1375,1.0019,5.44 8.25:0.03738,0.1846,1.0025,3.525 9.75:0.04713,0.1814,1.0022,2.96 11.25:0.04725,0.1422,1.0016,2.37
157.000	9715.62273	153.540187	6.27832954	42.4681594	9917.90940713	0.000e+00	57541	12.091	12.021	12.037	0.881	3.3701	0.7150	-11.794	0.8502	0.8410	1.04583	1.64792	11.7927	12.0241	11.5959	0.16503	-0.20019	0.20294	0.28974	-0.45219	0.30692
# CONV t=157.00 cond=0.371328 evap=0 rough=9.31379 back_s=1.21484
# RAD t=157.00 0.75:-0.01123,-0.01708,0.5480,14.62 2.25:0.02531,-0.1237,0.7617,54.5 3.75:-0.02471,-0.03138,0.9136,50.62 5.25:0.02373,0.1897,0.9889,17.7 6.75:0.02494,0.1818,1.0018,4.467 8.25:0.03801,0.1708,1.0025,3.039 9.75:0.04639,0.1743,1.0022,2.881 11.25:0.04701,0.1437,1.0016,2.333
158.000	9715.62273	155.466107	6.25883953	40.5617291	9917.90940713	0.000e+00	57542	12.075	12.024	12.039	0.876	3.3701	0.7150	-11.611	0.8502	0.8410	1.05007	1.64791	11.8070	12.0094	11.6114	-0.030738	-0.061054	0.21454	0.24912	-0.54432	0.39905
# CONV t=158.00 cond=0.371328 evap=0 rough=9.31379 back_s=1.21484
# RAD t=158.00 0.75:-0.01014,-0.02009,0.5485,14.76 2.25:0.02345,-0.1486,0.7613,54.69 3.75:-0.02138,-0.1766,0.9136,50.99 5.25:0.02718,0.1848,0.9890,18.06 6.75:0.02421,0.2017,1.0018,4.837 8.25:0.03739,0.132,1.0025,3.327 9.75:0.04485,0.2006,1.0022,3.03 11.25:0.04641,0.1436,1.0016,2.352
159.000	9715.62273	155.804104	6.23926597	40.2433055	9917.90940713	-1.834e-16	57542	12.062	12.019	12.049	0.873	3.3701	0.7151	-11.437	0.8502	0.8411	1.05200	1.64790	11.8186	11.9901	11.6267	-0.36317	-1.0818e-05	0.28926	0.20561	-0.50277	0.42849
# CONV t=159.00 cond=0.371328 evap=0 rough=9.31379 back_s=1.21484
# RAD t=159.00 0.75:-0.007511,-0.023,0.5491,14.67 2.25:0.0185,-0.1341,0.7609,54.03 3.75:-0.02205,-0.2245,0.9137,51.09 5.25:0.01825,0.1517,0.9889,18.72 6.75:0.02424,0.1911,1.0018,4.927 8.25:0.03582,0.1187,1.0025,3.368 9.75:0.04354,0.2094,1.0022,3.11 11.25:0.046,0.135,1.0016,2.422
160.000	9715.66743	151.71589	6.51737735	44.0087058	9917.90940713	-1.834e-16	57545	12.083	12.031	12.019	0.882	3.5614	0.7153	-11.667	0.8502	0.8414	1.05351	1.64790	11.9298	12.0261	11.6316	-0.12203	0.21901	0.056534	0.32817	-0.46776	0.5433
# CONV t=160.00 cond=0.371328 evap=0 rough=9.65651 back_s=1.25954
# RAD t=160.00 0.75:-0.005365,-0.03569,0.5497,14.6 2.25:0.02022,0.01447,0.7612,53.83 3.75:-0.02658,-0.2369,0.9138,50.89 5.25:0.01051,0.0927,0.9889,16.59 6.75:0.02507,0.1643,1.0018,4.306 8.25:0.0351,0.1441,1.0025,2.671 9.75:0.04313,0.1704,1.0022,2.882 11.25:0.04581,0.1386,1.0016,2.422
# RESULT exit_face E=0.20375 y=11.0607 z=11.3948
# RESULT es_shells 0.75:0.5497 2.25:0.7612 3.75:0.9138 5.25:0.9889 6.75:1.0018 8.25:1.0025 9.75:1.0022 11.25:1.0016
# RESULT conservation E0=9917.90940713 Efinal=9917.90940713 rel_drift=-1.834e-16
# RESULT roughness_radiated=9.65651 (dissonant dense deliveries converted to field, conserved)
# RESULT blob_drift v=(-0.00018,0.00061,0.00039) speed=0.00074 cos_to_kdir=0.0000
# RESULT curvature_fit defA_per_Em=0.29143 r2=0.8013 (linear defect ~ converted energy)
