# cellfab — v89 cell-fabric kernel (no lattice, no prior code)
# cfg seed=20260727 mode=field init=blob
# cfg L=24 dmin=1 r0=0.85 rjit=0.06
# cfg C=1 w1=1.65 w2=1.65 q_detune=1.2 gamma_res=0.25 gamma_res_m=0.1 p_gate=8
# cfg lock_floor=0.005
# cfg k_dep=1.2 k_dep_m=2 cap=2.5 e_s0=1 es_floor=0.05
# cfg e_cond=0 f_conv=0.25 f_evap=0.5 s_pull=0.15
# cfg kappa_lock=1 kappa_align=0.5 kappa_freq=0 kappa_reac=0 sigma_tumble=0.01
# cfg space: s_k=0.06 s_disp=0.3 es_gx=0
# cfg dt=0.02 T=80 diag_every=100 snap_every=0
# cfg center=(-1,-1,-1) amp=1.6 sigma=2.2 k=(0,0,0) prealign=0 noise_amp=0
# cfg music: comb_limit=6 rough_k=0.35 gamma_rough=0.5 mob_sym=1 mob_floor=0.004
# cfg field sector: two-component signed amplitude, unitary hops, field_J=1.8
# cfg ledger: mode=3 u=1.000e-12 (cellfabi INT_LEDGER)
# action atom: A0=1.1500 (dbar=1.5053) mode=2 — eps(w)=A0*w/2pi; atoms at mode boundaries, transport continuous
# edge coloring: 29 colors for 85886 links
# fabric: cells=9741 channels=85886 mean_degree=17.63 box=24 dmin=1
# LEDGER seed mode=3 u=1.000e-12 E0_int=9917909407125846 NC=9741 NL=85886
# LEDGER seed mode=3 u=1.000e-12 E0_int=9917909407125846 NC=9741 NL=85886
# t	E_space	E_dense	E_field	E_transfer	E_total	rel_drift	live_ch	cm_x	cm_y	cm_z	contain	front_r	r_core	defA	r_far	r_ratio	w_core	w_far
0.000	9714.46359	203.445818	0	0	9917.90940713	0.000e+00	57535	12.017	11.997	11.985	0.906	0.0000	0.7904	0	0.8498	0.9302	0.99690	1.65000	0.0000	0.0000	0.0000	0	0	0	0	0	0
# CONV t=0.00 cond=0 evap=0 rough=0 back_s=0
# LEDGER t=0.000 mode=3 sum_err=0 max|E-iEu|=5.000e-13 run_max_diff=0.000e+00 run_max_sum_err=0 steps=0 E0_int=9917909407125846 sum=9917909407125846
2.000	9714.46359	200.854484	0	2.59133399	9917.90940713	-1.100e-15	57539	12.017	11.995	11.986	0.907	0.0000	0.7860	-0.71549	0.8498	0.9249	0.99669	1.64998	0.0000	0.0000	0.0000	-0.032813	-0.055365	-0.014148	0	0	0
# CONV t=2.00 cond=0 evap=0 rough=0 back_s=0
# LEDGER t=2.000 mode=3 sum_err=0 max|E-iEu|=1.110e-16 run_max_diff=0.000e+00 run_max_sum_err=0 steps=100 E0_int=9917909407125846 sum=9917909407125846
4.000	9714.46359	198.774326	0	4.67149197	9917.90940713	-1.100e-15	57539	12.013	11.996	11.984	0.907	0.0000	0.7818	-1.4713	0.8498	0.9200	0.98974	1.64996	0.0000	0.0000	0.0000	-0.10231	-0.039353	-0.056996	0	0	0
# CONV t=4.00 cond=0 evap=0 rough=0 back_s=0
# LEDGER t=4.000 mode=3 sum_err=0 max|E-iEu|=1.110e-16 run_max_diff=0.000e+00 run_max_sum_err=0 steps=200 E0_int=9917909407125846 sum=9917909407125846
6.000	9714.46359	197.102981	0	6.3428368	9917.90940713	-1.100e-15	57536	12.010	11.991	11.981	0.907	0.0000	0.7774	-2.4733	0.8498	0.9149	0.97459	1.64993	0.0000	0.0000	0.0000	-0.091991	-0.062217	-0.18669	0	0	0
# CONV t=6.00 cond=0 evap=0 rough=0 back_s=0
# LEDGER t=6.000 mode=3 sum_err=0 max|E-iEu|=1.110e-16 run_max_diff=0.000e+00 run_max_sum_err=0 steps=300 E0_int=9917909407125846 sum=9917909407125846
8.000	9714.46359	196.229764	0	7.2160541	9917.90940713	-1.100e-15	57533	12.010	11.988	11.973	0.911	0.0000	0.7725	-3.297	0.8498	0.9090	0.95757	1.64991	0.0000	0.0000	0.0000	0.10265	-0.087856	-0.28871	0	0	0
# CONV t=8.00 cond=0 evap=0 rough=0 back_s=0
# LEDGER t=8.000 mode=3 sum_err=0 max|E-iEu|=1.180e-16 run_max_diff=0.000e+00 run_max_sum_err=0 steps=400 E0_int=9917909407125846 sum=9917909407125846
10.000	9714.46359	195.889763	0	7.55605559	9917.90940713	-1.100e-15	57526	12.016	11.986	11.970	0.919	0.0000	0.7674	-3.5481	0.8498	0.9030	0.94597	1.64990	0.0000	0.0000	0.0000	-0.083223	-0.047572	-0.21688	0	0	0
# CONV t=10.00 cond=0 evap=0 rough=0 back_s=0
# LEDGER t=10.000 mode=3 sum_err=0 max|E-iEu|=2.182e-16 run_max_diff=0.000e+00 run_max_sum_err=0 steps=500 E0_int=9917909407125846 sum=9917909407125846
12.000	9714.46359	196.335993	0	7.10982465	9917.90940713	-1.100e-15	57519	12.021	11.985	11.976	0.927	0.0000	0.7626	-3.8555	0.8498	0.8974	0.93544	1.64989	0.0000	0.0000	0.0000	0.25104	-0.010732	0.18032	0	0	0
# CONV t=12.00 cond=0 evap=0 rough=0 back_s=0
# LEDGER t=12.000 mode=3 sum_err=0 max|E-iEu|=2.087e-16 run_max_diff=0.000e+00 run_max_sum_err=0 steps=600 E0_int=9917909407125846 sum=9917909407125846
14.000	9714.46359	196.976362	0	6.46945602	9917.90940713	-1.100e-15	57524	12.023	11.987	11.976	0.936	0.0000	0.7580	-4.5249	0.8498	0.8920	0.92468	1.64988	0.0000	0.0000	0.0000	0.093885	0.23547	0.051215	0	0	0
# CONV t=14.00 cond=0 evap=0 rough=0 back_s=0
# LEDGER t=14.000 mode=3 sum_err=0 max|E-iEu|=2.092e-16 run_max_diff=0.000e+00 run_max_sum_err=0 steps=700 E0_int=9917909407125846 sum=9917909407125846
# QATOM t=14.64 dir=DF w=0.868862362 e=0.159026300798
16.000	9714.48433	197.150486	0.13828374	6.13630608	9917.90940713	9.170e-16	57522	12.018	11.991	11.976	0.942	0.0000	0.7535	-5.502	0.8498	0.8867	0.91722	1.64988	9.8922	11.7276	11.8629	0.0047849	0.12635	-0.059969	0.052096	0.012244	-0.079288
# CONV t=16.00 cond=0 evap=0 rough=0.159026 back_s=0.0207426
# LEDGER t=16.000 mode=3 sum_err=0 max|E-iEu|=4.989e-13 run_max_diff=1.494e-12 run_max_sum_err=0 steps=800 E0_int=9917909407125846 sum=9917909407125846
18.000	9714.50827	196.712755	0.297846365	6.39053977	9917.90940713	5.319e-15	57524	12.020	11.996	11.981	0.946	3.0499	0.7491	-6.611	0.8498	0.8815	0.91407	1.64987	10.1898	10.7054	11.0769	-0.15146	0.1037	0.15906	-0.011396	-0.11216	-0.08253
# CONV t=18.00 cond=0 evap=0 rough=0.342523 back_s=0.044677
# LEDGER t=18.000 mode=3 sum_err=0 max|E-iEu|=5.000e-13 run_max_diff=1.495e-12 run_max_sum_err=0 steps=900 E0_int=9917909407125846 sum=9917909407125846
20.000	9714.50827	196.040859	0.297846365	7.0624363	9917.90940713	1.027e-14	57520	12.020	11.997	11.985	0.948	0.0000	0.7447	-7.1525	0.8498	0.8763	0.91627	1.64987	10.2760	10.6374	11.0932	-0.5942	0.31756	0.62852	0.064482	0.0072008	0.042575
# CONV t=20.00 cond=0 evap=0 rough=0.342523 back_s=0.044677
# LEDGER t=20.000 mode=3 sum_err=0 max|E-iEu|=4.999e-13 run_max_diff=1.498e-12 run_max_sum_err=0 steps=1000 E0_int=9917909407125846 sum=9917909407125846
22.000	9714.63079	194.473023	1.11464294	7.69095528	9917.90940713	6.603e-15	57515	12.009	12.005	11.988	0.948	3.7108	0.7416	-8.4385	0.8498	0.8727	0.94037	1.64986	11.1563	11.8345	11.7643	-0.32154	-0.27128	-0.19507	-0.037868	0.20285	-0.23189
# CONV t=22.00 cond=0 evap=0 rough=1.28184 back_s=0.167196
# LEDGER t=22.000 mode=3 sum_err=0 max|E-iEu|=5.000e-13 run_max_diff=1.498e-12 run_max_sum_err=0 steps=1100 E0_int=9917909407125846 sum=9917909407125846
24.000	9714.72231	193.035461	1.72482251	8.42681158	9917.90940713	5.869e-15	57516	12.002	11.998	11.992	0.947	3.1015	0.7403	-8.7557	0.8498	0.8711	0.97246	1.64986	11.0643	11.8797	11.0532	-0.73468	0.53787	-0.1538	-0.23255	0.047868	0.032643
# CONV t=24.00 cond=0 evap=0 rough=1.98355 back_s=0.258723
# LEDGER t=24.000 mode=3 sum_err=0 max|E-iEu|=4.999e-13 run_max_diff=1.499e-12 run_max_sum_err=0 steps=1200 E0_int=9917909407125846 sum=9917909407125846
26.000	9714.89432	192.544253	2.87152636	7.59930995	9917.90940713	-5.135e-15	57511	11.995	11.990	11.987	0.943	3.3180	0.7398	-9.6161	0.8498	0.8705	0.99761	1.64986	11.4194	12.2980	11.3194	-0.61403	0.14988	0.31513	0.35874	-0.053954	-0.057297
# CONV t=26.00 cond=0 evap=0 rough=3.30226 back_s=0.430729
# LEDGER t=26.000 mode=3 sum_err=0 max|E-iEu|=5.000e-13 run_max_diff=1.499e-12 run_max_sum_err=0 steps=1300 E0_int=9917909407125846 sum=9917909407125846
28.000	9714.94582	191.75207	3.21485929	7.99666015	9917.90940713	-2.017e-15	57504	11.987	11.984	11.991	0.938	4.0390	0.7385	-10.443	0.8498	0.8690	1.00497	1.64985	11.4721	12.3056	11.6198	-0.38009	0.068455	-0.057487	0.097416	-0.09549	0.089263
# CONV t=28.00 cond=0 evap=0 rough=3.69709 back_s=0.482229
# LEDGER t=28.000 mode=3 sum_err=0 max|E-iEu|=5.000e-13 run_max_diff=1.499e-12 run_max_sum_err=0 steps=1400 E0_int=9917909407125846 sum=9917909407125846
30.000	9715.06191	189.975364	3.98879483	8.88334008	9917.90940713	-9.170e-16	57510	11.993	11.964	12.004	0.931	3.2137	0.7376	-12.199	0.8498	0.8679	1.01518	1.64985	11.3196	12.2811	11.8376	-0.48967	-0.11921	-0.22857	0.70272	-0.22759	0.48596
# CONV t=30.00 cond=0 evap=0 rough=4.58711 back_s=0.598319
# LEDGER t=30.000 mode=3 sum_err=0 max|E-iEu|=5.000e-13 run_max_diff=1.500e-12 run_max_sum_err=0 steps=1500 E0_int=9917909407125846 sum=9917909407125846
32.000	9715.08252	191.035975	4.12617999	7.66473576	9917.90940713	0.000e+00	57517	11.975	11.973	11.998	0.926	3.2137	0.7363	-12.821	0.8498	0.8664	1.02019	1.64984	11.4274	12.2526	11.8605	-0.2641	0.55032	0.30567	0.37548	0.20358	-0.036764
# CONV t=32.00 cond=0 evap=0 rough=4.74511 back_s=0.618927
# LEDGER t=32.000 mode=3 sum_err=0 max|E-iEu|=5.000e-13 run_max_diff=1.500e-12 run_max_sum_err=0 steps=1600 E0_int=9917909407125846 sum=9917909407125846
34.000	9715.18575	190.443415	4.81438019	7.46586619	9917.90940713	-5.686e-15	57513	11.977	11.981	11.993	0.923	3.5618	0.7345	-14.257	0.8498	0.8643	1.01898	1.64984	11.3730	12.1532	11.9663	0.37483	-0.46692	0.32729	0.3298	0.18461	-0.2833
# CONV t=34.00 cond=0 evap=0 rough=5.53654 back_s=0.722157
# LEDGER t=34.000 mode=3 sum_err=0 max|E-iEu|=4.998e-13 run_max_diff=1.500e-12 run_max_sum_err=0 steps=1700 E0_int=9917909407125846 sum=9917909407125846
36.000	9715.34157	189.183702	5.85317995	7.53095961	9917.90940713	-7.336e-16	57517	11.974	11.977	11.998	0.920	3.3500	0.7327	-16.009	0.8498	0.8622	1.01784	1.64983	11.5245	12.0890	11.8062	-0.028925	-0.16662	-0.14849	0.3869	-0.1301	-0.29233
# CONV t=36.00 cond=0 evap=0 rough=6.73116 back_s=0.877977
# LEDGER t=36.000 mode=3 sum_err=0 max|E-iEu|=5.000e-13 run_max_diff=1.500e-12 run_max_sum_err=0 steps=1800 E0_int=9917909407125846 sum=9917909407125846
38.000	9715.44648	187.717715	6.55261912	8.19259069	9917.90940713	-5.502e-15	57515	11.977	11.979	11.994	0.916	3.9503	0.7305	-16.516	0.8499	0.8596	1.00835	1.64982	11.8124	12.0660	11.8647	0.093824	-0.35569	-0.30784	0.88301	0.56674	-0.34177
# CONV t=38.00 cond=0 evap=0 rough=7.53551 back_s=0.982893
# LEDGER t=38.000 mode=3 sum_err=0 max|E-iEu|=4.999e-13 run_max_diff=1.500e-12 run_max_sum_err=0 steps=1900 E0_int=9917909407125846 sum=9917909407125846
40.000	9715.54744	187.149101	7.22569906	7.98716293	9917.90940713	-3.485e-15	57525	11.979	11.973	11.980	0.913	3.2137	0.7278	-17.253	0.8499	0.8564	1.00154	1.64981	11.9321	12.1975	11.8988	0.15309	-0.075366	0.090642	0.21613	0.85324	-0.38203
# CONV t=40.00 cond=0 evap=0 rough=8.30955 back_s=1.08385
# LEDGER t=40.000 mode=3 sum_err=0 max|E-iEu|=4.999e-13 run_max_diff=1.500e-12 run_max_sum_err=0 steps=2000 E0_int=9917909407125846 sum=9917909407125846
42.000	9715.70398	186.045691	8.26926987	7.89046674	9917.90940713	3.301e-15	57540	11.984	11.973	11.991	0.912	3.9245	0.7251	-18.656	0.8499	0.8532	0.99971	1.64980	11.9415	12.2457	11.9090	0.026014	-0.21283	-0.14049	-0.20333	0.54023	-0.17496
# CONV t=42.00 cond=0 evap=0 rough=9.50966 back_s=1.24039
# LEDGER t=42.000 mode=3 sum_err=0 max|E-iEu|=5.000e-13 run_max_diff=1.500e-12 run_max_sum_err=0 steps=2100 E0_int=9917909407125846 sum=9917909407125846
44.000	9715.75909	184.575441	8.63670516	8.93816616	9917.90940713	0.000e+00	57546	12.005	11.979	11.987	0.908	4.0390	0.7227	-19.489	0.8499	0.8504	1.00802	1.64979	11.8484	12.2007	11.9378	0.061789	0.020863	0.37758	-0.22119	0.41204	-0.1683
# CONV t=44.00 cond=0 evap=0 rough=9.93221 back_s=1.29551
# LEDGER t=44.000 mode=3 sum_err=0 max|E-iEu|=5.000e-13 run_max_diff=1.500e-12 run_max_sum_err=0 steps=2200 E0_int=9917909407125846 sum=9917909407125846
# QATOM t=44.88 dir=DF w=1.11679589 e=0.204405124668
46.000	9715.90594	182.414837	9.61568792	9.97293957	9917.90940713	-3.485e-15	57540	12.009	11.968	11.986	0.905	3.9245	0.7220	-21.68	0.8499	0.8496	1.02266	1.64977	11.8508	12.1965	11.9593	0.68558	0.4303	0.18241	0.62005	-0.62094	0.14019
# CONV t=46.00 cond=0 evap=0 rough=11.058 back_s=1.44235
# LEDGER t=46.000 mode=3 sum_err=0 max|E-iEu|=5.000e-13 run_max_diff=1.500e-12 run_max_sum_err=0 steps=2300 E0_int=9917909407125846 sum=9917909407125846
48.000	9716.04899	181.762428	10.5693451	9.52864297	9917.90940713	9.170e-16	57542	12.010	11.966	11.978	0.905	4.0390	0.7220	-23.418	0.8499	0.8496	1.03837	1.64975	11.9180	12.0873	12.0546	0.055568	-0.27887	-0.16372	0.74241	-1.2165	0.46387
# CONV t=48.00 cond=0 evap=0 rough=12.1547 back_s=1.5854
# LEDGER t=48.000 mode=3 sum_err=0 max|E-iEu|=4.999e-13 run_max_diff=1.500e-12 run_max_sum_err=0 steps=2400 E0_int=9917909407125846 sum=9917909407125846
50.000	9716.21009	180.435637	11.6433675	9.62030809	9917.90940713	1.834e-15	57547	12.000	11.959	11.989	0.900	4.0390	0.7219	-24.863	0.8499	0.8494	1.04196	1.64972	11.9340	12.0809	12.0302	0.31558	0.015165	0.026649	0.16814	-0.64601	1.0725
# CONV t=50.00 cond=0 evap=0 rough=13.3899 back_s=1.74651
# LEDGER t=50.000 mode=3 sum_err=0 max|E-iEu|=5.000e-13 run_max_diff=1.500e-12 run_max_sum_err=0 steps=2500 E0_int=9917909407125846 sum=9917909407125846
52.000	9716.3451	180.044505	12.5434286	8.97637038	9917.90940713	-1.467e-15	57550	12.028	11.976	11.982	0.896	4.0390	0.7221	-25.628	0.8499	0.8496	1.05263	1.64969	11.8707	12.0725	12.0651	0.01844	-0.03194	0.24063	0.56247	0.13208	0.57647
# CONV t=52.00 cond=0 evap=0 rough=14.4249 back_s=1.88151
# LEDGER t=52.000 mode=3 sum_err=0 max|E-iEu|=4.999e-13 run_max_diff=1.500e-12 run_max_sum_err=0 steps=2600 E0_int=9917909407125846 sum=9917909407125846
54.000	9716.41421	178.166697	13.0041499	10.3243484	9917.90940713	9.170e-16	57551	12.009	11.958	11.983	0.894	4.2690	0.7227	-25.507	0.8499	0.8503	1.05862	1.64966	11.9012	12.0845	12.0049	0.080979	-0.6	-0.16401	1.4307	1.195	-1.0729
# CONV t=54.00 cond=0 evap=0 rough=14.9548 back_s=1.95062
# LEDGER t=54.000 mode=3 sum_err=0 max|E-iEu|=5.000e-13 run_max_diff=1.500e-12 run_max_sum_err=0 steps=2700 E0_int=9917909407125846 sum=9917909407125846
56.000	9716.62042	176.900195	14.3789038	10.0098834	9917.90940713	-8.253e-15	57556	12.016	11.957	11.982	0.891	4.2690	0.7231	-27.02	0.8499	0.8507	1.06828	1.64963	12.0104	12.0334	11.9481	0.19982	-0.091029	0.00039929	1.5878	0.83511	-0.70081
# CONV t=56.00 cond=0 evap=0 rough=16.5357 back_s=2.15684
# LEDGER t=56.000 mode=3 sum_err=0 max|E-iEu|=5.000e-13 run_max_diff=1.500e-12 run_max_sum_err=0 steps=2800 E0_int=9917909407125846 sum=9917909407125846
58.000	9716.76521	175.688854	15.3441197	10.1112261	9917.90940713	5.135e-15	57557	12.015	11.952	11.983	0.890	4.6988	0.7237	-27.691	0.8499	0.8515	1.07635	1.64959	12.0636	12.1021	11.9424	0.48298	0.0032381	-0.079601	0.53031	-0.15597	-0.37573
# CONV t=58.00 cond=0 evap=0 rough=17.6457 back_s=2.30162
# LEDGER t=58.000 mode=3 sum_err=0 max|E-iEu|=4.999e-13 run_max_diff=1.500e-12 run_max_sum_err=0 steps=2900 E0_int=9917909407125846 sum=9917909407125846
60.000	9716.90401	175.041579	16.2694746	9.69434315	9917.90940713	-1.284e-15	57548	12.029	11.955	11.978	0.887	4.6988	0.7239	-29.115	0.8500	0.8517	1.07919	1.64955	11.9689	12.1439	11.9590	0.13562	-0.050079	-0.37711	1.0217	0.28063	0.26458
# CONV t=60.00 cond=0 evap=0 rough=18.7099 back_s=2.44042
# LEDGER t=60.000 mode=3 sum_err=0 max|E-iEu|=5.000e-13 run_max_diff=1.500e-12 run_max_sum_err=0 steps=3000 E0_int=9917909407125846 sum=9917909407125846
62.000	9716.90401	174.647733	16.2694746	10.0881896	9917.90940713	3.485e-15	57541	12.040	11.947	11.964	0.882	4.6988	0.7235	-29.566	0.8500	0.8512	1.07459	1.64952	12.0089	12.1658	11.9638	0.34611	0.29525	-0.10037	0.37155	0.26229	0.31527
# CONV t=62.00 cond=0 evap=0 rough=18.7099 back_s=2.44042
# LEDGER t=62.000 mode=3 sum_err=0 max|E-iEu|=5.000e-13 run_max_diff=1.500e-12 run_max_sum_err=0 steps=3100 E0_int=9917909407125846 sum=9917909407125846
64.000	9717.03373	174.157187	17.1342748	9.58421563	9917.90940713	-2.201e-15	57532	12.033	11.946	11.958	0.881	4.1008	0.7224	-31.422	0.8500	0.8499	1.07123	1.64948	12.0702	12.1872	12.0370	-0.069319	0.0011231	-0.18295	-0.25185	-0.58226	0.45855
# CONV t=64.00 cond=0 evap=0 rough=19.7044 back_s=2.57014
# LEDGER t=64.000 mode=3 sum_err=0 max|E-iEu|=5.000e-13 run_max_diff=1.500e-12 run_max_sum_err=0 steps=3200 E0_int=9917909407125846 sum=9917909407125846
66.000	9717.09257	174.240246	17.5265223	9.05007133	9917.90940713	-2.934e-15	57537	12.018	11.938	11.956	0.883	4.1008	0.7209	-32.432	0.8500	0.8481	1.06947	1.64943	12.0434	12.2426	12.0277	-0.13009	0.1687	-0.11496	-1.2323	0.27174	0.69108
# CONV t=66.00 cond=0 evap=0 rough=20.1555 back_s=2.62898
# LEDGER t=66.000 mode=3 sum_err=0 max|E-iEu|=5.000e-13 run_max_diff=1.500e-12 run_max_sum_err=0 steps=3300 E0_int=9917909407125846 sum=9917909407125846
68.000	9717.14725	172.205816	17.8910757	10.6652651	9917.90940713	3.668e-16	57546	12.019	11.946	11.942	0.885	4.0390	0.7197	-32.941	0.8500	0.8467	1.06740	1.64938	12.0377	12.2630	12.0160	0.27048	-0.026518	0.034465	-1.7664	0.68667	0.26631
# CONV t=68.00 cond=0 evap=0 rough=20.5747 back_s=2.68366
# LEDGER t=68.000 mode=3 sum_err=0 max|E-iEu|=4.998e-13 run_max_diff=1.500e-12 run_max_sum_err=0 steps=3400 E0_int=9917909407125846 sum=9917909407125846
# QATOM t=68.18 dir=DF w=1.24698443 e=0.228233297111
70.000	9717.25666	171.229558	18.6204956	10.8026905	9917.90940713	-6.419e-15	57543	12.021	11.954	11.946	0.882	4.2745	0.7199	-33.589	0.8500	0.8470	1.07139	1.64933	11.9783	12.2389	12.0350	0.13308	0.4282	0.22708	-1.1551	0.068617	-0.67739
# CONV t=70.00 cond=0 evap=0 rough=21.4136 back_s=2.79307
# LEDGER t=70.000 mode=3 sum_err=0 max|E-iEu|=4.999e-13 run_max_diff=1.500e-12 run_max_sum_err=0 steps=3500 E0_int=9917909407125846 sum=9917909407125846
72.000	9717.42829	169.675839	19.764702	11.0405721	9917.90940713	-4.035e-15	57552	12.019	11.952	11.935	0.883	4.4755	0.7200	-34.961	0.8500	0.8471	1.06736	1.64927	11.9683	12.1791	12.0350	0.21442	0.29617	-0.0022752	-0.73267	-0.33358	1.7101
# CONV t=72.00 cond=0 evap=0 rough=22.7294 back_s=2.96471
# LEDGER t=72.000 mode=3 sum_err=0 max|E-iEu|=5.000e-13 run_max_diff=1.500e-12 run_max_sum_err=0 steps=3600 E0_int=9917909407125846 sum=9917909407125846
74.000	9717.50607	168.801998	20.2832171	11.3181202	9917.90940713	-2.568e-15	57549	12.027	11.956	11.926	0.882	4.3240	0.7192	-35.702	0.8500	0.8461	1.06387	1.64923	11.9126	12.1281	12.1185	-0.05199	-0.045817	-0.17642	-1.699	-0.37907	2.4461
# CONV t=74.00 cond=0 evap=0 rough=23.3257 back_s=3.04248
# LEDGER t=74.000 mode=3 sum_err=0 max|E-iEu|=5.000e-13 run_max_diff=1.500e-12 run_max_sum_err=0 steps=3700 E0_int=9917909407125846 sum=9917909407125846
76.000	9717.5859	167.615131	20.8154022	11.8929742	9917.90940713	2.751e-15	57555	12.029	11.953	11.945	0.884	4.4755	0.7178	-36.54	0.8500	0.8444	1.06598	1.64918	11.9037	12.0938	12.1462	-0.46631	0.0015306	0.10745	-1.109	-0.63126	1.8396
# CONV t=76.00 cond=0 evap=0 rough=23.9377 back_s=3.12231
# LEDGER t=76.000 mode=3 sum_err=0 max|E-iEu|=5.000e-13 run_max_diff=1.500e-12 run_max_sum_err=0 steps=3800 E0_int=9917909407125846 sum=9917909407125846
78.000	9717.70103	166.627049	21.582939	11.9983893	9917.90940713	-2.017e-15	57561	12.042	11.954	11.944	0.885	4.4755	0.7169	-37.658	0.8500	0.8434	1.07105	1.64915	11.8173	12.0972	12.1356	-0.011049	-0.14679	0.022499	-0.12774	-0.67833	1.2324
# CONV t=78.00 cond=0 evap=0 rough=24.8204 back_s=3.23744
# LEDGER t=78.000 mode=3 sum_err=0 max|E-iEu|=5.000e-13 run_max_diff=1.500e-12 run_max_sum_err=0 steps=3900 E0_int=9917909407125846 sum=9917909407125846
80.000	9717.7562	166.614299	21.9507629	11.5881422	9917.90940713	-2.201e-15	57564	12.036	11.958	11.944	0.883	4.4755	0.7168	-37.897	0.8501	0.8433	1.07486	1.64911	11.8212	12.0212	12.1820	0.13269	0.056409	-0.0079087	0.66793	-1.6588	1.3663
# CONV t=80.00 cond=0 evap=0 rough=25.2434 back_s=3.29261
# LEDGER t=80.000 mode=3 sum_err=0 max|E-iEu|=4.999e-13 run_max_diff=1.500e-12 run_max_sum_err=0 steps=4000 E0_int=9917909407125846 sum=9917909407125846
# RESULT es_shells 0.75:0.5691 2.25:0.7394 3.75:0.9085 5.25:1.0005 6.75:1.0048 8.25:1.0051 9.75:1.0028 11.25:1.0014
# RESULT LEDGER mode=3 E0_int=9917909407125846 sum_int=9917909407125846 max_sum_err=0 max|E-iEu|=1.500e-12 steps=4000
# RESULT conservation E0=9917.90940713 Efinal=9917.90940713 rel_drift=-2.201e-15
# RESULT roughness_radiated=25.2434 (dissonant dense deliveries converted to field, conserved)
# RESULT blob_drift v=(0.00106,-0.00060,-0.00150) speed=0.00193 cos_to_kdir=0.0000
# RESULT curvature_fit defA_per_Em=1.11161 r2=0.9882 (linear defect ~ converted energy)
