# freecell — v89 free-cell substance test (exp=pair)
# laws = laws_V2g VERBATIM (defaults): C=1 w1=1.65 w2=2.9 q_detune=1.2
# gamma_res=0.25 gamma_res_m=0.1 p_gate=8 lock_floor=0.005 k_dep=1.2 k_dep_m=2 cap=2.5
# e_s0=1 es_floor=0.05 e_cond=0 f_conv=0.25 f_evap=0.5 s_pull=0.15
# kappa_lock=1 kappa_align=0.5 s_k=0.06 s_disp=0.3 sigma_tumble=0.01
# comb_limit=6 rough_k=0.35 gamma_rough=0.5 mob_sym=1 mob_floor=0.004 field_J=1.8
# quant_A0=1.15 quant_mode=2 (A0eff=1.15)
# v91 radiance (laws_V3r candidate A): k_rad=0.05 p_rad=4 rad_clock=0
# v91 cantus (coherent-channel candidate B): k_cant=0 k_tune=0 cant_tau=50 cant_seed=0 cant_grow=1
# v91 registry (exchange-registry lane, REGISTRY.md): reg_tau=0 reg_gate=0 reg_f0=0
# v91 identity (parcel-identity lane, IDENTITY.md): par_tau=0 par_gate=0 par_form=0 par_lo=0.002 par_hi=0.02 par_mature=400
# v91 workfn (emergent-threshold lane, WORKFN.md): wf_on=1 wf_floor=0.01 wf_far=99
# v91 amplitude (field-side-identity lane Phase M, AMPLITUDE.md): amp_tau=30
# v92 amplitude Phase L lane L-1 (L0_DESIGN.md): amp_drv=0.5 amp_mmin=1
# QUENCH-2 apparatus: conf_r=0 conf_gap=0.3 conf_th=1.6 conf_pinw=3 spin_m=0 imp_k=0 qp_phase=0
# HORIZON apparatus (HORIZON.md): bh_r=0 bh_k=1 bh_sep=0
# FLOW apparatus (FLOW.md): bed_k=0 bed_tau=30
# GEOMETRY (apparatus): cfac=1.15 k_rep=1 mob_geo=1 kappa_bond=1 freeze_geo=1
# bath=0 bath_frac=1 jam_sweeps=800 jam_k=0.1 L=16 dt=0.02 T=60 seed=20260802 diag_every=100
# JAM skipped (no bath)
# SEED pair: i=0 j=1 x=1.0000/1.0000 p:q=1:1 m=1 d*=2.383277 d0=1.400000 (doff -0.9833)
# SEED pair radii r=0.7452 contact=1.4904  Em/voice=2.5000
# INIT NC=2 slots=1 live=1 phi_nom=0.0008 z_live=1.00 dbar=1.4000 sigma_d=0.00% E0=6.347826087
#
# t | drift_rel | phi_nom z_live NLa NLd births deaths | dbar sigma_d% | maxstep maxbond | Em_tag ret com_dev rms conn z_tag | pair: d delta gf gb | core/far
t=    0.00 +0.00e+00 | 0.0008  1.00      1    0      0      0 | 1.4000  0.00 | 0.00e+00 0.00e+00 |   5.0000 1.0000  0.0000  0.7000 1.000  1.00 | d=1.400000 dl=+0.0000 gf=0.0003 gb=0.0003 x=1.0000
# AMP t=0.00 tp n=0 rho=[0.000 0.000 0.000 0.000] mag=0.00000 | ba n=0 rho=[0.000 0.000 0.000 0.000] mag=0.00000
t=    2.00 +0.00e+00 | 0.0008  1.00      1    0      0      0 | 1.4000  0.00 | 0.00e+00 4.22e-10 |   5.0000 1.0000  0.0000  0.7000 1.000  1.00 | d=1.400000 dl=-2.5923 gf=1.0000 gb=0.0000 x=1.0000
# AMP t=2.00 tp n=0 rho=[0.000 0.000 0.000 0.000] mag=0.00000 | ba n=0 rho=[0.000 0.000 0.000 0.000] mag=0.00000
t=    4.00 +0.00e+00 | 0.0008  1.00      1    0      0      0 | 1.4000  0.00 | 0.00e+00 4.22e-10 |   5.0000 1.0000  0.0000  0.7000 1.000  1.00 | d=1.400000 dl=-2.5923 gf=1.0000 gb=0.0000 x=1.0000
# AMP t=4.00 tp n=0 rho=[0.000 0.000 0.000 0.000] mag=0.00000 | ba n=0 rho=[0.000 0.000 0.000 0.000] mag=0.00000
t=    6.00 +0.00e+00 | 0.0008  1.00      1    0      0      0 | 1.4000  0.00 | 0.00e+00 4.22e-10 |   5.0000 1.0000  0.0000  0.7000 1.000  1.00 | d=1.400000 dl=-2.5923 gf=1.0000 gb=0.0000 x=1.0000
# AMP t=6.00 tp n=0 rho=[0.000 0.000 0.000 0.000] mag=0.00000 | ba n=0 rho=[0.000 0.000 0.000 0.000] mag=0.00000
t=    8.00 +0.00e+00 | 0.0008  1.00      1    0      0      0 | 1.4000  0.00 | 0.00e+00 4.22e-10 |   5.0000 1.0000  0.0000  0.7000 1.000  1.00 | d=1.400000 dl=-2.5923 gf=1.0000 gb=0.0000 x=1.0000
# AMP t=8.00 tp n=0 rho=[0.000 0.000 0.000 0.000] mag=0.00000 | ba n=0 rho=[0.000 0.000 0.000 0.000] mag=0.00000
t=   10.00 +0.00e+00 | 0.0008  1.00      1    0      0      0 | 1.4000  0.00 | 0.00e+00 4.23e-10 |   5.0000 1.0000  0.0000  0.7000 1.000  1.00 | d=1.400000 dl=-2.5923 gf=1.0000 gb=0.0000 x=1.0000
# AMP t=10.00 tp n=0 rho=[0.000 0.000 0.000 0.000] mag=0.00000 | ba n=0 rho=[0.000 0.000 0.000 0.000] mag=0.00000
t=   12.00 +0.00e+00 | 0.0008  1.00      1    0      0      0 | 1.4000  0.00 | 0.00e+00 4.22e-10 |   5.0000 1.0000  0.0000  0.7000 1.000  1.00 | d=1.400000 dl=-2.5923 gf=1.0000 gb=0.0000 x=1.0000
# AMP t=12.00 tp n=0 rho=[0.000 0.000 0.000 0.000] mag=0.00000 | ba n=0 rho=[0.000 0.000 0.000 0.000] mag=0.00000
# QATOM t=13.20 dir=DF w=1.31818182 e=0.241264425096 i=0 Em=2.5000
t=   14.00 +1.40e-16 | 0.0009  1.00      1    0      0      0 | 1.4000  0.00 | 0.00e+00 1.18e-09 |   4.7587 0.9517  0.0355  0.6991 1.000  1.00 | d=1.400000 dl=-2.4897 gf=0.9959 gb=0.0000 x=0.9035
# AMP t=14.00 tp n=0 rho=[0.000 0.000 0.000 0.000] mag=0.00000 | ba n=0 rho=[0.000 0.000 0.000 0.000] mag=0.00000
t=   16.00 +7.00e-16 | 0.0009  1.00      1    0      0      0 | 1.4000  0.00 | 0.00e+00 1.50e-07 |   4.5175 0.9035  0.0000  0.7000 1.000  1.00 | d=1.400000 dl=-2.3872 gf=0.9921 gb=0.0000 x=0.9035
# AMP t=16.00 tp n=1 rho=[1.000 1.000 1.000 1.000] mag=0.00000 | ba n=0 rho=[0.000 0.000 0.000 0.000] mag=0.00000
t=   18.00 +1.68e-15 | 0.0009  1.00      1    0      0      0 | 1.4000  0.00 | 0.00e+00 1.72e-07 |   4.5175 0.9035  0.0103  0.6999 1.000  1.00 | d=1.400000 dl=-2.3870 gf=0.9889 gb=0.0000 x=0.8901
# AMP t=18.00 tp n=1 rho=[0.985 0.985 0.985 0.985] mag=0.00003 | ba n=0 rho=[0.000 0.000 0.000 0.000] mag=0.00000
t=   20.00 +2.80e-15 | 0.0009  1.00      1    0      0      0 | 1.4000  0.00 | 0.00e+00 3.43e-07 |   4.5175 0.9035  0.0217  0.6995 1.000  1.00 | d=1.400000 dl=-2.3862 gf=0.9680 gb=0.0000 x=0.8752
# AMP t=20.00 tp n=1 rho=[0.734 0.734 0.734 0.734] mag=0.00004 | ba n=0 rho=[0.000 0.000 0.000 0.000] mag=0.00000
t=   22.00 +4.20e-15 | 0.0009  1.00      1    0      0      0 | 1.4000  0.00 | 0.00e+00 1.12e-06 |   4.5175 0.9035  0.0529  0.6980 1.000  1.00 | d=1.400000 dl=-2.3812 gf=0.8811 gb=0.0000 x=0.8351
# AMP t=22.00 tp n=1 rho=[0.639 0.639 0.639 0.639] mag=0.05977 | ba n=0 rho=[0.000 0.000 0.000 0.000] mag=0.00000
t=   24.00 +4.90e-15 | 0.0009  1.00      1    0      0      0 | 1.4000  0.00 | 0.00e+00 1.14e-05 |   4.5175 0.9035  0.0535  0.6980 1.000  1.00 | d=1.400000 dl=-2.3810 gf=0.6406 gb=0.0002 x=0.8345
# AMP t=24.00 tp n=1 rho=[0.640 0.640 0.640 0.640] mag=0.05605 | ba n=0 rho=[0.000 0.000 0.000 0.000] mag=0.00000
t=   26.00 +6.02e-15 | 0.0009  1.00      1    0      0      0 | 1.4000  0.00 | 0.00e+00 5.71e-05 |   4.5175 0.9035  0.0538  0.6979 1.000  1.00 | d=1.400000 dl=-2.3810 gf=0.3778 gb=0.0014 x=0.8341
# AMP t=26.00 tp n=1 rho=[0.642 0.642 0.642 0.642] mag=0.05296 | ba n=0 rho=[0.000 0.000 0.000 0.000] mag=0.00000
t=   28.00 +7.00e-15 | 0.0009  1.00      1    0      0      0 | 1.4000  0.00 | 0.00e+00 3.60e-04 |   4.2726 0.8545  0.0241  0.6996 1.000  1.00 | d=1.400000 dl=-2.2729 gf=0.3045 gb=0.0062 x=0.8251
# AMP t=28.00 tp n=1 rho=[0.631 0.631 0.631 0.631] mag=0.06718 | ba n=0 rho=[0.000 0.000 0.000 0.000] mag=0.00000
t=   30.00 +7.70e-15 | 0.0009  1.00      1    0      0      0 | 1.4000  0.00 | 0.00e+00 4.87e-04 |   4.2726 0.8545  0.0265  0.6995 1.000  1.00 | d=1.400000 dl=-2.2727 gf=0.2183 gb=0.0125 x=0.8221
# AMP t=30.00 tp n=1 rho=[0.675 0.675 0.675 0.675] mag=0.07341 | ba n=0 rho=[0.000 0.000 0.000 0.000] mag=0.00000
t=   32.00 +8.95e-15 | 0.0009  1.00      1    0      0      0 | 1.4000  0.00 | 0.00e+00 6.13e-04 |   4.2726 0.8545  0.0284  0.6994 1.000  1.00 | d=1.400000 dl=-2.2724 gf=0.1422 gb=0.0253 x=0.8198
# AMP t=32.00 tp n=1 rho=[0.596 0.596 0.596 0.596] mag=0.08048 | ba n=0 rho=[0.000 0.000 0.000 0.000] mag=0.00000
t=   34.00 +1.01e-14 | 0.0009  1.00      1    0      0      0 | 1.4000  0.00 | 0.00e+00 6.39e-04 |   4.1801 0.8360  0.0449  0.6985 1.000  1.00 | d=1.400000 dl=-2.2255 gf=0.0963 gb=0.0545 x=0.7823
# AMP t=34.00 tp n=1 rho=[0.636 0.636 0.636 0.636] mag=0.08507 | ba n=0 rho=[0.000 0.000 0.000 0.000] mag=0.00000
t=   36.00 +1.09e-14 | 0.0009  1.00      1    0      0      0 | 1.4000  0.00 | 0.00e+00 5.83e-04 |   4.1801 0.8360  0.0476  0.6984 1.000  1.00 | d=1.400000 dl=-2.2250 gf=0.0396 gb=0.1256 x=0.7792
# AMP t=36.00 tp n=1 rho=[0.432 0.432 0.432 0.432] mag=0.10444 | ba n=0 rho=[0.000 0.000 0.000 0.000] mag=0.00000
t=   38.00 +1.22e-14 | 0.0009  1.00      1    0      0      0 | 1.4000  0.00 | 0.00e+00 1.14e-03 |   4.0027 0.8005  0.0098  0.6999 1.000  1.00 | d=1.400000 dl=-2.1415 gf=0.0177 gb=0.2871 x=0.7893
# AMP t=38.00 tp n=1 rho=[0.241 0.241 0.241 0.241] mag=0.12580 | ba n=0 rho=[0.000 0.000 0.000 0.000] mag=0.00000
t=   40.00 +1.34e-14 | 0.0009  1.00      1    0      0      0 | 1.4000  0.00 | 0.00e+00 9.95e-04 |   4.0027 0.8005  0.0009  0.6999 1.000  1.00 | d=1.400000 dl=-2.1417 gf=0.0126 gb=0.3368 x=0.7992
# AMP t=40.00 tp n=1 rho=[0.206 0.206 0.206 0.206] mag=0.12143 | ba n=0 rho=[0.000 0.000 0.000 0.000] mag=0.00000
t=   42.00 +1.46e-14 | 0.0009  1.00      1    0      0      0 | 1.4000  0.00 | 0.00e+00 8.61e-04 |   4.0027 0.8005  0.0111  0.6998 1.000  1.00 | d=1.400000 dl=-2.1414 gf=0.0110 gb=0.3584 x=0.8129
# AMP t=42.00 tp n=1 rho=[0.206 0.206 0.206 0.206] mag=0.11359 | ba n=0 rho=[0.000 0.000 0.000 0.000] mag=0.00000
t=   44.00 +1.53e-14 | 0.0009  1.00      1    0      0      0 | 1.4000  0.00 | 0.00e+00 6.24e-04 |   4.0027 0.8005  0.0412  0.6988 1.000  1.00 | d=1.400000 dl=-2.1382 gf=0.0147 gb=0.3168 x=0.8477
# AMP t=44.00 tp n=1 rho=[0.526 0.526 0.526 0.526] mag=0.18699 | ba n=0 rho=[0.000 0.000 0.000 0.000] mag=0.00000
t=   46.00 +1.58e-14 | 0.0009  1.00      1    0      0      0 | 1.4000  0.00 | 0.00e+00 8.99e-04 |   4.0027 0.8005  0.0435  0.6986 1.000  1.00 | d=1.400000 dl=-2.1378 gf=0.0410 gb=0.1758 x=0.8503
# AMP t=46.00 tp n=1 rho=[0.454 0.454 0.454 0.454] mag=0.18767 | ba n=0 rho=[0.000 0.000 0.000 0.000] mag=0.00000
t=   48.00 +1.69e-14 | 0.0009  1.00      1    0      0      0 | 1.4000  0.00 | 0.00e+00 1.02e-03 |   4.0027 0.8005  0.0435  0.6986 1.000  1.00 | d=1.400000 dl=-2.1378 gf=0.1029 gb=0.0792 x=0.8502
# AMP t=48.00 tp n=1 rho=[0.454 0.454 0.454 0.454] mag=0.17556 | ba n=0 rho=[0.000 0.000 0.000 0.000] mag=0.00000
t=   50.00 +1.79e-14 | 0.0009  1.00      1    0      0      0 | 1.4000  0.00 | 0.00e+00 8.44e-04 |   4.0027 0.8005  0.0413  0.6988 1.000  1.00 | d=1.400000 dl=-2.1382 gf=0.2212 gb=0.0288 x=0.8477
# AMP t=50.00 tp n=1 rho=[0.454 0.454 0.454 0.454] mag=0.16424 | ba n=0 rho=[0.000 0.000 0.000 0.000] mag=0.00000
t=   52.00 +1.92e-14 | 0.0009  1.00      1    0      0      0 | 1.4000  0.00 | 0.00e+00 5.78e-04 |   4.0027 0.8005  0.0287  0.6994 1.000  1.00 | d=1.400000 dl=-2.1400 gf=0.4102 gb=0.0079 x=0.8333
# AMP t=52.00 tp n=1 rho=[0.432 0.432 0.432 0.432] mag=0.21671 | ba n=0 rho=[0.000 0.000 0.000 0.000] mag=0.00000
t=   54.00 +2.06e-14 | 0.0009  1.00      1    0      0      0 | 1.4000  0.00 | 0.00e+00 4.41e-04 |   3.9100 0.7820  0.0043  0.7000 1.000  1.00 | d=1.400000 dl=-2.0941 gf=0.6177 gb=0.0029 x=0.7772
# AMP t=54.00 tp n=1 rho=[0.419 0.419 0.419 0.419] mag=0.20521 | ba n=0 rho=[0.000 0.000 0.000 0.000] mag=0.00000
t=   56.00 +2.15e-14 | 0.0009  1.00      1    0      0      0 | 1.4000  0.00 | 0.00e+00 3.80e-04 |   3.8167 0.7633  0.0039  0.7000 1.000  1.00 | d=1.400000 dl=-2.0933 gf=0.6099 gb=0.0031 x=0.7591
# AMP t=56.00 tp n=1 rho=[0.419 0.419 0.419 0.419] mag=0.19197 | ba n=0 rho=[0.000 0.000 0.000 0.000] mag=0.00000
t=   58.00 +2.29e-14 | 0.0009  1.00      1    0      0      0 | 1.4000  0.00 | 0.00e+00 5.46e-04 |   3.8167 0.7633  0.0234  0.6996 1.000  1.00 | d=1.400000 dl=-2.0441 gf=0.5946 gb=0.0051 x=0.7377
# AMP t=58.00 tp n=1 rho=[0.413 0.413 0.413 0.413] mag=0.18277 | ba n=0 rho=[0.000 0.000 0.000 0.000] mag=0.00000
t=   60.00 +2.42e-14 | 0.0009  1.00      1    0      0      0 | 1.4000  0.00 | 0.00e+00 2.45e-04 |   3.8167 0.7633  0.0948  0.6935 1.000  1.00 | d=1.400000 dl=-2.0274 gf=0.4835 gb=0.0112 x=0.6600
# AMP t=60.00 tp n=1 rho=[0.565 0.565 0.565 0.565] mag=0.24337 | ba n=0 rho=[0.000 0.000 0.000 0.000] mag=0.00000
#
# RESULT drift_rel 2.421e-14
# RESULT births 0 deaths 0 beta_returns 0 beta_energy 0.000000e+00
# RESULT conv rough=0.000000 cond=0.750381 evap=1.039487 backs=0.266904 rad=1.006777
# RESULT credit qcnvD=0.126350 qcnvF=0.293763
# RESULT amp tp n=1 rho=[0.5647 0.5647 0.5647 0.5647] mag=0.243372 | ba n=0 rho=[0.0000 0.0000 0.0000 0.0000] mag=0.000000
# RESULT geometry phi_nom=0.0009 z_live=1.00 dbar=1.4000 sigma_d=0.0000
# RESULT pair d_final=1.400000 d_star_seed=2.383277 d_star_live=2.066931 off_live=-0.666931 Em_i=1.64962 Em_j=2.16624
# RESULT pairflux dep_ij=6.267511e-01 dep_ji=2.029469e-01 lem_ij=7.028639e-04 lem_ji=1.200230e-04
