# freecell — v89 free-cell substance test (exp=tri)
# laws = laws_V2g VERBATIM (defaults): C=1 w1=1.65 w2=2.9 q_detune=1.2
# gamma_res=0.25 gamma_res_m=0.1 p_gate=8 lock_floor=0.005 k_dep=1.2 k_dep_m=2 cap=2.5
# e_s0=1 es_floor=0.05 e_cond=0 f_conv=0.25 f_evap=0.5 s_pull=0.15
# kappa_lock=1 kappa_align=0.5 s_k=0.06 s_disp=0.3 sigma_tumble=0.01
# comb_limit=6 rough_k=0.35 gamma_rough=0.5 mob_sym=1 mob_floor=0.004 field_J=1.8
# quant_A0=1.15 quant_mode=2 (A0eff=1.15)
# v91 radiance (laws_V3r candidate A): k_rad=0.05 p_rad=4 rad_clock=0
# v91 cantus (coherent-channel candidate B): k_cant=0 k_tune=0 cant_tau=50 cant_seed=0 cant_grow=1
# v91 registry (exchange-registry lane, REGISTRY.md): reg_tau=0 reg_gate=0 reg_f0=0
# v91 identity (parcel-identity lane, IDENTITY.md): par_tau=0 par_gate=0 par_form=0 par_lo=0.002 par_hi=0.02 par_mature=400
# v91 workfn (emergent-threshold lane, WORKFN.md): wf_on=1 wf_floor=0.01 wf_far=99
# v91 amplitude (field-side-identity lane Phase M, AMPLITUDE.md): amp_tau=30
# v92 amplitude Phase L lane L-1 (L0_DESIGN.md): amp_drv=0.5 amp_mmin=1
# QUENCH-2 apparatus: conf_r=0 conf_gap=0.3 conf_th=1.6 conf_pinw=3 spin_m=0 imp_k=0 qp_phase=0
# HORIZON apparatus (HORIZON.md): bh_r=0 bh_k=1 bh_sep=0
# FLOW apparatus (FLOW.md): bed_k=0 bed_tau=30
# GEOMETRY (apparatus): cfac=1.15 k_rep=1 mob_geo=1 kappa_bond=1 freeze_geo=0
# bath=0 bath_frac=1 jam_sweeps=800 jam_k=0.1 L=16 dt=0.02 T=300 seed=20260802 diag_every=100
# JAM skipped (no bath)
# SEED tri: kind=UDD ntri=1 xU=0.2800 xD=0.8367 wU=2.1707 wD=1.4471 (wD/wU=0.666667)
# SEED tri: d*_UU=1.447299 d*_UD(m=2)=1.447299 d*_DD=2.170949 branch_k=0 doff=+0.000
# SEED tri: contacts UU=1.6466 UD=1.5877 DD=1.5287 (DD edge OPEN (no contact))
# INIT NC=3 slots=2 live=2 phi_nom=0.0015 z_live=1.33 dbar=1.4473 sigma_d=0.00% E0=7.246376812
#
# t | drift_rel | phi_nom z_live NLa NLd births deaths | dbar sigma_d% | maxstep maxbond | Em_tag ret com_dev rms conn z_tag | pair: d delta gf gb | core/far
t=    0.00 +0.00e+00 | 0.0015  1.33      2    0      0      0 | 1.4473  0.00 | 0.00e+00 0.00e+00 |   4.8833 1.0000  0.1372  1.0592 1.000  1.33 | edge_dev mean=0.0000 max=0.0000 gg=0.0085 shape_dev=0.0000 xbar=0.6511 | T0 psi=(-0.000,+99.000,-3.142) ggm=0.000 circ=+0.0000 xUDD=(0.280,0.837,0.837)
# AMP t=0.00 tp n=0 rho=[0.000 0.000 0.000 0.000] mag=0.00000 | ba n=0 rho=[0.000 0.000 0.000 0.000] mag=0.00000
t=    2.00 -2.45e-16 | 0.0015  1.33      2    0      0      0 | 1.5790  0.39 | 3.32e-04 5.80e-05 |   4.8833 1.0000  0.1161  1.1186 1.000  1.33 | edge_dev mean=0.1218 max=0.1379 gg=0.2243 shape_dev=0.1388 xbar=0.6511 | T0 psi=(-0.571,+99.000,+2.602) ggm=0.000 circ=-0.0236 xUDD=(0.289,0.827,0.837)
# AMP t=2.00 tp n=2 rho=[1.000 1.000 1.000 1.000] mag=0.00000 | ba n=0 rho=[0.000 0.000 0.000 0.000] mag=0.00000
t=    4.00 +0.00e+00 | 0.0015  1.33      2    0      0      0 | 1.5880  0.02 | 4.41e-06 1.36e-09 |   4.8833 1.0000  0.1145  1.1224 1.000  1.33 | edge_dev mean=0.1296 max=0.1410 gg=0.0001 shape_dev=0.1480 xbar=0.6511 | T0 psi=(-0.757,+99.000,+2.662) ggm=0.000 circ=-0.0239 xUDD=(0.290,0.827,0.837)
# AMP t=4.00 tp n=2 rho=[0.688 0.688 0.688 0.688] mag=0.00000 | ba n=0 rho=[0.000 0.000 0.000 0.000] mag=0.00000
t=    6.00 +0.00e+00 | 0.0015  1.33      2    0      0      0 | 1.5881  0.01 | 7.77e-08 6.95e-25 |   4.8833 1.0000  0.1144  1.1225 1.000  1.33 | edge_dev mean=0.1297 max=0.1410 gg=0.0000 shape_dev=0.1481 xbar=0.6511 | T0 psi=(-0.882,+99.000,+2.735) ggm=0.000 circ=-0.0239 xUDD=(0.290,0.827,0.837)
# AMP t=6.00 tp n=2 rho=[0.651 0.651 0.651 0.651] mag=0.00000 | ba n=0 rho=[0.000 0.000 0.000 0.000] mag=0.00000
t=    8.00 +1.23e-16 | 0.0015  1.33      2    0      0      0 | 1.5881  0.01 | 1.37e-09 1.78e-21 |   4.8833 1.0000  0.1144  1.1225 1.000  1.33 | edge_dev mean=0.1297 max=0.1410 gg=0.0000 shape_dev=0.1481 xbar=0.6511 | T0 psi=(-1.005,+99.000,+2.809) ggm=0.000 circ=-0.0239 xUDD=(0.290,0.827,0.837)
# AMP t=8.00 tp n=2 rho=[0.651 0.651 0.651 0.651] mag=0.00000 | ba n=0 rho=[0.000 0.000 0.000 0.000] mag=0.00000
t=   10.00 +3.68e-16 | 0.0015  1.33      2    0      0      0 | 1.5881  0.01 | 2.45e-11 1.72e-13 |   4.8833 1.0000  0.1144  1.1225 1.000  1.33 | edge_dev mean=0.1297 max=0.1410 gg=0.0188 shape_dev=0.1481 xbar=0.6511 | T0 psi=(-1.129,+99.000,+2.883) ggm=0.000 circ=-0.0239 xUDD=(0.290,0.827,0.837)
# AMP t=10.00 tp n=2 rho=[0.651 0.651 0.651 0.651] mag=0.00000 | ba n=0 rho=[0.000 0.000 0.000 0.000] mag=0.00000
t=   12.00 -1.23e-16 | 0.0015  1.33      2    0      0      0 | 1.5881  0.01 | 3.72e-13 2.24e-14 |   4.8833 1.0000  0.1144  1.1225 1.000  1.33 | edge_dev mean=0.1297 max=0.1410 gg=0.0547 shape_dev=0.1481 xbar=0.6511 | T0 psi=(-1.253,+99.000,+2.957) ggm=0.000 circ=-0.0239 xUDD=(0.290,0.827,0.837)
# AMP t=12.00 tp n=2 rho=[0.651 0.651 0.651 0.651] mag=0.00000 | ba n=0 rho=[0.000 0.000 0.000 0.000] mag=0.00000
t=   14.00 +1.23e-16 | 0.0015  1.33      2    0      0      0 | 1.5881  0.01 | 6.43e-15 1.28e-23 |   4.8833 1.0000  0.1144  1.1225 1.000  1.33 | edge_dev mean=0.1297 max=0.1410 gg=0.0000 shape_dev=0.1481 xbar=0.6511 | T0 psi=(-1.377,+99.000,+3.031) ggm=0.000 circ=-0.0239 xUDD=(0.290,0.827,0.837)
# AMP t=14.00 tp n=2 rho=[0.651 0.651 0.651 0.651] mag=0.00000 | ba n=0 rho=[0.000 0.000 0.000 0.000] mag=0.00000
t=   16.00 +2.45e-16 | 0.0015  1.33      2    0      0      0 | 1.5881  0.01 | 7.90e-16 1.15e-45 |   4.8833 1.0000  0.1144  1.1225 1.000  1.33 | edge_dev mean=0.1297 max=0.1410 gg=0.0000 shape_dev=0.1481 xbar=0.6511 | T0 psi=(-1.500,+99.000,+3.104) ggm=0.000 circ=-0.0239 xUDD=(0.290,0.827,0.837)
# AMP t=16.00 tp n=2 rho=[0.651 0.651 0.651 0.651] mag=0.00000 | ba n=0 rho=[0.000 0.000 0.000 0.000] mag=0.00000
t=   18.00 +2.45e-16 | 0.0015  1.33      2    0      0      0 | 1.5881  0.01 | 7.90e-16 1.98e-21 |   4.8833 1.0000  0.1144  1.1225 1.000  1.33 | edge_dev mean=0.1297 max=0.1410 gg=0.0000 shape_dev=0.1481 xbar=0.6511 | T0 psi=(-1.624,+99.000,-3.105) ggm=0.000 circ=-0.0239 xUDD=(0.290,0.827,0.837)
# AMP t=18.00 tp n=2 rho=[0.651 0.651 0.651 0.651] mag=0.00000 | ba n=0 rho=[0.000 0.000 0.000 0.000] mag=0.00000
t=   20.00 +3.68e-16 | 0.0015  1.33      2    0      0      0 | 1.5881  0.01 | 7.90e-16 9.96e-17 |   4.8833 1.0000  0.1144  1.1225 1.000  1.33 | edge_dev mean=0.1297 max=0.1410 gg=0.2337 shape_dev=0.1481 xbar=0.6511 | T0 psi=(-1.748,+99.000,-3.031) ggm=0.000 circ=-0.0239 xUDD=(0.290,0.827,0.837)
# AMP t=20.00 tp n=2 rho=[0.651 0.651 0.651 0.651] mag=0.00000 | ba n=0 rho=[0.000 0.000 0.000 0.000] mag=0.00000
t=   22.00 +7.35e-16 | 0.0015  1.33      2    0      0      0 | 1.5881  0.01 | 7.43e-16 2.34e-19 |   4.8833 1.0000  0.1144  1.1225 1.000  1.33 | edge_dev mean=0.1297 max=0.1410 gg=0.0002 shape_dev=0.1481 xbar=0.6511 | T0 psi=(-1.871,+99.000,-2.957) ggm=0.000 circ=-0.0239 xUDD=(0.290,0.827,0.837)
# AMP t=22.00 tp n=2 rho=[0.651 0.651 0.651 0.651] mag=0.00000 | ba n=0 rho=[0.000 0.000 0.000 0.000] mag=0.00000
t=   24.00 +7.35e-16 | 0.0015  1.33      2    0      0      0 | 1.5881  0.01 | 7.43e-16 6.74e-32 |   4.8833 1.0000  0.1144  1.1225 1.000  1.33 | edge_dev mean=0.1297 max=0.1410 gg=0.0002 shape_dev=0.1481 xbar=0.6511 | T0 psi=(-1.995,+99.000,-2.884) ggm=0.000 circ=-0.0239 xUDD=(0.290,0.827,0.837)
# AMP t=24.00 tp n=2 rho=[0.651 0.651 0.651 0.651] mag=0.00000 | ba n=0 rho=[0.000 0.000 0.000 0.000] mag=0.00000
t=   26.00 +7.35e-16 | 0.0015  1.33      2    0      0      0 | 1.5881  0.01 | 7.43e-16 3.54e-28 |   4.8833 1.0000  0.1144  1.1225 1.000  1.33 | edge_dev mean=0.1297 max=0.1410 gg=0.0008 shape_dev=0.1481 xbar=0.6511 | T0 psi=(-2.119,+99.000,-2.810) ggm=0.000 circ=-0.0239 xUDD=(0.290,0.827,0.837)
# AMP t=26.00 tp n=2 rho=[0.651 0.651 0.651 0.651] mag=0.00000 | ba n=0 rho=[0.000 0.000 0.000 0.000] mag=0.00000
t=   28.00 +7.35e-16 | 0.0015  1.33      2    0      0      0 | 1.5881  0.01 | 7.45e-16 3.58e-18 |   4.8833 1.0000  0.1144  1.1225 1.000  1.33 | edge_dev mean=0.1297 max=0.1410 gg=0.0149 shape_dev=0.1481 xbar=0.6511 | T0 psi=(-2.243,+99.000,-2.736) ggm=0.000 circ=-0.0239 xUDD=(0.290,0.827,0.837)
# AMP t=28.00 tp n=2 rho=[0.651 0.651 0.651 0.651] mag=0.00000 | ba n=0 rho=[0.000 0.000 0.000 0.000] mag=0.00000
t=   30.00 +1.10e-15 | 0.0015  1.33      2    0      0      0 | 1.5881  0.01 | 7.60e-16 4.55e-17 |   4.8833 1.0000  0.1144  1.1225 1.000  1.33 | edge_dev mean=0.1297 max=0.1410 gg=0.0616 shape_dev=0.1481 xbar=0.6511 | T0 psi=(-2.366,+99.000,-2.662) ggm=0.000 circ=-0.0239 xUDD=(0.290,0.827,0.837)
# AMP t=30.00 tp n=2 rho=[0.651 0.651 0.651 0.651] mag=0.00000 | ba n=0 rho=[0.000 0.000 0.000 0.000] mag=0.00000
t=   32.00 +1.35e-15 | 0.0015  1.33      2    0      0      0 | 1.5881  0.01 | 7.43e-16 2.45e-24 |   4.8833 1.0000  0.1144  1.1225 1.000  1.33 | edge_dev mean=0.1297 max=0.1410 gg=0.0000 shape_dev=0.1481 xbar=0.6511 | T0 psi=(-2.490,+99.000,-2.588) ggm=0.000 circ=-0.0239 xUDD=(0.290,0.827,0.837)
# AMP t=32.00 tp n=2 rho=[0.651 0.651 0.651 0.651] mag=0.00000 | ba n=0 rho=[0.000 0.000 0.000 0.000] mag=0.00000
# QATOM t=33.00 dir=DF w=1.44710579 e=0.264861145315 i=2 Em=2.0917
t=   34.00 +1.35e-15 | 0.0015  1.33      2    0      0      0 | 1.5934  0.34 | 2.94e-05 3.56e-06 |   4.6185 0.9458  0.1360  1.1215 1.000  1.33 | edge_dev mean=0.1345 max=0.1516 gg=0.1184 shape_dev=0.1538 xbar=0.6158 | T0 psi=(-2.613,+99.000,-2.742) ggm=0.000 circ=-0.0236 xUDD=(0.290,0.827,0.731)
# AMP t=34.00 tp n=2 rho=[0.651 0.651 0.651 0.651] mag=0.00328 | ba n=0 rho=[0.000 0.000 0.000 0.000] mag=0.00000
t=   36.00 +1.35e-15 | 0.0015  1.33      2    0      0      0 | 1.6000  0.02 | 4.85e-06 1.45e-12 |   4.3521 0.8912  0.1324  1.1241 1.000  1.33 | edge_dev mean=0.1405 max=0.1530 gg=0.0000 shape_dev=0.1609 xbar=0.5803 | T0 psi=(+2.914,+99.000,-2.085) ggm=0.000 circ=-0.0236 xUDD=(0.290,0.721,0.731)
# AMP t=36.00 tp n=2 rho=[0.416 0.416 0.416 0.416] mag=0.00441 | ba n=0 rho=[0.000 0.000 0.000 0.000] mag=0.00000
t=   38.00 +1.35e-15 | 0.0015  1.33      2    0      0      0 | 1.6001  0.01 | 8.40e-08 4.21e-09 |   4.3521 0.8912  0.1324  1.1242 1.000  1.33 | edge_dev mean=0.1406 max=0.1530 gg=0.1294 shape_dev=0.1610 xbar=0.5803 | T0 psi=(+2.189,+99.000,-1.422) ggm=0.000 circ=-0.0236 xUDD=(0.290,0.721,0.731)
# AMP t=38.00 tp n=2 rho=[0.420 0.420 0.420 0.420] mag=0.00415 | ba n=0 rho=[0.000 0.000 0.000 0.000] mag=0.00000
t=   40.00 +1.47e-15 | 0.0015  1.33      2    0      0      0 | 1.6001  0.01 | 1.10e-09 4.17e-11 |   4.3521 0.8912  0.1324  1.1242 1.000  1.33 | edge_dev mean=0.1406 max=0.1530 gg=0.0300 shape_dev=0.1610 xbar=0.5803 | T0 psi=(+1.466,+99.000,-0.759) ggm=0.000 circ=-0.0236 xUDD=(0.290,0.721,0.731)
# AMP t=40.00 tp n=2 rho=[0.420 0.420 0.420 0.420] mag=0.00397 | ba n=0 rho=[0.000 0.000 0.000 0.000] mag=0.00000
t=   42.00 +1.47e-15 | 0.0015  1.33      2    0      0      0 | 1.6001  0.01 | 1.85e-11 8.13e-15 |   4.3521 0.8912  0.1324  1.1242 1.000  1.33 | edge_dev mean=0.1406 max=0.1530 gg=0.0060 shape_dev=0.1610 xbar=0.5803 | T0 psi=(+0.743,+99.000,-0.096) ggm=0.000 circ=-0.0236 xUDD=(0.290,0.721,0.731)
# AMP t=42.00 tp n=2 rho=[0.420 0.420 0.420 0.420] mag=0.00371 | ba n=0 rho=[0.000 0.000 0.000 0.000] mag=0.00000
t=   44.00 +1.84e-15 | 0.0015  1.33      2    0      0      0 | 1.6001  0.01 | 3.19e-13 2.04e-14 |   4.3521 0.8912  0.1324  1.1242 1.000  1.33 | edge_dev mean=0.1406 max=0.1530 gg=0.2248 shape_dev=0.1610 xbar=0.5803 | T0 psi=(+0.019,+99.000,+0.568) ggm=0.000 circ=-0.0236 xUDD=(0.290,0.721,0.731)
# AMP t=44.00 tp n=2 rho=[0.420 0.420 0.420 0.420] mag=0.00347 | ba n=0 rho=[0.000 0.000 0.000 0.000] mag=0.00000
t=   46.00 +1.96e-15 | 0.0015  1.33      2    0      0      0 | 1.6001  0.01 | 5.44e-15 1.00e-19 |   4.3521 0.8912  0.1324  1.1242 1.000  1.33 | edge_dev mean=0.1406 max=0.1530 gg=0.0000 shape_dev=0.1610 xbar=0.5803 | T0 psi=(-0.704,+99.000,+1.231) ggm=0.000 circ=-0.0236 xUDD=(0.290,0.721,0.731)
# AMP t=46.00 tp n=2 rho=[0.420 0.420 0.420 0.420] mag=0.00325 | ba n=0 rho=[0.000 0.000 0.000 0.000] mag=0.00000
t=   48.00 +2.45e-15 | 0.0015  1.33      2    0      0      0 | 1.6001  0.01 | 7.21e-16 4.18e-18 |   4.3521 0.8912  0.1324  1.1242 1.000  1.33 | edge_dev mean=0.1406 max=0.1530 gg=0.0262 shape_dev=0.1610 xbar=0.5803 | T0 psi=(-1.427,+99.000,+1.894) ggm=0.000 circ=-0.0236 xUDD=(0.290,0.721,0.731)
# AMP t=48.00 tp n=2 rho=[0.420 0.420 0.420 0.420] mag=0.00304 | ba n=0 rho=[0.000 0.000 0.000 0.000] mag=0.00000
t=   50.00 +3.19e-15 | 0.0015  1.33      2    0      0      0 | 1.6001  0.01 | 7.08e-16 7.94e-17 |   4.3521 0.8912  0.1324  1.1242 1.000  1.33 | edge_dev mean=0.1406 max=0.1530 gg=0.1396 shape_dev=0.1610 xbar=0.5803 | T0 psi=(-2.150,+99.000,+2.558) ggm=0.000 circ=-0.0236 xUDD=(0.290,0.721,0.731)
# AMP t=50.00 tp n=2 rho=[0.420 0.420 0.420 0.420] mag=0.00284 | ba n=0 rho=[0.000 0.000 0.000 0.000] mag=0.00000
t=   52.00 +3.43e-15 | 0.0015  1.33      2    0      0      0 | 1.6001  0.01 | 6.76e-16 4.38e-20 |   4.3521 0.8912  0.1324  1.1242 1.000  1.33 | edge_dev mean=0.1406 max=0.1530 gg=0.0008 shape_dev=0.1610 xbar=0.5803 | T0 psi=(-2.874,+99.000,-3.062) ggm=0.000 circ=-0.0236 xUDD=(0.290,0.721,0.731)
# AMP t=52.00 tp n=2 rho=[0.420 0.420 0.420 0.420] mag=0.00266 | ba n=0 rho=[0.000 0.000 0.000 0.000] mag=0.00000
t=   54.00 +4.04e-15 | 0.0015  1.33      2    0      0      0 | 1.6001  0.01 | 6.99e-16 8.04e-17 |   4.3521 0.8912  0.1324  1.1242 1.000  1.33 | edge_dev mean=0.1406 max=0.1530 gg=0.2897 shape_dev=0.1610 xbar=0.5803 | T0 psi=(+2.686,+99.000,-2.399) ggm=0.000 circ=-0.0236 xUDD=(0.290,0.721,0.731)
# AMP t=54.00 tp n=2 rho=[0.420 0.420 0.420 0.420] mag=0.00249 | ba n=0 rho=[0.000 0.000 0.000 0.000] mag=0.00000
t=   56.00 +4.41e-15 | 0.0015  1.33      2    0      0      0 | 1.6001  0.01 | 6.76e-16 2.86e-19 |   4.3521 0.8912  0.1324  1.1242 1.000  1.33 | edge_dev mean=0.1406 max=0.1530 gg=0.0003 shape_dev=0.1610 xbar=0.5803 | T0 psi=(+1.963,+99.000,-1.735) ggm=0.000 circ=-0.0236 xUDD=(0.290,0.721,0.731)
# AMP t=56.00 tp n=2 rho=[0.420 0.420 0.420 0.420] mag=0.00233 | ba n=0 rho=[0.000 0.000 0.000 0.000] mag=0.00000
t=   58.00 +4.78e-15 | 0.0015  1.33      2    0      0      0 | 1.6001  0.01 | 6.76e-16 1.71e-19 |   4.3521 0.8912  0.1324  1.1242 1.000  1.33 | edge_dev mean=0.1406 max=0.1530 gg=0.0021 shape_dev=0.1610 xbar=0.5803 | T0 psi=(+1.240,+99.000,-1.072) ggm=0.000 circ=-0.0236 xUDD=(0.290,0.721,0.731)
# AMP t=58.00 tp n=2 rho=[0.420 0.420 0.420 0.420] mag=0.00218 | ba n=0 rho=[0.000 0.000 0.000 0.000] mag=0.00000
t=   60.00 +5.15e-15 | 0.0015  1.33      2    0      0      0 | 1.6001  0.01 | 7.23e-16 1.15e-16 |   4.3521 0.8912  0.1324  1.1242 1.000  1.33 | edge_dev mean=0.1406 max=0.1530 gg=0.2797 shape_dev=0.1610 xbar=0.5803 | T0 psi=(+0.516,+99.000,-0.409) ggm=0.000 circ=-0.0236 xUDD=(0.290,0.721,0.731)
# AMP t=60.00 tp n=2 rho=[0.420 0.420 0.420 0.420] mag=0.00204 | ba n=0 rho=[0.000 0.000 0.000 0.000] mag=0.00000
t=   62.00 +5.76e-15 | 0.0016  1.33      2    0      0      0 | 1.6047  0.30 | 6.42e-05 2.39e-09 |   4.0693 0.8333  0.1613  1.1214 1.000  1.33 | edge_dev mean=0.1448 max=0.1623 gg=0.0003 shape_dev=0.1660 xbar=0.5426 | T0 psi=(-0.207,+99.000,-0.124) ggm=0.000 circ=-0.0236 xUDD=(0.290,0.721,0.617)
# AMP t=62.00 tp n=2 rho=[0.420 0.420 0.420 0.420] mag=0.00191 | ba n=0 rho=[0.000 0.000 0.000 0.000] mag=0.00000
t=   64.00 +5.88e-15 | 0.0015  0.00      0    0      0      0 | 0.0000  0.00 | 0.00e+00 0.00e+00 |   4.3270 0.8861  0.2106  1.1097 0.333  0.00 | edge_dev mean=0.1454 max=0.1636 gg=0.0727 shape_dev=0.1667 xbar=0.5769 | T0 psi=(-0.974,+99.000,+1.878) ggm=0.000 circ=-0.0236 xUDD=(0.393,0.721,0.617)
# AMP t=64.00 tp n=2 rho=[0.420 0.420 0.420 0.420] mag=0.00178 | ba n=0 rho=[0.000 0.000 0.000 0.000] mag=0.00000
t=   66.00 +5.76e-15 | 0.0015  0.00      0    0      0      0 | 0.0000  0.00 | 0.00e+00 0.00e+00 |   4.3270 0.8861  0.2106  1.1097 0.333  0.00 | edge_dev mean=0.1454 max=0.1636 gg=0.2765 shape_dev=0.1667 xbar=0.5769 | T0 psi=(-2.421,+99.000,-2.296) ggm=0.000 circ=-0.0236 xUDD=(0.393,0.721,0.617)
# AMP t=66.00 tp n=2 rho=[0.420 0.420 0.420 0.420] mag=0.00167 | ba n=0 rho=[0.000 0.000 0.000 0.000] mag=0.00000
t=   68.00 +5.76e-15 | 0.0015  0.00      0    0      0      0 | 0.0000  0.00 | 0.00e+00 0.00e+00 |   4.3270 0.8861  0.2106  1.1097 0.333  0.00 | edge_dev mean=0.1454 max=0.1636 gg=0.0489 shape_dev=0.1667 xbar=0.5769 | T0 psi=(+2.415,+99.000,-0.186) ggm=0.000 circ=-0.0236 xUDD=(0.393,0.721,0.617)
# AMP t=68.00 tp n=2 rho=[0.420 0.420 0.420 0.420] mag=0.00156 | ba n=0 rho=[0.000 0.000 0.000 0.000] mag=0.00000
t=   70.00 +5.64e-15 | 0.0015  0.00      0    0      0      0 | 0.0000  0.00 | 0.00e+00 0.00e+00 |   4.3270 0.8861  0.2106  1.1097 0.333  0.00 | edge_dev mean=0.1454 max=0.1636 gg=0.0003 shape_dev=0.1667 xbar=0.5769 | T0 psi=(+0.968,+99.000,+1.924) ggm=0.000 circ=-0.0236 xUDD=(0.393,0.721,0.617)
# AMP t=70.00 tp n=2 rho=[0.420 0.420 0.420 0.420] mag=0.00146 | ba n=0 rho=[0.000 0.000 0.000 0.000] mag=0.00000
t=   72.00 +6.01e-15 | 0.0016  0.67      1    0      0      0 | 1.6013  0.00 | 1.86e-05 3.30e-06 |   4.0423 0.8278  0.2174  1.1076 0.667  0.67 | edge_dev mean=0.1460 max=0.1636 gg=0.0687 shape_dev=0.1675 xbar=0.5390 | T0 psi=(-0.654,+99.000,-2.249) ggm=0.000 circ=-0.0236 xUDD=(0.393,0.607,0.617)
# AMP t=72.00 tp n=2 rho=[0.420 0.420 0.420 0.420] mag=0.00137 | ba n=0 rho=[0.000 0.000 0.000 0.000] mag=0.00000
t=   74.00 +6.74e-15 | 0.0016  0.67      1    0      0      0 | 1.6022  0.00 | 1.25e-07 7.88e-08 |   4.0423 0.8278  0.2174  1.1078 0.667  0.67 | edge_dev mean=0.1464 max=0.1636 gg=0.2754 shape_dev=0.1679 xbar=0.5390 | T0 psi=(-2.842,+99.000,-0.139) ggm=0.000 circ=-0.0236 xUDD=(0.393,0.607,0.617)
# AMP t=74.00 tp n=2 rho=[0.420 0.420 0.420 0.420] mag=0.00129 | ba n=0 rho=[0.000 0.000 0.000 0.000] mag=0.00000
t=   76.00 +7.35e-15 | 0.0016  0.67      1    0      0      0 | 1.6022  0.00 | 3.85e-10 9.95e-11 |   4.0423 0.8278  0.2174  1.1078 0.667  0.67 | edge_dev mean=0.1464 max=0.1636 gg=0.0657 shape_dev=0.1679 xbar=0.5390 | T0 psi=(+1.257,+99.000,+1.971) ggm=0.000 circ=-0.0236 xUDD=(0.393,0.607,0.617)
# AMP t=76.00 tp n=2 rho=[0.420 0.420 0.420 0.420] mag=0.00120 | ba n=0 rho=[0.000 0.000 0.000 0.000] mag=0.00000
t=   78.00 +7.97e-15 | 0.0016  0.67      1    0      0      0 | 1.6022  0.00 | 4.70e-12 2.28e-14 |   4.0423 0.8278  0.2174  1.1078 0.667  0.67 | edge_dev mean=0.1464 max=0.1636 gg=0.0007 shape_dev=0.1679 xbar=0.5390 | T0 psi=(-0.928,+99.000,-2.202) ggm=0.000 circ=-0.0236 xUDD=(0.393,0.607,0.617)
# AMP t=78.00 tp n=2 rho=[0.420 0.420 0.420 0.420] mag=0.00113 | ba n=0 rho=[0.000 0.000 0.000 0.000] mag=0.00000
t=   80.00 +8.70e-15 | 0.0015  0.67      1    0      0      0 | 1.6022  0.00 | 7.89e-14 1.10e-19 |   4.2418 0.8686  0.2135  1.1095 0.667  0.67 | edge_dev mean=0.1464 max=0.1636 gg=0.0000 shape_dev=0.1679 xbar=0.5656 | T0 psi=(-3.113,+99.000,+0.020) ggm=0.000 circ=-0.0236 xUDD=(0.393,0.607,0.697)
# AMP t=80.00 tp n=2 rho=[0.420 0.420 0.420 0.420] mag=0.00105 | ba n=0 rho=[0.000 0.000 0.000 0.000] mag=0.00000
t=   82.00 +8.95e-15 | 0.0015  0.00      0    0      0      0 | 0.0000  0.00 | 0.00e+00 0.00e+00 |   4.4428 0.9098  0.1927  1.1140 0.333  0.00 | edge_dev mean=0.1464 max=0.1636 gg=0.0008 shape_dev=0.1679 xbar=0.5924 | T0 psi=(+1.454,+99.000,+1.609) ggm=0.000 circ=-0.0236 xUDD=(0.393,0.687,0.697)
# AMP t=82.00 tp n=2 rho=[0.420 0.420 0.420 0.420] mag=0.00098 | ba n=0 rho=[0.000 0.000 0.000 0.000] mag=0.00000
t=   84.00 +8.95e-15 | 0.0015  0.00      0    0      0      0 | 0.0000  0.00 | 0.00e+00 0.00e+00 |   4.4428 0.9098  0.1927  1.1140 0.333  0.00 | edge_dev mean=0.1464 max=0.1636 gg=0.1388 shape_dev=0.1679 xbar=0.5924 | T0 psi=(-0.199,+99.000,-3.085) ggm=0.000 circ=-0.0236 xUDD=(0.393,0.687,0.697)
# AMP t=84.00 tp n=2 rho=[0.420 0.420 0.420 0.420] mag=0.00092 | ba n=0 rho=[0.000 0.000 0.000 0.000] mag=0.00000
t=   86.00 +8.95e-15 | 0.0015  0.00      0    0      0      0 | 0.0000  0.00 | 0.00e+00 0.00e+00 |   4.4428 0.9098  0.1927  1.1140 0.333  0.00 | edge_dev mean=0.1464 max=0.1636 gg=0.1187 shape_dev=0.1679 xbar=0.5924 | T0 psi=(-1.851,+99.000,-1.496) ggm=0.000 circ=-0.0236 xUDD=(0.393,0.687,0.697)
# AMP t=86.00 tp n=2 rho=[0.420 0.420 0.420 0.420] mag=0.00086 | ba n=0 rho=[0.000 0.000 0.000 0.000] mag=0.00000
t=   88.00 +8.95e-15 | 0.0015  0.00      0    0      0      0 | 0.0000  0.00 | 0.00e+00 0.00e+00 |   4.4428 0.9098  0.1927  1.1140 0.333  0.00 | edge_dev mean=0.1464 max=0.1636 gg=0.0004 shape_dev=0.1679 xbar=0.5924 | T0 psi=(+2.780,+99.000,+0.093) ggm=0.000 circ=-0.0236 xUDD=(0.393,0.687,0.697)
# AMP t=88.00 tp n=2 rho=[0.420 0.420 0.420 0.420] mag=0.00081 | ba n=0 rho=[0.000 0.000 0.000 0.000] mag=0.00000
t=   90.00 +8.95e-15 | 0.0015  0.00      0    0      0      0 | 0.0000  0.00 | 0.00e+00 0.00e+00 |   4.4428 0.9098  0.1927  1.1140 0.333  0.00 | edge_dev mean=0.1464 max=0.1636 gg=0.0165 shape_dev=0.1679 xbar=0.5924 | T0 psi=(+1.128,+99.000,+1.682) ggm=0.000 circ=-0.0236 xUDD=(0.393,0.687,0.697)
# AMP t=90.00 tp n=2 rho=[0.420 0.420 0.420 0.420] mag=0.00075 | ba n=0 rho=[0.000 0.000 0.000 0.000] mag=0.00000
t=   92.00 +8.82e-15 | 0.0015  0.00      0    0      0      0 | 0.0000  0.00 | 0.00e+00 0.00e+00 |   4.4428 0.9098  0.1927  1.1140 0.333  0.00 | edge_dev mean=0.1464 max=0.1636 gg=0.2371 shape_dev=0.1679 xbar=0.5924 | T0 psi=(-0.525,+99.000,-3.012) ggm=0.000 circ=-0.0236 xUDD=(0.393,0.687,0.697)
# AMP t=92.00 tp n=2 rho=[0.420 0.420 0.420 0.420] mag=0.00071 | ba n=0 rho=[0.000 0.000 0.000 0.000] mag=0.00000
t=   94.00 +8.95e-15 | 0.0015  0.00      0    0      0      0 | 0.0000  0.00 | 0.00e+00 0.00e+00 |   4.4428 0.9098  0.1927  1.1140 0.333  0.00 | edge_dev mean=0.1464 max=0.1636 gg=0.0257 shape_dev=0.1679 xbar=0.5924 | T0 psi=(-2.177,+99.000,-1.423) ggm=0.000 circ=-0.0236 xUDD=(0.393,0.687,0.697)
# AMP t=94.00 tp n=2 rho=[0.420 0.420 0.420 0.420] mag=0.00066 | ba n=0 rho=[0.000 0.000 0.000 0.000] mag=0.00000
t=   96.00 +8.95e-15 | 0.0015  0.00      0    0      0      0 | 0.0000  0.00 | 0.00e+00 0.00e+00 |   4.4428 0.9098  0.1927  1.1140 0.333  0.00 | edge_dev mean=0.1464 max=0.1636 gg=0.0000 shape_dev=0.1679 xbar=0.5924 | T0 psi=(+2.454,+99.000,+0.166) ggm=0.000 circ=-0.0236 xUDD=(0.393,0.687,0.697)
# AMP t=96.00 tp n=2 rho=[0.420 0.420 0.420 0.420] mag=0.00062 | ba n=0 rho=[0.000 0.000 0.000 0.000] mag=0.00000
t=   98.00 +8.82e-15 | 0.0015  0.00      0    0      0      0 | 0.0000  0.00 | 0.00e+00 0.00e+00 |   4.4428 0.9098  0.1927  1.1140 0.333  0.00 | edge_dev mean=0.1464 max=0.1636 gg=0.0007 shape_dev=0.1679 xbar=0.5924 | T0 psi=(+0.801,+99.000,+1.755) ggm=0.000 circ=-0.0236 xUDD=(0.393,0.687,0.697)
# AMP t=98.00 tp n=2 rho=[0.420 0.420 0.420 0.420] mag=0.00058 | ba n=0 rho=[0.000 0.000 0.000 0.000] mag=0.00000
t=  100.00 +8.95e-15 | 0.0015  0.00      0    0      0      0 | 0.0000  0.00 | 0.00e+00 0.00e+00 |   4.4428 0.9098  0.1927  1.1140 0.333  0.00 | edge_dev mean=0.1464 max=0.1636 gg=0.1355 shape_dev=0.1679 xbar=0.5924 | T0 psi=(-0.851,+99.000,-2.940) ggm=0.000 circ=-0.0236 xUDD=(0.393,0.687,0.697)
# AMP t=100.00 tp n=2 rho=[0.420 0.420 0.420 0.420] mag=0.00054 | ba n=0 rho=[0.000 0.000 0.000 0.000] mag=0.00000
t=  102.00 +8.95e-15 | 0.0015  0.00      0    0      0      0 | 0.0000  0.00 | 0.00e+00 0.00e+00 |   4.4428 0.9098  0.1927  1.1140 0.333  0.00 | edge_dev mean=0.1464 max=0.1636 gg=0.1219 shape_dev=0.1679 xbar=0.5924 | T0 psi=(-2.504,+99.000,-1.351) ggm=0.000 circ=-0.0236 xUDD=(0.393,0.687,0.697)
# AMP t=102.00 tp n=2 rho=[0.420 0.420 0.420 0.420] mag=0.00051 | ba n=0 rho=[0.000 0.000 0.000 0.000] mag=0.00000
t=  104.00 +8.95e-15 | 0.0015  0.00      0    0      0      0 | 0.0000  0.00 | 0.00e+00 0.00e+00 |   4.4428 0.9098  0.1927  1.1140 0.333  0.00 | edge_dev mean=0.1464 max=0.1636 gg=0.0005 shape_dev=0.1679 xbar=0.5924 | T0 psi=(+2.127,+99.000,+0.238) ggm=0.000 circ=-0.0236 xUDD=(0.393,0.687,0.697)
# AMP t=104.00 tp n=2 rho=[0.420 0.420 0.420 0.420] mag=0.00047 | ba n=0 rho=[0.000 0.000 0.000 0.000] mag=0.00000
t=  106.00 +9.07e-15 | 0.0015  0.00      0    0      0      0 | 0.0000  0.00 | 0.00e+00 0.00e+00 |   4.4428 0.9098  0.1927  1.1140 0.333  0.00 | edge_dev mean=0.1464 max=0.1636 gg=0.0041 shape_dev=0.1679 xbar=0.5924 | T0 psi=(+0.475,+99.000,+1.827) ggm=0.000 circ=-0.0236 xUDD=(0.393,0.687,0.697)
# AMP t=106.00 tp n=2 rho=[0.420 0.420 0.420 0.420] mag=0.00044 | ba n=0 rho=[0.000 0.000 0.000 0.000] mag=0.00000
t=  108.00 +9.07e-15 | 0.0015  0.00      0    0      0      0 | 0.0000  0.00 | 0.00e+00 0.00e+00 |   4.4428 0.9098  0.1927  1.1140 0.333  0.00 | edge_dev mean=0.1464 max=0.1636 gg=0.1986 shape_dev=0.1679 xbar=0.5924 | T0 psi=(-1.178,+99.000,-2.867) ggm=0.000 circ=-0.0236 xUDD=(0.393,0.687,0.697)
# AMP t=108.00 tp n=2 rho=[0.420 0.420 0.420 0.420] mag=0.00041 | ba n=0 rho=[0.000 0.000 0.000 0.000] mag=0.00000
t=  110.00 +8.95e-15 | 0.0015  0.00      0    0      0      0 | 0.0000  0.00 | 0.00e+00 0.00e+00 |   4.4428 0.9098  0.1927  1.1140 0.333  0.00 | edge_dev mean=0.1464 max=0.1636 gg=0.0673 shape_dev=0.1679 xbar=0.5924 | T0 psi=(-2.830,+99.000,-1.278) ggm=0.000 circ=-0.0236 xUDD=(0.393,0.687,0.697)
# AMP t=110.00 tp n=2 rho=[0.420 0.420 0.420 0.420] mag=0.00039 | ba n=0 rho=[0.000 0.000 0.000 0.000] mag=0.00000
t=  112.00 +9.07e-15 | 0.0015  0.00      0    0      0      0 | 0.0000  0.00 | 0.00e+00 0.00e+00 |   4.4428 0.9098  0.1927  1.1140 0.333  0.00 | edge_dev mean=0.1464 max=0.1636 gg=0.0001 shape_dev=0.1679 xbar=0.5924 | T0 psi=(+1.801,+99.000,+0.311) ggm=0.000 circ=-0.0236 xUDD=(0.393,0.687,0.697)
# AMP t=112.00 tp n=2 rho=[0.420 0.420 0.420 0.420] mag=0.00036 | ba n=0 rho=[0.000 0.000 0.000 0.000] mag=0.00000
t=  114.00 +8.95e-15 | 0.0015  0.00      0    0      0      0 | 0.0000  0.00 | 0.00e+00 0.00e+00 |   4.4428 0.9098  0.1927  1.1140 0.333  0.00 | edge_dev mean=0.1464 max=0.1636 gg=0.0006 shape_dev=0.1679 xbar=0.5924 | T0 psi=(+0.148,+99.000,+1.900) ggm=0.000 circ=-0.0236 xUDD=(0.393,0.687,0.697)
# AMP t=114.00 tp n=2 rho=[0.420 0.420 0.420 0.420] mag=0.00034 | ba n=0 rho=[0.000 0.000 0.000 0.000] mag=0.00000
t=  116.00 +9.07e-15 | 0.0015  0.00      0    0      0      0 | 0.0000  0.00 | 0.00e+00 0.00e+00 |   4.1538 0.8506  0.2220  1.1072 0.333  0.00 | edge_dev mean=0.1464 max=0.1636 gg=0.1983 shape_dev=0.1679 xbar=0.5538 | T0 psi=(-1.504,+99.000,+2.958) ggm=0.000 circ=-0.0236 xUDD=(0.393,0.687,0.582)
# AMP t=116.00 tp n=2 rho=[0.420 0.420 0.420 0.420] mag=0.00032 | ba n=0 rho=[0.000 0.000 0.000 0.000] mag=0.00000
t=  118.00 +9.81e-15 | 0.0016  0.67      1    0      0      0 | 1.6056  0.00 | 8.85e-06 1.89e-27 |   3.8629 0.7910  0.2300  1.1052 0.667  0.67 | edge_dev mean=0.1479 max=0.1636 gg=0.2433 shape_dev=0.1698 xbar=0.5151 | T0 psi=(+2.687,+99.000,-0.962) ggm=0.000 circ=-0.0236 xUDD=(0.393,0.571,0.582)
# AMP t=118.00 tp n=2 rho=[0.420 0.420 0.420 0.420] mag=0.00030 | ba n=0 rho=[0.000 0.000 0.000 0.000] mag=0.00000
t=  120.00 +1.12e-14 | 0.0016  0.67      1    0      0      0 | 1.6060  0.00 | 1.49e-07 1.83e-18 |   3.8629 0.7910  0.2299  1.1053 0.667  0.67 | edge_dev mean=0.1481 max=0.1635 gg=0.0302 shape_dev=0.1700 xbar=0.5151 | T0 psi=(+0.242,+99.000,+1.401) ggm=0.000 circ=-0.0236 xUDD=(0.393,0.571,0.582)
# AMP t=120.00 tp n=2 rho=[0.420 0.420 0.420 0.420] mag=0.00028 | ba n=0 rho=[0.000 0.000 0.000 0.000] mag=0.00000
t=  122.00 +1.19e-14 | 0.0015  0.00      0    0      0      0 | 0.0000  0.00 | 0.00e+00 0.00e+00 |   4.3350 0.8877  0.3215  1.0758 0.333  0.00 | edge_dev mean=0.1481 max=0.1635 gg=0.0001 shape_dev=0.1700 xbar=0.5780 | T0 psi=(-1.650,+99.000,-2.225) ggm=0.000 circ=-0.0236 xUDD=(0.582,0.571,0.582)
# AMP t=122.00 tp n=2 rho=[0.420 0.420 0.420 0.420] mag=0.00026 | ba n=0 rho=[0.000 0.000 0.000 0.000] mag=0.00000
t=  124.00 +1.21e-14 | 0.0015  0.00      0    0      0      0 | 0.0000  0.00 | 0.00e+00 0.00e+00 |   4.3350 0.8877  0.3215  1.0758 0.333  0.00 | edge_dev mean=0.1481 max=0.1635 gg=0.0001 shape_dev=0.1700 xbar=0.5780 | T0 psi=(+1.138,+99.000,+1.190) ggm=0.000 circ=-0.0236 xUDD=(0.582,0.571,0.582)
# AMP t=124.00 tp n=2 rho=[0.420 0.420 0.420 0.420] mag=0.00024 | ba n=0 rho=[0.000 0.000 0.000 0.000] mag=0.00000
t=  126.00 +1.25e-14 | 0.0015  0.00      0    0      0      0 | 0.0000  0.00 | 0.00e+00 0.00e+00 |   4.3350 0.8877  0.3215  1.0758 0.333  0.00 | edge_dev mean=0.1481 max=0.1635 gg=0.0001 shape_dev=0.1700 xbar=0.5780 | T0 psi=(-2.357,+99.000,-1.678) ggm=0.000 circ=-0.0236 xUDD=(0.582,0.571,0.582)
# AMP t=126.00 tp n=2 rho=[0.420 0.420 0.420 0.420] mag=0.00023 | ba n=0 rho=[0.000 0.000 0.000 0.000] mag=0.00000
t=  128.00 +1.27e-14 | 0.0015  0.00      0    0      0      0 | 0.0000  0.00 | 0.00e+00 0.00e+00 |   4.3350 0.8877  0.3215  1.0758 0.333  0.00 | edge_dev mean=0.1481 max=0.1635 gg=0.0001 shape_dev=0.1700 xbar=0.5780 | T0 psi=(+0.431,+99.000,+1.738) ggm=0.000 circ=-0.0236 xUDD=(0.582,0.571,0.582)
# AMP t=128.00 tp n=2 rho=[0.420 0.420 0.420 0.420] mag=0.00021 | ba n=0 rho=[0.000 0.000 0.000 0.000] mag=0.00000
t=  130.00 +1.31e-14 | 0.0015  0.00      0    0      0      0 | 0.0000  0.00 | 0.00e+00 0.00e+00 |   4.3350 0.8877  0.3215  1.0758 0.333  0.00 | edge_dev mean=0.1481 max=0.1635 gg=0.0001 shape_dev=0.1700 xbar=0.5780 | T0 psi=(-3.064,+99.000,-1.131) ggm=0.000 circ=-0.0236 xUDD=(0.582,0.571,0.582)
# AMP t=130.00 tp n=2 rho=[0.420 0.420 0.420 0.420] mag=0.00020 | ba n=0 rho=[0.000 0.000 0.000 0.000] mag=0.00000
t=  132.00 +1.32e-14 | 0.0015  0.00      0    0      0      0 | 0.0000  0.00 | 0.00e+00 0.00e+00 |   4.3350 0.8877  0.3215  1.0758 0.333  0.00 | edge_dev mean=0.1481 max=0.1635 gg=0.0001 shape_dev=0.1700 xbar=0.5780 | T0 psi=(-0.276,+99.000,+2.285) ggm=0.000 circ=-0.0236 xUDD=(0.582,0.571,0.582)
# AMP t=132.00 tp n=2 rho=[0.420 0.420 0.420 0.420] mag=0.00019 | ba n=0 rho=[0.000 0.000 0.000 0.000] mag=0.00000
t=  134.00 +1.34e-14 | 0.0015  0.00      0    0      0      0 | 0.0000  0.00 | 0.00e+00 0.00e+00 |   4.5395 0.9296  0.3100  1.0804 0.333  0.00 | edge_dev mean=0.1481 max=0.1635 gg=0.0000 shape_dev=0.1700 xbar=0.6053 | T0 psi=(+2.512,+99.000,-0.463) ggm=0.000 circ=-0.0236 xUDD=(0.582,0.571,0.664)
# AMP t=134.00 tp n=2 rho=[0.420 0.420 0.420 0.420] mag=0.00017 | ba n=0 rho=[0.000 0.000 0.000 0.000] mag=0.00000
t=  136.00 +1.32e-14 | 0.0015  0.00      0    0      0      0 | 0.0000  0.00 | 0.00e+00 0.00e+00 |   4.5395 0.9296  0.3100  1.0804 0.333  0.00 | edge_dev mean=0.1481 max=0.1635 gg=0.0000 shape_dev=0.1700 xbar=0.6053 | T0 psi=(-0.983,+99.000,+2.392) ggm=0.000 circ=-0.0236 xUDD=(0.582,0.571,0.664)
# AMP t=136.00 tp n=2 rho=[0.420 0.420 0.420 0.420] mag=0.00016 | ba n=0 rho=[0.000 0.000 0.000 0.000] mag=0.00000
t=  138.00 +1.31e-14 | 0.0015  0.00      0    0      0      0 | 0.0000  0.00 | 0.00e+00 0.00e+00 |   4.5395 0.9296  0.3100  1.0804 0.333  0.00 | edge_dev mean=0.1481 max=0.1635 gg=0.0000 shape_dev=0.1700 xbar=0.6053 | T0 psi=(+1.805,+99.000,-1.036) ggm=0.000 circ=-0.0236 xUDD=(0.582,0.571,0.664)
# AMP t=138.00 tp n=2 rho=[0.420 0.420 0.420 0.420] mag=0.00015 | ba n=0 rho=[0.000 0.000 0.000 0.000] mag=0.00000
t=  140.00 +1.29e-14 | 0.0015  0.00      0    0      0      0 | 0.0000  0.00 | 0.00e+00 0.00e+00 |   4.5395 0.9296  0.3100  1.0804 0.333  0.00 | edge_dev mean=0.1481 max=0.1635 gg=0.0000 shape_dev=0.1700 xbar=0.6053 | T0 psi=(-1.690,+99.000,+1.819) ggm=0.000 circ=-0.0236 xUDD=(0.582,0.571,0.664)
# AMP t=140.00 tp n=2 rho=[0.420 0.420 0.420 0.420] mag=0.00014 | ba n=0 rho=[0.000 0.000 0.000 0.000] mag=0.00000
t=  142.00 +1.29e-14 | 0.0015  0.00      0    0      0      0 | 0.0000  0.00 | 0.00e+00 0.00e+00 |   4.5395 0.9296  0.3100  1.0804 0.333  0.00 | edge_dev mean=0.1481 max=0.1635 gg=0.0000 shape_dev=0.1700 xbar=0.6053 | T0 psi=(+1.098,+99.000,-1.609) ggm=0.000 circ=-0.0236 xUDD=(0.582,0.571,0.664)
# AMP t=142.00 tp n=2 rho=[0.420 0.420 0.420 0.420] mag=0.00013 | ba n=0 rho=[0.000 0.000 0.000 0.000] mag=0.00000
t=  144.00 +1.26e-14 | 0.0015  0.00      0    0      0      0 | 0.0000  0.00 | 0.00e+00 0.00e+00 |   4.5395 0.9296  0.3100  1.0804 0.333  0.00 | edge_dev mean=0.1481 max=0.1635 gg=0.0000 shape_dev=0.1700 xbar=0.6053 | T0 psi=(-2.397,+99.000,+1.246) ggm=0.000 circ=-0.0236 xUDD=(0.582,0.571,0.664)
# AMP t=144.00 tp n=2 rho=[0.420 0.420 0.420 0.420] mag=0.00012 | ba n=0 rho=[0.000 0.000 0.000 0.000] mag=0.00000
t=  146.00 +1.26e-14 | 0.0015  0.00      0    0      0      0 | 0.0000  0.00 | 0.00e+00 0.00e+00 |   4.5395 0.9296  0.3100  1.0804 0.333  0.00 | edge_dev mean=0.1481 max=0.1635 gg=0.0000 shape_dev=0.1700 xbar=0.6053 | T0 psi=(+0.391,+99.000,-2.182) ggm=0.000 circ=-0.0236 xUDD=(0.582,0.571,0.664)
# AMP t=146.00 tp n=2 rho=[0.420 0.420 0.420 0.420] mag=0.00012 | ba n=0 rho=[0.000 0.000 0.000 0.000] mag=0.00000
t=  148.00 +1.25e-14 | 0.0015  0.00      0    0      0      0 | 0.0000  0.00 | 0.00e+00 0.00e+00 |   4.5395 0.9296  0.3100  1.0804 0.333  0.00 | edge_dev mean=0.1481 max=0.1635 gg=0.0000 shape_dev=0.1700 xbar=0.6053 | T0 psi=(-3.104,+99.000,+0.673) ggm=0.000 circ=-0.0236 xUDD=(0.582,0.571,0.664)
# AMP t=148.00 tp n=2 rho=[0.420 0.420 0.420 0.420] mag=0.00011 | ba n=0 rho=[0.000 0.000 0.000 0.000] mag=0.00000
t=  150.00 +1.24e-14 | 0.0015  0.00      0    0      0      0 | 0.0000  0.00 | 0.00e+00 0.00e+00 |   4.5395 0.9296  0.3100  1.0804 0.333  0.00 | edge_dev mean=0.1481 max=0.1635 gg=0.0000 shape_dev=0.1700 xbar=0.6053 | T0 psi=(-0.316,+99.000,-2.755) ggm=0.000 circ=-0.0236 xUDD=(0.582,0.571,0.664)
# AMP t=150.00 tp n=2 rho=[0.420 0.420 0.420 0.420] mag=0.00010 | ba n=0 rho=[0.000 0.000 0.000 0.000] mag=0.00000
t=  152.00 +1.21e-14 | 0.0015  0.00      0    0      0      0 | 0.0000  0.00 | 0.00e+00 0.00e+00 |   4.5395 0.9296  0.3100  1.0804 0.333  0.00 | edge_dev mean=0.1481 max=0.1635 gg=0.0000 shape_dev=0.1700 xbar=0.6053 | T0 psi=(+2.472,+99.000,+0.100) ggm=0.000 circ=-0.0236 xUDD=(0.582,0.571,0.664)
# AMP t=152.00 tp n=2 rho=[0.420 0.420 0.420 0.420] mag=0.00010 | ba n=0 rho=[0.000 0.000 0.000 0.000] mag=0.00000
t=  154.00 +1.21e-14 | 0.0015  0.00      0    0      0      0 | 0.0000  0.00 | 0.00e+00 0.00e+00 |   4.5395 0.9296  0.3100  1.0804 0.333  0.00 | edge_dev mean=0.1481 max=0.1635 gg=0.0000 shape_dev=0.1700 xbar=0.6053 | T0 psi=(-1.023,+99.000,+2.955) ggm=0.000 circ=-0.0236 xUDD=(0.582,0.571,0.664)
# AMP t=154.00 tp n=2 rho=[0.420 0.420 0.420 0.420] mag=0.00009 | ba n=0 rho=[0.000 0.000 0.000 0.000] mag=0.00000
t=  156.00 +1.19e-14 | 0.0015  0.00      0    0      0      0 | 0.0000  0.00 | 0.00e+00 0.00e+00 |   4.5395 0.9296  0.3100  1.0804 0.333  0.00 | edge_dev mean=0.1481 max=0.1635 gg=0.0000 shape_dev=0.1700 xbar=0.6053 | T0 psi=(+1.765,+99.000,-0.473) ggm=0.000 circ=-0.0236 xUDD=(0.582,0.571,0.664)
# AMP t=156.00 tp n=2 rho=[0.420 0.420 0.420 0.420] mag=0.00008 | ba n=0 rho=[0.000 0.000 0.000 0.000] mag=0.00000
t=  158.00 +1.18e-14 | 0.0015  0.00      0    0      0      0 | 0.0000  0.00 | 0.00e+00 0.00e+00 |   4.5395 0.9296  0.3100  1.0804 0.333  0.00 | edge_dev mean=0.1481 max=0.1635 gg=0.0000 shape_dev=0.1700 xbar=0.6053 | T0 psi=(-1.730,+99.000,+2.382) ggm=0.000 circ=-0.0236 xUDD=(0.582,0.571,0.664)
# AMP t=158.00 tp n=2 rho=[0.420 0.420 0.420 0.420] mag=0.00008 | ba n=0 rho=[0.000 0.000 0.000 0.000] mag=0.00000
t=  160.00 +1.16e-14 | 0.0015  0.00      0    0      0      0 | 0.0000  0.00 | 0.00e+00 0.00e+00 |   4.5395 0.9296  0.3100  1.0804 0.333  0.00 | edge_dev mean=0.1481 max=0.1635 gg=0.0000 shape_dev=0.1700 xbar=0.6053 | T0 psi=(+1.059,+99.000,-1.046) ggm=0.000 circ=-0.0236 xUDD=(0.582,0.571,0.664)
# AMP t=160.00 tp n=2 rho=[0.420 0.420 0.420 0.420] mag=0.00007 | ba n=0 rho=[0.000 0.000 0.000 0.000] mag=0.00000
t=  162.00 +1.15e-14 | 0.0015  0.00      0    0      0      0 | 0.0000  0.00 | 0.00e+00 0.00e+00 |   4.5395 0.9296  0.3100  1.0804 0.333  0.00 | edge_dev mean=0.1481 max=0.1635 gg=0.0000 shape_dev=0.1700 xbar=0.6053 | T0 psi=(-2.436,+99.000,+1.809) ggm=0.000 circ=-0.0236 xUDD=(0.582,0.571,0.664)
# AMP t=162.00 tp n=2 rho=[0.420 0.420 0.420 0.420] mag=0.00007 | ba n=0 rho=[0.000 0.000 0.000 0.000] mag=0.00000
t=  164.00 +1.14e-14 | 0.0015  0.00      0    0      0      0 | 0.0000  0.00 | 0.00e+00 0.00e+00 |   4.5395 0.9296  0.3100  1.0804 0.333  0.00 | edge_dev mean=0.1481 max=0.1635 gg=0.0000 shape_dev=0.1700 xbar=0.6053 | T0 psi=(+0.352,+99.000,-1.619) ggm=0.000 circ=-0.0236 xUDD=(0.582,0.571,0.664)
# AMP t=164.00 tp n=2 rho=[0.420 0.420 0.420 0.420] mag=0.00006 | ba n=0 rho=[0.000 0.000 0.000 0.000] mag=0.00000
t=  166.00 +1.14e-14 | 0.0015  0.00      0    0      0      0 | 0.0000  0.00 | 0.00e+00 0.00e+00 |   4.5395 0.9296  0.3100  1.0804 0.333  0.00 | edge_dev mean=0.1481 max=0.1635 gg=0.0000 shape_dev=0.1700 xbar=0.6053 | T0 psi=(+3.140,+99.000,+1.236) ggm=0.000 circ=-0.0236 xUDD=(0.582,0.571,0.664)
# AMP t=166.00 tp n=2 rho=[0.420 0.420 0.420 0.420] mag=0.00006 | ba n=0 rho=[0.000 0.000 0.000 0.000] mag=0.00000
t=  168.00 +1.13e-14 | 0.0015  0.00      0    0      0      0 | 0.0000  0.00 | 0.00e+00 0.00e+00 |   4.5395 0.9296  0.3100  1.0804 0.333  0.00 | edge_dev mean=0.1481 max=0.1635 gg=0.0000 shape_dev=0.1700 xbar=0.6053 | T0 psi=(-0.355,+99.000,-2.193) ggm=0.000 circ=-0.0236 xUDD=(0.582,0.571,0.664)
# AMP t=168.00 tp n=2 rho=[0.420 0.420 0.420 0.420] mag=0.00006 | ba n=0 rho=[0.000 0.000 0.000 0.000] mag=0.00000
t=  170.00 +1.10e-14 | 0.0015  0.00      0    0      0      0 | 0.0000  0.00 | 0.00e+00 0.00e+00 |   4.5395 0.9296  0.3100  1.0804 0.333  0.00 | edge_dev mean=0.1481 max=0.1635 gg=0.0000 shape_dev=0.1700 xbar=0.6053 | T0 psi=(+2.433,+99.000,+0.663) ggm=0.000 circ=-0.0236 xUDD=(0.582,0.571,0.664)
# AMP t=170.00 tp n=2 rho=[0.420 0.420 0.420 0.420] mag=0.00005 | ba n=0 rho=[0.000 0.000 0.000 0.000] mag=0.00000
t=  172.00 +1.09e-14 | 0.0015  0.00      0    0      0      0 | 0.0000  0.00 | 0.00e+00 0.00e+00 |   4.5395 0.9296  0.3100  1.0804 0.333  0.00 | edge_dev mean=0.1481 max=0.1635 gg=0.0000 shape_dev=0.1700 xbar=0.6053 | T0 psi=(-1.062,+99.000,-2.766) ggm=0.000 circ=-0.0236 xUDD=(0.582,0.571,0.664)
# AMP t=172.00 tp n=2 rho=[0.420 0.420 0.420 0.420] mag=0.00005 | ba n=0 rho=[0.000 0.000 0.000 0.000] mag=0.00000
t=  174.00 +1.08e-14 | 0.0015  0.00      0    0      0      0 | 0.0000  0.00 | 0.00e+00 0.00e+00 |   4.5395 0.9296  0.3100  1.0804 0.333  0.00 | edge_dev mean=0.1481 max=0.1635 gg=0.0003 shape_dev=0.1700 xbar=0.6053 | T0 psi=(+1.726,+99.000,+0.089) ggm=0.000 circ=-0.0236 xUDD=(0.582,0.571,0.664)
# AMP t=174.00 tp n=2 rho=[0.420 0.420 0.420 0.420] mag=0.00005 | ba n=0 rho=[0.000 0.000 0.000 0.000] mag=0.00000
t=  176.00 +1.07e-14 | 0.0015  0.00      0    0      0      0 | 0.0000  0.00 | 0.00e+00 0.00e+00 |   4.5395 0.9296  0.3100  1.0804 0.333  0.00 | edge_dev mean=0.1481 max=0.1635 gg=0.0018 shape_dev=0.1700 xbar=0.6053 | T0 psi=(-1.769,+99.000,+2.944) ggm=0.000 circ=-0.0236 xUDD=(0.582,0.571,0.664)
# AMP t=176.00 tp n=2 rho=[0.420 0.420 0.420 0.420] mag=0.00004 | ba n=0 rho=[0.000 0.000 0.000 0.000] mag=0.00000
t=  178.00 +1.04e-14 | 0.0015  0.00      0    0      0      0 | 0.0000  0.00 | 0.00e+00 0.00e+00 |   4.2440 0.8691  0.3300  1.0726 0.333  0.00 | edge_dev mean=0.1481 max=0.1635 gg=0.0268 shape_dev=0.1700 xbar=0.5659 | T0 psi=(+1.019,+99.000,-1.144) ggm=0.000 circ=-0.0236 xUDD=(0.582,0.571,0.545)
# AMP t=178.00 tp n=2 rho=[0.420 0.420 0.420 0.420] mag=0.00004 | ba n=0 rho=[0.000 0.000 0.000 0.000] mag=0.00000
t=  180.00 +1.09e-14 | 0.0015  0.00      0    0      0      0 | 0.0000  0.00 | 0.00e+00 0.00e+00 |   4.2440 0.8691  0.3300  1.0726 0.333  0.00 | edge_dev mean=0.1481 max=0.1635 gg=0.0151 shape_dev=0.1700 xbar=0.5659 | T0 psi=(-2.476,+99.000,+2.541) ggm=0.000 circ=-0.0236 xUDD=(0.582,0.571,0.545)
# AMP t=180.00 tp n=2 rho=[0.420 0.420 0.420 0.420] mag=0.00004 | ba n=0 rho=[0.000 0.000 0.000 0.000] mag=0.00000
t=  182.00 +1.13e-14 | 0.0015  0.00      0    0      0      0 | 0.0000  0.00 | 0.00e+00 0.00e+00 |   4.2440 0.8691  0.3300  1.0726 0.333  0.00 | edge_dev mean=0.1481 max=0.1635 gg=0.0078 shape_dev=0.1700 xbar=0.5659 | T0 psi=(+0.312,+99.000,-0.056) ggm=0.000 circ=-0.0236 xUDD=(0.582,0.571,0.545)
# AMP t=182.00 tp n=2 rho=[0.420 0.420 0.420 0.420] mag=0.00004 | ba n=0 rho=[0.000 0.000 0.000 0.000] mag=0.00000
t=  184.00 +1.18e-14 | 0.0015  0.00      0    0      0      0 | 0.0000  0.00 | 0.00e+00 0.00e+00 |   4.2440 0.8691  0.3300  1.0726 0.333  0.00 | edge_dev mean=0.1481 max=0.1635 gg=0.0038 shape_dev=0.1700 xbar=0.5659 | T0 psi=(+3.100,+99.000,-2.654) ggm=0.000 circ=-0.0236 xUDD=(0.582,0.571,0.545)
# AMP t=184.00 tp n=2 rho=[0.420 0.420 0.420 0.420] mag=0.00003 | ba n=0 rho=[0.000 0.000 0.000 0.000] mag=0.00000
t=  186.00 +1.23e-14 | 0.0015  0.00      0    0      0      0 | 0.0000  0.00 | 0.00e+00 0.00e+00 |   4.2440 0.8691  0.3300  1.0726 0.333  0.00 | edge_dev mean=0.1481 max=0.1635 gg=0.0016 shape_dev=0.1700 xbar=0.5659 | T0 psi=(-0.395,+99.000,+1.032) ggm=0.000 circ=-0.0236 xUDD=(0.582,0.571,0.545)
# AMP t=186.00 tp n=2 rho=[0.420 0.420 0.420 0.420] mag=0.00003 | ba n=0 rho=[0.000 0.000 0.000 0.000] mag=0.00000
t=  188.00 +1.25e-14 | 0.0015  0.00      0    0      0      0 | 0.0000  0.00 | 0.00e+00 0.00e+00 |   4.4540 0.9121  0.3136  1.0788 0.333  0.00 | edge_dev mean=0.1481 max=0.1635 gg=0.0012 shape_dev=0.1700 xbar=0.5939 | T0 psi=(+2.393,+99.000,-1.599) ggm=0.000 circ=-0.0236 xUDD=(0.582,0.571,0.629)
# AMP t=188.00 tp n=2 rho=[0.420 0.420 0.420 0.420] mag=0.00003 | ba n=0 rho=[0.000 0.000 0.000 0.000] mag=0.00000
t=  190.00 +1.27e-14 | 0.0015  0.00      0    0      0      0 | 0.0000  0.00 | 0.00e+00 0.00e+00 |   4.4540 0.9121  0.3136  1.0788 0.333  0.00 | edge_dev mean=0.1481 max=0.1635 gg=0.0033 shape_dev=0.1700 xbar=0.5939 | T0 psi=(-1.102,+99.000,+1.483) ggm=0.000 circ=-0.0236 xUDD=(0.582,0.571,0.629)
# AMP t=190.00 tp n=2 rho=[0.420 0.420 0.420 0.420] mag=0.00003 | ba n=0 rho=[0.000 0.000 0.000 0.000] mag=0.00000
t=  192.00 +1.31e-14 | 0.0015  0.00      0    0      0      0 | 0.0000  0.00 | 0.00e+00 0.00e+00 |   4.4540 0.9121  0.3136  1.0788 0.333  0.00 | edge_dev mean=0.1481 max=0.1635 gg=0.0081 shape_dev=0.1700 xbar=0.5939 | T0 psi=(+1.686,+99.000,-1.719) ggm=0.000 circ=-0.0236 xUDD=(0.582,0.571,0.629)
# AMP t=192.00 tp n=2 rho=[0.420 0.420 0.420 0.420] mag=0.00003 | ba n=0 rho=[0.000 0.000 0.000 0.000] mag=0.00000
t=  194.00 +1.34e-14 | 0.0015  0.00      0    0      0      0 | 0.0000  0.00 | 0.00e+00 0.00e+00 |   4.4540 0.9121  0.3136  1.0788 0.333  0.00 | edge_dev mean=0.1481 max=0.1635 gg=0.0173 shape_dev=0.1700 xbar=0.5939 | T0 psi=(-1.809,+99.000,+1.363) ggm=0.000 circ=-0.0236 xUDD=(0.582,0.571,0.629)
# AMP t=194.00 tp n=2 rho=[0.420 0.420 0.420 0.420] mag=0.00002 | ba n=0 rho=[0.000 0.000 0.000 0.000] mag=0.00000
t=  196.00 +1.37e-14 | 0.0015  0.00      0    0      0      0 | 0.0000  0.00 | 0.00e+00 0.00e+00 |   4.4540 0.9121  0.3136  1.0788 0.333  0.00 | edge_dev mean=0.1481 max=0.1635 gg=0.0330 shape_dev=0.1700 xbar=0.5939 | T0 psi=(+0.979,+99.000,-1.838) ggm=0.000 circ=-0.0236 xUDD=(0.582,0.571,0.629)
# AMP t=196.00 tp n=2 rho=[0.420 0.420 0.420 0.420] mag=0.00002 | ba n=0 rho=[0.000 0.000 0.000 0.000] mag=0.00000
t=  198.00 +1.40e-14 | 0.0015  0.00      0    0      0      0 | 0.0000  0.00 | 0.00e+00 0.00e+00 |   4.4540 0.9121  0.3136  1.0788 0.333  0.00 | edge_dev mean=0.1481 max=0.1635 gg=0.0558 shape_dev=0.1700 xbar=0.5939 | T0 psi=(-2.516,+99.000,+1.244) ggm=0.000 circ=-0.0236 xUDD=(0.582,0.571,0.629)
# AMP t=198.00 tp n=2 rho=[0.420 0.420 0.420 0.420] mag=0.00002 | ba n=0 rho=[0.000 0.000 0.000 0.000] mag=0.00000
t=  200.00 +1.43e-14 | 0.0015  0.00      0    0      0      0 | 0.0000  0.00 | 0.00e+00 0.00e+00 |   4.4540 0.9121  0.3136  1.0788 0.333  0.00 | edge_dev mean=0.1481 max=0.1635 gg=0.0845 shape_dev=0.1700 xbar=0.5939 | T0 psi=(+0.272,+99.000,-1.958) ggm=0.000 circ=-0.0236 xUDD=(0.582,0.571,0.629)
# AMP t=200.00 tp n=2 rho=[0.420 0.420 0.420 0.420] mag=0.00002 | ba n=0 rho=[0.000 0.000 0.000 0.000] mag=0.00000
t=  202.00 +1.46e-14 | 0.0015  0.00      0    0      0      0 | 0.0000  0.00 | 0.00e+00 0.00e+00 |   4.4540 0.9121  0.3136  1.0788 0.333  0.00 | edge_dev mean=0.1481 max=0.1635 gg=0.1147 shape_dev=0.1700 xbar=0.5939 | T0 psi=(+3.061,+99.000,+1.124) ggm=0.000 circ=-0.0236 xUDD=(0.582,0.571,0.629)
# AMP t=202.00 tp n=2 rho=[0.420 0.420 0.420 0.420] mag=0.00002 | ba n=0 rho=[0.000 0.000 0.000 0.000] mag=0.00000
t=  204.00 +1.50e-14 | 0.0015  0.00      0    0      0      0 | 0.0000  0.00 | 0.00e+00 0.00e+00 |   4.6518 0.9526  0.3076  1.0817 0.333  0.00 | edge_dev mean=0.1481 max=0.1635 gg=0.0973 shape_dev=0.1700 xbar=0.6202 | T0 psi=(-0.434,+99.000,-1.683) ggm=0.000 circ=-0.0236 xUDD=(0.582,0.571,0.708)
# AMP t=204.00 tp n=2 rho=[0.420 0.420 0.420 0.420] mag=0.00002 | ba n=0 rho=[0.000 0.000 0.000 0.000] mag=0.00000
t=  206.00 +1.50e-14 | 0.0015  0.00      0    0      0      0 | 0.0000  0.00 | 0.00e+00 0.00e+00 |   4.6518 0.9526  0.3076  1.0817 0.333  0.00 | edge_dev mean=0.1481 max=0.1635 gg=0.1178 shape_dev=0.1700 xbar=0.6202 | T0 psi=(+2.354,+99.000,+0.890) ggm=0.000 circ=-0.0236 xUDD=(0.582,0.571,0.708)
# AMP t=206.00 tp n=2 rho=[0.420 0.420 0.420 0.420] mag=0.00002 | ba n=0 rho=[0.000 0.000 0.000 0.000] mag=0.00000
t=  208.00 +1.51e-14 | 0.0015  0.00      0    0      0      0 | 0.0000  0.00 | 0.00e+00 0.00e+00 |   4.6518 0.9526  0.3076  1.0817 0.333  0.00 | edge_dev mean=0.1481 max=0.1635 gg=0.0724 shape_dev=0.1700 xbar=0.6202 | T0 psi=(-1.141,+99.000,-2.820) ggm=0.000 circ=-0.0236 xUDD=(0.582,0.571,0.708)
# AMP t=208.00 tp n=2 rho=[0.420 0.420 0.420 0.420] mag=0.00001 | ba n=0 rho=[0.000 0.000 0.000 0.000] mag=0.00000
t=  210.00 +1.51e-14 | 0.0015  0.00      0    0      0      0 | 0.0000  0.00 | 0.00e+00 0.00e+00 |   4.6518 0.9526  0.3076  1.0817 0.333  0.00 | edge_dev mean=0.1481 max=0.1635 gg=0.0221 shape_dev=0.1700 xbar=0.6202 | T0 psi=(+1.647,+99.000,-0.248) ggm=0.000 circ=-0.0236 xUDD=(0.582,0.571,0.708)
# AMP t=210.00 tp n=2 rho=[0.420 0.420 0.420 0.420] mag=0.00001 | ba n=0 rho=[0.000 0.000 0.000 0.000] mag=0.00000
t=  212.00 +1.51e-14 | 0.0015  0.00      0    0      0      0 | 0.0000  0.00 | 0.00e+00 0.00e+00 |   4.6518 0.9526  0.3076  1.0817 0.333  0.00 | edge_dev mean=0.1481 max=0.1635 gg=0.0031 shape_dev=0.1700 xbar=0.6202 | T0 psi=(-1.848,+99.000,+2.325) ggm=0.000 circ=-0.0236 xUDD=(0.582,0.571,0.708)
# AMP t=212.00 tp n=2 rho=[0.420 0.420 0.420 0.420] mag=0.00001 | ba n=0 rho=[0.000 0.000 0.000 0.000] mag=0.00000
t=  214.00 +1.51e-14 | 0.0015  0.00      0    0      0      0 | 0.0000  0.00 | 0.00e+00 0.00e+00 |   4.6518 0.9526  0.3076  1.0817 0.333  0.00 | edge_dev mean=0.1481 max=0.1635 gg=0.0002 shape_dev=0.1700 xbar=0.6202 | T0 psi=(+0.940,+99.000,-1.385) ggm=0.000 circ=-0.0236 xUDD=(0.582,0.571,0.708)
# AMP t=214.00 tp n=2 rho=[0.420 0.420 0.420 0.420] mag=0.00001 | ba n=0 rho=[0.000 0.000 0.000 0.000] mag=0.00000
t=  216.00 +1.51e-14 | 0.0015  0.00      0    0      0      0 | 0.0000  0.00 | 0.00e+00 0.00e+00 |   4.3392 0.8886  0.2565  1.0988 0.333  0.00 | edge_dev mean=0.1481 max=0.1635 gg=0.0000 shape_dev=0.1700 xbar=0.5786 | T0 psi=(-2.862,+99.000,+0.962) ggm=0.000 circ=-0.0236 xUDD=(0.457,0.571,0.708)
# AMP t=216.00 tp n=2 rho=[0.420 0.420 0.420 0.420] mag=0.00001 | ba n=0 rho=[0.000 0.000 0.000 0.000] mag=0.00000
t=  218.00 +1.52e-14 | 0.0015  0.00      0    0      0      0 | 0.0000  0.00 | 0.00e+00 0.00e+00 |   4.3392 0.8886  0.2565  1.0988 0.333  0.00 | edge_dev mean=0.1481 max=0.1635 gg=0.0000 shape_dev=0.1700 xbar=0.5786 | T0 psi=(+0.589,+99.000,+2.873) ggm=0.000 circ=-0.0236 xUDD=(0.457,0.571,0.708)
# AMP t=218.00 tp n=2 rho=[0.420 0.420 0.420 0.420] mag=0.00001 | ba n=0 rho=[0.000 0.000 0.000 0.000] mag=0.00000
t=  220.00 +1.51e-14 | 0.0015  0.00      0    0      0      0 | 0.0000  0.00 | 0.00e+00 0.00e+00 |   4.3392 0.8886  0.2565  1.0988 0.333  0.00 | edge_dev mean=0.1481 max=0.1635 gg=0.0000 shape_dev=0.1700 xbar=0.5786 | T0 psi=(-2.244,+99.000,-1.500) ggm=0.000 circ=-0.0236 xUDD=(0.457,0.571,0.708)
# AMP t=220.00 tp n=2 rho=[0.420 0.420 0.420 0.420] mag=0.00001 | ba n=0 rho=[0.000 0.000 0.000 0.000] mag=0.00000
t=  222.00 +1.51e-14 | 0.0015  0.00      0    0      0      0 | 0.0000  0.00 | 0.00e+00 0.00e+00 |   4.3392 0.8886  0.2565  1.0988 0.333  0.00 | edge_dev mean=0.1481 max=0.1635 gg=0.0000 shape_dev=0.1700 xbar=0.5786 | T0 psi=(+1.206,+99.000,+0.411) ggm=0.000 circ=-0.0236 xUDD=(0.457,0.571,0.708)
# AMP t=222.00 tp n=2 rho=[0.420 0.420 0.420 0.420] mag=0.00001 | ba n=0 rho=[0.000 0.000 0.000 0.000] mag=0.00000
t=  224.00 +1.52e-14 | 0.0015  0.00      0    0      0      0 | 0.0000  0.00 | 0.00e+00 0.00e+00 |   4.5636 0.9345  0.2937  1.0866 0.333  0.00 | edge_dev mean=0.1481 max=0.1635 gg=0.0000 shape_dev=0.1700 xbar=0.6085 | T0 psi=(-1.454,+99.000,+2.540) ggm=0.000 circ=-0.0236 xUDD=(0.546,0.571,0.708)
# AMP t=224.00 tp n=2 rho=[0.420 0.420 0.420 0.420] mag=0.00001 | ba n=0 rho=[0.000 0.000 0.000 0.000] mag=0.00000
t=  226.00 +1.54e-14 | 0.0015  0.00      0    0      0      0 | 0.0000  0.00 | 0.00e+00 0.00e+00 |   4.5636 0.9345  0.2937  1.0866 0.333  0.00 | edge_dev mean=0.1481 max=0.1635 gg=0.0000 shape_dev=0.1700 xbar=0.6085 | T0 psi=(+1.509,+99.000,-1.345) ggm=0.000 circ=-0.0236 xUDD=(0.546,0.571,0.708)
# AMP t=226.00 tp n=2 rho=[0.420 0.420 0.420 0.420] mag=0.00001 | ba n=0 rho=[0.000 0.000 0.000 0.000] mag=0.00000
t=  228.00 +1.57e-14 | 0.0015  0.00      0    0      0      0 | 0.0000  0.00 | 0.00e+00 0.00e+00 |   4.5636 0.9345  0.2937  1.0866 0.333  0.00 | edge_dev mean=0.1481 max=0.1635 gg=0.0000 shape_dev=0.1700 xbar=0.6085 | T0 psi=(-1.812,+99.000,+1.053) ggm=0.000 circ=-0.0236 xUDD=(0.546,0.571,0.708)
# AMP t=228.00 tp n=2 rho=[0.420 0.420 0.420 0.420] mag=0.00001 | ba n=0 rho=[0.000 0.000 0.000 0.000] mag=0.00000
t=  230.00 +1.59e-14 | 0.0015  0.00      0    0      0      0 | 0.0000  0.00 | 0.00e+00 0.00e+00 |   4.5636 0.9345  0.2937  1.0866 0.333  0.00 | edge_dev mean=0.1481 max=0.1635 gg=0.0001 shape_dev=0.1700 xbar=0.6085 | T0 psi=(+1.151,+99.000,-2.832) ggm=0.000 circ=-0.0236 xUDD=(0.546,0.571,0.708)
# AMP t=230.00 tp n=2 rho=[0.420 0.420 0.420 0.420] mag=0.00001 | ba n=0 rho=[0.000 0.000 0.000 0.000] mag=0.00000
t=  232.00 +1.62e-14 | 0.0015  0.00      0    0      0      0 | 0.0000  0.00 | 0.00e+00 0.00e+00 |   4.2767 0.8758  0.3037  1.0822 0.333  0.00 | edge_dev mean=0.1481 max=0.1635 gg=0.0090 shape_dev=0.1700 xbar=0.5702 | T0 psi=(-2.169,+99.000,-0.975) ggm=0.000 circ=-0.0236 xUDD=(0.546,0.571,0.594)
# AMP t=232.00 tp n=2 rho=[0.420 0.420 0.420 0.420] mag=0.00001 | ba n=0 rho=[0.000 0.000 0.000 0.000] mag=0.00000
t=  234.00 +1.63e-14 | 0.0015  0.00      0    0      0      0 | 0.0000  0.00 | 0.00e+00 0.00e+00 |   4.2767 0.8758  0.3037  1.0822 0.333  0.00 | edge_dev mean=0.1481 max=0.1635 gg=0.0201 shape_dev=0.1700 xbar=0.5702 | T0 psi=(+0.794,+99.000,+2.179) ggm=0.000 circ=-0.0236 xUDD=(0.546,0.571,0.594)
# AMP t=234.00 tp n=2 rho=[0.420 0.420 0.420 0.420] mag=0.00001 | ba n=0 rho=[0.000 0.000 0.000 0.000] mag=0.00000
t=  236.00 +1.64e-14 | 0.0016  0.00      0    0      0      0 | 0.0000  0.00 | 0.00e+00 0.00e+00 |   3.9617 0.8113  0.3490  1.0665 0.333  0.00 | edge_dev mean=0.1481 max=0.1635 gg=0.0397 shape_dev=0.1700 xbar=0.5282 | T0 psi=(-2.791,+99.000,-0.949) ggm=0.000 circ=-0.0236 xUDD=(0.546,0.445,0.594)
# AMP t=236.00 tp n=2 rho=[0.420 0.420 0.420 0.420] mag=0.00001 | ba n=0 rho=[0.000 0.000 0.000 0.000] mag=0.00000
t=  238.00 +1.61e-14 | 0.0016  0.00      0    0      0      0 | 0.0000  0.00 | 0.00e+00 0.00e+00 |   3.9617 0.8113  0.3490  1.0665 0.333  0.00 | edge_dev mean=0.1481 max=0.1635 gg=0.0686 shape_dev=0.1700 xbar=0.5282 | T0 psi=(-0.846,+99.000,+2.205) ggm=0.000 circ=-0.0236 xUDD=(0.546,0.445,0.594)
# AMP t=238.00 tp n=2 rho=[0.420 0.420 0.420 0.420] mag=0.00001 | ba n=0 rho=[0.000 0.000 0.000 0.000] mag=0.00000
t=  240.00 +1.61e-14 | 0.0016  0.00      0    0      0      0 | 0.0000  0.00 | 0.00e+00 0.00e+00 |   3.9617 0.8113  0.3490  1.0665 0.333  0.00 | edge_dev mean=0.1481 max=0.1635 gg=0.1056 shape_dev=0.1700 xbar=0.5282 | T0 psi=(+1.098,+99.000,-0.924) ggm=0.000 circ=-0.0236 xUDD=(0.546,0.445,0.594)
# AMP t=240.00 tp n=2 rho=[0.420 0.420 0.420 0.420] mag=0.00001 | ba n=0 rho=[0.000 0.000 0.000 0.000] mag=0.00000
t=  242.00 +1.57e-14 | 0.0016  0.00      0    0      0      0 | 0.0000  0.00 | 0.00e+00 0.00e+00 |   3.9617 0.8113  0.3490  1.0665 0.333  0.00 | edge_dev mean=0.1481 max=0.1635 gg=0.1448 shape_dev=0.1700 xbar=0.5282 | T0 psi=(+3.043,+99.000,+2.230) ggm=0.000 circ=-0.0236 xUDD=(0.546,0.445,0.594)
# AMP t=242.00 tp n=2 rho=[0.420 0.420 0.420 0.420] mag=0.00000 | ba n=0 rho=[0.000 0.000 0.000 0.000] mag=0.00000
t=  244.00 +1.54e-14 | 0.0015  0.00      0    0      0      0 | 0.0000  0.00 | 0.00e+00 0.00e+00 |   4.1881 0.8576  0.3135  1.0789 0.333  0.00 | edge_dev mean=0.1481 max=0.1635 gg=0.1769 shape_dev=0.1700 xbar=0.5584 | T0 psi=(-0.995,+99.000,-0.898) ggm=0.000 circ=-0.0236 xUDD=(0.546,0.535,0.594)
# AMP t=244.00 tp n=2 rho=[0.420 0.420 0.420 0.420] mag=0.00000 | ba n=0 rho=[0.000 0.000 0.000 0.000] mag=0.00000
t=  246.00 +1.56e-14 | 0.0015  0.00      0    0      0      0 | 0.0000  0.00 | 0.00e+00 0.00e+00 |   4.1881 0.8576  0.3135  1.0789 0.333  0.00 | edge_dev mean=0.1481 max=0.1635 gg=0.1932 shape_dev=0.1700 xbar=0.5584 | T0 psi=(+1.700,+99.000,+2.256) ggm=0.000 circ=-0.0236 xUDD=(0.546,0.535,0.594)
# AMP t=246.00 tp n=2 rho=[0.420 0.420 0.420 0.420] mag=0.00000 | ba n=0 rho=[0.000 0.000 0.000 0.000] mag=0.00000
t=  248.00 +1.56e-14 | 0.0015  0.00      0    0      0      0 | 0.0000  0.00 | 0.00e+00 0.00e+00 |   4.1881 0.8576  0.3135  1.0789 0.333  0.00 | edge_dev mean=0.1481 max=0.1635 gg=0.1886 shape_dev=0.1700 xbar=0.5584 | T0 psi=(-1.887,+99.000,-0.873) ggm=0.000 circ=-0.0236 xUDD=(0.546,0.535,0.594)
# AMP t=248.00 tp n=2 rho=[0.420 0.420 0.420 0.420] mag=0.00000 | ba n=0 rho=[0.000 0.000 0.000 0.000] mag=0.00000
t=  250.00 +1.58e-14 | 0.0015  0.00      0    0      0      0 | 0.0000  0.00 | 0.00e+00 0.00e+00 |   4.1881 0.8576  0.3135  1.0789 0.333  0.00 | edge_dev mean=0.1481 max=0.1635 gg=0.1645 shape_dev=0.1700 xbar=0.5584 | T0 psi=(+0.808,+99.000,+2.281) ggm=0.000 circ=-0.0236 xUDD=(0.546,0.535,0.594)
# AMP t=250.00 tp n=2 rho=[0.420 0.420 0.420 0.420] mag=0.00000 | ba n=0 rho=[0.000 0.000 0.000 0.000] mag=0.00000
t=  252.00 +1.58e-14 | 0.0015  0.00      0    0      0      0 | 0.0000  0.00 | 0.00e+00 0.00e+00 |   4.1881 0.8576  0.3135  1.0789 0.333  0.00 | edge_dev mean=0.1481 max=0.1635 gg=0.1281 shape_dev=0.1700 xbar=0.5584 | T0 psi=(-2.779,+99.000,-0.847) ggm=0.000 circ=-0.0236 xUDD=(0.546,0.535,0.594)
# AMP t=252.00 tp n=2 rho=[0.420 0.420 0.420 0.420] mag=0.00000 | ba n=0 rho=[0.000 0.000 0.000 0.000] mag=0.00000
t=  254.00 +1.59e-14 | 0.0015  0.00      0    0      0      0 | 0.0000  0.00 | 0.00e+00 0.00e+00 |   4.1881 0.8576  0.3135  1.0789 0.333  0.00 | edge_dev mean=0.1481 max=0.1635 gg=0.0889 shape_dev=0.1700 xbar=0.5584 | T0 psi=(-0.084,+99.000,+2.307) ggm=0.000 circ=-0.0236 xUDD=(0.546,0.535,0.594)
# AMP t=254.00 tp n=2 rho=[0.420 0.420 0.420 0.420] mag=0.00000 | ba n=0 rho=[0.000 0.000 0.000 0.000] mag=0.00000
t=  256.00 +1.61e-14 | 0.0015  0.00      0    0      0      0 | 0.0000  0.00 | 0.00e+00 0.00e+00 |   4.1881 0.8576  0.3135  1.0789 0.333  0.00 | edge_dev mean=0.1481 max=0.1635 gg=0.0548 shape_dev=0.1700 xbar=0.5584 | T0 psi=(+2.612,+99.000,-0.822) ggm=0.000 circ=-0.0236 xUDD=(0.546,0.535,0.594)
# AMP t=256.00 tp n=2 rho=[0.420 0.420 0.420 0.420] mag=0.00000 | ba n=0 rho=[0.000 0.000 0.000 0.000] mag=0.00000
t=  258.00 +1.59e-14 | 0.0015  0.00      0    0      0      0 | 0.0000  0.00 | 0.00e+00 0.00e+00 |   4.3909 0.8992  0.3077  1.0818 0.333  0.00 | edge_dev mean=0.1481 max=0.1635 gg=0.0290 shape_dev=0.1700 xbar=0.5855 | T0 psi=(-0.976,+99.000,+2.680) ggm=0.000 circ=-0.0236 xUDD=(0.546,0.535,0.675)
# AMP t=258.00 tp n=2 rho=[0.420 0.420 0.420 0.420] mag=0.00000 | ba n=0 rho=[0.000 0.000 0.000 0.000] mag=0.00000
t=  260.00 +1.59e-14 | 0.0015  0.00      0    0      0      0 | 0.0000  0.00 | 0.00e+00 0.00e+00 |   4.3909 0.8992  0.3077  1.0818 0.333  0.00 | edge_dev mean=0.1481 max=0.1635 gg=0.0037 shape_dev=0.1700 xbar=0.5855 | T0 psi=(+1.720,+99.000,-0.996) ggm=0.000 circ=-0.0236 xUDD=(0.546,0.535,0.675)
# AMP t=260.00 tp n=2 rho=[0.420 0.420 0.420 0.420] mag=0.00000 | ba n=0 rho=[0.000 0.000 0.000 0.000] mag=0.00000
t=  262.00 +1.58e-14 | 0.0015  0.00      0    0      0      0 | 0.0000  0.00 | 0.00e+00 0.00e+00 |   4.3909 0.8992  0.3077  1.0818 0.333  0.00 | edge_dev mean=0.1481 max=0.1635 gg=0.0002 shape_dev=0.1700 xbar=0.5855 | T0 psi=(-1.868,+99.000,+1.612) ggm=0.000 circ=-0.0236 xUDD=(0.546,0.535,0.675)
# AMP t=262.00 tp n=2 rho=[0.420 0.420 0.420 0.420] mag=0.00000 | ba n=0 rho=[0.000 0.000 0.000 0.000] mag=0.00000
t=  264.00 +1.58e-14 | 0.0015  0.00      0    0      0      0 | 0.0000  0.00 | 0.00e+00 0.00e+00 |   4.3909 0.8992  0.3077  1.0818 0.333  0.00 | edge_dev mean=0.1481 max=0.1635 gg=0.0000 shape_dev=0.1700 xbar=0.5855 | T0 psi=(+0.828,+99.000,-2.063) ggm=0.000 circ=-0.0236 xUDD=(0.546,0.535,0.675)
# AMP t=264.00 tp n=2 rho=[0.420 0.420 0.420 0.420] mag=0.00000 | ba n=0 rho=[0.000 0.000 0.000 0.000] mag=0.00000
t=  266.00 +1.57e-14 | 0.0015  0.00      0    0      0      0 | 0.0000  0.00 | 0.00e+00 0.00e+00 |   4.3909 0.8992  0.3077  1.0818 0.333  0.00 | edge_dev mean=0.1481 max=0.1635 gg=0.0000 shape_dev=0.1700 xbar=0.5855 | T0 psi=(-2.760,+99.000,+0.544) ggm=0.000 circ=-0.0236 xUDD=(0.546,0.535,0.675)
# AMP t=266.00 tp n=2 rho=[0.420 0.420 0.420 0.420] mag=0.00000 | ba n=0 rho=[0.000 0.000 0.000 0.000] mag=0.00000
t=  268.00 +1.58e-14 | 0.0015  0.00      0    0      0      0 | 0.0000  0.00 | 0.00e+00 0.00e+00 |   4.3909 0.8992  0.3077  1.0818 0.333  0.00 | edge_dev mean=0.1481 max=0.1635 gg=0.0000 shape_dev=0.1700 xbar=0.5855 | T0 psi=(-0.064,+99.000,-3.131) ggm=0.000 circ=-0.0236 xUDD=(0.546,0.535,0.675)
# AMP t=268.00 tp n=2 rho=[0.420 0.420 0.420 0.420] mag=0.00000 | ba n=0 rho=[0.000 0.000 0.000 0.000] mag=0.00000
t=  270.00 +1.58e-14 | 0.0015  0.00      0    0      0      0 | 0.0000  0.00 | 0.00e+00 0.00e+00 |   4.3909 0.8992  0.3077  1.0818 0.333  0.00 | edge_dev mean=0.1481 max=0.1635 gg=0.0000 shape_dev=0.1700 xbar=0.5855 | T0 psi=(+2.631,+99.000,-0.523) ggm=0.000 circ=-0.0236 xUDD=(0.546,0.535,0.675)
# AMP t=270.00 tp n=2 rho=[0.420 0.420 0.420 0.420] mag=0.00000 | ba n=0 rho=[0.000 0.000 0.000 0.000] mag=0.00000
t=  272.00 +1.57e-14 | 0.0015  0.00      0    0      0      0 | 0.0000  0.00 | 0.00e+00 0.00e+00 |   4.3909 0.8992  0.3077  1.0818 0.333  0.00 | edge_dev mean=0.1481 max=0.1635 gg=0.0000 shape_dev=0.1700 xbar=0.5855 | T0 psi=(-0.956,+99.000,+2.084) ggm=0.000 circ=-0.0236 xUDD=(0.546,0.535,0.675)
# AMP t=272.00 tp n=2 rho=[0.420 0.420 0.420 0.420] mag=0.00000 | ba n=0 rho=[0.000 0.000 0.000 0.000] mag=0.00000
t=  274.00 +1.56e-14 | 0.0015  0.00      0    0      0      0 | 0.0000  0.00 | 0.00e+00 0.00e+00 |   4.3909 0.8992  0.3077  1.0818 0.333  0.00 | edge_dev mean=0.1481 max=0.1635 gg=0.0000 shape_dev=0.1700 xbar=0.5855 | T0 psi=(+1.739,+99.000,-1.591) ggm=0.000 circ=-0.0236 xUDD=(0.546,0.535,0.675)
# AMP t=274.00 tp n=2 rho=[0.420 0.420 0.420 0.420] mag=0.00000 | ba n=0 rho=[0.000 0.000 0.000 0.000] mag=0.00000
t=  276.00 +1.56e-14 | 0.0015  0.00      0    0      0      0 | 0.0000  0.00 | 0.00e+00 0.00e+00 |   4.3909 0.8992  0.3077  1.0818 0.333  0.00 | edge_dev mean=0.1481 max=0.1635 gg=0.0000 shape_dev=0.1700 xbar=0.5855 | T0 psi=(-1.848,+99.000,+1.017) ggm=0.000 circ=-0.0236 xUDD=(0.546,0.535,0.675)
# AMP t=276.00 tp n=2 rho=[0.420 0.420 0.420 0.420] mag=0.00000 | ba n=0 rho=[0.000 0.000 0.000 0.000] mag=0.00000
t=  278.00 +1.56e-14 | 0.0015  0.00      0    0      0      0 | 0.0000  0.00 | 0.00e+00 0.00e+00 |   4.3909 0.8992  0.3077  1.0818 0.333  0.00 | edge_dev mean=0.1481 max=0.1635 gg=0.0000 shape_dev=0.1700 xbar=0.5855 | T0 psi=(+0.847,+99.000,-2.659) ggm=0.000 circ=-0.0236 xUDD=(0.546,0.535,0.675)
# AMP t=278.00 tp n=2 rho=[0.420 0.420 0.420 0.420] mag=0.00000 | ba n=0 rho=[0.000 0.000 0.000 0.000] mag=0.00000
t=  280.00 +1.56e-14 | 0.0015  0.00      0    0      0      0 | 0.0000  0.00 | 0.00e+00 0.00e+00 |   4.3909 0.8992  0.3077  1.0818 0.333  0.00 | edge_dev mean=0.1481 max=0.1635 gg=0.0000 shape_dev=0.1700 xbar=0.5855 | T0 psi=(-2.740,+99.000,-0.051) ggm=0.000 circ=-0.0236 xUDD=(0.546,0.535,0.675)
# AMP t=280.00 tp n=2 rho=[0.420 0.420 0.420 0.420] mag=0.00000 | ba n=0 rho=[0.000 0.000 0.000 0.000] mag=0.00000
t=  282.00 +1.56e-14 | 0.0015  0.00      0    0      0      0 | 0.0000  0.00 | 0.00e+00 0.00e+00 |   4.3909 0.8992  0.3077  1.0818 0.333  0.00 | edge_dev mean=0.1481 max=0.1635 gg=0.0000 shape_dev=0.1700 xbar=0.5855 | T0 psi=(-0.045,+99.000,+2.557) ggm=0.000 circ=-0.0236 xUDD=(0.546,0.535,0.675)
# AMP t=282.00 tp n=2 rho=[0.420 0.420 0.420 0.420] mag=0.00000 | ba n=0 rho=[0.000 0.000 0.000 0.000] mag=0.00000
t=  284.00 +1.54e-14 | 0.0015  0.00      0    0      0      0 | 0.0000  0.00 | 0.00e+00 0.00e+00 |   4.3909 0.8992  0.3077  1.0818 0.333  0.00 | edge_dev mean=0.1481 max=0.1635 gg=0.0000 shape_dev=0.1700 xbar=0.5855 | T0 psi=(+2.651,+99.000,-1.119) ggm=0.000 circ=-0.0236 xUDD=(0.546,0.535,0.675)
# AMP t=284.00 tp n=2 rho=[0.420 0.420 0.420 0.420] mag=0.00000 | ba n=0 rho=[0.000 0.000 0.000 0.000] mag=0.00000
t=  286.00 +1.54e-14 | 0.0015  0.00      0    0      0      0 | 0.0000  0.00 | 0.00e+00 0.00e+00 |   4.3909 0.8992  0.3077  1.0818 0.333  0.00 | edge_dev mean=0.1481 max=0.1635 gg=0.0000 shape_dev=0.1700 xbar=0.5855 | T0 psi=(-0.937,+99.000,+1.489) ggm=0.000 circ=-0.0236 xUDD=(0.546,0.535,0.675)
# AMP t=286.00 tp n=2 rho=[0.420 0.420 0.420 0.420] mag=0.00000 | ba n=0 rho=[0.000 0.000 0.000 0.000] mag=0.00000
t=  288.00 +1.54e-14 | 0.0015  0.00      0    0      0      0 | 0.0000  0.00 | 0.00e+00 0.00e+00 |   4.3909 0.8992  0.3077  1.0818 0.333  0.00 | edge_dev mean=0.1481 max=0.1635 gg=0.0003 shape_dev=0.1700 xbar=0.5855 | T0 psi=(+1.759,+99.000,-2.186) ggm=0.000 circ=-0.0236 xUDD=(0.546,0.535,0.675)
# AMP t=288.00 tp n=2 rho=[0.420 0.420 0.420 0.420] mag=0.00000 | ba n=0 rho=[0.000 0.000 0.000 0.000] mag=0.00000
t=  290.00 +1.54e-14 | 0.0015  0.00      0    0      0      0 | 0.0000  0.00 | 0.00e+00 0.00e+00 |   4.3909 0.8992  0.3077  1.0818 0.333  0.00 | edge_dev mean=0.1481 max=0.1635 gg=0.0050 shape_dev=0.1700 xbar=0.5855 | T0 psi=(-1.829,+99.000,+0.421) ggm=0.000 circ=-0.0236 xUDD=(0.546,0.535,0.675)
# AMP t=290.00 tp n=2 rho=[0.420 0.420 0.420 0.420] mag=0.00000 | ba n=0 rho=[0.000 0.000 0.000 0.000] mag=0.00000
t=  292.00 +1.54e-14 | 0.0015  0.00      0    0      0      0 | 0.0000  0.00 | 0.00e+00 0.00e+00 |   4.3909 0.8992  0.3077  1.0818 0.333  0.00 | edge_dev mean=0.1481 max=0.1635 gg=0.0354 shape_dev=0.1700 xbar=0.5855 | T0 psi=(+0.867,+99.000,+3.029) ggm=0.000 circ=-0.0236 xUDD=(0.546,0.535,0.675)
# AMP t=292.00 tp n=2 rho=[0.420 0.420 0.420 0.420] mag=0.00000 | ba n=0 rho=[0.000 0.000 0.000 0.000] mag=0.00000
t=  294.00 +1.53e-14 | 0.0015  0.00      0    0      0      0 | 0.0000  0.00 | 0.00e+00 0.00e+00 |   4.3909 0.8992  0.3077  1.0818 0.333  0.00 | edge_dev mean=0.1481 max=0.1635 gg=0.1080 shape_dev=0.1700 xbar=0.5855 | T0 psi=(-2.721,+99.000,-0.646) ggm=0.000 circ=-0.0236 xUDD=(0.546,0.535,0.675)
# AMP t=294.00 tp n=2 rho=[0.420 0.420 0.420 0.420] mag=0.00000 | ba n=0 rho=[0.000 0.000 0.000 0.000] mag=0.00000
t=  296.00 +1.59e-14 | 0.0015  0.00      0    0      0      0 | 0.0000  0.00 | 0.00e+00 0.00e+00 |   4.0976 0.8391  0.3194  1.0766 0.333  0.00 | edge_dev mean=0.1481 max=0.1635 gg=0.1969 shape_dev=0.1700 xbar=0.5464 | T0 psi=(-0.025,+99.000,+2.103) ggm=0.000 circ=-0.0236 xUDD=(0.546,0.535,0.557)
# AMP t=296.00 tp n=2 rho=[0.420 0.420 0.420 0.420] mag=0.00000 | ba n=0 rho=[0.000 0.000 0.000 0.000] mag=0.00000
t=  298.00 +1.65e-14 | 0.0015  0.00      0    0      0      0 | 0.0000  0.00 | 0.00e+00 0.00e+00 |   4.0976 0.8391  0.3194  1.0766 0.333  0.00 | edge_dev mean=0.1481 max=0.1635 gg=0.2030 shape_dev=0.1700 xbar=0.5464 | T0 psi=(+2.670,+99.000,-0.761) ggm=0.000 circ=-0.0236 xUDD=(0.546,0.535,0.557)
# AMP t=298.00 tp n=2 rho=[0.420 0.420 0.420 0.420] mag=0.00000 | ba n=0 rho=[0.000 0.000 0.000 0.000] mag=0.00000
t=  300.00 +1.72e-14 | 0.0015  0.00      0    0      0      0 | 0.0000  0.00 | 0.00e+00 0.00e+00 |   4.0976 0.8391  0.3194  1.0766 0.333  0.00 | edge_dev mean=0.1481 max=0.1635 gg=0.2078 shape_dev=0.1700 xbar=0.5464 | T0 psi=(-0.917,+99.000,+2.657) ggm=0.000 circ=-0.0236 xUDD=(0.546,0.535,0.557)
# AMP t=300.00 tp n=2 rho=[0.420 0.420 0.420 0.420] mag=0.00000 | ba n=0 rho=[0.000 0.000 0.000 0.000] mag=0.00000
#
# RESULT drift_rel 1.716e-14
# RESULT births 0 deaths 0 beta_returns 0 beta_energy 0.000000e+00
# RESULT conv rough=0.000000 cond=2.083691 evap=0.000000 backs=0.415035 rad=3.181933
# RESULT credit qcnvD=0.875873 qcnvF=0.351443
# RESULT amp tp n=2 rho=[0.4200 0.4200 0.4200 0.4200] mag=0.000001 | ba n=0 rho=[0.0000 0.0000 0.0000 0.0000] mag=0.000000
# RESULT geometry phi_nom=0.0015 z_live=0.00 dbar=0.0000 sigma_d=0.0000
# RESULT truss edge_dev_mean=0.148125 edge_dev_max=0.163547 shape=(0.0000,0.2828,0.8764) shape0=(0.0000,0.2036,0.7855)
# EDGE 0 0-1 d=1.60600 dev=+0.15870 gg=0.0000 gpl=0.9318
# EDGE 1 1-2 CHANNEL DEAD
# EDGE 2 2-0 d=1.61085 dev=+0.16355 gg=0.6235 gpl=0.7521
# RESULT tri0 psi=(-0.9175,+99.0000,+2.6575) ggm=0.0000 circ=-0.02359 Em=(1.3657,1.3383,1.3937)
