# freecell — v89 free-cell substance test (exp=pair)
# laws = laws_V2g VERBATIM (defaults): C=1 w1=1.65 w2=2.9 q_detune=1.2
# gamma_res=0.25 gamma_res_m=0.1 p_gate=8 lock_floor=0.005 k_dep=1.2 k_dep_m=2 cap=2.5
# e_s0=1 es_floor=0.05 e_cond=0 f_conv=0.25 f_evap=0.5 s_pull=0.15
# kappa_lock=1 kappa_align=0.5 s_k=0.06 s_disp=0.3 sigma_tumble=0.01
# comb_limit=6 rough_k=0.35 gamma_rough=0.5 mob_sym=1 mob_floor=0.004 field_J=1.8
# quant_A0=1.15 quant_mode=2 (A0eff=1.15)
# v91 radiance (laws_V3r candidate A): k_rad=0.05 p_rad=4 rad_clock=0
# v91 cantus (coherent-channel candidate B): k_cant=0 k_tune=0 cant_tau=50 cant_seed=0 cant_grow=1
# v91 registry (exchange-registry lane, REGISTRY.md): reg_tau=0 reg_gate=0 reg_f0=0
# v91 identity (parcel-identity lane, IDENTITY.md): par_tau=0 par_gate=0 par_form=0 par_lo=0.002 par_hi=0.02 par_mature=400
# v91 workfn (emergent-threshold lane, WORKFN.md): wf_on=1 wf_floor=0.01 wf_far=99
# v91 amplitude (field-side-identity lane Phase M, AMPLITUDE.md): amp_tau=30
# v92 amplitude Phase L lane L-1 (L0_DESIGN.md): amp_drv=0.5 amp_mmin=2
# QUENCH-2 apparatus: conf_r=0 conf_gap=0.3 conf_th=1.6 conf_pinw=3 spin_m=0 imp_k=0 qp_phase=0
# HORIZON apparatus (HORIZON.md): bh_r=0 bh_k=1 bh_sep=0
# FLOW apparatus (FLOW.md): bed_k=0 bed_tau=30
# GEOMETRY (apparatus): cfac=1.15 k_rep=1 mob_geo=1 kappa_bond=1 freeze_geo=1
# bath=0 bath_frac=1 jam_sweeps=800 jam_k=0.1 L=16 dt=0.02 T=60 seed=20260802 diag_every=100
# JAM skipped (no bath)
# SEED pair: i=0 j=1 x=0.3622/0.9600 p:q=1:1 m=1 d*=1.865025 d0=1.400000 (doff -0.4650)
# SEED pair radii r=0.8151 contact=1.5651  Em/voice=0.9056
# INIT NC=2 slots=1 live=1 phi_nom=0.0010 z_live=1.00 dbar=1.4000 sigma_d=0.00% E0=4.874402174
#
# t | drift_rel | phi_nom z_live NLa NLd births deaths | dbar sigma_d% | maxstep maxbond | Em_tag ret com_dev rms conn z_tag | pair: d delta gf gb | core/far
t=    0.00 +0.00e+00 | 0.0010  1.00      1    0      0      0 | 1.4000  0.00 | 0.00e+00 0.00e+00 |   3.3056 1.0000  0.3165  0.6244 1.000  1.00 | d=1.400000 dl=+0.0000 gf=0.0000 gb=0.0000 x=0.3622
# AMP t=0.00 tp n=0 rho=[0.000 0.000 0.000 0.000] mag=0.00000 | ba n=0 rho=[0.000 0.000 0.000 0.000] mag=0.00000
t=    2.00 -3.28e-15 | 0.0010  1.00      1    0      0      0 | 1.4000  0.00 | 0.00e+00 7.77e-14 |   3.3056 1.0000  0.3165  0.6244 1.000  1.00 | d=1.400000 dl=-1.2466 gf=0.0096 gb=0.0000 x=0.3622
# AMP t=2.00 tp n=1 rho=[1.000 1.000 1.000 1.000] mag=0.00025 | ba n=0 rho=[0.000 0.000 0.000 0.000] mag=0.00000
t=    4.00 -3.46e-15 | 0.0010  1.00      1    0      0      0 | 1.4000  0.00 | 0.00e+00 7.98e-14 |   3.3056 1.0000  0.3166  0.6243 1.000  1.00 | d=1.400000 dl=-1.2465 gf=0.0096 gb=0.0000 x=0.3621
# AMP t=4.00 tp n=1 rho=[1.000 1.000 1.000 1.000] mag=0.00048 | ba n=0 rho=[0.000 0.000 0.000 0.000] mag=0.00000
t=    6.00 -2.92e-15 | 0.0010  1.00      1    0      0      0 | 1.4000  0.00 | 0.00e+00 8.40e-14 |   3.3056 1.0000  0.3166  0.6243 1.000  1.00 | d=1.400000 dl=-1.2464 gf=0.0097 gb=0.0000 x=0.3621
# AMP t=6.00 tp n=1 rho=[1.000 1.000 1.000 1.000] mag=0.00095 | ba n=0 rho=[0.000 0.000 0.000 0.000] mag=0.00000
t=    8.00 -3.28e-15 | 0.0010  1.00      1    0      0      0 | 1.4000  0.00 | 0.00e+00 9.06e-14 |   3.3056 1.0000  0.3167  0.6243 1.000  1.00 | d=1.400000 dl=-1.2464 gf=0.0098 gb=0.0000 x=0.3620
# AMP t=8.00 tp n=1 rho=[1.000 1.000 1.000 1.000] mag=0.00113 | ba n=0 rho=[0.000 0.000 0.000 0.000] mag=0.00000
t=   10.00 -2.92e-15 | 0.0010  1.00      1    0      0      0 | 1.4000  0.00 | 0.00e+00 9.99e-14 |   3.3056 1.0000  0.3168  0.6242 1.000  1.00 | d=1.400000 dl=-1.2462 gf=0.0100 gb=0.0000 x=0.3619
# AMP t=10.00 tp n=1 rho=[1.000 1.000 1.000 1.000] mag=0.00156 | ba n=0 rho=[0.000 0.000 0.000 0.000] mag=0.00000
t=   12.00 -3.28e-15 | 0.0010  1.00      1    0      0      0 | 1.4000  0.00 | 0.00e+00 1.13e-13 |   3.3056 1.0000  0.3168  0.6242 1.000  1.00 | d=1.400000 dl=-1.2462 gf=0.0102 gb=0.0000 x=0.3619
# AMP t=12.00 tp n=1 rho=[1.000 1.000 1.000 1.000] mag=0.00172 | ba n=0 rho=[0.000 0.000 0.000 0.000] mag=0.00000
t=   14.00 -3.10e-15 | 0.0010  1.00      1    0      0      0 | 1.4000  0.00 | 0.00e+00 1.31e-13 |   3.3056 1.0000  0.3169  0.6242 1.000  1.00 | d=1.400000 dl=-1.2461 gf=0.0105 gb=0.0000 x=0.3619
# AMP t=14.00 tp n=1 rho=[1.000 1.000 1.000 1.000] mag=0.00186 | ba n=0 rho=[0.000 0.000 0.000 0.000] mag=0.00000
t=   16.00 -3.10e-15 | 0.0010  1.00      1    0      0      0 | 1.4000  0.00 | 0.00e+00 1.55e-13 |   3.3056 1.0000  0.3169  0.6241 1.000  1.00 | d=1.400000 dl=-1.2460 gf=0.0109 gb=0.0000 x=0.3618
# AMP t=16.00 tp n=1 rho=[1.000 1.000 1.000 1.000] mag=0.00224 | ba n=0 rho=[0.000 0.000 0.000 0.000] mag=0.00000
t=   18.00 -3.10e-15 | 0.0010  1.00      1    0      0      0 | 1.4000  0.00 | 0.00e+00 1.87e-13 |   3.3056 1.0000  0.3170  0.6241 1.000  1.00 | d=1.400000 dl=-1.2459 gf=0.0113 gb=0.0000 x=0.3617
# AMP t=18.00 tp n=1 rho=[1.000 1.000 1.000 1.000] mag=0.00236 | ba n=0 rho=[0.000 0.000 0.000 0.000] mag=0.00000
t=   20.00 -3.28e-15 | 0.0010  1.00      1    0      0      0 | 1.4000  0.00 | 0.00e+00 2.32e-13 |   3.3056 1.0000  0.3171  0.6241 1.000  1.00 | d=1.400000 dl=-1.2458 gf=0.0117 gb=0.0000 x=0.3617
# AMP t=20.00 tp n=1 rho=[1.000 1.000 1.000 1.000] mag=0.00273 | ba n=0 rho=[0.000 0.000 0.000 0.000] mag=0.00000
t=   22.00 -3.64e-15 | 0.0010  1.00      1    0      0      0 | 1.4000  0.00 | 0.00e+00 2.94e-13 |   3.3056 1.0000  0.3171  0.6240 1.000  1.00 | d=1.400000 dl=-1.2457 gf=0.0123 gb=0.0000 x=0.3616
# AMP t=22.00 tp n=1 rho=[1.000 1.000 1.000 1.000] mag=0.00282 | ba n=0 rho=[0.000 0.000 0.000 0.000] mag=0.00000
t=   24.00 -3.28e-15 | 0.0010  1.00      1    0      0      0 | 1.4000  0.00 | 0.00e+00 3.81e-13 |   3.3056 1.0000  0.3172  0.6240 1.000  1.00 | d=1.400000 dl=-1.2456 gf=0.0129 gb=0.0000 x=0.3615
# AMP t=24.00 tp n=1 rho=[1.000 1.000 1.000 1.000] mag=0.00291 | ba n=0 rho=[0.000 0.000 0.000 0.000] mag=0.00000
# QATOM t=25.94 dir=DF w=1.34701122 e=0.246541018309 i=1 Em=2.4019
t=   26.00 -3.10e-15 | 0.0010  1.00      1    0      0      0 | 1.4000  0.00 | 0.00e+00 5.15e-16 |   3.0590 0.9254  0.2864  0.6387 1.000  1.00 | d=1.400000 dl=-1.4560 gf=0.0241 gb=0.0000 x=0.3615
# AMP t=26.00 tp n=1 rho=[1.000 1.000 1.000 1.000] mag=0.00326 | ba n=0 rho=[0.000 0.000 0.000 0.000] mag=0.00000
t=   28.00 -2.37e-15 | 0.0010  1.00      1    0      0      0 | 1.4000  0.00 | 0.00e+00 1.38e-05 |   3.0590 0.9254  0.2868  0.6385 1.000  1.00 | d=1.400000 dl=-1.4556 gf=0.9727 gb=0.0038 x=0.3611
# AMP t=28.00 tp n=1 rho=[0.954 0.954 0.954 0.954] mag=0.00491 | ba n=0 rho=[0.000 0.000 0.000 0.000] mag=0.00000
t=   30.00 -1.64e-15 | 0.0010  1.00      1    0      0      0 | 1.4000  0.00 | 0.00e+00 3.05e-04 |   3.0590 0.9254  0.2860  0.6389 1.000  1.00 | d=1.400000 dl=-1.4564 gf=0.0830 gb=0.7598 x=0.3618
# AMP t=30.00 tp n=1 rho=[0.772 0.772 0.772 0.772] mag=0.01849 | ba n=0 rho=[0.000 0.000 0.000 0.000] mag=0.00000
t=   32.00 -1.64e-15 | 0.0010  1.00      1    0      0      0 | 1.4000  0.00 | 0.00e+00 4.06e-09 |   3.0590 0.9254  0.2786  0.6422 1.000  1.00 | d=1.400000 dl=-1.4640 gf=0.0000 gb=0.2624 x=0.3683
# AMP t=32.00 tp n=1 rho=[0.680 0.680 0.680 0.680] mag=0.03364 | ba n=0 rho=[0.000 0.000 0.000 0.000] mag=0.00000
t=   34.00 -1.09e-15 | 0.0010  1.00      1    0      0      0 | 1.4000  0.00 | 0.00e+00 5.85e-20 |   3.0590 0.9254  0.2769  0.6429 1.000  1.00 | d=1.400000 dl=-1.4657 gf=0.0000 gb=0.0001 x=0.3698
# AMP t=34.00 tp n=1 rho=[0.440 0.440 0.440 0.440] mag=0.04140 | ba n=0 rho=[0.000 0.000 0.000 0.000] mag=0.00000
t=   36.00 -5.47e-16 | 0.0010  1.00      1    0      0      0 | 1.4000  0.00 | 0.00e+00 1.75e-30 |   3.0590 0.9254  0.2769  0.6429 1.000  1.00 | d=1.400000 dl=-1.4657 gf=0.0012 gb=0.0000 x=0.3698
# AMP t=36.00 tp n=1 rho=[0.373 0.373 0.373 0.373] mag=0.04070 | ba n=0 rho=[0.000 0.000 0.000 0.000] mag=0.00000
t=   38.00 +5.47e-16 | 0.0010  1.00      1    0      0      0 | 1.4000  0.00 | 0.00e+00 5.57e-08 |   2.7968 0.8461  0.2374  0.6585 1.000  1.00 | d=1.400000 dl=-1.3327 gf=0.3330 gb=0.0000 x=0.3696
# AMP t=38.00 tp n=1 rho=[0.380 0.380 0.380 0.380] mag=0.03876 | ba n=0 rho=[0.000 0.000 0.000 0.000] mag=0.00000
t=   40.00 +1.46e-15 | 0.0010  1.00      1    0      0      0 | 1.4000  0.00 | 0.00e+00 3.68e-04 |   2.7968 0.8461  0.2409  0.6572 1.000  1.00 | d=1.400000 dl=-1.3299 gf=0.8987 gb=0.0782 x=0.3669
# AMP t=40.00 tp n=1 rho=[0.412 0.412 0.412 0.412] mag=0.04436 | ba n=0 rho=[0.000 0.000 0.000 0.000] mag=0.00000
t=   42.00 +2.19e-15 | 0.0010  1.00      1    0      0      0 | 1.4000  0.00 | 0.00e+00 3.02e-04 |   2.7968 0.8461  0.2375  0.6584 1.000  1.00 | d=1.400000 dl=-1.3325 gf=0.0416 gb=0.9749 x=0.3695
# AMP t=42.00 tp n=1 rho=[0.476 0.476 0.476 0.476] mag=0.05317 | ba n=0 rho=[0.000 0.000 0.000 0.000] mag=0.00000
t=   44.00 +3.10e-15 | 0.0010  1.00      1    0      0      0 | 1.4000  0.00 | 0.00e+00 2.63e-08 |   2.7968 0.8461  0.2266  0.6623 1.000  1.00 | d=1.400000 dl=-1.3409 gf=0.0000 gb=0.2478 x=0.3783
# AMP t=44.00 tp n=1 rho=[0.584 0.584 0.584 0.584] mag=0.06614 | ba n=0 rho=[0.000 0.000 0.000 0.000] mag=0.00000
t=   46.00 +4.01e-15 | 0.0010  1.00      1    0      0      0 | 1.4000  0.00 | 0.00e+00 2.32e-25 |   2.7968 0.8461  0.2217  0.6640 1.000  1.00 | d=1.400000 dl=-1.3446 gf=0.0000 gb=0.0012 x=0.3822
# AMP t=46.00 tp n=1 rho=[0.490 0.490 0.490 0.490] mag=0.08152 | ba n=0 rho=[0.000 0.000 0.000 0.000] mag=0.00000
t=   48.00 +5.10e-15 | 0.0010  1.00      1    0      0      0 | 1.4000  0.00 | 0.00e+00 1.18e-17 |   2.7968 0.8461  0.2217  0.6640 1.000  1.00 | d=1.400000 dl=-1.3446 gf=0.0000 gb=0.0000 x=0.3822
# AMP t=48.00 tp n=1 rho=[0.473 0.473 0.473 0.473] mag=0.07711 | ba n=0 rho=[0.000 0.000 0.000 0.000] mag=0.00000
t=   50.00 +6.20e-15 | 0.0010  1.00      1    0      0      0 | 1.4000  0.00 | 0.00e+00 3.30e-16 |   2.7968 0.8461  0.2217  0.6640 1.000  1.00 | d=1.400000 dl=-1.3446 gf=0.0109 gb=0.0000 x=0.3822
# AMP t=50.00 tp n=1 rho=[0.475 0.475 0.475 0.475] mag=0.07250 | ba n=0 rho=[0.000 0.000 0.000 0.000] mag=0.00000
t=   52.00 +6.92e-15 | 0.0010  1.00      1    0      0      0 | 1.4000  0.00 | 0.00e+00 9.18e-07 |   2.7968 0.8461  0.2223  0.6637 1.000  1.00 | d=1.400000 dl=-1.3442 gf=0.5594 gb=0.0002 x=0.3817
# AMP t=52.00 tp n=1 rho=[0.478 0.478 0.478 0.478] mag=0.06987 | ba n=0 rho=[0.000 0.000 0.000 0.000] mag=0.00000
t=   54.00 +7.84e-15 | 0.0010  1.00      1    0      0      0 | 1.4000  0.00 | 0.00e+00 6.35e-04 |   2.7968 0.8461  0.2271  0.6621 1.000  1.00 | d=1.400000 dl=-1.3406 gf=0.7645 gb=0.1377 x=0.3779
# AMP t=54.00 tp n=1 rho=[0.450 0.450 0.450 0.450] mag=0.07631 | ba n=0 rho=[0.000 0.000 0.000 0.000] mag=0.00000
t=   56.00 +8.56e-15 | 0.0010  1.00      1    0      0      0 | 1.4000  0.00 | 0.00e+00 2.34e-04 |   2.7968 0.8461  0.2210  0.6641 1.000  1.00 | d=1.400000 dl=-1.3451 gf=0.0263 gb=0.9956 x=0.3827
# AMP t=56.00 tp n=1 rho=[0.502 0.502 0.502 0.502] mag=0.08684 | ba n=0 rho=[0.000 0.000 0.000 0.000] mag=0.00000
t=   58.00 +9.48e-15 | 0.0010  1.00      1    0      0      0 | 1.4000  0.00 | 0.00e+00 2.90e-08 |   2.7968 0.8461  0.2085  0.6682 1.000  1.00 | d=1.400000 dl=-1.3539 gf=0.0000 gb=0.2549 x=0.3927
# AMP t=58.00 tp n=1 rho=[0.569 0.569 0.569 0.569] mag=0.09786 | ba n=0 rho=[0.000 0.000 0.000 0.000] mag=0.00000
t=   60.00 +1.04e-14 | 0.0010  1.00      1    0      0      0 | 1.4000  0.00 | 0.00e+00 1.71e-29 |   3.0322 0.9173  0.1335  0.6872 1.000  1.00 | d=1.400000 dl=-1.5529 gf=0.0000 gb=0.0046 x=0.4908
# AMP t=60.00 tp n=1 rho=[0.499 0.499 0.499 0.499] mag=0.11016 | ba n=0 rho=[0.000 0.000 0.000 0.000] mag=0.00000
#
# RESULT drift_rel 1.039e-14
# RESULT births 0 deaths 0 beta_returns 0 beta_energy 0.000000e+00
# RESULT conv rough=0.000000 cond=0.204682 evap=0.000000 backs=0.066354 rad=0.508713
# RESULT credit qcnvD=0.162234 qcnvF=0.309679
# RESULT amp tp n=1 rho=[0.4987 0.4987 0.4987 0.4987] mag=0.110163 | ba n=0 rho=[0.0000 0.0000 0.0000 0.0000] mag=0.000000
# RESULT geometry phi_nom=0.0010 z_live=1.00 dbar=1.4000 sigma_d=0.0000
# RESULT pair d_final=1.400000 d_star_seed=1.865025 d_star_live=1.859596 off_live=-0.459595 Em_i=1.22696 Em_j=1.80517
# RESULT pairflux dep_ij=3.355905e-02 dep_ji=1.196763e-01 lem_ij=1.922843e-22 lem_ji=9.968285e-05
