# freecell — v89 free-cell substance test (exp=pair)
# laws = laws_V2g VERBATIM (defaults): C=1 w1=1.65 w2=2.9 q_detune=1.2
# gamma_res=0.25 gamma_res_m=0.1 p_gate=8 lock_floor=0.005 k_dep=1.2 k_dep_m=2 cap=2.5
# e_s0=1 es_floor=0.05 e_cond=0 f_conv=0.25 f_evap=0.5 s_pull=0.15
# kappa_lock=1 kappa_align=0.5 s_k=0.06 s_disp=0.3 sigma_tumble=0.01
# comb_limit=6 rough_k=0.35 gamma_rough=0.5 mob_sym=1 mob_floor=0.004 field_J=1.8
# quant_A0=1.15 quant_mode=2 (A0eff=1.15)
# v91 radiance (laws_V3r candidate A): k_rad=0.05 p_rad=4 rad_clock=0
# v91 cantus (coherent-channel candidate B): k_cant=0 k_tune=0 cant_tau=50 cant_seed=0 cant_grow=1
# v91 registry (exchange-registry lane, REGISTRY.md): reg_tau=0 reg_gate=0 reg_f0=0
# v91 identity (parcel-identity lane, IDENTITY.md): par_tau=0 par_gate=0 par_form=0 par_lo=0.002 par_hi=0.02 par_mature=400
# v91 workfn (emergent-threshold lane, WORKFN.md): wf_on=1 wf_floor=0.01 wf_far=99
# v91 amplitude (field-side-identity lane Phase M, AMPLITUDE.md): amp_tau=30
# v92 amplitude Phase L lane L-1 (L0_DESIGN.md): amp_drv=0.5 amp_mmin=2
# QUENCH-2 apparatus: conf_r=0 conf_gap=0.3 conf_th=1.6 conf_pinw=3 spin_m=0 imp_k=0 qp_phase=0
# HORIZON apparatus (HORIZON.md): bh_r=0 bh_k=1 bh_sep=0
# FLOW apparatus (FLOW.md): bed_k=0 bed_tau=30
# GEOMETRY (apparatus): cfac=1.15 k_rep=1 mob_geo=1 kappa_bond=1 freeze_geo=1
# bath=0 bath_frac=1 jam_sweeps=800 jam_k=0.1 L=16 dt=0.02 T=60 seed=20260802 diag_every=100
# JAM skipped (no bath)
# SEED pair: i=0 j=1 x=0.3889/1.0000 p:q=1:1 m=1 d*=1.906622 d0=1.400000 (doff -0.5066)
# SEED pair radii r=0.8124 contact=1.5577  Em/voice=0.9722
# INIT NC=2 slots=1 live=1 phi_nom=0.0010 z_live=1.00 dbar=1.4000 sigma_d=0.00% E0=5.019323913
#
# t | drift_rel | phi_nom z_live NLa NLd births deaths | dbar sigma_d% | maxstep maxbond | Em_tag ret com_dev rms conn z_tag | pair: d delta gf gb | core/far
t=    0.00 +0.00e+00 | 0.0010  1.00      1    0      0      0 | 1.4000  0.00 | 0.00e+00 0.00e+00 |   3.4722 1.0000  0.3080  0.6286 1.000  1.00 | d=1.400000 dl=+0.0000 gf=0.0000 gb=0.0000 x=0.3889
# AMP t=0.00 tp n=0 rho=[0.000 0.000 0.000 0.000] mag=0.00000 | ba n=0 rho=[0.000 0.000 0.000 0.000] mag=0.00000
t=    2.00 +0.00e+00 | 0.0010  1.00      1    0      0      0 | 1.4000  0.00 | 0.00e+00 1.06e-21 |   3.4722 1.0000  0.3080  0.6286 1.000  1.00 | d=1.400000 dl=-1.4936 gf=0.0061 gb=0.0000 x=0.3889
# AMP t=2.00 tp n=1 rho=[1.000 1.000 1.000 1.000] mag=0.00000 | ba n=0 rho=[0.000 0.000 0.000 0.000] mag=0.00000
t=    4.00 +0.00e+00 | 0.0010  1.00      1    0      0      0 | 1.4000  0.00 | 0.00e+00 1.06e-21 |   3.4722 1.0000  0.3080  0.6286 1.000  1.00 | d=1.400000 dl=-1.4936 gf=0.0061 gb=0.0000 x=0.3889
# AMP t=4.00 tp n=1 rho=[1.000 1.000 1.000 1.000] mag=0.00000 | ba n=0 rho=[0.000 0.000 0.000 0.000] mag=0.00000
t=    6.00 +0.00e+00 | 0.0010  1.00      1    0      0      0 | 1.4000  0.00 | 0.00e+00 1.05e-21 |   3.4722 1.0000  0.3080  0.6286 1.000  1.00 | d=1.400000 dl=-1.4936 gf=0.0061 gb=0.0000 x=0.3889
# AMP t=6.00 tp n=1 rho=[1.000 1.000 1.000 1.000] mag=0.00000 | ba n=0 rho=[0.000 0.000 0.000 0.000] mag=0.00000
t=    8.00 +0.00e+00 | 0.0010  1.00      1    0      0      0 | 1.4000  0.00 | 0.00e+00 1.05e-21 |   3.4722 1.0000  0.3080  0.6286 1.000  1.00 | d=1.400000 dl=-1.4936 gf=0.0061 gb=0.0000 x=0.3889
# AMP t=8.00 tp n=1 rho=[1.000 1.000 1.000 1.000] mag=0.00000 | ba n=0 rho=[0.000 0.000 0.000 0.000] mag=0.00000
t=   10.00 +0.00e+00 | 0.0010  1.00      1    0      0      0 | 1.4000  0.00 | 0.00e+00 1.05e-21 |   3.4722 1.0000  0.3080  0.6286 1.000  1.00 | d=1.400000 dl=-1.4936 gf=0.0061 gb=0.0000 x=0.3889
# AMP t=10.00 tp n=1 rho=[1.000 1.000 1.000 1.000] mag=0.00000 | ba n=0 rho=[0.000 0.000 0.000 0.000] mag=0.00000
t=   12.00 +0.00e+00 | 0.0010  1.00      1    0      0      0 | 1.4000  0.00 | 0.00e+00 1.04e-21 |   3.4722 1.0000  0.3080  0.6286 1.000  1.00 | d=1.400000 dl=-1.4936 gf=0.0061 gb=0.0000 x=0.3889
# AMP t=12.00 tp n=1 rho=[1.000 1.000 1.000 1.000] mag=0.00000 | ba n=0 rho=[0.000 0.000 0.000 0.000] mag=0.00000
t=   14.00 +0.00e+00 | 0.0010  1.00      1    0      0      0 | 1.4000  0.00 | 0.00e+00 1.04e-21 |   3.4722 1.0000  0.3080  0.6286 1.000  1.00 | d=1.400000 dl=-1.4936 gf=0.0061 gb=0.0000 x=0.3889
# AMP t=14.00 tp n=1 rho=[1.000 1.000 1.000 1.000] mag=0.00000 | ba n=0 rho=[0.000 0.000 0.000 0.000] mag=0.00000
# QATOM t=15.46 dir=DF w=1.31818182 e=0.241264425096 i=1 Em=2.5000
t=   16.00 +0.00e+00 | 0.0010  1.00      1    0      0      0 | 1.4000  0.00 | 0.00e+00 1.08e-16 |   3.2310 0.9305  0.2787  0.6421 1.000  1.00 | d=1.400000 dl=-1.5670 gf=0.0000 gb=0.0000 x=0.3889
# AMP t=16.00 tp n=1 rho=[1.000 1.000 1.000 1.000] mag=0.00000 | ba n=0 rho=[0.000 0.000 0.000 0.000] mag=0.00000
t=   18.00 +5.31e-16 | 0.0010  1.00      1    0      0      0 | 1.4000  0.00 | 0.00e+00 3.97e-11 |   3.2310 0.9305  0.2787  0.6421 1.000  1.00 | d=1.400000 dl=-1.5670 gf=0.1961 gb=0.0000 x=0.3889
# AMP t=18.00 tp n=1 rho=[0.984 0.984 0.984 0.984] mag=0.00014 | ba n=0 rho=[0.000 0.000 0.000 0.000] mag=0.00000
t=   20.00 +1.06e-15 | 0.0010  1.00      1    0      0      0 | 1.4000  0.00 | 0.00e+00 1.02e-04 |   3.2310 0.9305  0.2794  0.6418 1.000  1.00 | d=1.400000 dl=-1.5664 gf=0.8502 gb=0.0290 x=0.3883
# AMP t=20.00 tp n=1 rho=[0.738 0.738 0.738 0.738] mag=0.00343 | ba n=0 rho=[0.000 0.000 0.000 0.000] mag=0.00000
t=   22.00 +2.12e-15 | 0.0010  1.00      1    0      0      0 | 1.4000  0.00 | 0.00e+00 5.64e-05 |   3.2310 0.9305  0.2771  0.6428 1.000  1.00 | d=1.400000 dl=-1.5686 gf=0.0087 gb=0.9791 x=0.3903
# AMP t=22.00 tp n=1 rho=[0.648 0.648 0.648 0.648] mag=0.01253 | ba n=0 rho=[0.000 0.000 0.000 0.000] mag=0.00000
t=   24.00 +2.12e-15 | 0.0010  1.00      1    0      0      0 | 1.4000  0.00 | 0.00e+00 1.68e-12 |   3.2310 0.9305  0.2689  0.6463 1.000  1.00 | d=1.400000 dl=-1.5772 gf=0.0000 gb=0.1059 x=0.3979
# AMP t=24.00 tp n=1 rho=[0.564 0.564 0.564 0.564] mag=0.04141 | ba n=0 rho=[0.000 0.000 0.000 0.000] mag=0.00000
t=   26.00 +2.48e-15 | 0.0010  1.00      1    0      0      0 | 1.4000  0.00 | 0.00e+00 5.22e-16 |   3.2310 0.9305  0.2686  0.6464 1.000  1.00 | d=1.400000 dl=-1.5774 gf=0.0000 gb=0.0000 x=0.3982
# AMP t=26.00 tp n=1 rho=[0.446 0.446 0.446 0.446] mag=0.04292 | ba n=0 rho=[0.000 0.000 0.000 0.000] mag=0.00000
t=   28.00 +3.19e-15 | 0.0010  1.00      1    0      0      0 | 1.4000  0.00 | 0.00e+00 1.34e-22 |   3.2310 0.9305  0.2686  0.6464 1.000  1.00 | d=1.400000 dl=-1.5774 gf=0.0121 gb=0.0000 x=0.3982
# AMP t=28.00 tp n=1 rho=[0.438 0.438 0.438 0.438] mag=0.04038 | ba n=0 rho=[0.000 0.000 0.000 0.000] mag=0.00000
t=   30.00 +3.36e-15 | 0.0010  1.00      1    0      0      0 | 1.4000  0.00 | 0.00e+00 1.03e-06 |   3.2310 0.9305  0.2688  0.6463 1.000  1.00 | d=1.400000 dl=-1.5772 gf=0.8433 gb=0.0002 x=0.3980
# AMP t=30.00 tp n=1 rho=[0.456 0.456 0.456 0.456] mag=0.03918 | ba n=0 rho=[0.000 0.000 0.000 0.000] mag=0.00000
t=   32.00 +4.07e-15 | 0.0010  1.00      1    0      0      0 | 1.4000  0.00 | 0.00e+00 3.88e-04 |   3.2310 0.9305  0.2694  0.6461 1.000  1.00 | d=1.400000 dl=-1.5767 gf=0.2347 gb=0.3278 x=0.3975
# AMP t=32.00 tp n=1 rho=[0.448 0.448 0.448 0.448] mag=0.04089 | ba n=0 rho=[0.000 0.000 0.000 0.000] mag=0.00000
t=   34.00 +4.42e-15 | 0.0010  1.00      1    0      0      0 | 1.4000  0.00 | 0.00e+00 6.28e-07 |   3.2310 0.9305  0.2615  0.6493 1.000  1.00 | d=1.400000 dl=-1.5845 gf=0.0001 gb=0.7378 x=0.4048
# AMP t=34.00 tp n=1 rho=[0.583 0.583 0.583 0.583] mag=0.06402 | ba n=0 rho=[0.000 0.000 0.000 0.000] mag=0.00000
t=   36.00 +5.13e-15 | 0.0010  1.00      1    0      0      0 | 1.4000  0.00 | 0.00e+00 1.89e-24 |   3.2310 0.9305  0.2579  0.6508 1.000  1.00 | d=1.400000 dl=-1.5881 gf=0.0000 gb=0.0087 x=0.4081
# AMP t=36.00 tp n=1 rho=[0.544 0.544 0.544 0.544] mag=0.07337 | ba n=0 rho=[0.000 0.000 0.000 0.000] mag=0.00000
t=   38.00 +6.02e-15 | 0.0010  1.00      1    0      0      0 | 1.4000  0.00 | 0.00e+00 1.89e-16 |   2.9734 0.8563  0.2194  0.6647 1.000  1.00 | d=1.400000 dl=-1.4626 gf=0.0000 gb=0.0000 x=0.4083
# AMP t=38.00 tp n=1 rho=[0.476 0.476 0.476 0.476] mag=0.07282 | ba n=0 rho=[0.000 0.000 0.000 0.000] mag=0.00000
t=   40.00 +6.90e-15 | 0.0010  1.00      1    0      0      0 | 1.4000  0.00 | 0.00e+00 6.64e-18 |   2.9734 0.8563  0.2194  0.6647 1.000  1.00 | d=1.400000 dl=-1.4626 gf=0.0134 gb=0.0000 x=0.4083
# AMP t=40.00 tp n=1 rho=[0.477 0.477 0.477 0.477] mag=0.06827 | ba n=0 rho=[0.000 0.000 0.000 0.000] mag=0.00000
t=   42.00 +8.14e-15 | 0.0010  1.00      1    0      0      0 | 1.4000  0.00 | 0.00e+00 4.18e-07 |   2.9734 0.8563  0.2198  0.6646 1.000  1.00 | d=1.400000 dl=-1.4623 gf=0.5990 gb=0.0001 x=0.4080
# AMP t=42.00 tp n=1 rho=[0.480 0.480 0.480 0.480] mag=0.06525 | ba n=0 rho=[0.000 0.000 0.000 0.000] mag=0.00000
t=   44.00 +9.02e-15 | 0.0010  1.00      1    0      0      0 | 1.4000  0.00 | 0.00e+00 4.59e-04 |   2.9734 0.8563  0.2232  0.6635 1.000  1.00 | d=1.400000 dl=-1.4597 gf=0.7259 gb=0.0940 x=0.4051
# AMP t=44.00 tp n=1 rho=[0.492 0.492 0.492 0.492] mag=0.06889 | ba n=0 rho=[0.000 0.000 0.000 0.000] mag=0.00000
t=   46.00 +9.73e-15 | 0.0010  1.00      1    0      0      0 | 1.4000  0.00 | 0.00e+00 1.33e-04 |   3.2067 0.9235  0.1530  0.6830 1.000  1.00 | d=1.400000 dl=-1.6527 gf=0.0064 gb=0.9580 x=0.5011
# AMP t=46.00 tp n=1 rho=[0.483 0.483 0.483 0.483] mag=0.07631 | ba n=0 rho=[0.000 0.000 0.000 0.000] mag=0.00000
t=   48.00 +9.73e-15 | 0.0010  1.00      1    0      0      0 | 1.4000  0.00 | 0.00e+00 4.27e-07 |   3.2067 0.9235  0.1228  0.6891 1.000  1.00 | d=1.400000 dl=-1.6676 gf=0.0000 gb=0.6743 x=0.5287
# AMP t=48.00 tp n=1 rho=[0.643 0.643 0.643 0.643] mag=0.11429 | ba n=0 rho=[0.000 0.000 0.000 0.000] mag=0.00000
t=   50.00 +1.04e-14 | 0.0010  1.00      1    0      0      0 | 1.4000  0.00 | 0.00e+00 4.80e-11 |   3.2067 0.9235  0.1052  0.6920 1.000  1.00 | d=1.400000 dl=-1.6749 gf=0.0000 gb=0.1950 x=0.5449
# AMP t=50.00 tp n=1 rho=[0.668 0.668 0.668 0.668] mag=0.12883 | ba n=0 rho=[0.000 0.000 0.000 0.000] mag=0.00000
t=   52.00 +1.06e-14 | 0.0010  1.00      1    0      0      0 | 1.4000  0.00 | 0.00e+00 4.89e-19 |   3.2067 0.9235  0.0969  0.6933 1.000  1.00 | d=1.400000 dl=-1.6779 gf=0.0000 gb=0.0294 x=0.5526
# AMP t=52.00 tp n=1 rho=[0.639 0.639 0.639 0.639] mag=0.14380 | ba n=0 rho=[0.000 0.000 0.000 0.000] mag=0.00000
t=   54.00 +1.11e-14 | 0.0010  1.00      1    0      0      0 | 1.4000  0.00 | 0.00e+00 1.15e-19 |   3.2067 0.9235  0.0962  0.6934 1.000  1.00 | d=1.400000 dl=-1.6781 gf=0.0000 gb=0.0017 x=0.5532
# AMP t=54.00 tp n=1 rho=[0.617 0.617 0.617 0.617] mag=0.13913 | ba n=0 rho=[0.000 0.000 0.000 0.000] mag=0.00000
t=   56.00 +1.15e-14 | 0.0010  1.00      1    0      0      0 | 1.4000  0.00 | 0.00e+00 9.15e-15 |   3.1088 0.8953  0.0771  0.6957 1.000  1.00 | d=1.400000 dl=-1.6225 gf=0.0000 gb=0.0000 x=0.5533
# AMP t=56.00 tp n=1 rho=[0.599 0.599 0.599 0.599] mag=0.13241 | ba n=0 rho=[0.000 0.000 0.000 0.000] mag=0.00000
t=   58.00 +1.26e-14 | 0.0010  1.00      1    0      0      0 | 1.4000  0.00 | 0.00e+00 2.86e-14 |   3.1088 0.8953  0.0771  0.6957 1.000  1.00 | d=1.400000 dl=-1.6226 gf=0.0000 gb=0.0000 x=0.5533
# AMP t=58.00 tp n=1 rho=[0.599 0.599 0.599 0.599] mag=0.12395 | ba n=0 rho=[0.000 0.000 0.000 0.000] mag=0.00000
t=   60.00 +1.29e-14 | 0.0010  1.00      1    0      0      0 | 1.4000  0.00 | 0.00e+00 4.52e-16 |   3.1088 0.8953  0.0771  0.6957 1.000  1.00 | d=1.400000 dl=-1.6226 gf=0.0001 gb=0.0000 x=0.5533
# AMP t=60.00 tp n=1 rho=[0.598 0.598 0.598 0.598] mag=0.11603 | ba n=0 rho=[0.000 0.000 0.000 0.000] mag=0.00000
#
# RESULT drift_rel 1.292e-14
# RESULT births 0 deaths 0 beta_returns 0 beta_energy 0.000000e+00
# RESULT conv rough=0.000000 cond=0.363862 evap=0.000000 backs=0.101978 rad=0.781831
# RESULT credit qcnvD=0.076439 qcnvF=0.121143
# RESULT amp tp n=1 rho=[0.5985 0.5985 0.5985 0.5985] mag=0.116025 | ba n=0 rho=[0.0000 0.0000 0.0000 0.0000] mag=0.000000
# RESULT geometry phi_nom=0.0010 z_live=1.00 dbar=1.4000 sigma_d=0.0000
# RESULT pair d_final=1.400000 d_star_seed=1.906622 d_star_live=1.887395 off_live=-0.487395 Em_i=1.38320 Em_j=1.72563
# RESULT pairflux dep_ij=1.771646e-02 dep_ji=1.954489e-01 lem_ij=3.446907e-06 lem_ji=8.055770e-11
