# cellfab — v89 cell-fabric kernel (no lattice, no prior code)
# cfg seed=20260727 mode=field init=pulse
# cfg L=24 dmin=1 r0=0.85 rjit=0.06
# cfg C=1 w1=1.65 w2=2.9 q_detune=1.2 gamma_res=0.25 gamma_res_m=0.1 p_gate=8
# cfg lock_floor=0.005
# cfg k_dep=1.2 k_dep_m=2 cap=2.5 e_s0=1 es_floor=0.05
# cfg e_cond=0 f_conv=0.25 f_evap=0.5 s_pull=0.15
# cfg kappa_lock=1 kappa_align=0.5 kappa_freq=0 kappa_reac=0 sigma_tumble=0.01
# cfg space: s_k=0.15 s_disp=0.3 es_gx=0
# cfg dt=0.02 T=60 diag_every=100 snap_every=0
# cfg center=(-1,-1,-1) amp=2.6 sigma=2.5 k=(0,0,0) prealign=0 noise_amp=0
# cfg music: comb_limit=6 rough_k=0.35 gamma_rough=0.5 mob_sym=1 mob_floor=0.004
# cfg field sector: two-component signed amplitude, unitary hops, field_J=1.8
# cfg ledger: mode=3 u=1.000e-12 (cellfabi INT_LEDGER)
# action atom: A0=1.1500 (dbar=1.5053) mode=2 — eps(w)=A0*w/2pi; atoms at mode boundaries, transport continuous
# edge coloring: 29 colors for 85886 links
# fabric: cells=9741 channels=85886 mean_degree=17.63 box=24 dmin=1
# LEDGER seed mode=3 u=1.000e-12 E0_int=10161180654812873 NC=9741 NL=85886
# LEDGER seed mode=3 u=1.000e-12 E0_int=10161180654812873 NC=9741 NL=85886
# t	E_space	E_dense	E_field	E_transfer	E_total	rel_drift	live_ch	cm_x	cm_y	cm_z	contain	front_r	r_core	defA	r_far	r_ratio	w_core	w_far
0.000	9741	0	420.180655	0	10161.1806548	0.000e+00	57687	0.000	0.000	0.000	0.000	6.1157	0.8443	0	0.8499	0.9934	1.65000	1.65000	12.0199	11.9892	11.9882	0	0	0	0	0	0
# CONV t=0.00 cond=0 evap=0 rough=0 back_s=0
# LEDGER t=0.000 mode=3 sum_err=0 max|E-iEu|=4.998e-13 run_max_diff=0.000e+00 run_max_sum_err=0 steps=0 E0_int=10161180654812873 sum=10161180654812873
2.000	9741	0	420.180655	0	10161.1806548	7.519e-15	57704	0.000	0.000	0.000	0.000	6.7227	0.8201	5.3483	0.8499	0.9650	1.65000	1.65000	12.0194	11.9884	11.9850	0	0	0	6.9447	0.24418	-5.5805
# CONV t=2.00 cond=0 evap=0 rough=0 back_s=0
# LEDGER t=2.000 mode=3 sum_err=0 max|E-iEu|=5.000e-13 run_max_diff=1.497e-12 run_max_sum_err=0 steps=100 E0_int=10161180654812873 sum=10161180654812873
4.000	9741	0	420.180655	0	10161.1806548	0.000e+00	57699	0.000	0.000	0.000	0.000	6.8415	0.8039	5.5573	0.8499	0.9459	1.65000	1.65000	12.0253	11.9874	11.9831	0	0	0	4.3507	-1.1388	-4.3755
# CONV t=4.00 cond=0 evap=0 rough=0 back_s=0
# LEDGER t=4.000 mode=3 sum_err=0 max|E-iEu|=5.000e-13 run_max_diff=1.498e-12 run_max_sum_err=0 steps=200 E0_int=10161180654812873 sum=10161180654812873
# QATOM t=5.06 dir=FD w=1.65 e=0.301996504517
6.000	9740.6376	2.77190239	417.764685	0.00646276552	10161.1806548	1.790e-16	57710	11.896	12.126	12.065	1.000	6.8401	0.7902	7.2715	0.8499	0.9297	1.61711	1.65000	12.0316	11.9894	11.9784	0.0018017	0.0014597	-0.0014551	7.7534	3.5214	-4.0868
# CONV t=6.00 cond=2.41597 evap=0 rough=0 back_s=0
# LEDGER t=6.000 mode=3 sum_err=0 max|E-iEu|=5.000e-13 run_max_diff=1.499e-12 run_max_sum_err=0 steps=300 E0_int=10161180654812873 sum=10161180654812873
8.000	9739.77695	9.08325321	412.026996	0.29345499	10161.1806548	3.222e-15	57710	11.772	12.124	11.679	1.000	7.1351	0.7854	13.15	0.8500	0.9240	1.55145	1.65000	12.0409	11.9857	11.9766	-0.022467	0.0081299	-0.0072671	7.8792	-3.6937	-5.3475
# CONV t=8.00 cond=8.15366 evap=0 rough=0 back_s=0
# LEDGER t=8.000 mode=3 sum_err=0 max|E-iEu|=4.998e-13 run_max_diff=1.499e-12 run_max_sum_err=0 steps=400 E0_int=10161180654812873 sum=10161180654812873
10.000	9739.18807	13.2536698	408.101128	0.637786397	10161.1806548	3.938e-15	57716	11.853	11.925	11.938	1.000	7.1345	0.7844	19.143	0.8501	0.9227	1.51448	1.65000	12.0537	11.9888	11.9687	0.017833	-0.011768	0.01575	15.063	-4.9154	-7.6506
# CONV t=10.00 cond=12.0795 evap=0 rough=0 back_s=0
# LEDGER t=10.000 mode=3 sum_err=0 max|E-iEu|=5.000e-13 run_max_diff=1.499e-12 run_max_sum_err=0 steps=500 E0_int=10161180654812873 sum=10161180654812873
# QATOM t=10.28 dir=FD w=1.64997532 e=0.301991988204
12.000	9736.80453	30.5322	392.210858	1.63306593	10161.1806548	7.161e-16	57689	12.109	12.004	12.001	1.000	7.5288	0.7881	41.42	0.8501	0.9270	1.49888	1.65000	12.0566	11.9843	11.9576	0.20812	0.11675	0.024876	14.144	-2.9425	-5.5542
# CONV t=12.00 cond=27.9698 evap=0 rough=0 back_s=0
# LEDGER t=12.000 mode=3 sum_err=0 max|E-iEu|=5.000e-13 run_max_diff=1.500e-12 run_max_sum_err=0 steps=600 E0_int=10161180654812873 sum=10161180654812873
# QATOM t=12.14 dir=FD w=1.64986147 e=0.301971149937
# QATOM t=13.84 dir=FD w=1.64910287 e=0.301832304105
14.000	9734.05363	49.887431	373.871548	3.3680418	10161.1806548	-2.327e-15	57685	12.136	12.150	11.848	1.000	8.0456	0.7887	68.395	0.8502	0.9277	1.44638	1.65000	12.0622	11.9612	11.9740	-0.087848	0.064022	-0.043842	10.371	-4.8931	-1.6635
# CONV t=14.00 cond=46.3091 evap=0 rough=0 back_s=0
# LEDGER t=14.000 mode=3 sum_err=0 max|E-iEu|=5.000e-13 run_max_diff=1.500e-12 run_max_sum_err=0 steps=700 E0_int=10161180654812873 sum=10161180654812873
16.000	9733.28429	54.3977688	368.742619	4.75597286	10161.1806548	3.401e-15	57677	12.099	12.309	11.872	1.000	8.5700	0.7906	79.966	0.8504	0.9298	1.44067	1.65000	12.0764	11.9391	11.9692	0.16885	-0.10512	-1.18e-05	15.059	-7.7251	3.8271
# CONV t=16.00 cond=51.438 evap=0 rough=0 back_s=0
# LEDGER t=16.000 mode=3 sum_err=0 max|E-iEu|=5.000e-13 run_max_diff=1.500e-12 run_max_sum_err=0 steps=800 E0_int=10161180654812873 sum=10161180654812873
18.000	9732.84036	56.9396936	365.783028	5.61757724	10161.1806548	1.790e-16	57683	12.086	12.351	11.846	1.000	8.8153	0.7922	87.894	0.8505	0.9314	1.43820	1.65000	12.0967	11.9265	11.9758	-0.29564	-0.019396	0.25118	10.297	-4.1067	7.029
# CONV t=18.00 cond=54.3976 evap=0 rough=0 back_s=0
# LEDGER t=18.000 mode=3 sum_err=0 max|E-iEu|=4.998e-13 run_max_diff=1.500e-12 run_max_sum_err=0 steps=900 E0_int=10161180654812873 sum=10161180654812873
20.000	9732.79509	56.1678054	365.481278	6.73647814	10161.1806548	8.951e-16	57683	12.082	12.345	11.823	1.000	9.8765	0.7941	92.17	0.8507	0.9335	1.43683	1.65000	12.1048	11.9278	11.9830	-0.36848	0.23506	0.048995	10.558	-0.30814	7.0303
# CONV t=20.00 cond=54.6994 evap=0 rough=0 back_s=0
# LEDGER t=20.000 mode=3 sum_err=0 max|E-iEu|=4.999e-13 run_max_diff=1.500e-12 run_max_sum_err=0 steps=1000 E0_int=10161180654812873 sum=10161180654812873
22.000	9732.70451	56.9096361	364.877374	6.68913689	10161.1806548	6.086e-15	57664	12.041	12.319	11.848	0.999	9.7151	0.7962	97.652	0.8509	0.9358	1.44106	1.65000	12.1190	11.9309	11.9825	0.14149	-0.10466	0.0092878	12.381	-0.21715	6.1083
# CONV t=22.00 cond=55.3033 evap=0 rough=0 back_s=0
# LEDGER t=22.000 mode=3 sum_err=0 max|E-iEu|=5.000e-13 run_max_diff=1.500e-12 run_max_sum_err=0 steps=1100 E0_int=10161180654812873 sum=10161180654812873
24.000	9732.70451	56.3068339	364.877374	7.2919391	10161.1806548	2.864e-15	57669	12.084	12.335	11.848	0.999	11.8112	0.7989	100.25	0.8509	0.9389	1.43877	1.65000	12.1305	11.9315	11.9855	0.026447	-0.12081	0.072058	9.4821	-3.7744	8.4275
# CONV t=24.00 cond=55.3033 evap=0 rough=0 back_s=0
# LEDGER t=24.000 mode=3 sum_err=0 max|E-iEu|=5.000e-13 run_max_diff=1.500e-12 run_max_sum_err=0 steps=1200 E0_int=10161180654812873 sum=10161180654812873
26.000	9732.70451	56.0616643	364.877374	7.53710869	10161.1806548	2.327e-15	57660	12.049	12.322	11.861	0.999	12.7491	0.8008	102.24	0.8510	0.9410	1.43631	1.65000	12.1431	11.9272	11.9922	-0.06124	0.035577	0.040059	12.184	-3.8223	10.577
# CONV t=26.00 cond=55.3033 evap=0 rough=0 back_s=0
# LEDGER t=26.000 mode=3 sum_err=0 max|E-iEu|=4.999e-13 run_max_diff=1.500e-12 run_max_sum_err=0 steps=1300 E0_int=10161180654812873 sum=10161180654812873
28.000	9732.70451	56.8830702	364.877374	6.71570284	10161.1806548	8.951e-16	57671	12.009	12.325	11.847	0.998	13.0434	0.8019	102.68	0.8510	0.9423	1.43469	1.65000	12.1552	11.9261	12.0053	0.026226	0.020406	-0.15805	13.823	-3.0302	17.477
# CONV t=28.00 cond=55.3033 evap=0 rough=0 back_s=0
# LEDGER t=28.000 mode=3 sum_err=0 max|E-iEu|=5.000e-13 run_max_diff=1.500e-12 run_max_sum_err=0 steps=1400 E0_int=10161180654812873 sum=10161180654812873
30.000	9732.70451	55.0475394	364.877374	8.55123357	10161.1806548	0.000e+00	57673	12.075	12.332	11.845	0.998	13.4221	0.8032	101.28	0.8510	0.9439	1.43747	1.65000	12.1665	11.9183	12.0202	-0.12284	0.24202	0.13336	9.4785	-9.801	14.247
# CONV t=30.00 cond=55.3033 evap=0 rough=0 back_s=0
# LEDGER t=30.000 mode=3 sum_err=0 max|E-iEu|=4.998e-13 run_max_diff=1.500e-12 run_max_sum_err=0 steps=1500 E0_int=10161180654812873 sum=10161180654812873
32.000	9732.70451	55.8452541	364.877374	7.75351885	10161.1806548	3.401e-15	57647	12.061	12.361	11.872	0.998	13.8315	0.8049	99.931	0.8509	0.9459	1.44125	1.65000	12.1747	11.9079	12.0339	0.039865	0.17564	0.15377	6.3854	-10.842	14.605
# CONV t=32.00 cond=55.3033 evap=0 rough=0 back_s=0
# LEDGER t=32.000 mode=3 sum_err=0 max|E-iEu|=4.999e-13 run_max_diff=1.500e-12 run_max_sum_err=0 steps=1600 E0_int=10161180654812873 sum=10161180654812873
34.000	9732.70451	53.7297014	364.877374	9.86907163	10161.1806548	-1.969e-15	57652	12.058	12.355	11.860	0.997	16.4282	0.8063	97.191	0.8508	0.9476	1.43933	1.65000	12.1801	11.8925	12.0517	-0.0010905	-0.36588	0.3556	4.5096	-18.644	19.22
# CONV t=34.00 cond=55.3033 evap=0 rough=0 back_s=0
# LEDGER t=34.000 mode=3 sum_err=0 max|E-iEu|=5.000e-13 run_max_diff=1.500e-12 run_max_sum_err=0 steps=1700 E0_int=10161180654812873 sum=10161180654812873
36.000	9732.70451	55.0330776	364.877374	8.56569542	10161.1806548	3.759e-15	57660	12.087	12.376	11.874	0.997	17.2604	0.8071	95.16	0.8508	0.9486	1.43735	1.65000	12.1802	11.8718	12.0710	-0.037715	0.25909	-0.2089	1.17	-19.986	16.684
# CONV t=36.00 cond=55.3033 evap=0 rough=0 back_s=0
# LEDGER t=36.000 mode=3 sum_err=0 max|E-iEu|=4.999e-13 run_max_diff=1.500e-12 run_max_sum_err=0 steps=1800 E0_int=10161180654812873 sum=10161180654812873
38.000	9732.70451	54.2741785	364.877374	9.32459448	10161.1806548	3.043e-15	57650	12.041	12.383	11.835	0.996	19.3475	0.8078	93.526	0.8507	0.9495	1.43172	1.64999	12.1829	11.8512	12.0871	-0.29032	0.063793	-0.20556	3.9037	-22.225	13.566
# CONV t=38.00 cond=55.3033 evap=0 rough=0 back_s=0
# LEDGER t=38.000 mode=3 sum_err=0 max|E-iEu|=5.000e-13 run_max_diff=1.500e-12 run_max_sum_err=0 steps=1900 E0_int=10161180654812873 sum=10161180654812873
40.000	9732.70451	54.868081	364.877374	8.73069203	10161.1806548	3.580e-15	57641	12.052	12.372	11.828	0.996	20.3613	0.8083	90.998	0.8507	0.9502	1.43168	1.64999	12.1868	11.8248	12.1005	-0.080264	0.07901	0.41055	5.3667	-25.48	12.846
# CONV t=40.00 cond=55.3033 evap=0 rough=0 back_s=0
# LEDGER t=40.000 mode=3 sum_err=0 max|E-iEu|=4.999e-13 run_max_diff=1.500e-12 run_max_sum_err=0 steps=2000 E0_int=10161180654812873 sum=10161180654812873
42.000	9732.70451	54.8454753	364.877374	8.75329766	10161.1806548	2.506e-15	57658	12.092	12.360	11.860	0.995	20.3613	0.8087	89.279	0.8506	0.9507	1.43345	1.64999	12.1910	11.7993	12.1107	-0.10637	-0.083163	-0.17789	4.3249	-22.01	8.6096
# CONV t=42.00 cond=55.3033 evap=0 rough=0 back_s=0
# LEDGER t=42.000 mode=3 sum_err=0 max|E-iEu|=5.000e-13 run_max_diff=1.500e-12 run_max_sum_err=0 steps=2100 E0_int=10161180654812873 sum=10161180654812873
44.000	9732.70451	53.739911	364.877374	9.85886196	10161.1806548	-7.161e-16	57674	12.028	12.363	11.816	0.995	20.3613	0.8098	88.704	0.8506	0.9521	1.43634	1.64999	12.1928	11.7803	12.1205	-0.081163	-0.074909	-0.65945	-1.4784	-15.592	9.8575
# CONV t=44.00 cond=55.3033 evap=0 rough=0 back_s=0
# LEDGER t=44.000 mode=3 sum_err=0 max|E-iEu|=4.999e-13 run_max_diff=1.500e-12 run_max_sum_err=0 steps=2200 E0_int=10161180654812873 sum=10161180654812873
46.000	9732.70451	54.3343649	364.877374	9.26440811	10161.1806548	2.148e-15	57662	12.113	12.374	11.771	0.994	20.3613	0.8100	87.846	0.8506	0.9523	1.43297	1.64999	12.1896	11.7630	12.1245	-0.048536	0.00119	0.51237	-2.1524	-15.551	0.52185
# CONV t=46.00 cond=55.3033 evap=0 rough=0 back_s=0
# LEDGER t=46.000 mode=3 sum_err=0 max|E-iEu|=5.000e-13 run_max_diff=1.500e-12 run_max_sum_err=0 steps=2300 E0_int=10161180654812873 sum=10161180654812873
48.000	9732.70451	54.0235405	364.877374	9.57523245	10161.1806548	2.864e-15	57659	12.102	12.410	11.847	0.994	20.3613	0.8102	87.094	0.8506	0.9526	1.43163	1.64998	12.1856	11.7500	12.1239	-0.3151	0.21613	-0.019611	-7.6368	-9.2486	0.37456
# CONV t=48.00 cond=55.3033 evap=0 rough=0 back_s=0
# LEDGER t=48.000 mode=3 sum_err=0 max|E-iEu|=5.000e-13 run_max_diff=1.500e-12 run_max_sum_err=0 steps=2400 E0_int=10161180654812873 sum=10161180654812873
50.000	9732.70451	54.6031699	364.877374	8.99560312	10161.1806548	-1.790e-16	57668	12.089	12.414	11.822	0.993	20.6855	0.8110	86.658	0.8505	0.9535	1.43885	1.64998	12.1713	11.7413	12.1234	0.26634	0.070416	-0.16287	-15.391	-9.7379	-0.35661
# CONV t=50.00 cond=55.3033 evap=0 rough=0 back_s=0
# LEDGER t=50.000 mode=3 sum_err=0 max|E-iEu|=5.000e-13 run_max_diff=1.500e-12 run_max_sum_err=0 steps=2500 E0_int=10161180654812873 sum=10161180654812873
52.000	9732.65921	55.2289047	364.575377	8.71716431	10161.1806548	-3.580e-16	57655	12.150	12.345	11.750	0.988	20.3613	0.8119	88.287	0.8505	0.9546	1.43798	1.64994	12.1456	11.7430	12.1323	0.32425	-0.13316	-0.17272	-15.428	-4.9775	2.0248
# CONV t=52.00 cond=55.6053 evap=0 rough=0 back_s=0
# LEDGER t=52.000 mode=3 sum_err=0 max|E-iEu|=4.999e-13 run_max_diff=1.500e-12 run_max_sum_err=0 steps=2600 E0_int=10161180654812873 sum=10161180654812873
54.000	9732.43271	55.3288345	363.065397	10.3537116	10161.1806548	-8.951e-16	57650	12.196	12.560	11.894	0.955	20.3613	0.8127	90.468	0.8505	0.9555	1.44418	1.64977	12.1303	11.7062	12.1175	0.26524	-0.068373	-0.066208	-14.763	-6.9206	1.0385
# CONV t=54.00 cond=57.1153 evap=0 rough=0 back_s=0
# LEDGER t=54.000 mode=3 sum_err=0 max|E-iEu|=5.000e-13 run_max_diff=1.500e-12 run_max_sum_err=0 steps=2700 E0_int=10161180654812873 sum=10161180654812873
56.000	9732.11563	58.2159276	360.951495	9.89760655	10161.1806548	3.222e-15	57651	12.106	12.372	12.013	0.916	20.3613	0.8135	93.173	0.8504	0.9565	1.44797	1.64953	12.1207	11.7137	12.1003	0.15759	0.18954	0.21333	-18.282	-7.0716	0.28377
# CONV t=56.00 cond=59.2292 evap=0 rough=0 back_s=0
# LEDGER t=56.000 mode=3 sum_err=0 max|E-iEu|=5.000e-13 run_max_diff=1.500e-12 run_max_sum_err=0 steps=2800 E0_int=10161180654812873 sum=10161180654812873
# QATOM t=57.70 dir=FD w=1.64986562 e=0.301971908865
58.000	9731.93443	59.3468697	359.743545	10.1558068	10161.1806548	2.685e-15	57645	12.117	12.228	12.037	0.895	20.3613	0.8132	94.151	0.8504	0.9562	1.43742	1.64939	12.0906	11.7209	12.1067	-0.25903	-0.1504	-0.16604	-19.715	-4.2696	3.4124
# CONV t=58.00 cond=60.4371 evap=0 rough=0 back_s=0
# LEDGER t=58.000 mode=3 sum_err=0 max|E-iEu|=5.000e-13 run_max_diff=1.500e-12 run_max_sum_err=0 steps=2900 E0_int=10161180654812873 sum=10161180654812873
60.000	9731.57204	61.8538948	357.327615	10.4271004	10161.1806548	1.790e-16	57632	12.305	12.245	12.155	0.855	20.3613	0.8125	93.398	0.8504	0.9555	1.43424	1.64912	12.0389	11.7143	12.0949	-0.09364	0.16534	0.35438	-18.852	0.079052	4.9761
# CONV t=60.00 cond=62.853 evap=0 rough=0 back_s=0
# LEDGER t=60.000 mode=3 sum_err=0 max|E-iEu|=5.000e-13 run_max_diff=1.500e-12 run_max_sum_err=0 steps=3000 E0_int=10161180654812873 sum=10161180654812873
# RESULT es_shells 0.75:0.9107 2.25:0.9012 3.75:0.9367 5.25:0.9847 6.75:0.9989 8.25:1.0017 9.75:1.0015 11.25:1.0018
# RESULT LEDGER mode=3 E0_int=10161180654812873 sum_int=10161180654812873 max_sum_err=0 max|E-iEu|=1.500e-12 steps=3000
# RESULT conservation E0=10161.1806548 Efinal=10161.1806548 rel_drift=1.790e-16
# RESULT roughness_radiated=0 (dissonant dense deliveries converted to field, conserved)
# RESULT curvature_fit defA_per_Em=1.63287 r2=0.9690 (linear defect ~ converted energy)
